OpenJDK 64-Bit Server VM (25.292-b10) for linux-amd64 JRE (1.8.0_292-b10), built on Apr 21 2021 14:24:48 by "mockbuild" with gcc 4.8.5 20150623 (Red Hat 4.8.5-44)
Memory: 4k page, physical 16266588k(10402164k free), swap 0k(0k free)
CommandLine flags: -XX:CompressedClassSpaceSize=327155712 -XX:GCLogFileSize=104857600 -XX:+HeapDumpOnOutOfMemoryError -XX:HeapDumpPath=/home/nacos/logs/java_heapdump.hprof -XX:InitialHeapSize=1073741824 -XX:MaxHeapSize=1073741824 -XX:MaxMetaspaceSize=335544320 -XX:MaxNewSize=536870912 -XX:MetaspaceSize=134217728 -XX:NewSize=536870912 -XX:NumberOfGCLogFiles=10 -XX:-OmitStackTraceInFastThrow -XX:+PrintGC -XX:+PrintGCDateStamps -XX:+PrintGCDetails -XX:+PrintGCTimeStamps -XX:+UseCompressedClassPointers -XX:+UseCompressedOops -XX:+UseGCLogFileRotation -XX:-UseLargePages -XX:+UseParallelGC 
2021-05-14T09:30:54.037+0800: 5.717: [GC (Allocation Failure) [PSYoungGen: 393216K->14853K(458752K)] 393216K->14933K(983040K), 0.1392033 secs] [Times: user=0.09 sys=0.01, real=0.14 secs] 
2021-05-14T09:30:58.789+0800: 10.469: [GC (Allocation Failure) [PSYoungGen: 408069K->17160K(458752K)] 408149K->17248K(983040K), 0.1190049 secs] [Times: user=0.09 sys=0.01, real=0.12 secs] 
2021-05-14T09:31:02.733+0800: 14.413: [GC (Allocation Failure) [PSYoungGen: 410376K->33567K(458752K)] 410464K->33663K(983040K), 0.3100516 secs] [Times: user=0.34 sys=0.01, real=0.31 secs] 
2021-05-14T09:31:06.778+0800: 18.458: [GC (Allocation Failure) [PSYoungGen: 426783K->56170K(458752K)] 426879K->56274K(983040K), 0.3344816 secs] [Times: user=0.36 sys=0.03, real=0.34 secs] 
2021-05-14T09:31:10.775+0800: 22.455: [GC (Allocation Failure) [PSYoungGen: 449386K->54618K(448000K)] 449490K->54730K(972288K), 0.3081499 secs] [Times: user=0.42 sys=0.01, real=0.31 secs] 
2021-05-14T09:31:15.947+0800: 27.627: [GC (Allocation Failure) [PSYoungGen: 447834K->44549K(454144K)] 447946K->44669K(978432K), 0.1187809 secs] [Times: user=0.14 sys=0.00, real=0.12 secs] 
2021-05-14T09:31:20.775+0800: 32.454: [GC (Allocation Failure) [PSYoungGen: 428549K->36140K(454144K)] 428669K->48108K(978432K), 0.1212474 secs] [Times: user=0.18 sys=0.01, real=0.12 secs] 
2021-05-14T09:31:29.928+0800: 41.608: [GC (Allocation Failure) [PSYoungGen: 420140K->35963K(462336K)] 432108K->63210K(986624K), 0.2724719 secs] [Times: user=0.19 sys=0.01, real=0.27 secs] 
2021-05-14T09:31:36.543+0800: 48.222: [GC (Allocation Failure) [PSYoungGen: 432763K->39617K(458752K)] 460010K->75553K(983040K), 0.2627026 secs] [Times: user=0.31 sys=0.00, real=0.26 secs] 
2021-05-14T09:31:42.957+0800: 54.637: [GC (Allocation Failure) [PSYoungGen: 436417K->41489K(464384K)] 472353K->94797K(988672K), 0.1592612 secs] [Times: user=0.15 sys=0.01, real=0.16 secs] 
2021-05-14T09:34:40.979+0800: 232.658: [GC (Allocation Failure) [PSYoungGen: 445457K->32514K(463872K)] 498765K->118472K(988160K), 0.0873380 secs] [Times: user=0.23 sys=0.03, real=0.09 secs] 
2021-05-14T09:40:12.197+0800: 563.877: [GC (Allocation Failure) [PSYoungGen: 436482K->11624K(460800K)] 522440K->125226K(985088K), 0.0542831 secs] [Times: user=0.12 sys=0.04, real=0.05 secs] 
2021-05-14T09:43:17.254+0800: 748.933: [GC (Allocation Failure) [PSYoungGen: 414056K->12136K(414720K)] 527658K->134574K(939008K), 0.0409357 secs] [Times: user=0.09 sys=0.01, real=0.04 secs] 
2021-05-14T09:46:27.350+0800: 939.029: [GC (Allocation Failure) [PSYoungGen: 414568K->9280K(460288K)] 537006K->142172K(984576K), 0.0224405 secs] [Times: user=0.06 sys=0.01, real=0.03 secs] 
2021-05-14T09:49:42.216+0800: 1133.895: [GC (Allocation Failure) [PSYoungGen: 407616K->7808K(406528K)] 540508K->148992K(930816K), 0.0174935 secs] [Times: user=0.05 sys=0.01, real=0.02 secs] 
2021-05-14T09:52:57.487+0800: 1329.167: [GC (Allocation Failure) [PSYoungGen: 406144K->3712K(459776K)] 547328K->151961K(984064K), 0.0235926 secs] [Times: user=0.06 sys=0.00, real=0.02 secs] 
2021-05-14T09:56:03.342+0800: 1515.021: [GC (Allocation Failure) [PSYoungGen: 400000K->5984K(460288K)] 548249K->156918K(984576K), 0.0205758 secs] [Times: user=0.06 sys=0.00, real=0.03 secs] 
2021-05-14T09:58:53.211+0800: 1684.891: [GC (Allocation Failure) [PSYoungGen: 402272K->6240K(462336K)] 553206K->161491K(986624K), 0.0244765 secs] [Times: user=0.05 sys=0.01, real=0.03 secs] 
2021-05-14T10:01:28.836+0800: 1840.516: [GC (Allocation Failure) [PSYoungGen: 405088K->5984K(460800K)] 560339K->165755K(985088K), 0.0220466 secs] [Times: user=0.05 sys=0.00, real=0.02 secs] 
2021-05-14T10:04:03.931+0800: 1995.610: [GC (Allocation Failure) [PSYoungGen: 404832K->11136K(465920K)] 564603K->175540K(990208K), 0.0246393 secs] [Times: user=0.06 sys=0.00, real=0.03 secs] 
2021-05-14T10:06:43.577+0800: 2155.256: [GC (Allocation Failure) [PSYoungGen: 416128K->10752K(463360K)] 580532K->183506K(987648K), 0.0255201 secs] [Times: user=0.06 sys=0.01, real=0.03 secs] 
2021-05-14T10:09:19.406+0800: 2311.086: [GC (Allocation Failure) [PSYoungGen: 415744K->4976K(470016K)] 588498K->186553K(994304K), 0.0247099 secs] [Times: user=0.05 sys=0.02, real=0.02 secs] 
2021-05-14T10:11:55.065+0800: 2466.745: [GC (Allocation Failure) [PSYoungGen: 419184K->4568K(468480K)] 600761K->190364K(992768K), 0.0267334 secs] [Times: user=0.06 sys=0.01, real=0.02 secs] 
2021-05-14T10:14:30.697+0800: 2622.376: [GC (Allocation Failure) [PSYoungGen: 418776K->2048K(473088K)] 604572K->191289K(997376K), 0.0177835 secs] [Times: user=0.05 sys=0.00, real=0.02 secs] 
2021-05-14T10:17:07.020+0800: 2778.700: [GC (Allocation Failure) [PSYoungGen: 422400K->1920K(471552K)] 611641K->192009K(995840K), 0.0259680 secs] [Times: user=0.06 sys=0.00, real=0.03 secs] 
2021-05-14T10:19:40.450+0800: 2932.129: [GC (Allocation Failure) [PSYoungGen: 422272K->2656K(476160K)] 612361K->193529K(1000448K), 0.0178771 secs] [Times: user=0.04 sys=0.01, real=0.02 secs] 
2021-05-14T10:22:21.665+0800: 3093.345: [GC (Allocation Failure) [PSYoungGen: 429152K->1792K(474624K)] 620025K->194216K(998912K), 0.0173778 secs] [Times: user=0.05 sys=0.00, real=0.02 secs] 
2021-05-14T10:25:07.956+0800: 3259.636: [GC (Allocation Failure) [PSYoungGen: 428288K->2880K(480256K)] 620712K->195936K(1004544K), 0.0252632 secs] [Times: user=0.05 sys=0.01, real=0.02 secs] 
2021-05-14T10:28:01.140+0800: 3432.819: [GC (Allocation Failure) [PSYoungGen: 437056K->2176K(478208K)] 630112K->197102K(1002496K), 0.0169898 secs] [Times: user=0.04 sys=0.00, real=0.02 secs] 
2021-05-14T10:30:51.403+0800: 3603.082: [GC (Allocation Failure) [PSYoungGen: 436352K->3104K(484352K)] 631278K->199165K(1008640K), 0.0209599 secs] [Times: user=0.04 sys=0.01, real=0.02 secs] 
2021-05-14T10:33:42.610+0800: 3774.290: [GC (Allocation Failure) [PSYoungGen: 445472K->4672K(482304K)] 641533K->202723K(1006592K), 0.0233219 secs] [Times: user=0.06 sys=0.00, real=0.03 secs] 
2021-05-14T10:36:33.501+0800: 3945.180: [GC (Allocation Failure) [PSYoungGen: 447040K->2688K(488448K)] 645091K->204121K(1012736K), 0.0272186 secs] [Times: user=0.06 sys=0.01, real=0.03 secs] 
2021-05-14T10:39:27.530+0800: 4119.210: [GC (Allocation Failure) [PSYoungGen: 453760K->2880K(486912K)] 655193K->206015K(1011200K), 0.0199540 secs] [Times: user=0.05 sys=0.01, real=0.02 secs] 
2021-05-14T10:42:23.614+0800: 4295.293: [GC (Allocation Failure) [PSYoungGen: 453952K->3040K(492544K)] 657087K->208078K(1016832K), 0.0206180 secs] [Times: user=0.05 sys=0.00, real=0.02 secs] 
2021-05-14T10:45:22.806+0800: 4474.485: [GC (Allocation Failure) [PSYoungGen: 461792K->3864K(490496K)] 666830K->210972K(1014784K), 0.0216663 secs] [Times: user=0.07 sys=0.00, real=0.02 secs] 
2021-05-14T10:48:21.122+0800: 4652.801: [GC (Allocation Failure) [PSYoungGen: 462616K->2656K(496128K)] 669724K->212243K(1020416K), 0.0204441 secs] [Times: user=0.05 sys=0.01, real=0.03 secs] 
2021-05-14T10:51:23.724+0800: 4835.404: [GC (Allocation Failure) [PSYoungGen: 469088K->2016K(494592K)] 678675K->213257K(1018880K), 0.0202753 secs] [Times: user=0.05 sys=0.00, real=0.02 secs] 
2021-05-14T10:54:25.789+0800: 5017.468: [GC (Allocation Failure) [PSYoungGen: 468448K->2592K(499200K)] 679689K->214809K(1023488K), 0.0184969 secs] [Times: user=0.05 sys=0.00, real=0.02 secs] 
2021-05-14T10:57:31.510+0800: 5203.190: [GC (Allocation Failure) [PSYoungGen: 475168K->2624K(497664K)] 687385K->216304K(1021952K), 0.0195022 secs] [Times: user=0.05 sys=0.01, real=0.02 secs] 
2021-05-14T11:00:35.134+0800: 5386.814: [GC (Allocation Failure) [PSYoungGen: 475200K->1824K(501760K)] 688880K->217102K(1026048K), 0.0186856 secs] [Times: user=0.05 sys=0.01, real=0.02 secs] 
2021-05-14T11:03:40.108+0800: 5571.787: [GC (Allocation Failure) [PSYoungGen: 480032K->2400K(500736K)] 695310K->218406K(1025024K), 0.0181594 secs] [Times: user=0.06 sys=0.00, real=0.02 secs] 
2021-05-14T11:06:45.906+0800: 5757.586: [GC (Allocation Failure) [PSYoungGen: 480608K->2048K(504320K)] 696614K->219485K(1028608K), 0.0174825 secs] [Times: user=0.05 sys=0.00, real=0.02 secs] 
2021-05-14T11:09:53.297+0800: 5944.976: [GC (Allocation Failure) [PSYoungGen: 485376K->3168K(503296K)] 702813K->221517K(1027584K), 0.0186489 secs] [Times: user=0.06 sys=0.00, real=0.02 secs] 
2021-05-14T11:12:57.154+0800: 6128.833: [GC (Allocation Failure) [PSYoungGen: 486496K->3808K(506880K)] 704845K->224235K(1031168K), 0.0184082 secs] [Times: user=0.05 sys=0.01, real=0.02 secs] 
2021-05-14T11:16:05.682+0800: 6317.362: [GC (Allocation Failure) [PSYoungGen: 492256K->3456K(505856K)] 712683K->226840K(1030144K), 0.0209887 secs] [Times: user=0.05 sys=0.01, real=0.02 secs] 
2021-05-14T11:19:14.949+0800: 6506.629: [GC (Allocation Failure) [PSYoungGen: 491904K->2336K(508928K)] 715288K->228294K(1033216K), 0.0194430 secs] [Times: user=0.06 sys=0.00, real=0.02 secs] 
2021-05-14T11:22:26.486+0800: 6698.166: [GC (Allocation Failure) [PSYoungGen: 494880K->2208K(507904K)] 720838K->229341K(1032192K), 0.0173636 secs] [Times: user=0.04 sys=0.01, real=0.02 secs] 
2021-05-14T11:25:38.659+0800: 6890.339: [GC (Allocation Failure) [PSYoungGen: 494752K->1824K(510464K)] 721885K->230148K(1034752K), 0.0167634 secs] [Times: user=0.04 sys=0.00, real=0.02 secs] 
2021-05-14T11:28:52.230+0800: 7083.910: [GC (Allocation Failure) [PSYoungGen: 497952K->3744K(509952K)] 726276K->232788K(1034240K), 0.0197573 secs] [Times: user=0.05 sys=0.00, real=0.02 secs] 
2021-05-14T11:32:01.388+0800: 7273.068: [GC (Allocation Failure) [PSYoungGen: 499872K->5120K(512000K)] 728916K->236666K(1036288K), 0.0225232 secs] [Times: user=0.07 sys=0.00, real=0.02 secs] 
2021-05-14T11:35:18.113+0800: 7469.793: [GC (Allocation Failure) [PSYoungGen: 504320K->2656K(511488K)] 735866K->237728K(1035776K), 0.0198246 secs] [Times: user=0.05 sys=0.00, real=0.02 secs] 
2021-05-14T11:38:33.381+0800: 7665.061: [GC (Allocation Failure) [PSYoungGen: 501856K->3008K(513024K)] 736928K->239614K(1037312K), 0.0172084 secs] [Times: user=0.05 sys=0.00, real=0.02 secs] 
2021-05-14T11:41:48.658+0800: 7860.338: [GC (Allocation Failure) [PSYoungGen: 504256K->3040K(512512K)] 740862K->241541K(1036800K), 0.0181381 secs] [Times: user=0.05 sys=0.01, real=0.02 secs] 
2021-05-14T11:45:04.003+0800: 8055.683: [GC (Allocation Failure) [PSYoungGen: 504288K->3136K(514560K)] 742789K->243571K(1038848K), 0.0179651 secs] [Times: user=0.06 sys=0.00, real=0.01 secs] 
2021-05-14T11:48:20.160+0800: 8251.840: [GC (Allocation Failure) [PSYoungGen: 507456K->2240K(514048K)] 747891K->244849K(1038336K), 0.0153046 secs] [Times: user=0.04 sys=0.00, real=0.02 secs] 
2021-05-14T11:51:36.715+0800: 8448.394: [GC (Allocation Failure) [PSYoungGen: 506560K->2528K(515072K)] 749169K->246328K(1039360K), 0.0207333 secs] [Times: user=0.05 sys=0.01, real=0.02 secs] 
2021-05-14T11:54:52.462+0800: 8644.142: [GC (Allocation Failure) [PSYoungGen: 507872K->2304K(514560K)] 751672K->247559K(1038848K), 0.0156207 secs] [Times: user=0.05 sys=0.00, real=0.02 secs] 
2021-05-14T11:58:09.529+0800: 8841.209: [GC (Allocation Failure) [PSYoungGen: 507648K->2272K(516096K)] 752903K->248727K(1040384K), 0.0284446 secs] [Times: user=0.06 sys=0.00, real=0.03 secs] 
2021-05-14T12:01:26.329+0800: 9038.008: [GC (Allocation Failure) [PSYoungGen: 509664K->2912K(515584K)] 756119K->250550K(1039872K), 0.0680557 secs] [Times: user=0.05 sys=0.00, real=0.07 secs] 
2021-05-14T12:04:39.654+0800: 9231.334: [GC (Allocation Failure) [PSYoungGen: 510304K->4072K(516608K)] 757942K->253653K(1040896K), 0.0232299 secs] [Times: user=0.07 sys=0.00, real=0.02 secs] 
2021-05-14T12:07:56.735+0800: 9428.415: [GC (Allocation Failure) [PSYoungGen: 513000K->7648K(516608K)] 762581K->261060K(1040896K), 0.0208009 secs] [Times: user=0.06 sys=0.00, real=0.02 secs] 
2021-05-14T12:11:14.381+0800: 9626.060: [GC (Allocation Failure) [PSYoungGen: 516576K->7680K(500224K)] 769988K->273590K(1024512K), 0.0259566 secs] [Times: user=0.07 sys=0.01, real=0.03 secs] 
2021-05-14T12:14:27.037+0800: 9818.717: [GC (Allocation Failure) [PSYoungGen: 500224K->12448K(505344K)] 766134K->285747K(1029632K), 0.0508681 secs] [Times: user=0.08 sys=0.00, real=0.05 secs] 
2021-05-14T12:17:37.568+0800: 10009.247: [GC (Allocation Failure) [PSYoungGen: 504992K->13056K(503808K)] 778291K->295079K(1028096K), 0.0243649 secs] [Times: user=0.06 sys=0.01, real=0.03 secs] 
2021-05-14T12:20:47.693+0800: 10199.373: [GC (Allocation Failure) [PSYoungGen: 499456K->12000K(498688K)] 781479K->302834K(1022976K), 0.0241067 secs] [Times: user=0.06 sys=0.01, real=0.02 secs] 
2021-05-14T12:23:53.418+0800: 10385.097: [GC (Allocation Failure) [PSYoungGen: 498400K->16224K(500736K)] 789234K->315446K(1025024K), 0.0389612 secs] [Times: user=0.08 sys=0.01, real=0.04 secs] 
2021-05-14T12:27:23.038+0800: 10594.718: [GC (Allocation Failure) [PSYoungGen: 497504K->9440K(502784K)] 796726K->321055K(1027072K), 0.0244258 secs] [Times: user=0.07 sys=0.01, real=0.03 secs] 
2021-05-14T12:30:55.067+0800: 10806.746: [GC (Allocation Failure) [PSYoungGen: 490720K->5952K(504320K)] 802335K->326046K(1028608K), 0.0235691 secs] [Times: user=0.08 sys=0.00, real=0.02 secs] 
2021-05-14T12:34:26.457+0800: 11018.137: [GC (Allocation Failure) [PSYoungGen: 489792K->8032K(503808K)] 809886K->333017K(1028096K), 0.0241896 secs] [Times: user=0.07 sys=0.01, real=0.02 secs] 
2021-05-14T12:37:59.703+0800: 11231.383: [GC (Allocation Failure) [PSYoungGen: 491872K->7488K(506368K)] 816857K->338509K(1030656K), 0.0215378 secs] [Times: user=0.06 sys=0.00, real=0.02 secs] 
2021-05-14T12:41:32.104+0800: 11443.783: [GC (Allocation Failure) [PSYoungGen: 494912K->8352K(505344K)] 825933K->345409K(1029632K), 0.0375360 secs] [Times: user=0.06 sys=0.00, real=0.03 secs] 
2021-05-14T12:45:07.408+0800: 11659.088: [GC (Allocation Failure) [PSYoungGen: 495776K->7200K(507904K)] 832833K->351219K(1032192K), 0.0228196 secs] [Times: user=0.06 sys=0.01, real=0.02 secs] 
2021-05-14T12:48:45.754+0800: 11877.434: [GC (Allocation Failure) [PSYoungGen: 498208K->5664K(507392K)] 842227K->355709K(1031680K), 0.0188869 secs] [Times: user=0.06 sys=0.00, real=0.02 secs] 
2021-05-14T12:52:21.476+0800: 12093.156: [GC (Allocation Failure) [PSYoungGen: 496672K->4992K(508928K)] 846717K->359338K(1033216K), 0.0251552 secs] [Times: user=0.07 sys=0.01, real=0.02 secs] 
2021-05-14T12:55:57.253+0800: 12308.932: [GC (Allocation Failure) [PSYoungGen: 498048K->8192K(508416K)] 852394K->366423K(1032704K), 0.0244794 secs] [Times: user=0.05 sys=0.00, real=0.02 secs] 
2021-05-14T12:59:35.059+0800: 12526.738: [GC (Allocation Failure) [PSYoungGen: 501248K->8608K(509440K)] 859479K->373328K(1033728K), 0.0230946 secs] [Times: user=0.07 sys=0.00, real=0.02 secs] 
2021-05-14T13:03:12.368+0800: 12744.048: [GC (Allocation Failure) [PSYoungGen: 503200K->9120K(509440K)] 867920K->380820K(1033728K), 0.0487398 secs] [Times: user=0.07 sys=0.01, real=0.05 secs] 
2021-05-14T13:06:47.651+0800: 12959.331: [GC (Allocation Failure) [PSYoungGen: 503712K->6976K(510464K)] 875412K->385814K(1034752K), 0.0240012 secs] [Times: user=0.07 sys=0.01, real=0.03 secs] 
2021-05-14T13:10:25.930+0800: 13177.610: [GC (Allocation Failure) [PSYoungGen: 503104K->6304K(509952K)] 881942K->390496K(1034240K), 0.0415127 secs] [Times: user=0.06 sys=0.00, real=0.04 secs] 
2021-05-14T13:14:04.898+0800: 13396.578: [GC (Allocation Failure) [PSYoungGen: 502432K->7552K(510976K)] 886624K->396764K(1035264K), 0.0672639 secs] [Times: user=0.15 sys=0.01, real=0.07 secs] 
2021-05-14T13:17:40.881+0800: 13612.561: [GC (Allocation Failure) [PSYoungGen: 504704K->9088K(510464K)] 893916K->403816K(1034752K), 0.0414305 secs] [Times: user=0.07 sys=0.01, real=0.05 secs] 
2021-05-14T13:21:20.425+0800: 13832.105: [GC (Allocation Failure) [PSYoungGen: 506240K->7200K(511488K)] 900968K->408658K(1035776K), 0.0217943 secs] [Times: user=0.06 sys=0.01, real=0.02 secs] 
2021-05-14T13:25:00.230+0800: 14051.910: [GC (Allocation Failure) [PSYoungGen: 505376K->8416K(510976K)] 906834K->415637K(1035264K), 0.0221622 secs] [Times: user=0.07 sys=0.00, real=0.03 secs] 
2021-05-14T13:28:39.488+0800: 14271.168: [GC (Allocation Failure) [PSYoungGen: 506592K->8160K(512000K)] 913813K->422103K(1036288K), 0.0242948 secs] [Times: user=0.06 sys=0.00, real=0.03 secs] 
2021-05-14T13:32:20.251+0800: 14491.931: [GC (Allocation Failure) [PSYoungGen: 507872K->7424K(512000K)] 921815K->428000K(1036288K), 0.0237039 secs] [Times: user=0.07 sys=0.00, real=0.03 secs] 
2021-05-14T13:36:03.643+0800: 14715.323: [GC (Allocation Failure) [PSYoungGen: 507136K->4960K(512512K)] 927712K->431691K(1036800K), 0.0239379 secs] [Times: user=0.07 sys=0.01, real=0.02 secs] 
2021-05-14T13:39:46.226+0800: 14937.906: [GC (Allocation Failure) [PSYoungGen: 505696K->6880K(512512K)] 932427K->437583K(1036800K), 0.0210663 secs] [Times: user=0.06 sys=0.00, real=0.02 secs] 
2021-05-14T13:43:25.211+0800: 15156.891: [GC (Allocation Failure) [PSYoungGen: 507616K->8672K(512512K)] 938319K->445426K(1036800K), 0.0231722 secs] [Times: user=0.08 sys=0.00, real=0.03 secs] 
2021-05-14T13:47:05.643+0800: 15377.323: [GC (Allocation Failure) [PSYoungGen: 509408K->8288K(512512K)] 946162K->451509K(1036800K), 0.0226177 secs] [Times: user=0.07 sys=0.00, real=0.02 secs] 
2021-05-14T13:50:46.372+0800: 15598.052: [GC (Allocation Failure) [PSYoungGen: 509024K->7296K(513024K)] 952245K->457286K(1037312K), 0.0220403 secs] [Times: user=0.06 sys=0.01, real=0.03 secs] 
2021-05-14T13:54:24.570+0800: 15816.249: [GC (Allocation Failure) [PSYoungGen: 508544K->5408K(512512K)] 958534K->461280K(1036800K), 0.0216311 secs] [Times: user=0.06 sys=0.00, real=0.02 secs] 
2021-05-14T13:58:05.634+0800: 16037.313: [GC (Allocation Failure) [PSYoungGen: 506656K->5696K(513024K)] 962528K->465788K(1037312K), 0.0205730 secs] [Times: user=0.06 sys=0.01, real=0.02 secs] 
2021-05-14T14:01:47.042+0800: 16258.722: [GC (Allocation Failure) [PSYoungGen: 507456K->7744K(513024K)] 967548K->472409K(1037312K), 0.0223146 secs] [Times: user=0.06 sys=0.00, real=0.02 secs] 
2021-05-14T14:05:24.857+0800: 16476.537: [GC (Allocation Failure) [PSYoungGen: 509504K->7776K(513536K)] 974169K->478349K(1037824K), 0.0254216 secs] [Times: user=0.08 sys=0.00, real=0.03 secs] 
2021-05-14T14:09:02.620+0800: 16694.299: [GC (Allocation Failure) [PSYoungGen: 510048K->9184K(513024K)] 980621K->486465K(1037312K), 0.0240944 secs] [Times: user=0.07 sys=0.00, real=0.03 secs] 
2021-05-14T14:12:43.030+0800: 16914.709: [GC (Allocation Failure) [PSYoungGen: 511456K->8000K(513024K)] 988737K->492651K(1037312K), 0.0224546 secs] [Times: user=0.07 sys=0.00, real=0.03 secs] 
2021-05-14T14:16:23.522+0800: 17135.202: [GC (Allocation Failure) [PSYoungGen: 509760K->8704K(513024K)] 994411K->499846K(1037312K), 0.0285197 secs] [Times: user=0.08 sys=0.01, real=0.02 secs] 
2021-05-14T14:20:07.923+0800: 17359.603: [GC (Allocation Failure) [PSYoungGen: 510464K->6432K(513024K)] 1001606K->503871K(1037312K), 0.0201292 secs] [Times: user=0.06 sys=0.01, real=0.02 secs] 
2021-05-14T14:23:47.586+0800: 17579.266: [GC (Allocation Failure) [PSYoungGen: 508192K->4320K(513024K)] 1005631K->507224K(1037312K), 0.0255480 secs] [Times: user=0.06 sys=0.01, real=0.02 secs] 
2021-05-14T14:27:31.466+0800: 17803.146: [GC (Allocation Failure) [PSYoungGen: 506080K->6240K(513024K)] 1008984K->512447K(1037312K), 0.0232794 secs] [Times: user=0.06 sys=0.00, real=0.02 secs] 
2021-05-14T14:31:09.639+0800: 18021.319: [GC (Allocation Failure) [PSYoungGen: 508000K->8320K(513024K)] 1014207K->519348K(1037312K), 0.0237008 secs] [Times: user=0.07 sys=0.00, real=0.03 secs] 
2021-05-14T14:34:46.658+0800: 18238.337: [GC (Allocation Failure) [PSYoungGen: 510080K->9312K(512000K)] 1021108K->526839K(1036288K), 0.0262839 secs] [Times: user=0.08 sys=0.01, real=0.03 secs] 
2021-05-14T14:34:46.684+0800: 18238.364: [Full GC (Ergonomics) [PSYoungGen: 9312K->0K(512000K)] [ParOldGen: 517527K->370449K(524288K)] 526839K->370449K(1036288K), [Metaspace: 92404K->92018K(1134592K)], 0.8809886 secs] [Times: user=1.85 sys=0.00, real=0.88 secs] 
2021-05-14T14:38:25.143+0800: 18456.822: [GC (Allocation Failure) [PSYoungGen: 500736K->6144K(512512K)] 871185K->376593K(1036800K), 0.0209056 secs] [Times: user=0.06 sys=0.00, real=0.02 secs] 
2021-05-14T14:42:03.716+0800: 18675.396: [GC (Allocation Failure) [PSYoungGen: 506880K->6464K(513024K)] 877329K->382005K(1037312K), 0.0207621 secs] [Times: user=0.06 sys=0.00, real=0.02 secs] 
2021-05-14T14:46:04.011+0800: 18915.691: [GC (Allocation Failure) [PSYoungGen: 508224K->6080K(513024K)] 883765K->386936K(1037312K), 0.0201552 secs] [Times: user=0.06 sys=0.00, real=0.02 secs] 
2021-05-14T14:50:12.356+0800: 19164.036: [GC (Allocation Failure) [PSYoungGen: 507840K->2496K(512512K)] 888696K->388626K(1036800K), 0.0188308 secs] [Times: user=0.06 sys=0.00, real=0.02 secs] 
2021-05-14T14:54:17.926+0800: 19409.606: [GC (Allocation Failure) [PSYoungGen: 504256K->2016K(503808K)] 890386K->389497K(1028096K), 0.0168947 secs] [Times: user=0.05 sys=0.00, real=0.02 secs] 
2021-05-14T14:58:21.532+0800: 19653.212: [GC (Allocation Failure) [PSYoungGen: 503776K->1984K(512512K)] 891257K->390345K(1036800K), 0.0186381 secs] [Times: user=0.06 sys=0.00, real=0.01 secs] 
2021-05-14T15:02:26.273+0800: 19897.953: [GC (Allocation Failure) [PSYoungGen: 502720K->2176K(512512K)] 891081K->391393K(1036800K), 0.0175335 secs] [Times: user=0.05 sys=0.00, real=0.01 secs] 
2021-05-14T15:06:33.051+0800: 20144.730: [GC (Allocation Failure) [PSYoungGen: 502912K->2208K(512512K)] 892129K->392489K(1036800K), 0.0181204 secs] [Times: user=0.06 sys=0.00, real=0.02 secs] 
2021-05-14T15:10:36.538+0800: 20388.218: [GC (Allocation Failure) [PSYoungGen: 502944K->1952K(512512K)] 893225K->393360K(1036800K), 0.0205829 secs] [Times: user=0.05 sys=0.00, real=0.02 secs] 
2021-05-14T15:14:35.401+0800: 20627.081: [GC (Allocation Failure) [PSYoungGen: 502687K->5376K(513024K)] 894096K->397624K(1037312K), 0.0211130 secs] [Times: user=0.07 sys=0.00, real=0.03 secs] 
2021-05-14T15:18:37.765+0800: 20869.444: [GC (Allocation Failure) [PSYoungGen: 506624K->4640K(512512K)] 898872K->401300K(1036800K), 0.0202120 secs] [Times: user=0.05 sys=0.00, real=0.02 secs] 
2021-05-14T15:22:39.637+0800: 21111.317: [GC (Allocation Failure) [PSYoungGen: 505888K->5792K(513536K)] 902548K->406177K(1037824K), 0.0185880 secs] [Times: user=0.06 sys=0.00, real=0.02 secs] 
2021-05-14T15:26:48.055+0800: 21359.735: [GC (Allocation Failure) [PSYoungGen: 508576K->1984K(513536K)] 908961K->407323K(1037824K), 0.0179192 secs] [Times: user=0.06 sys=0.00, real=0.02 secs] 
2021-05-14T15:30:53.738+0800: 21605.418: [GC (Allocation Failure) [PSYoungGen: 504768K->1856K(514048K)] 910107K->408171K(1038336K), 0.0177200 secs] [Times: user=0.06 sys=0.00, real=0.02 secs] 
2021-05-14T15:34:59.363+0800: 21851.043: [GC (Allocation Failure) [PSYoungGen: 505664K->3136K(514048K)] 911979K->410115K(1038336K), 0.0169656 secs] [Times: user=0.05 sys=0.00, real=0.01 secs] 
2021-05-14T15:39:05.918+0800: 22097.598: [GC (Allocation Failure) [PSYoungGen: 506940K->1888K(514560K)] 913919K->410291K(1038848K), 0.0164462 secs] [Times: user=0.05 sys=0.00, real=0.02 secs] 
2021-05-14T15:43:13.475+0800: 22345.155: [GC (Allocation Failure) [PSYoungGen: 506208K->1888K(514048K)] 914611K->411011K(1038336K), 0.0162374 secs] [Times: user=0.05 sys=0.00, real=0.01 secs] 
2021-05-14T15:47:20.429+0800: 22592.109: [GC (Allocation Failure) [PSYoungGen: 506208K->2208K(515072K)] 915331K->412155K(1039360K), 0.0185836 secs] [Times: user=0.05 sys=0.00, real=0.02 secs] 
2021-05-14T15:51:31.062+0800: 22842.741: [GC (Allocation Failure) [PSYoungGen: 507552K->1952K(514560K)] 917499K->413035K(1038848K), 0.0193936 secs] [Times: user=0.05 sys=0.00, real=0.02 secs] 
2021-05-14T15:55:38.751+0800: 23090.430: [GC (Allocation Failure) [PSYoungGen: 507296K->2016K(515584K)] 918379K->413923K(1039872K), 0.0177835 secs] [Times: user=0.05 sys=0.00, real=0.02 secs] 
2021-05-14T15:59:46.952+0800: 23338.632: [GC (Allocation Failure) [PSYoungGen: 508384K->2240K(515072K)] 920291K->414995K(1039360K), 0.0212299 secs] [Times: user=0.06 sys=0.00, real=0.03 secs] 
2021-05-14T16:03:56.878+0800: 23588.558: [GC (Allocation Failure) [PSYoungGen: 508608K->1920K(516096K)] 921363K->415867K(1040384K), 0.0221468 secs] [Times: user=0.08 sys=0.00, real=0.02 secs] 
2021-05-14T16:08:03.212+0800: 23834.892: [GC (Allocation Failure) [PSYoungGen: 509312K->1984K(515584K)] 923259K->416779K(1039872K), 0.0227477 secs] [Times: user=0.06 sys=0.00, real=0.02 secs] 
2021-05-14T16:12:15.548+0800: 24087.228: [GC (Allocation Failure) [PSYoungGen: 509376K->2016K(516608K)] 924171K->417627K(1040896K), 0.0200063 secs] [Times: user=0.05 sys=0.00, real=0.02 secs] 
2021-05-14T16:16:25.886+0800: 24337.565: [GC (Allocation Failure) [PSYoungGen: 510944K->1952K(516608K)] 926555K->418443K(1040896K), 0.0206747 secs] [Times: user=0.07 sys=0.00, real=0.02 secs] 
2021-05-14T16:20:37.210+0800: 24588.890: [GC (Allocation Failure) [PSYoungGen: 510880K->1984K(517120K)] 927371K->419307K(1041408K), 0.0223176 secs] [Times: user=0.07 sys=0.00, real=0.03 secs] 
2021-05-14T16:24:50.667+0800: 24842.347: [GC (Allocation Failure) [PSYoungGen: 511936K->2208K(517120K)] 929259K->420411K(1041408K), 0.0241017 secs] [Times: user=0.07 sys=0.00, real=0.02 secs] 
2021-05-14T16:28:59.792+0800: 25091.471: [GC (Allocation Failure) [PSYoungGen: 512160K->2016K(517632K)] 930363K->421306K(1041920K), 0.0238708 secs] [Times: user=0.04 sys=0.00, real=0.03 secs] 
2021-05-14T16:33:09.111+0800: 25340.790: [GC (Allocation Failure) [PSYoungGen: 512992K->3296K(517632K)] 932282K->423354K(1041920K), 0.0203668 secs] [Times: user=0.06 sys=0.00, real=0.02 secs] 
2021-05-14T16:37:19.058+0800: 25590.738: [GC (Allocation Failure) [PSYoungGen: 514272K->1792K(518144K)] 934330K->423562K(1042432K), 0.0188563 secs] [Times: user=0.06 sys=0.00, real=0.02 secs] 
2021-05-14T16:41:26.611+0800: 25838.291: [GC (Allocation Failure) [PSYoungGen: 513792K->2208K(518144K)] 935562K->424682K(1042432K), 0.0304391 secs] [Times: user=0.06 sys=0.00, real=0.03 secs] 
2021-05-14T16:45:38.016+0800: 26089.695: [GC (Allocation Failure) [PSYoungGen: 514208K->1984K(518656K)] 936682K->425538K(1042944K), 0.0215503 secs] [Times: user=0.06 sys=0.00, real=0.02 secs] 
2021-05-14T16:49:49.699+0800: 26341.379: [GC (Allocation Failure) [PSYoungGen: 515008K->1952K(518656K)] 938562K->426402K(1042944K), 0.0186844 secs] [Times: user=0.06 sys=0.00, real=0.02 secs] 
2021-05-14T16:54:03.089+0800: 26594.769: [GC (Allocation Failure) [PSYoungGen: 514976K->2176K(519168K)] 939426K->427498K(1043456K), 0.0175175 secs] [Times: user=0.05 sys=0.00, real=0.02 secs] 
2021-05-14T16:58:15.207+0800: 26846.886: [GC (Allocation Failure) [PSYoungGen: 515712K->2048K(518656K)] 941034K->428506K(1042944K), 0.0212237 secs] [Times: user=0.06 sys=0.00, real=0.02 secs] 
2021-05-14T17:02:28.701+0800: 27100.381: [GC (Allocation Failure) [PSYoungGen: 515584K->2016K(519680K)] 942042K->429346K(1043968K), 0.0188766 secs] [Times: user=0.05 sys=0.00, real=0.02 secs] 
2021-05-14T17:06:41.473+0800: 27353.153: [GC (Allocation Failure) [PSYoungGen: 516576K->2048K(519168K)] 943906K->430226K(1043456K), 0.0213931 secs] [Times: user=0.06 sys=0.00, real=0.02 secs] 
2021-05-14T17:10:54.241+0800: 27605.921: [GC (Allocation Failure) [PSYoungGen: 516608K->2208K(519680K)] 944786K->431282K(1043968K), 0.0193779 secs] [Times: user=0.05 sys=0.00, real=0.02 secs] 
2021-05-14T17:15:04.955+0800: 27856.634: [GC (Allocation Failure) [PSYoungGen: 517280K->2016K(519680K)] 946354K->432170K(1043968K), 0.0161695 secs] [Times: user=0.05 sys=0.00, real=0.01 secs] 
2021-05-14T17:19:15.409+0800: 28107.089: [GC (Allocation Failure) [PSYoungGen: 517088K->4096K(516096K)] 947242K->437793K(1040384K), 0.0328549 secs] [Times: user=0.06 sys=0.00, real=0.04 secs] 
2021-05-14T17:23:25.856+0800: 28357.536: [GC (Allocation Failure) [PSYoungGen: 516096K->2240K(518144K)] 949793K->440339K(1042432K), 0.0304813 secs] [Times: user=0.07 sys=0.00, real=0.03 secs] 
2021-05-14T17:27:38.673+0800: 28610.353: [GC (Allocation Failure) [PSYoungGen: 514240K->2048K(518656K)] 952339K->441235K(1042944K), 0.0200881 secs] [Times: user=0.06 sys=0.00, real=0.02 secs] 
2021-05-14T17:31:48.121+0800: 28859.801: [GC (Allocation Failure) [PSYoungGen: 514560K->3648K(518144K)] 953747K->443587K(1042432K), 0.0205173 secs] [Times: user=0.07 sys=0.00, real=0.03 secs] 
2021-05-14T17:35:59.825+0800: 29111.505: [GC (Allocation Failure) [PSYoungGen: 516160K->2400K(518656K)] 956099K->444322K(1042944K), 0.0178219 secs] [Times: user=0.06 sys=0.00, real=0.02 secs] 
2021-05-14T17:40:12.654+0800: 29364.333: [GC (Allocation Failure) [PSYoungGen: 515424K->2016K(518656K)] 957346K->445178K(1042944K), 0.0195129 secs] [Times: user=0.07 sys=0.00, real=0.02 secs] 
2021-05-14T17:44:21.368+0800: 29613.048: [GC (Allocation Failure) [PSYoungGen: 515040K->1952K(519168K)] 958202K->445994K(1043456K), 0.0352013 secs] [Times: user=0.05 sys=0.00, real=0.04 secs] 
2021-05-14T17:48:33.474+0800: 29865.154: [GC (Allocation Failure) [PSYoungGen: 515488K->2240K(518656K)] 959530K->447098K(1042944K), 0.0250165 secs] [Times: user=0.07 sys=0.00, real=0.02 secs] 
2021-05-14T17:52:45.522+0800: 30117.202: [GC (Allocation Failure) [PSYoungGen: 515776K->2080K(519168K)] 960634K->448042K(1043456K), 0.0192104 secs] [Times: user=0.06 sys=0.00, real=0.01 secs] 
2021-05-14T17:56:59.205+0800: 30370.885: [GC (Allocation Failure) [PSYoungGen: 516128K->1984K(519168K)] 962090K->448826K(1043456K), 0.0223323 secs] [Times: user=0.06 sys=0.00, real=0.02 secs] 
2021-05-14T18:01:10.054+0800: 30621.733: [GC (Allocation Failure) [PSYoungGen: 516032K->2016K(519680K)] 962874K->449746K(1043968K), 0.0239625 secs] [Times: user=0.05 sys=0.00, real=0.02 secs] 
2021-05-14T18:05:20.245+0800: 30871.924: [GC (Allocation Failure) [PSYoungGen: 517088K->2688K(519680K)] 964818K->451250K(1043968K), 0.0226612 secs] [Times: user=0.06 sys=0.00, real=0.02 secs] 
2021-05-14T18:09:32.945+0800: 31124.625: [GC (Allocation Failure) [PSYoungGen: 517760K->3296K(519680K)] 966322K->453417K(1043968K), 0.0195999 secs] [Times: user=0.06 sys=0.00, real=0.02 secs] 
2021-05-14T18:13:46.589+0800: 31378.269: [GC (Allocation Failure) [PSYoungGen: 518366K->2208K(519680K)] 968487K->454623K(1043968K), 0.0173335 secs] [Times: user=0.06 sys=0.00, real=0.02 secs] 
2021-05-14T18:18:01.199+0800: 31632.879: [GC (Allocation Failure) [PSYoungGen: 517280K->1952K(519680K)] 969695K->455510K(1043968K), 0.0199485 secs] [Times: user=0.06 sys=0.00, real=0.02 secs] 
2021-05-14T18:22:14.336+0800: 31886.016: [GC (Allocation Failure) [PSYoungGen: 517024K->1984K(519680K)] 970582K->456374K(1043968K), 0.0180857 secs] [Times: user=0.06 sys=0.01, real=0.02 secs] 
2021-05-14T18:26:24.840+0800: 32136.520: [GC (Allocation Failure) [PSYoungGen: 517056K->2240K(520192K)] 971446K->457478K(1044480K), 0.0174260 secs] [Times: user=0.05 sys=0.00, real=0.02 secs] 
2021-05-14T18:30:37.582+0800: 32389.262: [GC (Allocation Failure) [PSYoungGen: 517824K->1856K(519680K)] 973062K->458310K(1043968K), 0.0213561 secs] [Times: user=0.05 sys=0.00, real=0.03 secs] 
2021-05-14T18:34:48.062+0800: 32639.741: [GC (Allocation Failure) [PSYoungGen: 517440K->3136K(520192K)] 973894K->460270K(1044480K), 0.0187036 secs] [Times: user=0.06 sys=0.00, real=0.02 secs] 
2021-05-14T18:39:04.860+0800: 32896.540: [GC (Allocation Failure) [PSYoungGen: 519232K->2080K(520192K)] 976366K->460654K(1044480K), 0.0167110 secs] [Times: user=0.05 sys=0.00, real=0.02 secs] 
2021-05-14T18:43:17.523+0800: 33149.203: [GC (Allocation Failure) [PSYoungGen: 518176K->1920K(520192K)] 976750K->461542K(1044480K), 0.0178754 secs] [Times: user=0.06 sys=0.00, real=0.01 secs] 
2021-05-14T18:47:30.723+0800: 33402.403: [GC (Allocation Failure) [PSYoungGen: 518016K->2080K(520192K)] 977638K->462534K(1044480K), 0.0172654 secs] [Times: user=0.06 sys=0.00, real=0.01 secs] 
2021-05-14T18:51:45.350+0800: 33657.029: [GC (Allocation Failure) [PSYoungGen: 518176K->2144K(520192K)] 978630K->463526K(1044480K), 0.0178479 secs] [Times: user=0.06 sys=0.00, real=0.02 secs] 
2021-05-14T18:55:56.633+0800: 33908.313: [GC (Allocation Failure) [PSYoungGen: 518240K->2240K(520192K)] 979622K->464701K(1044480K), 0.0167956 secs] [Times: user=0.06 sys=0.00, real=0.01 secs] 
2021-05-14T19:00:13.099+0800: 34164.778: [GC (Allocation Failure) [PSYoungGen: 518336K->2240K(520704K)] 980797K->465797K(1044992K), 0.0162815 secs] [Times: user=0.05 sys=0.00, real=0.02 secs] 
2021-05-14T19:04:25.226+0800: 34416.906: [GC (Allocation Failure) [PSYoungGen: 519360K->3584K(520704K)] 982917K->472505K(1044992K), 0.0198013 secs] [Times: user=0.06 sys=0.00, real=0.02 secs] 
2021-05-14T19:08:36.271+0800: 34667.951: [GC (Allocation Failure) [PSYoungGen: 520704K->2528K(516608K)] 989625K->475341K(1040896K), 0.0185312 secs] [Times: user=0.05 sys=0.00, real=0.02 secs] 
2021-05-14T19:12:46.928+0800: 34918.607: [GC (Allocation Failure) [PSYoungGen: 515552K->2624K(518656K)] 988365K->476844K(1042944K), 0.0164310 secs] [Times: user=0.05 sys=0.00, real=0.02 secs] 
2021-05-14T19:16:57.008+0800: 35168.688: [GC (Allocation Failure) [PSYoungGen: 515648K->2016K(518656K)] 989868K->477851K(1042944K), 0.0176587 secs] [Times: user=0.06 sys=0.00, real=0.02 secs] 
2021-05-14T19:21:07.700+0800: 35419.380: [GC (Allocation Failure) [PSYoungGen: 515040K->2208K(518656K)] 990875K->478875K(1042944K), 0.0196686 secs] [Times: user=0.05 sys=0.00, real=0.02 secs] 
2021-05-14T19:25:18.285+0800: 35669.964: [GC (Allocation Failure) [PSYoungGen: 515232K->2240K(519168K)] 991899K->480027K(1043456K), 0.0246398 secs] [Times: user=0.05 sys=0.00, real=0.02 secs] 
2021-05-14T19:29:29.579+0800: 35921.258: [GC (Allocation Failure) [PSYoungGen: 516288K->2208K(519168K)] 994075K->481083K(1043456K), 0.0179840 secs] [Times: user=0.05 sys=0.00, real=0.02 secs] 
2021-05-14T19:33:39.857+0800: 36171.537: [GC (Allocation Failure) [PSYoungGen: 516256K->3776K(519168K)] 995131K->483562K(1043456K), 0.0264524 secs] [Times: user=0.06 sys=0.00, real=0.03 secs] 
2021-05-14T19:37:46.073+0800: 36417.753: [GC (Allocation Failure) [PSYoungGen: 517824K->5120K(519168K)] 997610K->487954K(1043456K), 0.0235888 secs] [Times: user=0.09 sys=0.00, real=0.02 secs] 
2021-05-14T19:41:56.857+0800: 36668.537: [GC (Allocation Failure) [PSYoungGen: 519168K->2240K(516096K)] 1002002K->490099K(1040384K), 0.0237500 secs] [Times: user=0.06 sys=0.00, real=0.02 secs] 
2021-05-14T19:46:06.654+0800: 36918.334: [GC (Allocation Failure) [PSYoungGen: 513216K->2016K(517632K)] 1001075K->490947K(1041920K), 0.0250923 secs] [Times: user=0.06 sys=0.00, real=0.02 secs] 
2021-05-14T19:50:16.998+0800: 37168.678: [GC (Allocation Failure) [PSYoungGen: 512990K->1952K(517632K)] 1001922K->491755K(1041920K), 0.0224857 secs] [Times: user=0.07 sys=0.00, real=0.02 secs] 
2021-05-14T19:54:27.722+0800: 37419.401: [GC (Allocation Failure) [PSYoungGen: 512928K->2016K(517632K)] 1002731K->492707K(1041920K), 0.0204388 secs] [Times: user=0.06 sys=0.00, real=0.03 secs] 
2021-05-14T19:58:38.471+0800: 37670.150: [GC (Allocation Failure) [PSYoungGen: 512992K->1984K(518144K)] 1003683K->493587K(1042432K), 0.0424703 secs] [Times: user=0.06 sys=0.00, real=0.05 secs] 
2021-05-14T20:02:49.690+0800: 37921.369: [GC (Allocation Failure) [PSYoungGen: 513984K->2016K(518144K)] 1005587K->494451K(1042432K), 0.0207748 secs] [Times: user=0.05 sys=0.00, real=0.02 secs] 
2021-05-14T20:06:59.371+0800: 38171.050: [GC (Allocation Failure) [PSYoungGen: 514016K->2400K(518656K)] 1006451K->495683K(1042944K), 0.0222903 secs] [Times: user=0.07 sys=0.00, real=0.03 secs] 
2021-05-14T20:11:12.149+0800: 38423.829: [GC (Allocation Failure) [PSYoungGen: 514912K->1920K(518144K)] 1008195K->496627K(1042432K), 0.0235903 secs] [Times: user=0.08 sys=0.00, real=0.03 secs] 
2021-05-14T20:15:26.492+0800: 38678.171: [GC (Allocation Failure) [PSYoungGen: 514432K->1984K(518656K)] 1009139K->497539K(1042944K), 0.0304475 secs] [Times: user=0.07 sys=0.00, real=0.04 secs] 
2021-05-14T20:19:37.902+0800: 38929.582: [GC (Allocation Failure) [PSYoungGen: 515008K->1984K(518656K)] 1010563K->498371K(1042944K), 0.0190408 secs] [Times: user=0.06 sys=0.00, real=0.01 secs] 
2021-05-14T20:23:50.367+0800: 39182.047: [GC (Allocation Failure) [PSYoungGen: 515008K->2016K(519168K)] 1011395K->499283K(1043456K), 0.0206337 secs] [Times: user=0.06 sys=0.00, real=0.02 secs] 
2021-05-14T20:28:01.863+0800: 39433.543: [GC (Allocation Failure) [PSYoungGen: 516064K->2048K(519168K)] 1013331K->500203K(1043456K), 0.0251981 secs] [Times: user=0.06 sys=0.00, real=0.02 secs] 
2021-05-14T20:32:09.765+0800: 39681.445: [GC (Allocation Failure) [PSYoungGen: 516096K->5120K(515072K)] 1014251K->507345K(1039360K), 0.0236707 secs] [Times: user=0.08 sys=0.00, real=0.02 secs] 
2021-05-14T20:36:20.101+0800: 39931.780: [GC (Allocation Failure) [PSYoungGen: 515072K->3552K(517120K)] 1017297K->510940K(1041408K), 0.0211707 secs] [Times: user=0.07 sys=0.00, real=0.03 secs] 
2021-05-14T20:40:30.028+0800: 40181.708: [GC (Allocation Failure) [PSYoungGen: 513504K->2272K(517632K)] 1020892K->512193K(1041920K), 0.0246071 secs] [Times: user=0.06 sys=0.00, real=0.03 secs] 
2021-05-14T20:44:40.662+0800: 40432.342: [GC (Allocation Failure) [PSYoungGen: 512736K->2176K(517120K)] 1022657K->513209K(1041408K), 0.0249169 secs] [Times: user=0.06 sys=0.00, real=0.02 secs] 
2021-05-14T20:48:49.499+0800: 40681.179: [GC (Allocation Failure) [PSYoungGen: 512640K->2560K(518144K)] 1023673K->514681K(1042432K), 0.0217753 secs] [Times: user=0.07 sys=0.00, real=0.02 secs] 
2021-05-14T20:52:58.597+0800: 40930.277: [GC (Allocation Failure) [PSYoungGen: 514048K->2048K(517632K)] 1026169K->515512K(1041920K), 0.0196393 secs] [Times: user=0.07 sys=0.00, real=0.02 secs] 
2021-05-14T20:57:08.840+0800: 41180.520: [GC (Allocation Failure) [PSYoungGen: 513536K->4832K(517120K)] 1027000K->519208K(1041408K), 0.0727701 secs] [Times: user=0.06 sys=0.00, real=0.08 secs] 
2021-05-14T21:01:18.624+0800: 41430.304: [GC (Allocation Failure) [PSYoungGen: 515808K->3360K(517632K)] 1030184K->521732K(1041920K), 0.0220130 secs] [Times: user=0.07 sys=0.00, real=0.02 secs] 
2021-05-14T21:05:30.840+0800: 41682.520: [GC (Allocation Failure) [PSYoungGen: 514336K->2016K(518144K)] 1032708K->522706K(1042432K), 0.0196049 secs] [Times: user=0.07 sys=0.00, real=0.02 secs] 
2021-05-14T21:05:30.860+0800: 41682.540: [Full GC (Ergonomics) [PSYoungGen: 2016K->0K(518144K)] [ParOldGen: 520690K->157793K(524288K)] 522706K->157793K(1042432K), [Metaspace: 92025K->92021K(1134592K)], 0.4244957 secs] [Times: user=0.98 sys=0.00, real=0.43 secs] 
2021-05-14T21:09:41.761+0800: 41933.440: [GC (Allocation Failure) [PSYoungGen: 512000K->4768K(517120K)] 669793K->162561K(1041408K), 0.0261932 secs] [Times: user=0.06 sys=0.00, real=0.03 secs] 
2021-05-14T21:13:50.724+0800: 42182.404: [GC (Allocation Failure) [PSYoungGen: 516768K->5344K(516608K)] 674561K->167013K(1040896K), 0.0210751 secs] [Times: user=0.07 sys=0.00, real=0.02 secs] 
2021-05-14T21:18:00.357+0800: 42432.036: [GC (Allocation Failure) [PSYoungGen: 515296K->1984K(517120K)] 676965K->168207K(1041408K), 0.0206634 secs] [Times: user=0.07 sys=0.00, real=0.02 secs] 
2021-05-14T21:22:10.879+0800: 42682.558: [GC (Allocation Failure) [PSYoungGen: 511936K->2528K(517632K)] 678159K->169599K(1041920K), 0.0201171 secs] [Times: user=0.05 sys=0.00, real=0.02 secs] 
2021-05-14T21:26:21.375+0800: 42933.054: [GC (Allocation Failure) [PSYoungGen: 512992K->2752K(517120K)] 680063K->171183K(1041408K), 0.0175115 secs] [Times: user=0.06 sys=0.00, real=0.02 secs] 
2021-05-14T21:30:31.804+0800: 43183.484: [GC (Allocation Failure) [PSYoungGen: 513216K->2176K(518144K)] 681647K->172254K(1042432K), 0.0179053 secs] [Times: user=0.05 sys=0.00, real=0.02 secs] 
2021-05-14T21:34:37.769+0800: 43429.448: [GC (Allocation Failure) [PSYoungGen: 513664K->3200K(517632K)] 683742K->174197K(1041920K), 0.0207377 secs] [Times: user=0.06 sys=0.00, real=0.02 secs] 
2021-05-14T21:38:44.524+0800: 43676.204: [GC (Allocation Failure) [PSYoungGen: 514688K->6112K(515072K)] 685685K->178725K(1039360K), 0.0440391 secs] [Times: user=0.09 sys=0.00, real=0.04 secs] 
2021-05-14T21:42:53.070+0800: 43924.749: [GC (Allocation Failure) [PSYoungGen: 515040K->3488K(516608K)] 687653K->181727K(1040896K), 0.0221697 secs] [Times: user=0.06 sys=0.00, real=0.02 secs] 
2021-05-14T21:47:03.341+0800: 44175.021: [GC (Allocation Failure) [PSYoungGen: 512416K->1952K(517120K)] 690655K->182740K(1041408K), 0.0195112 secs] [Times: user=0.06 sys=0.00, real=0.02 secs] 
2021-05-14T21:51:12.726+0800: 44424.406: [GC (Allocation Failure) [PSYoungGen: 511904K->2208K(517120K)] 692692K->183892K(1041408K), 0.0245925 secs] [Times: user=0.05 sys=0.00, real=0.02 secs] 
2021-05-14T21:55:19.928+0800: 44671.607: [GC (Allocation Failure) [PSYoungGen: 512160K->1952K(517632K)] 693844K->184788K(1041920K), 0.0156696 secs] [Times: user=0.06 sys=0.00, real=0.02 secs] 
2021-05-14T21:59:28.926+0800: 44920.605: [GC (Allocation Failure) [PSYoungGen: 512416K->2016K(517120K)] 695252K->185684K(1041408K), 0.0238464 secs] [Times: user=0.05 sys=0.00, real=0.02 secs] 
2021-05-14T22:03:37.889+0800: 45169.569: [GC (Allocation Failure) [PSYoungGen: 512480K->3456K(517632K)] 696148K->188012K(1041920K), 0.0223951 secs] [Times: user=0.06 sys=0.00, real=0.02 secs] 
2021-05-14T22:07:45.579+0800: 45417.258: [GC (Allocation Failure) [PSYoungGen: 514432K->5600K(516608K)] 698988K->192714K(1040896K), 0.0230629 secs] [Times: user=0.07 sys=0.00, real=0.02 secs] 
2021-05-14T22:11:56.245+0800: 45667.924: [GC (Allocation Failure) [PSYoungGen: 516576K->2400K(517632K)] 703690K->194276K(1041920K), 0.0206587 secs] [Times: user=0.06 sys=0.00, real=0.02 secs] 
2021-05-14T22:16:09.636+0800: 45921.316: [GC (Allocation Failure) [PSYoungGen: 512864K->2016K(517120K)] 704740K->195219K(1041408K), 0.0202148 secs] [Times: user=0.06 sys=0.00, real=0.02 secs] 
2021-05-14T22:20:21.108+0800: 46172.788: [GC (Allocation Failure) [PSYoungGen: 512480K->2016K(517632K)] 705683K->196131K(1041920K), 0.0207471 secs] [Times: user=0.06 sys=0.00, real=0.02 secs] 
2021-05-14T22:24:29.896+0800: 46421.575: [GC (Allocation Failure) [PSYoungGen: 512992K->1984K(517632K)] 707107K->196996K(1041920K), 0.0180150 secs] [Times: user=0.05 sys=0.00, real=0.02 secs] 
2021-05-14T22:28:40.077+0800: 46671.756: [GC (Allocation Failure) [PSYoungGen: 512960K->2016K(518144K)] 707972K->197884K(1042432K), 0.0294953 secs] [Times: user=0.05 sys=0.00, real=0.03 secs] 
2021-05-14T22:32:47.899+0800: 46919.579: [GC (Allocation Failure) [PSYoungGen: 513504K->3424K(517632K)] 709372K->199956K(1041920K), 0.0259464 secs] [Times: user=0.05 sys=0.00, real=0.03 secs] 
2021-05-14T22:36:56.775+0800: 47168.455: [GC (Allocation Failure) [PSYoungGen: 514912K->1760K(518144K)] 711444K->200044K(1042432K), 0.0194073 secs] [Times: user=0.05 sys=0.00, real=0.02 secs] 
2021-05-14T22:41:06.530+0800: 47418.209: [GC (Allocation Failure) [PSYoungGen: 513760K->6048K(518144K)] 712044K->205020K(1042432K), 0.0176905 secs] [Times: user=0.06 sys=0.00, real=0.02 secs] 
2021-05-14T22:45:15.510+0800: 47667.189: [GC (Allocation Failure) [PSYoungGen: 518048K->3136K(517120K)] 717020K->207365K(1041408K), 0.0193563 secs] [Times: user=0.06 sys=0.00, real=0.02 secs] 
2021-05-14T22:49:24.546+0800: 47916.226: [GC (Allocation Failure) [PSYoungGen: 514112K->4320K(517632K)] 718341K->210588K(1041920K), 0.0242121 secs] [Times: user=0.06 sys=0.00, real=0.02 secs] 
2021-05-14T22:53:32.648+0800: 48164.328: [GC (Allocation Failure) [PSYoungGen: 515296K->2272K(517632K)] 721564K->211856K(1041920K), 0.0214111 secs] [Times: user=0.06 sys=0.00, real=0.02 secs] 
2021-05-14T22:57:43.004+0800: 48414.684: [GC (Allocation Failure) [PSYoungGen: 513248K->2016K(517632K)] 722832K->212736K(1041920K), 0.0191678 secs] [Times: user=0.06 sys=0.00, real=0.02 secs] 
2021-05-14T23:01:51.194+0800: 48662.873: [GC (Allocation Failure) [PSYoungGen: 512992K->2016K(518144K)] 723712K->213576K(1042432K), 0.0215526 secs] [Times: user=0.05 sys=0.00, real=0.02 secs] 
2021-05-14T23:06:02.601+0800: 48914.281: [GC (Allocation Failure) [PSYoungGen: 513504K->2080K(517632K)] 725064K->214464K(1041920K), 0.0154013 secs] [Times: user=0.05 sys=0.00, real=0.02 secs] 
2021-05-14T23:10:12.638+0800: 49164.318: [GC (Allocation Failure) [PSYoungGen: 513568K->2464K(518656K)] 725952K->215720K(1042944K), 0.0199749 secs] [Times: user=0.06 sys=0.00, real=0.02 secs] 
2021-05-14T23:14:26.147+0800: 49417.827: [GC (Allocation Failure) [PSYoungGen: 514976K->2496K(518144K)] 728232K->217079K(1042432K), 0.0246210 secs] [Times: user=0.08 sys=0.00, real=0.03 secs] 
2021-05-14T23:18:37.559+0800: 49669.239: [GC (Allocation Failure) [PSYoungGen: 515008K->2048K(518656K)] 729591K->218079K(1042944K), 0.0217262 secs] [Times: user=0.06 sys=0.00, real=0.02 secs] 
2021-05-14T23:22:47.927+0800: 49919.607: [GC (Allocation Failure) [PSYoungGen: 515072K->2112K(518656K)] 731103K->218975K(1042944K), 0.0216859 secs] [Times: user=0.07 sys=0.00, real=0.02 secs] 
2021-05-14T23:26:59.084+0800: 50170.763: [GC (Allocation Failure) [PSYoungGen: 515136K->1984K(519168K)] 731999K->219799K(1043456K), 0.0198648 secs] [Times: user=0.05 sys=0.00, real=0.02 secs] 
2021-05-14T23:31:10.327+0800: 50422.006: [GC (Allocation Failure) [PSYoungGen: 516032K->1952K(519168K)] 733847K->220647K(1043456K), 0.0200977 secs] [Times: user=0.07 sys=0.00, real=0.02 secs] 
2021-05-14T23:35:18.965+0800: 50670.645: [GC (Allocation Failure) [PSYoungGen: 516000K->3840K(519168K)] 734695K->223207K(1043456K), 0.0224753 secs] [Times: user=0.07 sys=0.00, real=0.02 secs] 
2021-05-14T23:39:33.662+0800: 50925.342: [GC (Allocation Failure) [PSYoungGen: 517888K->1888K(519168K)] 737255K->223389K(1043456K), 0.0268069 secs] [Times: user=0.06 sys=0.00, real=0.02 secs] 
2021-05-14T23:43:44.764+0800: 51176.444: [GC (Allocation Failure) [PSYoungGen: 515936K->2048K(519168K)] 737437K->224302K(1043456K), 0.0231318 secs] [Times: user=0.05 sys=0.00, real=0.02 secs] 
2021-05-14T23:47:54.355+0800: 51426.034: [GC (Allocation Failure) [PSYoungGen: 516096K->2496K(519168K)] 738350K->225590K(1043456K), 0.0177447 secs] [Times: user=0.05 sys=0.00, real=0.02 secs] 
2021-05-14T23:52:05.531+0800: 51677.211: [GC (Allocation Failure) [PSYoungGen: 516544K->2560K(519680K)] 739638K->227053K(1043968K), 0.0225986 secs] [Times: user=0.06 sys=0.00, real=0.03 secs] 
2021-05-14T23:56:18.356+0800: 51930.036: [GC (Allocation Failure) [PSYoungGen: 517632K->2080K(519680K)] 742125K->227908K(1043968K), 0.0163514 secs] [Times: user=0.04 sys=0.00, real=0.02 secs] 
2021-05-15T00:00:26.009+0800: 52177.688: [GC (Allocation Failure) [PSYoungGen: 517152K->2112K(519680K)] 742980K->228796K(1043968K), 0.0239149 secs] [Times: user=0.06 sys=0.00, real=0.03 secs] 
2021-05-15T00:04:38.771+0800: 52430.451: [GC (Allocation Failure) [PSYoungGen: 517184K->3072K(519680K)] 743868K->230668K(1043968K), 0.0197869 secs] [Times: user=0.05 sys=0.00, real=0.02 secs] 
2021-05-15T00:08:47.469+0800: 52679.149: [GC (Allocation Failure) [PSYoungGen: 518144K->2176K(519680K)] 745740K->231883K(1043968K), 0.0149630 secs] [Times: user=0.04 sys=0.00, real=0.02 secs] 
2021-05-15T00:12:59.150+0800: 52930.830: [GC (Allocation Failure) [PSYoungGen: 517248K->4608K(519680K)] 746955K->236458K(1043968K), 0.0168784 secs] [Times: user=0.06 sys=0.00, real=0.02 secs] 
2021-05-15T00:17:09.657+0800: 53181.337: [GC (Allocation Failure) [PSYoungGen: 519680K->2688K(517632K)] 751530K->239045K(1041920K), 0.0288613 secs] [Times: user=0.05 sys=0.00, real=0.03 secs] 
2021-05-15T00:21:19.321+0800: 53431.001: [GC (Allocation Failure) [PSYoungGen: 515712K->2048K(518656K)] 752069K->239972K(1042944K), 0.0155720 secs] [Times: user=0.05 sys=0.00, real=0.02 secs] 
2021-05-15T00:25:29.555+0800: 53681.235: [GC (Allocation Failure) [PSYoungGen: 515072K->2016K(519168K)] 752996K->240796K(1043456K), 0.0172152 secs] [Times: user=0.05 sys=0.00, real=0.02 secs] 
2021-05-15T00:29:39.861+0800: 53931.541: [GC (Allocation Failure) [PSYoungGen: 515552K->2016K(518656K)] 754332K->241652K(1042944K), 0.0186315 secs] [Times: user=0.05 sys=0.00, real=0.02 secs] 
2021-05-15T00:33:49.929+0800: 54181.609: [GC (Allocation Failure) [PSYoungGen: 515552K->3296K(519168K)] 755188K->243604K(1043456K), 0.0166131 secs] [Times: user=0.05 sys=0.00, real=0.02 secs] 
2021-05-15T00:37:59.971+0800: 54431.650: [GC (Allocation Failure) [PSYoungGen: 517344K->1824K(519168K)] 757652K->243764K(1043456K), 0.0235612 secs] [Times: user=0.05 sys=0.00, real=0.03 secs] 
2021-05-15T00:42:10.439+0800: 54682.119: [GC (Allocation Failure) [PSYoungGen: 515872K->2272K(519168K)] 757812K->244900K(1043456K), 0.0220853 secs] [Times: user=0.04 sys=0.00, real=0.02 secs] 
2021-05-15T00:46:20.936+0800: 54932.616: [GC (Allocation Failure) [PSYoungGen: 516320K->2176K(519168K)] 758948K->245868K(1043456K), 0.0194964 secs] [Times: user=0.06 sys=0.00, real=0.02 secs] 
2021-05-15T00:50:35.574+0800: 55187.254: [GC (Allocation Failure) [PSYoungGen: 516224K->2016K(519680K)] 759916K->246827K(1043968K), 0.0181411 secs] [Times: user=0.06 sys=0.00, real=0.02 secs] 
2021-05-15T00:54:47.136+0800: 55438.815: [GC (Allocation Failure) [PSYoungGen: 517088K->1984K(519680K)] 761899K->247723K(1043968K), 0.0150204 secs] [Times: user=0.05 sys=0.00, real=0.01 secs] 
2021-05-15T00:59:00.469+0800: 55692.148: [GC (Allocation Failure) [PSYoungGen: 517056K->1984K(519680K)] 762795K->248555K(1043968K), 0.0156032 secs] [Times: user=0.05 sys=0.00, real=0.02 secs] 
2021-05-15T01:03:12.294+0800: 55943.974: [GC (Allocation Failure) [PSYoungGen: 517056K->1952K(519680K)] 763627K->249395K(1043968K), 0.0164551 secs] [Times: user=0.05 sys=0.00, real=0.01 secs] 
2021-05-15T01:07:24.732+0800: 56196.412: [GC (Allocation Failure) [PSYoungGen: 517024K->2400K(520192K)] 764467K->250747K(1044480K), 0.0161195 secs] [Times: user=0.05 sys=0.00, real=0.02 secs] 
2021-05-15T01:11:33.256+0800: 56444.936: [GC (Allocation Failure) [PSYoungGen: 517984K->4064K(519680K)] 766331K->253899K(1043968K), 0.0207066 secs] [Times: user=0.06 sys=0.00, real=0.02 secs] 
2021-05-15T01:15:45.811+0800: 56697.491: [GC (Allocation Failure) [PSYoungGen: 519648K->4576K(514560K)] 769483K->257768K(1038848K), 0.0196669 secs] [Times: user=0.05 sys=0.00, real=0.02 secs] 
2021-05-15T01:19:54.175+0800: 56945.854: [GC (Allocation Failure) [PSYoungGen: 514528K->2432K(517120K)] 767720K->259379K(1041408K), 0.0191149 secs] [Times: user=0.05 sys=0.00, real=0.02 secs] 
2021-05-15T01:24:04.495+0800: 57196.175: [GC (Allocation Failure) [PSYoungGen: 512384K->2176K(517632K)] 769331K->260515K(1041920K), 0.0161988 secs] [Times: user=0.04 sys=0.00, real=0.01 secs] 
2021-05-15T01:28:18.289+0800: 57449.968: [GC (Allocation Failure) [PSYoungGen: 513152K->2016K(517632K)] 771491K->261451K(1041920K), 0.0193698 secs] [Times: user=0.06 sys=0.00, real=0.02 secs] 
2021-05-15T01:32:25.592+0800: 57697.271: [GC (Allocation Failure) [PSYoungGen: 512992K->3552K(518144K)] 772427K->263667K(1042432K), 0.0189159 secs] [Times: user=0.06 sys=0.00, real=0.02 secs] 
2021-05-15T01:36:35.662+0800: 57947.341: [GC (Allocation Failure) [PSYoungGen: 515040K->1824K(517632K)] 775155K->263731K(1041920K), 0.0194906 secs] [Times: user=0.06 sys=0.00, real=0.02 secs] 
2021-05-15T01:40:45.832+0800: 58197.512: [GC (Allocation Failure) [PSYoungGen: 513312K->4608K(517120K)] 775219K->267203K(1041408K), 0.0253773 secs] [Times: user=0.05 sys=0.00, real=0.03 secs] 
2021-05-15T01:44:58.367+0800: 58450.047: [GC (Allocation Failure) [PSYoungGen: 515584K->2624K(517632K)] 778179K->268767K(1041920K), 0.0154934 secs] [Times: user=0.05 sys=0.00, real=0.02 secs] 
2021-05-15T01:49:11.989+0800: 58703.668: [GC (Allocation Failure) [PSYoungGen: 513600K->2048K(518144K)] 779743K->269742K(1042432K), 0.0182325 secs] [Times: user=0.05 sys=0.00, real=0.02 secs] 
2021-05-15T01:53:22.444+0800: 58954.124: [GC (Allocation Failure) [PSYoungGen: 514048K->2240K(518144K)] 781742K->270830K(1042432K), 0.0165979 secs] [Times: user=0.04 sys=0.00, real=0.01 secs] 
2021-05-15T01:57:34.374+0800: 59206.053: [GC (Allocation Failure) [PSYoungGen: 514240K->1952K(518656K)] 782830K->271670K(1042944K), 0.0182967 secs] [Times: user=0.06 sys=0.00, real=0.02 secs] 
2021-05-15T02:01:45.958+0800: 59457.637: [GC (Allocation Failure) [PSYoungGen: 514464K->2496K(518144K)] 784182K->273054K(1042432K), 0.0374711 secs] [Times: user=0.04 sys=0.00, real=0.04 secs] 
2021-05-15T02:05:57.422+0800: 59709.101: [GC (Allocation Failure) [PSYoungGen: 515008K->2432K(518656K)] 785566K->274309K(1042944K), 0.0835700 secs] [Times: user=0.07 sys=0.00, real=0.09 secs] 
2021-05-15T02:10:09.221+0800: 59960.900: [GC (Allocation Failure) [PSYoungGen: 515456K->2656K(518656K)] 787333K->275884K(1042944K), 0.0342358 secs] [Times: user=0.07 sys=0.00, real=0.04 secs] 
2021-05-15T02:14:20.436+0800: 60212.116: [GC (Allocation Failure) [PSYoungGen: 515680K->1984K(519168K)] 788908K->276795K(1043456K), 0.0153943 secs] [Times: user=0.05 sys=0.00, real=0.01 secs] 
2021-05-15T02:18:33.227+0800: 60464.906: [GC (Allocation Failure) [PSYoungGen: 516032K->2208K(519168K)] 790843K->277899K(1043456K), 0.0247813 secs] [Times: user=0.06 sys=0.00, real=0.02 secs] 
2021-05-15T02:22:45.025+0800: 60716.705: [GC (Allocation Failure) [PSYoungGen: 516256K->1888K(519680K)] 791947K->278739K(1043968K), 0.0221658 secs] [Times: user=0.05 sys=0.00, real=0.02 secs] 
2021-05-15T02:26:56.054+0800: 60967.734: [GC (Allocation Failure) [PSYoungGen: 516448K->2240K(519168K)] 793299K->279915K(1043456K), 0.0211981 secs] [Times: user=0.06 sys=0.00, real=0.02 secs] 
2021-05-15T02:31:04.410+0800: 61216.089: [GC (Allocation Failure) [PSYoungGen: 516800K->2144K(519680K)] 794475K->280955K(1043968K), 0.0165039 secs] [Times: user=0.05 sys=0.00, real=0.02 secs] 
2021-05-15T02:35:16.351+0800: 61468.031: [GC (Allocation Failure) [PSYoungGen: 517216K->3072K(519680K)] 796027K->282794K(1043968K), 0.0237549 secs] [Times: user=0.07 sys=0.00, real=0.03 secs] 
2021-05-15T02:39:26.832+0800: 61718.512: [GC (Allocation Failure) [PSYoungGen: 518144K->2048K(519680K)] 797866K->283178K(1043968K), 0.0248861 secs] [Times: user=0.06 sys=0.00, real=0.03 secs] 
2021-05-15T02:43:40.206+0800: 61971.886: [GC (Allocation Failure) [PSYoungGen: 517120K->1888K(519680K)] 798250K->284058K(1043968K), 0.0167933 secs] [Times: user=0.06 sys=0.00, real=0.02 secs] 
2021-05-15T02:47:51.699+0800: 62223.379: [GC (Allocation Failure) [PSYoungGen: 516960K->2080K(520192K)] 799130K->285098K(1044480K), 0.0164793 secs] [Times: user=0.05 sys=0.00, real=0.02 secs] 
2021-05-15T02:52:01.579+0800: 62473.259: [GC (Allocation Failure) [PSYoungGen: 517664K->2208K(519680K)] 800682K->286202K(1043968K), 0.0162653 secs] [Times: user=0.05 sys=0.00, real=0.02 secs] 
2021-05-15T02:56:13.405+0800: 62725.085: [GC (Allocation Failure) [PSYoungGen: 517792K->2240K(520192K)] 801786K->287298K(1044480K), 0.0202241 secs] [Times: user=0.06 sys=0.00, real=0.02 secs] 
2021-05-15T03:00:24.811+0800: 62976.491: [GC (Allocation Failure) [PSYoungGen: 518336K->2016K(520192K)] 803394K->288169K(1044480K), 0.0162651 secs] [Times: user=0.05 sys=0.00, real=0.02 secs] 
2021-05-15T03:04:39.125+0800: 63230.805: [GC (Allocation Failure) [PSYoungGen: 518112K->2208K(520704K)] 804265K->289233K(1044992K), 0.0182716 secs] [Times: user=0.05 sys=0.00, real=0.02 secs] 
2021-05-15T03:08:54.029+0800: 63485.709: [GC (Allocation Failure) [PSYoungGen: 518816K->2272K(520192K)] 805841K->290393K(1044480K), 0.0168224 secs] [Times: user=0.06 sys=0.00, real=0.02 secs] 
2021-05-15T03:13:05.890+0800: 63737.570: [GC (Allocation Failure) [PSYoungGen: 518880K->2080K(520704K)] 807001K->291297K(1044992K), 0.0169624 secs] [Times: user=0.06 sys=0.00, real=0.02 secs] 
2021-05-15T03:17:16.259+0800: 63987.938: [GC (Allocation Failure) [PSYoungGen: 519200K->2080K(520704K)] 808417K->292169K(1044992K), 0.0243858 secs] [Times: user=0.07 sys=0.00, real=0.03 secs] 
2021-05-15T03:21:26.737+0800: 64238.417: [GC (Allocation Failure) [PSYoungGen: 519200K->2048K(520704K)] 809289K->292993K(1044992K), 0.0209538 secs] [Times: user=0.05 sys=0.00, real=0.02 secs] 
2021-05-15T03:25:40.959+0800: 64492.639: [GC (Allocation Failure) [PSYoungGen: 519168K->2080K(520704K)] 810113K->293865K(1044992K), 0.0181530 secs] [Times: user=0.06 sys=0.00, real=0.02 secs] 
2021-05-15T03:29:53.295+0800: 64744.974: [GC (Allocation Failure) [PSYoungGen: 519200K->2304K(520704K)] 810985K->294985K(1044992K), 0.0187762 secs] [Times: user=0.05 sys=0.00, real=0.02 secs] 
2021-05-15T03:34:05.975+0800: 64997.654: [GC (Allocation Failure) [PSYoungGen: 519424K->3328K(520704K)] 812105K->296944K(1044992K), 0.0197624 secs] [Times: user=0.07 sys=0.00, real=0.02 secs] 
2021-05-15T03:38:17.241+0800: 65248.920: [GC (Allocation Failure) [PSYoungGen: 520448K->1792K(520704K)] 814064K->297016K(1044992K), 0.0229402 secs] [Times: user=0.06 sys=0.00, real=0.03 secs] 
2021-05-15T03:42:30.816+0800: 65502.496: [GC (Allocation Failure) [PSYoungGen: 518912K->2016K(520704K)] 814136K->297944K(1044992K), 0.0190188 secs] [Times: user=0.05 sys=0.00, real=0.02 secs] 
2021-05-15T03:46:43.736+0800: 65755.416: [GC (Allocation Failure) [PSYoungGen: 519136K->2240K(520704K)] 815064K->299000K(1044992K), 0.0205479 secs] [Times: user=0.05 sys=0.00, real=0.02 secs] 
2021-05-15T03:50:57.287+0800: 66008.967: [GC (Allocation Failure) [PSYoungGen: 519360K->1984K(520704K)] 816120K->299896K(1044992K), 0.0202622 secs] [Times: user=0.07 sys=0.00, real=0.02 secs] 
2021-05-15T03:55:09.952+0800: 66261.632: [GC (Allocation Failure) [PSYoungGen: 519104K->2048K(520704K)] 817016K->300848K(1044992K), 0.0162273 secs] [Times: user=0.05 sys=0.00, real=0.01 secs] 
2021-05-15T03:59:27.144+0800: 66518.823: [GC (Allocation Failure) [PSYoungGen: 519168K->2016K(520704K)] 817968K->301664K(1044992K), 0.0206522 secs] [Times: user=0.06 sys=0.00, real=0.02 secs] 
2021-05-15T04:03:38.940+0800: 66770.620: [GC (Allocation Failure) [PSYoungGen: 519136K->2624K(520192K)] 818784K->303152K(1044480K), 0.0374871 secs] [Times: user=0.06 sys=0.00, real=0.04 secs] 
2021-05-15T04:07:51.026+0800: 67022.706: [GC (Allocation Failure) [PSYoungGen: 519744K->2272K(520704K)] 820272K->304383K(1044992K), 0.0181036 secs] [Times: user=0.06 sys=0.00, real=0.02 secs] 
2021-05-15T04:12:06.451+0800: 67278.131: [GC (Allocation Failure) [PSYoungGen: 519392K->2272K(521216K)] 821503K->305503K(1045504K), 0.0201548 secs] [Times: user=0.05 sys=0.00, real=0.02 secs] 
2021-05-15T04:16:17.861+0800: 67529.541: [GC (Allocation Failure) [PSYoungGen: 520416K->2112K(521216K)] 823647K->306446K(1045504K), 0.0193981 secs] [Times: user=0.06 sys=0.00, real=0.02 secs] 
2021-05-15T04:20:28.308+0800: 67779.988: [GC (Allocation Failure) [PSYoungGen: 520256K->2016K(521216K)] 824590K->307190K(1045504K), 0.0170099 secs] [Times: user=0.05 sys=0.00, real=0.02 secs] 
2021-05-15T04:24:41.861+0800: 68033.541: [GC (Allocation Failure) [PSYoungGen: 520160K->1984K(521216K)] 825334K->308038K(1045504K), 0.0217802 secs] [Times: user=0.07 sys=0.00, real=0.03 secs] 
2021-05-15T04:28:57.776+0800: 68289.456: [GC (Allocation Failure) [PSYoungGen: 520128K->2080K(521216K)] 826182K->308998K(1045504K), 0.0227671 secs] [Times: user=0.07 sys=0.00, real=0.02 secs] 
2021-05-15T04:33:04.052+0800: 68535.732: [GC (Allocation Failure) [PSYoungGen: 520224K->3072K(521216K)] 827142K->311030K(1045504K), 0.0210079 secs] [Times: user=0.07 sys=0.00, real=0.03 secs] 
2021-05-15T04:37:18.012+0800: 68789.691: [GC (Allocation Failure) [PSYoungGen: 521216K->2112K(520192K)] 829174K->311663K(1044480K), 0.0658682 secs] [Times: user=0.05 sys=0.00, real=0.07 secs] 
2021-05-15T04:41:27.069+0800: 69038.748: [GC (Allocation Failure) [PSYoungGen: 519232K->2464K(520704K)] 828783K->312942K(1044992K), 0.0196627 secs] [Times: user=0.05 sys=0.00, real=0.02 secs] 
2021-05-15T04:45:38.251+0800: 69289.930: [GC (Allocation Failure) [PSYoungGen: 519584K->2272K(520704K)] 830062K->314078K(1044992K), 0.0161044 secs] [Times: user=0.05 sys=0.00, real=0.02 secs] 
2021-05-15T04:49:49.416+0800: 69541.096: [GC (Allocation Failure) [PSYoungGen: 519392K->3584K(520704K)] 831198K->319196K(1044992K), 0.0232287 secs] [Times: user=0.06 sys=0.00, real=0.02 secs] 
2021-05-15T04:54:01.116+0800: 69792.795: [GC (Allocation Failure) [PSYoungGen: 520704K->2432K(517632K)] 836316K->321864K(1041920K), 0.0212637 secs] [Times: user=0.06 sys=0.00, real=0.02 secs] 
2021-05-15T04:58:10.793+0800: 70042.473: [GC (Allocation Failure) [PSYoungGen: 516480K->2016K(519168K)] 835912K->322823K(1043456K), 0.0267244 secs] [Times: user=0.05 sys=0.00, real=0.02 secs] 
2021-05-15T05:02:21.451+0800: 70293.131: [GC (Allocation Failure) [PSYoungGen: 516064K->2016K(519168K)] 836871K->323655K(1043456K), 0.0175538 secs] [Times: user=0.06 sys=0.00, real=0.02 secs] 
2021-05-15T05:06:32.329+0800: 70544.009: [GC (Allocation Failure) [PSYoungGen: 516064K->5120K(519168K)] 837703K->329511K(1043456K), 0.0259659 secs] [Times: user=0.08 sys=0.00, real=0.03 secs] 
2021-05-15T05:10:46.403+0800: 70798.083: [GC (Allocation Failure) [PSYoungGen: 519168K->2528K(516096K)] 843559K->332045K(1040384K), 0.0244910 secs] [Times: user=0.06 sys=0.00, real=0.02 secs] 
2021-05-15T05:14:59.414+0800: 71051.094: [GC (Allocation Failure) [PSYoungGen: 513504K->2144K(517632K)] 843021K->332980K(1041920K), 0.0192396 secs] [Times: user=0.06 sys=0.00, real=0.02 secs] 
2021-05-15T05:19:11.917+0800: 71303.596: [GC (Allocation Failure) [PSYoungGen: 513120K->2144K(518144K)] 843956K->333908K(1042432K), 0.0175496 secs] [Times: user=0.06 sys=0.00, real=0.02 secs] 
2021-05-15T05:23:17.855+0800: 71549.535: [GC (Allocation Failure) [PSYoungGen: 514144K->2240K(518144K)] 845908K->334959K(1042432K), 0.0181504 secs] [Times: user=0.06 sys=0.00, real=0.02 secs] 
2021-05-15T05:27:28.180+0800: 71799.860: [GC (Allocation Failure) [PSYoungGen: 514240K->2336K(518656K)] 846959K->336126K(1042944K), 0.0206128 secs] [Times: user=0.05 sys=0.00, real=0.02 secs] 
2021-05-15T05:31:38.790+0800: 72050.470: [GC (Allocation Failure) [PSYoungGen: 514848K->2208K(518144K)] 848638K->336926K(1042432K), 0.0176811 secs] [Times: user=0.05 sys=0.00, real=0.02 secs] 
2021-05-15T05:35:48.889+0800: 72300.569: [GC (Allocation Failure) [PSYoungGen: 514720K->3104K(518656K)] 849438K->338662K(1042944K), 0.0197457 secs] [Times: user=0.06 sys=0.00, real=0.02 secs] 
2021-05-15T05:39:59.206+0800: 72550.885: [GC (Allocation Failure) [PSYoungGen: 516128K->2144K(518656K)] 851686K->338998K(1042944K), 0.0180709 secs] [Times: user=0.06 sys=0.00, real=0.02 secs] 
2021-05-15T05:44:09.276+0800: 72800.956: [GC (Allocation Failure) [PSYoungGen: 515168K->4448K(518144K)] 852022K->342286K(1042432K), 0.0185110 secs] [Times: user=0.05 sys=0.00, real=0.02 secs] 
2021-05-15T05:48:16.653+0800: 73048.332: [GC (Allocation Failure) [PSYoungGen: 517472K->2784K(518656K)] 855310K->344130K(1042944K), 0.0260285 secs] [Times: user=0.06 sys=0.00, real=0.02 secs] 
2021-05-15T05:52:26.760+0800: 73298.439: [GC (Allocation Failure) [PSYoungGen: 515808K->2464K(519168K)] 857154K->345425K(1043456K), 0.0355372 secs] [Times: user=0.05 sys=0.00, real=0.04 secs] 
2021-05-15T05:56:38.625+0800: 73550.305: [GC (Allocation Failure) [PSYoungGen: 516000K->4032K(518656K)] 858961K->348320K(1042944K), 0.0180277 secs] [Times: user=0.06 sys=0.00, real=0.02 secs] 
2021-05-15T06:00:48.582+0800: 73800.262: [GC (Allocation Failure) [PSYoungGen: 517568K->2464K(518656K)] 861856K->349741K(1042944K), 0.0174382 secs] [Times: user=0.05 sys=0.00, real=0.01 secs] 
2021-05-15T06:05:01.495+0800: 74053.174: [GC (Allocation Failure) [PSYoungGen: 515488K->2176K(518656K)] 862765K->350852K(1042944K), 0.0249180 secs] [Times: user=0.07 sys=0.00, real=0.02 secs] 
2021-05-15T06:09:11.823+0800: 74303.502: [GC (Allocation Failure) [PSYoungGen: 515200K->1984K(519168K)] 863876K->351732K(1043456K), 0.0213399 secs] [Times: user=0.06 sys=0.00, real=0.02 secs] 
2021-05-15T06:13:22.407+0800: 74554.087: [GC (Allocation Failure) [PSYoungGen: 516032K->2080K(519168K)] 865780K->352644K(1043456K), 0.0184526 secs] [Times: user=0.05 sys=0.00, real=0.02 secs] 
2021-05-15T06:17:36.092+0800: 74807.772: [GC (Allocation Failure) [PSYoungGen: 516128K->2240K(519168K)] 866692K->353660K(1043456K), 0.0211665 secs] [Times: user=0.06 sys=0.00, real=0.02 secs] 
2021-05-15T06:21:48.122+0800: 75059.802: [GC (Allocation Failure) [PSYoungGen: 516288K->2048K(519168K)] 867708K->354556K(1043456K), 0.0213270 secs] [Times: user=0.06 sys=0.00, real=0.02 secs] 
2021-05-15T06:25:59.655+0800: 75311.335: [GC (Allocation Failure) [PSYoungGen: 516096K->2496K(519680K)] 868604K->355836K(1043968K), 0.0237809 secs] [Times: user=0.07 sys=0.00, real=0.02 secs] 
2021-05-15T06:30:12.189+0800: 75563.869: [GC (Allocation Failure) [PSYoungGen: 517056K->2176K(519168K)] 870396K->356867K(1043456K), 0.0191672 secs] [Times: user=0.05 sys=0.00, real=0.02 secs] 
2021-05-15T06:34:24.249+0800: 75815.928: [GC (Allocation Failure) [PSYoungGen: 516736K->3296K(519680K)] 871427K->358891K(1043968K), 0.0236323 secs] [Times: user=0.07 sys=0.00, real=0.03 secs] 
2021-05-15T06:38:39.565+0800: 76071.245: [GC (Allocation Failure) [PSYoungGen: 518368K->2016K(519680K)] 873963K->359147K(1043968K), 0.0256236 secs] [Times: user=0.06 sys=0.00, real=0.02 secs] 
2021-05-15T06:42:52.506+0800: 76324.186: [GC (Allocation Failure) [PSYoungGen: 517088K->2016K(519680K)] 874219K->360075K(1043968K), 0.0164326 secs] [Times: user=0.05 sys=0.00, real=0.02 secs] 
2021-05-15T06:47:08.285+0800: 76579.965: [GC (Allocation Failure) [PSYoungGen: 517088K->2016K(519680K)] 875147K->360867K(1043968K), 0.0172574 secs] [Times: user=0.06 sys=0.00, real=0.02 secs] 
2021-05-15T06:51:17.535+0800: 76829.215: [GC (Allocation Failure) [PSYoungGen: 517088K->2496K(520192K)] 875939K->362227K(1044480K), 0.0373212 secs] [Times: user=0.06 sys=0.00, real=0.04 secs] 
2021-05-15T06:55:31.275+0800: 77082.954: [GC (Allocation Failure) [PSYoungGen: 518080K->2496K(519680K)] 877811K->363578K(1043968K), 0.0200825 secs] [Times: user=0.05 sys=0.00, real=0.02 secs] 
2021-05-15T06:59:45.444+0800: 77337.123: [GC (Allocation Failure) [PSYoungGen: 518080K->2048K(520192K)] 879162K->364457K(1044480K), 0.0179550 secs] [Times: user=0.06 sys=0.00, real=0.01 secs] 
2021-05-15T07:03:57.153+0800: 77588.833: [GC (Allocation Failure) [PSYoungGen: 518144K->2176K(520192K)] 880553K->365457K(1044480K), 0.0196090 secs] [Times: user=0.06 sys=0.00, real=0.02 secs] 
2021-05-15T07:08:11.886+0800: 77843.566: [GC (Allocation Failure) [PSYoungGen: 518272K->2240K(520192K)] 881553K->366577K(1044480K), 0.0185751 secs] [Times: user=0.06 sys=0.00, real=0.02 secs] 
2021-05-15T07:12:22.991+0800: 78094.671: [GC (Allocation Failure) [PSYoungGen: 518336K->2144K(520192K)] 882673K->367609K(1044480K), 0.0171928 secs] [Times: user=0.06 sys=0.00, real=0.02 secs] 
2021-05-15T07:16:38.303+0800: 78349.983: [GC (Allocation Failure) [PSYoungGen: 518240K->2016K(520704K)] 883705K->368560K(1044992K), 0.0210284 secs] [Times: user=0.06 sys=0.00, real=0.02 secs] 
2021-05-15T07:20:53.555+0800: 78605.234: [GC (Allocation Failure) [PSYoungGen: 519136K->2048K(520704K)] 885680K->369432K(1044992K), 0.0236570 secs] [Times: user=0.05 sys=0.00, real=0.02 secs] 
2021-05-15T07:25:07.781+0800: 78859.461: [GC (Allocation Failure) [PSYoungGen: 519168K->2144K(520704K)] 886552K->370392K(1044992K), 0.0204396 secs] [Times: user=0.06 sys=0.00, real=0.03 secs] 
2021-05-15T07:29:22.199+0800: 79113.879: [GC (Allocation Failure) [PSYoungGen: 519264K->2016K(520704K)] 887512K->371336K(1044992K), 0.0178802 secs] [Times: user=0.05 sys=0.00, real=0.02 secs] 
2021-05-15T07:33:34.843+0800: 79366.523: [GC (Allocation Failure) [PSYoungGen: 519136K->3296K(520704K)] 888456K->373280K(1044992K), 0.0229871 secs] [Times: user=0.06 sys=0.00, real=0.02 secs] 
2021-05-15T07:37:50.235+0800: 79621.914: [GC (Allocation Failure) [PSYoungGen: 520416K->1824K(520704K)] 890400K->373416K(1044992K), 0.0194371 secs] [Times: user=0.06 sys=0.00, real=0.02 secs] 
2021-05-15T07:42:08.030+0800: 79879.710: [GC (Allocation Failure) [PSYoungGen: 518944K->2112K(520704K)] 890536K->374368K(1044992K), 0.0174004 secs] [Times: user=0.05 sys=0.00, real=0.02 secs] 
2021-05-15T07:46:21.009+0800: 80132.688: [GC (Allocation Failure) [PSYoungGen: 519232K->2048K(520704K)] 891488K->375144K(1044992K), 0.0254924 secs] [Times: user=0.08 sys=0.00, real=0.03 secs] 
2021-05-15T07:50:36.502+0800: 80388.182: [GC (Allocation Failure) [PSYoungGen: 519168K->2240K(520704K)] 892264K->376224K(1044992K), 0.0227615 secs] [Times: user=0.05 sys=0.00, real=0.02 secs] 
2021-05-15T07:54:52.026+0800: 80643.706: [GC (Allocation Failure) [PSYoungGen: 519360K->2176K(520704K)] 893344K->377272K(1044992K), 0.0171580 secs] [Times: user=0.06 sys=0.00, real=0.02 secs] 
2021-05-15T07:59:08.236+0800: 80899.916: [GC (Allocation Failure) [PSYoungGen: 519296K->1952K(520704K)] 894392K->378192K(1044992K), 0.0168801 secs] [Times: user=0.06 sys=0.00, real=0.02 secs] 
2021-05-15T08:03:23.273+0800: 81154.952: [GC (Allocation Failure) [PSYoungGen: 519072K->2048K(520704K)] 895312K->379120K(1044992K), 0.0307525 secs] [Times: user=0.06 sys=0.00, real=0.03 secs] 
2021-05-15T08:07:38.190+0800: 81409.870: [GC (Allocation Failure) [PSYoungGen: 519168K->2016K(521216K)] 896240K->379912K(1045504K), 0.0237600 secs] [Times: user=0.06 sys=0.00, real=0.03 secs] 
2021-05-15T08:11:53.320+0800: 81665.000: [GC (Allocation Failure) [PSYoungGen: 520160K->3072K(521216K)] 898056K->384166K(1045504K), 0.0200991 secs] [Times: user=0.07 sys=0.00, real=0.02 secs] 
2021-05-15T08:16:04.090+0800: 81915.770: [GC (Allocation Failure) [PSYoungGen: 521216K->2048K(518144K)] 902310K->386379K(1042432K), 0.0170153 secs] [Times: user=0.05 sys=0.00, real=0.02 secs] 
2021-05-15T08:20:14.353+0800: 82166.032: [GC (Allocation Failure) [PSYoungGen: 517120K->2112K(519680K)] 901451K->387307K(1043968K), 0.0197858 secs] [Times: user=0.05 sys=0.00, real=0.02 secs] 
2021-05-15T08:24:29.801+0800: 82421.481: [GC (Allocation Failure) [PSYoungGen: 517184K->3560K(519680K)] 902379K->389635K(1043968K), 0.0258370 secs] [Times: user=0.06 sys=0.00, real=0.03 secs] 
2021-05-15T08:28:48.594+0800: 82680.274: [GC (Allocation Failure) [PSYoungGen: 518632K->2240K(519680K)] 904707K->390730K(1043968K), 0.0185884 secs] [Times: user=0.06 sys=0.00, real=0.02 secs] 
2021-05-15T08:33:00.392+0800: 82932.072: [GC (Allocation Failure) [PSYoungGen: 517312K->3392K(519680K)] 905802K->392802K(1043968K), 0.0199671 secs] [Times: user=0.06 sys=0.00, real=0.02 secs] 
2021-05-15T08:37:10.896+0800: 83182.575: [GC (Allocation Failure) [PSYoungGen: 518464K->1888K(519680K)] 907874K->393050K(1043968K), 0.0227557 secs] [Times: user=0.06 sys=0.00, real=0.02 secs] 
2021-05-15T08:41:26.343+0800: 83438.023: [GC (Allocation Failure) [PSYoungGen: 516960K->3840K(518656K)] 908122K->395690K(1042944K), 0.0245377 secs] [Times: user=0.07 sys=0.00, real=0.02 secs] 
2021-05-15T08:45:36.899+0800: 83688.579: [GC (Allocation Failure) [PSYoungGen: 517888K->3520K(519168K)] 909738K->398207K(1043456K), 0.0242227 secs] [Times: user=0.06 sys=0.01, real=0.03 secs] 
2021-05-15T08:49:48.853+0800: 83940.533: [GC (Allocation Failure) [PSYoungGen: 517568K->2496K(519168K)] 912255K->399749K(1043456K), 0.0227843 secs] [Times: user=0.06 sys=0.00, real=0.02 secs] 
2021-05-15T08:54:02.338+0800: 84194.017: [GC (Allocation Failure) [PSYoungGen: 516544K->2016K(519168K)] 913797K->400660K(1043456K), 0.0185971 secs] [Times: user=0.06 sys=0.00, real=0.02 secs] 
2021-05-15T08:58:13.113+0800: 84444.792: [GC (Allocation Failure) [PSYoungGen: 516064K->2016K(519680K)] 914708K->401548K(1043968K), 0.0203854 secs] [Times: user=0.06 sys=0.00, real=0.02 secs] 
2021-05-15T09:02:23.512+0800: 84695.191: [GC (Allocation Failure) [PSYoungGen: 517088K->1952K(519680K)] 916620K->402316K(1043968K), 0.0209451 secs] [Times: user=0.06 sys=0.00, real=0.03 secs] 
2021-05-15T09:06:39.118+0800: 84950.798: [GC (Allocation Failure) [PSYoungGen: 517024K->2016K(519680K)] 917388K->403212K(1043968K), 0.0178060 secs] [Times: user=0.05 sys=0.00, real=0.02 secs] 
2021-05-15T09:10:54.282+0800: 85205.961: [GC (Allocation Failure) [PSYoungGen: 517088K->1984K(519680K)] 918284K->404060K(1043968K), 0.0645128 secs] [Times: user=0.05 sys=0.00, real=0.07 secs] 
2021-05-15T09:15:04.598+0800: 85456.278: [GC (Allocation Failure) [PSYoungGen: 517056K->4224K(518656K)] 919132K->407156K(1042944K), 0.0242409 secs] [Times: user=0.07 sys=0.00, real=0.03 secs] 
2021-05-15T09:19:15.005+0800: 85706.685: [GC (Allocation Failure) [PSYoungGen: 518272K->3424K(519168K)] 921204K->409633K(1043456K), 0.0244909 secs] [Times: user=0.08 sys=0.00, real=0.02 secs] 
2021-05-15T09:23:26.450+0800: 85958.129: [GC (Allocation Failure) [PSYoungGen: 517472K->2304K(519168K)] 923681K->410831K(1043456K), 0.0220292 secs] [Times: user=0.06 sys=0.00, real=0.02 secs] 
2021-05-15T09:27:39.514+0800: 86211.194: [GC (Allocation Failure) [PSYoungGen: 516352K->3008K(519168K)] 924879K->412622K(1043456K), 0.0442502 secs] [Times: user=0.05 sys=0.00, real=0.04 secs] 
2021-05-15T09:31:47.473+0800: 86459.153: [GC (Allocation Failure) [PSYoungGen: 517056K->4608K(514560K)] 926670K->418676K(1038848K), 0.0233836 secs] [Times: user=0.08 sys=0.00, real=0.02 secs] 
2021-05-15T09:35:57.373+0800: 86709.053: [GC (Allocation Failure) [PSYoungGen: 514560K->2784K(517120K)] 928628K->421646K(1041408K), 0.0212218 secs] [Times: user=0.07 sys=0.00, real=0.02 secs] 
2021-05-15T09:40:06.937+0800: 86958.616: [GC (Allocation Failure) [PSYoungGen: 512736K->2176K(517632K)] 931598K->422366K(1041920K), 0.0183080 secs] [Times: user=0.05 sys=0.00, real=0.02 secs] 
2021-05-15T09:44:17.261+0800: 87208.941: [GC (Allocation Failure) [PSYoungGen: 513152K->1984K(517632K)] 933342K->423206K(1041920K), 0.0201149 secs] [Times: user=0.06 sys=0.00, real=0.02 secs] 
2021-05-15T09:48:27.721+0800: 87459.401: [GC (Allocation Failure) [PSYoungGen: 512960K->2144K(518144K)] 934182K->424222K(1042432K), 0.0286611 secs] [Times: user=0.07 sys=0.01, real=0.03 secs] 
2021-05-15T09:52:38.162+0800: 87709.842: [GC (Allocation Failure) [PSYoungGen: 513632K->2656K(517632K)] 935710K->425622K(1041920K), 0.0213375 secs] [Times: user=0.06 sys=0.00, real=0.02 secs] 
2021-05-15T09:56:48.762+0800: 87960.441: [GC (Allocation Failure) [PSYoungGen: 514144K->4224K(518144K)] 937110K->428797K(1042432K), 0.0224474 secs] [Times: user=0.05 sys=0.00, real=0.03 secs] 
2021-05-15T10:00:59.819+0800: 88211.499: [GC (Allocation Failure) [PSYoungGen: 516224K->3808K(518144K)] 940797K->431666K(1042432K), 0.0207098 secs] [Times: user=0.07 sys=0.00, real=0.02 secs] 
2021-05-15T10:05:09.910+0800: 88461.589: [GC (Allocation Failure) [PSYoungGen: 515808K->2208K(518144K)] 943666K->432871K(1042432K), 0.0561087 secs] [Times: user=0.06 sys=0.00, real=0.06 secs] 
2021-05-15T10:09:25.067+0800: 88716.747: [GC (Allocation Failure) [PSYoungGen: 514208K->3104K(518144K)] 944871K->434831K(1042432K), 0.0319300 secs] [Times: user=0.06 sys=0.00, real=0.03 secs] 
2021-05-15T10:13:35.990+0800: 88967.669: [GC (Allocation Failure) [PSYoungGen: 515104K->2720K(518656K)] 946831K->436509K(1042944K), 0.0207736 secs] [Times: user=0.06 sys=0.00, real=0.02 secs] 
2021-05-15T10:17:47.596+0800: 89219.276: [GC (Allocation Failure) [PSYoungGen: 515744K->2144K(518656K)] 949533K->437556K(1042944K), 0.0197560 secs] [Times: user=0.06 sys=0.00, real=0.02 secs] 
2021-05-15T10:22:00.390+0800: 89472.070: [GC (Allocation Failure) [PSYoungGen: 515168K->2208K(518656K)] 950580K->438700K(1042944K), 0.0283717 secs] [Times: user=0.07 sys=0.00, real=0.03 secs] 
2021-05-15T10:26:11.470+0800: 89723.150: [GC (Allocation Failure) [PSYoungGen: 515232K->1984K(518656K)] 951724K->439547K(1042944K), 0.0193748 secs] [Times: user=0.06 sys=0.00, real=0.02 secs] 
2021-05-15T10:30:21.715+0800: 89973.395: [GC (Allocation Failure) [PSYoungGen: 515008K->1984K(519168K)] 952571K->440427K(1043456K), 0.0228896 secs] [Times: user=0.07 sys=0.00, real=0.02 secs] 
2021-05-15T10:34:32.456+0800: 90224.136: [GC (Allocation Failure) [PSYoungGen: 516032K->3136K(519168K)] 954475K->442315K(1043456K), 0.0183032 secs] [Times: user=0.07 sys=0.00, real=0.02 secs] 
2021-05-15T10:38:46.424+0800: 90478.104: [GC (Allocation Failure) [PSYoungGen: 517184K->1792K(519168K)] 956363K->442483K(1043456K), 0.0218846 secs] [Times: user=0.07 sys=0.00, real=0.02 secs] 
2021-05-15T10:42:55.402+0800: 90727.081: [GC (Allocation Failure) [PSYoungGen: 515840K->2464K(519168K)] 956531K->443835K(1043456K), 0.0588770 secs] [Times: user=0.05 sys=0.00, real=0.06 secs] 
2021-05-15T10:47:08.416+0800: 90980.096: [GC (Allocation Failure) [PSYoungGen: 516512K->2272K(519680K)] 957883K->444979K(1043968K), 0.0227838 secs] [Times: user=0.07 sys=0.00, real=0.02 secs] 
2021-05-15T10:51:19.450+0800: 91231.129: [GC (Allocation Failure) [PSYoungGen: 516832K->1920K(519168K)] 959539K->445802K(1043456K), 0.0207465 secs] [Times: user=0.07 sys=0.00, real=0.02 secs] 
2021-05-15T10:55:30.386+0800: 91482.066: [GC (Allocation Failure) [PSYoungGen: 516480K->2240K(519680K)] 960362K->446938K(1043968K), 0.0214067 secs] [Times: user=0.07 sys=0.00, real=0.02 secs] 
2021-05-15T10:59:44.495+0800: 91736.175: [GC (Allocation Failure) [PSYoungGen: 517312K->2912K(519680K)] 962010K->448698K(1043968K), 0.0206960 secs] [Times: user=0.06 sys=0.00, real=0.02 secs] 
2021-05-15T11:03:55.518+0800: 91987.198: [GC (Allocation Failure) [PSYoungGen: 517984K->3456K(519680K)] 963770K->451113K(1043968K), 0.0172384 secs] [Times: user=0.05 sys=0.01, real=0.02 secs] 
2021-05-15T11:08:05.934+0800: 92237.614: [GC (Allocation Failure) [PSYoungGen: 518528K->2912K(519680K)] 966185K->453110K(1043968K), 0.0288146 secs] [Times: user=0.08 sys=0.00, real=0.03 secs] 
2021-05-15T11:12:19.718+0800: 92491.397: [GC (Allocation Failure) [PSYoungGen: 517984K->3520K(519680K)] 968182K->455557K(1043968K), 0.0235447 secs] [Times: user=0.06 sys=0.00, real=0.02 secs] 
2021-05-15T11:16:30.915+0800: 92742.595: [GC (Allocation Failure) [PSYoungGen: 518592K->2496K(519680K)] 970629K->457083K(1043968K), 0.0247548 secs] [Times: user=0.05 sys=0.00, real=0.02 secs] 
2021-05-15T11:20:42.782+0800: 92994.462: [GC (Allocation Failure) [PSYoungGen: 517568K->2048K(519680K)] 972155K->457954K(1043968K), 0.0275339 secs] [Times: user=0.06 sys=0.00, real=0.02 secs] 
2021-05-15T11:24:57.032+0800: 93248.711: [GC (Allocation Failure) [PSYoungGen: 517120K->1984K(519680K)] 973026K->458762K(1043968K), 0.0220371 secs] [Times: user=0.06 sys=0.00, real=0.03 secs] 
2021-05-15T11:29:10.028+0800: 93501.707: [GC (Allocation Failure) [PSYoungGen: 517056K->1952K(519680K)] 973834K->459562K(1043968K), 0.0201027 secs] [Times: user=0.07 sys=0.00, real=0.02 secs] 
2021-05-15T11:33:23.358+0800: 93755.037: [GC (Allocation Failure) [PSYoungGen: 517024K->3296K(519680K)] 974634K->461570K(1043968K), 0.0245337 secs] [Times: user=0.07 sys=0.00, real=0.03 secs] 
2021-05-15T11:37:35.959+0800: 94007.638: [GC (Allocation Failure) [PSYoungGen: 518368K->1856K(519680K)] 976642K->461818K(1043968K), 0.0205102 secs] [Times: user=0.06 sys=0.00, real=0.02 secs] 
2021-05-15T11:41:48.590+0800: 94260.270: [GC (Allocation Failure) [PSYoungGen: 516928K->2304K(519680K)] 976890K->462970K(1043968K), 0.0258832 secs] [Times: user=0.05 sys=0.00, real=0.03 secs] 
2021-05-15T11:46:00.113+0800: 94511.793: [GC (Allocation Failure) [PSYoungGen: 517376K->1984K(520192K)] 978042K->463746K(1044480K), 0.0231263 secs] [Times: user=0.06 sys=0.00, real=0.02 secs] 
2021-05-15T11:50:14.875+0800: 94766.554: [GC (Allocation Failure) [PSYoungGen: 517568K->2272K(519680K)] 979330K->464946K(1043968K), 0.0264370 secs] [Times: user=0.06 sys=0.00, real=0.02 secs] 
2021-05-15T11:54:29.871+0800: 95021.550: [GC (Allocation Failure) [PSYoungGen: 517856K->2272K(520192K)] 980530K->466065K(1044480K), 0.0223735 secs] [Times: user=0.06 sys=0.00, real=0.03 secs] 
2021-05-15T11:58:44.055+0800: 95275.735: [GC (Allocation Failure) [PSYoungGen: 518368K->1952K(520192K)] 982161K->466873K(1044480K), 0.0209530 secs] [Times: user=0.06 sys=0.00, real=0.02 secs] 
2021-05-15T12:02:55.700+0800: 95527.380: [GC (Allocation Failure) [PSYoungGen: 518048K->1952K(520192K)] 982969K->467705K(1044480K), 0.0169722 secs] [Times: user=0.06 sys=0.00, real=0.02 secs] 
2021-05-15T12:07:08.955+0800: 95780.635: [GC (Allocation Failure) [PSYoungGen: 518048K->1952K(520192K)] 983801K->468529K(1044480K), 0.0326759 secs] [Times: user=0.06 sys=0.00, real=0.03 secs] 
2021-05-15T12:11:21.272+0800: 96032.952: [GC (Allocation Failure) [PSYoungGen: 518048K->4096K(517120K)] 984625K->473537K(1041408K), 0.0299143 secs] [Times: user=0.08 sys=0.00, real=0.03 secs] 
2021-05-15T12:15:31.600+0800: 96283.279: [GC (Allocation Failure) [PSYoungGen: 517120K->5632K(518656K)] 986561K->481012K(1042944K), 0.0277951 secs] [Times: user=0.07 sys=0.00, real=0.03 secs] 
2021-05-15T12:19:42.395+0800: 96534.075: [GC (Allocation Failure) [PSYoungGen: 518656K->1984K(513536K)] 994036K->483260K(1037824K), 0.0249686 secs] [Times: user=0.07 sys=0.00, real=0.02 secs] 
2021-05-15T12:23:52.518+0800: 96784.198: [GC (Allocation Failure) [PSYoungGen: 509888K->2656K(516096K)] 991164K->484789K(1040384K), 0.0241451 secs] [Times: user=0.07 sys=0.00, real=0.03 secs] 
2021-05-15T12:28:00.848+0800: 97032.527: [GC (Allocation Failure) [PSYoungGen: 510560K->5408K(516096K)] 992693K->489108K(1040384K), 0.0331860 secs] [Times: user=0.06 sys=0.00, real=0.03 secs] 
2021-05-15T12:32:11.692+0800: 97283.371: [GC (Allocation Failure) [PSYoungGen: 513312K->4032K(516096K)] 997012K->492111K(1040384K), 0.0548301 secs] [Times: user=0.07 sys=0.00, real=0.06 secs] 
2021-05-15T12:36:23.531+0800: 97535.211: [GC (Allocation Failure) [PSYoungGen: 511936K->2144K(516608K)] 1000015K->492637K(1040896K), 0.0214139 secs] [Times: user=0.07 sys=0.00, real=0.03 secs] 
2021-05-15T12:40:29.221+0800: 97780.900: [GC (Allocation Failure) [PSYoungGen: 510560K->2048K(516096K)] 1001053K->493525K(1040384K), 0.0227995 secs] [Times: user=0.07 sys=0.00, real=0.03 secs] 
2021-05-15T12:44:41.734+0800: 98033.414: [GC (Allocation Failure) [PSYoungGen: 510464K->1888K(516608K)] 1001941K->494301K(1040896K), 0.0233073 secs] [Times: user=0.06 sys=0.00, real=0.02 secs] 
2021-05-15T12:48:49.961+0800: 98281.640: [GC (Allocation Failure) [PSYoungGen: 510816K->2080K(516608K)] 1003229K->495325K(1040896K), 0.0214106 secs] [Times: user=0.06 sys=0.00, real=0.03 secs] 
2021-05-15T12:53:00.291+0800: 98531.970: [GC (Allocation Failure) [PSYoungGen: 511008K->1952K(517120K)] 1004253K->496069K(1041408K), 0.0274315 secs] [Times: user=0.07 sys=0.01, real=0.03 secs] 
2021-05-15T12:57:10.682+0800: 98782.362: [GC (Allocation Failure) [PSYoungGen: 511904K->1984K(517120K)] 1006021K->496949K(1041408K), 0.0223040 secs] [Times: user=0.07 sys=0.00, real=0.03 secs] 
2021-05-15T13:01:21.022+0800: 99032.702: [GC (Allocation Failure) [PSYoungGen: 511936K->2016K(517632K)] 1006901K->497837K(1041920K), 0.0300151 secs] [Times: user=0.07 sys=0.00, real=0.04 secs] 
2021-05-15T13:05:31.792+0800: 99283.472: [GC (Allocation Failure) [PSYoungGen: 512992K->1952K(517632K)] 1008813K->498646K(1041920K), 0.0198551 secs] [Times: user=0.06 sys=0.00, real=0.03 secs] 
2021-05-15T13:09:46.784+0800: 99538.464: [GC (Allocation Failure) [PSYoungGen: 512928K->2048K(518144K)] 1009622K->499574K(1042432K), 0.0246633 secs] [Times: user=0.07 sys=0.00, real=0.02 secs] 
2021-05-15T13:13:57.379+0800: 99789.059: [GC (Allocation Failure) [PSYoungGen: 513536K->2016K(517632K)] 1011062K->500398K(1041920K), 0.0213392 secs] [Times: user=0.05 sys=0.00, real=0.02 secs] 
2021-05-15T13:18:07.695+0800: 100039.375: [GC (Allocation Failure) [PSYoungGen: 513504K->1920K(518656K)] 1011886K->501198K(1042944K), 0.0216186 secs] [Times: user=0.06 sys=0.00, real=0.02 secs] 
2021-05-15T13:22:18.139+0800: 100289.819: [GC (Allocation Failure) [PSYoungGen: 514432K->2176K(518144K)] 1013710K->502278K(1042432K), 0.0207199 secs] [Times: user=0.06 sys=0.01, real=0.02 secs] 
2021-05-15T13:26:30.572+0800: 100542.251: [GC (Allocation Failure) [PSYoungGen: 514688K->1984K(519168K)] 1014790K->503173K(1043456K), 0.0191172 secs] [Times: user=0.07 sys=0.00, real=0.02 secs] 
2021-05-15T13:30:43.801+0800: 100795.481: [GC (Allocation Failure) [PSYoungGen: 515520K->2144K(518656K)] 1016709K->504197K(1042944K), 0.0237175 secs] [Times: user=0.06 sys=0.00, real=0.03 secs] 
2021-05-15T13:34:56.481+0800: 101048.160: [GC (Allocation Failure) [PSYoungGen: 515680K->3392K(519168K)] 1017733K->506365K(1043456K), 0.0251269 secs] [Times: user=0.07 sys=0.00, real=0.03 secs] 
2021-05-15T13:39:09.582+0800: 101301.262: [GC (Allocation Failure) [PSYoungGen: 517440K->1792K(519168K)] 1020413K->506509K(1043456K), 0.0262958 secs] [Times: user=0.07 sys=0.00, real=0.03 secs] 
2021-05-15T13:43:25.090+0800: 101556.770: [GC (Allocation Failure) [PSYoungGen: 515840K->2176K(519168K)] 1020557K->507589K(1043456K), 0.0256555 secs] [Times: user=0.06 sys=0.00, real=0.03 secs] 
2021-05-15T13:47:32.573+0800: 101804.253: [GC (Allocation Failure) [PSYoungGen: 516224K->2272K(519168K)] 1021637K->508772K(1043456K), 0.0723416 secs] [Times: user=0.07 sys=0.00, real=0.07 secs] 
2021-05-15T13:51:46.020+0800: 102057.700: [GC (Allocation Failure) [PSYoungGen: 516320K->2016K(519680K)] 1022820K->509676K(1043968K), 0.0198836 secs] [Times: user=0.06 sys=0.00, real=0.02 secs] 
2021-05-15T13:56:02.730+0800: 102314.410: [GC (Allocation Failure) [PSYoungGen: 517088K->2048K(519680K)] 1024748K->510548K(1043968K), 0.0272374 secs] [Times: user=0.05 sys=0.00, real=0.03 secs] 
2021-05-15T14:00:16.615+0800: 102568.295: [GC (Allocation Failure) [PSYoungGen: 517120K->2208K(520192K)] 1025620K->511556K(1044480K), 0.0213502 secs] [Times: user=0.06 sys=0.00, real=0.02 secs] 
2021-05-15T14:04:27.665+0800: 102819.345: [GC (Allocation Failure) [PSYoungGen: 517792K->2688K(519680K)] 1027140K->513156K(1043968K), 0.0180833 secs] [Times: user=0.06 sys=0.00, real=0.02 secs] 
2021-05-15T14:08:42.360+0800: 103074.040: [GC (Allocation Failure) [PSYoungGen: 518272K->2400K(520192K)] 1028740K->514507K(1044480K), 0.0215841 secs] [Times: user=0.06 sys=0.00, real=0.02 secs] 
2021-05-15T14:12:57.969+0800: 103329.648: [GC (Allocation Failure) [PSYoungGen: 518496K->2048K(520192K)] 1030603K->515498K(1044480K), 0.0571920 secs] [Times: user=0.08 sys=0.00, real=0.06 secs] 
2021-05-15T14:17:13.296+0800: 103584.976: [GC (Allocation Failure) [PSYoungGen: 518144K->2208K(520192K)] 1031594K->516538K(1044480K), 0.0213132 secs] [Times: user=0.06 sys=0.00, real=0.02 secs] 
2021-05-15T14:21:28.824+0800: 103840.503: [GC (Allocation Failure) [PSYoungGen: 518304K->1984K(520192K)] 1032634K->517490K(1044480K), 0.0225827 secs] [Times: user=0.07 sys=0.00, real=0.02 secs] 
2021-05-15T14:25:44.199+0800: 104095.879: [GC (Allocation Failure) [PSYoungGen: 518080K->2016K(520704K)] 1033586K->518402K(1044992K), 0.0167411 secs] [Times: user=0.06 sys=0.00, real=0.02 secs] 
2021-05-15T14:29:59.409+0800: 104351.089: [GC (Allocation Failure) [PSYoungGen: 519136K->2176K(520704K)] 1035522K->519410K(1044992K), 0.0185101 secs] [Times: user=0.06 sys=0.00, real=0.02 secs] 
2021-05-15T14:34:14.773+0800: 104606.453: [GC (Allocation Failure) [PSYoungGen: 519296K->3296K(519680K)] 1036530K->521434K(1043968K), 0.0205448 secs] [Times: user=0.05 sys=0.00, real=0.02 secs] 
2021-05-15T14:38:25.230+0800: 104856.910: [GC (Allocation Failure) [PSYoungGen: 519392K->4032K(520192K)] 1037530K->523762K(1044480K), 0.0199875 secs] [Times: user=0.06 sys=0.00, real=0.02 secs] 
2021-05-15T14:42:40.721+0800: 105112.400: [GC (Allocation Failure) [PSYoungGen: 520128K->2880K(520192K)] 1039858K->525742K(1044480K), 0.0226328 secs] [Times: user=0.06 sys=0.00, real=0.03 secs] 
2021-05-15T14:42:40.744+0800: 105112.424: [Full GC (Ergonomics) [PSYoungGen: 2880K->0K(520192K)] [ParOldGen: 522862K->217648K(524288K)] 525742K->217648K(1044480K), [Metaspace: 92184K->92184K(1134592K)], 0.7976343 secs] [Times: user=2.19 sys=0.00, real=0.79 secs] 
2021-05-15T14:46:53.688+0800: 105365.368: [GC (Allocation Failure) [PSYoungGen: 516096K->2048K(520192K)] 733744K->219696K(1044480K), 0.0224151 secs] [Times: user=0.04 sys=0.00, real=0.02 secs] 
2021-05-15T14:51:07.321+0800: 105619.000: [GC (Allocation Failure) [PSYoungGen: 518144K->2240K(520192K)] 735792K->220867K(1044480K), 0.0146448 secs] [Times: user=0.05 sys=0.00, real=0.02 secs] 
2021-05-15T14:55:21.934+0800: 105873.614: [GC (Allocation Failure) [PSYoungGen: 518336K->2240K(520192K)] 736963K->222003K(1044480K), 0.0164367 secs] [Times: user=0.05 sys=0.00, real=0.01 secs] 
2021-05-15T14:59:33.294+0800: 106124.974: [GC (Allocation Failure) [PSYoungGen: 518336K->2016K(520192K)] 738099K->222866K(1044480K), 0.0193604 secs] [Times: user=0.05 sys=0.00, real=0.02 secs] 
2021-05-15T15:03:47.780+0800: 106379.460: [GC (Allocation Failure) [PSYoungGen: 518112K->1984K(520192K)] 738962K->223690K(1044480K), 0.0172246 secs] [Times: user=0.04 sys=0.00, real=0.02 secs] 
2021-05-15T15:07:58.921+0800: 106630.601: [GC (Allocation Failure) [PSYoungGen: 518080K->2272K(520704K)] 739786K->224810K(1044992K), 0.0196895 secs] [Times: user=0.05 sys=0.00, real=0.02 secs] 
2021-05-15T15:12:13.444+0800: 106885.123: [GC (Allocation Failure) [PSYoungGen: 518880K->2208K(520192K)] 741418K->225882K(1044480K), 0.0176757 secs] [Times: user=0.06 sys=0.00, real=0.01 secs] 
2021-05-15T15:16:24.579+0800: 107136.259: [GC (Allocation Failure) [PSYoungGen: 518816K->2240K(520704K)] 742490K->227018K(1044992K), 0.0164739 secs] [Times: user=0.04 sys=0.00, real=0.02 secs] 
2021-05-15T15:20:39.928+0800: 107391.607: [GC (Allocation Failure) [PSYoungGen: 519360K->2528K(520704K)] 744138K->228377K(1044992K), 0.0189387 secs] [Times: user=0.05 sys=0.00, real=0.02 secs] 
2021-05-15T15:24:54.723+0800: 107646.403: [GC (Allocation Failure) [PSYoungGen: 519648K->2112K(520704K)] 745497K->229400K(1044992K), 0.0182905 secs] [Times: user=0.05 sys=0.00, real=0.01 secs] 
2021-05-15T15:29:05.647+0800: 107897.326: [GC (Allocation Failure) [PSYoungGen: 519232K->2016K(520704K)] 746520K->230400K(1044992K), 0.0164595 secs] [Times: user=0.05 sys=0.00, real=0.02 secs] 
2021-05-15T15:33:20.218+0800: 108151.898: [GC (Allocation Failure) [PSYoungGen: 519136K->3488K(519680K)] 747520K->232536K(1043968K), 0.0183684 secs] [Times: user=0.05 sys=0.00, real=0.02 secs] 
2021-05-15T15:37:31.510+0800: 108403.190: [GC (Allocation Failure) [PSYoungGen: 519584K->1856K(520192K)] 748632K->232600K(1044480K), 0.0223056 secs] [Times: user=0.06 sys=0.00, real=0.03 secs] 
2021-05-15T15:41:43.683+0800: 108655.362: [GC (Allocation Failure) [PSYoungGen: 517952K->2048K(520704K)] 748696K->233480K(1044992K), 0.0197295 secs] [Times: user=0.04 sys=0.00, real=0.02 secs] 
2021-05-15T15:45:56.772+0800: 108908.452: [GC (Allocation Failure) [PSYoungGen: 519168K->1984K(520704K)] 750600K->234264K(1044992K), 0.0141375 secs] [Times: user=0.04 sys=0.00, real=0.01 secs] 
2021-05-15T15:50:11.472+0800: 109163.151: [GC (Allocation Failure) [PSYoungGen: 519104K->2272K(520704K)] 751384K->235392K(1044992K), 0.0165605 secs] [Times: user=0.04 sys=0.00, real=0.02 secs] 
2021-05-15T15:54:22.981+0800: 109414.661: [GC (Allocation Failure) [PSYoungGen: 519392K->2336K(520704K)] 752512K->236576K(1044992K), 0.0212104 secs] [Times: user=0.05 sys=0.01, real=0.03 secs] 
2021-05-15T15:58:38.329+0800: 109670.008: [GC (Allocation Failure) [PSYoungGen: 519456K->1984K(520704K)] 753696K->237400K(1044992K), 0.0223671 secs] [Times: user=0.05 sys=0.00, real=0.02 secs] 
2021-05-15T16:02:53.441+0800: 109925.121: [GC (Allocation Failure) [PSYoungGen: 519104K->1984K(520704K)] 754520K->238240K(1044992K), 0.0168733 secs] [Times: user=0.05 sys=0.00, real=0.02 secs] 
2021-05-15T16:07:04.137+0800: 110175.816: [GC (Allocation Failure) [PSYoungGen: 519104K->2048K(520704K)] 755360K->239160K(1044992K), 0.0516401 secs] [Times: user=0.07 sys=0.00, real=0.05 secs] 
2021-05-15T16:11:19.250+0800: 110430.930: [GC (Allocation Failure) [PSYoungGen: 519168K->1920K(520704K)] 756280K->239904K(1044992K), 0.0314515 secs] [Times: user=0.06 sys=0.00, real=0.03 secs] 
2021-05-15T16:15:30.041+0800: 110681.720: [GC (Allocation Failure) [PSYoungGen: 519040K->2304K(521216K)] 757024K->241112K(1045504K), 0.0202820 secs] [Times: user=0.05 sys=0.00, real=0.02 secs] 
2021-05-15T16:19:44.777+0800: 110936.457: [GC (Allocation Failure) [PSYoungGen: 520448K->3072K(521216K)] 759256K->245724K(1045504K), 0.0194903 secs] [Times: user=0.06 sys=0.00, real=0.02 secs] 
2021-05-15T16:23:57.566+0800: 111189.246: [GC (Allocation Failure) [PSYoungGen: 521216K->3072K(514048K)] 763868K->251015K(1038336K), 0.0167470 secs] [Times: user=0.05 sys=0.00, real=0.02 secs] 
2021-05-15T16:28:14.291+0800: 111445.971: [GC (Allocation Failure) [PSYoungGen: 514048K->2272K(517632K)] 761991K->252813K(1041920K), 0.0293434 secs] [Times: user=0.05 sys=0.00, real=0.03 secs] 
2021-05-15T16:32:22.121+0800: 111693.800: [GC (Allocation Failure) [PSYoungGen: 513248K->3296K(517632K)] 763789K->254832K(1041920K), 0.0207135 secs] [Times: user=0.07 sys=0.00, real=0.02 secs] 
2021-05-15T16:36:32.433+0800: 111944.113: [GC (Allocation Failure) [PSYoungGen: 514272K->2272K(517632K)] 765808K->255504K(1041920K), 0.0189922 secs] [Times: user=0.06 sys=0.00, real=0.02 secs] 
2021-05-15T16:40:45.735+0800: 112197.414: [GC (Allocation Failure) [PSYoungGen: 513248K->1984K(518144K)] 766480K->256232K(1042432K), 0.0205904 secs] [Times: user=0.05 sys=0.00, real=0.02 secs] 
2021-05-15T16:44:57.807+0800: 112449.486: [GC (Allocation Failure) [PSYoungGen: 513984K->2208K(518144K)] 768232K->257320K(1042432K), 0.0161429 secs] [Times: user=0.05 sys=0.00, real=0.02 secs] 
2021-05-15T16:49:12.620+0800: 112704.300: [GC (Allocation Failure) [PSYoungGen: 514208K->2080K(518656K)] 769320K->258272K(1042944K), 0.0189950 secs] [Times: user=0.06 sys=0.00, real=0.02 secs] 
2021-05-15T16:53:23.644+0800: 112955.324: [GC (Allocation Failure) [PSYoungGen: 514592K->2080K(518144K)] 770784K->259160K(1042432K), 0.0217647 secs] [Times: user=0.06 sys=0.00, real=0.02 secs] 
2021-05-15T16:57:30.990+0800: 113202.669: [GC (Allocation Failure) [PSYoungGen: 514592K->2432K(518656K)] 771672K->260392K(1042944K), 0.0208335 secs] [Times: user=0.05 sys=0.00, real=0.02 secs] 
2021-05-15T17:01:44.852+0800: 113456.532: [GC (Allocation Failure) [PSYoungGen: 515456K->2240K(518656K)] 773416K->261519K(1042944K), 0.0807895 secs] [Times: user=0.04 sys=0.00, real=0.09 secs] 
2021-05-15T17:05:56.702+0800: 113708.381: [GC (Allocation Failure) [PSYoungGen: 515264K->2432K(519168K)] 774543K->262823K(1043456K), 0.0191556 secs] [Times: user=0.06 sys=0.00, real=0.02 secs] 
2021-05-15T17:10:09.884+0800: 113961.564: [GC (Allocation Failure) [PSYoungGen: 516480K->2112K(519168K)] 776871K->263830K(1043456K), 0.0475953 secs] [Times: user=0.05 sys=0.00, real=0.04 secs] 
2021-05-15T17:14:21.053+0800: 114212.732: [GC (Allocation Failure) [PSYoungGen: 516160K->2240K(519680K)] 777878K->264814K(1043968K), 0.0247081 secs] [Times: user=0.08 sys=0.00, real=0.02 secs] 
2021-05-15T17:18:34.899+0800: 114466.579: [GC (Allocation Failure) [PSYoungGen: 516800K->2208K(519168K)] 779374K->265886K(1043456K), 0.0186601 secs] [Times: user=0.05 sys=0.00, real=0.02 secs] 
2021-05-15T17:22:49.929+0800: 114721.608: [GC (Allocation Failure) [PSYoungGen: 516768K->2016K(519680K)] 780446K->266765K(1043968K), 0.0241418 secs] [Times: user=0.07 sys=0.00, real=0.03 secs] 
2021-05-15T17:27:02.335+0800: 114974.015: [GC (Allocation Failure) [PSYoungGen: 517088K->1984K(519680K)] 781837K->267653K(1043968K), 0.0236385 secs] [Times: user=0.05 sys=0.00, real=0.02 secs] 
2021-05-15T17:31:17.674+0800: 115229.353: [GC (Allocation Failure) [PSYoungGen: 517056K->1984K(520192K)] 782725K->268550K(1044480K), 0.0198027 secs] [Times: user=0.05 sys=0.00, real=0.02 secs] 
2021-05-15T17:35:28.214+0800: 115479.893: [GC (Allocation Failure) [PSYoungGen: 517568K->3104K(519680K)] 784134K->270334K(1043968K), 0.0227956 secs] [Times: user=0.07 sys=0.00, real=0.02 secs] 
2021-05-15T17:39:43.501+0800: 115735.181: [GC (Allocation Failure) [PSYoungGen: 518688K->2272K(520192K)] 785918K->270966K(1044480K), 0.0196577 secs] [Times: user=0.06 sys=0.00, real=0.02 secs] 
2021-05-15T17:43:55.134+0800: 115986.814: [GC (Allocation Failure) [PSYoungGen: 517856K->2048K(519680K)] 786550K->271973K(1043968K), 0.0220833 secs] [Times: user=0.05 sys=0.00, real=0.02 secs] 
2021-05-15T17:48:09.456+0800: 116241.136: [GC (Allocation Failure) [PSYoungGen: 517632K->2144K(520192K)] 787557K->272901K(1044480K), 0.0201684 secs] [Times: user=0.04 sys=0.00, real=0.02 secs] 
2021-05-15T17:52:24.908+0800: 116496.588: [GC (Allocation Failure) [PSYoungGen: 518240K->2016K(520192K)] 788997K->273701K(1044480K), 0.0253485 secs] [Times: user=0.06 sys=0.00, real=0.03 secs] 
2021-05-15T17:56:40.311+0800: 116751.990: [GC (Allocation Failure) [PSYoungGen: 518112K->2272K(520192K)] 789797K->274797K(1044480K), 0.0185907 secs] [Times: user=0.05 sys=0.00, real=0.02 secs] 
2021-05-15T18:00:50.804+0800: 117002.483: [GC (Allocation Failure) [PSYoungGen: 518368K->4096K(520192K)] 790893K->280027K(1044480K), 0.0225605 secs] [Times: user=0.06 sys=0.00, real=0.02 secs] 
2021-05-15T18:05:06.255+0800: 117257.935: [GC (Allocation Failure) [PSYoungGen: 520192K->3168K(517120K)] 796123K->282831K(1041408K), 0.0255352 secs] [Times: user=0.05 sys=0.00, real=0.02 secs] 
2021-05-15T18:09:20.406+0800: 117512.086: [GC (Allocation Failure) [PSYoungGen: 516192K->2080K(518656K)] 795855K->283837K(1042944K), 0.0184520 secs] [Times: user=0.06 sys=0.00, real=0.02 secs] 
2021-05-15T18:13:31.955+0800: 117763.634: [GC (Allocation Failure) [PSYoungGen: 515104K->2176K(519168K)] 796861K->284781K(1043456K), 0.0262699 secs] [Times: user=0.07 sys=0.00, real=0.02 secs] 
2021-05-15T18:17:46.418+0800: 118018.097: [GC (Allocation Failure) [PSYoungGen: 515712K->1952K(518656K)] 798317K->285668K(1042944K), 0.0241563 secs] [Times: user=0.07 sys=0.00, real=0.03 secs] 
2021-05-15T18:21:59.005+0800: 118270.685: [GC (Allocation Failure) [PSYoungGen: 515488K->2048K(519168K)] 799204K->286596K(1043456K), 0.0192980 secs] [Times: user=0.06 sys=0.00, real=0.02 secs] 
2021-05-15T18:26:13.316+0800: 118524.995: [GC (Allocation Failure) [PSYoungGen: 516096K->2016K(519168K)] 800644K->287396K(1043456K), 0.0205144 secs] [Times: user=0.05 sys=0.00, real=0.02 secs] 
2021-05-15T18:30:28.651+0800: 118780.331: [GC (Allocation Failure) [PSYoungGen: 516064K->1952K(519680K)] 801444K->288229K(1043968K), 0.0195579 secs] [Times: user=0.05 sys=0.01, real=0.02 secs] 
2021-05-15T18:34:44.070+0800: 119035.749: [GC (Allocation Failure) [PSYoungGen: 516512K->3200K(519168K)] 802789K->290165K(1043456K), 0.0263242 secs] [Times: user=0.07 sys=0.00, real=0.03 secs] 
2021-05-15T18:38:54.506+0800: 119286.186: [GC (Allocation Failure) [PSYoungGen: 517760K->1824K(519680K)] 804725K->290340K(1043968K), 0.0240899 secs] [Times: user=0.06 sys=0.00, real=0.02 secs] 
2021-05-15T18:43:08.084+0800: 119539.764: [GC (Allocation Failure) [PSYoungGen: 516384K->3776K(519168K)] 804900K->292980K(1043456K), 0.0197550 secs] [Times: user=0.05 sys=0.01, real=0.02 secs] 
2021-05-15T18:47:20.370+0800: 119792.049: [GC (Allocation Failure) [PSYoungGen: 518336K->2752K(519168K)] 807540K->294754K(1043456K), 0.0250066 secs] [Times: user=0.05 sys=0.00, real=0.03 secs] 
2021-05-15T18:51:31.026+0800: 120042.706: [GC (Allocation Failure) [PSYoungGen: 516800K->5120K(519168K)] 808802K->300064K(1043456K), 0.0225970 secs] [Times: user=0.05 sys=0.00, real=0.02 secs] 
2021-05-15T18:55:44.844+0800: 120296.524: [GC (Allocation Failure) [PSYoungGen: 519168K->2912K(516096K)] 814112K->302578K(1040384K), 0.0183250 secs] [Times: user=0.06 sys=0.00, real=0.02 secs] 
2021-05-15T18:59:56.661+0800: 120548.340: [GC (Allocation Failure) [PSYoungGen: 513888K->2272K(517632K)] 813554K->303753K(1041920K), 0.0229115 secs] [Times: user=0.06 sys=0.00, real=0.03 secs] 
2021-05-15T19:04:07.292+0800: 120798.971: [GC (Allocation Failure) [PSYoungGen: 513248K->2400K(518144K)] 814729K->305009K(1042432K), 0.0237026 secs] [Times: user=0.06 sys=0.00, real=0.03 secs] 
2021-05-15T19:08:21.352+0800: 121053.031: [GC (Allocation Failure) [PSYoungGen: 514400K->2304K(518144K)] 817009K->306264K(1042432K), 0.0260364 secs] [Times: user=0.04 sys=0.00, real=0.03 secs] 
2021-05-15T19:12:32.624+0800: 121304.303: [GC (Allocation Failure) [PSYoungGen: 514304K->2144K(518656K)] 818264K->307224K(1042944K), 0.0232384 secs] [Times: user=0.06 sys=0.01, real=0.02 secs] 
2021-05-15T19:16:44.380+0800: 121556.060: [GC (Allocation Failure) [PSYoungGen: 514656K->2240K(518144K)] 819736K->308399K(1042432K), 0.0206441 secs] [Times: user=0.05 sys=0.00, real=0.02 secs] 
2021-05-15T19:20:56.387+0800: 121808.067: [GC (Allocation Failure) [PSYoungGen: 514752K->2240K(518656K)] 820911K->309487K(1042944K), 0.0214037 secs] [Times: user=0.06 sys=0.00, real=0.02 secs] 
2021-05-15T19:25:09.326+0800: 122061.006: [GC (Allocation Failure) [PSYoungGen: 515264K->1952K(518656K)] 822511K->310319K(1042944K), 0.0184560 secs] [Times: user=0.06 sys=0.00, real=0.02 secs] 
2021-05-15T19:29:21.615+0800: 122313.295: [GC (Allocation Failure) [PSYoungGen: 514976K->2016K(519168K)] 823343K->311207K(1043456K), 0.0344287 secs] [Times: user=0.06 sys=0.00, real=0.03 secs] 
2021-05-15T19:33:30.481+0800: 122562.161: [GC (Allocation Failure) [PSYoungGen: 516064K->4096K(518656K)] 825255K->313959K(1042944K), 0.0181461 secs] [Times: user=0.06 sys=0.00, real=0.02 secs] 
2021-05-15T19:37:41.573+0800: 122813.252: [GC (Allocation Failure) [PSYoungGen: 518144K->2560K(519168K)] 828007K->314838K(1043456K), 0.0213291 secs] [Times: user=0.07 sys=0.00, real=0.02 secs] 
2021-05-15T19:41:55.694+0800: 123067.374: [GC (Allocation Failure) [PSYoungGen: 516096K->2016K(518656K)] 828374K->315725K(1042944K), 0.0198690 secs] [Times: user=0.06 sys=0.00, real=0.02 secs] 
2021-05-15T19:46:06.651+0800: 123318.331: [GC (Allocation Failure) [PSYoungGen: 515552K->2016K(519168K)] 829261K->316565K(1043456K), 0.0197873 secs] [Times: user=0.06 sys=0.00, real=0.02 secs] 
2021-05-15T19:50:21.526+0800: 123573.206: [GC (Allocation Failure) [PSYoungGen: 516064K->2048K(519168K)] 830613K->317461K(1043456K), 0.0289919 secs] [Times: user=0.07 sys=0.00, real=0.03 secs] 
2021-05-15T19:54:36.857+0800: 123828.537: [GC (Allocation Failure) [PSYoungGen: 516096K->2048K(519680K)] 831509K->318389K(1043968K), 0.0407830 secs] [Times: user=0.05 sys=0.00, real=0.04 secs] 
2021-05-15T19:58:47.415+0800: 124079.094: [GC (Allocation Failure) [PSYoungGen: 516608K->1952K(519168K)] 832949K->319213K(1043456K), 0.0191746 secs] [Times: user=0.06 sys=0.00, real=0.02 secs] 
2021-05-15T20:02:58.039+0800: 124329.719: [GC (Allocation Failure) [PSYoungGen: 516512K->2080K(519680K)] 833773K->320157K(1043968K), 0.0170657 secs] [Times: user=0.06 sys=0.00, real=0.02 secs] 
2021-05-15T20:07:15.277+0800: 124586.956: [GC (Allocation Failure) [PSYoungGen: 517152K->2496K(519680K)] 835229K->321413K(1043968K), 0.0189863 secs] [Times: user=0.06 sys=0.00, real=0.02 secs] 
2021-05-15T20:11:29.646+0800: 124841.326: [GC (Allocation Failure) [PSYoungGen: 517568K->2016K(520192K)] 836485K->322324K(1044480K), 0.0192645 secs] [Times: user=0.06 sys=0.00, real=0.02 secs] 
2021-05-15T20:15:41.780+0800: 125093.459: [GC (Allocation Failure) [PSYoungGen: 517600K->4096K(519680K)] 837908K->325524K(1043968K), 0.0197275 secs] [Times: user=0.07 sys=0.00, real=0.02 secs] 
2021-05-15T20:19:53.085+0800: 125344.765: [GC (Allocation Failure) [PSYoungGen: 519680K->4608K(514560K)] 841108K->329547K(1038848K), 0.0290125 secs] [Times: user=0.06 sys=0.00, real=0.03 secs] 
2021-05-15T20:24:00.344+0800: 125592.024: [GC (Allocation Failure) [PSYoungGen: 514560K->2720K(517120K)] 839499K->331679K(1041408K), 0.0243087 secs] [Times: user=0.07 sys=0.00, real=0.02 secs] 
2021-05-15T20:28:10.669+0800: 125842.348: [GC (Allocation Failure) [PSYoungGen: 512672K->2016K(517632K)] 841631K->332534K(1041920K), 0.0190742 secs] [Times: user=0.06 sys=0.00, real=0.02 secs] 
2021-05-15T20:32:20.837+0800: 126092.517: [GC (Allocation Failure) [PSYoungGen: 512992K->3072K(517632K)] 843510K->334374K(1041920K), 0.0217866 secs] [Times: user=0.06 sys=0.00, real=0.02 secs] 
2021-05-15T20:36:32.233+0800: 126343.912: [GC (Allocation Failure) [PSYoungGen: 514048K->2240K(518144K)] 845350K->334990K(1042432K), 0.0219670 secs] [Times: user=0.06 sys=0.00, real=0.02 secs] 
2021-05-15T20:40:42.310+0800: 126593.990: [GC (Allocation Failure) [PSYoungGen: 514240K->2048K(518144K)] 846990K->335790K(1042432K), 0.0181631 secs] [Times: user=0.05 sys=0.00, real=0.02 secs] 
2021-05-15T20:44:55.639+0800: 126847.319: [GC (Allocation Failure) [PSYoungGen: 514048K->2048K(518656K)] 847790K->336654K(1042944K), 0.0224704 secs] [Times: user=0.06 sys=0.00, real=0.02 secs] 
2021-05-15T20:49:05.625+0800: 127097.305: [GC (Allocation Failure) [PSYoungGen: 514560K->2016K(518144K)] 849166K->337470K(1042432K), 0.0199492 secs] [Times: user=0.05 sys=0.00, real=0.02 secs] 
2021-05-15T20:53:17.910+0800: 127349.589: [GC (Allocation Failure) [PSYoungGen: 514528K->1984K(518656K)] 849982K->338270K(1042944K), 0.0236786 secs] [Times: user=0.06 sys=0.00, real=0.03 secs] 
2021-05-15T20:57:32.485+0800: 127604.165: [GC (Allocation Failure) [PSYoungGen: 515008K->2240K(518656K)] 851294K->339438K(1042944K), 0.0276155 secs] [Times: user=0.06 sys=0.00, real=0.03 secs] 
2021-05-15T21:01:45.801+0800: 127857.481: [GC (Allocation Failure) [PSYoungGen: 515264K->2304K(519168K)] 852462K->340590K(1043456K), 0.0173322 secs] [Times: user=0.05 sys=0.00, real=0.02 secs] 
2021-05-15T21:05:59.029+0800: 128110.709: [GC (Allocation Failure) [PSYoungGen: 516352K->2016K(519168K)] 854638K->341429K(1043456K), 0.0288486 secs] [Times: user=0.06 sys=0.00, real=0.03 secs] 
2021-05-15T21:10:09.546+0800: 128361.226: [GC (Allocation Failure) [PSYoungGen: 516064K->2272K(519680K)] 855477K->342533K(1043968K), 0.0215244 secs] [Times: user=0.05 sys=0.00, real=0.02 secs] 
2021-05-15T21:14:23.627+0800: 128615.306: [GC (Allocation Failure) [PSYoungGen: 516832K->2048K(519168K)] 857093K->343373K(1043456K), 0.0174462 secs] [Times: user=0.06 sys=0.00, real=0.02 secs] 
2021-05-15T21:18:37.047+0800: 128868.727: [GC (Allocation Failure) [PSYoungGen: 516608K->1984K(519680K)] 857933K->344197K(1043968K), 0.0202706 secs] [Times: user=0.06 sys=0.00, real=0.02 secs] 
2021-05-15T21:22:52.261+0800: 129123.941: [GC (Allocation Failure) [PSYoungGen: 517056K->2080K(519680K)] 859269K->345141K(1043968K), 0.0198335 secs] [Times: user=0.07 sys=0.00, real=0.02 secs] 
2021-05-15T21:27:06.041+0800: 129377.721: [GC (Allocation Failure) [PSYoungGen: 517152K->2304K(520192K)] 860213K->346213K(1044480K), 0.0272039 secs] [Times: user=0.07 sys=0.00, real=0.03 secs] 
2021-05-15T21:31:16.844+0800: 129628.524: [GC (Allocation Failure) [PSYoungGen: 517888K->1920K(519680K)] 861797K->346949K(1043968K), 0.0242704 secs] [Times: user=0.07 sys=0.00, real=0.02 secs] 
2021-05-15T21:35:31.827+0800: 129883.506: [GC (Allocation Failure) [PSYoungGen: 517504K->3168K(520192K)] 862533K->348885K(1044480K), 0.0295793 secs] [Times: user=0.06 sys=0.00, real=0.03 secs] 
2021-05-15T21:39:46.506+0800: 130138.186: [GC (Allocation Failure) [PSYoungGen: 519264K->2080K(520192K)] 864981K->349213K(1044480K), 0.0203074 secs] [Times: user=0.07 sys=0.00, real=0.02 secs] 
2021-05-15T21:43:57.688+0800: 130389.368: [GC (Allocation Failure) [PSYoungGen: 518176K->1952K(520192K)] 865309K->350052K(1044480K), 0.0184119 secs] [Times: user=0.05 sys=0.00, real=0.02 secs] 
2021-05-15T21:48:13.064+0800: 130644.743: [GC (Allocation Failure) [PSYoungGen: 518048K->2048K(520192K)] 866148K->350972K(1044480K), 0.0194863 secs] [Times: user=0.06 sys=0.00, real=0.02 secs] 
2021-05-15T21:52:23.630+0800: 130895.310: [GC (Allocation Failure) [PSYoungGen: 518144K->2016K(520192K)] 867068K->351853K(1044480K), 0.0222001 secs] [Times: user=0.07 sys=0.00, real=0.03 secs] 
2021-05-15T21:56:38.942+0800: 131150.622: [GC (Allocation Failure) [PSYoungGen: 518112K->2016K(520192K)] 867949K->352709K(1044480K), 0.0248261 secs] [Times: user=0.06 sys=0.00, real=0.03 secs] 
2021-05-15T22:00:54.296+0800: 131405.976: [GC (Allocation Failure) [PSYoungGen: 518112K->2048K(520704K)] 868805K->353589K(1044992K), 0.0183908 secs] [Times: user=0.06 sys=0.00, real=0.02 secs] 
2021-05-15T22:05:09.605+0800: 131661.285: [GC (Allocation Failure) [PSYoungGen: 519168K->2240K(520704K)] 870709K->354669K(1044992K), 0.0178997 secs] [Times: user=0.05 sys=0.00, real=0.02 secs] 
2021-05-15T22:09:23.343+0800: 131915.022: [GC (Allocation Failure) [PSYoungGen: 519360K->2496K(520704K)] 871789K->356020K(1044992K), 0.0717571 secs] [Times: user=0.06 sys=0.00, real=0.07 secs] 
2021-05-15T22:13:37.610+0800: 132169.290: [GC (Allocation Failure) [PSYoungGen: 519616K->2432K(520704K)] 873140K->357284K(1044992K), 0.0249797 secs] [Times: user=0.07 sys=0.00, real=0.03 secs] 
2021-05-15T22:17:50.834+0800: 132422.513: [GC (Allocation Failure) [PSYoungGen: 519552K->3584K(517632K)] 874404K->361690K(1041920K), 0.0284368 secs] [Times: user=0.07 sys=0.00, real=0.03 secs] 
2021-05-15T22:22:03.411+0800: 132675.091: [GC (Allocation Failure) [PSYoungGen: 517632K->2304K(519168K)] 875738K->363774K(1043456K), 0.0238123 secs] [Times: user=0.06 sys=0.00, real=0.03 secs] 
2021-05-15T22:26:13.598+0800: 132925.278: [GC (Allocation Failure) [PSYoungGen: 516352K->2464K(519680K)] 877822K->365045K(1043968K), 0.0193522 secs] [Times: user=0.06 sys=0.00, real=0.02 secs] 
2021-05-15T22:30:26.983+0800: 133178.663: [GC (Allocation Failure) [PSYoungGen: 517024K->2400K(519168K)] 879605K->366348K(1043456K), 0.0212469 secs] [Times: user=0.06 sys=0.00, real=0.02 secs] 
2021-05-15T22:34:42.452+0800: 133434.132: [GC (Allocation Failure) [PSYoungGen: 516960K->3232K(519680K)] 880908K->368340K(1043968K), 0.0279900 secs] [Times: user=0.06 sys=0.00, real=0.02 secs] 
2021-05-15T22:38:53.597+0800: 133685.276: [GC (Allocation Failure) [PSYoungGen: 518304K->2144K(519680K)] 883412K->368812K(1043968K), 0.0204779 secs] [Times: user=0.07 sys=0.00, real=0.02 secs] 
2021-05-15T22:43:08.216+0800: 133939.896: [GC (Allocation Failure) [PSYoungGen: 517216K->2208K(519680K)] 883884K->369811K(1043968K), 0.0201824 secs] [Times: user=0.05 sys=0.00, real=0.02 secs] 
2021-05-15T22:47:18.562+0800: 134190.242: [GC (Allocation Failure) [PSYoungGen: 517280K->2176K(519680K)] 884883K->370875K(1043968K), 0.0209802 secs] [Times: user=0.05 sys=0.00, real=0.03 secs] 
2021-05-15T22:51:35.871+0800: 134447.551: [GC (Allocation Failure) [PSYoungGen: 517248K->2464K(520192K)] 885947K->372051K(1044480K), 0.0214096 secs] [Times: user=0.06 sys=0.00, real=0.03 secs] 
2021-05-15T22:55:49.304+0800: 134700.984: [GC (Allocation Failure) [PSYoungGen: 518048K->1984K(519680K)] 887635K->372938K(1043968K), 0.0170406 secs] [Times: user=0.05 sys=0.00, real=0.01 secs] 
2021-05-15T23:00:04.567+0800: 134956.247: [GC (Allocation Failure) [PSYoungGen: 517568K->1984K(520192K)] 888522K->373778K(1044480K), 0.0228734 secs] [Times: user=0.06 sys=0.00, real=0.02 secs] 
2021-05-15T23:04:19.990+0800: 135211.669: [GC (Allocation Failure) [PSYoungGen: 518080K->2432K(520192K)] 889874K->375107K(1044480K), 0.0196433 secs] [Times: user=0.06 sys=0.00, real=0.02 secs] 
2021-05-15T23:08:33.877+0800: 135465.556: [GC (Allocation Failure) [PSYoungGen: 518528K->2304K(520192K)] 891203K->376322K(1044480K), 0.0229670 secs] [Times: user=0.05 sys=0.00, real=0.02 secs] 
2021-05-15T23:12:45.906+0800: 135717.586: [GC (Allocation Failure) [PSYoungGen: 518400K->1984K(520192K)] 892418K->377098K(1044480K), 0.0217943 secs] [Times: user=0.06 sys=0.01, real=0.02 secs] 
2021-05-15T23:17:01.281+0800: 135972.961: [GC (Allocation Failure) [PSYoungGen: 518080K->2016K(520704K)] 893194K->377977K(1044992K), 0.0249500 secs] [Times: user=0.06 sys=0.00, real=0.03 secs] 
2021-05-15T23:21:11.661+0800: 136223.341: [GC (Allocation Failure) [PSYoungGen: 518624K->2016K(520192K)] 894585K->378833K(1044480K), 0.0218430 secs] [Times: user=0.06 sys=0.00, real=0.03 secs] 
2021-05-15T23:25:27.255+0800: 136478.934: [GC (Allocation Failure) [PSYoungGen: 518624K->1952K(520704K)] 895441K->379633K(1044992K), 0.0193202 secs] [Times: user=0.06 sys=0.00, real=0.02 secs] 
2021-05-15T23:29:44.162+0800: 136735.842: [GC (Allocation Failure) [PSYoungGen: 519072K->2016K(520704K)] 896753K->380561K(1044992K), 0.0169862 secs] [Times: user=0.05 sys=0.00, real=0.02 secs] 
2021-05-15T23:33:57.914+0800: 136989.593: [GC (Allocation Failure) [PSYoungGen: 519136K->3360K(519680K)] 897681K->382601K(1043968K), 0.0285739 secs] [Times: user=0.07 sys=0.00, real=0.03 secs] 
2021-05-15T23:38:09.220+0800: 137240.900: [GC (Allocation Failure) [PSYoungGen: 519456K->1760K(520192K)] 898697K->382713K(1044480K), 0.0216556 secs] [Times: user=0.07 sys=0.00, real=0.02 secs] 
2021-05-15T23:42:19.614+0800: 137491.293: [GC (Allocation Failure) [PSYoungGen: 517856K->2048K(520704K)] 898809K->383681K(1044992K), 0.0214366 secs] [Times: user=0.05 sys=0.00, real=0.02 secs] 
2021-05-15T23:46:34.162+0800: 137745.841: [GC (Allocation Failure) [PSYoungGen: 518656K->2368K(520192K)] 900289K->384841K(1044480K), 0.0193011 secs] [Times: user=0.05 sys=0.00, real=0.02 secs] 
2021-05-15T23:50:49.568+0800: 138001.247: [GC (Allocation Failure) [PSYoungGen: 518976K->2080K(520704K)] 901449K->385805K(1044992K), 0.0205079 secs] [Times: user=0.05 sys=0.00, real=0.02 secs] 
2021-05-15T23:55:03.410+0800: 138255.090: [GC (Allocation Failure) [PSYoungGen: 519200K->2112K(520704K)] 902925K->386693K(1044992K), 0.0203675 secs] [Times: user=0.06 sys=0.00, real=0.02 secs] 
2021-05-15T23:59:15.456+0800: 138507.136: [GC (Allocation Failure) [PSYoungGen: 519232K->1920K(520704K)] 903813K->387413K(1044992K), 0.0179021 secs] [Times: user=0.05 sys=0.00, real=0.02 secs] 
2021-05-16T00:03:25.718+0800: 138757.398: [GC (Allocation Failure) [PSYoungGen: 519040K->3232K(520704K)] 904533K->389573K(1044992K), 0.0233507 secs] [Times: user=0.05 sys=0.00, real=0.02 secs] 
2021-05-16T00:07:39.037+0800: 139010.716: [GC (Allocation Failure) [PSYoungGen: 520352K->2048K(520704K)] 906693K->390539K(1044992K), 0.0173610 secs] [Times: user=0.06 sys=0.00, real=0.02 secs] 
2021-05-16T00:11:52.114+0800: 139263.793: [GC (Allocation Failure) [PSYoungGen: 519168K->2048K(520704K)] 907659K->391411K(1044992K), 0.0191332 secs] [Times: user=0.06 sys=0.00, real=0.02 secs] 
2021-05-16T00:16:06.989+0800: 139518.668: [GC (Allocation Failure) [PSYoungGen: 519168K->2272K(520704K)] 908531K->392467K(1044992K), 0.0186219 secs] [Times: user=0.05 sys=0.00, real=0.02 secs] 
2021-05-16T00:20:19.824+0800: 139771.503: [GC (Allocation Failure) [PSYoungGen: 519392K->2080K(520704K)] 909587K->393371K(1044992K), 0.0264810 secs] [Times: user=0.04 sys=0.00, real=0.02 secs] 
2021-05-16T00:24:32.730+0800: 140024.410: [GC (Allocation Failure) [PSYoungGen: 519200K->1984K(520704K)] 910491K->394163K(1044992K), 0.0213296 secs] [Times: user=0.06 sys=0.00, real=0.02 secs] 
2021-05-16T00:28:44.792+0800: 140276.472: [GC (Allocation Failure) [PSYoungGen: 519104K->3456K(520704K)] 911283K->396459K(1044992K), 0.0203462 secs] [Times: user=0.05 sys=0.00, real=0.02 secs] 
2021-05-16T00:32:59.303+0800: 140530.982: [GC (Allocation Failure) [PSYoungGen: 520576K->3584K(517632K)] 913579K->399273K(1041920K), 0.0234922 secs] [Times: user=0.07 sys=0.00, real=0.02 secs] 
2021-05-16T00:37:13.888+0800: 140785.567: [GC (Allocation Failure) [PSYoungGen: 517632K->2240K(519168K)] 913321K->400263K(1043456K), 0.0310208 secs] [Times: user=0.07 sys=0.00, real=0.03 secs] 
2021-05-16T00:41:29.282+0800: 141040.962: [GC (Allocation Failure) [PSYoungGen: 516288K->2208K(519680K)] 914311K->401255K(1043968K), 0.0193559 secs] [Times: user=0.06 sys=0.00, real=0.02 secs] 
2021-05-16T00:45:39.651+0800: 141291.331: [GC (Allocation Failure) [PSYoungGen: 516768K->1984K(519168K)] 915815K->402150K(1043456K), 0.0234891 secs] [Times: user=0.06 sys=0.00, real=0.03 secs] 
2021-05-16T00:49:50.367+0800: 141542.047: [GC (Allocation Failure) [PSYoungGen: 516544K->2496K(519680K)] 916710K->403494K(1043968K), 0.0159851 secs] [Times: user=0.05 sys=0.00, real=0.02 secs] 
2021-05-16T00:54:00.559+0800: 141792.239: [GC (Allocation Failure) [PSYoungGen: 517568K->4608K(519680K)] 918566K->409229K(1043968K), 0.0253782 secs] [Times: user=0.08 sys=0.00, real=0.03 secs] 
2021-05-16T00:58:14.387+0800: 142046.066: [GC (Allocation Failure) [PSYoungGen: 519680K->3104K(516608K)] 924301K->412016K(1040896K), 0.0235891 secs] [Times: user=0.06 sys=0.00, real=0.02 secs] 
2021-05-16T01:02:26.188+0800: 142297.868: [GC (Allocation Failure) [PSYoungGen: 515104K->2048K(518144K)] 924016K->413014K(1042432K), 0.0240596 secs] [Times: user=0.06 sys=0.00, real=0.03 secs] 
2021-05-16T01:06:41.597+0800: 142553.277: [GC (Allocation Failure) [PSYoungGen: 514048K->2048K(518144K)] 925014K->413870K(1042432K), 0.0222038 secs] [Times: user=0.07 sys=0.00, real=0.02 secs] 
2021-05-16T01:10:52.106+0800: 142803.786: [GC (Allocation Failure) [PSYoungGen: 514048K->2048K(518144K)] 925870K->414758K(1042432K), 0.0186379 secs] [Times: user=0.05 sys=0.00, real=0.02 secs] 
2021-05-16T01:15:07.431+0800: 143059.110: [GC (Allocation Failure) [PSYoungGen: 514048K->2048K(518656K)] 926758K->415606K(1042944K), 0.0223284 secs] [Times: user=0.07 sys=0.00, real=0.03 secs] 
2021-05-16T01:19:17.837+0800: 143309.516: [GC (Allocation Failure) [PSYoungGen: 515072K->2208K(518656K)] 928630K->416630K(1042944K), 0.0278406 secs] [Times: user=0.06 sys=0.01, real=0.03 secs] 
2021-05-16T01:23:31.883+0800: 143563.563: [GC (Allocation Failure) [PSYoungGen: 515232K->1952K(518656K)] 929654K->417454K(1042944K), 0.0293198 secs] [Times: user=0.07 sys=0.00, real=0.03 secs] 
2021-05-16T01:27:43.618+0800: 143815.298: [GC (Allocation Failure) [PSYoungGen: 514976K->2240K(518656K)] 930478K->418598K(1042944K), 0.0204375 secs] [Times: user=0.06 sys=0.00, real=0.02 secs] 
2021-05-16T01:31:54.210+0800: 144065.890: [GC (Allocation Failure) [PSYoungGen: 515264K->2752K(519168K)] 931622K->420174K(1043456K), 0.0195853 secs] [Times: user=0.06 sys=0.00, real=0.02 secs] 
2021-05-16T01:36:07.111+0800: 144318.791: [GC (Allocation Failure) [PSYoungGen: 516800K->2688K(519168K)] 934222K->421341K(1043456K), 0.0304472 secs] [Times: user=0.07 sys=0.00, real=0.03 secs] 
2021-05-16T01:40:19.683+0800: 144571.362: [GC (Allocation Failure) [PSYoungGen: 516736K->2144K(519680K)] 935389K->422029K(1043968K), 0.0295700 secs] [Times: user=0.05 sys=0.00, real=0.03 secs] 
2021-05-16T01:44:31.906+0800: 144823.586: [GC (Allocation Failure) [PSYoungGen: 517216K->3264K(519680K)] 937101K->424189K(1043968K), 0.0171650 secs] [Times: user=0.06 sys=0.00, real=0.02 secs] 
2021-05-16T01:48:45.359+0800: 145077.038: [GC (Allocation Failure) [PSYoungGen: 518336K->2400K(519680K)] 939261K->425699K(1043968K), 0.0198012 secs] [Times: user=0.06 sys=0.00, real=0.02 secs] 
2021-05-16T01:52:55.930+0800: 145327.610: [GC (Allocation Failure) [PSYoungGen: 517472K->3008K(519680K)] 940771K->427634K(1043968K), 0.0175044 secs] [Times: user=0.06 sys=0.00, real=0.02 secs] 
2021-05-16T01:57:10.973+0800: 145582.653: [GC (Allocation Failure) [PSYoungGen: 518080K->2016K(519680K)] 942706K->428521K(1043968K), 0.0190928 secs] [Times: user=0.06 sys=0.00, real=0.02 secs] 
2021-05-16T02:01:21.665+0800: 145833.345: [GC (Allocation Failure) [PSYoungGen: 517088K->1984K(519680K)] 943593K->429369K(1043968K), 0.0172291 secs] [Times: user=0.06 sys=0.00, real=0.02 secs] 
2021-05-16T02:05:36.972+0800: 146088.652: [GC (Allocation Failure) [PSYoungGen: 517056K->2208K(519680K)] 944441K->430473K(1043968K), 0.0284611 secs] [Times: user=0.08 sys=0.00, real=0.02 secs] 
2021-05-16T02:09:47.569+0800: 146339.249: [GC (Allocation Failure) [PSYoungGen: 517280K->2208K(519680K)] 945545K->431553K(1043968K), 0.0185104 secs] [Times: user=0.06 sys=0.00, real=0.02 secs] 
2021-05-16T02:14:01.425+0800: 146593.104: [GC (Allocation Failure) [PSYoungGen: 517280K->2080K(520192K)] 946625K->432496K(1044480K), 0.0196944 secs] [Times: user=0.06 sys=0.00, real=0.02 secs] 
2021-05-16T02:18:16.095+0800: 146847.774: [GC (Allocation Failure) [PSYoungGen: 518176K->1984K(520192K)] 948592K->433272K(1044480K), 0.0176674 secs] [Times: user=0.06 sys=0.00, real=0.02 secs] 
2021-05-16T02:22:26.485+0800: 147098.164: [GC (Allocation Failure) [PSYoungGen: 518080K->2240K(520192K)] 949368K->434384K(1044480K), 0.0378926 secs] [Times: user=0.05 sys=0.00, real=0.04 secs] 
2021-05-16T02:26:39.734+0800: 147351.414: [GC (Allocation Failure) [PSYoungGen: 518336K->1984K(520192K)] 950480K->435200K(1044480K), 0.0199277 secs] [Times: user=0.07 sys=0.00, real=0.02 secs] 
2021-05-16T02:30:53.936+0800: 147605.616: [GC (Allocation Failure) [PSYoungGen: 518080K->2016K(520704K)] 951296K->436128K(1044992K), 0.0197515 secs] [Times: user=0.07 sys=0.00, real=0.02 secs] 
2021-05-16T02:35:04.986+0800: 147856.666: [GC (Allocation Failure) [PSYoungGen: 518624K->3584K(520192K)] 952736K->440559K(1044480K), 0.0214131 secs] [Times: user=0.07 sys=0.00, real=0.02 secs] 
2021-05-16T02:39:20.043+0800: 148111.723: [GC (Allocation Failure) [PSYoungGen: 520192K->1952K(518144K)] 957167K->441812K(1042432K), 0.0185377 secs] [Times: user=0.06 sys=0.00, real=0.01 secs] 
2021-05-16T02:43:30.534+0800: 148362.214: [GC (Allocation Failure) [PSYoungGen: 516000K->1952K(519168K)] 955860K->442628K(1043456K), 0.0204972 secs] [Times: user=0.07 sys=0.00, real=0.02 secs] 
2021-05-16T02:47:40.863+0800: 148612.543: [GC (Allocation Failure) [PSYoungGen: 516000K->1952K(519168K)] 956676K->443540K(1043456K), 0.0197432 secs] [Times: user=0.05 sys=0.00, real=0.02 secs] 
2021-05-16T02:51:51.455+0800: 148863.134: [GC (Allocation Failure) [PSYoungGen: 516000K->2240K(519168K)] 957588K->444716K(1043456K), 0.0281966 secs] [Times: user=0.07 sys=0.00, real=0.03 secs] 
2021-05-16T02:56:06.546+0800: 149118.226: [GC (Allocation Failure) [PSYoungGen: 516288K->2048K(519680K)] 958764K->445612K(1043968K), 0.0201638 secs] [Times: user=0.06 sys=0.00, real=0.02 secs] 
2021-05-16T03:00:18.495+0800: 149370.175: [GC (Allocation Failure) [PSYoungGen: 517120K->2240K(519680K)] 960684K->446676K(1043968K), 0.0183603 secs] [Times: user=0.06 sys=0.00, real=0.02 secs] 
2021-05-16T03:04:33.078+0800: 149624.757: [GC (Allocation Failure) [PSYoungGen: 517312K->2528K(520192K)] 961748K->448100K(1044480K), 0.0219083 secs] [Times: user=0.06 sys=0.00, real=0.02 secs] 
2021-05-16T03:08:44.318+0800: 149875.998: [GC (Allocation Failure) [PSYoungGen: 518112K->2240K(519680K)] 963684K->449163K(1043968K), 0.0190983 secs] [Times: user=0.05 sys=0.00, real=0.02 secs] 
2021-05-16T03:12:55.222+0800: 150126.901: [GC (Allocation Failure) [PSYoungGen: 517824K->2112K(520192K)] 964747K->450106K(1044480K), 0.0185892 secs] [Times: user=0.05 sys=0.00, real=0.02 secs] 
2021-05-16T03:17:07.111+0800: 150378.790: [GC (Allocation Failure) [PSYoungGen: 518208K->2176K(520192K)] 966202K->451035K(1044480K), 0.0185066 secs] [Times: user=0.06 sys=0.00, real=0.02 secs] 
2021-05-16T03:21:20.961+0800: 150632.640: [GC (Allocation Failure) [PSYoungGen: 518270K->2048K(520192K)] 967129K->451978K(1044480K), 0.0178759 secs] [Times: user=0.05 sys=0.00, real=0.02 secs] 
2021-05-16T03:25:35.675+0800: 150887.355: [GC (Allocation Failure) [PSYoungGen: 518144K->2080K(520192K)] 968074K->452874K(1044480K), 0.0246050 secs] [Times: user=0.07 sys=0.00, real=0.02 secs] 
2021-05-16T03:29:50.905+0800: 151142.585: [GC (Allocation Failure) [PSYoungGen: 518176K->2112K(520704K)] 968970K->453738K(1044992K), 0.0199021 secs] [Times: user=0.06 sys=0.00, real=0.02 secs] 
2021-05-16T03:34:04.611+0800: 151396.291: [GC (Allocation Failure) [PSYoungGen: 519232K->3232K(520704K)] 970858K->455626K(1044992K), 0.0206332 secs] [Times: user=0.07 sys=0.00, real=0.02 secs] 
2021-05-16T03:38:16.609+0800: 151648.288: [GC (Allocation Failure) [PSYoungGen: 520352K->1856K(519680K)] 972746K->455866K(1043968K), 0.0197502 secs] [Times: user=0.05 sys=0.00, real=0.02 secs] 
2021-05-16T03:42:29.562+0800: 151901.242: [GC (Allocation Failure) [PSYoungGen: 517952K->2016K(520192K)] 971962K->456706K(1044480K), 0.0202033 secs] [Times: user=0.07 sys=0.00, real=0.02 secs] 
2021-05-16T03:46:38.395+0800: 152150.075: [GC (Allocation Failure) [PSYoungGen: 518112K->3584K(517632K)] 972802K->461249K(1041920K), 0.0190840 secs] [Times: user=0.06 sys=0.00, real=0.02 secs] 
2021-05-16T03:50:48.958+0800: 152400.638: [GC (Allocation Failure) [PSYoungGen: 517632K->3264K(519168K)] 975297K->464061K(1043456K), 0.0174630 secs] [Times: user=0.06 sys=0.00, real=0.02 secs] 
2021-05-16T03:55:03.090+0800: 152654.770: [GC (Allocation Failure) [PSYoungGen: 517312K->2176K(519168K)] 978109K->465307K(1043456K), 0.0279143 secs] [Times: user=0.08 sys=0.00, real=0.03 secs] 
2021-05-16T03:59:13.809+0800: 152905.489: [GC (Allocation Failure) [PSYoungGen: 516224K->2304K(519168K)] 979355K->466355K(1043456K), 0.0199986 secs] [Times: user=0.06 sys=0.00, real=0.02 secs] 
2021-05-16T04:03:25.088+0800: 153156.768: [GC (Allocation Failure) [PSYoungGen: 516352K->2880K(519680K)] 980403K->468003K(1043968K), 0.0186581 secs] [Times: user=0.05 sys=0.00, real=0.02 secs] 
2021-05-16T04:07:36.559+0800: 153408.239: [GC (Allocation Failure) [PSYoungGen: 517440K->1984K(519168K)] 982563K->468898K(1043456K), 0.0187282 secs] [Times: user=0.06 sys=0.00, real=0.02 secs] 
2021-05-16T04:11:49.752+0800: 153661.432: [GC (Allocation Failure) [PSYoungGen: 516544K->2912K(519680K)] 983458K->470690K(1043968K), 0.0187984 secs] [Times: user=0.06 sys=0.00, real=0.01 secs] 
2021-05-16T04:16:01.009+0800: 153912.689: [GC (Allocation Failure) [PSYoungGen: 517984K->4608K(519680K)] 985762K->475688K(1043968K), 0.0189649 secs] [Times: user=0.06 sys=0.00, real=0.02 secs] 
2021-05-16T04:20:13.066+0800: 154164.745: [GC (Allocation Failure) [PSYoungGen: 519680K->4224K(515584K)] 990760K->479586K(1039872K), 0.0202806 secs] [Times: user=0.05 sys=0.00, real=0.02 secs] 
2021-05-16T04:24:27.417+0800: 154419.097: [GC (Allocation Failure) [PSYoungGen: 515200K->2176K(517632K)] 990562K->480879K(1041920K), 0.0164408 secs] [Times: user=0.05 sys=0.00, real=0.02 secs] 
2021-05-16T04:28:36.462+0800: 154668.141: [GC (Allocation Failure) [PSYoungGen: 513152K->2432K(518144K)] 991855K->482223K(1042432K), 0.0194121 secs] [Times: user=0.06 sys=0.00, real=0.02 secs] 
2021-05-16T04:32:46.735+0800: 154918.415: [GC (Allocation Failure) [PSYoungGen: 513920K->3296K(517632K)] 993711K->484310K(1041920K), 0.0211959 secs] [Times: user=0.07 sys=0.00, real=0.02 secs] 
2021-05-16T04:36:59.878+0800: 155171.558: [GC (Allocation Failure) [PSYoungGen: 514784K->2176K(518144K)] 995798K->484822K(1042432K), 0.0223928 secs] [Times: user=0.06 sys=0.00, real=0.02 secs] 
2021-05-16T04:41:11.946+0800: 155423.626: [GC (Allocation Failure) [PSYoungGen: 514176K->1952K(518144K)] 996822K->485598K(1042432K), 0.0192163 secs] [Times: user=0.06 sys=0.00, real=0.02 secs] 
2021-05-16T04:45:22.750+0800: 155674.429: [GC (Allocation Failure) [PSYoungGen: 513952K->2688K(518656K)] 997598K->487206K(1042944K), 0.0224251 secs] [Times: user=0.07 sys=0.00, real=0.03 secs] 
2021-05-16T04:49:34.487+0800: 155926.167: [GC (Allocation Failure) [PSYoungGen: 515712K->2016K(518656K)] 1000230K->488093K(1042944K), 0.0206022 secs] [Times: user=0.07 sys=0.00, real=0.02 secs] 
2021-05-16T04:53:46.663+0800: 156178.343: [GC (Allocation Failure) [PSYoungGen: 515040K->2048K(518656K)] 1001117K->488973K(1042944K), 0.0192247 secs] [Times: user=0.06 sys=0.00, real=0.02 secs] 
2021-05-16T04:57:59.561+0800: 156431.240: [GC (Allocation Failure) [PSYoungGen: 515072K->2016K(518656K)] 1001997K->489861K(1042944K), 0.0207123 secs] [Times: user=0.06 sys=0.00, real=0.02 secs] 
2021-05-16T05:02:13.138+0800: 156684.817: [GC (Allocation Failure) [PSYoungGen: 515040K->2048K(519168K)] 1002885K->490757K(1043456K), 0.0170997 secs] [Times: user=0.05 sys=0.00, real=0.02 secs] 
2021-05-16T05:06:20.404+0800: 156932.084: [GC (Allocation Failure) [PSYoungGen: 516096K->5120K(519168K)] 1004805K->500444K(1043456K), 0.0232665 secs] [Times: user=0.08 sys=0.00, real=0.02 secs] 
2021-05-16T05:10:12.631+0800: 157164.311: [GC (Allocation Failure) [PSYoungGen: 519168K->5120K(507904K)] 1014492K->506673K(1032192K), 0.0251724 secs] [Times: user=0.08 sys=0.00, real=0.03 secs] 
2021-05-16T05:14:10.350+0800: 157402.030: [GC (Allocation Failure) [PSYoungGen: 507904K->3520K(513536K)] 1009457K->509725K(1037824K), 0.0267787 secs] [Times: user=0.08 sys=0.00, real=0.03 secs] 
2021-05-16T05:17:59.150+0800: 157630.830: [GC (Allocation Failure) [PSYoungGen: 506304K->2528K(514560K)] 1012509K->511349K(1038848K), 0.0213586 secs] [Times: user=0.07 sys=0.00, real=0.02 secs] 
2021-05-16T05:21:51.300+0800: 157862.980: [GC (Allocation Failure) [PSYoungGen: 506848K->3296K(514048K)] 1015669K->513669K(1038336K), 0.0378733 secs] [Times: user=0.09 sys=0.00, real=0.04 secs] 
2021-05-16T05:25:41.741+0800: 158093.421: [GC (Allocation Failure) [PSYoungGen: 507610K->2912K(515072K)] 1017984K->515572K(1039360K), 0.0352908 secs] [Times: user=0.07 sys=0.00, real=0.04 secs] 
2021-05-16T05:29:40.312+0800: 158331.991: [GC (Allocation Failure) [PSYoungGen: 508256K->2912K(514560K)] 1020916K->517024K(1038848K), 0.0278498 secs] [Times: user=0.08 sys=0.00, real=0.03 secs] 
2021-05-16T05:33:31.075+0800: 158562.755: [GC (Allocation Failure) [PSYoungGen: 508256K->2912K(515584K)] 1022368K->518616K(1039872K), 0.0227109 secs] [Times: user=0.08 sys=0.00, real=0.02 secs] 
2021-05-16T05:37:26.050+0800: 158797.729: [GC (Allocation Failure) [PSYoungGen: 509792K->2528K(515584K)] 1025496K->520028K(1039872K), 0.0229794 secs] [Times: user=0.07 sys=0.00, real=0.03 secs] 
2021-05-16T05:41:17.625+0800: 159029.304: [GC (Allocation Failure) [PSYoungGen: 509408K->5440K(515072K)] 1026908K->524316K(1039360K), 0.0224510 secs] [Times: user=0.07 sys=0.00, real=0.02 secs] 
2021-05-16T05:45:12.068+0800: 159263.748: [GC (Allocation Failure) [PSYoungGen: 512320K->2944K(515584K)] 1031196K->526383K(1039872K), 0.0300049 secs] [Times: user=0.08 sys=0.00, real=0.03 secs] 
2021-05-16T05:45:12.099+0800: 159263.778: [Full GC (Ergonomics) [PSYoungGen: 2944K->0K(515584K)] [ParOldGen: 523439K->202417K(524288K)] 526383K->202417K(1039872K), [Metaspace: 92766K->92762K(1134592K)], 0.4827870 secs] [Times: user=1.09 sys=0.00, real=0.48 secs] 
2021-05-16T05:49:07.941+0800: 159499.621: [GC (Allocation Failure) [PSYoungGen: 506880K->2688K(516608K)] 709297K->205105K(1040896K), 0.0169621 secs] [Times: user=0.05 sys=0.00, real=0.02 secs] 
2021-05-16T05:53:02.072+0800: 159733.752: [GC (Allocation Failure) [PSYoungGen: 511104K->2656K(516096K)] 713521K->206656K(1040384K), 0.0783748 secs] [Times: user=0.07 sys=0.00, real=0.08 secs] 
2021-05-16T05:56:58.180+0800: 159969.860: [GC (Allocation Failure) [PSYoungGen: 511072K->2912K(517120K)] 715072K->208320K(1041408K), 0.0189465 secs] [Times: user=0.06 sys=0.00, real=0.02 secs] 
2021-05-16T06:00:52.095+0800: 160203.775: [GC (Allocation Failure) [PSYoungGen: 512352K->2592K(516608K)] 717760K->209568K(1040896K), 0.0183050 secs] [Times: user=0.06 sys=0.00, real=0.02 secs] 
2021-05-16T06:04:49.124+0800: 160440.804: [GC (Allocation Failure) [PSYoungGen: 512032K->2688K(517632K)] 719008K->211072K(1041920K), 0.0174551 secs] [Times: user=0.06 sys=0.00, real=0.01 secs] 
2021-05-16T06:08:44.849+0800: 160676.529: [GC (Allocation Failure) [PSYoungGen: 513152K->2304K(517120K)] 721536K->212056K(1041408K), 0.0174286 secs] [Times: user=0.05 sys=0.00, real=0.02 secs] 
2021-05-16T06:12:41.171+0800: 160912.851: [GC (Allocation Failure) [PSYoungGen: 512767K->1824K(517632K)] 722519K->212360K(1041920K), 0.0278087 secs] [Times: user=0.07 sys=0.00, real=0.03 secs] 
2021-05-16T06:16:36.503+0800: 161148.182: [GC (Allocation Failure) [PSYoungGen: 512800K->3072K(517632K)] 723336K->214344K(1041920K), 0.0169212 secs] [Times: user=0.04 sys=0.00, real=0.01 secs] 
2021-05-16T06:20:35.709+0800: 161387.389: [GC (Allocation Failure) [PSYoungGen: 514048K->2720K(518144K)] 725320K->216047K(1042432K), 0.0193996 secs] [Times: user=0.06 sys=0.00, real=0.02 secs] 
2021-05-16T06:24:31.574+0800: 161623.254: [GC (Allocation Failure) [PSYoungGen: 514720K->2432K(518144K)] 728047K->217455K(1042432K), 0.0241792 secs] [Times: user=0.08 sys=0.00, real=0.02 secs] 
2021-05-16T06:28:27.490+0800: 161859.170: [GC (Allocation Failure) [PSYoungGen: 514432K->2528K(518656K)] 729455K->218703K(1042944K), 0.0277535 secs] [Times: user=0.08 sys=0.00, real=0.03 secs] 
2021-05-16T06:32:24.240+0800: 162095.920: [GC (Allocation Failure) [PSYoungGen: 515552K->2976K(518656K)] 731727K->220535K(1042944K), 0.0167682 secs] [Times: user=0.05 sys=0.00, real=0.02 secs] 
2021-05-16T06:36:22.348+0800: 162334.027: [GC (Allocation Failure) [PSYoungGen: 516000K->3200K(519168K)] 733559K->222623K(1043456K), 0.0191419 secs] [Times: user=0.06 sys=0.00, real=0.02 secs] 
2021-05-16T06:40:22.693+0800: 162574.373: [GC (Allocation Failure) [PSYoungGen: 516736K->2144K(518656K)] 736159K->223615K(1042944K), 0.0195168 secs] [Times: user=0.05 sys=0.00, real=0.02 secs] 
2021-05-16T06:44:23.005+0800: 162814.684: [GC (Allocation Failure) [PSYoungGen: 515680K->3200K(519168K)] 737151K->225679K(1043456K), 0.0219620 secs] [Times: user=0.06 sys=0.00, real=0.02 secs] 
2021-05-16T06:48:21.485+0800: 163053.164: [GC (Allocation Failure) [PSYoungGen: 517248K->3232K(519168K)] 739727K->227527K(1043456K), 0.0200783 secs] [Times: user=0.06 sys=0.00, real=0.02 secs] 
2021-05-16T06:52:18.932+0800: 163290.611: [GC (Allocation Failure) [PSYoungGen: 517280K->3008K(519168K)] 741575K->229383K(1043456K), 0.0189138 secs] [Times: user=0.06 sys=0.00, real=0.02 secs] 
2021-05-16T06:56:19.037+0800: 163530.717: [GC (Allocation Failure) [PSYoungGen: 517056K->3008K(519168K)] 743431K->231247K(1043456K), 0.0186537 secs] [Times: user=0.05 sys=0.00, real=0.02 secs] 
2021-05-16T07:00:15.433+0800: 163767.113: [GC (Allocation Failure) [PSYoungGen: 517056K->3360K(519680K)] 745295K->233223K(1043968K), 0.0199783 secs] [Times: user=0.07 sys=0.00, real=0.02 secs] 
2021-05-16T07:04:13.556+0800: 164005.236: [GC (Allocation Failure) [PSYoungGen: 518432K->3968K(519168K)] 748295K->236175K(1043456K), 0.0203000 secs] [Times: user=0.06 sys=0.00, real=0.02 secs] 
2021-05-16T07:08:10.452+0800: 164242.132: [GC (Allocation Failure) [PSYoungGen: 519040K->2240K(519168K)] 751247K->237422K(1043456K), 0.0194521 secs] [Times: user=0.06 sys=0.00, real=0.02 secs] 
2021-05-16T07:12:10.739+0800: 164482.418: [GC (Allocation Failure) [PSYoungGen: 516288K->2464K(519168K)] 751470K->238541K(1043456K), 0.0210858 secs] [Times: user=0.06 sys=0.00, real=0.02 secs] 
2021-05-16T07:16:06.441+0800: 164718.121: [GC (Allocation Failure) [PSYoungGen: 516512K->2336K(519680K)] 752589K->239285K(1043968K), 0.0203639 secs] [Times: user=0.06 sys=0.00, real=0.02 secs] 
2021-05-16T07:20:06.863+0800: 164958.543: [GC (Allocation Failure) [PSYoungGen: 516896K->2528K(519168K)] 753845K->240573K(1043456K), 0.0181453 secs] [Times: user=0.06 sys=0.00, real=0.01 secs] 
2021-05-16T07:24:02.885+0800: 165194.565: [GC (Allocation Failure) [PSYoungGen: 517088K->3520K(519680K)] 755133K->242949K(1043968K), 0.0209226 secs] [Times: user=0.06 sys=0.00, real=0.02 secs] 
2021-05-16T07:28:02.339+0800: 165434.018: [GC (Allocation Failure) [PSYoungGen: 518592K->2464K(519680K)] 758021K->244005K(1043968K), 0.0166415 secs] [Times: user=0.06 sys=0.00, real=0.02 secs] 
2021-05-16T07:31:58.310+0800: 165669.989: [GC (Allocation Failure) [PSYoungGen: 517536K->4160K(518656K)] 759077K->247093K(1042944K), 0.0191834 secs] [Times: user=0.06 sys=0.00, real=0.02 secs] 
2021-05-16T07:35:58.566+0800: 165910.245: [GC (Allocation Failure) [PSYoungGen: 518208K->3744K(519168K)] 761141K->249811K(1043456K), 0.0239802 secs] [Times: user=0.08 sys=0.00, real=0.02 secs] 
2021-05-16T07:39:55.022+0800: 166146.701: [GC (Allocation Failure) [PSYoungGen: 517792K->2880K(519168K)] 763859K->251521K(1043456K), 0.0195852 secs] [Times: user=0.05 sys=0.00, real=0.02 secs] 
2021-05-16T07:43:53.986+0800: 166385.666: [GC (Allocation Failure) [PSYoungGen: 516928K->2848K(519168K)] 765569K->253321K(1043456K), 0.0165655 secs] [Times: user=0.05 sys=0.00, real=0.02 secs] 
2021-05-16T07:47:50.124+0800: 166621.804: [GC (Allocation Failure) [PSYoungGen: 516896K->3424K(519680K)] 767369K->255689K(1043968K), 0.0190299 secs] [Times: user=0.06 sys=0.00, real=0.02 secs] 
2021-05-16T07:51:50.695+0800: 166862.374: [GC (Allocation Failure) [PSYoungGen: 518489K->2304K(519680K)] 770754K->256904K(1043968K), 0.0199517 secs] [Times: user=0.05 sys=0.00, real=0.02 secs] 
2021-05-16T07:55:49.965+0800: 167101.645: [GC (Allocation Failure) [PSYoungGen: 517376K->3232K(519680K)] 771976K->258984K(1043968K), 0.0232889 secs] [Times: user=0.07 sys=0.00, real=0.02 secs] 
2021-05-16T07:59:47.553+0800: 167339.233: [GC (Allocation Failure) [PSYoungGen: 518304K->2944K(519680K)] 774056K->260807K(1043968K), 0.0195960 secs] [Times: user=0.05 sys=0.00, real=0.02 secs] 
2021-05-16T08:03:47.474+0800: 167579.154: [GC (Allocation Failure) [PSYoungGen: 518016K->2976K(519680K)] 775879K->262415K(1043968K), 0.0207390 secs] [Times: user=0.05 sys=0.00, real=0.02 secs] 
2021-05-16T08:07:46.938+0800: 167818.618: [GC (Allocation Failure) [PSYoungGen: 518048K->2400K(519680K)] 777487K->263623K(1043968K), 0.0173935 secs] [Times: user=0.05 sys=0.00, real=0.02 secs] 
2021-05-16T08:11:46.739+0800: 168058.419: [GC (Allocation Failure) [PSYoungGen: 517472K->2144K(519680K)] 778695K->264503K(1043968K), 0.0172795 secs] [Times: user=0.05 sys=0.00, real=0.02 secs] 
2021-05-16T08:15:44.063+0800: 168295.743: [GC (Allocation Failure) [PSYoungGen: 517216K->2336K(519680K)] 779575K->265519K(1043968K), 0.0154916 secs] [Times: user=0.05 sys=0.00, real=0.01 secs] 
2021-05-16T08:19:43.300+0800: 168534.979: [GC (Allocation Failure) [PSYoungGen: 517408K->3232K(519680K)] 780591K->267559K(1043968K), 0.0239729 secs] [Times: user=0.05 sys=0.00, real=0.03 secs] 
2021-05-16T08:23:42.620+0800: 168774.299: [GC (Allocation Failure) [PSYoungGen: 518304K->3488K(519680K)] 782631K->270151K(1043968K), 0.0171764 secs] [Times: user=0.06 sys=0.00, real=0.02 secs] 
2021-05-16T08:27:38.992+0800: 169010.671: [GC (Allocation Failure) [PSYoungGen: 518560K->2304K(519680K)] 785223K->270999K(1043968K), 0.0202495 secs] [Times: user=0.06 sys=0.00, real=0.03 secs] 
2021-05-16T08:31:35.170+0800: 169246.849: [GC (Allocation Failure) [PSYoungGen: 517376K->2880K(519680K)] 786071K->272735K(1043968K), 0.0160281 secs] [Times: user=0.05 sys=0.00, real=0.02 secs] 
2021-05-16T08:35:33.446+0800: 169485.126: [GC (Allocation Failure) [PSYoungGen: 517952K->3232K(519680K)] 787807K->274870K(1043968K), 0.0194901 secs] [Times: user=0.06 sys=0.01, real=0.02 secs] 
2021-05-16T08:39:30.318+0800: 169721.998: [GC (Allocation Failure) [PSYoungGen: 518304K->2208K(519680K)] 789942K->275870K(1043968K), 0.0261314 secs] [Times: user=0.06 sys=0.00, real=0.03 secs] 
2021-05-16T08:43:28.439+0800: 169960.118: [GC (Allocation Failure) [PSYoungGen: 517280K->2112K(519680K)] 790942K->276878K(1043968K), 0.0192197 secs] [Times: user=0.06 sys=0.00, real=0.02 secs] 
2021-05-16T08:47:26.412+0800: 170198.091: [GC (Allocation Failure) [PSYoungGen: 517184K->2368K(519680K)] 791950K->278022K(1043968K), 0.0333603 secs] [Times: user=0.05 sys=0.00, real=0.04 secs] 
2021-05-16T08:51:25.289+0800: 170436.969: [GC (Allocation Failure) [PSYoungGen: 517440K->2048K(520192K)] 793094K->278917K(1044480K), 0.0197518 secs] [Times: user=0.05 sys=0.00, real=0.02 secs] 
2021-05-16T08:55:25.588+0800: 170677.268: [GC (Allocation Failure) [PSYoungGen: 518144K->3200K(519680K)] 795013K->281005K(1043968K), 0.0199631 secs] [Times: user=0.05 sys=0.00, real=0.02 secs] 
2021-05-16T08:59:23.997+0800: 170915.676: [GC (Allocation Failure) [PSYoungGen: 519296K->2656K(520192K)] 797101K->282565K(1044480K), 0.0182474 secs] [Times: user=0.06 sys=0.00, real=0.02 secs] 
2021-05-16T09:03:22.699+0800: 171154.378: [GC (Allocation Failure) [PSYoungGen: 518240K->2912K(519680K)] 798149K->284421K(1043968K), 0.0173787 secs] [Times: user=0.04 sys=0.01, real=0.02 secs] 
2021-05-16T09:07:18.511+0800: 171390.191: [GC (Allocation Failure) [PSYoungGen: 518496K->2720K(520192K)] 800005K->285813K(1044480K), 0.0180014 secs] [Times: user=0.06 sys=0.00, real=0.02 secs] 
2021-05-16T09:11:17.677+0800: 171629.357: [GC (Allocation Failure) [PSYoungGen: 518816K->1984K(520192K)] 801909K->286524K(1044480K), 0.0200483 secs] [Times: user=0.06 sys=0.00, real=0.02 secs] 
2021-05-16T09:15:14.534+0800: 171866.214: [GC (Allocation Failure) [PSYoungGen: 518080K->3776K(519168K)] 802620K->289164K(1043456K), 0.0169523 secs] [Times: user=0.05 sys=0.00, real=0.01 secs] 
2021-05-16T09:19:12.929+0800: 172104.609: [GC (Allocation Failure) [PSYoungGen: 518848K->2624K(519680K)] 804236K->290548K(1043968K), 0.0178637 secs] [Times: user=0.06 sys=0.00, real=0.02 secs] 
2021-05-16T09:23:09.831+0800: 172341.510: [GC (Allocation Failure) [PSYoungGen: 517696K->3392K(519168K)] 805620K->292891K(1043456K), 0.0164553 secs] [Times: user=0.05 sys=0.00, real=0.02 secs] 
2021-05-16T09:27:09.659+0800: 172581.339: [GC (Allocation Failure) [PSYoungGen: 518464K->3264K(519680K)] 807963K->295011K(1043968K), 0.0184604 secs] [Times: user=0.06 sys=0.00, real=0.02 secs] 
2021-05-16T09:31:10.014+0800: 172821.694: [GC (Allocation Failure) [PSYoungGen: 518336K->3296K(519680K)] 810083K->297123K(1043968K), 0.0201535 secs] [Times: user=0.06 sys=0.00, real=0.02 secs] 
2021-05-16T09:35:05.341+0800: 173057.020: [GC (Allocation Failure) [PSYoungGen: 518368K->3392K(519680K)] 812195K->298987K(1043968K), 0.0199735 secs] [Times: user=0.06 sys=0.00, real=0.02 secs] 
2021-05-16T09:39:02.763+0800: 173294.443: [GC (Allocation Failure) [PSYoungGen: 518464K->3264K(519680K)] 814059K->300995K(1043968K), 0.0198182 secs] [Times: user=0.07 sys=0.00, real=0.02 secs] 
2021-05-16T09:43:00.319+0800: 173531.999: [GC (Allocation Failure) [PSYoungGen: 518336K->3168K(519680K)] 816067K->302930K(1043968K), 0.0333053 secs] [Times: user=0.06 sys=0.00, real=0.04 secs] 
2021-05-16T09:46:58.370+0800: 173770.049: [GC (Allocation Failure) [PSYoungGen: 518240K->2496K(519680K)] 818002K->304090K(1043968K), 0.0304090 secs] [Times: user=0.06 sys=0.00, real=0.03 secs] 
2021-05-16T09:50:55.903+0800: 174007.583: [GC (Allocation Failure) [PSYoungGen: 517568K->2720K(519680K)] 819162K->305682K(1043968K), 0.0176762 secs] [Times: user=0.05 sys=0.00, real=0.01 secs] 
2021-05-16T09:54:49.301+0800: 174240.980: [GC (Allocation Failure) [PSYoungGen: 517792K->4096K(515072K)] 820754K->312989K(1039360K), 0.0326516 secs] [Times: user=0.05 sys=0.00, real=0.04 secs] 
2021-05-16T09:58:42.587+0800: 174474.267: [GC (Allocation Failure) [PSYoungGen: 515072K->3712K(517632K)] 823965K->316249K(1041920K), 0.0206196 secs] [Times: user=0.06 sys=0.00, real=0.02 secs] 
2021-05-16T10:02:39.769+0800: 174711.448: [GC (Allocation Failure) [PSYoungGen: 514688K->3648K(518144K)] 827225K->318936K(1042432K), 0.0236943 secs] [Times: user=0.06 sys=0.00, real=0.03 secs] 
2021-05-16T10:06:33.444+0800: 174945.123: [GC (Allocation Failure) [PSYoungGen: 515136K->2624K(517632K)] 830424K->320191K(1041920K), 0.0220924 secs] [Times: user=0.07 sys=0.00, real=0.02 secs] 
2021-05-16T10:10:28.834+0800: 175180.514: [GC (Allocation Failure) [PSYoungGen: 514112K->2048K(518144K)] 831679K->320903K(1042432K), 0.0211196 secs] [Times: user=0.06 sys=0.00, real=0.02 secs] 
2021-05-16T10:14:22.269+0800: 175413.948: [GC (Allocation Failure) [PSYoungGen: 514048K->2944K(518144K)] 832903K->322639K(1042432K), 0.0224630 secs] [Times: user=0.07 sys=0.00, real=0.02 secs] 
2021-05-16T10:18:14.891+0800: 175646.571: [GC (Allocation Failure) [PSYoungGen: 514944K->4832K(518144K)] 834639K->326135K(1042432K), 0.0217602 secs] [Times: user=0.06 sys=0.00, real=0.03 secs] 
2021-05-16T10:22:11.827+0800: 175883.506: [GC (Allocation Failure) [PSYoungGen: 516832K->3296K(518144K)] 838135K->327933K(1042432K), 0.0264853 secs] [Times: user=0.07 sys=0.00, real=0.03 secs] 
2021-05-16T10:26:06.566+0800: 176118.245: [GC (Allocation Failure) [PSYoungGen: 515296K->2720K(518144K)] 839933K->329644K(1042432K), 0.0213505 secs] [Times: user=0.06 sys=0.00, real=0.02 secs] 
2021-05-16T10:30:02.405+0800: 176354.085: [GC (Allocation Failure) [PSYoungGen: 514720K->2944K(518144K)] 841644K->331444K(1042432K), 0.0180035 secs] [Times: user=0.06 sys=0.00, real=0.02 secs] 
2021-05-16T10:34:00.614+0800: 176592.294: [GC (Allocation Failure) [PSYoungGen: 514944K->2752K(518656K)] 843444K->332540K(1042944K), 0.0242357 secs] [Times: user=0.07 sys=0.00, real=0.02 secs] 
2021-05-16T10:37:56.233+0800: 176827.912: [GC (Allocation Failure) [PSYoungGen: 515776K->3104K(518656K)] 845564K->334396K(1042944K), 0.0191469 secs] [Times: user=0.05 sys=0.00, real=0.01 secs] 
2021-05-16T10:41:55.367+0800: 177067.047: [GC (Allocation Failure) [PSYoungGen: 516128K->2336K(518656K)] 847420K->335620K(1042944K), 0.0212583 secs] [Times: user=0.06 sys=0.00, real=0.02 secs] 
2021-05-16T10:45:52.721+0800: 177304.400: [GC (Allocation Failure) [PSYoungGen: 515360K->2880K(518656K)] 848644K->337316K(1042944K), 0.0223302 secs] [Times: user=0.07 sys=0.00, real=0.03 secs] 
2021-05-16T10:49:50.511+0800: 177542.191: [GC (Allocation Failure) [PSYoungGen: 515904K->2720K(519168K)] 850340K->339004K(1043456K), 0.0204605 secs] [Times: user=0.06 sys=0.01, real=0.02 secs] 
2021-05-16T10:53:45.929+0800: 177777.609: [GC (Allocation Failure) [PSYoungGen: 516768K->3008K(519168K)] 853052K->340668K(1043456K), 0.0447841 secs] [Times: user=0.06 sys=0.00, real=0.05 secs] 
2021-05-16T10:57:42.316+0800: 178013.996: [GC (Allocation Failure) [PSYoungGen: 517056K->2656K(519168K)] 854716K->342171K(1043456K), 0.0160848 secs] [Times: user=0.05 sys=0.00, real=0.02 secs] 
2021-05-16T11:01:38.655+0800: 178250.335: [GC (Allocation Failure) [PSYoungGen: 516704K->2880K(519168K)] 856219K->343723K(1043456K), 0.0203906 secs] [Times: user=0.06 sys=0.00, real=0.02 secs] 
2021-05-16T11:05:38.851+0800: 178490.531: [GC (Allocation Failure) [PSYoungGen: 516921K->2528K(519680K)] 857765K->344947K(1043968K), 0.0219472 secs] [Times: user=0.05 sys=0.00, real=0.03 secs] 
2021-05-16T11:09:36.777+0800: 178728.457: [GC (Allocation Failure) [PSYoungGen: 517600K->2400K(519680K)] 860019K->345971K(1043968K), 0.0175678 secs] [Times: user=0.05 sys=0.00, real=0.02 secs] 
2021-05-16T11:13:36.921+0800: 178968.600: [GC (Allocation Failure) [PSYoungGen: 517472K->2528K(519680K)] 861043K->346955K(1043968K), 0.0193963 secs] [Times: user=0.06 sys=0.00, real=0.02 secs] 
2021-05-16T11:17:31.684+0800: 179203.363: [GC (Allocation Failure) [PSYoungGen: 517600K->2496K(519680K)] 862027K->348308K(1043968K), 0.0309825 secs] [Times: user=0.07 sys=0.00, real=0.03 secs] 
2021-05-16T11:21:31.214+0800: 179442.893: [GC (Allocation Failure) [PSYoungGen: 517568K->2784K(519680K)] 863380K->349700K(1043968K), 0.0254750 secs] [Times: user=0.06 sys=0.00, real=0.02 secs] 
2021-05-16T11:25:27.449+0800: 179679.129: [GC (Allocation Failure) [PSYoungGen: 517856K->2688K(519680K)] 864772K->351235K(1043968K), 0.0274780 secs] [Times: user=0.06 sys=0.01, real=0.03 secs] 
2021-05-16T11:29:26.290+0800: 179917.970: [GC (Allocation Failure) [PSYoungGen: 517760K->2304K(520192K)] 866307K->352435K(1044480K), 0.0344934 secs] [Times: user=0.06 sys=0.00, real=0.04 secs] 
2021-05-16T11:33:26.030+0800: 180157.710: [GC (Allocation Failure) [PSYoungGen: 518400K->3040K(520192K)] 868531K->354259K(1044480K), 0.0235150 secs] [Times: user=0.06 sys=0.00, real=0.03 secs] 
2021-05-16T11:37:23.597+0800: 180395.276: [GC (Allocation Failure) [PSYoungGen: 519136K->3520K(519168K)] 870355K->356659K(1043456K), 0.0221041 secs] [Times: user=0.07 sys=0.00, real=0.02 secs] 
2021-05-16T11:41:21.852+0800: 180633.532: [GC (Allocation Failure) [PSYoungGen: 518592K->2688K(519680K)] 871731K->358306K(1043968K), 0.0178948 secs] [Times: user=0.06 sys=0.00, real=0.01 secs] 
2021-05-16T11:45:22.328+0800: 180874.008: [GC (Allocation Failure) [PSYoungGen: 517760K->2496K(520192K)] 873378K->359682K(1044480K), 0.0170144 secs] [Times: user=0.05 sys=0.00, real=0.02 secs] 
2021-05-16T11:49:17.857+0800: 181109.536: [GC (Allocation Failure) [PSYoungGen: 518592K->2592K(520192K)] 875778K->361114K(1044480K), 0.0194559 secs] [Times: user=0.05 sys=0.00, real=0.02 secs] 
2021-05-16T11:53:16.731+0800: 181348.411: [GC (Allocation Failure) [PSYoungGen: 518688K->2752K(520192K)] 877210K->362650K(1044480K), 0.0204876 secs] [Times: user=0.05 sys=0.00, real=0.03 secs] 
2021-05-16T11:57:14.040+0800: 181585.719: [GC (Allocation Failure) [PSYoungGen: 518848K->3168K(520192K)] 878746K->364234K(1044480K), 0.0267855 secs] [Times: user=0.07 sys=0.00, real=0.03 secs] 
2021-05-16T12:01:11.268+0800: 181822.948: [GC (Allocation Failure) [PSYoungGen: 519264K->2528K(520192K)] 880330K->365386K(1044480K), 0.0212918 secs] [Times: user=0.07 sys=0.00, real=0.02 secs] 
2021-05-16T12:05:09.996+0800: 182061.676: [GC (Allocation Failure) [PSYoungGen: 518624K->3264K(520192K)] 881482K->367498K(1044480K), 0.0221049 secs] [Times: user=0.07 sys=0.00, real=0.02 secs] 
2021-05-16T12:09:06.903+0800: 182298.583: [GC (Allocation Failure) [PSYoungGen: 519360K->3392K(520192K)] 883594K->369418K(1044480K), 0.0215664 secs] [Times: user=0.06 sys=0.00, real=0.02 secs] 
2021-05-16T12:13:02.576+0800: 182534.255: [GC (Allocation Failure) [PSYoungGen: 519488K->1824K(520192K)] 885514K->369474K(1044480K), 0.0185303 secs] [Times: user=0.05 sys=0.00, real=0.02 secs] 
2021-05-16T12:17:01.097+0800: 182772.776: [GC (Allocation Failure) [PSYoungGen: 517912K->2496K(520192K)] 885563K->370746K(1044480K), 0.0190234 secs] [Times: user=0.06 sys=0.00, real=0.02 secs] 
2021-05-16T12:21:00.511+0800: 183012.191: [GC (Allocation Failure) [PSYoungGen: 518592K->2944K(520192K)] 886842K->372498K(1044480K), 0.0208359 secs] [Times: user=0.07 sys=0.00, real=0.02 secs] 
2021-05-16T12:25:00.890+0800: 183252.570: [GC (Allocation Failure) [PSYoungGen: 519040K->2624K(520192K)] 888594K->373922K(1044480K), 0.0199029 secs] [Times: user=0.06 sys=0.00, real=0.02 secs] 
2021-05-16T12:28:57.112+0800: 183488.792: [GC (Allocation Failure) [PSYoungGen: 518720K->2624K(520192K)] 890018K->375498K(1044480K), 0.0176441 secs] [Times: user=0.05 sys=0.00, real=0.02 secs] 
2021-05-16T12:32:56.999+0800: 183728.678: [GC (Allocation Failure) [PSYoungGen: 518720K->2848K(520192K)] 891594K->377306K(1044480K), 0.0216554 secs] [Times: user=0.07 sys=0.00, real=0.02 secs] 
2021-05-16T12:36:57.261+0800: 183968.941: [GC (Allocation Failure) [PSYoungGen: 518944K->2624K(520192K)] 893402K->378690K(1044480K), 0.0199323 secs] [Times: user=0.07 sys=0.00, real=0.02 secs] 
2021-05-16T12:40:55.080+0800: 184206.760: [GC (Allocation Failure) [PSYoungGen: 518720K->2080K(520192K)] 894786K->379506K(1044480K), 0.0191454 secs] [Times: user=0.05 sys=0.00, real=0.02 secs] 
2021-05-16T12:44:52.855+0800: 184444.535: [GC (Allocation Failure) [PSYoungGen: 518176K->3104K(520192K)] 895602K->381450K(1044480K), 0.0166004 secs] [Times: user=0.06 sys=0.00, real=0.02 secs] 
2021-05-16T12:48:48.865+0800: 184680.545: [GC (Allocation Failure) [PSYoungGen: 519200K->3104K(520192K)] 897546K->383497K(1044480K), 0.0230949 secs] [Times: user=0.07 sys=0.00, real=0.02 secs] 
2021-05-16T12:52:44.916+0800: 184916.596: [GC (Allocation Failure) [PSYoungGen: 519200K->2368K(520192K)] 899593K->384601K(1044480K), 0.0218059 secs] [Times: user=0.06 sys=0.00, real=0.02 secs] 
2021-05-16T12:56:42.790+0800: 185154.470: [GC (Allocation Failure) [PSYoungGen: 518464K->3264K(520192K)] 900697K->386633K(1044480K), 0.0184050 secs] [Times: user=0.06 sys=0.00, real=0.02 secs] 
2021-05-16T13:00:40.602+0800: 185392.282: [GC (Allocation Failure) [PSYoungGen: 519360K->2624K(520192K)] 902729K->388241K(1044480K), 0.0168441 secs] [Times: user=0.06 sys=0.01, real=0.02 secs] 
2021-05-16T13:04:37.887+0800: 185629.567: [GC (Allocation Failure) [PSYoungGen: 518720K->2784K(520192K)] 904337K->390001K(1044480K), 0.0208429 secs] [Times: user=0.06 sys=0.00, real=0.02 secs] 
2021-05-16T13:08:35.611+0800: 185867.291: [GC (Allocation Failure) [PSYoungGen: 518880K->2912K(520192K)] 906097K->391689K(1044480K), 0.0162279 secs] [Times: user=0.05 sys=0.00, real=0.02 secs] 
2021-05-16T13:12:33.295+0800: 186104.974: [GC (Allocation Failure) [PSYoungGen: 519008K->2208K(520192K)] 907785K->392233K(1044480K), 0.0161573 secs] [Times: user=0.05 sys=0.00, real=0.01 secs] 
2021-05-16T13:16:30.654+0800: 186342.333: [GC (Allocation Failure) [PSYoungGen: 518304K->2528K(520192K)] 908329K->393609K(1044480K), 0.0176351 secs] [Times: user=0.06 sys=0.00, real=0.01 secs] 
2021-05-16T13:20:27.684+0800: 186579.364: [GC (Allocation Failure) [PSYoungGen: 518624K->2656K(520704K)] 909705K->395113K(1044992K), 0.0200770 secs] [Times: user=0.07 sys=0.00, real=0.02 secs] 
2021-05-16T13:24:26.995+0800: 186818.674: [GC (Allocation Failure) [PSYoungGen: 519776K->2656K(520704K)] 912233K->396713K(1044992K), 0.0205974 secs] [Times: user=0.06 sys=0.00, real=0.02 secs] 
2021-05-16T13:28:25.393+0800: 187057.072: [GC (Allocation Failure) [PSYoungGen: 519776K->2720K(520704K)] 913833K->398121K(1044992K), 0.0184006 secs] [Times: user=0.06 sys=0.00, real=0.01 secs] 
2021-05-16T13:32:23.745+0800: 187295.424: [GC (Allocation Failure) [PSYoungGen: 519840K->2752K(520704K)] 915241K->399737K(1044992K), 0.0308739 secs] [Times: user=0.06 sys=0.00, real=0.03 secs] 
2021-05-16T13:36:23.901+0800: 187535.580: [GC (Allocation Failure) [PSYoungGen: 519872K->2592K(520704K)] 916857K->400985K(1044992K), 0.0185289 secs] [Times: user=0.06 sys=0.00, real=0.02 secs] 
2021-05-16T13:40:21.965+0800: 187773.645: [GC (Allocation Failure) [PSYoungGen: 519712K->2528K(520704K)] 918105K->402265K(1044992K), 0.0181033 secs] [Times: user=0.05 sys=0.00, real=0.02 secs] 
2021-05-16T13:44:18.265+0800: 188009.945: [GC (Allocation Failure) [PSYoungGen: 519648K->3584K(518656K)] 919385K->405481K(1042944K), 0.0180884 secs] [Times: user=0.06 sys=0.00, real=0.02 secs] 
2021-05-16T13:48:18.609+0800: 188250.289: [GC (Allocation Failure) [PSYoungGen: 518656K->3136K(519680K)] 920553K->407998K(1043968K), 0.0190433 secs] [Times: user=0.06 sys=0.00, real=0.02 secs] 
2021-05-16T13:52:14.217+0800: 188485.897: [GC (Allocation Failure) [PSYoungGen: 518208K->3360K(519680K)] 923070K->410181K(1043968K), 0.0195183 secs] [Times: user=0.05 sys=0.00, real=0.02 secs] 
2021-05-16T13:56:11.276+0800: 188722.955: [GC (Allocation Failure) [PSYoungGen: 518432K->2528K(519680K)] 925253K->411436K(1043968K), 0.0209121 secs] [Times: user=0.06 sys=0.00, real=0.02 secs] 
2021-05-16T14:00:07.969+0800: 188959.648: [GC (Allocation Failure) [PSYoungGen: 517600K->2400K(519680K)] 926508K->412644K(1043968K), 0.0191872 secs] [Times: user=0.06 sys=0.00, real=0.02 secs] 
2021-05-16T14:04:05.213+0800: 189196.893: [GC (Allocation Failure) [PSYoungGen: 517472K->2656K(519680K)] 927716K->414053K(1043968K), 0.0227757 secs] [Times: user=0.06 sys=0.00, real=0.02 secs] 
2021-05-16T14:08:03.038+0800: 189434.717: [GC (Allocation Failure) [PSYoungGen: 517728K->2048K(519680K)] 929125K->414773K(1043968K), 0.0212434 secs] [Times: user=0.06 sys=0.01, real=0.02 secs] 
2021-05-16T14:12:00.956+0800: 189672.636: [GC (Allocation Failure) [PSYoungGen: 517120K->2240K(519680K)] 929845K->415621K(1043968K), 0.0170734 secs] [Times: user=0.05 sys=0.00, real=0.02 secs] 
2021-05-16T14:15:56.294+0800: 189907.973: [GC (Allocation Failure) [PSYoungGen: 517312K->2944K(520192K)] 930693K->416917K(1044480K), 0.0157595 secs] [Times: user=0.05 sys=0.00, real=0.01 secs] 
2021-05-16T14:19:53.016+0800: 190144.696: [GC (Allocation Failure) [PSYoungGen: 518528K->2400K(519680K)] 932501K->418005K(1043968K), 0.0241047 secs] [Times: user=0.05 sys=0.00, real=0.02 secs] 
2021-05-16T14:23:50.867+0800: 190382.546: [GC (Allocation Failure) [PSYoungGen: 517984K->3072K(520192K)] 933589K->420021K(1044480K), 0.0164214 secs] [Times: user=0.05 sys=0.00, real=0.02 secs] 
2021-05-16T14:27:50.213+0800: 190621.892: [GC (Allocation Failure) [PSYoungGen: 519168K->2912K(520192K)] 936117K->421861K(1044480K), 0.0196387 secs] [Times: user=0.05 sys=0.00, real=0.02 secs] 
2021-05-16T14:31:47.593+0800: 190859.272: [GC (Allocation Failure) [PSYoungGen: 519008K->2560K(520192K)] 937957K->423301K(1044480K), 0.0165902 secs] [Times: user=0.05 sys=0.00, real=0.01 secs] 
2021-05-16T14:35:43.822+0800: 191095.501: [GC (Allocation Failure) [PSYoungGen: 518656K->3392K(520192K)] 939397K->425501K(1044480K), 0.0186425 secs] [Times: user=0.06 sys=0.00, real=0.02 secs] 
2021-05-16T14:39:41.320+0800: 191333.000: [GC (Allocation Failure) [PSYoungGen: 519488K->3712K(519168K)] 941597K->428140K(1043456K), 0.0238636 secs] [Times: user=0.05 sys=0.01, real=0.03 secs] 
2021-05-16T14:43:39.280+0800: 191570.960: [GC (Allocation Failure) [PSYoungGen: 518784K->2912K(519680K)] 943212K->429819K(1043968K), 0.0168331 secs] [Times: user=0.06 sys=0.00, real=0.02 secs] 
2021-05-16T14:47:38.598+0800: 191810.278: [GC (Allocation Failure) [PSYoungGen: 517984K->2304K(520192K)] 944891K->430979K(1044480K), 0.0293405 secs] [Times: user=0.06 sys=0.00, real=0.03 secs] 
2021-05-16T14:51:34.753+0800: 192046.433: [GC (Allocation Failure) [PSYoungGen: 518400K->4096K(520192K)] 947075K->436186K(1044480K), 0.0217185 secs] [Times: user=0.06 sys=0.00, real=0.02 secs] 
2021-05-16T14:55:32.661+0800: 192284.340: [GC (Allocation Failure) [PSYoungGen: 520192K->4096K(513024K)] 952282K->440366K(1037312K), 0.0180690 secs] [Times: user=0.06 sys=0.00, real=0.02 secs] 
2021-05-16T14:59:24.763+0800: 192516.443: [GC (Allocation Failure) [PSYoungGen: 513024K->2848K(516608K)] 949294K->442547K(1040896K), 0.0168704 secs] [Times: user=0.05 sys=0.00, real=0.01 secs] 
2021-05-16T15:03:20.059+0800: 192751.738: [GC (Allocation Failure) [PSYoungGen: 511776K->2880K(517120K)] 951475K->444346K(1041408K), 0.0166775 secs] [Times: user=0.05 sys=0.00, real=0.02 secs] 
2021-05-16T15:07:16.122+0800: 192987.802: [GC (Allocation Failure) [PSYoungGen: 512832K->2688K(517120K)] 954298K->445874K(1041408K), 0.0148310 secs] [Times: user=0.04 sys=0.00, real=0.02 secs] 
2021-05-16T15:11:12.887+0800: 193224.566: [GC (Allocation Failure) [PSYoungGen: 512640K->2144K(517632K)] 955826K->446754K(1041920K), 0.0202864 secs] [Times: user=0.06 sys=0.00, real=0.02 secs] 
2021-05-16T15:15:08.936+0800: 193460.616: [GC (Allocation Failure) [PSYoungGen: 512608K->2432K(517120K)] 957218K->448074K(1041408K), 0.0163409 secs] [Times: user=0.04 sys=0.00, real=0.02 secs] 
2021-05-16T15:19:04.379+0800: 193696.059: [GC (Allocation Failure) [PSYoungGen: 512896K->2688K(517632K)] 958538K->449683K(1041920K), 0.0193393 secs] [Times: user=0.05 sys=0.01, real=0.02 secs] 
2021-05-16T15:23:01.251+0800: 193932.930: [GC (Allocation Failure) [PSYoungGen: 513662K->2528K(517632K)] 960657K->451098K(1041920K), 0.0180882 secs] [Times: user=0.06 sys=0.00, real=0.02 secs] 
2021-05-16T15:26:58.938+0800: 194170.618: [GC (Allocation Failure) [PSYoungGen: 513504K->2528K(518144K)] 962074K->452450K(1042432K), 0.0179951 secs] [Times: user=0.06 sys=0.00, real=0.02 secs] 
2021-05-16T15:30:54.035+0800: 194405.715: [GC (Allocation Failure) [PSYoungGen: 514528K->2688K(518144K)] 964450K->453994K(1042432K), 0.0192667 secs] [Times: user=0.06 sys=0.00, real=0.02 secs] 
2021-05-16T15:34:49.097+0800: 194640.777: [GC (Allocation Failure) [PSYoungGen: 514688K->4416K(518144K)] 965994K->457066K(1042432K), 0.0283956 secs] [Times: user=0.06 sys=0.00, real=0.03 secs] 
2021-05-16T15:38:48.972+0800: 194880.651: [GC (Allocation Failure) [PSYoungGen: 516416K->2496K(518144K)] 969066K->458280K(1042432K), 0.0275426 secs] [Times: user=0.09 sys=0.00, real=0.03 secs] 
2021-05-16T15:42:44.523+0800: 195116.203: [GC (Allocation Failure) [PSYoungGen: 514496K->3008K(518656K)] 970280K->460135K(1042944K), 0.0188324 secs] [Times: user=0.06 sys=0.00, real=0.01 secs] 
2021-05-16T15:46:43.268+0800: 195354.947: [GC (Allocation Failure) [PSYoungGen: 515520K->2368K(518144K)] 972647K->461295K(1042432K), 0.0236641 secs] [Times: user=0.06 sys=0.00, real=0.02 secs] 
2021-05-16T15:50:42.442+0800: 195594.121: [GC (Allocation Failure) [PSYoungGen: 514880K->2720K(518656K)] 973807K->462783K(1042944K), 0.0229194 secs] [Times: user=0.08 sys=0.00, real=0.03 secs] 
2021-05-16T15:54:40.475+0800: 195832.155: [GC (Allocation Failure) [PSYoungGen: 515744K->2496K(518656K)] 975807K->464143K(1042944K), 0.0218844 secs] [Times: user=0.07 sys=0.00, real=0.02 secs] 
2021-05-16T15:58:35.313+0800: 196066.993: [GC (Allocation Failure) [PSYoungGen: 515520K->3232K(519168K)] 977167K->466151K(1043456K), 0.0235659 secs] [Times: user=0.07 sys=0.00, real=0.02 secs] 
2021-05-16T16:02:32.748+0800: 196304.427: [GC (Allocation Failure) [PSYoungGen: 517280K->3136K(519168K)] 980199K->467839K(1043456K), 0.0210038 secs] [Times: user=0.07 sys=0.00, real=0.02 secs] 
2021-05-16T16:06:31.698+0800: 196543.377: [GC (Allocation Failure) [PSYoungGen: 517184K->2848K(519168K)] 981887K->469622K(1043456K), 0.0230633 secs] [Times: user=0.06 sys=0.00, real=0.02 secs] 
2021-05-16T16:10:28.212+0800: 196779.892: [GC (Allocation Failure) [PSYoungGen: 516896K->3200K(519168K)] 983670K->471510K(1043456K), 0.0218582 secs] [Times: user=0.05 sys=0.00, real=0.02 secs] 
2021-05-16T16:14:25.979+0800: 197017.658: [GC (Allocation Failure) [PSYoungGen: 517248K->3136K(519680K)] 985558K->473261K(1043968K), 0.0207010 secs] [Times: user=0.06 sys=0.00, real=0.02 secs] 
2021-05-16T16:18:23.943+0800: 197255.623: [GC (Allocation Failure) [PSYoungGen: 518208K->2592K(519680K)] 988333K->474628K(1043968K), 0.0227537 secs] [Times: user=0.06 sys=0.00, real=0.02 secs] 
2021-05-16T16:22:23.209+0800: 197494.889: [GC (Allocation Failure) [PSYoungGen: 517664K->2176K(519680K)] 989700K->475611K(1043968K), 0.0221340 secs] [Times: user=0.07 sys=0.00, real=0.02 secs] 
2021-05-16T16:26:22.079+0800: 197733.758: [GC (Allocation Failure) [PSYoungGen: 517248K->2112K(519680K)] 990683K->476459K(1043968K), 0.0204932 secs] [Times: user=0.05 sys=0.00, real=0.02 secs] 
2021-05-16T16:30:19.200+0800: 197970.880: [GC (Allocation Failure) [PSYoungGen: 517184K->2144K(519680K)] 991531K->477371K(1043968K), 0.0193916 secs] [Times: user=0.06 sys=0.00, real=0.02 secs] 
2021-05-16T16:34:18.376+0800: 198210.056: [GC (Allocation Failure) [PSYoungGen: 517216K->2560K(519680K)] 992443K->478715K(1043968K), 0.0231799 secs] [Times: user=0.07 sys=0.01, real=0.02 secs] 
2021-05-16T16:38:15.166+0800: 198446.846: [GC (Allocation Failure) [PSYoungGen: 517632K->2112K(519680K)] 993787K->479531K(1043968K), 0.0258103 secs] [Times: user=0.08 sys=0.01, real=0.02 secs] 
2021-05-16T16:42:11.253+0800: 198682.932: [GC (Allocation Failure) [PSYoungGen: 517184K->2208K(519680K)] 994603K->480507K(1043968K), 0.0213958 secs] [Times: user=0.07 sys=0.00, real=0.02 secs] 
2021-05-16T16:46:09.581+0800: 198921.261: [GC (Allocation Failure) [PSYoungGen: 517280K->2112K(520192K)] 995579K->481340K(1044480K), 0.0251351 secs] [Times: user=0.06 sys=0.00, real=0.03 secs] 
2021-05-16T16:50:08.446+0800: 199160.126: [GC (Allocation Failure) [PSYoungGen: 517696K->2208K(519680K)] 996924K->482340K(1043968K), 0.0181580 secs] [Times: user=0.06 sys=0.00, real=0.02 secs] 
2021-05-16T16:54:06.093+0800: 199397.773: [GC (Allocation Failure) [PSYoungGen: 517792K->2624K(520192K)] 997924K->483724K(1044480K), 0.0263330 secs] [Times: user=0.07 sys=0.00, real=0.02 secs] 
2021-05-16T16:58:02.679+0800: 199634.359: [GC (Allocation Failure) [PSYoungGen: 518720K->2080K(520192K)] 999820K->484387K(1044480K), 0.0218120 secs] [Times: user=0.06 sys=0.00, real=0.02 secs] 
2021-05-16T17:01:59.653+0800: 199871.333: [GC (Allocation Failure) [PSYoungGen: 518176K->2144K(520192K)] 1000483K->485347K(1044480K), 0.0195722 secs] [Times: user=0.06 sys=0.00, real=0.02 secs] 
2021-05-16T17:06:00.337+0800: 200112.017: [GC (Allocation Failure) [PSYoungGen: 518240K->2304K(520192K)] 1001443K->486419K(1044480K), 0.0589102 secs] [Times: user=0.09 sys=0.00, real=0.06 secs] 
2021-05-16T17:09:57.571+0800: 200349.250: [GC (Allocation Failure) [PSYoungGen: 518400K->1664K(520192K)] 1002515K->486739K(1044480K), 0.0279431 secs] [Times: user=0.07 sys=0.00, real=0.03 secs] 
2021-05-16T17:13:55.743+0800: 200587.423: [GC (Allocation Failure) [PSYoungGen: 517760K->3264K(520192K)] 1002835K->488715K(1044480K), 0.0167544 secs] [Times: user=0.06 sys=0.00, real=0.01 secs] 
2021-05-16T17:17:54.097+0800: 200825.776: [GC (Allocation Failure) [PSYoungGen: 519360K->2112K(520192K)] 1004811K->489674K(1044480K), 0.0209524 secs] [Times: user=0.06 sys=0.01, real=0.02 secs] 
2021-05-16T17:21:53.692+0800: 201065.372: [GC (Allocation Failure) [PSYoungGen: 518208K->2368K(520192K)] 1005770K->490842K(1044480K), 0.0228092 secs] [Times: user=0.05 sys=0.01, real=0.02 secs] 
2021-05-16T17:25:49.776+0800: 201301.456: [GC (Allocation Failure) [PSYoungGen: 518464K->2112K(520704K)] 1006938K->491770K(1044992K), 0.0237160 secs] [Times: user=0.07 sys=0.00, real=0.02 secs] 
2021-05-16T17:29:48.589+0800: 201540.269: [GC (Allocation Failure) [PSYoungGen: 518720K->2272K(520192K)] 1008378K->492818K(1044480K), 0.0255005 secs] [Times: user=0.07 sys=0.00, real=0.03 secs] 
2021-05-16T17:33:44.732+0800: 201776.412: [GC (Allocation Failure) [PSYoungGen: 518880K->2784K(520704K)] 1009426K->494218K(1044992K), 0.0258499 secs] [Times: user=0.06 sys=0.00, real=0.03 secs] 
2021-05-16T17:37:40.761+0800: 202012.441: [GC (Allocation Failure) [PSYoungGen: 519904K->2688K(520704K)] 1011338K->495410K(1044992K), 0.0685820 secs] [Times: user=0.07 sys=0.00, real=0.07 secs] 
2021-05-16T17:41:35.738+0800: 202247.418: [GC (Allocation Failure) [PSYoungGen: 519808K->2560K(520704K)] 1012530K->496834K(1044992K), 0.0221860 secs] [Times: user=0.06 sys=0.00, real=0.02 secs] 
2021-05-16T17:45:32.357+0800: 202484.037: [GC (Allocation Failure) [PSYoungGen: 519680K->2944K(520704K)] 1013954K->498578K(1044992K), 0.0252887 secs] [Times: user=0.08 sys=0.00, real=0.03 secs] 
2021-05-16T17:49:31.994+0800: 202723.674: [GC (Allocation Failure) [PSYoungGen: 520064K->2752K(520704K)] 1015698K->499970K(1044992K), 0.0183708 secs] [Times: user=0.06 sys=0.00, real=0.02 secs] 
2021-05-16T17:53:27.523+0800: 202959.203: [GC (Allocation Failure) [PSYoungGen: 519872K->3584K(520704K)] 1017090K->506765K(1044992K), 0.0239027 secs] [Times: user=0.08 sys=0.00, real=0.02 secs] 
2021-05-16T17:57:22.940+0800: 203194.620: [GC (Allocation Failure) [PSYoungGen: 520704K->3584K(513536K)] 1023885K->510026K(1037824K), 0.0227469 secs] [Times: user=0.08 sys=0.00, real=0.03 secs] 
2021-05-16T18:01:17.823+0800: 203429.502: [GC (Allocation Failure) [PSYoungGen: 513536K->2784K(517120K)] 1019978K->512001K(1041408K), 0.0219267 secs] [Times: user=0.07 sys=0.00, real=0.02 secs] 
2021-05-16T18:05:13.679+0800: 203665.359: [GC (Allocation Failure) [PSYoungGen: 512736K->2656K(517120K)] 1021953K->513480K(1041408K), 0.0264256 secs] [Times: user=0.08 sys=0.00, real=0.03 secs] 
2021-05-16T18:09:05.668+0800: 203897.348: [GC (Allocation Failure) [PSYoungGen: 512608K->2720K(517120K)] 1023432K->515184K(1041408K), 0.0225940 secs] [Times: user=0.06 sys=0.01, real=0.02 secs] 
2021-05-16T18:13:01.316+0800: 204132.996: [GC (Allocation Failure) [PSYoungGen: 512672K->2304K(517632K)] 1025136K->516145K(1041920K), 0.0197093 secs] [Times: user=0.06 sys=0.00, real=0.02 secs] 
2021-05-16T18:16:59.704+0800: 204371.383: [GC (Allocation Failure) [PSYoungGen: 513280K->2816K(517632K)] 1027121K->517752K(1041920K), 0.0188578 secs] [Times: user=0.06 sys=0.00, real=0.02 secs] 
2021-05-16T18:20:56.068+0800: 204607.748: [GC (Allocation Failure) [PSYoungGen: 513792K->2944K(518144K)] 1028728K->519472K(1042432K), 0.0193245 secs] [Times: user=0.06 sys=0.00, real=0.02 secs] 
2021-05-16T18:24:50.985+0800: 204842.665: [GC (Allocation Failure) [PSYoungGen: 514944K->2528K(518144K)] 1031472K->520880K(1042432K), 0.0198623 secs] [Times: user=0.06 sys=0.00, real=0.02 secs] 
2021-05-16T18:28:45.872+0800: 205077.552: [GC (Allocation Failure) [PSYoungGen: 514528K->4032K(518144K)] 1032880K->523736K(1042432K), 0.0256121 secs] [Times: user=0.04 sys=0.01, real=0.02 secs] 
2021-05-16T18:32:41.089+0800: 205312.769: [GC (Allocation Failure) [PSYoungGen: 516032K->4576K(518144K)] 1035736K->527334K(1042432K), 0.0234155 secs] [Times: user=0.06 sys=0.00, real=0.03 secs] 
2021-05-16T18:32:41.113+0800: 205312.793: [Full GC (Ergonomics) [PSYoungGen: 4576K->0K(518144K)] [ParOldGen: 522758K->245380K(524288K)] 527334K->245380K(1042432K), [Metaspace: 92817K->92813K(1134592K)], 0.5712787 secs] [Times: user=1.18 sys=0.00, real=0.57 secs] 
2021-05-16T18:36:39.146+0800: 205550.826: [GC (Allocation Failure) [PSYoungGen: 512000K->3296K(518144K)] 757380K->248676K(1042432K), 0.0510843 secs] [Times: user=0.11 sys=0.04, real=0.05 secs] 
2021-05-16T18:40:36.535+0800: 205788.215: [GC (Allocation Failure) [PSYoungGen: 515296K->2528K(518144K)] 760676K->249820K(1042432K), 0.0382175 secs] [Times: user=0.07 sys=0.00, real=0.04 secs] 
2021-05-16T18:44:31.856+0800: 206023.536: [GC (Allocation Failure) [PSYoungGen: 514528K->2432K(518656K)] 761820K->251124K(1042944K), 0.0260357 secs] [Times: user=0.07 sys=0.00, real=0.03 secs] 
2021-05-16T18:48:28.416+0800: 206260.096: [GC (Allocation Failure) [PSYoungGen: 514944K->3008K(518144K)] 763636K->252868K(1042432K), 0.0226391 secs] [Times: user=0.06 sys=0.00, real=0.02 secs] 
2021-05-16T18:52:23.806+0800: 206495.485: [GC (Allocation Failure) [PSYoungGen: 515520K->4960K(517632K)] 765380K->256236K(1041920K), 0.0211194 secs] [Times: user=0.05 sys=0.02, real=0.02 secs] 
2021-05-16T18:56:19.202+0800: 206730.881: [GC (Allocation Failure) [PSYoungGen: 516960K->2560K(518144K)] 768236K->257888K(1042432K), 0.0266215 secs] [Times: user=0.06 sys=0.00, real=0.03 secs] 
2021-05-16T19:00:14.529+0800: 206966.209: [GC (Allocation Failure) [PSYoungGen: 514560K->2720K(518656K)] 769888K->259424K(1042944K), 0.0202844 secs] [Times: user=0.05 sys=0.01, real=0.02 secs] 
2021-05-16T19:04:12.932+0800: 207204.612: [GC (Allocation Failure) [PSYoungGen: 515232K->2912K(518144K)] 771936K->261224K(1042432K), 0.0216963 secs] [Times: user=0.06 sys=0.00, real=0.02 secs] 
2021-05-16T19:08:10.263+0800: 207441.943: [GC (Allocation Failure) [PSYoungGen: 515424K->2432K(518656K)] 773736K->262304K(1042944K), 0.0211798 secs] [Times: user=0.06 sys=0.00, real=0.02 secs] 
2021-05-16T19:12:05.613+0800: 207677.292: [GC (Allocation Failure) [PSYoungGen: 515456K->2400K(518656K)] 775328K->263216K(1042944K), 0.0186916 secs] [Times: user=0.06 sys=0.00, real=0.01 secs] 
2021-05-16T19:16:02.203+0800: 207913.883: [GC (Allocation Failure) [PSYoungGen: 515424K->3360K(519168K)] 776240K->265047K(1043456K), 0.0231942 secs] [Times: user=0.06 sys=0.00, real=0.02 secs] 
2021-05-16T19:20:00.695+0800: 208152.374: [GC (Allocation Failure) [PSYoungGen: 516896K->2592K(518656K)] 778583K->266487K(1042944K), 0.0216359 secs] [Times: user=0.06 sys=0.00, real=0.02 secs] 
2021-05-16T19:23:57.273+0800: 208388.952: [GC (Allocation Failure) [PSYoungGen: 516128K->3168K(519168K)] 780023K->268662K(1043456K), 0.0184942 secs] [Times: user=0.05 sys=0.00, real=0.01 secs] 
2021-05-16T19:27:55.240+0800: 208626.920: [GC (Allocation Failure) [PSYoungGen: 517216K->2944K(519168K)] 782710K->270478K(1043456K), 0.0206199 secs] [Times: user=0.06 sys=0.00, real=0.02 secs] 
2021-05-16T19:31:52.462+0800: 208864.142: [GC (Allocation Failure) [PSYoungGen: 516992K->3616K(519168K)] 784526K->272758K(1043456K), 0.0186772 secs] [Times: user=0.06 sys=0.00, real=0.02 secs] 
2021-05-16T19:35:47.848+0800: 209099.527: [GC (Allocation Failure) [PSYoungGen: 517659K->3072K(519168K)] 786802K->274054K(1043456K), 0.0245477 secs] [Times: user=0.06 sys=0.00, real=0.03 secs] 
2021-05-16T19:39:48.067+0800: 209339.747: [GC (Allocation Failure) [PSYoungGen: 517120K->2208K(519680K)] 788102K->274854K(1043968K), 0.0232871 secs] [Times: user=0.06 sys=0.00, real=0.02 secs] 
2021-05-16T19:43:45.289+0800: 209576.969: [GC (Allocation Failure) [PSYoungGen: 517276K->2784K(519680K)] 789923K->276510K(1043968K), 0.0184976 secs] [Times: user=0.06 sys=0.00, real=0.02 secs] 
2021-05-16T19:47:43.132+0800: 209814.812: [GC (Allocation Failure) [PSYoungGen: 517856K->2592K(519680K)] 791582K->277638K(1043968K), 0.0214240 secs] [Times: user=0.07 sys=0.00, real=0.02 secs] 
2021-05-16T19:51:39.242+0800: 210050.922: [GC (Allocation Failure) [PSYoungGen: 517664K->2688K(519680K)] 792710K->278990K(1043968K), 0.0184485 secs] [Times: user=0.05 sys=0.00, real=0.02 secs] 
2021-05-16T19:55:34.855+0800: 210286.535: [GC (Allocation Failure) [PSYoungGen: 517760K->2144K(519680K)] 794062K->280062K(1043968K), 0.0174532 secs] [Times: user=0.05 sys=0.00, real=0.02 secs] 
2021-05-16T19:59:30.117+0800: 210521.796: [GC (Allocation Failure) [PSYoungGen: 517216K->3552K(519680K)] 795134K->282374K(1043968K), 0.0194641 secs] [Times: user=0.05 sys=0.00, real=0.02 secs] 
2021-05-16T20:03:25.881+0800: 210757.561: [GC (Allocation Failure) [PSYoungGen: 518624K->3008K(519680K)] 797446K->284278K(1043968K), 0.0190349 secs] [Times: user=0.04 sys=0.01, real=0.02 secs] 
2021-05-16T20:07:24.999+0800: 210996.678: [GC (Allocation Failure) [PSYoungGen: 518080K->3104K(519680K)] 799350K->286189K(1043968K), 0.0221801 secs] [Times: user=0.07 sys=0.00, real=0.02 secs] 
2021-05-16T20:11:22.801+0800: 211234.481: [GC (Allocation Failure) [PSYoungGen: 518176K->2208K(519680K)] 801261K->287204K(1043968K), 0.0176698 secs] [Times: user=0.05 sys=0.00, real=0.02 secs] 
2021-05-16T20:15:21.493+0800: 211473.173: [GC (Allocation Failure) [PSYoungGen: 517280K->2880K(519680K)] 802276K->288924K(1043968K), 0.0274663 secs] [Times: user=0.06 sys=0.00, real=0.02 secs] 
2021-05-16T20:19:18.242+0800: 211709.922: [GC (Allocation Failure) [PSYoungGen: 517952K->3168K(520192K)] 803996K->291012K(1044480K), 0.0279717 secs] [Times: user=0.07 sys=0.00, real=0.03 secs] 
2021-05-16T20:23:13.942+0800: 211945.621: [GC (Allocation Failure) [PSYoungGen: 519264K->4096K(520192K)] 807108K->296626K(1044480K), 0.0251563 secs] [Times: user=0.08 sys=0.00, real=0.03 secs] 
2021-05-16T20:27:10.260+0800: 212181.939: [GC (Allocation Failure) [PSYoungGen: 520192K->3360K(516096K)] 812722K->299486K(1040384K), 0.0225667 secs] [Times: user=0.05 sys=0.00, real=0.03 secs] 
2021-05-16T20:31:05.684+0800: 212417.363: [GC (Allocation Failure) [PSYoungGen: 515360K->2848K(518144K)] 811486K->301293K(1042432K), 0.0175786 secs] [Times: user=0.04 sys=0.01, real=0.01 secs] 
2021-05-16T20:35:03.260+0800: 212654.940: [GC (Allocation Failure) [PSYoungGen: 514848K->3296K(518656K)] 813293K->303469K(1042944K), 0.0192488 secs] [Times: user=0.05 sys=0.01, real=0.02 secs] 
2021-05-16T20:39:00.099+0800: 212891.778: [GC (Allocation Failure) [PSYoungGen: 515808K->2240K(518144K)] 815981K->304350K(1042432K), 0.0197559 secs] [Times: user=0.06 sys=0.00, real=0.02 secs] 
2021-05-16T20:42:56.767+0800: 213128.447: [GC (Allocation Failure) [PSYoungGen: 514752K->2336K(518656K)] 816862K->305542K(1042944K), 0.0198245 secs] [Times: user=0.06 sys=0.00, real=0.02 secs] 
2021-05-16T20:46:55.962+0800: 213367.642: [GC (Allocation Failure) [PSYoungGen: 515360K->2496K(518656K)] 818566K->306822K(1042944K), 0.0180387 secs] [Times: user=0.05 sys=0.01, real=0.01 secs] 
2021-05-16T20:50:54.629+0800: 213606.309: [GC (Allocation Failure) [PSYoungGen: 515520K->2304K(518656K)] 819846K->307998K(1042944K), 0.0178167 secs] [Times: user=0.05 sys=0.01, real=0.02 secs] 
2021-05-16T20:54:50.163+0800: 213841.843: [GC (Allocation Failure) [PSYoungGen: 515328K->2560K(518656K)] 821022K->309390K(1042944K), 0.0262035 secs] [Times: user=0.07 sys=0.01, real=0.02 secs] 
2021-05-16T20:58:43.096+0800: 214074.776: [GC (Allocation Failure) [PSYoungGen: 515584K->5120K(516096K)] 822414K->314358K(1040384K), 0.0232472 secs] [Times: user=0.08 sys=0.00, real=0.02 secs] 
2021-05-16T21:02:33.187+0800: 214304.867: [GC (Allocation Failure) [PSYoungGen: 516096K->6656K(517632K)] 825334K->323562K(1041920K), 0.0267194 secs] [Times: user=0.07 sys=0.00, real=0.03 secs] 
2021-05-16T21:06:29.390+0800: 214541.070: [GC (Allocation Failure) [PSYoungGen: 517632K->4992K(510464K)] 834538K->328330K(1034752K), 0.0245349 secs] [Times: user=0.08 sys=0.00, real=0.03 secs] 
2021-05-16T21:10:20.914+0800: 214772.593: [GC (Allocation Failure) [PSYoungGen: 508800K->3264K(514048K)] 832138K->330567K(1038336K), 0.0166315 secs] [Times: user=0.05 sys=0.00, real=0.01 secs] 
2021-05-16T21:14:13.148+0800: 215004.828: [GC (Allocation Failure) [PSYoungGen: 507072K->2912K(514560K)] 834375K->332253K(1038848K), 0.0397236 secs] [Times: user=0.07 sys=0.00, real=0.04 secs] 
2021-05-16T21:18:06.652+0800: 215238.332: [GC (Allocation Failure) [PSYoungGen: 507744K->2752K(514560K)] 837085K->333933K(1038848K), 0.0224559 secs] [Times: user=0.07 sys=0.01, real=0.02 secs] 
2021-05-16T21:22:02.118+0800: 215473.798: [GC (Allocation Failure) [PSYoungGen: 507584K->2688K(515072K)] 838765K->335397K(1039360K), 0.0208573 secs] [Times: user=0.05 sys=0.01, real=0.02 secs] 
2021-05-16T21:25:53.502+0800: 215705.182: [GC (Allocation Failure) [PSYoungGen: 508542K->2656K(515072K)] 841251K->336965K(1039360K), 0.0189994 secs] [Times: user=0.05 sys=0.00, real=0.01 secs] 
2021-05-16T21:29:47.583+0800: 215939.262: [GC (Allocation Failure) [PSYoungGen: 508512K->6656K(514560K)] 842821K->342517K(1038848K), 0.0215256 secs] [Times: user=0.07 sys=0.00, real=0.02 secs] 
2021-05-16T21:33:38.450+0800: 216170.130: [GC (Allocation Failure) [PSYoungGen: 512512K->3744K(515072K)] 848373K->345559K(1039360K), 0.0220421 secs] [Times: user=0.07 sys=0.00, real=0.03 secs] 
2021-05-16T21:37:30.079+0800: 216401.759: [GC (Allocation Failure) [PSYoungGen: 509600K->2304K(515584K)] 851415K->346525K(1039872K), 0.0277688 secs] [Times: user=0.07 sys=0.00, real=0.03 secs] 
2021-05-16T21:41:23.875+0800: 216635.555: [GC (Allocation Failure) [PSYoungGen: 508672K->2912K(515072K)] 852893K->348229K(1039360K), 0.0198654 secs] [Times: user=0.05 sys=0.01, real=0.02 secs] 
2021-05-16T21:45:17.445+0800: 216869.124: [GC (Allocation Failure) [PSYoungGen: 509280K->2848K(516096K)] 854597K->349765K(1040384K), 0.0162662 secs] [Times: user=0.04 sys=0.01, real=0.01 secs] 
2021-05-16T21:49:10.491+0800: 217102.171: [GC (Allocation Failure) [PSYoungGen: 510240K->2304K(515584K)] 857157K->351013K(1039872K), 0.0217242 secs] [Times: user=0.07 sys=0.00, real=0.03 secs] 
2021-05-16T21:53:05.869+0800: 217337.548: [GC (Allocation Failure) [PSYoungGen: 509696K->2752K(516608K)] 858405K->352597K(1040896K), 0.0251003 secs] [Times: user=0.06 sys=0.00, real=0.03 secs] 
2021-05-16T21:56:59.573+0800: 217571.253: [GC (Allocation Failure) [PSYoungGen: 511168K->2336K(516096K)] 861013K->353541K(1040384K), 0.0221345 secs] [Times: user=0.07 sys=0.00, real=0.02 secs] 
2021-05-16T22:00:51.808+0800: 217803.488: [GC (Allocation Failure) [PSYoungGen: 510752K->2560K(517120K)] 861957K->354877K(1041408K), 0.0221341 secs] [Times: user=0.06 sys=0.00, real=0.02 secs] 
2021-05-16T22:04:44.709+0800: 218036.389: [GC (Allocation Failure) [PSYoungGen: 512000K->2944K(516608K)] 864317K->356676K(1040896K), 0.0207989 secs] [Times: user=0.05 sys=0.00, real=0.02 secs] 
2021-05-16T22:08:38.801+0800: 218270.480: [GC (Allocation Failure) [PSYoungGen: 512384K->2528K(517632K)] 866116K->358123K(1041920K), 0.0260891 secs] [Times: user=0.05 sys=0.00, real=0.03 secs] 
2021-05-16T22:12:36.582+0800: 218508.262: [GC (Allocation Failure) [PSYoungGen: 512992K->1568K(517120K)] 868587K->358139K(1041408K), 0.0168392 secs] [Times: user=0.04 sys=0.01, real=0.01 secs] 
2021-05-16T22:16:30.385+0800: 218742.064: [GC (Allocation Failure) [PSYoungGen: 512032K->2624K(517632K)] 868603K->359595K(1041920K), 0.0179562 secs] [Times: user=0.06 sys=0.00, real=0.02 secs] 
2021-05-16T22:20:27.288+0800: 218978.968: [GC (Allocation Failure) [PSYoungGen: 513600K->2304K(517632K)] 870571K->360795K(1041920K), 0.0223309 secs] [Times: user=0.06 sys=0.00, real=0.02 secs] 
2021-05-16T22:24:21.756+0800: 219213.435: [GC (Allocation Failure) [PSYoungGen: 513280K->2720K(518144K)] 871771K->362355K(1042432K), 0.0208864 secs] [Times: user=0.06 sys=0.00, real=0.02 secs] 
2021-05-16T22:28:19.186+0800: 219450.865: [GC (Allocation Failure) [PSYoungGen: 514720K->2368K(518144K)] 874355K->363555K(1042432K), 0.0226975 secs] [Times: user=0.07 sys=0.00, real=0.02 secs] 
2021-05-16T22:32:14.721+0800: 219686.400: [GC (Allocation Failure) [PSYoungGen: 514368K->2976K(518656K)] 875555K->365307K(1042944K), 0.0466756 secs] [Times: user=0.07 sys=0.00, real=0.05 secs] 
2021-05-16T22:36:13.465+0800: 219925.144: [GC (Allocation Failure) [PSYoungGen: 516000K->3072K(518656K)] 878331K->367243K(1042944K), 0.0273456 secs] [Times: user=0.06 sys=0.00, real=0.03 secs] 
2021-05-16T22:40:09.496+0800: 220161.175: [GC (Allocation Failure) [PSYoungGen: 516096K->2464K(519168K)] 880267K->368259K(1043456K), 0.0492973 secs] [Times: user=0.08 sys=0.00, real=0.05 secs] 
2021-05-16T22:44:05.816+0800: 220397.496: [GC (Allocation Failure) [PSYoungGen: 516000K->2336K(518656K)] 881795K->369467K(1042944K), 0.0237287 secs] [Times: user=0.04 sys=0.01, real=0.02 secs] 
2021-05-16T22:48:02.335+0800: 220634.015: [GC (Allocation Failure) [PSYoungGen: 515872K->3328K(519168K)] 883003K->371579K(1043456K), 0.0174508 secs] [Times: user=0.05 sys=0.01, real=0.02 secs] 
2021-05-16T22:52:00.276+0800: 220871.956: [GC (Allocation Failure) [PSYoungGen: 517376K->2432K(519168K)] 885627K->372835K(1043456K), 0.0197670 secs] [Times: user=0.06 sys=0.01, real=0.02 secs] 
2021-05-16T22:55:54.277+0800: 221105.957: [GC (Allocation Failure) [PSYoungGen: 516480K->2912K(519680K)] 886883K->374691K(1043968K), 0.0221478 secs] [Times: user=0.07 sys=0.00, real=0.02 secs] 
2021-05-16T22:59:53.151+0800: 221344.831: [GC (Allocation Failure) [PSYoungGen: 517472K->2400K(519168K)] 889251K->375779K(1043456K), 0.0295441 secs] [Times: user=0.07 sys=0.00, real=0.03 secs] 
2021-05-16T23:03:51.368+0800: 221583.048: [GC (Allocation Failure) [PSYoungGen: 516960K->2944K(519680K)] 890339K->377419K(1043968K), 0.0227219 secs] [Times: user=0.07 sys=0.00, real=0.02 secs] 
2021-05-16T23:07:48.031+0800: 221819.711: [GC (Allocation Failure) [PSYoungGen: 518016K->2432K(519680K)] 892491K->378683K(1043968K), 0.0247375 secs] [Times: user=0.07 sys=0.00, real=0.03 secs] 
2021-05-16T23:11:46.706+0800: 222058.386: [GC (Allocation Failure) [PSYoungGen: 517504K->1984K(519680K)] 893755K->379380K(1043968K), 0.0176793 secs] [Times: user=0.06 sys=0.00, real=0.02 secs] 
2021-05-16T23:15:44.800+0800: 222296.480: [GC (Allocation Failure) [PSYoungGen: 517056K->3328K(519680K)] 894452K->381596K(1043968K), 0.0195017 secs] [Times: user=0.04 sys=0.02, real=0.02 secs] 
2021-05-16T23:19:44.121+0800: 222535.801: [GC (Allocation Failure) [PSYoungGen: 518400K->3072K(519680K)] 896668K->383635K(1043968K), 0.0203979 secs] [Times: user=0.07 sys=0.00, real=0.02 secs] 
2021-05-16T23:23:43.690+0800: 222775.369: [GC (Allocation Failure) [PSYoungGen: 518144K->2752K(519680K)] 898707K->385323K(1043968K), 0.0204876 secs] [Times: user=0.06 sys=0.00, real=0.02 secs] 
2021-05-16T23:27:40.784+0800: 223012.464: [GC (Allocation Failure) [PSYoungGen: 517824K->2592K(520192K)] 900395K->386515K(1044480K), 0.0205956 secs] [Times: user=0.05 sys=0.00, real=0.02 secs] 
2021-05-16T23:31:39.010+0800: 223250.689: [GC (Allocation Failure) [PSYoungGen: 518176K->2304K(519680K)] 902099K->387411K(1043968K), 0.0267073 secs] [Times: user=0.07 sys=0.00, real=0.03 secs] 
2021-05-16T23:35:35.586+0800: 223487.265: [GC (Allocation Failure) [PSYoungGen: 517888K->2912K(520192K)] 902995K->389091K(1044480K), 0.0185076 secs] [Times: user=0.06 sys=0.00, real=0.02 secs] 
2021-05-16T23:39:33.859+0800: 223725.538: [GC (Allocation Failure) [PSYoungGen: 519008K->2880K(520192K)] 905187K->390523K(1044480K), 0.0175660 secs] [Times: user=0.05 sys=0.01, real=0.02 secs] 
2021-05-16T23:43:31.536+0800: 223963.216: [GC (Allocation Failure) [PSYoungGen: 518976K->2720K(520192K)] 906619K->391915K(1044480K), 0.0195923 secs] [Times: user=0.05 sys=0.01, real=0.02 secs] 
2021-05-16T23:47:26.787+0800: 224198.467: [GC (Allocation Failure) [PSYoungGen: 518816K->4096K(520192K)] 908011K->397137K(1044480K), 0.0251563 secs] [Times: user=0.07 sys=0.00, real=0.03 secs] 
2021-05-16T23:51:24.516+0800: 224436.196: [GC (Allocation Failure) [PSYoungGen: 520192K->2848K(517120K)] 913233K->399508K(1041408K), 0.0194313 secs] [Times: user=0.06 sys=0.00, real=0.02 secs] 
2021-05-16T23:55:22.471+0800: 224674.150: [GC (Allocation Failure) [PSYoungGen: 515872K->2496K(518656K)] 912532K->400972K(1042944K), 0.0254759 secs] [Times: user=0.06 sys=0.00, real=0.03 secs] 
2021-05-16T23:59:16.515+0800: 224908.194: [GC (Allocation Failure) [PSYoungGen: 515520K->2880K(518656K)] 913996K->402508K(1042944K), 0.0166824 secs] [Times: user=0.05 sys=0.00, real=0.01 secs] 
2021-05-17T00:03:09.837+0800: 225141.516: [GC (Allocation Failure) [PSYoungGen: 515904K->3488K(518656K)] 915532K->404676K(1042944K), 0.0189189 secs] [Times: user=0.05 sys=0.02, real=0.02 secs] 
2021-05-17T00:07:04.945+0800: 225376.625: [GC (Allocation Failure) [PSYoungGen: 516512K->2688K(519168K)] 917700K->405995K(1043456K), 0.0186330 secs] [Times: user=0.05 sys=0.00, real=0.02 secs] 
2021-05-17T00:11:05.017+0800: 225616.697: [GC (Allocation Failure) [PSYoungGen: 516736K->2656K(519168K)] 920043K->407211K(1043456K), 0.0213130 secs] [Times: user=0.06 sys=0.00, real=0.02 secs] 
2021-05-17T00:15:05.007+0800: 225856.686: [GC (Allocation Failure) [PSYoungGen: 516704K->2528K(519168K)] 921259K->408387K(1043456K), 0.0205672 secs] [Times: user=0.06 sys=0.00, real=0.02 secs] 
2021-05-17T00:18:59.557+0800: 226091.237: [GC (Allocation Failure) [PSYoungGen: 516576K->5024K(519168K)] 922435K->412235K(1043456K), 0.0265524 secs] [Times: user=0.07 sys=0.00, real=0.03 secs] 
2021-05-17T00:22:53.265+0800: 226324.945: [GC (Allocation Failure) [PSYoungGen: 519072K->3168K(518144K)] 926283K->413888K(1042432K), 0.0241468 secs] [Times: user=0.06 sys=0.00, real=0.02 secs] 
2021-05-17T00:26:48.485+0800: 226560.165: [GC (Allocation Failure) [PSYoungGen: 516192K->2912K(518656K)] 926912K->415495K(1042944K), 0.0234732 secs] [Times: user=0.08 sys=0.00, real=0.02 secs] 
2021-05-17T00:30:45.991+0800: 226797.670: [GC (Allocation Failure) [PSYoungGen: 515936K->2880K(519168K)] 928519K->417055K(1043456K), 0.0180499 secs] [Times: user=0.05 sys=0.00, real=0.02 secs] 
2021-05-17T00:34:43.640+0800: 227035.319: [GC (Allocation Failure) [PSYoungGen: 516928K->2976K(519168K)] 931103K->418679K(1043456K), 0.0233183 secs] [Times: user=0.07 sys=0.00, real=0.03 secs] 
2021-05-17T00:38:41.517+0800: 227273.197: [GC (Allocation Failure) [PSYoungGen: 517024K->2080K(519168K)] 932727K->419487K(1043456K), 0.0221944 secs] [Times: user=0.07 sys=0.00, real=0.02 secs] 
2021-05-17T00:42:38.231+0800: 227509.910: [GC (Allocation Failure) [PSYoungGen: 516128K->2144K(519168K)] 933535K->420439K(1043456K), 0.0203535 secs] [Times: user=0.06 sys=0.00, real=0.02 secs] 
2021-05-17T00:46:33.901+0800: 227745.581: [GC (Allocation Failure) [PSYoungGen: 516192K->3520K(519168K)] 934487K->422783K(1043456K), 0.0237622 secs] [Times: user=0.08 sys=0.00, real=0.03 secs] 
2021-05-17T00:50:30.994+0800: 227982.673: [GC (Allocation Failure) [PSYoungGen: 517568K->2592K(519168K)] 936831K->423863K(1043456K), 0.0200255 secs] [Times: user=0.06 sys=0.00, real=0.02 secs] 
2021-05-17T00:54:26.403+0800: 228218.083: [GC (Allocation Failure) [PSYoungGen: 516640K->3392K(519168K)] 937911K->426039K(1043456K), 0.0242492 secs] [Times: user=0.07 sys=0.00, real=0.02 secs] 
2021-05-17T00:58:24.153+0800: 228455.832: [GC (Allocation Failure) [PSYoungGen: 517440K->2304K(519168K)] 940087K->426839K(1043456K), 0.0231384 secs] [Times: user=0.07 sys=0.00, real=0.02 secs] 
2021-05-17T01:02:18.058+0800: 228689.738: [GC (Allocation Failure) [PSYoungGen: 516352K->3104K(519680K)] 940887K->428759K(1043968K), 0.0179374 secs] [Times: user=0.06 sys=0.00, real=0.02 secs] 
2021-05-17T01:06:14.701+0800: 228926.381: [GC (Allocation Failure) [PSYoungGen: 518176K->3680K(519168K)] 943831K->431375K(1043456K), 0.0186270 secs] [Times: user=0.06 sys=0.00, real=0.02 secs] 
2021-05-17T01:10:10.679+0800: 229162.359: [GC (Allocation Failure) [PSYoungGen: 518752K->2240K(519680K)] 946447K->432494K(1043968K), 0.0261869 secs] [Times: user=0.06 sys=0.00, real=0.03 secs] 
2021-05-17T01:14:07.741+0800: 229399.421: [GC (Allocation Failure) [PSYoungGen: 516800K->3392K(519168K)] 947054K->434749K(1043456K), 0.0207823 secs] [Times: user=0.07 sys=0.00, real=0.03 secs] 
2021-05-17T01:18:05.717+0800: 229637.397: [GC (Allocation Failure) [PSYoungGen: 517952K->2976K(519680K)] 949309K->436420K(1043968K), 0.0182279 secs] [Times: user=0.04 sys=0.01, real=0.02 secs] 
2021-05-17T01:22:04.708+0800: 229876.388: [GC (Allocation Failure) [PSYoungGen: 518048K->2464K(519680K)] 951492K->437796K(1043968K), 0.0188512 secs] [Times: user=0.05 sys=0.02, real=0.02 secs] 
2021-05-17T01:26:02.366+0800: 230114.045: [GC (Allocation Failure) [PSYoungGen: 517536K->2464K(519680K)] 952868K->438948K(1043968K), 0.0171251 secs] [Times: user=0.05 sys=0.01, real=0.02 secs] 
2021-05-17T01:30:00.859+0800: 230352.539: [GC (Allocation Failure) [PSYoungGen: 517536K->2848K(519680K)] 954020K->440732K(1043968K), 0.0204372 secs] [Times: user=0.05 sys=0.00, real=0.02 secs] 
2021-05-17T01:33:58.462+0800: 230590.142: [GC (Allocation Failure) [PSYoungGen: 517920K->3584K(519680K)] 955804K->443236K(1043968K), 0.0213527 secs] [Times: user=0.06 sys=0.00, real=0.03 secs] 
2021-05-17T01:37:53.504+0800: 230825.184: [GC (Allocation Failure) [PSYoungGen: 518656K->2688K(519680K)] 958308K->444748K(1043968K), 0.0195000 secs] [Times: user=0.06 sys=0.00, real=0.02 secs] 
2021-05-17T01:41:50.990+0800: 231062.670: [GC (Allocation Failure) [PSYoungGen: 517760K->2720K(519680K)] 959820K->446339K(1043968K), 0.0414476 secs] [Times: user=0.05 sys=0.00, real=0.04 secs] 
2021-05-17T01:45:48.882+0800: 231300.561: [GC (Allocation Failure) [PSYoungGen: 517792K->2656K(519680K)] 961411K->447644K(1043968K), 0.0294872 secs] [Times: user=0.07 sys=0.01, real=0.03 secs] 
2021-05-17T01:49:46.242+0800: 231537.922: [GC (Allocation Failure) [PSYoungGen: 517728K->2784K(520192K)] 962716K->449332K(1044480K), 0.0224376 secs] [Times: user=0.07 sys=0.00, real=0.03 secs] 
2021-05-17T01:53:42.927+0800: 231774.607: [GC (Allocation Failure) [PSYoungGen: 518880K->3008K(520192K)] 965428K->451156K(1044480K), 0.0163058 secs] [Times: user=0.06 sys=0.00, real=0.02 secs] 
2021-05-17T01:57:40.154+0800: 232011.833: [GC (Allocation Failure) [PSYoungGen: 519104K->2080K(520192K)] 967252K->452107K(1044480K), 0.0182585 secs] [Times: user=0.05 sys=0.01, real=0.01 secs] 
2021-05-17T02:01:37.583+0800: 232249.263: [GC (Allocation Failure) [PSYoungGen: 518176K->2720K(520192K)] 968203K->453619K(1044480K), 0.0203070 secs] [Times: user=0.06 sys=0.00, real=0.02 secs] 
2021-05-17T02:05:35.709+0800: 232487.388: [GC (Allocation Failure) [PSYoungGen: 518816K->3296K(520192K)] 969715K->455563K(1044480K), 0.0204016 secs] [Times: user=0.07 sys=0.00, real=0.02 secs] 
2021-05-17T02:09:31.532+0800: 232723.211: [GC (Allocation Failure) [PSYoungGen: 519392K->2432K(520192K)] 971659K->456963K(1044480K), 0.0199784 secs] [Times: user=0.06 sys=0.00, real=0.02 secs] 
2021-05-17T02:13:31.266+0800: 232962.946: [GC (Allocation Failure) [PSYoungGen: 518528K->1920K(520192K)] 973059K->457395K(1044480K), 0.0159440 secs] [Times: user=0.05 sys=0.00, real=0.02 secs] 
2021-05-17T02:17:27.904+0800: 233199.584: [GC (Allocation Failure) [PSYoungGen: 518016K->2528K(520192K)] 973491K->458827K(1044480K), 0.0156953 secs] [Times: user=0.05 sys=0.00, real=0.01 secs] 
2021-05-17T02:21:25.938+0800: 233437.618: [GC (Allocation Failure) [PSYoungGen: 518624K->2912K(520192K)] 974923K->460523K(1044480K), 0.0206183 secs] [Times: user=0.06 sys=0.00, real=0.02 secs] 
2021-05-17T02:25:23.415+0800: 233675.095: [GC (Allocation Failure) [PSYoungGen: 519008K->3232K(520192K)] 976619K->462667K(1044480K), 0.0427157 secs] [Times: user=0.04 sys=0.01, real=0.04 secs] 
2021-05-17T02:29:21.708+0800: 233913.387: [GC (Allocation Failure) [PSYoungGen: 519328K->2656K(520192K)] 978763K->464083K(1044480K), 0.0195251 secs] [Times: user=0.06 sys=0.00, real=0.02 secs] 
2021-05-17T02:33:23.042+0800: 234154.721: [GC (Allocation Failure) [PSYoungGen: 518752K->3136K(520192K)] 980179K->465939K(1044480K), 0.0239426 secs] [Times: user=0.04 sys=0.01, real=0.03 secs] 
2021-05-17T02:37:23.327+0800: 234395.007: [GC (Allocation Failure) [PSYoungGen: 519232K->3392K(520192K)] 982035K->468267K(1044480K), 0.0214196 secs] [Times: user=0.06 sys=0.00, real=0.02 secs] 
2021-05-17T02:41:21.665+0800: 234633.345: [GC (Allocation Failure) [PSYoungGen: 519488K->2560K(520192K)] 984363K->469219K(1044480K), 0.0229156 secs] [Times: user=0.05 sys=0.00, real=0.02 secs] 
2021-05-17T02:45:18.957+0800: 234870.636: [GC (Allocation Failure) [PSYoungGen: 518656K->2656K(520192K)] 985315K->470675K(1044480K), 0.0172262 secs] [Times: user=0.05 sys=0.01, real=0.02 secs] 
2021-05-17T02:49:14.364+0800: 235106.043: [GC (Allocation Failure) [PSYoungGen: 518752K->2688K(520192K)] 986771K->472235K(1044480K), 0.0166513 secs] [Times: user=0.06 sys=0.00, real=0.01 secs] 
2021-05-17T02:53:11.258+0800: 235342.937: [GC (Allocation Failure) [PSYoungGen: 518784K->2464K(520192K)] 988331K->473603K(1044480K), 0.0312588 secs] [Times: user=0.05 sys=0.00, real=0.03 secs] 
2021-05-17T02:57:09.826+0800: 235581.505: [GC (Allocation Failure) [PSYoungGen: 518560K->3136K(520192K)] 989699K->475627K(1044480K), 0.0180266 secs] [Times: user=0.05 sys=0.00, real=0.02 secs] 
2021-05-17T03:01:06.882+0800: 235818.562: [GC (Allocation Failure) [PSYoungGen: 519232K->4096K(518144K)] 991723K->479050K(1042432K), 0.0211992 secs] [Times: user=0.05 sys=0.01, real=0.02 secs] 
2021-05-17T03:05:02.488+0800: 236054.167: [GC (Allocation Failure) [PSYoungGen: 518144K->3552K(519168K)] 993098K->481847K(1043456K), 0.0186432 secs] [Times: user=0.04 sys=0.01, real=0.02 secs] 
2021-05-17T03:08:56.991+0800: 236288.670: [GC (Allocation Failure) [PSYoungGen: 517600K->2848K(519168K)] 995895K->483629K(1043456K), 0.0184895 secs] [Times: user=0.06 sys=0.00, real=0.02 secs] 
2021-05-17T03:12:57.024+0800: 236528.703: [GC (Allocation Failure) [PSYoungGen: 516896K->1920K(519168K)] 997677K->484148K(1043456K), 0.0186070 secs] [Times: user=0.05 sys=0.00, real=0.02 secs] 
2021-05-17T03:16:53.808+0800: 236765.488: [GC (Allocation Failure) [PSYoungGen: 515968K->2880K(519168K)] 998196K->485932K(1043456K), 0.0258187 secs] [Times: user=0.05 sys=0.00, real=0.03 secs] 
2021-05-17T03:20:49.520+0800: 237001.200: [GC (Allocation Failure) [PSYoungGen: 516928K->3072K(519168K)] 999980K->487908K(1043456K), 0.0211464 secs] [Times: user=0.05 sys=0.01, real=0.02 secs] 
2021-05-17T03:24:45.235+0800: 237236.914: [GC (Allocation Failure) [PSYoungGen: 517120K->3168K(519680K)] 1001956K->490108K(1043968K), 0.0172502 secs] [Times: user=0.04 sys=0.01, real=0.02 secs] 
2021-05-17T03:28:40.209+0800: 237471.889: [GC (Allocation Failure) [PSYoungGen: 518240K->3072K(519680K)] 1005180K->492244K(1043968K), 0.0171763 secs] [Times: user=0.06 sys=0.00, real=0.02 secs] 
2021-05-17T03:32:39.503+0800: 237711.183: [GC (Allocation Failure) [PSYoungGen: 518144K->2336K(519680K)] 1007316K->493292K(1043968K), 0.0189744 secs] [Times: user=0.06 sys=0.00, real=0.02 secs] 
2021-05-17T03:36:37.275+0800: 237948.954: [GC (Allocation Failure) [PSYoungGen: 517408K->2944K(519680K)] 1008364K->494828K(1043968K), 0.0211092 secs] [Times: user=0.05 sys=0.01, real=0.02 secs] 
2021-05-17T03:40:31.373+0800: 238183.053: [GC (Allocation Failure) [PSYoungGen: 518016K->4608K(517632K)] 1009900K->498908K(1041920K), 0.0221767 secs] [Times: user=0.07 sys=0.00, real=0.02 secs] 
2021-05-17T03:44:27.437+0800: 238419.117: [GC (Allocation Failure) [PSYoungGen: 517632K->4192K(517632K)] 1011932K->502647K(1041920K), 0.0178047 secs] [Times: user=0.06 sys=0.00, real=0.02 secs] 
2021-05-17T03:48:21.079+0800: 238652.759: [GC (Allocation Failure) [PSYoungGen: 517216K->6144K(514048K)] 1015671K->508485K(1038336K), 0.0230371 secs] [Times: user=0.05 sys=0.01, real=0.03 secs] 
2021-05-17T03:52:14.734+0800: 238886.414: [GC (Allocation Failure) [PSYoungGen: 514048K->3872K(516096K)] 1016389K->512031K(1040384K), 0.0191354 secs] [Times: user=0.05 sys=0.01, real=0.02 secs] 
2021-05-17T03:56:08.190+0800: 239119.869: [GC (Allocation Failure) [PSYoungGen: 511776K->2784K(516608K)] 1019935K->513741K(1040896K), 0.0181921 secs] [Times: user=0.06 sys=0.00, real=0.02 secs] 
2021-05-17T04:00:02.293+0800: 239353.972: [GC (Allocation Failure) [PSYoungGen: 511712K->2272K(516608K)] 1022669K->514813K(1040896K), 0.0460054 secs] [Times: user=0.07 sys=0.00, real=0.04 secs] 
2021-05-17T04:03:53.819+0800: 239585.499: [GC (Allocation Failure) [PSYoungGen: 511200K->5344K(516608K)] 1023741K->518957K(1040896K), 0.0195876 secs] [Times: user=0.06 sys=0.00, real=0.02 secs] 
2021-05-17T04:07:49.510+0800: 239821.190: [GC (Allocation Failure) [PSYoungGen: 514272K->3392K(516608K)] 1027885K->521273K(1040896K), 0.0181585 secs] [Times: user=0.05 sys=0.01, real=0.02 secs] 
2021-05-17T04:11:43.706+0800: 240055.385: [GC (Allocation Failure) [PSYoungGen: 512320K->2400K(516608K)] 1030201K->522391K(1040896K), 0.0167397 secs] [Times: user=0.05 sys=0.00, real=0.02 secs] 
2021-05-17T04:11:43.723+0800: 240055.402: [Full GC (Ergonomics) [PSYoungGen: 2400K->0K(516608K)] [ParOldGen: 519991K->239596K(524288K)] 522391K->239596K(1040896K), [Metaspace: 92863K->92863K(1134592K)], 0.3948656 secs] [Times: user=0.91 sys=0.00, real=0.39 secs] 
2021-05-17T04:15:35.175+0800: 240286.855: [GC (Allocation Failure) [PSYoungGen: 508928K->2944K(516608K)] 748524K->242540K(1040896K), 0.0176485 secs] [Times: user=0.05 sys=0.00, real=0.02 secs] 
2021-05-17T04:19:31.756+0800: 240523.435: [GC (Allocation Failure) [PSYoungGen: 511872K->2432K(517120K)] 751468K->243724K(1041408K), 0.0210750 secs] [Times: user=0.05 sys=0.00, real=0.02 secs] 
2021-05-17T04:23:27.792+0800: 240759.472: [GC (Allocation Failure) [PSYoungGen: 512384K->3200K(517120K)] 753676K->245820K(1041408K), 0.0243217 secs] [Times: user=0.05 sys=0.00, real=0.02 secs] 
2021-05-17T04:27:21.063+0800: 240992.743: [GC (Allocation Failure) [PSYoungGen: 513152K->3104K(517632K)] 755772K->247587K(1041920K), 0.0226039 secs] [Times: user=0.05 sys=0.00, real=0.02 secs] 
2021-05-17T04:31:12.867+0800: 241224.547: [GC (Allocation Failure) [PSYoungGen: 514080K->5344K(516608K)] 758563K->251914K(1040896K), 0.0318258 secs] [Times: user=0.05 sys=0.00, real=0.03 secs] 
2021-05-17T04:35:08.757+0800: 241460.437: [GC (Allocation Failure) [PSYoungGen: 516320K->3168K(517632K)] 762890K->254214K(1041920K), 0.0179920 secs] [Times: user=0.05 sys=0.00, real=0.02 secs] 
2021-05-17T04:39:07.263+0800: 241698.942: [GC (Allocation Failure) [PSYoungGen: 513632K->3040K(517120K)] 764678K->256061K(1041408K), 0.0202790 secs] [Times: user=0.05 sys=0.01, real=0.02 secs] 
2021-05-17T04:43:02.826+0800: 241934.505: [GC (Allocation Failure) [PSYoungGen: 513504K->2560K(517632K)] 766525K->257388K(1041920K), 0.0199105 secs] [Times: user=0.04 sys=0.00, real=0.02 secs] 
2021-05-17T04:46:59.033+0800: 242170.713: [GC (Allocation Failure) [PSYoungGen: 513536K->3072K(517632K)] 768364K->259252K(1041920K), 0.0230377 secs] [Times: user=0.06 sys=0.00, real=0.02 secs] 
2021-05-17T04:50:55.228+0800: 242406.908: [GC (Allocation Failure) [PSYoungGen: 514048K->2304K(518144K)] 770228K->260300K(1042432K), 0.0193395 secs] [Times: user=0.06 sys=0.00, real=0.02 secs] 
2021-05-17T04:54:52.903+0800: 242644.583: [GC (Allocation Failure) [PSYoungGen: 514304K->2720K(518144K)] 772300K->261868K(1042432K), 0.0447795 secs] [Times: user=0.05 sys=0.00, real=0.04 secs] 
2021-05-17T04:58:50.462+0800: 242882.142: [GC (Allocation Failure) [PSYoungGen: 514720K->2560K(518144K)] 773868K->263372K(1042432K), 0.0160972 secs] [Times: user=0.04 sys=0.01, real=0.02 secs] 
2021-05-17T05:02:46.160+0800: 243117.839: [GC (Allocation Failure) [PSYoungGen: 514560K->2912K(518144K)] 775372K->265068K(1042432K), 0.0209413 secs] [Times: user=0.05 sys=0.00, real=0.02 secs] 
2021-05-17T05:06:41.591+0800: 243353.270: [GC (Allocation Failure) [PSYoungGen: 514912K->2592K(518656K)] 777068K->266363K(1042944K), 0.0161975 secs] [Times: user=0.05 sys=0.00, real=0.02 secs] 
2021-05-17T05:10:40.930+0800: 243592.609: [GC (Allocation Failure) [PSYoungGen: 515616K->2368K(518656K)] 779387K->267459K(1042944K), 0.0164442 secs] [Times: user=0.05 sys=0.01, real=0.02 secs] 
2021-05-17T05:14:45.029+0800: 243836.708: [GC (Allocation Failure) [PSYoungGen: 515392K->5632K(515584K)] 780483K->273251K(1039872K), 0.0203390 secs] [Times: user=0.06 sys=0.00, real=0.02 secs] 
2021-05-17T05:18:59.485+0800: 244091.165: [GC (Allocation Failure) [PSYoungGen: 515584K->2656K(517120K)] 783203K->275463K(1041408K), 0.0218257 secs] [Times: user=0.07 sys=0.00, real=0.02 secs] 
2021-05-17T05:23:06.847+0800: 244338.526: [GC (Allocation Failure) [PSYoungGen: 512608K->2112K(517632K)] 785415K->276446K(1041920K), 0.0193587 secs] [Times: user=0.04 sys=0.00, real=0.02 secs] 
2021-05-17T05:27:14.101+0800: 244585.780: [GC (Allocation Failure) [PSYoungGen: 512576K->2496K(517120K)] 786910K->277709K(1041408K), 0.0254574 secs] [Times: user=0.06 sys=0.00, real=0.03 secs] 
2021-05-17T05:31:22.563+0800: 244834.243: [GC (Allocation Failure) [PSYoungGen: 512960K->5632K(516608K)] 788173K->281869K(1040896K), 0.0189943 secs] [Times: user=0.06 sys=0.00, real=0.02 secs] 
2021-05-17T05:35:30.726+0800: 245082.406: [GC (Allocation Failure) [PSYoungGen: 515584K->2976K(517120K)] 791821K->283952K(1041408K), 0.0187728 secs] [Times: user=0.05 sys=0.01, real=0.02 secs] 
2021-05-17T05:39:38.761+0800: 245330.440: [GC (Allocation Failure) [PSYoungGen: 512927K->2112K(517632K)] 793903K->284839K(1041920K), 0.0188094 secs] [Times: user=0.04 sys=0.01, real=0.02 secs] 
2021-05-17T05:43:46.197+0800: 245577.877: [GC (Allocation Failure) [PSYoungGen: 512576K->2592K(517120K)] 795303K->286191K(1041408K), 0.0200334 secs] [Times: user=0.05 sys=0.00, real=0.02 secs] 
2021-05-17T05:47:53.364+0800: 245825.043: [GC (Allocation Failure) [PSYoungGen: 513056K->2112K(517632K)] 796655K->286599K(1041920K), 0.0188826 secs] [Times: user=0.06 sys=0.00, real=0.02 secs] 
2021-05-17T05:51:59.668+0800: 246071.348: [GC (Allocation Failure) [PSYoungGen: 513088K->2368K(517632K)] 797575K->287767K(1041920K), 0.0211678 secs] [Times: user=0.06 sys=0.00, real=0.02 secs] 
2021-05-17T05:56:09.982+0800: 246321.662: [GC (Allocation Failure) [PSYoungGen: 513344K->2400K(518144K)] 798743K->288935K(1042432K), 0.0212445 secs] [Times: user=0.04 sys=0.01, real=0.02 secs] 
2021-05-17T06:00:20.329+0800: 246572.009: [GC (Allocation Failure) [PSYoungGen: 514400K->2304K(518144K)] 800935K->290030K(1042432K), 0.0160284 secs] [Times: user=0.05 sys=0.00, real=0.02 secs] 
2021-05-17T06:04:25.792+0800: 246817.472: [GC (Allocation Failure) [PSYoungGen: 514304K->3072K(518656K)] 802030K->291918K(1042944K), 0.0172698 secs] [Times: user=0.05 sys=0.01, real=0.02 secs] 
2021-05-17T06:08:31.382+0800: 247063.061: [GC (Allocation Failure) [PSYoungGen: 515584K->2592K(518144K)] 804430K->293277K(1042432K), 0.0224005 secs] [Times: user=0.05 sys=0.00, real=0.03 secs] 
2021-05-17T06:12:41.599+0800: 247313.279: [GC (Allocation Failure) [PSYoungGen: 515104K->2048K(518656K)] 805789K->293932K(1042944K), 0.0173436 secs] [Times: user=0.04 sys=0.00, real=0.02 secs] 
2021-05-17T06:16:49.265+0800: 247560.945: [GC (Allocation Failure) [PSYoungGen: 515072K->5632K(518656K)] 806956K->299725K(1042944K), 0.0195704 secs] [Times: user=0.06 sys=0.00, real=0.02 secs] 
2021-05-17T06:20:56.176+0800: 247807.856: [GC (Allocation Failure) [PSYoungGen: 518656K->3872K(515584K)] 812749K->303055K(1039872K), 0.0210588 secs] [Times: user=0.06 sys=0.00, real=0.02 secs] 
2021-05-17T06:25:02.693+0800: 248054.373: [GC (Allocation Failure) [PSYoungGen: 513824K->2112K(517120K)] 813007K->304172K(1041408K), 0.0179117 secs] [Times: user=0.05 sys=0.00, real=0.01 secs] 
2021-05-17T06:29:08.259+0800: 248299.939: [GC (Allocation Failure) [PSYoungGen: 512064K->2112K(517632K)] 814124K->305052K(1041920K), 0.0184037 secs] [Times: user=0.06 sys=0.00, real=0.02 secs] 
2021-05-17T06:33:16.316+0800: 248547.996: [GC (Allocation Failure) [PSYoungGen: 513088K->2240K(517632K)] 816028K->306100K(1041920K), 0.0184531 secs] [Times: user=0.05 sys=0.01, real=0.02 secs] 
2021-05-17T06:37:23.918+0800: 248795.597: [GC (Allocation Failure) [PSYoungGen: 513216K->2656K(518144K)] 817076K->307468K(1042432K), 0.0210621 secs] [Times: user=0.07 sys=0.00, real=0.02 secs] 
2021-05-17T06:41:32.558+0800: 249044.238: [GC (Allocation Failure) [PSYoungGen: 514144K->4192K(517632K)] 818956K->310444K(1041920K), 0.0205719 secs] [Times: user=0.07 sys=0.00, real=0.02 secs] 
2021-05-17T06:45:39.801+0800: 249291.480: [GC (Allocation Failure) [PSYoungGen: 515680K->5632K(516096K)] 821932K->314977K(1040384K), 0.0222049 secs] [Times: user=0.06 sys=0.00, real=0.03 secs] 
2021-05-17T06:49:45.337+0800: 249537.017: [GC (Allocation Failure) [PSYoungGen: 515584K->2592K(517120K)] 824929K->316476K(1041408K), 0.0290090 secs] [Times: user=0.06 sys=0.00, real=0.03 secs] 
2021-05-17T06:53:55.831+0800: 249787.511: [GC (Allocation Failure) [PSYoungGen: 512544K->2400K(517632K)] 826428K->317675K(1041920K), 0.0250130 secs] [Times: user=0.05 sys=0.00, real=0.03 secs] 
2021-05-17T06:58:06.363+0800: 250038.043: [GC (Allocation Failure) [PSYoungGen: 513376K->2176K(517632K)] 828651K->318643K(1041920K), 0.0174598 secs] [Times: user=0.04 sys=0.01, real=0.01 secs] 
2021-05-17T07:02:14.762+0800: 250286.442: [GC (Allocation Failure) [PSYoungGen: 513152K->2112K(518144K)] 829619K->319467K(1042432K), 0.0247502 secs] [Times: user=0.05 sys=0.01, real=0.03 secs] 
2021-05-17T07:06:24.314+0800: 250535.994: [GC (Allocation Failure) [PSYoungGen: 513600K->2400K(517632K)] 830955K->320683K(1041920K), 0.0228121 secs] [Times: user=0.06 sys=0.00, real=0.02 secs] 
2021-05-17T07:10:32.413+0800: 250784.093: [GC (Allocation Failure) [PSYoungGen: 513888K->2112K(518144K)] 832171K->321451K(1042432K), 0.0227292 secs] [Times: user=0.07 sys=0.00, real=0.02 secs] 
2021-05-17T07:14:40.130+0800: 251031.809: [GC (Allocation Failure) [PSYoungGen: 514112K->2912K(518144K)] 833451K->322955K(1042432K), 0.0186973 secs] [Times: user=0.05 sys=0.00, real=0.02 secs] 
2021-05-17T07:18:50.470+0800: 251282.149: [GC (Allocation Failure) [PSYoungGen: 514912K->2304K(518656K)] 834955K->323659K(1042944K), 0.0246869 secs] [Times: user=0.07 sys=0.00, real=0.03 secs] 
2021-05-17T07:22:59.946+0800: 251531.626: [GC (Allocation Failure) [PSYoungGen: 515328K->2368K(518656K)] 836683K->324747K(1042944K), 0.0197670 secs] [Times: user=0.06 sys=0.00, real=0.02 secs] 
2021-05-17T07:27:10.047+0800: 251781.727: [GC (Allocation Failure) [PSYoungGen: 515392K->2080K(519168K)] 837771K->325634K(1043456K), 0.0435941 secs] [Times: user=0.04 sys=0.00, real=0.04 secs] 
2021-05-17T07:31:18.951+0800: 252030.630: [GC (Allocation Failure) [PSYoungGen: 515616K->4352K(518656K)] 839170K->328794K(1042944K), 0.0193786 secs] [Times: user=0.06 sys=0.00, real=0.02 secs] 
2021-05-17T07:35:27.880+0800: 252279.559: [GC (Allocation Failure) [PSYoungGen: 517888K->2496K(518656K)] 842330K->330279K(1042944K), 0.0192281 secs] [Times: user=0.06 sys=0.00, real=0.02 secs] 
2021-05-17T07:39:39.873+0800: 252531.552: [GC (Allocation Failure) [PSYoungGen: 515520K->2400K(518656K)] 843303K->331487K(1042944K), 0.0212879 secs] [Times: user=0.07 sys=0.00, real=0.02 secs] 
2021-05-17T07:43:50.148+0800: 252781.827: [GC (Allocation Failure) [PSYoungGen: 515424K->2208K(519168K)] 844511K->332431K(1043456K), 0.0218104 secs] [Times: user=0.05 sys=0.00, real=0.02 secs] 
2021-05-17T07:47:56.586+0800: 253028.266: [GC (Allocation Failure) [PSYoungGen: 516256K->5120K(519168K)] 846479K->337958K(1043456K), 0.0181989 secs] [Times: user=0.05 sys=0.01, real=0.02 secs] 
2021-05-17T07:52:05.267+0800: 253276.947: [GC (Allocation Failure) [PSYoungGen: 519168K->4960K(515072K)] 852006K->342514K(1039360K), 0.0278621 secs] [Times: user=0.07 sys=0.00, real=0.03 secs] 
2021-05-17T07:56:12.152+0800: 253523.832: [GC (Allocation Failure) [PSYoungGen: 514912K->2624K(517120K)] 852466K->343789K(1041408K), 0.0222803 secs] [Times: user=0.07 sys=0.00, real=0.02 secs] 
2021-05-17T08:00:20.453+0800: 253772.133: [GC (Allocation Failure) [PSYoungGen: 512576K->2144K(517632K)] 853741K->344749K(1041920K), 0.0166178 secs] [Times: user=0.05 sys=0.01, real=0.01 secs] 
2021-05-17T08:04:29.006+0800: 254020.686: [GC (Allocation Failure) [PSYoungGen: 513120K->2624K(517632K)] 855725K->346101K(1041920K), 0.0244933 secs] [Times: user=0.06 sys=0.00, real=0.02 secs] 
2021-05-17T08:08:36.016+0800: 254267.696: [GC (Allocation Failure) [PSYoungGen: 513600K->2592K(518144K)] 857077K->347452K(1042432K), 0.0206587 secs] [Times: user=0.06 sys=0.00, real=0.02 secs] 
2021-05-17T08:12:43.584+0800: 254515.263: [GC (Allocation Failure) [PSYoungGen: 514080K->5088K(517632K)] 858940K->351180K(1041920K), 0.0188933 secs] [Times: user=0.06 sys=0.00, real=0.02 secs] 
2021-05-17T08:16:50.582+0800: 254762.262: [GC (Allocation Failure) [PSYoungGen: 516576K->3424K(517632K)] 862668K->353647K(1041920K), 0.0516208 secs] [Times: user=0.06 sys=0.00, real=0.05 secs] 
2021-05-17T08:20:58.569+0800: 255010.248: [GC (Allocation Failure) [PSYoungGen: 514400K->2240K(517632K)] 864623K->354246K(1041920K), 0.0212971 secs] [Times: user=0.06 sys=0.00, real=0.02 secs] 
2021-05-17T08:25:06.101+0800: 255257.780: [GC (Allocation Failure) [PSYoungGen: 513216K->2112K(518144K)] 865222K->355174K(1042432K), 0.0207166 secs] [Times: user=0.05 sys=0.00, real=0.02 secs] 
2021-05-17T08:29:15.659+0800: 255507.339: [GC (Allocation Failure) [PSYoungGen: 514112K->2048K(518144K)] 867174K->356070K(1042432K), 0.0184456 secs] [Times: user=0.06 sys=0.00, real=0.02 secs] 
2021-05-17T08:33:21.829+0800: 255753.509: [GC (Allocation Failure) [PSYoungGen: 514048K->2176K(518144K)] 868070K->357110K(1042432K), 0.0194477 secs] [Times: user=0.05 sys=0.00, real=0.02 secs] 
2021-05-17T08:37:32.208+0800: 256003.887: [GC (Allocation Failure) [PSYoungGen: 514176K->2432K(518144K)] 869110K->358294K(1042432K), 0.0192867 secs] [Times: user=0.07 sys=0.00, real=0.02 secs] 
2021-05-17T08:41:40.715+0800: 256252.394: [GC (Allocation Failure) [PSYoungGen: 514432K->2080K(518656K)] 870294K->359166K(1042944K), 0.0183478 secs] [Times: user=0.05 sys=0.01, real=0.02 secs] 
2021-05-17T08:45:50.781+0800: 256502.460: [GC (Allocation Failure) [PSYoungGen: 515104K->2112K(518656K)] 872190K->360102K(1042944K), 0.0440902 secs] [Times: user=0.06 sys=0.00, real=0.05 secs] 
2021-05-17T08:50:00.594+0800: 256752.274: [GC (Allocation Failure) [PSYoungGen: 515136K->2144K(519168K)] 873126K->361030K(1043456K), 0.0202844 secs] [Times: user=0.06 sys=0.00, real=0.02 secs] 
2021-05-17T08:54:10.938+0800: 257002.617: [GC (Allocation Failure) [PSYoungGen: 515680K->2112K(518656K)] 874566K->361894K(1042944K), 0.0184748 secs] [Times: user=0.06 sys=0.00, real=0.02 secs] 
2021-05-17T08:58:20.515+0800: 257252.194: [GC (Allocation Failure) [PSYoungGen: 515648K->2048K(519168K)] 875430K->362782K(1043456K), 0.0205917 secs] [Times: user=0.06 sys=0.00, real=0.02 secs] 
2021-05-17T09:02:29.688+0800: 257501.368: [GC (Allocation Failure) [PSYoungGen: 516096K->2176K(519168K)] 876830K->363806K(1043456K), 0.0235513 secs] [Times: user=0.07 sys=0.00, real=0.02 secs] 
2021-05-17T09:06:38.718+0800: 257750.398: [GC (Allocation Failure) [PSYoungGen: 516224K->4832K(518144K)] 877854K->367390K(1042432K), 0.0361966 secs] [Times: user=0.07 sys=0.00, real=0.04 secs] 
2021-05-17T09:10:44.630+0800: 257996.309: [GC (Allocation Failure) [PSYoungGen: 517856K->3264K(518656K)] 880414K->369602K(1042944K), 0.0246441 secs] [Times: user=0.06 sys=0.00, real=0.03 secs] 
2021-05-17T09:14:49.658+0800: 258241.337: [GC (Allocation Failure) [PSYoungGen: 516288K->5344K(517632K)] 882626K->373832K(1041920K), 0.0229849 secs] [Times: user=0.08 sys=0.00, real=0.02 secs] 
2021-05-17T09:19:01.145+0800: 258492.825: [GC (Allocation Failure) [PSYoungGen: 517344K->2432K(518144K)] 885832K->374909K(1042432K), 0.0506372 secs] [Times: user=0.07 sys=0.00, real=0.05 secs] 
2021-05-17T09:23:08.408+0800: 258740.088: [GC (Allocation Failure) [PSYoungGen: 514432K->2240K(518656K)] 886909K->375988K(1042944K), 0.0266992 secs] [Times: user=0.07 sys=0.00, real=0.03 secs] 
2021-05-17T09:27:17.561+0800: 258989.241: [GC (Allocation Failure) [PSYoungGen: 514752K->2112K(518144K)] 888500K->376836K(1042432K), 0.0202439 secs] [Times: user=0.06 sys=0.00, real=0.02 secs] 
2021-05-17T09:31:27.272+0800: 259238.952: [GC (Allocation Failure) [PSYoungGen: 514624K->2336K(518656K)] 889348K->377940K(1042944K), 0.0203888 secs] [Times: user=0.05 sys=0.00, real=0.03 secs] 
2021-05-17T09:35:35.512+0800: 259487.192: [GC (Allocation Failure) [PSYoungGen: 515360K->2528K(518656K)] 890964K->379252K(1042944K), 0.0195130 secs] [Times: user=0.06 sys=0.00, real=0.01 secs] 
2021-05-17T09:39:44.824+0800: 259736.504: [GC (Allocation Failure) [PSYoungGen: 515552K->2048K(519168K)] 892276K->380052K(1043456K), 0.0192193 secs] [Times: user=0.07 sys=0.00, real=0.02 secs] 
2021-05-17T09:43:54.424+0800: 259986.104: [GC (Allocation Failure) [PSYoungGen: 516096K->2112K(519168K)] 894100K->380972K(1043456K), 0.0226300 secs] [Times: user=0.07 sys=0.00, real=0.02 secs] 
2021-05-17T09:48:02.213+0800: 260233.893: [GC (Allocation Failure) [PSYoungGen: 516160K->2464K(519168K)] 895020K->382212K(1043456K), 0.0216382 secs] [Times: user=0.07 sys=0.00, real=0.02 secs] 
2021-05-17T09:52:15.056+0800: 260486.736: [GC (Allocation Failure) [PSYoungGen: 516512K->2368K(519168K)] 896260K->383299K(1043456K), 0.0203300 secs] [Times: user=0.06 sys=0.00, real=0.02 secs] 
2021-05-17T09:56:25.255+0800: 260736.935: [GC (Allocation Failure) [PSYoungGen: 516416K->2400K(519680K)] 897347K->384515K(1043968K), 0.0186557 secs] [Times: user=0.06 sys=0.00, real=0.02 secs] 
2021-05-17T10:00:36.139+0800: 260987.818: [GC (Allocation Failure) [PSYoungGen: 517472K->2368K(519680K)] 899587K->385651K(1043968K), 0.0252008 secs] [Times: user=0.07 sys=0.00, real=0.03 secs] 
2021-05-17T10:04:46.860+0800: 261238.539: [GC (Allocation Failure) [PSYoungGen: 517440K->2624K(520192K)] 900723K->387026K(1044480K), 0.0478207 secs] [Times: user=0.07 sys=0.00, real=0.05 secs] 
2021-05-17T10:08:57.345+0800: 261489.025: [GC (Allocation Failure) [PSYoungGen: 518208K->3040K(519680K)] 902610K->388834K(1043968K), 0.0229437 secs] [Times: user=0.07 sys=0.00, real=0.02 secs] 
2021-05-17T10:13:06.132+0800: 261737.812: [GC (Allocation Failure) [PSYoungGen: 518624K->1984K(520192K)] 904418K->389473K(1044480K), 0.0169962 secs] [Times: user=0.04 sys=0.01, real=0.02 secs] 
2021-05-17T10:17:13.470+0800: 261985.149: [GC (Allocation Failure) [PSYoungGen: 518080K->4096K(520192K)] 905569K->395319K(1044480K), 0.0208109 secs] [Times: user=0.05 sys=0.00, real=0.02 secs] 
2021-05-17T10:21:26.998+0800: 262238.678: [GC (Allocation Failure) [PSYoungGen: 520192K->2336K(516096K)] 911415K->397083K(1040384K), 0.0255301 secs] [Times: user=0.07 sys=0.00, real=0.03 secs] 
2021-05-17T10:25:36.093+0800: 262487.773: [GC (Allocation Failure) [PSYoungGen: 514336K->2016K(518144K)] 909083K->398010K(1042432K), 0.0163734 secs] [Times: user=0.06 sys=0.00, real=0.01 secs] 
2021-05-17T10:29:46.448+0800: 262738.128: [GC (Allocation Failure) [PSYoungGen: 514016K->2112K(518656K)] 910010K->399003K(1042944K), 0.0195537 secs] [Times: user=0.06 sys=0.00, real=0.02 secs] 
2021-05-17T10:33:58.501+0800: 262990.181: [GC (Allocation Failure) [PSYoungGen: 515136K->2176K(518656K)] 912027K->399963K(1042944K), 0.0221433 secs] [Times: user=0.06 sys=0.00, real=0.03 secs] 
2021-05-17T10:38:09.053+0800: 263240.733: [GC (Allocation Failure) [PSYoungGen: 515200K->2432K(519168K)] 912987K->401155K(1043456K), 0.0228907 secs] [Times: user=0.08 sys=0.00, real=0.02 secs] 
2021-05-17T10:42:20.717+0800: 263492.397: [GC (Allocation Failure) [PSYoungGen: 515968K->2144K(518656K)] 914691K->402051K(1042944K), 0.0179544 secs] [Times: user=0.05 sys=0.00, real=0.02 secs] 
2021-05-17T10:46:31.045+0800: 263742.724: [GC (Allocation Failure) [PSYoungGen: 515680K->2304K(519168K)] 915587K->403131K(1043456K), 0.0217403 secs] [Times: user=0.05 sys=0.01, real=0.02 secs] 
2021-05-17T10:50:37.132+0800: 263988.812: [GC (Allocation Failure) [PSYoungGen: 516352K->2144K(519168K)] 917179K->404090K(1043456K), 0.0482050 secs] [Times: user=0.04 sys=0.01, real=0.04 secs] 
2021-05-17T10:54:46.775+0800: 264238.455: [GC (Allocation Failure) [PSYoungGen: 516192K->2144K(519680K)] 918138K->404986K(1043968K), 0.0190445 secs] [Times: user=0.05 sys=0.01, real=0.02 secs] 
2021-05-17T10:58:56.791+0800: 264488.470: [GC (Allocation Failure) [PSYoungGen: 516704K->2304K(519168K)] 919546K->406098K(1043456K), 0.0221582 secs] [Times: user=0.07 sys=0.00, real=0.03 secs] 
2021-05-17T11:03:04.728+0800: 264736.407: [GC (Allocation Failure) [PSYoungGen: 516864K->2144K(519680K)] 920658K->407090K(1043968K), 0.0202355 secs] [Times: user=0.05 sys=0.02, real=0.02 secs] 
2021-05-17T11:07:15.964+0800: 264987.643: [GC (Allocation Failure) [PSYoungGen: 517216K->2784K(519680K)] 922162K->408650K(1043968K), 0.0170399 secs] [Times: user=0.05 sys=0.00, real=0.01 secs] 
2021-05-17T11:11:27.492+0800: 265239.171: [GC (Allocation Failure) [PSYoungGen: 517856K->2048K(520192K)] 923722K->409369K(1044480K), 0.0257261 secs] [Times: user=0.05 sys=0.01, real=0.03 secs] 
2021-05-17T11:15:39.046+0800: 265490.726: [GC (Allocation Failure) [PSYoungGen: 517632K->3008K(519680K)] 924953K->411073K(1043968K), 0.0239337 secs] [Times: user=0.07 sys=0.00, real=0.02 secs] 
2021-05-17T11:19:50.250+0800: 265741.929: [GC (Allocation Failure) [PSYoungGen: 518592K->2016K(520192K)] 926657K->411569K(1044480K), 0.0176684 secs] [Times: user=0.06 sys=0.00, real=0.02 secs] 
2021-05-17T11:24:02.774+0800: 265994.454: [GC (Allocation Failure) [PSYoungGen: 517600K->2112K(519680K)] 927153K->412505K(1043968K), 0.0198084 secs] [Times: user=0.05 sys=0.00, real=0.02 secs] 
2021-05-17T11:28:12.932+0800: 266244.611: [GC (Allocation Failure) [PSYoungGen: 517696K->2144K(520192K)] 928089K->413433K(1044480K), 0.0199657 secs] [Times: user=0.05 sys=0.01, real=0.02 secs] 
2021-05-17T11:32:22.646+0800: 266494.326: [GC (Allocation Failure) [PSYoungGen: 518240K->2144K(520192K)] 929529K->414425K(1044480K), 0.0209075 secs] [Times: user=0.05 sys=0.02, real=0.02 secs] 
2021-05-17T11:36:32.563+0800: 266744.243: [GC (Allocation Failure) [PSYoungGen: 518240K->2496K(520192K)] 930521K->415737K(1044480K), 0.0239610 secs] [Times: user=0.06 sys=0.00, real=0.02 secs] 
2021-05-17T11:40:39.582+0800: 266991.261: [GC (Allocation Failure) [PSYoungGen: 518592K->2144K(520192K)] 931833K->416577K(1044480K), 0.0187571 secs] [Times: user=0.05 sys=0.00, real=0.02 secs] 
2021-05-17T11:44:47.758+0800: 267239.437: [GC (Allocation Failure) [PSYoungGen: 518240K->2624K(520704K)] 932673K->417929K(1044992K), 0.0223108 secs] [Times: user=0.07 sys=0.00, real=0.02 secs] 
2021-05-17T11:48:56.868+0800: 267488.548: [GC (Allocation Failure) [PSYoungGen: 519744K->2208K(520704K)] 935049K->418873K(1044992K), 0.0192834 secs] [Times: user=0.06 sys=0.00, real=0.02 secs] 
2021-05-17T11:53:07.978+0800: 267739.658: [GC (Allocation Failure) [PSYoungGen: 519328K->2240K(520704K)] 935993K->419849K(1044992K), 0.0177392 secs] [Times: user=0.06 sys=0.00, real=0.02 secs] 
2021-05-17T11:57:19.756+0800: 267991.435: [GC (Allocation Failure) [PSYoungGen: 519360K->2208K(520704K)] 936969K->420737K(1044992K), 0.0203668 secs] [Times: user=0.07 sys=0.00, real=0.02 secs] 
2021-05-17T12:01:32.072+0800: 268243.751: [GC (Allocation Failure) [PSYoungGen: 519328K->2144K(520704K)] 937857K->421569K(1044992K), 0.0207098 secs] [Times: user=0.06 sys=0.00, real=0.03 secs] 
2021-05-17T12:05:41.855+0800: 268493.534: [GC (Allocation Failure) [PSYoungGen: 519264K->2240K(520704K)] 938689K->422633K(1044992K), 0.0194122 secs] [Times: user=0.06 sys=0.00, real=0.02 secs] 
2021-05-17T12:09:52.989+0800: 268744.668: [GC (Allocation Failure) [PSYoungGen: 519360K->2496K(520704K)] 939753K->424016K(1044992K), 0.0189254 secs] [Times: user=0.06 sys=0.00, real=0.02 secs] 
2021-05-17T12:14:03.582+0800: 268995.262: [GC (Allocation Failure) [PSYoungGen: 519616K->3136K(520704K)] 941136K->425672K(1044992K), 0.0195323 secs] [Times: user=0.06 sys=0.00, real=0.02 secs] 
2021-05-17T12:18:14.745+0800: 269246.425: [GC (Allocation Failure) [PSYoungGen: 520256K->2048K(520704K)] 942792K->426127K(1044992K), 0.0217262 secs] [Times: user=0.07 sys=0.00, real=0.02 secs] 
2021-05-17T12:22:23.274+0800: 269494.954: [GC (Allocation Failure) [PSYoungGen: 519168K->2208K(520704K)] 943247K->427087K(1044992K), 0.0191782 secs] [Times: user=0.05 sys=0.01, real=0.02 secs] 
2021-05-17T12:26:37.301+0800: 269748.981: [GC (Allocation Failure) [PSYoungGen: 519328K->2368K(520704K)] 944207K->428192K(1044992K), 0.0209361 secs] [Times: user=0.07 sys=0.00, real=0.03 secs] 
2021-05-17T12:30:47.924+0800: 269999.603: [GC (Allocation Failure) [PSYoungGen: 519488K->2144K(520704K)] 945312K->429103K(1044992K), 0.0185661 secs] [Times: user=0.05 sys=0.01, real=0.02 secs] 
2021-05-17T12:34:58.185+0800: 270249.865: [GC (Allocation Failure) [PSYoungGen: 519264K->2560K(520704K)] 946223K->430391K(1044992K), 0.0365947 secs] [Times: user=0.07 sys=0.00, real=0.04 secs] 
2021-05-17T12:39:08.600+0800: 270500.280: [GC (Allocation Failure) [PSYoungGen: 519680K->2368K(520704K)] 947511K->431495K(1044992K), 0.0226258 secs] [Times: user=0.07 sys=0.00, real=0.03 secs] 
2021-05-17T12:43:22.010+0800: 270753.690: [GC (Allocation Failure) [PSYoungGen: 519488K->2144K(521216K)] 948615K->432391K(1045504K), 0.0184836 secs] [Times: user=0.06 sys=0.00, real=0.02 secs] 
2021-05-17T12:47:32.592+0800: 271004.272: [GC (Allocation Failure) [PSYoungGen: 520288K->2144K(521216K)] 950535K->433287K(1045504K), 0.0172459 secs] [Times: user=0.05 sys=0.00, real=0.01 secs] 
2021-05-17T12:51:47.468+0800: 271259.148: [GC (Allocation Failure) [PSYoungGen: 520288K->2368K(521216K)] 951431K->434439K(1045504K), 0.0272247 secs] [Times: user=0.07 sys=0.00, real=0.03 secs] 
2021-05-17T12:55:58.276+0800: 271509.955: [GC (Allocation Failure) [PSYoungGen: 520512K->2176K(521216K)] 952583K->435399K(1045504K), 0.0231151 secs] [Times: user=0.07 sys=0.00, real=0.02 secs] 
2021-05-17T13:00:09.543+0800: 271761.223: [GC (Allocation Failure) [PSYoungGen: 520320K->2112K(521216K)] 953543K->436311K(1045504K), 0.0263136 secs] [Times: user=0.06 sys=0.00, real=0.02 secs] 
2021-05-17T13:04:21.989+0800: 272013.669: [GC (Allocation Failure) [PSYoungGen: 520256K->2176K(521216K)] 954455K->437255K(1045504K), 0.0360561 secs] [Times: user=0.06 sys=0.00, real=0.04 secs] 
2021-05-17T13:08:32.808+0800: 272264.487: [GC (Allocation Failure) [PSYoungGen: 520320K->2528K(521216K)] 955399K->438487K(1045504K), 0.0255288 secs] [Times: user=0.06 sys=0.00, real=0.03 secs] 
2021-05-17T13:12:44.620+0800: 272516.300: [GC (Allocation Failure) [PSYoungGen: 520672K->2048K(521216K)] 956631K->439230K(1045504K), 0.0246092 secs] [Times: user=0.07 sys=0.00, real=0.03 secs] 
2021-05-17T13:16:56.858+0800: 272768.538: [GC (Allocation Failure) [PSYoungGen: 520192K->3040K(520192K)] 957374K->441078K(1044480K), 0.0205749 secs] [Times: user=0.07 sys=0.00, real=0.02 secs] 
2021-05-17T13:21:08.363+0800: 273020.043: [GC (Allocation Failure) [PSYoungGen: 520160K->2112K(520704K)] 958198K->441702K(1044992K), 0.0307886 secs] [Times: user=0.05 sys=0.00, real=0.03 secs] 
2021-05-17T13:25:20.996+0800: 273272.675: [GC (Allocation Failure) [PSYoungGen: 519232K->2528K(520704K)] 958822K->442942K(1044992K), 0.0231810 secs] [Times: user=0.07 sys=0.00, real=0.02 secs] 
2021-05-17T13:29:34.472+0800: 273526.152: [GC (Allocation Failure) [PSYoungGen: 519648K->2144K(520704K)] 960062K->444013K(1044992K), 0.0244587 secs] [Times: user=0.07 sys=0.00, real=0.02 secs] 
2021-05-17T13:33:46.110+0800: 273777.790: [GC (Allocation Failure) [PSYoungGen: 519264K->2240K(520704K)] 961133K->445045K(1044992K), 0.0215982 secs] [Times: user=0.06 sys=0.00, real=0.02 secs] 
2021-05-17T13:37:54.592+0800: 274026.271: [GC (Allocation Failure) [PSYoungGen: 519360K->2400K(520704K)] 962165K->446157K(1044992K), 0.0181293 secs] [Times: user=0.05 sys=0.00, real=0.02 secs] 
2021-05-17T13:42:04.368+0800: 274276.048: [GC (Allocation Failure) [PSYoungGen: 519520K->2080K(520704K)] 963277K->446997K(1044992K), 0.0188546 secs] [Times: user=0.06 sys=0.00, real=0.02 secs] 
2021-05-17T13:46:19.085+0800: 274530.764: [GC (Allocation Failure) [PSYoungGen: 519200K->2208K(520704K)] 964117K->448045K(1044992K), 0.0417149 secs] [Times: user=0.08 sys=0.00, real=0.04 secs] 
2021-05-17T13:50:31.447+0800: 274783.127: [GC (Allocation Failure) [PSYoungGen: 519328K->2176K(521216K)] 965165K->448909K(1045504K), 0.0289773 secs] [Times: user=0.08 sys=0.00, real=0.03 secs] 
2021-05-17T13:54:42.350+0800: 275034.030: [GC (Allocation Failure) [PSYoungGen: 520320K->2272K(521216K)] 967053K->449901K(1045504K), 0.0220530 secs] [Times: user=0.08 sys=0.00, real=0.03 secs] 
2021-05-17T13:58:55.217+0800: 275286.896: [GC (Allocation Failure) [PSYoungGen: 520416K->2112K(521216K)] 968045K->450717K(1045504K), 0.0298610 secs] [Times: user=0.07 sys=0.00, real=0.03 secs] 
2021-05-17T14:03:09.274+0800: 275540.953: [GC (Allocation Failure) [PSYoungGen: 520256K->2144K(521216K)] 968861K->451637K(1045504K), 0.0218352 secs] [Times: user=0.05 sys=0.01, real=0.02 secs] 
2021-05-17T14:07:23.736+0800: 275795.416: [GC (Allocation Failure) [PSYoungGen: 520288K->2400K(521216K)] 969781K->452813K(1045504K), 0.0187398 secs] [Times: user=0.07 sys=0.00, real=0.02 secs] 
2021-05-17T14:11:36.322+0800: 276048.002: [GC (Allocation Failure) [PSYoungGen: 520544K->2112K(521216K)] 970957K->453517K(1045504K), 0.0239391 secs] [Times: user=0.08 sys=0.01, real=0.03 secs] 
2021-05-17T14:15:46.932+0800: 276298.612: [GC (Allocation Failure) [PSYoungGen: 520256K->2784K(521216K)] 971661K->454909K(1045504K), 0.0300888 secs] [Times: user=0.07 sys=0.00, real=0.04 secs] 
2021-05-17T14:19:58.469+0800: 276550.149: [GC (Allocation Failure) [PSYoungGen: 520928K->3072K(521216K)] 973053K->457341K(1045504K), 0.0291095 secs] [Times: user=0.08 sys=0.00, real=0.03 secs] 
2021-05-17T14:24:12.753+0800: 276804.432: [GC (Allocation Failure) [PSYoungGen: 521216K->2304K(519168K)] 975485K->459163K(1043456K), 0.0280535 secs] [Times: user=0.07 sys=0.00, real=0.02 secs] 
2021-05-17T14:28:24.537+0800: 277056.217: [GC (Allocation Failure) [PSYoungGen: 518400K->2624K(520192K)] 975259K->460626K(1044480K), 0.0196476 secs] [Times: user=0.06 sys=0.00, real=0.02 secs] 
2021-05-17T14:32:34.641+0800: 277306.321: [GC (Allocation Failure) [PSYoungGen: 518720K->2496K(520192K)] 976722K->461890K(1044480K), 0.0263623 secs] [Times: user=0.05 sys=0.02, real=0.03 secs] 
2021-05-17T14:36:43.299+0800: 277554.979: [GC (Allocation Failure) [PSYoungGen: 518592K->2624K(520192K)] 977986K->463225K(1044480K), 0.0230113 secs] [Times: user=0.07 sys=0.00, real=0.03 secs] 
2021-05-17T14:40:53.662+0800: 277805.342: [GC (Allocation Failure) [PSYoungGen: 518720K->2176K(520704K)] 979321K->463961K(1044992K), 0.0278557 secs] [Times: user=0.07 sys=0.00, real=0.03 secs] 
2021-05-17T14:45:05.905+0800: 278057.585: [GC (Allocation Failure) [PSYoungGen: 519296K->2368K(520704K)] 981081K->465073K(1044992K), 0.0193184 secs] [Times: user=0.06 sys=0.00, real=0.02 secs] 
2021-05-17T14:49:18.046+0800: 278309.726: [GC (Allocation Failure) [PSYoungGen: 519488K->2304K(520704K)] 982193K->466153K(1044992K), 0.0201023 secs] [Times: user=0.07 sys=0.00, real=0.02 secs] 
2021-05-17T14:53:28.317+0800: 278559.997: [GC (Allocation Failure) [PSYoungGen: 519424K->2240K(520704K)] 983273K->467289K(1044992K), 0.0232874 secs] [Times: user=0.08 sys=0.00, real=0.02 secs] 
2021-05-17T14:57:40.633+0800: 278812.312: [GC (Allocation Failure) [PSYoungGen: 519360K->2144K(520704K)] 984409K->468137K(1044992K), 0.0190874 secs] [Times: user=0.06 sys=0.00, real=0.01 secs] 
2021-05-17T15:01:51.306+0800: 279062.985: [GC (Allocation Failure) [PSYoungGen: 519264K->2112K(520704K)] 985257K->468985K(1044992K), 0.0310515 secs] [Times: user=0.07 sys=0.00, real=0.03 secs] 
2021-05-17T15:06:01.531+0800: 279313.211: [GC (Allocation Failure) [PSYoungGen: 519232K->2368K(520704K)] 986105K->470169K(1044992K), 0.0260609 secs] [Times: user=0.08 sys=0.00, real=0.03 secs] 
2021-05-17T15:10:11.830+0800: 279563.510: [GC (Allocation Failure) [PSYoungGen: 519488K->2624K(520704K)] 987289K->471369K(1044992K), 0.0283442 secs] [Times: user=0.09 sys=0.00, real=0.03 secs] 
2021-05-17T15:14:23.506+0800: 279815.186: [GC (Allocation Failure) [PSYoungGen: 519744K->3008K(520704K)] 988489K->473048K(1044992K), 0.0315105 secs] [Times: user=0.07 sys=0.00, real=0.03 secs] 
2021-05-17T15:18:34.966+0800: 280066.645: [GC (Allocation Failure) [PSYoungGen: 520128K->2688K(520704K)] 990168K->474080K(1044992K), 0.0297197 secs] [Times: user=0.07 sys=0.00, real=0.03 secs] 
2021-05-17T15:22:48.331+0800: 280320.011: [GC (Allocation Failure) [PSYoungGen: 519808K->2368K(520704K)] 991200K->475279K(1044992K), 0.0278962 secs] [Times: user=0.07 sys=0.01, real=0.03 secs] 
2021-05-17T15:27:00.241+0800: 280571.920: [GC (Allocation Failure) [PSYoungGen: 519488K->2144K(520704K)] 992399K->476239K(1044992K), 0.0290215 secs] [Times: user=0.08 sys=0.00, real=0.03 secs] 
2021-05-17T15:31:14.305+0800: 280825.984: [GC (Allocation Failure) [PSYoungGen: 519264K->2304K(520704K)] 993359K->477311K(1044992K), 0.0212805 secs] [Times: user=0.07 sys=0.01, real=0.02 secs] 
2021-05-17T15:35:28.964+0800: 281080.644: [GC (Allocation Failure) [PSYoungGen: 519419K->2560K(520704K)] 994426K->478679K(1044992K), 0.0235467 secs] [Times: user=0.08 sys=0.00, real=0.02 secs] 
2021-05-17T15:39:39.823+0800: 281331.502: [GC (Allocation Failure) [PSYoungGen: 519680K->2112K(520704K)] 995799K->479519K(1044992K), 0.0296008 secs] [Times: user=0.08 sys=0.00, real=0.03 secs] 
2021-05-17T15:43:51.965+0800: 281583.645: [GC (Allocation Failure) [PSYoungGen: 519232K->2144K(520704K)] 996639K->480423K(1044992K), 0.0251983 secs] [Times: user=0.07 sys=0.00, real=0.02 secs] 
2021-05-17T15:48:02.377+0800: 281834.057: [GC (Allocation Failure) [PSYoungGen: 519264K->3584K(517632K)] 997543K->486083K(1041920K), 0.0205228 secs] [Times: user=0.07 sys=0.00, real=0.02 secs] 
2021-05-17T15:52:12.794+0800: 282084.473: [GC (Allocation Failure) [PSYoungGen: 517632K->3040K(519168K)] 1000131K->488592K(1043456K), 0.0216427 secs] [Times: user=0.07 sys=0.00, real=0.02 secs] 
2021-05-17T15:56:21.533+0800: 282333.212: [GC (Allocation Failure) [PSYoungGen: 517088K->2144K(519168K)] 1002640K->489566K(1043456K), 0.0304654 secs] [Times: user=0.09 sys=0.00, real=0.03 secs] 
2021-05-17T16:00:31.921+0800: 282583.601: [GC (Allocation Failure) [PSYoungGen: 516192K->2144K(519168K)] 1003614K->490542K(1043456K), 0.0263492 secs] [Times: user=0.06 sys=0.00, real=0.03 secs] 
2021-05-17T16:04:40.741+0800: 282832.421: [GC (Allocation Failure) [PSYoungGen: 516192K->2176K(519168K)] 1004590K->491478K(1043456K), 0.0220183 secs] [Times: user=0.07 sys=0.00, real=0.03 secs] 
2021-05-17T16:08:52.760+0800: 283084.439: [GC (Allocation Failure) [PSYoungGen: 516224K->2240K(519168K)] 1005526K->492470K(1043456K), 0.0315230 secs] [Times: user=0.07 sys=0.00, real=0.03 secs] 
2021-05-17T16:13:03.295+0800: 283334.975: [GC (Allocation Failure) [PSYoungGen: 516288K->2048K(519680K)] 1006518K->493246K(1043968K), 0.0265191 secs] [Times: user=0.07 sys=0.00, real=0.02 secs] 
2021-05-17T16:17:13.773+0800: 283585.452: [GC (Allocation Failure) [PSYoungGen: 517120K->2656K(519680K)] 1008318K->494582K(1043968K), 0.0206893 secs] [Times: user=0.07 sys=0.00, real=0.02 secs] 
2021-05-17T16:21:24.006+0800: 283835.685: [GC (Allocation Failure) [PSYoungGen: 517728K->2016K(519680K)] 1009654K->494982K(1043968K), 0.0255350 secs] [Times: user=0.06 sys=0.00, real=0.02 secs] 
2021-05-17T16:25:31.775+0800: 284083.455: [GC (Allocation Failure) [PSYoungGen: 517088K->2112K(519680K)] 1010054K->495878K(1043968K), 0.0214180 secs] [Times: user=0.06 sys=0.00, real=0.02 secs] 
2021-05-17T16:29:44.859+0800: 284336.538: [GC (Allocation Failure) [PSYoungGen: 517184K->2208K(520192K)] 1010950K->496878K(1044480K), 0.0235694 secs] [Times: user=0.06 sys=0.00, real=0.03 secs] 
2021-05-17T16:33:55.760+0800: 284587.439: [GC (Allocation Failure) [PSYoungGen: 517792K->2176K(519680K)] 1012462K->497782K(1043968K), 0.0253190 secs] [Times: user=0.07 sys=0.00, real=0.03 secs] 
2021-05-17T16:38:05.703+0800: 284837.383: [GC (Allocation Failure) [PSYoungGen: 517760K->2432K(520192K)] 1013366K->498966K(1044480K), 0.0523379 secs] [Times: user=0.07 sys=0.00, real=0.05 secs] 
2021-05-17T16:42:19.110+0800: 285090.790: [GC (Allocation Failure) [PSYoungGen: 518528K->2240K(520192K)] 1015062K->499926K(1044480K), 0.0284925 secs] [Times: user=0.08 sys=0.00, real=0.03 secs] 
2021-05-17T16:46:27.916+0800: 285339.596: [GC (Allocation Failure) [PSYoungGen: 518336K->2144K(520192K)] 1016022K->500767K(1044480K), 0.0214280 secs] [Times: user=0.06 sys=0.00, real=0.02 secs] 
2021-05-17T16:50:39.386+0800: 285591.065: [GC (Allocation Failure) [PSYoungGen: 518240K->2208K(520192K)] 1016863K->501719K(1044480K), 0.0220516 secs] [Times: user=0.07 sys=0.00, real=0.02 secs] 
2021-05-17T16:54:47.627+0800: 285839.306: [GC (Allocation Failure) [PSYoungGen: 518304K->2112K(520704K)] 1017815K->502535K(1044992K), 0.0221484 secs] [Times: user=0.08 sys=0.00, real=0.02 secs] 
2021-05-17T16:59:01.063+0800: 286092.742: [GC (Allocation Failure) [PSYoungGen: 519232K->2048K(520704K)] 1019655K->503487K(1044992K), 0.0294010 secs] [Times: user=0.05 sys=0.01, real=0.03 secs] 
2021-05-17T17:03:11.639+0800: 286343.318: [GC (Allocation Failure) [PSYoungGen: 519168K->2208K(520704K)] 1020607K->504551K(1044992K), 0.0257790 secs] [Times: user=0.08 sys=0.01, real=0.03 secs] 
2021-05-17T17:07:24.919+0800: 286596.599: [GC (Allocation Failure) [PSYoungGen: 519328K->2336K(520704K)] 1021671K->505607K(1044992K), 0.0211327 secs] [Times: user=0.07 sys=0.00, real=0.02 secs] 
2021-05-17T17:11:35.243+0800: 286846.923: [GC (Allocation Failure) [PSYoungGen: 519456K->2048K(520704K)] 1022727K->506287K(1044992K), 0.0208391 secs] [Times: user=0.07 sys=0.00, real=0.02 secs] 
2021-05-17T17:15:45.566+0800: 287097.246: [GC (Allocation Failure) [PSYoungGen: 519168K->2752K(520704K)] 1023407K->507719K(1044992K), 0.0179679 secs] [Times: user=0.06 sys=0.00, real=0.02 secs] 
2021-05-17T17:19:55.972+0800: 287347.652: [GC (Allocation Failure) [PSYoungGen: 519872K->1920K(520704K)] 1024839K->508111K(1044992K), 0.0443349 secs] [Times: user=0.08 sys=0.00, real=0.04 secs] 
2021-05-17T17:24:08.088+0800: 287599.768: [GC (Allocation Failure) [PSYoungGen: 519040K->3584K(520704K)] 1025231K->511463K(1044992K), 0.0174397 secs] [Times: user=0.05 sys=0.01, real=0.02 secs] 
2021-05-17T17:28:19.324+0800: 287851.003: [GC (Allocation Failure) [PSYoungGen: 520704K->2560K(519680K)] 1028583K->513387K(1043968K), 0.0181240 secs] [Times: user=0.04 sys=0.00, real=0.02 secs] 
2021-05-17T17:32:31.774+0800: 288103.454: [GC (Allocation Failure) [PSYoungGen: 518656K->2176K(520192K)] 1029483K->514419K(1044480K), 0.0198504 secs] [Times: user=0.07 sys=0.00, real=0.02 secs] 
2021-05-17T17:36:42.392+0800: 288354.072: [GC (Allocation Failure) [PSYoungGen: 518272K->2496K(520192K)] 1030515K->515699K(1044480K), 0.0196826 secs] [Times: user=0.06 sys=0.00, real=0.02 secs] 
2021-05-17T17:40:57.033+0800: 288608.712: [GC (Allocation Failure) [PSYoungGen: 518592K->2048K(520192K)] 1031795K->516459K(1044480K), 0.0232828 secs] [Times: user=0.07 sys=0.00, real=0.02 secs] 
2021-05-17T17:45:09.178+0800: 288860.858: [GC (Allocation Failure) [PSYoungGen: 518144K->2176K(520192K)] 1032555K->517507K(1044480K), 0.0218118 secs] [Times: user=0.06 sys=0.00, real=0.02 secs] 
2021-05-17T17:49:21.504+0800: 289113.184: [GC (Allocation Failure) [PSYoungGen: 518272K->2688K(520192K)] 1033603K->518915K(1044480K), 0.0205885 secs] [Times: user=0.07 sys=0.00, real=0.02 secs] 
2021-05-17T17:53:34.198+0800: 289365.877: [GC (Allocation Failure) [PSYoungGen: 518784K->2112K(520192K)] 1035011K->519802K(1044480K), 0.0218833 secs] [Times: user=0.07 sys=0.01, real=0.02 secs] 
2021-05-17T17:57:46.118+0800: 289617.798: [GC (Allocation Failure) [PSYoungGen: 518208K->2080K(520192K)] 1035898K->520706K(1044480K), 0.0213840 secs] [Times: user=0.07 sys=0.00, real=0.02 secs] 
2021-05-17T18:01:56.507+0800: 289868.186: [GC (Allocation Failure) [PSYoungGen: 518176K->2080K(520704K)] 1036802K->521602K(1044992K), 0.0621963 secs] [Times: user=0.08 sys=0.00, real=0.06 secs] 
2021-05-17T18:06:05.228+0800: 290116.908: [GC (Allocation Failure) [PSYoungGen: 519200K->2944K(520192K)] 1038722K->523394K(1044480K), 0.0193737 secs] [Times: user=0.05 sys=0.01, real=0.02 secs] 
2021-05-17T18:10:19.795+0800: 290371.475: [GC (Allocation Failure) [PSYoungGen: 520064K->2208K(520704K)] 1040514K->524402K(1044992K), 0.0232988 secs] [Times: user=0.07 sys=0.00, real=0.02 secs] 
2021-05-17T18:10:19.819+0800: 290371.499: [Full GC (Ergonomics) [PSYoungGen: 2208K->0K(520704K)] [ParOldGen: 522194K->191946K(524288K)] 524402K->191946K(1044992K), [Metaspace: 93017K->93015K(1134592K)], 0.4270021 secs] [Times: user=0.97 sys=0.00, real=0.43 secs] 
2021-05-17T18:14:30.239+0800: 290621.918: [GC (Allocation Failure) [PSYoungGen: 516608K->3232K(520192K)] 708554K->195178K(1044480K), 0.0154956 secs] [Times: user=0.04 sys=0.00, real=0.02 secs] 
2021-05-17T18:18:41.059+0800: 290872.738: [GC (Allocation Failure) [PSYoungGen: 519840K->2144K(520192K)] 711786K->195842K(1044480K), 0.0170550 secs] [Times: user=0.04 sys=0.01, real=0.02 secs] 
2021-05-17T18:22:51.794+0800: 291123.473: [GC (Allocation Failure) [PSYoungGen: 518240K->2240K(520192K)] 711938K->196978K(1044480K), 0.0174967 secs] [Times: user=0.04 sys=0.00, real=0.01 secs] 
2021-05-17T18:27:01.977+0800: 291373.657: [GC (Allocation Failure) [PSYoungGen: 518336K->2080K(520704K)] 713074K->197770K(1044992K), 0.0148770 secs] [Times: user=0.05 sys=0.00, real=0.02 secs] 
2021-05-17T18:31:12.812+0800: 291624.491: [GC (Allocation Failure) [PSYoungGen: 519200K->2048K(520704K)] 714890K->198658K(1044992K), 0.0184565 secs] [Times: user=0.06 sys=0.00, real=0.02 secs] 
2021-05-17T18:35:27.263+0800: 291878.943: [GC (Allocation Failure) [PSYoungGen: 519168K->2560K(520704K)] 715778K->200042K(1044992K), 0.0179267 secs] [Times: user=0.05 sys=0.01, real=0.01 secs] 
2021-05-17T18:39:40.018+0800: 292131.697: [GC (Allocation Failure) [PSYoungGen: 519675K->2048K(520704K)] 717157K->200810K(1044992K), 0.0164907 secs] [Times: user=0.04 sys=0.01, real=0.02 secs] 
2021-05-17T18:43:47.075+0800: 292378.755: [GC (Allocation Failure) [PSYoungGen: 519168K->3584K(515584K)] 717930K->208635K(1039872K), 0.0417415 secs] [Times: user=0.06 sys=0.00, real=0.04 secs] 
2021-05-17T18:47:53.984+0800: 292625.664: [GC (Allocation Failure) [PSYoungGen: 515584K->2432K(518144K)] 720635K->210560K(1042432K), 0.0250018 secs] [Times: user=0.07 sys=0.00, real=0.02 secs] 
2021-05-17T18:52:03.710+0800: 292875.389: [GC (Allocation Failure) [PSYoungGen: 514432K->2080K(518144K)] 722560K->211408K(1042432K), 0.0166648 secs] [Times: user=0.06 sys=0.00, real=0.02 secs] 
2021-05-17T18:56:14.078+0800: 293125.758: [GC (Allocation Failure) [PSYoungGen: 514078K->2144K(518144K)] 723406K->212352K(1042432K), 0.0183881 secs] [Times: user=0.05 sys=0.01, real=0.02 secs] 
2021-05-17T19:00:21.691+0800: 293373.371: [GC (Allocation Failure) [PSYoungGen: 514144K->2112K(518656K)] 724352K->213320K(1042944K), 0.0168537 secs] [Times: user=0.04 sys=0.01, real=0.02 secs] 
2021-05-17T19:04:30.402+0800: 293622.082: [GC (Allocation Failure) [PSYoungGen: 515136K->2144K(518656K)] 726344K->214256K(1042944K), 0.0189918 secs] [Times: user=0.06 sys=0.00, real=0.01 secs] 
2021-05-17T19:08:40.343+0800: 293872.023: [GC (Allocation Failure) [PSYoungGen: 515168K->2368K(519168K)] 727280K->215360K(1043456K), 0.0157918 secs] [Times: user=0.05 sys=0.00, real=0.01 secs] 
2021-05-17T19:12:51.313+0800: 294122.992: [GC (Allocation Failure) [PSYoungGen: 515904K->2016K(518656K)] 728896K->215984K(1042944K), 0.0174498 secs] [Times: user=0.05 sys=0.01, real=0.01 secs] 
2021-05-17T19:17:01.611+0800: 294373.291: [GC (Allocation Failure) [PSYoungGen: 515552K->2688K(519168K)] 729520K->217360K(1043456K), 0.0214593 secs] [Times: user=0.04 sys=0.01, real=0.03 secs] 
2021-05-17T19:21:11.924+0800: 294623.604: [GC (Allocation Failure) [PSYoungGen: 516736K->2080K(519168K)] 731408K->217840K(1043456K), 0.0196372 secs] [Times: user=0.05 sys=0.01, real=0.02 secs] 
2021-05-17T19:25:22.313+0800: 294873.993: [GC (Allocation Failure) [PSYoungGen: 516128K->2016K(519680K)] 731888K->218584K(1043968K), 0.0457724 secs] [Times: user=0.04 sys=0.01, real=0.04 secs] 
2021-05-17T19:29:32.801+0800: 295124.480: [GC (Allocation Failure) [PSYoungGen: 516576K->2112K(519168K)] 733144K->219560K(1043456K), 0.0171757 secs] [Times: user=0.06 sys=0.00, real=0.02 secs] 
2021-05-17T19:33:46.044+0800: 295377.724: [GC (Allocation Failure) [PSYoungGen: 516672K->2304K(519680K)] 734120K->220752K(1043968K), 0.0179509 secs] [Times: user=0.05 sys=0.00, real=0.02 secs] 
2021-05-17T19:37:53.320+0800: 295624.999: [GC (Allocation Failure) [PSYoungGen: 517376K->2368K(519680K)] 735824K->222000K(1043968K), 0.0181335 secs] [Times: user=0.05 sys=0.01, real=0.02 secs] 
2021-05-17T19:42:06.201+0800: 295877.880: [GC (Allocation Failure) [PSYoungGen: 517440K->2176K(520192K)] 737072K->222968K(1044480K), 0.0188364 secs] [Times: user=0.06 sys=0.00, real=0.02 secs] 
2021-05-17T19:46:14.487+0800: 296126.167: [GC (Allocation Failure) [PSYoungGen: 518272K->2080K(520192K)] 739064K->223808K(1044480K), 0.0167296 secs] [Times: user=0.05 sys=0.00, real=0.02 secs] 
2021-05-17T19:50:27.099+0800: 296378.779: [GC (Allocation Failure) [PSYoungGen: 518176K->2144K(520192K)] 739904K->224760K(1044480K), 0.0181724 secs] [Times: user=0.05 sys=0.01, real=0.02 secs] 
2021-05-17T19:54:37.899+0800: 296629.579: [GC (Allocation Failure) [PSYoungGen: 518240K->4064K(520192K)] 740856K->227672K(1044480K), 0.0170896 secs] [Times: user=0.06 sys=0.00, real=0.02 secs] 
2021-05-17T19:58:50.362+0800: 296882.041: [GC (Allocation Failure) [PSYoungGen: 520159K->4032K(518144K)] 743767K->230821K(1042432K), 0.0211192 secs] [Times: user=0.06 sys=0.00, real=0.03 secs] 
2021-05-17T20:03:00.777+0800: 297132.456: [GC (Allocation Failure) [PSYoungGen: 518080K->2528K(519168K)] 744869K->232410K(1043456K), 0.0243588 secs] [Times: user=0.04 sys=0.02, real=0.02 secs] 
2021-05-17T20:07:11.106+0800: 297382.785: [GC (Allocation Failure) [PSYoungGen: 516576K->2304K(519168K)] 746458K->233601K(1043456K), 0.0176558 secs] [Times: user=0.04 sys=0.01, real=0.02 secs] 
2021-05-17T20:11:22.884+0800: 297634.564: [GC (Allocation Failure) [PSYoungGen: 516352K->1984K(519168K)] 747649K->234353K(1043456K), 0.0253907 secs] [Times: user=0.04 sys=0.00, real=0.02 secs] 
2021-05-17T20:15:31.951+0800: 297883.631: [GC (Allocation Failure) [PSYoungGen: 516032K->3072K(519680K)] 748401K->236145K(1043968K), 0.0182387 secs] [Times: user=0.04 sys=0.01, real=0.02 secs] 
2021-05-17T20:19:43.942+0800: 298135.622: [GC (Allocation Failure) [PSYoungGen: 518144K->1984K(519680K)] 751217K->236561K(1043968K), 0.0189899 secs] [Times: user=0.06 sys=0.00, real=0.01 secs] 
2021-05-17T20:23:57.486+0800: 298389.166: [GC (Allocation Failure) [PSYoungGen: 517056K->2080K(519680K)] 751633K->237441K(1043968K), 0.0179690 secs] [Times: user=0.04 sys=0.01, real=0.02 secs] 
2021-05-17T20:28:09.762+0800: 298641.442: [GC (Allocation Failure) [PSYoungGen: 517152K->2112K(519680K)] 752513K->238393K(1043968K), 0.0164231 secs] [Times: user=0.05 sys=0.00, real=0.01 secs] 
2021-05-17T20:32:21.276+0800: 298892.956: [GC (Allocation Failure) [PSYoungGen: 517184K->2176K(519680K)] 753465K->239385K(1043968K), 0.0179978 secs] [Times: user=0.04 sys=0.01, real=0.02 secs] 
2021-05-17T20:36:29.186+0800: 299140.866: [GC (Allocation Failure) [PSYoungGen: 517248K->2464K(519680K)] 754457K->240617K(1043968K), 0.0179887 secs] [Times: user=0.05 sys=0.00, real=0.02 secs] 
2021-05-17T20:40:40.804+0800: 299392.484: [GC (Allocation Failure) [PSYoungGen: 517536K->2048K(520192K)] 755689K->241441K(1044480K), 0.0204892 secs] [Times: user=0.06 sys=0.00, real=0.02 secs] 
2021-05-17T20:44:54.612+0800: 299646.292: [GC (Allocation Failure) [PSYoungGen: 518144K->2144K(520192K)] 757537K->242409K(1044480K), 0.0242145 secs] [Times: user=0.05 sys=0.00, real=0.02 secs] 
2021-05-17T20:49:04.988+0800: 299896.667: [GC (Allocation Failure) [PSYoungGen: 518240K->2112K(520192K)] 758505K->243265K(1044480K), 0.0223939 secs] [Times: user=0.06 sys=0.00, real=0.02 secs] 
2021-05-17T20:53:15.383+0800: 300147.063: [GC (Allocation Failure) [PSYoungGen: 518208K->2336K(520192K)] 759361K->244433K(1044480K), 0.0277742 secs] [Times: user=0.06 sys=0.00, real=0.02 secs] 
2021-05-17T20:57:25.752+0800: 300397.432: [GC (Allocation Failure) [PSYoungGen: 518432K->2176K(520704K)] 760529K->245440K(1044992K), 0.0240464 secs] [Times: user=0.05 sys=0.00, real=0.02 secs] 
2021-05-17T21:01:40.797+0800: 300652.477: [GC (Allocation Failure) [PSYoungGen: 518784K->2112K(520192K)] 762048K->246280K(1044480K), 0.0164451 secs] [Times: user=0.05 sys=0.00, real=0.02 secs] 
2021-05-17T21:05:51.479+0800: 300903.159: [GC (Allocation Failure) [PSYoungGen: 518720K->2240K(520704K)] 762888K->247329K(1044992K), 0.0187763 secs] [Times: user=0.05 sys=0.01, real=0.02 secs] 
2021-05-17T21:10:06.789+0800: 301158.469: [GC (Allocation Failure) [PSYoungGen: 519360K->2240K(520704K)] 764449K->248265K(1044992K), 0.0257377 secs] [Times: user=0.06 sys=0.00, real=0.03 secs] 
2021-05-17T21:14:18.537+0800: 301410.217: [GC (Allocation Failure) [PSYoungGen: 519360K->3008K(520704K)] 765385K->249865K(1044992K), 0.0252479 secs] [Times: user=0.08 sys=0.00, real=0.03 secs] 
2021-05-17T21:18:28.478+0800: 301660.158: [GC (Allocation Failure) [PSYoungGen: 520128K->3584K(520704K)] 766985K->253448K(1044992K), 0.0473461 secs] [Times: user=0.07 sys=0.00, real=0.05 secs] 
2021-05-17T21:22:38.722+0800: 301910.402: [GC (Allocation Failure) [PSYoungGen: 520704K->2592K(517632K)] 770568K->255540K(1041920K), 0.0160895 secs] [Times: user=0.04 sys=0.00, real=0.01 secs] 
2021-05-17T21:26:48.763+0800: 302160.442: [GC (Allocation Failure) [PSYoungGen: 516640K->2304K(519168K)] 769588K->256676K(1043456K), 0.0279941 secs] [Times: user=0.05 sys=0.01, real=0.02 secs] 
2021-05-17T21:31:01.247+0800: 302412.927: [GC (Allocation Failure) [PSYoungGen: 516352K->2368K(519680K)] 770724K->257883K(1043968K), 0.0187715 secs] [Times: user=0.05 sys=0.00, real=0.02 secs] 
2021-05-17T21:35:14.038+0800: 302665.718: [GC (Allocation Failure) [PSYoungGen: 517440K->2560K(519680K)] 772955K->259203K(1043968K), 0.0238936 secs] [Times: user=0.07 sys=0.00, real=0.02 secs] 
2021-05-17T21:39:24.437+0800: 302916.117: [GC (Allocation Failure) [PSYoungGen: 517632K->2048K(519680K)] 774275K->259987K(1043968K), 0.0183503 secs] [Times: user=0.06 sys=0.00, real=0.02 secs] 
2021-05-17T21:43:35.811+0800: 303167.491: [GC (Allocation Failure) [PSYoungGen: 517120K->2432K(519680K)] 775059K->261235K(1043968K), 0.0188178 secs] [Times: user=0.06 sys=0.00, real=0.02 secs] 
2021-05-17T21:47:45.487+0800: 303417.167: [GC (Allocation Failure) [PSYoungGen: 517504K->2176K(520192K)] 776307K->262123K(1044480K), 0.0169187 secs] [Times: user=0.05 sys=0.01, real=0.02 secs] 
2021-05-17T21:51:58.907+0800: 303670.586: [GC (Allocation Failure) [PSYoungGen: 517760K->2336K(519680K)] 777707K->263251K(1043968K), 0.0238553 secs] [Times: user=0.07 sys=0.00, real=0.02 secs] 
2021-05-17T21:56:08.817+0800: 303920.496: [GC (Allocation Failure) [PSYoungGen: 517920K->2080K(520192K)] 778835K->264194K(1044480K), 0.0388662 secs] [Times: user=0.05 sys=0.00, real=0.04 secs] 
2021-05-17T22:00:21.364+0800: 304173.043: [GC (Allocation Failure) [PSYoungGen: 518176K->2144K(520192K)] 780290K->265250K(1044480K), 0.0197631 secs] [Times: user=0.05 sys=0.00, real=0.02 secs] 
2021-05-17T22:04:29.661+0800: 304421.340: [GC (Allocation Failure) [PSYoungGen: 518240K->4096K(514048K)] 781346K->273845K(1038336K), 0.0208263 secs] [Times: user=0.05 sys=0.01, real=0.02 secs] 
2021-05-17T22:08:34.055+0800: 304665.735: [GC (Allocation Failure) [PSYoungGen: 514048K->3488K(517120K)] 783797K->276841K(1041408K), 0.0214538 secs] [Times: user=0.05 sys=0.00, real=0.02 secs] 
2021-05-17T22:12:44.928+0800: 304916.607: [GC (Allocation Failure) [PSYoungGen: 513440K->2176K(517632K)] 786793K->277712K(1041920K), 0.0200606 secs] [Times: user=0.06 sys=0.00, real=0.02 secs] 
2021-05-17T22:16:53.193+0800: 305164.872: [GC (Allocation Failure) [PSYoungGen: 513152K->2656K(517632K)] 788688K->279223K(1041920K), 0.0248495 secs] [Times: user=0.08 sys=0.01, real=0.02 secs] 
2021-05-17T22:21:03.083+0800: 305414.763: [GC (Allocation Failure) [PSYoungGen: 513632K->2048K(518144K)] 790199K->279703K(1042432K), 0.0177494 secs] [Times: user=0.06 sys=0.00, real=0.01 secs] 
2021-05-17T22:25:09.288+0800: 305660.968: [GC (Allocation Failure) [PSYoungGen: 514048K->2272K(518144K)] 791703K->280759K(1042432K), 0.0168395 secs] [Times: user=0.05 sys=0.00, real=0.02 secs] 
2021-05-17T22:29:18.827+0800: 305910.507: [GC (Allocation Failure) [PSYoungGen: 514272K->2144K(518144K)] 792759K->281751K(1042432K), 0.0174535 secs] [Times: user=0.06 sys=0.00, real=0.02 secs] 
2021-05-17T22:33:29.299+0800: 306160.979: [GC (Allocation Failure) [PSYoungGen: 514144K->2208K(518144K)] 793751K->282735K(1042432K), 0.0234881 secs] [Times: user=0.07 sys=0.00, real=0.03 secs] 
2021-05-17T22:37:42.413+0800: 306414.092: [GC (Allocation Failure) [PSYoungGen: 514208K->2432K(518656K)] 794735K->283903K(1042944K), 0.0173051 secs] [Times: user=0.06 sys=0.00, real=0.01 secs] 
2021-05-17T22:41:50.352+0800: 306662.032: [GC (Allocation Failure) [PSYoungGen: 515456K->2080K(518656K)] 796927K->284743K(1042944K), 0.0199806 secs] [Times: user=0.05 sys=0.01, real=0.02 secs] 
2021-05-17T22:46:00.283+0800: 306911.962: [GC (Allocation Failure) [PSYoungGen: 515104K->2048K(519168K)] 797767K->285631K(1043456K), 0.0185412 secs] [Times: user=0.05 sys=0.00, real=0.01 secs] 
2021-05-17T22:50:10.060+0800: 307161.740: [GC (Allocation Failure) [PSYoungGen: 515584K->2112K(518656K)] 799167K->286583K(1042944K), 0.0161078 secs] [Times: user=0.05 sys=0.00, real=0.02 secs] 
2021-05-17T22:54:21.153+0800: 307412.832: [GC (Allocation Failure) [PSYoungGen: 515648K->2176K(519168K)] 800119K->287559K(1043456K), 0.0184970 secs] [Times: user=0.06 sys=0.00, real=0.01 secs] 
2021-05-17T22:58:32.059+0800: 307663.739: [GC (Allocation Failure) [PSYoungGen: 516224K->2112K(519168K)] 801607K->288503K(1043456K), 0.0226337 secs] [Times: user=0.06 sys=0.00, real=0.03 secs] 
2021-05-17T23:02:42.373+0800: 307914.052: [GC (Allocation Failure) [PSYoungGen: 516160K->2112K(519680K)] 802551K->289399K(1043968K), 0.0228349 secs] [Times: user=0.06 sys=0.00, real=0.02 secs] 
2021-05-17T23:06:50.439+0800: 308162.119: [GC (Allocation Failure) [PSYoungGen: 517184K->2400K(519680K)] 804471K->290599K(1043968K), 0.0194012 secs] [Times: user=0.06 sys=0.00, real=0.02 secs] 
2021-05-17T23:11:03.168+0800: 308414.848: [GC (Allocation Failure) [PSYoungGen: 517472K->2080K(519680K)] 805671K->291287K(1043968K), 0.0267151 secs] [Times: user=0.07 sys=0.00, real=0.03 secs] 
2021-05-17T23:15:13.675+0800: 308665.355: [GC (Allocation Failure) [PSYoungGen: 517152K->2880K(519680K)] 806359K->292815K(1043968K), 0.0184169 secs] [Times: user=0.06 sys=0.00, real=0.02 secs] 
2021-05-17T23:19:24.740+0800: 308916.420: [GC (Allocation Failure) [PSYoungGen: 517952K->1984K(520192K)] 807887K->293183K(1044480K), 0.0191834 secs] [Times: user=0.06 sys=0.00, real=0.02 secs] 
2021-05-17T23:23:39.094+0800: 309170.773: [GC (Allocation Failure) [PSYoungGen: 517568K->2176K(519680K)] 808767K->294159K(1043968K), 0.0173859 secs] [Times: user=0.05 sys=0.00, real=0.01 secs] 
2021-05-17T23:27:49.740+0800: 309421.420: [GC (Allocation Failure) [PSYoungGen: 517760K->2368K(520192K)] 809743K->295271K(1044480K), 0.0520260 secs] [Times: user=0.05 sys=0.00, real=0.06 secs] 
2021-05-17T23:31:56.350+0800: 309668.029: [GC (Allocation Failure) [PSYoungGen: 518464K->2656K(520192K)] 811367K->296727K(1044480K), 0.0180253 secs] [Times: user=0.06 sys=0.00, real=0.02 secs] 
2021-05-17T23:36:09.630+0800: 309921.309: [GC (Allocation Failure) [PSYoungGen: 518752K->2656K(520192K)] 812823K->298142K(1044480K), 0.0191986 secs] [Times: user=0.04 sys=0.01, real=0.02 secs] 
2021-05-17T23:40:19.967+0800: 310171.646: [GC (Allocation Failure) [PSYoungGen: 518752K->2336K(520192K)] 814238K->299310K(1044480K), 0.0219934 secs] [Times: user=0.06 sys=0.00, real=0.02 secs] 
2021-05-17T23:44:29.986+0800: 310421.666: [GC (Allocation Failure) [PSYoungGen: 518432K->2176K(520704K)] 815406K->300302K(1044992K), 0.0217882 secs] [Times: user=0.07 sys=0.00, real=0.02 secs] 
2021-05-17T23:48:40.021+0800: 310671.701: [GC (Allocation Failure) [PSYoungGen: 519296K->2144K(520704K)] 817422K->301142K(1044992K), 0.0253956 secs] [Times: user=0.07 sys=0.00, real=0.03 secs] 
2021-05-17T23:52:50.091+0800: 310921.770: [GC (Allocation Failure) [PSYoungGen: 519264K->3584K(517632K)] 818262K->306148K(1041920K), 0.0294544 secs] [Times: user=0.07 sys=0.01, real=0.03 secs] 
2021-05-17T23:56:59.801+0800: 311171.481: [GC (Allocation Failure) [PSYoungGen: 517632K->2336K(519168K)] 820196K->307928K(1043456K), 0.0192387 secs] [Times: user=0.06 sys=0.00, real=0.02 secs] 
2021-05-18T00:01:05.342+0800: 311417.022: [GC (Allocation Failure) [PSYoungGen: 516384K->2208K(519168K)] 821976K->308936K(1043456K), 0.0176075 secs] [Times: user=0.05 sys=0.00, real=0.01 secs] 
2021-05-18T00:05:14.166+0800: 311665.846: [GC (Allocation Failure) [PSYoungGen: 516256K->2592K(519168K)] 822984K->310280K(1043456K), 0.0191577 secs] [Times: user=0.06 sys=0.00, real=0.02 secs] 
2021-05-18T00:09:23.582+0800: 311915.262: [GC (Allocation Failure) [PSYoungGen: 516640K->2272K(519680K)] 824328K->311359K(1043968K), 0.0271130 secs] [Times: user=0.07 sys=0.01, real=0.03 secs] 
2021-05-18T00:13:31.115+0800: 312162.794: [GC (Allocation Failure) [PSYoungGen: 516832K->4608K(519168K)] 825919K->319170K(1043456K), 0.0311282 secs] [Times: user=0.08 sys=0.00, real=0.03 secs] 
2021-05-18T00:17:40.155+0800: 312411.835: [GC (Allocation Failure) [PSYoungGen: 519168K->2272K(515072K)] 833730K->320774K(1039360K), 0.0229463 secs] [Times: user=0.06 sys=0.00, real=0.02 secs] 
2021-05-18T00:21:49.754+0800: 312661.433: [GC (Allocation Failure) [PSYoungGen: 512224K->5024K(515072K)] 830726K->324478K(1039360K), 0.0239156 secs] [Times: user=0.07 sys=0.00, real=0.02 secs] 
2021-05-18T00:25:56.031+0800: 312907.711: [GC (Allocation Failure) [PSYoungGen: 514976K->2784K(517120K)] 834430K->326338K(1041408K), 0.0365549 secs] [Times: user=0.08 sys=0.00, real=0.04 secs] 
2021-05-18T00:30:01.869+0800: 313153.549: [GC (Allocation Failure) [PSYoungGen: 512224K->4608K(516608K)] 835778K->329785K(1040896K), 0.0232474 secs] [Times: user=0.07 sys=0.00, real=0.03 secs] 
2021-05-18T00:34:08.739+0800: 313400.419: [GC (Allocation Failure) [PSYoungGen: 514048K->2432K(517120K)] 839225K->331197K(1041408K), 0.0192376 secs] [Times: user=0.06 sys=0.00, real=0.02 secs] 
2021-05-18T00:38:16.703+0800: 313648.383: [GC (Allocation Failure) [PSYoungGen: 512384K->2368K(517120K)] 841149K->332349K(1041408K), 0.0206270 secs] [Times: user=0.06 sys=0.00, real=0.02 secs] 
2021-05-18T00:42:26.644+0800: 313898.324: [GC (Allocation Failure) [PSYoungGen: 512320K->2176K(517632K)] 842301K->333301K(1041920K), 0.0290063 secs] [Times: user=0.07 sys=0.01, real=0.03 secs] 
2021-05-18T00:46:32.487+0800: 314144.166: [GC (Allocation Failure) [PSYoungGen: 512640K->4992K(517120K)] 843765K->337045K(1041408K), 0.0209254 secs] [Times: user=0.06 sys=0.00, real=0.02 secs] 
2021-05-18T00:50:39.681+0800: 314391.361: [GC (Allocation Failure) [PSYoungGen: 515456K->2368K(517120K)] 847509K->338473K(1041408K), 0.0181041 secs] [Times: user=0.06 sys=0.00, real=0.02 secs] 
2021-05-18T00:54:47.471+0800: 314639.151: [GC (Allocation Failure) [PSYoungGen: 512320K->2208K(517120K)] 848425K->339456K(1041408K), 0.0200206 secs] [Times: user=0.06 sys=0.00, real=0.02 secs] 
2021-05-18T00:58:50.689+0800: 314882.369: [GC (Allocation Failure) [PSYoungGen: 512160K->5184K(516608K)] 849408K->343408K(1040896K), 0.0743352 secs] [Times: user=0.06 sys=0.00, real=0.08 secs] 
2021-05-18T01:02:54.602+0800: 315126.282: [GC (Allocation Failure) [PSYoungGen: 515136K->5472K(515584K)] 853360K->347980K(1039872K), 0.0247024 secs] [Times: user=0.06 sys=0.00, real=0.03 secs] 
2021-05-18T01:07:03.233+0800: 315374.913: [GC (Allocation Failure) [PSYoungGen: 515424K->2272K(516608K)] 857932K->349351K(1040896K), 0.0237265 secs] [Times: user=0.07 sys=0.00, real=0.02 secs] 
2021-05-18T01:11:09.608+0800: 315621.288: [GC (Allocation Failure) [PSYoungGen: 511200K->2016K(516608K)] 858279K->350143K(1040896K), 0.0203671 secs] [Times: user=0.06 sys=0.00, real=0.02 secs] 
2021-05-18T01:15:15.391+0800: 315867.070: [GC (Allocation Failure) [PSYoungGen: 510944K->2848K(517120K)] 859071K->351687K(1041408K), 0.0239573 secs] [Times: user=0.07 sys=0.00, real=0.03 secs] 
2021-05-18T01:19:23.440+0800: 316115.120: [GC (Allocation Failure) [PSYoungGen: 512800K->2016K(517120K)] 861639K->352103K(1041408K), 0.0239364 secs] [Times: user=0.07 sys=0.00, real=0.03 secs] 
2021-05-18T01:23:31.432+0800: 316363.111: [GC (Allocation Failure) [PSYoungGen: 511961K->2112K(517632K)] 862048K->353039K(1041920K), 0.0215771 secs] [Times: user=0.07 sys=0.00, real=0.03 secs] 
2021-05-18T01:27:41.056+0800: 316612.736: [GC (Allocation Failure) [PSYoungGen: 513088K->2080K(517632K)] 864015K->353895K(1041920K), 0.0580914 secs] [Times: user=0.08 sys=0.00, real=0.06 secs] 
2021-05-18T01:31:51.247+0800: 316862.926: [GC (Allocation Failure) [PSYoungGen: 513056K->2240K(518144K)] 864871K->354943K(1042432K), 0.0309463 secs] [Times: user=0.06 sys=0.00, real=0.03 secs] 
2021-05-18T01:35:57.595+0800: 317109.275: [GC (Allocation Failure) [PSYoungGen: 513728K->4672K(517632K)] 866431K->358327K(1041920K), 0.0205118 secs] [Times: user=0.06 sys=0.00, real=0.02 secs] 
2021-05-18T01:40:06.946+0800: 317358.626: [GC (Allocation Failure) [PSYoungGen: 516160K->2016K(517632K)] 869815K->359331K(1041920K), 0.0233387 secs] [Times: user=0.07 sys=0.00, real=0.02 secs] 
2021-05-18T01:44:14.555+0800: 317606.235: [GC (Allocation Failure) [PSYoungGen: 512992K->2080K(517632K)] 870307K->360267K(1041920K), 0.0215520 secs] [Times: user=0.06 sys=0.00, real=0.02 secs] 
2021-05-18T01:48:23.665+0800: 317855.345: [GC (Allocation Failure) [PSYoungGen: 513056K->2336K(518144K)] 871243K->361403K(1042432K), 0.0247531 secs] [Times: user=0.07 sys=0.00, real=0.02 secs] 
2021-05-18T01:52:33.260+0800: 318104.940: [GC (Allocation Failure) [PSYoungGen: 514336K->2112K(518144K)] 873403K->362379K(1042432K), 0.0216442 secs] [Times: user=0.07 sys=0.00, real=0.02 secs] 
2021-05-18T01:56:43.227+0800: 318354.907: [GC (Allocation Failure) [PSYoungGen: 514112K->2144K(518656K)] 874379K->363299K(1042944K), 0.0215832 secs] [Times: user=0.07 sys=0.00, real=0.02 secs] 
2021-05-18T02:00:51.240+0800: 318602.920: [GC (Allocation Failure) [PSYoungGen: 514656K->2080K(518144K)] 875811K->364211K(1042432K), 0.0217526 secs] [Times: user=0.07 sys=0.00, real=0.03 secs] 
2021-05-18T02:05:01.570+0800: 318853.250: [GC (Allocation Failure) [PSYoungGen: 514592K->2336K(519168K)] 876723K->365339K(1043456K), 0.0238684 secs] [Times: user=0.06 sys=0.00, real=0.03 secs] 
2021-05-18T02:09:12.189+0800: 319103.869: [GC (Allocation Failure) [PSYoungGen: 515872K->2240K(518656K)] 878875K->366371K(1042944K), 0.0193804 secs] [Times: user=0.06 sys=0.00, real=0.02 secs] 
2021-05-18T02:13:20.862+0800: 319352.541: [GC (Allocation Failure) [PSYoungGen: 515776K->2048K(519168K)] 879907K->367147K(1043456K), 0.0226656 secs] [Times: user=0.07 sys=0.00, real=0.03 secs] 
2021-05-18T02:17:31.020+0800: 319602.699: [GC (Allocation Failure) [PSYoungGen: 516096K->2624K(519168K)] 881195K->368427K(1043456K), 0.0214729 secs] [Times: user=0.07 sys=0.00, real=0.02 secs] 
2021-05-18T02:21:39.474+0800: 319851.154: [GC (Allocation Failure) [PSYoungGen: 516672K->2080K(519680K)] 882475K->368907K(1043968K), 0.0226042 secs] [Times: user=0.06 sys=0.00, real=0.02 secs] 
2021-05-18T02:25:51.786+0800: 320103.466: [GC (Allocation Failure) [PSYoungGen: 517152K->3008K(519680K)] 883979K->370667K(1043968K), 0.0198310 secs] [Times: user=0.06 sys=0.00, real=0.02 secs] 
2021-05-18T02:29:58.031+0800: 320349.710: [GC (Allocation Failure) [PSYoungGen: 518080K->4608K(514560K)] 885739K->376976K(1038848K), 0.0200073 secs] [Times: user=0.07 sys=0.00, real=0.02 secs] 
2021-05-18T02:34:07.308+0800: 320598.987: [GC (Allocation Failure) [PSYoungGen: 514557K->2816K(517120K)] 886926K->379331K(1041408K), 0.0194457 secs] [Times: user=0.06 sys=0.00, real=0.02 secs] 
2021-05-18T02:38:12.402+0800: 320844.082: [GC (Allocation Failure) [PSYoungGen: 512768K->6656K(513536K)] 889283K->386506K(1037824K), 0.0232064 secs] [Times: user=0.08 sys=0.00, real=0.02 secs] 
2021-05-18T02:42:19.228+0800: 321090.908: [GC (Allocation Failure) [PSYoungGen: 513536K->2080K(515584K)] 893386K->388338K(1039872K), 0.0286907 secs] [Times: user=0.07 sys=0.00, real=0.03 secs] 
2021-05-18T02:46:23.262+0800: 321334.942: [GC (Allocation Failure) [PSYoungGen: 508960K->2528K(516096K)] 895218K->389730K(1040384K), 0.0222046 secs] [Times: user=0.06 sys=0.00, real=0.02 secs] 
2021-05-18T02:50:28.619+0800: 321580.299: [GC (Allocation Failure) [PSYoungGen: 509920K->2528K(515584K)] 897122K->391065K(1039872K), 0.0199729 secs] [Times: user=0.06 sys=0.00, real=0.02 secs] 
2021-05-18T02:54:34.038+0800: 321825.718: [GC (Allocation Failure) [PSYoungGen: 509920K->3488K(516608K)] 898457K->393417K(1040896K), 0.0197185 secs] [Times: user=0.07 sys=0.00, real=0.02 secs] 
2021-05-18T02:58:41.010+0800: 322072.689: [GC (Allocation Failure) [PSYoungGen: 511904K->2720K(516096K)] 901833K->395055K(1040384K), 0.0239855 secs] [Times: user=0.06 sys=0.00, real=0.03 secs] 
2021-05-18T03:02:47.496+0800: 322319.176: [GC (Allocation Failure) [PSYoungGen: 511136K->2336K(517120K)] 903471K->396270K(1041408K), 0.0243467 secs] [Times: user=0.07 sys=0.00, real=0.02 secs] 
2021-05-18T03:06:56.498+0800: 322568.177: [GC (Allocation Failure) [PSYoungGen: 511776K->3008K(516608K)] 905710K->398109K(1040896K), 0.0204320 secs] [Times: user=0.07 sys=0.00, real=0.02 secs] 
2021-05-18T03:11:04.535+0800: 322816.215: [GC (Allocation Failure) [PSYoungGen: 512448K->2112K(517632K)] 907549K->398940K(1041920K), 0.0216432 secs] [Times: user=0.07 sys=0.00, real=0.02 secs] 
2021-05-18T03:15:12.520+0800: 323064.199: [GC (Allocation Failure) [PSYoungGen: 512576K->3104K(517120K)] 909404K->400644K(1041408K), 0.0389877 secs] [Times: user=0.05 sys=0.00, real=0.04 secs] 
2021-05-18T03:19:21.861+0800: 323313.541: [GC (Allocation Failure) [PSYoungGen: 513568K->1984K(518144K)] 911108K->401052K(1042432K), 0.0488059 secs] [Times: user=0.07 sys=0.00, real=0.05 secs] 
2021-05-18T03:23:28.735+0800: 323560.415: [GC (Allocation Failure) [PSYoungGen: 513472K->2112K(517632K)] 912540K->401964K(1041920K), 0.0212426 secs] [Times: user=0.07 sys=0.00, real=0.02 secs] 
2021-05-18T03:27:39.250+0800: 323810.929: [GC (Allocation Failure) [PSYoungGen: 513600K->2112K(518144K)] 913452K->402868K(1042432K), 0.0216083 secs] [Times: user=0.06 sys=0.00, real=0.02 secs] 
2021-05-18T03:31:48.573+0800: 324060.253: [GC (Allocation Failure) [PSYoungGen: 514112K->2464K(518144K)] 914868K->404092K(1042432K), 0.0422537 secs] [Times: user=0.09 sys=0.00, real=0.04 secs] 
2021-05-18T03:35:55.191+0800: 324306.871: [GC (Allocation Failure) [PSYoungGen: 514464K->2400K(518656K)] 916092K->405236K(1042944K), 0.0240017 secs] [Times: user=0.03 sys=0.03, real=0.03 secs] 
2021-05-18T03:40:02.808+0800: 324554.488: [GC (Allocation Failure) [PSYoungGen: 515424K->4320K(517632K)] 918260K->408388K(1041920K), 0.0372854 secs] [Times: user=0.07 sys=0.00, real=0.04 secs] 
2021-05-18T03:44:11.018+0800: 324802.698: [GC (Allocation Failure) [PSYoungGen: 517344K->3904K(518144K)] 921412K->411265K(1042432K), 0.0259460 secs] [Times: user=0.07 sys=0.00, real=0.03 secs] 
2021-05-18T03:48:20.116+0800: 325051.795: [GC (Allocation Failure) [PSYoungGen: 515904K->4832K(518144K)] 923265K->415038K(1042432K), 0.0247069 secs] [Times: user=0.08 sys=0.00, real=0.02 secs] 
2021-05-18T03:52:26.647+0800: 325298.327: [GC (Allocation Failure) [PSYoungGen: 516832K->6144K(512000K)] 927038K->422105K(1036288K), 0.0259312 secs] [Times: user=0.08 sys=0.01, real=0.03 secs] 
2021-05-18T03:56:29.986+0800: 325541.666: [GC (Allocation Failure) [PSYoungGen: 512000K->2368K(515072K)] 927961K->424161K(1039360K), 0.0235651 secs] [Times: user=0.08 sys=0.00, real=0.02 secs] 
2021-05-18T04:00:33.964+0800: 325785.643: [GC (Allocation Failure) [PSYoungGen: 508224K->6496K(514048K)] 930017K->429489K(1038336K), 0.0218093 secs] [Times: user=0.07 sys=0.01, real=0.02 secs] 
2021-05-18T04:04:37.994+0800: 326029.674: [GC (Allocation Failure) [PSYoungGen: 511328K->2048K(514560K)] 934321K->430858K(1038848K), 0.0721471 secs] [Times: user=0.07 sys=0.00, real=0.07 secs] 
2021-05-18T04:08:43.284+0800: 326274.963: [GC (Allocation Failure) [PSYoungGen: 506880K->2336K(515072K)] 935690K->432010K(1039360K), 0.0272210 secs] [Times: user=0.07 sys=0.00, real=0.02 secs] 
2021-05-18T04:12:47.488+0800: 326519.168: [GC (Allocation Failure) [PSYoungGen: 508192K->2688K(515072K)] 937866K->433354K(1039360K), 0.0259797 secs] [Times: user=0.08 sys=0.01, real=0.03 secs] 
2021-05-18T04:16:53.690+0800: 326765.369: [GC (Allocation Failure) [PSYoungGen: 508544K->2944K(515584K)] 939210K->435049K(1039872K), 0.0208542 secs] [Times: user=0.06 sys=0.00, real=0.02 secs] 
2021-05-18T04:21:00.935+0800: 327012.615: [GC (Allocation Failure) [PSYoungGen: 509824K->2176K(515584K)] 941929K->435657K(1039872K), 0.0244402 secs] [Times: user=0.07 sys=0.00, real=0.02 secs] 
2021-05-18T04:25:06.557+0800: 327258.236: [GC (Allocation Failure) [PSYoungGen: 509056K->2336K(516096K)] 942537K->436857K(1040384K), 0.0197503 secs] [Times: user=0.06 sys=0.00, real=0.02 secs] 
2021-05-18T04:29:14.368+0800: 327506.048: [GC (Allocation Failure) [PSYoungGen: 510240K->2080K(516096K)] 944761K->437728K(1040384K), 0.0241568 secs] [Times: user=0.07 sys=0.00, real=0.03 secs] 
2021-05-18T04:33:20.213+0800: 327751.893: [GC (Allocation Failure) [PSYoungGen: 509984K->2176K(516608K)] 945632K->438720K(1040896K), 0.0242244 secs] [Times: user=0.08 sys=0.00, real=0.02 secs] 
2021-05-18T04:37:23.295+0800: 327994.975: [GC (Allocation Failure) [PSYoungGen: 511104K->6784K(516096K)] 947648K->444264K(1040384K), 0.0246905 secs] [Times: user=0.07 sys=0.01, real=0.02 secs] 
2021-05-18T04:41:26.626+0800: 328238.306: [GC (Allocation Failure) [PSYoungGen: 515712K->8160K(508928K)] 953192K->450941K(1033216K), 0.0220765 secs] [Times: user=0.07 sys=0.00, real=0.02 secs] 
2021-05-18T04:45:32.770+0800: 328484.450: [GC (Allocation Failure) [PSYoungGen: 508896K->2304K(512512K)] 951677K->452811K(1036800K), 0.0346323 secs] [Times: user=0.07 sys=0.00, real=0.04 secs] 
2021-05-18T04:49:34.306+0800: 328725.986: [GC (Allocation Failure) [PSYoungGen: 503040K->3072K(513536K)] 953547K->454699K(1037824K), 0.0245506 secs] [Times: user=0.08 sys=0.00, real=0.02 secs] 
2021-05-18T04:53:38.766+0800: 328970.446: [GC (Allocation Failure) [PSYoungGen: 505344K->2080K(513024K)] 956971K->455618K(1037312K), 0.0177822 secs] [Times: user=0.06 sys=0.00, real=0.02 secs] 
2021-05-18T04:57:42.151+0800: 329213.831: [GC (Allocation Failure) [PSYoungGen: 504352K->3488K(514048K)] 957890K->457954K(1038336K), 0.0180378 secs] [Times: user=0.06 sys=0.00, real=0.02 secs] 
2021-05-18T05:01:47.520+0800: 329459.200: [GC (Allocation Failure) [PSYoungGen: 506784K->3232K(513536K)] 961250K->460032K(1037824K), 0.0209827 secs] [Times: user=0.06 sys=0.00, real=0.02 secs] 
2021-05-18T05:06:04.522+0800: 329716.202: [GC (Allocation Failure) [PSYoungGen: 506528K->5888K(514560K)] 963328K->464798K(1038848K), 0.0242978 secs] [Times: user=0.08 sys=0.00, real=0.03 secs] 
2021-05-18T05:09:55.125+0800: 329946.804: [GC (Allocation Failure) [PSYoungGen: 510720K->5536K(514560K)] 969630K->469297K(1038848K), 0.0200069 secs] [Times: user=0.06 sys=0.00, real=0.02 secs] 
2021-05-18T05:13:58.253+0800: 330189.932: [GC (Allocation Failure) [PSYoungGen: 510368K->2816K(515072K)] 974129K->471260K(1039360K), 0.0194734 secs] [Times: user=0.06 sys=0.00, real=0.02 secs] 
2021-05-18T05:17:49.982+0800: 330421.662: [GC (Allocation Failure) [PSYoungGen: 508160K->4704K(514560K)] 976604K->474668K(1038848K), 0.0193658 secs] [Times: user=0.06 sys=0.00, real=0.01 secs] 
2021-05-18T05:21:45.333+0800: 330657.013: [GC (Allocation Failure) [PSYoungGen: 510048K->2880K(515584K)] 980012K->476240K(1039872K), 0.0239385 secs] [Times: user=0.07 sys=0.00, real=0.02 secs] 
2021-05-18T05:25:39.355+0800: 330891.035: [GC (Allocation Failure) [PSYoungGen: 509248K->2912K(515072K)] 982608K->478039K(1039360K), 0.0196883 secs] [Times: user=0.06 sys=0.00, real=0.02 secs] 
2021-05-18T05:29:35.150+0800: 331126.830: [GC (Allocation Failure) [PSYoungGen: 509280K->2656K(516096K)] 984407K->479319K(1040384K), 0.0180503 secs] [Times: user=0.06 sys=0.00, real=0.02 secs] 
2021-05-18T05:33:31.351+0800: 331363.030: [GC (Allocation Failure) [PSYoungGen: 510048K->2656K(515584K)] 986711K->480639K(1039872K), 0.0237785 secs] [Times: user=0.06 sys=0.00, real=0.03 secs] 
2021-05-18T05:37:26.740+0800: 331598.420: [GC (Allocation Failure) [PSYoungGen: 510048K->3104K(516608K)] 988031K->482591K(1040896K), 0.0220022 secs] [Times: user=0.06 sys=0.00, real=0.03 secs] 
2021-05-18T05:41:25.363+0800: 331837.043: [GC (Allocation Failure) [PSYoungGen: 511520K->2592K(516096K)] 991007K->483775K(1040384K), 0.0212941 secs] [Times: user=0.07 sys=0.00, real=0.02 secs] 
2021-05-18T05:45:22.544+0800: 332074.223: [GC (Allocation Failure) [PSYoungGen: 511008K->2880K(517120K)] 992191K->485495K(1041408K), 0.0236175 secs] [Times: user=0.07 sys=0.00, real=0.02 secs] 
2021-05-18T05:49:21.693+0800: 332313.372: [GC (Allocation Failure) [PSYoungGen: 512320K->2336K(516608K)] 994935K->486183K(1040896K), 0.0265644 secs] [Times: user=0.06 sys=0.00, real=0.02 secs] 
2021-05-18T05:53:19.532+0800: 332551.211: [GC (Allocation Failure) [PSYoungGen: 511776K->2880K(517632K)] 995623K->487799K(1041920K), 0.0492027 secs] [Times: user=0.06 sys=0.00, real=0.05 secs] 
2021-05-18T05:57:18.626+0800: 332790.305: [GC (Allocation Failure) [PSYoungGen: 513344K->2688K(517120K)] 998263K->489327K(1041408K), 0.0233012 secs] [Times: user=0.06 sys=0.00, real=0.02 secs] 
2021-05-18T06:01:18.200+0800: 333029.880: [GC (Allocation Failure) [PSYoungGen: 513152K->2560K(517632K)] 999791K->490727K(1041920K), 0.0235249 secs] [Times: user=0.06 sys=0.00, real=0.03 secs] 
2021-05-18T06:05:14.678+0800: 333266.357: [GC (Allocation Failure) [PSYoungGen: 513536K->2720K(517632K)] 1001703K->492343K(1041920K), 0.0140942 secs] [Times: user=0.03 sys=0.02, real=0.01 secs] 
2021-05-18T06:09:14.973+0800: 333506.653: [GC (Allocation Failure) [PSYoungGen: 513696K->2816K(518144K)] 1003319K->493855K(1042432K), 0.0220882 secs] [Times: user=0.06 sys=0.00, real=0.02 secs] 
2021-05-18T06:13:15.337+0800: 333747.016: [GC (Allocation Failure) [PSYoungGen: 514816K->2496K(518144K)] 1005855K->494895K(1042432K), 0.0202631 secs] [Times: user=0.06 sys=0.00, real=0.02 secs] 
2021-05-18T06:17:15.636+0800: 333987.316: [GC (Allocation Failure) [PSYoungGen: 514496K->3424K(518656K)] 1006895K->497215K(1042944K), 0.0229546 secs] [Times: user=0.07 sys=0.00, real=0.02 secs] 
2021-05-18T06:21:16.006+0800: 334227.685: [GC (Allocation Failure) [PSYoungGen: 516448K->2592K(518656K)] 1010239K->498462K(1042944K), 0.0263298 secs] [Times: user=0.07 sys=0.01, real=0.03 secs] 
2021-05-18T06:25:16.360+0800: 334468.039: [GC (Allocation Failure) [PSYoungGen: 515616K->5536K(517632K)] 1011486K->502870K(1041920K), 0.0269185 secs] [Times: user=0.07 sys=0.01, real=0.03 secs] 
2021-05-18T06:29:15.818+0800: 334707.497: [GC (Allocation Failure) [PSYoungGen: 517536K->2880K(518144K)] 1014870K->504811K(1042432K), 0.0194610 secs] [Times: user=0.03 sys=0.03, real=0.02 secs] 
2021-05-18T06:33:14.881+0800: 334946.561: [GC (Allocation Failure) [PSYoungGen: 514880K->3552K(518144K)] 1016811K->507202K(1042432K), 0.0211339 secs] [Times: user=0.06 sys=0.00, real=0.03 secs] 
2021-05-18T06:37:16.463+0800: 335188.143: [GC (Allocation Failure) [PSYoungGen: 515552K->2976K(518144K)] 1019202K->509066K(1042432K), 0.0206370 secs] [Times: user=0.06 sys=0.00, real=0.02 secs] 
2021-05-18T06:41:16.814+0800: 335428.494: [GC (Allocation Failure) [PSYoungGen: 514976K->2304K(518656K)] 1021066K->510241K(1042944K), 0.0234551 secs] [Times: user=0.07 sys=0.00, real=0.02 secs] 
2021-05-18T06:45:15.139+0800: 335666.819: [GC (Allocation Failure) [PSYoungGen: 515328K->2624K(518656K)] 1023265K->511537K(1042944K), 0.0247952 secs] [Times: user=0.07 sys=0.00, real=0.03 secs] 
2021-05-18T06:49:13.577+0800: 335905.256: [GC (Allocation Failure) [PSYoungGen: 515648K->5632K(514560K)] 1024561K->518951K(1038848K), 0.0253383 secs] [Times: user=0.07 sys=0.00, real=0.03 secs] 
2021-05-18T06:53:10.080+0800: 336141.760: [GC (Allocation Failure) [PSYoungGen: 514560K->3376K(516608K)] 1027879K->522089K(1040896K), 0.0250666 secs] [Times: user=0.07 sys=0.00, real=0.03 secs] 
2021-05-18T06:53:10.106+0800: 336141.786: [Full GC (Ergonomics) [PSYoungGen: 3376K->0K(516608K)] [ParOldGen: 518713K->237937K(524288K)] 522089K->237937K(1040896K), [Metaspace: 93117K->93117K(1134592K)], 0.5149513 secs] [Times: user=1.07 sys=0.00, real=0.51 secs] 
2021-05-18T06:57:09.307+0800: 336380.987: [GC (Allocation Failure) [PSYoungGen: 508928K->2816K(517120K)] 746865K->240753K(1041408K), 0.0189568 secs] [Times: user=0.06 sys=0.00, real=0.02 secs] 
2021-05-18T07:01:05.655+0800: 336617.335: [GC (Allocation Failure) [PSYoungGen: 512256K->3360K(516608K)] 750193K->242921K(1040896K), 0.0178293 secs] [Times: user=0.04 sys=0.00, real=0.02 secs] 
2021-05-18T07:05:04.980+0800: 336856.660: [GC (Allocation Failure) [PSYoungGen: 512800K->2624K(517632K)] 752361K->244089K(1041920K), 0.0214893 secs] [Times: user=0.06 sys=0.00, real=0.02 secs] 
2021-05-18T07:09:04.384+0800: 337096.064: [GC (Allocation Failure) [PSYoungGen: 513088K->2496K(517120K)] 754553K->245401K(1041408K), 0.0207741 secs] [Times: user=0.05 sys=0.00, real=0.02 secs] 
2021-05-18T07:13:00.722+0800: 337332.402: [GC (Allocation Failure) [PSYoungGen: 512960K->2176K(517632K)] 755865K->246049K(1041920K), 0.0164138 secs] [Times: user=0.05 sys=0.00, real=0.02 secs] 
2021-05-18T07:17:01.052+0800: 337572.732: [GC (Allocation Failure) [PSYoungGen: 513152K->4736K(517632K)] 757025K->249601K(1041920K), 0.0184728 secs] [Times: user=0.06 sys=0.00, real=0.01 secs] 
2021-05-18T07:21:01.360+0800: 337813.040: [GC (Allocation Failure) [PSYoungGen: 515712K->3200K(517632K)] 760577K->251910K(1041920K), 0.0247772 secs] [Times: user=0.06 sys=0.00, real=0.03 secs] 
2021-05-18T07:25:01.793+0800: 338053.473: [GC (Allocation Failure) [PSYoungGen: 514176K->3936K(517632K)] 762886K->254789K(1041920K), 0.0214452 secs] [Times: user=0.06 sys=0.00, real=0.02 secs] 
2021-05-18T07:29:02.125+0800: 338293.805: [GC (Allocation Failure) [PSYoungGen: 514912K->5280K(517632K)] 765765K->259036K(1041920K), 0.0228300 secs] [Times: user=0.07 sys=0.00, real=0.02 secs] 
2021-05-18T07:33:02.465+0800: 338534.145: [GC (Allocation Failure) [PSYoungGen: 516256K->4896K(516096K)] 770012K->263057K(1040384K), 0.0253475 secs] [Times: user=0.07 sys=0.00, real=0.02 secs] 
2021-05-18T07:37:00.690+0800: 338772.370: [GC (Allocation Failure) [PSYoungGen: 515872K->3360K(517632K)] 774033K->265501K(1041920K), 0.0452559 secs] [Times: user=0.07 sys=0.00, real=0.05 secs] 
2021-05-18T07:41:03.592+0800: 339015.271: [GC (Allocation Failure) [PSYoungGen: 513824K->2400K(517120K)] 775965K->266796K(1041408K), 0.0193630 secs] [Times: user=0.05 sys=0.00, real=0.02 secs] 
2021-05-18T07:45:03.978+0800: 339255.658: [GC (Allocation Failure) [PSYoungGen: 512864K->3104K(517632K)] 777260K->268724K(1041920K), 0.0196975 secs] [Times: user=0.06 sys=0.00, real=0.02 secs] 
2021-05-18T07:49:04.288+0800: 339495.967: [GC (Allocation Failure) [PSYoungGen: 514080K->2848K(517632K)] 779700K->270427K(1041920K), 0.0164067 secs] [Times: user=0.03 sys=0.02, real=0.02 secs] 
2021-05-18T07:53:00.863+0800: 339732.543: [GC (Allocation Failure) [PSYoungGen: 513824K->2624K(518144K)] 781403K->271955K(1042432K), 0.0194297 secs] [Times: user=0.05 sys=0.00, real=0.02 secs] 
2021-05-18T07:57:00.929+0800: 339972.608: [GC (Allocation Failure) [PSYoungGen: 514112K->2240K(517632K)] 783443K->273067K(1041920K), 0.0544994 secs] [Times: user=0.06 sys=0.00, real=0.06 secs] 
2021-05-18T08:01:01.304+0800: 340212.984: [GC (Allocation Failure) [PSYoungGen: 513728K->2560K(518144K)] 784555K->274451K(1042432K), 0.0165632 secs] [Times: user=0.04 sys=0.00, real=0.01 secs] 
2021-05-18T08:05:03.927+0800: 340455.607: [GC (Allocation Failure) [PSYoungGen: 514560K->2624K(518144K)] 786451K->275971K(1042432K), 0.0179302 secs] [Times: user=0.05 sys=0.00, real=0.02 secs] 
2021-05-18T08:09:01.497+0800: 340693.177: [GC (Allocation Failure) [PSYoungGen: 514624K->2912K(518656K)] 787971K->277443K(1042944K), 0.0195253 secs] [Times: user=0.03 sys=0.02, real=0.02 secs] 
2021-05-18T08:13:02.119+0800: 340933.799: [GC (Allocation Failure) [PSYoungGen: 515424K->2464K(518144K)] 789955K->278419K(1042432K), 0.0167156 secs] [Times: user=0.05 sys=0.00, real=0.02 secs] 
2021-05-18T08:17:01.814+0800: 341173.493: [GC (Allocation Failure) [PSYoungGen: 514976K->4384K(518656K)] 790931K->281531K(1042944K), 0.0179576 secs] [Times: user=0.02 sys=0.02, real=0.01 secs] 
2021-05-18T08:21:02.054+0800: 341413.733: [GC (Allocation Failure) [PSYoungGen: 517408K->3904K(518656K)] 794555K->284392K(1042944K), 0.0212247 secs] [Times: user=0.05 sys=0.00, real=0.02 secs] 
2021-05-18T08:25:02.492+0800: 341654.171: [GC (Allocation Failure) [PSYoungGen: 516928K->5600K(514560K)] 797416K->289342K(1038848K), 0.0221502 secs] [Times: user=0.07 sys=0.00, real=0.03 secs] 
2021-05-18T08:28:57.836+0800: 341889.516: [GC (Allocation Failure) [PSYoungGen: 514528K->5120K(516608K)] 798270K->293722K(1040896K), 0.0283575 secs] [Times: user=0.03 sys=0.03, real=0.03 secs] 
2021-05-18T08:32:56.298+0800: 342127.977: [GC (Allocation Failure) [PSYoungGen: 514048K->2912K(516608K)] 802650K->295639K(1040896K), 0.0244956 secs] [Times: user=0.06 sys=0.00, real=0.03 secs] 
2021-05-18T08:36:53.696+0800: 342365.376: [GC (Allocation Failure) [PSYoungGen: 511840K->2720K(516608K)] 804567K->297214K(1040896K), 0.0200844 secs] [Times: user=0.03 sys=0.02, real=0.02 secs] 
2021-05-18T08:40:53.995+0800: 342605.674: [GC (Allocation Failure) [PSYoungGen: 511648K->2112K(517120K)] 806142K->298110K(1041408K), 0.0342869 secs] [Times: user=0.07 sys=0.01, real=0.03 secs] 
2021-05-18T08:44:54.342+0800: 342846.022: [GC (Allocation Failure) [PSYoungGen: 511552K->3456K(516608K)] 807550K->300446K(1040896K), 0.0208961 secs] [Times: user=0.06 sys=0.00, real=0.03 secs] 
2021-05-18T08:48:54.791+0800: 343086.471: [GC (Allocation Failure) [PSYoungGen: 512896K->2304K(517120K)] 809886K->301686K(1041408K), 0.0217585 secs] [Times: user=0.07 sys=0.00, real=0.03 secs] 
2021-05-18T08:52:51.643+0800: 343323.323: [GC (Allocation Failure) [PSYoungGen: 512256K->2944K(517120K)] 811638K->303542K(1041408K), 0.0739415 secs] [Times: user=0.08 sys=0.00, real=0.07 secs] 
2021-05-18T08:56:50.620+0800: 343562.300: [GC (Allocation Failure) [PSYoungGen: 512896K->2624K(517632K)] 813494K->304934K(1041920K), 0.0172772 secs] [Times: user=0.05 sys=0.00, real=0.02 secs] 
2021-05-18T09:00:50.889+0800: 343802.568: [GC (Allocation Failure) [PSYoungGen: 513600K->2752K(517632K)] 815910K->306550K(1041920K), 0.0277701 secs] [Times: user=0.06 sys=0.00, real=0.03 secs] 
2021-05-18T09:04:53.829+0800: 344045.509: [GC (Allocation Failure) [PSYoungGen: 513728K->2816K(518144K)] 817526K->308286K(1042432K), 0.0181672 secs] [Times: user=0.06 sys=0.00, real=0.02 secs] 
2021-05-18T09:08:51.921+0800: 344283.601: [GC (Allocation Failure) [PSYoungGen: 514816K->3648K(518144K)] 820286K->310798K(1042432K), 0.0174435 secs] [Times: user=0.05 sys=0.00, real=0.02 secs] 
2021-05-18T09:12:52.161+0800: 344523.841: [GC (Allocation Failure) [PSYoungGen: 515648K->2112K(518144K)] 822798K->311780K(1042432K), 0.0161184 secs] [Times: user=0.05 sys=0.00, real=0.02 secs] 
2021-05-18T09:16:52.437+0800: 344764.116: [GC (Allocation Failure) [PSYoungGen: 514112K->2912K(518144K)] 823780K->313740K(1042432K), 0.0187481 secs] [Times: user=0.05 sys=0.00, real=0.02 secs] 
2021-05-18T09:20:51.914+0800: 345003.594: [GC (Allocation Failure) [PSYoungGen: 514912K->3168K(518656K)] 825740K->315588K(1042944K), 0.0479580 secs] [Times: user=0.05 sys=0.00, real=0.05 secs] 
2021-05-18T09:24:53.004+0800: 345244.684: [GC (Allocation Failure) [PSYoungGen: 516192K->2592K(518656K)] 828612K->317148K(1042944K), 0.0171570 secs] [Times: user=0.03 sys=0.02, real=0.01 secs] 
2021-05-18T09:28:48.372+0800: 345480.052: [GC (Allocation Failure) [PSYoungGen: 515616K->2976K(519168K)] 830172K->318972K(1043456K), 0.0190957 secs] [Times: user=0.05 sys=0.00, real=0.02 secs] 
2021-05-18T09:32:48.654+0800: 345720.334: [GC (Allocation Failure) [PSYoungGen: 516505K->3040K(518656K)] 832501K->320947K(1042944K), 0.0196119 secs] [Times: user=0.06 sys=0.00, real=0.02 secs] 
2021-05-18T09:36:49.176+0800: 345960.856: [GC (Allocation Failure) [PSYoungGen: 516576K->2880K(519168K)] 834483K->322771K(1043456K), 0.0206170 secs] [Times: user=0.07 sys=0.00, real=0.02 secs] 
2021-05-18T09:40:49.466+0800: 346201.145: [GC (Allocation Failure) [PSYoungGen: 516928K->2528K(519168K)] 836819K->324179K(1043456K), 0.0208895 secs] [Times: user=0.06 sys=0.00, real=0.02 secs] 
2021-05-18T09:44:49.826+0800: 346441.506: [GC (Allocation Failure) [PSYoungGen: 516576K->2784K(519680K)] 838227K->325859K(1043968K), 0.0216944 secs] [Times: user=0.06 sys=0.00, real=0.02 secs] 
2021-05-18T09:48:49.803+0800: 346681.483: [GC (Allocation Failure) [PSYoungGen: 517856K->2592K(519680K)] 840931K->327091K(1043968K), 0.0173816 secs] [Times: user=0.05 sys=0.00, real=0.01 secs] 
2021-05-18T09:52:50.508+0800: 346922.187: [GC (Allocation Failure) [PSYoungGen: 517664K->3072K(519680K)] 842163K->328891K(1043968K), 0.0188246 secs] [Times: user=0.05 sys=0.00, real=0.02 secs] 
2021-05-18T09:56:48.300+0800: 347159.980: [GC (Allocation Failure) [PSYoungGen: 518144K->2880K(519680K)] 843963K->330851K(1043968K), 0.0303588 secs] [Times: user=0.05 sys=0.00, real=0.03 secs] 
2021-05-18T10:00:47.351+0800: 347399.030: [GC (Allocation Failure) [PSYoungGen: 517952K->4608K(515584K)] 845923K->337824K(1039872K), 0.0225724 secs] [Times: user=0.05 sys=0.00, real=0.03 secs] 
2021-05-18T10:04:46.548+0800: 347638.228: [GC (Allocation Failure) [PSYoungGen: 515584K->5024K(516096K)] 848800K->342429K(1040384K), 0.0200994 secs] [Times: user=0.06 sys=0.00, real=0.02 secs] 
2021-05-18T10:08:42.579+0800: 347874.259: [GC (Allocation Failure) [PSYoungGen: 516000K->2976K(517632K)] 853405K->344257K(1041920K), 0.0223913 secs] [Times: user=0.06 sys=0.00, real=0.02 secs] 
2021-05-18T10:12:39.322+0800: 348111.002: [GC (Allocation Failure) [PSYoungGen: 513440K->3392K(517120K)] 854721K->346176K(1041408K), 0.0158623 secs] [Times: user=0.05 sys=0.00, real=0.01 secs] 
2021-05-18T10:16:37.505+0800: 348349.184: [GC (Allocation Failure) [PSYoungGen: 513856K->4032K(517632K)] 856640K->349198K(1041920K), 0.0237400 secs] [Times: user=0.07 sys=0.00, real=0.02 secs] 
2021-05-18T10:20:33.699+0800: 348585.378: [GC (Allocation Failure) [PSYoungGen: 515008K->3168K(517632K)] 860174K->350869K(1041920K), 0.0219299 secs] [Times: user=0.07 sys=0.00, real=0.02 secs] 
2021-05-18T10:24:33.462+0800: 348825.142: [GC (Allocation Failure) [PSYoungGen: 514144K->2624K(518144K)] 861845K->352476K(1042432K), 0.0197336 secs] [Times: user=0.06 sys=0.00, real=0.02 secs] 
2021-05-18T10:28:32.626+0800: 349064.306: [GC (Allocation Failure) [PSYoungGen: 514624K->3136K(518144K)] 864476K->354452K(1042432K), 0.0211806 secs] [Times: user=0.07 sys=0.00, real=0.02 secs] 
2021-05-18T10:32:30.898+0800: 349302.578: [GC (Allocation Failure) [PSYoungGen: 515136K->2496K(518144K)] 866452K->355787K(1042432K), 0.0203183 secs] [Times: user=0.07 sys=0.00, real=0.02 secs] 
2021-05-18T10:36:29.410+0800: 349541.090: [GC (Allocation Failure) [PSYoungGen: 514496K->3136K(518144K)] 867787K->357715K(1042432K), 0.0234342 secs] [Times: user=0.07 sys=0.00, real=0.03 secs] 
2021-05-18T10:40:25.700+0800: 349777.379: [GC (Allocation Failure) [PSYoungGen: 515136K->2688K(518656K)] 869715K->359291K(1042944K), 0.0210396 secs] [Times: user=0.06 sys=0.00, real=0.02 secs] 
2021-05-18T10:44:26.018+0800: 350017.697: [GC (Allocation Failure) [PSYoungGen: 515712K->2720K(518656K)] 872315K->360955K(1042944K), 0.0541108 secs] [Times: user=0.07 sys=0.00, real=0.06 secs] 
2021-05-18T10:48:25.938+0800: 350257.618: [GC (Allocation Failure) [PSYoungGen: 515744K->5632K(515584K)] 873979K->365843K(1039872K), 0.0207621 secs] [Times: user=0.06 sys=0.00, real=0.02 secs] 
2021-05-18T10:52:22.294+0800: 350493.974: [GC (Allocation Failure) [PSYoungGen: 515584K->3360K(517120K)] 875795K->368725K(1041408K), 0.0230437 secs] [Times: user=0.07 sys=0.00, real=0.02 secs] 
2021-05-18T10:56:21.852+0800: 350733.532: [GC (Allocation Failure) [PSYoungGen: 513312K->2688K(517632K)] 878677K->370004K(1041920K), 0.0187397 secs] [Times: user=0.07 sys=0.00, real=0.02 secs] 
2021-05-18T11:00:17.431+0800: 350969.111: [GC (Allocation Failure) [PSYoungGen: 513664K->6560K(517632K)] 880980K->375181K(1041920K), 0.0228808 secs] [Times: user=0.07 sys=0.00, real=0.03 secs] 
2021-05-18T11:04:12.975+0800: 351204.655: [GC (Allocation Failure) [PSYoungGen: 517536K->4032K(516608K)] 886157K->378278K(1040896K), 0.0276416 secs] [Times: user=0.07 sys=0.00, real=0.03 secs] 
2021-05-18T11:08:10.946+0800: 351442.625: [GC (Allocation Failure) [PSYoungGen: 513984K->3264K(517120K)] 888230K->380396K(1041408K), 0.0303253 secs] [Times: user=0.07 sys=0.00, real=0.03 secs] 
2021-05-18T11:12:08.166+0800: 351679.846: [GC (Allocation Failure) [PSYoungGen: 513216K->4640K(517120K)] 890348K->383763K(1041408K), 0.0204890 secs] [Times: user=0.06 sys=0.00, real=0.02 secs] 
2021-05-18T11:16:04.054+0800: 351915.734: [GC (Allocation Failure) [PSYoungGen: 514592K->2976K(517120K)] 893715K->385503K(1041408K), 0.0215328 secs] [Times: user=0.06 sys=0.00, real=0.02 secs] 
2021-05-18T11:20:00.114+0800: 352151.793: [GC (Allocation Failure) [PSYoungGen: 512928K->2528K(517632K)] 895455K->386887K(1041920K), 0.0232599 secs] [Times: user=0.06 sys=0.00, real=0.02 secs] 
2021-05-18T11:24:00.472+0800: 352392.151: [GC (Allocation Failure) [PSYoungGen: 513504K->2880K(517632K)] 897863K->388663K(1041920K), 0.0221063 secs] [Times: user=0.07 sys=0.00, real=0.03 secs] 
2021-05-18T11:27:55.303+0800: 352626.982: [GC (Allocation Failure) [PSYoungGen: 513856K->6400K(516608K)] 899639K->393911K(1040896K), 0.0259753 secs] [Times: user=0.09 sys=0.00, real=0.02 secs] 
2021-05-18T11:31:53.133+0800: 352864.813: [GC (Allocation Failure) [PSYoungGen: 516352K->3552K(517120K)] 903863K->396649K(1041408K), 0.0244453 secs] [Times: user=0.08 sys=0.00, real=0.02 secs] 
2021-05-18T11:35:50.608+0800: 353102.288: [GC (Allocation Failure) [PSYoungGen: 513504K->3712K(517632K)] 906601K->399016K(1041920K), 0.0262001 secs] [Times: user=0.06 sys=0.00, real=0.03 secs] 
2021-05-18T11:39:50.920+0800: 353342.600: [GC (Allocation Failure) [PSYoungGen: 514176K->2368K(517120K)] 909480K->400359K(1041408K), 0.0203235 secs] [Times: user=0.06 sys=0.00, real=0.02 secs] 
2021-05-18T11:43:48.698+0800: 353580.378: [GC (Allocation Failure) [PSYoungGen: 512832K->2624K(517632K)] 910823K->401815K(1041920K), 0.0198940 secs] [Times: user=0.06 sys=0.00, real=0.02 secs] 
2021-05-18T11:47:47.409+0800: 353819.089: [GC (Allocation Failure) [PSYoungGen: 513600K->2976K(517632K)] 912791K->403679K(1041920K), 0.0238881 secs] [Times: user=0.08 sys=0.00, real=0.03 secs] 
2021-05-18T11:51:48.781+0800: 354060.461: [GC (Allocation Failure) [PSYoungGen: 513947K->2720K(518144K)] 914651K->405335K(1042432K), 0.0246083 secs] [Times: user=0.08 sys=0.00, real=0.03 secs] 
2021-05-18T11:55:47.486+0800: 354299.165: [GC (Allocation Failure) [PSYoungGen: 514208K->3040K(517632K)] 916823K->407111K(1041920K), 0.0260215 secs] [Times: user=0.07 sys=0.00, real=0.02 secs] 
2021-05-18T11:59:43.982+0800: 354535.661: [GC (Allocation Failure) [PSYoungGen: 514528K->2816K(518144K)] 918599K->408895K(1042432K), 0.0617079 secs] [Times: user=0.08 sys=0.00, real=0.07 secs] 
2021-05-18T12:03:43.526+0800: 354775.206: [GC (Allocation Failure) [PSYoungGen: 514816K->2688K(518144K)] 920895K->410454K(1042432K), 0.0235580 secs] [Times: user=0.06 sys=0.00, real=0.02 secs] 
2021-05-18T12:07:43.863+0800: 355015.543: [GC (Allocation Failure) [PSYoungGen: 514688K->3168K(518656K)] 922454K->412390K(1042944K), 0.0239442 secs] [Times: user=0.07 sys=0.00, real=0.02 secs] 
2021-05-18T12:11:44.112+0800: 355255.791: [GC (Allocation Failure) [PSYoungGen: 515680K->2176K(518144K)] 924902K->413030K(1042432K), 0.0278174 secs] [Times: user=0.05 sys=0.00, real=0.04 secs] 
2021-05-18T12:15:41.895+0800: 355493.575: [GC (Allocation Failure) [PSYoungGen: 514688K->2560K(518656K)] 925542K->414334K(1042944K), 0.0199150 secs] [Times: user=0.06 sys=0.00, real=0.02 secs] 
2021-05-18T12:19:42.243+0800: 355733.923: [GC (Allocation Failure) [PSYoungGen: 515584K->3968K(518656K)] 927358K->417134K(1042944K), 0.0203770 secs] [Times: user=0.07 sys=0.00, real=0.02 secs] 
2021-05-18T12:23:41.782+0800: 355973.462: [GC (Allocation Failure) [PSYoungGen: 516992K->2912K(518656K)] 930158K->419011K(1042944K), 0.0293395 secs] [Times: user=0.06 sys=0.00, real=0.02 secs] 
2021-05-18T12:27:45.769+0800: 356217.449: [GC (Allocation Failure) [PSYoungGen: 515936K->2784K(518656K)] 932035K->420627K(1042944K), 0.0227257 secs] [Times: user=0.08 sys=0.00, real=0.02 secs] 
2021-05-18T12:31:46.115+0800: 356457.795: [GC (Allocation Failure) [PSYoungGen: 515808K->2368K(519168K)] 933651K->421907K(1043456K), 0.0248713 secs] [Times: user=0.08 sys=0.00, real=0.02 secs] 
2021-05-18T12:35:46.702+0800: 356698.382: [GC (Allocation Failure) [PSYoungGen: 516416K->2464K(519168K)] 935955K->423083K(1043456K), 0.0228585 secs] [Times: user=0.06 sys=0.00, real=0.02 secs] 
2021-05-18T12:39:49.903+0800: 356941.583: [GC (Allocation Failure) [PSYoungGen: 516512K->3552K(519168K)] 937131K->425563K(1043456K), 0.0257326 secs] [Times: user=0.08 sys=0.01, real=0.02 secs] 
2021-05-18T12:43:47.595+0800: 357179.275: [GC (Allocation Failure) [PSYoungGen: 517600K->2816K(519168K)] 939611K->426739K(1043456K), 0.0247528 secs] [Times: user=0.07 sys=0.01, real=0.02 secs] 
2021-05-18T12:47:49.476+0800: 357421.156: [GC (Allocation Failure) [PSYoungGen: 516864K->2176K(519168K)] 940787K->427819K(1043456K), 0.0250346 secs] [Times: user=0.08 sys=0.00, real=0.02 secs] 
2021-05-18T12:51:49.599+0800: 357661.279: [GC (Allocation Failure) [PSYoungGen: 516224K->2560K(519168K)] 941867K->429267K(1043456K), 0.0950581 secs] [Times: user=0.02 sys=0.02, real=0.10 secs] 
2021-05-18T12:55:50.510+0800: 357902.190: [GC (Allocation Failure) [PSYoungGen: 516608K->2464K(519680K)] 943315K->430619K(1043968K), 0.0214186 secs] [Times: user=0.07 sys=0.00, real=0.02 secs] 
2021-05-18T12:59:53.881+0800: 358145.560: [GC (Allocation Failure) [PSYoungGen: 517024K->2688K(519168K)] 945179K->432139K(1043456K), 0.0386298 secs] [Times: user=0.07 sys=0.02, real=0.04 secs] 
2021-05-18T13:03:50.026+0800: 358381.706: [GC (Allocation Failure) [PSYoungGen: 517248K->3136K(519680K)] 946699K->434075K(1043968K), 0.0240903 secs] [Times: user=0.08 sys=0.00, real=0.02 secs] 
2021-05-18T13:07:49.828+0800: 358621.508: [GC (Allocation Failure) [PSYoungGen: 518208K->3136K(519680K)] 949147K->436041K(1043968K), 0.0219958 secs] [Times: user=0.06 sys=0.00, real=0.02 secs] 
2021-05-18T13:11:50.229+0800: 358861.908: [GC (Allocation Failure) [PSYoungGen: 518208K->4576K(518656K)] 951113K->439321K(1042944K), 0.0272436 secs] [Times: user=0.06 sys=0.00, real=0.03 secs] 
2021-05-18T13:15:49.387+0800: 359101.067: [GC (Allocation Failure) [PSYoungGen: 518624K->2528K(519168K)] 953369K->440940K(1043456K), 0.0180226 secs] [Times: user=0.06 sys=0.00, real=0.02 secs] 
2021-05-18T13:19:47.266+0800: 359338.946: [GC (Allocation Failure) [PSYoungGen: 516576K->2432K(519168K)] 954988K->442220K(1043456K), 0.0216535 secs] [Times: user=0.07 sys=0.00, real=0.02 secs] 
2021-05-18T13:23:47.024+0800: 359578.704: [GC (Allocation Failure) [PSYoungGen: 516480K->2720K(519168K)] 956268K->443724K(1043456K), 0.0212981 secs] [Times: user=0.07 sys=0.00, real=0.02 secs] 
2021-05-18T13:27:47.108+0800: 359818.788: [GC (Allocation Failure) [PSYoungGen: 516768K->2432K(519680K)] 957772K->444979K(1043968K), 0.0188713 secs] [Times: user=0.03 sys=0.03, real=0.02 secs] 
2021-05-18T13:31:49.978+0800: 360061.657: [GC (Allocation Failure) [PSYoungGen: 517504K->2688K(519680K)] 960051K->446459K(1043968K), 0.0242251 secs] [Times: user=0.07 sys=0.00, real=0.02 secs] 
2021-05-18T13:35:48.016+0800: 360299.695: [GC (Allocation Failure) [PSYoungGen: 517760K->4256K(518656K)] 961531K->449331K(1042944K), 0.0251126 secs] [Times: user=0.07 sys=0.01, real=0.02 secs] 
2021-05-18T13:39:47.445+0800: 360539.125: [GC (Allocation Failure) [PSYoungGen: 518304K->2592K(519168K)] 963379K->450889K(1043456K), 0.0208175 secs] [Times: user=0.07 sys=0.00, real=0.02 secs] 
2021-05-18T13:43:48.795+0800: 360780.474: [GC (Allocation Failure) [PSYoungGen: 516640K->2592K(519680K)] 964937K->452369K(1043968K), 0.0256895 secs] [Times: user=0.07 sys=0.00, real=0.02 secs] 
2021-05-18T13:47:49.401+0800: 361021.080: [GC (Allocation Failure) [PSYoungGen: 517664K->3584K(519680K)] 967441K->454873K(1043968K), 0.0297993 secs] [Times: user=0.07 sys=0.00, real=0.03 secs] 
2021-05-18T13:51:50.375+0800: 361262.054: [GC (Allocation Failure) [PSYoungGen: 518656K->2784K(519680K)] 969945K->456657K(1043968K), 0.0493117 secs] [Times: user=0.07 sys=0.00, real=0.05 secs] 
2021-05-18T13:55:50.381+0800: 361502.061: [GC (Allocation Failure) [PSYoungGen: 517856K->2560K(519680K)] 971729K->457873K(1043968K), 0.0599710 secs] [Times: user=0.07 sys=0.00, real=0.06 secs] 
2021-05-18T13:59:50.588+0800: 361742.268: [GC (Allocation Failure) [PSYoungGen: 517632K->3680K(519680K)] 972945K->460305K(1043968K), 0.0311785 secs] [Times: user=0.07 sys=0.00, real=0.03 secs] 
2021-05-18T14:03:55.806+0800: 361987.485: [GC (Allocation Failure) [PSYoungGen: 518752K->2432K(519680K)] 975377K->461720K(1043968K), 0.0282042 secs] [Times: user=0.06 sys=0.01, real=0.03 secs] 
2021-05-18T14:07:52.954+0800: 362224.633: [GC (Allocation Failure) [PSYoungGen: 517504K->4224K(518656K)] 976792K->464736K(1042944K), 0.0248895 secs] [Times: user=0.08 sys=0.00, real=0.02 secs] 
2021-05-18T14:11:56.542+0800: 362468.221: [GC (Allocation Failure) [PSYoungGen: 518272K->2528K(519168K)] 978784K->465783K(1043456K), 0.0237244 secs] [Times: user=0.07 sys=0.00, real=0.03 secs] 
2021-05-18T14:15:57.061+0800: 362708.740: [GC (Allocation Failure) [PSYoungGen: 516576K->2752K(519680K)] 979831K->467415K(1043968K), 0.0230877 secs] [Times: user=0.07 sys=0.00, real=0.03 secs] 
2021-05-18T14:19:57.366+0800: 362949.046: [GC (Allocation Failure) [PSYoungGen: 517312K->2912K(519168K)] 981975K->469175K(1043456K), 0.0231457 secs] [Times: user=0.06 sys=0.00, real=0.02 secs] 
2021-05-18T14:23:57.882+0800: 363189.562: [GC (Allocation Failure) [PSYoungGen: 517472K->2688K(519680K)] 983735K->470383K(1043968K), 0.0186169 secs] [Times: user=0.06 sys=0.00, real=0.01 secs] 
2021-05-18T14:27:58.717+0800: 363430.397: [GC (Allocation Failure) [PSYoungGen: 517760K->2624K(519680K)] 985455K->471599K(1043968K), 0.0194615 secs] [Times: user=0.06 sys=0.00, real=0.02 secs] 
2021-05-18T14:32:02.642+0800: 363674.322: [GC (Allocation Failure) [PSYoungGen: 517696K->2368K(519680K)] 986671K->472807K(1043968K), 0.0197451 secs] [Times: user=0.06 sys=0.00, real=0.02 secs] 
2021-05-18T14:36:03.850+0800: 363915.529: [GC (Allocation Failure) [PSYoungGen: 517440K->2496K(519680K)] 987879K->473999K(1043968K), 0.0216391 secs] [Times: user=0.06 sys=0.00, real=0.02 secs] 
2021-05-18T14:40:05.173+0800: 364156.853: [GC (Allocation Failure) [PSYoungGen: 517568K->2752K(520192K)] 989071K->475567K(1044480K), 0.0174079 secs] [Times: user=0.05 sys=0.00, real=0.01 secs] 
2021-05-18T14:44:06.844+0800: 364398.524: [GC (Allocation Failure) [PSYoungGen: 518336K->2624K(519680K)] 991151K->477183K(1043968K), 0.0200317 secs] [Times: user=0.06 sys=0.00, real=0.02 secs] 
2021-05-18T14:48:09.893+0800: 364641.573: [GC (Allocation Failure) [PSYoungGen: 518208K->2656K(520192K)] 992767K->478719K(1044480K), 0.0226223 secs] [Times: user=0.06 sys=0.00, real=0.02 secs] 
2021-05-18T14:52:10.216+0800: 364881.895: [GC (Allocation Failure) [PSYoungGen: 518752K->2432K(520192K)] 994815K->479735K(1044480K), 0.0201638 secs] [Times: user=0.05 sys=0.00, real=0.02 secs] 
2021-05-18T14:56:10.554+0800: 365122.233: [GC (Allocation Failure) [PSYoungGen: 518528K->2240K(520192K)] 995831K->480799K(1044480K), 0.0186617 secs] [Times: user=0.03 sys=0.02, real=0.02 secs] 
2021-05-18T15:00:11.051+0800: 365362.731: [GC (Allocation Failure) [PSYoungGen: 518336K->2400K(520192K)] 996895K->482015K(1044480K), 0.0314112 secs] [Times: user=0.07 sys=0.00, real=0.04 secs] 
2021-05-18T15:04:16.282+0800: 365607.962: [GC (Allocation Failure) [PSYoungGen: 518496K->2400K(520192K)] 998111K->483247K(1044480K), 0.0168521 secs] [Times: user=0.05 sys=0.00, real=0.01 secs] 
2021-05-18T15:08:16.881+0800: 365848.560: [GC (Allocation Failure) [PSYoungGen: 518496K->2496K(520192K)] 999343K->484543K(1044480K), 0.0183472 secs] [Times: user=0.06 sys=0.00, real=0.02 secs] 
2021-05-18T15:12:21.811+0800: 366093.490: [GC (Allocation Failure) [PSYoungGen: 518592K->2080K(520192K)] 1000639K->485214K(1044480K), 0.0192713 secs] [Times: user=0.05 sys=0.00, real=0.02 secs] 
2021-05-18T15:16:22.145+0800: 366333.825: [GC (Allocation Failure) [PSYoungGen: 518176K->2688K(520192K)] 1001310K->486758K(1044480K), 0.0231680 secs] [Times: user=0.06 sys=0.00, real=0.02 secs] 
2021-05-18T15:20:23.625+0800: 366575.304: [GC (Allocation Failure) [PSYoungGen: 518784K->2368K(520704K)] 1002854K->488022K(1044992K), 0.0165451 secs] [Times: user=0.05 sys=0.00, real=0.01 secs] 
2021-05-18T15:24:27.965+0800: 366819.645: [GC (Allocation Failure) [PSYoungGen: 519488K->2400K(520704K)] 1005142K->489294K(1044992K), 0.0266095 secs] [Times: user=0.06 sys=0.00, real=0.02 secs] 
2021-05-18T15:28:32.008+0800: 367063.688: [GC (Allocation Failure) [PSYoungGen: 519520K->2624K(520704K)] 1006414K->490758K(1044992K), 0.0190566 secs] [Times: user=0.06 sys=0.00, real=0.02 secs] 
2021-05-18T15:32:31.486+0800: 367303.165: [GC (Allocation Failure) [PSYoungGen: 519744K->2496K(520704K)] 1007878K->492119K(1044992K), 0.0197121 secs] [Times: user=0.07 sys=0.00, real=0.02 secs] 
2021-05-18T15:36:31.498+0800: 367543.177: [GC (Allocation Failure) [PSYoungGen: 519616K->3552K(518656K)] 1009239K->494847K(1042944K), 0.0215711 secs] [Times: user=0.03 sys=0.04, real=0.02 secs] 
2021-05-18T15:40:32.987+0800: 367784.666: [GC (Allocation Failure) [PSYoungGen: 518624K->2976K(519680K)] 1009919K->496703K(1043968K), 0.0187462 secs] [Times: user=0.06 sys=0.00, real=0.02 secs] 
2021-05-18T15:44:34.750+0800: 368026.430: [GC (Allocation Failure) [PSYoungGen: 518048K->2816K(520192K)] 1011775K->498230K(1044480K), 0.0238462 secs] [Times: user=0.07 sys=0.00, real=0.03 secs] 
2021-05-18T15:48:34.332+0800: 368266.011: [GC (Allocation Failure) [PSYoungGen: 518400K->3296K(519680K)] 1013814K->499910K(1043968K), 0.0196684 secs] [Times: user=0.05 sys=0.00, real=0.02 secs] 
2021-05-18T15:52:33.841+0800: 368505.520: [GC (Allocation Failure) [PSYoungGen: 518880K->2976K(520192K)] 1015494K->501294K(1044480K), 0.0172536 secs] [Times: user=0.06 sys=0.00, real=0.02 secs] 
2021-05-18T15:56:20.695+0800: 368732.375: [GC (Allocation Failure) [PSYoungGen: 519072K->4093K(520192K)] 1017390K->505174K(1044480K), 0.0252634 secs] [Times: user=0.07 sys=0.01, real=0.02 secs] 
2021-05-18T15:59:13.942+0800: 368905.622: [GC (Allocation Failure) [PSYoungGen: 520189K->3072K(517120K)] 1021270K->507666K(1041408K), 0.0181991 secs] [Times: user=0.05 sys=0.00, real=0.01 secs] 
2021-05-18T16:02:08.362+0800: 369080.042: [GC (Allocation Failure) [PSYoungGen: 516096K->1984K(518656K)] 1020690K->508593K(1042944K), 0.0292087 secs] [Times: user=0.05 sys=0.00, real=0.03 secs] 
2021-05-18T16:05:00.108+0800: 369251.788: [GC (Allocation Failure) [PSYoungGen: 515008K->3328K(519168K)] 1021617K->510777K(1043456K), 0.0158667 secs] [Times: user=0.05 sys=0.00, real=0.02 secs] 
2021-05-18T16:07:53.771+0800: 369425.451: [GC (Allocation Failure) [PSYoungGen: 516864K->3360K(518656K)] 1024313K->513215K(1042944K), 0.0167026 secs] [Times: user=0.02 sys=0.03, real=0.02 secs] 
2021-05-18T16:10:46.936+0800: 369598.615: [GC (Allocation Failure) [PSYoungGen: 516896K->1760K(519168K)] 1026751K->513773K(1043456K), 0.0197719 secs] [Times: user=0.06 sys=0.00, real=0.02 secs] 
2021-05-18T16:13:42.096+0800: 369773.775: [GC (Allocation Failure) [PSYoungGen: 515808K->2208K(519168K)] 1027821K->514940K(1043456K), 0.0210358 secs] [Times: user=0.06 sys=0.00, real=0.02 secs] 
2021-05-18T16:16:37.416+0800: 369949.096: [GC (Allocation Failure) [PSYoungGen: 516256K->2016K(519168K)] 1028988K->515716K(1043456K), 0.0210270 secs] [Times: user=0.05 sys=0.00, real=0.02 secs] 
2021-05-18T16:19:32.559+0800: 370124.239: [GC (Allocation Failure) [PSYoungGen: 516064K->2080K(519168K)] 1029764K->516668K(1043456K), 0.0205448 secs] [Times: user=0.06 sys=0.00, real=0.02 secs] 
2021-05-18T16:22:26.593+0800: 370298.273: [GC (Allocation Failure) [PSYoungGen: 516075K->2496K(519168K)] 1030664K->518076K(1043456K), 0.0197183 secs] [Times: user=0.06 sys=0.00, real=0.02 secs] 
2021-05-18T16:25:41.876+0800: 370493.555: [GC (Allocation Failure) [PSYoungGen: 516544K->3040K(519168K)] 1032124K->520147K(1043456K), 0.0185615 secs] [Times: user=0.05 sys=0.00, real=0.02 secs] 
2021-05-18T16:29:42.248+0800: 370733.928: [GC (Allocation Failure) [PSYoungGen: 517088K->2208K(519680K)] 1034195K->520998K(1043968K), 0.0171299 secs] [Times: user=0.06 sys=0.00, real=0.02 secs] 
2021-05-18T16:33:42.508+0800: 370974.187: [GC (Allocation Failure) [PSYoungGen: 517280K->2464K(519680K)] 1036070K->522302K(1043968K), 0.0182363 secs] [Times: user=0.06 sys=0.00, real=0.02 secs] 
2021-05-18T16:37:43.581+0800: 371215.260: [GC (Allocation Failure) [PSYoungGen: 517536K->2912K(519680K)] 1037374K->524006K(1043968K), 0.0434561 secs] [Times: user=0.07 sys=0.00, real=0.05 secs] 
2021-05-18T16:41:44.666+0800: 371456.346: [GC (Allocation Failure) [PSYoungGen: 517984K->2400K(519680K)] 1039078K->525214K(1043968K), 0.0209798 secs] [Times: user=0.06 sys=0.00, real=0.02 secs] 
2021-05-18T16:41:44.688+0800: 371456.367: [Full GC (Ergonomics) [PSYoungGen: 2400K->0K(519680K)] [ParOldGen: 522814K->235159K(524288K)] 525214K->235159K(1043968K), [Metaspace: 93726K->93726K(1136640K)], 0.4851370 secs] [Times: user=0.97 sys=0.00, real=0.49 secs] 
2021-05-18T16:45:45.569+0800: 371697.249: [GC (Allocation Failure) [PSYoungGen: 515072K->2848K(520192K)] 750231K->238007K(1044480K), 0.0182012 secs] [Times: user=0.05 sys=0.00, real=0.02 secs] 
2021-05-18T16:49:46.460+0800: 371938.140: [GC (Allocation Failure) [PSYoungGen: 518432K->2624K(519680K)] 753591K->239351K(1043968K), 0.0188341 secs] [Times: user=0.04 sys=0.00, real=0.02 secs] 
2021-05-18T16:53:45.490+0800: 372177.170: [GC (Allocation Failure) [PSYoungGen: 518208K->2592K(520192K)] 754935K->240591K(1044480K), 0.0209663 secs] [Times: user=0.05 sys=0.00, real=0.02 secs] 
2021-05-18T16:57:46.533+0800: 372418.212: [GC (Allocation Failure) [PSYoungGen: 518688K->2400K(520192K)] 756687K->241974K(1044480K), 0.0208619 secs] [Times: user=0.06 sys=0.00, real=0.02 secs] 
2021-05-18T17:01:46.864+0800: 372658.544: [GC (Allocation Failure) [PSYoungGen: 518496K->2368K(520192K)] 758070K->243206K(1044480K), 0.0170244 secs] [Times: user=0.05 sys=0.00, real=0.01 secs] 
2021-05-18T17:05:49.473+0800: 372901.153: [GC (Allocation Failure) [PSYoungGen: 518464K->2784K(520192K)] 759302K->244902K(1044480K), 0.0167357 secs] [Times: user=0.05 sys=0.00, real=0.01 secs] 
2021-05-18T17:09:50.484+0800: 373142.163: [GC (Allocation Failure) [PSYoungGen: 518880K->2400K(520192K)] 760998K->246222K(1044480K), 0.0166489 secs] [Times: user=0.05 sys=0.00, real=0.01 secs] 
2021-05-18T17:13:48.515+0800: 373380.195: [GC (Allocation Failure) [PSYoungGen: 518496K->4096K(520192K)] 762318K->249630K(1044480K), 0.0203194 secs] [Times: user=0.05 sys=0.00, real=0.02 secs] 
2021-05-18T17:17:48.826+0800: 373620.506: [GC (Allocation Failure) [PSYoungGen: 520192K->3168K(519168K)] 765726K->252170K(1043456K), 0.0161750 secs] [Times: user=0.05 sys=0.00, real=0.02 secs] 
2021-05-18T17:21:48.726+0800: 373860.405: [GC (Allocation Failure) [PSYoungGen: 518240K->3040K(519680K)] 767242K->254113K(1043968K), 0.0189026 secs] [Times: user=0.06 sys=0.00, real=0.02 secs] 
2021-05-18T17:25:49.697+0800: 374101.376: [GC (Allocation Failure) [PSYoungGen: 518112K->2144K(519680K)] 769185K->255200K(1043968K), 0.0173907 secs] [Times: user=0.02 sys=0.03, real=0.02 secs] 
2021-05-18T17:29:53.948+0800: 374345.628: [GC (Allocation Failure) [PSYoungGen: 517216K->2688K(519680K)] 770272K->256752K(1043968K), 0.0161746 secs] [Times: user=0.05 sys=0.00, real=0.02 secs] 
2021-05-18T17:33:52.748+0800: 374584.428: [GC (Allocation Failure) [PSYoungGen: 517760K->3264K(519680K)] 771824K->258856K(1043968K), 0.0170939 secs] [Times: user=0.05 sys=0.00, real=0.02 secs] 
2021-05-18T17:37:50.049+0800: 374821.729: [GC (Allocation Failure) [PSYoungGen: 518336K->3488K(519680K)] 773928K->261280K(1043968K), 0.0168349 secs] [Times: user=0.05 sys=0.00, real=0.02 secs] 
2021-05-18T17:41:50.383+0800: 375062.062: [GC (Allocation Failure) [PSYoungGen: 518560K->2976K(519680K)] 776352K->262680K(1043968K), 0.0174963 secs] [Times: user=0.05 sys=0.00, real=0.01 secs] 
2021-05-18T17:45:50.576+0800: 375302.256: [GC (Allocation Failure) [PSYoungGen: 518048K->2112K(519680K)] 777752K->263760K(1043968K), 0.0184462 secs] [Times: user=0.05 sys=0.00, real=0.02 secs] 
2021-05-18T17:49:50.924+0800: 375542.603: [GC (Allocation Failure) [PSYoungGen: 517184K->2656K(519680K)] 778832K->265312K(1043968K), 0.0167766 secs] [Times: user=0.05 sys=0.00, real=0.01 secs] 
2021-05-18T17:53:51.205+0800: 375782.885: [GC (Allocation Failure) [PSYoungGen: 517728K->2592K(519680K)] 780384K->266792K(1043968K), 0.0170187 secs] [Times: user=0.04 sys=0.00, real=0.02 secs] 
2021-05-18T17:57:51.509+0800: 376023.189: [GC (Allocation Failure) [PSYoungGen: 517664K->4096K(517120K)] 781864K->271056K(1041408K), 0.0185749 secs] [Times: user=0.05 sys=0.00, real=0.02 secs] 
2021-05-18T18:01:51.985+0800: 376263.664: [GC (Allocation Failure) [PSYoungGen: 517120K->2592K(518656K)] 784080K->273188K(1042944K), 0.0163394 secs] [Times: user=0.02 sys=0.03, real=0.01 secs] 
2021-05-18T18:05:52.267+0800: 376503.947: [GC (Allocation Failure) [PSYoungGen: 515616K->2432K(518656K)] 786212K->274563K(1042944K), 0.0170710 secs] [Times: user=0.02 sys=0.03, real=0.02 secs] 
2021-05-18T18:09:52.472+0800: 376744.151: [GC (Allocation Failure) [PSYoungGen: 515456K->5312K(518656K)] 787587K->278667K(1042944K), 0.0173440 secs] [Times: user=0.06 sys=0.00, real=0.02 secs] 
2021-05-18T18:13:48.661+0800: 376980.341: [GC (Allocation Failure) [PSYoungGen: 518336K->2496K(517632K)] 791691K->280181K(1041920K), 0.0179888 secs] [Times: user=0.05 sys=0.00, real=0.02 secs] 
2021-05-18T18:17:47.521+0800: 377219.201: [GC (Allocation Failure) [PSYoungGen: 514489K->2336K(518144K)] 792175K->281452K(1042432K), 0.0153080 secs] [Times: user=0.04 sys=0.00, real=0.02 secs] 
2021-05-18T18:21:48.527+0800: 377460.207: [GC (Allocation Failure) [PSYoungGen: 514336K->2400K(518656K)] 793452K->282612K(1042944K), 0.0169813 secs] [Times: user=0.05 sys=0.00, real=0.02 secs] 
2021-05-18T18:25:48.250+0800: 377699.930: [GC (Allocation Failure) [PSYoungGen: 514912K->3200K(518144K)] 795124K->284676K(1042432K), 0.0240282 secs] [Times: user=0.05 sys=0.00, real=0.03 secs] 
2021-05-18T18:29:46.025+0800: 377937.705: [GC (Allocation Failure) [PSYoungGen: 515712K->2336K(518656K)] 797188K->285828K(1042944K), 0.0173373 secs] [Times: user=0.05 sys=0.00, real=0.02 secs] 
2021-05-18T18:33:45.638+0800: 378177.318: [GC (Allocation Failure) [PSYoungGen: 515360K->2688K(518656K)] 798852K->287412K(1042944K), 0.0168704 secs] [Times: user=0.05 sys=0.00, real=0.02 secs] 
2021-05-18T18:37:45.324+0800: 378417.004: [GC (Allocation Failure) [PSYoungGen: 515712K->2784K(519168K)] 800436K->289076K(1043456K), 0.0166216 secs] [Times: user=0.05 sys=0.00, real=0.01 secs] 
2021-05-18T18:41:45.694+0800: 378657.374: [GC (Allocation Failure) [PSYoungGen: 516832K->2752K(519168K)] 803124K->290532K(1043456K), 0.0171529 secs] [Times: user=0.06 sys=0.00, real=0.01 secs] 
2021-05-18T18:45:46.599+0800: 378898.279: [GC (Allocation Failure) [PSYoungGen: 516800K->2624K(519680K)] 804580K->292108K(1043968K), 0.0221403 secs] [Times: user=0.06 sys=0.00, real=0.02 secs] 
2021-05-18T18:49:46.895+0800: 379138.575: [GC (Allocation Failure) [PSYoungGen: 517184K->2848K(519168K)] 806668K->293772K(1043456K), 0.0189022 secs] [Times: user=0.05 sys=0.00, real=0.02 secs] 
2021-05-18T18:53:47.849+0800: 379379.528: [GC (Allocation Failure) [PSYoungGen: 517408K->2592K(519680K)] 808332K->295236K(1043968K), 0.0156883 secs] [Times: user=0.05 sys=0.00, real=0.02 secs] 
2021-05-18T18:57:46.797+0800: 379618.476: [GC (Allocation Failure) [PSYoungGen: 517664K->2592K(519680K)] 810308K->296740K(1043968K), 0.0179962 secs] [Times: user=0.05 sys=0.00, real=0.02 secs] 
2021-05-18T19:01:47.911+0800: 379859.590: [GC (Allocation Failure) [PSYoungGen: 517664K->2304K(519680K)] 811812K->297783K(1043968K), 0.0176850 secs] [Times: user=0.05 sys=0.00, real=0.02 secs] 
2021-05-18T19:05:48.540+0800: 380100.220: [GC (Allocation Failure) [PSYoungGen: 517376K->2688K(519680K)] 812855K->299191K(1043968K), 0.0199588 secs] [Times: user=0.05 sys=0.00, real=0.02 secs] 
2021-05-18T19:09:48.567+0800: 380340.247: [GC (Allocation Failure) [PSYoungGen: 517760K->2656K(520192K)] 814263K->300575K(1044480K), 0.0195505 secs] [Times: user=0.04 sys=0.00, real=0.02 secs] 
2021-05-18T19:13:48.782+0800: 380580.461: [GC (Allocation Failure) [PSYoungGen: 518752K->1696K(520192K)] 816671K->300926K(1044480K), 0.0140934 secs] [Times: user=0.02 sys=0.02, real=0.02 secs] 
2021-05-18T19:17:53.336+0800: 380825.016: [GC (Allocation Failure) [PSYoungGen: 517792K->2368K(520192K)] 817022K->302078K(1044480K), 0.0168126 secs] [Times: user=0.02 sys=0.02, real=0.02 secs] 
2021-05-18T19:21:53.975+0800: 381065.654: [GC (Allocation Failure) [PSYoungGen: 518464K->2560K(520192K)] 818174K->303358K(1044480K), 0.0209212 secs] [Times: user=0.04 sys=0.00, real=0.02 secs] 
2021-05-18T19:25:58.931+0800: 381310.611: [GC (Allocation Failure) [PSYoungGen: 518656K->2336K(520192K)] 819454K->304398K(1044480K), 0.0158896 secs] [Times: user=0.03 sys=0.03, real=0.02 secs] 
2021-05-18T19:29:59.179+0800: 381550.858: [GC (Allocation Failure) [PSYoungGen: 518432K->2592K(520192K)] 820494K->305902K(1044480K), 0.0154442 secs] [Times: user=0.05 sys=0.00, real=0.02 secs] 
2021-05-18T19:33:58.781+0800: 381790.460: [GC (Allocation Failure) [PSYoungGen: 518688K->2240K(520192K)] 821998K->307046K(1044480K), 0.0190617 secs] [Times: user=0.05 sys=0.00, real=0.02 secs] 
2021-05-18T19:37:55.385+0800: 382027.065: [GC (Allocation Failure) [PSYoungGen: 518336K->3136K(520192K)] 823142K->308982K(1044480K), 0.0205626 secs] [Times: user=0.06 sys=0.00, real=0.02 secs] 
2021-05-18T19:41:58.946+0800: 382270.625: [GC (Allocation Failure) [PSYoungGen: 519232K->2240K(520192K)] 825078K->309990K(1044480K), 0.0219979 secs] [Times: user=0.06 sys=0.00, real=0.02 secs] 
2021-05-18T19:45:56.788+0800: 382508.468: [GC (Allocation Failure) [PSYoungGen: 518336K->2400K(520192K)] 826086K->311190K(1044480K), 0.0238625 secs] [Times: user=0.07 sys=0.00, real=0.03 secs] 
2021-05-18T19:49:52.408+0800: 382744.087: [GC (Allocation Failure) [PSYoungGen: 518496K->3584K(516608K)] 827286K->316844K(1040896K), 0.0181255 secs] [Times: user=0.06 sys=0.00, real=0.02 secs] 
2021-05-18T19:53:52.392+0800: 382984.071: [GC (Allocation Failure) [PSYoungGen: 516608K->2848K(518656K)] 829868K->319361K(1042944K), 0.0184163 secs] [Times: user=0.06 sys=0.00, real=0.02 secs] 
2021-05-18T19:57:52.620+0800: 383224.299: [GC (Allocation Failure) [PSYoungGen: 515872K->2880K(518656K)] 832385K->321136K(1042944K), 0.0206752 secs] [Times: user=0.06 sys=0.00, real=0.02 secs] 
2021-05-18T20:01:53.677+0800: 383465.356: [GC (Allocation Failure) [PSYoungGen: 515904K->2400K(518656K)] 834160K->322368K(1042944K), 0.0163268 secs] [Times: user=0.06 sys=0.00, real=0.02 secs] 
2021-05-18T20:05:53.270+0800: 383704.950: [GC (Allocation Failure) [PSYoungGen: 515424K->2592K(519168K)] 835392K->323832K(1043456K), 0.0178222 secs] [Times: user=0.03 sys=0.02, real=0.02 secs] 
2021-05-18T20:09:52.725+0800: 383944.404: [GC (Allocation Failure) [PSYoungGen: 516640K->2592K(519168K)] 837880K->325240K(1043456K), 0.0163123 secs] [Times: user=0.02 sys=0.03, real=0.01 secs] 
2021-05-18T20:13:53.087+0800: 384184.767: [GC (Allocation Failure) [PSYoungGen: 516640K->2080K(519168K)] 839288K->326007K(1043456K), 0.0242683 secs] [Times: user=0.06 sys=0.00, real=0.02 secs] 
2021-05-18T20:17:52.274+0800: 384423.953: [GC (Allocation Failure) [PSYoungGen: 516128K->3360K(519168K)] 840055K->328191K(1043456K), 0.0165981 secs] [Times: user=0.05 sys=0.00, real=0.01 secs] 
2021-05-18T20:21:49.272+0800: 384660.951: [GC (Allocation Failure) [PSYoungGen: 517408K->2560K(519680K)] 842239K->329647K(1043968K), 0.0224659 secs] [Times: user=0.05 sys=0.00, real=0.03 secs] 
2021-05-18T20:25:49.041+0800: 384900.721: [GC (Allocation Failure) [PSYoungGen: 517120K->2592K(519168K)] 844207K->331135K(1043456K), 0.0189793 secs] [Times: user=0.06 sys=0.00, real=0.02 secs] 
2021-05-18T20:29:49.286+0800: 385140.965: [GC (Allocation Failure) [PSYoungGen: 517152K->3424K(519680K)] 845695K->333415K(1043968K), 0.0230067 secs] [Times: user=0.03 sys=0.03, real=0.02 secs] 
2021-05-18T20:33:49.667+0800: 385381.347: [GC (Allocation Failure) [PSYoungGen: 518496K->2528K(519680K)] 848487K->334671K(1043968K), 0.0713748 secs] [Times: user=0.06 sys=0.00, real=0.07 secs] 
2021-05-18T20:37:49.567+0800: 385621.247: [GC (Allocation Failure) [PSYoungGen: 517600K->2496K(519680K)] 849743K->335967K(1043968K), 0.0187225 secs] [Times: user=0.05 sys=0.00, real=0.02 secs] 
2021-05-18T20:41:50.366+0800: 385862.046: [GC (Allocation Failure) [PSYoungGen: 517568K->2240K(519680K)] 851039K->336967K(1043968K), 0.0316923 secs] [Times: user=0.08 sys=0.01, real=0.03 secs] 
2021-05-18T20:45:50.813+0800: 386102.492: [GC (Allocation Failure) [PSYoungGen: 517312K->2208K(519680K)] 852039K->337959K(1043968K), 0.0170829 secs] [Times: user=0.05 sys=0.00, real=0.01 secs] 
2021-05-18T20:49:49.798+0800: 386341.477: [GC (Allocation Failure) [PSYoungGen: 517280K->2272K(519680K)] 853031K->339039K(1043968K), 0.0548870 secs] [Times: user=0.05 sys=0.00, real=0.06 secs] 
2021-05-18T20:53:47.114+0800: 386578.794: [GC (Allocation Failure) [PSYoungGen: 517344K->2208K(520192K)] 854111K->340023K(1044480K), 0.0164271 secs] [Times: user=0.03 sys=0.03, real=0.01 secs] 
2021-05-18T20:57:46.993+0800: 386818.673: [GC (Allocation Failure) [PSYoungGen: 517792K->2528K(519680K)] 855607K->341391K(1043968K), 0.0176143 secs] [Times: user=0.06 sys=0.00, real=0.01 secs] 
2021-05-18T21:01:47.297+0800: 387058.977: [GC (Allocation Failure) [PSYoungGen: 518112K->2240K(520192K)] 856975K->342343K(1044480K), 0.0185326 secs] [Times: user=0.02 sys=0.03, real=0.02 secs] 
2021-05-18T21:05:46.446+0800: 387298.126: [GC (Allocation Failure) [PSYoungGen: 518336K->2208K(520192K)] 858439K->343351K(1044480K), 0.0157751 secs] [Times: user=0.05 sys=0.00, real=0.02 secs] 
2021-05-18T21:09:43.748+0800: 387535.427: [GC (Allocation Failure) [PSYoungGen: 518304K->1984K(520192K)] 859447K->344119K(1044480K), 0.0179432 secs] [Times: user=0.03 sys=0.02, real=0.02 secs] 
2021-05-18T21:13:46.241+0800: 387777.921: [GC (Allocation Failure) [PSYoungGen: 518080K->1696K(520192K)] 860215K->344455K(1044480K), 0.0153394 secs] [Times: user=0.04 sys=0.00, real=0.02 secs] 
2021-05-18T21:17:49.400+0800: 388021.079: [GC (Allocation Failure) [PSYoungGen: 517792K->2272K(520192K)] 860551K->345551K(1044480K), 0.0157650 secs] [Times: user=0.05 sys=0.00, real=0.02 secs] 
2021-05-18T21:21:49.980+0800: 388261.660: [GC (Allocation Failure) [PSYoungGen: 518368K->2304K(520192K)] 861647K->346687K(1044480K), 0.0226576 secs] [Times: user=0.06 sys=0.00, real=0.03 secs] 
2021-05-18T21:25:50.460+0800: 388502.140: [GC (Allocation Failure) [PSYoungGen: 518400K->2240K(520704K)] 862783K->347734K(1044992K), 0.0224291 secs] [Times: user=0.05 sys=0.00, real=0.03 secs] 
2021-05-18T21:29:55.445+0800: 388747.125: [GC (Allocation Failure) [PSYoungGen: 519360K->2208K(520704K)] 864854K->348734K(1044992K), 0.0249673 secs] [Times: user=0.02 sys=0.03, real=0.02 secs] 
2021-05-18T21:33:58.451+0800: 388990.131: [GC (Allocation Failure) [PSYoungGen: 519328K->2624K(520704K)] 865854K->350198K(1044992K), 0.0170048 secs] [Times: user=0.05 sys=0.00, real=0.02 secs] 
2021-05-18T21:38:00.488+0800: 389232.168: [GC (Allocation Failure) [PSYoungGen: 519744K->3168K(520704K)] 867318K->352254K(1044992K), 0.0221851 secs] [Times: user=0.05 sys=0.00, real=0.02 secs] 
2021-05-18T21:42:02.017+0800: 389473.696: [GC (Allocation Failure) [PSYoungGen: 520288K->2784K(520704K)] 869374K->353606K(1044992K), 0.0163518 secs] [Times: user=0.05 sys=0.00, real=0.02 secs] 
2021-05-18T21:46:03.553+0800: 389715.233: [GC (Allocation Failure) [PSYoungGen: 519904K->2560K(520704K)] 870726K->355086K(1044992K), 0.0164074 secs] [Times: user=0.05 sys=0.00, real=0.01 secs] 
2021-05-18T21:50:07.533+0800: 389959.213: [GC (Allocation Failure) [PSYoungGen: 519680K->2656K(520704K)] 872206K->356606K(1044992K), 0.0219009 secs] [Times: user=0.03 sys=0.03, real=0.02 secs] 
2021-05-18T21:54:10.824+0800: 390202.504: [GC (Allocation Failure) [PSYoungGen: 519776K->2592K(520704K)] 873726K->358054K(1044992K), 0.0180835 secs] [Times: user=0.06 sys=0.00, real=0.02 secs] 
2021-05-18T21:58:12.675+0800: 390444.355: [GC (Allocation Failure) [PSYoungGen: 519712K->3552K(518656K)] 875174K->360422K(1042944K), 0.0177740 secs] [Times: user=0.05 sys=0.00, real=0.02 secs] 
2021-05-18T22:02:13.515+0800: 390685.194: [GC (Allocation Failure) [PSYoungGen: 518624K->4608K(519680K)] 875494K->366563K(1043968K), 0.0253479 secs] [Times: user=0.06 sys=0.01, real=0.02 secs] 
2021-05-18T22:06:13.846+0800: 390925.526: [GC (Allocation Failure) [PSYoungGen: 519680K->2752K(515584K)] 881635K->368942K(1039872K), 0.0184644 secs] [Times: user=0.05 sys=0.00, real=0.02 secs] 
2021-05-18T22:10:14.057+0800: 391165.736: [GC (Allocation Failure) [PSYoungGen: 513728K->2368K(517632K)] 879918K->369926K(1041920K), 0.0162732 secs] [Times: user=0.05 sys=0.00, real=0.02 secs] 
2021-05-18T22:14:09.561+0800: 391401.240: [GC (Allocation Failure) [PSYoungGen: 513344K->2592K(518144K)] 880902K->371190K(1042432K), 0.0175968 secs] [Times: user=0.05 sys=0.00, real=0.02 secs] 
2021-05-18T22:18:09.905+0800: 391641.585: [GC (Allocation Failure) [PSYoungGen: 514080K->2976K(517632K)] 882678K->372998K(1041920K), 0.0219382 secs] [Times: user=0.05 sys=0.00, real=0.02 secs] 
2021-05-18T22:22:10.243+0800: 391881.922: [GC (Allocation Failure) [PSYoungGen: 514464K->2592K(518144K)] 884486K->374166K(1042432K), 0.0212506 secs] [Times: user=0.06 sys=0.00, real=0.02 secs] 
2021-05-18T22:26:05.861+0800: 392117.541: [GC (Allocation Failure) [PSYoungGen: 514592K->2560K(518144K)] 886166K->375630K(1042432K), 0.0189817 secs] [Times: user=0.05 sys=0.00, real=0.02 secs] 
2021-05-18T22:30:05.932+0800: 392357.612: [GC (Allocation Failure) [PSYoungGen: 514560K->5600K(515584K)] 887630K->380166K(1039872K), 0.0190978 secs] [Times: user=0.06 sys=0.00, real=0.02 secs] 
2021-05-18T22:34:06.220+0800: 392597.900: [GC (Allocation Failure) [PSYoungGen: 515552K->4000K(517120K)] 890118K->383473K(1041408K), 0.0186590 secs] [Times: user=0.03 sys=0.03, real=0.02 secs] 
2021-05-18T22:38:01.738+0800: 392833.417: [GC (Allocation Failure) [PSYoungGen: 513952K->3360K(517632K)] 893425K->385551K(1041920K), 0.0185857 secs] [Times: user=0.05 sys=0.00, real=0.02 secs] 
2021-05-18T22:41:58.893+0800: 393070.572: [GC (Allocation Failure) [PSYoungGen: 514336K->5856K(517120K)] 896527K->389974K(1041408K), 0.0174747 secs] [Times: user=0.05 sys=0.00, real=0.01 secs] 
2021-05-18T22:45:59.698+0800: 393311.378: [GC (Allocation Failure) [PSYoungGen: 516832K->2336K(517120K)] 900950K->391553K(1041408K), 0.0189110 secs] [Times: user=0.06 sys=0.00, real=0.02 secs] 
2021-05-18T22:49:57.689+0800: 393549.368: [GC (Allocation Failure) [PSYoungGen: 512288K->2848K(517120K)] 901505K->393289K(1041408K), 0.0217128 secs] [Times: user=0.06 sys=0.00, real=0.02 secs] 
2021-05-18T22:53:58.156+0800: 393789.835: [GC (Allocation Failure) [PSYoungGen: 512800K->2400K(517632K)] 903241K->394577K(1041920K), 0.0161439 secs] [Times: user=0.05 sys=0.00, real=0.02 secs] 
2021-05-18T22:57:58.460+0800: 394030.140: [GC (Allocation Failure) [PSYoungGen: 512864K->2368K(517120K)] 905041K->395801K(1041408K), 0.0219944 secs] [Times: user=0.05 sys=0.00, real=0.03 secs] 
2021-05-18T23:01:58.696+0800: 394270.376: [GC (Allocation Failure) [PSYoungGen: 512832K->2272K(517632K)] 906265K->396937K(1041920K), 0.0159590 secs] [Times: user=0.05 sys=0.00, real=0.02 secs] 
2021-05-18T23:05:54.150+0800: 394505.830: [GC (Allocation Failure) [PSYoungGen: 513248K->2560K(517632K)] 907913K->398281K(1041920K), 0.0232357 secs] [Times: user=0.07 sys=0.00, real=0.03 secs] 
2021-05-18T23:09:51.179+0800: 394742.859: [GC (Allocation Failure) [PSYoungGen: 513536K->2400K(518144K)] 909257K->399568K(1042432K), 0.0197523 secs] [Times: user=0.05 sys=0.00, real=0.02 secs] 
2021-05-18T23:13:49.710+0800: 394981.389: [GC (Allocation Failure) [PSYoungGen: 514400K->6112K(518144K)] 911568K->404456K(1042432K), 0.0176463 secs] [Times: user=0.06 sys=0.00, real=0.02 secs] 
2021-05-18T23:17:50.004+0800: 395221.683: [GC (Allocation Failure) [PSYoungGen: 518112K->2944K(516096K)] 916456K->406857K(1040384K), 0.0189763 secs] [Times: user=0.06 sys=0.00, real=0.02 secs] 
2021-05-18T23:21:50.356+0800: 395462.036: [GC (Allocation Failure) [PSYoungGen: 512896K->2208K(517120K)] 916809K->407952K(1041408K), 0.0173732 secs] [Times: user=0.05 sys=0.00, real=0.02 secs] 
2021-05-18T23:25:50.650+0800: 395702.330: [GC (Allocation Failure) [PSYoungGen: 512160K->2464K(517632K)] 917904K->409248K(1041920K), 0.0170869 secs] [Times: user=0.02 sys=0.03, real=0.02 secs] 
2021-05-18T23:29:46.545+0800: 395938.225: [GC (Allocation Failure) [PSYoungGen: 512928K->2368K(517120K)] 919712K->410384K(1041408K), 0.0202780 secs] [Times: user=0.05 sys=0.00, real=0.02 secs] 
2021-05-18T23:33:46.380+0800: 396178.059: [GC (Allocation Failure) [PSYoungGen: 512832K->2784K(518144K)] 920848K->412063K(1042432K), 0.0181417 secs] [Times: user=0.05 sys=0.00, real=0.02 secs] 
2021-05-18T23:37:46.108+0800: 396417.788: [GC (Allocation Failure) [PSYoungGen: 514272K->3584K(517632K)] 923551K->414423K(1041920K), 0.0208626 secs] [Times: user=0.06 sys=0.00, real=0.02 secs] 
2021-05-18T23:41:43.952+0800: 396655.632: [GC (Allocation Failure) [PSYoungGen: 515072K->2368K(518144K)] 925911K->415654K(1042432K), 0.0203653 secs] [Times: user=0.05 sys=0.00, real=0.03 secs] 
2021-05-18T23:45:41.518+0800: 396893.197: [GC (Allocation Failure) [PSYoungGen: 514368K->2112K(518144K)] 927654K->416670K(1042432K), 0.0196194 secs] [Times: user=0.06 sys=0.00, real=0.02 secs] 
2021-05-18T23:49:38.580+0800: 397130.259: [GC (Allocation Failure) [PSYoungGen: 514112K->2624K(518656K)] 928670K->418174K(1042944K), 0.0173487 secs] [Times: user=0.05 sys=0.00, real=0.02 secs] 
2021-05-18T23:53:39.777+0800: 397371.457: [GC (Allocation Failure) [PSYoungGen: 515136K->2208K(518144K)] 930686K->419262K(1042432K), 0.0193602 secs] [Times: user=0.03 sys=0.03, real=0.02 secs] 
2021-05-18T23:57:38.459+0800: 397610.138: [GC (Allocation Failure) [PSYoungGen: 514720K->2624K(518656K)] 931774K->420758K(1042944K), 0.0204886 secs] [Times: user=0.06 sys=0.00, real=0.02 secs] 
2021-05-19T00:01:30.153+0800: 397841.833: [GC (Allocation Failure) [PSYoungGen: 515648K->2656K(518656K)] 933782K->422278K(1042944K), 0.0196520 secs] [Times: user=0.05 sys=0.00, real=0.02 secs] 
2021-05-19T00:05:29.037+0800: 398080.716: [GC (Allocation Failure) [PSYoungGen: 515680K->3040K(519168K)] 935302K->424150K(1043456K), 0.0189471 secs] [Times: user=0.06 sys=0.00, real=0.02 secs] 
2021-05-19T00:09:30.131+0800: 398321.811: [GC (Allocation Failure) [PSYoungGen: 517088K->2464K(519168K)] 938198K->425462K(1043456K), 0.0261936 secs] [Times: user=0.07 sys=0.00, real=0.03 secs] 
2021-05-19T00:13:30.223+0800: 398561.903: [GC (Allocation Failure) [PSYoungGen: 516512K->2496K(519680K)] 939510K->426598K(1043968K), 0.0155386 secs] [Times: user=0.05 sys=0.00, real=0.01 secs] 
2021-05-19T00:17:30.120+0800: 398801.799: [GC (Allocation Failure) [PSYoungGen: 517056K->3168K(519168K)] 941158K->428661K(1043456K), 0.0178014 secs] [Times: user=0.05 sys=0.00, real=0.02 secs] 
2021-05-19T00:21:30.476+0800: 399042.156: [GC (Allocation Failure) [PSYoungGen: 517728K->2336K(519680K)] 943221K->429916K(1043968K), 0.0198734 secs] [Times: user=0.06 sys=0.00, real=0.02 secs] 
2021-05-19T00:25:26.896+0800: 399278.575: [GC (Allocation Failure) [PSYoungGen: 517408K->2816K(519680K)] 944988K->431628K(1043968K), 0.0276447 secs] [Times: user=0.05 sys=0.00, real=0.03 secs] 
2021-05-19T00:29:26.994+0800: 399518.673: [GC (Allocation Failure) [PSYoungGen: 517888K->2656K(519680K)] 946700K->433132K(1043968K), 0.0216440 secs] [Times: user=0.06 sys=0.00, real=0.02 secs] 
2021-05-19T00:33:27.044+0800: 399758.724: [GC (Allocation Failure) [PSYoungGen: 517728K->2656K(519680K)] 948204K->434364K(1043968K), 0.0228581 secs] [Times: user=0.06 sys=0.00, real=0.02 secs] 
2021-05-19T00:37:27.111+0800: 399998.791: [GC (Allocation Failure) [PSYoungGen: 517728K->2912K(520192K)] 949436K->436116K(1044480K), 0.0205350 secs] [Times: user=0.06 sys=0.00, real=0.02 secs] 
2021-05-19T00:41:26.983+0800: 400238.662: [GC (Allocation Failure) [PSYoungGen: 519008K->3168K(520192K)] 952212K->438125K(1044480K), 0.0186808 secs] [Times: user=0.05 sys=0.00, real=0.01 secs] 
2021-05-19T00:45:30.119+0800: 400481.799: [GC (Allocation Failure) [PSYoungGen: 519264K->2464K(520192K)] 954221K->439548K(1044480K), 0.0158557 secs] [Times: user=0.05 sys=0.00, real=0.02 secs] 
2021-05-19T00:49:31.809+0800: 400723.489: [GC (Allocation Failure) [PSYoungGen: 518560K->3200K(520192K)] 955644K->441516K(1044480K), 0.0164492 secs] [Times: user=0.05 sys=0.00, real=0.02 secs] 
2021-05-19T00:53:28.573+0800: 400960.252: [GC (Allocation Failure) [PSYoungGen: 519296K->2560K(520192K)] 957612K->443044K(1044480K), 0.0202784 secs] [Times: user=0.07 sys=0.00, real=0.02 secs] 
2021-05-19T00:57:28.498+0800: 401200.178: [GC (Allocation Failure) [PSYoungGen: 518656K->3104K(520192K)] 959140K->445052K(1044480K), 0.0185447 secs] [Times: user=0.06 sys=0.00, real=0.02 secs] 
2021-05-19T01:01:29.583+0800: 401441.263: [GC (Allocation Failure) [PSYoungGen: 519200K->3200K(520192K)] 961148K->447182K(1044480K), 0.0227250 secs] [Times: user=0.06 sys=0.00, real=0.02 secs] 
2021-05-19T01:05:29.084+0800: 401680.763: [GC (Allocation Failure) [PSYoungGen: 519296K->3328K(520192K)] 963278K->449237K(1044480K), 0.0174650 secs] [Times: user=0.06 sys=0.00, real=0.01 secs] 
2021-05-19T01:09:29.370+0800: 401921.050: [GC (Allocation Failure) [PSYoungGen: 519424K->2560K(520192K)] 965333K->450581K(1044480K), 0.0169978 secs] [Times: user=0.06 sys=0.00, real=0.02 secs] 
2021-05-19T01:13:27.777+0800: 402159.457: [GC (Allocation Failure) [PSYoungGen: 518656K->4096K(520192K)] 966677K->457312K(1044480K), 0.0181896 secs] [Times: user=0.06 sys=0.00, real=0.02 secs] 
2021-05-19T01:17:30.181+0800: 402401.861: [GC (Allocation Failure) [PSYoungGen: 520192K->3616K(516096K)] 973408K->460508K(1040384K), 0.0166156 secs] [Times: user=0.05 sys=0.00, real=0.02 secs] 
2021-05-19T01:21:29.076+0800: 402640.756: [GC (Allocation Failure) [PSYoungGen: 515616K->3648K(518144K)] 972508K->463114K(1042432K), 0.0183162 secs] [Times: user=0.03 sys=0.03, real=0.02 secs] 
2021-05-19T01:25:26.018+0800: 402877.697: [GC (Allocation Failure) [PSYoungGen: 515648K->2784K(518144K)] 975114K->464426K(1042432K), 0.0195673 secs] [Times: user=0.06 sys=0.00, real=0.02 secs] 
2021-05-19T01:29:26.044+0800: 403117.724: [GC (Allocation Failure) [PSYoungGen: 514784K->2624K(518144K)] 976426K->465961K(1042432K), 0.0200229 secs] [Times: user=0.05 sys=0.00, real=0.02 secs] 
2021-05-19T01:33:22.761+0800: 403354.440: [GC (Allocation Failure) [PSYoungGen: 514624K->3136K(518656K)] 977961K->467969K(1042944K), 0.0186346 secs] [Times: user=0.03 sys=0.03, real=0.02 secs] 
2021-05-19T01:37:22.303+0800: 403593.983: [GC (Allocation Failure) [PSYoungGen: 516160K->2816K(518656K)] 980993K->469688K(1042944K), 0.0173048 secs] [Times: user=0.03 sys=0.03, real=0.01 secs] 
2021-05-19T01:41:21.448+0800: 403833.128: [GC (Allocation Failure) [PSYoungGen: 515840K->3520K(518656K)] 982712K->471911K(1042944K), 0.0201781 secs] [Times: user=0.06 sys=0.00, real=0.02 secs] 
2021-05-19T01:45:17.912+0800: 404069.591: [GC (Allocation Failure) [PSYoungGen: 516544K->3296K(518656K)] 984935K->474133K(1042944K), 0.0216911 secs] [Times: user=0.03 sys=0.04, real=0.03 secs] 
2021-05-19T01:49:17.809+0800: 404309.489: [GC (Allocation Failure) [PSYoungGen: 516320K->2464K(519168K)] 987157K->475492K(1043456K), 0.0165431 secs] [Times: user=0.05 sys=0.00, real=0.02 secs] 
2021-05-19T01:53:17.913+0800: 404549.593: [GC (Allocation Failure) [PSYoungGen: 516512K->2464K(519168K)] 989540K->476787K(1043456K), 0.0226827 secs] [Times: user=0.03 sys=0.03, real=0.02 secs] 
2021-05-19T01:57:16.603+0800: 404788.283: [GC (Allocation Failure) [PSYoungGen: 516512K->5088K(518144K)] 990835K->480731K(1042432K), 0.0185698 secs] [Times: user=0.03 sys=0.02, real=0.01 secs] 
2021-05-19T02:01:14.537+0800: 405026.217: [GC (Allocation Failure) [PSYoungGen: 518112K->3584K(518656K)] 993755K->483503K(1042944K), 0.0207476 secs] [Times: user=0.07 sys=0.00, real=0.02 secs] 
2021-05-19T02:05:14.096+0800: 405265.776: [GC (Allocation Failure) [PSYoungGen: 516608K->4832K(517632K)] 996527K->487149K(1041920K), 0.0193982 secs] [Times: user=0.06 sys=0.00, real=0.02 secs] 
2021-05-19T02:09:13.630+0800: 405505.310: [GC (Allocation Failure) [PSYoungGen: 516832K->5184K(518144K)] 999149K->491099K(1042432K), 0.0225293 secs] [Times: user=0.07 sys=0.00, real=0.03 secs] 
2021-05-19T02:13:13.348+0800: 405745.027: [GC (Allocation Failure) [PSYoungGen: 517184K->2560K(518144K)] 1003099K->492311K(1042432K), 0.0262787 secs] [Times: user=0.06 sys=0.00, real=0.03 secs] 
2021-05-19T02:17:12.575+0800: 405984.255: [GC (Allocation Failure) [PSYoungGen: 514560K->2752K(518144K)] 1004311K->493926K(1042432K), 0.0172856 secs] [Times: user=0.05 sys=0.00, real=0.02 secs] 
2021-05-19T02:21:10.100+0800: 406221.780: [GC (Allocation Failure) [PSYoungGen: 514752K->2560K(518144K)] 1005926K->495349K(1042432K), 0.0305886 secs] [Times: user=0.03 sys=0.03, real=0.03 secs] 
2021-05-19T02:25:08.432+0800: 406460.111: [GC (Allocation Failure) [PSYoungGen: 514560K->3040K(518144K)] 1007349K->497045K(1042432K), 0.0167712 secs] [Times: user=0.02 sys=0.03, real=0.02 secs] 
2021-05-19T02:29:07.837+0800: 406699.517: [GC (Allocation Failure) [PSYoungGen: 515040K->3232K(518656K)] 1009045K->499109K(1042944K), 0.0162817 secs] [Times: user=0.03 sys=0.02, real=0.02 secs] 
2021-05-19T02:33:08.932+0800: 406940.612: [GC (Allocation Failure) [PSYoungGen: 515744K->2464K(518144K)] 1011621K->500469K(1042432K), 0.0176477 secs] [Times: user=0.03 sys=0.03, real=0.02 secs] 
2021-05-19T02:37:08.723+0800: 407180.403: [GC (Allocation Failure) [PSYoungGen: 514976K->3200K(518656K)] 1012981K->502501K(1042944K), 0.0364013 secs] [Times: user=0.02 sys=0.02, real=0.03 secs] 
2021-05-19T02:41:07.727+0800: 407419.407: [GC (Allocation Failure) [PSYoungGen: 516224K->3072K(518656K)] 1015525K->504381K(1042944K), 0.0189495 secs] [Times: user=0.03 sys=0.03, real=0.02 secs] 
2021-05-19T02:45:07.333+0800: 407659.013: [GC (Allocation Failure) [PSYoungGen: 516096K->3040K(519168K)] 1017405K->506269K(1043456K), 0.0181339 secs] [Times: user=0.03 sys=0.03, real=0.01 secs] 
2021-05-19T02:49:03.889+0800: 407895.568: [GC (Allocation Failure) [PSYoungGen: 517088K->2816K(519168K)] 1020317K->507941K(1043456K), 0.0184412 secs] [Times: user=0.02 sys=0.03, real=0.02 secs] 
2021-05-19T02:53:03.966+0800: 408135.645: [GC (Allocation Failure) [PSYoungGen: 516864K->3136K(519168K)] 1021989K->509749K(1043456K), 0.0196579 secs] [Times: user=0.06 sys=0.00, real=0.02 secs] 
2021-05-19T02:57:08.861+0800: 408380.541: [GC (Allocation Failure) [PSYoungGen: 517184K->2592K(519168K)] 1023797K->510956K(1043456K), 0.0373154 secs] [Times: user=0.03 sys=0.03, real=0.04 secs] 
2021-05-19T03:01:09.405+0800: 408621.085: [GC (Allocation Failure) [PSYoungGen: 516640K->3104K(519680K)] 1025004K->512980K(1043968K), 0.0174101 secs] [Times: user=0.02 sys=0.03, real=0.02 secs] 
2021-05-19T03:05:09.594+0800: 408861.273: [GC (Allocation Failure) [PSYoungGen: 518176K->2976K(519680K)] 1028052K->514540K(1043968K), 0.0195634 secs] [Times: user=0.03 sys=0.03, real=0.02 secs] 
2021-05-19T03:09:10.451+0800: 409102.131: [GC (Allocation Failure) [PSYoungGen: 518048K->2528K(519680K)] 1029612K->515972K(1043968K), 0.0175146 secs] [Times: user=0.02 sys=0.03, real=0.02 secs] 
2021-05-19T03:13:09.820+0800: 409341.500: [GC (Allocation Failure) [PSYoungGen: 517600K->3648K(519680K)] 1031044K->518268K(1043968K), 0.0167919 secs] [Times: user=0.03 sys=0.03, real=0.02 secs] 
2021-05-19T03:17:11.320+0800: 409583.000: [GC (Allocation Failure) [PSYoungGen: 518720K->3232K(519680K)] 1033340K->520505K(1043968K), 0.0246490 secs] [Times: user=0.03 sys=0.03, real=0.03 secs] 
2021-05-19T03:21:11.799+0800: 409823.479: [GC (Allocation Failure) [PSYoungGen: 518304K->2592K(519680K)] 1035577K->521952K(1043968K), 0.0263377 secs] [Times: user=0.03 sys=0.04, real=0.03 secs] 
2021-05-19T03:25:12.247+0800: 410063.927: [GC (Allocation Failure) [PSYoungGen: 517664K->2848K(519680K)] 1037024K->523680K(1043968K), 0.0206187 secs] [Times: user=0.03 sys=0.03, real=0.02 secs] 
2021-05-19T03:29:12.621+0800: 410304.301: [GC (Allocation Failure) [PSYoungGen: 517916K->2816K(519680K)] 1038749K->525368K(1043968K), 0.0158973 secs] [Times: user=0.05 sys=0.00, real=0.02 secs] 
2021-05-19T03:29:12.637+0800: 410304.317: [Full GC (Ergonomics) [PSYoungGen: 2816K->0K(519680K)] [ParOldGen: 522552K->227566K(524288K)] 525368K->227566K(1043968K), [Metaspace: 93795K->93795K(1136640K)], 0.4362715 secs] [Times: user=0.97 sys=0.00, real=0.44 secs] 
2021-05-19T03:33:14.464+0800: 410546.144: [GC (Allocation Failure) [PSYoungGen: 515072K->3200K(520192K)] 742638K->230766K(1044480K), 0.0275218 secs] [Times: user=0.04 sys=0.00, real=0.02 secs] 
2021-05-19T03:37:14.390+0800: 410786.070: [GC (Allocation Failure) [PSYoungGen: 518784K->2976K(519680K)] 746350K->232213K(1043968K), 0.0315883 secs] [Times: user=0.06 sys=0.00, real=0.03 secs] 
2021-05-19T03:41:17.267+0800: 411028.946: [GC (Allocation Failure) [PSYoungGen: 518560K->2528K(520192K)] 747797K->233557K(1044480K), 0.0166959 secs] [Times: user=0.03 sys=0.02, real=0.02 secs] 
2021-05-19T03:45:19.043+0800: 411270.722: [GC (Allocation Failure) [PSYoungGen: 518624K->2816K(520192K)] 749653K->235333K(1044480K), 0.0178036 secs] [Times: user=0.05 sys=0.00, real=0.01 secs] 
2021-05-19T03:49:19.558+0800: 411511.237: [GC (Allocation Failure) [PSYoungGen: 518912K->2848K(520192K)] 751429K->237061K(1044480K), 0.0252749 secs] [Times: user=0.02 sys=0.03, real=0.03 secs] 
2021-05-19T03:53:19.980+0800: 411751.659: [GC (Allocation Failure) [PSYoungGen: 518944K->2848K(520192K)] 753157K->238821K(1044480K), 0.0204697 secs] [Times: user=0.02 sys=0.02, real=0.02 secs] 
2021-05-19T03:57:19.858+0800: 411991.538: [GC (Allocation Failure) [PSYoungGen: 518944K->3008K(520192K)] 754917K->240748K(1044480K), 0.0174717 secs] [Times: user=0.03 sys=0.03, real=0.02 secs] 
2021-05-19T04:01:21.682+0800: 412233.361: [GC (Allocation Failure) [PSYoungGen: 519104K->2208K(520192K)] 756844K->241940K(1044480K), 0.0374801 secs] [Times: user=0.07 sys=0.00, real=0.04 secs] 
2021-05-19T04:05:22.140+0800: 412473.820: [GC (Allocation Failure) [PSYoungGen: 518304K->2656K(520192K)] 758036K->243428K(1044480K), 0.0208345 secs] [Times: user=0.05 sys=0.00, real=0.02 secs] 
2021-05-19T04:09:25.499+0800: 412717.178: [GC (Allocation Failure) [PSYoungGen: 518752K->2112K(520192K)] 759524K->244363K(1044480K), 0.0202286 secs] [Times: user=0.03 sys=0.04, real=0.02 secs] 
2021-05-19T04:13:27.680+0800: 412959.359: [GC (Allocation Failure) [PSYoungGen: 518208K->1856K(520192K)] 760459K->244827K(1044480K), 0.0159300 secs] [Times: user=0.05 sys=0.00, real=0.02 secs] 
2021-05-19T04:17:26.877+0800: 413198.557: [GC (Allocation Failure) [PSYoungGen: 517952K->2336K(520192K)] 760923K->246026K(1044480K), 0.0200976 secs] [Times: user=0.05 sys=0.00, real=0.02 secs] 
2021-05-19T04:21:27.720+0800: 413439.400: [GC (Allocation Failure) [PSYoungGen: 518432K->2144K(520192K)] 762122K->246970K(1044480K), 0.0143363 secs] [Times: user=0.05 sys=0.00, real=0.02 secs] 
2021-05-19T04:25:27.745+0800: 413679.424: [GC (Allocation Failure) [PSYoungGen: 518240K->3040K(520192K)] 763066K->248874K(1044480K), 0.0160749 secs] [Times: user=0.02 sys=0.02, real=0.01 secs] 
2021-05-19T04:29:28.928+0800: 413920.608: [GC (Allocation Failure) [PSYoungGen: 519136K->3136K(520192K)] 764970K->250714K(1044480K), 0.0192205 secs] [Times: user=0.02 sys=0.03, real=0.02 secs] 
2021-05-19T04:33:29.787+0800: 414161.466: [GC (Allocation Failure) [PSYoungGen: 519232K->2912K(520192K)] 766810K->252450K(1044480K), 0.0231014 secs] [Times: user=0.07 sys=0.00, real=0.02 secs] 
2021-05-19T04:37:30.210+0800: 414401.890: [GC (Allocation Failure) [PSYoungGen: 519008K->2560K(520192K)] 768546K->253850K(1044480K), 0.0191447 secs] [Times: user=0.03 sys=0.03, real=0.02 secs] 
2021-05-19T04:41:31.732+0800: 414643.411: [GC (Allocation Failure) [PSYoungGen: 518656K->2560K(520192K)] 769946K->255146K(1044480K), 0.0188166 secs] [Times: user=0.06 sys=0.00, real=0.02 secs] 
2021-05-19T04:45:30.833+0800: 414882.512: [GC (Allocation Failure) [PSYoungGen: 518656K->2816K(520192K)] 771242K->256618K(1044480K), 0.0169890 secs] [Times: user=0.06 sys=0.00, real=0.01 secs] 
2021-05-19T04:49:31.293+0800: 415122.973: [GC (Allocation Failure) [PSYoungGen: 518912K->2880K(520192K)] 772714K->258409K(1044480K), 0.0160134 secs] [Times: user=0.03 sys=0.02, real=0.01 secs] 
2021-05-19T04:53:31.767+0800: 415363.446: [GC (Allocation Failure) [PSYoungGen: 518976K->2208K(520704K)] 774505K->259482K(1044992K), 0.0190272 secs] [Times: user=0.03 sys=0.03, real=0.02 secs] 
2021-05-19T04:57:32.204+0800: 415603.884: [GC (Allocation Failure) [PSYoungGen: 519328K->2560K(520704K)] 776602K->260954K(1044992K), 0.0165221 secs] [Times: user=0.03 sys=0.02, real=0.01 secs] 
2021-05-19T05:01:35.448+0800: 415847.128: [GC (Allocation Failure) [PSYoungGen: 519680K->2432K(520704K)] 778074K->262330K(1044992K), 0.0174696 secs] [Times: user=0.05 sys=0.00, real=0.02 secs] 
2021-05-19T05:05:35.615+0800: 416087.294: [GC (Allocation Failure) [PSYoungGen: 519552K->2400K(520704K)] 779450K->263570K(1044992K), 0.0569045 secs] [Times: user=0.03 sys=0.02, real=0.05 secs] 
2021-05-19T05:09:47.438+0800: 416339.118: [GC (Allocation Failure) [PSYoungGen: 519520K->3584K(514560K)] 780690K->271902K(1038848K), 0.0205350 secs] [Times: user=0.03 sys=0.03, real=0.02 secs] 
2021-05-19T05:13:45.806+0800: 416577.486: [GC (Allocation Failure) [PSYoungGen: 514560K->3424K(517632K)] 782878K->275093K(1041920K), 0.0169508 secs] [Times: user=0.02 sys=0.03, real=0.02 secs] 
2021-05-19T05:17:36.119+0800: 416807.799: [GC (Allocation Failure) [PSYoungGen: 514400K->3008K(518144K)] 786069K->276860K(1042432K), 0.0185772 secs] [Times: user=0.05 sys=0.00, real=0.02 secs] 
2021-05-19T05:21:31.484+0800: 417043.164: [GC (Allocation Failure) [PSYoungGen: 515008K->2624K(518144K)] 788860K->278124K(1042432K), 0.0201148 secs] [Times: user=0.02 sys=0.03, real=0.02 secs] 
2021-05-19T05:25:26.816+0800: 417278.496: [GC (Allocation Failure) [PSYoungGen: 514624K->2464K(518144K)] 790124K->279571K(1042432K), 0.0358066 secs] [Times: user=0.02 sys=0.02, real=0.04 secs] 
2021-05-19T05:29:21.926+0800: 417513.606: [GC (Allocation Failure) [PSYoungGen: 514464K->2368K(518144K)] 791571K->280491K(1042432K), 0.0173877 secs] [Times: user=0.03 sys=0.03, real=0.02 secs] 
2021-05-19T05:33:20.510+0800: 417752.190: [GC (Allocation Failure) [PSYoungGen: 514368K->2144K(518656K)] 792491K->281419K(1042944K), 0.0179558 secs] [Times: user=0.03 sys=0.03, real=0.02 secs] 
2021-05-19T05:37:17.854+0800: 417989.534: [GC (Allocation Failure) [PSYoungGen: 515168K->2336K(518656K)] 794443K->282603K(1042944K), 0.0180822 secs] [Times: user=0.05 sys=0.00, real=0.02 secs] 
2021-05-19T05:41:13.174+0800: 418224.853: [GC (Allocation Failure) [PSYoungGen: 515360K->2560K(518656K)] 795627K->284019K(1042944K), 0.0164463 secs] [Times: user=0.05 sys=0.00, real=0.01 secs] 
2021-05-19T05:45:10.242+0800: 418461.922: [GC (Allocation Failure) [PSYoungGen: 515584K->2752K(518656K)] 797043K->285571K(1042944K), 0.0179965 secs] [Times: user=0.05 sys=0.00, real=0.01 secs] 
2021-05-19T05:49:08.846+0800: 418700.526: [GC (Allocation Failure) [PSYoungGen: 515776K->2496K(519168K)] 798595K->286875K(1043456K), 0.0168150 secs] [Times: user=0.05 sys=0.00, real=0.02 secs] 
2021-05-19T05:53:07.040+0800: 418938.720: [GC (Allocation Failure) [PSYoungGen: 516544K->2848K(519168K)] 800923K->288691K(1043456K), 0.0244289 secs] [Times: user=0.05 sys=0.00, real=0.03 secs] 
2021-05-19T05:57:04.548+0800: 419176.227: [GC (Allocation Failure) [PSYoungGen: 516896K->3232K(519680K)] 802739K->290931K(1043968K), 0.0194345 secs] [Times: user=0.05 sys=0.00, real=0.02 secs] 
2021-05-19T06:01:02.131+0800: 419413.810: [GC (Allocation Failure) [PSYoungGen: 517792K->2272K(519168K)] 805491K->292178K(1043456K), 0.0197612 secs] [Times: user=0.04 sys=0.00, real=0.02 secs] 
2021-05-19T06:05:01.602+0800: 419653.281: [GC (Allocation Failure) [PSYoungGen: 516832K->2944K(519680K)] 806738K->293978K(1043968K), 0.0225726 secs] [Times: user=0.02 sys=0.03, real=0.03 secs] 
2021-05-19T06:08:59.255+0800: 419890.934: [GC (Allocation Failure) [PSYoungGen: 518016K->2720K(519680K)] 809050K->295314K(1043968K), 0.0180163 secs] [Times: user=0.02 sys=0.02, real=0.02 secs] 
2021-05-19T06:12:55.965+0800: 420127.644: [GC (Allocation Failure) [PSYoungGen: 517792K->2304K(519680K)] 810386K->296218K(1043968K), 0.0170546 secs] [Times: user=0.01 sys=0.02, real=0.01 secs] 
2021-05-19T06:16:52.339+0800: 420364.019: [GC (Allocation Failure) [PSYoungGen: 517376K->2752K(519680K)] 811290K->297722K(1043968K), 0.0468301 secs] [Times: user=0.09 sys=0.00, real=0.05 secs] 
2021-05-19T06:20:52.080+0800: 420603.760: [GC (Allocation Failure) [PSYoungGen: 517824K->3104K(520192K)] 812794K->299658K(1044480K), 0.0161563 secs] [Times: user=0.04 sys=0.00, real=0.02 secs] 
2021-05-19T06:24:50.511+0800: 420842.190: [GC (Allocation Failure) [PSYoungGen: 519200K->2720K(520192K)] 815754K->300834K(1044480K), 0.0147602 secs] [Times: user=0.05 sys=0.00, real=0.02 secs] 
2021-05-19T06:28:46.303+0800: 421077.982: [GC (Allocation Failure) [PSYoungGen: 518816K->2656K(520192K)] 816930K->302362K(1044480K), 0.0165840 secs] [Times: user=0.03 sys=0.03, real=0.01 secs] 
2021-05-19T06:32:41.542+0800: 421313.222: [GC (Allocation Failure) [PSYoungGen: 518752K->4096K(520192K)] 818458K->308695K(1044480K), 0.0187924 secs] [Times: user=0.05 sys=0.00, real=0.02 secs] 
2021-05-19T06:36:38.029+0800: 421549.708: [GC (Allocation Failure) [PSYoungGen: 520192K->3296K(516096K)] 824791K->311555K(1040384K), 0.0159482 secs] [Times: user=0.03 sys=0.02, real=0.02 secs] 
2021-05-19T06:40:33.327+0800: 421785.006: [GC (Allocation Failure) [PSYoungGen: 515296K->2208K(518144K)] 823555K->312602K(1042432K), 0.0170241 secs] [Times: user=0.05 sys=0.00, real=0.02 secs] 
2021-05-19T06:44:33.671+0800: 422025.351: [GC (Allocation Failure) [PSYoungGen: 514208K->2368K(518144K)] 824602K->313874K(1042432K), 0.0160806 secs] [Times: user=0.02 sys=0.02, real=0.02 secs] 
2021-05-19T06:48:31.230+0800: 422262.909: [GC (Allocation Failure) [PSYoungGen: 514368K->2464K(518144K)] 825874K->315130K(1042432K), 0.0248771 secs] [Times: user=0.02 sys=0.02, real=0.03 secs] 
2021-05-19T06:52:32.931+0800: 422504.611: [GC (Allocation Failure) [PSYoungGen: 514464K->2080K(518656K)] 827130K->316090K(1042944K), 0.0165889 secs] [Times: user=0.05 sys=0.00, real=0.02 secs] 
2021-05-19T06:56:29.674+0800: 422741.353: [GC (Allocation Failure) [PSYoungGen: 515104K->2272K(518656K)] 829114K->317154K(1042944K), 0.0179489 secs] [Times: user=0.04 sys=0.00, real=0.01 secs] 
2021-05-19T07:00:25.031+0800: 422976.710: [GC (Allocation Failure) [PSYoungGen: 515296K->3264K(518656K)] 830178K->319330K(1042944K), 0.0182392 secs] [Times: user=0.06 sys=0.00, real=0.02 secs] 
2021-05-19T07:04:20.333+0800: 423212.013: [GC (Allocation Failure) [PSYoungGen: 516288K->2944K(518656K)] 832354K->320837K(1042944K), 0.0189381 secs] [Times: user=0.05 sys=0.00, real=0.02 secs] 
2021-05-19T07:08:19.531+0800: 423451.211: [GC (Allocation Failure) [PSYoungGen: 515968K->3520K(519168K)] 833861K->323244K(1043456K), 0.0170206 secs] [Times: user=0.02 sys=0.03, real=0.02 secs] 
2021-05-19T07:12:16.101+0800: 423687.781: [GC (Allocation Failure) [PSYoungGen: 517568K->2880K(519168K)] 837292K->324891K(1043456K), 0.0172706 secs] [Times: user=0.04 sys=0.00, real=0.02 secs] 
2021-05-19T07:16:14.979+0800: 423926.658: [GC (Allocation Failure) [PSYoungGen: 516928K->3072K(519168K)] 838939K->326866K(1043456K), 0.0166577 secs] [Times: user=0.03 sys=0.02, real=0.02 secs] 
2021-05-19T07:20:11.694+0800: 424163.374: [GC (Allocation Failure) [PSYoungGen: 517120K->2816K(519168K)] 840914K->328681K(1043456K), 0.0192645 secs] [Times: user=0.06 sys=0.00, real=0.02 secs] 
2021-05-19T07:24:10.534+0800: 424402.214: [GC (Allocation Failure) [PSYoungGen: 516864K->2464K(519680K)] 842729K->330113K(1043968K), 0.0174039 secs] [Times: user=0.02 sys=0.03, real=0.01 secs] 
2021-05-19T07:28:07.405+0800: 424639.085: [GC (Allocation Failure) [PSYoungGen: 517536K->4608K(519680K)] 845185K->337070K(1043968K), 0.0225450 secs] [Times: user=0.03 sys=0.04, real=0.02 secs] 
2021-05-19T07:32:02.758+0800: 424874.438: [GC (Allocation Failure) [PSYoungGen: 519680K->4352K(514560K)] 852142K->340986K(1038848K), 0.0178039 secs] [Times: user=0.03 sys=0.03, real=0.02 secs] 
2021-05-19T07:35:58.919+0800: 425110.599: [GC (Allocation Failure) [PSYoungGen: 514304K->3232K(517120K)] 850938K->342999K(1041408K), 0.0186454 secs] [Times: user=0.03 sys=0.02, real=0.02 secs] 
2021-05-19T07:39:55.326+0800: 425347.006: [GC (Allocation Failure) [PSYoungGen: 513184K->2624K(517632K)] 852951K->344502K(1041920K), 0.0166721 secs] [Times: user=0.03 sys=0.03, real=0.02 secs] 
2021-05-19T07:43:52.359+0800: 425584.038: [GC (Allocation Failure) [PSYoungGen: 513600K->2880K(517632K)] 855478K->346286K(1041920K), 0.0156495 secs] [Times: user=0.02 sys=0.02, real=0.02 secs] 
2021-05-19T07:47:45.753+0800: 425817.433: [GC (Allocation Failure) [PSYoungGen: 513856K->2112K(518144K)] 857262K->347166K(1042432K), 0.0172811 secs] [Times: user=0.02 sys=0.03, real=0.01 secs] 
2021-05-19T07:51:43.177+0800: 426054.857: [GC (Allocation Failure) [PSYoungGen: 513600K->2432K(517632K)] 858654K->348606K(1041920K), 0.0165313 secs] [Times: user=0.06 sys=0.00, real=0.02 secs] 
2021-05-19T07:55:42.692+0800: 426294.371: [GC (Allocation Failure) [PSYoungGen: 513920K->2944K(518144K)] 860094K->350230K(1042432K), 0.0194732 secs] [Times: user=0.05 sys=0.00, real=0.02 secs] 
2021-05-19T07:59:38.632+0800: 426530.312: [GC (Allocation Failure) [PSYoungGen: 514944K->2688K(518144K)] 862230K->351847K(1042432K), 0.0163779 secs] [Times: user=0.05 sys=0.00, real=0.01 secs] 
2021-05-19T08:03:33.998+0800: 426765.678: [GC (Allocation Failure) [PSYoungGen: 514688K->4480K(517632K)] 863847K->355222K(1041920K), 0.0334014 secs] [Times: user=0.04 sys=0.03, real=0.03 secs] 
2021-05-19T08:07:30.575+0800: 427002.255: [GC (Allocation Failure) [PSYoungGen: 516480K->2784K(518144K)] 867222K->356371K(1042432K), 0.0186690 secs] [Times: user=0.03 sys=0.03, real=0.02 secs] 
2021-05-19T08:11:26.123+0800: 427237.802: [GC (Allocation Failure) [PSYoungGen: 514784K->1984K(518144K)] 868371K->357043K(1042432K), 0.0166762 secs] [Times: user=0.02 sys=0.02, real=0.01 secs] 
2021-05-19T08:15:24.806+0800: 427476.486: [GC (Allocation Failure) [PSYoungGen: 513984K->2592K(518144K)] 869043K->358572K(1042432K), 0.0147068 secs] [Times: user=0.03 sys=0.03, real=0.01 secs] 
2021-05-19T08:19:18.384+0800: 427710.064: [GC (Allocation Failure) [PSYoungGen: 514592K->5632K(514560K)] 870572K->364251K(1038848K), 0.0484328 secs] [Times: user=0.03 sys=0.03, real=0.05 secs] 
2021-05-19T08:23:12.134+0800: 427943.814: [GC (Allocation Failure) [PSYoungGen: 514560K->3552K(516608K)] 873179K->367422K(1040896K), 0.0195815 secs] [Times: user=0.03 sys=0.03, real=0.02 secs] 
2021-05-19T08:27:07.413+0800: 428179.093: [GC (Allocation Failure) [PSYoungGen: 512480K->2656K(517632K)] 876350K->369092K(1041920K), 0.0164663 secs] [Times: user=0.02 sys=0.02, real=0.01 secs] 
2021-05-19T08:31:02.673+0800: 428414.352: [GC (Allocation Failure) [PSYoungGen: 513120K->2688K(517120K)] 879556K->370676K(1041408K), 0.0176216 secs] [Times: user=0.02 sys=0.03, real=0.01 secs] 
2021-05-19T08:34:58.006+0800: 428649.686: [GC (Allocation Failure) [PSYoungGen: 513152K->2912K(517632K)] 881140K->372476K(1041920K), 0.0205774 secs] [Times: user=0.02 sys=0.03, real=0.02 secs] 
2021-05-19T08:38:51.258+0800: 428882.937: [GC (Allocation Failure) [PSYoungGen: 513888K->4736K(517632K)] 883452K->375668K(1041920K), 0.0160695 secs] [Times: user=0.05 sys=0.00, real=0.02 secs] 
2021-05-19T08:42:43.586+0800: 429115.266: [GC (Allocation Failure) [PSYoungGen: 515712K->5792K(516608K)] 886644K->380458K(1040896K), 0.0491732 secs] [Times: user=0.03 sys=0.03, real=0.05 secs] 
2021-05-19T08:46:38.876+0800: 429350.555: [GC (Allocation Failure) [PSYoungGen: 515744K->2880K(517120K)] 890410K->382284K(1041408K), 0.0168665 secs] [Times: user=0.03 sys=0.02, real=0.02 secs] 
2021-05-19T08:50:33.763+0800: 429585.443: [GC (Allocation Failure) [PSYoungGen: 512832K->3136K(517632K)] 892236K->384324K(1041920K), 0.0216348 secs] [Times: user=0.02 sys=0.03, real=0.02 secs] 
2021-05-19T08:54:29.290+0800: 429820.970: [GC (Allocation Failure) [PSYoungGen: 513600K->2336K(517120K)] 894788K->385619K(1041408K), 0.0164479 secs] [Times: user=0.03 sys=0.03, real=0.02 secs] 
2021-05-19T08:58:24.852+0800: 430056.532: [GC (Allocation Failure) [PSYoungGen: 512800K->3744K(517632K)] 896083K->388179K(1041920K), 0.0189895 secs] [Times: user=0.05 sys=0.00, real=0.01 secs] 
2021-05-19T09:02:20.186+0800: 430291.865: [GC (Allocation Failure) [PSYoungGen: 514720K->6304K(517632K)] 899155K->393235K(1041920K), 0.0193126 secs] [Times: user=0.02 sys=0.03, real=0.02 secs] 
2021-05-19T09:06:15.491+0800: 430527.171: [GC (Allocation Failure) [PSYoungGen: 517280K->3872K(516608K)] 904211K->396293K(1040896K), 0.0198623 secs] [Times: user=0.06 sys=0.00, real=0.02 secs] 
2021-05-19T09:10:10.803+0800: 430762.483: [GC (Allocation Failure) [PSYoungGen: 513824K->2624K(517120K)] 906245K->397804K(1041408K), 0.0168818 secs] [Times: user=0.05 sys=0.00, real=0.01 secs] 
2021-05-19T09:14:06.585+0800: 430998.265: [GC (Allocation Failure) [PSYoungGen: 512576K->2528K(517632K)] 907756K->399108K(1041920K), 0.0167763 secs] [Times: user=0.04 sys=0.00, real=0.02 secs] 
2021-05-19T09:18:01.488+0800: 431233.168: [GC (Allocation Failure) [PSYoungGen: 512992K->2336K(517120K)] 909572K->400212K(1041408K), 0.0199230 secs] [Times: user=0.03 sys=0.02, real=0.02 secs] 
2021-05-19T09:21:56.940+0800: 431468.620: [GC (Allocation Failure) [PSYoungGen: 512800K->3904K(517632K)] 910676K->402940K(1041920K), 0.0192833 secs] [Times: user=0.03 sys=0.03, real=0.02 secs] 
2021-05-19T09:25:52.383+0800: 431704.062: [GC (Allocation Failure) [PSYoungGen: 514880K->2720K(517632K)] 913916K->404554K(1041920K), 0.0179408 secs] [Times: user=0.03 sys=0.03, real=0.01 secs] 
2021-05-19T09:29:47.426+0800: 431939.105: [GC (Allocation Failure) [PSYoungGen: 513696K->3360K(518144K)] 915530K->406801K(1042432K), 0.0159748 secs] [Times: user=0.03 sys=0.02, real=0.01 secs] 
2021-05-19T09:33:41.765+0800: 432173.445: [GC (Allocation Failure) [PSYoungGen: 514848K->3072K(517632K)] 918289K->408824K(1041920K), 0.0165215 secs] [Times: user=0.05 sys=0.00, real=0.02 secs] 
2021-05-19T09:37:34.272+0800: 432405.952: [GC (Allocation Failure) [PSYoungGen: 514560K->6144K(514048K)] 920312K->415630K(1038336K), 0.0231392 secs] [Times: user=0.04 sys=0.03, real=0.02 secs] 
2021-05-19T09:41:25.492+0800: 432637.172: [GC (Allocation Failure) [PSYoungGen: 514048K->4512K(516096K)] 923534K->419784K(1040384K), 0.0180444 secs] [Times: user=0.06 sys=0.00, real=0.01 secs] 
2021-05-19T09:44:17.301+0800: 432808.980: [GC (Allocation Failure) [PSYoungGen: 512416K->2608K(516608K)] 927688K->421205K(1040896K), 0.0171920 secs] [Times: user=0.02 sys=0.03, real=0.02 secs] 
2021-05-19T09:47:09.659+0800: 432981.339: [GC (Allocation Failure) [PSYoungGen: 511024K->1952K(516096K)] 929621K->422135K(1040384K), 0.0175928 secs] [Times: user=0.03 sys=0.02, real=0.02 secs] 
2021-05-19T09:50:01.527+0800: 433153.207: [GC (Allocation Failure) [PSYoungGen: 510360K->1888K(516608K)] 930544K->422983K(1040896K), 0.0579772 secs] [Times: user=0.03 sys=0.02, real=0.06 secs] 
2021-05-19T09:52:55.145+0800: 433326.825: [GC (Allocation Failure) [PSYoungGen: 510816K->1856K(516608K)] 931911K->423871K(1040896K), 0.0170688 secs] [Times: user=0.03 sys=0.03, real=0.02 secs] 
2021-05-19T09:56:15.984+0800: 433527.664: [GC (Allocation Failure) [PSYoungGen: 510784K->2272K(517120K)] 932799K->425007K(1041408K), 0.0161220 secs] [Times: user=0.02 sys=0.03, real=0.01 secs] 
2021-05-19T10:00:10.713+0800: 433762.393: [GC (Allocation Failure) [PSYoungGen: 511712K->2304K(516608K)] 934447K->426135K(1040896K), 0.0199008 secs] [Times: user=0.02 sys=0.03, real=0.02 secs] 
2021-05-19T10:04:06.022+0800: 433997.702: [GC (Allocation Failure) [PSYoungGen: 511744K->2496K(517120K)] 935575K->427455K(1041408K), 0.0219340 secs] [Times: user=0.03 sys=0.03, real=0.02 secs] 
2021-05-19T10:08:01.301+0800: 434232.981: [GC (Allocation Failure) [PSYoungGen: 512448K->2240K(517120K)] 937407K->428543K(1041408K), 0.0203269 secs] [Times: user=0.05 sys=0.00, real=0.02 secs] 
2021-05-19T10:11:55.011+0800: 434466.691: [GC (Allocation Failure) [PSYoungGen: 512192K->6624K(514560K)] 938495K->434063K(1038848K), 0.0175895 secs] [Times: user=0.03 sys=0.03, real=0.02 secs] 
2021-05-19T10:15:46.969+0800: 434698.648: [GC (Allocation Failure) [PSYoungGen: 514528K->3168K(516096K)] 941967K->436297K(1040384K), 0.0209400 secs] [Times: user=0.03 sys=0.03, real=0.02 secs] 
2021-05-19T10:19:42.290+0800: 434933.969: [GC (Allocation Failure) [PSYoungGen: 511072K->3040K(517120K)] 944201K->438216K(1041408K), 0.0210777 secs] [Times: user=0.03 sys=0.03, real=0.02 secs] 
2021-05-19T10:23:36.326+0800: 435168.005: [GC (Allocation Failure) [PSYoungGen: 512480K->2336K(516608K)] 947656K->439040K(1040896K), 0.0215135 secs] [Times: user=0.02 sys=0.03, real=0.02 secs] 
2021-05-19T10:27:28.012+0800: 435399.691: [GC (Allocation Failure) [PSYoungGen: 511776K->2400K(517120K)] 948480K->440216K(1041408K), 0.0192534 secs] [Times: user=0.03 sys=0.02, real=0.02 secs] 
2021-05-19T10:31:23.350+0800: 435635.030: [GC (Allocation Failure) [PSYoungGen: 512352K->3616K(517120K)] 950168K->442752K(1041408K), 0.0238299 secs] [Times: user=0.02 sys=0.03, real=0.03 secs] 
2021-05-19T10:35:17.105+0800: 435868.785: [GC (Allocation Failure) [PSYoungGen: 513568K->3808K(517632K)] 952704K->445502K(1041920K), 0.0199100 secs] [Times: user=0.03 sys=0.04, real=0.02 secs] 
2021-05-19T10:39:11.084+0800: 436102.763: [GC (Allocation Failure) [PSYoungGen: 514784K->3456K(517632K)] 956478K->447694K(1041920K), 0.0171576 secs] [Times: user=0.03 sys=0.02, real=0.01 secs] 
2021-05-19T10:43:09.355+0800: 436341.034: [GC (Allocation Failure) [PSYoungGen: 514432K->2688K(518144K)] 958670K->449189K(1042432K), 0.0162820 secs] [Times: user=0.06 sys=0.00, real=0.01 secs] 
2021-05-19T10:47:02.292+0800: 436573.971: [GC (Allocation Failure) [PSYoungGen: 514176K->2496K(517632K)] 960677K->450637K(1041920K), 0.0192569 secs] [Times: user=0.06 sys=0.00, real=0.02 secs] 
2021-05-19T10:50:58.084+0800: 436809.764: [GC (Allocation Failure) [PSYoungGen: 513984K->2496K(518144K)] 962125K->451749K(1042432K), 0.0157098 secs] [Times: user=0.03 sys=0.03, real=0.01 secs] 
2021-05-19T10:54:53.221+0800: 437044.901: [GC (Allocation Failure) [PSYoungGen: 514496K->2432K(518144K)] 963749K->453069K(1042432K), 0.0222355 secs] [Times: user=0.04 sys=0.04, real=0.03 secs] 
2021-05-19T10:58:46.073+0800: 437277.753: [GC (Allocation Failure) [PSYoungGen: 514432K->4704K(517632K)] 965069K->456533K(1041920K), 0.0191783 secs] [Times: user=0.06 sys=0.00, real=0.02 secs] 
2021-05-19T11:02:41.104+0800: 437512.784: [GC (Allocation Failure) [PSYoungGen: 516704K->2944K(518144K)] 968533K->458522K(1042432K), 0.0177257 secs] [Times: user=0.03 sys=0.03, real=0.01 secs] 
2021-05-19T11:06:36.672+0800: 437748.352: [GC (Allocation Failure) [PSYoungGen: 514944K->3072K(518656K)] 970522K->460273K(1042944K), 0.0175109 secs] [Times: user=0.05 sys=0.00, real=0.01 secs] 
2021-05-19T11:10:32.429+0800: 437984.109: [GC (Allocation Failure) [PSYoungGen: 515584K->2176K(518144K)] 972785K->461201K(1042432K), 0.0156309 secs] [Times: user=0.03 sys=0.02, real=0.02 secs] 
2021-05-19T11:14:27.293+0800: 438218.972: [GC (Allocation Failure) [PSYoungGen: 514688K->2048K(518656K)] 973713K->462185K(1042944K), 0.0184161 secs] [Times: user=0.05 sys=0.00, real=0.01 secs] 
2021-05-19T11:18:22.725+0800: 438454.405: [GC (Allocation Failure) [PSYoungGen: 515072K->2912K(518656K)] 975209K->463921K(1042944K), 0.0161395 secs] [Times: user=0.03 sys=0.02, real=0.01 secs] 
2021-05-19T11:22:19.208+0800: 438690.888: [GC (Allocation Failure) [PSYoungGen: 515936K->2880K(519168K)] 976945K->465672K(1043456K), 0.0169304 secs] [Times: user=0.05 sys=0.00, real=0.02 secs] 
2021-05-19T11:26:15.253+0800: 438926.933: [GC (Allocation Failure) [PSYoungGen: 516928K->2720K(519168K)] 979720K->467113K(1043456K), 0.0180009 secs] [Times: user=0.03 sys=0.03, real=0.01 secs] 
2021-05-19T11:30:13.665+0800: 439165.345: [GC (Allocation Failure) [PSYoungGen: 516768K->2304K(519168K)] 981161K->468273K(1043456K), 0.0252039 secs] [Times: user=0.06 sys=0.00, real=0.02 secs] 
2021-05-19T11:34:10.301+0800: 439401.981: [GC (Allocation Failure) [PSYoungGen: 516352K->2592K(519168K)] 982321K->469705K(1043456K), 0.0170688 secs] [Times: user=0.03 sys=0.03, real=0.02 secs] 
2021-05-19T11:38:09.347+0800: 439641.027: [GC (Allocation Failure) [PSYoungGen: 516640K->2560K(519680K)] 983753K->471129K(1043968K), 0.0164245 secs] [Times: user=0.03 sys=0.03, real=0.02 secs] 
2021-05-19T11:42:08.648+0800: 439880.328: [GC (Allocation Failure) [PSYoungGen: 517632K->3104K(519680K)] 986201K->473073K(1043968K), 0.0224112 secs] [Times: user=0.03 sys=0.04, real=0.02 secs] 
2021-05-19T11:46:04.895+0800: 440116.575: [GC (Allocation Failure) [PSYoungGen: 518176K->2784K(519680K)] 988145K->474305K(1043968K), 0.0195006 secs] [Times: user=0.03 sys=0.03, real=0.02 secs] 
2021-05-19T11:50:04.440+0800: 440356.120: [GC (Allocation Failure) [PSYoungGen: 517856K->2784K(519680K)] 989377K->475657K(1043968K), 0.0186832 secs] [Times: user=0.06 sys=0.00, real=0.02 secs] 
2021-05-19T11:54:00.594+0800: 440592.273: [GC (Allocation Failure) [PSYoungGen: 517856K->3136K(520192K)] 990729K->477672K(1044480K), 0.0201347 secs] [Times: user=0.05 sys=0.00, real=0.02 secs] 
2021-05-19T11:58:00.473+0800: 440832.153: [GC (Allocation Failure) [PSYoungGen: 518720K->3136K(519680K)] 993256K->479288K(1043968K), 0.0514969 secs] [Times: user=0.04 sys=0.03, real=0.05 secs] 
2021-05-19T12:01:56.209+0800: 441067.889: [GC (Allocation Failure) [PSYoungGen: 518720K->4096K(515072K)] 994872K->486108K(1039360K), 0.0223876 secs] [Times: user=0.06 sys=0.00, real=0.02 secs] 
2021-05-19T12:05:51.517+0800: 441303.197: [GC (Allocation Failure) [PSYoungGen: 515072K->3712K(517632K)] 997084K->489368K(1041920K), 0.0193849 secs] [Times: user=0.06 sys=0.00, real=0.02 secs] 
2021-05-19T12:09:45.073+0800: 441536.752: [GC (Allocation Failure) [PSYoungGen: 514688K->2080K(517632K)] 1000344K->490335K(1041920K), 0.0179177 secs] [Times: user=0.05 sys=0.00, real=0.01 secs] 
2021-05-19T12:13:40.755+0800: 441772.435: [GC (Allocation Failure) [PSYoungGen: 513056K->1760K(517632K)] 1001311K->490903K(1041920K), 0.0165967 secs] [Times: user=0.04 sys=0.00, real=0.01 secs] 
2021-05-19T12:17:32.868+0800: 442004.548: [GC (Allocation Failure) [PSYoungGen: 512736K->2720K(518144K)] 1001879K->492471K(1042432K), 0.0159925 secs] [Times: user=0.05 sys=0.00, real=0.02 secs] 
2021-05-19T12:21:31.215+0800: 442242.895: [GC (Allocation Failure) [PSYoungGen: 514208K->2656K(517632K)] 1003959K->493983K(1041920K), 0.0175325 secs] [Times: user=0.02 sys=0.02, real=0.02 secs] 
2021-05-19T12:25:27.622+0800: 442479.302: [GC (Allocation Failure) [PSYoungGen: 514144K->2304K(518144K)] 1005471K->495191K(1042432K), 0.0179685 secs] [Times: user=0.03 sys=0.03, real=0.01 secs] 
2021-05-19T12:29:23.995+0800: 442715.674: [GC (Allocation Failure) [PSYoungGen: 514304K->2624K(518144K)] 1007191K->496735K(1042432K), 0.0233738 secs] [Times: user=0.06 sys=0.00, real=0.02 secs] 
2021-05-19T12:33:19.068+0800: 442950.747: [GC (Allocation Failure) [PSYoungGen: 514624K->2784K(518656K)] 1008735K->498255K(1042944K), 0.0183066 secs] [Times: user=0.03 sys=0.02, real=0.02 secs] 
2021-05-19T12:37:14.875+0800: 443186.555: [GC (Allocation Failure) [PSYoungGen: 515808K->2784K(518656K)] 1011279K->499631K(1042944K), 0.0209393 secs] [Times: user=0.03 sys=0.03, real=0.02 secs] 
2021-05-19T12:41:10.021+0800: 443421.701: [GC (Allocation Failure) [PSYoungGen: 515808K->2112K(519168K)] 1012655K->500367K(1043456K), 0.0221375 secs] [Times: user=0.03 sys=0.02, real=0.03 secs] 
2021-05-19T12:45:10.148+0800: 443661.828: [GC (Allocation Failure) [PSYoungGen: 515648K->2112K(518656K)] 1013903K->501239K(1042944K), 0.0197817 secs] [Times: user=0.06 sys=0.00, real=0.02 secs] 
2021-05-19T12:49:05.621+0800: 443897.301: [GC (Allocation Failure) [PSYoungGen: 515648K->2400K(519168K)] 1014775K->502415K(1043456K), 0.0203491 secs] [Times: user=0.03 sys=0.02, real=0.02 secs] 
2021-05-19T12:53:01.114+0800: 444132.794: [GC (Allocation Failure) [PSYoungGen: 516448K->2304K(519168K)] 1016463K->503511K(1043456K), 0.0165973 secs] [Times: user=0.03 sys=0.03, real=0.01 secs] 
2021-05-19T12:57:00.224+0800: 444371.904: [GC (Allocation Failure) [PSYoungGen: 516352K->2112K(519168K)] 1017559K->504503K(1043456K), 0.0191292 secs] [Times: user=0.02 sys=0.02, real=0.02 secs] 
2021-05-19T13:00:56.619+0800: 444608.299: [GC (Allocation Failure) [PSYoungGen: 516160K->2560K(519168K)] 1018551K->505914K(1043456K), 0.0210747 secs] [Times: user=0.02 sys=0.03, real=0.02 secs] 
2021-05-19T13:04:51.269+0800: 444842.949: [GC (Allocation Failure) [PSYoungGen: 516608K->2752K(519680K)] 1019962K->507434K(1043968K), 0.0179607 secs] [Times: user=0.05 sys=0.00, real=0.02 secs] 
2021-05-19T13:08:47.355+0800: 445079.035: [GC (Allocation Failure) [PSYoungGen: 517824K->2400K(519680K)] 1022506K->508490K(1043968K), 0.0183490 secs] [Times: user=0.02 sys=0.03, real=0.02 secs] 
2021-05-19T13:12:46.509+0800: 445318.189: [GC (Allocation Failure) [PSYoungGen: 517472K->2304K(519680K)] 1023562K->509410K(1043968K), 0.0168548 secs] [Times: user=0.03 sys=0.03, real=0.02 secs] 
2021-05-19T13:16:42.978+0800: 445554.657: [GC (Allocation Failure) [PSYoungGen: 517376K->3360K(519680K)] 1024482K->511338K(1043968K), 0.0176972 secs] [Times: user=0.03 sys=0.03, real=0.02 secs] 
2021-05-19T13:20:41.504+0800: 445793.183: [GC (Allocation Failure) [PSYoungGen: 518432K->2304K(519680K)] 1026410K->512577K(1043968K), 0.0132450 secs] [Times: user=0.03 sys=0.02, real=0.01 secs] 
2021-05-19T13:24:38.791+0800: 446030.471: [GC (Allocation Failure) [PSYoungGen: 517376K->2560K(519680K)] 1027649K->513713K(1043968K), 0.0179553 secs] [Times: user=0.03 sys=0.03, real=0.02 secs] 
2021-05-19T13:28:36.117+0800: 446267.796: [GC (Allocation Failure) [PSYoungGen: 517632K->2688K(520192K)] 1028785K->515041K(1044480K), 0.0163805 secs] [Times: user=0.05 sys=0.00, real=0.02 secs] 
2021-05-19T13:32:34.642+0800: 446506.321: [GC (Allocation Failure) [PSYoungGen: 518784K->3296K(520192K)] 1031137K->517193K(1044480K), 0.0190332 secs] [Times: user=0.06 sys=0.00, real=0.02 secs] 
2021-05-19T13:36:34.594+0800: 446746.274: [GC (Allocation Failure) [PSYoungGen: 519392K->2656K(520192K)] 1033289K->518384K(1044480K), 0.0191669 secs] [Times: user=0.06 sys=0.00, real=0.02 secs] 
2021-05-19T13:40:30.208+0800: 446981.887: [GC (Allocation Failure) [PSYoungGen: 518752K->2688K(520192K)] 1034480K->519840K(1044480K), 0.0180611 secs] [Times: user=0.02 sys=0.03, real=0.02 secs] 
2021-05-19T13:44:26.610+0800: 447218.289: [GC (Allocation Failure) [PSYoungGen: 518784K->2688K(520192K)] 1035936K->521432K(1044480K), 0.0235411 secs] [Times: user=0.05 sys=0.00, real=0.03 secs] 
2021-05-19T13:48:24.860+0800: 447456.539: [GC (Allocation Failure) [PSYoungGen: 518784K->2464K(520192K)] 1037528K->522792K(1044480K), 0.0202053 secs] [Times: user=0.03 sys=0.03, real=0.02 secs] 
2021-05-19T13:52:21.150+0800: 447692.829: [GC (Allocation Failure) [PSYoungGen: 518560K->2528K(520704K)] 1038888K->524184K(1044992K), 0.0200218 secs] [Times: user=0.06 sys=0.00, real=0.02 secs] 
2021-05-19T13:56:21.426+0800: 447933.105: [GC (Allocation Failure) [PSYoungGen: 519136K->2496K(520192K)] 1040792K->525576K(1044480K), 0.0192047 secs] [Times: user=0.03 sys=0.03, real=0.02 secs] 
2021-05-19T13:56:21.445+0800: 447933.125: [Full GC (Ergonomics) [PSYoungGen: 2496K->0K(520192K)] [ParOldGen: 523080K->245058K(524288K)] 525576K->245058K(1044480K), [Metaspace: 93932K->93932K(1136640K)], 0.4783478 secs] [Times: user=1.01 sys=0.00, real=0.48 secs] 
2021-05-19T14:00:17.351+0800: 448169.031: [GC (Allocation Failure) [PSYoungGen: 516608K->2336K(520704K)] 761666K->247394K(1044992K), 0.0172956 secs] [Times: user=0.05 sys=0.00, real=0.02 secs] 
2021-05-19T14:04:13.923+0800: 448405.602: [GC (Allocation Failure) [PSYoungGen: 519456K->2912K(520704K)] 764514K->249193K(1044992K), 0.0212779 secs] [Times: user=0.02 sys=0.02, real=0.02 secs] 
2021-05-19T14:08:12.439+0800: 448644.118: [GC (Allocation Failure) [PSYoungGen: 520032K->2400K(520704K)] 766313K->250289K(1044992K), 0.0159073 secs] [Times: user=0.02 sys=0.02, real=0.02 secs] 
2021-05-19T14:12:13.097+0800: 448884.777: [GC (Allocation Failure) [PSYoungGen: 519520K->1824K(520704K)] 767409K->250857K(1044992K), 0.0143060 secs] [Times: user=0.02 sys=0.02, real=0.01 secs] 
2021-05-19T14:16:11.970+0800: 449123.650: [GC (Allocation Failure) [PSYoungGen: 518944K->2496K(520704K)] 767977K->252161K(1044992K), 0.0144537 secs] [Times: user=0.02 sys=0.02, real=0.02 secs] 
2021-05-19T14:20:09.082+0800: 449360.761: [GC (Allocation Failure) [PSYoungGen: 519616K->2624K(520704K)] 769281K->253657K(1044992K), 0.0170376 secs] [Times: user=0.05 sys=0.00, real=0.02 secs] 
2021-05-19T14:24:08.888+0800: 449600.567: [GC (Allocation Failure) [PSYoungGen: 519744K->2720K(520704K)] 770777K->255321K(1044992K), 0.0154016 secs] [Times: user=0.02 sys=0.02, real=0.02 secs] 
2021-05-19T14:28:05.386+0800: 449837.066: [GC (Allocation Failure) [PSYoungGen: 519840K->2880K(520704K)] 772441K->257144K(1044992K), 0.0180062 secs] [Times: user=0.06 sys=0.00, real=0.02 secs] 
2021-05-19T14:32:04.744+0800: 450076.423: [GC (Allocation Failure) [PSYoungGen: 520000K->2848K(520704K)] 774264K->258704K(1044992K), 0.0202883 secs] [Times: user=0.02 sys=0.03, real=0.02 secs] 
2021-05-19T14:36:02.726+0800: 450314.406: [GC (Allocation Failure) [PSYoungGen: 519964K->3296K(520704K)] 775821K->260792K(1044992K), 0.0180979 secs] [Times: user=0.02 sys=0.03, real=0.02 secs] 
2021-05-19T14:40:00.740+0800: 450552.420: [GC (Allocation Failure) [PSYoungGen: 520416K->2688K(520704K)] 777912K->262080K(1044992K), 0.0189090 secs] [Times: user=0.02 sys=0.03, real=0.02 secs] 
2021-05-19T14:43:59.095+0800: 450790.775: [GC (Allocation Failure) [PSYoungGen: 519808K->2464K(520704K)] 779200K->263424K(1044992K), 0.0149256 secs] [Times: user=0.01 sys=0.02, real=0.01 secs] 
2021-05-19T14:47:56.110+0800: 451027.789: [GC (Allocation Failure) [PSYoungGen: 519584K->2464K(520704K)] 780544K->264800K(1044992K), 0.0170499 secs] [Times: user=0.06 sys=0.00, real=0.02 secs] 
2021-05-19T14:51:52.165+0800: 451263.844: [GC (Allocation Failure) [PSYoungGen: 519584K->3584K(520704K)] 781920K->270352K(1044992K), 0.0237339 secs] [Times: user=0.06 sys=0.00, real=0.02 secs] 
2021-05-19T14:55:51.775+0800: 451503.454: [GC (Allocation Failure) [PSYoungGen: 520704K->3584K(512512K)] 787472K->275674K(1036800K), 0.0157304 secs] [Times: user=0.02 sys=0.03, real=0.01 secs] 
2021-05-19T14:59:46.075+0800: 451737.754: [GC (Allocation Failure) [PSYoungGen: 512512K->2176K(516608K)] 784602K->277256K(1040896K), 0.0142493 secs] [Times: user=0.05 sys=0.00, real=0.01 secs] 
2021-05-19T15:03:42.504+0800: 451974.184: [GC (Allocation Failure) [PSYoungGen: 511104K->2496K(517120K)] 786184K->278680K(1041408K), 0.0215858 secs] [Times: user=0.05 sys=0.00, real=0.02 secs] 
2021-05-19T15:07:37.914+0800: 452209.593: [GC (Allocation Failure) [PSYoungGen: 512448K->2464K(517120K)] 788632K->280032K(1041408K), 0.0178250 secs] [Times: user=0.02 sys=0.03, real=0.01 secs] 
2021-05-19T15:11:34.884+0800: 452446.563: [GC (Allocation Failure) [PSYoungGen: 512416K->2272K(517632K)] 789984K->281056K(1041920K), 0.0149177 secs] [Times: user=0.02 sys=0.02, real=0.01 secs] 
2021-05-19T15:15:33.458+0800: 452685.137: [GC (Allocation Failure) [PSYoungGen: 512736K->2496K(517120K)] 791520K->282416K(1041408K), 0.0159058 secs] [Times: user=0.04 sys=0.00, real=0.02 secs] 
2021-05-19T15:19:28.759+0800: 452920.439: [GC (Allocation Failure) [PSYoungGen: 512960K->3072K(518144K)] 792880K->284344K(1042432K), 0.0198190 secs] [Times: user=0.05 sys=0.00, real=0.02 secs] 
2021-05-19T15:23:25.763+0800: 453157.442: [GC (Allocation Failure) [PSYoungGen: 514560K->2560K(517632K)] 795832K->285592K(1041920K), 0.0149949 secs] [Times: user=0.02 sys=0.02, real=0.01 secs] 
2021-05-19T15:27:22.879+0800: 453394.558: [GC (Allocation Failure) [PSYoungGen: 514048K->2880K(518144K)] 797080K->287327K(1042432K), 0.0197918 secs] [Times: user=0.05 sys=0.00, real=0.02 secs] 
2021-05-19T15:31:19.740+0800: 453631.419: [GC (Allocation Failure) [PSYoungGen: 514880K->3168K(518144K)] 799327K->289423K(1042432K), 0.0162477 secs] [Times: user=0.05 sys=0.00, real=0.02 secs] 
2021-05-19T15:35:14.419+0800: 453866.098: [GC (Allocation Failure) [PSYoungGen: 515168K->3360K(518656K)] 801423K->291679K(1042944K), 0.0186453 secs] [Times: user=0.05 sys=0.00, real=0.02 secs] 
2021-05-19T15:39:10.470+0800: 454102.150: [GC (Allocation Failure) [PSYoungGen: 516384K->3456K(518656K)] 804703K->294078K(1042944K), 0.0193778 secs] [Times: user=0.02 sys=0.03, real=0.02 secs] 
2021-05-19T15:43:08.711+0800: 454340.390: [GC (Allocation Failure) [PSYoungGen: 516480K->2272K(518656K)] 807102K->294925K(1042944K), 0.0156549 secs] [Times: user=0.05 sys=0.00, real=0.02 secs] 
2021-05-19T15:47:03.649+0800: 454575.329: [GC (Allocation Failure) [PSYoungGen: 515296K->2208K(518656K)] 807949K->295990K(1042944K), 0.0150524 secs] [Times: user=0.05 sys=0.00, real=0.02 secs] 
2021-05-19T15:50:59.557+0800: 454811.237: [GC (Allocation Failure) [PSYoungGen: 515232K->2304K(519168K)] 809014K->297174K(1043456K), 0.0165930 secs] [Times: user=0.03 sys=0.02, real=0.02 secs] 
2021-05-19T15:54:57.022+0800: 455048.701: [GC (Allocation Failure) [PSYoungGen: 516352K->2688K(519168K)] 811222K->298694K(1043456K), 0.0218951 secs] [Times: user=0.05 sys=0.00, real=0.03 secs] 
2021-05-19T15:58:52.364+0800: 455284.044: [GC (Allocation Failure) [PSYoungGen: 516736K->2912K(519168K)] 812742K->300510K(1043456K), 0.0213531 secs] [Times: user=0.05 sys=0.00, real=0.02 secs] 
2021-05-19T16:02:47.750+0800: 455519.429: [GC (Allocation Failure) [PSYoungGen: 516960K->2976K(519168K)] 814558K->302365K(1043456K), 0.0177625 secs] [Times: user=0.05 sys=0.00, real=0.02 secs] 
2021-05-19T16:06:43.882+0800: 455755.562: [GC (Allocation Failure) [PSYoungGen: 517024K->3264K(519680K)] 816413K->304500K(1043968K), 0.0212009 secs] [Times: user=0.02 sys=0.03, real=0.02 secs] 
2021-05-19T16:10:40.684+0800: 455992.364: [GC (Allocation Failure) [PSYoungGen: 518336K->2240K(519680K)] 819572K->305236K(1043968K), 0.0157955 secs] [Times: user=0.03 sys=0.02, real=0.01 secs] 
2021-05-19T16:14:39.219+0800: 456230.898: [GC (Allocation Failure) [PSYoungGen: 517312K->2496K(519680K)] 820308K->306612K(1043968K), 0.0147532 secs] [Times: user=0.02 sys=0.03, real=0.02 secs] 
2021-05-19T16:18:34.875+0800: 456466.555: [GC (Allocation Failure) [PSYoungGen: 517568K->2720K(519680K)] 821684K->308212K(1043968K), 0.0183687 secs] [Times: user=0.05 sys=0.00, real=0.02 secs] 
2021-05-19T16:22:30.292+0800: 456701.971: [GC (Allocation Failure) [PSYoungGen: 517792K->4608K(513536K)] 823284K->317556K(1037824K), 0.0195418 secs] [Times: user=0.06 sys=0.00, real=0.02 secs] 
2021-05-19T16:26:25.585+0800: 456937.265: [GC (Allocation Failure) [PSYoungGen: 513536K->2848K(516608K)] 826484K->320057K(1040896K), 0.0203883 secs] [Times: user=0.05 sys=0.00, real=0.02 secs] 
2021-05-19T16:30:20.898+0800: 457172.577: [GC (Allocation Failure) [PSYoungGen: 511776K->2912K(517120K)] 828985K->321992K(1041408K), 0.0178223 secs] [Times: user=0.03 sys=0.03, real=0.02 secs] 
2021-05-19T16:34:20.040+0800: 457411.719: [GC (Allocation Failure) [PSYoungGen: 512352K->2336K(516608K)] 831432K->323024K(1040896K), 0.0153034 secs] [Times: user=0.03 sys=0.02, real=0.02 secs] 
2021-05-19T16:38:16.499+0800: 457648.179: [GC (Allocation Failure) [PSYoungGen: 511776K->2976K(517632K)] 832464K->324832K(1041920K), 0.0174304 secs] [Times: user=0.05 sys=0.00, real=0.02 secs] 
2021-05-19T16:42:11.860+0800: 457883.540: [GC (Allocation Failure) [PSYoungGen: 513440K->5888K(516608K)] 835296K->329576K(1040896K), 0.0202105 secs] [Times: user=0.02 sys=0.03, real=0.02 secs] 
2021-05-19T16:46:07.029+0800: 458118.709: [GC (Allocation Failure) [PSYoungGen: 516352K->2656K(517120K)] 840040K->331515K(1041408K), 0.0169599 secs] [Times: user=0.03 sys=0.03, real=0.02 secs] 
2021-05-19T16:50:02.498+0800: 458354.178: [GC (Allocation Failure) [PSYoungGen: 512096K->2816K(516608K)] 840955K->333235K(1040896K), 0.0175558 secs] [Times: user=0.05 sys=0.00, real=0.02 secs] 
2021-05-19T16:53:53.772+0800: 458585.452: [GC (Allocation Failure) [PSYoungGen: 512256K->5952K(516096K)] 842675K->337963K(1040384K), 0.0537381 secs] [Times: user=0.07 sys=0.00, real=0.05 secs] 
2021-05-19T16:57:48.106+0800: 458819.786: [GC (Allocation Failure) [PSYoungGen: 514880K->3776K(516608K)] 846891K->340511K(1040896K), 0.0227275 secs] [Times: user=0.06 sys=0.00, real=0.02 secs] 
2021-05-19T17:01:43.573+0800: 459055.252: [GC (Allocation Failure) [PSYoungGen: 512704K->2848K(517120K)] 849439K->342420K(1041408K), 0.0155704 secs] [Times: user=0.02 sys=0.02, real=0.01 secs] 
2021-05-19T17:05:38.831+0800: 459290.511: [GC (Allocation Failure) [PSYoungGen: 512795K->2304K(517120K)] 852368K->343700K(1041408K), 0.0192728 secs] [Times: user=0.03 sys=0.03, real=0.02 secs] 
2021-05-19T17:09:34.156+0800: 459525.836: [GC (Allocation Failure) [PSYoungGen: 512256K->1888K(517120K)] 853652K->344404K(1041408K), 0.0159710 secs] [Times: user=0.01 sys=0.03, real=0.01 secs] 
2021-05-19T17:13:28.536+0800: 459760.216: [GC (Allocation Failure) [PSYoungGen: 511840K->1952K(517120K)] 854356K->345156K(1041408K), 0.0290237 secs] [Times: user=0.04 sys=0.00, real=0.03 secs] 
2021-05-19T17:17:23.984+0800: 459995.664: [GC (Allocation Failure) [PSYoungGen: 511904K->6656K(514560K)] 855108K->351044K(1038848K), 0.0299659 secs] [Times: user=0.07 sys=0.00, real=0.03 secs] 
2021-05-19T17:21:20.153+0800: 460231.833: [GC (Allocation Failure) [PSYoungGen: 514560K->2656K(516096K)] 858948K->353397K(1040384K), 0.0197007 secs] [Times: user=0.03 sys=0.04, real=0.02 secs] 
2021-05-19T17:25:15.499+0800: 460467.179: [GC (Allocation Failure) [PSYoungGen: 510560K->3584K(516608K)] 861301K->355949K(1040896K), 0.0211298 secs] [Times: user=0.02 sys=0.03, real=0.02 secs] 
2021-05-19T17:29:10.756+0800: 460702.436: [GC (Allocation Failure) [PSYoungGen: 512000K->2688K(516096K)] 864365K->356837K(1040384K), 0.0185674 secs] [Times: user=0.02 sys=0.02, real=0.02 secs] 
2021-05-19T17:33:06.071+0800: 460937.750: [GC (Allocation Failure) [PSYoungGen: 511104K->2336K(517120K)] 865253K->358068K(1041408K), 0.0271625 secs] [Times: user=0.06 sys=0.00, real=0.03 secs] 
2021-05-19T17:37:01.363+0800: 461173.042: [GC (Allocation Failure) [PSYoungGen: 512288K->3520K(517120K)] 868020K->360404K(1041408K), 0.0196786 secs] [Times: user=0.06 sys=0.00, real=0.02 secs] 
2021-05-19T17:40:56.814+0800: 461408.493: [GC (Allocation Failure) [PSYoungGen: 513472K->2592K(517632K)] 870356K->361819K(1041920K), 0.0218292 secs] [Times: user=0.03 sys=0.03, real=0.02 secs] 
2021-05-19T17:44:55.899+0800: 461647.578: [GC (Allocation Failure) [PSYoungGen: 513568K->3168K(517632K)] 872795K->363923K(1041920K), 0.0177333 secs] [Times: user=0.03 sys=0.02, real=0.02 secs] 
2021-05-19T17:48:52.347+0800: 461884.027: [GC (Allocation Failure) [PSYoungGen: 514144K->2432K(518144K)] 874899K->365036K(1042432K), 0.0186142 secs] [Times: user=0.05 sys=0.00, real=0.02 secs] 
2021-05-19T17:52:47.880+0800: 462119.560: [GC (Allocation Failure) [PSYoungGen: 513920K->2720K(517632K)] 876524K->366676K(1041920K), 0.0186185 secs] [Times: user=0.02 sys=0.03, real=0.02 secs] 
2021-05-19T17:56:44.210+0800: 462355.889: [GC (Allocation Failure) [PSYoungGen: 514208K->2976K(518656K)] 878164K->368539K(1042944K), 0.0161888 secs] [Times: user=0.06 sys=0.00, real=0.02 secs] 
2021-05-19T18:00:44.017+0800: 462595.697: [GC (Allocation Failure) [PSYoungGen: 515488K->2880K(518144K)] 881051K->370291K(1042432K), 0.0162504 secs] [Times: user=0.03 sys=0.03, real=0.02 secs] 
2021-05-19T18:04:35.211+0800: 462826.891: [GC (Allocation Failure) [PSYoungGen: 515392K->5632K(514560K)] 882803K->376833K(1038848K), 0.0209965 secs] [Times: user=0.07 sys=0.00, real=0.02 secs] 
2021-05-19T18:08:29.458+0800: 463061.138: [GC (Allocation Failure) [PSYoungGen: 514560K->2624K(516608K)] 885761K->379138K(1040896K), 0.0164446 secs] [Times: user=0.02 sys=0.03, real=0.02 secs] 
2021-05-19T18:12:22.765+0800: 463294.445: [GC (Allocation Failure) [PSYoungGen: 511552K->1984K(516608K)] 888066K->379849K(1040896K), 0.0138228 secs] [Times: user=0.01 sys=0.03, real=0.01 secs] 
2021-05-19T18:16:20.828+0800: 463532.507: [GC (Allocation Failure) [PSYoungGen: 510912K->2528K(516608K)] 888777K->381217K(1040896K), 0.0185404 secs] [Times: user=0.03 sys=0.02, real=0.02 secs] 
2021-05-19T18:20:16.213+0800: 463767.892: [GC (Allocation Failure) [PSYoungGen: 511456K->2592K(517120K)] 890145K->382721K(1041408K), 0.0184156 secs] [Times: user=0.05 sys=0.00, real=0.01 secs] 
2021-05-19T18:24:11.771+0800: 464003.451: [GC (Allocation Failure) [PSYoungGen: 512544K->2528K(517120K)] 892673K->384232K(1041408K), 0.0149594 secs] [Times: user=0.02 sys=0.02, real=0.02 secs] 
2021-05-19T18:28:06.829+0800: 464238.509: [GC (Allocation Failure) [PSYoungGen: 512480K->2208K(517632K)] 894184K->385280K(1041920K), 0.0147747 secs] [Times: user=0.05 sys=0.00, real=0.02 secs] 
2021-05-19T18:32:02.320+0800: 464473.999: [GC (Allocation Failure) [PSYoungGen: 513184K->2528K(517632K)] 896256K->386776K(1041920K), 0.0178176 secs] [Times: user=0.03 sys=0.03, real=0.02 secs] 
2021-05-19T18:36:00.096+0800: 464711.776: [GC (Allocation Failure) [PSYoungGen: 513504K->3392K(518144K)] 897752K->389016K(1042432K), 0.0199312 secs] [Times: user=0.03 sys=0.03, real=0.02 secs] 
2021-05-19T18:39:58.799+0800: 464950.478: [GC (Allocation Failure) [PSYoungGen: 514880K->2784K(517632K)] 900504K->390176K(1041920K), 0.0220909 secs] [Times: user=0.03 sys=0.03, real=0.02 secs] 
2021-05-19T18:43:54.138+0800: 465185.817: [GC (Allocation Failure) [PSYoungGen: 514272K->2240K(518656K)] 901664K->391296K(1042944K), 0.0252620 secs] [Times: user=0.02 sys=0.03, real=0.03 secs] 
2021-05-19T18:47:50.670+0800: 465422.349: [GC (Allocation Failure) [PSYoungGen: 514752K->2496K(518144K)] 903808K->392672K(1042432K), 0.0177580 secs] [Times: user=0.02 sys=0.02, real=0.02 secs] 
2021-05-19T18:51:49.915+0800: 465661.595: [GC (Allocation Failure) [PSYoungGen: 515008K->2048K(518656K)] 905184K->393656K(1042944K), 0.0182857 secs] [Times: user=0.06 sys=0.00, real=0.02 secs] 
2021-05-19T18:55:46.335+0800: 465898.015: [GC (Allocation Failure) [PSYoungGen: 515072K->2976K(518656K)] 906680K->395480K(1042944K), 0.0270889 secs] [Times: user=0.04 sys=0.00, real=0.03 secs] 
2021-05-19T18:59:43.668+0800: 466135.348: [GC (Allocation Failure) [PSYoungGen: 515999K->3168K(519168K)] 908503K->397551K(1043456K), 0.0157888 secs] [Times: user=0.05 sys=0.00, real=0.02 secs] 
2021-05-19T19:03:40.563+0800: 466372.242: [GC (Allocation Failure) [PSYoungGen: 516704K->2560K(518656K)] 911087K->398817K(1042944K), 0.0200128 secs] [Times: user=0.02 sys=0.03, real=0.02 secs] 
2021-05-19T19:07:37.980+0800: 466609.660: [GC (Allocation Failure) [PSYoungGen: 516096K->2880K(519168K)] 912353K->400505K(1043456K), 0.0150208 secs] [Times: user=0.05 sys=0.00, real=0.02 secs] 
2021-05-19T19:11:33.796+0800: 466845.476: [GC (Allocation Failure) [PSYoungGen: 516928K->2432K(519168K)] 914553K->401729K(1043456K), 0.0145439 secs] [Times: user=0.03 sys=0.02, real=0.01 secs] 
2021-05-19T19:15:30.387+0800: 467082.067: [GC (Allocation Failure) [PSYoungGen: 516480K->2432K(519680K)] 915777K->403041K(1043968K), 0.0157235 secs] [Times: user=0.03 sys=0.02, real=0.02 secs] 
2021-05-19T19:19:27.109+0800: 467318.789: [GC (Allocation Failure) [PSYoungGen: 517504K->2496K(519680K)] 918113K->404409K(1043968K), 0.0167645 secs] [Times: user=0.02 sys=0.02, real=0.02 secs] 
2021-05-19T19:23:24.013+0800: 467555.693: [GC (Allocation Failure) [PSYoungGen: 517568K->2944K(519680K)] 919481K->406224K(1043968K), 0.0176618 secs] [Times: user=0.02 sys=0.02, real=0.01 secs] 
2021-05-19T19:27:22.653+0800: 467794.332: [GC (Allocation Failure) [PSYoungGen: 518016K->2848K(519680K)] 921296K->407976K(1043968K), 0.0223267 secs] [Times: user=0.06 sys=0.00, real=0.02 secs] 
2021-05-19T19:31:19.878+0800: 468031.557: [GC (Allocation Failure) [PSYoungGen: 517920K->2272K(520192K)] 923048K->408968K(1044480K), 0.0183094 secs] [Times: user=0.06 sys=0.00, real=0.02 secs] 
2021-05-19T19:35:18.385+0800: 468270.065: [GC (Allocation Failure) [PSYoungGen: 517856K->2720K(519680K)] 924552K->410544K(1043968K), 0.0190387 secs] [Times: user=0.03 sys=0.03, real=0.02 secs] 
2021-05-19T19:39:15.264+0800: 468506.944: [GC (Allocation Failure) [PSYoungGen: 518304K->2592K(520192K)] 926128K->412000K(1044480K), 0.0174961 secs] [Times: user=0.03 sys=0.03, real=0.01 secs] 
2021-05-19T19:43:14.065+0800: 468745.745: [GC (Allocation Failure) [PSYoungGen: 518688K->2912K(520192K)] 928096K->413448K(1044480K), 0.0193834 secs] [Times: user=0.06 sys=0.00, real=0.02 secs] 
2021-05-19T19:47:09.417+0800: 468981.097: [GC (Allocation Failure) [PSYoungGen: 519008K->2464K(520192K)] 929544K->414823K(1044480K), 0.0181303 secs] [Times: user=0.06 sys=0.00, real=0.02 secs] 
2021-05-19T19:51:08.761+0800: 469220.441: [GC (Allocation Failure) [PSYoungGen: 518560K->2688K(520192K)] 930919K->416415K(1044480K), 0.0198402 secs] [Times: user=0.02 sys=0.03, real=0.02 secs] 
2021-05-19T19:55:05.029+0800: 469456.708: [GC (Allocation Failure) [PSYoungGen: 518784K->2528K(520704K)] 932511K->417855K(1044992K), 0.0304455 secs] [Times: user=0.02 sys=0.03, real=0.03 secs] 
2021-05-19T19:59:00.357+0800: 469692.037: [GC (Allocation Failure) [PSYoungGen: 519136K->2912K(520192K)] 934463K->419607K(1044480K), 0.0179847 secs] [Times: user=0.02 sys=0.02, real=0.02 secs] 
2021-05-19T20:02:56.782+0800: 469928.461: [GC (Allocation Failure) [PSYoungGen: 519520K->2240K(520704K)] 936215K->420479K(1044992K), 0.0200032 secs] [Times: user=0.03 sys=0.02, real=0.02 secs] 
2021-05-19T20:07:00.608+0800: 470172.288: [GC (Allocation Failure) [PSYoungGen: 519360K->3488K(520704K)] 937599K->422871K(1044992K), 0.0229757 secs] [Times: user=0.05 sys=0.00, real=0.02 secs] 
2021-05-19T20:10:56.534+0800: 470408.213: [GC (Allocation Failure) [PSYoungGen: 520608K->2784K(519680K)] 939991K->424423K(1043968K), 0.0208811 secs] [Times: user=0.03 sys=0.03, real=0.02 secs] 
2021-05-19T20:14:55.620+0800: 470647.300: [GC (Allocation Failure) [PSYoungGen: 518880K->2240K(520192K)] 940519K->425631K(1044480K), 0.0148608 secs] [Times: user=0.02 sys=0.02, real=0.02 secs] 
2021-05-19T20:18:55.692+0800: 470887.372: [GC (Allocation Failure) [PSYoungGen: 518336K->2272K(520192K)] 941727K->426750K(1044480K), 0.0158400 secs] [Times: user=0.03 sys=0.03, real=0.01 secs] 
2021-05-19T20:22:52.535+0800: 471124.215: [GC (Allocation Failure) [PSYoungGen: 518368K->2208K(520192K)] 942846K->427862K(1044480K), 0.0203828 secs] [Times: user=0.06 sys=0.00, real=0.02 secs] 
2021-05-19T20:26:50.246+0800: 471361.926: [GC (Allocation Failure) [PSYoungGen: 518255K->2752K(520704K)] 943910K->429535K(1044992K), 0.0318765 secs] [Times: user=0.03 sys=0.03, real=0.03 secs] 
2021-05-19T20:30:50.400+0800: 471602.080: [GC (Allocation Failure) [PSYoungGen: 519360K->3584K(520192K)] 946143K->432255K(1044480K), 0.0181200 secs] [Times: user=0.03 sys=0.03, real=0.02 secs] 
2021-05-19T20:34:48.404+0800: 471840.084: [GC (Allocation Failure) [PSYoungGen: 520192K->3168K(519168K)] 948863K->434741K(1043456K), 0.0166536 secs] [Times: user=0.03 sys=0.02, real=0.01 secs] 
2021-05-19T20:38:45.230+0800: 472076.910: [GC (Allocation Failure) [PSYoungGen: 518240K->3168K(519680K)] 949813K->436597K(1043968K), 0.0159176 secs] [Times: user=0.05 sys=0.00, real=0.02 secs] 
2021-05-19T20:42:44.448+0800: 472316.128: [GC (Allocation Failure) [PSYoungGen: 518240K->2304K(519680K)] 951669K->437772K(1043968K), 0.0217493 secs] [Times: user=0.03 sys=0.03, real=0.02 secs] 
2021-05-19T20:46:39.775+0800: 472551.454: [GC (Allocation Failure) [PSYoungGen: 517376K->2592K(519680K)] 952844K->438956K(1043968K), 0.0169840 secs] [Times: user=0.05 sys=0.00, real=0.01 secs] 
2021-05-19T20:50:40.029+0800: 472791.709: [GC (Allocation Failure) [PSYoungGen: 517664K->2752K(519680K)] 954028K->440636K(1043968K), 0.0236250 secs] [Times: user=0.02 sys=0.03, real=0.03 secs] 
2021-05-19T20:54:35.439+0800: 473027.119: [GC (Allocation Failure) [PSYoungGen: 517824K->2944K(519680K)] 955708K->442236K(1043968K), 0.0192718 secs] [Times: user=0.02 sys=0.03, real=0.02 secs] 
2021-05-19T20:58:32.806+0800: 473264.486: [GC (Allocation Failure) [PSYoungGen: 518016K->2528K(520192K)] 957308K->443636K(1044480K), 0.0173411 secs] [Times: user=0.05 sys=0.00, real=0.02 secs] 
2021-05-19T21:02:31.086+0800: 473502.766: [GC (Allocation Failure) [PSYoungGen: 518624K->3328K(520192K)] 959732K->445516K(1044480K), 0.0187052 secs] [Times: user=0.05 sys=0.00, real=0.02 secs] 
2021-05-19T21:06:26.438+0800: 473738.117: [GC (Allocation Failure) [PSYoungGen: 519424K->2176K(520192K)] 961612K->446628K(1044480K), 0.0166365 secs] [Times: user=0.05 sys=0.00, real=0.02 secs] 
2021-05-19T21:10:26.316+0800: 473977.996: [GC (Allocation Failure) [PSYoungGen: 518272K->2560K(520192K)] 962724K->447900K(1044480K), 0.0162210 secs] [Times: user=0.03 sys=0.02, real=0.02 secs] 
2021-05-19T21:14:21.235+0800: 474212.915: [GC (Allocation Failure) [PSYoungGen: 518656K->2432K(520192K)] 963996K->449140K(1044480K), 0.0169525 secs] [Times: user=0.03 sys=0.02, real=0.02 secs] 
2021-05-19T21:18:17.291+0800: 474448.971: [GC (Allocation Failure) [PSYoungGen: 518528K->2336K(520192K)] 965236K->450316K(1044480K), 0.0182442 secs] [Times: user=0.06 sys=0.00, real=0.02 secs] 
2021-05-19T21:22:12.784+0800: 474684.464: [GC (Allocation Failure) [PSYoungGen: 518432K->2848K(520192K)] 966412K->451988K(1044480K), 0.0158020 secs] [Times: user=0.02 sys=0.02, real=0.01 secs] 
2021-05-19T21:26:13.050+0800: 474924.729: [GC (Allocation Failure) [PSYoungGen: 518944K->2496K(520192K)] 968084K->453412K(1044480K), 0.0164819 secs] [Times: user=0.03 sys=0.03, real=0.02 secs] 
2021-05-19T21:30:11.405+0800: 475163.085: [GC (Allocation Failure) [PSYoungGen: 518592K->2688K(520192K)] 969508K->454940K(1044480K), 0.0158047 secs] [Times: user=0.05 sys=0.00, real=0.01 secs] 
2021-05-19T21:34:07.076+0800: 475398.756: [GC (Allocation Failure) [PSYoungGen: 518784K->4096K(520192K)] 971036K->459827K(1044480K), 0.0226527 secs] [Times: user=0.03 sys=0.03, real=0.02 secs] 
2021-05-19T21:38:03.927+0800: 475635.607: [GC (Allocation Failure) [PSYoungGen: 520192K->4064K(514048K)] 975923K->463815K(1038336K), 0.0215528 secs] [Times: user=0.02 sys=0.03, real=0.02 secs] 
2021-05-19T21:41:59.275+0800: 475870.955: [GC (Allocation Failure) [PSYoungGen: 514016K->2944K(517120K)] 973767K->465517K(1041408K), 0.0179357 secs] [Times: user=0.03 sys=0.03, real=0.02 secs] 
2021-05-19T21:45:53.087+0800: 476104.766: [GC (Allocation Failure) [PSYoungGen: 512896K->3360K(517632K)] 975469K->467733K(1041920K), 0.0178068 secs] [Times: user=0.03 sys=0.02, real=0.02 secs] 
2021-05-19T21:49:49.988+0800: 476341.668: [GC (Allocation Failure) [PSYoungGen: 513824K->2304K(517120K)] 978197K->468893K(1041408K), 0.0182874 secs] [Times: user=0.02 sys=0.03, real=0.02 secs] 
2021-05-19T21:53:45.431+0800: 476577.110: [GC (Allocation Failure) [PSYoungGen: 512768K->2688K(517632K)] 979357K->470453K(1041920K), 0.0201653 secs] [Times: user=0.02 sys=0.03, real=0.02 secs] 
2021-05-19T21:57:40.732+0800: 476812.412: [GC (Allocation Failure) [PSYoungGen: 513664K->2688K(517632K)] 981429K->471813K(1041920K), 0.0207180 secs] [Times: user=0.02 sys=0.03, real=0.03 secs] 
2021-05-19T22:01:32.063+0800: 477043.743: [GC (Allocation Failure) [PSYoungGen: 513664K->2912K(518144K)] 982789K->473389K(1042432K), 0.0161114 secs] [Times: user=0.02 sys=0.03, real=0.01 secs] 
2021-05-19T22:05:26.366+0800: 477278.045: [GC (Allocation Failure) [PSYoungGen: 514912K->2304K(518144K)] 985389K->474324K(1042432K), 0.0175113 secs] [Times: user=0.02 sys=0.03, real=0.02 secs] 
2021-05-19T22:09:21.596+0800: 477513.275: [GC (Allocation Failure) [PSYoungGen: 514304K->2720K(518656K)] 986324K->475804K(1042944K), 0.0172000 secs] [Times: user=0.02 sys=0.03, real=0.02 secs] 
2021-05-19T22:13:16.258+0800: 477747.938: [GC (Allocation Failure) [PSYoungGen: 515232K->2208K(518144K)] 988316K->476701K(1042432K), 0.0176801 secs] [Times: user=0.02 sys=0.02, real=0.02 secs] 
2021-05-19T22:17:07.378+0800: 477979.058: [GC (Allocation Failure) [PSYoungGen: 514720K->2688K(518656K)] 989213K->478229K(1042944K), 0.0155442 secs] [Times: user=0.05 sys=0.00, real=0.02 secs] 
2021-05-19T22:21:05.531+0800: 478217.210: [GC (Allocation Failure) [PSYoungGen: 515712K->2464K(518656K)] 991253K->479604K(1042944K), 0.0165954 secs] [Times: user=0.02 sys=0.02, real=0.02 secs] 
2021-05-19T22:25:01.938+0800: 478453.618: [GC (Allocation Failure) [PSYoungGen: 515488K->2720K(519168K)] 992628K->481228K(1043456K), 0.0184245 secs] [Times: user=0.06 sys=0.00, real=0.02 secs] 
2021-05-19T22:28:57.728+0800: 478689.408: [GC (Allocation Failure) [PSYoungGen: 516256K->3104K(518656K)] 994764K->483212K(1042944K), 0.0184162 secs] [Times: user=0.03 sys=0.03, real=0.02 secs] 
2021-05-19T22:32:52.066+0800: 478923.745: [GC (Allocation Failure) [PSYoungGen: 516640K->3104K(519168K)] 996748K->484844K(1043456K), 0.0180516 secs] [Times: user=0.06 sys=0.00, real=0.02 secs] 
2021-05-19T22:36:48.973+0800: 479160.653: [GC (Allocation Failure) [PSYoungGen: 517152K->3200K(519168K)] 998892K->486516K(1043456K), 0.0223965 secs] [Times: user=0.03 sys=0.04, real=0.02 secs] 
2021-05-19T22:40:46.439+0800: 479398.119: [GC (Allocation Failure) [PSYoungGen: 517248K->2688K(519680K)] 1000564K->488076K(1043968K), 0.0408496 secs] [Times: user=0.02 sys=0.02, real=0.04 secs] 
2021-05-19T22:44:42.171+0800: 479633.851: [GC (Allocation Failure) [PSYoungGen: 517248K->4608K(519168K)] 1002636K->492932K(1043456K), 0.0202905 secs] [Times: user=0.03 sys=0.02, real=0.02 secs] 
2021-05-19T22:48:37.191+0800: 479868.871: [GC (Allocation Failure) [PSYoungGen: 519168K->4224K(517120K)] 1007492K->496743K(1041408K), 0.0188895 secs] [Times: user=0.03 sys=0.03, real=0.02 secs] 
2021-05-19T22:52:31.517+0800: 480103.196: [GC (Allocation Failure) [PSYoungGen: 516224K->5888K(518144K)] 1008743K->501629K(1042432K), 0.0220152 secs] [Times: user=0.03 sys=0.03, real=0.02 secs] 
2021-05-19T22:56:26.990+0800: 480338.669: [GC (Allocation Failure) [PSYoungGen: 517888K->3232K(517120K)] 1013629K->503984K(1041408K), 0.0181843 secs] [Times: user=0.03 sys=0.03, real=0.02 secs] 
2021-05-19T23:00:23.491+0800: 480575.170: [GC (Allocation Failure) [PSYoungGen: 514208K->2912K(517632K)] 1014960K->505535K(1041920K), 0.0169918 secs] [Times: user=0.02 sys=0.03, real=0.02 secs] 
2021-05-19T23:04:19.778+0800: 480811.457: [GC (Allocation Failure) [PSYoungGen: 513888K->2752K(517632K)] 1016511K->506943K(1041920K), 0.0223219 secs] [Times: user=0.07 sys=0.00, real=0.02 secs] 
2021-05-19T23:08:13.690+0800: 481045.370: [GC (Allocation Failure) [PSYoungGen: 513728K->2720K(517632K)] 1017919K->508495K(1041920K), 0.0156624 secs] [Times: user=0.05 sys=0.00, real=0.02 secs] 
2021-05-19T23:12:12.069+0800: 481283.749: [GC (Allocation Failure) [PSYoungGen: 513696K->2112K(518144K)] 1019471K->509230K(1042432K), 0.0155813 secs] [Times: user=0.03 sys=0.03, real=0.02 secs] 
2021-05-19T23:16:05.401+0800: 481517.081: [GC (Allocation Failure) [PSYoungGen: 514112K->2848K(518144K)] 1021230K->510854K(1042432K), 0.0194968 secs] [Times: user=0.03 sys=0.02, real=0.02 secs] 
2021-05-19T23:20:02.644+0800: 481754.324: [GC (Allocation Failure) [PSYoungGen: 514848K->2368K(518144K)] 1022854K->511719K(1042432K), 0.0233852 secs] [Times: user=0.01 sys=0.04, real=0.02 secs] 
2021-05-19T23:23:54.657+0800: 481986.337: [GC (Allocation Failure) [PSYoungGen: 514368K->5504K(517632K)] 1023719K->515943K(1041920K), 0.0194451 secs] [Times: user=0.03 sys=0.03, real=0.02 secs] 
2021-05-19T23:27:51.116+0800: 482222.795: [GC (Allocation Failure) [PSYoungGen: 517504K->5536K(516608K)] 1027943K->520236K(1040896K), 0.0258272 secs] [Times: user=0.03 sys=0.03, real=0.02 secs] 
2021-05-19T23:31:44.410+0800: 482456.090: [GC (Allocation Failure) [PSYoungGen: 515488K->2944K(517120K)] 1030188K->522375K(1041408K), 0.0223989 secs] [Times: user=0.03 sys=0.03, real=0.03 secs] 
2021-05-19T23:31:44.433+0800: 482456.113: [Full GC (Ergonomics) [PSYoungGen: 2944K->0K(517120K)] [ParOldGen: 519431K->246316K(524288K)] 522375K->246316K(1041408K), [Metaspace: 93938K->93934K(1136640K)], 0.5111734 secs] [Times: user=1.11 sys=0.00, real=0.51 secs] 
2021-05-19T23:35:40.434+0800: 482692.113: [GC (Allocation Failure) [PSYoungGen: 509952K->2848K(517632K)] 756268K->249164K(1041920K), 0.0150172 secs] [Times: user=0.02 sys=0.02, real=0.01 secs] 
2021-05-19T23:39:34.629+0800: 482926.308: [GC (Allocation Failure) [PSYoungGen: 513824K->3008K(517632K)] 760140K->251060K(1041920K), 0.0176817 secs] [Times: user=0.02 sys=0.03, real=0.02 secs] 
2021-05-19T23:43:27.158+0800: 483158.838: [GC (Allocation Failure) [PSYoungGen: 513984K->2720K(518144K)] 762036K->252588K(1042432K), 0.0155722 secs] [Times: user=0.03 sys=0.03, real=0.02 secs] 
2021-05-19T23:47:25.354+0800: 483397.034: [GC (Allocation Failure) [PSYoungGen: 514208K->3168K(517632K)] 764076K->254404K(1041920K), 0.0201268 secs] [Times: user=0.03 sys=0.04, real=0.02 secs] 
2021-05-19T23:51:20.668+0800: 483632.347: [GC (Allocation Failure) [PSYoungGen: 514656K->2432K(518144K)] 765892K->255763K(1042432K), 0.0192996 secs] [Times: user=0.06 sys=0.00, real=0.02 secs] 
2021-05-19T23:55:17.158+0800: 483868.838: [GC (Allocation Failure) [PSYoungGen: 514432K->2624K(518144K)] 767763K->257403K(1042432K), 0.0227637 secs] [Times: user=0.02 sys=0.02, real=0.02 secs] 
2021-05-19T23:59:16.385+0800: 484108.065: [GC (Allocation Failure) [PSYoungGen: 514624K->3776K(518656K)] 769403K->259931K(1042944K), 0.0188487 secs] [Times: user=0.03 sys=0.02, real=0.02 secs] 
2021-05-20T00:03:02.837+0800: 484334.517: [GC (Allocation Failure) [PSYoungGen: 516800K->4544K(517632K)] 772955K->263273K(1041920K), 0.0179279 secs] [Times: user=0.02 sys=0.03, real=0.02 secs] 
2021-05-20T00:06:57.170+0800: 484568.850: [GC (Allocation Failure) [PSYoungGen: 517568K->6144K(513024K)] 776297K->269310K(1037312K), 0.0255350 secs] [Times: user=0.06 sys=0.00, real=0.03 secs] 
2021-05-20T00:10:51.967+0800: 484803.646: [GC (Allocation Failure) [PSYoungGen: 513024K->4096K(515584K)] 776190K->272840K(1039872K), 0.0162129 secs] [Times: user=0.03 sys=0.02, real=0.02 secs] 
2021-05-20T00:14:42.925+0800: 485034.605: [GC (Allocation Failure) [PSYoungGen: 510976K->5760K(516096K)] 779720K->277511K(1040384K), 0.0166122 secs] [Times: user=0.03 sys=0.02, real=0.01 secs] 
2021-05-20T00:18:37.369+0800: 485269.049: [GC (Allocation Failure) [PSYoungGen: 513664K->4544K(516096K)] 785415K->280842K(1040384K), 0.0348486 secs] [Times: user=0.03 sys=0.03, real=0.04 secs] 
2021-05-20T00:22:33.227+0800: 485504.907: [GC (Allocation Failure) [PSYoungGen: 512448K->2496K(516096K)] 788746K->282335K(1040384K), 0.0150064 secs] [Times: user=0.05 sys=0.00, real=0.02 secs] 
2021-05-20T00:26:28.104+0800: 485739.783: [GC (Allocation Failure) [PSYoungGen: 510400K->2432K(516096K)] 790239K->283670K(1040384K), 0.0159408 secs] [Times: user=0.02 sys=0.02, real=0.01 secs] 
2021-05-20T00:30:21.167+0800: 485972.846: [GC (Allocation Failure) [PSYoungGen: 510336K->2496K(516608K)] 791574K->285086K(1040896K), 0.0155814 secs] [Times: user=0.02 sys=0.03, real=0.02 secs] 
2021-05-20T00:34:17.549+0800: 486209.229: [GC (Allocation Failure) [PSYoungGen: 511424K->3520K(516608K)] 794014K->287535K(1040896K), 0.0480526 secs] [Times: user=0.04 sys=0.00, real=0.05 secs] 
2021-05-20T00:38:10.091+0800: 486441.771: [GC (Allocation Failure) [PSYoungGen: 512448K->3328K(517120K)] 796463K->289631K(1041408K), 0.0212008 secs] [Times: user=0.05 sys=0.00, real=0.03 secs] 
2021-05-20T00:42:05.389+0800: 486677.068: [GC (Allocation Failure) [PSYoungGen: 512768K->5664K(516608K)] 799071K->294094K(1040896K), 0.0244719 secs] [Times: user=0.04 sys=0.03, real=0.03 secs] 
2021-05-20T00:46:00.179+0800: 486911.858: [GC (Allocation Failure) [PSYoungGen: 515104K->5536K(516608K)] 803534K->298713K(1040896K), 0.0227245 secs] [Times: user=0.06 sys=0.00, real=0.02 secs] 
2021-05-20T00:49:55.489+0800: 487147.168: [GC (Allocation Failure) [PSYoungGen: 514464K->3168K(516608K)] 807641K->300790K(1040896K), 0.0157276 secs] [Times: user=0.03 sys=0.02, real=0.02 secs] 
2021-05-20T00:53:50.759+0800: 487382.438: [GC (Allocation Failure) [PSYoungGen: 512096K->3104K(516608K)] 809718K->302821K(1040896K), 0.0167373 secs] [Times: user=0.02 sys=0.03, real=0.02 secs] 
2021-05-20T00:57:41.522+0800: 487613.202: [GC (Allocation Failure) [PSYoungGen: 512028K->2368K(516608K)] 811746K->304156K(1040896K), 0.0243195 secs] [Times: user=0.03 sys=0.03, real=0.03 secs] 
2021-05-20T01:01:37.180+0800: 487848.860: [GC (Allocation Failure) [PSYoungGen: 511296K->2496K(517120K)] 813084K->305447K(1041408K), 0.0177494 secs] [Times: user=0.03 sys=0.03, real=0.02 secs] 
2021-05-20T01:05:32.984+0800: 488084.663: [GC (Allocation Failure) [PSYoungGen: 512448K->2688K(517120K)] 815399K->306999K(1041408K), 0.0160777 secs] [Times: user=0.04 sys=0.00, real=0.01 secs] 
2021-05-20T01:09:32.174+0800: 488323.854: [GC (Allocation Failure) [PSYoungGen: 512640K->2624K(517120K)] 816951K->308247K(1041408K), 0.0149670 secs] [Times: user=0.05 sys=0.00, real=0.01 secs] 
2021-05-20T01:13:27.254+0800: 488558.934: [GC (Allocation Failure) [PSYoungGen: 512576K->2528K(517120K)] 818199K->309095K(1041408K), 0.0148163 secs] [Times: user=0.04 sys=0.00, real=0.01 secs] 
2021-05-20T01:17:22.900+0800: 488794.580: [GC (Allocation Failure) [PSYoungGen: 512480K->2496K(517632K)] 819047K->310127K(1041920K), 0.0240629 secs] [Times: user=0.03 sys=0.03, real=0.03 secs] 
2021-05-20T01:21:18.124+0800: 489029.804: [GC (Allocation Failure) [PSYoungGen: 513472K->2432K(517632K)] 821103K->311399K(1041920K), 0.0238817 secs] [Times: user=0.02 sys=0.02, real=0.02 secs] 
2021-05-20T01:25:09.201+0800: 489260.880: [GC (Allocation Failure) [PSYoungGen: 513408K->3552K(518144K)] 822375K->313823K(1042432K), 0.0178533 secs] [Times: user=0.05 sys=0.00, real=0.02 secs] 
2021-05-20T01:29:03.962+0800: 489495.642: [GC (Allocation Failure) [PSYoungGen: 515040K->4192K(517632K)] 825311K->316974K(1041920K), 0.0171809 secs] [Times: user=0.06 sys=0.00, real=0.01 secs] 
2021-05-20T01:32:58.297+0800: 489729.977: [GC (Allocation Failure) [PSYoungGen: 515680K->4096K(518144K)] 828462K->319429K(1042432K), 0.0189128 secs] [Times: user=0.06 sys=0.00, real=0.02 secs] 
2021-05-20T01:36:53.875+0800: 489965.555: [GC (Allocation Failure) [PSYoungGen: 516096K->3264K(518144K)] 831429K->321411K(1042432K), 0.0168526 secs] [Times: user=0.03 sys=0.03, real=0.02 secs] 
2021-05-20T01:40:49.781+0800: 490201.461: [GC (Allocation Failure) [PSYoungGen: 515264K->6144K(515072K)] 833411K->326723K(1039360K), 0.0191161 secs] [Times: user=0.02 sys=0.03, real=0.02 secs] 
2021-05-20T01:44:43.981+0800: 490435.660: [GC (Allocation Failure) [PSYoungGen: 515072K->2848K(516608K)] 835651K->329189K(1040896K), 0.0173297 secs] [Times: user=0.03 sys=0.03, real=0.02 secs] 
2021-05-20T01:48:39.087+0800: 490670.767: [GC (Allocation Failure) [PSYoungGen: 511776K->2880K(517120K)] 838117K->330853K(1041408K), 0.0187107 secs] [Times: user=0.02 sys=0.03, real=0.02 secs] 
2021-05-20T01:52:35.781+0800: 490907.460: [GC (Allocation Failure) [PSYoungGen: 512320K->2560K(516608K)] 840293K->332341K(1040896K), 0.0189661 secs] [Times: user=0.05 sys=0.00, real=0.02 secs] 
2021-05-20T01:56:29.136+0800: 491140.816: [GC (Allocation Failure) [PSYoungGen: 512000K->3264K(517120K)] 841781K->334420K(1041408K), 0.0208773 secs] [Times: user=0.05 sys=0.00, real=0.02 secs] 
2021-05-20T02:00:26.308+0800: 491377.988: [GC (Allocation Failure) [PSYoungGen: 513216K->2240K(517120K)] 844372K->335180K(1041408K), 0.0189151 secs] [Times: user=0.02 sys=0.02, real=0.02 secs] 
2021-05-20T02:04:22.008+0800: 491613.688: [GC (Allocation Failure) [PSYoungGen: 512192K->2688K(517632K)] 845132K->336724K(1041920K), 0.0163783 secs] [Times: user=0.03 sys=0.03, real=0.02 secs] 
2021-05-20T02:08:17.413+0800: 491849.093: [GC (Allocation Failure) [PSYoungGen: 513664K->3168K(517632K)] 847700K->338780K(1041920K), 0.0148255 secs] [Times: user=0.04 sys=0.00, real=0.01 secs] 
2021-05-20T02:12:15.026+0800: 492086.706: [GC (Allocation Failure) [PSYoungGen: 514144K->2464K(518144K)] 849756K->339380K(1042432K), 0.0169811 secs] [Times: user=0.04 sys=0.00, real=0.02 secs] 
2021-05-20T02:16:12.738+0800: 492324.418: [GC (Allocation Failure) [PSYoungGen: 514464K->2944K(518144K)] 851380K->341156K(1042432K), 0.0192509 secs] [Times: user=0.02 sys=0.03, real=0.02 secs] 
2021-05-20T02:20:08.050+0800: 492559.730: [GC (Allocation Failure) [PSYoungGen: 514944K->2848K(518656K)] 853156K->342660K(1042944K), 0.0180922 secs] [Times: user=0.02 sys=0.02, real=0.02 secs] 
2021-05-20T02:24:03.341+0800: 492795.021: [GC (Allocation Failure) [PSYoungGen: 515360K->2592K(518144K)] 855172K->343932K(1042432K), 0.0176518 secs] [Times: user=0.03 sys=0.03, real=0.02 secs] 
2021-05-20T02:27:58.820+0800: 493030.500: [GC (Allocation Failure) [PSYoungGen: 515104K->3744K(518656K)] 856444K->346204K(1042944K), 0.0297471 secs] [Times: user=0.05 sys=0.00, real=0.03 secs] 
2021-05-20T02:31:58.872+0800: 493270.552: [GC (Allocation Failure) [PSYoungGen: 516768K->2432K(518656K)] 859228K->346899K(1042944K), 0.0225274 secs] [Times: user=0.03 sys=0.02, real=0.02 secs] 
2021-05-20T02:35:54.744+0800: 493506.424: [GC (Allocation Failure) [PSYoungGen: 515456K->2880K(518656K)] 859923K->348547K(1042944K), 0.0172995 secs] [Times: user=0.05 sys=0.00, real=0.01 secs] 
2021-05-20T02:39:54.784+0800: 493746.464: [GC (Allocation Failure) [PSYoungGen: 515904K->2560K(518656K)] 861571K->350011K(1042944K), 0.0158279 secs] [Times: user=0.05 sys=0.00, real=0.01 secs] 
2021-05-20T02:43:50.408+0800: 493982.088: [GC (Allocation Failure) [PSYoungGen: 515584K->3008K(519168K)] 863035K->351795K(1043456K), 0.0197291 secs] [Times: user=0.02 sys=0.03, real=0.02 secs] 
2021-05-20T02:47:50.644+0800: 494222.324: [GC (Allocation Failure) [PSYoungGen: 517056K->2688K(519168K)] 865843K->353339K(1043456K), 0.0160143 secs] [Times: user=0.02 sys=0.03, real=0.01 secs] 
2021-05-20T02:51:49.670+0800: 494461.349: [GC (Allocation Failure) [PSYoungGen: 516736K->2720K(519680K)] 867387K->354971K(1043968K), 0.0198437 secs] [Times: user=0.02 sys=0.02, real=0.02 secs] 
2021-05-20T02:55:46.426+0800: 494698.105: [GC (Allocation Failure) [PSYoungGen: 517280K->2368K(519168K)] 869531K->355979K(1043456K), 0.0349017 secs] [Times: user=0.05 sys=0.00, real=0.03 secs] 
2021-05-20T02:59:44.786+0800: 494936.466: [GC (Allocation Failure) [PSYoungGen: 516928K->2944K(519680K)] 870539K->357691K(1043968K), 0.0142225 secs] [Times: user=0.02 sys=0.03, real=0.01 secs] 
2021-05-20T03:03:42.303+0800: 495173.982: [GC (Allocation Failure) [PSYoungGen: 518016K->2848K(519680K)] 872763K->359410K(1043968K), 0.0173197 secs] [Times: user=0.05 sys=0.00, real=0.01 secs] 
2021-05-20T03:07:42.560+0800: 495414.240: [GC (Allocation Failure) [PSYoungGen: 517920K->2272K(519680K)] 874482K->360418K(1043968K), 0.0176008 secs] [Times: user=0.06 sys=0.00, real=0.02 secs] 
2021-05-20T03:11:38.362+0800: 495650.041: [GC (Allocation Failure) [PSYoungGen: 517344K->2016K(519680K)] 875490K->361146K(1043968K), 0.0145583 secs] [Times: user=0.05 sys=0.00, real=0.02 secs] 
2021-05-20T03:15:34.988+0800: 495886.668: [GC (Allocation Failure) [PSYoungGen: 517088K->2656K(519680K)] 876218K->362666K(1043968K), 0.0251800 secs] [Times: user=0.06 sys=0.00, real=0.03 secs] 
2021-05-20T03:19:33.602+0800: 496125.282: [GC (Allocation Failure) [PSYoungGen: 517728K->4448K(519680K)] 877738K->365794K(1043968K), 0.0213528 secs] [Times: user=0.07 sys=0.00, real=0.03 secs] 
2021-05-20T03:23:28.962+0800: 496360.642: [GC (Allocation Failure) [PSYoungGen: 519520K->3104K(519680K)] 880866K->367743K(1043968K), 0.0180605 secs] [Times: user=0.06 sys=0.00, real=0.02 secs] 
2021-05-20T03:27:24.949+0800: 496596.629: [GC (Allocation Failure) [PSYoungGen: 518176K->2240K(519680K)] 882815K->368958K(1043968K), 0.0175838 secs] [Times: user=0.02 sys=0.02, real=0.02 secs] 
2021-05-20T03:31:25.058+0800: 496836.738: [GC (Allocation Failure) [PSYoungGen: 517312K->2528K(519680K)] 884030K->370326K(1043968K), 0.0205177 secs] [Times: user=0.05 sys=0.00, real=0.02 secs] 
2021-05-20T03:35:20.268+0800: 497071.948: [GC (Allocation Failure) [PSYoungGen: 517600K->4608K(519680K)] 885398K->374493K(1043968K), 0.0179472 secs] [Times: user=0.03 sys=0.03, real=0.02 secs] 
2021-05-20T03:39:16.127+0800: 497307.806: [GC (Allocation Failure) [PSYoungGen: 519680K->3616K(517632K)] 889565K->377545K(1041920K), 0.0183949 secs] [Times: user=0.05 sys=0.00, real=0.02 secs] 
2021-05-20T03:43:12.181+0800: 497543.860: [GC (Allocation Failure) [PSYoungGen: 516640K->3264K(518656K)] 890569K->379697K(1042944K), 0.0216190 secs] [Times: user=0.03 sys=0.03, real=0.03 secs] 
2021-05-20T03:47:11.000+0800: 497782.680: [GC (Allocation Failure) [PSYoungGen: 516288K->2752K(518656K)] 892721K->381016K(1042944K), 0.0224518 secs] [Times: user=0.02 sys=0.04, real=0.03 secs] 
2021-05-20T03:51:11.303+0800: 498022.982: [GC (Allocation Failure) [PSYoungGen: 515776K->3136K(518656K)] 894040K->383008K(1042944K), 0.0165024 secs] [Times: user=0.05 sys=0.00, real=0.01 secs] 
2021-05-20T03:55:08.692+0800: 498260.372: [GC (Allocation Failure) [PSYoungGen: 516160K->2336K(519168K)] 896032K->384264K(1043456K), 0.0170228 secs] [Times: user=0.03 sys=0.03, real=0.02 secs] 
2021-05-20T03:59:06.071+0800: 498497.751: [GC (Allocation Failure) [PSYoungGen: 516384K->2912K(519168K)] 898312K->386000K(1043456K), 0.0166129 secs] [Times: user=0.03 sys=0.02, real=0.02 secs] 
2021-05-20T04:03:02.235+0800: 498733.915: [GC (Allocation Failure) [PSYoungGen: 516960K->2496K(519168K)] 900048K->387144K(1043456K), 0.0202813 secs] [Times: user=0.02 sys=0.03, real=0.02 secs] 
2021-05-20T04:06:58.177+0800: 498969.857: [GC (Allocation Failure) [PSYoungGen: 516544K->2816K(519168K)] 901192K->388831K(1043456K), 0.0155280 secs] [Times: user=0.02 sys=0.02, real=0.02 secs] 
2021-05-20T04:10:56.612+0800: 499208.292: [GC (Allocation Failure) [PSYoungGen: 516864K->2016K(519168K)] 902879K->389607K(1043456K), 0.0195643 secs] [Times: user=0.05 sys=0.00, real=0.02 secs] 
2021-05-20T04:14:53.144+0800: 499444.824: [GC (Allocation Failure) [PSYoungGen: 516064K->2336K(519168K)] 903655K->390855K(1043456K), 0.0195505 secs] [Times: user=0.05 sys=0.00, real=0.02 secs] 
2021-05-20T04:18:45.063+0800: 499676.743: [GC (Allocation Failure) [PSYoungGen: 516384K->4608K(513536K)] 904903K->398987K(1037824K), 0.0164334 secs] [Times: user=0.03 sys=0.03, real=0.01 secs] 
2021-05-20T04:22:39.064+0800: 499910.744: [GC (Allocation Failure) [PSYoungGen: 513536K->3328K(516608K)] 907915K->402039K(1040896K), 0.0181853 secs] [Times: user=0.02 sys=0.03, real=0.02 secs] 
2021-05-20T04:26:30.042+0800: 500141.722: [GC (Allocation Failure) [PSYoungGen: 512256K->5792K(516096K)] 910967K->406827K(1040384K), 0.0454871 secs] [Times: user=0.05 sys=0.00, real=0.04 secs] 
2021-05-20T04:30:24.985+0800: 500376.664: [GC (Allocation Failure) [PSYoungGen: 514720K->3712K(516608K)] 915755K->409663K(1040896K), 0.0197574 secs] [Times: user=0.03 sys=0.03, real=0.02 secs] 
2021-05-20T04:34:18.833+0800: 500610.513: [GC (Allocation Failure) [PSYoungGen: 512640K->2720K(517120K)] 918591K->411430K(1041408K), 0.0158370 secs] [Times: user=0.03 sys=0.03, real=0.01 secs] 
2021-05-20T04:38:15.402+0800: 500847.082: [GC (Allocation Failure) [PSYoungGen: 512672K->3264K(517120K)] 921382K->413574K(1041408K), 0.0190036 secs] [Times: user=0.05 sys=0.00, real=0.02 secs] 
2021-05-20T04:42:10.842+0800: 501082.522: [GC (Allocation Failure) [PSYoungGen: 513216K->3104K(517632K)] 923526K->415509K(1041920K), 0.0233850 secs] [Times: user=0.02 sys=0.04, real=0.03 secs] 
2021-05-20T04:46:05.251+0800: 501316.931: [GC (Allocation Failure) [PSYoungGen: 514080K->2304K(517632K)] 926485K->416469K(1041920K), 0.0275962 secs] [Times: user=0.05 sys=0.00, real=0.04 secs] 
2021-05-20T04:50:01.964+0800: 501553.643: [GC (Allocation Failure) [PSYoungGen: 513280K->3168K(518144K)] 927445K->418445K(1042432K), 0.0172872 secs] [Times: user=0.03 sys=0.03, real=0.01 secs] 
2021-05-20T04:53:59.715+0800: 501791.394: [GC (Allocation Failure) [PSYoungGen: 514656K->2304K(517632K)] 929933K->419637K(1041920K), 0.0198484 secs] [Times: user=0.06 sys=0.00, real=0.02 secs] 
2021-05-20T04:57:52.191+0800: 502023.870: [GC (Allocation Failure) [PSYoungGen: 513792K->2272K(518144K)] 931125K->420733K(1042432K), 0.0180735 secs] [Times: user=0.02 sys=0.02, real=0.02 secs] 
2021-05-20T05:01:49.426+0800: 502261.106: [GC (Allocation Failure) [PSYoungGen: 514272K->2816K(518144K)] 932733K->422405K(1042432K), 0.0163908 secs] [Times: user=0.03 sys=0.03, real=0.02 secs] 
2021-05-20T05:05:52.883+0800: 502504.563: [GC (Allocation Failure) [PSYoungGen: 514816K->4928K(517120K)] 934405K->425837K(1041408K), 0.0213059 secs] [Times: user=0.06 sys=0.00, real=0.02 secs] 
2021-05-20T05:10:05.298+0800: 502756.978: [GC (Allocation Failure) [PSYoungGen: 515904K->6336K(517632K)] 936813K->431049K(1041920K), 0.0183487 secs] [Times: user=0.05 sys=0.00, real=0.02 secs] 
2021-05-20T05:14:27.475+0800: 503019.155: [GC (Allocation Failure) [PSYoungGen: 517312K->5312K(515584K)] 942025K->435426K(1039872K), 0.0360897 secs] [Times: user=0.03 sys=0.03, real=0.03 secs] 
2021-05-20T05:18:34.264+0800: 503265.944: [GC (Allocation Failure) [PSYoungGen: 514240K->2688K(516608K)] 944354K->437205K(1040896K), 0.0390675 secs] [Times: user=0.03 sys=0.02, real=0.04 secs] 
2021-05-20T05:22:42.492+0800: 503514.172: [GC (Allocation Failure) [PSYoungGen: 511616K->2016K(517120K)] 946133K->438092K(1041408K), 0.0240998 secs] [Times: user=0.02 sys=0.03, real=0.03 secs] 
2021-05-20T05:26:54.179+0800: 503765.859: [GC (Allocation Failure) [PSYoungGen: 511968K->2400K(517120K)] 948044K->439300K(1041408K), 0.0182377 secs] [Times: user=0.02 sys=0.03, real=0.02 secs] 
2021-05-20T05:31:04.469+0800: 504016.148: [GC (Allocation Failure) [PSYoungGen: 512352K->1984K(517120K)] 949252K->439811K(1041408K), 0.0173624 secs] [Times: user=0.02 sys=0.02, real=0.02 secs] 
2021-05-20T05:35:15.307+0800: 504266.987: [GC (Allocation Failure) [PSYoungGen: 511936K->2016K(517120K)] 949763K->440668K(1041408K), 0.0162228 secs] [Times: user=0.03 sys=0.02, real=0.02 secs] 
2021-05-20T05:39:26.344+0800: 504518.024: [GC (Allocation Failure) [PSYoungGen: 511968K->2880K(517632K)] 950620K->442372K(1041920K), 0.0184786 secs] [Times: user=0.02 sys=0.03, real=0.02 secs] 
2021-05-20T05:43:37.793+0800: 504769.473: [GC (Allocation Failure) [PSYoungGen: 513856K->1984K(517632K)] 953348K->442596K(1041920K), 0.0443081 secs] [Times: user=0.07 sys=0.00, real=0.04 secs] 
2021-05-20T05:47:50.793+0800: 505022.473: [GC (Allocation Failure) [PSYoungGen: 512960K->2016K(518144K)] 953572K->443444K(1042432K), 0.0173510 secs] [Times: user=0.02 sys=0.03, real=0.01 secs] 
2021-05-20T05:52:01.451+0800: 505273.130: [GC (Allocation Failure) [PSYoungGen: 513504K->1952K(517632K)] 954932K->444188K(1041920K), 0.0153791 secs] [Times: user=0.05 sys=0.00, real=0.02 secs] 
2021-05-20T05:56:12.913+0800: 505524.593: [GC (Allocation Failure) [PSYoungGen: 513440K->2304K(518144K)] 955676K->445340K(1042432K), 0.0159402 secs] [Times: user=0.05 sys=0.00, real=0.01 secs] 
2021-05-20T06:00:27.077+0800: 505778.757: [GC (Allocation Failure) [PSYoungGen: 514304K->1888K(518144K)] 957340K->446043K(1042432K), 0.0198111 secs] [Times: user=0.05 sys=0.00, real=0.02 secs] 
2021-05-20T06:04:38.064+0800: 506029.743: [GC (Allocation Failure) [PSYoungGen: 513888K->2144K(518656K)] 958043K->447107K(1042944K), 0.0140888 secs] [Times: user=0.04 sys=0.00, real=0.01 secs] 
2021-05-20T06:08:49.692+0800: 506281.371: [GC (Allocation Failure) [PSYoungGen: 515168K->4736K(518144K)] 960131K->450627K(1042432K), 0.0169495 secs] [Times: user=0.06 sys=0.00, real=0.02 secs] 
2021-05-20T06:12:58.857+0800: 506530.537: [GC (Allocation Failure) [PSYoungGen: 517760K->4064K(518144K)] 963651K->453232K(1042432K), 0.0171754 secs] [Times: user=0.05 sys=0.00, real=0.02 secs] 
2021-05-20T06:17:13.474+0800: 506785.153: [GC (Allocation Failure) [PSYoungGen: 516064K->2304K(518144K)] 965232K->454565K(1042432K), 0.0214983 secs] [Times: user=0.06 sys=0.00, real=0.02 secs] 
2021-05-20T06:21:25.712+0800: 507037.392: [GC (Allocation Failure) [PSYoungGen: 514304K->2112K(518144K)] 966565K->455468K(1042432K), 0.0198892 secs] [Times: user=0.05 sys=0.00, real=0.02 secs] 
2021-05-20T06:25:39.168+0800: 507290.848: [GC (Allocation Failure) [PSYoungGen: 514112K->2208K(518144K)] 967468K->456604K(1042432K), 0.0177681 secs] [Times: user=0.02 sys=0.03, real=0.02 secs] 
2021-05-20T06:29:50.829+0800: 507542.508: [GC (Allocation Failure) [PSYoungGen: 514208K->2080K(518656K)] 968604K->457524K(1042944K), 0.0167883 secs] [Times: user=0.04 sys=0.00, real=0.02 secs] 
2021-05-20T06:34:02.527+0800: 507794.206: [GC (Allocation Failure) [PSYoungGen: 515104K->1984K(518656K)] 970548K->458236K(1042944K), 0.0155812 secs] [Times: user=0.03 sys=0.02, real=0.02 secs] 
2021-05-20T06:38:12.125+0800: 508043.804: [GC (Allocation Failure) [PSYoungGen: 515006K->2304K(519168K)] 971258K->459388K(1043456K), 0.0175992 secs] [Times: user=0.03 sys=0.03, real=0.02 secs] 
2021-05-20T06:42:21.506+0800: 508293.186: [GC (Allocation Failure) [PSYoungGen: 515840K->3008K(518656K)] 972924K->461228K(1042944K), 0.0171512 secs] [Times: user=0.02 sys=0.03, real=0.02 secs] 
2021-05-20T06:46:33.033+0800: 508544.713: [GC (Allocation Failure) [PSYoungGen: 516544K->2688K(519168K)] 974764K->462922K(1043456K), 0.0178338 secs] [Times: user=0.05 sys=0.00, real=0.01 secs] 
2021-05-20T06:50:42.582+0800: 508794.262: [GC (Allocation Failure) [PSYoungGen: 516736K->3712K(519168K)] 976970K->465457K(1043456K), 0.0170065 secs] [Times: user=0.05 sys=0.00, real=0.01 secs] 
2021-05-20T06:54:56.479+0800: 509048.159: [GC (Allocation Failure) [PSYoungGen: 517760K->2208K(519168K)] 979505K->466503K(1043456K), 0.0210273 secs] [Times: user=0.05 sys=0.00, real=0.02 secs] 
2021-05-20T06:59:09.394+0800: 509301.074: [GC (Allocation Failure) [PSYoungGen: 516256K->2034K(519168K)] 980551K->467409K(1043456K), 0.0169925 secs] [Times: user=0.02 sys=0.02, real=0.01 secs] 
2021-05-20T07:03:22.306+0800: 509553.985: [GC (Allocation Failure) [PSYoungGen: 516082K->2016K(519680K)] 981457K->468245K(1043968K), 0.0169065 secs] [Times: user=0.03 sys=0.02, real=0.02 secs] 
2021-05-20T07:07:36.164+0800: 509807.844: [GC (Allocation Failure) [PSYoungGen: 516576K->2784K(519168K)] 982805K->469701K(1043456K), 0.0178202 secs] [Times: user=0.03 sys=0.03, real=0.02 secs] 
2021-05-20T07:11:47.513+0800: 510059.192: [GC (Allocation Failure) [PSYoungGen: 517344K->2112K(519680K)] 984261K->470245K(1043968K), 0.0171919 secs] [Times: user=0.03 sys=0.02, real=0.01 secs] 
2021-05-20T07:16:00.620+0800: 510312.300: [GC (Allocation Failure) [PSYoungGen: 517184K->1984K(519680K)] 985317K->471069K(1043968K), 0.0157394 secs] [Times: user=0.03 sys=0.02, real=0.02 secs] 
2021-05-20T07:20:13.576+0800: 510565.256: [GC (Allocation Failure) [PSYoungGen: 517051K->1984K(519680K)] 986136K->471861K(1043968K), 0.0175205 secs] [Times: user=0.02 sys=0.03, real=0.02 secs] 
2021-05-20T07:24:23.889+0800: 510815.568: [GC (Allocation Failure) [PSYoungGen: 517056K->2240K(519680K)] 986933K->472917K(1043968K), 0.0171993 secs] [Times: user=0.03 sys=0.03, real=0.02 secs] 
2021-05-20T07:28:34.312+0800: 511065.992: [GC (Allocation Failure) [PSYoungGen: 517312K->2656K(520192K)] 987989K->474420K(1044480K), 0.0199995 secs] [Times: user=0.06 sys=0.00, real=0.02 secs] 
2021-05-20T07:32:44.698+0800: 511316.377: [GC (Allocation Failure) [PSYoungGen: 518752K->2080K(520192K)] 990516K->475371K(1044480K), 0.0166715 secs] [Times: user=0.03 sys=0.03, real=0.02 secs] 
2021-05-20T07:36:58.910+0800: 511570.589: [GC (Allocation Failure) [PSYoungGen: 518176K->2336K(520192K)] 991467K->476467K(1044480K), 0.0213171 secs] [Times: user=0.05 sys=0.00, real=0.02 secs] 
2021-05-20T07:41:11.498+0800: 511823.178: [GC (Allocation Failure) [PSYoungGen: 518432K->1952K(520192K)] 992563K->477219K(1044480K), 0.0178460 secs] [Times: user=0.02 sys=0.02, real=0.02 secs] 
2021-05-20T07:45:25.710+0800: 512077.389: [GC (Allocation Failure) [PSYoungGen: 518048K->2240K(520704K)] 993315K->478315K(1044992K), 0.0179569 secs] [Times: user=0.02 sys=0.03, real=0.02 secs] 
2021-05-20T07:49:39.983+0800: 512331.663: [GC (Allocation Failure) [PSYoungGen: 518848K->2240K(520192K)] 994923K->479363K(1044480K), 0.0190127 secs] [Times: user=0.05 sys=0.00, real=0.02 secs] 
2021-05-20T07:53:54.188+0800: 512585.868: [GC (Allocation Failure) [PSYoungGen: 518847K->2048K(520704K)] 995971K->480267K(1044992K), 0.0167070 secs] [Times: user=0.06 sys=0.00, real=0.02 secs] 
2021-05-20T07:58:07.538+0800: 512839.218: [GC (Allocation Failure) [PSYoungGen: 519168K->2016K(520704K)] 997387K->481083K(1044992K), 0.0153528 secs] [Times: user=0.03 sys=0.03, real=0.02 secs] 
2021-05-20T08:02:22.195+0800: 513093.875: [GC (Allocation Failure) [PSYoungGen: 519136K->1952K(520704K)] 998203K->481859K(1044992K), 0.0181138 secs] [Times: user=0.03 sys=0.03, real=0.02 secs] 
2021-05-20T08:06:32.635+0800: 513344.314: [GC (Allocation Failure) [PSYoungGen: 519072K->3584K(520704K)] 998979K->486147K(1044992K), 0.0238199 secs] [Times: user=0.04 sys=0.04, real=0.02 secs] 
2021-05-20T08:10:40.852+0800: 513592.531: [GC (Allocation Failure) [PSYoungGen: 520704K->2912K(518656K)] 1003267K->488535K(1042944K), 0.0173536 secs] [Times: user=0.03 sys=0.02, real=0.02 secs] 
2021-05-20T08:14:54.662+0800: 513846.342: [GC (Allocation Failure) [PSYoungGen: 517984K->3072K(519680K)] 1003607K->490518K(1043968K), 0.0167183 secs] [Times: user=0.03 sys=0.03, real=0.01 secs] 
2021-05-20T08:19:03.740+0800: 514095.420: [GC (Allocation Failure) [PSYoungGen: 518144K->2016K(519680K)] 1005590K->491508K(1043968K), 0.0168018 secs] [Times: user=0.06 sys=0.00, real=0.02 secs] 
2021-05-20T08:23:14.084+0800: 514345.764: [GC (Allocation Failure) [PSYoungGen: 517088K->1920K(519680K)] 1006580K->492196K(1043968K), 0.0179625 secs] [Times: user=0.02 sys=0.03, real=0.02 secs] 
2021-05-20T08:27:24.403+0800: 514596.082: [GC (Allocation Failure) [PSYoungGen: 516986K->1984K(519680K)] 1007262K->493076K(1043968K), 0.0170172 secs] [Times: user=0.03 sys=0.03, real=0.01 secs] 
2021-05-20T08:31:36.712+0800: 514848.392: [GC (Allocation Failure) [PSYoungGen: 517056K->2144K(519680K)] 1008148K->494052K(1043968K), 0.0187630 secs] [Times: user=0.05 sys=0.00, real=0.01 secs] 
2021-05-20T08:35:49.492+0800: 515101.172: [GC (Allocation Failure) [PSYoungGen: 517216K->2016K(520192K)] 1009124K->494996K(1044480K), 0.0159523 secs] [Times: user=0.05 sys=0.00, real=0.01 secs] 
2021-05-20T08:40:00.442+0800: 515352.122: [GC (Allocation Failure) [PSYoungGen: 517600K->2336K(519680K)] 1010580K->496148K(1043968K), 0.0179291 secs] [Times: user=0.03 sys=0.03, real=0.01 secs] 
2021-05-20T08:44:14.366+0800: 515606.046: [GC (Allocation Failure) [PSYoungGen: 517920K->1984K(520192K)] 1011732K->496892K(1044480K), 0.0176979 secs] [Times: user=0.03 sys=0.02, real=0.02 secs] 
2021-05-20T08:48:29.384+0800: 515861.064: [GC (Allocation Failure) [PSYoungGen: 518080K->2176K(520192K)] 1012988K->497932K(1044480K), 0.0169669 secs] [Times: user=0.02 sys=0.03, real=0.01 secs] 
2021-05-20T08:52:41.469+0800: 516113.149: [GC (Allocation Failure) [PSYoungGen: 518272K->2720K(520192K)] 1014028K->499547K(1044480K), 0.0184972 secs] [Times: user=0.05 sys=0.00, real=0.02 secs] 
2021-05-20T08:56:54.688+0800: 516366.367: [GC (Allocation Failure) [PSYoungGen: 518816K->2048K(520192K)] 1015643K->500434K(1044480K), 0.0390981 secs] [Times: user=0.06 sys=0.00, real=0.04 secs] 
2021-05-20T09:01:07.438+0800: 516619.118: [GC (Allocation Failure) [PSYoungGen: 518144K->2432K(520704K)] 1016530K->501674K(1044992K), 0.0223200 secs] [Times: user=0.04 sys=0.04, real=0.02 secs] 
2021-05-20T09:05:19.863+0800: 516871.543: [GC (Allocation Failure) [PSYoungGen: 519040K->3136K(520192K)] 1018282K->503674K(1044480K), 0.0228691 secs] [Times: user=0.02 sys=0.02, real=0.02 secs] 
2021-05-20T09:09:33.802+0800: 517125.481: [GC (Allocation Failure) [PSYoungGen: 519744K->2688K(520192K)] 1020282K->505120K(1044480K), 0.0176065 secs] [Times: user=0.03 sys=0.03, real=0.02 secs] 
2021-05-20T09:13:49.552+0800: 517381.232: [GC (Allocation Failure) [PSYoungGen: 518784K->2336K(520192K)] 1021216K->505808K(1044480K), 0.0172200 secs] [Times: user=0.05 sys=0.00, real=0.01 secs] 
2021-05-20T09:18:00.924+0800: 517632.603: [GC (Allocation Failure) [PSYoungGen: 518432K->3104K(520192K)] 1021904K->507768K(1044480K), 0.0152576 secs] [Times: user=0.03 sys=0.02, real=0.01 secs] 
2021-05-20T09:22:10.571+0800: 517882.250: [GC (Allocation Failure) [PSYoungGen: 519200K->2016K(520192K)] 1023864K->508742K(1044480K), 0.0213657 secs] [Times: user=0.03 sys=0.03, real=0.03 secs] 
2021-05-20T09:26:23.048+0800: 518134.728: [GC (Allocation Failure) [PSYoungGen: 518112K->2528K(520192K)] 1024838K->510054K(1044480K), 0.0196359 secs] [Times: user=0.03 sys=0.02, real=0.02 secs] 
2021-05-20T09:30:33.787+0800: 518385.466: [GC (Allocation Failure) [PSYoungGen: 518624K->2048K(520192K)] 1026150K->510885K(1044480K), 0.0206014 secs] [Times: user=0.02 sys=0.04, real=0.02 secs] 
2021-05-20T09:34:46.143+0800: 518637.823: [GC (Allocation Failure) [PSYoungGen: 518144K->2304K(520704K)] 1026981K->511981K(1044992K), 0.0174032 secs] [Times: user=0.05 sys=0.00, real=0.01 secs] 
2021-05-20T09:39:01.017+0800: 518892.697: [GC (Allocation Failure) [PSYoungGen: 519424K->2656K(520704K)] 1029101K->513437K(1044992K), 0.0199474 secs] [Times: user=0.03 sys=0.03, real=0.02 secs] 
2021-05-20T09:43:14.731+0800: 519146.411: [GC (Allocation Failure) [PSYoungGen: 519776K->2496K(520704K)] 1030557K->514629K(1044992K), 0.0193908 secs] [Times: user=0.06 sys=0.00, real=0.02 secs] 
2021-05-20T09:47:26.867+0800: 519398.547: [GC (Allocation Failure) [PSYoungGen: 519616K->2048K(520704K)] 1031749K->515540K(1044992K), 0.0198374 secs] [Times: user=0.03 sys=0.03, real=0.02 secs] 
2021-05-20T09:51:37.265+0800: 519648.945: [GC (Allocation Failure) [PSYoungGen: 519168K->2048K(520704K)] 1032660K->516364K(1044992K), 0.0205447 secs] [Times: user=0.06 sys=0.00, real=0.02 secs] 
2021-05-20T09:55:48.209+0800: 519899.889: [GC (Allocation Failure) [PSYoungGen: 519168K->1984K(520704K)] 1033484K->517140K(1044992K), 0.0168039 secs] [Times: user=0.03 sys=0.02, real=0.02 secs] 
2021-05-20T10:00:00.417+0800: 520152.097: [GC (Allocation Failure) [PSYoungGen: 519104K->2080K(520704K)] 1034260K->518068K(1044992K), 0.0195686 secs] [Times: user=0.03 sys=0.02, real=0.02 secs] 
2021-05-20T10:04:13.043+0800: 520404.723: [GC (Allocation Failure) [PSYoungGen: 519200K->3424K(520704K)] 1035188K->520244K(1044992K), 0.0172903 secs] [Times: user=0.06 sys=0.00, real=0.01 secs] 
2021-05-20T10:08:23.502+0800: 520655.182: [GC (Allocation Failure) [PSYoungGen: 520544K->2848K(519680K)] 1037364K->521866K(1043968K), 0.0424902 secs] [Times: user=0.07 sys=0.00, real=0.04 secs] 
2021-05-20T10:12:34.831+0800: 520906.511: [GC (Allocation Failure) [PSYoungGen: 518944K->2176K(520192K)] 1037962K->522322K(1044480K), 0.0154041 secs] [Times: user=0.05 sys=0.00, real=0.02 secs] 
2021-05-20T10:16:47.538+0800: 521159.218: [GC (Allocation Failure) [PSYoungGen: 518272K->2016K(520704K)] 1038418K->523082K(1044992K), 0.0183713 secs] [Times: user=0.02 sys=0.02, real=0.02 secs] 
2021-05-20T10:21:00.479+0800: 521412.159: [GC (Allocation Failure) [PSYoungGen: 519136K->2016K(520704K)] 1040202K->523922K(1044992K), 0.0253165 secs] [Times: user=0.06 sys=0.00, real=0.03 secs] 
2021-05-20T10:25:13.406+0800: 521665.086: [GC (Allocation Failure) [PSYoungGen: 519136K->2016K(520704K)] 1041042K->524738K(1044992K), 0.0195458 secs] [Times: user=0.03 sys=0.03, real=0.02 secs] 
2021-05-20T10:25:13.426+0800: 521665.106: [Full GC (Ergonomics) [PSYoungGen: 2016K->0K(520704K)] [ParOldGen: 522722K->237719K(524288K)] 524738K->237719K(1044992K), [Metaspace: 93953K->93953K(1136640K)], 0.4767442 secs] [Times: user=1.08 sys=0.00, real=0.48 secs] 
2021-05-20T10:29:26.223+0800: 521917.903: [GC (Allocation Failure) [PSYoungGen: 517120K->2080K(520704K)] 754839K->239799K(1044992K), 0.0204132 secs] [Times: user=0.02 sys=0.02, real=0.02 secs] 
2021-05-20T10:33:36.540+0800: 522168.220: [GC (Allocation Failure) [PSYoungGen: 519200K->2176K(520704K)] 756919K->240791K(1044992K), 0.0160103 secs] [Times: user=0.01 sys=0.02, real=0.02 secs] 
2021-05-20T10:37:50.535+0800: 522422.215: [GC (Allocation Failure) [PSYoungGen: 519296K->2400K(520704K)] 757911K->241887K(1044992K), 0.0159936 secs] [Times: user=0.03 sys=0.02, real=0.01 secs] 
2021-05-20T10:42:02.216+0800: 522673.896: [GC (Allocation Failure) [PSYoungGen: 519520K->2240K(520704K)] 759007K->242911K(1044992K), 0.0178478 secs] [Times: user=0.05 sys=0.00, real=0.02 secs] 
2021-05-20T10:46:13.500+0800: 522925.180: [GC (Allocation Failure) [PSYoungGen: 519359K->2272K(520704K)] 760030K->243998K(1044992K), 0.0200260 secs] [Times: user=0.03 sys=0.03, real=0.02 secs] 
2021-05-20T10:50:27.934+0800: 523179.613: [GC (Allocation Failure) [PSYoungGen: 519392K->2080K(521216K)] 761118K->244870K(1045504K), 0.0182810 secs] [Times: user=0.02 sys=0.03, real=0.02 secs] 
2021-05-20T10:54:38.315+0800: 523429.994: [GC (Allocation Failure) [PSYoungGen: 520224K->3072K(521216K)] 763014K->251025K(1045504K), 0.0165987 secs] [Times: user=0.05 sys=0.00, real=0.01 secs] 
2021-05-20T10:58:51.702+0800: 523683.382: [GC (Allocation Failure) [PSYoungGen: 521216K->2240K(517120K)] 769169K->252790K(1041408K), 0.0193828 secs] [Times: user=0.02 sys=0.02, real=0.01 secs] 
2021-05-20T11:03:05.641+0800: 523937.321: [GC (Allocation Failure) [PSYoungGen: 516288K->2112K(519168K)] 766838K->253742K(1043456K), 0.0187698 secs] [Times: user=0.05 sys=0.00, real=0.02 secs] 
2021-05-20T11:07:17.154+0800: 524188.834: [GC (Allocation Failure) [PSYoungGen: 516160K->3136K(519168K)] 767790K->255494K(1043456K), 0.0187152 secs] [Times: user=0.03 sys=0.03, real=0.02 secs] 
2021-05-20T11:11:27.468+0800: 524439.147: [GC (Allocation Failure) [PSYoungGen: 517184K->1920K(519168K)] 769542K->255829K(1043456K), 0.0175557 secs] [Times: user=0.03 sys=0.03, real=0.02 secs] 
2021-05-20T11:15:37.805+0800: 524689.484: [GC (Allocation Failure) [PSYoungGen: 515968K->1984K(519168K)] 769877K->256614K(1043456K), 0.0147887 secs] [Times: user=0.02 sys=0.03, real=0.01 secs] 
2021-05-20T11:19:48.315+0800: 524939.994: [GC (Allocation Failure) [PSYoungGen: 516032K->2048K(519168K)] 770662K->257502K(1043456K), 0.0150842 secs] [Times: user=0.03 sys=0.02, real=0.01 secs] 
2021-05-20T11:24:01.192+0800: 525192.872: [GC (Allocation Failure) [PSYoungGen: 516096K->2272K(519680K)] 771550K->258622K(1043968K), 0.0422581 secs] [Times: user=0.06 sys=0.00, real=0.05 secs] 
2021-05-20T11:28:11.480+0800: 525443.160: [GC (Allocation Failure) [PSYoungGen: 517341K->1984K(519680K)] 773691K->259469K(1043968K), 0.0165859 secs] [Times: user=0.03 sys=0.02, real=0.02 secs] 
2021-05-20T11:32:21.276+0800: 525692.956: [GC (Allocation Failure) [PSYoungGen: 517056K->2400K(519680K)] 774541K->260693K(1043968K), 0.0518325 secs] [Times: user=0.03 sys=0.02, real=0.05 secs] 
2021-05-20T11:36:31.441+0800: 525943.121: [GC (Allocation Failure) [PSYoungGen: 517472K->2720K(519680K)] 775765K->262141K(1043968K), 0.0198519 secs] [Times: user=0.06 sys=0.00, real=0.02 secs] 
2021-05-20T11:40:42.404+0800: 526194.084: [GC (Allocation Failure) [PSYoungGen: 517792K->2112K(520192K)] 777213K->263108K(1044480K), 0.0168580 secs] [Times: user=0.06 sys=0.00, real=0.01 secs] 
2021-05-20T11:44:57.118+0800: 526448.797: [GC (Allocation Failure) [PSYoungGen: 518208K->2080K(520192K)] 779204K->263988K(1044480K), 0.0164793 secs] [Times: user=0.06 sys=0.00, real=0.02 secs] 
2021-05-20T11:49:08.144+0800: 526699.824: [GC (Allocation Failure) [PSYoungGen: 518176K->2080K(520192K)] 780084K->264860K(1044480K), 0.0151472 secs] [Times: user=0.02 sys=0.02, real=0.01 secs] 
2021-05-20T11:53:18.940+0800: 526950.620: [GC (Allocation Failure) [PSYoungGen: 518176K->2304K(520192K)] 780956K->265924K(1044480K), 0.0151237 secs] [Times: user=0.02 sys=0.02, real=0.02 secs] 
2021-05-20T11:57:28.882+0800: 527200.561: [GC (Allocation Failure) [PSYoungGen: 518400K->3360K(520192K)] 782020K->268084K(1044480K), 0.0158349 secs] [Times: user=0.02 sys=0.03, real=0.02 secs] 
2021-05-20T12:01:41.826+0800: 527453.505: [GC (Allocation Failure) [PSYoungGen: 519456K->3104K(520192K)] 784180K->269899K(1044480K), 0.0172762 secs] [Times: user=0.05 sys=0.00, real=0.02 secs] 
2021-05-20T12:05:52.089+0800: 527703.769: [GC (Allocation Failure) [PSYoungGen: 519200K->3328K(519168K)] 785995K->272025K(1043456K), 0.0207887 secs] [Times: user=0.06 sys=0.00, real=0.02 secs] 
2021-05-20T12:10:06.814+0800: 527958.494: [GC (Allocation Failure) [PSYoungGen: 518400K->1920K(519680K)] 787097K->272281K(1043968K), 0.0176705 secs] [Times: user=0.02 sys=0.02, real=0.02 secs] 
2021-05-20T12:14:20.417+0800: 528212.097: [GC (Allocation Failure) [PSYoungGen: 516992K->1952K(520192K)] 787353K->273065K(1044480K), 0.0150161 secs] [Times: user=0.02 sys=0.03, real=0.02 secs] 
2021-05-20T12:18:31.813+0800: 528463.493: [GC (Allocation Failure) [PSYoungGen: 517536K->2144K(519680K)] 788649K->274137K(1043968K), 0.0147723 secs] [Times: user=0.05 sys=0.00, real=0.01 secs] 
2021-05-20T12:22:41.803+0800: 528713.482: [GC (Allocation Failure) [PSYoungGen: 517728K->2080K(520192K)] 789721K->275176K(1044480K), 0.0268920 secs] [Times: user=0.03 sys=0.03, real=0.02 secs] 
2021-05-20T12:26:55.925+0800: 528967.604: [GC (Allocation Failure) [PSYoungGen: 518176K->1984K(520192K)] 791272K->275912K(1044480K), 0.0161572 secs] [Times: user=0.04 sys=0.00, real=0.01 secs] 
2021-05-20T12:31:06.916+0800: 529218.596: [GC (Allocation Failure) [PSYoungGen: 518080K->2048K(520192K)] 792008K->276792K(1044480K), 0.0234844 secs] [Times: user=0.05 sys=0.00, real=0.02 secs] 
2021-05-20T12:35:19.022+0800: 529470.702: [GC (Allocation Failure) [PSYoungGen: 518144K->2336K(520192K)] 792888K->277904K(1044480K), 0.0196283 secs] [Times: user=0.02 sys=0.02, real=0.02 secs] 
2021-05-20T12:39:29.210+0800: 529720.890: [GC (Allocation Failure) [PSYoungGen: 518432K->2560K(520704K)] 794000K->279240K(1044992K), 0.0180116 secs] [Times: user=0.02 sys=0.03, real=0.02 secs] 
2021-05-20T12:43:41.914+0800: 529973.594: [GC (Allocation Failure) [PSYoungGen: 519680K->2048K(520704K)] 796360K->280104K(1044992K), 0.0476082 secs] [Times: user=0.02 sys=0.02, real=0.05 secs] 
2021-05-20T12:47:53.313+0800: 530224.992: [GC (Allocation Failure) [PSYoungGen: 519168K->1952K(520704K)] 797224K->280856K(1044992K), 0.0167162 secs] [Times: user=0.03 sys=0.03, real=0.01 secs] 
2021-05-20T12:52:08.672+0800: 530480.351: [GC (Allocation Failure) [PSYoungGen: 519065K->2080K(520704K)] 797969K->281800K(1044992K), 0.0179039 secs] [Times: user=0.05 sys=0.00, real=0.02 secs] 
2021-05-20T12:56:19.835+0800: 530731.515: [GC (Allocation Failure) [PSYoungGen: 519200K->2080K(520704K)] 798920K->282648K(1044992K), 0.0193322 secs] [Times: user=0.05 sys=0.00, real=0.02 secs] 
2021-05-20T13:00:32.767+0800: 530984.447: [GC (Allocation Failure) [PSYoungGen: 519200K->1984K(520704K)] 799768K->283472K(1044992K), 0.0160863 secs] [Times: user=0.05 sys=0.00, real=0.02 secs] 
2021-05-20T13:04:49.848+0800: 531241.528: [GC (Allocation Failure) [PSYoungGen: 519104K->2048K(520704K)] 800592K->284379K(1044992K), 0.0193272 secs] [Times: user=0.05 sys=0.00, real=0.02 secs] 
2021-05-20T13:09:05.157+0800: 531496.836: [GC (Allocation Failure) [PSYoungGen: 519168K->2656K(520704K)] 801499K->285819K(1044992K), 0.0184906 secs] [Times: user=0.02 sys=0.03, real=0.02 secs] 
2021-05-20T13:13:15.562+0800: 531747.242: [GC (Allocation Failure) [PSYoungGen: 519776K->1888K(520704K)] 802939K->286147K(1044992K), 0.0168714 secs] [Times: user=0.02 sys=0.03, real=0.02 secs] 
2021-05-20T13:17:28.363+0800: 532000.042: [GC (Allocation Failure) [PSYoungGen: 519008K->2080K(520704K)] 803267K->287019K(1044992K), 0.0182121 secs] [Times: user=0.02 sys=0.03, real=0.01 secs] 
2021-05-20T13:21:42.404+0800: 532254.084: [GC (Allocation Failure) [PSYoungGen: 519200K->1984K(521216K)] 804139K->287771K(1045504K), 0.0170197 secs] [Times: user=0.02 sys=0.02, real=0.01 secs] 
2021-05-20T13:25:56.632+0800: 532508.311: [GC (Allocation Failure) [PSYoungGen: 519616K->2080K(520704K)] 805403K->288707K(1044992K), 0.0156753 secs] [Times: user=0.04 sys=0.00, real=0.02 secs] 
2021-05-20T13:30:07.440+0800: 532759.119: [GC (Allocation Failure) [PSYoungGen: 519712K->1984K(521216K)] 806339K->289451K(1045504K), 0.0188188 secs] [Times: user=0.03 sys=0.03, real=0.02 secs] 
2021-05-20T13:34:22.295+0800: 533013.975: [GC (Allocation Failure) [PSYoungGen: 520128K->2144K(521216K)] 807595K->290435K(1045504K), 0.0186536 secs] [Times: user=0.05 sys=0.00, real=0.02 secs] 
2021-05-20T13:38:37.548+0800: 533269.228: [GC (Allocation Failure) [PSYoungGen: 520288K->2336K(521216K)] 808579K->291507K(1045504K), 0.0160091 secs] [Times: user=0.03 sys=0.02, real=0.02 secs] 
2021-05-20T13:42:48.017+0800: 533519.696: [GC (Allocation Failure) [PSYoungGen: 520480K->1984K(521216K)] 809651K->292339K(1045504K), 0.0209043 secs] [Times: user=0.05 sys=0.00, real=0.02 secs] 
2021-05-20T13:47:02.596+0800: 533774.276: [GC (Allocation Failure) [PSYoungGen: 520128K->2048K(521216K)] 810483K->293227K(1045504K), 0.0157540 secs] [Times: user=0.02 sys=0.02, real=0.02 secs] 
2021-05-20T13:51:13.648+0800: 534025.328: [GC (Allocation Failure) [PSYoungGen: 520192K->2272K(521216K)] 811371K->294267K(1045504K), 0.0159525 secs] [Times: user=0.04 sys=0.00, real=0.02 secs] 
2021-05-20T13:55:28.278+0800: 534279.958: [GC (Allocation Failure) [PSYoungGen: 520416K->1952K(521216K)] 812411K->295131K(1045504K), 0.0159763 secs] [Times: user=0.03 sys=0.02, real=0.02 secs] 
2021-05-20T13:59:42.082+0800: 534533.762: [GC (Allocation Failure) [PSYoungGen: 520096K->2048K(521216K)] 813275K->296107K(1045504K), 0.0193712 secs] [Times: user=0.02 sys=0.02, real=0.02 secs] 
2021-05-20T14:03:53.837+0800: 534785.517: [GC (Allocation Failure) [PSYoungGen: 520192K->2016K(521216K)] 814251K->296883K(1045504K), 0.0166927 secs] [Times: user=0.04 sys=0.00, real=0.02 secs] 
2021-05-20T14:08:04.971+0800: 535036.651: [GC (Allocation Failure) [PSYoungGen: 520160K->3072K(521216K)] 815027K->298994K(1045504K), 0.0245249 secs] [Times: user=0.07 sys=0.00, real=0.03 secs] 
2021-05-20T14:12:19.627+0800: 535291.307: [GC (Allocation Failure) [PSYoungGen: 521216K->1888K(520192K)] 817138K->299633K(1044480K), 0.0161205 secs] [Times: user=0.05 sys=0.00, real=0.02 secs] 
2021-05-20T14:16:35.906+0800: 535547.586: [GC (Allocation Failure) [PSYoungGen: 519008K->2048K(520704K)] 816753K->300489K(1044992K), 0.0171031 secs] [Times: user=0.05 sys=0.00, real=0.02 secs] 
2021-05-20T14:20:48.083+0800: 535799.762: [GC (Allocation Failure) [PSYoungGen: 519168K->1984K(520704K)] 817609K->301281K(1044992K), 0.0171311 secs] [Times: user=0.03 sys=0.03, real=0.01 secs] 
2021-05-20T14:25:00.761+0800: 536052.441: [GC (Allocation Failure) [PSYoungGen: 519104K->2048K(520704K)] 818401K->302177K(1044992K), 0.0173289 secs] [Times: user=0.03 sys=0.02, real=0.02 secs] 
2021-05-20T14:29:14.547+0800: 536306.227: [GC (Allocation Failure) [PSYoungGen: 519168K->2016K(521216K)] 819297K->303017K(1045504K), 0.0159786 secs] [Times: user=0.04 sys=0.00, real=0.02 secs] 
2021-05-20T14:33:24.908+0800: 536556.588: [GC (Allocation Failure) [PSYoungGen: 519648K->2080K(520704K)] 820649K->303921K(1044992K), 0.0146889 secs] [Times: user=0.03 sys=0.02, real=0.02 secs] 
2021-05-20T14:37:37.592+0800: 536809.272: [GC (Allocation Failure) [PSYoungGen: 519712K->2336K(521216K)] 821553K->305041K(1045504K), 0.0174299 secs] [Times: user=0.05 sys=0.00, real=0.01 secs] 
2021-05-20T14:41:52.921+0800: 537064.600: [GC (Allocation Failure) [PSYoungGen: 520480K->1920K(521216K)] 823185K->305786K(1045504K), 0.0162444 secs] [Times: user=0.02 sys=0.03, real=0.02 secs] 
2021-05-20T14:46:04.085+0800: 537315.765: [GC (Allocation Failure) [PSYoungGen: 520064K->2304K(521216K)] 823930K->307002K(1045504K), 0.0138277 secs] [Times: user=0.02 sys=0.03, real=0.01 secs] 
2021-05-20T14:50:18.660+0800: 537570.340: [GC (Allocation Failure) [PSYoungGen: 520448K->2048K(521216K)] 825146K->307793K(1045504K), 0.0161000 secs] [Times: user=0.03 sys=0.02, real=0.02 secs] 
2021-05-20T14:54:33.196+0800: 537824.876: [GC (Allocation Failure) [PSYoungGen: 520192K->2272K(521216K)] 825937K->308897K(1045504K), 0.0192546 secs] [Times: user=0.05 sys=0.00, real=0.02 secs] 
2021-05-20T14:58:46.251+0800: 538077.931: [GC (Allocation Failure) [PSYoungGen: 520416K->1952K(521216K)] 827041K->309705K(1045504K), 0.0159091 secs] [Times: user=0.06 sys=0.00, real=0.02 secs] 
2021-05-20T15:03:04.693+0800: 538336.372: [GC (Allocation Failure) [PSYoungGen: 520096K->2272K(521216K)] 827849K->310841K(1045504K), 0.0203229 secs] [Times: user=0.03 sys=0.04, real=0.02 secs] 
2021-05-20T15:07:18.293+0800: 538589.973: [GC (Allocation Failure) [PSYoungGen: 520416K->2944K(521216K)] 828985K->312505K(1045504K), 0.0165348 secs] [Times: user=0.03 sys=0.02, real=0.01 secs] 
2021-05-20T15:11:30.851+0800: 538842.530: [GC (Allocation Failure) [PSYoungGen: 521088K->2272K(521216K)] 830649K->313105K(1045504K), 0.0160103 secs] [Times: user=0.02 sys=0.03, real=0.02 secs] 
2021-05-20T15:15:45.060+0800: 539096.740: [GC (Allocation Failure) [PSYoungGen: 520416K->1984K(521216K)] 831249K->314040K(1045504K), 0.0155519 secs] [Times: user=0.02 sys=0.02, real=0.02 secs] 
2021-05-20T15:19:58.402+0800: 539350.082: [GC (Allocation Failure) [PSYoungGen: 520128K->2048K(521216K)] 832184K->314944K(1045504K), 0.0156116 secs] [Times: user=0.02 sys=0.02, real=0.01 secs] 
2021-05-20T15:24:13.320+0800: 539604.999: [GC (Allocation Failure) [PSYoungGen: 520192K->2080K(521216K)] 833088K->315808K(1045504K), 0.0418537 secs] [Times: user=0.02 sys=0.02, real=0.04 secs] 
2021-05-20T15:28:27.145+0800: 539858.825: [GC (Allocation Failure) [PSYoungGen: 520224K->2176K(521216K)] 833952K->316784K(1045504K), 0.0211566 secs] [Times: user=0.02 sys=0.03, real=0.02 secs] 
2021-05-20T15:32:42.257+0800: 540113.937: [GC (Allocation Failure) [PSYoungGen: 520320K->2144K(521216K)] 834928K->317816K(1045504K), 0.0163766 secs] [Times: user=0.04 sys=0.00, real=0.02 secs] 
2021-05-20T15:36:55.586+0800: 540367.265: [GC (Allocation Failure) [PSYoungGen: 520288K->2368K(521216K)] 835960K->318936K(1045504K), 0.0161668 secs] [Times: user=0.06 sys=0.00, real=0.01 secs] 
2021-05-20T15:41:08.267+0800: 540619.947: [GC (Allocation Failure) [PSYoungGen: 520512K->1984K(521216K)] 837080K->319712K(1045504K), 0.0198821 secs] [Times: user=0.02 sys=0.03, real=0.02 secs] 
2021-05-20T15:45:21.589+0800: 540873.269: [GC (Allocation Failure) [PSYoungGen: 520128K->3040K(520192K)] 837856K->321648K(1044480K), 0.0167408 secs] [Times: user=0.06 sys=0.00, real=0.02 secs] 
2021-05-20T15:49:31.565+0800: 541123.244: [GC (Allocation Failure) [PSYoungGen: 520160K->3488K(520704K)] 838768K->324206K(1044992K), 0.0184623 secs] [Times: user=0.02 sys=0.03, real=0.02 secs] 
2021-05-20T15:53:44.454+0800: 541376.133: [GC (Allocation Failure) [PSYoungGen: 520608K->2752K(519680K)] 841326K->325996K(1043968K), 0.0212669 secs] [Times: user=0.02 sys=0.03, real=0.02 secs] 
2021-05-20T15:57:58.731+0800: 541630.411: [GC (Allocation Failure) [PSYoungGen: 518844K->2560K(520192K)] 842088K->327395K(1044480K), 0.0165213 secs] [Times: user=0.05 sys=0.00, real=0.02 secs] 
2021-05-20T16:02:10.418+0800: 541882.097: [GC (Allocation Failure) [PSYoungGen: 518656K->1952K(520704K)] 843491K->328146K(1044992K), 0.0199207 secs] [Times: user=0.03 sys=0.03, real=0.02 secs] 
2021-05-20T16:06:20.754+0800: 542132.434: [GC (Allocation Failure) [PSYoungGen: 519072K->3232K(520704K)] 845266K->330130K(1044992K), 0.0197412 secs] [Times: user=0.03 sys=0.02, real=0.02 secs] 
2021-05-20T16:10:33.827+0800: 542385.507: [GC (Allocation Failure) [PSYoungGen: 520352K->1920K(519680K)] 847250K->330426K(1043968K), 0.0166538 secs] [Times: user=0.03 sys=0.02, real=0.02 secs] 
2021-05-20T16:14:46.589+0800: 542638.268: [GC (Allocation Failure) [PSYoungGen: 518016K->2176K(520192K)] 846522K->331410K(1044480K), 0.0143509 secs] [Times: user=0.02 sys=0.03, real=0.02 secs] 
2021-05-20T16:18:59.248+0800: 542890.927: [GC (Allocation Failure) [PSYoungGen: 518272K->1984K(520704K)] 847506K->332297K(1044992K), 0.0160847 secs] [Times: user=0.05 sys=0.00, real=0.02 secs] 
2021-05-20T16:23:10.850+0800: 543142.529: [GC (Allocation Failure) [PSYoungGen: 518592K->2272K(520192K)] 848905K->333401K(1044480K), 0.0182274 secs] [Times: user=0.02 sys=0.02, real=0.02 secs] 
2021-05-20T16:27:22.950+0800: 543394.630: [GC (Allocation Failure) [PSYoungGen: 518880K->1984K(520704K)] 850009K->334217K(1044992K), 0.0156132 secs] [Times: user=0.05 sys=0.00, real=0.02 secs] 
2021-05-20T16:31:34.761+0800: 543646.440: [GC (Allocation Failure) [PSYoungGen: 519104K->3584K(520704K)] 851337K->339151K(1044992K), 0.0195506 secs] [Times: user=0.07 sys=0.00, real=0.02 secs] 
2021-05-20T16:35:47.670+0800: 543899.350: [GC (Allocation Failure) [PSYoungGen: 520704K->3552K(514560K)] 856271K->342403K(1038848K), 0.0215510 secs] [Times: user=0.02 sys=0.03, real=0.02 secs] 
2021-05-20T16:39:59.065+0800: 544150.744: [GC (Allocation Failure) [PSYoungGen: 514528K->2336K(517632K)] 853379K->343928K(1041920K), 0.0257390 secs] [Times: user=0.03 sys=0.03, real=0.02 secs] 
2021-05-20T16:44:09.495+0800: 544401.174: [GC (Allocation Failure) [PSYoungGen: 513312K->2272K(518144K)] 854904K->344968K(1042432K), 0.0166177 secs] [Times: user=0.06 sys=0.00, real=0.01 secs] 
2021-05-20T16:48:20.699+0800: 544652.379: [GC (Allocation Failure) [PSYoungGen: 514272K->2016K(518144K)] 856968K->345824K(1042432K), 0.0164086 secs] [Times: user=0.03 sys=0.03, real=0.02 secs] 
2021-05-20T16:52:30.162+0800: 544901.842: [GC (Allocation Failure) [PSYoungGen: 514016K->2048K(518144K)] 857824K->346704K(1042432K), 0.0174242 secs] [Times: user=0.05 sys=0.00, real=0.01 secs] 
2021-05-20T16:56:43.743+0800: 545155.423: [GC (Allocation Failure) [PSYoungGen: 514048K->2304K(518144K)] 858704K->347768K(1042432K), 0.0203308 secs] [Times: user=0.02 sys=0.02, real=0.02 secs] 
2021-05-20T17:00:55.144+0800: 545406.824: [GC (Allocation Failure) [PSYoungGen: 514304K->1984K(518656K)] 859768K->348608K(1042944K), 0.0192121 secs] [Times: user=0.05 sys=0.00, real=0.02 secs] 
2021-05-20T17:05:09.434+0800: 545661.114: [GC (Allocation Failure) [PSYoungGen: 515008K->2016K(518656K)] 861632K->349480K(1042944K), 0.0181048 secs] [Times: user=0.02 sys=0.03, real=0.02 secs] 
2021-05-20T17:09:20.666+0800: 545912.345: [GC (Allocation Failure) [PSYoungGen: 515040K->2688K(519168K)] 862504K->350904K(1043456K), 0.0192918 secs] [Times: user=0.03 sys=0.03, real=0.02 secs] 
2021-05-20T17:13:31.896+0800: 546163.575: [GC (Allocation Failure) [PSYoungGen: 516224K->1920K(518656K)] 864440K->351176K(1042944K), 0.0187573 secs] [Times: user=0.01 sys=0.03, real=0.02 secs] 
2021-05-20T17:17:45.441+0800: 546417.121: [GC (Allocation Failure) [PSYoungGen: 515456K->2240K(519168K)] 864712K->352192K(1043456K), 0.0159996 secs] [Times: user=0.03 sys=0.03, real=0.02 secs] 
2021-05-20T17:21:44.478+0800: 546656.158: [GC (Allocation Failure) [PSYoungGen: 516288K->5120K(519168K)] 866240K->356439K(1043456K), 0.0176692 secs] [Times: user=0.05 sys=0.00, real=0.02 secs] 
2021-05-20T17:25:27.944+0800: 546879.623: [GC (Allocation Failure) [PSYoungGen: 519168K->5088K(513024K)] 870487K->361091K(1037312K), 0.0264012 secs] [Times: user=0.03 sys=0.03, real=0.02 secs] 
2021-05-20T17:29:13.277+0800: 547104.956: [GC (Allocation Failure) [PSYoungGen: 512992K->7104K(515072K)] 868995K->367016K(1039360K), 0.0233016 secs] [Times: user=0.03 sys=0.03, real=0.02 secs] 
2021-05-20T17:33:01.300+0800: 547332.979: [GC (Allocation Failure) [PSYoungGen: 515008K->6944K(514048K)] 874920K->372938K(1038336K), 0.0191629 secs] [Times: user=0.06 sys=0.00, real=0.02 secs] 
2021-05-20T17:36:53.857+0800: 547565.537: [GC (Allocation Failure) [PSYoungGen: 511776K->7392K(512512K)] 877770K->378852K(1036800K), 0.0265349 secs] [Times: user=0.08 sys=0.00, real=0.03 secs] 
2021-05-20T17:40:39.748+0800: 547791.428: [GC (Allocation Failure) [PSYoungGen: 512224K->5888K(514048K)] 883684K->383295K(1038336K), 0.0299541 secs] [Times: user=0.06 sys=0.00, real=0.03 secs] 
2021-05-20T17:44:29.514+0800: 548021.194: [GC (Allocation Failure) [PSYoungGen: 509696K->6080K(514048K)] 887103K->388099K(1038336K), 0.0214370 secs] [Times: user=0.06 sys=0.00, real=0.02 secs] 
2021-05-20T17:48:09.988+0800: 548241.668: [GC (Allocation Failure) [PSYoungGen: 509888K->6304K(514048K)] 891907K->393238K(1038336K), 0.0196282 secs] [Times: user=0.06 sys=0.00, real=0.02 secs] 
2021-05-20T17:51:52.441+0800: 548464.121: [GC (Allocation Failure) [PSYoungGen: 510112K->7104K(510976K)] 897046K->398627K(1035264K), 0.0204470 secs] [Times: user=0.06 sys=0.00, real=0.02 secs] 
2021-05-20T17:55:41.272+0800: 548692.951: [GC (Allocation Failure) [PSYoungGen: 510912K->7264K(513536K)] 902435K->404917K(1037824K), 0.0211202 secs] [Times: user=0.04 sys=0.03, real=0.03 secs] 
2021-05-20T17:59:39.540+0800: 548931.220: [GC (Allocation Failure) [PSYoungGen: 510048K->7040K(513536K)] 907701K->410776K(1037824K), 0.0200980 secs] [Times: user=0.03 sys=0.03, real=0.02 secs] 
2021-05-20T18:03:34.997+0800: 549166.677: [GC (Allocation Failure) [PSYoungGen: 509824K->9216K(511488K)] 913560K->418059K(1035776K), 0.0442777 secs] [Times: user=0.04 sys=0.03, real=0.04 secs] 
2021-05-20T18:07:20.610+0800: 549392.290: [GC (Allocation Failure) [PSYoungGen: 509952K->8224K(509440K)] 918795K->423789K(1033728K), 0.0596820 secs] [Times: user=0.08 sys=0.00, real=0.06 secs] 
2021-05-20T18:11:19.852+0800: 549631.532: [GC (Allocation Failure) [PSYoungGen: 508960K->7104K(512512K)] 924525K->429702K(1036800K), 0.0276770 secs] [Times: user=0.07 sys=0.00, real=0.03 secs] 
2021-05-20T18:15:30.192+0800: 549881.872: [GC (Allocation Failure) [PSYoungGen: 507328K->6208K(512000K)] 929926K->434552K(1036288K), 0.0216813 secs] [Times: user=0.03 sys=0.03, real=0.02 secs] 
2021-05-20T18:19:43.428+0800: 550135.108: [GC (Allocation Failure) [PSYoungGen: 506432K->4704K(513024K)] 934776K->438451K(1037312K), 0.0375944 secs] [Times: user=0.07 sys=0.00, real=0.04 secs] 
2021-05-20T18:23:48.971+0800: 550380.651: [GC (Allocation Failure) [PSYoungGen: 506464K->5344K(513024K)] 940211K->442823K(1037312K), 0.0172513 secs] [Times: user=0.03 sys=0.02, real=0.02 secs] 
2021-05-20T18:27:52.313+0800: 550623.993: [GC (Allocation Failure) [PSYoungGen: 507104K->6688K(513536K)] 944583K->448317K(1037824K), 0.0199368 secs] [Times: user=0.03 sys=0.03, real=0.02 secs] 
2021-05-20T18:31:50.793+0800: 550862.473: [GC (Allocation Failure) [PSYoungGen: 509472K->3840K(513536K)] 951101K->450903K(1037824K), 0.0263160 secs] [Times: user=0.03 sys=0.04, real=0.02 secs] 
2021-05-20T18:35:50.471+0800: 551102.151: [GC (Allocation Failure) [PSYoungGen: 506624K->4320K(514048K)] 953687K->454213K(1038336K), 0.0216996 secs] [Times: user=0.06 sys=0.00, real=0.03 secs] 
2021-05-20T18:39:53.922+0800: 551345.602: [GC (Allocation Failure) [PSYoungGen: 507616K->4352K(513536K)] 957509K->457713K(1037824K), 0.0208285 secs] [Times: user=0.06 sys=0.00, real=0.03 secs] 
2021-05-20T18:43:55.482+0800: 551587.161: [GC (Allocation Failure) [PSYoungGen: 507648K->3360K(514048K)] 961009K->460022K(1038336K), 0.0182686 secs] [Times: user=0.03 sys=0.03, real=0.02 secs] 
2021-05-20T18:47:45.855+0800: 551817.535: [GC (Allocation Failure) [PSYoungGen: 507168K->10208K(514048K)] 963830K->471349K(1038336K), 0.0241838 secs] [Times: user=0.07 sys=0.00, real=0.02 secs] 
2021-05-20T18:51:36.069+0800: 552047.749: [GC (Allocation Failure) [PSYoungGen: 514016K->10208K(496640K)] 975157K->484728K(1020928K), 0.0398247 secs] [Times: user=0.04 sys=0.04, real=0.04 secs] 
2021-05-20T18:55:15.697+0800: 552267.376: [GC (Allocation Failure) [PSYoungGen: 496608K->15264K(501760K)] 971128K->498949K(1026048K), 0.0278014 secs] [Times: user=0.07 sys=0.00, real=0.03 secs] 
2021-05-20T18:58:56.691+0800: 552488.371: [GC (Allocation Failure) [PSYoungGen: 501664K->12466K(503808K)] 985349K->506482K(1028096K), 0.0254808 secs] [Times: user=0.08 sys=0.00, real=0.03 secs] 
2021-05-20T19:02:37.027+0800: 552708.707: [GC (Allocation Failure) [PSYoungGen: 495794K->13472K(497152K)] 989810K->516391K(1021440K), 0.0243690 secs] [Times: user=0.04 sys=0.03, real=0.02 secs] 
2021-05-20T19:06:14.158+0800: 552925.838: [GC (Allocation Failure) [PSYoungGen: 496800K->15008K(501248K)] 999719K->528058K(1025536K), 0.0323553 secs] [Times: user=0.09 sys=0.00, real=0.03 secs] 
2021-05-20T19:06:14.191+0800: 552925.871: [Full GC (Ergonomics) [PSYoungGen: 15008K->0K(501248K)] [ParOldGen: 513050K->266195K(524288K)] 528058K->266195K(1025536K), [Metaspace: 93961K->93961K(1136640K)], 0.4483470 secs] [Times: user=0.96 sys=0.00, real=0.45 secs] 
2021-05-20T19:09:51.080+0800: 553142.760: [GC (Allocation Failure) [PSYoungGen: 480256K->15040K(495616K)] 746451K->281235K(1019904K), 0.0203133 secs] [Times: user=0.05 sys=0.00, real=0.02 secs] 
2021-05-20T19:13:27.830+0800: 553359.510: [GC (Allocation Failure) [PSYoungGen: 495296K->14304K(500736K)] 761491K->291110K(1025024K), 0.0253239 secs] [Times: user=0.04 sys=0.04, real=0.03 secs] 
2021-05-20T19:17:02.557+0800: 553574.236: [GC (Allocation Failure) [PSYoungGen: 492512K->12832K(501248K)] 769318K->299265K(1025536K), 0.0221927 secs] [Times: user=0.07 sys=0.00, real=0.02 secs] 
2021-05-20T19:20:40.333+0800: 553792.013: [GC (Allocation Failure) [PSYoungGen: 491040K->14976K(501760K)] 777473K->310518K(1026048K), 0.0449751 secs] [Times: user=0.04 sys=0.04, real=0.04 secs] 
2021-05-20T19:24:18.862+0800: 554010.542: [GC (Allocation Failure) [PSYoungGen: 494208K->14912K(494592K)] 789750K->320442K(1018880K), 0.0313129 secs] [Times: user=0.08 sys=0.00, real=0.03 secs] 
2021-05-20T19:27:56.048+0800: 554227.728: [GC (Allocation Failure) [PSYoungGen: 494144K->14176K(501760K)] 799674K->330872K(1026048K), 0.0400416 secs] [Times: user=0.09 sys=0.00, real=0.04 secs] 
2021-05-20T19:31:36.388+0800: 554448.068: [GC (Allocation Failure) [PSYoungGen: 492896K->12608K(501248K)] 809592K->339811K(1025536K), 0.0304849 secs] [Times: user=0.04 sys=0.04, real=0.03 secs] 
2021-05-20T19:35:14.241+0800: 554665.921: [GC (Allocation Failure) [PSYoungGen: 491328K->13600K(502784K)] 818531K->349448K(1027072K), 0.0251417 secs] [Times: user=0.03 sys=0.03, real=0.03 secs] 
2021-05-20T19:38:51.298+0800: 554882.977: [GC (Allocation Failure) [PSYoungGen: 494368K->14784K(502272K)] 830216K->360499K(1026560K), 0.0392472 secs] [Times: user=0.08 sys=0.00, real=0.04 secs] 
2021-05-20T19:42:30.383+0800: 555102.063: [GC (Allocation Failure) [PSYoungGen: 495552K->13696K(503296K)] 841267K->369000K(1027584K), 0.0272882 secs] [Times: user=0.07 sys=0.00, real=0.02 secs] 
2021-05-20T19:46:09.699+0800: 555321.378: [GC (Allocation Failure) [PSYoungGen: 495488K->14912K(502784K)] 850792K->379772K(1027072K), 0.0285268 secs] [Times: user=0.07 sys=0.00, real=0.03 secs] 
2021-05-20T19:49:47.955+0800: 555539.635: [GC (Allocation Failure) [PSYoungGen: 496704K->13024K(503808K)] 861564K->388591K(1028096K), 0.0228457 secs] [Times: user=0.03 sys=0.03, real=0.02 secs] 
2021-05-20T19:53:27.078+0800: 555758.758: [GC (Allocation Failure) [PSYoungGen: 495840K->15200K(503296K)] 871407K->400557K(1027584K), 0.0260614 secs] [Times: user=0.04 sys=0.03, real=0.03 secs] 
2021-05-20T19:57:07.046+0800: 555978.725: [GC (Allocation Failure) [PSYoungGen: 498016K->12224K(504320K)] 883373K->409024K(1028608K), 0.0272429 secs] [Times: user=0.07 sys=0.00, real=0.03 secs] 
2021-05-20T20:00:46.745+0800: 556198.424: [GC (Allocation Failure) [PSYoungGen: 496064K->13568K(503808K)] 892864K->419147K(1028096K), 0.0283343 secs] [Times: user=0.03 sys=0.04, real=0.03 secs] 
2021-05-20T20:04:27.355+0800: 556419.035: [GC (Allocation Failure) [PSYoungGen: 497408K->11680K(505344K)] 902987K->427565K(1029632K), 0.0544658 secs] [Times: user=0.03 sys=0.03, real=0.05 secs] 
2021-05-20T20:08:07.422+0800: 556639.102: [GC (Allocation Failure) [PSYoungGen: 497568K->13696K(504832K)] 913453K->437929K(1029120K), 0.0553242 secs] [Times: user=0.07 sys=0.00, real=0.05 secs] 
2021-05-20T20:11:47.561+0800: 556859.240: [GC (Allocation Failure) [PSYoungGen: 499584K->13024K(505856K)] 923817K->447949K(1030144K), 0.0298829 secs] [Times: user=0.08 sys=0.00, real=0.03 secs] 
2021-05-20T20:15:30.649+0800: 557082.329: [GC (Allocation Failure) [PSYoungGen: 499936K->13312K(505344K)] 934861K->458161K(1029632K), 0.0242820 secs] [Times: user=0.07 sys=0.00, real=0.03 secs] 
2021-05-20T20:19:11.886+0800: 557303.566: [GC (Allocation Failure) [PSYoungGen: 500224K->13504K(506880K)] 945073K->467940K(1031168K), 0.0612143 secs] [Times: user=0.08 sys=0.00, real=0.06 secs] 
2021-05-20T20:22:53.822+0800: 557525.502: [GC (Allocation Failure) [PSYoungGen: 502464K->12032K(506368K)] 956900K->475959K(1030656K), 0.0251949 secs] [Times: user=0.07 sys=0.00, real=0.02 secs] 
2021-05-20T20:26:36.468+0800: 557748.148: [GC (Allocation Failure) [PSYoungGen: 500992K->14528K(506880K)] 964919K->487764K(1031168K), 0.0266596 secs] [Times: user=0.04 sys=0.03, real=0.03 secs] 
2021-05-20T20:30:17.161+0800: 557968.840: [GC (Allocation Failure) [PSYoungGen: 504000K->14048K(506880K)] 977236K->497072K(1031168K), 0.0289672 secs] [Times: user=0.04 sys=0.04, real=0.03 secs] 
2021-05-20T20:34:00.013+0800: 558191.693: [GC (Allocation Failure) [PSYoungGen: 503520K->13024K(507392K)] 986544K->506386K(1031680K), 0.0300533 secs] [Times: user=0.04 sys=0.04, real=0.03 secs] 
2021-05-20T20:37:42.223+0800: 558413.903: [GC (Allocation Failure) [PSYoungGen: 503008K->15520K(506880K)] 996370K->518000K(1031168K), 0.0258447 secs] [Times: user=0.08 sys=0.00, real=0.02 secs] 
2021-05-20T20:41:22.576+0800: 558634.256: [GC (Allocation Failure) [PSYoungGen: 505504K->14160K(506880K)] 1007984K->528875K(1031168K), 0.0250482 secs] [Times: user=0.04 sys=0.04, real=0.02 secs] 
2021-05-20T20:41:22.602+0800: 558634.281: [Full GC (Ergonomics) [PSYoungGen: 14160K->0K(506880K)] [ParOldGen: 514715K->325141K(524288K)] 528875K->325141K(1031168K), [Metaspace: 93961K->93961K(1136640K)], 0.5515073 secs] [Times: user=1.17 sys=0.00, real=0.56 secs] 
2021-05-20T20:45:05.198+0800: 558856.877: [GC (Allocation Failure) [PSYoungGen: 489472K->14848K(506880K)] 814613K->339989K(1031168K), 0.0208713 secs] [Times: user=0.03 sys=0.03, real=0.02 secs] 
2021-05-20T20:48:54.483+0800: 559086.162: [GC (Allocation Failure) [PSYoungGen: 504320K->10208K(505856K)] 829461K->347596K(1030144K), 0.0327583 secs] [Times: user=0.04 sys=0.04, real=0.03 secs] 
2021-05-20T20:53:12.711+0800: 559344.391: [GC (Allocation Failure) [PSYoungGen: 498656K->9184K(506368K)] 836044K->354092K(1030656K), 0.0341005 secs] [Times: user=0.03 sys=0.03, real=0.04 secs] 
2021-05-20T20:57:33.281+0800: 559604.960: [GC (Allocation Failure) [PSYoungGen: 497632K->7648K(505344K)] 842540K->360173K(1029632K), 0.1089753 secs] [Times: user=0.04 sys=0.03, real=0.11 secs] 
2021-05-20T21:01:47.824+0800: 559859.504: [GC (Allocation Failure) [PSYoungGen: 495072K->6784K(494592K)] 847597K->365104K(1018880K), 0.0727811 secs] [Times: user=0.05 sys=0.00, real=0.07 secs] 
2021-05-20T21:05:57.268+0800: 560108.947: [GC (Allocation Failure) [PSYoungGen: 494208K->6048K(505344K)] 852528K->369619K(1029632K), 0.0575769 secs] [Times: user=0.07 sys=0.00, real=0.06 secs] 
2021-05-20T21:10:12.975+0800: 560364.655: [GC (Allocation Failure) [PSYoungGen: 492448K->8160K(505344K)] 856019K->375832K(1029632K), 0.0552881 secs] [Times: user=0.03 sys=0.03, real=0.05 secs] 
2021-05-20T21:14:48.207+0800: 560639.886: [GC (Allocation Failure) [PSYoungGen: 494560K->7392K(505344K)] 862232K->381755K(1029632K), 0.0313101 secs] [Times: user=0.02 sys=0.02, real=0.03 secs] 
2021-05-20T21:19:32.931+0800: 560924.611: [GC (Allocation Failure) [PSYoungGen: 493792K->5344K(505344K)] 868155K->386411K(1029632K), 0.0467602 secs] [Times: user=0.03 sys=0.03, real=0.05 secs] 
2021-05-20T21:24:19.213+0800: 561210.893: [GC (Allocation Failure) [PSYoungGen: 491744K->4864K(505344K)] 872811K->390160K(1029632K), 0.0252177 secs] [Times: user=0.03 sys=0.03, real=0.02 secs] 
2021-05-20T21:28:48.202+0800: 561479.881: [GC (Allocation Failure) [PSYoungGen: 491264K->6784K(505344K)] 876560K->395638K(1029632K), 0.0590768 secs] [Times: user=0.02 sys=0.03, real=0.06 secs] 
2021-05-20T21:33:14.105+0800: 561745.784: [GC (Allocation Failure) [PSYoungGen: 493184K->8480K(506880K)] 882038K->403256K(1031168K), 0.0262561 secs] [Times: user=0.03 sys=0.03, real=0.02 secs] 
2021-05-20T21:37:23.195+0800: 561994.875: [GC (Allocation Failure) [PSYoungGen: 496928K->7264K(505856K)] 891704K->408906K(1030144K), 0.0206751 secs] [Times: user=0.03 sys=0.03, real=0.02 secs] 
2021-05-20T21:41:25.880+0800: 562237.560: [GC (Allocation Failure) [PSYoungGen: 495712K->3296K(506368K)] 897354K->411259K(1030656K), 0.0205048 secs] [Times: user=0.03 sys=0.04, real=0.02 secs] 
2021-05-20T21:45:19.766+0800: 562471.446: [GC (Allocation Failure) [PSYoungGen: 492768K->2464K(506880K)] 900731K->412689K(1031168K), 0.0185385 secs] [Times: user=0.02 sys=0.03, real=0.02 secs] 
2021-05-20T21:49:11.265+0800: 562702.944: [GC (Allocation Failure) [PSYoungGen: 491936K->4608K(507392K)] 902161K->416176K(1031680K), 0.0208311 secs] [Times: user=0.06 sys=0.00, real=0.02 secs] 
2021-05-20T21:53:03.447+0800: 562935.126: [GC (Allocation Failure) [PSYoungGen: 494592K->3200K(506880K)] 906160K->418221K(1031168K), 0.0167642 secs] [Times: user=0.03 sys=0.03, real=0.02 secs] 
2021-05-20T21:56:51.369+0800: 563163.049: [GC (Allocation Failure) [PSYoungGen: 493184K->3136K(507904K)] 908205K->420211K(1032192K), 0.0217740 secs] [Times: user=0.06 sys=0.00, real=0.02 secs] 
2021-05-20T22:00:32.339+0800: 563384.018: [GC (Allocation Failure) [PSYoungGen: 494144K->3808K(507392K)] 911219K->422953K(1031680K), 0.0201984 secs] [Times: user=0.03 sys=0.02, real=0.02 secs] 
2021-05-20T22:04:19.067+0800: 563610.746: [GC (Allocation Failure) [PSYoungGen: 494816K->6208K(508928K)] 913961K->428139K(1033216K), 0.0275170 secs] [Times: user=0.08 sys=0.00, real=0.03 secs] 
2021-05-20T22:08:05.179+0800: 563836.859: [GC (Allocation Failure) [PSYoungGen: 499264K->5600K(508416K)] 921195K->432518K(1032704K), 0.0250035 secs] [Times: user=0.08 sys=0.00, real=0.03 secs] 
2021-05-20T22:11:50.806+0800: 564062.486: [GC (Allocation Failure) [PSYoungGen: 498656K->4384K(510464K)] 925574K->435371K(1034752K), 0.0222490 secs] [Times: user=0.03 sys=0.04, real=0.02 secs] 
2021-05-20T22:15:40.009+0800: 564291.688: [GC (Allocation Failure) [PSYoungGen: 500512K->6784K(509952K)] 931499K->441128K(1034240K), 0.0217871 secs] [Times: user=0.07 sys=0.00, real=0.02 secs] 
2021-05-20T22:19:31.103+0800: 564522.783: [GC (Allocation Failure) [PSYoungGen: 502912K->3520K(510976K)] 937256K->443753K(1035264K), 0.0212387 secs] [Times: user=0.07 sys=0.00, real=0.02 secs] 
2021-05-20T22:23:23.910+0800: 564755.590: [GC (Allocation Failure) [PSYoungGen: 501184K->3520K(510976K)] 941417K->446215K(1035264K), 0.0198174 secs] [Times: user=0.03 sys=0.03, real=0.02 secs] 
2021-05-20T22:27:14.214+0800: 564985.893: [GC (Allocation Failure) [PSYoungGen: 501184K->4000K(512000K)] 943879K->449236K(1036288K), 0.0182388 secs] [Times: user=0.06 sys=0.00, real=0.02 secs] 
2021-05-20T22:31:04.657+0800: 565216.337: [GC (Allocation Failure) [PSYoungGen: 503200K->4064K(511488K)] 948436K->452298K(1035776K), 0.0433583 secs] [Times: user=0.06 sys=0.00, real=0.04 secs] 
2021-05-20T22:34:57.887+0800: 565449.566: [GC (Allocation Failure) [PSYoungGen: 503264K->3104K(512512K)] 951498K->454343K(1036800K), 0.0217618 secs] [Times: user=0.03 sys=0.04, real=0.02 secs] 
2021-05-20T22:38:46.731+0800: 565678.411: [GC (Allocation Failure) [PSYoungGen: 503328K->3808K(512000K)] 954567K->457085K(1036288K), 0.0220885 secs] [Times: user=0.06 sys=0.00, real=0.03 secs] 
2021-05-20T22:42:38.732+0800: 565910.412: [GC (Allocation Failure) [PSYoungGen: 504032K->3232K(513024K)] 957309K->459015K(1037312K), 0.0213827 secs] [Times: user=0.06 sys=0.00, real=0.03 secs] 
2021-05-20T22:46:28.972+0800: 566140.651: [GC (Allocation Failure) [PSYoungGen: 504992K->5856K(513024K)] 960775K->463862K(1037312K), 0.0210368 secs] [Times: user=0.07 sys=0.00, real=0.03 secs] 
2021-05-20T22:50:21.161+0800: 566372.840: [GC (Allocation Failure) [PSYoungGen: 507616K->4928K(514048K)] 965622K->467561K(1038336K), 0.0265475 secs] [Times: user=0.03 sys=0.03, real=0.03 secs] 
2021-05-20T22:54:14.951+0800: 566606.630: [GC (Allocation Failure) [PSYoungGen: 508224K->4512K(513536K)] 970857K->470861K(1037824K), 0.0293839 secs] [Times: user=0.03 sys=0.02, real=0.03 secs] 
2021-05-20T22:58:09.594+0800: 566841.274: [GC (Allocation Failure) [PSYoungGen: 507808K->2496K(514560K)] 974157K->472345K(1038848K), 0.0192019 secs] [Times: user=0.03 sys=0.03, real=0.02 secs] 
2021-05-20T23:02:05.534+0800: 567077.214: [GC (Allocation Failure) [PSYoungGen: 507328K->2592K(514560K)] 977177K->473769K(1038848K), 0.0207187 secs] [Times: user=0.06 sys=0.00, real=0.02 secs] 
2021-05-20T23:05:57.388+0800: 567309.067: [GC (Allocation Failure) [PSYoungGen: 507424K->5536K(514560K)] 978601K->478096K(1038848K), 0.0207148 secs] [Times: user=0.03 sys=0.03, real=0.02 secs] 
2021-05-20T23:09:48.759+0800: 567540.438: [GC (Allocation Failure) [PSYoungGen: 510368K->3328K(514560K)] 982928K->479964K(1038848K), 0.0210652 secs] [Times: user=0.04 sys=0.03, real=0.02 secs] 
2021-05-20T23:13:41.032+0800: 567772.711: [GC (Allocation Failure) [PSYoungGen: 508160K->4640K(515584K)] 984796K->483386K(1039872K), 0.0192448 secs] [Times: user=0.06 sys=0.00, real=0.02 secs] 
2021-05-20T23:17:33.422+0800: 568005.102: [GC (Allocation Failure) [PSYoungGen: 511008K->3520K(515072K)] 989754K->485679K(1039360K), 0.0178243 secs] [Times: user=0.03 sys=0.03, real=0.01 secs] 
2021-05-20T23:21:28.621+0800: 568240.301: [GC (Allocation Failure) [PSYoungGen: 509888K->6432K(514560K)] 992047K->490854K(1038848K), 0.0225201 secs] [Times: user=0.05 sys=0.00, real=0.03 secs] 
2021-05-20T23:25:22.949+0800: 568474.629: [GC (Allocation Failure) [PSYoungGen: 512288K->4896K(515072K)] 996710K->494665K(1039360K), 0.0175206 secs] [Times: user=0.03 sys=0.03, real=0.02 secs] 
2021-05-20T23:29:19.987+0800: 568711.666: [GC (Allocation Failure) [PSYoungGen: 510752K->2880K(515584K)] 1000521K->496628K(1039872K), 0.0208942 secs] [Times: user=0.05 sys=0.00, real=0.02 secs] 
2021-05-20T23:33:16.059+0800: 568947.738: [GC (Allocation Failure) [PSYoungGen: 509760K->4288K(515584K)] 1003508K->499779K(1039872K), 0.0213405 secs] [Times: user=0.03 sys=0.03, real=0.02 secs] 
2021-05-20T23:37:08.200+0800: 569179.879: [GC (Allocation Failure) [PSYoungGen: 511168K->6912K(515072K)] 1006659K->505673K(1039360K), 0.0202207 secs] [Times: user=0.03 sys=0.04, real=0.02 secs] 
2021-05-20T23:41:05.072+0800: 569416.752: [GC (Allocation Failure) [PSYoungGen: 513792K->4320K(515584K)] 1012553K->508787K(1039872K), 0.0225805 secs] [Times: user=0.08 sys=0.00, real=0.02 secs] 
2021-05-20T23:44:55.866+0800: 569647.545: [GC (Allocation Failure) [PSYoungGen: 511200K->3968K(516096K)] 1015667K->511688K(1040384K), 0.0221854 secs] [Times: user=0.06 sys=0.00, real=0.02 secs] 
2021-05-20T23:48:51.176+0800: 569882.856: [GC (Allocation Failure) [PSYoungGen: 511360K->3968K(515584K)] 1019080K->514677K(1039872K), 0.0267280 secs] [Times: user=0.04 sys=0.05, real=0.03 secs] 
2021-05-20T23:52:44.199+0800: 570115.878: [GC (Allocation Failure) [PSYoungGen: 511360K->6272K(516096K)] 1022069K->519963K(1040384K), 0.0199227 secs] [Times: user=0.03 sys=0.03, real=0.02 secs] 
2021-05-20T23:56:39.643+0800: 570351.322: [GC (Allocation Failure) [PSYoungGen: 514176K->3520K(516096K)] 1027867K->522373K(1040384K), 0.0460769 secs] [Times: user=0.07 sys=0.00, real=0.04 secs] 
2021-05-20T23:56:39.689+0800: 570351.369: [Full GC (Ergonomics) [PSYoungGen: 3520K->0K(516096K)] [ParOldGen: 518853K->248487K(524288K)] 522373K->248487K(1040384K), [Metaspace: 94257K->94254K(1136640K)], 0.4831975 secs] [Times: user=1.09 sys=0.00, real=0.49 secs] 
2021-05-21T00:00:25.312+0800: 570576.992: [GC (Allocation Failure) [PSYoungGen: 507904K->5440K(516096K)] 756391K->253927K(1040384K), 0.0164912 secs] [Times: user=0.03 sys=0.03, real=0.01 secs] 
2021-05-21T00:04:17.165+0800: 570808.845: [GC (Allocation Failure) [PSYoungGen: 513344K->5632K(516096K)] 761831K->258676K(1040384K), 0.0253259 secs] [Times: user=0.06 sys=0.00, real=0.02 secs] 
2021-05-21T00:08:12.940+0800: 571044.619: [GC (Allocation Failure) [PSYoungGen: 513536K->6176K(516096K)] 766580K->262648K(1040384K), 0.0246594 secs] [Times: user=0.04 sys=0.04, real=0.03 secs] 
2021-05-21T00:12:06.247+0800: 571277.926: [GC (Allocation Failure) [PSYoungGen: 514080K->4704K(516096K)] 770552K->265995K(1040384K), 0.0216835 secs] [Times: user=0.04 sys=0.03, real=0.02 secs] 
2021-05-21T00:16:02.036+0800: 571513.715: [GC (Allocation Failure) [PSYoungGen: 512608K->4576K(516608K)] 773899K->269480K(1040896K), 0.0229265 secs] [Times: user=0.06 sys=0.00, real=0.02 secs] 
2021-05-21T00:19:58.702+0800: 571750.381: [GC (Allocation Failure) [PSYoungGen: 512992K->2752K(516096K)] 777896K->271108K(1040384K), 0.0211147 secs] [Times: user=0.06 sys=0.00, real=0.03 secs] 
2021-05-21T00:23:52.525+0800: 571984.205: [GC (Allocation Failure) [PSYoungGen: 511168K->3552K(516608K)] 779524K->273451K(1040896K), 0.0215932 secs] [Times: user=0.06 sys=0.00, real=0.02 secs] 
2021-05-21T00:27:46.034+0800: 572217.713: [GC (Allocation Failure) [PSYoungGen: 511968K->5504K(516096K)] 781867K->277905K(1040384K), 0.0504759 secs] [Times: user=0.03 sys=0.03, real=0.05 secs] 
2021-05-21T00:31:41.057+0800: 572452.737: [GC (Allocation Failure) [PSYoungGen: 513920K->2656K(516608K)] 786321K->279732K(1040896K), 0.0187259 secs] [Times: user=0.05 sys=0.00, real=0.02 secs] 
2021-05-21T00:35:35.111+0800: 572686.791: [GC (Allocation Failure) [PSYoungGen: 511584K->5312K(516608K)] 788660K->283955K(1040896K), 0.0545977 secs] [Times: user=0.05 sys=0.04, real=0.06 secs] 
2021-05-21T00:39:28.862+0800: 572920.541: [GC (Allocation Failure) [PSYoungGen: 514240K->6080K(515584K)] 792883K->288904K(1039872K), 0.0183779 secs] [Times: user=0.03 sys=0.03, real=0.02 secs] 
2021-05-21T00:43:19.998+0800: 573151.678: [GC (Allocation Failure) [PSYoungGen: 513980K->4960K(516096K)] 796804K->292755K(1040384K), 0.0187551 secs] [Times: user=0.06 sys=0.00, real=0.02 secs] 
2021-05-21T00:47:14.997+0800: 573386.676: [GC (Allocation Failure) [PSYoungGen: 512864K->5728K(516096K)] 800659K->297479K(1040384K), 0.0355489 secs] [Times: user=0.06 sys=0.00, real=0.04 secs] 
2021-05-21T00:51:09.040+0800: 573620.719: [GC (Allocation Failure) [PSYoungGen: 513632K->4160K(516096K)] 805383K->300563K(1040384K), 0.0184372 secs] [Times: user=0.05 sys=0.00, real=0.02 secs] 
2021-05-21T00:55:02.790+0800: 573854.470: [GC (Allocation Failure) [PSYoungGen: 512064K->6784K(515584K)] 808467K->306224K(1039872K), 0.0204298 secs] [Times: user=0.04 sys=0.03, real=0.02 secs] 
2021-05-21T00:58:57.303+0800: 574088.983: [GC (Allocation Failure) [PSYoungGen: 514688K->5554K(516096K)] 814128K->310381K(1040384K), 0.0290216 secs] [Times: user=0.06 sys=0.00, real=0.03 secs] 
2021-05-21T01:02:49.983+0800: 574321.663: [GC (Allocation Failure) [PSYoungGen: 513458K->6112K(516096K)] 818285K->315657K(1040384K), 0.0217333 secs] [Times: user=0.03 sys=0.04, real=0.02 secs] 
2021-05-21T01:06:42.306+0800: 574553.986: [GC (Allocation Failure) [PSYoungGen: 514016K->5696K(516096K)] 823561K->320267K(1040384K), 0.0186842 secs] [Times: user=0.03 sys=0.03, real=0.02 secs] 
2021-05-21T01:10:38.627+0800: 574790.306: [GC (Allocation Failure) [PSYoungGen: 513600K->2560K(516096K)] 828171K->321359K(1040384K), 0.0239504 secs] [Times: user=0.03 sys=0.03, real=0.02 secs] 
2021-05-21T01:14:33.242+0800: 575024.922: [GC (Allocation Failure) [PSYoungGen: 510464K->3712K(516096K)] 829263K->323927K(1040384K), 0.0160517 secs] [Times: user=0.05 sys=0.00, real=0.02 secs] 
2021-05-21T01:18:29.739+0800: 575261.419: [GC (Allocation Failure) [PSYoungGen: 511616K->3584K(516096K)] 831831K->326532K(1040384K), 0.0159748 secs] [Times: user=0.02 sys=0.02, real=0.02 secs] 
2021-05-21T01:22:26.466+0800: 575498.146: [GC (Allocation Failure) [PSYoungGen: 511488K->2464K(516096K)] 834436K->327938K(1040384K), 0.0285212 secs] [Times: user=0.05 sys=0.00, real=0.03 secs] 
2021-05-21T01:26:21.455+0800: 575733.135: [GC (Allocation Failure) [PSYoungGen: 510368K->4640K(516096K)] 835842K->331417K(1040384K), 0.0213556 secs] [Times: user=0.05 sys=0.00, real=0.02 secs] 
2021-05-21T01:30:15.406+0800: 575967.086: [GC (Allocation Failure) [PSYoungGen: 512544K->5984K(516096K)] 839321K->335695K(1040384K), 0.0196861 secs] [Times: user=0.03 sys=0.03, real=0.02 secs] 
2021-05-21T01:34:06.503+0800: 576198.183: [GC (Allocation Failure) [PSYoungGen: 513888K->6592K(515072K)] 843599K->340730K(1039360K), 0.0203808 secs] [Times: user=0.06 sys=0.00, real=0.02 secs] 
2021-05-21T01:37:57.289+0800: 576428.969: [GC (Allocation Failure) [PSYoungGen: 513472K->4096K(515584K)] 847610K->343460K(1039872K), 0.0171810 secs] [Times: user=0.05 sys=0.00, real=0.02 secs] 
2021-05-21T01:41:50.382+0800: 576662.062: [GC (Allocation Failure) [PSYoungGen: 510976K->5184K(516096K)] 850340K->347602K(1040384K), 0.0177404 secs] [Times: user=0.06 sys=0.00, real=0.02 secs] 
2021-05-21T01:45:42.875+0800: 576894.554: [GC (Allocation Failure) [PSYoungGen: 513088K->3808K(516096K)] 855506K->350319K(1040384K), 0.0208946 secs] [Times: user=0.03 sys=0.03, real=0.02 secs] 
2021-05-21T01:49:36.781+0800: 577128.461: [GC (Allocation Failure) [PSYoungGen: 511712K->3968K(516608K)] 858223K->353276K(1040896K), 0.0160253 secs] [Times: user=0.03 sys=0.03, real=0.02 secs] 
2021-05-21T01:53:31.705+0800: 577363.385: [GC (Allocation Failure) [PSYoungGen: 512384K->4064K(516096K)] 861692K->356321K(1040384K), 0.0185487 secs] [Times: user=0.05 sys=0.00, real=0.02 secs] 
2021-05-21T01:57:28.509+0800: 577600.189: [GC (Allocation Failure) [PSYoungGen: 512480K->5408K(516608K)] 864737K->360687K(1040896K), 0.0194568 secs] [Times: user=0.06 sys=0.00, real=0.02 secs] 
2021-05-21T02:01:25.177+0800: 577836.857: [GC (Allocation Failure) [PSYoungGen: 514336K->2368K(516608K)] 869615K->362122K(1040896K), 0.0213217 secs] [Times: user=0.05 sys=0.00, real=0.02 secs] 
2021-05-21T02:05:21.970+0800: 578073.650: [GC (Allocation Failure) [PSYoungGen: 511296K->2048K(516608K)] 871050K->363073K(1040896K), 0.0211951 secs] [Times: user=0.06 sys=0.00, real=0.02 secs] 
2021-05-21T02:09:16.447+0800: 578308.127: [GC (Allocation Failure) [PSYoungGen: 510976K->4928K(516608K)] 872001K->366625K(1040896K), 0.0188049 secs] [Times: user=0.03 sys=0.03, real=0.02 secs] 
2021-05-21T02:13:11.041+0800: 578542.720: [GC (Allocation Failure) [PSYoungGen: 513856K->4768K(516608K)] 875553K->369942K(1040896K), 0.0261412 secs] [Times: user=0.06 sys=0.00, real=0.03 secs] 
2021-05-21T02:17:06.175+0800: 578777.855: [GC (Allocation Failure) [PSYoungGen: 513696K->7648K(516608K)] 878870K->376434K(1040896K), 0.0206170 secs] [Times: user=0.07 sys=0.00, real=0.02 secs] 
2021-05-21T02:21:01.981+0800: 579013.661: [GC (Allocation Failure) [PSYoungGen: 516576K->2848K(512512K)] 885362K->378291K(1036800K), 0.0456249 secs] [Times: user=0.08 sys=0.00, real=0.05 secs] 
2021-05-21T02:24:52.335+0800: 579244.015: [GC (Allocation Failure) [PSYoungGen: 507680K->3552K(514560K)] 883123K->380785K(1038848K), 0.0213936 secs] [Times: user=0.06 sys=0.00, real=0.02 secs] 
2021-05-21T02:28:45.759+0800: 579477.439: [GC (Allocation Failure) [PSYoungGen: 508384K->3488K(515072K)] 885617K->383015K(1039360K), 0.0205173 secs] [Times: user=0.06 sys=0.00, real=0.02 secs] 
2021-05-21T02:32:36.048+0800: 579707.728: [GC (Allocation Failure) [PSYoungGen: 508832K->6528K(514560K)] 888359K->388525K(1038848K), 0.0211008 secs] [Times: user=0.03 sys=0.03, real=0.02 secs] 
2021-05-21T02:36:28.064+0800: 579939.744: [GC (Allocation Failure) [PSYoungGen: 511872K->2880K(515072K)] 893869K->390591K(1039360K), 0.0222528 secs] [Times: user=0.08 sys=0.00, real=0.02 secs] 
2021-05-21T02:40:21.013+0800: 580172.692: [GC (Allocation Failure) [PSYoungGen: 508224K->5632K(514560K)] 895935K->395094K(1038848K), 0.0255075 secs] [Times: user=0.03 sys=0.03, real=0.02 secs] 
2021-05-21T02:44:17.006+0800: 580408.685: [GC (Allocation Failure) [PSYoungGen: 510976K->3104K(515072K)] 900438K->396810K(1039360K), 0.0197264 secs] [Times: user=0.03 sys=0.03, real=0.02 secs] 
2021-05-21T02:48:13.512+0800: 580645.192: [GC (Allocation Failure) [PSYoungGen: 508960K->3552K(515072K)] 902666K->399296K(1039360K), 0.0199987 secs] [Times: user=0.03 sys=0.03, real=0.02 secs] 
2021-05-21T02:52:05.188+0800: 580876.868: [GC (Allocation Failure) [PSYoungGen: 509408K->7232K(513536K)] 905152K->405215K(1037824K), 0.0185633 secs] [Times: user=0.03 sys=0.03, real=0.02 secs] 
2021-05-21T02:55:56.932+0800: 581108.612: [GC (Allocation Failure) [PSYoungGen: 512064K->7072K(514560K)] 910047K->411099K(1038848K), 0.0257920 secs] [Times: user=0.07 sys=0.00, real=0.02 secs] 
2021-05-21T02:59:50.581+0800: 581342.260: [GC (Allocation Failure) [PSYoungGen: 511904K->3264K(514560K)] 915931K->413691K(1038848K), 0.0190733 secs] [Times: user=0.03 sys=0.03, real=0.02 secs] 
2021-05-21T03:03:42.891+0800: 581574.570: [GC (Allocation Failure) [PSYoungGen: 508096K->4192K(514560K)] 918523K->416841K(1038848K), 0.0181805 secs] [Times: user=0.03 sys=0.03, real=0.02 secs] 
2021-05-21T03:07:32.837+0800: 581804.516: [GC (Allocation Failure) [PSYoungGen: 509024K->7712K(513024K)] 921673K->423199K(1037312K), 0.0223327 secs] [Times: user=0.06 sys=0.00, real=0.02 secs] 
2021-05-21T03:11:23.917+0800: 582035.597: [GC (Allocation Failure) [PSYoungGen: 511520K->4576K(514048K)] 927007K->425218K(1038336K), 0.0195278 secs] [Times: user=0.03 sys=0.03, real=0.02 secs] 
2021-05-21T03:15:13.111+0800: 582264.791: [GC (Allocation Failure) [PSYoungGen: 508384K->4416K(515072K)] 929026K->428407K(1039360K), 0.0291443 secs] [Times: user=0.06 sys=0.00, real=0.03 secs] 
2021-05-21T03:19:06.808+0800: 582498.488: [GC (Allocation Failure) [PSYoungGen: 509760K->4224K(514560K)] 933751K->431396K(1038848K), 0.0200517 secs] [Times: user=0.06 sys=0.00, real=0.02 secs] 
2021-05-21T03:22:59.816+0800: 582731.495: [GC (Allocation Failure) [PSYoungGen: 509565K->5056K(515584K)] 936737K->435488K(1039872K), 0.0196114 secs] [Times: user=0.06 sys=0.00, real=0.02 secs] 
2021-05-21T03:26:53.146+0800: 582964.826: [GC (Allocation Failure) [PSYoungGen: 511424K->6656K(515072K)] 941856K->441020K(1039360K), 0.0231667 secs] [Times: user=0.03 sys=0.03, real=0.02 secs] 
2021-05-21T03:30:47.469+0800: 583199.148: [GC (Allocation Failure) [PSYoungGen: 513024K->4224K(515584K)] 947388K->444462K(1039872K), 0.0181253 secs] [Times: user=0.05 sys=0.00, real=0.02 secs] 
2021-05-21T03:34:41.748+0800: 583433.428: [GC (Allocation Failure) [PSYoungGen: 510592K->5056K(515072K)] 950830K->448507K(1039360K), 0.0237585 secs] [Times: user=0.06 sys=0.00, real=0.03 secs] 
2021-05-21T03:38:37.477+0800: 583669.156: [GC (Allocation Failure) [PSYoungGen: 511424K->3232K(516096K)] 954875K->450671K(1040384K), 0.0228600 secs] [Times: user=0.07 sys=0.00, real=0.02 secs] 
2021-05-21T03:42:32.492+0800: 583904.171: [GC (Allocation Failure) [PSYoungGen: 511136K->2144K(510464K)] 958575K->451725K(1034752K), 0.0192454 secs] [Times: user=0.06 sys=0.00, real=0.02 secs] 
2021-05-21T03:46:27.282+0800: 584138.961: [GC (Allocation Failure) [PSYoungGen: 510048K->3104K(516096K)] 959629K->453741K(1040384K), 0.0161872 secs] [Times: user=0.05 sys=0.00, real=0.02 secs] 
2021-05-21T03:50:21.499+0800: 584373.178: [GC (Allocation Failure) [PSYoungGen: 510496K->4864K(515584K)] 961133K->457468K(1039872K), 0.0192315 secs] [Times: user=0.03 sys=0.02, real=0.02 secs] 
2021-05-21T03:54:14.302+0800: 584605.981: [GC (Allocation Failure) [PSYoungGen: 512256K->6784K(515072K)] 964860K->463097K(1039360K), 0.0218749 secs] [Times: user=0.07 sys=0.00, real=0.03 secs] 
2021-05-21T03:58:09.387+0800: 584841.066: [GC (Allocation Failure) [PSYoungGen: 513664K->3552K(515584K)] 969977K->465051K(1039872K), 0.0187058 secs] [Times: user=0.06 sys=0.00, real=0.02 secs] 
2021-05-21T04:02:04.673+0800: 585076.353: [GC (Allocation Failure) [PSYoungGen: 510432K->3776K(516096K)] 971931K->467809K(1040384K), 0.0187826 secs] [Times: user=0.06 sys=0.00, real=0.02 secs] 
2021-05-21T04:05:55.190+0800: 585306.869: [GC (Allocation Failure) [PSYoungGen: 511168K->7936K(515584K)] 975201K->474559K(1039872K), 0.0240714 secs] [Times: user=0.03 sys=0.03, real=0.03 secs] 
2021-05-21T04:09:48.404+0800: 585540.084: [GC (Allocation Failure) [PSYoungGen: 515328K->6592K(514560K)] 981951K->479586K(1038848K), 0.0258055 secs] [Times: user=0.07 sys=0.00, real=0.02 secs] 
2021-05-21T04:13:43.285+0800: 585774.965: [GC (Allocation Failure) [PSYoungGen: 512448K->7936K(514048K)] 985442K->485989K(1038336K), 0.0206107 secs] [Times: user=0.03 sys=0.03, real=0.02 secs] 
2021-05-21T04:17:40.979+0800: 586012.659: [GC (Allocation Failure) [PSYoungGen: 513792K->2976K(514048K)] 991845K->488133K(1038336K), 0.0245178 secs] [Times: user=0.07 sys=0.00, real=0.03 secs] 
2021-05-21T04:21:32.694+0800: 586244.374: [GC (Allocation Failure) [PSYoungGen: 506784K->3712K(514048K)] 991941K->490667K(1038336K), 0.0173521 secs] [Times: user=0.03 sys=0.03, real=0.01 secs] 
2021-05-21T04:25:26.562+0800: 586478.241: [GC (Allocation Failure) [PSYoungGen: 507520K->3328K(514560K)] 994475K->492970K(1038848K), 0.0183808 secs] [Times: user=0.06 sys=0.00, real=0.02 secs] 
2021-05-21T04:29:18.350+0800: 586710.030: [GC (Allocation Failure) [PSYoungGen: 508160K->3488K(514560K)] 997802K->495160K(1038848K), 0.0186955 secs] [Times: user=0.06 sys=0.00, real=0.02 secs] 
2021-05-21T04:33:12.375+0800: 586944.055: [GC (Allocation Failure) [PSYoungGen: 508320K->3168K(515072K)] 999992K->497302K(1039360K), 0.0194224 secs] [Times: user=0.03 sys=0.03, real=0.02 secs] 
2021-05-21T04:37:04.150+0800: 587175.830: [GC (Allocation Failure) [PSYoungGen: 509024K->5344K(515072K)] 1003158K->501261K(1039360K), 0.0228241 secs] [Times: user=0.03 sys=0.03, real=0.03 secs] 
2021-05-21T04:40:57.189+0800: 587408.868: [GC (Allocation Failure) [PSYoungGen: 511200K->5088K(515584K)] 1007117K->505177K(1039872K), 0.0214625 secs] [Times: user=0.03 sys=0.03, real=0.02 secs] 
2021-05-21T04:44:50.585+0800: 587642.265: [GC (Allocation Failure) [PSYoungGen: 511456K->5952K(515072K)] 1011545K->509869K(1039360K), 0.0218240 secs] [Times: user=0.03 sys=0.03, real=0.02 secs] 
2021-05-21T04:48:44.256+0800: 587875.936: [GC (Allocation Failure) [PSYoungGen: 512320K->5280K(515584K)] 1016237K->514065K(1039872K), 0.0184878 secs] [Times: user=0.06 sys=0.00, real=0.02 secs] 
2021-05-21T04:52:37.535+0800: 588109.215: [GC (Allocation Failure) [PSYoungGen: 512160K->5344K(515584K)] 1020945K->518214K(1039872K), 0.0200951 secs] [Times: user=0.07 sys=0.00, real=0.02 secs] 
2021-05-21T04:56:29.915+0800: 588341.594: [GC (Allocation Failure) [PSYoungGen: 512224K->4448K(516096K)] 1025094K->521802K(1040384K), 0.0233245 secs] [Times: user=0.03 sys=0.03, real=0.02 secs] 
2021-05-21T04:56:29.939+0800: 588341.618: [Full GC (Ergonomics) [PSYoungGen: 4448K->0K(516096K)] [ParOldGen: 517354K->293793K(524288K)] 521802K->293793K(1040384K), [Metaspace: 94255K->94255K(1136640K)], 0.4784726 secs] [Times: user=1.07 sys=0.00, real=0.48 secs] 
2021-05-21T05:00:25.017+0800: 588576.696: [GC (Allocation Failure) [PSYoungGen: 507392K->6080K(515584K)] 801185K->299873K(1039872K), 0.0178171 secs] [Times: user=0.06 sys=0.00, real=0.02 secs] 
2021-05-21T05:04:19.887+0800: 588811.566: [GC (Allocation Failure) [PSYoungGen: 513472K->6400K(515072K)] 807265K->305396K(1039360K), 0.0256427 secs] [Times: user=0.04 sys=0.04, real=0.03 secs] 
2021-05-21T05:08:16.641+0800: 589048.320: [GC (Allocation Failure) [PSYoungGen: 513280K->8672K(515584K)] 812276K->313680K(1039872K), 0.0798555 secs] [Times: user=0.03 sys=0.04, real=0.08 secs] 
2021-05-21T05:12:04.790+0800: 589276.469: [GC (Allocation Failure) [PSYoungGen: 515552K->5920K(510464K)] 820560K->318713K(1034752K), 0.0193510 secs] [Times: user=0.07 sys=0.00, real=0.02 secs] 
2021-05-21T05:16:01.463+0800: 589513.143: [GC (Allocation Failure) [PSYoungGen: 507680K->8384K(510464K)] 820473K->325926K(1034752K), 0.0225849 secs] [Times: user=0.07 sys=0.00, real=0.02 secs] 
2021-05-21T05:19:49.269+0800: 589740.949: [GC (Allocation Failure) [PSYoungGen: 510144K->7072K(513024K)] 827686K->331201K(1037312K), 0.0236521 secs] [Times: user=0.07 sys=0.00, real=0.03 secs] 
2021-05-21T05:23:38.311+0800: 589969.991: [GC (Allocation Failure) [PSYoungGen: 508320K->4576K(512512K)] 832449K->334835K(1036800K), 0.0200244 secs] [Times: user=0.03 sys=0.03, real=0.02 secs] 
2021-05-21T05:27:24.860+0800: 590196.540: [GC (Allocation Failure) [PSYoungGen: 505824K->4896K(513024K)] 836083K->338687K(1037312K), 0.0200686 secs] [Times: user=0.03 sys=0.03, real=0.02 secs] 
2021-05-21T05:31:15.145+0800: 590426.824: [GC (Allocation Failure) [PSYoungGen: 506656K->7328K(513024K)] 840447K->344512K(1037312K), 0.0219644 secs] [Times: user=0.03 sys=0.03, real=0.02 secs] 
2021-05-21T05:35:07.672+0800: 590659.351: [GC (Allocation Failure) [PSYoungGen: 509088K->3872K(513536K)] 846272K->347473K(1037824K), 0.0196460 secs] [Times: user=0.06 sys=0.00, real=0.02 secs] 
2021-05-21T05:39:00.197+0800: 590891.877: [GC (Allocation Failure) [PSYoungGen: 506144K->3392K(513024K)] 849745K->349798K(1037312K), 0.0209517 secs] [Times: user=0.06 sys=0.00, real=0.02 secs] 
2021-05-21T05:42:51.069+0800: 591122.749: [GC (Allocation Failure) [PSYoungGen: 505664K->3584K(513536K)] 852070K->351918K(1037824K), 0.0210762 secs] [Times: user=0.03 sys=0.03, real=0.02 secs] 
2021-05-21T05:46:45.039+0800: 591356.718: [GC (Allocation Failure) [PSYoungGen: 506368K->3648K(513536K)] 854702K->354499K(1037824K), 0.0210231 secs] [Times: user=0.03 sys=0.02, real=0.02 secs] 
2021-05-21T05:50:36.714+0800: 591588.393: [GC (Allocation Failure) [PSYoungGen: 506432K->2784K(513536K)] 857283K->356193K(1037824K), 0.0217699 secs] [Times: user=0.03 sys=0.03, real=0.02 secs] 
2021-05-21T05:54:29.596+0800: 591821.275: [GC (Allocation Failure) [PSYoungGen: 505568K->4288K(513536K)] 858977K->359064K(1037824K), 0.0221194 secs] [Times: user=0.03 sys=0.03, real=0.02 secs] 
2021-05-21T05:58:22.398+0800: 592054.077: [GC (Allocation Failure) [PSYoungGen: 507072K->2528K(514048K)] 861848K->360597K(1038336K), 0.0184072 secs] [Times: user=0.03 sys=0.02, real=0.02 secs] 
2021-05-21T06:02:14.077+0800: 592285.756: [GC (Allocation Failure) [PSYoungGen: 506336K->2784K(514048K)] 864405K->362228K(1038336K), 0.0214232 secs] [Times: user=0.02 sys=0.03, real=0.02 secs] 
2021-05-21T06:06:03.249+0800: 592514.929: [GC (Allocation Failure) [PSYoungGen: 506592K->2848K(514560K)] 866036K->363739K(1038848K), 0.0192135 secs] [Times: user=0.03 sys=0.03, real=0.02 secs] 
2021-05-21T06:09:57.514+0800: 592749.193: [GC (Allocation Failure) [PSYoungGen: 507680K->3328K(514560K)] 868571K->365467K(1038848K), 0.0460061 secs] [Times: user=0.02 sys=0.02, real=0.04 secs] 
2021-05-21T06:13:48.152+0800: 592979.832: [GC (Allocation Failure) [PSYoungGen: 508160K->6400K(514048K)] 870299K->370634K(1038336K), 0.0191629 secs] [Times: user=0.05 sys=0.00, real=0.01 secs] 
2021-05-21T06:17:41.149+0800: 593212.828: [GC (Allocation Failure) [PSYoungGen: 511232K->5216K(514560K)] 875466K->374564K(1038848K), 0.0200646 secs] [Times: user=0.03 sys=0.03, real=0.02 secs] 
2021-05-21T06:21:34.728+0800: 593446.407: [GC (Allocation Failure) [PSYoungGen: 510048K->3008K(515072K)] 879396K->376640K(1039360K), 0.0320756 secs] [Times: user=0.03 sys=0.03, real=0.03 secs] 
2021-05-21T06:25:29.077+0800: 593680.757: [GC (Allocation Failure) [PSYoungGen: 508864K->4512K(515072K)] 882496K->379959K(1039360K), 0.0230549 secs] [Times: user=0.06 sys=0.00, real=0.02 secs] 
2021-05-21T06:29:20.582+0800: 593912.262: [GC (Allocation Failure) [PSYoungGen: 510368K->2496K(515584K)] 885815K->381515K(1039872K), 0.0406826 secs] [Times: user=0.02 sys=0.03, real=0.05 secs] 
2021-05-21T06:33:14.806+0800: 594146.486: [GC (Allocation Failure) [PSYoungGen: 509376K->3360K(515584K)] 888395K->383667K(1039872K), 0.0172911 secs] [Times: user=0.05 sys=0.00, real=0.02 secs] 
2021-05-21T06:37:06.086+0800: 594377.766: [GC (Allocation Failure) [PSYoungGen: 510240K->5344K(515072K)] 890547K->387762K(1039360K), 0.0253698 secs] [Times: user=0.07 sys=0.00, real=0.02 secs] 
2021-05-21T06:41:00.680+0800: 594612.359: [GC (Allocation Failure) [PSYoungGen: 512224K->5248K(515584K)] 894642K->391925K(1039872K), 0.0226791 secs] [Times: user=0.07 sys=0.00, real=0.03 secs] 
2021-05-21T06:44:52.011+0800: 594843.691: [GC (Allocation Failure) [PSYoungGen: 512128K->3648K(516096K)] 898805K->394377K(1040384K), 0.0203370 secs] [Times: user=0.04 sys=0.03, real=0.02 secs] 
2021-05-21T06:48:44.868+0800: 595076.548: [GC (Allocation Failure) [PSYoungGen: 511040K->4480K(515584K)] 901769K->397767K(1039872K), 0.0191910 secs] [Times: user=0.06 sys=0.00, real=0.02 secs] 
2021-05-21T06:52:36.001+0800: 595307.681: [GC (Allocation Failure) [PSYoungGen: 511872K->4192K(516608K)] 905159K->400996K(1040896K), 0.0236293 secs] [Times: user=0.03 sys=0.03, real=0.03 secs] 
2021-05-21T06:56:28.191+0800: 595539.870: [GC (Allocation Failure) [PSYoungGen: 513120K->4480K(516608K)] 909924K->404377K(1040896K), 0.0187217 secs] [Times: user=0.06 sys=0.00, real=0.02 secs] 
2021-05-21T07:00:18.261+0800: 595769.940: [GC (Allocation Failure) [PSYoungGen: 513408K->6144K(516096K)] 913305K->409334K(1040384K), 0.0211703 secs] [Times: user=0.03 sys=0.04, real=0.03 secs] 
2021-05-21T07:04:08.406+0800: 596000.086: [GC (Allocation Failure) [PSYoungGen: 515072K->6976K(516096K)] 918262K->415336K(1040384K), 0.0285199 secs] [Times: user=0.04 sys=0.03, real=0.03 secs] 
2021-05-21T07:08:03.859+0800: 596235.539: [GC (Allocation Failure) [PSYoungGen: 515904K->4320K(516096K)] 924264K->418537K(1040384K), 0.0314806 secs] [Times: user=0.03 sys=0.04, real=0.03 secs] 
2021-05-21T07:11:56.610+0800: 596468.290: [GC (Allocation Failure) [PSYoungGen: 512224K->5216K(516096K)] 926441K->422199K(1040384K), 0.0235789 secs] [Times: user=0.03 sys=0.04, real=0.03 secs] 
2021-05-21T07:15:47.973+0800: 596699.652: [GC (Allocation Failure) [PSYoungGen: 513120K->3360K(516608K)] 930103K->424706K(1040896K), 0.0536046 secs] [Times: user=0.06 sys=0.00, real=0.05 secs] 
2021-05-21T07:19:38.734+0800: 596930.413: [GC (Allocation Failure) [PSYoungGen: 511776K->3488K(516096K)] 933122K->427113K(1040384K), 0.0191104 secs] [Times: user=0.03 sys=0.03, real=0.02 secs] 
2021-05-21T07:23:30.180+0800: 597161.860: [GC (Allocation Failure) [PSYoungGen: 511904K->5088K(516608K)] 935529K->431055K(1040896K), 0.0182431 secs] [Times: user=0.03 sys=0.03, real=0.02 secs] 
2021-05-21T07:27:24.368+0800: 597396.048: [GC (Allocation Failure) [PSYoungGen: 514016K->4512K(516608K)] 939983K->434675K(1040896K), 0.0219663 secs] [Times: user=0.04 sys=0.03, real=0.02 secs] 
2021-05-21T07:31:15.341+0800: 597627.021: [GC (Allocation Failure) [PSYoungGen: 513440K->5664K(516608K)] 943603K->439328K(1040896K), 0.0192664 secs] [Times: user=0.03 sys=0.03, real=0.02 secs] 
2021-05-21T07:35:08.339+0800: 597860.018: [GC (Allocation Failure) [PSYoungGen: 514592K->3840K(516608K)] 948256K->442243K(1040896K), 0.0176306 secs] [Times: user=0.06 sys=0.00, real=0.02 secs] 
2021-05-21T07:38:57.584+0800: 598089.264: [GC (Allocation Failure) [PSYoungGen: 512768K->6624K(515584K)] 951171K->447609K(1039872K), 0.0234088 secs] [Times: user=0.03 sys=0.03, real=0.02 secs] 
2021-05-21T07:42:52.747+0800: 598324.427: [GC (Allocation Failure) [PSYoungGen: 514528K->2720K(516096K)] 955513K->449530K(1040384K), 0.0226051 secs] [Times: user=0.08 sys=0.00, real=0.02 secs] 
2021-05-21T07:46:47.452+0800: 598559.132: [GC (Allocation Failure) [PSYoungGen: 510624K->4032K(516608K)] 957434K->452409K(1040896K), 0.0196589 secs] [Times: user=0.06 sys=0.00, real=0.01 secs] 
2021-05-21T07:50:38.572+0800: 598790.252: [GC (Allocation Failure) [PSYoungGen: 512448K->4384K(516096K)] 960825K->455535K(1040384K), 0.0204887 secs] [Times: user=0.03 sys=0.03, real=0.02 secs] 
2021-05-21T07:54:32.310+0800: 599023.990: [GC (Allocation Failure) [PSYoungGen: 512800K->4512K(517120K)] 963951K->458964K(1041408K), 0.0183271 secs] [Times: user=0.04 sys=0.03, real=0.02 secs] 
2021-05-21T07:58:26.155+0800: 599257.835: [GC (Allocation Failure) [PSYoungGen: 513952K->2592K(516608K)] 968404K->460609K(1040896K), 0.0193195 secs] [Times: user=0.06 sys=0.00, real=0.02 secs] 
2021-05-21T08:02:21.675+0800: 599493.355: [GC (Allocation Failure) [PSYoungGen: 512032K->4544K(517120K)] 970049K->463920K(1041408K), 0.0226445 secs] [Times: user=0.07 sys=0.00, real=0.02 secs] 
2021-05-21T08:06:14.598+0800: 599726.278: [GC (Allocation Failure) [PSYoungGen: 514496K->6304K(516608K)] 973872K->468822K(1040896K), 0.0220263 secs] [Times: user=0.07 sys=0.00, real=0.02 secs] 
2021-05-21T08:10:07.037+0800: 599958.717: [GC (Allocation Failure) [PSYoungGen: 516256K->6304K(515584K)] 978774K->473362K(1039872K), 0.0203838 secs] [Times: user=0.07 sys=0.00, real=0.02 secs] 
2021-05-21T08:13:59.043+0800: 600190.723: [GC (Allocation Failure) [PSYoungGen: 514208K->2752K(516096K)] 981266K->474716K(1040384K), 0.0233180 secs] [Times: user=0.03 sys=0.03, real=0.02 secs] 
2021-05-21T08:17:54.391+0800: 600426.071: [GC (Allocation Failure) [PSYoungGen: 510656K->3104K(516608K)] 982620K->476547K(1040896K), 0.0183636 secs] [Times: user=0.03 sys=0.03, real=0.02 secs] 
2021-05-21T08:21:49.855+0800: 600661.535: [GC (Allocation Failure) [PSYoungGen: 511520K->2720K(516096K)] 984963K->478034K(1040384K), 0.0189360 secs] [Times: user=0.03 sys=0.04, real=0.02 secs] 
2021-05-21T08:25:46.223+0800: 600897.903: [GC (Allocation Failure) [PSYoungGen: 511136K->2336K(516608K)] 986450K->479241K(1040896K), 0.0178843 secs] [Times: user=0.05 sys=0.00, real=0.01 secs] 
2021-05-21T08:29:36.702+0800: 601128.381: [GC (Allocation Failure) [PSYoungGen: 511264K->4480K(516608K)] 988169K->482513K(1040896K), 0.0184629 secs] [Times: user=0.03 sys=0.03, real=0.02 secs] 
2021-05-21T08:33:29.429+0800: 601361.108: [GC (Allocation Failure) [PSYoungGen: 513408K->5120K(516608K)] 991441K->486422K(1040896K), 0.0250996 secs] [Times: user=0.07 sys=0.00, real=0.03 secs] 
2021-05-21T08:37:23.579+0800: 601595.259: [GC (Allocation Failure) [PSYoungGen: 514048K->3584K(516608K)] 995350K->488921K(1040896K), 0.0192375 secs] [Times: user=0.06 sys=0.00, real=0.02 secs] 
2021-05-21T08:41:21.665+0800: 601833.344: [GC (Allocation Failure) [PSYoungGen: 512512K->2816K(517120K)] 997849K->490695K(1041408K), 0.0244757 secs] [Times: user=0.04 sys=0.04, real=0.02 secs] 
2021-05-21T08:45:16.126+0800: 602067.806: [GC (Allocation Failure) [PSYoungGen: 512256K->4544K(516608K)] 1000135K->494102K(1040896K), 0.0259397 secs] [Times: user=0.04 sys=0.04, real=0.03 secs] 
2021-05-21T08:49:07.974+0800: 602299.654: [GC (Allocation Failure) [PSYoungGen: 513984K->6240K(516096K)] 1003542K->499060K(1040384K), 0.0536178 secs] [Times: user=0.03 sys=0.03, real=0.05 secs] 
2021-05-21T08:53:00.817+0800: 602532.497: [GC (Allocation Failure) [PSYoungGen: 515168K->7168K(516608K)] 1007988K->504896K(1040896K), 0.0213505 secs] [Times: user=0.03 sys=0.03, real=0.02 secs] 
2021-05-21T08:56:53.621+0800: 602765.300: [GC (Allocation Failure) [PSYoungGen: 516096K->5504K(514560K)] 1013824K->509442K(1038848K), 0.0217914 secs] [Times: user=0.08 sys=0.00, real=0.03 secs] 
2021-05-21T09:00:45.951+0800: 602997.631: [GC (Allocation Failure) [PSYoungGen: 512384K->4768K(515584K)] 1016322K->513158K(1039872K), 0.0223778 secs] [Times: user=0.06 sys=0.00, real=0.03 secs] 
2021-05-21T09:04:37.847+0800: 603229.526: [GC (Allocation Failure) [PSYoungGen: 511648K->4480K(516608K)] 1020038K->516347K(1040896K), 0.0242038 secs] [Times: user=0.08 sys=0.00, real=0.02 secs] 
2021-05-21T09:08:27.592+0800: 603459.272: [GC (Allocation Failure) [PSYoungGen: 512896K->4768K(516096K)] 1024763K->519831K(1040384K), 0.0232059 secs] [Times: user=0.04 sys=0.03, real=0.03 secs] 
2021-05-21T09:12:20.093+0800: 603691.772: [GC (Allocation Failure) [PSYoungGen: 513184K->6272K(515584K)] 1028247K->524557K(1039872K), 0.0201682 secs] [Times: user=0.03 sys=0.04, real=0.02 secs] 
2021-05-21T09:12:20.113+0800: 603691.793: [Full GC (Ergonomics) [PSYoungGen: 6272K->0K(515584K)] [ParOldGen: 518285K->264021K(524288K)] 524557K->264021K(1039872K), [Metaspace: 94284K->94284K(1136640K)], 0.4435227 secs] [Times: user=0.98 sys=0.00, real=0.44 secs] 
2021-05-21T09:16:11.881+0800: 603923.560: [GC (Allocation Failure) [PSYoungGen: 507904K->5920K(516096K)] 771925K->269941K(1040384K), 0.0184693 secs] [Times: user=0.02 sys=0.02, real=0.02 secs] 
2021-05-21T09:20:06.382+0800: 604158.061: [GC (Allocation Failure) [PSYoungGen: 513824K->4800K(516608K)] 777845K->273864K(1040896K), 0.0159113 secs] [Times: user=0.05 sys=0.00, real=0.02 secs] 
2021-05-21T09:23:57.574+0800: 604389.254: [GC (Allocation Failure) [PSYoungGen: 513216K->4576K(516096K)] 782280K->277446K(1040384K), 0.0171784 secs] [Times: user=0.06 sys=0.00, real=0.01 secs] 
2021-05-21T09:27:51.443+0800: 604623.122: [GC (Allocation Failure) [PSYoungGen: 512992K->3200K(516608K)] 785862K->279410K(1040896K), 0.0189799 secs] [Times: user=0.03 sys=0.03, real=0.01 secs] 
2021-05-21T09:31:44.399+0800: 604856.079: [GC (Allocation Failure) [PSYoungGen: 512128K->5248K(516608K)] 788338K->283521K(1040896K), 0.0286360 secs] [Times: user=0.02 sys=0.03, real=0.03 secs] 
2021-05-21T09:35:38.449+0800: 605090.128: [GC (Allocation Failure) [PSYoungGen: 514176K->2400K(516608K)] 792449K->284956K(1040896K), 0.0167616 secs] [Times: user=0.05 sys=0.00, real=0.02 secs] 
2021-05-21T09:39:30.144+0800: 605321.824: [GC (Allocation Failure) [PSYoungGen: 511328K->6048K(515072K)] 793884K->289732K(1039360K), 0.0216256 secs] [Times: user=0.03 sys=0.03, real=0.02 secs] 
2021-05-21T09:43:23.457+0800: 605555.137: [GC (Allocation Failure) [PSYoungGen: 514976K->4672K(516608K)] 798660K->292951K(1040896K), 0.0184855 secs] [Times: user=0.02 sys=0.03, real=0.02 secs] 
2021-05-21T09:47:17.920+0800: 605789.600: [GC (Allocation Failure) [PSYoungGen: 513088K->3456K(516096K)] 801367K->295243K(1040384K), 0.0163793 secs] [Times: user=0.05 sys=0.00, real=0.02 secs] 
2021-05-21T09:51:09.957+0800: 606021.636: [GC (Allocation Failure) [PSYoungGen: 511872K->5632K(516608K)] 803659K->299729K(1040896K), 0.0233036 secs] [Times: user=0.07 sys=0.00, real=0.02 secs] 
2021-05-21T09:55:04.644+0800: 606256.324: [GC (Allocation Failure) [PSYoungGen: 514560K->3680K(516608K)] 808657K->302309K(1040896K), 0.0279535 secs] [Times: user=0.05 sys=0.00, real=0.03 secs] 
2021-05-21T09:58:59.938+0800: 606491.617: [GC (Allocation Failure) [PSYoungGen: 512608K->3264K(516608K)] 811237K->304258K(1040896K), 0.0174197 secs] [Times: user=0.02 sys=0.02, real=0.02 secs] 
2021-05-21T10:02:54.639+0800: 606726.318: [GC (Allocation Failure) [PSYoungGen: 512192K->2080K(516608K)] 813186K->305193K(1040896K), 0.0144356 secs] [Times: user=0.05 sys=0.00, real=0.02 secs] 
2021-05-21T10:06:50.182+0800: 606961.861: [GC (Allocation Failure) [PSYoungGen: 511008K->4064K(517120K)] 814121K->307913K(1041408K), 0.0211264 secs] [Times: user=0.07 sys=0.00, real=0.03 secs] 
2021-05-21T10:10:41.248+0800: 607192.928: [GC (Allocation Failure) [PSYoungGen: 513504K->3808K(516608K)] 817353K->310031K(1040896K), 0.0183392 secs] [Times: user=0.05 sys=0.00, real=0.02 secs] 
2021-05-21T10:14:35.518+0800: 607427.198: [GC (Allocation Failure) [PSYoungGen: 513248K->3808K(517120K)] 819471K->312805K(1041408K), 0.0186322 secs] [Times: user=0.03 sys=0.03, real=0.02 secs] 
2021-05-21T10:18:31.916+0800: 607663.596: [GC (Allocation Failure) [PSYoungGen: 513760K->2080K(517120K)] 822757K->313678K(1041408K), 0.0242698 secs] [Times: user=0.06 sys=0.00, real=0.02 secs] 
2021-05-21T10:22:25.112+0800: 607896.792: [GC (Allocation Failure) [PSYoungGen: 512032K->2080K(517120K)] 823630K->314606K(1041408K), 0.0701336 secs] [Times: user=0.21 sys=0.05, real=0.07 secs] 
2021-05-21T10:26:18.021+0800: 608129.701: [GC (Allocation Failure) [PSYoungGen: 512032K->4992K(517120K)] 824558K->318390K(1041408K), 0.0320806 secs] [Times: user=0.04 sys=0.04, real=0.04 secs] 
2021-05-21T10:30:12.284+0800: 608363.964: [GC (Allocation Failure) [PSYoungGen: 514944K->3168K(517120K)] 828342K->320386K(1041408K), 0.0232471 secs] [Times: user=0.03 sys=0.03, real=0.02 secs] 
2021-05-21T10:34:05.571+0800: 608597.250: [GC (Allocation Failure) [PSYoungGen: 513120K->2944K(517120K)] 830338K->322217K(1041408K), 0.0223530 secs] [Times: user=0.03 sys=0.03, real=0.03 secs] 
2021-05-21T10:37:59.906+0800: 608831.586: [GC (Allocation Failure) [PSYoungGen: 512896K->6432K(515584K)] 832169K->327352K(1039872K), 0.0215397 secs] [Times: user=0.07 sys=0.00, real=0.02 secs] 
2021-05-21T10:41:52.928+0800: 609064.608: [GC (Allocation Failure) [PSYoungGen: 515360K->5280K(516608K)] 836280K->331746K(1040896K), 0.0271754 secs] [Times: user=0.06 sys=0.00, real=0.03 secs] 
2021-05-21T10:45:45.124+0800: 609296.804: [GC (Allocation Failure) [PSYoungGen: 514208K->6240K(515584K)] 840674K->336671K(1039872K), 0.0206699 secs] [Times: user=0.03 sys=0.03, real=0.02 secs] 
2021-05-21T10:49:37.876+0800: 609529.555: [GC (Allocation Failure) [PSYoungGen: 514144K->4288K(516096K)] 844575K->339714K(1040384K), 0.0193576 secs] [Times: user=0.06 sys=0.00, real=0.02 secs] 
2021-05-21T10:53:30.810+0800: 609762.490: [GC (Allocation Failure) [PSYoungGen: 512192K->2880K(516608K)] 847618K->341614K(1040896K), 0.0166644 secs] [Times: user=0.03 sys=0.03, real=0.02 secs] 
2021-05-21T10:57:25.868+0800: 609997.548: [GC (Allocation Failure) [PSYoungGen: 511808K->4320K(516608K)] 850542K->344701K(1040896K), 0.0195974 secs] [Times: user=0.03 sys=0.03, real=0.02 secs] 
2021-05-21T11:01:20.327+0800: 610232.007: [GC (Allocation Failure) [PSYoungGen: 513248K->3680K(517120K)] 853629K->347162K(1041408K), 0.0174649 secs] [Times: user=0.03 sys=0.03, real=0.02 secs] 
2021-05-21T11:05:14.587+0800: 610466.267: [GC (Allocation Failure) [PSYoungGen: 513120K->2752K(516608K)] 856602K->348784K(1040896K), 0.0158129 secs] [Times: user=0.05 sys=0.00, real=0.02 secs] 
2021-05-21T11:09:05.378+0800: 610697.057: [GC (Allocation Failure) [PSYoungGen: 512192K->6592K(516096K)] 858224K->354143K(1040384K), 0.0422404 secs] [Times: user=0.06 sys=0.00, real=0.04 secs] 
2021-05-21T11:12:57.656+0800: 610929.336: [GC (Allocation Failure) [PSYoungGen: 515520K->7200K(516608K)] 863071K->359995K(1040896K), 0.0195121 secs] [Times: user=0.05 sys=0.00, real=0.02 secs] 
2021-05-21T11:16:53.875+0800: 611165.555: [GC (Allocation Failure) [PSYoungGen: 516128K->3168K(514560K)] 868923K->362075K(1038848K), 0.0264238 secs] [Times: user=0.04 sys=0.04, real=0.02 secs] 
2021-05-21T11:20:46.320+0800: 611398.000: [GC (Allocation Failure) [PSYoungGen: 510048K->3712K(515584K)] 868955K->364705K(1039872K), 0.0174571 secs] [Times: user=0.02 sys=0.02, real=0.02 secs] 
2021-05-21T11:24:38.355+0800: 611630.035: [GC (Allocation Failure) [PSYoungGen: 510592K->4608K(516096K)] 871585K->368152K(1040384K), 0.0239960 secs] [Times: user=0.06 sys=0.00, real=0.02 secs] 
2021-05-21T11:28:31.261+0800: 611862.941: [GC (Allocation Failure) [PSYoungGen: 512512K->3168K(516096K)] 876056K->370268K(1040384K), 0.0258640 secs] [Times: user=0.06 sys=0.00, real=0.03 secs] 
2021-05-21T11:32:23.808+0800: 612095.487: [GC (Allocation Failure) [PSYoungGen: 511072K->2784K(516608K)] 878172K->371963K(1040896K), 0.0192997 secs] [Times: user=0.06 sys=0.00, real=0.02 secs] 
2021-05-21T11:36:18.311+0800: 612329.991: [GC (Allocation Failure) [PSYoungGen: 511712K->4064K(516608K)] 880891K->374674K(1040896K), 0.0181357 secs] [Times: user=0.06 sys=0.00, real=0.02 secs] 
2021-05-21T11:40:08.908+0800: 612560.588: [GC (Allocation Failure) [PSYoungGen: 512992K->4224K(517120K)] 883602K->377832K(1041408K), 0.0196763 secs] [Times: user=0.04 sys=0.03, real=0.02 secs] 
2021-05-21T11:44:05.426+0800: 612797.106: [GC (Allocation Failure) [PSYoungGen: 514176K->3392K(517120K)] 887784K->380077K(1041408K), 0.0231500 secs] [Times: user=0.03 sys=0.03, real=0.02 secs] 
2021-05-21T11:47:56.592+0800: 613028.272: [GC (Allocation Failure) [PSYoungGen: 513344K->6176K(516096K)] 890029K->384933K(1040384K), 0.0286250 secs] [Times: user=0.07 sys=0.00, real=0.03 secs] 
2021-05-21T11:51:51.582+0800: 613263.262: [GC (Allocation Failure) [PSYoungGen: 515104K->4384K(516608K)] 893861K->387416K(1040896K), 0.0487662 secs] [Times: user=0.03 sys=0.03, real=0.05 secs] 
2021-05-21T11:55:44.267+0800: 613495.947: [GC (Allocation Failure) [PSYoungGen: 513312K->4992K(517120K)] 896344K->391365K(1041408K), 0.0242345 secs] [Times: user=0.03 sys=0.02, real=0.02 secs] 
2021-05-21T11:59:39.984+0800: 613731.664: [GC (Allocation Failure) [PSYoungGen: 514944K->3456K(517120K)] 901317K->393857K(1041408K), 0.0170478 secs] [Times: user=0.02 sys=0.03, real=0.01 secs] 
2021-05-21T12:03:31.631+0800: 613963.310: [GC (Allocation Failure) [PSYoungGen: 513408K->4128K(517632K)] 903809K->396895K(1041920K), 0.0262580 secs] [Times: user=0.03 sys=0.02, real=0.03 secs] 
2021-05-21T12:07:24.895+0800: 614196.575: [GC (Allocation Failure) [PSYoungGen: 514592K->4640K(517120K)] 907359K->400324K(1041408K), 0.0209846 secs] [Times: user=0.07 sys=0.00, real=0.02 secs] 
2021-05-21T12:11:16.801+0800: 614428.480: [GC (Allocation Failure) [PSYoungGen: 515104K->6624K(513536K)] 910788K->405842K(1037824K), 0.0357539 secs] [Times: user=0.07 sys=0.00, real=0.04 secs] 
2021-05-21T12:15:06.767+0800: 614658.447: [GC (Allocation Failure) [PSYoungGen: 513504K->8672K(515584K)] 912722K->413396K(1039872K), 0.0195876 secs] [Times: user=0.03 sys=0.03, real=0.02 secs] 
2021-05-21T12:19:00.658+0800: 614892.337: [GC (Allocation Failure) [PSYoungGen: 515552K->4736K(510464K)] 920276K->417244K(1034752K), 0.0201203 secs] [Times: user=0.03 sys=0.03, real=0.02 secs] 
2021-05-21T12:22:51.018+0800: 615122.698: [GC (Allocation Failure) [PSYoungGen: 506496K->3392K(513024K)] 919004K->419665K(1037312K), 0.0470843 secs] [Times: user=0.06 sys=0.00, real=0.05 secs] 
2021-05-21T12:26:40.328+0800: 615352.008: [GC (Allocation Failure) [PSYoungGen: 505152K->4576K(513536K)] 921425K->423119K(1037824K), 0.0171840 secs] [Times: user=0.03 sys=0.03, real=0.02 secs] 
2021-05-21T12:30:31.713+0800: 615583.393: [GC (Allocation Failure) [PSYoungGen: 506848K->2976K(513024K)] 925391K->425052K(1037312K), 0.0180023 secs] [Times: user=0.05 sys=0.00, real=0.01 secs] 
2021-05-21T12:34:17.598+0800: 615809.278: [GC (Allocation Failure) [PSYoungGen: 505248K->7360K(512512K)] 927324K->431259K(1036800K), 0.0226232 secs] [Times: user=0.03 sys=0.04, real=0.02 secs] 
2021-05-21T12:38:09.304+0800: 616040.984: [GC (Allocation Failure) [PSYoungGen: 509120K->3680K(513024K)] 933019K->433500K(1037312K), 0.0198072 secs] [Times: user=0.03 sys=0.02, real=0.02 secs] 
2021-05-21T12:41:58.476+0800: 616270.155: [GC (Allocation Failure) [PSYoungGen: 505440K->6272K(513536K)] 935260K->438738K(1037824K), 0.0182899 secs] [Times: user=0.03 sys=0.03, real=0.02 secs] 
2021-05-21T12:45:48.477+0800: 616500.157: [GC (Allocation Failure) [PSYoungGen: 509056K->4480K(513536K)] 941522K->442110K(1037824K), 0.0196472 secs] [Times: user=0.06 sys=0.00, real=0.02 secs] 
2021-05-21T12:49:37.207+0800: 616728.887: [GC (Allocation Failure) [PSYoungGen: 507264K->6272K(514048K)] 944894K->446739K(1038336K), 0.0392750 secs] [Times: user=0.03 sys=0.03, real=0.04 secs] 
2021-05-21T12:53:26.999+0800: 616958.679: [GC (Allocation Failure) [PSYoungGen: 510080K->4736K(514048K)] 950547K->450166K(1038336K), 0.0204505 secs] [Times: user=0.03 sys=0.03, real=0.02 secs] 
2021-05-21T12:57:17.248+0800: 617188.927: [GC (Allocation Failure) [PSYoungGen: 508544K->5504K(514560K)] 953974K->453948K(1038848K), 0.0321028 secs] [Times: user=0.06 sys=0.00, real=0.03 secs] 
2021-05-21T13:01:08.366+0800: 617420.046: [GC (Allocation Failure) [PSYoungGen: 510336K->5632K(514560K)] 958780K->458634K(1038848K), 0.0208926 secs] [Times: user=0.03 sys=0.03, real=0.02 secs] 
2021-05-21T13:05:00.697+0800: 617652.376: [GC (Allocation Failure) [PSYoungGen: 510464K->2944K(515072K)] 963466K->460684K(1039360K), 0.0175068 secs] [Times: user=0.06 sys=0.00, real=0.02 secs] 
2021-05-21T13:08:52.374+0800: 617884.054: [GC (Allocation Failure) [PSYoungGen: 508797K->5056K(515072K)] 966538K->464539K(1039360K), 0.0200867 secs] [Times: user=0.02 sys=0.04, real=0.02 secs] 
2021-05-21T13:12:40.370+0800: 618112.050: [GC (Allocation Failure) [PSYoungGen: 510912K->5920K(515584K)] 970395K->468745K(1039872K), 0.0225365 secs] [Times: user=0.06 sys=0.00, real=0.03 secs] 
2021-05-21T13:16:33.093+0800: 618344.773: [GC (Allocation Failure) [PSYoungGen: 512800K->3808K(515584K)] 975625K->470748K(1039872K), 0.0180622 secs] [Times: user=0.03 sys=0.03, real=0.01 secs] 
2021-05-21T13:20:26.641+0800: 618578.320: [GC (Allocation Failure) [PSYoungGen: 510688K->5600K(515584K)] 977628K->475345K(1039872K), 0.0187462 secs] [Times: user=0.06 sys=0.00, real=0.02 secs] 
2021-05-21T13:24:18.650+0800: 618810.329: [GC (Allocation Failure) [PSYoungGen: 512480K->5152K(515584K)] 982225K->479149K(1039872K), 0.0196990 secs] [Times: user=0.06 sys=0.00, real=0.02 secs] 
2021-05-21T13:28:11.280+0800: 619042.960: [GC (Allocation Failure) [PSYoungGen: 512032K->4896K(516096K)] 986029K->482929K(1040384K), 0.0187304 secs] [Times: user=0.03 sys=0.03, real=0.02 secs] 
2021-05-21T13:32:02.729+0800: 619274.408: [GC (Allocation Failure) [PSYoungGen: 512800K->5248K(516096K)] 990833K->487245K(1040384K), 0.0570641 secs] [Times: user=0.03 sys=0.03, real=0.06 secs] 
2021-05-21T13:35:55.242+0800: 619506.922: [GC (Allocation Failure) [PSYoungGen: 513152K->3776K(516608K)] 995149K->489929K(1040896K), 0.0173591 secs] [Times: user=0.03 sys=0.03, real=0.01 secs] 
2021-05-21T13:39:47.537+0800: 619739.217: [GC (Allocation Failure) [PSYoungGen: 512704K->4384K(516608K)] 998857K->493278K(1040896K), 0.0186826 secs] [Times: user=0.04 sys=0.02, real=0.02 secs] 
2021-05-21T13:43:41.258+0800: 619972.937: [GC (Allocation Failure) [PSYoungGen: 513312K->3520K(516608K)] 1002206K->495747K(1040896K), 0.0184811 secs] [Times: user=0.03 sys=0.03, real=0.02 secs] 
2021-05-21T13:47:32.900+0800: 620204.580: [GC (Allocation Failure) [PSYoungGen: 512448K->4992K(516608K)] 1004675K->499691K(1040896K), 0.0187734 secs] [Times: user=0.05 sys=0.00, real=0.02 secs] 
2021-05-21T13:51:27.784+0800: 620439.463: [GC (Allocation Failure) [PSYoungGen: 513920K->5792K(516608K)] 1008619K->504487K(1040896K), 0.0191429 secs] [Times: user=0.03 sys=0.03, real=0.02 secs] 
2021-05-21T13:55:18.549+0800: 620670.229: [GC (Allocation Failure) [PSYoungGen: 514720K->6944K(516096K)] 1013415K->509676K(1040384K), 0.0319378 secs] [Times: user=0.06 sys=0.00, real=0.03 secs] 
2021-05-21T13:59:11.888+0800: 620903.568: [GC (Allocation Failure) [PSYoungGen: 515872K->5856K(516096K)] 1018604K->514302K(1040384K), 0.0456527 secs] [Times: user=0.07 sys=0.00, real=0.05 secs] 
2021-05-21T14:03:05.302+0800: 621136.982: [GC (Allocation Failure) [PSYoungGen: 513760K->4256K(516096K)] 1022206K->517512K(1040384K), 0.0200808 secs] [Times: user=0.03 sys=0.03, real=0.02 secs] 
2021-05-21T14:06:58.311+0800: 621369.991: [GC (Allocation Failure) [PSYoungGen: 512160K->4896K(516608K)] 1025416K->521309K(1040896K), 0.0198127 secs] [Times: user=0.03 sys=0.04, real=0.02 secs] 
2021-05-21T14:10:52.288+0800: 621603.967: [GC (Allocation Failure) [PSYoungGen: 513312K->4128K(516096K)] 1029725K->523907K(1040384K), 0.0244953 secs] [Times: user=0.05 sys=0.04, real=0.03 secs] 
2021-05-21T14:10:52.313+0800: 621603.993: [Full GC (Ergonomics) [PSYoungGen: 4128K->0K(516096K)] [ParOldGen: 519779K->277784K(524288K)] 523907K->277784K(1040384K), [Metaspace: 94312K->94312K(1136640K)], 0.5797272 secs] [Times: user=1.28 sys=0.00, real=0.58 secs] 
2021-05-21T14:14:44.770+0800: 621836.450: [GC (Allocation Failure) [PSYoungGen: 508416K->5184K(516608K)] 786200K->282968K(1040896K), 0.0152276 secs] [Times: user=0.03 sys=0.03, real=0.02 secs] 
2021-05-21T14:18:35.495+0800: 622067.175: [GC (Allocation Failure) [PSYoungGen: 514112K->3872K(516608K)] 791896K->286027K(1040896K), 0.0174586 secs] [Times: user=0.03 sys=0.03, real=0.02 secs] 
2021-05-21T14:22:28.251+0800: 622299.931: [GC (Allocation Failure) [PSYoungGen: 512800K->3200K(516608K)] 794955K->288185K(1040896K), 0.0212936 secs] [Times: user=0.05 sys=0.00, real=0.03 secs] 
2021-05-21T14:26:19.644+0800: 622531.324: [GC (Allocation Failure) [PSYoungGen: 512128K->6400K(516608K)] 797113K->293455K(1040896K), 0.0179151 secs] [Times: user=0.02 sys=0.03, real=0.02 secs] 
2021-05-21T14:30:10.169+0800: 622761.848: [GC (Allocation Failure) [PSYoungGen: 515328K->6144K(515584K)] 802383K->297947K(1039872K), 0.0208441 secs] [Times: user=0.04 sys=0.03, real=0.02 secs] 
2021-05-21T14:34:02.766+0800: 622994.445: [GC (Allocation Failure) [PSYoungGen: 514048K->7232K(515584K)] 805851K->303647K(1039872K), 0.0185530 secs] [Times: user=0.06 sys=0.00, real=0.02 secs] 
2021-05-21T14:37:56.966+0800: 623228.646: [GC (Allocation Failure) [PSYoungGen: 515136K->6368K(515584K)] 811551K->308745K(1039872K), 0.0231465 secs] [Times: user=0.03 sys=0.02, real=0.02 secs] 
2021-05-21T14:41:45.785+0800: 623457.465: [GC (Allocation Failure) [PSYoungGen: 513248K->6048K(515584K)] 815625K->313189K(1039872K), 0.0216852 secs] [Times: user=0.03 sys=0.03, real=0.02 secs] 
2021-05-21T14:45:38.625+0800: 623690.304: [GC (Allocation Failure) [PSYoungGen: 512928K->4064K(515584K)] 820069K->316376K(1039872K), 0.0194438 secs] [Times: user=0.03 sys=0.02, real=0.02 secs] 
2021-05-21T14:49:31.489+0800: 623923.169: [GC (Allocation Failure) [PSYoungGen: 510944K->3648K(515584K)] 823256K->318805K(1039872K), 0.0180679 secs] [Times: user=0.03 sys=0.03, real=0.02 secs] 
2021-05-21T14:53:24.146+0800: 624155.825: [GC (Allocation Failure) [PSYoungGen: 510528K->4352K(516096K)] 825685K->322083K(1040384K), 0.0177431 secs] [Times: user=0.06 sys=0.00, real=0.02 secs] 
2021-05-21T14:57:19.544+0800: 624391.223: [GC (Allocation Failure) [PSYoungGen: 511744K->3040K(515584K)] 829475K->323608K(1039872K), 0.0162172 secs] [Times: user=0.03 sys=0.02, real=0.01 secs] 
2021-05-21T15:01:13.678+0800: 624625.358: [GC (Allocation Failure) [PSYoungGen: 510432K->2688K(515072K)] 831000K->325127K(1039360K), 0.0177805 secs] [Times: user=0.03 sys=0.03, real=0.02 secs] 
2021-05-21T15:05:03.803+0800: 624855.482: [GC (Allocation Failure) [PSYoungGen: 509568K->4128K(515584K)] 832007K->328142K(1039872K), 0.0474292 secs] [Times: user=0.05 sys=0.05, real=0.04 secs] 
2021-05-21T15:08:54.481+0800: 625086.161: [GC (Allocation Failure) [PSYoungGen: 511008K->6592K(515072K)] 835022K->333532K(1039360K), 0.0234044 secs] [Times: user=0.06 sys=0.00, real=0.03 secs] 
2021-05-21T15:12:44.811+0800: 625316.491: [GC (Allocation Failure) [PSYoungGen: 513472K->4416K(515584K)] 840412K->336391K(1039872K), 0.0216562 secs] [Times: user=0.03 sys=0.03, real=0.03 secs] 
2021-05-21T15:16:35.088+0800: 625546.767: [GC (Allocation Failure) [PSYoungGen: 511296K->4480K(516096K)] 843271K->339628K(1040384K), 0.0181411 secs] [Times: user=0.03 sys=0.03, real=0.02 secs] 
2021-05-21T15:20:24.024+0800: 625775.703: [GC (Allocation Failure) [PSYoungGen: 512382K->4576K(516096K)] 847530K->343224K(1040384K), 0.0178706 secs] [Times: user=0.03 sys=0.03, real=0.01 secs] 
2021-05-21T15:24:15.812+0800: 626007.492: [GC (Allocation Failure) [PSYoungGen: 512480K->4960K(516608K)] 851128K->347101K(1040896K), 0.0196893 secs] [Times: user=0.03 sys=0.03, real=0.02 secs] 
2021-05-21T15:28:09.448+0800: 626241.127: [GC (Allocation Failure) [PSYoungGen: 513888K->5536K(516608K)] 856029K->351442K(1040896K), 0.0177500 secs] [Times: user=0.02 sys=0.02, real=0.02 secs] 
2021-05-21T15:32:03.435+0800: 626475.115: [GC (Allocation Failure) [PSYoungGen: 514464K->5632K(516608K)] 860370K->356013K(1040896K), 0.0209264 secs] [Times: user=0.06 sys=0.00, real=0.02 secs] 
2021-05-21T15:35:56.735+0800: 626708.415: [GC (Allocation Failure) [PSYoungGen: 514560K->3168K(516608K)] 864941K->357913K(1040896K), 0.0213814 secs] [Times: user=0.03 sys=0.03, real=0.02 secs] 
2021-05-21T15:39:50.371+0800: 626942.051: [GC (Allocation Failure) [PSYoungGen: 512096K->4640K(516608K)] 866841K->361399K(1040896K), 0.0170216 secs] [Times: user=0.03 sys=0.03, real=0.02 secs] 
2021-05-21T15:43:47.701+0800: 627179.380: [GC (Allocation Failure) [PSYoungGen: 513568K->3872K(516608K)] 870327K->364180K(1040896K), 0.0179625 secs] [Times: user=0.03 sys=0.03, real=0.02 secs] 
2021-05-21T15:47:41.698+0800: 627413.377: [GC (Allocation Failure) [PSYoungGen: 512800K->6528K(516096K)] 873108K->369626K(1040384K), 0.0236147 secs] [Times: user=0.03 sys=0.04, real=0.02 secs] 
2021-05-21T15:51:35.384+0800: 627647.063: [GC (Allocation Failure) [PSYoungGen: 515456K->2944K(516608K)] 878554K->371540K(1040896K), 0.0168868 secs] [Times: user=0.03 sys=0.03, real=0.01 secs] 
2021-05-21T15:55:28.603+0800: 627880.283: [GC (Allocation Failure) [PSYoungGen: 511872K->5440K(516608K)] 880468K->375923K(1040896K), 0.0173569 secs] [Times: user=0.02 sys=0.03, real=0.01 secs] 
2021-05-21T15:59:20.916+0800: 628112.596: [GC (Allocation Failure) [PSYoungGen: 514368K->6272K(515584K)] 884851K->381215K(1039872K), 0.0242696 secs] [Times: user=0.08 sys=0.00, real=0.02 secs] 
2021-05-21T16:03:12.223+0800: 628343.903: [GC (Allocation Failure) [PSYoungGen: 515200K->8032K(514048K)] 890143K->388210K(1038336K), 0.0230935 secs] [Times: user=0.07 sys=0.00, real=0.02 secs] 
2021-05-21T16:07:07.368+0800: 628579.047: [GC (Allocation Failure) [PSYoungGen: 513888K->6496K(515072K)] 894066K->393164K(1039360K), 0.0258369 secs] [Times: user=0.03 sys=0.03, real=0.03 secs] 
2021-05-21T16:11:00.256+0800: 628811.936: [GC (Allocation Failure) [PSYoungGen: 512352K->4384K(515584K)] 899020K->396127K(1039872K), 0.0195091 secs] [Times: user=0.03 sys=0.03, real=0.02 secs] 
2021-05-21T16:14:50.585+0800: 629042.265: [GC (Allocation Failure) [PSYoungGen: 510752K->3872K(515072K)] 902495K->399012K(1039360K), 0.0173303 secs] [Times: user=0.03 sys=0.03, real=0.02 secs] 
2021-05-21T16:18:43.405+0800: 629275.085: [GC (Allocation Failure) [PSYoungGen: 510240K->4512K(515584K)] 905380K->402410K(1039872K), 0.0278887 secs] [Times: user=0.02 sys=0.03, real=0.03 secs] 
2021-05-21T16:22:33.431+0800: 629505.110: [GC (Allocation Failure) [PSYoungGen: 511392K->3136K(515584K)] 909290K->404598K(1039872K), 0.0381340 secs] [Times: user=0.04 sys=0.03, real=0.04 secs] 
2021-05-21T16:26:29.778+0800: 629741.458: [GC (Allocation Failure) [PSYoungGen: 510016K->2400K(515584K)] 911478K->405925K(1039872K), 0.0605249 secs] [Times: user=0.03 sys=0.03, real=0.06 secs] 
2021-05-21T16:30:20.137+0800: 629971.817: [GC (Allocation Failure) [PSYoungGen: 509280K->5024K(515584K)] 912805K->409684K(1039872K), 0.0215361 secs] [Times: user=0.04 sys=0.03, real=0.02 secs] 
2021-05-21T16:34:12.238+0800: 630203.918: [GC (Allocation Failure) [PSYoungGen: 511904K->5792K(515072K)] 916564K->414161K(1039360K), 0.0189070 secs] [Times: user=0.03 sys=0.03, real=0.02 secs] 
2021-05-21T16:38:04.818+0800: 630436.497: [GC (Allocation Failure) [PSYoungGen: 512672K->7040K(514048K)] 921041K->419917K(1038336K), 0.0259881 secs] [Times: user=0.03 sys=0.03, real=0.03 secs] 
2021-05-21T16:41:52.887+0800: 630664.567: [GC (Allocation Failure) [PSYoungGen: 513920K->6432K(515072K)] 926797K->424345K(1039360K), 0.0209874 secs] [Times: user=0.07 sys=0.00, real=0.02 secs] 
2021-05-21T16:45:43.344+0800: 630895.023: [GC (Allocation Failure) [PSYoungGen: 512288K->6240K(515072K)] 930201K->429293K(1039360K), 0.0218067 secs] [Times: user=0.04 sys=0.04, real=0.02 secs] 
2021-05-21T16:49:33.764+0800: 631125.443: [GC (Allocation Failure) [PSYoungGen: 512096K->2784K(515072K)] 935149K->431327K(1039360K), 0.0314032 secs] [Times: user=0.09 sys=0.00, real=0.03 secs] 
2021-05-21T16:53:24.984+0800: 631356.663: [GC (Allocation Failure) [PSYoungGen: 508640K->4960K(515072K)] 937183K->435134K(1039360K), 0.0274276 secs] [Times: user=0.06 sys=0.00, real=0.02 secs] 
2021-05-21T16:57:16.025+0800: 631587.705: [GC (Allocation Failure) [PSYoungGen: 510816K->5216K(515584K)] 940990K->439394K(1039872K), 0.0270415 secs] [Times: user=0.08 sys=0.00, real=0.03 secs] 
2021-05-21T17:01:09.736+0800: 631821.416: [GC (Allocation Failure) [PSYoungGen: 512096K->4704K(515584K)] 946274K->443150K(1039872K), 0.0428320 secs] [Times: user=0.03 sys=0.04, real=0.04 secs] 
2021-05-21T17:05:02.072+0800: 632053.752: [GC (Allocation Failure) [PSYoungGen: 511584K->4928K(516096K)] 950030K->447162K(1040384K), 0.0298490 secs] [Times: user=0.04 sys=0.04, real=0.03 secs] 
2021-05-21T17:08:53.205+0800: 632284.885: [GC (Allocation Failure) [PSYoungGen: 512832K->6272K(516096K)] 955066K->451703K(1040384K), 0.0223710 secs] [Times: user=0.07 sys=0.00, real=0.02 secs] 
2021-05-21T17:12:45.911+0800: 632517.590: [GC (Allocation Failure) [PSYoungGen: 514176K->3264K(516096K)] 959607K->453554K(1040384K), 0.0221261 secs] [Times: user=0.07 sys=0.00, real=0.03 secs] 
2021-05-21T17:16:40.289+0800: 632751.969: [GC (Allocation Failure) [PSYoungGen: 511168K->5056K(516096K)] 961458K->457329K(1040384K), 0.0214381 secs] [Times: user=0.03 sys=0.03, real=0.02 secs] 
2021-05-21T17:20:33.844+0800: 632985.524: [GC (Allocation Failure) [PSYoungGen: 512960K->4544K(516608K)] 965233K->460357K(1040896K), 0.0222638 secs] [Times: user=0.06 sys=0.00, real=0.02 secs] 
2021-05-21T17:24:26.064+0800: 633217.743: [GC (Allocation Failure) [PSYoungGen: 512960K->5696K(516096K)] 968773K->464979K(1040384K), 0.0193000 secs] [Times: user=0.06 sys=0.00, real=0.02 secs] 
2021-05-21T17:28:19.100+0800: 633450.780: [GC (Allocation Failure) [PSYoungGen: 514112K->4256K(516608K)] 973395K->468279K(1040896K), 0.0274666 secs] [Times: user=0.03 sys=0.03, real=0.03 secs] 
2021-05-21T17:32:11.394+0800: 633683.074: [GC (Allocation Failure) [PSYoungGen: 513184K->3360K(516608K)] 977207K->470643K(1040896K), 0.0190059 secs] [Times: user=0.06 sys=0.00, real=0.02 secs] 
2021-05-21T17:36:05.260+0800: 633916.939: [GC (Allocation Failure) [PSYoungGen: 512288K->4704K(517120K)] 979571K->474138K(1041408K), 0.0191114 secs] [Times: user=0.03 sys=0.03, real=0.02 secs] 
2021-05-21T17:39:58.016+0800: 634149.696: [GC (Allocation Failure) [PSYoungGen: 514144K->6080K(516608K)] 983578K->478799K(1040896K), 0.0236708 secs] [Times: user=0.04 sys=0.03, real=0.02 secs] 
2021-05-21T17:43:51.638+0800: 634383.318: [GC (Allocation Failure) [PSYoungGen: 515520K->3424K(516608K)] 988239K->481201K(1040896K), 0.0185155 secs] [Times: user=0.03 sys=0.03, real=0.02 secs] 
2021-05-21T17:47:44.004+0800: 634615.684: [GC (Allocation Failure) [PSYoungGen: 512352K->5184K(516608K)] 990129K->485311K(1040896K), 0.0173996 secs] [Times: user=0.03 sys=0.02, real=0.01 secs] 
2021-05-21T17:51:37.773+0800: 634849.452: [GC (Allocation Failure) [PSYoungGen: 514112K->7392K(515584K)] 994239K->491739K(1039872K), 0.0222068 secs] [Times: user=0.03 sys=0.04, real=0.02 secs] 
2021-05-21T17:55:27.870+0800: 635079.550: [GC (Allocation Failure) [PSYoungGen: 515296K->6048K(516096K)] 999643K->496558K(1040384K), 0.0215292 secs] [Times: user=0.07 sys=0.00, real=0.02 secs] 
2021-05-21T17:59:23.374+0800: 635315.053: [GC (Allocation Failure) [PSYoungGen: 513952K->5600K(516096K)] 1004462K->501066K(1040384K), 0.0241924 secs] [Times: user=0.03 sys=0.04, real=0.02 secs] 
2021-05-21T18:03:14.479+0800: 635546.159: [GC (Allocation Failure) [PSYoungGen: 513504K->5536K(516096K)] 1008970K->505564K(1040384K), 0.0281147 secs] [Times: user=0.08 sys=0.00, real=0.03 secs] 
2021-05-21T18:07:06.234+0800: 635777.914: [GC (Allocation Failure) [PSYoungGen: 513440K->8160K(510976K)] 1013468K->512576K(1035264K), 0.0304862 secs] [Times: user=0.10 sys=0.00, real=0.03 secs] 
2021-05-21T18:10:56.574+0800: 636008.253: [GC (Allocation Failure) [PSYoungGen: 510944K->4160K(513536K)] 1015360K->515169K(1037824K), 0.0252984 secs] [Times: user=0.08 sys=0.00, real=0.02 secs] 
2021-05-21T18:14:48.263+0800: 636239.942: [GC (Allocation Failure) [PSYoungGen: 506944K->5920K(514048K)] 1017953K->520094K(1038336K), 0.0209401 secs] [Times: user=0.07 sys=0.00, real=0.02 secs] 
2021-05-21T18:18:38.569+0800: 636470.249: [GC (Allocation Failure) [PSYoungGen: 509728K->6080K(514048K)] 1023902K->525217K(1038336K), 0.0219846 secs] [Times: user=0.04 sys=0.04, real=0.02 secs] 
2021-05-21T18:18:38.592+0800: 636470.271: [Full GC (Ergonomics) [PSYoungGen: 6080K->0K(514048K)] [ParOldGen: 519137K->278302K(524288K)] 525217K->278302K(1038336K), [Metaspace: 94312K->94312K(1136640K)], 0.4810222 secs] [Times: user=1.06 sys=0.00, real=0.49 secs] 
2021-05-21T18:22:29.488+0800: 636701.167: [GC (Allocation Failure) [PSYoungGen: 503808K->3264K(514560K)] 782110K->281566K(1038848K), 0.0161056 secs] [Times: user=0.03 sys=0.03, real=0.02 secs] 
2021-05-21T18:26:21.480+0800: 636933.160: [GC (Allocation Failure) [PSYoungGen: 508096K->3904K(514560K)] 786398K->284412K(1038848K), 0.0192127 secs] [Times: user=0.03 sys=0.03, real=0.02 secs] 
2021-05-21T18:30:13.144+0800: 637164.824: [GC (Allocation Failure) [PSYoungGen: 508736K->5728K(515072K)] 789244K->289066K(1039360K), 0.0202762 secs] [Times: user=0.03 sys=0.03, real=0.02 secs] 
2021-05-21T18:34:05.409+0800: 637397.088: [GC (Allocation Failure) [PSYoungGen: 511072K->3712K(514560K)] 794410K->291820K(1038848K), 0.0189595 secs] [Times: user=0.06 sys=0.00, real=0.02 secs] 
2021-05-21T18:37:58.721+0800: 637630.401: [GC (Allocation Failure) [PSYoungGen: 509056K->3808K(515072K)] 797164K->294522K(1039360K), 0.0203352 secs] [Times: user=0.02 sys=0.03, real=0.02 secs] 
2021-05-21T18:41:52.376+0800: 637864.055: [GC (Allocation Failure) [PSYoungGen: 509664K->2752K(515072K)] 800378K->296128K(1039360K), 0.0198247 secs] [Times: user=0.02 sys=0.03, real=0.02 secs] 
2021-05-21T18:45:44.394+0800: 638096.074: [GC (Allocation Failure) [PSYoungGen: 508608K->4128K(515584K)] 801984K->299095K(1039872K), 0.0168335 secs] [Times: user=0.03 sys=0.03, real=0.01 secs] 
2021-05-21T18:49:36.352+0800: 638328.032: [GC (Allocation Failure) [PSYoungGen: 510496K->3264K(515072K)] 805463K->301253K(1039360K), 0.0180959 secs] [Times: user=0.03 sys=0.03, real=0.02 secs] 
2021-05-21T18:53:25.503+0800: 638557.182: [GC (Allocation Failure) [PSYoungGen: 509632K->8512K(513536K)] 807621K->308571K(1037824K), 0.0193397 secs] [Times: user=0.03 sys=0.03, real=0.02 secs] 
2021-05-21T18:57:16.879+0800: 638788.558: [GC (Allocation Failure) [PSYoungGen: 513344K->5504K(514560K)] 813403K->312739K(1038848K), 0.0217744 secs] [Times: user=0.04 sys=0.03, real=0.02 secs] 
2021-05-21T19:01:07.493+0800: 639019.172: [GC (Allocation Failure) [PSYoungGen: 510336K->4768K(515072K)] 817571K->316561K(1039360K), 0.0195758 secs] [Times: user=0.04 sys=0.03, real=0.02 secs] 
2021-05-21T19:04:55.918+0800: 639247.598: [GC (Allocation Failure) [PSYoungGen: 510112K->6528K(514560K)] 821905K->322039K(1038848K), 0.0324996 secs] [Times: user=0.06 sys=0.00, real=0.03 secs] 
2021-05-21T19:08:46.633+0800: 639478.312: [GC (Allocation Failure) [PSYoungGen: 511872K->6912K(514048K)] 827383K->327546K(1038336K), 0.0265196 secs] [Times: user=0.03 sys=0.03, real=0.02 secs] 
2021-05-21T19:12:37.107+0800: 639708.787: [GC (Allocation Failure) [PSYoungGen: 511744K->4640K(514560K)] 832378K->330381K(1038848K), 0.0196167 secs] [Times: user=0.06 sys=0.00, real=0.02 secs] 
2021-05-21T19:16:29.846+0800: 639941.525: [GC (Allocation Failure) [PSYoungGen: 509472K->6624K(515072K)] 835213K->335986K(1039360K), 0.0224270 secs] [Times: user=0.03 sys=0.03, real=0.02 secs] 
2021-05-21T19:20:19.789+0800: 640171.469: [GC (Allocation Failure) [PSYoungGen: 512480K->7968K(514048K)] 841842K->342191K(1038336K), 0.0217714 secs] [Times: user=0.06 sys=0.00, real=0.02 secs] 
2021-05-21T19:24:11.475+0800: 640403.154: [GC (Allocation Failure) [PSYoungGen: 513824K->4704K(514560K)] 848047K->345513K(1038848K), 0.0497417 secs] [Times: user=0.03 sys=0.02, real=0.05 secs] 
2021-05-21T19:28:02.054+0800: 640633.734: [GC (Allocation Failure) [PSYoungGen: 509024K->6432K(514048K)] 849833K->350774K(1038336K), 0.0211399 secs] [Times: user=0.06 sys=0.00, real=0.02 secs] 
2021-05-21T19:31:53.134+0800: 640864.813: [GC (Allocation Failure) [PSYoungGen: 510752K->2880K(514560K)] 855094K->352680K(1038848K), 0.0219377 secs] [Times: user=0.06 sys=0.00, real=0.02 secs] 
2021-05-21T19:35:46.420+0800: 641098.099: [GC (Allocation Failure) [PSYoungGen: 507712K->3360K(514560K)] 857512K->354839K(1038848K), 0.0163571 secs] [Times: user=0.06 sys=0.00, real=0.02 secs] 
2021-05-21T19:39:39.574+0800: 641331.254: [GC (Allocation Failure) [PSYoungGen: 508184K->2656K(514560K)] 859664K->356429K(1038848K), 0.0165404 secs] [Times: user=0.03 sys=0.03, real=0.01 secs] 
2021-05-21T19:43:31.980+0800: 641563.659: [GC (Allocation Failure) [PSYoungGen: 507488K->5152K(514560K)] 861261K->360149K(1038848K), 0.0208733 secs] [Times: user=0.03 sys=0.03, real=0.02 secs] 
2021-05-21T19:47:25.378+0800: 641797.057: [GC (Allocation Failure) [PSYoungGen: 509984K->3936K(515072K)] 864981K->363192K(1039360K), 0.0366009 secs] [Times: user=0.06 sys=0.00, real=0.04 secs] 
2021-05-21T19:51:19.676+0800: 642031.356: [GC (Allocation Failure) [PSYoungGen: 509792K->3488K(515072K)] 869048K->365334K(1039360K), 0.0205806 secs] [Times: user=0.06 sys=0.00, real=0.02 secs] 
2021-05-21T19:55:10.073+0800: 642261.752: [GC (Allocation Failure) [PSYoungGen: 509344K->3712K(515584K)] 871190K->367916K(1039872K), 0.0188554 secs] [Times: user=0.05 sys=0.00, real=0.01 secs] 
2021-05-21T19:59:02.175+0800: 642493.855: [GC (Allocation Failure) [PSYoungGen: 510592K->5088K(515584K)] 874796K->371835K(1039872K), 0.0198056 secs] [Times: user=0.06 sys=0.00, real=0.02 secs] 
2021-05-21T20:02:53.759+0800: 642725.439: [GC (Allocation Failure) [PSYoungGen: 511968K->3584K(516096K)] 878715K->374383K(1040384K), 0.0534044 secs] [Times: user=0.03 sys=0.02, real=0.06 secs] 
2021-05-21T20:06:46.135+0800: 642957.815: [GC (Allocation Failure) [PSYoungGen: 510976K->6720K(515584K)] 881775K->379678K(1039872K), 0.0197762 secs] [Times: user=0.06 sys=0.00, real=0.02 secs] 
2021-05-21T20:10:34.063+0800: 643185.742: [GC (Allocation Failure) [PSYoungGen: 514112K->8320K(513536K)] 887070K->386386K(1037824K), 0.0235817 secs] [Times: user=0.08 sys=0.00, real=0.02 secs] 
2021-05-21T20:14:25.450+0800: 643417.130: [GC (Allocation Failure) [PSYoungGen: 513152K->8640K(513536K)] 891218K->393940K(1037824K), 0.0223566 secs] [Times: user=0.07 sys=0.00, real=0.03 secs] 
2021-05-21T20:18:12.560+0800: 643644.239: [GC (Allocation Failure) [PSYoungGen: 513472K->7680K(513536K)] 898772K->400269K(1037824K), 0.0243354 secs] [Times: user=0.07 sys=0.00, real=0.03 secs] 
2021-05-21T20:22:01.339+0800: 643873.019: [GC (Allocation Failure) [PSYoungGen: 510464K->5728K(513536K)] 903053K->404734K(1037824K), 0.0208144 secs] [Times: user=0.03 sys=0.03, real=0.02 secs] 
2021-05-21T20:25:50.474+0800: 644102.153: [GC (Allocation Failure) [PSYoungGen: 508512K->5600K(514048K)] 907518K->408826K(1038336K), 0.0221605 secs] [Times: user=0.06 sys=0.00, real=0.02 secs] 
2021-05-21T20:29:41.449+0800: 644333.129: [GC (Allocation Failure) [PSYoungGen: 509408K->4928K(514048K)] 912634K->412422K(1038336K), 0.0234400 secs] [Times: user=0.03 sys=0.04, real=0.03 secs] 
2021-05-21T20:33:32.225+0800: 644563.904: [GC (Allocation Failure) [PSYoungGen: 508736K->6144K(514560K)] 916230K->417641K(1038848K), 0.0241297 secs] [Times: user=0.07 sys=0.00, real=0.02 secs] 
2021-05-21T20:37:21.585+0800: 644793.264: [GC (Allocation Failure) [PSYoungGen: 510976K->4288K(514560K)] 922473K->420301K(1038848K), 0.0203892 secs] [Times: user=0.03 sys=0.03, real=0.02 secs] 
2021-05-21T20:41:14.002+0800: 645025.682: [GC (Allocation Failure) [PSYoungGen: 509120K->2656K(514048K)] 925133K->421970K(1038336K), 0.0221494 secs] [Times: user=0.03 sys=0.03, real=0.02 secs] 
2021-05-21T20:45:07.718+0800: 645259.398: [GC (Allocation Failure) [PSYoungGen: 507488K->3008K(514560K)] 926802K->423753K(1038848K), 0.0212905 secs] [Times: user=0.03 sys=0.03, real=0.02 secs] 
2021-05-21T20:48:57.513+0800: 645489.192: [GC (Allocation Failure) [PSYoungGen: 507840K->5568K(515072K)] 928585K->428200K(1039360K), 0.0219802 secs] [Times: user=0.06 sys=0.00, real=0.02 secs] 
2021-05-21T20:52:49.490+0800: 645721.170: [GC (Allocation Failure) [PSYoungGen: 510912K->3712K(514560K)] 933544K->430819K(1038848K), 0.0362000 secs] [Times: user=0.03 sys=0.04, real=0.04 secs] 
2021-05-21T20:56:43.687+0800: 645955.367: [GC (Allocation Failure) [PSYoungGen: 509056K->2944K(515072K)] 936163K->432681K(1039360K), 0.0439940 secs] [Times: user=0.03 sys=0.03, real=0.04 secs] 
2021-05-21T21:00:34.450+0800: 646186.129: [GC (Allocation Failure) [PSYoungGen: 508800K->4608K(515072K)] 938537K->436192K(1039360K), 0.0246089 secs] [Times: user=0.06 sys=0.00, real=0.03 secs] 
2021-05-21T21:04:26.000+0800: 646417.680: [GC (Allocation Failure) [PSYoungGen: 510464K->3872K(515584K)] 942048K->438988K(1039872K), 0.0220828 secs] [Times: user=0.07 sys=0.00, real=0.03 secs] 
2021-05-21T21:08:19.067+0800: 646650.746: [GC (Allocation Failure) [PSYoungGen: 510752K->3904K(515584K)] 945868K->441482K(1039872K), 0.0190120 secs] [Times: user=0.05 sys=0.00, real=0.02 secs] 
2021-05-21T21:12:10.557+0800: 646882.237: [GC (Allocation Failure) [PSYoungGen: 510784K->4416K(516608K)] 948362K->444249K(1040896K), 0.0213225 secs] [Times: user=0.06 sys=0.00, real=0.02 secs] 
2021-05-21T21:15:59.211+0800: 647110.890: [GC (Allocation Failure) [PSYoungGen: 512832K->6848K(515584K)] 952665K->449999K(1039872K), 0.0178498 secs] [Times: user=0.03 sys=0.03, real=0.02 secs] 
2021-05-21T21:19:50.976+0800: 647342.656: [GC (Allocation Failure) [PSYoungGen: 515264K->3424K(516096K)] 958415K->452256K(1040384K), 0.0186162 secs] [Times: user=0.06 sys=0.00, real=0.02 secs] 
2021-05-21T21:23:43.166+0800: 647574.845: [GC (Allocation Failure) [PSYoungGen: 510816K->3808K(515584K)] 959648K->454975K(1039872K), 0.0210603 secs] [Times: user=0.03 sys=0.03, real=0.02 secs] 
2021-05-21T21:27:35.553+0800: 647807.233: [GC (Allocation Failure) [PSYoungGen: 511200K->5824K(516096K)] 962367K->459556K(1040384K), 0.0234501 secs] [Times: user=0.07 sys=0.00, real=0.02 secs] 
2021-05-21T21:31:25.922+0800: 648037.602: [GC (Allocation Failure) [PSYoungGen: 513728K->8032K(516096K)] 967460K->466217K(1040384K), 0.0243153 secs] [Times: user=0.04 sys=0.04, real=0.02 secs] 
2021-05-21T21:35:18.435+0800: 648270.115: [GC (Allocation Failure) [PSYoungGen: 515936K->3616K(514048K)] 974121K->469008K(1038336K), 0.0268602 secs] [Times: user=0.08 sys=0.00, real=0.03 secs] 
2021-05-21T21:39:09.287+0800: 648500.967: [GC (Allocation Failure) [PSYoungGen: 509472K->5344K(515072K)] 974864K->473333K(1039360K), 0.0187905 secs] [Times: user=0.06 sys=0.00, real=0.02 secs] 
2021-05-21T21:43:01.816+0800: 648733.496: [GC (Allocation Failure) [PSYoungGen: 511200K->6208K(515584K)] 979189K->478522K(1039872K), 0.0205732 secs] [Times: user=0.07 sys=0.00, real=0.02 secs] 
2021-05-21T21:46:49.559+0800: 648961.239: [GC (Allocation Failure) [PSYoungGen: 513088K->4544K(515584K)] 985402K->482005K(1039872K), 0.0211859 secs] [Times: user=0.07 sys=0.00, real=0.02 secs] 
2021-05-21T21:50:42.364+0800: 649194.044: [GC (Allocation Failure) [PSYoungGen: 511424K->8672K(510464K)] 988885K->490323K(1034752K), 0.0280718 secs] [Times: user=0.08 sys=0.00, real=0.03 secs] 
2021-05-21T21:54:30.171+0800: 649421.850: [GC (Allocation Failure) [PSYoungGen: 510432K->6656K(513024K)] 992083K->496372K(1037312K), 0.0235180 secs] [Times: user=0.07 sys=0.00, real=0.03 secs] 
2021-05-21T21:58:18.731+0800: 649650.410: [GC (Allocation Failure) [PSYoungGen: 508416K->5184K(513536K)] 998132K->500150K(1037824K), 0.0323511 secs] [Times: user=0.07 sys=0.00, real=0.04 secs] 
2021-05-21T22:02:08.037+0800: 649879.717: [GC (Allocation Failure) [PSYoungGen: 507456K->5184K(513024K)] 1002422K->504387K(1037312K), 0.0215125 secs] [Times: user=0.03 sys=0.03, real=0.02 secs] 
2021-05-21T22:05:56.257+0800: 650107.936: [GC (Allocation Failure) [PSYoungGen: 507456K->8128K(513024K)] 1006659K->511431K(1037312K), 0.0254436 secs] [Times: user=0.03 sys=0.03, real=0.03 secs] 
2021-05-21T22:09:46.663+0800: 650338.343: [GC (Allocation Failure) [PSYoungGen: 510912K->6016K(513536K)] 1014215K->515442K(1037824K), 0.0388616 secs] [Times: user=0.03 sys=0.03, real=0.03 secs] 
2021-05-21T22:13:36.869+0800: 650568.549: [GC (Allocation Failure) [PSYoungGen: 508800K->6912K(514048K)] 1018226K->521038K(1038336K), 0.0264158 secs] [Times: user=0.08 sys=0.00, real=0.03 secs] 
2021-05-21T22:17:25.754+0800: 650797.433: [GC (Allocation Failure) [PSYoungGen: 510720K->6720K(514048K)] 1024846K->526417K(1038336K), 0.0255890 secs] [Times: user=0.07 sys=0.00, real=0.02 secs] 
2021-05-21T22:17:25.780+0800: 650797.459: [Full GC (Ergonomics) [PSYoungGen: 6720K->0K(514048K)] [ParOldGen: 519697K->280009K(524288K)] 526417K->280009K(1038336K), [Metaspace: 94324K->94320K(1136640K)], 0.5335021 secs] [Times: user=1.16 sys=0.00, real=0.54 secs] 
2021-05-21T22:21:15.897+0800: 651027.576: [GC (Allocation Failure) [PSYoungGen: 503808K->6112K(514560K)] 783817K->286121K(1038848K), 0.0196589 secs] [Times: user=0.02 sys=0.03, real=0.02 secs] 
2021-05-21T22:25:05.306+0800: 651256.986: [GC (Allocation Failure) [PSYoungGen: 510432K->7872K(514048K)] 790441K->292909K(1038336K), 0.0269058 secs] [Times: user=0.07 sys=0.00, real=0.03 secs] 
2021-05-21T22:28:54.724+0800: 651486.404: [GC (Allocation Failure) [PSYoungGen: 512192K->8064K(514048K)] 797229K->299727K(1038336K), 0.0209191 secs] [Times: user=0.04 sys=0.03, real=0.02 secs] 
2021-05-21T22:32:43.398+0800: 651715.077: [GC (Allocation Failure) [PSYoungGen: 511872K->5728K(514048K)] 803535K->304241K(1038336K), 0.0195267 secs] [Times: user=0.06 sys=0.00, real=0.02 secs] 
2021-05-21T22:36:30.751+0800: 651942.431: [GC (Allocation Failure) [PSYoungGen: 509536K->10208K(507904K)] 808049K->313917K(1032192K), 0.0218192 secs] [Times: user=0.07 sys=0.00, real=0.03 secs] 
2021-05-21T22:40:17.388+0800: 652169.068: [GC (Allocation Failure) [PSYoungGen: 507872K->6816K(510976K)] 811581K->319485K(1035264K), 0.0236070 secs] [Times: user=0.03 sys=0.04, real=0.02 secs] 
2021-05-21T22:44:04.362+0800: 652396.042: [GC (Allocation Failure) [PSYoungGen: 504480K->7584K(512000K)] 817149K->325457K(1036288K), 0.0244970 secs] [Times: user=0.03 sys=0.02, real=0.02 secs] 
2021-05-21T22:47:51.724+0800: 652623.403: [GC (Allocation Failure) [PSYoungGen: 506784K->8704K(511488K)] 824657K->332484K(1035776K), 0.0353940 secs] [Times: user=0.04 sys=0.04, real=0.03 secs] 
2021-05-21T22:51:37.186+0800: 652848.866: [GC (Allocation Failure) [PSYoungGen: 507904K->8640K(512000K)] 831684K->339447K(1036288K), 0.0408825 secs] [Times: user=0.04 sys=0.04, real=0.04 secs] 
2021-05-21T22:55:27.348+0800: 653079.027: [GC (Allocation Failure) [PSYoungGen: 508352K->5376K(512000K)] 839159K->342895K(1036288K), 0.0236287 secs] [Times: user=0.03 sys=0.04, real=0.02 secs] 
2021-05-21T22:59:16.086+0800: 653307.766: [GC (Allocation Failure) [PSYoungGen: 505088K->4128K(512000K)] 842607K->345883K(1036288K), 0.0214080 secs] [Times: user=0.06 sys=0.00, real=0.02 secs] 
2021-05-21T23:03:02.108+0800: 653533.787: [GC (Allocation Failure) [PSYoungGen: 503840K->7680K(512000K)] 845595K->352496K(1036288K), 0.0222510 secs] [Times: user=0.03 sys=0.03, real=0.02 secs] 
2021-05-21T23:06:49.632+0800: 653761.312: [GC (Allocation Failure) [PSYoungGen: 507392K->11040K(510464K)] 852208K->361286K(1034752K), 0.0256595 secs] [Times: user=0.08 sys=0.00, real=0.02 secs] 
2021-05-21T23:10:37.850+0800: 653989.530: [GC (Allocation Failure) [PSYoungGen: 509728K->5184K(511488K)] 859974K->364382K(1035776K), 0.0217614 secs] [Times: user=0.08 sys=0.00, real=0.02 secs] 
2021-05-21T23:14:25.233+0800: 654216.913: [GC (Allocation Failure) [PSYoungGen: 503872K->7360K(512000K)] 863070K->370403K(1036288K), 0.0205106 secs] [Times: user=0.03 sys=0.03, real=0.02 secs] 
2021-05-21T23:18:12.627+0800: 654444.306: [GC (Allocation Failure) [PSYoungGen: 506560K->8000K(511488K)] 869603K->377117K(1035776K), 0.0319396 secs] [Times: user=0.04 sys=0.05, real=0.03 secs] 
2021-05-21T23:22:03.681+0800: 654675.361: [GC (Allocation Failure) [PSYoungGen: 507200K->8064K(512512K)] 876317K->382769K(1036800K), 0.0257281 secs] [Times: user=0.06 sys=0.00, real=0.03 secs] 
2021-05-21T23:25:52.678+0800: 654904.358: [GC (Allocation Failure) [PSYoungGen: 508288K->6208K(512000K)] 882993K->387826K(1036288K), 0.0218439 secs] [Times: user=0.07 sys=0.00, real=0.02 secs] 
2021-05-21T23:29:42.988+0800: 655134.668: [GC (Allocation Failure) [PSYoungGen: 506432K->4800K(512512K)] 888050K->391165K(1036800K), 0.0206632 secs] [Times: user=0.02 sys=0.02, real=0.02 secs] 
2021-05-21T23:33:32.274+0800: 655363.953: [GC (Allocation Failure) [PSYoungGen: 505536K->5472K(512512K)] 891901K->395337K(1036800K), 0.0172793 secs] [Times: user=0.06 sys=0.00, real=0.01 secs] 
2021-05-21T23:37:22.028+0800: 655593.707: [GC (Allocation Failure) [PSYoungGen: 506208K->2784K(512512K)] 896073K->396948K(1036800K), 0.0197286 secs] [Times: user=0.04 sys=0.04, real=0.02 secs] 
2021-05-21T23:41:10.930+0800: 655822.610: [GC (Allocation Failure) [PSYoungGen: 503520K->4640K(512512K)] 897684K->400403K(1036800K), 0.0185797 secs] [Times: user=0.03 sys=0.03, real=0.02 secs] 
2021-05-21T23:45:02.614+0800: 656054.294: [GC (Allocation Failure) [PSYoungGen: 505376K->3232K(512512K)] 901139K->402544K(1036800K), 0.0195753 secs] [Times: user=0.03 sys=0.03, real=0.02 secs] 
2021-05-21T23:48:50.820+0800: 656282.500: [GC (Allocation Failure) [PSYoungGen: 503968K->5408K(512512K)] 903280K->406831K(1036800K), 0.0172996 secs] [Times: user=0.05 sys=0.00, real=0.02 secs] 
2021-05-21T23:52:36.789+0800: 656508.468: [GC (Allocation Failure) [PSYoungGen: 506144K->9952K(510976K)] 907567K->415580K(1035264K), 0.0285745 secs] [Times: user=0.08 sys=0.00, real=0.03 secs] 
2021-05-21T23:56:27.157+0800: 656738.837: [GC (Allocation Failure) [PSYoungGen: 509664K->6656K(512000K)] 915292K->420356K(1036288K), 0.0212973 secs] [Times: user=0.07 sys=0.00, real=0.02 secs] 
2021-05-22T00:00:12.267+0800: 656963.946: [GC (Allocation Failure) [PSYoungGen: 506368K->7296K(512512K)] 920068K->426136K(1036800K), 0.0221208 secs] [Times: user=0.07 sys=0.00, real=0.02 secs] 
2021-05-22T00:03:54.502+0800: 657186.182: [GC (Allocation Failure) [PSYoungGen: 508032K->7904K(512512K)] 926872K->432188K(1036800K), 0.0266221 secs] [Times: user=0.03 sys=0.03, real=0.03 secs] 
2021-05-22T00:07:42.845+0800: 657414.524: [GC (Allocation Failure) [PSYoungGen: 508640K->10624K(510464K)] 932924K->441143K(1034752K), 0.0270387 secs] [Times: user=0.07 sys=0.00, real=0.02 secs] 
2021-05-22T00:11:30.083+0800: 657641.762: [GC (Allocation Failure) [PSYoungGen: 509312K->8992K(511488K)] 939831K->448008K(1035776K), 0.0230591 secs] [Times: user=0.04 sys=0.03, real=0.02 secs] 
2021-05-22T00:15:17.991+0800: 657869.671: [GC (Allocation Failure) [PSYoungGen: 507680K->11968K(509440K)] 946696K->458339K(1033728K), 0.0323413 secs] [Times: user=0.04 sys=0.04, real=0.04 secs] 
2021-05-22T00:19:06.783+0800: 658098.463: [GC (Allocation Failure) [PSYoungGen: 508608K->4736K(510464K)] 954979K->460871K(1034752K), 0.0197204 secs] [Times: user=0.03 sys=0.03, real=0.02 secs] 
2021-05-22T00:22:52.065+0800: 658323.745: [GC (Allocation Failure) [PSYoungGen: 501376K->6336K(510976K)] 957511K->466005K(1035264K), 0.0227260 secs] [Times: user=0.07 sys=0.00, real=0.02 secs] 
2021-05-22T00:26:40.190+0800: 658551.869: [GC (Allocation Failure) [PSYoungGen: 503488K->3008K(510464K)] 963157K->467408K(1034752K), 0.0203532 secs] [Times: user=0.06 sys=0.00, real=0.02 secs] 
2021-05-22T00:30:28.687+0800: 658780.367: [GC (Allocation Failure) [PSYoungGen: 500160K->2208K(510464K)] 964560K->468462K(1034752K), 0.0198570 secs] [Times: user=0.04 sys=0.03, real=0.02 secs] 
2021-05-22T00:34:18.341+0800: 659010.021: [GC (Allocation Failure) [PSYoungGen: 498848K->3008K(510464K)] 965102K->470358K(1034752K), 0.0184638 secs] [Times: user=0.03 sys=0.03, real=0.02 secs] 
2021-05-22T00:38:05.515+0800: 659237.195: [GC (Allocation Failure) [PSYoungGen: 499648K->5152K(511488K)] 966998K->474373K(1035776K), 0.0228061 secs] [Times: user=0.07 sys=0.00, real=0.02 secs] 
2021-05-22T00:41:53.520+0800: 659465.200: [GC (Allocation Failure) [PSYoungGen: 502816K->5344K(510464K)] 972037K->478402K(1034752K), 0.0234410 secs] [Times: user=0.04 sys=0.04, real=0.03 secs] 
2021-05-22T00:45:39.154+0800: 659690.834: [GC (Allocation Failure) [PSYoungGen: 503008K->8544K(510976K)] 976066K->485807K(1035264K), 0.0222000 secs] [Times: user=0.06 sys=0.00, real=0.02 secs] 
2021-05-22T00:49:26.109+0800: 659917.789: [GC (Allocation Failure) [PSYoungGen: 507232K->5824K(511488K)] 984495K->490455K(1035776K), 0.0378569 secs] [Times: user=0.09 sys=0.00, real=0.04 secs] 
2021-05-22T00:53:15.451+0800: 660147.130: [GC (Allocation Failure) [PSYoungGen: 504512K->5024K(512512K)] 989143K->494386K(1036800K), 0.0259265 secs] [Times: user=0.07 sys=0.00, real=0.03 secs] 
2021-05-22T00:57:01.691+0800: 660373.371: [GC (Allocation Failure) [PSYoungGen: 505248K->2304K(512000K)] 994610K->495757K(1036288K), 0.0256451 secs] [Times: user=0.06 sys=0.00, real=0.03 secs] 
2021-05-22T01:00:51.948+0800: 660603.628: [GC (Allocation Failure) [PSYoungGen: 502528K->4928K(513024K)] 995981K->499496K(1037312K), 0.0220183 secs] [Times: user=0.06 sys=0.00, real=0.02 secs] 
2021-05-22T01:04:45.561+0800: 660837.241: [GC (Allocation Failure) [PSYoungGen: 506176K->5600K(512512K)] 1000744K->503645K(1036800K), 0.0194461 secs] [Times: user=0.05 sys=0.00, real=0.02 secs] 
2021-05-22T01:08:31.150+0800: 661062.829: [GC (Allocation Failure) [PSYoungGen: 506848K->5888K(514048K)] 1004893K->508097K(1038336K), 0.0231420 secs] [Times: user=0.07 sys=0.00, real=0.03 secs] 
2021-05-22T01:12:21.760+0800: 661293.439: [GC (Allocation Failure) [PSYoungGen: 509184K->4416K(513536K)] 1011393K->510789K(1037824K), 0.0186983 secs] [Times: user=0.03 sys=0.03, real=0.02 secs] 
2021-05-22T01:16:12.705+0800: 661524.385: [GC (Allocation Failure) [PSYoungGen: 507712K->4256K(514048K)] 1014085K->514010K(1038336K), 0.0168281 secs] [Times: user=0.02 sys=0.02, real=0.01 secs] 
2021-05-22T01:20:06.240+0800: 661757.920: [GC (Allocation Failure) [PSYoungGen: 508064K->2496K(514048K)] 1017818K->515527K(1038336K), 0.0186801 secs] [Times: user=0.06 sys=0.00, real=0.02 secs] 
2021-05-22T01:23:58.710+0800: 661990.390: [GC (Allocation Failure) [PSYoungGen: 506304K->2528K(514048K)] 1019335K->516902K(1038336K), 0.0346290 secs] [Times: user=0.05 sys=0.00, real=0.04 secs] 
2021-05-22T01:27:51.158+0800: 662222.837: [GC (Allocation Failure) [PSYoungGen: 506336K->2336K(514048K)] 1020710K->518053K(1038336K), 0.0196016 secs] [Times: user=0.03 sys=0.02, real=0.02 secs] 
2021-05-22T01:31:42.527+0800: 662454.207: [GC (Allocation Failure) [PSYoungGen: 506144K->5888K(514560K)] 1021861K->522717K(1038848K), 0.0207162 secs] [Times: user=0.06 sys=0.00, real=0.02 secs] 
2021-05-22T01:31:42.549+0800: 662454.228: [Full GC (Ergonomics) [PSYoungGen: 5888K->0K(514560K)] [ParOldGen: 516829K->284776K(524288K)] 522717K->284776K(1038848K), [Metaspace: 94320K->94320K(1136640K)], 0.4379741 secs] [Times: user=0.97 sys=0.00, real=0.44 secs] 
2021-05-22T01:35:34.714+0800: 662686.393: [GC (Allocation Failure) [PSYoungGen: 504832K->6880K(512000K)] 789608K->291656K(1036288K), 0.0268732 secs] [Times: user=0.03 sys=0.03, real=0.02 secs] 
2021-05-22T01:39:25.115+0800: 662916.794: [GC (Allocation Failure) [PSYoungGen: 511712K->6464K(514048K)] 796488K->297098K(1038336K), 0.0199217 secs] [Times: user=0.06 sys=0.00, real=0.02 secs] 
2021-05-22T01:43:18.581+0800: 663150.261: [GC (Allocation Failure) [PSYoungGen: 510272K->2560K(514048K)] 800906K->298564K(1038336K), 0.0165683 secs] [Times: user=0.03 sys=0.03, real=0.02 secs] 
2021-05-22T01:47:10.800+0800: 663382.480: [GC (Allocation Failure) [PSYoungGen: 506368K->3872K(514560K)] 802372K->301211K(1038848K), 0.0242971 secs] [Times: user=0.03 sys=0.04, real=0.03 secs] 
2021-05-22T01:51:03.316+0800: 663614.995: [GC (Allocation Failure) [PSYoungGen: 508192K->3264K(514048K)] 805531K->303425K(1038336K), 0.0217940 secs] [Times: user=0.07 sys=0.00, real=0.02 secs] 
2021-05-22T01:54:56.489+0800: 663848.169: [GC (Allocation Failure) [PSYoungGen: 507584K->4544K(515072K)] 807745K->306823K(1039360K), 0.0251023 secs] [Times: user=0.07 sys=0.00, real=0.03 secs] 
2021-05-22T01:58:50.715+0800: 664082.394: [GC (Allocation Failure) [PSYoungGen: 509888K->4000K(514560K)] 812167K->309860K(1038848K), 0.0248643 secs] [Times: user=0.06 sys=0.00, real=0.02 secs] 
2021-05-22T02:02:41.700+0800: 664313.380: [GC (Allocation Failure) [PSYoungGen: 509344K->3360K(515584K)] 815204K->312081K(1039872K), 0.0202862 secs] [Times: user=0.03 sys=0.03, real=0.02 secs] 
2021-05-22T02:06:36.409+0800: 664548.088: [GC (Allocation Failure) [PSYoungGen: 510240K->3648K(515584K)] 818961K->314559K(1039872K), 0.0224261 secs] [Times: user=0.04 sys=0.03, real=0.02 secs] 
2021-05-22T02:10:28.299+0800: 664779.979: [GC (Allocation Failure) [PSYoungGen: 510528K->2784K(516096K)] 821439K->315806K(1040384K), 0.0214059 secs] [Times: user=0.03 sys=0.04, real=0.02 secs] 
2021-05-22T02:14:23.091+0800: 665014.771: [GC (Allocation Failure) [PSYoungGen: 510688K->3776K(516096K)] 823710K->318333K(1040384K), 0.0213814 secs] [Times: user=0.06 sys=0.00, real=0.03 secs] 
2021-05-22T02:18:17.969+0800: 665249.649: [GC (Allocation Failure) [PSYoungGen: 511680K->4544K(516608K)] 826237K->321587K(1040896K), 0.0308653 secs] [Times: user=0.07 sys=0.00, real=0.03 secs] 
2021-05-22T02:22:07.120+0800: 665478.800: [GC (Allocation Failure) [PSYoungGen: 513472K->6048K(515072K)] 830515K->326432K(1039360K), 0.0318881 secs] [Times: user=0.07 sys=0.00, real=0.04 secs] 
2021-05-22T02:25:59.500+0800: 665711.180: [GC (Allocation Failure) [PSYoungGen: 514976K->4576K(516608K)] 835360K->329962K(1040896K), 0.0241516 secs] [Times: user=0.07 sys=0.00, real=0.03 secs] 
2021-05-22T02:29:51.573+0800: 665943.253: [GC (Allocation Failure) [PSYoungGen: 512992K->3872K(516096K)] 838378K->332615K(1040384K), 0.0221559 secs] [Times: user=0.02 sys=0.03, real=0.02 secs] 
2021-05-22T02:33:45.224+0800: 666176.904: [GC (Allocation Failure) [PSYoungGen: 512288K->3712K(517120K)] 841031K->335228K(1041408K), 0.0209434 secs] [Times: user=0.04 sys=0.03, real=0.02 secs] 
2021-05-22T02:37:38.024+0800: 666409.704: [GC (Allocation Failure) [PSYoungGen: 513152K->5856K(516608K)] 844668K->339923K(1040896K), 0.0200519 secs] [Times: user=0.03 sys=0.03, real=0.02 secs] 
2021-05-22T02:41:29.691+0800: 666641.371: [GC (Allocation Failure) [PSYoungGen: 515296K->6752K(515584K)] 849363K->345775K(1039872K), 0.0223875 secs] [Times: user=0.04 sys=0.03, real=0.03 secs] 
2021-05-22T02:45:21.322+0800: 666873.001: [GC (Allocation Failure) [PSYoungGen: 514656K->6464K(514560K)] 853679K->350778K(1038848K), 0.0188549 secs] [Times: user=0.04 sys=0.03, real=0.02 secs] 
2021-05-22T02:49:12.334+0800: 667104.013: [GC (Allocation Failure) [PSYoungGen: 514368K->4672K(516096K)] 858682K->354404K(1040384K), 0.0188656 secs] [Times: user=0.06 sys=0.00, real=0.02 secs] 
2021-05-22T02:53:02.512+0800: 667334.191: [GC (Allocation Failure) [PSYoungGen: 512064K->4576K(515584K)] 861796K->358057K(1039872K), 0.0372014 secs] [Times: user=0.03 sys=0.02, real=0.04 secs] 
2021-05-22T02:56:54.953+0800: 667566.633: [GC (Allocation Failure) [PSYoungGen: 511968K->4032K(516608K)] 865449K->361093K(1040896K), 0.0206283 secs] [Times: user=0.03 sys=0.03, real=0.02 secs] 
2021-05-22T03:00:46.394+0800: 667798.073: [GC (Allocation Failure) [PSYoungGen: 512448K->5472K(516096K)] 869509K->365347K(1040384K), 0.0189366 secs] [Times: user=0.05 sys=0.00, real=0.02 secs] 
2021-05-22T03:04:37.764+0800: 668029.444: [GC (Allocation Failure) [PSYoungGen: 513888K->7680K(511488K)] 873763K->372191K(1035776K), 0.0210097 secs] [Times: user=0.06 sys=0.00, real=0.02 secs] 
2021-05-22T03:08:25.688+0800: 668257.368: [GC (Allocation Failure) [PSYoungGen: 511488K->5984K(514048K)] 875999K->377528K(1038336K), 0.0239269 secs] [Times: user=0.07 sys=0.00, real=0.03 secs] 
2021-05-22T03:12:17.346+0800: 668489.025: [GC (Allocation Failure) [PSYoungGen: 509792K->2432K(514048K)] 881336K->378635K(1038336K), 0.0203927 secs] [Times: user=0.03 sys=0.03, real=0.02 secs] 
2021-05-22T03:16:07.919+0800: 668719.599: [GC (Allocation Failure) [PSYoungGen: 506240K->4064K(514048K)] 882443K->381523K(1038336K), 0.0303167 secs] [Times: user=0.02 sys=0.03, real=0.03 secs] 
2021-05-22T03:20:00.272+0800: 668951.952: [GC (Allocation Failure) [PSYoungGen: 507872K->2912K(514560K)] 885331K->383192K(1038848K), 0.0196214 secs] [Times: user=0.03 sys=0.02, real=0.02 secs] 
2021-05-22T03:23:47.927+0800: 669179.607: [GC (Allocation Failure) [PSYoungGen: 507744K->6464K(514560K)] 888024K->388351K(1038848K), 0.0199003 secs] [Times: user=0.06 sys=0.00, real=0.02 secs] 
2021-05-22T03:27:37.270+0800: 669408.950: [GC (Allocation Failure) [PSYoungGen: 511296K->4736K(514560K)] 893183K->391794K(1038848K), 0.0224876 secs] [Times: user=0.07 sys=0.00, real=0.03 secs] 
2021-05-22T03:31:31.210+0800: 669642.889: [GC (Allocation Failure) [PSYoungGen: 509568K->2336K(514560K)] 896626K->393174K(1038848K), 0.0209211 secs] [Times: user=0.06 sys=0.00, real=0.02 secs] 
2021-05-22T03:35:23.193+0800: 669874.873: [GC (Allocation Failure) [PSYoungGen: 507168K->2368K(514560K)] 898006K->394334K(1038848K), 0.0458158 secs] [Times: user=0.04 sys=0.03, real=0.04 secs] 
2021-05-22T03:39:13.613+0800: 670105.293: [GC (Allocation Failure) [PSYoungGen: 507200K->2720K(514560K)] 899166K->395822K(1038848K), 0.0234895 secs] [Times: user=0.03 sys=0.04, real=0.02 secs] 
2021-05-22T03:43:05.460+0800: 670337.139: [GC (Allocation Failure) [PSYoungGen: 507552K->4000K(515584K)] 900654K->398557K(1039872K), 0.0206951 secs] [Times: user=0.03 sys=0.04, real=0.02 secs] 
2021-05-22T03:46:57.485+0800: 670569.164: [GC (Allocation Failure) [PSYoungGen: 510368K->4128K(515072K)] 904925K->401707K(1039360K), 0.0243365 secs] [Times: user=0.07 sys=0.00, real=0.02 secs] 
2021-05-22T03:50:48.336+0800: 670800.015: [GC (Allocation Failure) [PSYoungGen: 510496K->3936K(516096K)] 908075K->404543K(1040384K), 0.0182096 secs] [Times: user=0.04 sys=0.02, real=0.02 secs] 
2021-05-22T03:54:43.112+0800: 671034.791: [GC (Allocation Failure) [PSYoungGen: 511328K->3008K(515584K)] 911935K->406445K(1039872K), 0.0205876 secs] [Times: user=0.07 sys=0.00, real=0.03 secs] 
2021-05-22T03:58:36.503+0800: 671268.182: [GC (Allocation Failure) [PSYoungGen: 510400K->4480K(516608K)] 913837K->409803K(1040896K), 0.0182084 secs] [Times: user=0.03 sys=0.02, real=0.01 secs] 
2021-05-22T04:02:31.322+0800: 671503.002: [GC (Allocation Failure) [PSYoungGen: 512896K->4928K(516096K)] 918219K->413576K(1040384K), 0.0194977 secs] [Times: user=0.03 sys=0.03, real=0.01 secs] 
2021-05-22T04:06:21.807+0800: 671733.487: [GC (Allocation Failure) [PSYoungGen: 513344K->5280K(516608K)] 921992K->417821K(1040896K), 0.0217569 secs] [Times: user=0.03 sys=0.04, real=0.02 secs] 
2021-05-22T04:10:10.714+0800: 671962.394: [GC (Allocation Failure) [PSYoungGen: 514208K->6528K(515584K)] 926749K->422978K(1039872K), 0.0390180 secs] [Times: user=0.03 sys=0.03, real=0.04 secs] 
2021-05-22T04:14:03.089+0800: 672194.769: [GC (Allocation Failure) [PSYoungGen: 515456K->6880K(515072K)] 931906K->428070K(1039360K), 0.0199188 secs] [Times: user=0.03 sys=0.03, real=0.02 secs] 
2021-05-22T04:17:55.334+0800: 672427.013: [GC (Allocation Failure) [PSYoungGen: 513760K->7168K(514560K)] 934950K->433744K(1038848K), 0.0190605 secs] [Times: user=0.03 sys=0.03, real=0.02 secs] 
2021-05-22T04:21:45.983+0800: 672657.663: [GC (Allocation Failure) [PSYoungGen: 514048K->5984K(515072K)] 940624K->438930K(1039360K), 0.0207173 secs] [Times: user=0.06 sys=0.00, real=0.02 secs] 
2021-05-22T04:25:36.226+0800: 672887.906: [GC (Allocation Failure) [PSYoungGen: 511840K->5472K(515072K)] 944786K->443333K(1039360K), 0.0193115 secs] [Times: user=0.06 sys=0.00, real=0.02 secs] 
2021-05-22T04:29:28.718+0800: 673120.398: [GC (Allocation Failure) [PSYoungGen: 511328K->8288K(514048K)] 949189K->450347K(1038336K), 0.0189395 secs] [Times: user=0.03 sys=0.03, real=0.02 secs] 
2021-05-22T04:33:19.247+0800: 673350.927: [GC (Allocation Failure) [PSYoungGen: 513120K->5824K(514560K)] 955179K->454932K(1038848K), 0.0200008 secs] [Times: user=0.03 sys=0.03, real=0.02 secs] 
2021-05-22T04:37:13.714+0800: 673585.394: [GC (Allocation Failure) [PSYoungGen: 510656K->3168K(514560K)] 959764K->457126K(1038848K), 0.0195038 secs] [Times: user=0.03 sys=0.03, real=0.02 secs] 
2021-05-22T04:41:04.801+0800: 673816.481: [GC (Allocation Failure) [PSYoungGen: 508000K->2880K(514560K)] 961958K->458877K(1038848K), 0.0217797 secs] [Times: user=0.02 sys=0.03, real=0.03 secs] 
2021-05-22T04:44:56.482+0800: 674048.162: [GC (Allocation Failure) [PSYoungGen: 507712K->2784K(514560K)] 963709K->460428K(1038848K), 0.0180878 secs] [Times: user=0.03 sys=0.03, real=0.01 secs] 
2021-05-22T04:48:49.323+0800: 674281.003: [GC (Allocation Failure) [PSYoungGen: 507616K->3424K(514560K)] 965260K->462651K(1038848K), 0.0655095 secs] [Times: user=0.02 sys=0.02, real=0.06 secs] 
2021-05-22T04:52:39.261+0800: 674510.940: [GC (Allocation Failure) [PSYoungGen: 508256K->6720K(514048K)] 967483K->468297K(1038336K), 0.0208620 secs] [Times: user=0.03 sys=0.03, real=0.02 secs] 
2021-05-22T04:56:27.510+0800: 674739.190: [GC (Allocation Failure) [PSYoungGen: 511552K->5184K(514560K)] 973129K->472251K(1038848K), 0.0210484 secs] [Times: user=0.03 sys=0.03, real=0.02 secs] 
2021-05-22T05:00:21.185+0800: 674972.865: [GC (Allocation Failure) [PSYoungGen: 510016K->3488K(515072K)] 977083K->474559K(1039360K), 0.0387612 secs] [Times: user=0.03 sys=0.02, real=0.04 secs] 
2021-05-22T05:04:09.490+0800: 675201.169: [GC (Allocation Failure) [PSYoungGen: 509344K->7232K(513536K)] 980415K->480637K(1037824K), 0.0193343 secs] [Times: user=0.03 sys=0.03, real=0.02 secs] 
2021-05-22T05:08:00.655+0800: 675432.334: [GC (Allocation Failure) [PSYoungGen: 513088K->9728K(506368K)] 986493K->491113K(1030656K), 0.0215407 secs] [Times: user=0.03 sys=0.03, real=0.02 secs] 
2021-05-22T05:11:45.144+0800: 675656.823: [GC (Allocation Failure) [PSYoungGen: 506368K->11584K(508416K)] 987753K->502233K(1032704K), 0.0264441 secs] [Times: user=0.03 sys=0.03, real=0.02 secs] 
2021-05-22T05:15:43.299+0800: 675894.979: [GC (Allocation Failure) [PSYoungGen: 508224K->5280K(509952K)] 998873K->505832K(1034240K), 0.0241429 secs] [Times: user=0.03 sys=0.03, real=0.03 secs] 
2021-05-22T05:19:33.917+0800: 676125.596: [GC (Allocation Failure) [PSYoungGen: 499872K->4224K(508928K)] 1000424K->509188K(1033216K), 0.0191608 secs] [Times: user=0.03 sys=0.03, real=0.02 secs] 
2021-05-22T05:23:21.334+0800: 676353.013: [GC (Allocation Failure) [PSYoungGen: 498816K->6336K(510976K)] 1003780K->514513K(1035264K), 0.0210253 secs] [Times: user=0.03 sys=0.03, real=0.02 secs] 
2021-05-22T05:27:07.390+0800: 676579.070: [GC (Allocation Failure) [PSYoungGen: 502976K->5632K(509952K)] 1011153K->519172K(1034240K), 0.0192780 secs] [Times: user=0.06 sys=0.00, real=0.02 secs] 
2021-05-22T05:31:01.166+0800: 676812.845: [GC (Allocation Failure) [PSYoungGen: 502272K->3456K(511488K)] 1015812K->521547K(1035776K), 0.0175134 secs] [Times: user=0.03 sys=0.03, real=0.02 secs] 
2021-05-22T05:31:01.184+0800: 676812.863: [Full GC (Ergonomics) [PSYoungGen: 3456K->0K(511488K)] [ParOldGen: 518091K->270740K(524288K)] 521547K->270740K(1035776K), [Metaspace: 94346K->94346K(1136640K)], 0.4564362 secs] [Times: user=1.02 sys=0.00, real=0.45 secs] 
2021-05-22T05:34:54.687+0800: 677046.367: [GC (Allocation Failure) [PSYoungGen: 498688K->2368K(511488K)] 769428K->273108K(1035776K), 0.0148393 secs] [Times: user=0.02 sys=0.02, real=0.02 secs] 
2021-05-22T05:38:47.885+0800: 677279.565: [GC (Allocation Failure) [PSYoungGen: 501056K->2816K(511488K)] 771796K->274724K(1035776K), 0.0162884 secs] [Times: user=0.02 sys=0.03, real=0.01 secs] 
2021-05-22T05:42:38.655+0800: 677510.335: [GC (Allocation Failure) [PSYoungGen: 501504K->3008K(511488K)] 773412K->276507K(1035776K), 0.0166966 secs] [Times: user=0.02 sys=0.03, real=0.02 secs] 
2021-05-22T05:46:30.566+0800: 677742.245: [GC (Allocation Failure) [PSYoungGen: 501696K->2848K(512512K)] 775195K->277579K(1036800K), 0.0168575 secs] [Times: user=0.04 sys=0.00, real=0.02 secs] 
2021-05-22T05:50:24.954+0800: 677976.634: [GC (Allocation Failure) [PSYoungGen: 503072K->5056K(512000K)] 777803K->281330K(1036288K), 0.0178303 secs] [Times: user=0.03 sys=0.02, real=0.02 secs] 
2021-05-22T05:54:16.275+0800: 678207.955: [GC (Allocation Failure) [PSYoungGen: 505280K->3360K(513536K)] 781554K->283606K(1037824K), 0.0181663 secs] [Times: user=0.05 sys=0.00, real=0.02 secs] 
2021-05-22T05:58:09.536+0800: 678441.216: [GC (Allocation Failure) [PSYoungGen: 505632K->6048K(513024K)] 785878K->288493K(1037312K), 0.0202091 secs] [Times: user=0.03 sys=0.03, real=0.02 secs] 
2021-05-22T06:02:00.409+0800: 678672.088: [GC (Allocation Failure) [PSYoungGen: 508320K->3904K(514048K)] 790765K->291575K(1038336K), 0.0244380 secs] [Times: user=0.03 sys=0.03, real=0.03 secs] 
2021-05-22T06:05:51.768+0800: 678903.448: [GC (Allocation Failure) [PSYoungGen: 507200K->4768K(513536K)] 794871K->295340K(1037824K), 0.0228059 secs] [Times: user=0.03 sys=0.03, real=0.02 secs] 
2021-05-22T06:09:45.484+0800: 679137.164: [GC (Allocation Failure) [PSYoungGen: 508064K->3360K(514560K)] 798636K->297464K(1038848K), 0.0181025 secs] [Times: user=0.04 sys=0.00, real=0.02 secs] 
2021-05-22T06:13:37.769+0800: 679369.449: [GC (Allocation Failure) [PSYoungGen: 508192K->3488K(514560K)] 802296K->299687K(1038848K), 0.0182026 secs] [Times: user=0.04 sys=0.00, real=0.02 secs] 
2021-05-22T06:17:32.560+0800: 679604.240: [GC (Allocation Failure) [PSYoungGen: 508320K->2976K(515072K)] 804519K->301389K(1039360K), 0.0155799 secs] [Times: user=0.02 sys=0.02, real=0.02 secs] 
2021-05-22T06:21:26.476+0800: 679838.155: [GC (Allocation Failure) [PSYoungGen: 508832K->3808K(515072K)] 807245K->304195K(1039360K), 0.0172252 secs] [Times: user=0.03 sys=0.02, real=0.02 secs] 
2021-05-22T06:25:18.683+0800: 680070.363: [GC (Allocation Failure) [PSYoungGen: 509664K->3328K(515584K)] 810051K->306448K(1039872K), 0.0188560 secs] [Times: user=0.02 sys=0.03, real=0.02 secs] 
2021-05-22T06:29:15.509+0800: 680307.189: [GC (Allocation Failure) [PSYoungGen: 510208K->1984K(515584K)] 813328K->307407K(1039872K), 0.0161853 secs] [Times: user=0.05 sys=0.00, real=0.02 secs] 
2021-05-22T06:33:12.978+0800: 680544.658: [GC (Allocation Failure) [PSYoungGen: 508864K->3232K(516096K)] 814287K->309423K(1040384K), 0.0164195 secs] [Times: user=0.02 sys=0.02, real=0.02 secs] 
2021-05-22T06:37:07.501+0800: 680779.181: [GC (Allocation Failure) [PSYoungGen: 510624K->6304K(515584K)] 816815K->314605K(1039872K), 0.0176044 secs] [Times: user=0.02 sys=0.02, real=0.02 secs] 
2021-05-22T06:41:03.562+0800: 681015.242: [GC (Allocation Failure) [PSYoungGen: 513696K->6240K(514560K)] 821997K->319616K(1038848K), 0.0185160 secs] [Times: user=0.03 sys=0.04, real=0.02 secs] 
2021-05-22T06:44:55.736+0800: 681247.416: [GC (Allocation Failure) [PSYoungGen: 512096K->4480K(515072K)] 825472K->322803K(1039360K), 0.0370127 secs] [Times: user=0.03 sys=0.02, real=0.04 secs] 
2021-05-22T06:48:50.984+0800: 681482.664: [GC (Allocation Failure) [PSYoungGen: 510336K->2688K(515584K)] 828659K->324512K(1039872K), 0.0376766 secs] [Times: user=0.02 sys=0.02, real=0.03 secs] 
2021-05-22T06:52:50.798+0800: 681722.478: [GC (Allocation Failure) [PSYoungGen: 509568K->2176K(515584K)] 831392K->325535K(1039872K), 0.0200734 secs] [Times: user=0.04 sys=0.00, real=0.02 secs] 
2021-05-22T06:56:45.329+0800: 681957.009: [GC (Allocation Failure) [PSYoungGen: 509056K->3794K(516096K)] 832415K->328241K(1040384K), 0.0190899 secs] [Times: user=0.05 sys=0.00, real=0.02 secs] 
2021-05-22T07:00:37.837+0800: 682189.516: [GC (Allocation Failure) [PSYoungGen: 511186K->3744K(515584K)] 835633K->330990K(1039872K), 0.0182217 secs] [Times: user=0.05 sys=0.00, real=0.02 secs] 
2021-05-22T07:04:36.249+0800: 682427.928: [GC (Allocation Failure) [PSYoungGen: 511136K->2496K(516608K)] 838382K->332228K(1040896K), 0.0209385 secs] [Times: user=0.03 sys=0.02, real=0.02 secs] 
2021-05-22T07:08:30.461+0800: 682662.141: [GC (Allocation Failure) [PSYoungGen: 511424K->4960K(516608K)] 841156K->335867K(1040896K), 0.0230077 secs] [Times: user=0.03 sys=0.04, real=0.03 secs] 
2021-05-22T07:12:26.301+0800: 682897.980: [GC (Allocation Failure) [PSYoungGen: 513888K->2528K(516608K)] 844795K->337056K(1040896K), 0.0590363 secs] [Times: user=0.03 sys=0.03, real=0.06 secs] 
2021-05-22T07:16:23.286+0800: 683134.966: [GC (Allocation Failure) [PSYoungGen: 511456K->3744K(516608K)] 845984K->339695K(1040896K), 0.0309862 secs] [Times: user=0.02 sys=0.03, real=0.03 secs] 
2021-05-22T07:20:15.985+0800: 683367.665: [GC (Allocation Failure) [PSYoungGen: 512672K->4864K(517120K)] 848623K->343085K(1041408K), 0.0193791 secs] [Times: user=0.05 sys=0.00, real=0.02 secs] 
2021-05-22T07:24:11.783+0800: 683603.463: [GC (Allocation Failure) [PSYoungGen: 514816K->4384K(517120K)] 853037K->346377K(1041408K), 0.0174550 secs] [Times: user=0.03 sys=0.03, real=0.01 secs] 
2021-05-22T07:28:06.376+0800: 683838.055: [GC (Allocation Failure) [PSYoungGen: 514336K->5056K(517120K)] 856329K->350525K(1041408K), 0.0287081 secs] [Times: user=0.03 sys=0.03, real=0.03 secs] 
2021-05-22T07:32:00.539+0800: 684072.219: [GC (Allocation Failure) [PSYoungGen: 515008K->6560K(516608K)] 860477K->355673K(1040896K), 0.0211995 secs] [Times: user=0.03 sys=0.03, real=0.02 secs] 
2021-05-22T07:35:58.320+0800: 684310.000: [GC (Allocation Failure) [PSYoungGen: 516512K->2304K(515584K)] 865625K->357219K(1039872K), 0.0225653 secs] [Times: user=0.05 sys=0.00, real=0.03 secs] 
2021-05-22T07:39:52.928+0800: 684544.608: [GC (Allocation Failure) [PSYoungGen: 510208K->3136K(516096K)] 865123K->359346K(1040384K), 0.0176596 secs] [Times: user=0.02 sys=0.02, real=0.02 secs] 
2021-05-22T07:43:47.887+0800: 684779.567: [GC (Allocation Failure) [PSYoungGen: 511040K->3936K(517120K)] 867250K->362241K(1041408K), 0.0211161 secs] [Times: user=0.03 sys=0.02, real=0.02 secs] 
2021-05-22T07:47:41.621+0800: 685013.301: [GC (Allocation Failure) [PSYoungGen: 513376K->4448K(516608K)] 871681K->365703K(1040896K), 0.0192574 secs] [Times: user=0.03 sys=0.03, real=0.02 secs] 
2021-05-22T07:51:37.046+0800: 685248.725: [GC (Allocation Failure) [PSYoungGen: 513888K->4064K(517120K)] 875143K->368803K(1041408K), 0.0203054 secs] [Times: user=0.03 sys=0.03, real=0.02 secs] 
2021-05-22T07:55:35.335+0800: 685487.015: [GC (Allocation Failure) [PSYoungGen: 514016K->5536K(517120K)] 878755K->373296K(1041408K), 0.0208063 secs] [Times: user=0.04 sys=0.03, real=0.02 secs] 
2021-05-22T07:59:29.724+0800: 685721.404: [GC (Allocation Failure) [PSYoungGen: 515488K->5568K(516096K)] 883248K->377764K(1040384K), 0.0222010 secs] [Times: user=0.04 sys=0.03, real=0.02 secs] 
2021-05-22T08:03:23.072+0800: 685954.751: [GC (Allocation Failure) [PSYoungGen: 514496K->4384K(516608K)] 886692K->380977K(1040896K), 0.0267342 secs] [Times: user=0.03 sys=0.03, real=0.03 secs] 
2021-05-22T08:07:16.869+0800: 686188.549: [GC (Allocation Failure) [PSYoungGen: 513312K->4800K(517120K)] 889905K->384214K(1041408K), 0.0240736 secs] [Times: user=0.03 sys=0.03, real=0.03 secs] 
2021-05-22T08:11:11.786+0800: 686423.466: [GC (Allocation Failure) [PSYoungGen: 514752K->6272K(516608K)] 894166K->388924K(1040896K), 0.0217712 secs] [Times: user=0.04 sys=0.04, real=0.02 secs] 
2021-05-22T08:15:08.204+0800: 686659.884: [GC (Allocation Failure) [PSYoungGen: 516219K->2144K(516608K)] 898871K->390365K(1040896K), 0.0215531 secs] [Times: user=0.03 sys=0.03, real=0.02 secs] 
2021-05-22T08:19:04.796+0800: 686896.476: [GC (Allocation Failure) [PSYoungGen: 511072K->3136K(516608K)] 899293K->392381K(1040896K), 0.0174996 secs] [Times: user=0.05 sys=0.00, real=0.02 secs] 
2021-05-22T08:22:56.627+0800: 687128.307: [GC (Allocation Failure) [PSYoungGen: 512064K->5888K(516608K)] 901309K->397187K(1040896K), 0.0262950 secs] [Times: user=0.04 sys=0.03, real=0.03 secs] 
2021-05-22T08:26:48.518+0800: 687360.197: [GC (Allocation Failure) [PSYoungGen: 514816K->6208K(515584K)] 906115K->402166K(1039872K), 0.0243865 secs] [Times: user=0.03 sys=0.03, real=0.03 secs] 
2021-05-22T08:30:43.309+0800: 687594.988: [GC (Allocation Failure) [PSYoungGen: 515136K->6400K(515072K)] 911094K->407690K(1039360K), 0.0207162 secs] [Times: user=0.04 sys=0.03, real=0.02 secs] 
2021-05-22T08:34:35.134+0800: 687826.813: [GC (Allocation Failure) [PSYoungGen: 513280K->4480K(515584K)] 914570K->411372K(1039872K), 0.0239783 secs] [Times: user=0.08 sys=0.00, real=0.02 secs] 
2021-05-22T08:38:32.309+0800: 688063.988: [GC (Allocation Failure) [PSYoungGen: 511360K->3200K(516096K)] 918252K->413640K(1040384K), 0.0218818 secs] [Times: user=0.04 sys=0.03, real=0.02 secs] 
2021-05-22T08:42:27.452+0800: 688299.132: [GC (Allocation Failure) [PSYoungGen: 511104K->2944K(516096K)] 921544K->415503K(1040384K), 0.0207786 secs] [Times: user=0.06 sys=0.00, real=0.02 secs] 
2021-05-22T08:46:24.249+0800: 688535.928: [GC (Allocation Failure) [PSYoungGen: 510848K->2880K(516096K)] 923407K->417198K(1040384K), 0.0217607 secs] [Times: user=0.07 sys=0.00, real=0.02 secs] 
2021-05-22T08:50:18.484+0800: 688770.164: [GC (Allocation Failure) [PSYoungGen: 510784K->3168K(516096K)] 925102K->419245K(1040384K), 0.0200208 secs] [Times: user=0.06 sys=0.00, real=0.02 secs] 
2021-05-22T08:54:14.096+0800: 689005.776: [GC (Allocation Failure) [PSYoungGen: 511072K->4256K(516608K)] 927149K->422347K(1040896K), 0.0172240 secs] [Times: user=0.03 sys=0.03, real=0.02 secs] 
2021-05-22T08:58:07.610+0800: 689239.290: [GC (Allocation Failure) [PSYoungGen: 513184K->3872K(516608K)] 931275K->425208K(1040896K), 0.0200653 secs] [Times: user=0.03 sys=0.03, real=0.02 secs] 
2021-05-22T09:02:02.680+0800: 689474.359: [GC (Allocation Failure) [PSYoungGen: 512800K->5184K(517120K)] 934136K->429309K(1041408K), 0.0216493 secs] [Times: user=0.03 sys=0.03, real=0.02 secs] 
2021-05-22T09:05:57.354+0800: 689709.033: [GC (Allocation Failure) [PSYoungGen: 515136K->4736K(517120K)] 939261K->432697K(1041408K), 0.0225072 secs] [Times: user=0.07 sys=0.00, real=0.02 secs] 
2021-05-22T09:09:51.820+0800: 689943.500: [GC (Allocation Failure) [PSYoungGen: 514688K->4928K(517120K)] 942649K->436310K(1041408K), 0.0188805 secs] [Times: user=0.05 sys=0.00, real=0.02 secs] 
2021-05-22T09:13:48.886+0800: 690180.566: [GC (Allocation Failure) [PSYoungGen: 514880K->4384K(517120K)] 946262K->439459K(1041408K), 0.0204678 secs] [Times: user=0.02 sys=0.04, real=0.02 secs] 
2021-05-22T09:17:45.671+0800: 690417.351: [GC (Allocation Failure) [PSYoungGen: 514336K->4608K(517632K)] 949411K->442880K(1041920K), 0.0236303 secs] [Times: user=0.03 sys=0.03, real=0.03 secs] 
2021-05-22T09:21:37.924+0800: 690649.604: [GC (Allocation Failure) [PSYoungGen: 515072K->4672K(517120K)] 953344K->446389K(1041408K), 0.0210469 secs] [Times: user=0.06 sys=0.00, real=0.02 secs] 
2021-05-22T09:25:34.842+0800: 690886.522: [GC (Allocation Failure) [PSYoungGen: 515136K->2656K(517632K)] 956853K->447809K(1041920K), 0.0190193 secs] [Times: user=0.03 sys=0.04, real=0.01 secs] 
2021-05-22T09:29:31.193+0800: 691122.872: [GC (Allocation Failure) [PSYoungGen: 513632K->5920K(517120K)] 958785K->452617K(1041408K), 0.0191815 secs] [Times: user=0.03 sys=0.03, real=0.02 secs] 
2021-05-22T09:33:29.491+0800: 691361.171: [GC (Allocation Failure) [PSYoungGen: 516896K->3200K(517120K)] 963593K->454748K(1041408K), 0.0203915 secs] [Times: user=0.05 sys=0.00, real=0.02 secs] 
2021-05-22T09:37:26.607+0800: 691598.287: [GC (Allocation Failure) [PSYoungGen: 513152K->5728K(516096K)] 964700K->459387K(1040384K), 0.0223136 secs] [Times: user=0.04 sys=0.03, real=0.02 secs] 
2021-05-22T09:41:22.767+0800: 691834.447: [GC (Allocation Failure) [PSYoungGen: 515680K->3840K(517120K)] 969339K->462358K(1041408K), 0.0197525 secs] [Times: user=0.03 sys=0.03, real=0.02 secs] 
2021-05-22T09:45:17.052+0800: 692068.732: [GC (Allocation Failure) [PSYoungGen: 513280K->5120K(516608K)] 971798K->466212K(1040896K), 0.0224968 secs] [Times: user=0.07 sys=0.00, real=0.02 secs] 
2021-05-22T09:49:10.751+0800: 692302.430: [GC (Allocation Failure) [PSYoungGen: 514560K->5504K(517120K)] 975652K->470777K(1041408K), 0.0195292 secs] [Times: user=0.02 sys=0.03, real=0.02 secs] 
2021-05-22T09:53:06.059+0800: 692537.739: [GC (Allocation Failure) [PSYoungGen: 515456K->5792K(516096K)] 980729K->475468K(1040384K), 0.0205475 secs] [Times: user=0.03 sys=0.04, real=0.02 secs] 
2021-05-22T09:57:01.184+0800: 692772.864: [GC (Allocation Failure) [PSYoungGen: 515744K->2016K(516608K)] 985420K->476670K(1040896K), 0.0208705 secs] [Times: user=0.03 sys=0.03, real=0.02 secs] 
2021-05-22T10:00:57.609+0800: 693009.288: [GC (Allocation Failure) [PSYoungGen: 510944K->5312K(516608K)] 985598K->480782K(1040896K), 0.0195615 secs] [Times: user=0.03 sys=0.04, real=0.02 secs] 
2021-05-22T10:04:50.365+0800: 693242.045: [GC (Allocation Failure) [PSYoungGen: 514240K->4832K(516608K)] 989710K->484722K(1040896K), 0.0210914 secs] [Times: user=0.06 sys=0.00, real=0.02 secs] 
2021-05-22T10:08:45.822+0800: 693477.501: [GC (Allocation Failure) [PSYoungGen: 513760K->5248K(516608K)] 993650K->488919K(1040896K), 0.0342812 secs] [Times: user=0.06 sys=0.00, real=0.04 secs] 
2021-05-22T10:12:40.022+0800: 693711.701: [GC (Allocation Failure) [PSYoungGen: 514176K->3872K(516608K)] 997847K->491363K(1040896K), 0.0211945 secs] [Times: user=0.06 sys=0.00, real=0.03 secs] 
2021-05-22T10:16:33.743+0800: 693945.422: [GC (Allocation Failure) [PSYoungGen: 512800K->4864K(516608K)] 1000291K->495216K(1040896K), 0.0275724 secs] [Times: user=0.02 sys=0.03, real=0.02 secs] 
2021-05-22T10:20:30.279+0800: 694181.959: [GC (Allocation Failure) [PSYoungGen: 513792K->3136K(517120K)] 1004144K->497172K(1041408K), 0.0228923 secs] [Times: user=0.03 sys=0.03, real=0.03 secs] 
2021-05-22T10:24:28.413+0800: 694420.093: [GC (Allocation Failure) [PSYoungGen: 513088K->2880K(517120K)] 1007124K->498915K(1041408K), 0.0211904 secs] [Times: user=0.04 sys=0.03, real=0.02 secs] 
2021-05-22T10:28:24.010+0800: 694655.690: [GC (Allocation Failure) [PSYoungGen: 512832K->3104K(517120K)] 1008867K->500898K(1041408K), 0.0219745 secs] [Times: user=0.03 sys=0.03, real=0.03 secs] 
2021-05-22T10:32:19.032+0800: 694890.711: [GC (Allocation Failure) [PSYoungGen: 513056K->3584K(517120K)] 1010850K->503392K(1041408K), 0.0505823 secs] [Times: user=0.04 sys=0.03, real=0.06 secs] 
2021-05-22T10:36:14.302+0800: 695125.981: [GC (Allocation Failure) [PSYoungGen: 513536K->2720K(517120K)] 1013344K->505005K(1041408K), 0.0213312 secs] [Times: user=0.06 sys=0.00, real=0.03 secs] 
2021-05-22T10:40:08.977+0800: 695360.657: [GC (Allocation Failure) [PSYoungGen: 512672K->2560K(517120K)] 1014957K->506468K(1041408K), 0.0179630 secs] [Times: user=0.06 sys=0.00, real=0.02 secs] 
2021-05-22T10:44:04.014+0800: 695595.693: [GC (Allocation Failure) [PSYoungGen: 512512K->4480K(517120K)] 1016420K->509772K(1041408K), 0.0340011 secs] [Times: user=0.03 sys=0.02, real=0.03 secs] 
2021-05-22T10:47:55.562+0800: 695827.241: [GC (Allocation Failure) [PSYoungGen: 514432K->4896K(517120K)] 1019724K->513641K(1041408K), 0.0253658 secs] [Times: user=0.07 sys=0.00, real=0.03 secs] 
2021-05-22T10:51:49.403+0800: 696061.083: [GC (Allocation Failure) [PSYoungGen: 514848K->4928K(517120K)] 1023593K->517622K(1041408K), 0.0460615 secs] [Times: user=0.03 sys=0.03, real=0.04 secs] 
2021-05-22T10:55:45.078+0800: 696296.758: [GC (Allocation Failure) [PSYoungGen: 514880K->4192K(517120K)] 1027574K->520610K(1041408K), 0.0186252 secs] [Times: user=0.06 sys=0.00, real=0.02 secs] 
2021-05-22T10:59:39.331+0800: 696531.010: [GC (Allocation Failure) [PSYoungGen: 514144K->4064K(517632K)] 1030562K->523751K(1041920K), 0.0183476 secs] [Times: user=0.03 sys=0.02, real=0.02 secs] 
2021-05-22T10:59:39.349+0800: 696531.029: [Full GC (Ergonomics) [PSYoungGen: 4064K->0K(517632K)] [ParOldGen: 519686K->272560K(524288K)] 523751K->272560K(1041920K), [Metaspace: 94349K->94349K(1136640K)], 0.7794351 secs] [Times: user=2.02 sys=0.00, real=0.78 secs] 
2021-05-22T11:03:34.380+0800: 696766.060: [GC (Allocation Failure) [PSYoungGen: 510976K->3872K(517632K)] 783536K->276432K(1041920K), 0.0185918 secs] [Times: user=0.03 sys=0.02, real=0.02 secs] 
2021-05-22T11:07:27.153+0800: 696998.833: [GC (Allocation Failure) [PSYoungGen: 514848K->6624K(514560K)] 787408K->282598K(1038848K), 0.0207506 secs] [Times: user=0.07 sys=0.00, real=0.02 secs] 
2021-05-22T11:11:20.400+0800: 697232.079: [GC (Allocation Failure) [PSYoungGen: 514528K->6112K(514048K)] 790502K->287505K(1038336K), 0.0287935 secs] [Times: user=0.04 sys=0.03, real=0.03 secs] 
2021-05-22T11:15:13.010+0800: 697464.690: [GC (Allocation Failure) [PSYoungGen: 514016K->7008K(514560K)] 795409K->293204K(1038848K), 0.0178694 secs] [Times: user=0.03 sys=0.02, real=0.02 secs] 
2021-05-22T11:19:03.475+0800: 697695.154: [GC (Allocation Failure) [PSYoungGen: 512864K->6432K(515072K)] 799060K->298639K(1039360K), 0.0201898 secs] [Times: user=0.03 sys=0.03, real=0.02 secs] 
2021-05-22T11:22:53.367+0800: 697925.047: [GC (Allocation Failure) [PSYoungGen: 512288K->9024K(513024K)] 804495K->306354K(1037312K), 0.0420113 secs] [Times: user=0.08 sys=0.00, real=0.04 secs] 
2021-05-22T11:26:42.692+0800: 698154.371: [GC (Allocation Failure) [PSYoungGen: 512832K->6880K(514048K)] 810162K->311203K(1038336K), 0.0175661 secs] [Times: user=0.03 sys=0.03, real=0.02 secs] 
2021-05-22T11:30:33.057+0800: 698384.737: [GC (Allocation Failure) [PSYoungGen: 510688K->7648K(513024K)] 815011K->317575K(1037312K), 0.0216547 secs] [Times: user=0.03 sys=0.03, real=0.02 secs] 
2021-05-22T11:34:23.274+0800: 698614.954: [GC (Allocation Failure) [PSYoungGen: 510432K->8320K(511488K)] 820359K->324088K(1035776K), 0.0303938 secs] [Times: user=0.03 sys=0.04, real=0.03 secs] 
2021-05-22T11:38:13.382+0800: 698845.062: [GC (Allocation Failure) [PSYoungGen: 511104K->7808K(513024K)] 826872K->329604K(1037312K), 0.0222068 secs] [Times: user=0.06 sys=0.00, real=0.03 secs] 
2021-05-22T11:42:04.809+0800: 699076.488: [GC (Allocation Failure) [PSYoungGen: 509568K->5632K(513024K)] 831364K->333285K(1037312K), 0.0203355 secs] [Times: user=0.04 sys=0.03, real=0.02 secs] 
2021-05-22T11:45:53.559+0800: 699305.238: [GC (Allocation Failure) [PSYoungGen: 507392K->3488K(513536K)] 835045K->335649K(1037824K), 0.0211361 secs] [Times: user=0.03 sys=0.03, real=0.02 secs] 
2021-05-22T11:49:47.189+0800: 699538.868: [GC (Allocation Failure) [PSYoungGen: 506272K->2624K(513536K)] 838433K->337055K(1037824K), 0.0170073 secs] [Times: user=0.03 sys=0.03, real=0.02 secs] 
2021-05-22T11:53:37.397+0800: 699769.077: [GC (Allocation Failure) [PSYoungGen: 505408K->5696K(513536K)] 839839K->341646K(1037824K), 0.0240262 secs] [Times: user=0.04 sys=0.03, real=0.02 secs] 
2021-05-22T11:57:30.651+0800: 700002.331: [GC (Allocation Failure) [PSYoungGen: 508480K->5088K(513536K)] 844430K->345210K(1037824K), 0.0204952 secs] [Times: user=0.03 sys=0.03, real=0.02 secs] 
2021-05-22T12:01:22.021+0800: 700233.701: [GC (Allocation Failure) [PSYoungGen: 507872K->4256K(514560K)] 847994K->348605K(1038848K), 0.0192448 secs] [Times: user=0.03 sys=0.03, real=0.02 secs] 
2021-05-22T12:05:13.316+0800: 700464.996: [GC (Allocation Failure) [PSYoungGen: 508576K->5536K(514048K)] 852925K->353075K(1038336K), 0.0324324 secs] [Times: user=0.07 sys=0.00, real=0.03 secs] 
2021-05-22T12:09:06.976+0800: 700698.655: [GC (Allocation Failure) [PSYoungGen: 509856K->3392K(514560K)] 857395K->355493K(1038848K), 0.0201908 secs] [Times: user=0.03 sys=0.03, real=0.02 secs] 
2021-05-22T12:13:02.102+0800: 700933.781: [GC (Allocation Failure) [PSYoungGen: 508224K->3232K(514560K)] 860325K->357156K(1038848K), 0.0195989 secs] [Times: user=0.03 sys=0.03, real=0.02 secs] 
2021-05-22T12:16:53.366+0800: 701165.046: [GC (Allocation Failure) [PSYoungGen: 508064K->5888K(515072K)] 861988K->361963K(1039360K), 0.0203631 secs] [Times: user=0.06 sys=0.00, real=0.02 secs] 
2021-05-22T12:20:49.163+0800: 701400.842: [GC (Allocation Failure) [PSYoungGen: 511744K->5312K(515072K)] 867819K->365991K(1039360K), 0.0226165 secs] [Times: user=0.02 sys=0.03, real=0.02 secs] 
2021-05-22T12:24:45.285+0800: 701636.964: [GC (Allocation Failure) [PSYoungGen: 511168K->4000K(515584K)] 871847K->369074K(1039872K), 0.0214972 secs] [Times: user=0.06 sys=0.00, real=0.02 secs] 
2021-05-22T12:28:37.672+0800: 701869.351: [GC (Allocation Failure) [PSYoungGen: 510368K->5760K(515072K)] 875442K->373855K(1039360K), 0.0218712 secs] [Times: user=0.03 sys=0.03, real=0.03 secs] 
2021-05-22T12:32:29.539+0800: 702101.218: [GC (Allocation Failure) [PSYoungGen: 512128K->6208K(515584K)] 880223K->378970K(1039872K), 0.0269267 secs] [Times: user=0.04 sys=0.04, real=0.03 secs] 
2021-05-22T12:36:22.590+0800: 702334.270: [GC (Allocation Failure) [PSYoungGen: 513088K->6368K(515584K)] 885850K->383598K(1039872K), 0.0181478 secs] [Times: user=0.03 sys=0.03, real=0.02 secs] 
2021-05-22T12:40:16.628+0800: 702568.308: [GC (Allocation Failure) [PSYoungGen: 513248K->5568K(515584K)] 890478K->388153K(1039872K), 0.0208357 secs] [Times: user=0.02 sys=0.03, real=0.02 secs] 
2021-05-22T12:44:07.955+0800: 702799.635: [GC (Allocation Failure) [PSYoungGen: 512448K->5120K(515584K)] 895033K->392213K(1039872K), 0.0215624 secs] [Times: user=0.04 sys=0.03, real=0.02 secs] 
2021-05-22T12:48:03.737+0800: 703035.416: [GC (Allocation Failure) [PSYoungGen: 512000K->2880K(515072K)] 899093K->394160K(1039360K), 0.0169617 secs] [Times: user=0.05 sys=0.00, real=0.02 secs] 
2021-05-22T12:51:59.804+0800: 703271.484: [GC (Allocation Failure) [PSYoungGen: 509760K->4448K(515584K)] 901040K->397519K(1039872K), 0.0176055 secs] [Times: user=0.03 sys=0.03, real=0.02 secs] 
2021-05-22T12:55:55.598+0800: 703507.277: [GC (Allocation Failure) [PSYoungGen: 511328K->4640K(516096K)] 904399K->401203K(1040384K), 0.0211727 secs] [Times: user=0.03 sys=0.03, real=0.02 secs] 
2021-05-22T12:59:50.659+0800: 703742.339: [GC (Allocation Failure) [PSYoungGen: 512544K->4224K(516096K)] 909107K->404295K(1040384K), 0.0221880 secs] [Times: user=0.03 sys=0.03, real=0.02 secs] 
2021-05-22T13:03:45.779+0800: 703977.459: [GC (Allocation Failure) [PSYoungGen: 512128K->3072K(515584K)] 912199K->406423K(1039872K), 0.0317226 secs] [Times: user=0.03 sys=0.02, real=0.03 secs] 
2021-05-22T13:07:39.542+0800: 704211.221: [GC (Allocation Failure) [PSYoungGen: 510976K->5600K(516096K)] 914327K->410797K(1040384K), 0.0200602 secs] [Times: user=0.03 sys=0.03, real=0.02 secs] 
2021-05-22T13:11:33.294+0800: 704444.973: [GC (Allocation Failure) [PSYoungGen: 513504K->3360K(516096K)] 918701K->412690K(1040384K), 0.0296531 secs] [Times: user=0.05 sys=0.00, real=0.03 secs] 
2021-05-22T13:15:26.615+0800: 704678.294: [GC (Allocation Failure) [PSYoungGen: 511264K->4480K(516096K)] 920594K->415937K(1040384K), 0.0192453 secs] [Times: user=0.03 sys=0.03, real=0.02 secs] 
2021-05-22T13:19:20.167+0800: 704911.846: [GC (Allocation Failure) [PSYoungGen: 512384K->5920K(516608K)] 923841K->420798K(1040896K), 0.0213504 secs] [Times: user=0.03 sys=0.03, real=0.02 secs] 
2021-05-22T13:23:14.934+0800: 705146.613: [GC (Allocation Failure) [PSYoungGen: 514848K->6176K(515584K)] 929726K->425953K(1039872K), 0.0361466 secs] [Times: user=0.03 sys=0.03, real=0.03 secs] 
2021-05-22T13:27:07.600+0800: 705379.280: [GC (Allocation Failure) [PSYoungGen: 515104K->3136K(516096K)] 934881K->428067K(1040384K), 0.0195135 secs] [Times: user=0.03 sys=0.03, real=0.02 secs] 
2021-05-22T13:31:01.448+0800: 705613.128: [GC (Allocation Failure) [PSYoungGen: 511040K->3136K(516096K)] 935971K->430114K(1040384K), 0.0352409 secs] [Times: user=0.06 sys=0.00, real=0.04 secs] 
2021-05-22T13:34:56.885+0800: 705848.565: [GC (Allocation Failure) [PSYoungGen: 511040K->2368K(516096K)] 938018K->431320K(1040384K), 0.0225052 secs] [Times: user=0.03 sys=0.03, real=0.02 secs] 
2021-05-22T13:38:51.157+0800: 706082.836: [GC (Allocation Failure) [PSYoungGen: 510272K->3904K(516096K)] 939224K->433952K(1040384K), 0.0454652 secs] [Times: user=0.03 sys=0.03, real=0.05 secs] 
2021-05-22T13:42:43.867+0800: 706315.547: [GC (Allocation Failure) [PSYoungGen: 511808K->5280K(516608K)] 941856K->438174K(1040896K), 0.0208881 secs] [Times: user=0.06 sys=0.00, real=0.02 secs] 
2021-05-22T13:46:38.706+0800: 706550.386: [GC (Allocation Failure) [PSYoungGen: 514208K->2880K(516608K)] 947102K->440216K(1040896K), 0.0212735 secs] [Times: user=0.02 sys=0.03, real=0.02 secs] 
2021-05-22T13:50:33.477+0800: 706785.156: [GC (Allocation Failure) [PSYoungGen: 511808K->5056K(516608K)] 949144K->444199K(1040896K), 0.0241329 secs] [Times: user=0.03 sys=0.03, real=0.02 secs] 
2021-05-22T13:54:27.648+0800: 707019.327: [GC (Allocation Failure) [PSYoungGen: 513984K->6272K(515584K)] 953127K->449587K(1039872K), 0.0219715 secs] [Times: user=0.03 sys=0.03, real=0.02 secs] 
2021-05-22T13:58:21.634+0800: 707253.314: [GC (Allocation Failure) [PSYoungGen: 515200K->3168K(516096K)] 958515K->451701K(1040384K), 0.0194721 secs] [Times: user=0.03 sys=0.02, real=0.02 secs] 
2021-05-22T14:02:16.424+0800: 707488.104: [GC (Allocation Failure) [PSYoungGen: 511072K->2432K(516096K)] 959605K->453035K(1040384K), 0.0185210 secs] [Times: user=0.03 sys=0.03, real=0.02 secs] 
2021-05-22T14:06:07.191+0800: 707718.870: [GC (Allocation Failure) [PSYoungGen: 510336K->5472K(516096K)] 960939K->457235K(1040384K), 0.0222509 secs] [Times: user=0.03 sys=0.03, real=0.03 secs] 
2021-05-22T14:10:00.659+0800: 707952.338: [GC (Allocation Failure) [PSYoungGen: 513376K->3680K(516096K)] 965139K->459583K(1040384K), 0.0210612 secs] [Times: user=0.03 sys=0.03, real=0.02 secs] 
2021-05-22T14:13:57.788+0800: 708189.467: [GC (Allocation Failure) [PSYoungGen: 511584K->2208K(516608K)] 967487K->460612K(1040896K), 0.0175050 secs] [Times: user=0.02 sys=0.03, real=0.02 secs] 
2021-05-22T14:17:54.962+0800: 708426.641: [GC (Allocation Failure) [PSYoungGen: 511136K->5696K(515072K)] 969540K->465108K(1039360K), 0.0175999 secs] [Times: user=0.03 sys=0.03, real=0.02 secs] 
2021-05-22T14:21:46.611+0800: 708658.290: [GC (Allocation Failure) [PSYoungGen: 514624K->6336K(515072K)] 974036K->470656K(1039360K), 0.0263178 secs] [Times: user=0.03 sys=0.03, real=0.03 secs] 
2021-05-22T14:25:36.880+0800: 708888.560: [GC (Allocation Failure) [PSYoungGen: 513216K->5248K(515584K)] 977536K->474435K(1039872K), 0.0575110 secs] [Times: user=0.04 sys=0.03, real=0.06 secs] 
2021-05-22T14:29:30.776+0800: 709122.456: [GC (Allocation Failure) [PSYoungGen: 512128K->3424K(516096K)] 981315K->476759K(1040384K), 0.0218674 secs] [Times: user=0.03 sys=0.02, real=0.02 secs] 
2021-05-22T14:33:22.266+0800: 709353.945: [GC (Allocation Failure) [PSYoungGen: 510816K->4736K(515584K)] 984151K->480381K(1039872K), 0.0170787 secs] [Times: user=0.02 sys=0.02, real=0.02 secs] 
2021-05-22T14:37:16.703+0800: 709588.382: [GC (Allocation Failure) [PSYoungGen: 512128K->2848K(516096K)] 987773K->482289K(1040384K), 0.0217441 secs] [Times: user=0.03 sys=0.03, real=0.02 secs] 
2021-05-22T14:41:09.860+0800: 709821.540: [GC (Allocation Failure) [PSYoungGen: 510752K->2976K(516096K)] 990193K->484191K(1040384K), 0.0237584 secs] [Times: user=0.04 sys=0.04, real=0.03 secs] 
2021-05-22T14:45:04.876+0800: 710056.556: [GC (Allocation Failure) [PSYoungGen: 510880K->5312K(515584K)] 992095K->488311K(1039872K), 0.0218525 secs] [Times: user=0.03 sys=0.02, real=0.02 secs] 
2021-05-22T14:49:02.706+0800: 710294.385: [GC (Allocation Failure) [PSYoungGen: 513216K->3584K(516096K)] 996215K->490562K(1040384K), 0.0211485 secs] [Times: user=0.02 sys=0.03, real=0.02 secs] 
2021-05-22T14:52:55.713+0800: 710527.392: [GC (Allocation Failure) [PSYoungGen: 511488K->3136K(516608K)] 998466K->492600K(1040896K), 0.0201240 secs] [Times: user=0.03 sys=0.04, real=0.02 secs] 
2021-05-22T14:56:49.960+0800: 710761.640: [GC (Allocation Failure) [PSYoungGen: 512064K->4448K(516608K)] 1001528K->495950K(1040896K), 0.0240722 secs] [Times: user=0.03 sys=0.03, real=0.03 secs] 
2021-05-22T15:00:44.947+0800: 710996.626: [GC (Allocation Failure) [PSYoungGen: 513376K->4032K(517120K)] 1004878K->498755K(1041408K), 0.0193259 secs] [Times: user=0.03 sys=0.03, real=0.02 secs] 
2021-05-22T15:04:39.628+0800: 711231.307: [GC (Allocation Failure) [PSYoungGen: 513984K->4032K(517120K)] 1008707K->501481K(1041408K), 0.0183225 secs] [Times: user=0.02 sys=0.03, real=0.02 secs] 
2021-05-22T15:08:33.958+0800: 711465.638: [GC (Allocation Failure) [PSYoungGen: 513984K->3456K(517632K)] 1011433K->503766K(1041920K), 0.0203713 secs] [Times: user=0.03 sys=0.03, real=0.02 secs] 
2021-05-22T15:12:30.115+0800: 711701.795: [GC (Allocation Failure) [PSYoungGen: 514432K->2752K(517632K)] 1014742K->504957K(1041920K), 0.0189313 secs] [Times: user=0.03 sys=0.03, real=0.02 secs] 
2021-05-22T15:16:26.308+0800: 711937.988: [GC (Allocation Failure) [PSYoungGen: 513728K->3712K(517632K)] 1015933K->507580K(1041920K), 0.0187977 secs] [Times: user=0.03 sys=0.03, real=0.02 secs] 
2021-05-22T15:20:22.807+0800: 712174.487: [GC (Allocation Failure) [PSYoungGen: 514688K->2912K(517632K)] 1018556K->509481K(1041920K), 0.0190579 secs] [Times: user=0.06 sys=0.00, real=0.02 secs] 
2021-05-22T15:24:17.914+0800: 712409.594: [GC (Allocation Failure) [PSYoungGen: 513888K->4672K(517632K)] 1020457K->512793K(1041920K), 0.0202227 secs] [Times: user=0.03 sys=0.03, real=0.02 secs] 
2021-05-22T15:28:12.176+0800: 712643.856: [GC (Allocation Failure) [PSYoungGen: 515648K->4800K(517632K)] 1023769K->516605K(1041920K), 0.0210000 secs] [Times: user=0.03 sys=0.03, real=0.02 secs] 
2021-05-22T15:32:08.011+0800: 712879.691: [GC (Allocation Failure) [PSYoungGen: 515776K->4320K(517632K)] 1027581K->519346K(1041920K), 0.0190391 secs] [Times: user=0.02 sys=0.03, real=0.02 secs] 
2021-05-22T15:36:01.067+0800: 713112.746: [GC (Allocation Failure) [PSYoungGen: 515296K->3936K(517632K)] 1030322K->522263K(1041920K), 0.0194790 secs] [Times: user=0.03 sys=0.03, real=0.02 secs] 
2021-05-22T15:39:57.407+0800: 713349.087: [GC (Allocation Failure) [PSYoungGen: 514912K->2560K(518144K)] 1033239K->523844K(1042432K), 0.0206262 secs] [Times: user=0.03 sys=0.03, real=0.02 secs] 
2021-05-22T15:39:57.428+0800: 713349.108: [Full GC (Ergonomics) [PSYoungGen: 2560K->0K(518144K)] [ParOldGen: 521284K->278269K(524288K)] 523844K->278269K(1042432K), [Metaspace: 94353K->94348K(1136640K)], 0.5768853 secs] [Times: user=1.10 sys=0.00, real=0.58 secs] 
2021-05-22T15:43:51.785+0800: 713583.465: [GC (Allocation Failure) [PSYoungGen: 512000K->4928K(517120K)] 790269K->283197K(1041408K), 0.0166446 secs] [Times: user=0.03 sys=0.03, real=0.02 secs] 
2021-05-22T15:47:48.149+0800: 713819.828: [GC (Allocation Failure) [PSYoungGen: 516928K->2592K(517632K)] 795197K->284905K(1041920K), 0.0170670 secs] [Times: user=0.05 sys=0.00, real=0.02 secs] 
2021-05-22T15:51:43.747+0800: 714055.426: [GC (Allocation Failure) [PSYoungGen: 513568K->4096K(517632K)] 795881K->287720K(1041920K), 0.0167549 secs] [Times: user=0.02 sys=0.03, real=0.02 secs] 
2021-05-22T15:55:41.078+0800: 714292.757: [GC (Allocation Failure) [PSYoungGen: 515072K->4672K(517120K)] 798696K->291310K(1041408K), 0.0188591 secs] [Times: user=0.03 sys=0.03, real=0.02 secs] 
2021-05-22T15:59:39.972+0800: 714531.652: [GC (Allocation Failure) [PSYoungGen: 515648K->2720K(517632K)] 802286K->293129K(1041920K), 0.0188993 secs] [Times: user=0.03 sys=0.02, real=0.01 secs] 
2021-05-22T16:03:36.410+0800: 714768.089: [GC (Allocation Failure) [PSYoungGen: 513696K->3264K(518144K)] 804105K->295233K(1042432K), 0.0157531 secs] [Times: user=0.02 sys=0.03, real=0.02 secs] 
2021-05-22T16:07:30.889+0800: 715002.569: [GC (Allocation Failure) [PSYoungGen: 514752K->5632K(517632K)] 806721K->299687K(1041920K), 0.0220350 secs] [Times: user=0.04 sys=0.03, real=0.02 secs] 
2021-05-22T16:11:27.573+0800: 715239.253: [GC (Allocation Failure) [PSYoungGen: 517120K->4320K(517632K)] 811175K->302308K(1041920K), 0.0277892 secs] [Times: user=0.03 sys=0.04, real=0.02 secs] 
2021-05-22T16:15:22.479+0800: 715474.158: [GC (Allocation Failure) [PSYoungGen: 515296K->4000K(517632K)] 813284K->305360K(1041920K), 0.0230281 secs] [Times: user=0.06 sys=0.00, real=0.02 secs] 
2021-05-22T16:19:18.938+0800: 715710.617: [GC (Allocation Failure) [PSYoungGen: 514976K->3104K(518144K)] 816336K->307437K(1042432K), 0.0240643 secs] [Times: user=0.06 sys=0.00, real=0.02 secs] 
2021-05-22T16:23:15.871+0800: 715947.551: [GC (Allocation Failure) [PSYoungGen: 515104K->5088K(517120K)] 819437K->311452K(1041408K), 0.0215697 secs] [Times: user=0.03 sys=0.04, real=0.03 secs] 
2021-05-22T16:27:10.715+0800: 716182.394: [GC (Allocation Failure) [PSYoungGen: 517088K->5152K(517632K)] 823452K->315720K(1041920K), 0.0192182 secs] [Times: user=0.03 sys=0.03, real=0.02 secs] 
2021-05-22T16:31:06.020+0800: 716417.700: [GC (Allocation Failure) [PSYoungGen: 516128K->2496K(517632K)] 826696K->317299K(1041920K), 0.0169425 secs] [Times: user=0.02 sys=0.02, real=0.02 secs] 
2021-05-22T16:35:00.934+0800: 716652.613: [GC (Allocation Failure) [PSYoungGen: 513471K->6048K(516608K)] 828274K->322130K(1040896K), 0.0217277 secs] [Times: user=0.03 sys=0.03, real=0.02 secs] 
2021-05-22T16:38:53.638+0800: 716885.318: [GC (Allocation Failure) [PSYoungGen: 515998K->7136K(517120K)] 832081K->328453K(1041408K), 0.0351427 secs] [Times: user=0.06 sys=0.00, real=0.04 secs] 
2021-05-22T16:42:49.064+0800: 717120.743: [GC (Allocation Failure) [PSYoungGen: 517088K->5792K(512000K)] 838405K->333535K(1036288K), 0.0187605 secs] [Times: user=0.03 sys=0.03, real=0.02 secs] 
2021-05-22T16:46:41.649+0800: 717353.329: [GC (Allocation Failure) [PSYoungGen: 510624K->5536K(514560K)] 838367K->338170K(1038848K), 0.0260431 secs] [Times: user=0.07 sys=0.00, real=0.03 secs] 
2021-05-22T16:50:33.510+0800: 717585.190: [GC (Allocation Failure) [PSYoungGen: 510368K->3744K(515072K)] 843002K->341045K(1039360K), 0.0196462 secs] [Times: user=0.03 sys=0.03, real=0.02 secs] 
2021-05-22T16:54:25.407+0800: 717817.086: [GC (Allocation Failure) [PSYoungGen: 509088K->2400K(514560K)] 846389K->342450K(1038848K), 0.0207315 secs] [Times: user=0.03 sys=0.03, real=0.02 secs] 
2021-05-22T16:58:18.258+0800: 718049.938: [GC (Allocation Failure) [PSYoungGen: 507744K->3872K(515072K)] 847794K->345170K(1039360K), 0.0233049 secs] [Times: user=0.06 sys=0.00, real=0.02 secs] 
2021-05-22T17:02:12.983+0800: 718284.663: [GC (Allocation Failure) [PSYoungGen: 509728K->5536K(515072K)] 851026K->349631K(1039360K), 0.0214699 secs] [Times: user=0.06 sys=0.00, real=0.02 secs] 
2021-05-22T17:06:03.980+0800: 718515.660: [GC (Allocation Failure) [PSYoungGen: 511392K->3712K(515584K)] 855487K->352338K(1039872K), 0.0190696 secs] [Times: user=0.03 sys=0.03, real=0.02 secs] 
2021-05-22T17:09:56.341+0800: 718748.021: [GC (Allocation Failure) [PSYoungGen: 510080K->6592K(515072K)] 858706K->357377K(1039360K), 0.0288634 secs] [Times: user=0.03 sys=0.04, real=0.03 secs] 
2021-05-22T17:13:49.120+0800: 718980.800: [GC (Allocation Failure) [PSYoungGen: 512960K->5536K(515072K)] 863745K->361660K(1039360K), 0.0313096 secs] [Times: user=0.02 sys=0.03, real=0.03 secs] 
2021-05-22T17:17:44.185+0800: 719215.865: [GC (Allocation Failure) [PSYoungGen: 511392K->5728K(515072K)] 867516K->366272K(1039360K), 0.0236417 secs] [Times: user=0.07 sys=0.00, real=0.02 secs] 
2021-05-22T17:21:36.470+0800: 719448.149: [GC (Allocation Failure) [PSYoungGen: 511584K->4928K(515584K)] 872128K->370108K(1039872K), 0.0225442 secs] [Times: user=0.04 sys=0.03, real=0.03 secs] 
2021-05-22T17:25:27.670+0800: 719679.350: [GC (Allocation Failure) [PSYoungGen: 511808K->7968K(515072K)] 876988K->376338K(1039360K), 0.0216245 secs] [Times: user=0.03 sys=0.03, real=0.02 secs] 
2021-05-22T17:29:23.407+0800: 719915.087: [GC (Allocation Failure) [PSYoungGen: 514848K->4128K(515072K)] 883218K->379394K(1039360K), 0.0222244 secs] [Times: user=0.07 sys=0.00, real=0.02 secs] 
2021-05-22T17:33:21.072+0800: 720152.752: [GC (Allocation Failure) [PSYoungGen: 509984K->3072K(515072K)] 885250K->381310K(1039360K), 0.0217587 secs] [Times: user=0.03 sys=0.03, real=0.02 secs] 
2021-05-22T17:37:14.458+0800: 720386.138: [GC (Allocation Failure) [PSYoungGen: 508928K->5600K(515072K)] 887166K->385686K(1039360K), 0.0219934 secs] [Times: user=0.05 sys=0.00, real=0.02 secs] 
2021-05-22T17:41:13.858+0800: 720625.538: [GC (Allocation Failure) [PSYoungGen: 511456K->3584K(515072K)] 891542K->388089K(1039360K), 0.0196439 secs] [Times: user=0.03 sys=0.03, real=0.02 secs] 
2021-05-22T17:45:09.535+0800: 720861.214: [GC (Allocation Failure) [PSYoungGen: 509440K->4288K(515584K)] 893945K->391342K(1039872K), 0.0205537 secs] [Times: user=0.03 sys=0.03, real=0.02 secs] 
2021-05-22T17:49:02.462+0800: 721094.141: [GC (Allocation Failure) [PSYoungGen: 511168K->5088K(515584K)] 898222K->395372K(1039872K), 0.0175547 secs] [Times: user=0.02 sys=0.03, real=0.02 secs] 
2021-05-22T17:52:54.682+0800: 721326.362: [GC (Allocation Failure) [PSYoungGen: 511968K->6528K(515072K)] 902252K->400968K(1039360K), 0.0179979 secs] [Times: user=0.03 sys=0.03, real=0.01 secs] 
2021-05-22T17:56:47.038+0800: 721558.718: [GC (Allocation Failure) [PSYoungGen: 513408K->7424K(514560K)] 907848K->406733K(1038848K), 0.0222102 secs] [Times: user=0.04 sys=0.04, real=0.02 secs] 
2021-05-22T18:00:38.351+0800: 721790.031: [GC (Allocation Failure) [PSYoungGen: 514304K->6368K(515072K)] 913613K->411240K(1039360K), 0.0191941 secs] [Times: user=0.03 sys=0.03, real=0.02 secs] 
2021-05-22T18:04:33.620+0800: 722025.300: [GC (Allocation Failure) [PSYoungGen: 512224K->4864K(515072K)] 917096K->414714K(1039360K), 0.0208526 secs] [Times: user=0.03 sys=0.03, real=0.02 secs] 
2021-05-22T18:08:26.442+0800: 722258.121: [GC (Allocation Failure) [PSYoungGen: 510720K->5024K(515584K)] 920570K->418670K(1039872K), 0.0242458 secs] [Times: user=0.03 sys=0.04, real=0.03 secs] 
2021-05-22T18:12:20.368+0800: 722492.048: [GC (Allocation Failure) [PSYoungGen: 511904K->3712K(515584K)] 925550K->420621K(1039872K), 0.0194620 secs] [Times: user=0.02 sys=0.03, real=0.02 secs] 
2021-05-22T18:16:13.217+0800: 722724.896: [GC (Allocation Failure) [PSYoungGen: 510592K->3712K(515584K)] 927501K->423290K(1039872K), 0.0209624 secs] [Times: user=0.06 sys=0.00, real=0.02 secs] 
2021-05-22T18:20:06.967+0800: 722958.646: [GC (Allocation Failure) [PSYoungGen: 510592K->5472K(515584K)] 930170K->427783K(1039872K), 0.0184660 secs] [Times: user=0.05 sys=0.00, real=0.02 secs] 
2021-05-22T18:24:04.465+0800: 723196.145: [GC (Allocation Failure) [PSYoungGen: 512352K->6528K(515072K)] 934663K->433003K(1039360K), 0.0207356 secs] [Times: user=0.03 sys=0.03, real=0.02 secs] 
2021-05-22T18:27:58.059+0800: 723429.739: [GC (Allocation Failure) [PSYoungGen: 513408K->5920K(515584K)] 939883K->437967K(1039872K), 0.0245599 secs] [Times: user=0.03 sys=0.03, real=0.03 secs] 
2021-05-22T18:31:55.039+0800: 723666.719: [GC (Allocation Failure) [PSYoungGen: 512800K->3296K(515584K)] 944847K->440257K(1039872K), 0.0208906 secs] [Times: user=0.02 sys=0.03, real=0.02 secs] 
2021-05-22T18:35:51.140+0800: 723902.819: [GC (Allocation Failure) [PSYoungGen: 510176K->2432K(515584K)] 947137K->441551K(1039872K), 0.0573490 secs] [Times: user=0.02 sys=0.02, real=0.06 secs] 
2021-05-22T18:39:48.429+0800: 724140.108: [GC (Allocation Failure) [PSYoungGen: 509312K->2944K(515584K)] 948431K->443318K(1039872K), 0.0175660 secs] [Times: user=0.06 sys=0.00, real=0.02 secs] 
2021-05-22T18:43:41.059+0800: 724372.738: [GC (Allocation Failure) [PSYoungGen: 509824K->5184K(515584K)] 950198K->447398K(1039872K), 0.0192122 secs] [Times: user=0.03 sys=0.03, real=0.02 secs] 
2021-05-22T18:47:37.013+0800: 724608.692: [GC (Allocation Failure) [PSYoungGen: 512064K->3552K(516096K)] 954278K->449706K(1040384K), 0.0281368 secs] [Times: user=0.03 sys=0.03, real=0.02 secs] 
2021-05-22T18:51:32.222+0800: 724843.902: [GC (Allocation Failure) [PSYoungGen: 510944K->3072K(515584K)] 957098K->451744K(1039872K), 0.0202323 secs] [Times: user=0.03 sys=0.02, real=0.02 secs] 
2021-05-22T18:55:26.963+0800: 725078.642: [GC (Allocation Failure) [PSYoungGen: 510464K->4224K(516608K)] 959136K->454918K(1040896K), 0.0191187 secs] [Times: user=0.03 sys=0.02, real=0.02 secs] 
2021-05-22T18:59:22.269+0800: 725313.949: [GC (Allocation Failure) [PSYoungGen: 512640K->3552K(516096K)] 963334K->457491K(1040384K), 0.0197706 secs] [Times: user=0.03 sys=0.03, real=0.02 secs] 
2021-05-22T19:03:15.459+0800: 725547.139: [GC (Allocation Failure) [PSYoungGen: 511968K->4352K(516608K)] 965907K->460852K(1040896K), 0.0291613 secs] [Times: user=0.03 sys=0.02, real=0.03 secs] 
2021-05-22T19:07:11.196+0800: 725782.876: [GC (Allocation Failure) [PSYoungGen: 513280K->5216K(516608K)] 969780K->464992K(1040896K), 0.0203880 secs] [Times: user=0.03 sys=0.04, real=0.02 secs] 
2021-05-22T19:11:08.732+0800: 726020.412: [GC (Allocation Failure) [PSYoungGen: 514144K->2528K(516608K)] 973920K->466053K(1040896K), 0.0206889 secs] [Times: user=0.05 sys=0.00, real=0.02 secs] 
2021-05-22T19:15:01.678+0800: 726253.357: [GC (Allocation Failure) [PSYoungGen: 511456K->5280K(516608K)] 974981K->470188K(1040896K), 0.0178788 secs] [Times: user=0.03 sys=0.03, real=0.02 secs] 
2021-05-22T19:18:58.777+0800: 726490.457: [GC (Allocation Failure) [PSYoungGen: 514208K->2752K(516608K)] 979116K->472087K(1040896K), 0.0183279 secs] [Times: user=0.03 sys=0.03, real=0.02 secs] 
2021-05-22T19:22:54.222+0800: 726725.902: [GC (Allocation Failure) [PSYoungGen: 511680K->3712K(516608K)] 981015K->474599K(1040896K), 0.0198134 secs] [Times: user=0.03 sys=0.03, real=0.02 secs] 
2021-05-22T19:26:49.348+0800: 726961.027: [GC (Allocation Failure) [PSYoungGen: 512640K->4224K(517120K)] 983527K->477581K(1041408K), 0.0161667 secs] [Times: user=0.02 sys=0.03, real=0.02 secs] 
2021-05-22T19:30:47.349+0800: 727199.028: [GC (Allocation Failure) [PSYoungGen: 514176K->3488K(517120K)] 987533K->480106K(1041408K), 0.0177168 secs] [Times: user=0.05 sys=0.00, real=0.02 secs] 
2021-05-22T19:34:41.724+0800: 727433.404: [GC (Allocation Failure) [PSYoungGen: 513440K->3680K(517632K)] 990058K->482767K(1041920K), 0.0167492 secs] [Times: user=0.03 sys=0.02, real=0.01 secs] 
2021-05-22T19:38:40.330+0800: 727672.009: [GC (Allocation Failure) [PSYoungGen: 514144K->2880K(517120K)] 993231K->484485K(1041408K), 0.0170817 secs] [Times: user=0.03 sys=0.03, real=0.02 secs] 
2021-05-22T19:42:37.016+0800: 727908.695: [GC (Allocation Failure) [PSYoungGen: 513344K->5120K(517632K)] 994949K->488516K(1041920K), 0.0189374 secs] [Times: user=0.04 sys=0.03, real=0.02 secs] 
2021-05-22T19:46:35.934+0800: 728147.613: [GC (Allocation Failure) [PSYoungGen: 516096K->5152K(516608K)] 999492K->492824K(1040896K), 0.0465578 secs] [Times: user=0.03 sys=0.04, real=0.04 secs] 
2021-05-22T19:50:31.715+0800: 728383.395: [GC (Allocation Failure) [PSYoungGen: 516128K->3296K(517632K)] 1003800K->494924K(1041920K), 0.0200522 secs] [Times: user=0.05 sys=0.00, real=0.02 secs] 
2021-05-22T19:54:27.232+0800: 728618.912: [GC (Allocation Failure) [PSYoungGen: 513760K->6496K(517120K)] 1005388K->500394K(1041408K), 0.0248956 secs] [Times: user=0.02 sys=0.04, real=0.02 secs] 
2021-05-22T19:58:19.911+0800: 728851.591: [GC (Allocation Failure) [PSYoungGen: 516960K->6080K(516096K)] 1010858K->505341K(1040384K), 0.0544297 secs] [Times: user=0.02 sys=0.03, real=0.06 secs] 
2021-05-22T20:02:15.263+0800: 729086.943: [GC (Allocation Failure) [PSYoungGen: 515008K->4480K(516608K)] 1014269K->508727K(1040896K), 0.0201203 secs] [Times: user=0.04 sys=0.03, real=0.02 secs] 
2021-05-22T20:06:10.078+0800: 729321.758: [GC (Allocation Failure) [PSYoungGen: 513408K->6144K(516608K)] 1017655K->513661K(1040896K), 0.0191327 secs] [Times: user=0.03 sys=0.03, real=0.02 secs] 
2021-05-22T20:10:05.359+0800: 729557.039: [GC (Allocation Failure) [PSYoungGen: 515072K->5120K(516608K)] 1022589K->517233K(1040896K), 0.0250774 secs] [Times: user=0.04 sys=0.04, real=0.03 secs] 
2021-05-22T20:13:59.916+0800: 729791.595: [GC (Allocation Failure) [PSYoungGen: 514048K->5216K(516608K)] 1026161K->521285K(1040896K), 0.0188044 secs] [Times: user=0.03 sys=0.03, real=0.02 secs] 
2021-05-22T20:17:53.128+0800: 730024.807: [GC (Allocation Failure) [PSYoungGen: 514144K->3296K(516608K)] 1030213K->523792K(1040896K), 0.0529509 secs] [Times: user=0.08 sys=0.08, real=0.05 secs] 
2021-05-22T20:17:53.181+0800: 730024.861: [Full GC (Ergonomics) [PSYoungGen: 3296K->0K(516608K)] [ParOldGen: 520496K->274952K(524288K)] 523792K->274952K(1040896K), [Metaspace: 94352K->94352K(1136640K)], 0.4947703 secs] [Times: user=1.10 sys=0.00, real=0.50 secs] 
2021-05-22T20:21:46.236+0800: 730257.916: [GC (Allocation Failure) [PSYoungGen: 508928K->3296K(516608K)] 783880K->278248K(1040896K), 0.0162803 secs] [Times: user=0.02 sys=0.03, real=0.02 secs] 
2021-05-22T20:25:39.267+0800: 730490.947: [GC (Allocation Failure) [PSYoungGen: 512224K->7328K(516608K)] 787176K->284430K(1040896K), 0.0174166 secs] [Times: user=0.02 sys=0.03, real=0.02 secs] 
2021-05-22T20:29:36.214+0800: 730727.894: [GC (Allocation Failure) [PSYoungGen: 516256K->5248K(515584K)] 793358K->288744K(1039872K), 0.0225392 secs] [Times: user=0.07 sys=0.00, real=0.02 secs] 
2021-05-22T20:33:30.243+0800: 730961.923: [GC (Allocation Failure) [PSYoungGen: 513152K->6304K(514560K)] 796648K->293956K(1038848K), 0.0661963 secs] [Times: user=0.06 sys=0.00, real=0.06 secs] 
2021-05-22T20:37:22.435+0800: 731194.114: [GC (Allocation Failure) [PSYoungGen: 514208K->7936K(514560K)] 801860K->300575K(1038848K), 0.0221551 secs] [Times: user=0.07 sys=0.00, real=0.02 secs] 
2021-05-22T20:41:17.482+0800: 731429.162: [GC (Allocation Failure) [PSYoungGen: 513792K->5056K(515072K)] 806431K->304728K(1039360K), 0.0208599 secs] [Times: user=0.03 sys=0.03, real=0.03 secs] 
2021-05-22T20:45:11.511+0800: 731663.191: [GC (Allocation Failure) [PSYoungGen: 510912K->4000K(515584K)] 810584K->307700K(1039872K), 0.0218392 secs] [Times: user=0.06 sys=0.00, real=0.03 secs] 
2021-05-22T20:49:04.170+0800: 731895.850: [GC (Allocation Failure) [PSYoungGen: 510880K->3936K(515584K)] 814580K->310626K(1039872K), 0.0206902 secs] [Times: user=0.05 sys=0.00, real=0.02 secs] 
2021-05-22T20:53:01.619+0800: 732133.299: [GC (Allocation Failure) [PSYoungGen: 510816K->5216K(516096K)] 817506K->314615K(1040384K), 0.0200534 secs] [Times: user=0.03 sys=0.02, real=0.02 secs] 
2021-05-22T20:56:57.483+0800: 732369.163: [GC (Allocation Failure) [PSYoungGen: 512608K->4864K(515584K)] 822007K->318476K(1039872K), 0.0187484 secs] [Times: user=0.02 sys=0.04, real=0.01 secs] 
2021-05-22T21:00:51.690+0800: 732603.370: [GC (Allocation Failure) [PSYoungGen: 512256K->6560K(516096K)] 825868K->324144K(1040384K), 0.0376732 secs] [Times: user=0.04 sys=0.04, real=0.04 secs] 
2021-05-22T21:04:47.623+0800: 732839.303: [GC (Allocation Failure) [PSYoungGen: 514464K->4608K(516096K)] 832048K->327322K(1040384K), 0.0199707 secs] [Times: user=0.03 sys=0.03, real=0.02 secs] 
2021-05-22T21:08:42.799+0800: 733074.479: [GC (Allocation Failure) [PSYoungGen: 512512K->5824K(516096K)] 835226K->331879K(1040384K), 0.0187283 secs] [Times: user=0.03 sys=0.03, real=0.02 secs] 
2021-05-22T21:12:38.265+0800: 733309.944: [GC (Allocation Failure) [PSYoungGen: 513728K->6720K(515072K)] 839783K->336732K(1039360K), 0.0329245 secs] [Times: user=0.07 sys=0.00, real=0.03 secs] 
2021-05-22T21:16:30.379+0800: 733542.059: [GC (Allocation Failure) [PSYoungGen: 514624K->5056K(516096K)] 844636K->340822K(1040384K), 0.0183520 secs] [Times: user=0.03 sys=0.03, real=0.02 secs] 
2021-05-22T21:20:27.004+0800: 733778.683: [GC (Allocation Failure) [PSYoungGen: 512448K->5568K(515584K)] 848214K->345282K(1039872K), 0.0180275 secs] [Times: user=0.03 sys=0.02, real=0.01 secs] 
2021-05-22T21:24:22.588+0800: 734014.267: [GC (Allocation Failure) [PSYoungGen: 512960K->2816K(516096K)] 852674K->347013K(1040384K), 0.0364597 secs] [Times: user=0.02 sys=0.03, real=0.04 secs] 
2021-05-22T21:28:16.237+0800: 734247.916: [GC (Allocation Failure) [PSYoungGen: 510720K->4608K(516096K)] 854917K->350540K(1040384K), 0.0173086 secs] [Times: user=0.02 sys=0.03, real=0.02 secs] 
2021-05-22T21:32:12.061+0800: 734483.741: [GC (Allocation Failure) [PSYoungGen: 512512K->2336K(516096K)] 858444K->351960K(1040384K), 0.0216973 secs] [Times: user=0.03 sys=0.03, real=0.03 secs] 
2021-05-22T21:36:08.876+0800: 734720.556: [GC (Allocation Failure) [PSYoungGen: 510240K->2560K(516096K)] 859864K->353320K(1040384K), 0.0171819 secs] [Times: user=0.02 sys=0.03, real=0.02 secs] 
2021-05-22T21:40:02.968+0800: 734954.648: [GC (Allocation Failure) [PSYoungGen: 510464K->6560K(515072K)] 861224K->358807K(1039360K), 0.0180724 secs] [Times: user=0.06 sys=0.00, real=0.02 secs] 
2021-05-22T21:43:57.393+0800: 735189.073: [GC (Allocation Failure) [PSYoungGen: 513440K->5248K(515584K)] 865687K->362714K(1039872K), 0.0195542 secs] [Times: user=0.03 sys=0.03, real=0.02 secs] 
2021-05-22T21:47:51.042+0800: 735422.721: [GC (Allocation Failure) [PSYoungGen: 512128K->6432K(515584K)] 869594K->368007K(1039872K), 0.0209590 secs] [Times: user=0.03 sys=0.03, real=0.03 secs] 
2021-05-22T21:51:43.006+0800: 735654.686: [GC (Allocation Failure) [PSYoungGen: 513312K->5824K(515584K)] 874887K->372507K(1039872K), 0.0216350 secs] [Times: user=0.03 sys=0.03, real=0.02 secs] 
2021-05-22T21:55:36.763+0800: 735888.442: [GC (Allocation Failure) [PSYoungGen: 512704K->6368K(515584K)] 879387K->377510K(1039872K), 0.0233801 secs] [Times: user=0.03 sys=0.04, real=0.02 secs] 
2021-05-22T21:59:32.225+0800: 736123.904: [GC (Allocation Failure) [PSYoungGen: 513248K->2848K(515584K)] 884390K->379145K(1039872K), 0.0204920 secs] [Times: user=0.03 sys=0.03, real=0.02 secs] 
2021-05-22T22:03:27.232+0800: 736358.911: [GC (Allocation Failure) [PSYoungGen: 509728K->3264K(515584K)] 886025K->381336K(1039872K), 0.0167382 secs] [Times: user=0.02 sys=0.02, real=0.02 secs] 
2021-05-22T22:07:20.752+0800: 736592.432: [GC (Allocation Failure) [PSYoungGen: 510144K->4288K(515584K)] 888216K->384454K(1039872K), 0.0186455 secs] [Times: user=0.03 sys=0.03, real=0.01 secs] 
2021-05-22T22:11:14.449+0800: 736826.129: [GC (Allocation Failure) [PSYoungGen: 511168K->4224K(516096K)] 891334K->387180K(1040384K), 0.0182387 secs] [Times: user=0.03 sys=0.03, real=0.02 secs] 
2021-05-22T22:15:10.615+0800: 737062.295: [GC (Allocation Failure) [PSYoungGen: 511616K->7040K(515584K)] 894572K->392578K(1039872K), 0.0196494 secs] [Times: user=0.03 sys=0.03, real=0.02 secs] 
2021-05-22T22:19:04.640+0800: 737296.320: [GC (Allocation Failure) [PSYoungGen: 514432K->6752K(514560K)] 899970K->398155K(1038848K), 0.0207994 secs] [Times: user=0.03 sys=0.03, real=0.02 secs] 
2021-05-22T22:22:58.409+0800: 737530.089: [GC (Allocation Failure) [PSYoungGen: 512608K->4960K(515072K)] 904011K->401247K(1039360K), 0.0192013 secs] [Times: user=0.03 sys=0.03, real=0.02 secs] 
2021-05-22T22:26:53.244+0800: 737764.924: [GC (Allocation Failure) [PSYoungGen: 510816K->4576K(515584K)] 907103K->404764K(1039872K), 0.0476660 secs] [Times: user=0.03 sys=0.02, real=0.05 secs] 
2021-05-22T22:30:47.660+0800: 737999.339: [GC (Allocation Failure) [PSYoungGen: 511456K->8064K(515072K)] 911644K->411721K(1039360K), 0.0307882 secs] [Times: user=0.03 sys=0.03, real=0.03 secs] 
2021-05-22T22:34:44.608+0800: 738236.288: [GC (Allocation Failure) [PSYoungGen: 514944K->3168K(515072K)] 918601K->412937K(1039360K), 0.0270738 secs] [Times: user=0.07 sys=0.00, real=0.03 secs] 
2021-05-22T22:38:37.498+0800: 738469.178: [GC (Allocation Failure) [PSYoungGen: 509024K->3232K(515072K)] 918793K->415056K(1039360K), 0.0171759 secs] [Times: user=0.02 sys=0.03, real=0.02 secs] 
2021-05-22T22:42:31.996+0800: 738703.675: [GC (Allocation Failure) [PSYoungGen: 509088K->6208K(515072K)] 920912K->420262K(1039360K), 0.0227301 secs] [Times: user=0.06 sys=0.00, real=0.02 secs] 
2021-05-22T22:46:27.263+0800: 738938.943: [GC (Allocation Failure) [PSYoungGen: 512064K->5728K(515072K)] 926118K->424698K(1039360K), 0.0190092 secs] [Times: user=0.03 sys=0.03, real=0.02 secs] 
2021-05-22T22:50:18.483+0800: 739170.163: [GC (Allocation Failure) [PSYoungGen: 511584K->5952K(515072K)] 930554K->429782K(1039360K), 0.0342892 secs] [Times: user=0.03 sys=0.02, real=0.03 secs] 
2021-05-22T22:54:13.734+0800: 739405.413: [GC (Allocation Failure) [PSYoungGen: 511808K->5088K(515072K)] 935638K->434113K(1039360K), 0.0193217 secs] [Times: user=0.03 sys=0.03, real=0.02 secs] 
2021-05-22T22:58:06.369+0800: 739638.049: [GC (Allocation Failure) [PSYoungGen: 510944K->4384K(515584K)] 939969K->437589K(1039872K), 0.0187071 secs] [Times: user=0.03 sys=0.03, real=0.02 secs] 
2021-05-22T23:02:03.219+0800: 739874.898: [GC (Allocation Failure) [PSYoungGen: 511264K->3680K(515584K)] 944469K->439906K(1039872K), 0.0193780 secs] [Times: user=0.03 sys=0.03, real=0.02 secs] 
2021-05-22T23:05:57.038+0800: 740108.717: [GC (Allocation Failure) [PSYoungGen: 510560K->6144K(515584K)] 946786K->444273K(1039872K), 0.0186529 secs] [Times: user=0.03 sys=0.03, real=0.02 secs] 
2021-05-22T23:09:52.290+0800: 740343.969: [GC (Allocation Failure) [PSYoungGen: 513024K->4032K(515584K)] 951153K->447108K(1039872K), 0.0285622 secs] [Times: user=0.04 sys=0.04, real=0.03 secs] 
2021-05-22T23:13:44.613+0800: 740576.292: [GC (Allocation Failure) [PSYoungGen: 510912K->6048K(515072K)] 953988K->451706K(1039360K), 0.0236150 secs] [Times: user=0.02 sys=0.02, real=0.02 secs] 
2021-05-22T23:17:39.058+0800: 740810.738: [GC (Allocation Failure) [PSYoungGen: 512928K->3232K(515584K)] 958586K->453517K(1039872K), 0.0201451 secs] [Times: user=0.06 sys=0.00, real=0.02 secs] 
2021-05-22T23:21:34.970+0800: 741046.649: [GC (Allocation Failure) [PSYoungGen: 510112K->5376K(516096K)] 960397K->457883K(1040384K), 0.0199658 secs] [Times: user=0.03 sys=0.03, real=0.02 secs] 
2021-05-22T23:25:31.366+0800: 741283.045: [GC (Allocation Failure) [PSYoungGen: 512768K->3136K(515584K)] 965275K->459855K(1039872K), 0.0214328 secs] [Times: user=0.06 sys=0.00, real=0.02 secs] 
2021-05-22T23:29:28.346+0800: 741520.025: [GC (Allocation Failure) [PSYoungGen: 510528K->6368K(515072K)] 967247K->465125K(1039360K), 0.0276504 secs] [Times: user=0.03 sys=0.03, real=0.03 secs] 
2021-05-22T23:33:24.212+0800: 741755.892: [GC (Allocation Failure) [PSYoungGen: 513248K->5632K(515584K)] 972005K->469504K(1039872K), 0.0215241 secs] [Times: user=0.06 sys=0.00, real=0.02 secs] 
2021-05-22T23:37:16.185+0800: 741987.865: [GC (Allocation Failure) [PSYoungGen: 512512K->4832K(516096K)] 976384K->473148K(1040384K), 0.0201494 secs] [Times: user=0.03 sys=0.03, real=0.02 secs] 
2021-05-22T23:41:11.466+0800: 742223.146: [GC (Allocation Failure) [PSYoungGen: 512224K->5440K(515584K)] 980540K->477649K(1039872K), 0.0186172 secs] [Times: user=0.06 sys=0.00, real=0.02 secs] 
2021-05-22T23:45:06.790+0800: 742458.469: [GC (Allocation Failure) [PSYoungGen: 512832K->4352K(516608K)] 985041K->480750K(1040896K), 0.0206554 secs] [Times: user=0.06 sys=0.00, real=0.02 secs] 
2021-05-22T23:49:02.108+0800: 742693.787: [GC (Allocation Failure) [PSYoungGen: 512768K->6656K(516096K)] 989166K->485988K(1040384K), 0.0309193 secs] [Times: user=0.09 sys=0.00, real=0.03 secs] 
2021-05-22T23:52:58.067+0800: 742929.746: [GC (Allocation Failure) [PSYoungGen: 515072K->5120K(516096K)] 994404K->489854K(1040384K), 0.0235477 secs] [Times: user=0.07 sys=0.00, real=0.02 secs] 
2021-05-22T23:56:52.789+0800: 743164.469: [GC (Allocation Failure) [PSYoungGen: 513024K->5664K(516096K)] 997758K->494611K(1040384K), 0.0247090 secs] [Times: user=0.03 sys=0.03, real=0.03 secs] 
2021-05-23T00:00:39.881+0800: 743391.560: [GC (Allocation Failure) [PSYoungGen: 513568K->4064K(516608K)] 1002515K->497695K(1040896K), 0.0208801 secs] [Times: user=0.04 sys=0.03, real=0.02 secs] 
2021-05-23T00:04:33.846+0800: 743625.526: [GC (Allocation Failure) [PSYoungGen: 512992K->4448K(516608K)] 1006623K->501100K(1040896K), 0.0513256 secs] [Times: user=0.02 sys=0.03, real=0.05 secs] 
2021-05-23T00:08:32.274+0800: 743863.953: [GC (Allocation Failure) [PSYoungGen: 513375K->3264K(516608K)] 1010027K->503288K(1040896K), 0.0203025 secs] [Times: user=0.06 sys=0.00, real=0.02 secs] 
2021-05-23T00:12:28.195+0800: 744099.875: [GC (Allocation Failure) [PSYoungGen: 512192K->2112K(511488K)] 1012216K->503808K(1035776K), 0.0205005 secs] [Times: user=0.03 sys=0.03, real=0.02 secs] 
2021-05-23T00:16:25.704+0800: 744337.383: [GC (Allocation Failure) [PSYoungGen: 511040K->3296K(516608K)] 1012736K->505935K(1040896K), 0.0210864 secs] [Times: user=0.03 sys=0.03, real=0.02 secs] 
2021-05-23T00:20:19.745+0800: 744571.425: [GC (Allocation Failure) [PSYoungGen: 511712K->7552K(516096K)] 1014351K->512406K(1040384K), 0.0268157 secs] [Times: user=0.03 sys=0.04, real=0.03 secs] 
2021-05-23T00:24:15.373+0800: 744807.053: [GC (Allocation Failure) [PSYoungGen: 515968K->4608K(516096K)] 1020822K->515655K(1040384K), 0.0201471 secs] [Times: user=0.03 sys=0.03, real=0.02 secs] 
2021-05-23T00:28:10.365+0800: 745042.045: [GC (Allocation Failure) [PSYoungGen: 512512K->2912K(516096K)] 1023559K->517691K(1040384K), 0.0197473 secs] [Times: user=0.02 sys=0.03, real=0.02 secs] 
2021-05-23T00:32:03.185+0800: 745274.865: [GC (Allocation Failure) [PSYoungGen: 510815K->8160K(513024K)] 1025595K->524714K(1037312K), 0.0245527 secs] [Times: user=0.03 sys=0.03, real=0.02 secs] 
2021-05-23T00:35:56.115+0800: 745507.795: [GC (Allocation Failure) [PSYoungGen: 512992K->6944K(512000K)] 1029546K->529590K(1036288K), 0.0237306 secs] [Times: user=0.07 sys=0.00, real=0.02 secs] 
2021-05-23T00:35:56.140+0800: 745507.819: [Full GC (Ergonomics) [PSYoungGen: 6944K->0K(512000K)] [ParOldGen: 522646K->285986K(524288K)] 529590K->285986K(1036288K), [Metaspace: 94353K->94350K(1136640K)], 0.4804924 secs] [Times: user=1.01 sys=0.00, real=0.48 secs] 
2021-05-23T00:39:47.708+0800: 745739.387: [GC (Allocation Failure) [PSYoungGen: 504832K->7296K(514048K)] 790818K->293282K(1038336K), 0.0182398 secs] [Times: user=0.02 sys=0.03, real=0.02 secs] 
2021-05-23T00:43:39.307+0800: 745970.986: [GC (Allocation Failure) [PSYoungGen: 511104K->7040K(510976K)] 797090K->299229K(1035264K), 0.0267146 secs] [Times: user=0.03 sys=0.03, real=0.03 secs] 
2021-05-23T00:47:31.678+0800: 746203.358: [GC (Allocation Failure) [PSYoungGen: 510848K->3648K(514048K)] 803037K->302167K(1038336K), 0.0231547 secs] [Times: user=0.07 sys=0.00, real=0.02 secs] 
2021-05-23T00:51:21.665+0800: 746433.345: [GC (Allocation Failure) [PSYoungGen: 506944K->6368K(513536K)] 805463K->307181K(1037824K), 0.0226469 secs] [Times: user=0.02 sys=0.03, real=0.02 secs] 
2021-05-23T00:55:16.523+0800: 746668.202: [GC (Allocation Failure) [PSYoungGen: 509664K->2432K(514048K)] 810477K->308886K(1038336K), 0.0164549 secs] [Times: user=0.03 sys=0.03, real=0.01 secs] 
2021-05-23T00:59:08.346+0800: 746900.026: [GC (Allocation Failure) [PSYoungGen: 506240K->2514K(514048K)] 812694K->310288K(1038336K), 0.0169432 secs] [Times: user=0.02 sys=0.03, real=0.02 secs] 
2021-05-23T01:03:00.555+0800: 747132.235: [GC (Allocation Failure) [PSYoungGen: 506322K->4384K(514560K)] 814096K->313512K(1038848K), 0.0183072 secs] [Times: user=0.02 sys=0.02, real=0.02 secs] 
2021-05-23T01:06:53.530+0800: 747365.210: [GC (Allocation Failure) [PSYoungGen: 508704K->5952K(514048K)] 817832K->318365K(1038336K), 0.0295082 secs] [Times: user=0.04 sys=0.04, real=0.03 secs] 
2021-05-23T01:10:49.237+0800: 747600.917: [GC (Allocation Failure) [PSYoungGen: 510272K->3840K(514560K)] 822685K->320712K(1038848K), 0.0305637 secs] [Times: user=0.03 sys=0.03, real=0.03 secs] 
2021-05-23T01:14:38.009+0800: 747829.689: [GC (Allocation Failure) [PSYoungGen: 508672K->8640K(513536K)] 825544K->328214K(1037824K), 0.0202939 secs] [Times: user=0.03 sys=0.03, real=0.02 secs] 
2021-05-23T01:18:30.045+0800: 748061.725: [GC (Allocation Failure) [PSYoungGen: 513472K->5088K(514048K)] 833046K->332429K(1038336K), 0.0196158 secs] [Times: user=0.03 sys=0.03, real=0.02 secs] 
2021-05-23T01:22:20.905+0800: 748292.584: [GC (Allocation Failure) [PSYoungGen: 508384K->6880K(513536K)] 835725K->338154K(1037824K), 0.0172443 secs] [Times: user=0.03 sys=0.03, real=0.02 secs] 
2021-05-23T01:26:14.681+0800: 748526.360: [GC (Allocation Failure) [PSYoungGen: 510176K->4800K(514560K)] 841450K->341606K(1038848K), 0.0194333 secs] [Times: user=0.03 sys=0.03, real=0.02 secs] 
2021-05-23T01:30:05.787+0800: 748757.467: [GC (Allocation Failure) [PSYoungGen: 509120K->5856K(514048K)] 845926K->346131K(1038336K), 0.0165567 secs] [Times: user=0.02 sys=0.03, real=0.02 secs] 
2021-05-23T01:33:56.422+0800: 748988.102: [GC (Allocation Failure) [PSYoungGen: 510176K->4896K(515072K)] 850451K->350277K(1039360K), 0.0189508 secs] [Times: user=0.03 sys=0.03, real=0.02 secs] 
2021-05-23T01:37:51.138+0800: 749222.818: [GC (Allocation Failure) [PSYoungGen: 510240K->5056K(514560K)] 855621K->354146K(1038848K), 0.0207613 secs] [Times: user=0.02 sys=0.03, real=0.02 secs] 
2021-05-23T01:41:43.057+0800: 749454.736: [GC (Allocation Failure) [PSYoungGen: 510400K->6720K(515072K)] 859490K->359710K(1039360K), 0.0192955 secs] [Times: user=0.02 sys=0.03, real=0.02 secs] 
2021-05-23T01:45:37.653+0800: 749689.333: [GC (Allocation Failure) [PSYoungGen: 512576K->6816K(515072K)] 865566K->365139K(1039360K), 0.0199205 secs] [Times: user=0.03 sys=0.02, real=0.02 secs] 
2021-05-23T01:49:31.240+0800: 749922.919: [GC (Allocation Failure) [PSYoungGen: 512618K->9088K(513024K)] 870941K->372735K(1037312K), 0.0196239 secs] [Times: user=0.03 sys=0.03, real=0.02 secs] 
2021-05-23T01:53:20.552+0800: 750152.232: [GC (Allocation Failure) [PSYoungGen: 512896K->6656K(514048K)] 876543K->377793K(1038336K), 0.0210312 secs] [Times: user=0.02 sys=0.03, real=0.02 secs] 
2021-05-23T01:57:13.548+0800: 750385.227: [GC (Allocation Failure) [PSYoungGen: 510464K->5696K(514560K)] 881601K->381740K(1038848K), 0.0176123 secs] [Times: user=0.06 sys=0.00, real=0.02 secs] 
2021-05-23T02:01:06.355+0800: 750618.034: [GC (Allocation Failure) [PSYoungGen: 510016K->6176K(514048K)] 886060K->386903K(1038336K), 0.0209468 secs] [Times: user=0.03 sys=0.03, real=0.02 secs] 
2021-05-23T02:05:02.431+0800: 750854.110: [GC (Allocation Failure) [PSYoungGen: 510496K->5920K(515072K)] 891223K->391915K(1039360K), 0.0177478 secs] [Times: user=0.03 sys=0.03, real=0.02 secs] 
2021-05-23T02:08:54.224+0800: 751085.904: [GC (Allocation Failure) [PSYoungGen: 511264K->5632K(514560K)] 897259K->396166K(1038848K), 0.0241733 secs] [Times: user=0.07 sys=0.00, real=0.02 secs] 
2021-05-23T02:12:45.716+0800: 751317.396: [GC (Allocation Failure) [PSYoungGen: 510976K->4288K(515072K)] 901510K->398596K(1039360K), 0.0194063 secs] [Times: user=0.02 sys=0.02, real=0.02 secs] 
2021-05-23T02:16:40.528+0800: 751552.207: [GC (Allocation Failure) [PSYoungGen: 510144K->6656K(515072K)] 904452K->403833K(1039360K), 0.0190168 secs] [Times: user=0.03 sys=0.03, real=0.02 secs] 
2021-05-23T02:20:34.627+0800: 751786.306: [GC (Allocation Failure) [PSYoungGen: 512512K->4832K(515584K)] 909689K->407411K(1039872K), 0.0210285 secs] [Times: user=0.07 sys=0.00, real=0.02 secs] 
2021-05-23T02:24:29.982+0800: 752021.661: [GC (Allocation Failure) [PSYoungGen: 511200K->4800K(515072K)] 913779K->411296K(1039360K), 0.0220765 secs] [Times: user=0.03 sys=0.03, real=0.03 secs] 
2021-05-23T02:28:25.429+0800: 752257.108: [GC (Allocation Failure) [PSYoungGen: 511168K->5632K(515584K)] 917664K->415836K(1039872K), 0.0206629 secs] [Times: user=0.03 sys=0.03, real=0.02 secs] 
2021-05-23T02:32:19.818+0800: 752491.498: [GC (Allocation Failure) [PSYoungGen: 512512K->5824K(515584K)] 922716K->420408K(1039872K), 0.0203170 secs] [Times: user=0.03 sys=0.03, real=0.02 secs] 
2021-05-23T02:36:13.834+0800: 752725.513: [GC (Allocation Failure) [PSYoungGen: 512704K->4128K(516096K)] 927288K->423715K(1040384K), 0.0184336 secs] [Times: user=0.03 sys=0.03, real=0.02 secs] 
2021-05-23T02:40:05.778+0800: 752957.458: [GC (Allocation Failure) [PSYoungGen: 512032K->8160K(516096K)] 931619K->431210K(1040384K), 0.0209279 secs] [Times: user=0.04 sys=0.03, real=0.02 secs] 
2021-05-23T02:43:57.251+0800: 753188.931: [GC (Allocation Failure) [PSYoungGen: 516064K->7456K(512000K)] 939114K->437565K(1036288K), 0.0208849 secs] [Times: user=0.04 sys=0.04, real=0.02 secs] 
2021-05-23T02:47:50.900+0800: 753422.580: [GC (Allocation Failure) [PSYoungGen: 511264K->4896K(514048K)] 941373K->441566K(1038336K), 0.0180980 secs] [Times: user=0.03 sys=0.02, real=0.02 secs] 
2021-05-23T02:51:41.419+0800: 753653.099: [GC (Allocation Failure) [PSYoungGen: 508704K->5056K(514048K)] 945374K->445427K(1038336K), 0.0170091 secs] [Times: user=0.03 sys=0.03, real=0.02 secs] 
2021-05-23T02:55:32.350+0800: 753884.029: [GC (Allocation Failure) [PSYoungGen: 508864K->7072K(514048K)] 949235K->451328K(1038336K), 0.0191958 secs] [Times: user=0.03 sys=0.03, real=0.02 secs] 
2021-05-23T02:59:24.241+0800: 754115.921: [GC (Allocation Failure) [PSYoungGen: 510880K->7296K(514048K)] 955136K->457363K(1038336K), 0.0207985 secs] [Times: user=0.03 sys=0.04, real=0.03 secs] 
2021-05-23T03:03:16.231+0800: 754347.910: [GC (Allocation Failure) [PSYoungGen: 511104K->4768K(514048K)] 961171K->460949K(1038336K), 0.0189603 secs] [Times: user=0.03 sys=0.03, real=0.02 secs] 
2021-05-23T03:07:05.740+0800: 754577.420: [GC (Allocation Failure) [PSYoungGen: 508576K->8384K(513024K)] 964757K->467779K(1037312K), 0.0205273 secs] [Times: user=0.06 sys=0.00, real=0.02 secs] 
2021-05-23T03:10:54.422+0800: 754806.102: [GC (Allocation Failure) [PSYoungGen: 511168K->6784K(513536K)] 970563K->472381K(1037824K), 0.0193581 secs] [Times: user=0.06 sys=0.00, real=0.01 secs] 
2021-05-23T03:14:48.513+0800: 755040.193: [GC (Allocation Failure) [PSYoungGen: 509568K->3296K(514048K)] 975165K->474607K(1038336K), 0.0187070 secs] [Times: user=0.03 sys=0.03, real=0.01 secs] 
2021-05-23T03:18:39.650+0800: 755271.329: [GC (Allocation Failure) [PSYoungGen: 507104K->4192K(514048K)] 978415K->477733K(1038336K), 0.0191310 secs] [Times: user=0.03 sys=0.03, real=0.02 secs] 
2021-05-23T03:22:30.237+0800: 755501.917: [GC (Allocation Failure) [PSYoungGen: 508000K->5472K(514048K)] 981541K->482018K(1038336K), 0.0307754 secs] [Times: user=0.02 sys=0.03, real=0.03 secs] 
2021-05-23T03:26:25.421+0800: 755737.101: [GC (Allocation Failure) [PSYoungGen: 509280K->4576K(514048K)] 985826K->485454K(1038336K), 0.0179060 secs] [Times: user=0.03 sys=0.03, real=0.02 secs] 
2021-05-23T03:30:20.987+0800: 755972.667: [GC (Allocation Failure) [PSYoungGen: 508384K->3040K(514560K)] 989262K->487674K(1038848K), 0.0161848 secs] [Times: user=0.03 sys=0.02, real=0.02 secs] 
2021-05-23T03:34:12.301+0800: 756203.981: [GC (Allocation Failure) [PSYoungGen: 507872K->5632K(514560K)] 992506K->492273K(1038848K), 0.0191951 secs] [Times: user=0.02 sys=0.03, real=0.02 secs] 
2021-05-23T03:38:02.726+0800: 756434.405: [GC (Allocation Failure) [PSYoungGen: 510464K->4832K(515072K)] 997105K->495764K(1039360K), 0.0190821 secs] [Times: user=0.03 sys=0.03, real=0.02 secs] 
2021-05-23T03:41:57.527+0800: 756669.207: [GC (Allocation Failure) [PSYoungGen: 510176K->2720K(514560K)] 1001108K->497328K(1038848K), 0.0167626 secs] [Times: user=0.05 sys=0.00, real=0.02 secs] 
2021-05-23T03:45:55.343+0800: 756907.022: [GC (Allocation Failure) [PSYoungGen: 508064K->3776K(515072K)] 1002672K->499959K(1039360K), 0.0197308 secs] [Times: user=0.06 sys=0.00, real=0.02 secs] 
2021-05-23T03:49:48.977+0800: 757140.657: [GC (Allocation Failure) [PSYoungGen: 509632K->3072K(515072K)] 1005815K->502005K(1039360K), 0.0192453 secs] [Times: user=0.03 sys=0.02, real=0.02 secs] 
2021-05-23T03:53:42.598+0800: 757374.278: [GC (Allocation Failure) [PSYoungGen: 508928K->6848K(514048K)] 1007861K->507780K(1038336K), 0.0177283 secs] [Times: user=0.03 sys=0.03, real=0.02 secs] 
2021-05-23T03:57:34.366+0800: 757606.045: [GC (Allocation Failure) [PSYoungGen: 511680K->8192K(513536K)] 1012612K->514719K(1037824K), 0.0206347 secs] [Times: user=0.03 sys=0.03, real=0.02 secs] 
2021-05-23T04:01:28.058+0800: 757839.738: [GC (Allocation Failure) [PSYoungGen: 513024K->9312K(512000K)] 1019551K->522723K(1036288K), 0.0267802 secs] [Times: user=0.03 sys=0.03, real=0.03 secs] 
2021-05-23T04:05:18.075+0800: 758069.755: [GC (Allocation Failure) [PSYoungGen: 511072K->6112K(513024K)] 1024483K->526819K(1037312K), 0.0239023 secs] [Times: user=0.03 sys=0.04, real=0.02 secs] 
2021-05-23T04:05:18.099+0800: 758069.779: [Full GC (Ergonomics) [PSYoungGen: 6112K->0K(513024K)] [ParOldGen: 520707K->283059K(524288K)] 526819K->283059K(1037312K), [Metaspace: 94353K->94353K(1136640K)], 0.5104373 secs] [Times: user=1.13 sys=0.00, real=0.51 secs] 
2021-05-23T04:09:09.320+0800: 758301.000: [GC (Allocation Failure) [PSYoungGen: 501760K->7392K(513536K)] 784819K->290451K(1037824K), 0.0221838 secs] [Times: user=0.05 sys=0.00, real=0.03 secs] 
2021-05-23T04:13:04.310+0800: 758535.989: [GC (Allocation Failure) [PSYoungGen: 510176K->4672K(513536K)] 793235K->293517K(1037824K), 0.0190053 secs] [Times: user=0.03 sys=0.03, real=0.02 secs] 
2021-05-23T04:16:53.012+0800: 758764.691: [GC (Allocation Failure) [PSYoungGen: 507456K->4992K(514048K)] 796301K->297410K(1038336K), 0.0169516 secs] [Times: user=0.03 sys=0.02, real=0.02 secs] 
2021-05-23T04:20:46.464+0800: 758998.144: [GC (Allocation Failure) [PSYoungGen: 508288K->4416K(513536K)] 800706K->300550K(1037824K), 0.0187015 secs] [Times: user=0.03 sys=0.03, real=0.02 secs] 
2021-05-23T04:24:40.364+0800: 759232.044: [GC (Allocation Failure) [PSYoungGen: 507712K->2176K(514048K)] 803846K->301323K(1038336K), 0.0161107 secs] [Times: user=0.02 sys=0.02, real=0.01 secs] 
2021-05-23T04:28:33.848+0800: 759465.528: [GC (Allocation Failure) [PSYoungGen: 505984K->4864K(514048K)] 805131K->305027K(1038336K), 0.0190305 secs] [Times: user=0.02 sys=0.02, real=0.02 secs] 
2021-05-23T04:32:27.435+0800: 759699.114: [GC (Allocation Failure) [PSYoungGen: 508672K->5184K(515072K)] 808835K->309223K(1039360K), 0.0205188 secs] [Times: user=0.03 sys=0.03, real=0.02 secs] 
2021-05-23T04:36:19.070+0800: 759930.750: [GC (Allocation Failure) [PSYoungGen: 510528K->9184K(514560K)] 814567K->317324K(1038848K), 0.0219226 secs] [Times: user=0.03 sys=0.03, real=0.03 secs] 
2021-05-23T04:40:13.730+0800: 760165.410: [GC (Allocation Failure) [PSYoungGen: 514528K->5440K(510464K)] 822668K->320590K(1034752K), 0.0187173 secs] [Times: user=0.06 sys=0.00, real=0.02 secs] 
2021-05-23T04:44:02.552+0800: 760394.232: [GC (Allocation Failure) [PSYoungGen: 506176K->5024K(512512K)] 821326K->324697K(1036800K), 0.0226850 secs] [Times: user=0.03 sys=0.03, real=0.02 secs] 
2021-05-23T04:47:53.387+0800: 760625.067: [GC (Allocation Failure) [PSYoungGen: 505760K->3520K(513024K)] 825433K->327070K(1037312K), 0.0181325 secs] [Times: user=0.02 sys=0.03, real=0.02 secs] 
2021-05-23T04:51:45.903+0800: 760857.583: [GC (Allocation Failure) [PSYoungGen: 505280K->5344K(513024K)] 828830K->331109K(1037312K), 0.0717247 secs] [Times: user=0.03 sys=0.03, real=0.07 secs] 
2021-05-23T04:55:37.913+0800: 761089.592: [GC (Allocation Failure) [PSYoungGen: 507104K->4672K(514048K)] 832869K->334672K(1038336K), 0.0167082 secs] [Times: user=0.03 sys=0.02, real=0.01 secs] 
2021-05-23T04:59:28.004+0800: 761319.684: [GC (Allocation Failure) [PSYoungGen: 507968K->6336K(513536K)] 837968K->340053K(1037824K), 0.0182651 secs] [Times: user=0.03 sys=0.03, real=0.02 secs] 
2021-05-23T05:03:19.412+0800: 761551.092: [GC (Allocation Failure) [PSYoungGen: 509632K->5504K(514560K)] 843349K->344615K(1038848K), 0.0184408 secs] [Times: user=0.03 sys=0.03, real=0.01 secs] 
2021-05-23T05:07:15.896+0800: 761787.575: [GC (Allocation Failure) [PSYoungGen: 509824K->7488K(514048K)] 848935K->350859K(1038336K), 0.0197858 secs] [Times: user=0.03 sys=0.03, real=0.02 secs] 
2021-05-23T05:11:12.384+0800: 762024.064: [GC (Allocation Failure) [PSYoungGen: 511808K->4160K(514560K)] 855179K->353874K(1038848K), 0.0217537 secs] [Times: user=0.03 sys=0.04, real=0.02 secs] 
2021-05-23T05:15:02.836+0800: 762254.516: [GC (Allocation Failure) [PSYoungGen: 508480K->3360K(514048K)] 858194K->356135K(1038336K), 0.0178524 secs] [Times: user=0.02 sys=0.03, real=0.02 secs] 
2021-05-23T05:18:54.771+0800: 762486.451: [GC (Allocation Failure) [PSYoungGen: 507680K->4032K(514560K)] 860455K->358998K(1038848K), 0.0189904 secs] [Times: user=0.03 sys=0.03, real=0.02 secs] 
2021-05-23T05:22:46.276+0800: 762717.956: [GC (Allocation Failure) [PSYoungGen: 508864K->4128K(514560K)] 863830K->362106K(1038848K), 0.0300056 secs] [Times: user=0.03 sys=0.03, real=0.03 secs] 
2021-05-23T05:26:36.138+0800: 762947.818: [GC (Allocation Failure) [PSYoungGen: 508960K->5856K(515072K)] 866938K->366831K(1039360K), 0.0310152 secs] [Times: user=0.05 sys=0.00, real=0.03 secs] 
2021-05-23T05:30:29.149+0800: 763180.828: [GC (Allocation Failure) [PSYoungGen: 511200K->4576K(514560K)] 872175K->369407K(1038848K), 0.0201864 secs] [Times: user=0.02 sys=0.03, real=0.02 secs] 
2021-05-23T05:34:22.105+0800: 763413.785: [GC (Allocation Failure) [PSYoungGen: 509920K->5856K(515584K)] 874751K->374308K(1039872K), 0.0608450 secs] [Times: user=0.11 sys=0.10, real=0.06 secs] 
2021-05-23T05:38:16.331+0800: 763648.010: [GC (Allocation Failure) [PSYoungGen: 512224K->3456K(515072K)] 880676K->376927K(1039360K), 0.0238960 secs] [Times: user=0.07 sys=0.00, real=0.03 secs] 
2021-05-23T05:42:10.676+0800: 763882.356: [GC (Allocation Failure) [PSYoungGen: 509824K->4544K(515584K)] 883295K->380458K(1039872K), 0.0234672 secs] [Times: user=0.02 sys=0.03, real=0.02 secs] 
2021-05-23T05:46:10.192+0800: 764121.872: [GC (Allocation Failure) [PSYoungGen: 511424K->5920K(515584K)] 887338K->385040K(1039872K), 0.0253406 secs] [Times: user=0.03 sys=0.03, real=0.02 secs] 
2021-05-23T05:50:01.136+0800: 764352.815: [GC (Allocation Failure) [PSYoungGen: 512800K->6784K(515584K)] 891920K->390580K(1039872K), 0.0208635 secs] [Times: user=0.03 sys=0.03, real=0.02 secs] 
2021-05-23T05:53:52.408+0800: 764584.088: [GC (Allocation Failure) [PSYoungGen: 513663K->3680K(515584K)] 897459K->393334K(1039872K), 0.0271023 secs] [Times: user=0.04 sys=0.04, real=0.03 secs] 
2021-05-23T05:57:46.872+0800: 764818.552: [GC (Allocation Failure) [PSYoungGen: 510560K->6176K(515584K)] 900214K->398116K(1039872K), 0.0250162 secs] [Times: user=0.03 sys=0.03, real=0.03 secs] 
2021-05-23T06:01:43.203+0800: 765054.883: [GC (Allocation Failure) [PSYoungGen: 513056K->3520K(515584K)] 904996K->400382K(1039872K), 0.0291085 secs] [Times: user=0.04 sys=0.02, real=0.03 secs] 
2021-05-23T06:05:38.054+0800: 765289.734: [GC (Allocation Failure) [PSYoungGen: 510400K->6240K(515584K)] 907262K->405596K(1039872K), 0.0232463 secs] [Times: user=0.03 sys=0.03, real=0.02 secs] 
2021-05-23T06:09:32.535+0800: 765524.215: [GC (Allocation Failure) [PSYoungGen: 513120K->6016K(515584K)] 912476K->410631K(1039872K), 0.0249861 secs] [Times: user=0.04 sys=0.04, real=0.02 secs] 
2021-05-23T06:13:26.696+0800: 765758.375: [GC (Allocation Failure) [PSYoungGen: 512896K->4960K(515584K)] 917511K->414242K(1039872K), 0.0200908 secs] [Times: user=0.02 sys=0.04, real=0.02 secs] 
2021-05-23T06:17:21.109+0800: 765992.788: [GC (Allocation Failure) [PSYoungGen: 511840K->2848K(515584K)] 921122K->416237K(1039872K), 0.0193538 secs] [Times: user=0.06 sys=0.00, real=0.02 secs] 
2021-05-23T06:21:14.577+0800: 766226.257: [GC (Allocation Failure) [PSYoungGen: 509728K->6880K(514560K)] 923117K->421988K(1038848K), 0.0188305 secs] [Times: user=0.06 sys=0.00, real=0.02 secs] 
2021-05-23T06:25:06.838+0800: 766458.517: [GC (Allocation Failure) [PSYoungGen: 512736K->4672K(515072K)] 927844K->425615K(1039360K), 0.0272239 secs] [Times: user=0.03 sys=0.03, real=0.03 secs] 
2021-05-23T06:28:59.616+0800: 766691.296: [GC (Allocation Failure) [PSYoungGen: 510528K->4576K(515584K)] 931471K->429203K(1039872K), 0.0217209 secs] [Times: user=0.03 sys=0.03, real=0.02 secs] 
2021-05-23T06:32:56.920+0800: 766928.600: [GC (Allocation Failure) [PSYoungGen: 511456K->4608K(515584K)] 936083K->432887K(1039872K), 0.0177381 secs] [Times: user=0.03 sys=0.02, real=0.02 secs] 
2021-05-23T06:36:49.555+0800: 767161.234: [GC (Allocation Failure) [PSYoungGen: 511488K->5696K(516096K)] 939767K->437548K(1040384K), 0.0278810 secs] [Times: user=0.04 sys=0.04, real=0.03 secs] 
2021-05-23T06:40:42.086+0800: 767393.766: [GC (Allocation Failure) [PSYoungGen: 513600K->5184K(516096K)] 945452K->441616K(1040384K), 0.0267597 secs] [Times: user=0.03 sys=0.03, real=0.03 secs] 
2021-05-23T06:44:39.069+0800: 767630.749: [GC (Allocation Failure) [PSYoungGen: 513088K->6112K(516096K)] 949520K->446093K(1040384K), 0.0208963 secs] [Times: user=0.06 sys=0.00, real=0.02 secs] 
2021-05-23T06:48:32.374+0800: 767864.054: [GC (Allocation Failure) [PSYoungGen: 514016K->4224K(516096K)] 953997K->449295K(1040384K), 0.0197894 secs] [Times: user=0.06 sys=0.00, real=0.02 secs] 
2021-05-23T06:52:26.286+0800: 768097.966: [GC (Allocation Failure) [PSYoungGen: 512128K->4928K(516608K)] 957199K->453204K(1040896K), 0.0181834 secs] [Times: user=0.03 sys=0.03, real=0.02 secs] 
2021-05-23T06:56:16.640+0800: 768328.320: [GC (Allocation Failure) [PSYoungGen: 513344K->6688K(516096K)] 961620K->458697K(1040384K), 0.0183857 secs] [Times: user=0.03 sys=0.02, real=0.02 secs] 
2021-05-23T07:00:12.263+0800: 768563.943: [GC (Allocation Failure) [PSYoungGen: 515104K->2912K(516096K)] 967113K->460602K(1040384K), 0.0326387 secs] [Times: user=0.03 sys=0.03, real=0.03 secs] 
2021-05-23T07:04:08.667+0800: 768800.346: [GC (Allocation Failure) [PSYoungGen: 510816K->4192K(516096K)] 968506K->463687K(1040384K), 0.0180389 secs] [Times: user=0.03 sys=0.03, real=0.02 secs] 
2021-05-23T07:08:02.613+0800: 769034.292: [GC (Allocation Failure) [PSYoungGen: 512096K->4096K(516096K)] 971591K->466620K(1040384K), 0.0186579 secs] [Times: user=0.03 sys=0.03, real=0.01 secs] 
2021-05-23T07:11:58.105+0800: 769269.785: [GC (Allocation Failure) [PSYoungGen: 512000K->3360K(516096K)] 974524K->468314K(1040384K), 0.0179989 secs] [Times: user=0.02 sys=0.03, real=0.02 secs] 
2021-05-23T07:15:52.753+0800: 769504.432: [GC (Allocation Failure) [PSYoungGen: 511264K->3072K(516608K)] 976218K->470440K(1040896K), 0.0185111 secs] [Times: user=0.06 sys=0.00, real=0.01 secs] 
2021-05-23T07:19:51.589+0800: 769743.269: [GC (Allocation Failure) [PSYoungGen: 512000K->4224K(516608K)] 979368K->473566K(1040896K), 0.0217159 secs] [Times: user=0.03 sys=0.04, real=0.02 secs] 
2021-05-23T07:23:49.660+0800: 769981.340: [GC (Allocation Failure) [PSYoungGen: 513152K->5536K(516608K)] 982494K->477852K(1040896K), 0.0229939 secs] [Times: user=0.04 sys=0.04, real=0.03 secs] 
2021-05-23T07:27:47.609+0800: 770219.289: [GC (Allocation Failure) [PSYoungGen: 514464K->2464K(516608K)] 986780K->479471K(1040896K), 0.0449514 secs] [Times: user=0.03 sys=0.04, real=0.05 secs] 
2021-05-23T07:31:43.794+0800: 770455.474: [GC (Allocation Failure) [PSYoungGen: 511392K->3744K(516608K)] 988399K->482030K(1040896K), 0.0171654 secs] [Times: user=0.03 sys=0.03, real=0.01 secs] 
2021-05-23T07:35:42.639+0800: 770694.319: [GC (Allocation Failure) [PSYoungGen: 512672K->4032K(516608K)] 990958K->485019K(1040896K), 0.0170046 secs] [Times: user=0.02 sys=0.03, real=0.02 secs] 
2021-05-23T07:39:36.750+0800: 770928.429: [GC (Allocation Failure) [PSYoungGen: 512960K->3040K(517120K)] 993947K->487032K(1041408K), 0.0176328 secs] [Times: user=0.02 sys=0.02, real=0.02 secs] 
2021-05-23T07:43:35.421+0800: 771167.101: [GC (Allocation Failure) [PSYoungGen: 512992K->3776K(517120K)] 996984K->489623K(1041408K), 0.0189288 secs] [Times: user=0.03 sys=0.03, real=0.02 secs] 
2021-05-23T07:47:30.753+0800: 771402.433: [GC (Allocation Failure) [PSYoungGen: 513728K->3744K(517632K)] 999575K->492325K(1041920K), 0.0186273 secs] [Times: user=0.03 sys=0.03, real=0.02 secs] 
2021-05-23T07:51:27.295+0800: 771638.974: [GC (Allocation Failure) [PSYoungGen: 514208K->4384K(517120K)] 1002789K->495507K(1041408K), 0.0200669 secs] [Times: user=0.03 sys=0.04, real=0.02 secs] 
2021-05-23T07:55:25.976+0800: 771877.656: [GC (Allocation Failure) [PSYoungGen: 514848K->3168K(517632K)] 1005971K->497480K(1041920K), 0.0370311 secs] [Times: user=0.03 sys=0.03, real=0.04 secs] 
2021-05-23T07:59:25.682+0800: 772117.362: [GC (Allocation Failure) [PSYoungGen: 514144K->3552K(517632K)] 1008456K->499903K(1041920K), 0.0217773 secs] [Times: user=0.03 sys=0.03, real=0.03 secs] 
2021-05-23T08:03:22.916+0800: 772354.596: [GC (Allocation Failure) [PSYoungGen: 514528K->5376K(517632K)] 1010879K->504237K(1041920K), 0.0255803 secs] [Times: user=0.06 sys=0.00, real=0.02 secs] 
2021-05-23T08:07:13.458+0800: 772585.137: [GC (Allocation Failure) [PSYoungGen: 516352K->6624K(517632K)] 1015213K->509003K(1041920K), 0.0239587 secs] [Times: user=0.03 sys=0.04, real=0.02 secs] 
2021-05-23T08:11:10.852+0800: 772822.532: [GC (Allocation Failure) [PSYoungGen: 517600K->3520K(513536K)] 1019979K->511326K(1037824K), 0.0192349 secs] [Times: user=0.04 sys=0.04, real=0.01 secs] 
2021-05-23T08:15:04.374+0800: 773056.054: [GC (Allocation Failure) [PSYoungGen: 510400K->3328K(515584K)] 1018206K->513747K(1039872K), 0.0184148 secs] [Times: user=0.02 sys=0.03, real=0.02 secs] 
2021-05-23T08:18:59.366+0800: 773291.046: [GC (Allocation Failure) [PSYoungGen: 510208K->3744K(516096K)] 1020627K->516401K(1040384K), 0.0195314 secs] [Times: user=0.02 sys=0.02, real=0.02 secs] 
2021-05-23T08:22:54.395+0800: 773526.074: [GC (Allocation Failure) [PSYoungGen: 511648K->4544K(516096K)] 1024305K->519943K(1040384K), 0.0240218 secs] [Times: user=0.03 sys=0.03, real=0.02 secs] 
2021-05-23T08:26:52.429+0800: 773764.108: [GC (Allocation Failure) [PSYoungGen: 512448K->2400K(516608K)] 1027847K->521227K(1040896K), 0.0174978 secs] [Times: user=0.05 sys=0.00, real=0.02 secs] 
2021-05-23T08:30:48.328+0800: 774000.007: [GC (Allocation Failure) [PSYoungGen: 511328K->3520K(516608K)] 1030155K->523651K(1040896K), 0.0179773 secs] [Times: user=0.02 sys=0.03, real=0.02 secs] 
2021-05-23T08:30:48.346+0800: 774000.026: [Full GC (Ergonomics) [PSYoungGen: 3520K->0K(516608K)] [ParOldGen: 520131K->273062K(524288K)] 523651K->273062K(1040896K), [Metaspace: 94359K->94359K(1136640K)], 0.5452488 secs] [Times: user=1.00 sys=0.00, real=0.54 secs] 
2021-05-23T08:34:45.701+0800: 774237.381: [GC (Allocation Failure) [PSYoungGen: 508928K->4384K(516608K)] 781990K->277446K(1040896K), 0.0168892 secs] [Times: user=0.02 sys=0.02, real=0.02 secs] 
2021-05-23T08:38:39.119+0800: 774470.799: [GC (Allocation Failure) [PSYoungGen: 513312K->5088K(516608K)] 786374K->281259K(1040896K), 0.0175997 secs] [Times: user=0.02 sys=0.03, real=0.02 secs] 
2021-05-23T08:42:34.376+0800: 774706.056: [GC (Allocation Failure) [PSYoungGen: 514016K->2912K(517120K)] 790187K->283286K(1041408K), 0.0170316 secs] [Times: user=0.03 sys=0.03, real=0.02 secs] 
2021-05-23T08:46:29.388+0800: 774941.067: [GC (Allocation Failure) [PSYoungGen: 512352K->3520K(516608K)] 792726K->285725K(1040896K), 0.0192005 secs] [Times: user=0.02 sys=0.02, real=0.02 secs] 
2021-05-23T08:50:24.512+0800: 775176.192: [GC (Allocation Failure) [PSYoungGen: 512960K->5408K(517120K)] 795165K->290075K(1041408K), 0.0208240 secs] [Times: user=0.03 sys=0.03, real=0.03 secs] 
2021-05-23T08:54:20.479+0800: 775412.158: [GC (Allocation Failure) [PSYoungGen: 515360K->3552K(517120K)] 800027K->292120K(1041408K), 0.0160902 secs] [Times: user=0.03 sys=0.02, real=0.02 secs] 
2021-05-23T08:58:17.556+0800: 775649.235: [GC (Allocation Failure) [PSYoungGen: 513504K->3072K(517120K)] 802072K->294174K(1041408K), 0.0178966 secs] [Times: user=0.03 sys=0.03, real=0.02 secs] 
2021-05-23T09:02:17.540+0800: 775889.219: [GC (Allocation Failure) [PSYoungGen: 513024K->2176K(517120K)] 804126K->295308K(1041408K), 0.0167456 secs] [Times: user=0.03 sys=0.03, real=0.02 secs] 
2021-05-23T09:06:14.092+0800: 776125.772: [GC (Allocation Failure) [PSYoungGen: 512128K->3648K(517632K)] 805260K->297716K(1041920K), 0.0173461 secs] [Times: user=0.05 sys=0.00, real=0.02 secs] 
2021-05-23T09:10:09.370+0800: 776361.050: [GC (Allocation Failure) [PSYoungGen: 514112K->2144K(517120K)] 808180K->298378K(1041408K), 0.0350216 secs] [Times: user=0.02 sys=0.02, real=0.04 secs] 
2021-05-23T09:14:08.026+0800: 776599.705: [GC (Allocation Failure) [PSYoungGen: 512608K->3616K(517632K)] 808842K->300658K(1041920K), 0.0358292 secs] [Times: user=0.05 sys=0.00, real=0.03 secs] 
2021-05-23T09:18:03.907+0800: 776835.586: [GC (Allocation Failure) [PSYoungGen: 514592K->5728K(517120K)] 811634K->305304K(1041408K), 0.0179583 secs] [Times: user=0.02 sys=0.02, real=0.02 secs] 
2021-05-23T09:22:00.611+0800: 777072.291: [GC (Allocation Failure) [PSYoungGen: 516704K->2880K(517120K)] 816280K->307139K(1041408K), 0.0163309 secs] [Times: user=0.03 sys=0.02, real=0.02 secs] 
2021-05-23T09:25:58.270+0800: 777309.950: [GC (Allocation Failure) [PSYoungGen: 512832K->2304K(517120K)] 817091K->308305K(1041408K), 0.0155157 secs] [Times: user=0.02 sys=0.03, real=0.02 secs] 
2021-05-23T09:29:55.309+0800: 777546.989: [GC (Allocation Failure) [PSYoungGen: 512256K->3296K(517632K)] 818257K->310385K(1041920K), 0.0173615 secs] [Times: user=0.03 sys=0.02, real=0.02 secs] 
2021-05-23T09:33:50.294+0800: 777781.973: [GC (Allocation Failure) [PSYoungGen: 513760K->4288K(517120K)] 820849K->313584K(1041408K), 0.0162588 secs] [Times: user=0.02 sys=0.03, real=0.01 secs] 
2021-05-23T09:37:46.228+0800: 778017.908: [GC (Allocation Failure) [PSYoungGen: 514752K->3232K(517632K)] 824048K->315582K(1041920K), 0.0164265 secs] [Times: user=0.03 sys=0.02, real=0.02 secs] 
2021-05-23T09:41:40.960+0800: 778252.639: [GC (Allocation Failure) [PSYoungGen: 514208K->5472K(517632K)] 826558K->320060K(1041920K), 0.0179440 secs] [Times: user=0.03 sys=0.02, real=0.02 secs] 
2021-05-23T09:45:36.898+0800: 778488.578: [GC (Allocation Failure) [PSYoungGen: 516448K->4032K(517632K)] 831036K->323111K(1041920K), 0.0172854 secs] [Times: user=0.03 sys=0.03, real=0.02 secs] 
2021-05-23T09:49:34.328+0800: 778726.008: [GC (Allocation Failure) [PSYoungGen: 515008K->3616K(517632K)] 834087K->325708K(1041920K), 0.0645591 secs] [Times: user=0.02 sys=0.02, real=0.07 secs] 
2021-05-23T09:53:29.920+0800: 778961.600: [GC (Allocation Failure) [PSYoungGen: 514592K->4224K(518144K)] 836684K->328802K(1042432K), 0.0296402 secs] [Times: user=0.02 sys=0.02, real=0.03 secs] 
2021-05-23T09:57:25.092+0800: 779196.772: [GC (Allocation Failure) [PSYoungGen: 515712K->3488K(517632K)] 840290K->331240K(1041920K), 0.0182144 secs] [Times: user=0.02 sys=0.03, real=0.02 secs] 
2021-05-23T10:01:19.945+0800: 779431.625: [GC (Allocation Failure) [PSYoungGen: 514976K->6144K(513024K)] 842728K->338254K(1037312K), 0.0185100 secs] [Times: user=0.03 sys=0.03, real=0.02 secs] 
2021-05-23T10:05:13.701+0800: 779665.381: [GC (Allocation Failure) [PSYoungGen: 513024K->6656K(515584K)] 845134K->344727K(1039872K), 0.0179761 secs] [Times: user=0.06 sys=0.00, real=0.02 secs] 
2021-05-23T10:09:06.440+0800: 779898.120: [GC (Allocation Failure) [PSYoungGen: 513536K->5120K(515584K)] 851607K->348402K(1039872K), 0.0184414 secs] [Times: user=0.03 sys=0.03, real=0.02 secs] 
2021-05-23T10:13:00.277+0800: 780131.957: [GC (Allocation Failure) [PSYoungGen: 512000K->2720K(515584K)] 855282K->349767K(1039872K), 0.0172206 secs] [Times: user=0.03 sys=0.03, real=0.02 secs] 
2021-05-23T10:16:55.391+0800: 780367.071: [GC (Allocation Failure) [PSYoungGen: 509600K->4416K(516096K)] 856647K->353133K(1040384K), 0.0218741 secs] [Times: user=0.02 sys=0.02, real=0.03 secs] 
2021-05-23T10:20:48.523+0800: 780600.203: [GC (Allocation Failure) [PSYoungGen: 511808K->6208K(515584K)] 860525K->358146K(1039872K), 0.0190319 secs] [Times: user=0.02 sys=0.03, real=0.02 secs] 
2021-05-23T10:24:42.840+0800: 780834.520: [GC (Allocation Failure) [PSYoungGen: 513600K->4576K(516096K)] 865538K->361932K(1040384K), 0.0197566 secs] [Times: user=0.02 sys=0.02, real=0.02 secs] 
2021-05-23T10:28:36.886+0800: 781068.565: [GC (Allocation Failure) [PSYoungGen: 511968K->3104K(515584K)] 869324K->364136K(1039872K), 0.0172045 secs] [Times: user=0.02 sys=0.02, real=0.02 secs] 
2021-05-23T10:32:31.375+0800: 781303.055: [GC (Allocation Failure) [PSYoungGen: 510496K->3616K(516096K)] 871528K->366639K(1040384K), 0.0257892 secs] [Times: user=0.03 sys=0.02, real=0.02 secs] 
2021-05-23T10:36:25.610+0800: 781537.290: [GC (Allocation Failure) [PSYoungGen: 511520K->3104K(516096K)] 874543K->368716K(1040384K), 0.0166287 secs] [Times: user=0.03 sys=0.02, real=0.02 secs] 
2021-05-23T10:40:18.514+0800: 781770.193: [GC (Allocation Failure) [PSYoungGen: 511008K->3232K(516608K)] 876620K->370843K(1040896K), 0.0245088 secs] [Times: user=0.06 sys=0.00, real=0.02 secs] 
2021-05-23T10:44:15.646+0800: 782007.325: [GC (Allocation Failure) [PSYoungGen: 512160K->3296K(516608K)] 879771K->373017K(1040896K), 0.0166607 secs] [Times: user=0.03 sys=0.03, real=0.02 secs] 
2021-05-23T10:48:08.187+0800: 782239.867: [GC (Allocation Failure) [PSYoungGen: 512224K->3808K(517120K)] 881945K->375520K(1041408K), 0.0180425 secs] [Times: user=0.03 sys=0.03, real=0.02 secs] 
2021-05-23T10:52:00.771+0800: 782472.451: [GC (Allocation Failure) [PSYoungGen: 513248K->5856K(516608K)] 884960K->380301K(1040896K), 0.0200820 secs] [Times: user=0.03 sys=0.03, real=0.02 secs] 
2021-05-23T10:55:57.617+0800: 782709.296: [GC (Allocation Failure) [PSYoungGen: 515296K->6016K(515584K)] 889741K->385144K(1039872K), 0.0187532 secs] [Times: user=0.06 sys=0.00, real=0.02 secs] 
2021-05-23T10:59:51.234+0800: 782942.913: [GC (Allocation Failure) [PSYoungGen: 513920K->5056K(516096K)] 893048K->389331K(1040384K), 0.0187718 secs] [Times: user=0.05 sys=0.00, real=0.02 secs] 
2021-05-23T11:03:45.936+0800: 783177.615: [GC (Allocation Failure) [PSYoungGen: 512960K->6496K(515584K)] 897235K->394928K(1039872K), 0.0181676 secs] [Times: user=0.06 sys=0.00, real=0.02 secs] 
2021-05-23T11:07:41.319+0800: 783412.999: [GC (Allocation Failure) [PSYoungGen: 514400K->4736K(516096K)] 902832K->398194K(1040384K), 0.0181748 secs] [Times: user=0.06 sys=0.00, real=0.02 secs] 
2021-05-23T11:11:38.640+0800: 783650.319: [GC (Allocation Failure) [PSYoungGen: 512640K->2272K(516096K)] 906098K->398951K(1040384K), 0.0180466 secs] [Times: user=0.03 sys=0.02, real=0.02 secs] 
2021-05-23T11:15:36.499+0800: 783888.178: [GC (Allocation Failure) [PSYoungGen: 510176K->3168K(516096K)] 906855K->400998K(1040384K), 0.0166994 secs] [Times: user=0.02 sys=0.03, real=0.02 secs] 
2021-05-23T11:19:32.520+0800: 784124.199: [GC (Allocation Failure) [PSYoungGen: 511072K->2496K(516096K)] 908902K->402325K(1040384K), 0.0213272 secs] [Times: user=0.03 sys=0.03, real=0.02 secs] 
2021-05-23T11:23:27.940+0800: 784359.620: [GC (Allocation Failure) [PSYoungGen: 510400K->7840K(516096K)] 910229K->408996K(1040384K), 0.0253899 secs] [Times: user=0.04 sys=0.03, real=0.03 secs] 
2021-05-23T11:27:22.409+0800: 784594.088: [GC (Allocation Failure) [PSYoungGen: 515744K->6560K(514048K)] 916900K->413774K(1038336K), 0.0227549 secs] [Times: user=0.03 sys=0.04, real=0.02 secs] 
2021-05-23T11:31:18.551+0800: 784830.230: [GC (Allocation Failure) [PSYoungGen: 512416K->4896K(515072K)] 919630K->417265K(1039360K), 0.0191831 secs] [Times: user=0.03 sys=0.03, real=0.02 secs] 
2021-05-23T11:35:12.965+0800: 785064.644: [GC (Allocation Failure) [PSYoungGen: 510752K->5408K(515584K)] 923121K->421693K(1039872K), 0.0235964 secs] [Times: user=0.02 sys=0.02, real=0.02 secs] 
2021-05-23T11:39:07.534+0800: 785299.214: [GC (Allocation Failure) [PSYoungGen: 512288K->2848K(515584K)] 928573K->423600K(1039872K), 0.0172581 secs] [Times: user=0.06 sys=0.00, real=0.01 secs] 
2021-05-23T11:43:02.800+0800: 785534.479: [GC (Allocation Failure) [PSYoungGen: 509728K->4480K(516096K)] 930480K->427031K(1040384K), 0.0171488 secs] [Times: user=0.02 sys=0.03, real=0.02 secs] 
2021-05-23T11:46:58.992+0800: 785770.672: [GC (Allocation Failure) [PSYoungGen: 511872K->5024K(515584K)] 934423K->430844K(1039872K), 0.0194681 secs] [Times: user=0.03 sys=0.03, real=0.01 secs] 
2021-05-23T11:50:52.483+0800: 786004.163: [GC (Allocation Failure) [PSYoungGen: 512416K->5184K(516096K)] 938236K->435129K(1040384K), 0.0179424 secs] [Times: user=0.02 sys=0.04, real=0.01 secs] 
2021-05-23T11:54:49.666+0800: 786241.346: [GC (Allocation Failure) [PSYoungGen: 513088K->4896K(516096K)] 943033K->439044K(1040384K), 0.0252674 secs] [Times: user=0.04 sys=0.04, real=0.02 secs] 
2021-05-23T11:58:41.618+0800: 786473.298: [GC (Allocation Failure) [PSYoungGen: 512800K->5312K(516608K)] 946948K->443400K(1040896K), 0.0241969 secs] [Times: user=0.03 sys=0.04, real=0.03 secs] 
2021-05-23T12:02:36.245+0800: 786707.924: [GC (Allocation Failure) [PSYoungGen: 514240K->5248K(516608K)] 952328K->447765K(1040896K), 0.0199682 secs] [Times: user=0.03 sys=0.03, real=0.02 secs] 
2021-05-23T12:06:34.229+0800: 786945.909: [GC (Allocation Failure) [PSYoungGen: 514176K->5504K(516608K)] 956693K->452112K(1040896K), 0.0189169 secs] [Times: user=0.03 sys=0.03, real=0.02 secs] 
2021-05-23T12:10:31.029+0800: 787182.709: [GC (Allocation Failure) [PSYoungGen: 514432K->2752K(516608K)] 961040K->453692K(1040896K), 0.0181356 secs] [Times: user=0.03 sys=0.03, real=0.02 secs] 
2021-05-23T12:14:24.759+0800: 787416.438: [GC (Allocation Failure) [PSYoungGen: 511680K->3264K(516608K)] 962620K->455723K(1040896K), 0.0165935 secs] [Times: user=0.05 sys=0.00, real=0.02 secs] 
2021-05-23T12:18:20.156+0800: 787651.836: [GC (Allocation Failure) [PSYoungGen: 512192K->3872K(516608K)] 964651K->458546K(1040896K), 0.0170058 secs] [Times: user=0.02 sys=0.03, real=0.02 secs] 
2021-05-23T12:22:12.984+0800: 787884.663: [GC (Allocation Failure) [PSYoungGen: 512800K->5536K(516608K)] 967474K->463175K(1040896K), 0.0191439 secs] [Times: user=0.03 sys=0.03, real=0.02 secs] 
2021-05-23T12:26:03.181+0800: 788114.861: [GC (Allocation Failure) [PSYoungGen: 514464K->4832K(516608K)] 972103K->466882K(1040896K), 0.0211720 secs] [Times: user=0.03 sys=0.03, real=0.03 secs] 
2021-05-23T12:30:01.991+0800: 788353.671: [GC (Allocation Failure) [PSYoungGen: 513760K->2848K(516608K)] 975810K->468854K(1040896K), 0.0608700 secs] [Times: user=0.03 sys=0.02, real=0.07 secs] 
2021-05-23T12:33:58.661+0800: 788590.340: [GC (Allocation Failure) [PSYoungGen: 511776K->4480K(516608K)] 977782K->472237K(1040896K), 0.0181983 secs] [Times: user=0.03 sys=0.02, real=0.02 secs] 
2021-05-23T12:37:53.475+0800: 788825.155: [GC (Allocation Failure) [PSYoungGen: 513408K->3264K(517120K)] 981165K->474329K(1041408K), 0.0200800 secs] [Times: user=0.03 sys=0.03, real=0.02 secs] 
2021-05-23T12:41:48.831+0800: 789060.510: [GC (Allocation Failure) [PSYoungGen: 513216K->7136K(517120K)] 984281K->480464K(1041408K), 0.0195074 secs] [Times: user=0.06 sys=0.00, real=0.02 secs] 
2021-05-23T12:45:44.131+0800: 789295.810: [GC (Allocation Failure) [PSYoungGen: 517088K->3296K(514048K)] 990416K->482825K(1038336K), 0.0596653 secs] [Times: user=0.02 sys=0.02, real=0.06 secs] 
2021-05-23T12:49:36.560+0800: 789528.239: [GC (Allocation Failure) [PSYoungGen: 510176K->6624K(513536K)] 989705K->488191K(1037824K), 0.0201388 secs] [Times: user=0.03 sys=0.03, real=0.02 secs] 
2021-05-23T12:53:31.008+0800: 789762.688: [GC (Allocation Failure) [PSYoungGen: 513504K->3840K(515584K)] 995071K->491010K(1039872K), 0.0413491 secs] [Times: user=0.03 sys=0.03, real=0.04 secs] 
2021-05-23T12:57:27.353+0800: 789999.032: [GC (Allocation Failure) [PSYoungGen: 510208K->4000K(515072K)] 997378K->493959K(1039360K), 0.0514260 secs] [Times: user=0.03 sys=0.03, real=0.05 secs] 
2021-05-23T13:01:17.722+0800: 790229.402: [GC (Allocation Failure) [PSYoungGen: 510368K->5280K(516096K)] 1000327K->498231K(1040384K), 0.0200687 secs] [Times: user=0.03 sys=0.03, real=0.03 secs] 
2021-05-23T13:05:10.588+0800: 790462.268: [GC (Allocation Failure) [PSYoungGen: 512672K->6656K(515584K)] 1005623K->503885K(1039872K), 0.0192127 secs] [Times: user=0.03 sys=0.03, real=0.02 secs] 
2021-05-23T13:09:02.941+0800: 790694.620: [GC (Allocation Failure) [PSYoungGen: 514048K->8672K(509440K)] 1011277K->511696K(1033728K), 0.0243092 secs] [Times: user=0.04 sys=0.04, real=0.03 secs] 
2021-05-23T13:12:51.665+0800: 790923.344: [GC (Allocation Failure) [PSYoungGen: 509408K->7776K(508928K)] 1012432K->516955K(1033216K), 0.0225425 secs] [Times: user=0.04 sys=0.04, real=0.02 secs] 
2021-05-23T13:16:42.663+0800: 791154.343: [GC (Allocation Failure) [PSYoungGen: 508512K->3424K(512512K)] 1017691K->519308K(1036800K), 0.0180480 secs] [Times: user=0.03 sys=0.03, real=0.01 secs] 
2021-05-23T13:20:36.861+0800: 791388.540: [GC (Allocation Failure) [PSYoungGen: 503648K->3488K(512000K)] 1019532K->521834K(1036288K), 0.0183490 secs] [Times: user=0.03 sys=0.03, real=0.02 secs] 
2021-05-23T13:20:36.880+0800: 791388.559: [Full GC (Ergonomics) [PSYoungGen: 3488K->0K(512000K)] [ParOldGen: 518346K->275440K(524288K)] 521834K->275440K(1036288K), [Metaspace: 94359K->94359K(1136640K)], 0.4689953 secs] [Times: user=1.03 sys=0.00, real=0.47 secs] 
2021-05-23T13:24:27.755+0800: 791619.434: [GC (Allocation Failure) [PSYoungGen: 500224K->5056K(513024K)] 775664K->280496K(1037312K), 0.0358168 secs] [Times: user=0.03 sys=0.03, real=0.03 secs] 
2021-05-23T13:28:21.687+0800: 791853.367: [GC (Allocation Failure) [PSYoungGen: 506304K->3328K(512512K)] 781744K->282624K(1036800K), 0.0196091 secs] [Times: user=0.03 sys=0.03, real=0.02 secs] 
2021-05-23T13:32:14.244+0800: 792085.923: [GC (Allocation Failure) [PSYoungGen: 504576K->2688K(513536K)] 783872K->284230K(1037824K), 0.0199812 secs] [Times: user=0.02 sys=0.03, real=0.02 secs] 
2021-05-23T13:36:04.369+0800: 792316.048: [GC (Allocation Failure) [PSYoungGen: 504960K->5408K(513024K)] 786502K->288541K(1037312K), 0.0176808 secs] [Times: user=0.03 sys=0.02, real=0.02 secs] 
2021-05-23T13:39:55.650+0800: 792547.329: [GC (Allocation Failure) [PSYoungGen: 507680K->7680K(513536K)] 790813K->295425K(1037824K), 0.0217084 secs] [Times: user=0.03 sys=0.03, real=0.02 secs] 
2021-05-23T13:43:48.428+0800: 792780.108: [GC (Allocation Failure) [PSYoungGen: 510464K->7168K(510464K)] 798209K->301541K(1034752K), 0.0194131 secs] [Times: user=0.07 sys=0.00, real=0.02 secs] 
2021-05-23T13:47:39.442+0800: 793011.122: [GC (Allocation Failure) [PSYoungGen: 509952K->8832K(512000K)] 804325K->308552K(1036288K), 0.0218921 secs] [Times: user=0.04 sys=0.03, real=0.03 secs] 
2021-05-23T13:51:30.338+0800: 793242.018: [GC (Allocation Failure) [PSYoungGen: 509568K->6560K(512512K)] 809288K->314417K(1036800K), 0.0184427 secs] [Times: user=0.03 sys=0.03, real=0.02 secs] 
2021-05-23T13:55:23.820+0800: 793475.500: [GC (Allocation Failure) [PSYoungGen: 507296K->5152K(513024K)] 815153K->318572K(1037312K), 0.0276258 secs] [Times: user=0.03 sys=0.03, real=0.03 secs] 
2021-05-23T13:59:14.858+0800: 793706.537: [GC (Allocation Failure) [PSYoungGen: 506912K->7200K(513024K)] 820332K->324521K(1037312K), 0.0197876 secs] [Times: user=0.03 sys=0.03, real=0.02 secs] 
2021-05-23T14:03:05.619+0800: 793937.299: [GC (Allocation Failure) [PSYoungGen: 508960K->6144K(513536K)] 826281K->329092K(1037824K), 0.0179784 secs] [Times: user=0.06 sys=0.00, real=0.02 secs] 
2021-05-23T14:06:55.355+0800: 794167.034: [GC (Allocation Failure) [PSYoungGen: 508416K->8768K(513024K)] 831364K->336616K(1037312K), 0.0223262 secs] [Times: user=0.03 sys=0.04, real=0.02 secs] 
2021-05-23T14:10:45.676+0800: 794397.355: [GC (Allocation Failure) [PSYoungGen: 511040K->6528K(513536K)] 838888K->341170K(1037824K), 0.0209458 secs] [Times: user=0.06 sys=0.00, real=0.02 secs] 
2021-05-23T14:14:35.323+0800: 794627.002: [GC (Allocation Failure) [PSYoungGen: 508800K->6336K(513024K)] 843442K->346324K(1037312K), 0.0197727 secs] [Times: user=0.03 sys=0.03, real=0.02 secs] 
2021-05-23T14:18:27.756+0800: 794859.436: [GC (Allocation Failure) [PSYoungGen: 508608K->3424K(513024K)] 848596K->348583K(1037312K), 0.0191318 secs] [Times: user=0.07 sys=0.00, real=0.02 secs] 
2021-05-23T14:22:21.969+0800: 795093.648: [GC (Allocation Failure) [PSYoungGen: 506208K->4608K(513536K)] 851367K->352013K(1037824K), 0.0172296 secs] [Times: user=0.05 sys=0.00, real=0.02 secs] 
2021-05-23T14:26:13.351+0800: 795325.031: [GC (Allocation Failure) [PSYoungGen: 507392K->3296K(514048K)] 854797K->354153K(1038336K), 0.0187158 secs] [Times: user=0.03 sys=0.03, real=0.02 secs] 
2021-05-23T14:30:08.639+0800: 795560.318: [GC (Allocation Failure) [PSYoungGen: 507104K->3040K(514048K)] 857961K->356175K(1038336K), 0.0176680 secs] [Times: user=0.03 sys=0.03, real=0.02 secs] 
2021-05-23T14:34:02.875+0800: 795794.555: [GC (Allocation Failure) [PSYoungGen: 506848K->3616K(514048K)] 859983K->358686K(1038336K), 0.0183143 secs] [Times: user=0.03 sys=0.02, real=0.02 secs] 
2021-05-23T14:37:57.258+0800: 796028.937: [GC (Allocation Failure) [PSYoungGen: 507424K->3264K(514048K)] 862494K->360444K(1038336K), 0.0176263 secs] [Times: user=0.05 sys=0.00, real=0.02 secs] 
2021-05-23T14:41:49.885+0800: 796261.564: [GC (Allocation Failure) [PSYoungGen: 507072K->5632K(514560K)] 864252K->365074K(1038848K), 0.0198904 secs] [Times: user=0.06 sys=0.00, real=0.02 secs] 
2021-05-23T14:45:46.504+0800: 796498.184: [GC (Allocation Failure) [PSYoungGen: 509952K->4352K(514048K)] 869394K->368031K(1038336K), 0.0187748 secs] [Times: user=0.02 sys=0.03, real=0.02 secs] 
2021-05-23T14:49:39.099+0800: 796730.779: [GC (Allocation Failure) [PSYoungGen: 508672K->6688K(514560K)] 872351K->373595K(1038848K), 0.0173813 secs] [Times: user=0.03 sys=0.03, real=0.02 secs] 
2021-05-23T14:53:33.608+0800: 796965.287: [GC (Allocation Failure) [PSYoungGen: 511520K->3616K(514560K)] 878427K->375925K(1038848K), 0.0211224 secs] [Times: user=0.03 sys=0.02, real=0.02 secs] 
2021-05-23T14:57:26.519+0800: 797198.199: [GC (Allocation Failure) [PSYoungGen: 508448K->5888K(515072K)] 880757K->380715K(1039360K), 0.0176610 secs] [Times: user=0.03 sys=0.03, real=0.02 secs] 
2021-05-23T15:01:19.210+0800: 797430.890: [GC (Allocation Failure) [PSYoungGen: 511232K->6176K(514560K)] 886059K->385694K(1038848K), 0.0209579 secs] [Times: user=0.06 sys=0.00, real=0.02 secs] 
2021-05-23T15:05:10.742+0800: 797662.421: [GC (Allocation Failure) [PSYoungGen: 511520K->6368K(515072K)] 891038K->391064K(1039360K), 0.0192641 secs] [Times: user=0.03 sys=0.04, real=0.02 secs] 
2021-05-23T15:09:06.031+0800: 797897.710: [GC (Allocation Failure) [PSYoungGen: 512224K->4960K(515072K)] 896920K->394882K(1039360K), 0.0222837 secs] [Times: user=0.04 sys=0.04, real=0.03 secs] 
2021-05-23T15:13:00.443+0800: 798132.123: [GC (Allocation Failure) [PSYoungGen: 510816K->5408K(515584K)] 900738K->398887K(1039872K), 0.0210017 secs] [Times: user=0.03 sys=0.03, real=0.02 secs] 
2021-05-23T15:16:55.725+0800: 798367.405: [GC (Allocation Failure) [PSYoungGen: 511776K->4832K(515072K)] 905255K->402179K(1039360K), 0.0221611 secs] [Times: user=0.03 sys=0.03, real=0.02 secs] 
2021-05-23T15:20:49.435+0800: 798601.114: [GC (Allocation Failure) [PSYoungGen: 511200K->5152K(516096K)] 908547K->406408K(1040384K), 0.0168832 secs] [Times: user=0.03 sys=0.03, real=0.01 secs] 
2021-05-23T15:24:44.963+0800: 798836.643: [GC (Allocation Failure) [PSYoungGen: 512544K->2848K(515584K)] 913800K->408339K(1039872K), 0.0280919 secs] [Times: user=0.03 sys=0.04, real=0.02 secs] 
2021-05-23T15:28:41.678+0800: 799073.358: [GC (Allocation Failure) [PSYoungGen: 510240K->2848K(515072K)] 915731K->410138K(1039360K), 0.0235969 secs] [Times: user=0.06 sys=0.00, real=0.03 secs] 
2021-05-23T15:32:40.355+0800: 799312.035: [GC (Allocation Failure) [PSYoungGen: 509728K->2976K(515584K)] 917018K->412032K(1039872K), 0.0198815 secs] [Times: user=0.04 sys=0.03, real=0.02 secs] 
2021-05-23T15:36:34.567+0800: 799546.247: [GC (Allocation Failure) [PSYoungGen: 509856K->2880K(516096K)] 918912K->413807K(1040384K), 0.0197238 secs] [Times: user=0.03 sys=0.03, real=0.02 secs] 
2021-05-23T15:40:29.723+0800: 799781.402: [GC (Allocation Failure) [PSYoungGen: 510784K->2496K(516096K)] 921711K->415190K(1040384K), 0.0170665 secs] [Times: user=0.05 sys=0.00, real=0.01 secs] 
2021-05-23T15:44:26.074+0800: 800017.754: [GC (Allocation Failure) [PSYoungGen: 510400K->2400K(516096K)] 923094K->416493K(1040384K), 0.0190802 secs] [Times: user=0.03 sys=0.03, real=0.02 secs] 
2021-05-23T15:48:23.799+0800: 800255.479: [GC (Allocation Failure) [PSYoungGen: 510304K->3584K(516096K)] 924397K->418933K(1040384K), 0.0173845 secs] [Times: user=0.03 sys=0.03, real=0.02 secs] 
2021-05-23T15:52:18.728+0800: 800490.407: [GC (Allocation Failure) [PSYoungGen: 511488K->4384K(516608K)] 926837K->422203K(1040896K), 0.0173800 secs] [Times: user=0.03 sys=0.03, real=0.02 secs] 
2021-05-23T15:56:14.902+0800: 800726.582: [GC (Allocation Failure) [PSYoungGen: 513312K->3072K(516608K)] 931131K->424151K(1040896K), 0.0161640 secs] [Times: user=0.02 sys=0.03, real=0.02 secs] 
2021-05-23T16:00:16.383+0800: 800968.062: [GC (Allocation Failure) [PSYoungGen: 512000K->2208K(516608K)] 933079K->425333K(1040896K), 0.0171470 secs] [Times: user=0.02 sys=0.03, real=0.01 secs] 
2021-05-23T16:04:10.381+0800: 801202.061: [GC (Allocation Failure) [PSYoungGen: 511136K->5728K(516608K)] 934261K->429941K(1040896K), 0.0221785 secs] [Times: user=0.03 sys=0.03, real=0.03 secs] 
2021-05-23T16:08:06.404+0800: 801438.084: [GC (Allocation Failure) [PSYoungGen: 514656K->5760K(515584K)] 938869K->434464K(1039872K), 0.0187348 secs] [Times: user=0.06 sys=0.00, real=0.02 secs] 
2021-05-23T16:11:59.302+0800: 801670.982: [GC (Allocation Failure) [PSYoungGen: 513664K->8160K(516096K)] 942368K->442173K(1040384K), 0.0246278 secs] [Times: user=0.02 sys=0.04, real=0.02 secs] 
2021-05-23T16:15:53.212+0800: 801904.892: [GC (Allocation Failure) [PSYoungGen: 516064K->8160K(502784K)] 950077K->450344K(1027072K), 0.0306895 secs] [Times: user=0.04 sys=0.04, real=0.03 secs] 
2021-05-23T16:19:45.707+0800: 802137.387: [GC (Allocation Failure) [PSYoungGen: 502752K->3872K(509440K)] 944936K->453736K(1033728K), 0.0207778 secs] [Times: user=0.04 sys=0.03, real=0.02 secs] 
2021-05-23T16:23:33.608+0800: 802365.288: [GC (Allocation Failure) [PSYoungGen: 498464K->5856K(510464K)] 948328K->458261K(1034752K), 0.0170798 secs] [Times: user=0.03 sys=0.03, real=0.02 secs] 
2021-05-23T16:27:28.913+0800: 802600.592: [GC (Allocation Failure) [PSYoungGen: 501984K->3264K(509952K)] 954389K->460560K(1034240K), 0.0176374 secs] [Times: user=0.06 sys=0.00, real=0.01 secs] 
2021-05-23T16:31:17.209+0800: 802828.888: [GC (Allocation Failure) [PSYoungGen: 499392K->6112K(511488K)] 956688K->465446K(1035776K), 0.0194281 secs] [Times: user=0.03 sys=0.03, real=0.02 secs] 
2021-05-23T16:35:07.785+0800: 803059.465: [GC (Allocation Failure) [PSYoungGen: 504288K->4000K(510976K)] 963622K->468696K(1035264K), 0.0203228 secs] [Times: user=0.06 sys=0.00, real=0.02 secs] 
2021-05-23T16:38:59.863+0800: 803291.543: [GC (Allocation Failure) [PSYoungGen: 502176K->3488K(512000K)] 966872K->471205K(1036288K), 0.0211379 secs] [Times: user=0.03 sys=0.03, real=0.02 secs] 
2021-05-23T16:42:53.185+0800: 803524.865: [GC (Allocation Failure) [PSYoungGen: 503200K->3104K(512000K)] 970917K->473315K(1036288K), 0.0182329 secs] [Times: user=0.06 sys=0.00, real=0.02 secs] 
2021-05-23T16:46:45.522+0800: 803757.201: [GC (Allocation Failure) [PSYoungGen: 502816K->3328K(513024K)] 973027K->475594K(1037312K), 0.0229608 secs] [Times: user=0.03 sys=0.03, real=0.03 secs] 
2021-05-23T16:50:37.106+0800: 803988.786: [GC (Allocation Failure) [PSYoungGen: 504576K->5632K(512512K)] 976842K->480128K(1036800K), 0.0200400 secs] [Times: user=0.02 sys=0.03, real=0.02 secs] 
2021-05-23T16:54:29.098+0800: 804220.778: [GC (Allocation Failure) [PSYoungGen: 506880K->5536K(513536K)] 981376K->484428K(1037824K), 0.0200444 secs] [Times: user=0.02 sys=0.03, real=0.02 secs] 
2021-05-23T16:58:17.025+0800: 804448.704: [GC (Allocation Failure) [PSYoungGen: 507808K->8096K(513024K)] 986700K->491408K(1037312K), 0.0217773 secs] [Times: user=0.03 sys=0.03, real=0.02 secs] 
2021-05-23T17:02:09.087+0800: 804680.767: [GC (Allocation Failure) [PSYoungGen: 510368K->7840K(512000K)] 993680K->496668K(1036288K), 0.0268874 secs] [Times: user=0.03 sys=0.04, real=0.03 secs] 
2021-05-23T17:05:55.096+0800: 804906.776: [GC (Allocation Failure) [PSYoungGen: 508576K->7808K(512512K)] 997404K->502447K(1036800K), 0.0210947 secs] [Times: user=0.03 sys=0.03, real=0.02 secs] 
2021-05-23T17:09:45.550+0800: 805137.229: [GC (Allocation Failure) [PSYoungGen: 508544K->11008K(509440K)] 1003183K->511314K(1033728K), 0.0262078 secs] [Times: user=0.03 sys=0.03, real=0.03 secs] 
2021-05-23T17:13:35.579+0800: 805367.259: [GC (Allocation Failure) [PSYoungGen: 508672K->5152K(510976K)] 1008978K->514944K(1035264K), 0.0192305 secs] [Times: user=0.06 sys=0.00, real=0.02 secs] 
2021-05-23T17:17:24.381+0800: 805596.060: [GC (Allocation Failure) [PSYoungGen: 502816K->5696K(512000K)] 1012608K->519803K(1036288K), 0.0196886 secs] [Times: user=0.03 sys=0.03, real=0.02 secs] 
2021-05-23T17:21:13.332+0800: 805825.012: [GC (Allocation Failure) [PSYoungGen: 504896K->5216K(511488K)] 1019003K->524190K(1035776K), 0.0187530 secs] [Times: user=0.03 sys=0.03, real=0.02 secs] 
2021-05-23T17:21:13.351+0800: 805825.031: [Full GC (Ergonomics) [PSYoungGen: 5216K->0K(511488K)] [ParOldGen: 518974K->282730K(524288K)] 524190K->282730K(1035776K), [Metaspace: 94360K->94356K(1136640K)], 0.5245485 secs] [Times: user=1.08 sys=0.00, real=0.53 secs] 
2021-05-23T17:25:02.761+0800: 806054.441: [GC (Allocation Failure) [PSYoungGen: 499200K->5152K(513024K)] 781930K->287882K(1037312K), 0.0175885 secs] [Times: user=0.02 sys=0.02, real=0.02 secs] 
2021-05-23T17:28:56.418+0800: 806288.097: [GC (Allocation Failure) [PSYoungGen: 506400K->5504K(512512K)] 789130K->292270K(1036800K), 0.0175344 secs] [Times: user=0.05 sys=0.00, real=0.02 secs] 
2021-05-23T17:32:47.022+0800: 806518.701: [GC (Allocation Failure) [PSYoungGen: 506752K->7328K(512512K)] 793518K->298227K(1036800K), 0.0219948 secs] [Times: user=0.06 sys=0.00, real=0.03 secs] 
2021-05-23T17:36:37.331+0800: 806749.011: [GC (Allocation Failure) [PSYoungGen: 509088K->7488K(513024K)] 799987K->303967K(1037312K), 0.0228359 secs] [Times: user=0.04 sys=0.04, real=0.03 secs] 
2021-05-23T17:40:28.733+0800: 806980.413: [GC (Allocation Failure) [PSYoungGen: 509248K->4704K(513536K)] 805727K->307720K(1037824K), 0.0241606 secs] [Times: user=0.07 sys=0.00, real=0.02 secs] 
2021-05-23T17:44:22.630+0800: 807214.310: [GC (Allocation Failure) [PSYoungGen: 506976K->5472K(513024K)] 809992K->312053K(1037312K), 0.0241798 secs] [Times: user=0.03 sys=0.04, real=0.03 secs] 
2021-05-23T17:48:16.041+0800: 807447.720: [GC (Allocation Failure) [PSYoungGen: 507744K->7040K(514048K)] 814325K->318025K(1038336K), 0.0268684 secs] [Times: user=0.04 sys=0.03, real=0.03 secs] 
2021-05-23T17:52:08.248+0800: 807679.928: [GC (Allocation Failure) [PSYoungGen: 510336K->9472K(513024K)] 821321K->326013K(1037312K), 0.0254692 secs] [Times: user=0.04 sys=0.04, real=0.03 secs] 
2021-05-23T17:56:01.233+0800: 807912.913: [GC (Allocation Failure) [PSYoungGen: 512768K->6144K(513536K)] 829309K->330941K(1037824K), 0.0510533 secs] [Times: user=0.08 sys=0.00, real=0.05 secs] 
2021-05-23T17:59:49.458+0800: 808141.138: [GC (Allocation Failure) [PSYoungGen: 508416K->10432K(513024K)] 833213K->339648K(1037312K), 0.0245499 secs] [Times: user=0.07 sys=0.00, real=0.03 secs] 
2021-05-23T18:03:41.261+0800: 808372.941: [GC (Allocation Failure) [PSYoungGen: 512704K->8960K(510976K)] 841920K->346091K(1035264K), 0.0848352 secs] [Times: user=0.05 sys=0.04, real=0.09 secs] 
2021-05-23T18:07:31.257+0800: 808602.937: [GC (Allocation Failure) [PSYoungGen: 508672K->8608K(512000K)] 845803K->353132K(1036288K), 0.0217691 secs] [Times: user=0.08 sys=0.00, real=0.02 secs] 
2021-05-23T18:11:24.829+0800: 808836.508: [GC (Allocation Failure) [PSYoungGen: 508320K->4448K(512000K)] 852844K->356324K(1036288K), 0.0192343 secs] [Times: user=0.06 sys=0.00, real=0.02 secs] 
2021-05-23T18:15:16.310+0800: 809067.989: [GC (Allocation Failure) [PSYoungGen: 504160K->2496K(502272K)] 856036K->357944K(1026560K), 0.0168760 secs] [Times: user=0.02 sys=0.02, real=0.02 secs] 
2021-05-23T18:19:10.372+0800: 809302.051: [GC (Allocation Failure) [PSYoungGen: 502208K->3264K(512000K)] 857656K->359960K(1036288K), 0.0150675 secs] [Times: user=0.02 sys=0.03, real=0.02 secs] 
2021-05-23T18:23:01.617+0800: 809533.296: [GC (Allocation Failure) [PSYoungGen: 502464K->3040K(511488K)] 859160K->362038K(1035776K), 0.0227446 secs] [Times: user=0.03 sys=0.04, real=0.02 secs] 
2021-05-23T18:26:56.044+0800: 809767.723: [GC (Allocation Failure) [PSYoungGen: 502240K->3072K(512000K)] 861238K->364052K(1036288K), 0.0212866 secs] [Times: user=0.03 sys=0.04, real=0.02 secs] 
2021-05-23T18:30:47.047+0800: 809998.726: [GC (Allocation Failure) [PSYoungGen: 502784K->4608K(512000K)] 863764K->367371K(1036288K), 0.0187738 secs] [Times: user=0.02 sys=0.02, real=0.02 secs] 
2021-05-23T18:34:37.293+0800: 810228.972: [GC (Allocation Failure) [PSYoungGen: 504320K->5440K(513024K)] 867083K->371647K(1037312K), 0.0184548 secs] [Times: user=0.03 sys=0.03, real=0.01 secs] 
2021-05-23T18:38:28.438+0800: 810460.118: [GC (Allocation Failure) [PSYoungGen: 506688K->4640K(512512K)] 872895K->375339K(1036800K), 0.0177604 secs] [Times: user=0.03 sys=0.03, real=0.02 secs] 
2021-05-23T18:42:22.576+0800: 810694.256: [GC (Allocation Failure) [PSYoungGen: 505888K->5440K(514048K)] 876587K->379529K(1038336K), 0.0190339 secs] [Times: user=0.03 sys=0.03, real=0.02 secs] 
2021-05-23T18:46:16.382+0800: 810928.062: [GC (Allocation Failure) [PSYoungGen: 508736K->4768K(513536K)] 882825K->383372K(1037824K), 0.0190522 secs] [Times: user=0.03 sys=0.03, real=0.01 secs] 
2021-05-23T18:50:07.813+0800: 811159.493: [GC (Allocation Failure) [PSYoungGen: 508064K->4672K(514560K)] 886668K->386913K(1038848K), 0.0240992 secs] [Times: user=0.03 sys=0.04, real=0.02 secs] 
2021-05-23T18:54:03.846+0800: 811395.526: [GC (Allocation Failure) [PSYoungGen: 509499K->6912K(514560K)] 891741K->392838K(1038848K), 0.0235317 secs] [Times: user=0.02 sys=0.04, real=0.02 secs] 
2021-05-23T18:57:59.195+0800: 811630.874: [GC (Allocation Failure) [PSYoungGen: 511744K->2706K(514560K)] 897670K->394562K(1038848K), 0.0298220 secs] [Times: user=0.07 sys=0.00, real=0.03 secs] 
2021-05-23T19:01:54.495+0800: 811866.175: [GC (Allocation Failure) [PSYoungGen: 507538K->4544K(514560K)] 899394K->397985K(1038848K), 0.0241316 secs] [Times: user=0.03 sys=0.04, real=0.02 secs] 
2021-05-23T19:05:50.863+0800: 812102.543: [GC (Allocation Failure) [PSYoungGen: 509376K->3072K(515072K)] 902817K->399997K(1039360K), 0.0206384 secs] [Times: user=0.03 sys=0.04, real=0.02 secs] 
2021-05-23T19:09:44.410+0800: 812336.090: [GC (Allocation Failure) [PSYoungGen: 508416K->5600K(514560K)] 905341K->404452K(1038848K), 0.0244690 secs] [Times: user=0.04 sys=0.03, real=0.03 secs] 
2021-05-23T19:13:35.451+0800: 812567.130: [GC (Allocation Failure) [PSYoungGen: 510944K->6176K(515072K)] 909796K->409200K(1039360K), 0.0310571 secs] [Times: user=0.03 sys=0.04, real=0.03 secs] 
2021-05-23T19:17:26.000+0800: 812797.679: [GC (Allocation Failure) [PSYoungGen: 512032K->8064K(514048K)] 915056K->415573K(1038336K), 0.0240786 secs] [Times: user=0.03 sys=0.04, real=0.03 secs] 
2021-05-23T19:21:23.581+0800: 813035.261: [GC (Allocation Failure) [PSYoungGen: 513920K->3328K(514560K)] 921429K->417701K(1038848K), 0.0196442 secs] [Times: user=0.06 sys=0.00, real=0.02 secs] 
2021-05-23T19:25:17.260+0800: 813268.939: [GC (Allocation Failure) [PSYoungGen: 507648K->2592K(514048K)] 922021K->419227K(1038336K), 0.0190623 secs] [Times: user=0.03 sys=0.03, real=0.02 secs] 
2021-05-23T19:29:14.422+0800: 813506.101: [GC (Allocation Failure) [PSYoungGen: 506911K->3328K(514560K)] 923546K->421466K(1038848K), 0.0174049 secs] [Times: user=0.03 sys=0.03, real=0.02 secs] 
2021-05-23T19:33:08.813+0800: 813740.493: [GC (Allocation Failure) [PSYoungGen: 508160K->4160K(514560K)] 926298K->424544K(1038848K), 0.0232223 secs] [Times: user=0.03 sys=0.03, real=0.02 secs] 
2021-05-23T19:37:02.856+0800: 813974.536: [GC (Allocation Failure) [PSYoungGen: 508992K->4864K(515072K)] 929376K->428325K(1039360K), 0.0230871 secs] [Times: user=0.04 sys=0.03, real=0.02 secs] 
2021-05-23T19:40:57.388+0800: 814209.067: [GC (Allocation Failure) [PSYoungGen: 510713K->6272K(515072K)] 934174K->433594K(1039360K), 0.0199534 secs] [Times: user=0.06 sys=0.00, real=0.02 secs] 
2021-05-23T19:44:52.275+0800: 814443.955: [GC (Allocation Failure) [PSYoungGen: 512128K->5056K(515584K)] 939450K->437893K(1039872K), 0.0329735 secs] [Times: user=0.03 sys=0.03, real=0.03 secs] 
2021-05-23T19:48:47.139+0800: 814678.819: [GC (Allocation Failure) [PSYoungGen: 511424K->5536K(515072K)] 944261K->442234K(1039360K), 0.0219539 secs] [Times: user=0.03 sys=0.04, real=0.02 secs] 
2021-05-23T19:52:33.580+0800: 814905.260: [GC (Allocation Failure) [PSYoungGen: 511904K->7872K(514560K)] 948602K->448911K(1038848K), 0.0238990 secs] [Times: user=0.03 sys=0.04, real=0.03 secs] 
2021-05-23T19:56:27.274+0800: 815138.954: [GC (Allocation Failure) [PSYoungGen: 513728K->8320K(514560K)] 954767K->455889K(1038848K), 0.0210455 secs] [Times: user=0.04 sys=0.03, real=0.02 secs] 
2021-05-23T20:00:19.381+0800: 815371.061: [GC (Allocation Failure) [PSYoungGen: 514176K->6976K(513536K)] 961745K->461507K(1037824K), 0.0228700 secs] [Times: user=0.03 sys=0.04, real=0.03 secs] 
2021-05-23T20:04:10.974+0800: 815602.654: [GC (Allocation Failure) [PSYoungGen: 510784K->5472K(514048K)] 965315K->465382K(1038336K), 0.0517427 secs] [Times: user=0.04 sys=0.03, real=0.05 secs] 
2021-05-23T20:08:05.854+0800: 815837.533: [GC (Allocation Failure) [PSYoungGen: 509280K->5152K(514560K)] 969190K->469329K(1038848K), 0.0257711 secs] [Times: user=0.07 sys=0.00, real=0.02 secs] 
2021-05-23T20:12:01.196+0800: 816072.876: [GC (Allocation Failure) [PSYoungGen: 509984K->4288K(514560K)] 974161K->472063K(1038848K), 0.0172284 secs] [Times: user=0.02 sys=0.03, real=0.02 secs] 
2021-05-23T20:15:54.780+0800: 816306.459: [GC (Allocation Failure) [PSYoungGen: 509120K->4544K(515072K)] 976895K->475683K(1039360K), 0.0186592 secs] [Times: user=0.06 sys=0.00, real=0.02 secs] 
2021-05-23T20:19:46.826+0800: 816538.506: [GC (Allocation Failure) [PSYoungGen: 510400K->5344K(515072K)] 981539K->480167K(1039360K), 0.0188547 secs] [Times: user=0.06 sys=0.00, real=0.02 secs] 
2021-05-23T20:23:40.260+0800: 816771.940: [GC (Allocation Failure) [PSYoungGen: 511200K->4896K(515584K)] 986023K->483708K(1039872K), 0.0213315 secs] [Times: user=0.03 sys=0.03, real=0.02 secs] 
2021-05-23T20:27:33.129+0800: 817004.809: [GC (Allocation Failure) [PSYoungGen: 511776K->7200K(514560K)] 990588K->489984K(1038848K), 0.0197417 secs] [Times: user=0.03 sys=0.03, real=0.02 secs] 
2021-05-23T20:31:27.797+0800: 817239.477: [GC (Allocation Failure) [PSYoungGen: 514080K->6624K(515072K)] 996864K->494826K(1039360K), 0.0215609 secs] [Times: user=0.03 sys=0.04, real=0.02 secs] 
2021-05-23T20:35:22.844+0800: 817474.524: [GC (Allocation Failure) [PSYoungGen: 512480K->2752K(515072K)] 1000682K->496595K(1039360K), 0.0233187 secs] [Times: user=0.04 sys=0.03, real=0.02 secs] 
2021-05-23T20:39:19.658+0800: 817711.337: [GC (Allocation Failure) [PSYoungGen: 508608K->2240K(515072K)] 1002451K->497634K(1039360K), 0.0175299 secs] [Times: user=0.02 sys=0.02, real=0.02 secs] 
2021-05-23T20:43:16.793+0800: 817948.473: [GC (Allocation Failure) [PSYoungGen: 508096K->3136K(515072K)] 1003490K->499554K(1039360K), 0.0181738 secs] [Times: user=0.03 sys=0.02, real=0.01 secs] 
2021-05-23T20:47:10.210+0800: 818181.889: [GC (Allocation Failure) [PSYoungGen: 508992K->7584K(514048K)] 1005410K->506049K(1038336K), 0.0198155 secs] [Times: user=0.03 sys=0.03, real=0.02 secs] 
2021-05-23T20:51:03.114+0800: 818414.794: [GC (Allocation Failure) [PSYoungGen: 512416K->4192K(514560K)] 1010881K->509529K(1038848K), 0.0418134 secs] [Times: user=0.04 sys=0.04, real=0.05 secs] 
2021-05-23T20:54:57.704+0800: 818649.384: [GC (Allocation Failure) [PSYoungGen: 509024K->6208K(514560K)] 1014361K->514814K(1038848K), 0.0220070 secs] [Times: user=0.03 sys=0.03, real=0.02 secs] 
2021-05-23T20:58:48.924+0800: 818880.604: [GC (Allocation Failure) [PSYoungGen: 511040K->7488K(512512K)] 1019646K->520666K(1036800K), 0.0215453 secs] [Times: user=0.03 sys=0.04, real=0.02 secs] 
2021-05-23T21:02:41.051+0800: 819112.731: [GC (Allocation Failure) [PSYoungGen: 512320K->4512K(514560K)] 1025498K->524083K(1038848K), 0.0202423 secs] [Times: user=0.06 sys=0.00, real=0.02 secs] 
2021-05-23T21:02:41.072+0800: 819112.752: [Full GC (Ergonomics) [PSYoungGen: 4512K->0K(514560K)] [ParOldGen: 519571K->281931K(524288K)] 524083K->281931K(1038848K), [Metaspace: 94359K->94359K(1136640K)], 0.5092312 secs] [Times: user=1.04 sys=0.00, real=0.51 secs] 
2021-05-23T21:06:36.919+0800: 819348.598: [GC (Allocation Failure) [PSYoungGen: 504320K->3584K(514048K)] 786251K->285515K(1038336K), 0.0180579 secs] [Times: user=0.02 sys=0.02, real=0.02 secs] 
2021-05-23T21:10:29.014+0800: 819580.694: [GC (Allocation Failure) [PSYoungGen: 507904K->6080K(514560K)] 789835K->290066K(1038848K), 0.0197655 secs] [Times: user=0.04 sys=0.03, real=0.02 secs] 
2021-05-23T21:14:24.297+0800: 819815.977: [GC (Allocation Failure) [PSYoungGen: 510912K->3360K(514560K)] 794898K->292324K(1038848K), 0.0794921 secs] [Times: user=0.02 sys=0.02, real=0.08 secs] 
2021-05-23T21:18:18.343+0800: 820050.023: [GC (Allocation Failure) [PSYoungGen: 508192K->4288K(515072K)] 797156K->295506K(1039360K), 0.0208566 secs] [Times: user=0.03 sys=0.03, real=0.02 secs] 
2021-05-23T21:22:10.635+0800: 820282.315: [GC (Allocation Failure) [PSYoungGen: 509632K->3744K(514560K)] 800850K->298239K(1038848K), 0.0206407 secs] [Times: user=0.06 sys=0.00, real=0.02 secs] 
2021-05-23T21:26:07.575+0800: 820519.254: [GC (Allocation Failure) [PSYoungGen: 509088K->5152K(515584K)] 803583K->302318K(1039872K), 0.0184440 secs] [Times: user=0.03 sys=0.02, real=0.02 secs] 
2021-05-23T21:30:03.460+0800: 820755.140: [GC (Allocation Failure) [PSYoungGen: 511520K->6592K(515072K)] 808686K->307731K(1039360K), 0.0226164 secs] [Times: user=0.06 sys=0.00, real=0.03 secs] 
2021-05-23T21:33:56.563+0800: 820988.242: [GC (Allocation Failure) [PSYoungGen: 512960K->4320K(515584K)] 814099K->310837K(1039872K), 0.0274187 secs] [Times: user=0.03 sys=0.03, real=0.02 secs] 
2021-05-23T21:37:48.899+0800: 821220.579: [GC (Allocation Failure) [PSYoungGen: 510688K->5920K(515072K)] 817205K->315482K(1039360K), 0.0214221 secs] [Times: user=0.05 sys=0.00, real=0.02 secs] 
2021-05-23T21:41:42.530+0800: 821454.210: [GC (Allocation Failure) [PSYoungGen: 512288K->3424K(515584K)] 821850K->317861K(1039872K), 0.0180964 secs] [Times: user=0.03 sys=0.03, real=0.02 secs] 
2021-05-23T21:45:38.914+0800: 821690.594: [GC (Allocation Failure) [PSYoungGen: 510304K->3520K(515584K)] 824741K->320267K(1039872K), 0.0288356 secs] [Times: user=0.02 sys=0.02, real=0.03 secs] 
2021-05-23T21:49:37.020+0800: 821928.700: [GC (Allocation Failure) [PSYoungGen: 510400K->4992K(516096K)] 827147K->323770K(1040384K), 0.0242703 secs] [Times: user=0.03 sys=0.03, real=0.03 secs] 
2021-05-23T21:53:32.350+0800: 822164.030: [GC (Allocation Failure) [PSYoungGen: 512384K->3488K(515584K)] 831162K->325998K(1039872K), 0.0222464 secs] [Times: user=0.06 sys=0.00, real=0.03 secs] 
2021-05-23T21:57:28.362+0800: 822400.041: [GC (Allocation Failure) [PSYoungGen: 510880K->3296K(516096K)] 833390K->328324K(1040384K), 0.0199210 secs] [Times: user=0.02 sys=0.03, real=0.02 secs] 
2021-05-23T22:01:22.958+0800: 822634.638: [GC (Allocation Failure) [PSYoungGen: 511200K->3936K(516096K)] 836228K->331218K(1040384K), 0.0168628 secs] [Times: user=0.03 sys=0.03, real=0.02 secs] 
2021-05-23T22:05:19.044+0800: 822870.723: [GC (Allocation Failure) [PSYoungGen: 511840K->3328K(516608K)] 839122K->333591K(1040896K), 0.0194840 secs] [Times: user=0.02 sys=0.03, real=0.02 secs] 
2021-05-23T22:09:13.889+0800: 823105.568: [GC (Allocation Failure) [PSYoungGen: 512256K->5664K(516608K)] 842519K->338045K(1040896K), 0.0173224 secs] [Times: user=0.03 sys=0.02, real=0.02 secs] 
2021-05-23T22:13:10.395+0800: 823342.074: [GC (Allocation Failure) [PSYoungGen: 514592K->2784K(516608K)] 846973K->339424K(1040896K), 0.0206696 secs] [Times: user=0.06 sys=0.00, real=0.02 secs] 
2021-05-23T22:17:07.750+0800: 823579.430: [GC (Allocation Failure) [PSYoungGen: 511712K->2560K(516608K)] 848352K->340879K(1040896K), 0.0168880 secs] [Times: user=0.04 sys=0.00, real=0.02 secs] 
2021-05-23T22:21:04.040+0800: 823815.720: [GC (Allocation Failure) [PSYoungGen: 511488K->4704K(516608K)] 849807K->344534K(1040896K), 0.0219372 secs] [Times: user=0.03 sys=0.03, real=0.03 secs] 
2021-05-23T22:24:55.515+0800: 824047.195: [GC (Allocation Failure) [PSYoungGen: 513632K->6336K(515584K)] 853462K->349930K(1039872K), 0.0200290 secs] [Times: user=0.03 sys=0.03, real=0.02 secs] 
2021-05-23T22:28:52.247+0800: 824283.926: [GC (Allocation Failure) [PSYoungGen: 515264K->3488K(516096K)] 858858K->352453K(1040384K), 0.0214785 secs] [Times: user=0.06 sys=0.00, real=0.02 secs] 
2021-05-23T22:32:49.268+0800: 824520.948: [GC (Allocation Failure) [PSYoungGen: 511392K->5504K(516096K)] 860357K->356668K(1040384K), 0.0369953 secs] [Times: user=0.05 sys=0.00, real=0.04 secs] 
2021-05-23T22:36:44.236+0800: 824755.916: [GC (Allocation Failure) [PSYoungGen: 513408K->5408K(516096K)] 864572K->360800K(1040384K), 0.0221860 secs] [Times: user=0.03 sys=0.04, real=0.02 secs] 
2021-05-23T22:40:39.412+0800: 824991.091: [GC (Allocation Failure) [PSYoungGen: 513312K->5856K(516096K)] 868704K->364917K(1040384K), 0.0192958 secs] [Times: user=0.03 sys=0.03, real=0.02 secs] 
2021-05-23T22:44:35.608+0800: 825227.287: [GC (Allocation Failure) [PSYoungGen: 513760K->3680K(516096K)] 872821K->367728K(1040384K), 0.0192261 secs] [Times: user=0.03 sys=0.03, real=0.02 secs] 
2021-05-23T22:48:32.212+0800: 825463.892: [GC (Allocation Failure) [PSYoungGen: 511584K->5536K(516096K)] 875632K->371822K(1040384K), 0.0190417 secs] [Times: user=0.03 sys=0.03, real=0.01 secs] 
2021-05-23T22:52:29.107+0800: 825700.786: [GC (Allocation Failure) [PSYoungGen: 513440K->3072K(516096K)] 879726K->374033K(1040384K), 0.0173443 secs] [Times: user=0.03 sys=0.03, real=0.02 secs] 
2021-05-23T22:56:27.132+0800: 825938.812: [GC (Allocation Failure) [PSYoungGen: 510976K->3264K(516096K)] 881937K->376232K(1040384K), 0.0199723 secs] [Times: user=0.03 sys=0.04, real=0.02 secs] 
2021-05-23T23:00:19.560+0800: 826171.240: [GC (Allocation Failure) [PSYoungGen: 511168K->7424K(515072K)] 884136K->382646K(1039360K), 0.0214744 secs] [Times: user=0.02 sys=0.03, real=0.02 secs] 
2021-05-23T23:04:13.615+0800: 826405.295: [GC (Allocation Failure) [PSYoungGen: 514304K->7008K(514048K)] 889526K->388616K(1038336K), 0.0234318 secs] [Times: user=0.03 sys=0.04, real=0.02 secs] 
2021-05-23T23:08:08.898+0800: 826640.578: [GC (Allocation Failure) [PSYoungGen: 513888K->5952K(515072K)] 895496K->393273K(1039360K), 0.0237063 secs] [Times: user=0.07 sys=0.00, real=0.02 secs] 
2021-05-23T23:12:03.303+0800: 826874.983: [GC (Allocation Failure) [PSYoungGen: 511808K->5760K(515072K)] 899129K->397477K(1039360K), 0.0219191 secs] [Times: user=0.06 sys=0.00, real=0.02 secs] 
2021-05-23T23:15:54.422+0800: 827106.102: [GC (Allocation Failure) [PSYoungGen: 511616K->6560K(515072K)] 903333K->402848K(1039360K), 0.0281432 secs] [Times: user=0.03 sys=0.03, real=0.02 secs] 
2021-05-23T23:19:48.873+0800: 827340.553: [GC (Allocation Failure) [PSYoungGen: 512416K->5312K(515072K)] 908704K->406978K(1039360K), 0.0198968 secs] [Times: user=0.03 sys=0.03, real=0.02 secs] 
2021-05-23T23:23:44.477+0800: 827576.157: [GC (Allocation Failure) [PSYoungGen: 511168K->3872K(515584K)] 912834K->410029K(1039872K), 0.0169387 secs] [Times: user=0.03 sys=0.03, real=0.02 secs] 
2021-05-23T23:27:40.204+0800: 827811.883: [GC (Allocation Failure) [PSYoungGen: 510752K->5664K(515584K)] 916909K->414779K(1039872K), 0.0208541 secs] [Times: user=0.03 sys=0.03, real=0.02 secs] 
2021-05-23T23:31:33.328+0800: 828045.007: [GC (Allocation Failure) [PSYoungGen: 512544K->5696K(515584K)] 921659K->418799K(1039872K), 0.0244947 secs] [Times: user=0.06 sys=0.00, real=0.03 secs] 
2021-05-23T23:35:27.459+0800: 828279.139: [GC (Allocation Failure) [PSYoungGen: 512576K->6112K(515584K)] 925679K->423580K(1039872K), 0.0244897 secs] [Times: user=0.03 sys=0.03, real=0.03 secs] 
2021-05-23T23:39:22.746+0800: 828514.425: [GC (Allocation Failure) [PSYoungGen: 512985K->5792K(516096K)] 930454K->427920K(1040384K), 0.0210579 secs] [Times: user=0.04 sys=0.03, real=0.02 secs] 
2021-05-23T23:43:17.298+0800: 828748.978: [GC (Allocation Failure) [PSYoungGen: 513184K->5344K(515584K)] 935312K->431899K(1039872K), 0.0243599 secs] [Times: user=0.04 sys=0.04, real=0.03 secs] 
2021-05-23T23:47:14.517+0800: 828986.196: [GC (Allocation Failure) [PSYoungGen: 512736K->3552K(516096K)] 939291K->434359K(1040384K), 0.0205060 secs] [Times: user=0.03 sys=0.03, real=0.02 secs] 
2021-05-23T23:51:06.939+0800: 829218.619: [GC (Allocation Failure) [PSYoungGen: 511456K->6496K(516096K)] 942263K->439645K(1040384K), 0.0191203 secs] [Times: user=0.03 sys=0.03, real=0.02 secs] 
2021-05-23T23:55:01.721+0800: 829453.401: [GC (Allocation Failure) [PSYoungGen: 514400K->5920K(516096K)] 947549K->444408K(1040384K), 0.0369098 secs] [Times: user=0.03 sys=0.03, real=0.04 secs] 
2021-05-23T23:58:54.498+0800: 829686.177: [GC (Allocation Failure) [PSYoungGen: 513824K->5536K(516096K)] 952312K->448381K(1040384K), 0.0267967 secs] [Times: user=0.04 sys=0.04, real=0.03 secs] 
2021-05-24T00:02:38.964+0800: 829910.644: [GC (Allocation Failure) [PSYoungGen: 513440K->5728K(516096K)] 956285K->453032K(1040384K), 0.0265253 secs] [Times: user=0.03 sys=0.03, real=0.02 secs] 
2021-05-24T00:06:32.545+0800: 830144.225: [GC (Allocation Failure) [PSYoungGen: 513632K->5824K(516096K)] 960936K->457276K(1040384K), 0.0300920 secs] [Times: user=0.04 sys=0.03, real=0.03 secs] 
2021-05-24T00:10:25.409+0800: 830377.089: [GC (Allocation Failure) [PSYoungGen: 513728K->5184K(516608K)] 965180K->460929K(1040896K), 0.0243718 secs] [Times: user=0.03 sys=0.04, real=0.03 secs] 
2021-05-24T00:14:18.255+0800: 830609.934: [GC (Allocation Failure) [PSYoungGen: 513600K->7008K(516096K)] 969345K->466709K(1040384K), 0.0219533 secs] [Times: user=0.04 sys=0.04, real=0.02 secs] 
2021-05-24T00:18:14.173+0800: 830845.853: [GC (Allocation Failure) [PSYoungGen: 515424K->4000K(516096K)] 975125K->469559K(1040384K), 0.0207261 secs] [Times: user=0.03 sys=0.03, real=0.02 secs] 
2021-05-24T00:22:11.094+0800: 831082.773: [GC (Allocation Failure) [PSYoungGen: 511904K->2208K(510464K)] 977463K->470788K(1034752K), 0.0462868 secs] [Times: user=0.07 sys=0.07, real=0.04 secs] 
2021-05-24T00:26:04.477+0800: 831316.156: [GC (Allocation Failure) [PSYoungGen: 510112K->4000K(516096K)] 978692K->473612K(1040384K), 0.0168924 secs] [Times: user=0.02 sys=0.03, real=0.02 secs] 
2021-05-24T00:29:58.844+0800: 831550.524: [GC (Allocation Failure) [PSYoungGen: 511392K->3456K(515584K)] 981004K->476097K(1039872K), 0.0244635 secs] [Times: user=0.03 sys=0.04, real=0.02 secs] 
2021-05-24T00:33:50.772+0800: 831782.451: [GC (Allocation Failure) [PSYoungGen: 510848K->3040K(516096K)] 983489K->478158K(1040384K), 0.0348529 secs] [Times: user=0.03 sys=0.03, real=0.04 secs] 
2021-05-24T00:37:46.065+0800: 832017.744: [GC (Allocation Failure) [PSYoungGen: 510944K->4864K(516096K)] 986062K->481845K(1040384K), 0.0178880 secs] [Times: user=0.03 sys=0.03, real=0.02 secs] 
2021-05-24T00:41:45.707+0800: 832257.387: [GC (Allocation Failure) [PSYoungGen: 512768K->3168K(516096K)] 989749K->484041K(1040384K), 0.0178563 secs] [Times: user=0.03 sys=0.03, real=0.02 secs] 
2021-05-24T00:45:40.889+0800: 832492.569: [GC (Allocation Failure) [PSYoungGen: 511072K->3936K(516096K)] 991945K->486864K(1040384K), 0.0214215 secs] [Times: user=0.05 sys=0.00, real=0.02 secs] 
2021-05-24T00:49:35.919+0800: 832727.599: [GC (Allocation Failure) [PSYoungGen: 511840K->4160K(516608K)] 994768K->489870K(1040896K), 0.0184121 secs] [Times: user=0.03 sys=0.03, real=0.02 secs] 
2021-05-24T00:53:33.763+0800: 832965.443: [GC (Allocation Failure) [PSYoungGen: 513088K->2208K(516608K)] 998798K->491178K(1040896K), 0.0565564 secs] [Times: user=0.02 sys=0.03, real=0.05 secs] 
2021-05-24T00:57:27.973+0800: 833199.652: [GC (Allocation Failure) [PSYoungGen: 511136K->2642K(516608K)] 1000106K->492677K(1040896K), 0.0193748 secs] [Times: user=0.05 sys=0.00, real=0.02 secs] 
2021-05-24T01:01:24.247+0800: 833435.927: [GC (Allocation Failure) [PSYoungGen: 511570K->6432K(515584K)] 1001605K->498036K(1039872K), 0.0195533 secs] [Times: user=0.07 sys=0.00, real=0.02 secs] 
2021-05-24T01:05:19.875+0800: 833671.554: [GC (Allocation Failure) [PSYoungGen: 515360K->8160K(509952K)] 1006964K->505520K(1034240K), 0.0268918 secs] [Times: user=0.04 sys=0.05, real=0.02 secs] 
2021-05-24T01:09:16.215+0800: 833907.895: [GC (Allocation Failure) [PSYoungGen: 509920K->5408K(513024K)] 1007280K->509913K(1037312K), 0.0363110 secs] [Times: user=0.04 sys=0.04, real=0.03 secs] 
2021-05-24T01:13:09.127+0800: 834140.806: [GC (Allocation Failure) [PSYoungGen: 507168K->4928K(514048K)] 1011673K->512965K(1038336K), 0.0188695 secs] [Times: user=0.03 sys=0.03, real=0.02 secs] 
2021-05-24T01:17:01.395+0800: 834373.075: [GC (Allocation Failure) [PSYoungGen: 508224K->6112K(513536K)] 1016261K->518218K(1037824K), 0.0204950 secs] [Times: user=0.03 sys=0.03, real=0.02 secs] 
2021-05-24T01:20:54.991+0800: 834606.671: [GC (Allocation Failure) [PSYoungGen: 509408K->5824K(514560K)] 1021514K->523253K(1038848K), 0.0223163 secs] [Times: user=0.03 sys=0.03, real=0.03 secs] 
2021-05-24T01:20:55.014+0800: 834606.694: [Full GC (Ergonomics) [PSYoungGen: 5824K->0K(514560K)] [ParOldGen: 517429K->274646K(524288K)] 523253K->274646K(1038848K), [Metaspace: 94362K->94362K(1136640K)], 0.5138949 secs] [Times: user=1.02 sys=0.00, real=0.51 secs] 
2021-05-24T01:24:51.263+0800: 834842.943: [GC (Allocation Failure) [PSYoungGen: 504320K->4064K(514048K)] 778966K->278710K(1038336K), 0.0188504 secs] [Times: user=0.03 sys=0.02, real=0.01 secs] 
2021-05-24T01:28:45.240+0800: 835076.919: [GC (Allocation Failure) [PSYoungGen: 508384K->6304K(514560K)] 783030K->284027K(1038848K), 0.0229305 secs] [Times: user=0.03 sys=0.03, real=0.03 secs] 
2021-05-24T01:32:37.373+0800: 835309.052: [GC (Allocation Failure) [PSYoungGen: 511136K->7168K(514560K)] 788859K->290160K(1038848K), 0.0227879 secs] [Times: user=0.04 sys=0.03, real=0.02 secs] 
2021-05-24T01:36:31.516+0800: 835543.196: [GC (Allocation Failure) [PSYoungGen: 512000K->3968K(514560K)] 794992K->292969K(1038848K), 0.0169071 secs] [Times: user=0.03 sys=0.02, real=0.02 secs] 
2021-05-24T01:40:22.253+0800: 835773.933: [GC (Allocation Failure) [PSYoungGen: 508800K->4128K(514560K)] 797801K->296110K(1038848K), 0.0666698 secs] [Times: user=0.03 sys=0.03, real=0.06 secs] 
2021-05-24T01:44:17.947+0800: 836009.626: [GC (Allocation Failure) [PSYoungGen: 508960K->4000K(515072K)] 800942K->299052K(1039360K), 0.0205336 secs] [Times: user=0.03 sys=0.03, real=0.02 secs] 
2021-05-24T01:48:11.679+0800: 836243.358: [GC (Allocation Failure) [PSYoungGen: 509344K->7008K(514560K)] 804396K->304746K(1038848K), 0.0502701 secs] [Times: user=0.03 sys=0.04, real=0.05 secs] 
2021-05-24T01:52:03.857+0800: 836475.536: [GC (Allocation Failure) [PSYoungGen: 512352K->5984K(514560K)] 810090K->309373K(1038848K), 0.0187563 secs] [Times: user=0.03 sys=0.03, real=0.02 secs] 
2021-05-24T01:55:57.600+0800: 836709.280: [GC (Allocation Failure) [PSYoungGen: 510816K->5344K(514560K)] 814205K->313855K(1038848K), 0.0198244 secs] [Times: user=0.03 sys=0.03, real=0.02 secs] 
2021-05-24T01:59:52.700+0800: 836944.380: [GC (Allocation Failure) [PSYoungGen: 510176K->4704K(515584K)] 818687K->317411K(1039872K), 0.0200732 secs] [Times: user=0.02 sys=0.03, real=0.02 secs] 
2021-05-24T02:03:47.937+0800: 837179.617: [GC (Allocation Failure) [PSYoungGen: 511072K->3808K(515072K)] 823779K->320271K(1039360K), 0.0183699 secs] [Times: user=0.03 sys=0.03, real=0.02 secs] 
2021-05-24T02:07:41.519+0800: 837413.199: [GC (Allocation Failure) [PSYoungGen: 510176K->3840K(515584K)] 826639K->322900K(1039872K), 0.0239138 secs] [Times: user=0.04 sys=0.04, real=0.03 secs] 
2021-05-24T02:11:37.191+0800: 837648.871: [GC (Allocation Failure) [PSYoungGen: 510720K->2496K(515584K)] 829780K->323851K(1039872K), 0.0197453 secs] [Times: user=0.03 sys=0.03, real=0.02 secs] 
2021-05-24T02:15:32.682+0800: 837884.361: [GC (Allocation Failure) [PSYoungGen: 509376K->3584K(515584K)] 830731K->326306K(1039872K), 0.0190135 secs] [Times: user=0.03 sys=0.03, real=0.02 secs] 
2021-05-24T02:19:27.052+0800: 838118.731: [GC (Allocation Failure) [PSYoungGen: 510464K->5920K(515584K)] 833186K->331119K(1039872K), 0.0171783 secs] [Times: user=0.03 sys=0.03, real=0.02 secs] 
2021-05-24T02:23:19.662+0800: 838351.342: [GC (Allocation Failure) [PSYoungGen: 512800K->3520K(515584K)] 837999K->333459K(1039872K), 0.0193673 secs] [Times: user=0.03 sys=0.02, real=0.01 secs] 
2021-05-24T02:27:14.672+0800: 838586.352: [GC (Allocation Failure) [PSYoungGen: 510400K->3744K(515584K)] 840339K->336176K(1039872K), 0.0189824 secs] [Times: user=0.02 sys=0.02, real=0.02 secs] 
2021-05-24T02:31:09.599+0800: 838821.278: [GC (Allocation Failure) [PSYoungGen: 510624K->3360K(516096K)] 843056K->338542K(1040384K), 0.0174494 secs] [Times: user=0.06 sys=0.00, real=0.02 secs] 
2021-05-24T02:35:05.266+0800: 839056.946: [GC (Allocation Failure) [PSYoungGen: 511264K->5632K(516096K)] 846446K->343037K(1040384K), 0.0193728 secs] [Times: user=0.03 sys=0.03, real=0.02 secs] 
2021-05-24T02:38:59.468+0800: 839291.147: [GC (Allocation Failure) [PSYoungGen: 513534K->3968K(516096K)] 850939K->345600K(1040384K), 0.0168591 secs] [Times: user=0.03 sys=0.02, real=0.02 secs] 
2021-05-24T02:42:52.650+0800: 839524.329: [GC (Allocation Failure) [PSYoungGen: 511872K->6496K(514560K)] 853504K->351101K(1038848K), 0.0263280 secs] [Times: user=0.02 sys=0.02, real=0.03 secs] 
2021-05-24T02:46:47.303+0800: 839758.983: [GC (Allocation Failure) [PSYoungGen: 514400K->5056K(516096K)] 859005K->355257K(1040384K), 0.0184361 secs] [Times: user=0.03 sys=0.03, real=0.01 secs] 
2021-05-24T02:50:39.075+0800: 839990.754: [GC (Allocation Failure) [PSYoungGen: 512446K->5888K(515584K)] 862648K->359605K(1039872K), 0.0182109 secs] [Times: user=0.03 sys=0.03, real=0.02 secs] 
2021-05-24T02:54:37.296+0800: 840228.975: [GC (Allocation Failure) [PSYoungGen: 513280K->5152K(516096K)] 866997K->363073K(1040384K), 0.0177711 secs] [Times: user=0.02 sys=0.03, real=0.02 secs] 
2021-05-24T02:58:32.738+0800: 840464.417: [GC (Allocation Failure) [PSYoungGen: 513056K->3520K(516096K)] 870977K->365684K(1040384K), 0.0369932 secs] [Times: user=0.09 sys=0.00, real=0.04 secs] 
2021-05-24T03:02:25.768+0800: 840697.448: [GC (Allocation Failure) [PSYoungGen: 511424K->6848K(515072K)] 873588K->371490K(1039360K), 0.0209148 secs] [Times: user=0.03 sys=0.03, real=0.02 secs] 
2021-05-24T03:06:20.547+0800: 840932.227: [GC (Allocation Failure) [PSYoungGen: 513728K->6080K(515584K)] 878370K->376236K(1039872K), 0.0209245 secs] [Times: user=0.06 sys=0.00, real=0.02 secs] 
2021-05-24T03:10:15.580+0800: 841167.260: [GC (Allocation Failure) [PSYoungGen: 512960K->5824K(515584K)] 883116K->380808K(1039872K), 0.0336711 secs] [Times: user=0.05 sys=0.04, real=0.04 secs] 
2021-05-24T03:14:06.451+0800: 841398.130: [GC (Allocation Failure) [PSYoungGen: 512704K->8480K(515584K)] 887688K->387861K(1039872K), 0.0215031 secs] [Times: user=0.04 sys=0.04, real=0.03 secs] 
2021-05-24T03:18:00.324+0800: 841632.004: [GC (Allocation Failure) [PSYoungGen: 515360K->8672K(512512K)] 894741K->395176K(1036800K), 0.0245168 secs] [Times: user=0.03 sys=0.03, real=0.02 secs] 
2021-05-24T03:21:51.069+0800: 841862.749: [GC (Allocation Failure) [PSYoungGen: 512480K->8288K(512512K)] 898984K->401731K(1036800K), 0.0278707 secs] [Times: user=0.03 sys=0.03, real=0.03 secs] 
2021-05-24T03:25:42.615+0800: 842094.295: [GC (Allocation Failure) [PSYoungGen: 512096K->7744K(513536K)] 905539K->407878K(1037824K), 0.0216323 secs] [Times: user=0.04 sys=0.03, real=0.02 secs] 
2021-05-24T03:29:30.973+0800: 842322.653: [GC (Allocation Failure) [PSYoungGen: 510528K->8288K(511488K)] 910662K->414498K(1035776K), 0.0249598 secs] [Times: user=0.04 sys=0.03, real=0.02 secs] 
2021-05-24T03:33:23.074+0800: 842554.754: [GC (Allocation Failure) [PSYoungGen: 511072K->4928K(513024K)] 917282K->418178K(1037312K), 0.0254674 secs] [Times: user=0.04 sys=0.04, real=0.02 secs] 
2021-05-24T03:37:13.330+0800: 842785.010: [GC (Allocation Failure) [PSYoungGen: 506688K->7424K(513024K)] 919938K->424447K(1037312K), 0.0359185 secs] [Times: user=0.02 sys=0.03, real=0.04 secs] 
2021-05-24T03:41:03.266+0800: 843014.946: [GC (Allocation Failure) [PSYoungGen: 509184K->8192K(513024K)] 926207K->430962K(1037312K), 0.0268629 secs] [Times: user=0.04 sys=0.05, real=0.03 secs] 
2021-05-24T03:44:53.531+0800: 843245.211: [GC (Allocation Failure) [PSYoungGen: 509952K->7968K(513024K)] 932722K->436807K(1037312K), 0.0255291 secs] [Times: user=0.04 sys=0.04, real=0.03 secs] 
2021-05-24T03:48:47.131+0800: 843478.811: [GC (Allocation Failure) [PSYoungGen: 509728K->6144K(513536K)] 938567K->440754K(1037824K), 0.0242203 secs] [Times: user=0.04 sys=0.04, real=0.03 secs] 
2021-05-24T03:52:37.946+0800: 843709.626: [GC (Allocation Failure) [PSYoungGen: 508416K->6240K(513024K)] 943026K->446013K(1037312K), 0.0189721 secs] [Times: user=0.03 sys=0.03, real=0.02 secs] 
2021-05-24T03:56:28.444+0800: 843940.123: [GC (Allocation Failure) [PSYoungGen: 508512K->5440K(514048K)] 948285K->450615K(1038336K), 0.0191758 secs] [Times: user=0.04 sys=0.03, real=0.02 secs] 
2021-05-24T04:00:22.770+0800: 844174.450: [GC (Allocation Failure) [PSYoungGen: 508736K->7264K(513536K)] 953911K->457106K(1037824K), 0.0188303 secs] [Times: user=0.07 sys=0.00, real=0.02 secs] 
2021-05-24T04:04:13.969+0800: 844405.648: [GC (Allocation Failure) [PSYoungGen: 510560K->5696K(514048K)] 960402K->461629K(1038336K), 0.0233031 secs] [Times: user=0.03 sys=0.04, real=0.03 secs] 
2021-05-24T04:08:03.737+0800: 844635.416: [GC (Allocation Failure) [PSYoungGen: 509504K->9952K(514048K)] 965437K->469866K(1038336K), 0.0247727 secs] [Times: user=0.07 sys=0.00, real=0.02 secs] 
2021-05-24T04:11:56.018+0800: 844867.698: [GC (Allocation Failure) [PSYoungGen: 513760K->5152K(512000K)] 973674K->472850K(1036288K), 0.0235995 secs] [Times: user=0.03 sys=0.03, real=0.03 secs] 
2021-05-24T04:15:46.911+0800: 845098.591: [GC (Allocation Failure) [PSYoungGen: 506912K->7072K(513024K)] 974610K->478751K(1037312K), 0.0224709 secs] [Times: user=0.03 sys=0.03, real=0.03 secs] 
2021-05-24T04:19:40.036+0800: 845331.716: [GC (Allocation Failure) [PSYoungGen: 508832K->5152K(513536K)] 980511K->482409K(1037824K), 0.0246610 secs] [Times: user=0.03 sys=0.04, real=0.02 secs] 
2021-05-24T04:23:33.216+0800: 845564.895: [GC (Allocation Failure) [PSYoungGen: 507936K->3712K(513536K)] 985193K->484981K(1037824K), 0.0237433 secs] [Times: user=0.03 sys=0.03, real=0.02 secs] 
2021-05-24T04:27:25.422+0800: 845797.101: [GC (Allocation Failure) [PSYoungGen: 506496K->6528K(514048K)] 987765K->490499K(1038336K), 0.0201381 secs] [Times: user=0.03 sys=0.03, real=0.02 secs] 
2021-05-24T04:31:18.887+0800: 846030.567: [GC (Allocation Failure) [PSYoungGen: 509824K->6784K(513536K)] 993795K->495400K(1037824K), 0.0264662 secs] [Times: user=0.03 sys=0.03, real=0.03 secs] 
2021-05-24T04:35:07.328+0800: 846259.008: [GC (Allocation Failure) [PSYoungGen: 510080K->7616K(514048K)] 998696K->501531K(1038336K), 0.0220729 secs] [Times: user=0.04 sys=0.03, real=0.02 secs] 
2021-05-24T04:38:59.434+0800: 846491.114: [GC (Allocation Failure) [PSYoungGen: 511424K->9216K(513536K)] 1005339K->508903K(1037824K), 0.0201989 secs] [Times: user=0.03 sys=0.03, real=0.02 secs] 
2021-05-24T04:42:49.602+0800: 846721.281: [GC (Allocation Failure) [PSYoungGen: 513024K->8960K(512512K)] 1012711K->515681K(1036800K), 0.0478547 secs] [Times: user=0.04 sys=0.04, real=0.05 secs] 
2021-05-24T04:46:39.066+0800: 846950.746: [GC (Allocation Failure) [PSYoungGen: 510720K->8448K(510464K)] 1017441K->522211K(1034752K), 0.0242557 secs] [Times: user=0.04 sys=0.03, real=0.02 secs] 
2021-05-24T04:50:28.017+0800: 847179.697: [GC (Allocation Failure) [PSYoungGen: 510208K->7744K(513024K)] 1023971K->528308K(1037312K), 0.0211490 secs] [Times: user=0.03 sys=0.03, real=0.02 secs] 
2021-05-24T04:50:28.039+0800: 847179.718: [Full GC (Ergonomics) [PSYoungGen: 7744K->0K(513024K)] [ParOldGen: 520564K->293863K(524288K)] 528308K->293863K(1037312K), [Metaspace: 94362K->94362K(1136640K)], 0.4477256 secs] [Times: user=1.00 sys=0.00, real=0.45 secs] 
2021-05-24T04:54:16.943+0800: 847408.622: [GC (Allocation Failure) [PSYoungGen: 501248K->9024K(512512K)] 795111K->302887K(1036800K), 0.0167517 secs] [Times: user=0.02 sys=0.03, real=0.01 secs] 
2021-05-24T04:58:07.673+0800: 847639.353: [GC (Allocation Failure) [PSYoungGen: 510272K->10176K(511488K)] 804135K->311417K(1035776K), 0.0248215 secs] [Times: user=0.07 sys=0.00, real=0.02 secs] 
2021-05-24T05:01:59.438+0800: 847871.118: [GC (Allocation Failure) [PSYoungGen: 509888K->9024K(512000K)] 811129K->318737K(1036288K), 0.0221502 secs] [Times: user=0.04 sys=0.03, real=0.02 secs] 
2021-05-24T05:05:39.018+0800: 848090.698: [GC (Allocation Failure) [PSYoungGen: 508736K->6304K(512000K)] 818449K->324228K(1036288K), 0.0275696 secs] [Times: user=0.04 sys=0.03, real=0.03 secs] 
2021-05-24T05:09:25.347+0800: 848317.027: [GC (Allocation Failure) [PSYoungGen: 506016K->7424K(512000K)] 823940K->330428K(1036288K), 0.0299065 secs] [Times: user=0.08 sys=0.00, real=0.03 secs] 
2021-05-24T05:13:04.639+0800: 848536.319: [GC (Allocation Failure) [PSYoungGen: 507136K->4096K(512512K)] 830140K->333534K(1036800K), 0.0220895 secs] [Times: user=0.03 sys=0.03, real=0.02 secs] 
2021-05-24T05:16:46.669+0800: 848758.349: [GC (Allocation Failure) [PSYoungGen: 504832K->3936K(504832K)] 834270K->336203K(1029120K), 0.0208471 secs] [Times: user=0.03 sys=0.03, real=0.02 secs] 
2021-05-24T05:20:29.984+0800: 848981.664: [GC (Allocation Failure) [PSYoungGen: 504672K->3552K(512000K)] 836939K->338728K(1036288K), 0.0208499 secs] [Times: user=0.03 sys=0.03, real=0.02 secs] 
2021-05-24T05:24:10.431+0800: 849202.110: [GC (Allocation Failure) [PSYoungGen: 503264K->4448K(512000K)] 838440K->342079K(1036288K), 0.0236688 secs] [Times: user=0.03 sys=0.03, real=0.03 secs] 
2021-05-24T05:27:55.671+0800: 849427.351: [GC (Allocation Failure) [PSYoungGen: 504160K->4128K(512512K)] 841791K->345155K(1036800K), 0.0305494 secs] [Times: user=0.03 sys=0.04, real=0.04 secs] 
2021-05-24T05:31:36.034+0800: 849647.713: [GC (Allocation Failure) [PSYoungGen: 504864K->3648K(512512K)] 845891K->347233K(1036800K), 0.0200229 secs] [Times: user=0.03 sys=0.03, real=0.02 secs] 
2021-05-24T05:35:21.219+0800: 849872.899: [GC (Allocation Failure) [PSYoungGen: 504384K->4704K(513024K)] 847969K->350910K(1037312K), 0.0216981 secs] [Times: user=0.03 sys=0.04, real=0.02 secs] 
2021-05-24T05:39:06.566+0800: 850098.246: [GC (Allocation Failure) [PSYoungGen: 505952K->3136K(512512K)] 852158K->352983K(1036800K), 0.0192815 secs] [Times: user=0.03 sys=0.04, real=0.02 secs] 
2021-05-24T05:42:47.622+0800: 850319.302: [GC (Allocation Failure) [PSYoungGen: 504384K->4960K(513536K)] 854231K->356703K(1037824K), 0.0186845 secs] [Times: user=0.06 sys=0.00, real=0.01 secs] 
2021-05-24T05:46:31.433+0800: 850543.113: [GC (Allocation Failure) [PSYoungGen: 507232K->8320K(513024K)] 858975K->363605K(1037312K), 0.0205565 secs] [Times: user=0.03 sys=0.03, real=0.02 secs] 
2021-05-24T05:50:13.588+0800: 850765.267: [GC (Allocation Failure) [PSYoungGen: 510592K->5248K(513536K)] 865877K->367734K(1037824K), 0.0221579 secs] [Times: user=0.04 sys=0.03, real=0.02 secs] 
2021-05-24T05:53:57.783+0800: 850989.463: [GC (Allocation Failure) [PSYoungGen: 507520K->3904K(513024K)] 870006K->370745K(1037312K), 0.0173890 secs] [Times: user=0.03 sys=0.03, real=0.01 secs] 
2021-05-24T05:57:44.114+0800: 851215.794: [GC (Allocation Failure) [PSYoungGen: 506176K->3232K(513536K)] 873017K->372751K(1037824K), 0.0246629 secs] [Times: user=0.02 sys=0.03, real=0.02 secs] 
2021-05-24T06:01:29.859+0800: 851441.539: [GC (Allocation Failure) [PSYoungGen: 506016K->3296K(513536K)] 875535K->374981K(1037824K), 0.0518720 secs] [Times: user=0.03 sys=0.04, real=0.05 secs] 
2021-05-24T06:05:14.683+0800: 851666.363: [GC (Allocation Failure) [PSYoungGen: 506080K->3904K(514048K)] 877765K->377779K(1038336K), 0.0224451 secs] [Times: user=0.02 sys=0.03, real=0.02 secs] 
2021-05-24T06:08:57.375+0800: 851889.055: [GC (Allocation Failure) [PSYoungGen: 507712K->4928K(514048K)] 881587K->381337K(1038336K), 0.0206164 secs] [Times: user=0.03 sys=0.03, real=0.02 secs] 
2021-05-24T06:12:44.160+0800: 852115.839: [GC (Allocation Failure) [PSYoungGen: 508736K->6336K(514560K)] 885145K->386446K(1038848K), 0.0229933 secs] [Times: user=0.03 sys=0.03, real=0.03 secs] 
2021-05-24T06:16:30.651+0800: 852342.331: [GC (Allocation Failure) [PSYoungGen: 511168K->3072K(514560K)] 891278K->388511K(1038848K), 0.0175050 secs] [Times: user=0.03 sys=0.04, real=0.02 secs] 
2021-05-24T06:20:20.243+0800: 852571.923: [GC (Allocation Failure) [PSYoungGen: 507904K->2720K(514560K)] 893343K->390078K(1038848K), 0.0368949 secs] [Times: user=0.03 sys=0.02, real=0.03 secs] 
2021-05-24T06:24:05.287+0800: 852796.967: [GC (Allocation Failure) [PSYoungGen: 507552K->3232K(514560K)] 894910K->392085K(1038848K), 0.0353937 secs] [Times: user=0.02 sys=0.02, real=0.04 secs] 
2021-05-24T06:27:50.275+0800: 853021.955: [GC (Allocation Failure) [PSYoungGen: 508064K->4608K(515584K)] 896917K->395612K(1039872K), 0.0213549 secs] [Times: user=0.03 sys=0.04, real=0.02 secs] 
2021-05-24T06:31:32.069+0800: 853243.748: [GC (Allocation Failure) [PSYoungGen: 510976K->6752K(515072K)] 901980K->401146K(1039360K), 0.0205591 secs] [Times: user=0.02 sys=0.03, real=0.02 secs] 
2021-05-24T06:35:15.446+0800: 853467.126: [GC (Allocation Failure) [PSYoungGen: 513120K->9216K(505856K)] 907514K->412344K(1030144K), 0.0557884 secs] [Times: user=0.03 sys=0.03, real=0.06 secs] 
2021-05-24T06:38:52.684+0800: 853684.363: [GC (Allocation Failure) [PSYoungGen: 505856K->8224K(510464K)] 908984K->420433K(1034752K), 0.0204525 secs] [Times: user=0.03 sys=0.03, real=0.02 secs] 
2021-05-24T06:42:35.635+0800: 853907.315: [GC (Allocation Failure) [PSYoungGen: 504864K->7520K(510976K)] 917073K->426674K(1035264K), 0.0218073 secs] [Times: user=0.04 sys=0.04, real=0.02 secs] 
2021-05-24T06:46:16.725+0800: 854128.404: [GC (Allocation Failure) [PSYoungGen: 504672K->10816K(508416K)] 923826K->435709K(1032704K), 0.0262290 secs] [Times: user=0.03 sys=0.04, real=0.02 secs] 
2021-05-24T06:49:54.982+0800: 854346.662: [GC (Allocation Failure) [PSYoungGen: 507968K->7552K(510464K)] 932861K->440095K(1034752K), 0.0209095 secs] [Times: user=0.04 sys=0.04, real=0.03 secs] 
2021-05-24T06:53:35.849+0800: 854567.529: [GC (Allocation Failure) [PSYoungGen: 503680K->7136K(509952K)] 936223K->445586K(1034240K), 0.0203442 secs] [Times: user=0.03 sys=0.03, real=0.02 secs] 
2021-05-24T06:57:17.768+0800: 854789.448: [GC (Allocation Failure) [PSYoungGen: 503264K->7378K(511488K)] 941714K->451018K(1035776K), 0.0238794 secs] [Times: user=0.06 sys=0.00, real=0.03 secs] 
2021-05-24T07:00:58.572+0800: 855010.251: [GC (Allocation Failure) [PSYoungGen: 505554K->6464K(510976K)] 949194K->456588K(1035264K), 0.0203159 secs] [Times: user=0.03 sys=0.03, real=0.03 secs] 
2021-05-24T07:04:38.992+0800: 855230.672: [GC (Allocation Failure) [PSYoungGen: 504640K->8192K(512000K)] 954764K->463647K(1036288K), 0.0209649 secs] [Times: user=0.03 sys=0.03, real=0.03 secs] 
2021-05-24T07:08:21.005+0800: 855452.685: [GC (Allocation Failure) [PSYoungGen: 507904K->8928K(508928K)] 963359K->470521K(1033216K), 0.0217899 secs] [Times: user=0.03 sys=0.03, real=0.02 secs] 
2021-05-24T07:12:03.916+0800: 855675.596: [GC (Allocation Failure) [PSYoungGen: 508640K->8608K(511488K)] 970233K->476595K(1035776K), 0.0207076 secs] [Times: user=0.03 sys=0.03, real=0.02 secs] 
2021-05-24T07:15:45.364+0800: 855897.044: [GC (Allocation Failure) [PSYoungGen: 507296K->6016K(511488K)] 975283K->480829K(1035776K), 0.0195026 secs] [Times: user=0.03 sys=0.04, real=0.02 secs] 
2021-05-24T07:19:28.490+0800: 856120.169: [GC (Allocation Failure) [PSYoungGen: 504704K->7232K(512512K)] 979517K->486801K(1036800K), 0.0242268 secs] [Times: user=0.03 sys=0.04, real=0.03 secs] 
2021-05-24T07:23:14.774+0800: 856346.453: [GC (Allocation Failure) [PSYoungGen: 507456K->3232K(512000K)] 987025K->488642K(1036288K), 0.0181130 secs] [Times: user=0.02 sys=0.03, real=0.02 secs] 
2021-05-24T07:26:56.642+0800: 856568.322: [GC (Allocation Failure) [PSYoungGen: 503456K->4448K(512512K)] 988866K->491984K(1036800K), 0.0212507 secs] [Times: user=0.03 sys=0.03, real=0.02 secs] 
2021-05-24T07:30:40.202+0800: 856791.881: [GC (Allocation Failure) [PSYoungGen: 504672K->3424K(512000K)] 992208K->494373K(1036288K), 0.0199890 secs] [Times: user=0.03 sys=0.03, real=0.02 secs] 
2021-05-24T07:34:22.740+0800: 857014.420: [GC (Allocation Failure) [PSYoungGen: 503648K->6208K(513024K)] 994597K->499276K(1037312K), 0.0178920 secs] [Times: user=0.03 sys=0.03, real=0.02 secs] 
2021-05-24T07:38:07.808+0800: 857239.487: [GC (Allocation Failure) [PSYoungGen: 507455K->5792K(512512K)] 1000524K->503976K(1036800K), 0.0250407 secs] [Times: user=0.03 sys=0.03, real=0.03 secs] 
2021-05-24T07:41:51.676+0800: 857463.356: [GC (Allocation Failure) [PSYoungGen: 507040K->2720K(513024K)] 1005224K->505651K(1037312K), 0.0166079 secs] [Times: user=0.02 sys=0.02, real=0.02 secs] 
2021-05-24T07:45:36.932+0800: 857688.612: [GC (Allocation Failure) [PSYoungGen: 504480K->2336K(513024K)] 1007411K->506731K(1037312K), 0.0252259 secs] [Times: user=0.07 sys=0.00, real=0.03 secs] 
2021-05-24T07:49:20.265+0800: 857911.945: [GC (Allocation Failure) [PSYoungGen: 504096K->2368K(513024K)] 1008491K->507930K(1037312K), 0.0176221 secs] [Times: user=0.02 sys=0.03, real=0.02 secs] 
2021-05-24T07:53:07.839+0800: 858139.519: [GC (Allocation Failure) [PSYoungGen: 504128K->3776K(513024K)] 1009690K->510490K(1037312K), 0.0193706 secs] [Times: user=0.03 sys=0.03, real=0.02 secs] 
2021-05-24T07:56:54.703+0800: 858366.383: [GC (Allocation Failure) [PSYoungGen: 505536K->2368K(513536K)] 1012250K->511744K(1037824K), 0.0473379 secs] [Times: user=0.04 sys=0.04, real=0.04 secs] 
2021-05-24T08:00:40.177+0800: 858591.857: [GC (Allocation Failure) [PSYoungGen: 505152K->2624K(513536K)] 1014528K->513192K(1037824K), 0.0197991 secs] [Times: user=0.03 sys=0.03, real=0.02 secs] 
2021-05-24T08:04:24.988+0800: 858816.668: [GC (Allocation Failure) [PSYoungGen: 505408K->3296K(514048K)] 1015976K->515311K(1038336K), 0.0179322 secs] [Times: user=0.03 sys=0.03, real=0.02 secs] 
2021-05-24T08:08:09.530+0800: 859041.210: [GC (Allocation Failure) [PSYoungGen: 506592K->3616K(513536K)] 1018607K->517766K(1037824K), 0.0174347 secs] [Times: user=0.03 sys=0.03, real=0.02 secs] 
2021-05-24T08:11:55.532+0800: 859267.211: [GC (Allocation Failure) [PSYoungGen: 506912K->4096K(515072K)] 1021062K->520588K(1039360K), 0.0170501 secs] [Times: user=0.03 sys=0.02, real=0.02 secs] 
2021-05-24T08:15:40.278+0800: 859491.957: [GC (Allocation Failure) [PSYoungGen: 509440K->3616K(514560K)] 1025932K->523169K(1038848K), 0.0188007 secs] [Times: user=0.03 sys=0.03, real=0.02 secs] 
2021-05-24T08:15:40.297+0800: 859491.977: [Full GC (Ergonomics) [PSYoungGen: 3616K->0K(514560K)] [ParOldGen: 519553K->268639K(524288K)] 523169K->268639K(1038848K), [Metaspace: 94376K->94376K(1136640K)], 0.4143131 secs] [Times: user=0.93 sys=0.00, real=0.41 secs] 
2021-05-24T08:19:27.164+0800: 859718.843: [GC (Allocation Failure) [PSYoungGen: 505344K->4032K(515584K)] 773983K->272671K(1039872K), 0.0217553 secs] [Times: user=0.03 sys=0.03, real=0.02 secs] 
2021-05-24T08:23:12.200+0800: 859943.879: [GC (Allocation Failure) [PSYoungGen: 510400K->6112K(515072K)] 779039K->277749K(1039360K), 0.0216567 secs] [Times: user=0.03 sys=0.03, real=0.02 secs] 
2021-05-24T08:27:00.180+0800: 860171.860: [GC (Allocation Failure) [PSYoungGen: 512480K->3968K(515584K)] 784117K->280754K(1039872K), 0.0201805 secs] [Times: user=0.03 sys=0.02, real=0.02 secs] 
2021-05-24T08:30:50.583+0800: 860402.262: [GC (Allocation Failure) [PSYoungGen: 510848K->6112K(515584K)] 787634K->285808K(1039872K), 0.0179101 secs] [Times: user=0.03 sys=0.03, real=0.01 secs] 
2021-05-24T08:34:31.159+0800: 860622.838: [GC (Allocation Failure) [PSYoungGen: 512992K->6208K(514560K)] 792688K->290515K(1038848K), 0.0199888 secs] [Times: user=0.03 sys=0.04, real=0.02 secs] 
2021-05-24T08:38:19.100+0800: 860850.780: [GC (Allocation Failure) [PSYoungGen: 512064K->3168K(515072K)] 796371K->292630K(1039360K), 0.0181004 secs] [Times: user=0.02 sys=0.03, real=0.02 secs] 
2021-05-24T08:42:06.878+0800: 861078.558: [GC (Allocation Failure) [PSYoungGen: 509024K->3136K(515584K)] 798486K->294701K(1039872K), 0.0168603 secs] [Times: user=0.03 sys=0.03, real=0.02 secs] 
2021-05-24T08:45:53.948+0800: 861305.628: [GC (Allocation Failure) [PSYoungGen: 510016K->3712K(515584K)] 801581K->297219K(1039872K), 0.0185330 secs] [Times: user=0.03 sys=0.03, real=0.02 secs] 
2021-05-24T08:49:39.831+0800: 861531.511: [GC (Allocation Failure) [PSYoungGen: 510592K->5312K(516096K)] 804099K->301490K(1040384K), 0.0184264 secs] [Times: user=0.03 sys=0.03, real=0.02 secs] 
2021-05-24T08:53:28.138+0800: 861759.818: [GC (Allocation Failure) [PSYoungGen: 513216K->3584K(516096K)] 809394K->303630K(1040384K), 0.0206330 secs] [Times: user=0.03 sys=0.03, real=0.02 secs] 
2021-05-24T08:57:13.429+0800: 861985.109: [GC (Allocation Failure) [PSYoungGen: 511488K->7552K(514048K)] 811534K->309828K(1038336K), 0.0188358 secs] [Times: user=0.03 sys=0.03, real=0.02 secs] 
2021-05-24T09:01:02.711+0800: 862214.391: [GC (Allocation Failure) [PSYoungGen: 513408K->3136K(515072K)] 815684K->312157K(1039360K), 0.0631144 secs] [Times: user=0.03 sys=0.03, real=0.07 secs] 
2021-05-24T09:04:48.752+0800: 862440.432: [GC (Allocation Failure) [PSYoungGen: 508992K->5024K(515584K)] 818013K->316036K(1039872K), 0.0388855 secs] [Times: user=0.02 sys=0.02, real=0.04 secs] 
2021-05-24T09:08:34.268+0800: 862665.948: [GC (Allocation Failure) [PSYoungGen: 511904K->6656K(514048K)] 822916K->321480K(1038336K), 0.0170795 secs] [Times: user=0.02 sys=0.03, real=0.02 secs] 
2021-05-24T09:12:21.783+0800: 862893.463: [GC (Allocation Failure) [PSYoungGen: 513536K->3232K(515584K)] 828360K->323825K(1039872K), 0.0191126 secs] [Times: user=0.03 sys=0.03, real=0.02 secs] 
2021-05-24T09:16:08.002+0800: 863119.681: [GC (Allocation Failure) [PSYoungGen: 509600K->5280K(515072K)] 830193K->327999K(1039360K), 0.0194312 secs] [Times: user=0.03 sys=0.03, real=0.02 secs] 
2021-05-24T09:19:53.218+0800: 863344.898: [GC (Allocation Failure) [PSYoungGen: 511648K->4384K(516096K)] 834367K->330979K(1040384K), 0.0173364 secs] [Times: user=0.06 sys=0.00, real=0.02 secs] 
2021-05-24T09:23:38.257+0800: 863569.937: [GC (Allocation Failure) [PSYoungGen: 511776K->3072K(515584K)] 838371K->333088K(1039872K), 0.0199189 secs] [Times: user=0.03 sys=0.03, real=0.02 secs] 
2021-05-24T09:27:26.868+0800: 863798.547: [GC (Allocation Failure) [PSYoungGen: 510464K->3744K(516096K)] 840480K->335711K(1040384K), 0.0204348 secs] [Times: user=0.03 sys=0.03, real=0.02 secs] 
2021-05-24T09:31:13.335+0800: 864025.014: [GC (Allocation Failure) [PSYoungGen: 511648K->5632K(516096K)] 843615K->340069K(1040384K), 0.0485120 secs] [Times: user=0.07 sys=0.00, real=0.05 secs] 
2021-05-24T09:35:02.569+0800: 864254.248: [GC (Allocation Failure) [PSYoungGen: 513536K->5536K(516096K)] 847973K->344576K(1040384K), 0.0182426 secs] [Times: user=0.03 sys=0.03, real=0.02 secs] 
2021-05-24T09:38:48.312+0800: 864479.992: [GC (Allocation Failure) [PSYoungGen: 513440K->5248K(516096K)] 852480K->348732K(1040384K), 0.0253947 secs] [Times: user=0.05 sys=0.00, real=0.02 secs] 
2021-05-24T09:42:36.861+0800: 864708.540: [GC (Allocation Failure) [PSYoungGen: 513152K->3328K(516096K)] 856636K->351096K(1040384K), 0.0190576 secs] [Times: user=0.02 sys=0.03, real=0.02 secs] 
2021-05-24T09:46:21.337+0800: 864933.017: [GC (Allocation Failure) [PSYoungGen: 511232K->2848K(516096K)] 859000K->352782K(1040384K), 0.0182567 secs] [Times: user=0.03 sys=0.03, real=0.02 secs] 
2021-05-24T09:50:06.543+0800: 865158.223: [GC (Allocation Failure) [PSYoungGen: 510752K->4544K(516608K)] 860686K->356150K(1040896K), 0.0183154 secs] [Times: user=0.03 sys=0.03, real=0.01 secs] 
2021-05-24T09:53:53.099+0800: 865384.779: [GC (Allocation Failure) [PSYoungGen: 512960K->3488K(516096K)] 864566K->358211K(1040384K), 0.0194169 secs] [Times: user=0.03 sys=0.03, real=0.02 secs] 
2021-05-24T09:57:41.292+0800: 865612.971: [GC (Allocation Failure) [PSYoungGen: 511904K->5472K(516608K)] 866627K->362394K(1040896K), 0.0184702 secs] [Times: user=0.04 sys=0.03, real=0.02 secs] 
2021-05-24T10:01:28.879+0800: 865840.558: [GC (Allocation Failure) [PSYoungGen: 514400K->2848K(516608K)] 871322K->364333K(1040896K), 0.0186325 secs] [Times: user=0.05 sys=0.00, real=0.02 secs] 
2021-05-24T10:05:17.563+0800: 866069.243: [GC (Allocation Failure) [PSYoungGen: 511776K->3328K(516608K)] 873261K->366501K(1040896K), 0.0190044 secs] [Times: user=0.03 sys=0.02, real=0.02 secs] 
2021-05-24T10:09:04.124+0800: 866295.803: [GC (Allocation Failure) [PSYoungGen: 512256K->4704K(516608K)] 875429K->369891K(1040896K), 0.0159177 secs] [Times: user=0.02 sys=0.03, real=0.01 secs] 
2021-05-24T10:12:53.760+0800: 866525.439: [GC (Allocation Failure) [PSYoungGen: 513632K->4320K(517120K)] 878819K->372992K(1041408K), 0.0181935 secs] [Times: user=0.03 sys=0.02, real=0.02 secs] 
2021-05-24T10:16:43.152+0800: 866754.832: [GC (Allocation Failure) [PSYoungGen: 514272K->2272K(517120K)] 882944K->374308K(1041408K), 0.0178905 secs] [Times: user=0.06 sys=0.00, real=0.02 secs] 
2021-05-24T10:20:28.860+0800: 866980.540: [GC (Allocation Failure) [PSYoungGen: 512224K->4832K(517120K)] 884260K->378028K(1041408K), 0.0244933 secs] [Times: user=0.08 sys=0.00, real=0.03 secs] 
2021-05-24T10:24:18.791+0800: 867210.470: [GC (Allocation Failure) [PSYoungGen: 514784K->2432K(517120K)] 887980K->379512K(1041408K), 0.0716671 secs] [Times: user=0.03 sys=0.04, real=0.08 secs] 
2021-05-24T10:28:05.628+0800: 867437.308: [GC (Allocation Failure) [PSYoungGen: 512384K->3552K(517120K)] 889464K->381840K(1041408K), 0.0212132 secs] [Times: user=0.03 sys=0.03, real=0.02 secs] 
2021-05-24T10:31:52.277+0800: 867663.957: [GC (Allocation Failure) [PSYoungGen: 513504K->4096K(517120K)] 891792K->384814K(1041408K), 0.0245785 secs] [Times: user=0.03 sys=0.03, real=0.02 secs] 
2021-05-24T10:35:39.068+0800: 867890.747: [GC (Allocation Failure) [PSYoungGen: 514048K->6144K(516608K)] 894766K->389979K(1040896K), 0.0782986 secs] [Times: user=0.04 sys=0.05, real=0.08 secs] 
2021-05-24T10:39:24.120+0800: 868115.799: [GC (Allocation Failure) [PSYoungGen: 516096K->7136K(517120K)] 899931K->395399K(1041408K), 0.0199025 secs] [Times: user=0.03 sys=0.03, real=0.02 secs] 
2021-05-24T10:43:11.893+0800: 868343.572: [GC (Allocation Failure) [PSYoungGen: 517088K->5664K(512000K)] 905351K->399696K(1036288K), 0.0256260 secs] [Times: user=0.03 sys=0.04, real=0.02 secs] 
2021-05-24T10:46:57.218+0800: 868568.898: [GC (Allocation Failure) [PSYoungGen: 510496K->5600K(514560K)] 904528K->404173K(1038848K), 0.0321975 secs] [Times: user=0.04 sys=0.04, real=0.03 secs] 
2021-05-24T10:50:42.556+0800: 868794.236: [GC (Allocation Failure) [PSYoungGen: 510432K->3296K(515072K)] 909005K->406417K(1039360K), 0.0224801 secs] [Times: user=0.03 sys=0.03, real=0.02 secs] 
2021-05-24T10:54:27.813+0800: 869019.493: [GC (Allocation Failure) [PSYoungGen: 509152K->4000K(515072K)] 912273K->409280K(1039360K), 0.0217973 secs] [Times: user=0.03 sys=0.04, real=0.02 secs] 
2021-05-24T10:58:10.654+0800: 869242.333: [GC (Allocation Failure) [PSYoungGen: 509856K->7200K(514048K)] 915136K->415398K(1038336K), 0.0199245 secs] [Times: user=0.04 sys=0.03, real=0.02 secs] 
2021-05-24T11:01:57.584+0800: 869469.263: [GC (Allocation Failure) [PSYoungGen: 512032K->5824K(514560K)] 920230K->419984K(1038848K), 0.0262627 secs] [Times: user=0.04 sys=0.04, real=0.02 secs] 
2021-05-24T11:05:44.251+0800: 869695.930: [GC (Allocation Failure) [PSYoungGen: 510656K->2272K(515072K)] 924816K->421163K(1039360K), 0.0214464 secs] [Times: user=0.03 sys=0.04, real=0.03 secs] 
2021-05-24T11:09:31.048+0800: 869922.728: [GC (Allocation Failure) [PSYoungGen: 508128K->4352K(515072K)] 927019K->424266K(1039360K), 0.0229289 secs] [Times: user=0.03 sys=0.04, real=0.02 secs] 
2021-05-24T11:13:16.603+0800: 870148.283: [GC (Allocation Failure) [PSYoungGen: 510208K->2368K(515072K)] 930122K->425383K(1039360K), 0.0290841 secs] [Times: user=0.03 sys=0.03, real=0.03 secs] 
2021-05-24T11:17:01.410+0800: 870373.090: [GC (Allocation Failure) [PSYoungGen: 508224K->5312K(515072K)] 931239K->429503K(1039360K), 0.0288016 secs] [Times: user=0.04 sys=0.04, real=0.03 secs] 
2021-05-24T11:20:47.912+0800: 870599.591: [GC (Allocation Failure) [PSYoungGen: 511168K->2656K(515584K)] 935359K->431186K(1039872K), 0.0211073 secs] [Times: user=0.03 sys=0.03, real=0.03 secs] 
2021-05-24T11:24:35.806+0800: 870827.486: [GC (Allocation Failure) [PSYoungGen: 509024K->4832K(515072K)] 937554K->434842K(1039360K), 0.0227481 secs] [Times: user=0.04 sys=0.04, real=0.02 secs] 
2021-05-24T11:28:20.806+0800: 871052.485: [GC (Allocation Failure) [PSYoungGen: 511200K->4992K(516096K)] 941210K->438623K(1040384K), 0.0214217 secs] [Times: user=0.03 sys=0.03, real=0.02 secs] 
2021-05-24T11:32:09.911+0800: 871281.591: [GC (Allocation Failure) [PSYoungGen: 512384K->2464K(515584K)] 946015K->440243K(1039872K), 0.0248282 secs] [Times: user=0.06 sys=0.00, real=0.03 secs] 
2021-05-24T11:35:56.410+0800: 871508.090: [GC (Allocation Failure) [PSYoungGen: 509856K->3936K(516096K)] 947635K->442963K(1040384K), 0.0198933 secs] [Times: user=0.03 sys=0.03, real=0.02 secs] 
2021-05-24T11:39:43.942+0800: 871735.621: [GC (Allocation Failure) [PSYoungGen: 511840K->3104K(516096K)] 950867K->445009K(1040384K), 0.0250460 secs] [Times: user=0.03 sys=0.04, real=0.03 secs] 
2021-05-24T11:43:32.132+0800: 871963.812: [GC (Allocation Failure) [PSYoungGen: 511008K->4224K(516608K)] 952913K->448071K(1040896K), 0.0195904 secs] [Times: user=0.03 sys=0.03, real=0.02 secs] 
2021-05-24T11:46:41.142+0800: 872152.822: [GC (Allocation Failure) [PSYoungGen: 513152K->3569K(516608K)] 956999K->450558K(1040896K), 0.0204313 secs] [Times: user=0.06 sys=0.00, real=0.02 secs] 
2021-05-24T11:49:27.481+0800: 872319.161: [GC (Allocation Failure) [PSYoungGen: 512497K->4512K(517120K)] 959486K->454070K(1041408K), 0.0239697 secs] [Times: user=0.03 sys=0.02, real=0.03 secs] 
2021-05-24T11:52:13.540+0800: 872485.219: [GC (Allocation Failure) [PSYoungGen: 514464K->3328K(517120K)] 964022K->456570K(1041408K), 0.0220953 secs] [Times: user=0.04 sys=0.03, real=0.02 secs] 
2021-05-24T11:55:11.942+0800: 872663.622: [GC (Allocation Failure) [PSYoungGen: 513280K->2912K(517120K)] 966522K->458568K(1041408K), 0.0235294 secs] [Times: user=0.03 sys=0.03, real=0.02 secs] 
2021-05-24T11:59:00.407+0800: 872892.087: [GC (Allocation Failure) [PSYoungGen: 512864K->5888K(516096K)] 968520K->462995K(1040384K), 0.0226563 secs] [Times: user=0.03 sys=0.04, real=0.02 secs] 
2021-05-24T12:02:46.860+0800: 873118.540: [GC (Allocation Failure) [PSYoungGen: 515840K->2560K(517120K)] 972947K->464709K(1041408K), 0.0227017 secs] [Times: user=0.03 sys=0.04, real=0.03 secs] 
2021-05-24T12:06:31.153+0800: 873342.833: [GC (Allocation Failure) [PSYoungGen: 512000K->5600K(516608K)] 974149K->468893K(1040896K), 0.0218544 secs] [Times: user=0.03 sys=0.04, real=0.02 secs] 
2021-05-24T12:10:19.348+0800: 873571.027: [GC (Allocation Failure) [PSYoungGen: 515040K->3968K(517120K)] 978333K->471721K(1041408K), 0.0216075 secs] [Times: user=0.06 sys=0.00, real=0.02 secs] 
2021-05-24T12:14:06.736+0800: 873798.415: [GC (Allocation Failure) [PSYoungGen: 513408K->2400K(516608K)] 981161K->472887K(1040896K), 0.0220837 secs] [Times: user=0.03 sys=0.03, real=0.02 secs] 
2021-05-24T12:17:52.877+0800: 874024.557: [GC (Allocation Failure) [PSYoungGen: 511840K->4160K(517120K)] 982327K->475855K(1041408K), 0.0231870 secs] [Times: user=0.03 sys=0.03, real=0.02 secs] 
2021-05-24T12:21:40.268+0800: 874251.948: [GC (Allocation Failure) [PSYoungGen: 514112K->5984K(516096K)] 985807K->480820K(1040384K), 0.0219442 secs] [Times: user=0.04 sys=0.03, real=0.02 secs] 
2021-05-24T12:25:27.172+0800: 874478.852: [GC (Allocation Failure) [PSYoungGen: 515936K->3040K(516608K)] 990772K->482543K(1040896K), 0.0235565 secs] [Times: user=0.03 sys=0.03, real=0.02 secs] 
2021-05-24T12:29:13.450+0800: 874705.130: [GC (Allocation Failure) [PSYoungGen: 511968K->3520K(516608K)] 991471K->484934K(1040896K), 0.0187589 secs] [Times: user=0.02 sys=0.03, real=0.02 secs] 
2021-05-24T12:33:01.296+0800: 874932.976: [GC (Allocation Failure) [PSYoungGen: 512448K->2752K(517120K)] 993862K->486316K(1041408K), 0.0207230 secs] [Times: user=0.03 sys=0.03, real=0.02 secs] 
2021-05-24T12:36:50.034+0800: 875161.714: [GC (Allocation Failure) [PSYoungGen: 512704K->2400K(517120K)] 996268K->487492K(1041408K), 0.0197798 secs] [Times: user=0.03 sys=0.03, real=0.02 secs] 
2021-05-24T12:40:35.803+0800: 875387.482: [GC (Allocation Failure) [PSYoungGen: 512352K->2976K(517120K)] 997444K->489220K(1041408K), 0.0574792 secs] [Times: user=0.02 sys=0.02, real=0.05 secs] 
2021-05-24T12:44:20.948+0800: 875612.627: [GC (Allocation Failure) [PSYoungGen: 512928K->5088K(517120K)] 999172K->493083K(1041408K), 0.0197450 secs] [Times: user=0.02 sys=0.02, real=0.02 secs] 
2021-05-24T12:48:10.044+0800: 875841.724: [GC (Allocation Failure) [PSYoungGen: 515040K->3360K(517120K)] 1003035K->495430K(1041408K), 0.0197659 secs] [Times: user=0.03 sys=0.04, real=0.02 secs] 
2021-05-24T12:51:58.592+0800: 876070.272: [GC (Allocation Failure) [PSYoungGen: 513312K->3904K(517120K)] 1005382K->498181K(1041408K), 0.0212030 secs] [Times: user=0.03 sys=0.03, real=0.02 secs] 
2021-05-24T12:55:45.646+0800: 876297.326: [GC (Allocation Failure) [PSYoungGen: 513856K->3488K(517632K)] 1008133K->500667K(1041920K), 0.0184007 secs] [Times: user=0.04 sys=0.03, real=0.02 secs] 
2021-05-24T12:59:33.514+0800: 876525.194: [GC (Allocation Failure) [PSYoungGen: 514464K->2898K(517632K)] 1011643K->502475K(1041920K), 0.0173876 secs] [Times: user=0.03 sys=0.04, real=0.01 secs] 
2021-05-24T13:03:23.469+0800: 876755.149: [GC (Allocation Failure) [PSYoungGen: 513874K->4000K(518144K)] 1013451K->505323K(1042432K), 0.0199314 secs] [Times: user=0.03 sys=0.03, real=0.02 secs] 
2021-05-24T13:07:10.502+0800: 876982.181: [GC (Allocation Failure) [PSYoungGen: 516000K->4480K(518144K)] 1017323K->508544K(1042432K), 0.0200646 secs] [Times: user=0.03 sys=0.03, real=0.02 secs] 
2021-05-24T13:10:59.384+0800: 877211.063: [GC (Allocation Failure) [PSYoungGen: 516480K->4928K(517120K)] 1020544K->512238K(1041408K), 0.0192408 secs] [Times: user=0.02 sys=0.04, real=0.02 secs] 
2021-05-24T13:14:44.680+0800: 877436.360: [GC (Allocation Failure) [PSYoungGen: 515904K->4608K(517632K)] 1023214K->515850K(1041920K), 0.0204896 secs] [Times: user=0.04 sys=0.03, real=0.02 secs] 
2021-05-24T13:18:33.413+0800: 877665.093: [GC (Allocation Failure) [PSYoungGen: 515584K->4672K(517632K)] 1026826K->519519K(1041920K), 0.0203529 secs] [Times: user=0.03 sys=0.03, real=0.02 secs] 
2021-05-24T13:22:20.434+0800: 877892.114: [GC (Allocation Failure) [PSYoungGen: 515648K->4928K(517632K)] 1030495K->523411K(1041920K), 0.0221421 secs] [Times: user=0.03 sys=0.04, real=0.02 secs] 
2021-05-24T13:26:08.912+0800: 878120.592: [GC (Allocation Failure) [PSYoungGen: 515904K->3040K(517632K)] 1034387K->525439K(1041920K), 0.0193669 secs] [Times: user=0.03 sys=0.03, real=0.01 secs] 
2021-05-24T13:26:08.932+0800: 878120.612: [Full GC (Ergonomics) [PSYoungGen: 3040K->0K(517632K)] [ParOldGen: 522399K->269164K(524288K)] 525439K->269164K(1041920K), [Metaspace: 94443K->94443K(1136640K)], 0.4679300 secs] [Times: user=1.06 sys=0.00, real=0.46 secs] 
2021-05-24T13:29:58.827+0800: 878350.506: [GC (Allocation Failure) [PSYoungGen: 510976K->4000K(517632K)] 780140K->273164K(1041920K), 0.0218861 secs] [Times: user=0.04 sys=0.04, real=0.02 secs] 
2021-05-24T13:33:46.397+0800: 878578.077: [GC (Allocation Failure) [PSYoungGen: 514976K->4736K(517120K)] 784140K->276802K(1041408K), 0.0223587 secs] [Times: user=0.07 sys=0.00, real=0.02 secs] 
2021-05-24T13:37:32.565+0800: 878804.245: [GC (Allocation Failure) [PSYoungGen: 515712K->4384K(517632K)] 787778K->280135K(1041920K), 0.0311269 secs] [Times: user=0.04 sys=0.05, real=0.03 secs] 
2021-05-24T13:41:18.015+0800: 879029.695: [GC (Allocation Failure) [PSYoungGen: 515360K->5184K(517120K)] 791111K->284293K(1041408K), 0.0191409 secs] [Times: user=0.03 sys=0.03, real=0.02 secs] 
2021-05-24T13:45:07.432+0800: 879259.112: [GC (Allocation Failure) [PSYoungGen: 516160K->3520K(517632K)] 795269K->286762K(1041920K), 0.0192700 secs] [Times: user=0.06 sys=0.00, real=0.01 secs] 
2021-05-24T13:48:56.709+0800: 879488.388: [GC (Allocation Failure) [PSYoungGen: 514496K->5024K(517632K)] 797738K->290672K(1041920K), 0.0254326 secs] [Times: user=0.04 sys=0.03, real=0.03 secs] 
2021-05-24T13:52:45.282+0800: 879716.962: [GC (Allocation Failure) [PSYoungGen: 516000K->3136K(517632K)] 801648K->292621K(1041920K), 0.0195038 secs] [Times: user=0.03 sys=0.03, real=0.02 secs] 
2021-05-24T13:56:32.884+0800: 879944.564: [GC (Allocation Failure) [PSYoungGen: 514112K->3136K(517632K)] 803597K->294620K(1041920K), 0.0202303 secs] [Times: user=0.03 sys=0.03, real=0.02 secs] 
2021-05-24T14:00:20.968+0800: 880172.647: [GC (Allocation Failure) [PSYoungGen: 514112K->2464K(517632K)] 805596K->295898K(1041920K), 0.0209702 secs] [Times: user=0.03 sys=0.03, real=0.02 secs] 
2021-05-24T14:04:09.181+0800: 880400.861: [GC (Allocation Failure) [PSYoungGen: 513440K->3424K(518144K)] 806874K->298050K(1042432K), 0.0187289 secs] [Times: user=0.03 sys=0.03, real=0.02 secs] 
2021-05-24T14:07:56.690+0800: 880628.370: [GC (Allocation Failure) [PSYoungGen: 514912K->5920K(517632K)] 809538K->302729K(1041920K), 0.0205572 secs] [Times: user=0.03 sys=0.03, real=0.02 secs] 
2021-05-24T14:11:45.483+0800: 880857.163: [GC (Allocation Failure) [PSYoungGen: 517408K->4960K(516608K)] 814217K->306364K(1040896K), 0.0211287 secs] [Times: user=0.03 sys=0.03, real=0.02 secs] 
2021-05-24T14:15:31.534+0800: 881083.214: [GC (Allocation Failure) [PSYoungGen: 514912K->6208K(516608K)] 816316K->311177K(1040896K), 0.0251513 secs] [Times: user=0.07 sys=0.00, real=0.02 secs] 
2021-05-24T14:19:20.353+0800: 881312.033: [GC (Allocation Failure) [PSYoungGen: 516160K->2144K(516608K)] 821129K->312411K(1040896K), 0.0299847 secs] [Times: user=0.03 sys=0.03, real=0.03 secs] 
2021-05-24T14:23:03.264+0800: 881534.943: [GC (Allocation Failure) [PSYoungGen: 511072K->5440K(516608K)] 821339K->316707K(1040896K), 0.0202385 secs] [Times: user=0.07 sys=0.00, real=0.02 secs] 
2021-05-24T14:26:47.722+0800: 881759.402: [GC (Allocation Failure) [PSYoungGen: 514368K->6464K(515584K)] 825635K->322048K(1039872K), 0.0227247 secs] [Times: user=0.03 sys=0.04, real=0.03 secs] 
2021-05-24T14:30:36.349+0800: 881988.029: [GC (Allocation Failure) [PSYoungGen: 514368K->2592K(516096K)] 829952K->323770K(1040384K), 0.0194348 secs] [Times: user=0.03 sys=0.03, real=0.02 secs] 
2021-05-24T14:34:22.197+0800: 882213.877: [GC (Allocation Failure) [PSYoungGen: 510496K->4544K(516096K)] 831674K->327098K(1040384K), 0.0193656 secs] [Times: user=0.03 sys=0.03, real=0.02 secs] 
2021-05-24T14:38:07.132+0800: 882438.812: [GC (Allocation Failure) [PSYoungGen: 512448K->8160K(516096K)] 835002K->334553K(1040384K), 0.0257375 secs] [Times: user=0.03 sys=0.03, real=0.03 secs] 
2021-05-24T14:41:54.387+0800: 882666.067: [GC (Allocation Failure) [PSYoungGen: 516064K->3136K(512000K)] 842457K->337584K(1036288K), 0.0225309 secs] [Times: user=0.04 sys=0.04, real=0.02 secs] 
2021-05-24T14:45:39.656+0800: 882891.335: [GC (Allocation Failure) [PSYoungGen: 506944K->4864K(514048K)] 841392K->341256K(1038336K), 0.0193794 secs] [Times: user=0.03 sys=0.03, real=0.02 secs] 
2021-05-24T14:49:24.784+0800: 883116.464: [GC (Allocation Failure) [PSYoungGen: 508672K->5056K(515072K)] 845064K->345036K(1039360K), 0.0197597 secs] [Times: user=0.03 sys=0.03, real=0.02 secs] 
2021-05-24T14:53:10.320+0800: 883342.000: [GC (Allocation Failure) [PSYoungGen: 510400K->4384K(514560K)] 850380K->348193K(1038848K), 0.0246792 secs] [Times: user=0.03 sys=0.03, real=0.03 secs] 
2021-05-24T14:56:55.027+0800: 883566.706: [GC (Allocation Failure) [PSYoungGen: 509728K->3520K(515584K)] 853537K->350710K(1039872K), 0.0174575 secs] [Times: user=0.03 sys=0.03, real=0.02 secs] 
2021-05-24T15:00:36.438+0800: 883788.118: [GC (Allocation Failure) [PSYoungGen: 509888K->5408K(515072K)] 857078K->355044K(1039360K), 0.0210298 secs] [Times: user=0.06 sys=0.00, real=0.02 secs] 
2021-05-24T15:04:21.584+0800: 884013.263: [GC (Allocation Failure) [PSYoungGen: 511776K->6720K(514560K)] 861412K->360377K(1038848K), 0.0216398 secs] [Times: user=0.04 sys=0.03, real=0.02 secs] 
2021-05-24T15:08:10.159+0800: 884241.839: [GC (Allocation Failure) [PSYoungGen: 512576K->3776K(515072K)] 866233K->363226K(1039360K), 0.0241207 secs] [Times: user=0.04 sys=0.04, real=0.03 secs] 
2021-05-24T15:11:55.508+0800: 884467.187: [GC (Allocation Failure) [PSYoungGen: 509632K->4704K(515584K)] 869082K->366760K(1039872K), 0.0218041 secs] [Times: user=0.03 sys=0.03, real=0.02 secs] 
2021-05-24T15:15:42.597+0800: 884694.277: [GC (Allocation Failure) [PSYoungGen: 511584K->2944K(515584K)] 873640K->368789K(1039872K), 0.0198943 secs] [Times: user=0.03 sys=0.03, real=0.02 secs] 
2021-05-24T15:19:27.779+0800: 884919.458: [GC (Allocation Failure) [PSYoungGen: 509824K->2432K(515584K)] 875669K->369932K(1039872K), 0.0177338 secs] [Times: user=0.03 sys=0.03, real=0.02 secs] 
2021-05-24T15:23:13.438+0800: 885145.118: [GC (Allocation Failure) [PSYoungGen: 509312K->6560K(515584K)] 876812K->375276K(1039872K), 0.0224672 secs] [Times: user=0.07 sys=0.00, real=0.02 secs] 
2021-05-24T15:26:58.078+0800: 885369.758: [GC (Allocation Failure) [PSYoungGen: 513440K->4416K(515584K)] 882156K->378663K(1039872K), 0.0235781 secs] [Times: user=0.03 sys=0.04, real=0.02 secs] 
2021-05-24T15:30:43.324+0800: 885595.004: [GC (Allocation Failure) [PSYoungGen: 511296K->4256K(515584K)] 885543K->381684K(1039872K), 0.0379897 secs] [Times: user=0.08 sys=0.00, real=0.03 secs] 
2021-05-24T15:34:28.305+0800: 885819.985: [GC (Allocation Failure) [PSYoungGen: 511136K->5408K(516096K)] 888564K->385890K(1040384K), 0.0201849 secs] [Times: user=0.03 sys=0.03, real=0.02 secs] 
2021-05-24T15:38:15.353+0800: 886047.033: [GC (Allocation Failure) [PSYoungGen: 513312K->2592K(516096K)] 893794K->387509K(1040384K), 0.0168752 secs] [Times: user=0.02 sys=0.03, real=0.01 secs] 
2021-05-24T15:42:03.049+0800: 886274.729: [GC (Allocation Failure) [PSYoungGen: 510496K->4608K(516096K)] 895413K->390901K(1040384K), 0.0226580 secs] [Times: user=0.03 sys=0.04, real=0.03 secs] 
2021-05-24T15:45:47.077+0800: 886498.757: [GC (Allocation Failure) [PSYoungGen: 512512K->6208K(516096K)] 898805K->395404K(1040384K), 0.0232866 secs] [Times: user=0.03 sys=0.03, real=0.02 secs] 
2021-05-24T15:49:36.255+0800: 886727.935: [GC (Allocation Failure) [PSYoungGen: 514112K->7488K(514048K)] 903308K->401201K(1038336K), 0.0290750 secs] [Times: user=0.04 sys=0.03, real=0.03 secs] 
2021-05-24T15:53:24.010+0800: 886955.689: [GC (Allocation Failure) [PSYoungGen: 513344K->5152K(515072K)] 907057K->404906K(1039360K), 0.0323644 secs] [Times: user=0.04 sys=0.04, real=0.04 secs] 
2021-05-24T15:57:11.267+0800: 887182.946: [GC (Allocation Failure) [PSYoungGen: 511008K->2144K(515584K)] 910762K->406070K(1039872K), 0.0215262 secs] [Times: user=0.03 sys=0.03, real=0.02 secs] 
2021-05-24T16:01:00.360+0800: 887412.040: [GC (Allocation Failure) [PSYoungGen: 509024K->3744K(515584K)] 912950K->408630K(1039872K), 0.0207158 secs] [Times: user=0.03 sys=0.04, real=0.02 secs] 
2021-05-24T16:04:49.468+0800: 887641.147: [GC (Allocation Failure) [PSYoungGen: 510624K->4544K(516096K)] 915510K->412092K(1040384K), 0.0216667 secs] [Times: user=0.03 sys=0.03, real=0.02 secs] 
2021-05-24T16:08:36.177+0800: 887867.857: [GC (Allocation Failure) [PSYoungGen: 511936K->5984K(515584K)] 919484K->416778K(1039872K), 0.0205307 secs] [Times: user=0.03 sys=0.03, real=0.02 secs] 
2021-05-24T16:12:24.551+0800: 888096.231: [GC (Allocation Failure) [PSYoungGen: 513376K->2752K(516096K)] 924170K->418517K(1040384K), 0.0199696 secs] [Times: user=0.03 sys=0.03, real=0.02 secs] 
2021-05-24T16:16:12.758+0800: 888324.437: [GC (Allocation Failure) [PSYoungGen: 510656K->5088K(516096K)] 926421K->422428K(1040384K), 0.0180422 secs] [Times: user=0.03 sys=0.02, real=0.02 secs] 
2021-05-24T16:19:58.413+0800: 888550.093: [GC (Allocation Failure) [PSYoungGen: 512992K->4128K(516096K)] 930332K->425344K(1040384K), 0.0211034 secs] [Times: user=0.04 sys=0.03, real=0.02 secs] 
2021-05-24T16:23:44.765+0800: 888776.444: [GC (Allocation Failure) [PSYoungGen: 512032K->6144K(516096K)] 933248K->430230K(1040384K), 0.0183605 secs] [Times: user=0.03 sys=0.03, real=0.02 secs] 
2021-05-24T16:27:35.997+0800: 889007.677: [GC (Allocation Failure) [PSYoungGen: 514048K->2592K(516096K)] 938134K->431801K(1040384K), 0.0182587 secs] [Times: user=0.03 sys=0.03, real=0.02 secs] 
2021-05-24T16:31:22.409+0800: 889234.088: [GC (Allocation Failure) [PSYoungGen: 510496K->3520K(516096K)] 939705K->434200K(1040384K), 0.0189872 secs] [Times: user=0.03 sys=0.03, real=0.02 secs] 
2021-05-24T16:35:08.157+0800: 889459.837: [GC (Allocation Failure) [PSYoungGen: 511424K->6752K(515072K)] 942104K->439791K(1039360K), 0.0225971 secs] [Times: user=0.04 sys=0.04, real=0.02 secs] 
2021-05-24T16:38:54.688+0800: 889686.368: [GC (Allocation Failure) [PSYoungGen: 513632K->3456K(515584K)] 946671K->442129K(1039872K), 0.0255842 secs] [Times: user=0.08 sys=0.00, real=0.03 secs] 
2021-05-24T16:42:39.050+0800: 889910.729: [GC (Allocation Failure) [PSYoungGen: 510336K->5856K(515072K)] 949009K->446895K(1039360K), 0.0256977 secs] [Times: user=0.03 sys=0.03, real=0.03 secs] 
2021-05-24T16:46:28.609+0800: 890140.289: [GC (Allocation Failure) [PSYoungGen: 512736K->4608K(515584K)] 953775K->450420K(1039872K), 0.0213071 secs] [Times: user=0.04 sys=0.03, real=0.02 secs] 
2021-05-24T16:50:14.203+0800: 890365.882: [GC (Allocation Failure) [PSYoungGen: 511488K->3712K(516096K)] 957300K->453137K(1040384K), 0.0208884 secs] [Times: user=0.02 sys=0.03, real=0.02 secs] 
2021-05-24T16:54:00.825+0800: 890592.505: [GC (Allocation Failure) [PSYoungGen: 511616K->3584K(516096K)] 961041K->455663K(1040384K), 0.0204366 secs] [Times: user=0.03 sys=0.03, real=0.02 secs] 
2021-05-24T16:57:47.762+0800: 890819.442: [GC (Allocation Failure) [PSYoungGen: 511488K->5504K(515584K)] 963567K->459982K(1039872K), 0.0184044 secs] [Times: user=0.03 sys=0.03, real=0.01 secs] 
2021-05-24T17:01:35.575+0800: 891047.255: [GC (Allocation Failure) [PSYoungGen: 513408K->4736K(516096K)] 967886K->463809K(1040384K), 0.0266900 secs] [Times: user=0.03 sys=0.04, real=0.02 secs] 
2021-05-24T17:05:29.226+0800: 891280.905: [GC (Allocation Failure) [PSYoungGen: 512640K->2016K(516608K)] 971713K->464710K(1040896K), 0.0290595 secs] [Times: user=0.03 sys=0.03, real=0.03 secs] 
2021-05-24T17:09:15.249+0800: 891506.929: [GC (Allocation Failure) [PSYoungGen: 510944K->7648K(516608K)] 973638K->470950K(1040896K), 0.0187454 secs] [Times: user=0.04 sys=0.03, real=0.02 secs] 
2021-05-24T17:13:01.156+0800: 891732.835: [GC (Allocation Failure) [PSYoungGen: 516576K->3712K(514560K)] 979878K->473607K(1038848K), 0.0249894 secs] [Times: user=0.03 sys=0.04, real=0.02 secs] 
2021-05-24T17:16:46.468+0800: 891958.148: [GC (Allocation Failure) [PSYoungGen: 510592K->3680K(515584K)] 980487K->476150K(1039872K), 0.0198646 secs] [Times: user=0.03 sys=0.02, real=0.02 secs] 
2021-05-24T17:20:29.827+0800: 892181.506: [GC (Allocation Failure) [PSYoungGen: 510560K->3904K(516096K)] 983030K->479011K(1040384K), 0.0206372 secs] [Times: user=0.03 sys=0.03, real=0.02 secs] 
2021-05-24T17:24:14.558+0800: 892406.238: [GC (Allocation Failure) [PSYoungGen: 511296K->2624K(515584K)] 986403K->480633K(1039872K), 0.0252875 secs] [Times: user=0.03 sys=0.03, real=0.03 secs] 
2021-05-24T17:28:01.228+0800: 892632.907: [GC (Allocation Failure) [PSYoungGen: 510016K->2848K(516096K)] 988025K->482304K(1040384K), 0.0203645 secs] [Times: user=0.03 sys=0.04, real=0.02 secs] 
2021-05-24T17:31:47.699+0800: 892859.379: [GC (Allocation Failure) [PSYoungGen: 510752K->4160K(516096K)] 990208K->485296K(1040384K), 0.0217472 secs] [Times: user=0.03 sys=0.04, real=0.02 secs] 
2021-05-24T17:35:34.075+0800: 893085.754: [GC (Allocation Failure) [PSYoungGen: 512064K->3520K(516608K)] 993200K->487781K(1040896K), 0.0198773 secs] [Times: user=0.03 sys=0.04, real=0.02 secs] 
2021-05-24T17:39:23.518+0800: 893315.197: [GC (Allocation Failure) [PSYoungGen: 512448K->3456K(516608K)] 996709K->490171K(1040896K), 0.0210337 secs] [Times: user=0.04 sys=0.03, real=0.02 secs] 
2021-05-24T17:43:09.005+0800: 893540.685: [GC (Allocation Failure) [PSYoungGen: 512384K->4128K(517120K)] 999099K->493234K(1041408K), 0.0271327 secs] [Times: user=0.03 sys=0.03, real=0.03 secs] 
2021-05-24T17:46:53.735+0800: 893765.414: [GC (Allocation Failure) [PSYoungGen: 514080K->7168K(517120K)] 1003186K->501121K(1041408K), 0.0305705 secs] [Times: user=0.05 sys=0.05, real=0.03 secs] 
2021-05-24T17:50:39.734+0800: 893991.413: [GC (Allocation Failure) [PSYoungGen: 517120K->7168K(503808K)] 1011073K->510716K(1028096K), 0.0252863 secs] [Times: user=0.04 sys=0.04, real=0.02 secs] 
2021-05-24T17:54:24.058+0800: 894215.738: [GC (Allocation Failure) [PSYoungGen: 503808K->4992K(510464K)] 1007356K->515860K(1034752K), 0.0206535 secs] [Times: user=0.03 sys=0.04, real=0.02 secs] 
2021-05-24T17:58:02.463+0800: 894434.143: [GC (Allocation Failure) [PSYoungGen: 501632K->10368K(509952K)] 1012500K->525281K(1034240K), 0.0258261 secs] [Times: user=0.04 sys=0.03, real=0.02 secs] 
2021-05-24T18:01:40.938+0800: 894652.618: [GC (Allocation Failure) [PSYoungGen: 507008K->7552K(510464K)] 1021921K->531049K(1034752K), 0.0287597 secs] [Times: user=0.03 sys=0.04, real=0.03 secs] 
2021-05-24T18:01:40.967+0800: 894652.647: [Full GC (Ergonomics) [PSYoungGen: 7552K->0K(510464K)] [ParOldGen: 523497K->282031K(524288K)] 531049K->282031K(1034752K), [Metaspace: 94458K->94445K(1136640K)], 0.5359622 secs] [Times: user=1.09 sys=0.00, real=0.54 secs] 
2021-05-24T18:05:21.379+0800: 894873.059: [GC (Allocation Failure) [PSYoungGen: 496640K->7264K(510976K)] 778671K->289295K(1035264K), 0.0185616 secs] [Times: user=0.02 sys=0.02, real=0.02 secs] 
2021-05-24T18:09:02.039+0800: 895093.718: [GC (Allocation Failure) [PSYoungGen: 504416K->7616K(510464K)] 786447K->295841K(1034752K), 0.0200698 secs] [Times: user=0.05 sys=0.00, real=0.02 secs] 
2021-05-24T18:12:44.971+0800: 895316.650: [GC (Allocation Failure) [PSYoungGen: 504768K->8672K(510976K)] 792993K->302508K(1035264K), 0.0218757 secs] [Times: user=0.03 sys=0.03, real=0.03 secs] 
2021-05-24T18:16:25.947+0800: 895537.626: [GC (Allocation Failure) [PSYoungGen: 506336K->6880K(510976K)] 800172K->308070K(1035264K), 0.0238665 secs] [Times: user=0.04 sys=0.04, real=0.02 secs] 
2021-05-24T18:20:07.905+0800: 895759.584: [GC (Allocation Failure) [PSYoungGen: 504544K->4544K(512000K)] 805734K->311224K(1036288K), 0.0181405 secs] [Times: user=0.02 sys=0.03, real=0.02 secs] 
2021-05-24T18:23:50.527+0800: 895982.207: [GC (Allocation Failure) [PSYoungGen: 503744K->5024K(511488K)] 810424K->315317K(1035776K), 0.0434512 secs] [Times: user=0.02 sys=0.03, real=0.04 secs] 
2021-05-24T18:27:32.706+0800: 896204.386: [GC (Allocation Failure) [PSYoungGen: 504224K->3456K(512000K)] 814517K->317809K(1036288K), 0.0218284 secs] [Times: user=0.05 sys=0.00, real=0.02 secs] 
2021-05-24T18:31:17.990+0800: 896429.670: [GC (Allocation Failure) [PSYoungGen: 503168K->5152K(512000K)] 817521K->321656K(1036288K), 0.0208243 secs] [Times: user=0.03 sys=0.02, real=0.02 secs] 
2021-05-24T18:35:03.276+0800: 896654.956: [GC (Allocation Failure) [PSYoungGen: 504864K->5984K(513024K)] 821368K->326245K(1037312K), 0.0192373 secs] [Times: user=0.03 sys=0.03, real=0.02 secs] 
2021-05-24T18:38:47.564+0800: 896879.244: [GC (Allocation Failure) [PSYoungGen: 507232K->7328K(512512K)] 827493K->332642K(1036800K), 0.0223586 secs] [Times: user=0.03 sys=0.04, real=0.02 secs] 
2021-05-24T18:42:23.256+0800: 897094.936: [GC (Allocation Failure) [PSYoungGen: 508576K->11232K(503808K)] 833890K->344832K(1028096K), 0.0232290 secs] [Times: user=0.04 sys=0.03, real=0.02 secs] 
2021-05-24T18:45:56.565+0800: 897308.245: [GC (Allocation Failure) [PSYoungGen: 503776K->11072K(503808K)] 837376K->355056K(1028096K), 0.0239123 secs] [Times: user=0.04 sys=0.04, real=0.02 secs] 
2021-05-24T18:49:30.410+0800: 897522.090: [GC (Allocation Failure) [PSYoungGen: 503616K->10656K(507904K)] 847600K->362755K(1032192K), 0.0239129 secs] [Times: user=0.03 sys=0.03, real=0.03 secs] 
2021-05-24T18:53:08.609+0800: 897740.288: [GC (Allocation Failure) [PSYoungGen: 502176K->10144K(507904K)] 854275K->370933K(1032192K), 0.0221888 secs] [Times: user=0.03 sys=0.04, real=0.02 secs] 
2021-05-24T18:56:45.771+0800: 897957.451: [GC (Allocation Failure) [PSYoungGen: 501664K->6546K(508416K)] 862453K->374961K(1032704K), 0.0213694 secs] [Times: user=0.03 sys=0.03, real=0.03 secs] 
2021-05-24T19:00:29.135+0800: 898180.814: [GC (Allocation Failure) [PSYoungGen: 498578K->6304K(507904K)] 866993K->380427K(1032192K), 0.0236240 secs] [Times: user=0.03 sys=0.03, real=0.02 secs] 
2021-05-24T19:04:05.515+0800: 898397.194: [GC (Allocation Failure) [PSYoungGen: 498336K->8768K(509440K)] 872459K->388265K(1033728K), 0.0216194 secs] [Times: user=0.03 sys=0.03, real=0.02 secs] 
2021-05-24T19:07:44.684+0800: 898616.363: [GC (Allocation Failure) [PSYoungGen: 502848K->6944K(508928K)] 882345K->393099K(1033216K), 0.0209108 secs] [Times: user=0.03 sys=0.03, real=0.02 secs] 
2021-05-24T19:11:25.073+0800: 898836.753: [GC (Allocation Failure) [PSYoungGen: 501024K->3232K(508928K)] 887179K->394805K(1033216K), 0.0173636 secs] [Times: user=0.03 sys=0.03, real=0.01 secs] 
2021-05-24T19:15:06.470+0800: 899058.150: [GC (Allocation Failure) [PSYoungGen: 497824K->3872K(509440K)] 889397K->397611K(1033728K), 0.0193932 secs] [Times: user=0.02 sys=0.03, real=0.02 secs] 
2021-05-24T19:18:49.429+0800: 899281.108: [GC (Allocation Failure) [PSYoungGen: 498464K->3392K(509952K)] 892203K->399986K(1034240K), 0.0184230 secs] [Times: user=0.03 sys=0.03, real=0.02 secs] 
2021-05-24T19:22:30.995+0800: 899502.674: [GC (Allocation Failure) [PSYoungGen: 498496K->6080K(509440K)] 895090K->404993K(1033728K), 0.0203021 secs] [Times: user=0.03 sys=0.03, real=0.02 secs] 
2021-05-24T19:26:12.224+0800: 899723.904: [GC (Allocation Failure) [PSYoungGen: 501184K->4288K(510464K)] 900097K->408005K(1034752K), 0.0192736 secs] [Times: user=0.02 sys=0.03, real=0.02 secs] 
2021-05-24T19:29:51.410+0800: 899943.089: [GC (Allocation Failure) [PSYoungGen: 500928K->6528K(510464K)] 904645K->413578K(1034752K), 0.0189982 secs] [Times: user=0.03 sys=0.03, real=0.02 secs] 
2021-05-24T19:33:32.020+0800: 900163.699: [GC (Allocation Failure) [PSYoungGen: 503168K->6560K(512000K)] 910218K->418999K(1036288K), 0.0205239 secs] [Times: user=0.05 sys=0.00, real=0.02 secs] 
2021-05-24T19:37:09.221+0800: 900380.901: [GC (Allocation Failure) [PSYoungGen: 505760K->11712K(510976K)] 918199K->428877K(1035264K), 0.0236789 secs] [Times: user=0.08 sys=0.00, real=0.03 secs] 
2021-05-24T19:40:48.284+0800: 900599.964: [GC (Allocation Failure) [PSYoungGen: 510912K->12000K(507904K)] 928077K->437560K(1032192K), 0.0312005 secs] [Times: user=0.03 sys=0.04, real=0.03 secs] 
2021-05-24T19:44:27.459+0800: 900819.139: [GC (Allocation Failure) [PSYoungGen: 506592K->8704K(509440K)] 932152K->444288K(1033728K), 0.0236200 secs] [Times: user=0.04 sys=0.04, real=0.03 secs] 
2021-05-24T19:48:08.843+0800: 901040.522: [GC (Allocation Failure) [PSYoungGen: 503296K->5056K(509952K)] 938880K->447831K(1034240K), 0.0225987 secs] [Times: user=0.06 sys=0.00, real=0.02 secs] 
2021-05-24T19:51:49.746+0800: 901261.426: [GC (Allocation Failure) [PSYoungGen: 500160K->7648K(509440K)] 942935K->454461K(1033728K), 0.0199685 secs] [Times: user=0.03 sys=0.03, real=0.02 secs] 
2021-05-24T19:55:33.098+0800: 901484.778: [GC (Allocation Failure) [PSYoungGen: 502752K->6528K(510976K)] 949565K->460062K(1035264K), 0.0232465 secs] [Times: user=0.04 sys=0.04, real=0.02 secs] 
2021-05-24T19:59:15.945+0800: 901707.625: [GC (Allocation Failure) [PSYoungGen: 503680K->4000K(510464K)] 957214K->462608K(1034752K), 0.0191391 secs] [Times: user=0.03 sys=0.03, real=0.02 secs] 
2021-05-24T20:02:57.385+0800: 901929.065: [GC (Allocation Failure) [PSYoungGen: 501152K->8256K(510976K)] 959760K->469678K(1035264K), 0.0212045 secs] [Times: user=0.03 sys=0.04, real=0.02 secs] 
2021-05-24T20:06:39.594+0800: 902151.273: [GC (Allocation Failure) [PSYoungGen: 505920K->8864K(510976K)] 967342K->477065K(1035264K), 0.0211858 secs] [Times: user=0.07 sys=0.00, real=0.02 secs] 
2021-05-24T20:10:21.680+0800: 902373.359: [GC (Allocation Failure) [PSYoungGen: 506528K->8384K(510976K)] 974729K->483163K(1035264K), 0.0494558 secs] [Times: user=0.04 sys=0.03, real=0.05 secs] 
2021-05-24T20:14:05.893+0800: 902597.573: [GC (Allocation Failure) [PSYoungGen: 506048K->6272K(510976K)] 980827K->488005K(1035264K), 0.0225445 secs] [Times: user=0.04 sys=0.03, real=0.02 secs] 
2021-05-24T20:17:49.953+0800: 902821.633: [GC (Allocation Failure) [PSYoungGen: 503936K->5664K(512000K)] 985669K->492417K(1036288K), 0.0190655 secs] [Times: user=0.03 sys=0.03, real=0.02 secs] 
2021-05-24T20:21:32.474+0800: 903044.154: [GC (Allocation Failure) [PSYoungGen: 504864K->6272K(511488K)] 991617K->497789K(1035776K), 0.0192689 secs] [Times: user=0.04 sys=0.03, real=0.02 secs] 
2021-05-24T20:25:20.496+0800: 903272.175: [GC (Allocation Failure) [PSYoungGen: 505472K->3200K(512000K)] 996989K->500055K(1036288K), 0.0196133 secs] [Times: user=0.06 sys=0.00, real=0.02 secs] 
2021-05-24T20:29:02.440+0800: 903494.120: [GC (Allocation Failure) [PSYoungGen: 502912K->5504K(512000K)] 999767K->504510K(1036288K), 0.0229780 secs] [Times: user=0.03 sys=0.03, real=0.03 secs] 
2021-05-24T20:32:45.998+0800: 903717.677: [GC (Allocation Failure) [PSYoungGen: 505216K->6208K(513024K)] 1004222K->509442K(1037312K), 0.0198859 secs] [Times: user=0.03 sys=0.04, real=0.02 secs] 
2021-05-24T20:36:26.524+0800: 903938.204: [GC (Allocation Failure) [PSYoungGen: 507456K->9504K(510976K)] 1010690K->517830K(1035264K), 0.0233467 secs] [Times: user=0.07 sys=0.00, real=0.02 secs] 
2021-05-24T20:40:08.108+0800: 904159.788: [GC (Allocation Failure) [PSYoungGen: 510752K->10400K(510976K)] 1019078K->526233K(1035264K), 0.0255426 secs] [Times: user=0.04 sys=0.04, real=0.03 secs] 
2021-05-24T20:40:08.134+0800: 904159.814: [Full GC (Ergonomics) [PSYoungGen: 10400K->0K(510976K)] [ParOldGen: 515833K->291187K(524288K)] 526233K->291187K(1035264K), [Metaspace: 94449K->94449K(1136640K)], 0.4866145 secs] [Times: user=1.05 sys=0.00, real=0.48 secs] 
2021-05-24T20:43:48.922+0800: 904380.601: [GC (Allocation Failure) [PSYoungGen: 498688K->8160K(511488K)] 789875K->299347K(1035776K), 0.0202270 secs] [Times: user=0.03 sys=0.03, real=0.02 secs] 
2021-05-24T20:47:34.203+0800: 904605.882: [GC (Allocation Failure) [PSYoungGen: 506848K->3712K(511488K)] 798035K->302420K(1035776K), 0.0214641 secs] [Times: user=0.03 sys=0.03, real=0.02 secs] 
2021-05-24T20:51:17.467+0800: 904829.147: [GC (Allocation Failure) [PSYoungGen: 502400K->4544K(511488K)] 801108K->305690K(1035776K), 0.0181810 secs] [Times: user=0.02 sys=0.04, real=0.02 secs] 
2021-05-24T20:54:59.749+0800: 905051.429: [GC (Allocation Failure) [PSYoungGen: 503232K->5376K(512000K)] 804378K->310048K(1036288K), 0.0184772 secs] [Times: user=0.03 sys=0.03, real=0.02 secs] 
2021-05-24T20:58:41.877+0800: 905273.557: [GC (Allocation Failure) [PSYoungGen: 504576K->3168K(511488K)] 809248K->312195K(1035776K), 0.0195078 secs] [Times: user=0.03 sys=0.04, real=0.02 secs] 
2021-05-24T21:02:23.269+0800: 905494.948: [GC (Allocation Failure) [PSYoungGen: 502368K->4192K(512000K)] 811395K->315322K(1036288K), 0.0207135 secs] [Times: user=0.04 sys=0.03, real=0.02 secs] 
2021-05-24T21:06:03.661+0800: 905715.341: [GC (Allocation Failure) [PSYoungGen: 503904K->6720K(512000K)] 815034K->320807K(1036288K), 0.0205948 secs] [Times: user=0.03 sys=0.04, real=0.03 secs] 
2021-05-24T21:09:45.853+0800: 905937.533: [GC (Allocation Failure) [PSYoungGen: 506432K->4480K(513024K)] 820519K->323977K(1037312K), 0.0252739 secs] [Times: user=0.06 sys=0.00, real=0.02 secs] 
2021-05-24T21:13:30.301+0800: 906161.981: [GC (Allocation Failure) [PSYoungGen: 505728K->3840K(512512K)] 825225K->326622K(1036800K), 0.0178144 secs] [Times: user=0.05 sys=0.00, real=0.02 secs] 
2021-05-24T21:17:10.873+0800: 906382.552: [GC (Allocation Failure) [PSYoungGen: 505088K->7456K(513024K)] 827870K->333052K(1037312K), 0.0215539 secs] [Times: user=0.03 sys=0.02, real=0.02 secs] 
2021-05-24T21:20:52.669+0800: 906604.349: [GC (Allocation Failure) [PSYoungGen: 509216K->8064K(509952K)] 834812K->338664K(1034240K), 0.0247174 secs] [Times: user=0.03 sys=0.03, real=0.03 secs] 
2021-05-24T21:24:36.981+0800: 906828.661: [GC (Allocation Failure) [PSYoungGen: 509824K->5440K(513024K)] 840424K->343218K(1037312K), 0.0238461 secs] [Times: user=0.04 sys=0.04, real=0.03 secs] 
2021-05-24T21:28:20.832+0800: 907052.511: [GC (Allocation Failure) [PSYoungGen: 506688K->5824K(512512K)] 844466K->347934K(1036800K), 0.0218530 secs] [Times: user=0.03 sys=0.03, real=0.03 secs] 
2021-05-24T21:31:57.209+0800: 907268.889: [GC (Allocation Failure) [PSYoungGen: 507072K->4832K(513536K)] 849182K->351746K(1037824K), 0.0579089 secs] [Times: user=0.03 sys=0.03, real=0.06 secs] 
2021-05-24T21:33:19.449+0800: 907351.128: [GC (Allocation Failure) [PSYoungGen: 507579K->10742K(513536K)] 854493K->363456K(1037824K), 0.0370812 secs] [Times: user=0.03 sys=0.02, real=0.04 secs] 
2021-05-24T21:33:49.696+0800: 907381.376: [GC (Allocation Failure) [PSYoungGen: 513264K->4226K(507392K)] 865978K->365633K(1031680K), 0.0230866 secs] [Times: user=0.02 sys=0.03, real=0.02 secs] 
2021-05-24T21:34:21.962+0800: 907413.642: [GC (Allocation Failure) [PSYoungGen: 500222K->1504K(510464K)] 861629K->365006K(1034752K), 0.0156036 secs] [Times: user=0.02 sys=0.03, real=0.02 secs] 
2021-05-24T21:34:52.057+0800: 907443.737: [GC (Allocation Failure) [PSYoungGen: 497223K->2246K(510464K)] 860726K->366420K(1034752K), 0.0159708 secs] [Times: user=0.02 sys=0.03, real=0.02 secs] 
2021-05-24T21:35:23.009+0800: 907474.688: [GC (Allocation Failure) [PSYoungGen: 498863K->1728K(510464K)] 863038K->366389K(1034752K), 0.0198991 secs] [Times: user=0.02 sys=0.02, real=0.02 secs] 
2021-05-24T21:35:53.989+0800: 907505.668: [GC (Allocation Failure) [PSYoungGen: 497475K->2278K(510976K)] 862137K->367835K(1035264K), 0.0158231 secs] [Times: user=0.02 sys=0.03, real=0.02 secs] 
2021-05-24T21:36:24.246+0800: 907535.925: [GC (Allocation Failure) [PSYoungGen: 498834K->992K(510464K)] 864391K->367044K(1034752K), 0.0144059 secs] [Times: user=0.02 sys=0.02, real=0.01 secs] 
2021-05-24T21:36:54.350+0800: 907566.029: [GC (Allocation Failure) [PSYoungGen: 497861K->1056K(510976K)] 863914K->367268K(1035264K), 0.0146151 secs] [Times: user=0.02 sys=0.02, real=0.02 secs] 
2021-05-24T21:37:26.610+0800: 907598.290: [GC (Allocation Failure) [PSYoungGen: 497876K->1376K(510976K)] 864089K->367780K(1035264K), 0.0141549 secs] [Times: user=0.01 sys=0.03, real=0.02 secs] 
2021-05-24T21:37:58.570+0800: 907630.250: [GC (Allocation Failure) [PSYoungGen: 498708K->2118K(512000K)] 865113K->368946K(1036288K), 0.0178478 secs] [Times: user=0.02 sys=0.02, real=0.02 secs] 
2021-05-24T21:38:31.544+0800: 907663.224: [GC (Allocation Failure) [PSYoungGen: 501083K->2534K(511488K)] 867911K->369570K(1035776K), 0.0163378 secs] [Times: user=0.02 sys=0.02, real=0.01 secs] 
2021-05-24T21:39:03.889+0800: 907695.569: [GC (Allocation Failure) [PSYoungGen: 501273K->2144K(513024K)] 868309K->369931K(1037312K), 0.0136235 secs] [Times: user=0.03 sys=0.02, real=0.02 secs] 
2021-05-24T21:39:36.837+0800: 907728.516: [GC (Allocation Failure) [PSYoungGen: 503139K->1376K(512512K)] 870926K->370561K(1036800K), 0.0141304 secs] [Times: user=0.02 sys=0.02, real=0.01 secs] 
2021-05-24T21:40:07.698+0800: 907759.378: [GC (Allocation Failure) [PSYoungGen: 502423K->2406K(514048K)] 871609K->372056K(1038336K), 0.0157102 secs] [Times: user=0.02 sys=0.02, real=0.02 secs] 
2021-05-24T21:40:39.138+0800: 907790.818: [GC (Allocation Failure) [PSYoungGen: 505061K->2854K(513536K)] 874711K->372927K(1037824K), 0.0145160 secs] [Times: user=0.03 sys=0.02, real=0.02 secs] 
2021-05-24T21:41:09.743+0800: 907821.423: [GC (Allocation Failure) [PSYoungGen: 506025K->2118K(515072K)] 876098K->373191K(1039360K), 0.0143981 secs] [Times: user=0.02 sys=0.03, real=0.01 secs] 
2021-05-24T21:41:39.944+0800: 907851.623: [GC (Allocation Failure) [PSYoungGen: 506631K->2310K(514560K)] 877704K->373583K(1038848K), 0.0139818 secs] [Times: user=0.02 sys=0.02, real=0.01 secs] 
2021-05-24T21:42:11.294+0800: 907882.973: [GC (Allocation Failure) [PSYoungGen: 507654K->1824K(516096K)] 878927K->373520K(1040384K), 0.0145257 secs] [Times: user=0.02 sys=0.03, real=0.01 secs] 
2021-05-24T21:42:44.681+0800: 907916.360: [GC (Allocation Failure) [PSYoungGen: 508993K->2566K(515584K)] 880689K->375189K(1039872K), 0.0155390 secs] [Times: user=0.02 sys=0.02, real=0.02 secs] 
2021-05-24T21:43:15.075+0800: 907946.755: [GC (Allocation Failure) [PSYoungGen: 509841K->2844K(516608K)] 882464K->376203K(1040896K), 0.0144838 secs] [Times: user=0.02 sys=0.03, real=0.01 secs] 
2021-05-24T21:43:48.114+0800: 907979.794: [GC (Allocation Failure) [PSYoungGen: 511772K->1568K(516608K)] 885131K->376011K(1040896K), 0.0149486 secs] [Times: user=0.02 sys=0.02, real=0.01 secs] 
2021-05-24T21:44:21.900+0800: 908013.580: [GC (Allocation Failure) [PSYoungGen: 509768K->1024K(517120K)] 884212K->376195K(1041408K), 0.0139341 secs] [Times: user=0.02 sys=0.02, real=0.02 secs] 
2021-05-24T21:44:53.126+0800: 908044.806: [GC (Allocation Failure) [PSYoungGen: 510910K->2214K(517120K)] 886081K->377569K(1041408K), 0.0144303 secs] [Times: user=0.02 sys=0.02, real=0.01 secs] 
2021-05-24T21:45:25.180+0800: 908076.860: [GC (Allocation Failure) [PSYoungGen: 511741K->2246K(518144K)] 887096K->378017K(1042432K), 0.0126455 secs] [Times: user=0.03 sys=0.02, real=0.02 secs] 
2021-05-24T21:45:55.394+0800: 908107.074: [GC (Allocation Failure) [PSYoungGen: 513110K->2054K(517632K)] 888881K->378265K(1041920K), 0.0140179 secs] [Times: user=0.02 sys=0.02, real=0.01 secs] 
2021-05-24T21:46:27.891+0800: 908139.571: [GC (Allocation Failure) [PSYoungGen: 513330K->2438K(518656K)] 889540K->378817K(1042944K), 0.0133999 secs] [Times: user=0.02 sys=0.02, real=0.02 secs] 
2021-05-24T21:47:01.795+0800: 908173.475: [GC (Allocation Failure) [PSYoungGen: 514554K->1344K(518144K)] 890932K->378210K(1042432K), 0.0133546 secs] [Times: user=0.04 sys=0.00, real=0.01 secs] 
2021-05-24T21:47:35.757+0800: 908207.436: [GC (Allocation Failure) [PSYoungGen: 512975K->2790K(518656K)] 889841K->380080K(1042944K), 0.0152072 secs] [Times: user=0.02 sys=0.02, real=0.02 secs] 
2021-05-24T21:48:08.399+0800: 908240.078: [GC (Allocation Failure) [PSYoungGen: 515369K->2150K(518656K)] 892658K->380359K(1042944K), 0.0126680 secs] [Times: user=0.01 sys=0.02, real=0.01 secs] 
2021-05-24T21:48:40.533+0800: 908272.212: [GC (Allocation Failure) [PSYoungGen: 515070K->1536K(519168K)] 893278K->379984K(1043456K), 0.0124531 secs] [Times: user=0.02 sys=0.02, real=0.01 secs] 
2021-05-24T21:49:10.720+0800: 908302.400: [GC (Allocation Failure) [PSYoungGen: 515274K->2566K(519168K)] 893723K->381678K(1043456K), 0.0151367 secs] [Times: user=0.02 sys=0.03, real=0.02 secs] 
2021-05-24T21:49:42.367+0800: 908334.047: [GC (Allocation Failure) [PSYoungGen: 516024K->1600K(519680K)] 895136K->381375K(1043968K), 0.0217896 secs] [Times: user=0.01 sys=0.01, real=0.02 secs] 
2021-05-24T21:50:16.728+0800: 908368.408: [GC (Allocation Failure) [PSYoungGen: 515288K->1568K(519168K)] 895064K->382014K(1043456K), 0.0131212 secs] [Times: user=0.03 sys=0.02, real=0.01 secs] 
2021-05-24T21:50:50.148+0800: 908401.828: [GC (Allocation Failure) [PSYoungGen: 515323K->2310K(519680K)] 895769K->383436K(1043968K), 0.0224451 secs] [Times: user=0.02 sys=0.02, real=0.02 secs] 
2021-05-24T21:51:23.692+0800: 908435.372: [GC (Allocation Failure) [PSYoungGen: 516497K->1152K(519680K)] 897623K->382693K(1043968K), 0.0143885 secs] [Times: user=0.02 sys=0.02, real=0.01 secs] 
2021-05-24T21:51:54.904+0800: 908466.583: [GC (Allocation Failure) [PSYoungGen: 515804K->2886K(519680K)] 897346K->384692K(1043968K), 0.0128874 secs] [Times: user=0.02 sys=0.01, real=0.01 secs] 
2021-05-24T21:52:26.054+0800: 908497.733: [GC (Allocation Failure) [PSYoungGen: 517531K->2438K(519680K)] 899337K->385387K(1043968K), 0.0131975 secs] [Times: user=0.02 sys=0.02, real=0.01 secs] 
2021-05-24T21:52:57.193+0800: 908528.873: [GC (Allocation Failure) [PSYoungGen: 517027K->1248K(519680K)] 899975K->384867K(1043968K), 0.0147113 secs] [Times: user=0.02 sys=0.03, real=0.01 secs] 
2021-05-24T21:53:31.224+0800: 908562.903: [GC (Allocation Failure) [PSYoungGen: 515594K->2118K(519680K)] 899214K->386194K(1043968K), 0.0127005 secs] [Times: user=0.02 sys=0.03, real=0.01 secs] 
2021-05-24T21:54:05.502+0800: 908597.182: [GC (Allocation Failure) [PSYoungGen: 516460K->1120K(520192K)] 900535K->385403K(1044480K), 0.0119531 secs] [Times: user=0.02 sys=0.03, real=0.01 secs] 
2021-05-24T21:56:26.305+0800: 908737.985: [GC (Allocation Failure) [PSYoungGen: 517216K->2976K(519168K)] 901499K->387427K(1043456K), 0.0177832 secs] [Times: user=0.02 sys=0.03, real=0.02 secs] 
2021-05-24T22:00:17.677+0800: 908969.357: [GC (Allocation Failure) [PSYoungGen: 519072K->4320K(518656K)] 903523K->390501K(1042944K), 0.0203086 secs] [Times: user=0.06 sys=0.00, real=0.02 secs] 
2021-05-24T22:04:04.967+0800: 909196.647: [GC (Allocation Failure) [PSYoungGen: 518368K->2816K(519168K)] 904549K->392394K(1043456K), 0.0219186 secs] [Times: user=0.03 sys=0.02, real=0.02 secs] 
2021-05-24T22:07:55.200+0800: 909426.880: [GC (Allocation Failure) [PSYoungGen: 516864K->2976K(519168K)] 906442K->394025K(1043456K), 0.0215271 secs] [Times: user=0.03 sys=0.03, real=0.02 secs] 
2021-05-24T22:11:41.798+0800: 909653.477: [GC (Allocation Failure) [PSYoungGen: 517024K->5120K(519168K)] 908073K->398392K(1043456K), 0.0193483 secs] [Times: user=0.03 sys=0.03, real=0.02 secs] 
2021-05-24T22:15:28.892+0800: 909880.572: [GC (Allocation Failure) [PSYoungGen: 519168K->3232K(517120K)] 912440K->401100K(1041408K), 0.0187728 secs] [Times: user=0.02 sys=0.02, real=0.02 secs] 
2021-05-24T22:19:17.775+0800: 910109.455: [GC (Allocation Failure) [PSYoungGen: 515232K->4960K(517120K)] 913100K->404787K(1041408K), 0.0215963 secs] [Times: user=0.04 sys=0.04, real=0.02 secs] 
2021-05-24T22:23:01.764+0800: 910333.443: [GC (Allocation Failure) [PSYoungGen: 516960K->6656K(512512K)] 916787K->410247K(1036800K), 0.0230070 secs] [Times: user=0.04 sys=0.04, real=0.02 secs] 
2021-05-24T22:26:49.769+0800: 910561.448: [GC (Allocation Failure) [PSYoungGen: 512512K->4384K(515072K)] 916103K->414001K(1039360K), 0.0193522 secs] [Times: user=0.03 sys=0.03, real=0.02 secs] 
2021-05-24T22:30:37.038+0800: 910788.717: [GC (Allocation Failure) [PSYoungGen: 510240K->3264K(516096K)] 919857K->416326K(1040384K), 0.0212015 secs] [Times: user=0.03 sys=0.03, real=0.02 secs] 
2021-05-24T22:34:22.319+0800: 911013.999: [GC (Allocation Failure) [PSYoungGen: 510656K->7776K(515584K)] 923718K->422933K(1039872K), 0.0234643 secs] [Times: user=0.03 sys=0.03, real=0.03 secs] 
2021-05-24T22:38:09.194+0800: 911240.874: [GC (Allocation Failure) [PSYoungGen: 515168K->5696K(513536K)] 930325K->427607K(1037824K), 0.0245419 secs] [Times: user=0.04 sys=0.04, real=0.02 secs] 
2021-05-24T22:41:54.167+0800: 911465.846: [GC (Allocation Failure) [PSYoungGen: 510528K->6464K(514560K)] 932439K->432675K(1038848K), 0.0192321 secs] [Times: user=0.03 sys=0.03, real=0.02 secs] 
2021-05-24T22:45:38.205+0800: 911689.884: [GC (Allocation Failure) [PSYoungGen: 511296K->3168K(514560K)] 937507K->434757K(1038848K), 0.0188958 secs] [Times: user=0.03 sys=0.03, real=0.02 secs] 
2021-05-24T22:49:23.451+0800: 911915.131: [GC (Allocation Failure) [PSYoungGen: 508000K->3264K(514560K)] 939589K->436948K(1038848K), 0.0172165 secs] [Times: user=0.02 sys=0.03, real=0.02 secs] 
2021-05-24T22:53:10.774+0800: 912142.453: [GC (Allocation Failure) [PSYoungGen: 508096K->5664K(515072K)] 941780K->441243K(1039360K), 0.0217989 secs] [Times: user=0.04 sys=0.03, real=0.02 secs] 
2021-05-24T22:56:58.800+0800: 912370.480: [GC (Allocation Failure) [PSYoungGen: 511520K->4128K(515072K)] 947099K->444542K(1039360K), 0.0231378 secs] [Times: user=0.04 sys=0.03, real=0.03 secs] 
2021-05-24T23:00:47.335+0800: 912599.014: [GC (Allocation Failure) [PSYoungGen: 509984K->3616K(515584K)] 950398K->446924K(1039872K), 0.0251319 secs] [Times: user=0.03 sys=0.04, real=0.02 secs] 
2021-05-24T23:04:32.646+0800: 912824.325: [GC (Allocation Failure) [PSYoungGen: 510496K->5312K(515584K)] 953804K->451242K(1039872K), 0.0196107 secs] [Times: user=0.03 sys=0.02, real=0.02 secs] 
2021-05-24T23:08:19.622+0800: 913051.301: [GC (Allocation Failure) [PSYoungGen: 512192K->3168K(516096K)] 958122K->453158K(1040384K), 0.0216602 secs] [Times: user=0.02 sys=0.04, real=0.03 secs] 
2021-05-24T23:12:04.925+0800: 913276.605: [GC (Allocation Failure) [PSYoungGen: 510560K->4320K(515584K)] 960550K->456165K(1039872K), 0.0180966 secs] [Times: user=0.03 sys=0.03, real=0.02 secs] 
2021-05-24T23:15:53.627+0800: 913505.306: [GC (Allocation Failure) [PSYoungGen: 511712K->3040K(516608K)] 963557K->458178K(1040896K), 0.0201475 secs] [Times: user=0.03 sys=0.03, real=0.02 secs] 
2021-05-24T23:19:40.458+0800: 913732.138: [GC (Allocation Failure) [PSYoungGen: 511456K->4352K(516096K)] 966594K->461393K(1040384K), 0.0220611 secs] [Times: user=0.02 sys=0.03, real=0.02 secs] 
2021-05-24T23:23:28.687+0800: 913960.367: [GC (Allocation Failure) [PSYoungGen: 512768K->3264K(516608K)] 969809K->463694K(1040896K), 0.0191260 secs] [Times: user=0.03 sys=0.02, real=0.02 secs] 
2021-05-24T23:27:13.533+0800: 914185.212: [GC (Allocation Failure) [PSYoungGen: 512192K->6304K(515584K)] 972622K->468916K(1039872K), 0.0609979 secs] [Times: user=0.03 sys=0.03, real=0.06 secs] 
2021-05-24T23:31:01.293+0800: 914412.973: [GC (Allocation Failure) [PSYoungGen: 515232K->4576K(516608K)] 977844K->472224K(1040896K), 0.0292092 secs] [Times: user=0.04 sys=0.03, real=0.03 secs] 
2021-05-24T23:34:50.372+0800: 914642.052: [GC (Allocation Failure) [PSYoungGen: 512992K->3584K(516096K)] 980640K->474820K(1040384K), 0.0192035 secs] [Times: user=0.02 sys=0.02, real=0.01 secs] 
2021-05-24T23:38:36.951+0800: 914868.630: [GC (Allocation Failure) [PSYoungGen: 512000K->5600K(516608K)] 983236K->479059K(1040896K), 0.0217990 secs] [Times: user=0.03 sys=0.04, real=0.03 secs] 
2021-05-24T23:42:22.253+0800: 915093.933: [GC (Allocation Failure) [PSYoungGen: 514528K->5280K(516608K)] 987987K->483248K(1040896K), 0.0234268 secs] [Times: user=0.03 sys=0.04, real=0.02 secs] 
2021-05-24T23:46:08.733+0800: 915320.412: [GC (Allocation Failure) [PSYoungGen: 514208K->5888K(515584K)] 992176K->488172K(1039872K), 0.0191540 secs] [Times: user=0.03 sys=0.03, real=0.01 secs] 
2021-05-24T23:49:56.419+0800: 915548.098: [GC (Allocation Failure) [PSYoungGen: 513792K->5248K(516096K)] 996076K->491872K(1040384K), 0.0252387 secs] [Times: user=0.04 sys=0.04, real=0.03 secs] 
2021-05-24T23:53:43.062+0800: 915774.741: [GC (Allocation Failure) [PSYoungGen: 513152K->4960K(516608K)] 999776K->495660K(1040896K), 0.0214382 secs] [Times: user=0.03 sys=0.03, real=0.03 secs] 
2021-05-24T23:57:28.823+0800: 916000.502: [GC (Allocation Failure) [PSYoungGen: 513888K->4320K(516608K)] 1004588K->499121K(1040896K), 0.0214053 secs] [Times: user=0.03 sys=0.04, real=0.02 secs] 
2021-05-25T00:01:08.736+0800: 916220.416: [GC (Allocation Failure) [PSYoungGen: 513248K->2880K(516608K)] 1008049K->500766K(1040896K), 0.0195096 secs] [Times: user=0.03 sys=0.02, real=0.02 secs] 
2021-05-25T00:04:52.192+0800: 916443.872: [GC (Allocation Failure) [PSYoungGen: 511808K->5504K(516608K)] 1009694K->505125K(1040896K), 0.0204503 secs] [Times: user=0.04 sys=0.03, real=0.03 secs] 
2021-05-25T00:08:42.463+0800: 916674.142: [GC (Allocation Failure) [PSYoungGen: 514432K->4896K(516608K)] 1014053K->508529K(1040896K), 0.0200131 secs] [Times: user=0.03 sys=0.03, real=0.02 secs] 
2021-05-25T00:12:32.237+0800: 916903.916: [GC (Allocation Failure) [PSYoungGen: 513824K->4000K(516608K)] 1017457K->511429K(1040896K), 0.0187227 secs] [Times: user=0.03 sys=0.03, real=0.02 secs] 
2021-05-25T00:16:20.832+0800: 917132.512: [GC (Allocation Failure) [PSYoungGen: 512928K->4096K(517120K)] 1020357K->514610K(1041408K), 0.0231801 secs] [Times: user=0.02 sys=0.03, real=0.03 secs] 
2021-05-25T00:20:11.161+0800: 917362.841: [GC (Allocation Failure) [PSYoungGen: 514048K->2368K(517120K)] 1024562K->515784K(1041408K), 0.0199686 secs] [Times: user=0.03 sys=0.03, real=0.02 secs] 
2021-05-25T00:23:56.932+0800: 917588.612: [GC (Allocation Failure) [PSYoungGen: 512319K->5344K(517120K)] 1025735K->519975K(1041408K), 0.0294909 secs] [Times: user=0.03 sys=0.03, real=0.02 secs] 
2021-05-25T00:27:48.416+0800: 917820.096: [GC (Allocation Failure) [PSYoungGen: 515296K->2816K(517120K)] 1029927K->522042K(1041408K), 0.0190040 secs] [Times: user=0.02 sys=0.04, real=0.02 secs] 
2021-05-25T00:27:48.436+0800: 917820.115: [Full GC (Ergonomics) [PSYoungGen: 2816K->0K(517120K)] [ParOldGen: 519226K->262987K(524288K)] 522042K->262987K(1041408K), [Metaspace: 95444K->95444K(1136640K)], 0.3939998 secs] [Times: user=0.90 sys=0.00, real=0.39 secs] 
2021-05-25T00:31:39.466+0800: 918051.146: [GC (Allocation Failure) [PSYoungGen: 509952K->3712K(517120K)] 772939K->266699K(1041408K), 0.0179027 secs] [Times: user=0.02 sys=0.03, real=0.02 secs] 
2021-05-25T00:35:29.736+0800: 918281.415: [GC (Allocation Failure) [PSYoungGen: 513664K->4768K(517120K)] 776651K->270417K(1041408K), 0.0173340 secs] [Times: user=0.03 sys=0.03, real=0.02 secs] 
2021-05-25T00:39:17.520+0800: 918509.200: [GC (Allocation Failure) [PSYoungGen: 514720K->5568K(517120K)] 780369K->274871K(1041408K), 0.0202098 secs] [Times: user=0.03 sys=0.03, real=0.02 secs] 
2021-05-25T00:43:05.286+0800: 918736.966: [GC (Allocation Failure) [PSYoungGen: 515520K->5440K(515584K)] 784823K->279282K(1039872K), 0.0257036 secs] [Times: user=0.04 sys=0.04, real=0.03 secs] 
2021-05-25T00:46:53.052+0800: 918964.731: [GC (Allocation Failure) [PSYoungGen: 515392K->3200K(517120K)] 789234K->281366K(1041408K), 0.0216721 secs] [Times: user=0.02 sys=0.04, real=0.03 secs] 
2021-05-25T00:50:43.344+0800: 919195.024: [GC (Allocation Failure) [PSYoungGen: 512640K->2144K(516608K)] 790806K->282213K(1040896K), 0.0168539 secs] [Times: user=0.02 sys=0.02, real=0.01 secs] 
2021-05-25T00:54:28.719+0800: 919420.399: [GC (Allocation Failure) [PSYoungGen: 511584K->5440K(516608K)] 791653K->286477K(1040896K), 0.0181052 secs] [Times: user=0.03 sys=0.02, real=0.02 secs] 
2021-05-25T00:58:10.507+0800: 919642.187: [GC (Allocation Failure) [PSYoungGen: 514368K->5928K(515072K)] 795405K->291491K(1039360K), 0.0199666 secs] [Times: user=0.03 sys=0.03, real=0.02 secs] 
2021-05-25T01:01:56.683+0800: 919868.362: [GC (Allocation Failure) [PSYoungGen: 514856K->5376K(516096K)] 800419K->295807K(1040384K), 0.0212632 secs] [Times: user=0.03 sys=0.03, real=0.02 secs] 
2021-05-25T01:05:44.600+0800: 920096.280: [GC (Allocation Failure) [PSYoungGen: 513280K->3360K(516096K)] 803711K->297955K(1040384K), 0.0226740 secs] [Times: user=0.06 sys=0.00, real=0.03 secs] 
2021-05-25T01:09:31.690+0800: 920323.369: [GC (Allocation Failure) [PSYoungGen: 511264K->3872K(516608K)] 805859K->300729K(1040896K), 0.0168645 secs] [Times: user=0.02 sys=0.03, real=0.02 secs] 
2021-05-25T01:13:15.025+0800: 920546.705: [GC (Allocation Failure) [PSYoungGen: 512800K->5408K(516608K)] 809657K->304847K(1040896K), 0.0183296 secs] [Times: user=0.03 sys=0.03, real=0.02 secs] 
2021-05-25T01:17:00.833+0800: 920772.513: [GC (Allocation Failure) [PSYoungGen: 514336K->4544K(516608K)] 813775K->308291K(1040896K), 0.0197445 secs] [Times: user=0.06 sys=0.00, real=0.02 secs] 
2021-05-25T01:20:49.915+0800: 921001.595: [GC (Allocation Failure) [PSYoungGen: 513472K->2848K(516608K)] 817219K->310168K(1040896K), 0.0206654 secs] [Times: user=0.02 sys=0.03, real=0.02 secs] 
2021-05-25T01:24:36.213+0800: 921227.893: [GC (Allocation Failure) [PSYoungGen: 511776K->3904K(517120K)] 819096K->312919K(1041408K), 0.0182816 secs] [Times: user=0.03 sys=0.03, real=0.01 secs] 
2021-05-25T01:28:24.028+0800: 921455.708: [GC (Allocation Failure) [PSYoungGen: 513344K->5248K(516608K)] 822359K->317172K(1040896K), 0.0172780 secs] [Times: user=0.03 sys=0.03, real=0.02 secs] 
2021-05-25T01:32:15.383+0800: 921687.063: [GC (Allocation Failure) [PSYoungGen: 514688K->2464K(517120K)] 826612K->318775K(1041408K), 0.0183504 secs] [Times: user=0.06 sys=0.00, real=0.01 secs] 
2021-05-25T01:36:04.351+0800: 921916.030: [GC (Allocation Failure) [PSYoungGen: 512416K->2400K(517120K)] 828727K->319983K(1041408K), 0.0348219 secs] [Times: user=0.03 sys=0.03, real=0.04 secs] 
2021-05-25T01:39:48.641+0800: 922140.320: [GC (Allocation Failure) [PSYoungGen: 512352K->5056K(516096K)] 829935K->323815K(1040384K), 0.0163905 secs] [Times: user=0.06 sys=0.00, real=0.02 secs] 
2021-05-25T01:43:32.893+0800: 922364.573: [GC (Allocation Failure) [PSYoungGen: 513984K->6016K(516608K)] 832743K->328883K(1040896K), 0.0236244 secs] [Times: user=0.04 sys=0.03, real=0.02 secs] 
2021-05-25T01:47:20.705+0800: 922592.385: [GC (Allocation Failure) [PSYoungGen: 514944K->5248K(516608K)] 837811K->332671K(1040896K), 0.0196807 secs] [Times: user=0.03 sys=0.03, real=0.02 secs] 
2021-05-25T01:51:07.883+0800: 922819.563: [GC (Allocation Failure) [PSYoungGen: 514176K->2848K(516608K)] 841599K->334379K(1040896K), 0.0250715 secs] [Times: user=0.03 sys=0.03, real=0.02 secs] 
2021-05-25T01:54:55.524+0800: 923047.204: [GC (Allocation Failure) [PSYoungGen: 511776K->2976K(516608K)] 843307K->336186K(1040896K), 0.0183232 secs] [Times: user=0.03 sys=0.03, real=0.02 secs] 
2021-05-25T01:58:43.460+0800: 923275.139: [GC (Allocation Failure) [PSYoungGen: 511904K->2752K(516608K)] 845114K->337913K(1040896K), 0.0190550 secs] [Times: user=0.02 sys=0.03, real=0.02 secs] 
2021-05-25T02:02:28.968+0800: 923500.648: [GC (Allocation Failure) [PSYoungGen: 511680K->5920K(515584K)] 846841K->342744K(1039872K), 0.0193541 secs] [Times: user=0.03 sys=0.03, real=0.02 secs] 
2021-05-25T02:06:14.366+0800: 923726.045: [GC (Allocation Failure) [PSYoungGen: 513824K->2880K(516096K)] 850648K->344530K(1040384K), 0.0201464 secs] [Times: user=0.03 sys=0.03, real=0.02 secs] 
2021-05-25T02:09:59.978+0800: 923951.658: [GC (Allocation Failure) [PSYoungGen: 510784K->3936K(516608K)] 852434K->347169K(1040896K), 0.0195095 secs] [Times: user=0.06 sys=0.00, real=0.02 secs] 
2021-05-25T02:13:45.568+0800: 924177.248: [GC (Allocation Failure) [PSYoungGen: 512864K->3360K(516608K)] 856097K->349279K(1040896K), 0.0182934 secs] [Times: user=0.03 sys=0.03, real=0.02 secs] 
2021-05-25T02:17:31.034+0800: 924402.713: [GC (Allocation Failure) [PSYoungGen: 512288K->4064K(517120K)] 858207K->352157K(1041408K), 0.0174644 secs] [Times: user=0.03 sys=0.03, real=0.01 secs] 
2021-05-25T02:21:20.231+0800: 924631.911: [GC (Allocation Failure) [PSYoungGen: 514016K->4160K(517120K)] 862109K->355355K(1041408K), 0.0255488 secs] [Times: user=0.04 sys=0.03, real=0.03 secs] 
2021-05-25T02:25:01.461+0800: 924853.140: [GC (Allocation Failure) [PSYoungGen: 514112K->6656K(513536K)] 865307K->361193K(1037824K), 0.0206443 secs] [Times: user=0.06 sys=0.00, real=0.02 secs] 
2021-05-25T02:28:48.883+0800: 925080.563: [GC (Allocation Failure) [PSYoungGen: 513536K->4576K(515584K)] 868073K->365291K(1039872K), 0.0205026 secs] [Times: user=0.03 sys=0.03, real=0.02 secs] 
2021-05-25T02:32:34.364+0800: 925306.044: [GC (Allocation Failure) [PSYoungGen: 511456K->4576K(516096K)] 872171K->368944K(1040384K), 0.0186301 secs] [Times: user=0.03 sys=0.03, real=0.02 secs] 
2021-05-25T02:36:23.203+0800: 925534.882: [GC (Allocation Failure) [PSYoungGen: 512480K->5856K(516096K)] 876848K->373916K(1040384K), 0.0196656 secs] [Times: user=0.03 sys=0.03, real=0.02 secs] 
2021-05-25T02:40:09.485+0800: 925761.165: [GC (Allocation Failure) [PSYoungGen: 513760K->4128K(516096K)] 881820K->377176K(1040384K), 0.0222675 secs] [Times: user=0.03 sys=0.03, real=0.02 secs] 
2021-05-25T02:43:54.777+0800: 925986.457: [GC (Allocation Failure) [PSYoungGen: 512032K->5472K(516096K)] 885080K->381582K(1040384K), 0.0200739 secs] [Times: user=0.02 sys=0.03, real=0.02 secs] 
2021-05-25T02:47:40.850+0800: 926212.530: [GC (Allocation Failure) [PSYoungGen: 513376K->4800K(516608K)] 889486K->385226K(1040896K), 0.0200706 secs] [Times: user=0.03 sys=0.03, real=0.02 secs] 
2021-05-25T02:51:27.808+0800: 926439.488: [GC (Allocation Failure) [PSYoungGen: 513216K->4768K(516096K)] 893642K->389086K(1040384K), 0.0236469 secs] [Times: user=0.03 sys=0.04, real=0.02 secs] 
2021-05-25T02:55:14.105+0800: 926665.784: [GC (Allocation Failure) [PSYoungGen: 513184K->5792K(516608K)] 897502K->393931K(1040896K), 0.0188166 secs] [Times: user=0.03 sys=0.03, real=0.02 secs] 
2021-05-25T02:59:01.508+0800: 926893.188: [GC (Allocation Failure) [PSYoungGen: 514720K->4800K(516608K)] 902859K->397247K(1040896K), 0.0175633 secs] [Times: user=0.06 sys=0.00, real=0.02 secs] 
2021-05-25T03:02:50.559+0800: 927122.238: [GC (Allocation Failure) [PSYoungGen: 513728K->2720K(516096K)] 906175K->399019K(1040384K), 0.0197561 secs] [Times: user=0.05 sys=0.00, real=0.02 secs] 
2021-05-25T03:06:37.890+0800: 927349.569: [GC (Allocation Failure) [PSYoungGen: 511648K->2624K(516608K)] 907947K->400307K(1040896K), 0.0201497 secs] [Times: user=0.03 sys=0.03, real=0.02 secs] 
2021-05-25T03:10:27.142+0800: 927578.822: [GC (Allocation Failure) [PSYoungGen: 511552K->2112K(516608K)] 909235K->401106K(1040896K), 0.0200573 secs] [Times: user=0.02 sys=0.03, real=0.03 secs] 
2021-05-25T03:14:15.516+0800: 927807.196: [GC (Allocation Failure) [PSYoungGen: 511040K->2400K(516608K)] 910034K->402370K(1040896K), 0.0207704 secs] [Times: user=0.02 sys=0.02, real=0.02 secs] 
2021-05-25T03:18:03.812+0800: 928035.492: [GC (Allocation Failure) [PSYoungGen: 511328K->2816K(516608K)] 911298K->403746K(1040896K), 0.0163580 secs] [Times: user=0.05 sys=0.00, real=0.01 secs] 
2021-05-25T03:21:49.839+0800: 928261.519: [GC (Allocation Failure) [PSYoungGen: 511744K->2432K(516608K)] 912674K->405033K(1040896K), 0.0177092 secs] [Times: user=0.03 sys=0.03, real=0.02 secs] 
2021-05-25T03:25:38.210+0800: 928489.890: [GC (Allocation Failure) [PSYoungGen: 511360K->3328K(517120K)] 913961K->407145K(1041408K), 0.0187215 secs] [Times: user=0.02 sys=0.03, real=0.02 secs] 
2021-05-25T03:29:24.347+0800: 928716.027: [GC (Allocation Failure) [PSYoungGen: 512768K->4320K(516608K)] 916585K->410272K(1040896K), 0.0182829 secs] [Times: user=0.03 sys=0.03, real=0.02 secs] 
2021-05-25T03:33:11.228+0800: 928942.908: [GC (Allocation Failure) [PSYoungGen: 513760K->4288K(517120K)] 919712K->413341K(1041408K), 0.0207954 secs] [Times: user=0.04 sys=0.04, real=0.02 secs] 
2021-05-25T03:36:58.842+0800: 929170.522: [GC (Allocation Failure) [PSYoungGen: 514240K->5888K(516096K)] 923293K->418139K(1040384K), 0.0211675 secs] [Times: user=0.06 sys=0.00, real=0.02 secs] 
2021-05-25T03:40:45.627+0800: 929397.307: [GC (Allocation Failure) [PSYoungGen: 515840K->3712K(517120K)] 928091K->420757K(1041408K), 0.0182985 secs] [Times: user=0.03 sys=0.03, real=0.02 secs] 
2021-05-25T03:44:33.215+0800: 929624.894: [GC (Allocation Failure) [PSYoungGen: 513152K->5184K(516608K)] 930197K->424835K(1040896K), 0.0223455 secs] [Times: user=0.03 sys=0.03, real=0.02 secs] 
2021-05-25T03:48:20.083+0800: 929851.763: [GC (Allocation Failure) [PSYoungGen: 514624K->7136K(512000K)] 934275K->431055K(1036288K), 0.0231070 secs] [Times: user=0.03 sys=0.04, real=0.02 secs] 
2021-05-25T03:52:02.700+0800: 930074.379: [GC (Allocation Failure) [PSYoungGen: 511968K->5632K(514560K)] 935887K->435664K(1038848K), 0.0237403 secs] [Times: user=0.04 sys=0.04, real=0.03 secs] 
2021-05-25T03:55:50.490+0800: 930302.169: [GC (Allocation Failure) [PSYoungGen: 510464K->3456K(515072K)] 940496K->437860K(1039360K), 0.0181175 secs] [Times: user=0.03 sys=0.04, real=0.02 secs] 
2021-05-25T03:59:38.425+0800: 930530.105: [GC (Allocation Failure) [PSYoungGen: 508800K->3072K(514560K)] 943204K->439858K(1038848K), 0.0350486 secs] [Times: user=0.03 sys=0.03, real=0.03 secs] 
2021-05-25T04:03:24.384+0800: 930756.064: [GC (Allocation Failure) [PSYoungGen: 508416K->5472K(515072K)] 945202K->444193K(1039360K), 0.0241003 secs] [Times: user=0.03 sys=0.04, real=0.02 secs] 
2021-05-25T04:07:07.404+0800: 930979.083: [GC (Allocation Failure) [PSYoungGen: 511328K->4640K(515072K)] 950049K->447502K(1039360K), 0.0176709 secs] [Times: user=0.03 sys=0.02, real=0.01 secs] 
2021-05-25T04:10:55.814+0800: 931207.494: [GC (Allocation Failure) [PSYoungGen: 510496K->4064K(516096K)] 953358K->450466K(1040384K), 0.0196703 secs] [Times: user=0.03 sys=0.04, real=0.02 secs] 
2021-05-25T04:14:41.591+0800: 931433.270: [GC (Allocation Failure) [PSYoungGen: 511456K->4128K(515584K)] 957858K->453416K(1039872K), 0.0205620 secs] [Times: user=0.03 sys=0.03, real=0.02 secs] 
2021-05-25T04:18:25.813+0800: 931657.492: [GC (Allocation Failure) [PSYoungGen: 511520K->4576K(516608K)] 960808K->456982K(1040896K), 0.0234543 secs] [Times: user=0.03 sys=0.03, real=0.02 secs] 
2021-05-25T04:22:13.482+0800: 931885.161: [GC (Allocation Failure) [PSYoungGen: 512992K->2912K(516096K)] 965398K->458938K(1040384K), 0.0190745 secs] [Times: user=0.03 sys=0.03, real=0.02 secs] 
2021-05-25T04:25:57.634+0800: 932109.314: [GC (Allocation Failure) [PSYoungGen: 511328K->3872K(516608K)] 967354K->461673K(1040896K), 0.0476831 secs] [Times: user=0.03 sys=0.04, real=0.04 secs] 
2021-05-25T04:29:44.091+0800: 932335.770: [GC (Allocation Failure) [PSYoungGen: 512800K->4352K(516608K)] 970601K->465047K(1040896K), 0.0200406 secs] [Times: user=0.04 sys=0.03, real=0.02 secs] 
2021-05-25T04:33:31.502+0800: 932563.182: [GC (Allocation Failure) [PSYoungGen: 513280K->3360K(517120K)] 973975K->467196K(1041408K), 0.0218584 secs] [Times: user=0.03 sys=0.04, real=0.02 secs] 
2021-05-25T04:37:15.796+0800: 932787.476: [GC (Allocation Failure) [PSYoungGen: 513312K->5632K(516096K)] 977148K->471754K(1040384K), 0.0244091 secs] [Times: user=0.03 sys=0.04, real=0.02 secs] 
2021-05-25T04:41:02.560+0800: 933014.240: [GC (Allocation Failure) [PSYoungGen: 515584K->2720K(516608K)] 981706K->473413K(1040896K), 0.0229865 secs] [Times: user=0.03 sys=0.03, real=0.03 secs] 
2021-05-25T04:44:51.942+0800: 933243.622: [GC (Allocation Failure) [PSYoungGen: 511648K->2144K(516608K)] 982341K->474341K(1040896K), 0.0183254 secs] [Times: user=0.03 sys=0.03, real=0.01 secs] 
2021-05-25T04:48:40.157+0800: 933471.836: [GC (Allocation Failure) [PSYoungGen: 511072K->3776K(517120K)] 983269K->476941K(1041408K), 0.0226847 secs] [Times: user=0.03 sys=0.03, real=0.02 secs] 
2021-05-25T04:52:26.764+0800: 933698.444: [GC (Allocation Failure) [PSYoungGen: 513216K->3648K(516608K)] 986381K->479299K(1040896K), 0.0202155 secs] [Times: user=0.03 sys=0.04, real=0.02 secs] 
2021-05-25T04:56:18.137+0800: 933929.817: [GC (Allocation Failure) [PSYoungGen: 513088K->2624K(517120K)] 988739K->480905K(1041408K), 0.0200391 secs] [Times: user=0.03 sys=0.03, real=0.02 secs] 
2021-05-25T05:00:06.124+0800: 934157.804: [GC (Allocation Failure) [PSYoungGen: 512576K->4832K(517120K)] 990857K->484320K(1041408K), 0.0224587 secs] [Times: user=0.03 sys=0.04, real=0.02 secs] 
2021-05-25T05:03:58.215+0800: 934389.895: [GC (Allocation Failure) [PSYoungGen: 514784K->7168K(510976K)] 994272K->493228K(1035264K), 0.0616293 secs] [Times: user=0.04 sys=0.04, real=0.06 secs] 
2021-05-25T05:07:52.694+0800: 934624.374: [GC (Allocation Failure) [PSYoungGen: 510976K->9088K(513024K)] 997036K->502587K(1037312K), 0.0320053 secs] [Times: user=0.04 sys=0.04, real=0.03 secs] 
2021-05-25T05:11:46.071+0800: 934857.751: [GC (Allocation Failure) [PSYoungGen: 512896K->7040K(513024K)] 1006395K->508156K(1037312K), 0.0261223 secs] [Times: user=0.03 sys=0.04, real=0.03 secs] 
2021-05-25T05:15:32.753+0800: 935084.433: [GC (Allocation Failure) [PSYoungGen: 508800K->7232K(513024K)] 1009916K->514104K(1037312K), 0.0221352 secs] [Times: user=0.07 sys=0.00, real=0.02 secs] 
2021-05-25T05:19:21.697+0800: 935313.376: [GC (Allocation Failure) [PSYoungGen: 508992K->6912K(513024K)] 1015864K->519850K(1037312K), 0.0285283 secs] [Times: user=0.07 sys=0.00, real=0.03 secs] 
2021-05-25T05:23:12.025+0800: 935543.705: [GC (Allocation Failure) [PSYoungGen: 508672K->6400K(513024K)] 1021610K->524413K(1037312K), 0.0246924 secs] [Times: user=0.03 sys=0.04, real=0.02 secs] 
2021-05-25T05:23:12.050+0800: 935543.730: [Full GC (Ergonomics) [PSYoungGen: 6400K->0K(513024K)] [ParOldGen: 518013K->285441K(524288K)] 524413K->285441K(1037312K), [Metaspace: 95452K->95452K(1136640K)], 0.5043164 secs] [Times: user=1.12 sys=0.00, real=0.51 secs] 
2021-05-25T05:27:02.324+0800: 935774.004: [GC (Allocation Failure) [PSYoungGen: 501760K->8032K(513024K)] 787201K->293473K(1037312K), 0.0205292 secs] [Times: user=0.03 sys=0.02, real=0.02 secs] 
2021-05-25T05:30:52.570+0800: 936004.249: [GC (Allocation Failure) [PSYoungGen: 509792K->10752K(513024K)] 795233K->302819K(1037312K), 0.0280851 secs] [Times: user=0.04 sys=0.05, real=0.03 secs] 
2021-05-25T05:34:41.487+0800: 936233.166: [GC (Allocation Failure) [PSYoungGen: 512512K->11232K(502784K)] 804579K->311013K(1027072K), 0.0235645 secs] [Times: user=0.04 sys=0.04, real=0.02 secs] 
2021-05-25T05:38:27.327+0800: 936459.006: [GC (Allocation Failure) [PSYoungGen: 502752K->9600K(507904K)] 802533K->317359K(1032192K), 0.0265608 secs] [Times: user=0.03 sys=0.04, real=0.03 secs] 
2021-05-25T05:42:14.196+0800: 936685.875: [GC (Allocation Failure) [PSYoungGen: 501120K->7360K(508416K)] 808879K->321987K(1032704K), 0.0239913 secs] [Times: user=0.03 sys=0.04, real=0.02 secs] 
2021-05-25T05:46:03.279+0800: 936914.959: [GC (Allocation Failure) [PSYoungGen: 499392K->11424K(507904K)] 814019K->331879K(1032192K), 0.0693761 secs] [Times: user=0.05 sys=0.05, real=0.07 secs] 
2021-05-25T05:49:48.319+0800: 937139.998: [GC (Allocation Failure) [PSYoungGen: 503456K->10720K(507904K)] 823911K->339505K(1032192K), 0.0550247 secs] [Times: user=0.03 sys=0.03, real=0.06 secs] 
2021-05-25T05:53:33.794+0800: 937365.474: [GC (Allocation Failure) [PSYoungGen: 502240K->11040K(507904K)] 831025K->348442K(1032192K), 0.0276109 secs] [Times: user=0.03 sys=0.03, real=0.02 secs] 
2021-05-25T05:57:18.530+0800: 937590.209: [GC (Allocation Failure) [PSYoungGen: 502560K->12256K(506880K)] 839962K->357670K(1031168K), 0.0223881 secs] [Times: user=0.04 sys=0.04, real=0.03 secs] 
2021-05-25T06:01:06.115+0800: 937817.795: [GC (Allocation Failure) [PSYoungGen: 502752K->7456K(507392K)] 848166K->361966K(1031680K), 0.0216665 secs] [Times: user=0.04 sys=0.03, real=0.02 secs] 
2021-05-25T06:04:55.728+0800: 938047.407: [GC (Allocation Failure) [PSYoungGen: 497952K->6496K(507904K)] 852462K->367008K(1032192K), 0.0191387 secs] [Times: user=0.03 sys=0.03, real=0.02 secs] 
2021-05-25T06:08:43.632+0800: 938275.312: [GC (Allocation Failure) [PSYoungGen: 498016K->8640K(507904K)] 858528K->374323K(1032192K), 0.0655653 secs] [Times: user=0.04 sys=0.02, real=0.07 secs] 
2021-05-25T06:12:29.112+0800: 938500.792: [GC (Allocation Failure) [PSYoungGen: 500160K->7232K(508928K)] 865843K->380132K(1033216K), 0.0207370 secs] [Times: user=0.07 sys=0.00, real=0.02 secs] 
2021-05-25T06:16:17.583+0800: 938729.263: [GC (Allocation Failure) [PSYoungGen: 500800K->7808K(508928K)] 873700K->386478K(1033216K), 0.0372726 secs] [Times: user=0.03 sys=0.03, real=0.03 secs] 
2021-05-25T06:20:02.127+0800: 938953.807: [GC (Allocation Failure) [PSYoungGen: 501376K->11488K(508416K)] 880046K->395580K(1032704K), 0.0234107 secs] [Times: user=0.03 sys=0.04, real=0.02 secs] 
2021-05-25T06:23:47.378+0800: 939179.057: [GC (Allocation Failure) [PSYoungGen: 505056K->10656K(508928K)] 889148K->403495K(1033216K), 0.0229521 secs] [Times: user=0.03 sys=0.03, real=0.02 secs] 
2021-05-25T06:27:32.686+0800: 939404.365: [GC (Allocation Failure) [PSYoungGen: 504224K->8672K(509440K)] 897063K->409656K(1033728K), 0.0256090 secs] [Times: user=0.03 sys=0.03, real=0.02 secs] 
2021-05-25T06:31:21.363+0800: 939633.043: [GC (Allocation Failure) [PSYoungGen: 502752K->8576K(508928K)] 903736K->416268K(1033216K), 0.0253976 secs] [Times: user=0.03 sys=0.03, real=0.02 secs] 
2021-05-25T06:35:08.454+0800: 939860.134: [GC (Allocation Failure) [PSYoungGen: 502656K->11072K(509952K)] 910348K->424672K(1034240K), 0.0324067 secs] [Times: user=0.03 sys=0.04, real=0.03 secs] 
2021-05-25T06:38:54.187+0800: 940085.867: [GC (Allocation Failure) [PSYoungGen: 506688K->9856K(509952K)] 920288K->431819K(1034240K), 0.0528934 secs] [Times: user=0.07 sys=0.00, real=0.05 secs] 
2021-05-25T06:42:44.236+0800: 940315.915: [GC (Allocation Failure) [PSYoungGen: 505472K->6624K(509952K)] 927435K->437003K(1034240K), 0.0694477 secs] [Times: user=0.05 sys=0.00, real=0.07 secs] 
2021-05-25T06:46:34.288+0800: 940545.968: [GC (Allocation Failure) [PSYoungGen: 502240K->6624K(509952K)] 932619K->442374K(1034240K), 0.0389220 secs] [Times: user=0.03 sys=0.03, real=0.04 secs] 
2021-05-25T06:50:23.935+0800: 940775.615: [GC (Allocation Failure) [PSYoungGen: 502240K->6208K(510464K)] 937990K->447824K(1034752K), 0.0206983 secs] [Times: user=0.03 sys=0.03, real=0.02 secs] 
2021-05-25T06:54:11.175+0800: 941002.855: [GC (Allocation Failure) [PSYoungGen: 502336K->7552K(509952K)] 943952K->454452K(1034240K), 0.0215665 secs] [Times: user=0.03 sys=0.04, real=0.02 secs] 
2021-05-25T06:57:59.105+0800: 941230.784: [GC (Allocation Failure) [PSYoungGen: 503680K->7976K(510976K)] 950580K->460649K(1035264K), 0.0199235 secs] [Times: user=0.03 sys=0.03, real=0.02 secs] 
2021-05-25T07:01:50.627+0800: 941462.307: [GC (Allocation Failure) [PSYoungGen: 505128K->6080K(510464K)] 957801K->465570K(1034752K), 0.0198022 secs] [Times: user=0.03 sys=0.03, real=0.02 secs] 
2021-05-25T07:05:41.338+0800: 941693.018: [GC (Allocation Failure) [PSYoungGen: 503232K->5760K(511488K)] 962722K->470182K(1035776K), 0.0205555 secs] [Times: user=0.03 sys=0.04, real=0.02 secs] 
2021-05-25T07:09:31.906+0800: 941923.586: [GC (Allocation Failure) [PSYoungGen: 503936K->3392K(510976K)] 968358K->472305K(1035264K), 0.0194359 secs] [Times: user=0.03 sys=0.03, real=0.02 secs] 
2021-05-25T07:13:23.231+0800: 942154.911: [GC (Allocation Failure) [PSYoungGen: 501568K->4928K(510976K)] 970481K->476023K(1035264K), 0.0174941 secs] [Times: user=0.03 sys=0.03, real=0.02 secs] 
2021-05-25T07:17:14.447+0800: 942386.127: [GC (Allocation Failure) [PSYoungGen: 502592K->2784K(510976K)] 973687K->478027K(1035264K), 0.0182930 secs] [Times: user=0.02 sys=0.03, real=0.02 secs] 
2021-05-25T07:21:03.425+0800: 942615.105: [GC (Allocation Failure) [PSYoungGen: 500448K->5440K(511488K)] 975691K->482386K(1035776K), 0.0182721 secs] [Times: user=0.03 sys=0.03, real=0.02 secs] 
2021-05-25T07:24:55.146+0800: 942846.825: [GC (Allocation Failure) [PSYoungGen: 503616K->6688K(510976K)] 980562K->487830K(1035264K), 0.0188221 secs] [Times: user=0.06 sys=0.00, real=0.02 secs] 
2021-05-25T07:28:45.745+0800: 943077.425: [GC (Allocation Failure) [PSYoungGen: 504864K->3872K(512000K)] 986006K->490376K(1036288K), 0.0186334 secs] [Times: user=0.03 sys=0.03, real=0.02 secs] 
2021-05-25T07:32:34.982+0800: 943306.662: [GC (Allocation Failure) [PSYoungGen: 503584K->7872K(512000K)] 990088K->497039K(1036288K), 0.0211740 secs] [Times: user=0.02 sys=0.02, real=0.03 secs] 
2021-05-25T07:36:28.761+0800: 943540.441: [GC (Allocation Failure) [PSYoungGen: 507584K->5280K(512512K)] 996751K->500537K(1036800K), 0.0190049 secs] [Times: user=0.03 sys=0.03, real=0.02 secs] 
2021-05-25T07:40:19.711+0800: 943771.390: [GC (Allocation Failure) [PSYoungGen: 505504K->3040K(512000K)] 1000761K->502692K(1036288K), 0.0175720 secs] [Times: user=0.03 sys=0.03, real=0.02 secs] 
2021-05-25T07:44:14.618+0800: 944006.298: [GC (Allocation Failure) [PSYoungGen: 503264K->2656K(512512K)] 1002916K->504354K(1036800K), 0.0173673 secs] [Times: user=0.06 sys=0.00, real=0.02 secs] 
2021-05-25T07:48:05.426+0800: 944237.106: [GC (Allocation Failure) [PSYoungGen: 503392K->3456K(512512K)] 1005090K->506722K(1036800K), 0.0204386 secs] [Times: user=0.06 sys=0.00, real=0.02 secs] 
2021-05-25T07:51:58.125+0800: 944469.805: [GC (Allocation Failure) [PSYoungGen: 504192K->5856K(513024K)] 1007458K->511616K(1037312K), 0.0181701 secs] [Times: user=0.03 sys=0.03, real=0.02 secs] 
2021-05-25T07:55:50.500+0800: 944702.180: [GC (Allocation Failure) [PSYoungGen: 507104K->5984K(512512K)] 1012864K->516572K(1036800K), 0.0193307 secs] [Times: user=0.03 sys=0.03, real=0.02 secs] 
2021-05-25T07:59:43.865+0800: 944935.545: [GC (Allocation Failure) [PSYoungGen: 507232K->2560K(513536K)] 1017820K->518310K(1037824K), 0.0173821 secs] [Times: user=0.03 sys=0.03, real=0.02 secs] 
2021-05-25T07:59:43.883+0800: 944935.563: [Full GC (Ergonomics) [PSYoungGen: 2560K->0K(513536K)] [ParOldGen: 515750K->296851K(524288K)] 518310K->296851K(1037824K), [Metaspace: 95452K->95452K(1136640K)], 0.4562267 secs] [Times: user=1.02 sys=0.00, real=0.45 secs] 
2021-05-25T08:03:35.825+0800: 945167.504: [GC (Allocation Failure) [PSYoungGen: 502784K->3712K(513536K)] 799635K->300563K(1037824K), 0.0164756 secs] [Times: user=0.02 sys=0.02, real=0.01 secs] 
2021-05-25T08:07:28.232+0800: 945399.912: [GC (Allocation Failure) [PSYoungGen: 506496K->3200K(514048K)] 803347K->302289K(1038336K), 0.0186359 secs] [Times: user=0.03 sys=0.03, real=0.01 secs] 
2021-05-25T08:11:22.103+0800: 945633.783: [GC (Allocation Failure) [PSYoungGen: 506496K->4640K(513536K)] 805585K->305640K(1037824K), 0.0189665 secs] [Times: user=0.03 sys=0.02, real=0.02 secs] 
2021-05-25T08:15:17.528+0800: 945869.207: [GC (Allocation Failure) [PSYoungGen: 507936K->4000K(514560K)] 808936K->308261K(1038848K), 0.0173853 secs] [Times: user=0.03 sys=0.02, real=0.02 secs] 
2021-05-25T08:19:12.787+0800: 946104.467: [GC (Allocation Failure) [PSYoungGen: 508832K->2400K(514560K)] 813093K->309674K(1038848K), 0.0153191 secs] [Times: user=0.02 sys=0.03, real=0.02 secs] 
2021-05-25T08:23:08.842+0800: 946340.522: [GC (Allocation Failure) [PSYoungGen: 507232K->2464K(515072K)] 814506K->311009K(1039360K), 0.0164332 secs] [Times: user=0.03 sys=0.03, real=0.02 secs] 
2021-05-25T08:27:03.399+0800: 946575.079: [GC (Allocation Failure) [PSYoungGen: 507808K->5344K(514560K)] 816353K->315200K(1038848K), 0.0207558 secs] [Times: user=0.03 sys=0.03, real=0.02 secs] 
2021-05-25T08:30:57.014+0800: 946808.694: [GC (Allocation Failure) [PSYoungGen: 510688K->7456K(513024K)] 820544K->321748K(1037312K), 0.0180319 secs] [Times: user=0.03 sys=0.03, real=0.02 secs] 
2021-05-25T08:34:50.157+0800: 947041.836: [GC (Allocation Failure) [PSYoungGen: 511264K->5504K(514048K)] 825556K->326341K(1038336K), 0.0206877 secs] [Times: user=0.04 sys=0.03, real=0.02 secs] 
2021-05-25T08:38:43.605+0800: 947275.285: [GC (Allocation Failure) [PSYoungGen: 509312K->4576K(515072K)] 830149K->329170K(1039360K), 0.0211292 secs] [Times: user=0.02 sys=0.03, real=0.02 secs] 
2021-05-25T08:42:39.487+0800: 947511.167: [GC (Allocation Failure) [PSYoungGen: 509920K->4800K(514560K)] 834514K->333054K(1038848K), 0.0202960 secs] [Times: user=0.02 sys=0.03, real=0.02 secs] 
2021-05-25T08:46:30.613+0800: 947742.292: [GC (Allocation Failure) [PSYoungGen: 510144K->7968K(513536K)] 838398K->340011K(1037824K), 0.0240660 secs] [Times: user=0.07 sys=0.00, real=0.02 secs] 
2021-05-25T08:50:26.178+0800: 947977.858: [GC (Allocation Failure) [PSYoungGen: 512800K->5248K(514560K)] 844843K->343645K(1038848K), 0.0267494 secs] [Times: user=0.03 sys=0.03, real=0.03 secs] 
2021-05-25T08:54:20.809+0800: 948212.488: [GC (Allocation Failure) [PSYoungGen: 510080K->5024K(515584K)] 848477K->347608K(1039872K), 0.0226803 secs] [Times: user=0.03 sys=0.03, real=0.02 secs] 
2021-05-25T08:58:15.577+0800: 948447.257: [GC (Allocation Failure) [PSYoungGen: 511392K->2816K(515072K)] 853976K->349164K(1039360K), 0.0263499 secs] [Times: user=0.02 sys=0.03, real=0.03 secs] 
2021-05-25T09:02:10.326+0800: 948682.006: [GC (Allocation Failure) [PSYoungGen: 509184K->4064K(515584K)] 855532K->352115K(1039872K), 0.0199148 secs] [Times: user=0.02 sys=0.02, real=0.02 secs] 
2021-05-25T09:06:06.050+0800: 948917.730: [GC (Allocation Failure) [PSYoungGen: 510432K->6080K(515072K)] 858483K->356953K(1039360K), 0.0211461 secs] [Times: user=0.02 sys=0.03, real=0.02 secs] 
2021-05-25T09:10:01.237+0800: 949152.916: [GC (Allocation Failure) [PSYoungGen: 512448K->2784K(515584K)] 863321K->358659K(1039872K), 0.0730716 secs] [Times: user=0.06 sys=0.00, real=0.07 secs] 
2021-05-25T09:13:56.824+0800: 949388.504: [GC (Allocation Failure) [PSYoungGen: 509664K->3456K(515584K)] 865539K->360770K(1039872K), 0.0157213 secs] [Times: user=0.03 sys=0.02, real=0.01 secs] 
2021-05-25T09:17:52.966+0800: 949624.645: [GC (Allocation Failure) [PSYoungGen: 510336K->2208K(515584K)] 867650K->362008K(1039872K), 0.0153944 secs] [Times: user=0.02 sys=0.03, real=0.01 secs] 
2021-05-25T09:21:45.609+0800: 949857.288: [GC (Allocation Failure) [PSYoungGen: 509088K->2880K(515584K)] 868888K->363728K(1039872K), 0.0196151 secs] [Times: user=0.03 sys=0.02, real=0.02 secs] 
2021-05-25T09:25:38.198+0800: 950089.878: [GC (Allocation Failure) [PSYoungGen: 509760K->6432K(515584K)] 870608K->368863K(1039872K), 0.0185476 secs] [Times: user=0.03 sys=0.03, real=0.02 secs] 
2021-05-25T09:29:34.339+0800: 950326.018: [GC (Allocation Failure) [PSYoungGen: 513312K->2592K(515584K)] 875743K->370656K(1039872K), 0.0181707 secs] [Times: user=0.06 sys=0.00, real=0.02 secs] 
2021-05-25T09:33:33.408+0800: 950565.088: [GC (Allocation Failure) [PSYoungGen: 509472K->3648K(515584K)] 877536K->373223K(1039872K), 0.0186092 secs] [Times: user=0.03 sys=0.03, real=0.02 secs] 
2021-05-25T09:37:28.750+0800: 950800.430: [GC (Allocation Failure) [PSYoungGen: 510528K->2848K(515584K)] 880103K->374982K(1039872K), 0.0191001 secs] [Times: user=0.03 sys=0.03, real=0.02 secs] 
2021-05-25T09:41:24.377+0800: 951036.057: [GC (Allocation Failure) [PSYoungGen: 509728K->5728K(515072K)] 881862K->379613K(1039360K), 0.0190597 secs] [Times: user=0.03 sys=0.03, real=0.02 secs] 
2021-05-25T09:45:21.831+0800: 951273.510: [GC (Allocation Failure) [PSYoungGen: 512608K->2624K(515584K)] 886493K->381072K(1039872K), 0.0597873 secs] [Times: user=0.03 sys=0.03, real=0.06 secs] 
2021-05-25T09:49:16.830+0800: 951508.509: [GC (Allocation Failure) [PSYoungGen: 509504K->2368K(516096K)] 887952K->382319K(1040384K), 0.0191165 secs] [Times: user=0.02 sys=0.02, real=0.02 secs] 
2021-05-25T09:53:16.591+0800: 951748.270: [GC (Allocation Failure) [PSYoungGen: 510272K->3104K(516096K)] 890223K->384350K(1040384K), 0.0188674 secs] [Times: user=0.03 sys=0.03, real=0.02 secs] 
2021-05-25T09:57:16.527+0800: 951988.207: [GC (Allocation Failure) [PSYoungGen: 511008K->3104K(516608K)] 892254K->386373K(1040896K), 0.0187932 secs] [Times: user=0.03 sys=0.02, real=0.02 secs] 
2021-05-25T10:01:11.839+0800: 952223.519: [GC (Allocation Failure) [PSYoungGen: 511520K->3808K(516096K)] 894789K->388859K(1040384K), 0.0185216 secs] [Times: user=0.03 sys=0.03, real=0.02 secs] 
2021-05-25T10:05:06.647+0800: 952458.326: [GC (Allocation Failure) [PSYoungGen: 512224K->4096K(517120K)] 897275K->391857K(1041408K), 0.0179853 secs] [Times: user=0.03 sys=0.02, real=0.02 secs] 
2021-05-25T10:09:03.077+0800: 952694.756: [GC (Allocation Failure) [PSYoungGen: 514048K->5856K(516096K)] 901809K->396350K(1040384K), 0.0192332 secs] [Times: user=0.03 sys=0.03, real=0.02 secs] 
2021-05-25T10:13:02.079+0800: 952933.759: [GC (Allocation Failure) [PSYoungGen: 515808K->5664K(516608K)] 906302K->400274K(1040896K), 0.0180858 secs] [Times: user=0.03 sys=0.03, real=0.02 secs] 
2021-05-25T10:16:54.851+0800: 953166.531: [GC (Allocation Failure) [PSYoungGen: 514592K->7520K(516608K)] 909202K->406470K(1040896K), 0.0214605 secs] [Times: user=0.03 sys=0.03, real=0.03 secs] 
2021-05-25T10:20:51.802+0800: 953403.482: [GC (Allocation Failure) [PSYoungGen: 516448K->4224K(515584K)] 915398K->409335K(1039872K), 0.0182371 secs] [Times: user=0.06 sys=0.00, real=0.01 secs] 
2021-05-25T10:24:44.679+0800: 953636.358: [GC (Allocation Failure) [PSYoungGen: 512128K->4864K(516096K)] 917239K->412996K(1040384K), 0.0186455 secs] [Times: user=0.02 sys=0.03, real=0.02 secs] 
2021-05-25T10:28:42.614+0800: 953874.294: [GC (Allocation Failure) [PSYoungGen: 512768K->2208K(516096K)] 920900K->414311K(1040384K), 0.0176254 secs] [Times: user=0.03 sys=0.02, real=0.01 secs] 
2021-05-25T10:32:37.792+0800: 954109.472: [GC (Allocation Failure) [PSYoungGen: 510112K->2304K(516096K)] 922215K->415487K(1040384K), 0.0166167 secs] [Times: user=0.03 sys=0.02, real=0.02 secs] 
2021-05-25T10:36:32.266+0800: 954343.946: [GC (Allocation Failure) [PSYoungGen: 510208K->3936K(516608K)] 923391K->418207K(1040896K), 0.0195265 secs] [Times: user=0.03 sys=0.03, real=0.02 secs] 
2021-05-25T10:40:27.392+0800: 954579.071: [GC (Allocation Failure) [PSYoungGen: 512352K->2304K(516096K)] 926623K->419532K(1040384K), 0.0156214 secs] [Times: user=0.03 sys=0.03, real=0.02 secs] 
2021-05-25T10:44:22.645+0800: 954814.324: [GC (Allocation Failure) [PSYoungGen: 510720K->3648K(516608K)] 927948K->421932K(1040896K), 0.0308997 secs] [Times: user=0.03 sys=0.03, real=0.03 secs] 
2021-05-25T10:48:20.473+0800: 955052.152: [GC (Allocation Failure) [PSYoungGen: 512576K->2720K(516608K)] 930860K->423554K(1040896K), 0.0185031 secs] [Times: user=0.06 sys=0.00, real=0.01 secs] 
2021-05-25T10:52:17.525+0800: 955289.204: [GC (Allocation Failure) [PSYoungGen: 511648K->3136K(517120K)] 932482K->425537K(1041408K), 0.0181986 secs] [Times: user=0.03 sys=0.02, real=0.02 secs] 
2021-05-25T10:56:11.666+0800: 955523.346: [GC (Allocation Failure) [PSYoungGen: 513088K->2784K(517120K)] 935489K->427207K(1041408K), 0.0172093 secs] [Times: user=0.02 sys=0.02, real=0.02 secs] 
2021-05-25T11:00:10.891+0800: 955762.571: [GC (Allocation Failure) [PSYoungGen: 512735K->5472K(517120K)] 937159K->431414K(1041408K), 0.0212880 secs] [Times: user=0.03 sys=0.04, real=0.03 secs] 
2021-05-25T11:04:07.482+0800: 955999.162: [GC (Allocation Failure) [PSYoungGen: 515424K->2816K(517120K)] 941366K->433201K(1041408K), 0.0191686 secs] [Times: user=0.03 sys=0.03, real=0.02 secs] 
2021-05-25T11:08:05.539+0800: 956237.218: [GC (Allocation Failure) [PSYoungGen: 512768K->2720K(517120K)] 943153K->434497K(1041408K), 0.0217564 secs] [Times: user=0.03 sys=0.03, real=0.02 secs] 
2021-05-25T11:11:59.946+0800: 956471.626: [GC (Allocation Failure) [PSYoungGen: 512672K->4864K(517120K)] 944449K->438056K(1041408K), 0.0213562 secs] [Times: user=0.03 sys=0.04, real=0.02 secs] 
2021-05-25T11:15:57.650+0800: 956709.329: [GC (Allocation Failure) [PSYoungGen: 514816K->4928K(517120K)] 948008K->441798K(1041408K), 0.0247457 secs] [Times: user=0.03 sys=0.04, real=0.03 secs] 
2021-05-25T11:19:53.832+0800: 956945.512: [GC (Allocation Failure) [PSYoungGen: 514880K->2016K(517120K)] 951750K->442849K(1041408K), 0.0192790 secs] [Times: user=0.03 sys=0.03, real=0.02 secs] 
2021-05-25T11:23:48.516+0800: 957180.195: [GC (Allocation Failure) [PSYoungGen: 511968K->3360K(517120K)] 952801K->445017K(1041408K), 0.0174733 secs] [Times: user=0.03 sys=0.03, real=0.02 secs] 
2021-05-25T11:27:43.915+0800: 957415.595: [GC (Allocation Failure) [PSYoungGen: 513312K->4672K(517120K)] 954969K->448623K(1041408K), 0.0218257 secs] [Times: user=0.02 sys=0.04, real=0.02 secs] 
2021-05-25T11:31:39.747+0800: 957651.427: [GC (Allocation Failure) [PSYoungGen: 514624K->3904K(517632K)] 958575K->451587K(1041920K), 0.0199931 secs] [Times: user=0.03 sys=0.03, real=0.02 secs] 
2021-05-25T11:35:39.025+0800: 957890.705: [GC (Allocation Failure) [PSYoungGen: 514368K->3840K(517120K)] 962051K->454233K(1041408K), 0.0182098 secs] [Times: user=0.05 sys=0.00, real=0.02 secs] 
2021-05-25T11:39:37.572+0800: 958129.252: [GC (Allocation Failure) [PSYoungGen: 514304K->3712K(518144K)] 964697K->456934K(1042432K), 0.0199176 secs] [Times: user=0.03 sys=0.02, real=0.02 secs] 
2021-05-25T11:43:35.351+0800: 958367.030: [GC (Allocation Failure) [PSYoungGen: 515200K->6112K(517632K)] 968422K->461988K(1041920K), 0.0191887 secs] [Times: user=0.03 sys=0.03, real=0.02 secs] 
2021-05-25T11:47:30.896+0800: 958602.575: [GC (Allocation Failure) [PSYoungGen: 517600K->4960K(515584K)] 973476K->466055K(1039872K), 0.0197331 secs] [Times: user=0.06 sys=0.00, real=0.02 secs] 
2021-05-25T11:51:27.638+0800: 958839.318: [GC (Allocation Failure) [PSYoungGen: 513888K->2784K(516608K)] 974983K->467899K(1040896K), 0.0185583 secs] [Times: user=0.03 sys=0.03, real=0.02 secs] 
2021-05-25T11:55:23.477+0800: 959075.157: [GC (Allocation Failure) [PSYoungGen: 511705K->3360K(516608K)] 976820K->470249K(1040896K), 0.0179382 secs] [Times: user=0.03 sys=0.03, real=0.02 secs] 
2021-05-25T11:59:21.557+0800: 959313.237: [GC (Allocation Failure) [PSYoungGen: 512288K->4192K(516608K)] 979177K->473136K(1040896K), 0.0172129 secs] [Times: user=0.03 sys=0.03, real=0.02 secs] 
2021-05-25T12:03:16.943+0800: 959548.623: [GC (Allocation Failure) [PSYoungGen: 513120K->4960K(517120K)] 982064K->477028K(1041408K), 0.0202379 secs] [Times: user=0.06 sys=0.00, real=0.02 secs] 
2021-05-25T12:07:10.882+0800: 959782.562: [GC (Allocation Failure) [PSYoungGen: 514912K->4960K(517120K)] 986980K->480649K(1041408K), 0.0240491 secs] [Times: user=0.03 sys=0.03, real=0.02 secs] 
2021-05-25T12:11:08.218+0800: 960019.898: [GC (Allocation Failure) [PSYoungGen: 514912K->3616K(517120K)] 990601K->483173K(1041408K), 0.0211781 secs] [Times: user=0.03 sys=0.03, real=0.02 secs] 
2021-05-25T12:15:03.183+0800: 960254.863: [GC (Allocation Failure) [PSYoungGen: 513568K->3936K(517120K)] 993125K->486058K(1041408K), 0.0187144 secs] [Times: user=0.06 sys=0.00, real=0.01 secs] 
2021-05-25T12:19:01.299+0800: 960492.979: [GC (Allocation Failure) [PSYoungGen: 513888K->3296K(517632K)] 996010K->488431K(1041920K), 0.0177182 secs] [Times: user=0.05 sys=0.00, real=0.02 secs] 
2021-05-25T12:22:58.486+0800: 960730.166: [GC (Allocation Failure) [PSYoungGen: 513760K->2528K(517120K)] 998895K->489933K(1041408K), 0.0269438 secs] [Times: user=0.03 sys=0.03, real=0.03 secs] 
2021-05-25T12:26:55.872+0800: 960967.552: [GC (Allocation Failure) [PSYoungGen: 512992K->4416K(517632K)] 1000397K->493141K(1041920K), 0.0202167 secs] [Times: user=0.03 sys=0.02, real=0.02 secs] 
2021-05-25T12:30:54.851+0800: 961206.531: [GC (Allocation Failure) [PSYoungGen: 515392K->3936K(517632K)] 1004117K->495922K(1041920K), 0.0223481 secs] [Times: user=0.04 sys=0.03, real=0.03 secs] 
2021-05-25T12:34:51.747+0800: 961443.426: [GC (Allocation Failure) [PSYoungGen: 514912K->4704K(517632K)] 1006898K->499415K(1041920K), 0.0221165 secs] [Times: user=0.03 sys=0.03, real=0.02 secs] 
2021-05-25T12:38:45.094+0800: 961676.774: [GC (Allocation Failure) [PSYoungGen: 515680K->6208K(517632K)] 1010391K->504228K(1041920K), 0.0213631 secs] [Times: user=0.04 sys=0.03, real=0.02 secs] 
2021-05-25T12:42:44.796+0800: 961916.476: [GC (Allocation Failure) [PSYoungGen: 517180K->3008K(516608K)] 1015201K->506230K(1040896K), 0.0282038 secs] [Times: user=0.04 sys=0.05, real=0.03 secs] 
2021-05-25T12:46:40.778+0800: 962152.457: [GC (Allocation Failure) [PSYoungGen: 512960K->4896K(517120K)] 1016182K->509973K(1041408K), 0.0236082 secs] [Times: user=0.03 sys=0.03, real=0.02 secs] 
2021-05-25T12:50:38.880+0800: 962390.559: [GC (Allocation Failure) [PSYoungGen: 514848K->3520K(517120K)] 1019925K->512593K(1041408K), 0.0236052 secs] [Times: user=0.03 sys=0.04, real=0.03 secs] 
2021-05-25T12:54:32.474+0800: 962624.154: [GC (Allocation Failure) [PSYoungGen: 513472K->4032K(517120K)] 1022545K->515622K(1041408K), 0.0225879 secs] [Times: user=0.03 sys=0.04, real=0.02 secs] 
2021-05-25T12:58:23.954+0800: 962855.633: [GC (Allocation Failure) [PSYoungGen: 513984K->6024K(516608K)] 1025574K->520589K(1040896K), 0.0208192 secs] [Times: user=0.07 sys=0.00, real=0.02 secs] 
2021-05-25T13:02:19.053+0800: 963090.732: [GC (Allocation Failure) [PSYoungGen: 515976K->6752K(517120K)] 1030541K->526240K(1041408K), 0.0313495 secs] [Times: user=0.09 sys=0.00, real=0.03 secs] 
2021-05-25T13:02:19.085+0800: 963090.764: [Full GC (Ergonomics) [PSYoungGen: 6752K->0K(517120K)] [ParOldGen: 519488K->266787K(524288K)] 526240K->266787K(1041408K), [Metaspace: 95452K->95448K(1136640K)], 0.6278360 secs] [Times: user=1.24 sys=0.00, real=0.63 secs] 
2021-05-25T13:06:16.101+0800: 963327.781: [GC (Allocation Failure) [PSYoungGen: 509952K->5600K(516096K)] 776739K->272387K(1040384K), 0.0263500 secs] [Times: user=0.04 sys=0.04, real=0.03 secs] 
2021-05-25T13:10:09.346+0800: 963561.025: [GC (Allocation Failure) [PSYoungGen: 514528K->3424K(516608K)] 781315K->274767K(1040896K), 0.0222801 secs] [Times: user=0.03 sys=0.04, real=0.02 secs] 
2021-05-25T13:14:07.007+0800: 963798.687: [GC (Allocation Failure) [PSYoungGen: 512352K->5088K(516608K)] 783695K->278765K(1040896K), 0.0199722 secs] [Times: user=0.03 sys=0.03, real=0.02 secs] 
2021-05-25T13:18:03.584+0800: 964035.264: [GC (Allocation Failure) [PSYoungGen: 514016K->3552K(516608K)] 787693K->281433K(1040896K), 0.0220942 secs] [Times: user=0.03 sys=0.04, real=0.02 secs] 
2021-05-25T13:22:00.328+0800: 964272.008: [GC (Allocation Failure) [PSYoungGen: 512480K->2944K(516608K)] 790361K->283334K(1040896K), 0.0205774 secs] [Times: user=0.03 sys=0.04, real=0.02 secs] 
2021-05-25T13:25:57.745+0800: 964509.424: [GC (Allocation Failure) [PSYoungGen: 511872K->3168K(516608K)] 792262K->285445K(1040896K), 0.0206519 secs] [Times: user=0.03 sys=0.04, real=0.02 secs] 
2021-05-25T13:29:54.342+0800: 964746.022: [GC (Allocation Failure) [PSYoungGen: 512096K->4352K(517120K)] 794373K->288683K(1041408K), 0.0234399 secs] [Times: user=0.03 sys=0.04, real=0.02 secs] 
2021-05-25T13:33:49.397+0800: 964981.076: [GC (Allocation Failure) [PSYoungGen: 513792K->4512K(516608K)] 798123K->292056K(1040896K), 0.0418855 secs] [Times: user=0.03 sys=0.03, real=0.04 secs] 
2021-05-25T13:37:42.907+0800: 965214.587: [GC (Allocation Failure) [PSYoungGen: 513952K->3968K(517632K)] 801496K->294566K(1041920K), 0.0226455 secs] [Times: user=0.03 sys=0.03, real=0.02 secs] 
2021-05-25T13:41:39.838+0800: 965451.518: [GC (Allocation Failure) [PSYoungGen: 514432K->5280K(517120K)] 805030K->298836K(1041408K), 0.0214727 secs] [Times: user=0.03 sys=0.03, real=0.02 secs] 
2021-05-25T13:45:35.237+0800: 965686.917: [GC (Allocation Failure) [PSYoungGen: 515744K->4128K(517632K)] 809300K->302008K(1041920K), 0.0216111 secs] [Times: user=0.03 sys=0.03, real=0.02 secs] 
2021-05-25T13:49:30.853+0800: 965922.533: [GC (Allocation Failure) [PSYoungGen: 514592K->4256K(517120K)] 812472K->305348K(1041408K), 0.0165093 secs] [Times: user=0.02 sys=0.03, real=0.01 secs] 
2021-05-25T13:53:27.446+0800: 966159.126: [GC (Allocation Failure) [PSYoungGen: 514720K->2432K(517632K)] 815812K->306761K(1041920K), 0.0198500 secs] [Times: user=0.03 sys=0.03, real=0.02 secs] 
2021-05-25T13:57:22.920+0800: 966394.600: [GC (Allocation Failure) [PSYoungGen: 513408K->3744K(517632K)] 817737K->309400K(1041920K), 0.0184262 secs] [Times: user=0.06 sys=0.00, real=0.02 secs] 
2021-05-25T14:01:22.505+0800: 966634.184: [GC (Allocation Failure) [PSYoungGen: 514720K->3968K(518144K)] 820376K->312358K(1042432K), 0.0181483 secs] [Times: user=0.02 sys=0.03, real=0.02 secs] 
2021-05-25T14:05:19.716+0800: 966871.395: [GC (Allocation Failure) [PSYoungGen: 515456K->5664K(517632K)] 823846K->316987K(1041920K), 0.0346522 secs] [Times: user=0.03 sys=0.03, real=0.03 secs] 
2021-05-25T14:09:15.508+0800: 967107.188: [GC (Allocation Failure) [PSYoungGen: 517152K->4768K(517632K)] 828475K->320574K(1041920K), 0.0223698 secs] [Times: user=0.04 sys=0.04, real=0.02 secs] 
2021-05-25T14:13:14.995+0800: 967346.675: [GC (Allocation Failure) [PSYoungGen: 515744K->2656K(517632K)] 831550K->322074K(1041920K), 0.0212017 secs] [Times: user=0.02 sys=0.03, real=0.02 secs] 
2021-05-25T14:17:10.727+0800: 967582.407: [GC (Allocation Failure) [PSYoungGen: 513632K->4640K(517632K)] 833050K->325569K(1041920K), 0.0514595 secs] [Times: user=0.04 sys=0.04, real=0.05 secs] 
2021-05-25T14:21:06.031+0800: 967817.710: [GC (Allocation Failure) [PSYoungGen: 515616K->4704K(517632K)] 836545K->329279K(1041920K), 0.0249067 secs] [Times: user=0.04 sys=0.04, real=0.03 secs] 
2021-05-25T14:25:02.478+0800: 968054.158: [GC (Allocation Failure) [PSYoungGen: 515680K->5376K(517632K)] 840255K->333707K(1041920K), 0.0259027 secs] [Times: user=0.03 sys=0.04, real=0.03 secs] 
2021-05-25T14:29:00.058+0800: 968291.738: [GC (Allocation Failure) [PSYoungGen: 516352K->6624K(517632K)] 844683K->339767K(1041920K), 0.0297574 secs] [Times: user=0.03 sys=0.04, real=0.03 secs] 
2021-05-25T14:32:56.619+0800: 968528.299: [GC (Allocation Failure) [PSYoungGen: 517600K->4544K(512512K)] 850743K->343770K(1036800K), 0.0203324 secs] [Times: user=0.04 sys=0.04, real=0.02 secs] 
2021-05-25T14:36:51.843+0800: 968763.523: [GC (Allocation Failure) [PSYoungGen: 510400K->3456K(515072K)] 849626K->346222K(1039360K), 0.0186718 secs] [Times: user=0.03 sys=0.03, real=0.01 secs] 
2021-05-25T14:40:46.261+0800: 968997.941: [GC (Allocation Failure) [PSYoungGen: 509312K->4000K(515584K)] 852078K->349267K(1039872K), 0.0219304 secs] [Times: user=0.03 sys=0.04, real=0.03 secs] 
2021-05-25T14:44:43.635+0800: 969235.314: [GC (Allocation Failure) [PSYoungGen: 510880K->5408K(515584K)] 856147K->353705K(1039872K), 0.0290161 secs] [Times: user=0.02 sys=0.03, real=0.03 secs] 
2021-05-25T14:48:36.957+0800: 969468.636: [GC (Allocation Failure) [PSYoungGen: 512288K->4448K(516096K)] 860585K->357276K(1040384K), 0.0215282 secs] [Times: user=0.03 sys=0.03, real=0.02 secs] 
2021-05-25T14:52:34.307+0800: 969705.987: [GC (Allocation Failure) [PSYoungGen: 511840K->5056K(515584K)] 864668K->361114K(1039872K), 0.0188924 secs] [Times: user=0.03 sys=0.03, real=0.02 secs] 
2021-05-25T14:56:30.344+0800: 969942.023: [GC (Allocation Failure) [PSYoungGen: 512448K->5568K(516096K)] 868506K->365511K(1040384K), 0.0209769 secs] [Times: user=0.05 sys=0.00, real=0.02 secs] 
2021-05-25T15:00:29.120+0800: 970180.799: [GC (Allocation Failure) [PSYoungGen: 513472K->2432K(516096K)] 873415K->367050K(1040384K), 0.0185162 secs] [Times: user=0.03 sys=0.03, real=0.02 secs] 
2021-05-25T15:04:21.836+0800: 970413.516: [GC (Allocation Failure) [PSYoungGen: 510336K->5664K(516096K)] 874954K->371545K(1040384K), 0.0210019 secs] [Times: user=0.03 sys=0.04, real=0.02 secs] 
2021-05-25T15:08:19.098+0800: 970650.778: [GC (Allocation Failure) [PSYoungGen: 513568K->2368K(516096K)] 879449K->372517K(1040384K), 0.0295132 secs] [Times: user=0.05 sys=0.05, real=0.03 secs] 
2021-05-25T15:12:15.793+0800: 970887.473: [GC (Allocation Failure) [PSYoungGen: 510272K->2592K(516096K)] 880421K->373773K(1040384K), 0.0267199 secs] [Times: user=0.02 sys=0.02, real=0.03 secs] 
2021-05-25T15:16:14.237+0800: 971125.917: [GC (Allocation Failure) [PSYoungGen: 510496K->3328K(516096K)] 881677K->376004K(1040384K), 0.0203220 secs] [Times: user=0.03 sys=0.03, real=0.02 secs] 
2021-05-25T15:20:10.807+0800: 971362.486: [GC (Allocation Failure) [PSYoungGen: 511232K->3552K(516608K)] 883908K->378490K(1040896K), 0.0203984 secs] [Times: user=0.03 sys=0.04, real=0.02 secs] 
2021-05-25T15:24:09.700+0800: 971601.379: [GC (Allocation Failure) [PSYoungGen: 511968K->5984K(516096K)] 886906K->383456K(1040384K), 0.0199807 secs] [Times: user=0.04 sys=0.03, real=0.02 secs] 
2021-05-25T15:28:03.350+0800: 971835.030: [GC (Allocation Failure) [PSYoungGen: 514394K->3296K(516096K)] 891867K->385522K(1040384K), 0.0225372 secs] [Times: user=0.03 sys=0.03, real=0.03 secs] 
2021-05-25T15:31:57.463+0800: 972069.142: [GC (Allocation Failure) [PSYoungGen: 511200K->3328K(516096K)] 893426K->387848K(1040384K), 0.0164046 secs] [Times: user=0.05 sys=0.00, real=0.01 secs] 
2021-05-25T15:35:55.519+0800: 972307.198: [GC (Allocation Failure) [PSYoungGen: 511232K->3168K(516608K)] 895752K->389911K(1040896K), 0.0210343 secs] [Times: user=0.03 sys=0.03, real=0.02 secs] 
2021-05-25T15:39:51.586+0800: 972543.266: [GC (Allocation Failure) [PSYoungGen: 512096K->6144K(515584K)] 898839K->394726K(1039872K), 0.0213949 secs] [Times: user=0.03 sys=0.03, real=0.02 secs] 
2021-05-25T15:43:51.457+0800: 972783.137: [GC (Allocation Failure) [PSYoungGen: 515072K->6752K(515072K)] 903654K->400681K(1039360K), 0.0416148 secs] [Times: user=0.03 sys=0.03, real=0.04 secs] 
2021-05-25T15:47:44.292+0800: 973015.972: [GC (Allocation Failure) [PSYoungGen: 513632K->7776K(515072K)] 907561K->406955K(1039360K), 0.0245967 secs] [Times: user=0.03 sys=0.03, real=0.03 secs] 
2021-05-25T15:51:41.157+0800: 973252.837: [GC (Allocation Failure) [PSYoungGen: 514656K->6720K(514048K)] 913835K->412517K(1038336K), 0.0222937 secs] [Times: user=0.03 sys=0.03, real=0.02 secs] 
2021-05-25T15:55:36.294+0800: 973487.973: [GC (Allocation Failure) [PSYoungGen: 511552K->4224K(514560K)] 917349K->415656K(1038848K), 0.0384918 secs] [Times: user=0.03 sys=0.03, real=0.04 secs] 
2021-05-25T15:59:27.815+0800: 973719.495: [GC (Allocation Failure) [PSYoungGen: 509056K->6784K(514048K)] 920488K->421213K(1038336K), 0.0196625 secs] [Times: user=0.02 sys=0.02, real=0.02 secs] 
2021-05-25T16:03:19.434+0800: 973951.114: [GC (Allocation Failure) [PSYoungGen: 511616K->3808K(514560K)] 926045K->423551K(1038848K), 0.0200462 secs] [Times: user=0.04 sys=0.03, real=0.02 secs] 
2021-05-25T16:07:14.854+0800: 974186.534: [GC (Allocation Failure) [PSYoungGen: 508640K->5824K(515072K)] 928383K->427973K(1039360K), 0.0197351 secs] [Times: user=0.02 sys=0.03, real=0.02 secs] 
2021-05-25T16:11:10.065+0800: 974421.744: [GC (Allocation Failure) [PSYoungGen: 511680K->3360K(515072K)] 933829K->429857K(1039360K), 0.0167628 secs] [Times: user=0.03 sys=0.03, real=0.01 secs] 
2021-05-25T16:15:04.165+0800: 974655.844: [GC (Allocation Failure) [PSYoungGen: 509216K->4416K(515584K)] 935713K->433191K(1039872K), 0.0205316 secs] [Times: user=0.03 sys=0.02, real=0.02 secs] 
2021-05-25T16:18:57.594+0800: 974889.273: [GC (Allocation Failure) [PSYoungGen: 510784K->3456K(515072K)] 939559K->435492K(1039360K), 0.0172539 secs] [Times: user=0.02 sys=0.03, real=0.01 secs] 
2021-05-25T16:22:53.267+0800: 975124.947: [GC (Allocation Failure) [PSYoungGen: 509824K->5376K(515584K)] 941860K->439642K(1039872K), 0.0247853 secs] [Times: user=0.04 sys=0.03, real=0.03 secs] 
2021-05-25T16:26:47.651+0800: 975359.331: [GC (Allocation Failure) [PSYoungGen: 512256K->4608K(515584K)] 946522K->443038K(1039872K), 0.0177342 secs] [Times: user=0.02 sys=0.03, real=0.02 secs] 
2021-05-25T16:30:41.649+0800: 975593.328: [GC (Allocation Failure) [PSYoungGen: 511488K->5312K(516096K)] 949918K->447498K(1040384K), 0.0244072 secs] [Times: user=0.03 sys=0.03, real=0.03 secs] 
2021-05-25T16:34:38.868+0800: 975830.547: [GC (Allocation Failure) [PSYoungGen: 513210K->4032K(516096K)] 955397K->450143K(1040384K), 0.0220323 secs] [Times: user=0.03 sys=0.03, real=0.02 secs] 
2021-05-25T16:38:34.359+0800: 976066.039: [GC (Allocation Failure) [PSYoungGen: 511936K->4960K(516608K)] 958047K->453892K(1040896K), 0.0213670 secs] [Times: user=0.02 sys=0.03, real=0.02 secs] 
2021-05-25T16:42:29.663+0800: 976301.343: [GC (Allocation Failure) [PSYoungGen: 513376K->4096K(516096K)] 962308K->456705K(1040384K), 0.0225288 secs] [Times: user=0.03 sys=0.04, real=0.02 secs] 
2021-05-25T16:46:27.493+0800: 976539.172: [GC (Allocation Failure) [PSYoungGen: 512512K->2656K(516608K)] 965121K->458343K(1040896K), 0.0786483 secs] [Times: user=0.02 sys=0.02, real=0.07 secs] 
2021-05-25T16:50:26.714+0800: 976778.393: [GC (Allocation Failure) [PSYoungGen: 511584K->4064K(516608K)] 967271K->461294K(1040896K), 0.0172433 secs] [Times: user=0.02 sys=0.03, real=0.01 secs] 
2021-05-25T16:54:22.958+0800: 977014.638: [GC (Allocation Failure) [PSYoungGen: 512992K->3360K(517120K)] 970222K->463594K(1041408K), 0.0428902 secs] [Times: user=0.08 sys=0.00, real=0.04 secs] 
2021-05-25T16:58:16.651+0800: 977248.331: [GC (Allocation Failure) [PSYoungGen: 512800K->5504K(516608K)] 973034K->468040K(1040896K), 0.0212192 secs] [Times: user=0.03 sys=0.03, real=0.03 secs] 
2021-05-25T17:02:13.020+0800: 977484.700: [GC (Allocation Failure) [PSYoungGen: 514944K->5696K(516608K)] 977480K->472557K(1040896K), 0.0246277 secs] [Times: user=0.04 sys=0.04, real=0.03 secs] 
2021-05-25T17:06:08.641+0800: 977720.320: [GC (Allocation Failure) [PSYoungGen: 514624K->2752K(516608K)] 981485K->474168K(1040896K), 0.0425050 secs] [Times: user=0.03 sys=0.02, real=0.05 secs] 
2021-05-25T17:10:02.760+0800: 977954.439: [GC (Allocation Failure) [PSYoungGen: 511680K->4320K(516608K)] 983096K->477350K(1040896K), 0.0386907 secs] [Times: user=0.03 sys=0.03, real=0.04 secs] 
2021-05-25T17:13:55.526+0800: 978187.206: [GC (Allocation Failure) [PSYoungGen: 513248K->4736K(516608K)] 986278K->480884K(1040896K), 0.0232518 secs] [Times: user=0.03 sys=0.03, real=0.02 secs] 
2021-05-25T17:17:51.758+0800: 978423.438: [GC (Allocation Failure) [PSYoungGen: 513664K->4160K(517120K)] 989812K->483729K(1041408K), 0.0199266 secs] [Times: user=0.06 sys=0.00, real=0.02 secs] 
2021-05-25T17:21:47.695+0800: 978659.375: [GC (Allocation Failure) [PSYoungGen: 514112K->4032K(517120K)] 993681K->486806K(1041408K), 0.0175970 secs] [Times: user=0.03 sys=0.03, real=0.02 secs] 
2021-05-25T17:25:45.043+0800: 978896.723: [GC (Allocation Failure) [PSYoungGen: 513984K->4384K(517632K)] 996758K->490187K(1041920K), 0.0187880 secs] [Times: user=0.03 sys=0.03, real=0.02 secs] 
2021-05-25T17:29:42.691+0800: 979134.370: [GC (Allocation Failure) [PSYoungGen: 515360K->2976K(517632K)] 1001163K->492224K(1041920K), 0.0237840 secs] [Times: user=0.03 sys=0.04, real=0.03 secs] 
2021-05-25T17:33:41.709+0800: 979373.388: [GC (Allocation Failure) [PSYoungGen: 513952K->3424K(517632K)] 1003200K->494438K(1041920K), 0.0292328 secs] [Times: user=0.06 sys=0.00, real=0.03 secs] 
2021-05-25T17:37:37.949+0800: 979609.629: [GC (Allocation Failure) [PSYoungGen: 514400K->4704K(517632K)] 1005414K->497805K(1041920K), 0.0328298 secs] [Times: user=0.04 sys=0.03, real=0.03 secs] 
2021-05-25T17:41:32.462+0800: 979844.142: [GC (Allocation Failure) [PSYoungGen: 515680K->6080K(516608K)] 1008781K->502866K(1040896K), 0.0194384 secs] [Times: user=0.03 sys=0.03, real=0.01 secs] 
2021-05-25T17:45:29.395+0800: 980081.074: [GC (Allocation Failure) [PSYoungGen: 516032K->3456K(517120K)] 1012818K->505253K(1041408K), 0.0269999 secs] [Times: user=0.03 sys=0.03, real=0.02 secs] 
2021-05-25T17:49:26.647+0800: 980318.326: [GC (Allocation Failure) [PSYoungGen: 513408K->5152K(517120K)] 1015205K->509419K(1041408K), 0.0189798 secs] [Times: user=0.06 sys=0.00, real=0.02 secs] 
2021-05-25T17:53:23.482+0800: 980555.162: [GC (Allocation Failure) [PSYoungGen: 515104K->2752K(517120K)] 1019371K->511262K(1041408K), 0.0188371 secs] [Times: user=0.02 sys=0.03, real=0.02 secs] 
2021-05-25T17:57:22.515+0800: 980794.195: [GC (Allocation Failure) [PSYoungGen: 512704K->5920K(516096K)] 1021214K->515989K(1040384K), 0.0243977 secs] [Times: user=0.03 sys=0.03, real=0.02 secs] 
2021-05-25T18:01:19.973+0800: 981031.653: [GC (Allocation Failure) [PSYoungGen: 514848K->4832K(516608K)] 1024917K->519089K(1040896K), 0.0195288 secs] [Times: user=0.02 sys=0.03, real=0.02 secs] 
2021-05-25T18:05:12.558+0800: 981264.237: [GC (Allocation Failure) [PSYoungGen: 513760K->5856K(516096K)] 1028017K->523789K(1040384K), 0.0206254 secs] [Times: user=0.03 sys=0.03, real=0.02 secs] 
2021-05-25T18:09:04.686+0800: 981496.366: [GC (Allocation Failure) [PSYoungGen: 514784K->4288K(516608K)] 1032717K->526457K(1040896K), 0.0215611 secs] [Times: user=0.06 sys=0.00, real=0.02 secs] 
2021-05-25T18:09:04.709+0800: 981496.388: [Full GC (Ergonomics) [PSYoungGen: 4288K->0K(516608K)] [ParOldGen: 522169K->290259K(524288K)] 526457K->290259K(1040896K), [Metaspace: 95451K->95451K(1136640K)], 0.4089468 secs] [Times: user=0.92 sys=0.00, real=0.41 secs] 
2021-05-25T18:13:03.276+0800: 981734.955: [GC (Allocation Failure) [PSYoungGen: 508928K->3360K(517120K)] 799187K->293619K(1041408K), 0.0322333 secs] [Times: user=0.02 sys=0.02, real=0.03 secs] 
2021-05-25T18:16:59.209+0800: 981970.888: [GC (Allocation Failure) [PSYoungGen: 513312K->3328K(517120K)] 803571K->295905K(1041408K), 0.0225685 secs] [Times: user=0.04 sys=0.03, real=0.02 secs] 
2021-05-25T18:20:57.819+0800: 982209.499: [GC (Allocation Failure) [PSYoungGen: 513280K->3616K(517120K)] 805857K->298207K(1041408K), 0.0164729 secs] [Times: user=0.03 sys=0.02, real=0.02 secs] 
2021-05-25T18:24:54.673+0800: 982446.353: [GC (Allocation Failure) [PSYoungGen: 513568K->4640K(517120K)] 808159K->301757K(1041408K), 0.0203568 secs] [Times: user=0.03 sys=0.03, real=0.02 secs] 
2021-05-25T18:28:50.179+0800: 982681.859: [GC (Allocation Failure) [PSYoungGen: 514592K->2688K(517120K)] 811709K->303529K(1041408K), 0.0161968 secs] [Times: user=0.03 sys=0.03, real=0.02 secs] 
2021-05-25T18:32:45.595+0800: 982917.274: [GC (Allocation Failure) [PSYoungGen: 512640K->3808K(517120K)] 813481K->306177K(1041408K), 0.0188263 secs] [Times: user=0.03 sys=0.03, real=0.02 secs] 
2021-05-25T18:36:43.034+0800: 983154.714: [GC (Allocation Failure) [PSYoungGen: 513760K->6624K(513536K)] 816129K->312415K(1037824K), 0.0196975 secs] [Times: user=0.03 sys=0.04, real=0.02 secs] 
2021-05-25T18:40:40.077+0800: 983391.756: [GC (Allocation Failure) [PSYoungGen: 513504K->5792K(515584K)] 819295K->317209K(1039872K), 0.0347394 secs] [Times: user=0.03 sys=0.03, real=0.03 secs] 
2021-05-25T18:44:34.691+0800: 983626.370: [GC (Allocation Failure) [PSYoungGen: 512672K->6080K(515584K)] 824089K->322412K(1039872K), 0.0198621 secs] [Times: user=0.03 sys=0.03, real=0.02 secs] 
2021-05-25T18:48:28.564+0800: 983860.244: [GC (Allocation Failure) [PSYoungGen: 512960K->5152K(515584K)] 829292K->326377K(1039872K), 0.0448527 secs] [Times: user=0.03 sys=0.03, real=0.04 secs] 
2021-05-25T18:52:26.699+0800: 984098.378: [GC (Allocation Failure) [PSYoungGen: 512032K->4416K(516096K)] 833257K->329629K(1040384K), 0.0192930 secs] [Times: user=0.03 sys=0.03, real=0.02 secs] 
2021-05-25T18:56:21.804+0800: 984333.483: [GC (Allocation Failure) [PSYoungGen: 511808K->6176K(515584K)] 837021K->334873K(1039872K), 0.0169116 secs] [Times: user=0.02 sys=0.02, real=0.01 secs] 
2021-05-25T19:00:12.974+0800: 984564.654: [GC (Allocation Failure) [PSYoungGen: 513568K->3432K(515584K)] 842265K->337508K(1039872K), 0.0222813 secs] [Times: user=0.03 sys=0.04, real=0.02 secs] 
2021-05-25T19:04:08.313+0800: 984799.992: [GC (Allocation Failure) [PSYoungGen: 510312K->2880K(515584K)] 844388K->339250K(1039872K), 0.0245250 secs] [Times: user=0.03 sys=0.04, real=0.02 secs] 
2021-05-25T19:08:03.360+0800: 985035.039: [GC (Allocation Failure) [PSYoungGen: 509760K->2752K(516096K)] 846130K->340530K(1040384K), 0.0210523 secs] [Times: user=0.02 sys=0.03, real=0.02 secs] 
2021-05-25T19:11:59.605+0800: 985271.285: [GC (Allocation Failure) [PSYoungGen: 510144K->3584K(515584K)] 847922K->342761K(1039872K), 0.0217272 secs] [Times: user=0.05 sys=0.00, real=0.02 secs] 
2021-05-25T19:15:53.627+0800: 985505.306: [GC (Allocation Failure) [PSYoungGen: 510974K->3744K(516096K)] 850152K->345463K(1040384K), 0.0182550 secs] [Times: user=0.03 sys=0.03, real=0.02 secs] 
2021-05-25T19:19:50.136+0800: 985741.816: [GC (Allocation Failure) [PSYoungGen: 511648K->4128K(516096K)] 853367K->348357K(1040384K), 0.0159348 secs] [Times: user=0.03 sys=0.02, real=0.02 secs] 
2021-05-25T19:23:48.602+0800: 985980.281: [GC (Allocation Failure) [PSYoungGen: 512032K->2048K(516608K)] 856261K->349497K(1040896K), 0.0171500 secs] [Times: user=0.02 sys=0.02, real=0.02 secs] 
2021-05-25T19:27:44.823+0800: 986216.503: [GC (Allocation Failure) [PSYoungGen: 510976K->2880K(516608K)] 858425K->351177K(1040896K), 0.0197375 secs] [Times: user=0.02 sys=0.02, real=0.02 secs] 
2021-05-25T19:31:42.655+0800: 986454.335: [GC (Allocation Failure) [PSYoungGen: 511808K->3520K(517120K)] 860105K->353569K(1041408K), 0.0176748 secs] [Times: user=0.05 sys=0.00, real=0.02 secs] 
2021-05-25T19:35:36.802+0800: 986688.482: [GC (Allocation Failure) [PSYoungGen: 512960K->4320K(516608K)] 863009K->356870K(1040896K), 0.0172975 secs] [Times: user=0.02 sys=0.03, real=0.02 secs] 
2021-05-25T19:39:35.258+0800: 986926.937: [GC (Allocation Failure) [PSYoungGen: 513760K->3776K(517632K)] 866310K->359627K(1041920K), 0.0179658 secs] [Times: user=0.02 sys=0.03, real=0.02 secs] 
2021-05-25T19:43:33.725+0800: 987165.404: [GC (Allocation Failure) [PSYoungGen: 514240K->3904K(517120K)] 870091K->362505K(1041408K), 0.0199539 secs] [Times: user=0.03 sys=0.02, real=0.02 secs] 
2021-05-25T19:47:31.034+0800: 987402.714: [GC (Allocation Failure) [PSYoungGen: 514368K->4992K(517632K)] 872969K->366398K(1041920K), 0.0201889 secs] [Times: user=0.03 sys=0.03, real=0.02 secs] 
2021-05-25T19:51:27.706+0800: 987639.385: [GC (Allocation Failure) [PSYoungGen: 515968K->4672K(517632K)] 877374K->369996K(1041920K), 0.0174711 secs] [Times: user=0.02 sys=0.03, real=0.02 secs] 
2021-05-25T19:55:23.313+0800: 987874.993: [GC (Allocation Failure) [PSYoungGen: 515648K->5984K(516608K)] 880972K->374977K(1040896K), 0.0184212 secs] [Times: user=0.06 sys=0.00, real=0.01 secs] 
2021-05-25T19:59:20.191+0800: 988111.871: [GC (Allocation Failure) [PSYoungGen: 515936K->5728K(516096K)] 884929K->379668K(1040384K), 0.0181887 secs] [Times: user=0.03 sys=0.03, real=0.02 secs] 
2021-05-25T20:03:17.241+0800: 988348.921: [GC (Allocation Failure) [PSYoungGen: 515680K->5600K(516608K)] 889620K->383584K(1040896K), 0.0216407 secs] [Times: user=0.02 sys=0.03, real=0.03 secs] 
2021-05-25T20:07:14.169+0800: 988585.849: [GC (Allocation Failure) [PSYoungGen: 514528K->4736K(516608K)] 892512K->386628K(1040896K), 0.0259206 secs] [Times: user=0.03 sys=0.04, real=0.03 secs] 
2021-05-25T20:11:12.844+0800: 988824.524: [GC (Allocation Failure) [PSYoungGen: 513664K->3776K(517120K)] 895556K->389033K(1041408K), 0.0169992 secs] [Times: user=0.02 sys=0.03, real=0.01 secs] 
2021-05-25T20:15:08.115+0800: 989059.794: [GC (Allocation Failure) [PSYoungGen: 513216K->4384K(516608K)] 898473K->392415K(1040896K), 0.0213076 secs] [Times: user=0.02 sys=0.03, real=0.02 secs] 
2021-05-25T20:19:04.195+0800: 989295.875: [GC (Allocation Failure) [PSYoungGen: 513824K->2144K(517120K)] 901855K->393675K(1041408K), 0.0183877 secs] [Times: user=0.03 sys=0.02, real=0.02 secs] 
2021-05-25T20:23:00.187+0800: 989531.867: [GC (Allocation Failure) [PSYoungGen: 512096K->4896K(517120K)] 903627K->397459K(1041408K), 0.0192372 secs] [Times: user=0.03 sys=0.02, real=0.02 secs] 
2021-05-25T20:26:55.654+0800: 989767.333: [GC (Allocation Failure) [PSYoungGen: 514848K->4192K(517120K)] 907411K->400711K(1041408K), 0.0187057 secs] [Times: user=0.03 sys=0.03, real=0.02 secs] 
2021-05-25T20:30:55.227+0800: 990006.907: [GC (Allocation Failure) [PSYoungGen: 514144K->3296K(517120K)] 910663K->403084K(1041408K), 0.0186211 secs] [Times: user=0.03 sys=0.02, real=0.02 secs] 
2021-05-25T20:34:54.342+0800: 990246.022: [GC (Allocation Failure) [PSYoungGen: 513248K->4384K(517632K)] 913036K->406386K(1041920K), 0.0211592 secs] [Times: user=0.05 sys=0.00, real=0.02 secs] 
2021-05-25T20:38:51.534+0800: 990483.214: [GC (Allocation Failure) [PSYoungGen: 515360K->2880K(517632K)] 917362K->408239K(1041920K), 0.0178687 secs] [Times: user=0.03 sys=0.02, real=0.02 secs] 
2021-05-25T20:42:47.189+0800: 990718.869: [GC (Allocation Failure) [PSYoungGen: 513856K->4352K(517632K)] 919215K->411462K(1041920K), 0.0172118 secs] [Times: user=0.03 sys=0.03, real=0.02 secs] 
2021-05-25T20:46:44.563+0800: 990956.243: [GC (Allocation Failure) [PSYoungGen: 515328K->6624K(517632K)] 922438K->417060K(1041920K), 0.0333637 secs] [Times: user=0.03 sys=0.03, real=0.03 secs] 
2021-05-25T20:50:45.783+0800: 991197.463: [GC (Allocation Failure) [PSYoungGen: 517600K->2912K(513536K)] 928036K->419276K(1037824K), 0.0181032 secs] [Times: user=0.03 sys=0.03, real=0.01 secs] 
2021-05-25T20:54:44.485+0800: 991436.164: [GC (Allocation Failure) [PSYoungGen: 509792K->2624K(515584K)] 926156K->420779K(1039872K), 0.0186976 secs] [Times: user=0.03 sys=0.03, real=0.02 secs] 
2021-05-25T20:58:39.740+0800: 991671.420: [GC (Allocation Failure) [PSYoungGen: 509504K->4160K(516096K)] 927659K->423906K(1040384K), 0.0171254 secs] [Times: user=0.03 sys=0.03, real=0.02 secs] 
2021-05-25T21:02:33.341+0800: 991905.020: [GC (Allocation Failure) [PSYoungGen: 512064K->6432K(514560K)] 931810K->429040K(1038848K), 0.0206016 secs] [Times: user=0.05 sys=0.00, real=0.02 secs] 
2021-05-25T21:06:26.993+0800: 992138.672: [GC (Allocation Failure) [PSYoungGen: 514336K->5344K(516096K)] 936944K->432396K(1040384K), 0.0199273 secs] [Times: user=0.03 sys=0.03, real=0.02 secs] 
2021-05-25T21:10:22.164+0800: 992373.844: [GC (Allocation Failure) [PSYoungGen: 512736K->4032K(515584K)] 939788K->435391K(1039872K), 0.0181248 secs] [Times: user=0.02 sys=0.03, real=0.02 secs] 
2021-05-25T21:14:14.749+0800: 992606.429: [GC (Allocation Failure) [PSYoungGen: 511424K->6464K(515072K)] 942783K->440565K(1039360K), 0.0186926 secs] [Times: user=0.03 sys=0.02, real=0.02 secs] 
2021-05-25T21:18:09.794+0800: 992841.474: [GC (Allocation Failure) [PSYoungGen: 513344K->5024K(515584K)] 947445K->444783K(1039872K), 0.0219823 secs] [Times: user=0.04 sys=0.03, real=0.02 secs] 
2021-05-25T21:22:04.842+0800: 993076.522: [GC (Allocation Failure) [PSYoungGen: 511904K->4352K(516096K)] 951663K->448307K(1040384K), 0.0192209 secs] [Times: user=0.03 sys=0.02, real=0.02 secs] 
2021-05-25T21:25:58.425+0800: 993310.105: [GC (Allocation Failure) [PSYoungGen: 512256K->5248K(516096K)] 956211K->452024K(1040384K), 0.0226992 secs] [Times: user=0.03 sys=0.03, real=0.02 secs] 
2021-05-25T21:29:55.072+0800: 993546.752: [GC (Allocation Failure) [PSYoungGen: 513152K->3808K(516608K)] 959928K->454772K(1040896K), 0.0177843 secs] [Times: user=0.02 sys=0.03, real=0.01 secs] 
2021-05-25T21:33:50.784+0800: 993782.463: [GC (Allocation Failure) [PSYoungGen: 512736K->4064K(516608K)] 963700K->457722K(1040896K), 0.0204816 secs] [Times: user=0.02 sys=0.03, real=0.02 secs] 
2021-05-25T21:37:45.488+0800: 994017.168: [GC (Allocation Failure) [PSYoungGen: 512992K->7648K(512512K)] 966650K->464328K(1036800K), 0.0417688 secs] [Times: user=0.03 sys=0.03, real=0.04 secs] 
2021-05-25T21:41:38.048+0800: 994249.727: [GC (Allocation Failure) [PSYoungGen: 512480K->6720K(514560K)] 969160K->469945K(1038848K), 0.0249318 secs] [Times: user=0.04 sys=0.03, real=0.03 secs] 
2021-05-25T21:45:32.611+0800: 994484.291: [GC (Allocation Failure) [PSYoungGen: 511552K->3648K(514560K)] 974777K->472580K(1038848K), 0.0198652 secs] [Times: user=0.06 sys=0.00, real=0.02 secs] 
2021-05-25T21:49:29.899+0800: 994721.579: [GC (Allocation Failure) [PSYoungGen: 508480K->2464K(514560K)] 977412K->474105K(1038848K), 0.0175916 secs] [Times: user=0.03 sys=0.03, real=0.02 secs] 
2021-05-25T21:53:25.238+0800: 994956.918: [GC (Allocation Failure) [PSYoungGen: 507296K->2528K(514560K)] 978937K->475449K(1038848K), 0.0221766 secs] [Times: user=0.03 sys=0.04, real=0.02 secs] 
2021-05-25T21:57:17.709+0800: 995189.389: [GC (Allocation Failure) [PSYoungGen: 507360K->5248K(514560K)] 980281K->479496K(1038848K), 0.0229317 secs] [Times: user=0.03 sys=0.03, real=0.03 secs] 
2021-05-25T22:01:14.926+0800: 995426.605: [GC (Allocation Failure) [PSYoungGen: 510080K->3936K(515072K)] 984328K->482611K(1039360K), 0.0218486 secs] [Times: user=0.03 sys=0.03, real=0.02 secs] 
2021-05-25T22:05:08.353+0800: 995660.033: [GC (Allocation Failure) [PSYoungGen: 509792K->7392K(513536K)] 988467K->488521K(1037824K), 0.0231543 secs] [Times: user=0.03 sys=0.04, real=0.02 secs] 
2021-05-25T22:09:01.783+0800: 995893.463: [GC (Allocation Failure) [PSYoungGen: 513248K->6688K(514560K)] 994377K->493946K(1038848K), 0.0209161 secs] [Times: user=0.03 sys=0.03, real=0.02 secs] 
2021-05-25T22:12:55.852+0800: 996127.532: [GC (Allocation Failure) [PSYoungGen: 511520K->5216K(514560K)] 998778K->497711K(1038848K), 0.0375590 secs] [Times: user=0.03 sys=0.02, real=0.03 secs] 
2021-05-25T22:16:49.201+0800: 996360.881: [GC (Allocation Failure) [PSYoungGen: 510048K->5952K(515072K)] 1002543K->502787K(1039360K), 0.0190440 secs] [Times: user=0.03 sys=0.03, real=0.02 secs] 
2021-05-25T22:20:48.472+0800: 996600.151: [GC (Allocation Failure) [PSYoungGen: 511808K->2464K(515072K)] 1008643K->504453K(1039360K), 0.0185530 secs] [Times: user=0.06 sys=0.00, real=0.02 secs] 
2021-05-25T22:24:44.847+0800: 996836.526: [GC (Allocation Failure) [PSYoungGen: 508320K->2752K(515072K)] 1010309K->506084K(1039360K), 0.0193176 secs] [Times: user=0.03 sys=0.03, real=0.02 secs] 
2021-05-25T22:28:40.612+0800: 997072.292: [GC (Allocation Failure) [PSYoungGen: 508608K->4512K(515072K)] 1011940K->509419K(1039360K), 0.0181590 secs] [Times: user=0.03 sys=0.03, real=0.01 secs] 
2021-05-25T22:32:35.389+0800: 997307.068: [GC (Allocation Failure) [PSYoungGen: 510368K->4704K(515584K)] 1015275K->513065K(1039872K), 0.0345172 secs] [Times: user=0.03 sys=0.03, real=0.04 secs] 
2021-05-25T22:36:28.966+0800: 997540.646: [GC (Allocation Failure) [PSYoungGen: 511072K->5536K(515072K)] 1019433K->516926K(1039360K), 0.0223531 secs] [Times: user=0.02 sys=0.03, real=0.02 secs] 
2021-05-25T22:40:26.100+0800: 997777.780: [GC (Allocation Failure) [PSYoungGen: 511904K->2624K(515584K)] 1023294K->518705K(1039872K), 0.0282120 secs] [Times: user=0.03 sys=0.03, real=0.03 secs] 
2021-05-25T22:44:19.404+0800: 998011.083: [GC (Allocation Failure) [PSYoungGen: 509504K->2496K(515584K)] 1025585K->520160K(1039872K), 0.0187449 secs] [Times: user=0.03 sys=0.03, real=0.02 secs] 
2021-05-25T22:44:19.423+0800: 998011.103: [Full GC (Ergonomics) [PSYoungGen: 2496K->0K(515584K)] [ParOldGen: 517664K->270892K(524288K)] 520160K->270892K(1039872K), [Metaspace: 95451K->95451K(1136640K)], 0.4659844 secs] [Times: user=0.98 sys=0.00, real=0.46 secs] 
2021-05-25T22:48:13.739+0800: 998245.419: [GC (Allocation Failure) [PSYoungGen: 506880K->4256K(516096K)] 777772K->275148K(1040384K), 0.0144921 secs] [Times: user=0.02 sys=0.02, real=0.02 secs] 
2021-05-25T22:52:11.666+0800: 998483.346: [GC (Allocation Failure) [PSYoungGen: 511648K->2592K(515584K)] 782540K->276833K(1039872K), 0.0179886 secs] [Times: user=0.03 sys=0.02, real=0.02 secs] 
2021-05-25T22:56:09.666+0800: 998721.346: [GC (Allocation Failure) [PSYoungGen: 509984K->3360K(516608K)] 784225K->279136K(1040896K), 0.0169887 secs] [Times: user=0.02 sys=0.02, real=0.02 secs] 
2021-05-25T23:00:06.000+0800: 998957.680: [GC (Allocation Failure) [PSYoungGen: 511776K->3584K(516096K)] 787552K->281607K(1040384K), 0.0207011 secs] [Times: user=0.03 sys=0.03, real=0.02 secs] 
2021-05-25T23:04:00.132+0800: 999191.812: [GC (Allocation Failure) [PSYoungGen: 512000K->6624K(515584K)] 790023K->287037K(1039872K), 0.0243985 secs] [Times: user=0.03 sys=0.03, real=0.02 secs] 
2021-05-25T23:07:55.064+0800: 999426.744: [GC (Allocation Failure) [PSYoungGen: 514528K->5568K(516096K)] 794941K->291016K(1040384K), 0.0174493 secs] [Times: user=0.02 sys=0.03, real=0.01 secs] 
2021-05-25T23:11:49.757+0800: 999661.437: [GC (Allocation Failure) [PSYoungGen: 513472K->2656K(516096K)] 798920K->292435K(1040384K), 0.0212615 secs] [Times: user=0.06 sys=0.00, real=0.02 secs] 
2021-05-25T23:15:46.028+0800: 999897.707: [GC (Allocation Failure) [PSYoungGen: 510560K->2912K(516096K)] 800339K->294234K(1040384K), 0.0171350 secs] [Times: user=0.02 sys=0.02, real=0.02 secs] 
2021-05-25T23:19:40.756+0800: 1000132.436: [GC (Allocation Failure) [PSYoungGen: 510816K->4640K(516608K)] 802138K->297769K(1040896K), 0.0218508 secs] [Times: user=0.03 sys=0.02, real=0.02 secs] 
2021-05-25T23:23:33.075+0800: 1000364.755: [GC (Allocation Failure) [PSYoungGen: 513056K->6784K(515584K)] 806185K->303365K(1039872K), 0.0196047 secs] [Times: user=0.03 sys=0.03, real=0.02 secs] 
2021-05-25T23:27:26.730+0800: 1000598.410: [GC (Allocation Failure) [PSYoungGen: 515200K->5792K(515584K)] 811781K->307760K(1039872K), 0.0242943 secs] [Times: user=0.04 sys=0.03, real=0.03 secs] 
2021-05-25T23:31:22.206+0800: 1000833.886: [GC (Allocation Failure) [PSYoungGen: 512672K->4128K(515584K)] 814640K->311082K(1039872K), 0.0172698 secs] [Times: user=0.03 sys=0.03, real=0.02 secs] 
2021-05-25T23:35:17.604+0800: 1001069.284: [GC (Allocation Failure) [PSYoungGen: 511008K->4896K(516096K)] 817962K->314816K(1040384K), 0.0174598 secs] [Times: user=0.03 sys=0.03, real=0.01 secs] 
2021-05-25T23:39:11.374+0800: 1001303.053: [GC (Allocation Failure) [PSYoungGen: 512800K->6944K(515072K)] 822720K->320133K(1039360K), 0.0291888 secs] [Times: user=0.04 sys=0.04, real=0.03 secs] 
2021-05-25T23:43:06.850+0800: 1001538.529: [GC (Allocation Failure) [PSYoungGen: 514848K->4160K(516096K)] 828037K->323230K(1040384K), 0.0273182 secs] [Times: user=0.03 sys=0.05, real=0.03 secs] 
2021-05-25T23:46:59.430+0800: 1001771.110: [GC (Allocation Failure) [PSYoungGen: 511552K->4000K(515584K)] 830622K->326115K(1039872K), 0.0213790 secs] [Times: user=0.03 sys=0.04, real=0.02 secs] 
2021-05-25T23:50:54.680+0800: 1002006.359: [GC (Allocation Failure) [PSYoungGen: 511392K->3072K(516096K)] 833507K->328216K(1040384K), 0.0200024 secs] [Times: user=0.03 sys=0.03, real=0.02 secs] 
2021-05-25T23:54:51.528+0800: 1002243.208: [GC (Allocation Failure) [PSYoungGen: 510976K->3584K(516096K)] 836120K->330751K(1040384K), 0.0198054 secs] [Times: user=0.04 sys=0.03, real=0.02 secs] 
2021-05-25T23:58:46.564+0800: 1002478.244: [GC (Allocation Failure) [PSYoungGen: 511488K->4256K(516608K)] 838655K->333902K(1040896K), 0.0201896 secs] [Times: user=0.06 sys=0.00, real=0.02 secs] 
2021-05-26T00:02:30.897+0800: 1002702.576: [GC (Allocation Failure) [PSYoungGen: 512672K->4800K(516096K)] 842318K->337602K(1040384K), 0.0237143 secs] [Times: user=0.04 sys=0.04, real=0.02 secs] 
2021-05-26T00:06:26.648+0800: 1002938.327: [GC (Allocation Failure) [PSYoungGen: 513216K->4256K(517120K)] 846018K->340144K(1041408K), 0.0222465 secs] [Times: user=0.03 sys=0.04, real=0.02 secs] 
2021-05-26T00:10:21.295+0800: 1003172.975: [GC (Allocation Failure) [PSYoungGen: 513696K->4288K(516608K)] 849584K->343030K(1040896K), 0.0219281 secs] [Times: user=0.03 sys=0.04, real=0.02 secs] 
2021-05-26T00:14:14.480+0800: 1003406.159: [GC (Allocation Failure) [PSYoungGen: 513728K->7136K(513024K)] 852470K->349404K(1037312K), 0.0203410 secs] [Times: user=0.04 sys=0.03, real=0.02 secs] 
2021-05-26T00:18:10.004+0800: 1003641.684: [GC (Allocation Failure) [PSYoungGen: 512992K->4608K(515072K)] 855260K->353540K(1039360K), 0.0217750 secs] [Times: user=0.03 sys=0.03, real=0.02 secs] 
2021-05-26T00:22:04.847+0800: 1003876.526: [GC (Allocation Failure) [PSYoungGen: 510464K->4352K(515584K)] 859396K->357000K(1039872K), 0.0199373 secs] [Times: user=0.05 sys=0.00, real=0.02 secs] 
2021-05-26T00:26:00.247+0800: 1004111.927: [GC (Allocation Failure) [PSYoungGen: 511232K->2624K(515584K)] 863880K->358549K(1039872K), 0.0157604 secs] [Times: user=0.02 sys=0.03, real=0.02 secs] 
2021-05-26T00:29:53.786+0800: 1004345.466: [GC (Allocation Failure) [PSYoungGen: 509504K->5440K(515584K)] 865429K->362916K(1039872K), 0.0169513 secs] [Times: user=0.02 sys=0.03, real=0.02 secs] 
2021-05-26T00:33:49.109+0800: 1004580.789: [GC (Allocation Failure) [PSYoungGen: 512318K->3616K(515584K)] 869794K->365288K(1039872K), 0.0178551 secs] [Times: user=0.03 sys=0.03, real=0.02 secs] 
2021-05-26T00:37:46.871+0800: 1004818.551: [GC (Allocation Failure) [PSYoungGen: 510491K->5120K(516096K)] 872163K->369381K(1040384K), 0.0272384 secs] [Times: user=0.03 sys=0.04, real=0.03 secs] 
2021-05-26T00:41:43.704+0800: 1005055.384: [GC (Allocation Failure) [PSYoungGen: 513024K->5888K(516096K)] 877285K->374313K(1040384K), 0.0185166 secs] [Times: user=0.03 sys=0.03, real=0.02 secs] 
2021-05-26T00:45:42.678+0800: 1005294.358: [GC (Allocation Failure) [PSYoungGen: 513792K->2048K(515072K)] 882217K->375531K(1039360K), 0.0250576 secs] [Times: user=0.03 sys=0.04, real=0.03 secs] 
2021-05-26T00:49:39.439+0800: 1005531.119: [GC (Allocation Failure) [PSYoungGen: 508928K->3776K(515584K)] 882411K->378075K(1039872K), 0.0199581 secs] [Times: user=0.02 sys=0.03, real=0.02 secs] 
2021-05-26T00:53:34.847+0800: 1005766.526: [GC (Allocation Failure) [PSYoungGen: 510656K->5824K(516096K)] 884955K->382858K(1040384K), 0.0207235 secs] [Times: user=0.03 sys=0.03, real=0.02 secs] 
2021-05-26T00:57:27.329+0800: 1005999.009: [GC (Allocation Failure) [PSYoungGen: 513728K->5000K(516096K)] 890762K->386757K(1040384K), 0.0294437 secs] [Times: user=0.04 sys=0.03, real=0.03 secs] 
2021-05-26T01:01:22.392+0800: 1006234.071: [GC (Allocation Failure) [PSYoungGen: 512904K->3360K(516096K)] 894661K->389161K(1040384K), 0.0309324 secs] [Times: user=0.03 sys=0.03, real=0.04 secs] 
2021-05-26T01:05:15.578+0800: 1006467.258: [GC (Allocation Failure) [PSYoungGen: 511264K->5632K(516096K)] 897065K->393632K(1040384K), 0.0238504 secs] [Times: user=0.04 sys=0.03, real=0.03 secs] 
2021-05-26T01:09:12.469+0800: 1006704.149: [GC (Allocation Failure) [PSYoungGen: 513536K->3904K(516096K)] 901536K->396123K(1040384K), 0.0378301 secs] [Times: user=0.03 sys=0.03, real=0.04 secs] 
2021-05-26T01:13:10.059+0800: 1006941.738: [GC (Allocation Failure) [PSYoungGen: 511808K->5760K(516096K)] 904027K->400602K(1040384K), 0.0228605 secs] [Times: user=0.03 sys=0.04, real=0.02 secs] 
2021-05-26T01:17:02.576+0800: 1007174.255: [GC (Allocation Failure) [PSYoungGen: 513664K->5568K(516096K)] 908506K->405206K(1040384K), 0.0259056 secs] [Times: user=0.04 sys=0.04, real=0.02 secs] 
2021-05-26T01:20:55.852+0800: 1007407.532: [GC (Allocation Failure) [PSYoungGen: 513472K->4960K(516096K)] 913110K->409234K(1040384K), 0.0215501 secs] [Times: user=0.04 sys=0.03, real=0.02 secs] 
2021-05-26T01:24:52.829+0800: 1007644.509: [GC (Allocation Failure) [PSYoungGen: 512864K->3168K(516608K)] 917138K->411462K(1040896K), 0.0344722 secs] [Times: user=0.03 sys=0.03, real=0.04 secs] 
2021-05-26T01:28:46.365+0800: 1007878.044: [GC (Allocation Failure) [PSYoungGen: 512096K->4928K(516608K)] 920390K->415260K(1040896K), 0.0206462 secs] [Times: user=0.04 sys=0.03, real=0.02 secs] 
2021-05-26T01:32:43.385+0800: 1008115.065: [GC (Allocation Failure) [PSYoungGen: 513856K->4928K(516608K)] 924188K->419264K(1040896K), 0.0220096 secs] [Times: user=0.03 sys=0.04, real=0.02 secs] 
2021-05-26T01:36:39.308+0800: 1008350.987: [GC (Allocation Failure) [PSYoungGen: 513856K->4448K(516608K)] 928192K->422564K(1040896K), 0.0230228 secs] [Times: user=0.03 sys=0.04, real=0.02 secs] 
2021-05-26T01:40:33.587+0800: 1008585.267: [GC (Allocation Failure) [PSYoungGen: 513376K->4256K(517120K)] 931492K->425817K(1041408K), 0.0194693 secs] [Times: user=0.03 sys=0.03, real=0.02 secs] 
2021-05-26T01:44:29.374+0800: 1008821.053: [GC (Allocation Failure) [PSYoungGen: 514208K->4512K(517120K)] 935769K->429334K(1041408K), 0.0212658 secs] [Times: user=0.04 sys=0.03, real=0.02 secs] 
2021-05-26T01:48:25.763+0800: 1009057.443: [GC (Allocation Failure) [PSYoungGen: 514464K->3648K(517632K)] 939286K->432018K(1041920K), 0.0196732 secs] [Times: user=0.03 sys=0.03, real=0.02 secs] 
2021-05-26T01:52:23.096+0800: 1009294.776: [GC (Allocation Failure) [PSYoungGen: 514624K->2272K(513536K)] 942994K->433208K(1037824K), 0.0273700 secs] [Times: user=0.03 sys=0.03, real=0.03 secs] 
2021-05-26T01:56:19.441+0800: 1009531.120: [GC (Allocation Failure) [PSYoungGen: 513248K->4832K(517120K)] 944184K->436832K(1041408K), 0.0189668 secs] [Times: user=0.03 sys=0.03, real=0.02 secs] 
2021-05-26T02:00:13.080+0800: 1009764.760: [GC (Allocation Failure) [PSYoungGen: 514784K->3136K(517120K)] 946784K->439116K(1041408K), 0.0324545 secs] [Times: user=0.03 sys=0.03, real=0.04 secs] 
2021-05-26T02:04:06.149+0800: 1009997.829: [GC (Allocation Failure) [PSYoungGen: 513088K->5888K(517120K)] 949068K->443858K(1041408K), 0.0203653 secs] [Times: user=0.03 sys=0.03, real=0.02 secs] 
2021-05-26T02:08:03.270+0800: 1010234.949: [GC (Allocation Failure) [PSYoungGen: 515840K->5344K(517120K)] 953810K->447095K(1041408K), 0.0191649 secs] [Times: user=0.04 sys=0.04, real=0.02 secs] 
2021-05-26T02:12:00.756+0800: 1010472.435: [GC (Allocation Failure) [PSYoungGen: 515296K->4288K(517120K)] 957047K->450107K(1041408K), 0.0213324 secs] [Times: user=0.06 sys=0.00, real=0.02 secs] 
2021-05-26T02:16:00.337+0800: 1010712.017: [GC (Allocation Failure) [PSYoungGen: 514240K->2528K(517120K)] 960059K->451608K(1041408K), 0.0197000 secs] [Times: user=0.03 sys=0.03, real=0.02 secs] 
2021-05-26T02:19:58.471+0800: 1010950.151: [GC (Allocation Failure) [PSYoungGen: 512480K->3744K(517120K)] 961560K->454159K(1041408K), 0.0298806 secs] [Times: user=0.03 sys=0.03, real=0.03 secs] 
2021-05-26T02:23:53.750+0800: 1011185.429: [GC (Allocation Failure) [PSYoungGen: 513696K->4000K(517120K)] 964111K->457157K(1041408K), 0.0219661 secs] [Times: user=0.03 sys=0.04, real=0.02 secs] 
2021-05-26T02:27:51.353+0800: 1011423.033: [GC (Allocation Failure) [PSYoungGen: 513952K->2720K(517632K)] 967109K->458889K(1041920K), 0.0512516 secs] [Times: user=0.02 sys=0.02, real=0.05 secs] 
2021-05-26T02:31:47.782+0800: 1011659.462: [GC (Allocation Failure) [PSYoungGen: 513696K->4864K(517632K)] 969865K->462632K(1041920K), 0.0202537 secs] [Times: user=0.03 sys=0.03, real=0.03 secs] 
2021-05-26T02:35:46.173+0800: 1011897.853: [GC (Allocation Failure) [PSYoungGen: 515840K->2752K(517632K)] 973608K->464445K(1041920K), 0.0234258 secs] [Times: user=0.02 sys=0.03, real=0.02 secs] 
2021-05-26T02:39:42.731+0800: 1012134.411: [GC (Allocation Failure) [PSYoungGen: 513728K->3712K(517632K)] 975421K->467036K(1041920K), 0.0195339 secs] [Times: user=0.07 sys=0.00, real=0.02 secs] 
2021-05-26T02:43:39.336+0800: 1012371.015: [GC (Allocation Failure) [PSYoungGen: 514688K->4576K(517632K)] 978012K->470633K(1041920K), 0.0229633 secs] [Times: user=0.04 sys=0.03, real=0.02 secs] 
2021-05-26T02:47:36.846+0800: 1012608.526: [GC (Allocation Failure) [PSYoungGen: 515552K->5568K(516608K)] 981609K->475166K(1040896K), 0.0222124 secs] [Times: user=0.04 sys=0.03, real=0.02 secs] 
2021-05-26T02:51:34.159+0800: 1012845.838: [GC (Allocation Failure) [PSYoungGen: 516544K->5024K(517120K)] 986142K->479129K(1041408K), 0.0254798 secs] [Times: user=0.04 sys=0.04, real=0.03 secs] 
2021-05-26T02:55:30.787+0800: 1013082.466: [GC (Allocation Failure) [PSYoungGen: 514976K->4576K(517120K)] 989081K->482637K(1041408K), 0.0295358 secs] [Times: user=0.03 sys=0.04, real=0.03 secs] 
2021-05-26T02:59:28.273+0800: 1013319.953: [GC (Allocation Failure) [PSYoungGen: 514528K->3360K(517632K)] 992589K->484713K(1041920K), 0.0188954 secs] [Times: user=0.03 sys=0.03, real=0.02 secs] 
2021-05-26T03:03:21.270+0800: 1013552.950: [GC (Allocation Failure) [PSYoungGen: 514336K->6432K(517632K)] 995689K->489991K(1041920K), 0.0234515 secs] [Times: user=0.03 sys=0.04, real=0.03 secs] 
2021-05-26T03:07:17.503+0800: 1013789.182: [GC (Allocation Failure) [PSYoungGen: 517408K->4160K(516608K)] 1000967K->493018K(1040896K), 0.0243563 secs] [Times: user=0.08 sys=0.00, real=0.02 secs] 
2021-05-26T03:11:12.222+0800: 1014023.902: [GC (Allocation Failure) [PSYoungGen: 514112K->5696K(517120K)] 1002970K->497416K(1041408K), 0.0223466 secs] [Times: user=0.04 sys=0.04, real=0.02 secs] 
2021-05-26T03:15:07.387+0800: 1014259.066: [GC (Allocation Failure) [PSYoungGen: 515648K->4448K(517120K)] 1007368K->500380K(1041408K), 0.0555763 secs] [Times: user=0.03 sys=0.03, real=0.06 secs] 
2021-05-26T03:18:59.989+0800: 1014491.668: [GC (Allocation Failure) [PSYoungGen: 514400K->5056K(517120K)] 1010332K->504465K(1041408K), 0.0243372 secs] [Times: user=0.04 sys=0.03, real=0.03 secs] 
2021-05-26T03:22:54.536+0800: 1014726.215: [GC (Allocation Failure) [PSYoungGen: 515008K->4512K(517632K)] 1014417K->507869K(1041920K), 0.0271397 secs] [Times: user=0.03 sys=0.03, real=0.03 secs] 
2021-05-26T03:26:50.609+0800: 1014962.288: [GC (Allocation Failure) [PSYoungGen: 514976K->3360K(517120K)] 1018333K->510225K(1041408K), 0.0214068 secs] [Times: user=0.04 sys=0.03, real=0.02 secs] 
2021-05-26T03:30:48.931+0800: 1015200.611: [GC (Allocation Failure) [PSYoungGen: 513824K->3744K(517632K)] 1020689K->512888K(1041920K), 0.0238236 secs] [Times: user=0.04 sys=0.04, real=0.03 secs] 
2021-05-26T03:34:42.850+0800: 1015434.530: [GC (Allocation Failure) [PSYoungGen: 514720K->6624K(517632K)] 1023864K->518734K(1041920K), 0.0224406 secs] [Times: user=0.04 sys=0.03, real=0.03 secs] 
2021-05-26T03:38:39.590+0800: 1015671.269: [GC (Allocation Failure) [PSYoungGen: 517600K->5728K(513536K)] 1029710K->523729K(1037824K), 0.0370348 secs] [Times: user=0.04 sys=0.04, real=0.04 secs] 
2021-05-26T03:42:34.726+0800: 1015906.406: [GC (Allocation Failure) [PSYoungGen: 512608K->5600K(515584K)] 1030609K->528284K(1039872K), 0.0556197 secs] [Times: user=0.03 sys=0.03, real=0.05 secs] 
2021-05-26T03:42:34.782+0800: 1015906.462: [Full GC (Ergonomics) [PSYoungGen: 5600K->0K(515584K)] [ParOldGen: 522684K->288647K(524288K)] 528284K->288647K(1039872K), [Metaspace: 95453K->95453K(1136640K)], 0.7699452 secs] [Times: user=1.88 sys=0.05, real=0.77 secs] 
2021-05-26T03:46:29.297+0800: 1016140.977: [GC (Allocation Failure) [PSYoungGen: 506880K->3360K(516096K)] 795527K->292007K(1040384K), 0.0180738 secs] [Times: user=0.05 sys=0.00, real=0.02 secs] 
2021-05-26T03:50:22.731+0800: 1016374.410: [GC (Allocation Failure) [PSYoungGen: 511264K->2528K(516096K)] 799911K->293501K(1040384K), 0.0552642 secs] [Times: user=0.03 sys=0.04, real=0.06 secs] 
2021-05-26T03:54:17.413+0800: 1016609.092: [GC (Allocation Failure) [PSYoungGen: 510432K->2912K(516096K)] 801405K->295188K(1040384K), 0.0201679 secs] [Times: user=0.03 sys=0.03, real=0.02 secs] 
2021-05-26T03:58:14.636+0800: 1016846.316: [GC (Allocation Failure) [PSYoungGen: 510816K->2432K(516096K)] 803092K->296523K(1040384K), 0.0174210 secs] [Times: user=0.02 sys=0.03, real=0.02 secs] 
2021-05-26T04:02:09.331+0800: 1017081.011: [GC (Allocation Failure) [PSYoungGen: 510336K->6784K(515072K)] 804427K->302083K(1039360K), 0.0592322 secs] [Times: user=0.03 sys=0.04, real=0.06 secs] 
2021-05-26T04:06:03.005+0800: 1017314.685: [GC (Allocation Failure) [PSYoungGen: 513664K->3840K(515584K)] 808963K->304629K(1039872K), 0.0215739 secs] [Times: user=0.03 sys=0.03, real=0.02 secs] 
2021-05-26T04:09:57.862+0800: 1017549.542: [GC (Allocation Failure) [PSYoungGen: 510720K->6368K(515584K)] 811509K->309971K(1039872K), 0.0173806 secs] [Times: user=0.05 sys=0.00, real=0.01 secs] 
2021-05-26T04:13:52.230+0800: 1017783.910: [GC (Allocation Failure) [PSYoungGen: 513248K->3520K(515584K)] 816851K->312221K(1039872K), 0.0191041 secs] [Times: user=0.03 sys=0.03, real=0.02 secs] 
2021-05-26T04:17:45.241+0800: 1018016.921: [GC (Allocation Failure) [PSYoungGen: 510400K->3040K(515584K)] 819101K->314243K(1039872K), 0.0476201 secs] [Times: user=0.03 sys=0.04, real=0.05 secs] 
2021-05-26T04:21:40.943+0800: 1018252.623: [GC (Allocation Failure) [PSYoungGen: 509920K->2720K(515584K)] 821123K->315921K(1039872K), 0.0281970 secs] [Times: user=0.02 sys=0.03, real=0.02 secs] 
2021-05-26T04:25:37.563+0800: 1018489.243: [GC (Allocation Failure) [PSYoungGen: 509600K->2048K(516096K)] 822801K->316856K(1040384K), 0.0220060 secs] [Times: user=0.03 sys=0.04, real=0.02 secs] 
2021-05-26T04:29:34.918+0800: 1018726.597: [GC (Allocation Failure) [PSYoungGen: 509440K->4256K(515584K)] 824248K->319888K(1039872K), 0.0256213 secs] [Times: user=0.03 sys=0.02, real=0.03 secs] 
2021-05-26T04:33:28.986+0800: 1018960.666: [GC (Allocation Failure) [PSYoungGen: 511648K->2464K(516096K)] 827280K->321341K(1040384K), 0.0199399 secs] [Times: user=0.03 sys=0.03, real=0.02 secs] 
2021-05-26T04:37:22.148+0800: 1019193.828: [GC (Allocation Failure) [PSYoungGen: 510368K->3360K(516096K)] 829245K->323580K(1040384K), 0.0191922 secs] [Times: user=0.03 sys=0.03, real=0.02 secs] 
2021-05-26T04:41:17.064+0800: 1019428.744: [GC (Allocation Failure) [PSYoungGen: 511264K->3360K(517120K)] 831484K->325818K(1041408K), 0.0194462 secs] [Times: user=0.02 sys=0.03, real=0.02 secs] 
2021-05-26T04:45:12.030+0800: 1019663.710: [GC (Allocation Failure) [PSYoungGen: 512800K->5216K(516608K)] 835258K->329945K(1040896K), 0.0184553 secs] [Times: user=0.02 sys=0.03, real=0.02 secs] 
2021-05-26T04:49:11.620+0800: 1019903.299: [GC (Allocation Failure) [PSYoungGen: 514656K->2496K(516608K)] 839385K->331476K(1040896K), 0.0183640 secs] [Times: user=0.03 sys=0.03, real=0.02 secs] 
2021-05-26T04:53:08.138+0800: 1020139.817: [GC (Allocation Failure) [PSYoungGen: 511424K->3904K(516608K)] 840404K->334212K(1040896K), 0.0182554 secs] [Times: user=0.03 sys=0.03, real=0.02 secs] 
2021-05-26T04:57:03.476+0800: 1020375.156: [GC (Allocation Failure) [PSYoungGen: 512832K->4640K(517120K)] 843140K->337713K(1041408K), 0.0190800 secs] [Times: user=0.03 sys=0.03, real=0.02 secs] 
2021-05-26T05:01:02.466+0800: 1020614.146: [GC (Allocation Failure) [PSYoungGen: 514592K->3552K(517120K)] 847665K->340349K(1041408K), 0.0176611 secs] [Times: user=0.02 sys=0.03, real=0.02 secs] 
2021-05-26T05:04:55.230+0800: 1020846.910: [GC (Allocation Failure) [PSYoungGen: 513504K->5408K(517120K)] 850301K->344690K(1041408K), 0.0212043 secs] [Times: user=0.03 sys=0.04, real=0.02 secs] 
2021-05-26T05:08:53.306+0800: 1021084.985: [GC (Allocation Failure) [PSYoungGen: 515360K->7168K(517120K)] 854642K->352951K(1041408K), 0.0552761 secs] [Times: user=0.03 sys=0.04, real=0.05 secs] 
2021-05-26T05:12:51.783+0800: 1021323.463: [GC (Allocation Failure) [PSYoungGen: 517120K->7168K(501760K)] 862903K->363194K(1026048K), 0.0258446 secs] [Times: user=0.03 sys=0.04, real=0.02 secs] 
2021-05-26T05:16:42.770+0800: 1021554.449: [GC (Allocation Failure) [PSYoungGen: 501760K->11008K(505856K)] 857786K->373838K(1030144K), 0.0306799 secs] [Times: user=0.03 sys=0.03, real=0.03 secs] 
2021-05-26T05:20:27.823+0800: 1021779.503: [GC (Allocation Failure) [PSYoungGen: 505600K->11968K(505856K)] 868430K->383312K(1030144K), 0.0349196 secs] [Times: user=0.03 sys=0.03, real=0.03 secs] 
2021-05-26T05:24:12.058+0800: 1022003.738: [GC (Allocation Failure) [PSYoungGen: 502464K->12064K(502784K)] 873808K->392355K(1027072K), 0.0374197 secs] [Times: user=0.04 sys=0.04, real=0.04 secs] 
2021-05-26T05:27:52.297+0800: 1022223.977: [GC (Allocation Failure) [PSYoungGen: 502560K->11328K(505856K)] 882851K->400908K(1030144K), 0.0244096 secs] [Times: user=0.07 sys=0.00, real=0.02 secs] 
2021-05-26T05:31:37.852+0800: 1022449.531: [GC (Allocation Failure) [PSYoungGen: 499776K->9312K(506368K)] 889356K->407402K(1030656K), 0.0242380 secs] [Times: user=0.03 sys=0.04, real=0.03 secs] 
2021-05-26T05:35:22.974+0800: 1022674.656: [GC (Allocation Failure) [PSYoungGen: 497760K->8640K(507392K)] 895850K->414285K(1031680K), 0.0270958 secs] [Times: user=0.03 sys=0.04, real=0.02 secs] 
2021-05-26T05:39:03.650+0800: 1022895.329: [GC (Allocation Failure) [PSYoungGen: 498624K->12864K(506880K)] 904269K->425576K(1031168K), 0.0413301 secs] [Times: user=0.03 sys=0.03, real=0.04 secs] 
2021-05-26T05:42:49.266+0800: 1023120.946: [GC (Allocation Failure) [PSYoungGen: 502848K->11968K(505856K)] 915560K->434264K(1030144K), 0.0239892 secs] [Times: user=0.04 sys=0.03, real=0.02 secs] 
2021-05-26T05:46:33.954+0800: 1023345.634: [GC (Allocation Failure) [PSYoungGen: 500416K->11936K(506368K)] 922712K->443500K(1030656K), 0.0238917 secs] [Times: user=0.04 sys=0.04, real=0.02 secs] 
2021-05-26T05:50:18.271+0800: 1023569.950: [GC (Allocation Failure) [PSYoungGen: 500384K->12288K(505344K)] 931948K->452343K(1029632K), 0.0381908 secs] [Times: user=0.04 sys=0.03, real=0.04 secs] 
2021-05-26T05:54:01.931+0800: 1023793.610: [GC (Allocation Failure) [PSYoungGen: 499712K->10976K(505856K)] 939767K->460241K(1030144K), 0.0238957 secs] [Times: user=0.04 sys=0.03, real=0.03 secs] 
2021-05-26T05:57:43.339+0800: 1024015.018: [GC (Allocation Failure) [PSYoungGen: 498400K->11040K(506368K)] 947665K->468364K(1030656K), 0.0249198 secs] [Times: user=0.03 sys=0.03, real=0.03 secs] 
2021-05-26T06:01:25.357+0800: 1024237.036: [GC (Allocation Failure) [PSYoungGen: 499488K->11968K(506368K)] 956812K->477696K(1030656K), 0.0245946 secs] [Times: user=0.04 sys=0.03, real=0.02 secs] 
2021-05-26T06:05:07.620+0800: 1024459.299: [GC (Allocation Failure) [PSYoungGen: 500416K->10016K(507392K)] 966144K->483763K(1031680K), 0.0231086 secs] [Times: user=0.03 sys=0.03, real=0.03 secs] 
2021-05-26T06:08:50.972+0800: 1024682.651: [GC (Allocation Failure) [PSYoungGen: 499488K->9376K(506368K)] 973235K->491291K(1030656K), 0.0228839 secs] [Times: user=0.04 sys=0.03, real=0.03 secs] 
2021-05-26T06:12:36.709+0800: 1024908.389: [GC (Allocation Failure) [PSYoungGen: 498848K->8096K(507904K)] 980763K->497062K(1032192K), 0.0213865 secs] [Times: user=0.03 sys=0.03, real=0.02 secs] 
2021-05-26T06:16:21.838+0800: 1025133.518: [GC (Allocation Failure) [PSYoungGen: 499616K->10688K(507904K)] 988582K->505515K(1032192K), 0.0255916 secs] [Times: user=0.04 sys=0.04, real=0.03 secs] 
2021-05-26T06:20:06.034+0800: 1025357.714: [GC (Allocation Failure) [PSYoungGen: 502208K->11904K(508416K)] 997035K->515773K(1032704K), 0.0232455 secs] [Times: user=0.04 sys=0.04, real=0.02 secs] 
2021-05-26T06:23:52.359+0800: 1025584.039: [GC (Allocation Failure) [PSYoungGen: 504448K->7488K(508416K)] 1008317K->521411K(1032704K), 0.0228639 secs] [Times: user=0.04 sys=0.04, real=0.03 secs] 
2021-05-26T06:23:52.383+0800: 1025584.062: [Full GC (Ergonomics) [PSYoungGen: 7488K->0K(508416K)] [ParOldGen: 513923K->296526K(524288K)] 521411K->296526K(1032704K), [Metaspace: 95482K->95482K(1136640K)], 0.4208155 secs] [Times: user=0.79 sys=0.15, real=0.42 secs] 
2021-05-26T06:27:42.202+0800: 1025813.881: [GC (Allocation Failure) [PSYoungGen: 492544K->3648K(507392K)] 789070K->300174K(1031680K), 0.0264765 secs] [Times: user=0.03 sys=0.02, real=0.03 secs] 
2021-05-26T06:31:28.438+0800: 1026040.118: [GC (Allocation Failure) [PSYoungGen: 495168K->5280K(507904K)] 791694K->304436K(1032192K), 0.0227126 secs] [Times: user=0.02 sys=0.04, real=0.02 secs] 
2021-05-26T06:35:18.947+0800: 1026270.627: [GC (Allocation Failure) [PSYoungGen: 496800K->5024K(507904K)] 795956K->308351K(1032192K), 0.0303642 secs] [Times: user=0.03 sys=0.03, real=0.03 secs] 
2021-05-26T06:39:09.480+0800: 1026501.159: [GC (Allocation Failure) [PSYoungGen: 496544K->2368K(507904K)] 799871K->309715K(1032192K), 0.0565360 secs] [Times: user=0.03 sys=0.03, real=0.06 secs] 
2021-05-26T06:42:54.969+0800: 1026726.649: [GC (Allocation Failure) [PSYoungGen: 493888K->6976K(508416K)] 801235K->315586K(1032704K), 0.0188013 secs] [Times: user=0.03 sys=0.03, real=0.02 secs] 
2021-05-26T06:46:44.980+0800: 1026956.660: [GC (Allocation Failure) [PSYoungGen: 499008K->3808K(507904K)] 807618K->318581K(1032192K), 0.0206508 secs] [Times: user=0.03 sys=0.03, real=0.02 secs] 
2021-05-26T06:50:34.529+0800: 1027186.208: [GC (Allocation Failure) [PSYoungGen: 495840K->5248K(508928K)] 810613K->322482K(1033216K), 0.0176533 secs] [Times: user=0.05 sys=0.00, real=0.02 secs] 
2021-05-26T06:54:16.305+0800: 1027407.984: [GC (Allocation Failure) [PSYoungGen: 498304K->6336K(508416K)] 815538K->327942K(1032704K), 0.0235044 secs] [Times: user=0.03 sys=0.04, real=0.02 secs] 
2021-05-26T06:58:00.252+0800: 1027631.932: [GC (Allocation Failure) [PSYoungGen: 499392K->7048K(510464K)] 820998K->333492K(1034752K), 0.0259952 secs] [Times: user=0.03 sys=0.02, real=0.02 secs] 
2021-05-26T07:01:54.092+0800: 1027865.772: [GC (Allocation Failure) [PSYoungGen: 502664K->5248K(509440K)] 829108K->337613K(1033728K), 0.0226126 secs] [Times: user=0.03 sys=0.03, real=0.02 secs] 
2021-05-26T07:05:42.407+0800: 1028094.086: [GC (Allocation Failure) [PSYoungGen: 500864K->5312K(510976K)] 833229K->341714K(1035264K), 0.0298239 secs] [Times: user=0.03 sys=0.03, real=0.03 secs] 
2021-05-26T07:09:34.367+0800: 1028326.046: [GC (Allocation Failure) [PSYoungGen: 502976K->4096K(510976K)] 839378K->344486K(1035264K), 0.0186313 secs] [Times: user=0.06 sys=0.00, real=0.02 secs] 
2021-05-26T07:13:23.268+0800: 1028554.947: [GC (Allocation Failure) [PSYoungGen: 501760K->7328K(511488K)] 842150K->350444K(1035776K), 0.0181043 secs] [Times: user=0.04 sys=0.03, real=0.02 secs] 
2021-05-26T07:17:13.309+0800: 1028784.988: [GC (Allocation Failure) [PSYoungGen: 506016K->5344K(511488K)] 849132K->354678K(1035776K), 0.0181676 secs] [Times: user=0.03 sys=0.03, real=0.02 secs] 
2021-05-26T07:21:03.543+0800: 1029015.223: [GC (Allocation Failure) [PSYoungGen: 504032K->6016K(512512K)] 853366K->359683K(1036800K), 0.0189797 secs] [Times: user=0.03 sys=0.03, real=0.02 secs] 
2021-05-26T07:24:58.249+0800: 1029249.928: [GC (Allocation Failure) [PSYoungGen: 506240K->4000K(512000K)] 859907K->362813K(1036288K), 0.0165798 secs] [Times: user=0.02 sys=0.03, real=0.02 secs] 
2021-05-26T07:28:48.629+0800: 1029480.309: [GC (Allocation Failure) [PSYoungGen: 504224K->7008K(513024K)] 863037K->368795K(1037312K), 0.0351947 secs] [Times: user=0.02 sys=0.03, real=0.04 secs] 
2021-05-26T07:32:41.099+0800: 1029712.779: [GC (Allocation Failure) [PSYoungGen: 508256K->5984K(512512K)] 870043K->374085K(1036800K), 0.0184982 secs] [Times: user=0.03 sys=0.03, real=0.02 secs] 
2021-05-26T07:36:34.693+0800: 1029946.373: [GC (Allocation Failure) [PSYoungGen: 507232K->2592K(513024K)] 875333K->375679K(1037312K), 0.0169399 secs] [Times: user=0.02 sys=0.03, real=0.01 secs] 
2021-05-26T07:40:28.588+0800: 1030180.267: [GC (Allocation Failure) [PSYoungGen: 504352K->5280K(513024K)] 877439K->379854K(1037312K), 0.0188630 secs] [Times: user=0.02 sys=0.03, real=0.02 secs] 
2021-05-26T07:44:19.625+0800: 1030411.305: [GC (Allocation Failure) [PSYoungGen: 507040K->7456K(513536K)] 881614K->386187K(1037824K), 0.0221979 secs] [Times: user=0.03 sys=0.02, real=0.02 secs] 
2021-05-26T07:48:14.418+0800: 1030646.098: [GC (Allocation Failure) [PSYoungGen: 510240K->4192K(513536K)] 888971K->388605K(1037824K), 0.0209599 secs] [Times: user=0.02 sys=0.03, real=0.02 secs] 
2021-05-26T07:52:05.779+0800: 1030877.458: [GC (Allocation Failure) [PSYoungGen: 506976K->4608K(514048K)] 891389K->392298K(1038336K), 0.0187900 secs] [Times: user=0.02 sys=0.03, real=0.02 secs] 
2021-05-26T07:56:04.098+0800: 1031115.778: [GC (Allocation Failure) [PSYoungGen: 507904K->2176K(513536K)] 895594K->393589K(1037824K), 0.0168690 secs] [Times: user=0.03 sys=0.03, real=0.02 secs] 
2021-05-26T07:59:56.929+0800: 1031348.609: [GC (Allocation Failure) [PSYoungGen: 505472K->2240K(513536K)] 896885K->394749K(1037824K), 0.0201453 secs] [Times: user=0.03 sys=0.03, real=0.02 secs] 
2021-05-26T08:03:51.153+0800: 1031582.833: [GC (Allocation Failure) [PSYoungGen: 505024K->3520K(513536K)] 897533K->396973K(1037824K), 0.0172264 secs] [Times: user=0.03 sys=0.03, real=0.01 secs] 
2021-05-26T08:07:46.316+0800: 1031817.996: [GC (Allocation Failure) [PSYoungGen: 506304K->3776K(514048K)] 899757K->399363K(1038336K), 0.0258551 secs] [Times: user=0.03 sys=0.04, real=0.03 secs] 
2021-05-26T08:11:40.036+0800: 1032051.716: [GC (Allocation Failure) [PSYoungGen: 507584K->1952K(514048K)] 903171K->400153K(1038336K), 0.0495439 secs] [Times: user=0.04 sys=0.00, real=0.05 secs] 
2021-05-26T08:15:35.030+0800: 1032286.710: [GC (Allocation Failure) [PSYoungGen: 505756K->2688K(514560K)] 903957K->401697K(1038848K), 0.0474081 secs] [Times: user=0.02 sys=0.02, real=0.05 secs] 
2021-05-26T08:19:26.925+0800: 1032518.605: [GC (Allocation Failure) [PSYoungGen: 507008K->4864K(514048K)] 906017K->405416K(1038336K), 0.0238041 secs] [Times: user=0.03 sys=0.03, real=0.02 secs] 
2021-05-26T08:23:21.956+0800: 1032753.636: [GC (Allocation Failure) [PSYoungGen: 509184K->3552K(515072K)] 909736K->408036K(1039360K), 0.0182357 secs] [Times: user=0.03 sys=0.03, real=0.02 secs] 
2021-05-26T08:27:15.191+0800: 1032986.871: [GC (Allocation Failure) [PSYoungGen: 509408K->4384K(515072K)] 913892K->411338K(1039360K), 0.0183401 secs] [Times: user=0.06 sys=0.00, real=0.02 secs] 
2021-05-26T08:31:07.531+0800: 1033219.211: [GC (Allocation Failure) [PSYoungGen: 510240K->5440K(515584K)] 917194K->415647K(1039872K), 0.0171841 secs] [Times: user=0.03 sys=0.03, real=0.02 secs] 
2021-05-26T08:35:00.298+0800: 1033451.978: [GC (Allocation Failure) [PSYoungGen: 512320K->5184K(515584K)] 922527K->419763K(1039872K), 0.0407465 secs] [Times: user=0.03 sys=0.03, real=0.04 secs] 
2021-05-26T08:38:55.603+0800: 1033687.283: [GC (Allocation Failure) [PSYoungGen: 512064K->4064K(516096K)] 926643K->422200K(1040384K), 0.0176963 secs] [Times: user=0.06 sys=0.00, real=0.01 secs] 
2021-05-26T08:42:50.603+0800: 1033922.283: [GC (Allocation Failure) [PSYoungGen: 511456K->7200K(515584K)] 929592K->427805K(1039872K), 0.0150418 secs] [Times: user=0.02 sys=0.02, real=0.01 secs] 
2021-05-26T08:46:43.682+0800: 1034155.362: [GC (Allocation Failure) [PSYoungGen: 514592K->4160K(515584K)] 935197K->430991K(1039872K), 0.0220826 secs] [Times: user=0.03 sys=0.03, real=0.02 secs] 
2021-05-26T08:50:35.572+0800: 1034387.252: [GC (Allocation Failure) [PSYoungGen: 511040K->4096K(515584K)] 937871K->433892K(1039872K), 0.0601380 secs] [Times: user=0.04 sys=0.03, real=0.06 secs] 
2021-05-26T08:54:29.334+0800: 1034621.014: [GC (Allocation Failure) [PSYoungGen: 510976K->3744K(516096K)] 940772K->436609K(1040384K), 0.0185439 secs] [Times: user=0.03 sys=0.03, real=0.02 secs] 
2021-05-26T08:58:24.546+0800: 1034856.226: [GC (Allocation Failure) [PSYoungGen: 511648K->3936K(516096K)] 944513K->439551K(1040384K), 0.0419988 secs] [Times: user=0.02 sys=0.03, real=0.04 secs] 
2021-05-26T09:02:17.912+0800: 1035089.591: [GC (Allocation Failure) [PSYoungGen: 511840K->6720K(515584K)] 947455K->444973K(1039872K), 0.0200980 secs] [Times: user=0.03 sys=0.03, real=0.02 secs] 
2021-05-26T09:06:10.699+0800: 1035322.379: [GC (Allocation Failure) [PSYoungGen: 514624K->3648K(516096K)] 952877K->447367K(1040384K), 0.0236910 secs] [Times: user=0.03 sys=0.03, real=0.03 secs] 
2021-05-26T09:10:08.195+0800: 1035559.875: [GC (Allocation Failure) [PSYoungGen: 511552K->3232K(516096K)] 955271K->449525K(1040384K), 0.0173057 secs] [Times: user=0.03 sys=0.02, real=0.02 secs] 
2021-05-26T09:14:03.750+0800: 1035795.429: [GC (Allocation Failure) [PSYoungGen: 511136K->6592K(514560K)] 957429K->454811K(1038848K), 0.0171040 secs] [Times: user=0.03 sys=0.03, real=0.02 secs] 
2021-05-26T09:17:57.641+0800: 1036029.320: [GC (Allocation Failure) [PSYoungGen: 514496K->4800K(516096K)] 962715K->458613K(1040384K), 0.0219874 secs] [Times: user=0.02 sys=0.03, real=0.03 secs] 
2021-05-26T09:21:54.663+0800: 1036266.342: [GC (Allocation Failure) [PSYoungGen: 512192K->4288K(515584K)] 966005K->462033K(1039872K), 0.0246235 secs] [Times: user=0.04 sys=0.03, real=0.02 secs] 
2021-05-26T09:25:52.896+0800: 1036504.576: [GC (Allocation Failure) [PSYoungGen: 511680K->2752K(516096K)] 969425K->463814K(1040384K), 0.0194186 secs] [Times: user=0.03 sys=0.02, real=0.02 secs] 
2021-05-26T09:29:48.317+0800: 1036739.996: [GC (Allocation Failure) [PSYoungGen: 510656K->4640K(516096K)] 971718K->467237K(1040384K), 0.0193627 secs] [Times: user=0.02 sys=0.03, real=0.02 secs] 
2021-05-26T09:33:41.931+0800: 1036973.610: [GC (Allocation Failure) [PSYoungGen: 512544K->3168K(516608K)] 975141K->469242K(1040896K), 0.0194899 secs] [Times: user=0.03 sys=0.03, real=0.02 secs] 
2021-05-26T09:37:37.567+0800: 1037209.247: [GC (Allocation Failure) [PSYoungGen: 512096K->3104K(516608K)] 978170K->471240K(1040896K), 0.0182615 secs] [Times: user=0.03 sys=0.02, real=0.02 secs] 
2021-05-26T09:41:32.703+0800: 1037444.383: [GC (Allocation Failure) [PSYoungGen: 512032K->3744K(517120K)] 980168K->473886K(1041408K), 0.0166618 secs] [Times: user=0.02 sys=0.03, real=0.01 secs] 
2021-05-26T09:45:29.652+0800: 1037681.331: [GC (Allocation Failure) [PSYoungGen: 513183K->2944K(516608K)] 983326K->475604K(1040896K), 0.0166337 secs] [Times: user=0.03 sys=0.03, real=0.02 secs] 
2021-05-26T09:49:26.051+0800: 1037917.731: [GC (Allocation Failure) [PSYoungGen: 512384K->2240K(517120K)] 985044K->476731K(1041408K), 0.0203714 secs] [Times: user=0.07 sys=0.00, real=0.02 secs] 
2021-05-26T09:53:24.485+0800: 1038156.165: [GC (Allocation Failure) [PSYoungGen: 512192K->3168K(517120K)] 986683K->478739K(1041408K), 0.0185145 secs] [Times: user=0.02 sys=0.02, real=0.02 secs] 
2021-05-26T09:57:21.595+0800: 1038393.274: [GC (Allocation Failure) [PSYoungGen: 513120K->5760K(516096K)] 988691K->483385K(1040384K), 0.0210921 secs] [Times: user=0.04 sys=0.04, real=0.02 secs] 
2021-05-26T10:01:18.508+0800: 1038630.188: [GC (Allocation Failure) [PSYoungGen: 514688K->3776K(516608K)] 992313K->485597K(1040896K), 0.0234492 secs] [Times: user=0.08 sys=0.00, real=0.02 secs] 
2021-05-26T10:05:13.806+0800: 1038865.485: [GC (Allocation Failure) [PSYoungGen: 512704K->5376K(516096K)] 994525K->489899K(1040384K), 0.0218388 secs] [Times: user=0.03 sys=0.03, real=0.02 secs] 
2021-05-26T10:09:11.445+0800: 1039103.124: [GC (Allocation Failure) [PSYoungGen: 514304K->5792K(516608K)] 998827K->494318K(1040896K), 0.0228937 secs] [Times: user=0.03 sys=0.03, real=0.02 secs] 
2021-05-26T10:13:01.944+0800: 1039333.623: [GC (Allocation Failure) [PSYoungGen: 514720K->6912K(515584K)] 1003246K->499500K(1039872K), 0.0205908 secs] [Times: user=0.03 sys=0.03, real=0.02 secs] 
2021-05-26T10:16:56.544+0800: 1039568.223: [GC (Allocation Failure) [PSYoungGen: 514816K->3776K(516096K)] 1007404K->501933K(1040384K), 0.0308956 secs] [Times: user=0.03 sys=0.04, real=0.03 secs] 
2021-05-26T10:20:50.578+0800: 1039802.257: [GC (Allocation Failure) [PSYoungGen: 511677K->4480K(516608K)] 1009835K->505099K(1040896K), 0.0293858 secs] [Times: user=0.05 sys=0.04, real=0.03 secs] 
2021-05-26T10:24:43.861+0800: 1040035.541: [GC (Allocation Failure) [PSYoungGen: 512896K->4928K(516096K)] 1013515K->509009K(1040384K), 0.0213174 secs] [Times: user=0.03 sys=0.03, real=0.03 secs] 
2021-05-26T10:28:37.836+0800: 1040269.515: [GC (Allocation Failure) [PSYoungGen: 513344K->3744K(516608K)] 1017425K->511820K(1040896K), 0.0180028 secs] [Times: user=0.03 sys=0.03, real=0.02 secs] 
2021-05-26T10:32:33.937+0800: 1040505.616: [GC (Allocation Failure) [PSYoungGen: 512672K->2528K(516608K)] 1020748K->513114K(1040896K), 0.0199679 secs] [Times: user=0.03 sys=0.03, real=0.02 secs] 
2021-05-26T10:36:31.849+0800: 1040743.528: [GC (Allocation Failure) [PSYoungGen: 511456K->3200K(516608K)] 1022042K->515129K(1040896K), 0.0203620 secs] [Times: user=0.03 sys=0.03, real=0.02 secs] 
2021-05-26T10:40:26.598+0800: 1040978.278: [GC (Allocation Failure) [PSYoungGen: 512128K->3744K(516608K)] 1024057K->517672K(1040896K), 0.0166278 secs] [Times: user=0.02 sys=0.02, real=0.02 secs] 
2021-05-26T10:44:17.726+0800: 1041209.405: [GC (Allocation Failure) [PSYoungGen: 512672K->5440K(517120K)] 1026600K->522078K(1041408K), 0.0250200 secs] [Times: user=0.06 sys=0.00, real=0.02 secs] 
2021-05-26T10:48:12.014+0800: 1041443.693: [GC (Allocation Failure) [PSYoungGen: 515392K->5760K(516096K)] 1032030K->526587K(1040384K), 0.0197047 secs] [Times: user=0.06 sys=0.00, real=0.02 secs] 
2021-05-26T10:48:12.034+0800: 1041443.713: [Full GC (Ergonomics) [PSYoungGen: 5760K->0K(516096K)] [ParOldGen: 520826K->274157K(524288K)] 526587K->274157K(1040384K), [Metaspace: 95504K->95500K(1136640K)], 0.5603861 secs] [Times: user=1.05 sys=0.00, real=0.56 secs] 
2021-05-26T10:52:07.978+0800: 1041679.657: [GC (Allocation Failure) [PSYoungGen: 509952K->5184K(516608K)] 784109K->279341K(1040896K), 0.0167717 secs] [Times: user=0.02 sys=0.02, real=0.02 secs] 
2021-05-26T10:56:03.433+0800: 1041915.112: [GC (Allocation Failure) [PSYoungGen: 514112K->5280K(516608K)] 788269K->283513K(1040896K), 0.0215386 secs] [Times: user=0.04 sys=0.03, real=0.02 secs] 
2021-05-26T10:59:58.975+0800: 1042150.654: [GC (Allocation Failure) [PSYoungGen: 514208K->4416K(517120K)] 792441K->286652K(1041408K), 0.0199938 secs] [Times: user=0.03 sys=0.03, real=0.02 secs] 
2021-05-26T11:03:57.042+0800: 1042388.722: [GC (Allocation Failure) [PSYoungGen: 513856K->2464K(516608K)] 796092K->287593K(1040896K), 0.0197251 secs] [Times: user=0.03 sys=0.03, real=0.02 secs] 
2021-05-26T11:07:47.487+0800: 1042619.167: [GC (Allocation Failure) [PSYoungGen: 511904K->6880K(515584K)] 797033K->292993K(1039872K), 0.0188393 secs] [Times: user=0.03 sys=0.03, real=0.02 secs] 
2021-05-26T11:11:47.269+0800: 1042858.949: [GC (Allocation Failure) [PSYoungGen: 514784K->4032K(516096K)] 800897K->295659K(1040384K), 0.0213833 secs] [Times: user=0.03 sys=0.02, real=0.02 secs] 
2021-05-26T11:15:43.002+0800: 1043094.681: [GC (Allocation Failure) [PSYoungGen: 511936K->2688K(516608K)] 803563K->297344K(1040896K), 0.0164010 secs] [Times: user=0.02 sys=0.02, real=0.02 secs] 
2021-05-26T11:19:41.417+0800: 1043333.096: [GC (Allocation Failure) [PSYoungGen: 511616K->3232K(516608K)] 806272K->299447K(1040896K), 0.0199688 secs] [Times: user=0.03 sys=0.03, real=0.02 secs] 
2021-05-26T11:23:38.044+0800: 1043569.723: [GC (Allocation Failure) [PSYoungGen: 512160K->5632K(515584K)] 808375K->304101K(1039872K), 0.0169417 secs] [Times: user=0.02 sys=0.03, real=0.01 secs] 
2021-05-26T11:27:33.928+0800: 1043805.607: [GC (Allocation Failure) [PSYoungGen: 513536K->6400K(516096K)] 812005K->309553K(1040384K), 0.0198359 secs] [Times: user=0.04 sys=0.03, real=0.02 secs] 
2021-05-26T11:31:29.433+0800: 1044041.112: [GC (Allocation Failure) [PSYoungGen: 514304K->3968K(516096K)] 817457K->312819K(1040384K), 0.0222508 secs] [Times: user=0.03 sys=0.04, real=0.02 secs] 
2021-05-26T11:35:24.937+0800: 1044276.617: [GC (Allocation Failure) [PSYoungGen: 511872K->5920K(516096K)] 820723K->317696K(1040384K), 0.0299975 secs] [Times: user=0.03 sys=0.04, real=0.03 secs] 
2021-05-26T11:39:20.061+0800: 1044511.741: [GC (Allocation Failure) [PSYoungGen: 513824K->5600K(516096K)] 825600K->322131K(1040384K), 0.0230029 secs] [Times: user=0.03 sys=0.04, real=0.03 secs] 
2021-05-26T11:43:17.650+0800: 1044749.330: [GC (Allocation Failure) [PSYoungGen: 513504K->4160K(516096K)] 830035K->325358K(1040384K), 0.0218442 secs] [Times: user=0.03 sys=0.04, real=0.02 secs] 
2021-05-26T11:47:14.442+0800: 1044986.122: [GC (Allocation Failure) [PSYoungGen: 512064K->3360K(516096K)] 833262K->327580K(1040384K), 0.0185888 secs] [Times: user=0.03 sys=0.03, real=0.01 secs] 
2021-05-26T11:51:06.176+0800: 1045217.855: [GC (Allocation Failure) [PSYoungGen: 511264K->6496K(516096K)] 835484K->333003K(1040384K), 0.0197113 secs] [Times: user=0.03 sys=0.03, real=0.02 secs] 
2021-05-26T11:55:01.994+0800: 1045453.674: [GC (Allocation Failure) [PSYoungGen: 514400K->3296K(516096K)] 840907K->334989K(1040384K), 0.0286948 secs] [Times: user=0.03 sys=0.03, real=0.03 secs] 
2021-05-26T11:58:57.885+0800: 1045689.565: [GC (Allocation Failure) [PSYoungGen: 511200K->2400K(516096K)] 842893K->336395K(1040384K), 0.0490988 secs] [Times: user=0.02 sys=0.02, real=0.05 secs] 
2021-05-26T12:02:54.092+0800: 1045925.771: [GC (Allocation Failure) [PSYoungGen: 510304K->4032K(516096K)] 844299K->339218K(1040384K), 0.0181989 secs] [Times: user=0.03 sys=0.02, real=0.02 secs] 
2021-05-26T12:06:47.295+0800: 1046158.975: [GC (Allocation Failure) [PSYoungGen: 511936K->4672K(516096K)] 847122K->342097K(1040384K), 0.0185516 secs] [Times: user=0.03 sys=0.03, real=0.02 secs] 
2021-05-26T12:10:40.446+0800: 1046392.126: [GC (Allocation Failure) [PSYoungGen: 512576K->5984K(515584K)] 850001K->346734K(1039872K), 0.0185314 secs] [Times: user=0.03 sys=0.03, real=0.02 secs] 
2021-05-26T12:14:36.686+0800: 1046628.365: [GC (Allocation Failure) [PSYoungGen: 513888K->3360K(516096K)] 854638K->348585K(1040384K), 0.0185792 secs] [Times: user=0.03 sys=0.03, real=0.02 secs] 
2021-05-26T12:18:31.928+0800: 1046863.608: [GC (Allocation Failure) [PSYoungGen: 511264K->2848K(516608K)] 856489K->350351K(1040896K), 0.0180917 secs] [Times: user=0.02 sys=0.02, real=0.02 secs] 
2021-05-26T12:22:24.005+0800: 1047095.684: [GC (Allocation Failure) [PSYoungGen: 511264K->5248K(516096K)] 858767K->354502K(1040384K), 0.0183129 secs] [Times: user=0.03 sys=0.02, real=0.02 secs] 
2021-05-26T12:26:18.291+0800: 1047329.971: [GC (Allocation Failure) [PSYoungGen: 513664K->6688K(514560K)] 862918K->360163K(1038848K), 0.0391439 secs] [Times: user=0.02 sys=0.03, real=0.04 secs] 
2021-05-26T12:30:12.798+0800: 1047564.477: [GC (Allocation Failure) [PSYoungGen: 513568K->3136K(515584K)] 867043K->362484K(1039872K), 0.0176919 secs] [Times: user=0.03 sys=0.02, real=0.02 secs] 
2021-05-26T12:34:08.269+0800: 1047799.949: [GC (Allocation Failure) [PSYoungGen: 510016K->3712K(516096K)] 869364K->365058K(1040384K), 0.0559322 secs] [Times: user=0.02 sys=0.03, real=0.06 secs] 
2021-05-26T12:38:01.887+0800: 1048033.567: [GC (Allocation Failure) [PSYoungGen: 511616K->6176K(516096K)] 872962K->370081K(1040384K), 0.0264013 secs] [Times: user=0.04 sys=0.04, real=0.03 secs] 
2021-05-26T12:41:56.228+0800: 1048267.908: [GC (Allocation Failure) [PSYoungGen: 514080K->4480K(516096K)] 877985K->373779K(1040384K), 0.0224110 secs] [Times: user=0.03 sys=0.03, real=0.02 secs] 
2021-05-26T12:45:49.302+0800: 1048500.981: [GC (Allocation Failure) [PSYoungGen: 512384K->5760K(516096K)] 881683K->378025K(1040384K), 0.0211465 secs] [Times: user=0.03 sys=0.03, real=0.03 secs] 
2021-05-26T12:49:45.560+0800: 1048737.239: [GC (Allocation Failure) [PSYoungGen: 513664K->4736K(516608K)] 885929K->381445K(1040896K), 0.0190882 secs] [Times: user=0.04 sys=0.03, real=0.02 secs] 
2021-05-26T12:53:40.983+0800: 1048972.662: [GC (Allocation Failure) [PSYoungGen: 513152K->4160K(516096K)] 889861K->384633K(1040384K), 0.0229068 secs] [Times: user=0.03 sys=0.03, real=0.02 secs] 
2021-05-26T12:57:31.328+0800: 1049203.008: [GC (Allocation Failure) [PSYoungGen: 512576K->4296K(516608K)] 893049K->387951K(1040896K), 0.0186828 secs] [Times: user=0.03 sys=0.03, real=0.02 secs] 
2021-05-26T13:01:26.605+0800: 1049438.284: [GC (Allocation Failure) [PSYoungGen: 513224K->4224K(516608K)] 896879K->391125K(1040896K), 0.0200543 secs] [Times: user=0.03 sys=0.02, real=0.02 secs] 
2021-05-26T13:05:21.917+0800: 1049673.597: [GC (Allocation Failure) [PSYoungGen: 513152K->4768K(517120K)] 900053K->394610K(1041408K), 0.0188510 secs] [Times: user=0.03 sys=0.03, real=0.02 secs] 
2021-05-26T13:09:17.446+0800: 1049909.125: [GC (Allocation Failure) [PSYoungGen: 514720K->4672K(517120K)] 904562K->398047K(1041408K), 0.0242597 secs] [Times: user=0.04 sys=0.03, real=0.02 secs] 
2021-05-26T13:13:12.903+0800: 1050144.583: [GC (Allocation Failure) [PSYoungGen: 514624K->5696K(516608K)] 907999K->402691K(1040896K), 0.0217823 secs] [Times: user=0.03 sys=0.03, real=0.02 secs] 
2021-05-26T13:17:07.761+0800: 1050379.440: [GC (Allocation Failure) [PSYoungGen: 515648K->5408K(517120K)] 912643K->407255K(1041408K), 0.0190269 secs] [Times: user=0.03 sys=0.03, real=0.02 secs] 
2021-05-26T13:20:59.673+0800: 1050611.353: [GC (Allocation Failure) [PSYoungGen: 515360K->3968K(517120K)] 917207K->409516K(1041408K), 0.0193284 secs] [Times: user=0.04 sys=0.03, real=0.02 secs] 
2021-05-26T13:24:58.460+0800: 1050850.139: [GC (Allocation Failure) [PSYoungGen: 513920K->5728K(517120K)] 919468K->414018K(1041408K), 0.0205390 secs] [Times: user=0.03 sys=0.03, real=0.02 secs] 
2021-05-26T13:28:53.787+0800: 1051085.467: [GC (Allocation Failure) [PSYoungGen: 515680K->3360K(517120K)] 923970K->416380K(1041408K), 0.0185230 secs] [Times: user=0.03 sys=0.03, real=0.02 secs] 
2021-05-26T13:32:49.999+0800: 1051321.679: [GC (Allocation Failure) [PSYoungGen: 513312K->3360K(517120K)] 926332K->418658K(1041408K), 0.0182052 secs] [Times: user=0.02 sys=0.03, real=0.02 secs] 
2021-05-26T13:36:46.664+0800: 1051558.344: [GC (Allocation Failure) [PSYoungGen: 513312K->6176K(516096K)] 928610K->423752K(1040384K), 0.0195036 secs] [Times: user=0.04 sys=0.03, real=0.02 secs] 
2021-05-26T13:40:39.964+0800: 1051791.644: [GC (Allocation Failure) [PSYoungGen: 515104K->6400K(515584K)] 932680K->429068K(1039872K), 0.0212108 secs] [Times: user=0.03 sys=0.03, real=0.02 secs] 
2021-05-26T13:44:35.818+0800: 1052027.497: [GC (Allocation Failure) [PSYoungGen: 515328K->3392K(516096K)] 937996K->431253K(1040384K), 0.0215813 secs] [Times: user=0.03 sys=0.03, real=0.02 secs] 
2021-05-26T13:48:32.027+0800: 1052263.707: [GC (Allocation Failure) [PSYoungGen: 511296K->3392K(516096K)] 939157K->433556K(1040384K), 0.0285133 secs] [Times: user=0.02 sys=0.03, real=0.03 secs] 
2021-05-26T13:52:30.532+0800: 1052502.212: [GC (Allocation Failure) [PSYoungGen: 511296K->2528K(516608K)] 941460K->435002K(1040896K), 0.0160244 secs] [Times: user=0.02 sys=0.02, real=0.01 secs] 
2021-05-26T13:56:27.028+0800: 1052738.708: [GC (Allocation Failure) [PSYoungGen: 511456K->2624K(516608K)] 943930K->436609K(1040896K), 0.0177310 secs] [Times: user=0.05 sys=0.00, real=0.02 secs] 
2021-05-26T14:00:23.098+0800: 1052974.777: [GC (Allocation Failure) [PSYoungGen: 511552K->3296K(516608K)] 945537K->438840K(1040896K), 0.0157534 secs] [Times: user=0.03 sys=0.02, real=0.02 secs] 
2021-05-26T14:04:17.516+0800: 1053209.195: [GC (Allocation Failure) [PSYoungGen: 512224K->4832K(516608K)] 947768K->442534K(1040896K), 0.0213479 secs] [Times: user=0.03 sys=0.03, real=0.02 secs] 
2021-05-26T14:08:11.880+0800: 1053443.560: [GC (Allocation Failure) [PSYoungGen: 513760K->6176K(515584K)] 951462K->447147K(1039872K), 0.0192940 secs] [Times: user=0.04 sys=0.03, real=0.02 secs] 
2021-05-26T14:12:04.944+0800: 1053676.624: [GC (Allocation Failure) [PSYoungGen: 514080K->4032K(516096K)] 955051K->450022K(1040384K), 0.0175796 secs] [Times: user=0.03 sys=0.03, real=0.02 secs] 
2021-05-26T14:15:58.669+0800: 1053910.348: [GC (Allocation Failure) [PSYoungGen: 511936K->3392K(516608K)] 957926K->452140K(1040896K), 0.0194090 secs] [Times: user=0.03 sys=0.03, real=0.02 secs] 
2021-05-26T14:19:53.253+0800: 1054144.933: [GC (Allocation Failure) [PSYoungGen: 512320K->7648K(516608K)] 961068K->458826K(1040896K), 0.0203662 secs] [Times: user=0.03 sys=0.03, real=0.02 secs] 
2021-05-26T14:23:49.390+0800: 1054381.070: [GC (Allocation Failure) [PSYoungGen: 516576K->4704K(513536K)] 967754K->462227K(1037824K), 0.0186894 secs] [Times: user=0.03 sys=0.03, real=0.02 secs] 
2021-05-26T14:27:42.451+0800: 1054614.130: [GC (Allocation Failure) [PSYoungGen: 510560K->5728K(515072K)] 968083K->466983K(1039360K), 0.0177866 secs] [Times: user=0.03 sys=0.03, real=0.02 secs] 
2021-05-26T14:31:35.471+0800: 1054847.151: [GC (Allocation Failure) [PSYoungGen: 511584K->3264K(515584K)] 972839K->469450K(1039872K), 0.0176562 secs] [Times: user=0.05 sys=0.00, real=0.02 secs] 
2021-05-26T14:35:31.720+0800: 1055083.400: [GC (Allocation Failure) [PSYoungGen: 509632K->4672K(515072K)] 975818K->473096K(1039360K), 0.0235282 secs] [Times: user=0.03 sys=0.03, real=0.03 secs] 
2021-05-26T14:39:24.828+0800: 1055316.508: [GC (Allocation Failure) [PSYoungGen: 511040K->5696K(515584K)] 979464K->477629K(1039872K), 0.0206408 secs] [Times: user=0.03 sys=0.02, real=0.02 secs] 
2021-05-26T14:43:18.570+0800: 1055550.250: [GC (Allocation Failure) [PSYoungGen: 512576K->5600K(515584K)] 984509K->482384K(1039872K), 0.0210418 secs] [Times: user=0.03 sys=0.04, real=0.02 secs] 
2021-05-26T14:47:13.872+0800: 1055785.551: [GC (Allocation Failure) [PSYoungGen: 512480K->3520K(516096K)] 989264K->485012K(1040384K), 0.0189589 secs] [Times: user=0.03 sys=0.03, real=0.02 secs] 
2021-05-26T14:51:09.148+0800: 1056020.828: [GC (Allocation Failure) [PSYoungGen: 510912K->4448K(515584K)] 992404K->488410K(1039872K), 0.0225640 secs] [Times: user=0.03 sys=0.03, real=0.02 secs] 
2021-05-26T14:55:01.769+0800: 1056253.449: [GC (Allocation Failure) [PSYoungGen: 511840K->5152K(516608K)] 995802K->492312K(1040896K), 0.0214196 secs] [Times: user=0.04 sys=0.04, real=0.02 secs] 
2021-05-26T14:58:56.849+0800: 1056488.528: [GC (Allocation Failure) [PSYoungGen: 513568K->2208K(516096K)] 1000728K->493603K(1040384K), 0.0265682 secs] [Times: user=0.03 sys=0.04, real=0.03 secs] 
2021-05-26T15:02:52.214+0800: 1056723.894: [GC (Allocation Failure) [PSYoungGen: 510624K->4096K(516608K)] 1002019K->496466K(1040896K), 0.0250765 secs] [Times: user=0.03 sys=0.03, real=0.02 secs] 
2021-05-26T15:06:45.722+0800: 1056957.402: [GC (Allocation Failure) [PSYoungGen: 512512K->5760K(516096K)] 1004882K->500864K(1040384K), 0.0248493 secs] [Times: user=0.03 sys=0.03, real=0.02 secs] 
2021-05-26T15:10:42.916+0800: 1057194.595: [GC (Allocation Failure) [PSYoungGen: 514176K->4448K(516608K)] 1009280K->503605K(1040896K), 0.0211879 secs] [Times: user=0.03 sys=0.03, real=0.02 secs] 
2021-05-26T15:14:37.174+0800: 1057428.853: [GC (Allocation Failure) [PSYoungGen: 512864K->6144K(516096K)] 1012021K->508569K(1040384K), 0.0202939 secs] [Times: user=0.03 sys=0.03, real=0.02 secs] 
2021-05-26T15:18:28.742+0800: 1057660.422: [GC (Allocation Failure) [PSYoungGen: 514560K->7264K(515072K)] 1016985K->514868K(1039360K), 0.0217928 secs] [Times: user=0.03 sys=0.04, real=0.03 secs] 
2021-05-26T15:22:25.033+0800: 1057896.713: [GC (Allocation Failure) [PSYoungGen: 514144K->4992K(515584K)] 1021748K->518623K(1039872K), 0.0216056 secs] [Times: user=0.03 sys=0.03, real=0.02 secs] 
2021-05-26T15:26:18.138+0800: 1058129.818: [GC (Allocation Failure) [PSYoungGen: 511872K->8096K(514048K)] 1025503K->525708K(1038336K), 0.0205289 secs] [Times: user=0.03 sys=0.03, real=0.02 secs] 
2021-05-26T15:26:18.159+0800: 1058129.839: [Full GC (Ergonomics) [PSYoungGen: 8096K->0K(514048K)] [ParOldGen: 517612K->288512K(524288K)] 525708K->288512K(1038336K), [Metaspace: 95503K->95503K(1136640K)], 0.4790019 secs] [Times: user=1.05 sys=0.00, real=0.48 secs] 
2021-05-26T15:30:13.605+0800: 1058365.285: [GC (Allocation Failure) [PSYoungGen: 505856K->2464K(515072K)] 794368K->290976K(1039360K), 0.0138722 secs] [Times: user=0.02 sys=0.02, real=0.01 secs] 
2021-05-26T15:34:07.271+0800: 1058598.951: [GC (Allocation Failure) [PSYoungGen: 508320K->4832K(515584K)] 796832K->294672K(1039872K), 0.0195992 secs] [Times: user=0.03 sys=0.03, real=0.02 secs] 
2021-05-26T15:38:04.567+0800: 1058836.247: [GC (Allocation Failure) [PSYoungGen: 511200K->2304K(515072K)] 801040K->295932K(1039360K), 0.0206522 secs] [Times: user=0.03 sys=0.03, real=0.02 secs] 
2021-05-26T15:42:01.388+0800: 1059073.068: [GC (Allocation Failure) [PSYoungGen: 508672K->2752K(515584K)] 802300K->297404K(1039872K), 0.0260235 secs] [Times: user=0.04 sys=0.04, real=0.03 secs] 
2021-05-26T15:45:54.716+0800: 1059306.396: [GC (Allocation Failure) [PSYoungGen: 509120K->5376K(515072K)] 803772K->301587K(1039360K), 0.0271976 secs] [Times: user=0.03 sys=0.03, real=0.03 secs] 
2021-05-26T15:49:47.332+0800: 1059539.012: [GC (Allocation Failure) [PSYoungGen: 511744K->4032K(515584K)] 807955K->304510K(1039872K), 0.0217418 secs] [Times: user=0.03 sys=0.04, real=0.02 secs] 
2021-05-26T15:53:45.362+0800: 1059777.042: [GC (Allocation Failure) [PSYoungGen: 510912K->3520K(515584K)] 811390K->306827K(1039872K), 0.0176112 secs] [Times: user=0.02 sys=0.03, real=0.02 secs] 
2021-05-26T15:57:40.644+0800: 1060012.324: [GC (Allocation Failure) [PSYoungGen: 510400K->3968K(516096K)] 813707K->309769K(1040384K), 0.0204526 secs] [Times: user=0.03 sys=0.03, real=0.02 secs] 
2021-05-26T16:01:35.922+0800: 1060247.602: [GC (Allocation Failure) [PSYoungGen: 511872K->4768K(516096K)] 817673K->313526K(1040384K), 0.0261023 secs] [Times: user=0.02 sys=0.03, real=0.03 secs] 
2021-05-26T16:05:30.242+0800: 1060481.921: [GC (Allocation Failure) [PSYoungGen: 512672K->7648K(512512K)] 821430K->319629K(1036800K), 0.0181924 secs] [Times: user=0.03 sys=0.03, real=0.02 secs] 
2021-05-26T16:09:22.901+0800: 1060714.581: [GC (Allocation Failure) [PSYoungGen: 512480K->3840K(514560K)] 824461K->321926K(1038848K), 0.0182843 secs] [Times: user=0.03 sys=0.03, real=0.02 secs] 
2021-05-26T16:13:18.110+0800: 1060949.790: [GC (Allocation Failure) [PSYoungGen: 508672K->3904K(515072K)] 826758K->324620K(1039360K), 0.0167869 secs] [Times: user=0.02 sys=0.03, real=0.02 secs] 
2021-05-26T16:17:13.304+0800: 1061184.983: [GC (Allocation Failure) [PSYoungGen: 509248K->4704K(514560K)] 829964K->328337K(1038848K), 0.0163432 secs] [Times: user=0.02 sys=0.02, real=0.01 secs] 
2021-05-26T16:21:05.965+0800: 1061417.644: [GC (Allocation Failure) [PSYoungGen: 510048K->4064K(515584K)] 833681K->331327K(1039872K), 0.0168196 secs] [Times: user=0.03 sys=0.03, real=0.01 secs] 
2021-05-26T16:25:03.460+0800: 1061655.140: [GC (Allocation Failure) [PSYoungGen: 510432K->3456K(515072K)] 837695K->333716K(1039360K), 0.0180773 secs] [Times: user=0.03 sys=0.02, real=0.02 secs] 
2021-05-26T16:28:55.818+0800: 1061887.498: [GC (Allocation Failure) [PSYoungGen: 509824K->6368K(515584K)] 840084K->338906K(1039872K), 0.0262547 secs] [Times: user=0.03 sys=0.03, real=0.03 secs] 
2021-05-26T16:32:50.306+0800: 1062121.986: [GC (Allocation Failure) [PSYoungGen: 513248K->6848K(514048K)] 845786K->344061K(1038336K), 0.0202630 secs] [Times: user=0.03 sys=0.04, real=0.02 secs] 
2021-05-26T16:36:45.365+0800: 1062357.045: [GC (Allocation Failure) [PSYoungGen: 513728K->2688K(515072K)] 850941K->345863K(1039360K), 0.0172771 secs] [Times: user=0.03 sys=0.02, real=0.02 secs] 
2021-05-26T16:40:39.155+0800: 1062590.835: [GC (Allocation Failure) [PSYoungGen: 508544K->4608K(515072K)] 851719K->349294K(1039360K), 0.0166778 secs] [Times: user=0.02 sys=0.02, real=0.01 secs] 
2021-05-26T16:44:30.373+0800: 1062822.052: [GC (Allocation Failure) [PSYoungGen: 510464K->4864K(515584K)] 855150K->353219K(1039872K), 0.0247176 secs] [Times: user=0.03 sys=0.03, real=0.02 secs] 
2021-05-26T16:48:26.005+0800: 1063057.684: [GC (Allocation Failure) [PSYoungGen: 511744K->3136K(515584K)] 860099K->355239K(1039872K), 0.0211339 secs] [Times: user=0.03 sys=0.03, real=0.02 secs] 
2021-05-26T16:52:21.089+0800: 1063292.769: [GC (Allocation Failure) [PSYoungGen: 510016K->2592K(516096K)] 862119K->356773K(1040384K), 0.0190011 secs] [Times: user=0.02 sys=0.02, real=0.02 secs] 
2021-05-26T16:56:16.973+0800: 1063528.653: [GC (Allocation Failure) [PSYoungGen: 510496K->4384K(516096K)] 864677K->359844K(1040384K), 0.0245099 secs] [Times: user=0.03 sys=0.03, real=0.02 secs] 
2021-05-26T17:00:15.317+0800: 1063766.996: [GC (Allocation Failure) [PSYoungGen: 512288K->4864K(516608K)] 867748K->363585K(1040896K), 0.0233394 secs] [Times: user=0.04 sys=0.04, real=0.02 secs] 
2021-05-26T17:04:10.016+0800: 1064001.695: [GC (Allocation Failure) [PSYoungGen: 513280K->3808K(516096K)] 872001K->366389K(1040384K), 0.0227701 secs] [Times: user=0.04 sys=0.04, real=0.02 secs] 
2021-05-26T17:08:03.334+0800: 1064235.014: [GC (Allocation Failure) [PSYoungGen: 512224K->2912K(516608K)] 874805K->367891K(1040896K), 0.0179161 secs] [Times: user=0.03 sys=0.03, real=0.02 secs] 
2021-05-26T17:12:00.547+0800: 1064472.226: [GC (Allocation Failure) [PSYoungGen: 511840K->4832K(516608K)] 876819K->371490K(1040896K), 0.0175375 secs] [Times: user=0.03 sys=0.03, real=0.02 secs] 
2021-05-26T17:15:55.978+0800: 1064707.657: [GC (Allocation Failure) [PSYoungGen: 513760K->5760K(516608K)] 880418K->375887K(1040896K), 0.0213796 secs] [Times: user=0.03 sys=0.03, real=0.02 secs] 
2021-05-26T17:19:51.316+0800: 1064942.996: [GC (Allocation Failure) [PSYoungGen: 514688K->2848K(516608K)] 884815K->377689K(1040896K), 0.0207362 secs] [Times: user=0.03 sys=0.03, real=0.02 secs] 
2021-05-26T17:23:47.515+0800: 1065179.195: [GC (Allocation Failure) [PSYoungGen: 511776K->2048K(516608K)] 886617K->378672K(1040896K), 0.0201173 secs] [Times: user=0.02 sys=0.02, real=0.02 secs] 
2021-05-26T17:27:45.240+0800: 1065416.919: [GC (Allocation Failure) [PSYoungGen: 510976K->2880K(516608K)] 887600K->380336K(1040896K), 0.0176348 secs] [Times: user=0.03 sys=0.02, real=0.02 secs] 
2021-05-26T17:31:41.520+0800: 1065653.200: [GC (Allocation Failure) [PSYoungGen: 511808K->3968K(517120K)] 889264K->383223K(1041408K), 0.0194411 secs] [Times: user=0.03 sys=0.03, real=0.02 secs] 
2021-05-26T17:35:33.455+0800: 1065885.135: [GC (Allocation Failure) [PSYoungGen: 513408K->4992K(516608K)] 892663K->387196K(1040896K), 0.0259492 secs] [Times: user=0.04 sys=0.03, real=0.02 secs] 
2021-05-26T17:39:29.003+0800: 1066120.683: [GC (Allocation Failure) [PSYoungGen: 514432K->4128K(517120K)] 896636K->390384K(1041408K), 0.0324699 secs] [Times: user=0.09 sys=0.00, real=0.03 secs] 
2021-05-26T17:43:21.638+0800: 1066353.317: [GC (Allocation Failure) [PSYoungGen: 514080K->4608K(517120K)] 900336K->394061K(1041408K), 0.0229971 secs] [Times: user=0.03 sys=0.03, real=0.02 secs] 
2021-05-26T17:47:18.640+0800: 1066590.319: [GC (Allocation Failure) [PSYoungGen: 514560K->4448K(517632K)] 904013K->397418K(1041920K), 0.0228007 secs] [Times: user=0.03 sys=0.03, real=0.03 secs] 
2021-05-26T17:51:16.146+0800: 1066827.825: [GC (Allocation Failure) [PSYoungGen: 514912K->4864K(517120K)] 907882K->401056K(1041408K), 0.0195184 secs] [Times: user=0.06 sys=0.00, real=0.02 secs] 
2021-05-26T17:55:14.298+0800: 1067065.978: [GC (Allocation Failure) [PSYoungGen: 515328K->2912K(517632K)] 911520K->402804K(1041920K), 0.0197976 secs] [Times: user=0.03 sys=0.03, real=0.02 secs] 
2021-05-26T17:59:11.601+0800: 1067303.281: [GC (Allocation Failure) [PSYoungGen: 513888K->5504K(516608K)] 913780K->407211K(1040896K), 0.0240801 secs] [Times: user=0.03 sys=0.03, real=0.03 secs] 
2021-05-26T18:03:06.831+0800: 1067538.511: [GC (Allocation Failure) [PSYoungGen: 516480K->5792K(516096K)] 918187K->411831K(1040384K), 0.0291164 secs] [Times: user=0.03 sys=0.04, real=0.03 secs] 
2021-05-26T18:07:02.385+0800: 1067774.065: [GC (Allocation Failure) [PSYoungGen: 514720K->2944K(516608K)] 920759K->413402K(1040896K), 0.0192389 secs] [Times: user=0.03 sys=0.03, real=0.02 secs] 
2021-05-26T18:11:01.983+0800: 1068013.662: [GC (Allocation Failure) [PSYoungGen: 511872K->2560K(517120K)] 922330K->414649K(1041408K), 0.0200950 secs] [Times: user=0.03 sys=0.03, real=0.02 secs] 
2021-05-26T18:14:55.323+0800: 1068247.003: [GC (Allocation Failure) [PSYoungGen: 512000K->4864K(516608K)] 924089K->418264K(1040896K), 0.0192578 secs] [Times: user=0.04 sys=0.03, real=0.02 secs] 
2021-05-26T18:18:49.016+0800: 1068480.696: [GC (Allocation Failure) [PSYoungGen: 514304K->7168K(512000K)] 927704K->424957K(1036288K), 0.0181564 secs] [Times: user=0.03 sys=0.03, real=0.02 secs] 
2021-05-26T18:22:41.434+0800: 1068713.114: [GC (Allocation Failure) [PSYoungGen: 512000K->4896K(514560K)] 929789K->429502K(1038848K), 0.0199036 secs] [Times: user=0.04 sys=0.03, real=0.02 secs] 
2021-05-26T18:26:32.728+0800: 1068944.408: [GC (Allocation Failure) [PSYoungGen: 509724K->4352K(515072K)] 934330K->432962K(1039360K), 0.0176504 secs] [Times: user=0.02 sys=0.03, real=0.02 secs] 
2021-05-26T18:30:27.026+0800: 1069178.706: [GC (Allocation Failure) [PSYoungGen: 510208K->4416K(515072K)] 938818K->436231K(1039360K), 0.0181793 secs] [Times: user=0.03 sys=0.03, real=0.02 secs] 
2021-05-26T18:34:19.286+0800: 1069410.965: [GC (Allocation Failure) [PSYoungGen: 510272K->4480K(516096K)] 942087K->439500K(1040384K), 0.0218149 secs] [Times: user=0.03 sys=0.04, real=0.02 secs] 
2021-05-26T18:38:12.450+0800: 1069644.130: [GC (Allocation Failure) [PSYoungGen: 511872K->5088K(515584K)] 946892K->443416K(1039872K), 0.0184629 secs] [Times: user=0.03 sys=0.03, real=0.02 secs] 
2021-05-26T18:42:08.083+0800: 1069879.762: [GC (Allocation Failure) [PSYoungGen: 512480K->2656K(516096K)] 950808K->445164K(1040384K), 0.0170219 secs] [Times: user=0.02 sys=0.03, real=0.01 secs] 
2021-05-26T18:46:01.431+0800: 1070113.111: [GC (Allocation Failure) [PSYoungGen: 510560K->4000K(516096K)] 953068K->448075K(1040384K), 0.0178354 secs] [Times: user=0.03 sys=0.03, real=0.02 secs] 
2021-05-26T18:49:52.922+0800: 1070344.602: [GC (Allocation Failure) [PSYoungGen: 511904K->7520K(515072K)] 955979K->454377K(1039360K), 0.0501638 secs] [Times: user=0.03 sys=0.03, real=0.05 secs] 
2021-05-26T18:53:47.049+0800: 1070578.729: [GC (Allocation Failure) [PSYoungGen: 514400K->6784K(514048K)] 961257K->459747K(1038336K), 0.0223952 secs] [Times: user=0.04 sys=0.03, real=0.02 secs] 
2021-05-26T18:57:40.600+0800: 1070812.280: [GC (Allocation Failure) [PSYoungGen: 513664K->2728K(515072K)] 966627K->461325K(1039360K), 0.0180358 secs] [Times: user=0.03 sys=0.03, real=0.02 secs] 
2021-05-26T19:01:35.352+0800: 1071047.031: [GC (Allocation Failure) [PSYoungGen: 508584K->2656K(515072K)] 967181K->462877K(1039360K), 0.0169842 secs] [Times: user=0.06 sys=0.00, real=0.02 secs] 
2021-05-26T19:05:31.619+0800: 1071283.298: [GC (Allocation Failure) [PSYoungGen: 508512K->3104K(515584K)] 968733K->464788K(1039872K), 0.0215439 secs] [Times: user=0.05 sys=0.00, real=0.02 secs] 
2021-05-26T19:09:26.967+0800: 1071518.647: [GC (Allocation Failure) [PSYoungGen: 509472K->3424K(515072K)] 971156K->466866K(1039360K), 0.0244851 secs] [Times: user=0.02 sys=0.03, real=0.02 secs] 
2021-05-26T19:13:22.236+0800: 1071753.916: [GC (Allocation Failure) [PSYoungGen: 509792K->2368K(515584K)] 973234K->467993K(1039872K), 0.0257189 secs] [Times: user=0.03 sys=0.03, real=0.03 secs] 
2021-05-26T19:17:15.912+0800: 1071987.592: [GC (Allocation Failure) [PSYoungGen: 509248K->5696K(515584K)] 974873K->472576K(1039872K), 0.0193495 secs] [Times: user=0.03 sys=0.03, real=0.01 secs] 
2021-05-26T19:21:07.338+0800: 1072219.018: [GC (Allocation Failure) [PSYoungGen: 512576K->3104K(515584K)] 979456K->474659K(1039872K), 0.0245738 secs] [Times: user=0.04 sys=0.04, real=0.03 secs] 
2021-05-26T19:24:58.193+0800: 1072449.873: [GC (Allocation Failure) [PSYoungGen: 509984K->3840K(515584K)] 981539K->477417K(1039872K), 0.0186600 secs] [Times: user=0.03 sys=0.02, real=0.01 secs] 
2021-05-26T19:28:53.518+0800: 1072685.198: [GC (Allocation Failure) [PSYoungGen: 510720K->5568K(516096K)] 984297K->481639K(1040384K), 0.0186213 secs] [Times: user=0.03 sys=0.03, real=0.02 secs] 
2021-05-26T19:32:45.501+0800: 1072917.181: [GC (Allocation Failure) [PSYoungGen: 513472K->6432K(514560K)] 989543K->486939K(1038848K), 0.0223476 secs] [Times: user=0.03 sys=0.03, real=0.03 secs] 
2021-05-26T19:36:39.161+0800: 1073150.840: [GC (Allocation Failure) [PSYoungGen: 514336K->5472K(515584K)] 994843K->491428K(1039872K), 0.0219732 secs] [Times: user=0.03 sys=0.03, real=0.03 secs] 
2021-05-26T19:40:34.425+0800: 1073386.105: [GC (Allocation Failure) [PSYoungGen: 512352K->3744K(515584K)] 998308K->494097K(1039872K), 0.0249471 secs] [Times: user=0.03 sys=0.03, real=0.02 secs] 
2021-05-26T19:44:26.495+0800: 1073618.175: [GC (Allocation Failure) [PSYoungGen: 510624K->5408K(516096K)] 1000977K->498494K(1040384K), 0.0190746 secs] [Times: user=0.03 sys=0.04, real=0.02 secs] 
2021-05-26T19:48:20.269+0800: 1073851.948: [GC (Allocation Failure) [PSYoungGen: 512800K->4032K(515584K)] 1005886K->501618K(1039872K), 0.0187609 secs] [Times: user=0.03 sys=0.03, real=0.02 secs] 
2021-05-26T19:52:15.844+0800: 1074087.523: [GC (Allocation Failure) [PSYoungGen: 511424K->3840K(516096K)] 1009010K->504407K(1040384K), 0.0186863 secs] [Times: user=0.03 sys=0.03, real=0.02 secs] 
2021-05-26T19:56:10.629+0800: 1074322.308: [GC (Allocation Failure) [PSYoungGen: 511744K->4192K(516096K)] 1012311K->507517K(1040384K), 0.0207388 secs] [Times: user=0.03 sys=0.03, real=0.02 secs] 
2021-05-26T20:00:07.947+0800: 1074559.626: [GC (Allocation Failure) [PSYoungGen: 512096K->4448K(517120K)] 1015421K->510778K(1041408K), 0.0235095 secs] [Times: user=0.03 sys=0.03, real=0.02 secs] 
2021-05-26T20:04:02.845+0800: 1074794.525: [GC (Allocation Failure) [PSYoungGen: 513888K->7136K(516608K)] 1020218K->517175K(1040896K), 0.0223187 secs] [Times: user=0.06 sys=0.00, real=0.02 secs] 
2021-05-26T20:07:58.286+0800: 1075029.966: [GC (Allocation Failure) [PSYoungGen: 516576K->5664K(513536K)] 1026615K->521641K(1037824K), 0.0224317 secs] [Times: user=0.03 sys=0.03, real=0.02 secs] 
2021-05-26T20:11:53.892+0800: 1075265.572: [GC (Allocation Failure) [PSYoungGen: 511520K->2464K(515072K)] 1027497K->522981K(1039360K), 0.0342462 secs] [Times: user=0.02 sys=0.02, real=0.04 secs] 
2021-05-26T20:11:53.927+0800: 1075265.607: [Full GC (Ergonomics) [PSYoungGen: 2464K->0K(515072K)] [ParOldGen: 520517K->274718K(524288K)] 522981K->274718K(1039360K), [Metaspace: 95503K->95500K(1136640K)], 0.4147623 secs] [Times: user=0.95 sys=0.00, real=0.41 secs] 
2021-05-26T20:15:46.007+0800: 1075497.687: [GC (Allocation Failure) [PSYoungGen: 505794K->5184K(515072K)] 780513K->279902K(1039360K), 0.0162492 secs] [Times: user=0.02 sys=0.03, real=0.02 secs] 
2021-05-26T20:19:39.368+0800: 1075731.048: [GC (Allocation Failure) [PSYoungGen: 511040K->5312K(515072K)] 785758K->284306K(1039360K), 0.0202523 secs] [Times: user=0.03 sys=0.04, real=0.02 secs] 
2021-05-26T20:23:32.656+0800: 1075964.335: [GC (Allocation Failure) [PSYoungGen: 511168K->4864K(515584K)] 790162K->288207K(1039872K), 0.0191224 secs] [Times: user=0.03 sys=0.03, real=0.02 secs] 
2021-05-26T20:27:26.169+0800: 1076197.849: [GC (Allocation Failure) [PSYoungGen: 511744K->4160K(515584K)] 795087K->291251K(1039872K), 0.0171799 secs] [Times: user=0.03 sys=0.02, real=0.02 secs] 
2021-05-26T20:31:18.992+0800: 1076430.671: [GC (Allocation Failure) [PSYoungGen: 511040K->4256K(516096K)] 798131K->294616K(1040384K), 0.0643642 secs] [Times: user=0.03 sys=0.03, real=0.07 secs] 
2021-05-26T20:35:16.438+0800: 1076668.117: [GC (Allocation Failure) [PSYoungGen: 512160K->3840K(516096K)] 802520K->297373K(1040384K), 0.0177855 secs] [Times: user=0.03 sys=0.02, real=0.02 secs] 
2021-05-26T20:39:12.511+0800: 1076904.191: [GC (Allocation Failure) [PSYoungGen: 511744K->2848K(516608K)] 805277K->299170K(1040896K), 0.0182744 secs] [Times: user=0.07 sys=0.00, real=0.02 secs] 
2021-05-26T20:43:07.039+0800: 1077138.718: [GC (Allocation Failure) [PSYoungGen: 511776K->4800K(516608K)] 808098K->302881K(1040896K), 0.0197849 secs] [Times: user=0.03 sys=0.03, real=0.02 secs] 
2021-05-26T20:47:01.989+0800: 1077373.669: [GC (Allocation Failure) [PSYoungGen: 513728K->3712K(516608K)] 811809K->305661K(1040896K), 0.0207665 secs] [Times: user=0.03 sys=0.03, real=0.02 secs] 
2021-05-26T20:50:55.805+0800: 1077607.485: [GC (Allocation Failure) [PSYoungGen: 512640K->5152K(516608K)] 814589K->309843K(1040896K), 0.0228891 secs] [Times: user=0.03 sys=0.03, real=0.02 secs] 
2021-05-26T20:54:51.534+0800: 1077843.214: [GC (Allocation Failure) [PSYoungGen: 514080K->5312K(516608K)] 818771K->313927K(1040896K), 0.0243868 secs] [Times: user=0.03 sys=0.03, real=0.02 secs] 
2021-05-26T20:58:45.609+0800: 1078077.289: [GC (Allocation Failure) [PSYoungGen: 514240K->4960K(516608K)] 822855K->317068K(1040896K), 0.0221188 secs] [Times: user=0.04 sys=0.03, real=0.02 secs] 
2021-05-26T21:02:43.637+0800: 1078315.316: [GC (Allocation Failure) [PSYoungGen: 513888K->2752K(516096K)] 825996K->318759K(1040384K), 0.0217103 secs] [Times: user=0.03 sys=0.03, real=0.02 secs] 
2021-05-26T21:06:36.506+0800: 1078548.185: [GC (Allocation Failure) [PSYoungGen: 511680K->4256K(516608K)] 827687K->321567K(1040896K), 0.0209332 secs] [Times: user=0.03 sys=0.03, real=0.02 secs] 
2021-05-26T21:10:32.578+0800: 1078784.257: [GC (Allocation Failure) [PSYoungGen: 513184K->4480K(517120K)] 830495K->324652K(1041408K), 0.0187722 secs] [Times: user=0.06 sys=0.00, real=0.02 secs] 
2021-05-26T21:14:26.802+0800: 1079018.482: [GC (Allocation Failure) [PSYoungGen: 514432K->5952K(517120K)] 834604K->329601K(1041408K), 0.0215784 secs] [Times: user=0.03 sys=0.03, real=0.03 secs] 
2021-05-26T21:18:23.275+0800: 1079254.954: [GC (Allocation Failure) [PSYoungGen: 515904K->5472K(517120K)] 839553K->333805K(1041408K), 0.0194110 secs] [Times: user=0.03 sys=0.03, real=0.02 secs] 
2021-05-26T21:22:19.501+0800: 1079491.180: [GC (Allocation Failure) [PSYoungGen: 515424K->2496K(512512K)] 843757K->335449K(1036800K), 0.0384698 secs] [Times: user=0.02 sys=0.02, real=0.04 secs] 
2021-05-26T21:26:14.199+0800: 1079725.879: [GC (Allocation Failure) [PSYoungGen: 512448K->5568K(516608K)] 845401K->339904K(1040896K), 0.0211130 secs] [Times: user=0.03 sys=0.03, real=0.02 secs] 
2021-05-26T21:30:08.052+0800: 1079959.732: [GC (Allocation Failure) [PSYoungGen: 514496K->4416K(516608K)] 848832K->343356K(1040896K), 0.0193506 secs] [Times: user=0.03 sys=0.02, real=0.02 secs] 
2021-05-26T21:34:00.381+0800: 1080192.060: [GC (Allocation Failure) [PSYoungGen: 513344K->4704K(517120K)] 852284K->346825K(1041408K), 0.0176903 secs] [Times: user=0.02 sys=0.03, real=0.02 secs] 
2021-05-26T21:37:55.764+0800: 1080427.444: [GC (Allocation Failure) [PSYoungGen: 514656K->4256K(517120K)] 856777K->349630K(1041408K), 0.0218460 secs] [Times: user=0.02 sys=0.03, real=0.02 secs] 
2021-05-26T21:41:49.344+0800: 1080661.023: [GC (Allocation Failure) [PSYoungGen: 514208K->5120K(517120K)] 859582K->353683K(1041408K), 0.0373769 secs] [Times: user=0.03 sys=0.03, real=0.03 secs] 
2021-05-26T21:45:44.471+0800: 1080896.151: [GC (Allocation Failure) [PSYoungGen: 515072K->4320K(517120K)] 863635K->356584K(1041408K), 0.0207053 secs] [Times: user=0.03 sys=0.03, real=0.02 secs] 
2021-05-26T21:49:36.755+0800: 1081128.435: [GC (Allocation Failure) [PSYoungGen: 514269K->3968K(517632K)] 866533K->359533K(1041920K), 0.0182776 secs] [Times: user=0.03 sys=0.02, real=0.02 secs] 
2021-05-26T21:53:34.573+0800: 1081366.252: [GC (Allocation Failure) [PSYoungGen: 514944K->2432K(517632K)] 870509K->361010K(1041920K), 0.0168519 secs] [Times: user=0.02 sys=0.03, real=0.01 secs] 
2021-05-26T21:57:30.467+0800: 1081602.147: [GC (Allocation Failure) [PSYoungGen: 513408K->3360K(517632K)] 871986K->363194K(1041920K), 0.0209751 secs] [Times: user=0.02 sys=0.04, real=0.02 secs] 
2021-05-26T22:01:26.142+0800: 1081837.822: [GC (Allocation Failure) [PSYoungGen: 514336K->6432K(517632K)] 874170K->368273K(1041920K), 0.0210906 secs] [Times: user=0.03 sys=0.03, real=0.02 secs] 
2021-05-26T22:05:24.771+0800: 1082076.451: [GC (Allocation Failure) [PSYoungGen: 517408K->4096K(516608K)] 879249K->371554K(1040896K), 0.0183481 secs] [Times: user=0.03 sys=0.03, real=0.02 secs] 
2021-05-26T22:09:24.692+0800: 1082316.372: [GC (Allocation Failure) [PSYoungGen: 514048K->2528K(517120K)] 881506K->372719K(1041408K), 0.0368802 secs] [Times: user=0.04 sys=0.04, real=0.03 secs] 
2021-05-26T22:13:19.170+0800: 1082550.850: [GC (Allocation Failure) [PSYoungGen: 512480K->6112K(516096K)] 882671K->377503K(1040384K), 0.0201801 secs] [Times: user=0.03 sys=0.03, real=0.02 secs] 
2021-05-26T22:17:14.795+0800: 1082786.474: [GC (Allocation Failure) [PSYoungGen: 515040K->5536K(516608K)] 886431K->382042K(1040896K), 0.0207464 secs] [Times: user=0.04 sys=0.03, real=0.02 secs] 
2021-05-26T22:21:10.005+0800: 1083021.685: [GC (Allocation Failure) [PSYoungGen: 514464K->7520K(514560K)] 890970K->387718K(1038848K), 0.0547623 secs] [Times: user=0.06 sys=0.00, real=0.05 secs] 
2021-05-26T22:25:06.110+0800: 1083257.790: [GC (Allocation Failure) [PSYoungGen: 514400K->2880K(515584K)] 894598K->389416K(1039872K), 0.0185067 secs] [Times: user=0.03 sys=0.03, real=0.02 secs] 
2021-05-26T22:29:00.472+0800: 1083492.152: [GC (Allocation Failure) [PSYoungGen: 509760K->6880K(514560K)] 896296K->395215K(1038848K), 0.0180601 secs] [Times: user=0.03 sys=0.03, real=0.02 secs] 
2021-05-26T22:32:56.616+0800: 1083728.295: [GC (Allocation Failure) [PSYoungGen: 512736K->3136K(515072K)] 901071K->397423K(1039360K), 0.0210765 secs] [Times: user=0.07 sys=0.00, real=0.02 secs] 
2021-05-26T22:36:50.838+0800: 1083962.518: [GC (Allocation Failure) [PSYoungGen: 508992K->3296K(515584K)] 903279K->399638K(1039872K), 0.0167141 secs] [Times: user=0.03 sys=0.03, real=0.02 secs] 
2021-05-26T22:40:47.253+0800: 1084198.933: [GC (Allocation Failure) [PSYoungGen: 510176K->2944K(515584K)] 906518K->401516K(1039872K), 0.0255822 secs] [Times: user=0.04 sys=0.04, real=0.02 secs] 
2021-05-26T22:44:42.117+0800: 1084433.797: [GC (Allocation Failure) [PSYoungGen: 509824K->3424K(516096K)] 908396K->403779K(1040384K), 0.0169622 secs] [Times: user=0.02 sys=0.03, real=0.02 secs] 
2021-05-26T22:48:39.765+0800: 1084671.445: [GC (Allocation Failure) [PSYoungGen: 510816K->3296K(515584K)] 911171K->405753K(1039872K), 0.0185163 secs] [Times: user=0.03 sys=0.03, real=0.02 secs] 
2021-05-26T22:52:35.044+0800: 1084906.724: [GC (Allocation Failure) [PSYoungGen: 510688K->2880K(516096K)] 913145K->407632K(1040384K), 0.0180269 secs] [Times: user=0.03 sys=0.03, real=0.02 secs] 
2021-05-26T22:56:30.458+0800: 1085142.137: [GC (Allocation Failure) [PSYoungGen: 510784K->4000K(516096K)] 915536K->410518K(1040384K), 0.0162220 secs] [Times: user=0.03 sys=0.03, real=0.02 secs] 
2021-05-26T23:00:23.801+0800: 1085375.480: [GC (Allocation Failure) [PSYoungGen: 511904K->7136K(514560K)] 918422K->416684K(1038848K), 0.0225709 secs] [Times: user=0.03 sys=0.03, real=0.03 secs] 
2021-05-26T23:04:20.839+0800: 1085612.519: [GC (Allocation Failure) [PSYoungGen: 514016K->3744K(515584K)] 923564K->419325K(1039872K), 0.0199823 secs] [Times: user=0.03 sys=0.03, real=0.02 secs] 
2021-05-26T23:08:14.429+0800: 1085846.108: [GC (Allocation Failure) [PSYoungGen: 510624K->2656K(516096K)] 926205K->420587K(1040384K), 0.0183747 secs] [Times: user=0.06 sys=0.00, real=0.02 secs] 
2021-05-26T23:12:08.443+0800: 1086080.122: [GC (Allocation Failure) [PSYoungGen: 510560K->4736K(516096K)] 928491K->424058K(1040384K), 0.0184064 secs] [Times: user=0.06 sys=0.00, real=0.01 secs] 
2021-05-26T23:16:03.846+0800: 1086315.525: [GC (Allocation Failure) [PSYoungGen: 512640K->5056K(516608K)] 931962K->428063K(1040896K), 0.0193571 secs] [Times: user=0.03 sys=0.03, real=0.02 secs] 
2021-05-26T23:20:00.287+0800: 1086551.966: [GC (Allocation Failure) [PSYoungGen: 513472K->3488K(516096K)] 936479K->430212K(1040384K), 0.0168277 secs] [Times: user=0.02 sys=0.03, real=0.02 secs] 
2021-05-26T23:23:54.915+0800: 1086786.595: [GC (Allocation Failure) [PSYoungGen: 511904K->6080K(515584K)] 938628K->435305K(1039872K), 0.0191886 secs] [Times: user=0.03 sys=0.03, real=0.02 secs] 
2021-05-26T23:27:45.998+0800: 1087017.678: [GC (Allocation Failure) [PSYoungGen: 513984K->5088K(516096K)] 943209K->439181K(1040384K), 0.0187857 secs] [Times: user=0.04 sys=0.03, real=0.02 secs] 
2021-05-26T23:31:40.706+0800: 1087252.386: [GC (Allocation Failure) [PSYoungGen: 512992K->7200K(515072K)] 947085K->445218K(1039360K), 0.0231644 secs] [Times: user=0.03 sys=0.03, real=0.02 secs] 
2021-05-26T23:35:33.363+0800: 1087485.043: [GC (Allocation Failure) [PSYoungGen: 514080K->4896K(515584K)] 952098K->448029K(1039872K), 0.0197787 secs] [Times: user=0.04 sys=0.03, real=0.02 secs] 
2021-05-26T23:39:28.629+0800: 1087720.309: [GC (Allocation Failure) [PSYoungGen: 511769K->3072K(516096K)] 954903K->450241K(1040384K), 0.0160775 secs] [Times: user=0.02 sys=0.02, real=0.02 secs] 
2021-05-26T23:43:23.926+0800: 1087955.606: [GC (Allocation Failure) [PSYoungGen: 510976K->2976K(516096K)] 958145K->452111K(1040384K), 0.0165510 secs] [Times: user=0.03 sys=0.03, real=0.02 secs] 
2021-05-26T23:47:21.270+0800: 1088192.949: [GC (Allocation Failure) [PSYoungGen: 510880K->4448K(516608K)] 960015K->455430K(1040896K), 0.0212278 secs] [Times: user=0.03 sys=0.03, real=0.02 secs] 
2021-05-26T23:51:15.823+0800: 1088427.503: [GC (Allocation Failure) [PSYoungGen: 512864K->4448K(516096K)] 963846K->458907K(1040384K), 0.0184000 secs] [Times: user=0.03 sys=0.02, real=0.01 secs] 
2021-05-26T23:55:10.914+0800: 1088662.593: [GC (Allocation Failure) [PSYoungGen: 512864K->5056K(516608K)] 967323K->462968K(1040896K), 0.0240259 secs] [Times: user=0.03 sys=0.03, real=0.02 secs] 
2021-05-26T23:59:05.148+0800: 1088896.827: [GC (Allocation Failure) [PSYoungGen: 513984K->4576K(516608K)] 971896K->465925K(1040896K), 0.0190102 secs] [Times: user=0.03 sys=0.04, real=0.02 secs] 
2021-05-27T00:02:47.172+0800: 1089118.852: [GC (Allocation Failure) [PSYoungGen: 513504K->6976K(515072K)] 974853K->471962K(1039360K), 0.0215441 secs] [Times: user=0.04 sys=0.03, real=0.02 secs] 
2021-05-27T00:06:40.725+0800: 1089352.405: [GC (Allocation Failure) [PSYoungGen: 514880K->6016K(516096K)] 979866K->476645K(1040384K), 0.0219096 secs] [Times: user=0.03 sys=0.04, real=0.02 secs] 
2021-05-27T00:10:33.352+0800: 1089585.032: [GC (Allocation Failure) [PSYoungGen: 513920K->6720K(515072K)] 984549K->481658K(1039360K), 0.0221580 secs] [Times: user=0.03 sys=0.03, real=0.02 secs] 
2021-05-27T00:14:26.396+0800: 1089818.076: [GC (Allocation Failure) [PSYoungGen: 513600K->4384K(515584K)] 988538K->484764K(1039872K), 0.0215220 secs] [Times: user=0.03 sys=0.03, real=0.02 secs] 
2021-05-27T00:18:24.282+0800: 1090055.962: [GC (Allocation Failure) [PSYoungGen: 511264K->2816K(516096K)] 991644K->486688K(1040384K), 0.0190040 secs] [Times: user=0.03 sys=0.03, real=0.02 secs] 
2021-05-27T00:22:17.175+0800: 1090288.855: [GC (Allocation Failure) [PSYoungGen: 510720K->4256K(516096K)] 994592K->489887K(1040384K), 0.0405322 secs] [Times: user=0.03 sys=0.03, real=0.04 secs] 
2021-05-27T00:26:11.134+0800: 1090522.814: [GC (Allocation Failure) [PSYoungGen: 512160K->6976K(515072K)] 997791K->495798K(1039360K), 0.0225387 secs] [Times: user=0.04 sys=0.04, real=0.02 secs] 
2021-05-27T00:30:01.302+0800: 1090752.982: [GC (Allocation Failure) [PSYoungGen: 513856K->8704K(515584K)] 1002678K->506192K(1039872K), 0.0233077 secs] [Times: user=0.03 sys=0.03, real=0.02 secs] 
2021-05-27T00:33:51.795+0800: 1090983.475: [GC (Allocation Failure) [PSYoungGen: 515584K->8672K(498176K)] 1013072K->517092K(1022464K), 0.0293458 secs] [Times: user=0.04 sys=0.04, real=0.03 secs] 
2021-05-27T00:37:36.495+0800: 1091208.175: [GC (Allocation Failure) [PSYoungGen: 498144K->11872K(501760K)] 1006564K->528607K(1026048K), 0.0663194 secs] [Times: user=0.04 sys=0.04, real=0.06 secs] 
2021-05-27T00:37:36.562+0800: 1091208.242: [Full GC (Ergonomics) [PSYoungGen: 11872K->0K(501760K)] [ParOldGen: 516735K->291432K(524288K)] 528607K->291432K(1026048K), [Metaspace: 95504K->95500K(1136640K)], 0.4618433 secs] [Times: user=1.01 sys=0.00, real=0.46 secs] 
2021-05-27T00:41:19.333+0800: 1091431.013: [GC (Allocation Failure) [PSYoungGen: 489472K->13728K(504320K)] 780904K->305160K(1028608K), 0.0307206 secs] [Times: user=0.03 sys=0.03, real=0.03 secs] 
2021-05-27T00:45:02.362+0800: 1091654.042: [GC (Allocation Failure) [PSYoungGen: 500128K->10080K(505344K)] 791560K->313503K(1029632K), 0.0318692 secs] [Times: user=0.03 sys=0.04, real=0.03 secs] 
2021-05-27T00:48:45.504+0800: 1091877.183: [GC (Allocation Failure) [PSYoungGen: 496480K->8448K(506368K)] 799903K->320167K(1030656K), 0.0212251 secs] [Times: user=0.03 sys=0.04, real=0.02 secs] 
2021-05-27T00:52:26.647+0800: 1092098.327: [GC (Allocation Failure) [PSYoungGen: 496384K->10784K(505856K)] 808103K->329226K(1030144K), 0.0335246 secs] [Times: user=0.03 sys=0.03, real=0.03 secs] 
2021-05-27T00:56:09.729+0800: 1092321.409: [GC (Allocation Failure) [PSYoungGen: 498720K->9408K(507392K)] 817162K->335979K(1031680K), 0.0211429 secs] [Times: user=0.04 sys=0.04, real=0.02 secs] 
2021-05-27T00:59:49.024+0800: 1092540.704: [GC (Allocation Failure) [PSYoungGen: 499392K->9064K(506880K)] 825963K->343757K(1031168K), 0.0205029 secs] [Times: user=0.03 sys=0.04, real=0.02 secs] 
2021-05-27T01:03:36.166+0800: 1092767.846: [GC (Allocation Failure) [PSYoungGen: 499048K->6752K(508416K)] 833741K->348663K(1032704K), 0.0192800 secs] [Times: user=0.03 sys=0.03, real=0.02 secs] 
2021-05-27T01:07:26.520+0800: 1092998.199: [GC (Allocation Failure) [PSYoungGen: 498784K->3104K(507904K)] 840695K->350584K(1032192K), 0.0209846 secs] [Times: user=0.03 sys=0.03, real=0.02 secs] 
2021-05-27T01:11:14.928+0800: 1093226.608: [GC (Allocation Failure) [PSYoungGen: 495136K->4704K(508416K)] 842616K->354071K(1032704K), 0.0198159 secs] [Times: user=0.03 sys=0.03, real=0.02 secs] 
2021-05-27T01:14:58.843+0800: 1093450.523: [GC (Allocation Failure) [PSYoungGen: 496736K->5952K(507904K)] 846103K->359044K(1032192K), 0.0194926 secs] [Times: user=0.03 sys=0.03, real=0.02 secs] 
2021-05-27T01:18:46.982+0800: 1093678.661: [GC (Allocation Failure) [PSYoungGen: 497984K->5024K(508928K)] 851076K->362991K(1033216K), 0.0219152 secs] [Times: user=0.03 sys=0.03, real=0.03 secs] 
2021-05-27T01:22:33.377+0800: 1093905.056: [GC (Allocation Failure) [PSYoungGen: 498592K->7424K(508928K)] 856559K->369444K(1033216K), 0.0197210 secs] [Times: user=0.03 sys=0.03, real=0.02 secs] 
2021-05-27T01:26:18.297+0800: 1094129.977: [GC (Allocation Failure) [PSYoungGen: 500992K->10720K(508928K)] 863012K->378400K(1033216K), 0.0263422 secs] [Times: user=0.08 sys=0.00, real=0.03 secs] 
2021-05-27T01:30:03.955+0800: 1094355.635: [GC (Allocation Failure) [PSYoungGen: 505312K->11840K(506880K)] 872992K->387347K(1031168K), 0.0268341 secs] [Times: user=0.04 sys=0.03, real=0.03 secs] 
2021-05-27T01:33:51.740+0800: 1094583.420: [GC (Allocation Failure) [PSYoungGen: 506432K->6880K(508928K)] 881939K->392163K(1033216K), 0.0247519 secs] [Times: user=0.04 sys=0.04, real=0.03 secs] 
2021-05-27T01:37:38.694+0800: 1094810.374: [GC (Allocation Failure) [PSYoungGen: 499936K->9536K(508416K)] 885219K->400104K(1032704K), 0.0231097 secs] [Times: user=0.02 sys=0.03, real=0.02 secs] 
2021-05-27T01:41:27.130+0800: 1095038.810: [GC (Allocation Failure) [PSYoungGen: 502592K->10656K(508928K)] 893160K->408292K(1033216K), 0.0231254 secs] [Times: user=0.04 sys=0.03, real=0.03 secs] 
2021-05-27T01:45:13.283+0800: 1095264.963: [GC (Allocation Failure) [PSYoungGen: 504224K->9024K(508928K)] 901860K->415356K(1033216K), 0.0216319 secs] [Times: user=0.04 sys=0.03, real=0.02 secs] 
2021-05-27T01:48:57.428+0800: 1095489.108: [GC (Allocation Failure) [PSYoungGen: 502592K->13760K(506368K)] 908924K->427264K(1030656K), 0.0473996 secs] [Times: user=0.07 sys=0.00, real=0.05 secs] 
2021-05-27T01:52:39.708+0800: 1095711.388: [GC (Allocation Failure) [PSYoungGen: 505280K->8224K(507904K)] 918784K->431111K(1032192K), 0.0224942 secs] [Times: user=0.04 sys=0.03, real=0.02 secs] 
2021-05-27T01:56:25.274+0800: 1095936.954: [GC (Allocation Failure) [PSYoungGen: 499744K->5728K(508928K)] 922631K->434889K(1033216K), 0.0226991 secs] [Times: user=0.03 sys=0.03, real=0.02 secs] 
2021-05-27T02:00:13.985+0800: 1096165.665: [GC (Allocation Failure) [PSYoungGen: 498784K->4544K(508416K)] 927945K->438165K(1032704K), 0.0201829 secs] [Times: user=0.03 sys=0.04, real=0.02 secs] 
2021-05-27T02:03:57.566+0800: 1096389.246: [GC (Allocation Failure) [PSYoungGen: 497600K->10784K(508416K)] 931221K->447907K(1032704K), 0.0206143 secs] [Times: user=0.04 sys=0.03, real=0.02 secs] 
2021-05-27T02:07:40.867+0800: 1096612.546: [GC (Allocation Failure) [PSYoungGen: 503328K->13376K(506368K)] 940451K->458121K(1030656K), 0.0235736 secs] [Times: user=0.08 sys=0.00, real=0.02 secs] 
2021-05-27T02:11:24.825+0800: 1096836.504: [GC (Allocation Failure) [PSYoungGen: 505920K->10656K(507392K)] 950665K->465073K(1031680K), 0.0249230 secs] [Times: user=0.04 sys=0.03, real=0.02 secs] 
2021-05-27T02:15:12.693+0800: 1097064.372: [GC (Allocation Failure) [PSYoungGen: 501152K->5440K(507392K)] 955569K->468105K(1031680K), 0.0204106 secs] [Times: user=0.03 sys=0.03, real=0.02 secs] 
2021-05-27T02:18:57.804+0800: 1097289.483: [GC (Allocation Failure) [PSYoungGen: 495936K->6816K(507904K)] 958601K->473885K(1032192K), 0.0292562 secs] [Times: user=0.03 sys=0.03, real=0.03 secs] 
2021-05-27T02:22:43.285+0800: 1097514.964: [GC (Allocation Failure) [PSYoungGen: 497824K->4640K(507392K)] 964893K->477806K(1031680K), 0.0227555 secs] [Times: user=0.03 sys=0.03, real=0.02 secs] 
2021-05-27T02:26:29.094+0800: 1097740.773: [GC (Allocation Failure) [PSYoungGen: 495648K->4768K(508416K)] 968814K->481666K(1032704K), 0.0202073 secs] [Times: user=0.03 sys=0.03, real=0.02 secs] 
2021-05-27T02:30:16.301+0800: 1097967.981: [GC (Allocation Failure) [PSYoungGen: 496800K->5120K(507904K)] 973698K->485918K(1032192K), 0.0196941 secs] [Times: user=0.03 sys=0.03, real=0.02 secs] 
2021-05-27T02:34:03.335+0800: 1098195.015: [GC (Allocation Failure) [PSYoungGen: 497152K->6560K(509440K)] 977950K->491506K(1033728K), 0.0209903 secs] [Times: user=0.03 sys=0.03, real=0.02 secs] 
2021-05-27T02:37:50.770+0800: 1098422.450: [GC (Allocation Failure) [PSYoungGen: 500128K->6528K(508416K)] 985074K->496413K(1032704K), 0.0237837 secs] [Times: user=0.03 sys=0.04, real=0.03 secs] 
2021-05-27T02:41:38.703+0800: 1098650.383: [GC (Allocation Failure) [PSYoungGen: 500096K->5696K(510464K)] 989981K->500640K(1034752K), 0.0223831 secs] [Times: user=0.04 sys=0.03, real=0.02 secs] 
2021-05-27T02:45:27.881+0800: 1098879.560: [GC (Allocation Failure) [PSYoungGen: 501824K->4352K(509952K)] 996768K->503957K(1034240K), 0.0235045 secs] [Times: user=0.06 sys=0.00, real=0.03 secs] 
2021-05-27T02:49:15.273+0800: 1099106.953: [GC (Allocation Failure) [PSYoungGen: 500480K->7328K(510976K)] 1000085K->509683K(1035264K), 0.0224466 secs] [Times: user=0.04 sys=0.04, real=0.02 secs] 
2021-05-27T02:53:03.316+0800: 1099334.995: [GC (Allocation Failure) [PSYoungGen: 504480K->7648K(510464K)] 1006835K->515366K(1034752K), 0.0182570 secs] [Times: user=0.03 sys=0.03, real=0.02 secs] 
2021-05-27T02:56:49.601+0800: 1099561.281: [GC (Allocation Failure) [PSYoungGen: 504800K->11200K(509440K)] 1012518K->525275K(1033728K), 0.0266446 secs] [Times: user=0.03 sys=0.04, real=0.03 secs] 
2021-05-27T03:00:36.853+0800: 1099788.533: [GC (Allocation Failure) [PSYoungGen: 507840K->8736K(510464K)] 1021915K->530749K(1034752K), 0.0198192 secs] [Times: user=0.04 sys=0.04, real=0.02 secs] 
2021-05-27T03:00:36.873+0800: 1099788.553: [Full GC (Ergonomics) [PSYoungGen: 8736K->0K(510464K)] [ParOldGen: 522013K->303104K(524288K)] 530749K->303104K(1034752K), [Metaspace: 95504K->95504K(1136640K)], 0.4424467 secs] [Times: user=0.98 sys=0.00, real=0.44 secs] 
2021-05-27T03:04:25.498+0800: 1100017.178: [GC (Allocation Failure) [PSYoungGen: 496640K->6720K(510976K)] 799744K->309824K(1035264K), 0.0178626 secs] [Times: user=0.03 sys=0.03, real=0.02 secs] 
2021-05-27T03:08:14.260+0800: 1100245.940: [GC (Allocation Failure) [PSYoungGen: 503872K->8416K(510464K)] 806976K->316446K(1034752K), 0.0191770 secs] [Times: user=0.06 sys=0.00, real=0.02 secs] 
2021-05-27T03:12:05.030+0800: 1100476.709: [GC (Allocation Failure) [PSYoungGen: 505568K->5280K(511488K)] 813598K->320462K(1035776K), 0.0184914 secs] [Times: user=0.03 sys=0.03, real=0.02 secs] 
2021-05-27T03:15:52.854+0800: 1100704.534: [GC (Allocation Failure) [PSYoungGen: 503456K->10336K(508928K)] 818638K->329652K(1033216K), 0.0224411 secs] [Times: user=0.03 sys=0.03, real=0.02 secs] 
2021-05-27T03:19:42.050+0800: 1100933.730: [GC (Allocation Failure) [PSYoungGen: 508512K->9440K(510464K)] 827828K->336150K(1034752K), 0.0244115 secs] [Times: user=0.03 sys=0.04, real=0.03 secs] 
2021-05-27T03:23:32.808+0800: 1101164.488: [GC (Allocation Failure) [PSYoungGen: 506080K->7872K(510464K)] 832790K->341304K(1034752K), 0.0235948 secs] [Times: user=0.04 sys=0.03, real=0.02 secs] 
2021-05-27T03:27:21.549+0800: 1101393.228: [GC (Allocation Failure) [PSYoungGen: 504512K->7136K(511488K)] 837944K->347131K(1035776K), 0.0214647 secs] [Times: user=0.03 sys=0.04, real=0.02 secs] 
2021-05-27T03:31:12.550+0800: 1101624.229: [GC (Allocation Failure) [PSYoungGen: 505312K->6336K(510976K)] 845307K->351926K(1035264K), 0.0248702 secs] [Times: user=0.03 sys=0.04, real=0.03 secs] 
2021-05-27T03:35:00.437+0800: 1101852.117: [GC (Allocation Failure) [PSYoungGen: 504512K->12256K(504832K)] 850102K->362962K(1029120K), 0.0250069 secs] [Times: user=0.03 sys=0.04, real=0.03 secs] 
2021-05-27T03:38:43.879+0800: 1102075.558: [GC (Allocation Failure) [PSYoungGen: 504800K->10976K(508416K)] 855506K->370717K(1032704K), 0.0597081 secs] [Times: user=0.04 sys=0.03, real=0.06 secs] 
2021-05-27T03:42:28.465+0800: 1102300.144: [GC (Allocation Failure) [PSYoungGen: 503520K->11648K(507392K)] 863261K->379601K(1031680K), 0.0259567 secs] [Times: user=0.04 sys=0.04, real=0.02 secs] 
2021-05-27T03:46:13.758+0800: 1102525.438: [GC (Allocation Failure) [PSYoungGen: 503168K->9184K(507904K)] 871121K->386296K(1032192K), 0.0262246 secs] [Times: user=0.04 sys=0.04, real=0.03 secs] 
2021-05-27T03:50:04.117+0800: 1102755.797: [GC (Allocation Failure) [PSYoungGen: 500704K->5472K(508928K)] 877816K->390184K(1033216K), 0.0202774 secs] [Times: user=0.03 sys=0.03, real=0.02 secs] 
2021-05-27T03:53:51.744+0800: 1102983.424: [GC (Allocation Failure) [PSYoungGen: 499040K->7200K(508928K)] 883752K->396340K(1033216K), 0.0203092 secs] [Times: user=0.03 sys=0.03, real=0.02 secs] 
2021-05-27T03:57:38.572+0800: 1103210.252: [GC (Allocation Failure) [PSYoungGen: 500768K->10176K(508928K)] 889908K->404808K(1033216K), 0.0226059 secs] [Times: user=0.04 sys=0.04, real=0.03 secs] 
2021-05-27T04:01:24.524+0800: 1103436.204: [GC (Allocation Failure) [PSYoungGen: 503744K->7904K(508928K)] 898376K->410241K(1033216K), 0.0256995 secs] [Times: user=0.04 sys=0.03, real=0.02 secs] 
2021-05-27T04:05:09.214+0800: 1103660.894: [GC (Allocation Failure) [PSYoungGen: 501472K->7360K(509952K)] 903809K->415746K(1034240K), 0.0215604 secs] [Times: user=0.06 sys=0.00, real=0.02 secs] 
2021-05-27T04:08:59.108+0800: 1103890.788: [GC (Allocation Failure) [PSYoungGen: 502464K->4032K(509440K)] 910850K->418563K(1033728K), 0.0203362 secs] [Times: user=0.03 sys=0.03, real=0.02 secs] 
2021-05-27T04:12:49.283+0800: 1104120.963: [GC (Allocation Failure) [PSYoungGen: 499136K->5440K(509952K)] 913667K->422928K(1034240K), 0.0202218 secs] [Times: user=0.03 sys=0.03, real=0.02 secs] 
2021-05-27T04:16:39.212+0800: 1104350.891: [GC (Allocation Failure) [PSYoungGen: 501056K->6752K(509952K)] 918544K->428836K(1034240K), 0.0222942 secs] [Times: user=0.03 sys=0.03, real=0.03 secs] 
2021-05-27T04:20:28.453+0800: 1104580.132: [GC (Allocation Failure) [PSYoungGen: 502368K->7616K(510976K)] 924452K->434729K(1035264K), 0.0237477 secs] [Times: user=0.07 sys=0.00, real=0.02 secs] 
2021-05-27T04:24:16.473+0800: 1104808.153: [GC (Allocation Failure) [PSYoungGen: 504768K->7232K(510464K)] 931881K->440541K(1034752K), 0.0222345 secs] [Times: user=0.03 sys=0.04, real=0.02 secs] 
2021-05-27T04:28:05.498+0800: 1105037.177: [GC (Allocation Failure) [PSYoungGen: 504384K->6720K(512000K)] 937693K->445624K(1036288K), 0.0726728 secs] [Times: user=0.04 sys=0.04, real=0.07 secs] 
2021-05-27T04:31:55.158+0800: 1105266.838: [GC (Allocation Failure) [PSYoungGen: 505920K->7104K(511488K)] 944824K->451371K(1035776K), 0.0261303 secs] [Times: user=0.06 sys=0.00, real=0.03 secs] 
2021-05-27T04:35:44.894+0800: 1105496.573: [GC (Allocation Failure) [PSYoungGen: 506304K->8736K(512000K)] 950571K->458279K(1036288K), 0.0272732 secs] [Times: user=0.04 sys=0.04, real=0.02 secs] 
2021-05-27T04:39:34.653+0800: 1105726.332: [GC (Allocation Failure) [PSYoungGen: 508448K->9152K(512000K)] 957991K->466185K(1036288K), 0.0394701 secs] [Times: user=0.04 sys=0.04, real=0.04 secs] 
2021-05-27T04:43:25.570+0800: 1105957.249: [GC (Allocation Failure) [PSYoungGen: 508864K->7232K(512512K)] 965897K->471753K(1036800K), 0.0307499 secs] [Times: user=0.05 sys=0.04, real=0.03 secs] 
2021-05-27T04:47:14.844+0800: 1106186.524: [GC (Allocation Failure) [PSYoungGen: 507456K->4608K(512000K)] 971977K->474620K(1036288K), 0.0777479 secs] [Times: user=0.05 sys=0.04, real=0.09 secs] 
2021-05-27T04:51:04.252+0800: 1106415.931: [GC (Allocation Failure) [PSYoungGen: 504832K->5248K(512512K)] 974844K->478961K(1036800K), 0.0211959 secs] [Times: user=0.03 sys=0.03, real=0.03 secs] 
2021-05-27T04:54:49.923+0800: 1106641.603: [GC (Allocation Failure) [PSYoungGen: 505472K->6368K(512000K)] 979185K->484213K(1036288K), 0.0770552 secs] [Times: user=0.04 sys=0.03, real=0.07 secs] 
2021-05-27T04:58:42.090+0800: 1106873.770: [GC (Allocation Failure) [PSYoungGen: 506592K->6112K(513024K)] 984437K->488873K(1037312K), 0.0421079 secs] [Times: user=0.07 sys=0.07, real=0.05 secs] 
2021-05-27T05:02:34.093+0800: 1107105.772: [GC (Allocation Failure) [PSYoungGen: 507360K->6976K(512512K)] 990121K->494548K(1036800K), 0.0333573 secs] [Times: user=0.06 sys=0.05, real=0.03 secs] 
2021-05-27T05:06:22.065+0800: 1107333.744: [GC (Allocation Failure) [PSYoungGen: 508224K->11264K(505856K)] 995796K->506424K(1030144K), 0.0393013 secs] [Times: user=0.05 sys=0.04, real=0.04 secs] 
2021-05-27T05:10:14.106+0800: 1107565.786: [GC (Allocation Failure) [PSYoungGen: 505856K->13952K(508928K)] 1001016K->519090K(1033216K), 0.0303441 secs] [Times: user=0.10 sys=0.00, real=0.03 secs] 
2021-05-27T05:13:54.476+0800: 1107786.155: [GC (Allocation Failure) [PSYoungGen: 508544K->5888K(506880K)] 1013682K->522276K(1031168K), 0.0337747 secs] [Times: user=0.10 sys=0.00, real=0.03 secs] 
2021-05-27T05:13:54.510+0800: 1107786.190: [Full GC (Ergonomics) [PSYoungGen: 5888K->0K(506880K)] [ParOldGen: 516388K->288713K(524288K)] 522276K->288713K(1031168K), [Metaspace: 95523K->95523K(1136640K)], 0.5720320 secs] [Times: user=1.23 sys=0.00, real=0.58 secs] 
2021-05-27T05:17:40.200+0800: 1108011.880: [GC (Allocation Failure) [PSYoungGen: 491520K->8640K(507904K)] 780233K->297353K(1032192K), 0.0249130 secs] [Times: user=0.07 sys=0.00, real=0.03 secs] 
2021-05-27T05:21:13.493+0800: 1108225.173: [GC (Allocation Failure) [PSYoungGen: 500160K->10272K(508928K)] 788873K->306428K(1033216K), 0.0280259 secs] [Times: user=0.04 sys=0.03, real=0.02 secs] 
2021-05-27T05:24:50.109+0800: 1108441.789: [GC (Allocation Failure) [PSYoungGen: 503840K->10944K(504832K)] 799996K->315312K(1029120K), 0.0314454 secs] [Times: user=0.04 sys=0.04, real=0.03 secs] 
2021-05-27T05:28:32.835+0800: 1108664.515: [GC (Allocation Failure) [PSYoungGen: 504512K->9312K(508928K)] 808880K->321503K(1033216K), 0.0843910 secs] [Times: user=0.04 sys=0.05, real=0.08 secs] 
2021-05-27T05:32:11.292+0800: 1108882.972: [GC (Allocation Failure) [PSYoungGen: 502362K->8672K(508416K)] 814554K->327507K(1032704K), 0.0277183 secs] [Times: user=0.04 sys=0.04, real=0.03 secs] 
2021-05-27T05:35:56.043+0800: 1109107.723: [GC (Allocation Failure) [PSYoungGen: 501728K->6656K(509952K)] 820563K->332724K(1034240K), 0.0207165 secs] [Times: user=0.03 sys=0.03, real=0.02 secs] 
2021-05-27T05:39:38.748+0800: 1109330.428: [GC (Allocation Failure) [PSYoungGen: 501760K->5600K(509440K)] 827828K->337518K(1033728K), 0.0229466 secs] [Times: user=0.04 sys=0.03, real=0.02 secs] 
2021-05-27T05:43:20.433+0800: 1109552.112: [GC (Allocation Failure) [PSYoungGen: 500704K->6752K(509952K)] 832622K->342487K(1034240K), 0.0220810 secs] [Times: user=0.03 sys=0.03, real=0.02 secs] 
2021-05-27T05:47:05.046+0800: 1109776.726: [GC (Allocation Failure) [PSYoungGen: 502368K->5440K(509952K)] 838103K->346547K(1034240K), 0.0405604 secs] [Times: user=0.03 sys=0.02, real=0.04 secs] 
2021-05-27T05:50:50.164+0800: 1110001.843: [GC (Allocation Failure) [PSYoungGen: 501056K->3968K(509440K)] 842163K->349182K(1033728K), 0.0190266 secs] [Times: user=0.03 sys=0.03, real=0.02 secs] 
2021-05-27T05:54:36.044+0800: 1110227.724: [GC (Allocation Failure) [PSYoungGen: 499584K->3456K(509952K)] 844798K->351596K(1034240K), 0.0190820 secs] [Times: user=0.03 sys=0.03, real=0.02 secs] 
2021-05-27T05:58:18.385+0800: 1110450.064: [GC (Allocation Failure) [PSYoungGen: 499072K->6816K(510464K)] 847212K->357162K(1034752K), 0.0196850 secs] [Times: user=0.03 sys=0.04, real=0.02 secs] 
2021-05-27T06:02:01.034+0800: 1110672.714: [GC (Allocation Failure) [PSYoungGen: 502944K->3264K(509952K)] 853290K->359619K(1034240K), 0.0186033 secs] [Times: user=0.02 sys=0.03, real=0.02 secs] 
2021-05-27T06:05:44.238+0800: 1110895.918: [GC (Allocation Failure) [PSYoungGen: 499392K->4480K(510976K)] 855747K->362834K(1035264K), 0.0181655 secs] [Times: user=0.03 sys=0.03, real=0.02 secs] 
2021-05-27T06:09:29.179+0800: 1111120.858: [GC (Allocation Failure) [PSYoungGen: 501632K->4064K(510464K)] 859986K->365479K(1034752K), 0.0249256 secs] [Times: user=0.03 sys=0.04, real=0.03 secs] 
2021-05-27T06:13:12.724+0800: 1111344.404: [GC (Allocation Failure) [PSYoungGen: 501216K->4224K(511488K)] 862631K->368054K(1035776K), 0.0219873 secs] [Times: user=0.03 sys=0.04, real=0.02 secs] 
2021-05-27T06:16:57.673+0800: 1111569.353: [GC (Allocation Failure) [PSYoungGen: 502400K->4160K(510976K)] 866230K->371202K(1035264K), 0.0221495 secs] [Times: user=0.03 sys=0.03, real=0.02 secs] 
2021-05-27T06:20:42.425+0800: 1111794.104: [GC (Allocation Failure) [PSYoungGen: 502336K->3296K(512000K)] 869378K->372993K(1036288K), 0.0258970 secs] [Times: user=0.03 sys=0.04, real=0.02 secs] 
2021-05-27T06:24:28.331+0800: 1112020.011: [GC (Allocation Failure) [PSYoungGen: 503008K->6592K(512000K)] 872705K->378463K(1036288K), 0.0244647 secs] [Times: user=0.04 sys=0.03, real=0.03 secs] 
2021-05-27T06:28:09.808+0800: 1112241.488: [GC (Allocation Failure) [PSYoungGen: 506304K->5408K(513024K)] 878175K->382154K(1037312K), 0.0261998 secs] [Times: user=0.04 sys=0.04, real=0.03 secs] 
2021-05-27T06:31:57.343+0800: 1112469.022: [GC (Allocation Failure) [PSYoungGen: 506656K->3008K(512512K)] 883402K->384086K(1036800K), 0.0240469 secs] [Times: user=0.08 sys=0.00, real=0.02 secs] 
2021-05-27T06:35:43.434+0800: 1112695.114: [GC (Allocation Failure) [PSYoungGen: 504256K->3552K(513024K)] 885334K->386557K(1037312K), 0.0202547 secs] [Times: user=0.03 sys=0.03, real=0.02 secs] 
2021-05-27T06:39:29.536+0800: 1112921.215: [GC (Allocation Failure) [PSYoungGen: 505312K->3680K(513024K)] 888317K->388908K(1037312K), 0.0592268 secs] [Times: user=0.04 sys=0.04, real=0.06 secs] 
2021-05-27T06:43:17.195+0800: 1113148.875: [GC (Allocation Failure) [PSYoungGen: 505440K->2784K(513536K)] 890668K->390633K(1037824K), 0.0191612 secs] [Times: user=0.03 sys=0.04, real=0.02 secs] 
2021-05-27T06:47:04.478+0800: 1113376.158: [GC (Allocation Failure) [PSYoungGen: 505568K->3232K(513536K)] 893417K->392625K(1037824K), 0.0214818 secs] [Times: user=0.03 sys=0.03, real=0.02 secs] 
2021-05-27T06:50:48.102+0800: 1113599.782: [GC (Allocation Failure) [PSYoungGen: 506016K->5152K(514560K)] 895409K->396695K(1038848K), 0.0211282 secs] [Times: user=0.03 sys=0.03, real=0.03 secs] 
2021-05-27T06:54:32.809+0800: 1113824.488: [GC (Allocation Failure) [PSYoungGen: 509472K->5088K(514048K)] 901015K->400763K(1038336K), 0.0205224 secs] [Times: user=0.03 sys=0.03, real=0.02 secs] 
2021-05-27T06:58:14.803+0800: 1114046.482: [GC (Allocation Failure) [PSYoungGen: 509408K->5128K(515072K)] 905083K->404609K(1039360K), 0.0604102 secs] [Times: user=0.04 sys=0.04, real=0.06 secs] 
2021-05-27T07:02:00.462+0800: 1114272.142: [GC (Allocation Failure) [PSYoungGen: 510472K->6464K(514560K)] 909953K->410089K(1038848K), 0.0202562 secs] [Times: user=0.03 sys=0.03, real=0.03 secs] 
2021-05-27T07:05:46.038+0800: 1114497.718: [GC (Allocation Failure) [PSYoungGen: 511808K->4096K(515072K)] 915433K->413108K(1039360K), 0.0261514 secs] [Times: user=0.04 sys=0.04, real=0.03 secs] 
2021-05-27T07:09:34.928+0800: 1114726.608: [GC (Allocation Failure) [PSYoungGen: 509440K->6784K(514560K)] 918452K->418786K(1038848K), 0.0544412 secs] [Times: user=0.03 sys=0.02, real=0.06 secs] 
2021-05-27T07:13:21.640+0800: 1114953.320: [GC (Allocation Failure) [PSYoungGen: 512128K->4576K(515072K)] 924130K->422109K(1039360K), 0.0225736 secs] [Times: user=0.03 sys=0.04, real=0.03 secs] 
2021-05-27T07:17:09.729+0800: 1115181.409: [GC (Allocation Failure) [PSYoungGen: 509920K->4192K(514560K)] 927453K->425201K(1038848K), 0.0211618 secs] [Times: user=0.02 sys=0.03, real=0.02 secs] 
2021-05-27T07:20:52.950+0800: 1115404.630: [GC (Allocation Failure) [PSYoungGen: 509536K->7136K(514560K)] 930545K->431287K(1038848K), 0.0291138 secs] [Times: user=0.04 sys=0.04, real=0.03 secs] 
2021-05-27T07:24:42.925+0800: 1115634.605: [GC (Allocation Failure) [PSYoungGen: 512992K->4448K(515072K)] 937143K->433889K(1039360K), 0.0271602 secs] [Times: user=0.03 sys=0.03, real=0.03 secs] 
2021-05-27T07:28:30.800+0800: 1115862.480: [GC (Allocation Failure) [PSYoungGen: 510304K->2656K(515072K)] 939745K->435518K(1039360K), 0.0207124 secs] [Times: user=0.02 sys=0.03, real=0.02 secs] 
2021-05-27T07:32:20.237+0800: 1116091.917: [GC (Allocation Failure) [PSYoungGen: 508512K->3296K(515072K)] 941374K->437597K(1039360K), 0.0177298 secs] [Times: user=0.03 sys=0.03, real=0.02 secs] 
2021-05-27T07:36:08.443+0800: 1116320.122: [GC (Allocation Failure) [PSYoungGen: 509152K->2848K(515584K)] 943453K->439356K(1039872K), 0.0302386 secs] [Times: user=0.03 sys=0.03, real=0.03 secs] 
2021-05-27T07:39:57.338+0800: 1116549.017: [GC (Allocation Failure) [PSYoungGen: 509216K->3072K(515072K)] 945724K->441283K(1039360K), 0.0195827 secs] [Times: user=0.04 sys=0.03, real=0.02 secs] 
2021-05-27T07:43:46.230+0800: 1116777.910: [GC (Allocation Failure) [PSYoungGen: 509440K->3424K(515584K)] 947651K->443546K(1039872K), 0.0279398 secs] [Times: user=0.04 sys=0.04, real=0.03 secs] 
2021-05-27T07:47:35.331+0800: 1117007.010: [GC (Allocation Failure) [PSYoungGen: 510304K->4256K(515584K)] 950426K->446649K(1039872K), 0.0186830 secs] [Times: user=0.04 sys=0.03, real=0.02 secs] 
2021-05-27T07:51:23.186+0800: 1117234.865: [GC (Allocation Failure) [PSYoungGen: 511136K->3136K(516608K)] 953529K->448630K(1040896K), 0.0254936 secs] [Times: user=0.03 sys=0.03, real=0.02 secs] 
2021-05-27T07:55:10.594+0800: 1117462.274: [GC (Allocation Failure) [PSYoungGen: 511552K->4608K(516096K)] 957046K->452085K(1040384K), 0.0480278 secs] [Times: user=0.05 sys=0.00, real=0.05 secs] 
2021-05-27T07:59:00.453+0800: 1117692.132: [GC (Allocation Failure) [PSYoungGen: 513024K->4256K(516608K)] 960501K->455369K(1040896K), 0.0223071 secs] [Times: user=0.03 sys=0.04, real=0.02 secs] 
2021-05-27T08:02:48.444+0800: 1117920.124: [GC (Allocation Failure) [PSYoungGen: 513184K->4000K(516608K)] 964297K->458222K(1040896K), 0.0284918 secs] [Times: user=0.04 sys=0.03, real=0.03 secs] 
2021-05-27T08:06:37.342+0800: 1118149.022: [GC (Allocation Failure) [PSYoungGen: 512928K->2752K(517120K)] 967150K->459700K(1041408K), 0.0208241 secs] [Times: user=0.04 sys=0.03, real=0.03 secs] 
2021-05-27T08:10:27.479+0800: 1118379.159: [GC (Allocation Failure) [PSYoungGen: 512704K->3232K(517120K)] 969652K->461676K(1041408K), 0.0212320 secs] [Times: user=0.04 sys=0.03, real=0.02 secs] 
2021-05-27T08:14:16.054+0800: 1118607.734: [GC (Allocation Failure) [PSYoungGen: 513184K->5536K(517120K)] 971628K->465923K(1041408K), 0.0430242 secs] [Times: user=0.02 sys=0.03, real=0.04 secs] 
2021-05-27T08:18:03.301+0800: 1118834.981: [GC (Allocation Failure) [PSYoungGen: 515488K->6048K(516096K)] 975875K->470584K(1040384K), 0.0237929 secs] [Times: user=0.04 sys=0.04, real=0.03 secs] 
2021-05-27T08:21:51.166+0800: 1119062.845: [GC (Allocation Failure) [PSYoungGen: 516000K->4704K(516608K)] 980536K->474066K(1040896K), 0.0518069 secs] [Times: user=0.03 sys=0.04, real=0.05 secs] 
2021-05-27T08:25:41.169+0800: 1119292.848: [GC (Allocation Failure) [PSYoungGen: 513632K->3136K(516608K)] 982994K->476135K(1040896K), 0.0242364 secs] [Times: user=0.07 sys=0.00, real=0.03 secs] 
2021-05-27T08:29:28.085+0800: 1119519.765: [GC (Allocation Failure) [PSYoungGen: 512064K->4896K(517120K)] 985063K->479846K(1041408K), 0.0298378 secs] [Times: user=0.10 sys=0.00, real=0.03 secs] 
2021-05-27T08:33:18.374+0800: 1119750.054: [GC (Allocation Failure) [PSYoungGen: 514336K->3872K(516608K)] 989286K->482698K(1040896K), 0.0234608 secs] [Times: user=0.04 sys=0.04, real=0.02 secs] 
2021-05-27T08:37:10.299+0800: 1119981.979: [GC (Allocation Failure) [PSYoungGen: 513312K->2656K(517120K)] 992138K->484207K(1041408K), 0.0226213 secs] [Times: user=0.03 sys=0.03, real=0.03 secs] 
2021-05-27T08:40:56.927+0800: 1120208.607: [GC (Allocation Failure) [PSYoungGen: 512608K->4128K(517120K)] 994159K->487183K(1041408K), 0.0246947 secs] [Times: user=0.03 sys=0.04, real=0.02 secs] 
2021-05-27T08:44:46.646+0800: 1120438.326: [GC (Allocation Failure) [PSYoungGen: 514080K->5888K(517120K)] 997135K->492005K(1041408K), 0.0307508 secs] [Times: user=0.03 sys=0.04, real=0.03 secs] 
2021-05-27T08:48:36.463+0800: 1120668.143: [GC (Allocation Failure) [PSYoungGen: 515840K->3168K(517120K)] 1001957K->493929K(1041408K), 0.0270076 secs] [Times: user=0.04 sys=0.04, real=0.02 secs] 
2021-05-27T08:52:22.474+0800: 1120894.154: [GC (Allocation Failure) [PSYoungGen: 513120K->4704K(517120K)] 1003881K->497464K(1041408K), 0.0221782 secs] [Times: user=0.07 sys=0.00, real=0.02 secs] 
2021-05-27T08:56:10.397+0800: 1121122.076: [GC (Allocation Failure) [PSYoungGen: 514656K->4864K(517120K)] 1007416K->501220K(1041408K), 0.0220011 secs] [Times: user=0.03 sys=0.03, real=0.02 secs] 
2021-05-27T08:59:58.696+0800: 1121350.376: [GC (Allocation Failure) [PSYoungGen: 514816K->4768K(517120K)] 1011172K->504761K(1041408K), 0.0361211 secs] [Times: user=0.03 sys=0.03, real=0.04 secs] 
2021-05-27T09:03:44.790+0800: 1121576.470: [GC (Allocation Failure) [PSYoungGen: 514720K->7136K(517120K)] 1014713K->511078K(1041408K), 0.0366830 secs] [Times: user=0.05 sys=0.04, real=0.04 secs] 
2021-05-27T09:07:34.751+0800: 1121806.431: [GC (Allocation Failure) [PSYoungGen: 517088K->7168K(506880K)] 1021030K->517850K(1031168K), 0.0354013 secs] [Times: user=0.04 sys=0.04, real=0.04 secs] 
2021-05-27T09:11:21.815+0800: 1122033.495: [GC (Allocation Failure) [PSYoungGen: 506880K->5376K(512000K)] 1017562K->522755K(1036288K), 0.0206848 secs] [Times: user=0.03 sys=0.03, real=0.02 secs] 
2021-05-27T09:11:21.836+0800: 1122033.516: [Full GC (Ergonomics) [PSYoungGen: 5376K->0K(512000K)] [ParOldGen: 517379K->274817K(524288K)] 522755K->274817K(1036288K), [Metaspace: 95527K->95527K(1136640K)], 0.4437015 secs] [Times: user=0.94 sys=0.00, real=0.44 secs] 
2021-05-27T09:15:06.958+0800: 1122258.637: [GC (Allocation Failure) [PSYoungGen: 499712K->5600K(513024K)] 774529K->280417K(1037312K), 0.0475424 secs] [Times: user=0.03 sys=0.03, real=0.05 secs] 
2021-05-27T09:18:47.063+0800: 1122478.742: [GC (Allocation Failure) [PSYoungGen: 506848K->4968K(512512K)] 781665K->284477K(1036800K), 0.0312200 secs] [Times: user=0.03 sys=0.03, real=0.03 secs] 
2021-05-27T09:22:29.893+0800: 1122701.573: [GC (Allocation Failure) [PSYoungGen: 506216K->4864K(514048K)] 785725K->288282K(1038336K), 0.0194246 secs] [Times: user=0.03 sys=0.03, real=0.02 secs] 
2021-05-27T09:26:17.113+0800: 1122928.793: [GC (Allocation Failure) [PSYoungGen: 508160K->3136K(513536K)] 791578K->290446K(1037824K), 0.0208367 secs] [Times: user=0.03 sys=0.03, real=0.02 secs] 
2021-05-27T09:30:04.033+0800: 1123155.713: [GC (Allocation Failure) [PSYoungGen: 506432K->2656K(514048K)] 793742K->291933K(1038336K), 0.0262989 secs] [Times: user=0.03 sys=0.03, real=0.02 secs] 
2021-05-27T09:33:52.287+0800: 1123383.967: [GC (Allocation Failure) [PSYoungGen: 506464K->3360K(514048K)] 795741K->294069K(1038336K), 0.0592389 secs] [Times: user=0.03 sys=0.03, real=0.06 secs] 
2021-05-27T09:37:38.748+0800: 1123610.428: [GC (Allocation Failure) [PSYoungGen: 507168K->6368K(514048K)] 797877K->299292K(1038336K), 0.0246027 secs] [Times: user=0.03 sys=0.03, real=0.03 secs] 
2021-05-27T09:41:25.552+0800: 1123837.231: [GC (Allocation Failure) [PSYoungGen: 510176K->4352K(514048K)] 803100K->302110K(1038336K), 0.0311005 secs] [Times: user=0.08 sys=0.00, real=0.04 secs] 
2021-05-27T09:45:23.664+0800: 1124075.344: [GC (Allocation Failure) [PSYoungGen: 508160K->4256K(514560K)] 805918K->305379K(1038848K), 0.0248510 secs] [Times: user=0.02 sys=0.04, real=0.02 secs] 
2021-05-27T09:49:26.595+0800: 1124318.274: [GC (Allocation Failure) [PSYoungGen: 509088K->5376K(514560K)] 810211K->309458K(1038848K), 0.0318254 secs] [Times: user=0.09 sys=0.00, real=0.03 secs] 
2021-05-27T09:53:32.473+0800: 1124564.153: [GC (Allocation Failure) [PSYoungGen: 510208K->2816K(515072K)] 814290K->311102K(1039360K), 0.0530167 secs] [Times: user=0.04 sys=0.04, real=0.05 secs] 
2021-05-27T09:57:38.727+0800: 1124810.406: [GC (Allocation Failure) [PSYoungGen: 508672K->4736K(515072K)] 816958K->314541K(1039360K), 0.0184873 secs] [Times: user=0.02 sys=0.03, real=0.02 secs] 
2021-05-27T10:01:44.164+0800: 1125055.843: [GC (Allocation Failure) [PSYoungGen: 510592K->6112K(515584K)] 820397K->319331K(1039872K), 0.0535718 secs] [Times: user=0.03 sys=0.04, real=0.05 secs] 
2021-05-27T10:05:41.875+0800: 1125293.555: [GC (Allocation Failure) [PSYoungGen: 512992K->8704K(515584K)] 826211K->333767K(1039872K), 0.0228188 secs] [Times: user=0.07 sys=0.00, real=0.02 secs] 
2021-05-27T10:09:42.776+0800: 1125534.456: [GC (Allocation Failure) [PSYoungGen: 515584K->8704K(491008K)] 840647K->350912K(1015296K), 0.0342086 secs] [Times: user=0.04 sys=0.04, real=0.03 secs] 
2021-05-27T10:13:35.517+0800: 1125767.197: [GC (Allocation Failure) [PSYoungGen: 491003K->14912K(497664K)] 833211K->365291K(1021952K), 0.0248651 secs] [Times: user=0.03 sys=0.03, real=0.02 secs] 
2021-05-27T10:17:23.618+0800: 1125995.297: [GC (Allocation Failure) [PSYoungGen: 497216K->17024K(499200K)] 847595K->377904K(1023488K), 0.0276794 secs] [Times: user=0.04 sys=0.04, real=0.03 secs] 
2021-05-27T10:21:08.073+0800: 1126219.752: [GC (Allocation Failure) [PSYoungGen: 494208K->15648K(493056K)] 855088K->388373K(1017344K), 0.0707732 secs] [Times: user=0.23 sys=0.00, real=0.07 secs] 
2021-05-27T10:24:56.757+0800: 1126448.437: [GC (Allocation Failure) [PSYoungGen: 492832K->13376K(500224K)] 865557K->397264K(1024512K), 0.0271694 secs] [Times: user=0.04 sys=0.04, real=0.03 secs] 
2021-05-27T10:28:43.716+0800: 1126675.396: [GC (Allocation Failure) [PSYoungGen: 489024K->15744K(499712K)] 872912K->408285K(1024000K), 0.0270776 secs] [Times: user=0.03 sys=0.03, real=0.03 secs] 
2021-05-27T10:32:33.060+0800: 1126904.739: [GC (Allocation Failure) [PSYoungGen: 491392K->14720K(499712K)] 883933K->417961K(1024000K), 0.0306400 secs] [Times: user=0.04 sys=0.04, real=0.03 secs] 
2021-05-27T10:36:18.293+0800: 1127129.973: [GC (Allocation Failure) [PSYoungGen: 489856K->15040K(499712K)] 893097K->428605K(1024000K), 0.0680526 secs] [Times: user=0.04 sys=0.04, real=0.06 secs] 
2021-05-27T10:40:05.313+0800: 1127356.993: [GC (Allocation Failure) [PSYoungGen: 490176K->11712K(500736K)] 903741K->435031K(1025024K), 0.0289036 secs] [Times: user=0.03 sys=0.03, real=0.03 secs] 
2021-05-27T10:43:56.294+0800: 1127587.974: [GC (Allocation Failure) [PSYoungGen: 487872K->9440K(499712K)] 911191K->441983K(1024000K), 0.0288510 secs] [Times: user=0.04 sys=0.03, real=0.03 secs] 
2021-05-27T10:47:46.449+0800: 1127818.129: [GC (Allocation Failure) [PSYoungGen: 485600K->8960K(502272K)] 918143K->448617K(1026560K), 0.0304407 secs] [Times: user=0.04 sys=0.05, real=0.03 secs] 
2021-05-27T10:51:42.834+0800: 1128054.513: [GC (Allocation Failure) [PSYoungGen: 488704K->8992K(501760K)] 928361K->455779K(1026048K), 0.0261175 secs] [Times: user=0.04 sys=0.04, real=0.02 secs] 
2021-05-27T10:55:36.610+0800: 1128288.289: [GC (Allocation Failure) [PSYoungGen: 488736K->9376K(503296K)] 935523K->463094K(1027584K), 0.0306956 secs] [Times: user=0.05 sys=0.05, real=0.03 secs] 
2021-05-27T10:59:30.070+0800: 1128521.750: [GC (Allocation Failure) [PSYoungGen: 491168K->10656K(502784K)] 944886K->471593K(1027072K), 0.0783014 secs] [Times: user=0.11 sys=0.11, real=0.08 secs] 
2021-05-27T11:03:20.455+0800: 1128752.135: [GC (Allocation Failure) [PSYoungGen: 492448K->11232K(505344K)] 953385K->480676K(1029632K), 0.0262109 secs] [Times: user=0.04 sys=0.04, real=0.02 secs] 
2021-05-27T11:07:15.548+0800: 1128987.228: [GC (Allocation Failure) [PSYoungGen: 496608K->11296K(504320K)] 966052K->489039K(1028608K), 0.0314249 secs] [Times: user=0.05 sys=0.05, real=0.03 secs] 
2021-05-27T11:11:10.257+0800: 1129221.936: [GC (Allocation Failure) [PSYoungGen: 496672K->7360K(505856K)] 974415K->494208K(1030144K), 0.0308180 secs] [Times: user=0.05 sys=0.04, real=0.03 secs] 
2021-05-27T11:15:04.804+0800: 1129456.483: [GC (Allocation Failure) [PSYoungGen: 494784K->8864K(505856K)] 981632K->501549K(1030144K), 0.0219451 secs] [Times: user=0.03 sys=0.03, real=0.02 secs] 
2021-05-27T11:19:00.126+0800: 1129691.806: [GC (Allocation Failure) [PSYoungGen: 496288K->9248K(506880K)] 988973K->509086K(1031168K), 0.0240658 secs] [Times: user=0.04 sys=0.04, real=0.02 secs] 
2021-05-27T11:22:59.346+0800: 1129931.026: [GC (Allocation Failure) [PSYoungGen: 498208K->8608K(506368K)] 998046K->516103K(1030656K), 0.0244531 secs] [Times: user=0.04 sys=0.04, real=0.02 secs] 
2021-05-27T11:26:56.360+0800: 1130168.040: [GC (Allocation Failure) [PSYoungGen: 497568K->10944K(507904K)] 1005063K->525379K(1032192K), 0.0260268 secs] [Times: user=0.05 sys=0.04, real=0.03 secs] 
2021-05-27T11:26:56.387+0800: 1130168.067: [Full GC (Ergonomics) [PSYoungGen: 10944K->0K(507904K)] [ParOldGen: 514435K->313121K(524288K)] 525379K->313121K(1032192K), [Metaspace: 95623K->95623K(1136640K)], 0.5006761 secs] [Times: user=1.16 sys=0.00, real=0.50 secs] 
2021-05-27T11:30:53.141+0800: 1130404.820: [GC (Allocation Failure) [PSYoungGen: 491008K->8864K(507392K)] 804129K->321985K(1031680K), 0.0189775 secs] [Times: user=0.03 sys=0.03, real=0.02 secs] 
2021-05-27T11:34:51.677+0800: 1130643.356: [GC (Allocation Failure) [PSYoungGen: 499872K->9856K(508416K)] 812993K->330108K(1032704K), 0.0223317 secs] [Times: user=0.03 sys=0.03, real=0.02 secs] 
2021-05-27T11:38:49.266+0800: 1130880.945: [GC (Allocation Failure) [PSYoungGen: 501888K->12256K(507904K)] 822140K->340113K(1032192K), 0.0220835 secs] [Times: user=0.04 sys=0.03, real=0.02 secs] 
2021-05-27T11:42:38.767+0800: 1131110.446: [GC (Allocation Failure) [PSYoungGen: 504288K->9856K(508928K)] 832145K->347147K(1033216K), 0.0231750 secs] [Times: user=0.03 sys=0.03, real=0.02 secs] 
2021-05-27T11:46:37.668+0800: 1131349.348: [GC (Allocation Failure) [PSYoungGen: 502912K->10176K(508416K)] 840203K->355071K(1032704K), 0.0213661 secs] [Times: user=0.03 sys=0.03, real=0.02 secs] 
2021-05-27T11:50:31.078+0800: 1131582.758: [GC (Allocation Failure) [PSYoungGen: 503232K->10880K(509440K)] 848127K->363273K(1033728K), 0.0270290 secs] [Times: user=0.04 sys=0.04, real=0.03 secs] 
2021-05-27T11:54:40.046+0800: 1131831.726: [GC (Allocation Failure) [PSYoungGen: 505472K->8352K(509440K)] 857865K->368155K(1033728K), 0.0275419 secs] [Times: user=0.03 sys=0.03, real=0.03 secs] 
2021-05-27T11:58:35.985+0800: 1132067.664: [GC (Allocation Failure) [PSYoungGen: 502944K->12032K(509440K)] 862747K->378704K(1033728K), 0.0251088 secs] [Times: user=0.04 sys=0.04, real=0.02 secs] 
2021-05-27T12:02:32.294+0800: 1132303.974: [GC (Allocation Failure) [PSYoungGen: 506624K->14816K(509440K)] 873296K->392438K(1033728K), 0.0290986 secs] [Times: user=0.04 sys=0.05, real=0.03 secs] 
2021-05-27T12:06:30.345+0800: 1132542.025: [GC (Allocation Failure) [PSYoungGen: 509408K->14816K(488960K)] 887030K->404547K(1013248K), 0.0278565 secs] [Times: user=0.03 sys=0.04, real=0.03 secs] 
2021-05-27T12:10:19.595+0800: 1132771.275: [GC (Allocation Failure) [PSYoungGen: 488928K->15040K(499200K)] 878659K->415166K(1023488K), 0.0269065 secs] [Times: user=0.04 sys=0.04, real=0.03 secs] 
2021-05-27T12:14:07.692+0800: 1132999.372: [GC (Allocation Failure) [PSYoungGen: 489152K->15296K(500224K)] 889278K->425140K(1024512K), 0.0247411 secs] [Times: user=0.06 sys=0.00, real=0.02 secs] 
2021-05-27T12:17:54.488+0800: 1133226.167: [GC (Allocation Failure) [PSYoungGen: 490944K->14656K(499712K)] 900788K->434871K(1024000K), 0.0391140 secs] [Times: user=0.07 sys=0.00, real=0.04 secs] 
2021-05-27T12:21:41.729+0800: 1133453.409: [GC (Allocation Failure) [PSYoungGen: 490304K->15488K(501248K)] 910519K->444485K(1025536K), 0.0273344 secs] [Times: user=0.03 sys=0.04, real=0.03 secs] 
2021-05-27T12:25:32.216+0800: 1133683.895: [GC (Allocation Failure) [PSYoungGen: 493184K->16384K(500736K)] 922181K->454929K(1025024K), 0.0305650 secs] [Times: user=0.04 sys=0.04, real=0.03 secs] 
2021-05-27T12:29:19.879+0800: 1133911.558: [GC (Allocation Failure) [PSYoungGen: 494080K->14720K(501760K)] 932625K->462837K(1026048K), 0.0647958 secs] [Times: user=0.04 sys=0.04, real=0.07 secs] 
2021-05-27T12:33:09.388+0800: 1134141.068: [GC (Allocation Failure) [PSYoungGen: 493440K->13824K(501248K)] 941557K->473152K(1025536K), 0.0281517 secs] [Times: user=0.04 sys=0.04, real=0.03 secs] 
2021-05-27T12:36:59.707+0800: 1134371.386: [GC (Allocation Failure) [PSYoungGen: 492544K->13120K(503296K)] 951872K->481179K(1027584K), 0.0553893 secs] [Times: user=0.04 sys=0.04, real=0.06 secs] 
2021-05-27T12:40:51.263+0800: 1134602.943: [GC (Allocation Failure) [PSYoungGen: 494912K->14912K(502784K)] 962971K->491847K(1027072K), 0.0278437 secs] [Times: user=0.04 sys=0.04, real=0.02 secs] 
2021-05-27T12:44:43.031+0800: 1134834.710: [GC (Allocation Failure) [PSYoungGen: 496704K->17184K(502272K)] 973639K->503581K(1026560K), 0.0272407 secs] [Times: user=0.04 sys=0.04, real=0.03 secs] 
2021-05-27T12:48:36.650+0800: 1135068.330: [GC (Allocation Failure) [PSYoungGen: 498464K->16160K(502784K)] 984861K->513313K(1027072K), 0.0327814 secs] [Times: user=0.04 sys=0.04, real=0.04 secs] 
2021-05-27T12:52:26.821+0800: 1135298.500: [GC (Allocation Failure) [PSYoungGen: 497440K->15680K(503296K)] 994593K->523070K(1027584K), 0.0329103 secs] [Times: user=0.04 sys=0.03, real=0.04 secs] 
2021-05-27T12:56:18.191+0800: 1135529.871: [GC (Allocation Failure) [PSYoungGen: 497984K->15360K(503296K)] 1005374K->532977K(1027584K), 0.0254270 secs] [Times: user=0.04 sys=0.03, real=0.03 secs] 
2021-05-27T12:56:18.217+0800: 1135529.897: [Full GC (Ergonomics) [PSYoungGen: 15360K->0K(503296K)] [ParOldGen: 517617K->299350K(524288K)] 532977K->299350K(1027584K), [Metaspace: 95675K->95675K(1136640K)], 0.4611922 secs] [Times: user=1.02 sys=0.00, real=0.46 secs] 
2021-05-27T13:00:05.414+0800: 1135757.094: [GC (Allocation Failure) [PSYoungGen: 482300K->16328K(503808K)] 781651K->315678K(1028096K), 0.0321615 secs] [Times: user=0.03 sys=0.03, real=0.03 secs] 
2021-05-27T13:03:54.662+0800: 1135986.342: [GC (Allocation Failure) [PSYoungGen: 499656K->16480K(503808K)] 799006K->327370K(1028096K), 0.0298738 secs] [Times: user=0.04 sys=0.04, real=0.03 secs] 
2021-05-27T13:07:47.296+0800: 1136218.976: [GC (Allocation Failure) [PSYoungGen: 499808K->14176K(503808K)] 810698K->336061K(1028096K), 0.0278983 secs] [Times: user=0.04 sys=0.04, real=0.03 secs] 
2021-05-27T13:11:39.132+0800: 1136450.811: [GC (Allocation Failure) [PSYoungGen: 497504K->14752K(503808K)] 819389K->345970K(1028096K), 0.0232475 secs] [Times: user=0.04 sys=0.04, real=0.03 secs] 
2021-05-27T13:15:28.017+0800: 1136679.697: [GC (Allocation Failure) [PSYoungGen: 498080K->14656K(504832K)] 829298K->356885K(1029120K), 0.0234978 secs] [Times: user=0.03 sys=0.04, real=0.02 secs] 
2021-05-27T13:19:19.012+0800: 1136910.691: [GC (Allocation Failure) [PSYoungGen: 499520K->16320K(504320K)] 841749K->368108K(1028608K), 0.0261753 secs] [Times: user=0.03 sys=0.03, real=0.03 secs] 
2021-05-27T13:23:11.019+0800: 1137142.699: [GC (Allocation Failure) [PSYoungGen: 501184K->15616K(504832K)] 852972K->378791K(1029120K), 0.0290584 secs] [Times: user=0.07 sys=0.00, real=0.03 secs] 
2021-05-27T13:27:05.391+0800: 1137377.070: [GC (Allocation Failure) [PSYoungGen: 500992K->16096K(504832K)] 864167K->388997K(1029120K), 0.0267397 secs] [Times: user=0.04 sys=0.03, real=0.03 secs] 
2021-05-27T13:30:58.133+0800: 1137609.813: [GC (Allocation Failure) [PSYoungGen: 501472K->17504K(504832K)] 874373K->400385K(1029120K), 0.0293336 secs] [Times: user=0.04 sys=0.04, real=0.03 secs] 
2021-05-27T13:34:52.036+0800: 1137843.716: [GC (Allocation Failure) [PSYoungGen: 502880K->15424K(504832K)] 885761K->409558K(1029120K), 0.0314699 secs] [Times: user=0.04 sys=0.04, real=0.03 secs] 
2021-05-27T13:38:45.292+0800: 1138076.972: [GC (Allocation Failure) [PSYoungGen: 500800K->13888K(504832K)] 894934K->419081K(1029120K), 0.0269784 secs] [Times: user=0.04 sys=0.04, real=0.03 secs] 
2021-05-27T13:42:36.422+0800: 1138308.102: [GC (Allocation Failure) [PSYoungGen: 499264K->16320K(504832K)] 904457K->430200K(1029120K), 0.0299129 secs] [Times: user=0.08 sys=0.00, real=0.03 secs] 
2021-05-27T13:46:24.574+0800: 1138536.254: [GC (Allocation Failure) [PSYoungGen: 501696K->15552K(505344K)] 915576K->441205K(1029632K), 0.0288711 secs] [Times: user=0.04 sys=0.05, real=0.03 secs] 
2021-05-27T13:50:11.850+0800: 1138763.530: [GC (Allocation Failure) [PSYoungGen: 501440K->15136K(504832K)] 927093K->451393K(1029120K), 0.0338340 secs] [Times: user=0.04 sys=0.04, real=0.04 secs] 
2021-05-27T13:54:06.261+0800: 1138997.941: [GC (Allocation Failure) [PSYoungGen: 501024K->13536K(505856K)] 937281K->460383K(1030144K), 0.0591240 secs] [Times: user=0.07 sys=0.00, real=0.06 secs] 
2021-05-27T13:57:59.938+0800: 1139231.618: [GC (Allocation Failure) [PSYoungGen: 500960K->16480K(504320K)] 947807K->472283K(1028608K), 0.0315640 secs] [Times: user=0.04 sys=0.04, real=0.03 secs] 
2021-05-27T14:01:52.963+0800: 1139464.643: [GC (Allocation Failure) [PSYoungGen: 503904K->13248K(505344K)] 959707K->479942K(1029632K), 0.0249506 secs] [Times: user=0.04 sys=0.04, real=0.02 secs] 
2021-05-27T14:05:45.695+0800: 1139697.375: [GC (Allocation Failure) [PSYoungGen: 499648K->16256K(505344K)] 966342K->491435K(1029632K), 0.0298890 secs] [Times: user=0.03 sys=0.05, real=0.03 secs] 
2021-05-27T14:09:37.047+0800: 1139928.726: [GC (Allocation Failure) [PSYoungGen: 502656K->16928K(504320K)] 977835K->503344K(1028608K), 0.0288582 secs] [Times: user=0.04 sys=0.03, real=0.03 secs] 
2021-05-27T14:13:33.530+0800: 1140165.210: [GC (Allocation Failure) [PSYoungGen: 502304K->14624K(504832K)] 988720K->512781K(1029120K), 0.0250679 secs] [Times: user=0.04 sys=0.04, real=0.03 secs] 
2021-05-27T14:17:25.301+0800: 1140396.981: [GC (Allocation Failure) [PSYoungGen: 500000K->14784K(505344K)] 998157K->522985K(1029632K), 0.0252013 secs] [Times: user=0.07 sys=0.00, real=0.03 secs] 
2021-05-27T14:21:15.952+0800: 1140627.632: [GC (Allocation Failure) [PSYoungGen: 501184K->16128K(505344K)] 1009385K->534333K(1029632K), 0.0312575 secs] [Times: user=0.08 sys=0.00, real=0.03 secs] 
2021-05-27T14:21:15.984+0800: 1140627.664: [Full GC (Ergonomics) [PSYoungGen: 16128K->0K(505344K)] [ParOldGen: 518205K->314956K(524288K)] 534333K->314956K(1029632K), [Metaspace: 95682K->95682K(1136640K)], 0.4793484 secs] [Times: user=1.07 sys=0.00, real=0.48 secs] 
2021-05-27T14:25:04.823+0800: 1140856.503: [GC (Allocation Failure) [PSYoungGen: 486400K->16352K(505344K)] 801356K->331308K(1029632K), 0.0264311 secs] [Times: user=0.02 sys=0.04, real=0.02 secs] 
2021-05-27T14:28:56.851+0800: 1141088.531: [GC (Allocation Failure) [PSYoungGen: 502752K->15840K(505344K)] 817708K->341121K(1029632K), 0.0804355 secs] [Times: user=0.04 sys=0.04, real=0.08 secs] 
2021-05-27T14:32:48.189+0800: 1141319.869: [GC (Allocation Failure) [PSYoungGen: 502240K->15072K(505856K)] 827521K->350020K(1030144K), 0.0267015 secs] [Times: user=0.04 sys=0.04, real=0.03 secs] 
2021-05-27T14:36:41.155+0800: 1141552.835: [GC (Allocation Failure) [PSYoungGen: 502496K->16480K(505856K)] 837444K->361633K(1030144K), 0.0307977 secs] [Times: user=0.04 sys=0.04, real=0.03 secs] 
2021-05-27T14:40:33.657+0800: 1141785.337: [GC (Allocation Failure) [PSYoungGen: 503904K->17696K(504832K)] 849057K->374662K(1029120K), 0.0338358 secs] [Times: user=0.05 sys=0.05, real=0.03 secs] 
2021-05-27T14:44:25.755+0800: 1142017.435: [GC (Allocation Failure) [PSYoungGen: 504096K->15616K(505344K)] 861062K->383984K(1029632K), 0.0261081 secs] [Times: user=0.04 sys=0.04, real=0.02 secs] 
2021-05-27T14:48:17.649+0800: 1142249.328: [GC (Allocation Failure) [PSYoungGen: 502016K->14080K(505344K)] 870384K->393428K(1029632K), 0.0242472 secs] [Times: user=0.03 sys=0.04, real=0.03 secs] 
2021-05-27T14:52:11.319+0800: 1142482.999: [GC (Allocation Failure) [PSYoungGen: 500480K->15840K(505344K)] 879828K->404839K(1029632K), 0.0366047 secs] [Times: user=0.04 sys=0.04, real=0.04 secs] 
2021-05-27T14:56:04.158+0800: 1142715.838: [GC (Allocation Failure) [PSYoungGen: 502240K->13568K(505856K)] 891239K->413298K(1030144K), 0.0249345 secs] [Times: user=0.07 sys=0.00, real=0.03 secs] 
2021-05-27T14:59:55.679+0800: 1142947.359: [GC (Allocation Failure) [PSYoungGen: 500992K->16224K(505856K)] 900722K->424831K(1030144K), 0.0355966 secs] [Times: user=0.04 sys=0.05, real=0.04 secs] 
2021-05-27T15:03:47.522+0800: 1143179.201: [GC (Allocation Failure) [PSYoungGen: 503648K->16672K(504832K)] 912255K->435899K(1029120K), 0.0306364 secs] [Times: user=0.04 sys=0.04, real=0.04 secs] 
2021-05-27T15:07:37.825+0800: 1143409.504: [GC (Allocation Failure) [PSYoungGen: 503072K->17536K(504320K)] 922299K->448112K(1028608K), 0.0352817 secs] [Times: user=0.05 sys=0.04, real=0.03 secs] 
2021-05-27T15:11:32.088+0800: 1143643.768: [GC (Allocation Failure) [PSYoungGen: 503936K->14112K(505344K)] 934512K->456379K(1029632K), 0.0770966 secs] [Times: user=0.06 sys=0.06, real=0.08 secs] 
2021-05-27T15:15:25.232+0800: 1143876.912: [GC (Allocation Failure) [PSYoungGen: 500000K->15456K(504832K)] 942267K->467288K(1029120K), 0.0331543 secs] [Times: user=0.04 sys=0.04, real=0.03 secs] 
2021-05-27T15:19:17.962+0800: 1144109.642: [GC (Allocation Failure) [PSYoungGen: 501344K->13216K(505344K)] 953176K->475181K(1029632K), 0.0390338 secs] [Times: user=0.04 sys=0.04, real=0.03 secs] 
2021-05-27T15:23:09.127+0800: 1144340.806: [GC (Allocation Failure) [PSYoungGen: 499616K->15456K(505344K)] 961581K->487456K(1029632K), 0.0330024 secs] [Times: user=0.09 sys=0.00, real=0.03 secs] 
2021-05-27T15:27:03.877+0800: 1144575.557: [GC (Allocation Failure) [PSYoungGen: 501856K->14048K(505856K)] 973856K->497020K(1030144K), 0.0245064 secs] [Times: user=0.03 sys=0.03, real=0.03 secs] 
2021-05-27T15:30:56.700+0800: 1144808.380: [GC (Allocation Failure) [PSYoungGen: 500960K->17888K(504832K)] 983932K->511274K(1029120K), 0.0360576 secs] [Times: user=0.04 sys=0.04, real=0.04 secs] 
2021-05-27T15:34:52.181+0800: 1145043.861: [GC (Allocation Failure) [PSYoungGen: 504800K->13600K(504832K)] 998186K->517607K(1029120K), 0.0336961 secs] [Times: user=0.04 sys=0.04, real=0.04 secs] 
2021-05-27T15:38:45.555+0800: 1145277.234: [GC (Allocation Failure) [PSYoungGen: 498976K->16256K(504832K)] 1002983K->529396K(1029120K), 0.0257607 secs] [Times: user=0.04 sys=0.04, real=0.02 secs] 
2021-05-27T15:38:45.581+0800: 1145277.261: [Full GC (Ergonomics) [PSYoungGen: 16256K->0K(504832K)] [ParOldGen: 513140K->300689K(524288K)] 529396K->300689K(1029120K), [Metaspace: 95683K->95683K(1136640K)], 0.4563120 secs] [Times: user=0.96 sys=0.00, real=0.46 secs] 
2021-05-27T15:42:38.132+0800: 1145509.812: [GC (Allocation Failure) [PSYoungGen: 485376K->14880K(505344K)] 786065K->315569K(1029632K), 0.0308360 secs] [Times: user=0.03 sys=0.03, real=0.04 secs] 
2021-05-27T15:46:28.455+0800: 1145740.135: [GC (Allocation Failure) [PSYoungGen: 500768K->15936K(504832K)] 801457K->325629K(1029120K), 0.0293069 secs] [Times: user=0.04 sys=0.04, real=0.03 secs] 
2021-05-27T15:50:19.683+0800: 1145971.363: [GC (Allocation Failure) [PSYoungGen: 501824K->16672K(505344K)] 811517K->338528K(1029632K), 0.0259769 secs] [Times: user=0.03 sys=0.04, real=0.02 secs] 
2021-05-27T15:54:11.954+0800: 1146203.634: [GC (Allocation Failure) [PSYoungGen: 503072K->15648K(505344K)] 824928K->348468K(1029632K), 0.0275588 secs] [Times: user=0.03 sys=0.04, real=0.02 secs] 
2021-05-27T15:58:05.522+0800: 1146437.201: [GC (Allocation Failure) [PSYoungGen: 502048K->15616K(505856K)] 834868K->359097K(1030144K), 0.0302657 secs] [Times: user=0.09 sys=0.00, real=0.04 secs] 
2021-05-27T16:01:57.740+0800: 1146669.419: [GC (Allocation Failure) [PSYoungGen: 502528K->18400K(505344K)] 846009K->372549K(1029632K), 0.0370675 secs] [Times: user=0.09 sys=0.00, real=0.04 secs] 
2021-05-27T16:05:47.667+0800: 1146899.347: [GC (Allocation Failure) [PSYoungGen: 505312K->15840K(498176K)] 859461K->380475K(1022464K), 0.0264639 secs] [Times: user=0.03 sys=0.04, real=0.03 secs] 
2021-05-27T16:09:38.573+0800: 1147130.253: [GC (Allocation Failure) [PSYoungGen: 495072K->13440K(501760K)] 859707K->389111K(1026048K), 0.0827052 secs] [Times: user=0.04 sys=0.04, real=0.08 secs] 
2021-05-27T16:13:29.919+0800: 1147361.598: [GC (Allocation Failure) [PSYoungGen: 492672K->15040K(501760K)] 868343K->400747K(1026048K), 0.0269902 secs] [Times: user=0.04 sys=0.03, real=0.03 secs] 
2021-05-27T16:17:20.141+0800: 1147591.820: [GC (Allocation Failure) [PSYoungGen: 494272K->13056K(501760K)] 879979K->408598K(1026048K), 0.0279444 secs] [Times: user=0.04 sys=0.04, real=0.03 secs] 
2021-05-27T16:21:09.027+0800: 1147820.706: [GC (Allocation Failure) [PSYoungGen: 492288K->15456K(502272K)] 887830K->419579K(1026560K), 0.0289802 secs] [Times: user=0.04 sys=0.04, real=0.03 secs] 
2021-05-27T16:24:59.445+0800: 1148051.125: [GC (Allocation Failure) [PSYoungGen: 495200K->17376K(501760K)] 899323K->432824K(1026048K), 0.0323834 secs] [Times: user=0.05 sys=0.04, real=0.03 secs] 
2021-05-27T16:28:46.514+0800: 1148278.193: [GC (Allocation Failure) [PSYoungGen: 497120K->14976K(502784K)] 912568K->442259K(1027072K), 0.0250295 secs] [Times: user=0.04 sys=0.04, real=0.02 secs] 
2021-05-27T16:32:35.544+0800: 1148507.224: [GC (Allocation Failure) [PSYoungGen: 495744K->17376K(502272K)] 923027K->454809K(1026560K), 0.0263513 secs] [Times: user=0.03 sys=0.04, real=0.02 secs] 
2021-05-27T16:36:28.998+0800: 1148740.677: [GC (Allocation Failure) [PSYoungGen: 498144K->14720K(503296K)] 935577K->463694K(1027584K), 0.0684186 secs] [Times: user=0.07 sys=0.00, real=0.07 secs] 
2021-05-27T16:40:22.546+0800: 1148974.226: [GC (Allocation Failure) [PSYoungGen: 496512K->14720K(502784K)] 945486K->474635K(1027072K), 0.0274607 secs] [Times: user=0.03 sys=0.04, real=0.03 secs] 
2021-05-27T16:44:11.386+0800: 1149203.066: [GC (Allocation Failure) [PSYoungGen: 496512K->15520K(503808K)] 956427K->485183K(1028096K), 0.0290520 secs] [Times: user=0.04 sys=0.04, real=0.03 secs] 
2021-05-27T16:48:03.900+0800: 1149435.579: [GC (Allocation Failure) [PSYoungGen: 498336K->15488K(503296K)] 967999K->495267K(1027584K), 0.0310525 secs] [Times: user=0.04 sys=0.04, real=0.03 secs] 
2021-05-27T16:51:57.373+0800: 1149669.053: [GC (Allocation Failure) [PSYoungGen: 498304K->13696K(504320K)] 978083K->503254K(1028608K), 0.0257231 secs] [Times: user=0.04 sys=0.03, real=0.02 secs] 
2021-05-27T16:56:14.189+0800: 1149925.869: [GC (Allocation Failure) [PSYoungGen: 498048K->10016K(494592K)] 987606K->509629K(1018880K), 0.0367464 secs] [Times: user=0.04 sys=0.04, real=0.04 secs] 
2021-05-27T17:00:32.913+0800: 1150184.592: [GC (Allocation Failure) [PSYoungGen: 494368K->10752K(502784K)] 993981K->517592K(1027072K), 0.0357413 secs] [Times: user=0.03 sys=0.04, real=0.03 secs] 
2021-05-27T17:04:51.519+0800: 1150443.198: [GC (Allocation Failure) [PSYoungGen: 493056K->8480K(503296K)] 999896K->524895K(1027584K), 0.0217194 secs] [Times: user=0.07 sys=0.00, real=0.02 secs] 
2021-05-27T17:04:51.541+0800: 1150443.221: [Full GC (Ergonomics) [PSYoungGen: 8480K->0K(503296K)] [ParOldGen: 516415K->302688K(524288K)] 524895K->302688K(1027584K), [Metaspace: 95685K->95685K(1136640K)], 0.4963304 secs] [Times: user=1.05 sys=0.00, real=0.50 secs] 
2021-05-27T17:09:11.757+0800: 1150703.437: [GC (Allocation Failure) [PSYoungGen: 482304K->7488K(502272K)] 784992K->310176K(1026560K), 0.0197549 secs] [Times: user=0.06 sys=0.00, real=0.02 secs] 
2021-05-27T17:13:33.534+0800: 1150965.214: [GC (Allocation Failure) [PSYoungGen: 488768K->14528K(502784K)] 791456K->323189K(1027072K), 0.0202603 secs] [Times: user=0.03 sys=0.03, real=0.02 secs] 
2021-05-27T17:17:28.091+0800: 1151199.771: [GC (Allocation Failure) [PSYoungGen: 495808K->16480K(502784K)] 804469K->336879K(1027072K), 0.0276457 secs] [Times: user=0.04 sys=0.03, real=0.03 secs] 
2021-05-27T17:21:18.640+0800: 1151430.319: [GC (Allocation Failure) [PSYoungGen: 497760K->14208K(502784K)] 818159K->345114K(1027072K), 0.0253861 secs] [Times: user=0.03 sys=0.04, real=0.03 secs] 
2021-05-27T17:25:09.048+0800: 1151660.727: [GC (Allocation Failure) [PSYoungGen: 495488K->14944K(503296K)] 826394K->355992K(1027584K), 0.0287591 secs] [Times: user=0.07 sys=0.00, real=0.03 secs] 
2021-05-27T17:29:01.669+0800: 1151893.348: [GC (Allocation Failure) [PSYoungGen: 497248K->16096K(503296K)] 838296K->367691K(1027584K), 0.0264206 secs] [Times: user=0.04 sys=0.04, real=0.03 secs] 
2021-05-27T17:32:53.201+0800: 1152124.881: [GC (Allocation Failure) [PSYoungGen: 498398K->15168K(503808K)] 849993K->378615K(1028096K), 0.0516535 secs] [Times: user=0.04 sys=0.04, real=0.06 secs] 
2021-05-27T17:36:45.007+0800: 1152356.687: [GC (Allocation Failure) [PSYoungGen: 497984K->12864K(503296K)] 861431K->388203K(1027584K), 0.0589866 secs] [Times: user=0.09 sys=0.00, real=0.06 secs] 
2021-05-27T17:41:44.563+0800: 1152656.243: [GC (Allocation Failure) [PSYoungGen: 495680K->19040K(501760K)] 871019K->402944K(1026048K), 0.0295523 secs] [Times: user=0.04 sys=0.04, real=0.03 secs] 
2021-05-27T17:45:43.371+0800: 1152895.051: [GC (Allocation Failure) [PSYoungGen: 500320K->8768K(490496K)] 884224K->405510K(1014784K), 0.0250711 secs] [Times: user=0.03 sys=0.03, real=0.03 secs] 
2021-05-27T17:49:33.735+0800: 1153125.415: [GC (Allocation Failure) [PSYoungGen: 490048K->10496K(502784K)] 886790K->413899K(1027072K), 0.0205143 secs] [Times: user=0.03 sys=0.03, real=0.02 secs] 
2021-05-27T17:53:26.227+0800: 1153357.907: [GC (Allocation Failure) [PSYoungGen: 491264K->9856K(502272K)] 894667K->421813K(1026560K), 0.0218561 secs] [Times: user=0.03 sys=0.03, real=0.02 secs] 
2021-05-27T17:57:20.960+0800: 1153592.640: [GC (Allocation Failure) [PSYoungGen: 490624K->8832K(502784K)] 902581K->429303K(1027072K), 0.0224083 secs] [Times: user=0.04 sys=0.03, real=0.03 secs] 
2021-05-27T18:01:16.264+0800: 1153827.944: [GC (Allocation Failure) [PSYoungGen: 490112K->11040K(502784K)] 910583K->438418K(1027072K), 0.0270240 secs] [Times: user=0.03 sys=0.04, real=0.02 secs] 
2021-05-27T18:05:05.082+0800: 1154056.762: [GC (Allocation Failure) [PSYoungGen: 492320K->8480K(503296K)] 919698K->443484K(1027584K), 0.0216010 secs] [Times: user=0.03 sys=0.04, real=0.03 secs] 
2021-05-27T18:08:57.039+0800: 1154288.719: [GC (Allocation Failure) [PSYoungGen: 490784K->10624K(503296K)] 925788K->452765K(1027584K), 0.0239390 secs] [Times: user=0.03 sys=0.03, real=0.03 secs] 
2021-05-27T18:12:52.214+0800: 1154523.894: [GC (Allocation Failure) [PSYoungGen: 492928K->8512K(504320K)] 935069K->458848K(1028608K), 0.0325468 secs] [Times: user=0.04 sys=0.05, real=0.03 secs] 
2021-05-27T18:16:46.948+0800: 1154758.628: [GC (Allocation Failure) [PSYoungGen: 492352K->9760K(503808K)] 942688K->466404K(1028096K), 0.0288497 secs] [Times: user=0.04 sys=0.05, real=0.03 secs] 
2021-05-27T18:20:38.775+0800: 1154990.462: [GC (Allocation Failure) [PSYoungGen: 493600K->9216K(504832K)] 950244K->474261K(1029120K), 0.0744554 secs] [Times: user=0.09 sys=0.00, real=0.07 secs] 
2021-05-27T18:24:34.522+0800: 1155226.201: [GC (Allocation Failure) [PSYoungGen: 494592K->8576K(504832K)] 959637K->481255K(1029120K), 0.0376614 secs] [Times: user=0.04 sys=0.04, real=0.04 secs] 
2021-05-27T18:28:31.715+0800: 1155463.395: [GC (Allocation Failure) [PSYoungGen: 493952K->9120K(505856K)] 966631K->488290K(1030144K), 0.0272770 secs] [Times: user=0.04 sys=0.04, real=0.03 secs] 
2021-05-27T18:32:29.018+0800: 1155700.698: [GC (Allocation Failure) [PSYoungGen: 496032K->10848K(505344K)] 975202K->497605K(1029632K), 0.0280750 secs] [Times: user=0.04 sys=0.04, real=0.03 secs] 
2021-05-27T18:36:59.037+0800: 1155970.716: [GC (Allocation Failure) [PSYoungGen: 497760K->12104K(506880K)] 984517K->507232K(1031168K), 0.0307926 secs] [Times: user=0.04 sys=0.04, real=0.03 secs] 
2021-05-27T18:41:01.498+0800: 1156213.178: [GC (Allocation Failure) [PSYoungGen: 501064K->3776K(506368K)] 996192K->508389K(1030656K), 0.0285548 secs] [Times: user=0.09 sys=0.00, real=0.03 secs] 
2021-05-27T18:45:04.213+0800: 1156455.893: [GC (Allocation Failure) [PSYoungGen: 492736K->7680K(506368K)] 997349K->514955K(1030656K), 0.0290917 secs] [Times: user=0.03 sys=0.04, real=0.03 secs] 
2021-05-27T18:49:06.984+0800: 1156698.664: [GC (Allocation Failure) [PSYoungGen: 496128K->6016K(506368K)] 1003403K->519630K(1030656K), 0.0239893 secs] [Times: user=0.04 sys=0.04, real=0.02 secs] 
2021-05-27T18:49:07.009+0800: 1156698.689: [Full GC (Ergonomics) [PSYoungGen: 6016K->0K(506368K)] [ParOldGen: 513614K->295019K(524288K)] 519630K->295019K(1030656K), [Metaspace: 95701K->95701K(1136640K)], 0.5077075 secs] [Times: user=1.09 sys=0.00, real=0.51 secs] 
2021-05-27T18:53:07.863+0800: 1156939.543: [GC (Allocation Failure) [PSYoungGen: 488448K->6912K(506880K)] 783467K->301931K(1031168K), 0.0248938 secs] [Times: user=0.06 sys=0.00, real=0.02 secs] 
2021-05-27T18:57:03.235+0800: 1157174.915: [GC (Allocation Failure) [PSYoungGen: 495872K->5416K(506368K)] 790891K->305870K(1030656K), 0.0216688 secs] [Times: user=0.03 sys=0.03, real=0.02 secs] 
2021-05-27T19:01:04.458+0800: 1157416.138: [GC (Allocation Failure) [PSYoungGen: 494376K->3104K(506880K)] 794830K->308043K(1031168K), 0.0231918 secs] [Times: user=0.03 sys=0.03, real=0.02 secs] 
2021-05-27T19:05:03.848+0800: 1157655.527: [GC (Allocation Failure) [PSYoungGen: 492576K->6560K(506880K)] 797515K->313427K(1031168K), 0.0209017 secs] [Times: user=0.03 sys=0.03, real=0.02 secs] 
2021-05-27T19:09:04.207+0800: 1157895.887: [GC (Allocation Failure) [PSYoungGen: 496032K->3296K(507392K)] 802899K->315421K(1031680K), 0.0198268 secs] [Times: user=0.06 sys=0.00, real=0.02 secs] 
2021-05-27T19:13:04.581+0800: 1158136.260: [GC (Allocation Failure) [PSYoungGen: 493792K->5120K(507392K)] 805917K->319116K(1031680K), 0.0207676 secs] [Times: user=0.03 sys=0.03, real=0.02 secs] 
2021-05-27T19:17:07.106+0800: 1158378.785: [GC (Allocation Failure) [PSYoungGen: 495616K->5344K(508416K)] 809612K->323385K(1032704K), 0.0303674 secs] [Times: user=0.03 sys=0.04, real=0.03 secs] 
2021-05-27T19:21:10.295+0800: 1158621.975: [GC (Allocation Failure) [PSYoungGen: 497376K->4480K(507904K)] 815417K->326901K(1032192K), 0.0240205 secs] [Times: user=0.06 sys=0.00, real=0.02 secs] 
2021-05-27T19:25:10.767+0800: 1158862.447: [GC (Allocation Failure) [PSYoungGen: 496512K->5184K(509440K)] 818933K->330971K(1033728K), 0.0219014 secs] [Times: user=0.07 sys=0.00, real=0.02 secs] 
2021-05-27T19:29:15.778+0800: 1159107.458: [GC (Allocation Failure) [PSYoungGen: 499264K->4224K(508928K)] 825051K->334183K(1033216K), 0.0201577 secs] [Times: user=0.03 sys=0.03, real=0.02 secs] 
2021-05-27T19:33:21.251+0800: 1159352.931: [GC (Allocation Failure) [PSYoungGen: 498304K->5184K(510464K)] 828263K->338341K(1034752K), 0.0225699 secs] [Times: user=0.03 sys=0.04, real=0.03 secs] 
2021-05-27T19:37:26.615+0800: 1159598.294: [GC (Allocation Failure) [PSYoungGen: 500800K->7072K(509440K)] 833957K->344139K(1033728K), 0.0195559 secs] [Times: user=0.03 sys=0.03, real=0.02 secs] 
2021-05-27T19:41:31.928+0800: 1159843.608: [GC (Allocation Failure) [PSYoungGen: 502688K->5536K(511488K)] 839755K->348661K(1035776K), 0.0256533 secs] [Times: user=0.03 sys=0.04, real=0.03 secs] 
2021-05-27T19:45:36.507+0800: 1160088.187: [GC (Allocation Failure) [PSYoungGen: 503200K->4160K(510464K)] 846325K->351432K(1034752K), 0.0499416 secs] [Times: user=0.04 sys=0.03, real=0.05 secs] 
2021-05-27T19:49:42.553+0800: 1160334.232: [GC (Allocation Failure) [PSYoungGen: 501824K->3680K(511488K)] 849096K->353935K(1035776K), 0.0227527 secs] [Times: user=0.03 sys=0.04, real=0.02 secs] 
2021-05-27T19:53:47.647+0800: 1160579.326: [GC (Allocation Failure) [PSYoungGen: 502368K->10272K(509440K)] 852623K->362990K(1033728K), 0.0214835 secs] [Times: user=0.04 sys=0.03, real=0.02 secs] 
2021-05-27T19:57:56.621+0800: 1160828.301: [GC (Allocation Failure) [PSYoungGen: 508960K->4992K(510976K)] 861678K->366652K(1035264K), 0.0694333 secs] [Times: user=0.04 sys=0.03, real=0.07 secs] 
2021-05-27T20:02:02.170+0800: 1161073.849: [GC (Allocation Failure) [PSYoungGen: 502656K->8768K(510976K)] 864316K->374329K(1035264K), 0.0391159 secs] [Times: user=0.03 sys=0.03, real=0.04 secs] 
2021-05-27T20:06:08.870+0800: 1161320.550: [GC (Allocation Failure) [PSYoungGen: 506432K->5088K(511488K)] 871993K->377531K(1035776K), 0.0385669 secs] [Times: user=0.04 sys=0.03, real=0.04 secs] 
2021-05-27T20:10:16.177+0800: 1161567.856: [GC (Allocation Failure) [PSYoungGen: 503264K->5440K(510976K)] 875707K->381679K(1035264K), 0.0190688 secs] [Times: user=0.03 sys=0.03, real=0.02 secs] 
2021-05-27T20:14:19.433+0800: 1161811.112: [GC (Allocation Failure) [PSYoungGen: 503616K->5728K(512512K)] 879855K->386003K(1036800K), 0.0207888 secs] [Times: user=0.06 sys=0.00, real=0.02 secs] 
2021-05-27T20:18:27.899+0800: 1162059.578: [GC (Allocation Failure) [PSYoungGen: 505952K->2784K(512000K)] 886227K->387503K(1036288K), 0.0188024 secs] [Times: user=0.03 sys=0.03, real=0.02 secs] 
2021-05-27T20:22:35.091+0800: 1162306.771: [GC (Allocation Failure) [PSYoungGen: 503008K->5440K(513024K)] 887727K->391639K(1037312K), 0.0234196 secs] [Times: user=0.03 sys=0.03, real=0.03 secs] 
2021-05-27T20:26:40.830+0800: 1162552.509: [GC (Allocation Failure) [PSYoungGen: 506688K->6592K(512512K)] 892887K->397195K(1036800K), 0.0245109 secs] [Times: user=0.03 sys=0.04, real=0.03 secs] 
2021-05-27T20:30:48.152+0800: 1162799.831: [GC (Allocation Failure) [PSYoungGen: 507840K->5184K(513536K)] 898443K->401429K(1037824K), 0.0236652 secs] [Times: user=0.03 sys=0.04, real=0.03 secs] 
2021-05-27T20:34:56.106+0800: 1163047.786: [GC (Allocation Failure) [PSYoungGen: 507456K->4128K(513024K)] 903701K->404474K(1037312K), 0.0204588 secs] [Times: user=0.02 sys=0.03, real=0.02 secs] 
2021-05-27T20:39:06.363+0800: 1163298.043: [GC (Allocation Failure) [PSYoungGen: 506400K->6880K(513536K)] 906746K->410240K(1037824K), 0.0238128 secs] [Times: user=0.03 sys=0.03, real=0.02 secs] 
2021-05-27T20:43:07.780+0800: 1163539.459: [GC (Allocation Failure) [PSYoungGen: 509664K->10720K(513536K)] 913024K->419101K(1037824K), 0.0272375 secs] [Times: user=0.05 sys=0.05, real=0.03 secs] 
2021-05-27T20:47:14.684+0800: 1163786.364: [GC (Allocation Failure) [PSYoungGen: 513504K->7168K(511488K)] 921885K->424461K(1035776K), 0.0306642 secs] [Times: user=0.04 sys=0.04, real=0.03 secs] 
2021-05-27T20:51:17.458+0800: 1164029.137: [GC (Allocation Failure) [PSYoungGen: 507904K->9280K(510464K)] 925197K->432377K(1034752K), 0.0284145 secs] [Times: user=0.04 sys=0.04, real=0.03 secs] 
2021-05-27T20:55:26.913+0800: 1164278.593: [GC (Allocation Failure) [PSYoungGen: 510016K->7008K(512512K)] 933113K->437307K(1036800K), 0.0220423 secs] [Times: user=0.03 sys=0.04, real=0.02 secs] 
2021-05-27T20:59:32.976+0800: 1164524.656: [GC (Allocation Failure) [PSYoungGen: 507232K->5536K(512000K)] 937531K->441902K(1036288K), 0.0211354 secs] [Times: user=0.03 sys=0.03, real=0.02 secs] 
2021-05-27T21:03:38.204+0800: 1164769.884: [GC (Allocation Failure) [PSYoungGen: 505760K->5792K(513024K)] 942126K->446538K(1037312K), 0.0204888 secs] [Times: user=0.07 sys=0.00, real=0.02 secs] 
2021-05-27T21:07:41.459+0800: 1165013.139: [GC (Allocation Failure) [PSYoungGen: 507040K->6464K(512512K)] 947786K->451598K(1036800K), 0.0231885 secs] [Times: user=0.03 sys=0.03, real=0.03 secs] 
2021-05-27T21:11:46.587+0800: 1165258.267: [GC (Allocation Failure) [PSYoungGen: 507712K->8992K(512512K)] 952846K->458963K(1036800K), 0.0248139 secs] [Times: user=0.03 sys=0.04, real=0.03 secs] 
2021-05-27T21:15:49.553+0800: 1165501.233: [GC (Allocation Failure) [PSYoungGen: 510752K->8096K(513024K)] 960723K->464468K(1037312K), 0.0204883 secs] [Times: user=0.04 sys=0.03, real=0.02 secs] 
2021-05-27T21:19:59.136+0800: 1165750.815: [GC (Allocation Failure) [PSYoungGen: 509856K->4640K(513024K)] 966228K->468093K(1037312K), 0.0266458 secs] [Times: user=0.04 sys=0.04, real=0.03 secs] 
2021-05-27T21:24:04.862+0800: 1165996.541: [GC (Allocation Failure) [PSYoungGen: 506400K->7712K(513024K)] 969853K->474300K(1037312K), 0.0224853 secs] [Times: user=0.04 sys=0.03, real=0.03 secs] 
2021-05-27T21:28:10.768+0800: 1166242.448: [GC (Allocation Failure) [PSYoungGen: 509472K->5376K(513024K)] 976060K->477614K(1037312K), 0.0234235 secs] [Times: user=0.04 sys=0.04, real=0.02 secs] 
2021-05-27T21:32:17.230+0800: 1166488.909: [GC (Allocation Failure) [PSYoungGen: 507136K->5504K(513024K)] 979374K->482067K(1037312K), 0.0229557 secs] [Times: user=0.04 sys=0.04, real=0.03 secs] 
2021-05-27T21:36:23.291+0800: 1166734.970: [GC (Allocation Failure) [PSYoungGen: 507264K->6208K(513536K)] 983827K->487215K(1037824K), 0.0283587 secs] [Times: user=0.04 sys=0.04, real=0.03 secs] 
2021-05-27T21:40:30.323+0800: 1166982.003: [GC (Allocation Failure) [PSYoungGen: 508992K->7040K(513536K)] 989999K->492947K(1037824K), 0.0254467 secs] [Times: user=0.03 sys=0.04, real=0.02 secs] 
2021-05-27T21:44:35.439+0800: 1167227.119: [GC (Allocation Failure) [PSYoungGen: 509824K->6752K(514048K)] 995731K->498693K(1038336K), 0.0329638 secs] [Times: user=0.04 sys=0.05, real=0.04 secs] 
2021-05-27T21:48:39.141+0800: 1167470.820: [GC (Allocation Failure) [PSYoungGen: 510560K->6240K(514048K)] 1002501K->503113K(1038336K), 0.0247457 secs] [Times: user=0.04 sys=0.04, real=0.03 secs] 
2021-05-27T21:52:48.097+0800: 1167719.777: [GC (Allocation Failure) [PSYoungGen: 510048K->7328K(514560K)] 1006921K->508829K(1038848K), 0.0259561 secs] [Times: user=0.03 sys=0.04, real=0.03 secs] 
2021-05-27T21:56:53.388+0800: 1167965.068: [GC (Allocation Failure) [PSYoungGen: 512160K->5824K(514560K)] 1013661K->513399K(1038848K), 0.0241677 secs] [Times: user=0.03 sys=0.04, real=0.03 secs] 
2021-05-27T22:00:58.975+0800: 1168210.654: [GC (Allocation Failure) [PSYoungGen: 510656K->9696K(509440K)] 1018231K->522125K(1033728K), 0.0268102 secs] [Times: user=0.03 sys=0.04, real=0.02 secs] 
2021-05-27T22:05:04.254+0800: 1168455.934: [GC (Allocation Failure) [PSYoungGen: 509408K->7712K(512000K)] 1021837K->527181K(1036288K), 0.0280398 secs] [Times: user=0.04 sys=0.04, real=0.03 secs] 
2021-05-27T22:05:04.283+0800: 1168455.962: [Full GC (Ergonomics) [PSYoungGen: 7712K->0K(512000K)] [ParOldGen: 519469K->284425K(524288K)] 527181K->284425K(1036288K), [Metaspace: 95701K->95697K(1136640K)], 0.4641806 secs] [Times: user=1.05 sys=0.00, real=0.46 secs] 
2021-05-27T22:09:10.148+0800: 1168701.828: [GC (Allocation Failure) [PSYoungGen: 499712K->5344K(512512K)] 784137K->289769K(1036800K), 0.0291417 secs] [Times: user=0.08 sys=0.00, real=0.03 secs] 
2021-05-27T22:13:17.939+0800: 1168949.619: [GC (Allocation Failure) [PSYoungGen: 506080K->6272K(512512K)] 790505K->294606K(1036800K), 0.0239341 secs] [Times: user=0.02 sys=0.03, real=0.03 secs] 
2021-05-27T22:17:22.825+0800: 1169194.504: [GC (Allocation Failure) [PSYoungGen: 507008K->7776K(513024K)] 795342K->301146K(1037312K), 0.0222745 secs] [Times: user=0.07 sys=0.00, real=0.02 secs] 
2021-05-27T22:21:30.706+0800: 1169442.386: [GC (Allocation Failure) [PSYoungGen: 509024K->4480K(512512K)] 802394K->304364K(1036800K), 0.0182626 secs] [Times: user=0.03 sys=0.03, real=0.02 secs] 
2021-05-27T22:25:35.846+0800: 1169687.526: [GC (Allocation Failure) [PSYoungGen: 505728K->7904K(513024K)] 805612K->310977K(1037312K), 0.0226443 secs] [Times: user=0.03 sys=0.03, real=0.02 secs] 
2021-05-27T22:29:42.782+0800: 1169934.462: [GC (Allocation Failure) [PSYoungGen: 509664K->5952K(513024K)] 812737K->315587K(1037312K), 0.0228139 secs] [Times: user=0.04 sys=0.04, real=0.02 secs] 
2021-05-27T22:33:47.919+0800: 1170179.598: [GC (Allocation Failure) [PSYoungGen: 507712K->5856K(513536K)] 817347K->319887K(1037824K), 0.0188567 secs] [Times: user=0.03 sys=0.03, real=0.02 secs] 
2021-05-27T22:37:56.634+0800: 1170428.314: [GC (Allocation Failure) [PSYoungGen: 508128K->6560K(513024K)] 822159K->325499K(1037312K), 0.0578541 secs] [Times: user=0.06 sys=0.00, real=0.06 secs] 
2021-05-27T22:42:01.666+0800: 1170673.345: [GC (Allocation Failure) [PSYoungGen: 508832K->5536K(514048K)] 827771K->330061K(1038336K), 0.0317674 secs] [Times: user=0.03 sys=0.03, real=0.03 secs] 
2021-05-27T22:46:06.729+0800: 1170918.409: [GC (Allocation Failure) [PSYoungGen: 508832K->7232K(513536K)] 833357K->335898K(1037824K), 0.0513769 secs] [Times: user=0.04 sys=0.03, real=0.05 secs] 
2021-05-27T22:50:13.113+0800: 1171164.793: [GC (Allocation Failure) [PSYoungGen: 510528K->5152K(514048K)] 839194K->340164K(1038336K), 0.0211539 secs] [Times: user=0.04 sys=0.03, real=0.02 secs] 
2021-05-27T22:54:19.893+0800: 1171411.572: [GC (Allocation Failure) [PSYoungGen: 508960K->7360K(514048K)] 843972K->346560K(1038336K), 0.0213818 secs] [Times: user=0.06 sys=0.00, real=0.02 secs] 
2021-05-27T22:58:28.245+0800: 1171659.925: [GC (Allocation Failure) [PSYoungGen: 511168K->6688K(514560K)] 850368K->351916K(1038848K), 0.0233537 secs] [Times: user=0.03 sys=0.03, real=0.02 secs] 
2021-05-27T23:02:35.571+0800: 1171907.251: [GC (Allocation Failure) [PSYoungGen: 511008K->5984K(514048K)] 856236K->356495K(1038336K), 0.0195580 secs] [Times: user=0.05 sys=0.00, real=0.02 secs] 
2021-05-27T23:06:45.424+0800: 1172157.103: [GC (Allocation Failure) [PSYoungGen: 510304K->5504K(514560K)] 860815K->360699K(1038848K), 0.0188458 secs] [Times: user=0.03 sys=0.03, real=0.02 secs] 
2021-05-27T23:10:57.630+0800: 1172409.310: [GC (Allocation Failure) [PSYoungGen: 510336K->3776K(514560K)] 865531K->363495K(1038848K), 0.0194027 secs] [Times: user=0.02 sys=0.03, real=0.02 secs] 
2021-05-27T23:12:18.447+0800: 1172490.127: [GC (Allocation Failure) [PSYoungGen: 508255K->5732K(514560K)] 867974K->368033K(1038848K), 0.0265206 secs] [Times: user=0.01 sys=0.02, real=0.03 secs] 
2021-05-27T23:13:20.353+0800: 1172552.032: [GC (Allocation Failure) [PSYoungGen: 510346K->1280K(506368K)] 872648K->366354K(1030656K), 0.0134322 secs] [Times: user=0.02 sys=0.02, real=0.01 secs] 
2021-05-27T23:14:26.010+0800: 1172617.690: [GC (Allocation Failure) [PSYoungGen: 506074K->2791K(514048K)] 871148K->368185K(1038336K), 0.0136242 secs] [Times: user=0.02 sys=0.02, real=0.02 secs] 
2021-05-27T23:15:32.357+0800: 1172684.037: [GC (Allocation Failure) [PSYoungGen: 505693K->1984K(514048K)] 871088K->368177K(1038336K), 0.0140579 secs] [Times: user=0.02 sys=0.02, real=0.01 secs] 
2021-05-27T23:16:34.787+0800: 1172746.467: [GC (Allocation Failure) [PSYoungGen: 505311K->4263K(514560K)] 871504K->371544K(1038848K), 0.0139859 secs] [Times: user=0.02 sys=0.02, real=0.01 secs] 
2021-05-27T23:17:39.037+0800: 1172810.717: [GC (Allocation Failure) [PSYoungGen: 508582K->1728K(514048K)] 875863K->371558K(1038336K), 0.0174481 secs] [Times: user=0.03 sys=0.02, real=0.02 secs] 
2021-05-27T23:18:43.616+0800: 1172875.295: [GC (Allocation Failure) [PSYoungGen: 506048K->1664K(514560K)] 875878K->372310K(1038848K), 0.0132277 secs] [Times: user=0.02 sys=0.03, real=0.01 secs] 
2021-05-27T23:19:49.263+0800: 1172940.942: [GC (Allocation Failure) [PSYoungGen: 505815K->2887K(514560K)] 876461K->374333K(1038848K), 0.0161412 secs] [Times: user=0.04 sys=0.00, real=0.01 secs] 
2021-05-27T23:20:51.237+0800: 1173002.917: [GC (Allocation Failure) [PSYoungGen: 507069K->1984K(514560K)] 878514K->374484K(1038848K), 0.0134200 secs] [Times: user=0.03 sys=0.02, real=0.01 secs] 
2021-05-27T23:21:56.739+0800: 1173068.418: [GC (Allocation Failure) [PSYoungGen: 506816K->1888K(514560K)] 879316K->375451K(1038848K), 0.0134287 secs] [Times: user=0.05 sys=0.00, real=0.02 secs] 
2021-05-27T23:23:02.762+0800: 1173134.442: [GC (Allocation Failure) [PSYoungGen: 506388K->2016K(515072K)] 879952K->376458K(1039360K), 0.0151879 secs] [Times: user=0.02 sys=0.02, real=0.02 secs] 
2021-05-27T23:24:05.974+0800: 1173197.654: [GC (Allocation Failure) [PSYoungGen: 507420K->1536K(515072K)] 881863K->377066K(1039360K), 0.0140749 secs] [Times: user=0.01 sys=0.02, real=0.01 secs] 
2021-05-27T23:27:41.786+0800: 1173413.465: [GC (Allocation Failure) [PSYoungGen: 507392K->3808K(515584K)] 882922K->379873K(1039872K), 0.0206877 secs] [Times: user=0.03 sys=0.03, real=0.02 secs] 
2021-05-27T23:31:48.864+0800: 1173660.543: [GC (Allocation Failure) [PSYoungGen: 510688K->5760K(515584K)] 886753K->384084K(1039872K), 0.0203151 secs] [Times: user=0.03 sys=0.03, real=0.02 secs] 
2021-05-27T23:35:59.230+0800: 1173910.910: [GC (Allocation Failure) [PSYoungGen: 512640K->4800K(515584K)] 890964K->387688K(1039872K), 0.0197656 secs] [Times: user=0.03 sys=0.03, real=0.02 secs] 
2021-05-27T23:40:07.946+0800: 1174159.626: [GC (Allocation Failure) [PSYoungGen: 511680K->8160K(515072K)] 894568K->394734K(1039360K), 0.0205913 secs] [Times: user=0.03 sys=0.03, real=0.02 secs] 
2021-05-27T23:44:17.203+0800: 1174408.883: [GC (Allocation Failure) [PSYoungGen: 515040K->5056K(514048K)] 901614K->398407K(1038336K), 0.0209814 secs] [Times: user=0.03 sys=0.04, real=0.02 secs] 
2021-05-27T23:48:27.525+0800: 1174659.204: [GC (Allocation Failure) [PSYoungGen: 509888K->5184K(514560K)] 903239K->402477K(1038848K), 0.0596981 secs] [Times: user=0.03 sys=0.03, real=0.06 secs] 
2021-05-27T23:52:36.071+0800: 1174907.750: [GC (Allocation Failure) [PSYoungGen: 510016K->4480K(515072K)] 907309K->405945K(1039360K), 0.0277475 secs] [Times: user=0.04 sys=0.04, real=0.03 secs] 
2021-05-27T23:56:43.467+0800: 1175155.147: [GC (Allocation Failure) [PSYoungGen: 509824K->7296K(514560K)] 911289K->412238K(1038848K), 0.0248277 secs] [Times: user=0.04 sys=0.04, real=0.03 secs] 
2021-05-28T00:00:44.351+0800: 1175396.031: [GC (Allocation Failure) [PSYoungGen: 512640K->4128K(515072K)] 917582K->414760K(1039360K), 0.0229717 secs] [Times: user=0.03 sys=0.03, real=0.03 secs] 
2021-05-28T00:04:45.528+0800: 1175637.207: [GC (Allocation Failure) [PSYoungGen: 509472K->9216K(514560K)] 920104K->424983K(1038848K), 0.0260296 secs] [Times: user=0.08 sys=0.00, real=0.03 secs] 
2021-05-28T00:08:50.363+0800: 1175882.043: [GC (Allocation Failure) [PSYoungGen: 514560K->9728K(499200K)] 930327K->437034K(1023488K), 0.0241200 secs] [Times: user=0.04 sys=0.04, real=0.02 secs] 
2021-05-28T00:12:05.858+0800: 1176077.538: [GC (Allocation Failure) [PSYoungGen: 498241K->7869K(506880K)] 925547K->444597K(1031168K), 0.0223514 secs] [Times: user=0.04 sys=0.04, real=0.02 secs] 
2021-05-28T00:13:07.570+0800: 1176139.249: [GC (Allocation Failure) [PSYoungGen: 497104K->2727K(507392K)] 933832K->445514K(1031680K), 0.0179902 secs] [Times: user=0.02 sys=0.02, real=0.02 secs] 
2021-05-28T00:14:09.495+0800: 1176201.175: [GC (Allocation Failure) [PSYoungGen: 492763K->2663K(507392K)] 935550K->446305K(1031680K), 0.0158371 secs] [Times: user=0.02 sys=0.03, real=0.01 secs] 
2021-05-28T00:15:07.797+0800: 1176259.476: [GC (Allocation Failure) [PSYoungGen: 492501K->4438K(508416K)] 936143K->448880K(1032704K), 0.0170215 secs] [Times: user=0.03 sys=0.03, real=0.02 secs] 
2021-05-28T00:16:09.781+0800: 1176321.460: [GC (Allocation Failure) [PSYoungGen: 495545K->1536K(507904K)] 939987K->447681K(1032192K), 0.0161631 secs] [Times: user=0.04 sys=0.00, real=0.02 secs] 
2021-05-28T00:17:13.482+0800: 1176385.162: [GC (Allocation Failure) [PSYoungGen: 492946K->3175K(509440K)] 939092K->449873K(1033728K), 0.0164118 secs] [Times: user=0.03 sys=0.03, real=0.01 secs] 
2021-05-28T00:18:17.352+0800: 1176449.031: [GC (Allocation Failure) [PSYoungGen: 495895K->2503K(508416K)] 942592K->450479K(1032704K), 0.0164917 secs] [Times: user=0.02 sys=0.03, real=0.02 secs] 
2021-05-28T00:19:21.673+0800: 1176513.353: [GC (Allocation Failure) [PSYoungGen: 495382K->2759K(509952K)] 943358K->451295K(1034240K), 0.0136168 secs] [Times: user=0.02 sys=0.03, real=0.01 secs] 
2021-05-28T00:20:23.377+0800: 1176575.056: [GC (Allocation Failure) [PSYoungGen: 496899K->1952K(509440K)] 945434K->451327K(1033728K), 0.0183072 secs] [Times: user=0.03 sys=0.03, real=0.02 secs] 
2021-05-28T00:21:25.443+0800: 1176637.123: [GC (Allocation Failure) [PSYoungGen: 496251K->1504K(510976K)] 945627K->451974K(1035264K), 0.0133624 secs] [Times: user=0.02 sys=0.02, real=0.01 secs] 
2021-05-28T00:22:30.057+0800: 1176701.737: [GC (Allocation Failure) [PSYoungGen: 497957K->1568K(510464K)] 948427K->452605K(1034752K), 0.0165795 secs] [Times: user=0.03 sys=0.03, real=0.02 secs] 
2021-05-28T00:23:34.849+0800: 1176766.529: [GC (Allocation Failure) [PSYoungGen: 498264K->2439K(512000K)] 949301K->454149K(1036288K), 0.0192255 secs] [Times: user=0.02 sys=0.03, real=0.02 secs] 
2021-05-28T00:25:27.431+0800: 1176879.111: [GC (Allocation Failure) [PSYoungGen: 501639K->3040K(511488K)] 953349K->455373K(1035776K), 0.0167450 secs] [Times: user=0.02 sys=0.02, real=0.02 secs] 
2021-05-28T00:29:32.402+0800: 1177124.082: [GC (Allocation Failure) [PSYoungGen: 502240K->5760K(512512K)] 954573K->460139K(1036800K), 0.0232094 secs] [Times: user=0.03 sys=0.04, real=0.03 secs] 
2021-05-28T00:33:37.450+0800: 1177369.129: [GC (Allocation Failure) [PSYoungGen: 506496K->6720K(512512K)] 960875K->465232K(1036800K), 0.0227077 secs] [Times: user=0.04 sys=0.03, real=0.03 secs] 
2021-05-28T00:37:40.307+0800: 1177611.986: [GC (Allocation Failure) [PSYoungGen: 507456K->9312K(509440K)] 965968K->473380K(1033728K), 0.0625349 secs] [Times: user=0.04 sys=0.04, real=0.06 secs] 
2021-05-28T00:41:40.460+0800: 1177852.139: [GC (Allocation Failure) [PSYoungGen: 506976K->8768K(506880K)] 971044K->480926K(1031168K), 0.0225528 secs] [Times: user=0.03 sys=0.04, real=0.03 secs] 
2021-05-28T00:45:46.330+0800: 1178098.010: [GC (Allocation Failure) [PSYoungGen: 506432K->5440K(511488K)] 978590K->484831K(1035776K), 0.0259906 secs] [Times: user=0.04 sys=0.04, real=0.03 secs] 
2021-05-28T00:49:50.977+0800: 1178342.656: [GC (Allocation Failure) [PSYoungGen: 503104K->6656K(510464K)] 982495K->490197K(1034752K), 0.0211298 secs] [Times: user=0.03 sys=0.04, real=0.02 secs] 
2021-05-28T00:53:55.082+0800: 1178586.761: [GC (Allocation Failure) [PSYoungGen: 504320K->8544K(510464K)] 987861K->497617K(1034752K), 0.0221047 secs] [Times: user=0.03 sys=0.03, real=0.03 secs] 
2021-05-28T00:57:51.386+0800: 1178823.065: [GC (Allocation Failure) [PSYoungGen: 506208K->7048K(510976K)] 995281K->503155K(1035264K), 0.0211434 secs] [Times: user=0.03 sys=0.04, real=0.02 secs] 
2021-05-28T01:01:55.063+0800: 1179066.743: [GC (Allocation Failure) [PSYoungGen: 504712K->4512K(511488K)] 1000819K->506580K(1035776K), 0.0233029 secs] [Times: user=0.04 sys=0.04, real=0.02 secs] 
2021-05-28T01:05:57.483+0800: 1179309.163: [GC (Allocation Failure) [PSYoungGen: 503200K->7072K(511488K)] 1005268K->512538K(1035776K), 0.0277334 secs] [Times: user=0.04 sys=0.03, real=0.02 secs] 
2021-05-28T01:10:05.541+0800: 1179557.220: [GC (Allocation Failure) [PSYoungGen: 505760K->5024K(512512K)] 1011226K->515764K(1036800K), 0.0263753 secs] [Times: user=0.03 sys=0.03, real=0.03 secs] 
2021-05-28T01:14:09.608+0800: 1179801.288: [GC (Allocation Failure) [PSYoungGen: 505248K->3168K(512000K)] 1015988K->517489K(1036288K), 0.0192677 secs] [Times: user=0.06 sys=0.00, real=0.02 secs] 
2021-05-28T01:18:17.893+0800: 1180049.573: [GC (Allocation Failure) [PSYoungGen: 503392K->4736K(513024K)] 1017713K->521111K(1037312K), 0.0210830 secs] [Times: user=0.03 sys=0.03, real=0.02 secs] 
2021-05-28T01:18:17.915+0800: 1180049.595: [Full GC (Ergonomics) [PSYoungGen: 4736K->0K(513024K)] [ParOldGen: 516375K->287103K(524288K)] 521111K->287103K(1037312K), [Metaspace: 95943K->95939K(1138688K)], 0.5040144 secs] [Times: user=1.10 sys=0.00, real=0.50 secs] 
2021-05-28T01:22:26.124+0800: 1180297.804: [GC (Allocation Failure) [PSYoungGen: 501248K->6432K(512512K)] 788351K->293535K(1036800K), 0.0174839 secs] [Times: user=0.03 sys=0.03, real=0.01 secs] 
2021-05-28T01:26:35.696+0800: 1180547.376: [GC (Allocation Failure) [PSYoungGen: 507680K->4256K(513536K)] 794783K->296874K(1037824K), 0.0213447 secs] [Times: user=0.03 sys=0.03, real=0.02 secs] 
2021-05-28T01:30:41.121+0800: 1180792.801: [GC (Allocation Failure) [PSYoungGen: 506528K->6912K(513024K)] 799146K->302768K(1037312K), 0.0212945 secs] [Times: user=0.02 sys=0.03, real=0.03 secs] 
2021-05-28T01:34:46.031+0800: 1181037.711: [GC (Allocation Failure) [PSYoungGen: 509184K->9536K(511488K)] 805040K->310669K(1035776K), 0.0219957 secs] [Times: user=0.03 sys=0.03, real=0.03 secs] 
2021-05-28T01:38:51.162+0800: 1181282.841: [GC (Allocation Failure) [PSYoungGen: 510272K->6976K(512512K)] 811405K->315638K(1036800K), 0.0497433 secs] [Times: user=0.04 sys=0.03, real=0.05 secs] 
2021-05-28T01:42:56.332+0800: 1181528.012: [GC (Allocation Failure) [PSYoungGen: 507712K->9888K(511488K)] 816374K->324329K(1035776K), 0.0261095 secs] [Times: user=0.04 sys=0.04, real=0.02 secs] 
2021-05-28T01:47:01.222+0800: 1181772.902: [GC (Allocation Failure) [PSYoungGen: 509600K->7264K(512000K)] 824041K->329953K(1036288K), 0.0278930 secs] [Times: user=0.03 sys=0.04, real=0.03 secs] 
2021-05-28T01:51:04.280+0800: 1182015.959: [GC (Allocation Failure) [PSYoungGen: 506976K->7680K(512000K)] 829665K->336437K(1036288K), 0.0271811 secs] [Times: user=0.08 sys=0.00, real=0.03 secs] 
2021-05-28T01:55:10.321+0800: 1182262.000: [GC (Allocation Failure) [PSYoungGen: 507392K->6016K(512000K)] 836149K->341040K(1036288K), 0.0299373 secs] [Times: user=0.04 sys=0.04, real=0.03 secs] 
2021-05-28T01:59:16.500+0800: 1182508.179: [GC (Allocation Failure) [PSYoungGen: 505728K->4832K(513024K)] 840752K->344795K(1037312K), 0.0303310 secs] [Times: user=0.04 sys=0.04, real=0.03 secs] 
2021-05-28T02:03:20.521+0800: 1182752.200: [GC (Allocation Failure) [PSYoungGen: 506080K->9344K(510976K)] 846043K->352681K(1035264K), 0.0287527 secs] [Times: user=0.08 sys=0.00, real=0.03 secs] 
2021-05-28T02:07:26.270+0800: 1182997.950: [GC (Allocation Failure) [PSYoungGen: 510592K->7360K(512512K)] 853929K->357892K(1036800K), 0.0213490 secs] [Times: user=0.04 sys=0.04, real=0.02 secs] 
2021-05-28T02:11:28.687+0800: 1183240.367: [GC (Allocation Failure) [PSYoungGen: 507584K->7104K(512000K)] 858116K->363208K(1036288K), 0.0207612 secs] [Times: user=0.03 sys=0.04, real=0.02 secs] 
2021-05-28T02:15:33.935+0800: 1183485.615: [GC (Allocation Failure) [PSYoungGen: 507328K->5920K(513024K)] 863432K->367722K(1037312K), 0.0224545 secs] [Times: user=0.03 sys=0.04, real=0.02 secs] 
2021-05-28T02:19:40.496+0800: 1183732.175: [GC (Allocation Failure) [PSYoungGen: 507680K->5792K(513024K)] 869482K->372628K(1037312K), 0.0253456 secs] [Times: user=0.03 sys=0.03, real=0.02 secs] 
2021-05-28T02:23:44.070+0800: 1183975.750: [GC (Allocation Failure) [PSYoungGen: 507552K->6112K(513536K)] 874388K->377033K(1037824K), 0.0462753 secs] [Times: user=0.07 sys=0.06, real=0.05 secs] 
2021-05-28T02:27:53.471+0800: 1184225.150: [GC (Allocation Failure) [PSYoungGen: 508896K->5728K(513536K)] 879817K->381604K(1037824K), 0.0249044 secs] [Times: user=0.04 sys=0.04, real=0.03 secs] 
2021-05-28T02:32:02.160+0800: 1184473.840: [GC (Allocation Failure) [PSYoungGen: 508512K->6400K(514048K)] 884388K->386441K(1038336K), 0.0243704 secs] [Times: user=0.03 sys=0.03, real=0.03 secs] 
2021-05-28T02:36:10.001+0800: 1184721.681: [GC (Allocation Failure) [PSYoungGen: 510208K->5920K(514048K)] 890249K->390844K(1038336K), 0.0228760 secs] [Times: user=0.04 sys=0.04, real=0.03 secs] 
2021-05-28T02:40:14.195+0800: 1184965.875: [GC (Allocation Failure) [PSYoungGen: 509728K->8896K(513536K)] 894652K->398520K(1037824K), 0.0249927 secs] [Times: user=0.04 sys=0.04, real=0.02 secs] 
2021-05-28T02:44:19.076+0800: 1185210.755: [GC (Allocation Failure) [PSYoungGen: 512704K->10208K(514048K)] 902328K->408852K(1038336K), 0.0298064 secs] [Times: user=0.04 sys=0.05, real=0.03 secs] 
2021-05-28T02:48:23.738+0800: 1185455.418: [GC (Allocation Failure) [PSYoungGen: 514016K->7040K(505856K)] 912660K->415250K(1030144K), 0.0236284 secs] [Times: user=0.03 sys=0.04, real=0.02 secs] 
2021-05-28T02:52:30.256+0800: 1185701.935: [GC (Allocation Failure) [PSYoungGen: 502652K->4800K(509952K)] 910862K->418333K(1034240K), 0.0216608 secs] [Times: user=0.03 sys=0.04, real=0.02 secs] 
2021-05-28T02:56:32.654+0800: 1185944.334: [GC (Allocation Failure) [PSYoungGen: 500416K->5632K(510464K)] 913949K->422802K(1034752K), 0.0203928 secs] [Times: user=0.03 sys=0.04, real=0.02 secs] 
2021-05-28T03:00:33.338+0800: 1186185.018: [GC (Allocation Failure) [PSYoungGen: 501760K->8960K(509952K)] 918930K->430527K(1034240K), 0.0272033 secs] [Times: user=0.08 sys=0.00, real=0.03 secs] 
2021-05-28T03:04:36.777+0800: 1186428.457: [GC (Allocation Failure) [PSYoungGen: 505088K->8160K(510976K)] 926655K->436225K(1035264K), 0.0264256 secs] [Times: user=0.04 sys=0.04, real=0.03 secs] 
2021-05-28T03:08:38.726+0800: 1186670.405: [GC (Allocation Failure) [PSYoungGen: 505312K->7424K(510464K)] 933377K->442667K(1034752K), 0.0291389 secs] [Times: user=0.04 sys=0.03, real=0.03 secs] 
2021-05-28T03:12:45.144+0800: 1186916.823: [GC (Allocation Failure) [PSYoungGen: 504576K->4832K(511488K)] 939819K->445957K(1035776K), 0.0226568 secs] [Times: user=0.03 sys=0.04, real=0.02 secs] 
2021-05-28T03:16:49.552+0800: 1187161.231: [GC (Allocation Failure) [PSYoungGen: 503520K->4768K(511488K)] 944645K->449545K(1035776K), 0.0258811 secs] [Times: user=0.02 sys=0.03, real=0.03 secs] 
2021-05-28T03:20:53.707+0800: 1187405.386: [GC (Allocation Failure) [PSYoungGen: 503456K->7072K(512000K)] 948233K->455351K(1036288K), 0.0245237 secs] [Times: user=0.04 sys=0.04, real=0.02 secs] 
2021-05-28T03:24:56.938+0800: 1187648.618: [GC (Allocation Failure) [PSYoungGen: 506272K->9792K(511488K)] 954551K->463587K(1035776K), 0.0229241 secs] [Times: user=0.04 sys=0.04, real=0.02 secs] 
2021-05-28T03:29:00.646+0800: 1187892.326: [GC (Allocation Failure) [PSYoungGen: 508992K->4960K(511488K)] 962787K->466492K(1035776K), 0.0255362 secs] [Times: user=0.07 sys=0.00, real=0.03 secs] 
2021-05-28T03:33:02.113+0800: 1188133.792: [GC (Allocation Failure) [PSYoungGen: 503648K->6304K(511488K)] 965180K->471057K(1035776K), 0.0250812 secs] [Times: user=0.04 sys=0.03, real=0.02 secs] 
2021-05-28T03:37:04.477+0800: 1188376.157: [GC (Allocation Failure) [PSYoungGen: 504992K->6944K(512512K)] 969745K->476774K(1036800K), 0.0223275 secs] [Times: user=0.03 sys=0.04, real=0.02 secs] 
2021-05-28T03:41:08.598+0800: 1188620.278: [GC (Allocation Failure) [PSYoungGen: 507168K->6496K(512000K)] 976998K->482161K(1036288K), 0.0244429 secs] [Times: user=0.04 sys=0.04, real=0.03 secs] 
2021-05-28T03:45:14.964+0800: 1188866.644: [GC (Allocation Failure) [PSYoungGen: 506720K->5664K(513024K)] 982385K->486946K(1037312K), 0.0302934 secs] [Times: user=0.04 sys=0.04, real=0.03 secs] 
2021-05-28T03:49:23.272+0800: 1189114.952: [GC (Allocation Failure) [PSYoungGen: 507424K->4448K(513024K)] 988706K->489943K(1037312K), 0.0200600 secs] [Times: user=0.04 sys=0.04, real=0.02 secs] 
2021-05-28T03:53:29.751+0800: 1189361.430: [GC (Allocation Failure) [PSYoungGen: 506208K->7584K(513024K)] 991703K->496285K(1037312K), 0.0234858 secs] [Times: user=0.03 sys=0.04, real=0.03 secs] 
2021-05-28T03:57:35.015+0800: 1189606.695: [GC (Allocation Failure) [PSYoungGen: 509344K->5536K(513024K)] 998045K->500519K(1037312K), 0.0235598 secs] [Times: user=0.04 sys=0.04, real=0.02 secs] 
2021-05-28T04:01:41.971+0800: 1189853.651: [GC (Allocation Failure) [PSYoungGen: 507296K->5472K(513536K)] 1002279K->504812K(1037824K), 0.0483524 secs] [Times: user=0.04 sys=0.04, real=0.05 secs] 
2021-05-28T04:05:49.341+0800: 1190101.021: [GC (Allocation Failure) [PSYoungGen: 508256K->6176K(513536K)] 1007596K->509601K(1037824K), 0.0330149 secs] [Times: user=0.07 sys=0.00, real=0.04 secs] 
2021-05-28T04:09:54.902+0800: 1190346.582: [GC (Allocation Failure) [PSYoungGen: 508960K->6144K(514048K)] 1012385K->514318K(1038336K), 0.0231241 secs] [Times: user=0.03 sys=0.03, real=0.03 secs] 
2021-05-28T04:14:00.288+0800: 1190591.968: [GC (Allocation Failure) [PSYoungGen: 509952K->8224K(514048K)] 1018126K->520906K(1038336K), 0.0230314 secs] [Times: user=0.03 sys=0.04, real=0.02 secs] 
2021-05-28T04:18:06.607+0800: 1190838.286: [GC (Allocation Failure) [PSYoungGen: 512031K->8832K(513024K)] 1024714K->528108K(1037312K), 0.0260980 secs] [Times: user=0.04 sys=0.03, real=0.03 secs] 
2021-05-28T04:18:06.633+0800: 1190838.313: [Full GC (Ergonomics) [PSYoungGen: 8832K->0K(513024K)] [ParOldGen: 519276K->296867K(524288K)] 528108K->296867K(1037312K), [Metaspace: 95939K->95939K(1138688K)], 0.5649406 secs] [Times: user=1.10 sys=0.00, real=0.56 secs] 
2021-05-28T04:22:14.004+0800: 1191085.684: [GC (Allocation Failure) [PSYoungGen: 502784K->5920K(513536K)] 799651K->302787K(1037824K), 0.0212787 secs] [Times: user=0.03 sys=0.03, real=0.02 secs] 
2021-05-28T04:26:23.315+0800: 1191334.994: [GC (Allocation Failure) [PSYoungGen: 508704K->4064K(513536K)] 805571K->305915K(1037824K), 0.0265287 secs] [Times: user=0.03 sys=0.03, real=0.02 secs] 
2021-05-28T04:30:29.670+0800: 1191581.349: [GC (Allocation Failure) [PSYoungGen: 506848K->5632K(513536K)] 808699K->310465K(1037824K), 0.0695537 secs] [Times: user=0.05 sys=0.00, real=0.07 secs] 
2021-05-28T04:34:38.180+0800: 1191829.860: [GC (Allocation Failure) [PSYoungGen: 508416K->8064K(513024K)] 813249K->317502K(1037312K), 0.0560758 secs] [Times: user=0.04 sys=0.03, real=0.06 secs] 
2021-05-28T04:38:47.768+0800: 1192079.447: [GC (Allocation Failure) [PSYoungGen: 510848K->4320K(513536K)] 820286K->320376K(1037824K), 0.0231558 secs] [Times: user=0.04 sys=0.03, real=0.02 secs] 
2021-05-28T04:42:51.197+0800: 1192322.877: [GC (Allocation Failure) [PSYoungGen: 507104K->6496K(514048K)] 823160K->325254K(1038336K), 0.0233489 secs] [Times: user=0.03 sys=0.04, real=0.02 secs] 
2021-05-28T04:46:58.355+0800: 1192570.035: [GC (Allocation Failure) [PSYoungGen: 509792K->7552K(513536K)] 828550K->331610K(1037824K), 0.0245666 secs] [Times: user=0.04 sys=0.04, real=0.02 secs] 
2021-05-28T04:51:05.509+0800: 1192817.189: [GC (Allocation Failure) [PSYoungGen: 510848K->7616K(514048K)] 834906K->337679K(1038336K), 0.0238937 secs] [Times: user=0.04 sys=0.03, real=0.03 secs] 
2021-05-28T04:55:14.158+0800: 1193065.837: [GC (Allocation Failure) [PSYoungGen: 511424K->5216K(514048K)] 841487K->341833K(1038336K), 0.0229263 secs] [Times: user=0.07 sys=0.00, real=0.02 secs] 
2021-05-28T04:59:21.560+0800: 1193313.239: [GC (Allocation Failure) [PSYoungGen: 509024K->5120K(514048K)] 845641K->345933K(1038336K), 0.0213892 secs] [Times: user=0.07 sys=0.00, real=0.02 secs] 
2021-05-28T05:03:30.167+0800: 1193561.846: [GC (Allocation Failure) [PSYoungGen: 508928K->3328K(514048K)] 849741K->348281K(1038336K), 0.0211027 secs] [Times: user=0.08 sys=0.00, real=0.02 secs] 
2021-05-28T05:07:37.071+0800: 1193808.750: [GC (Allocation Failure) [PSYoungGen: 507136K->6784K(514048K)] 852089K->353760K(1038336K), 0.0206758 secs] [Times: user=0.03 sys=0.03, real=0.02 secs] 
2021-05-28T05:11:43.028+0800: 1194054.707: [GC (Allocation Failure) [PSYoungGen: 510592K->10208K(514048K)] 857568K->363557K(1038336K), 0.0275321 secs] [Times: user=0.04 sys=0.04, real=0.03 secs] 
2021-05-28T05:15:50.624+0800: 1194302.303: [GC (Allocation Failure) [PSYoungGen: 514016K->7456K(507904K)] 867365K->368829K(1032192K), 0.0319602 secs] [Times: user=0.03 sys=0.03, real=0.03 secs] 
2021-05-28T05:19:54.575+0800: 1194546.255: [GC (Allocation Failure) [PSYoungGen: 505120K->6688K(510976K)] 866493K->374208K(1035264K), 0.0232151 secs] [Times: user=0.04 sys=0.03, real=0.02 secs] 
2021-05-28T05:23:55.972+0800: 1194787.651: [GC (Allocation Failure) [PSYoungGen: 504352K->7008K(512000K)] 871872K->380091K(1036288K), 0.0233157 secs] [Times: user=0.04 sys=0.04, real=0.03 secs] 
2021-05-28T05:27:58.099+0800: 1195029.779: [GC (Allocation Failure) [PSYoungGen: 506208K->9952K(511488K)] 879291K->388607K(1035776K), 0.0295326 secs] [Times: user=0.04 sys=0.04, real=0.03 secs] 
2021-05-28T05:31:58.860+0800: 1195270.540: [GC (Allocation Failure) [PSYoungGen: 509152K->12768K(502272K)] 887807K->399892K(1026560K), 0.0355767 secs] [Times: user=0.04 sys=0.05, real=0.04 secs] 
2021-05-28T05:35:57.941+0800: 1195509.620: [GC (Allocation Failure) [PSYoungGen: 502240K->8000K(506880K)] 889364K->405596K(1031168K), 0.0275330 secs] [Times: user=0.05 sys=0.04, real=0.03 secs] 
2021-05-28T05:39:53.255+0800: 1195744.935: [GC (Allocation Failure) [PSYoungGen: 497472K->9984K(507904K)] 895068K->413239K(1032192K), 0.0272184 secs] [Times: user=0.04 sys=0.04, real=0.03 secs] 
2021-05-28T05:43:48.296+0800: 1195979.975: [GC (Allocation Failure) [PSYoungGen: 500992K->11680K(507392K)] 904247K->421803K(1031680K), 0.0253891 secs] [Times: user=0.04 sys=0.04, real=0.02 secs] 
2021-05-28T05:47:48.947+0800: 1196220.627: [GC (Allocation Failure) [PSYoungGen: 502688K->5664K(507904K)] 912811K->425433K(1032192K), 0.0249372 secs] [Times: user=0.04 sys=0.04, real=0.03 secs] 
2021-05-28T05:51:49.027+0800: 1196460.707: [GC (Allocation Failure) [PSYoungGen: 496672K->8064K(507392K)] 916441K->432494K(1031680K), 0.0526424 secs] [Times: user=0.03 sys=0.02, real=0.05 secs] 
2021-05-28T05:55:46.748+0800: 1196698.428: [GC (Allocation Failure) [PSYoungGen: 499072K->8576K(508928K)] 923502K->440161K(1033216K), 0.0267115 secs] [Times: user=0.04 sys=0.04, real=0.03 secs] 
2021-05-28T05:59:48.967+0800: 1196940.646: [GC (Allocation Failure) [PSYoungGen: 501631K->6240K(508416K)] 933216K->444147K(1032704K), 0.0224746 secs] [Times: user=0.03 sys=0.04, real=0.02 secs] 
2021-05-28T06:03:48.970+0800: 1197180.650: [GC (Allocation Failure) [PSYoungGen: 499296K->7456K(509952K)] 937203K->450630K(1034240K), 0.0250476 secs] [Times: user=0.05 sys=0.04, real=0.03 secs] 
2021-05-28T06:07:51.341+0800: 1197423.020: [GC (Allocation Failure) [PSYoungGen: 502560K->9856K(509440K)] 945734K->458779K(1033728K), 0.0279760 secs] [Times: user=0.04 sys=0.04, real=0.03 secs] 
2021-05-28T06:11:52.343+0800: 1197664.023: [GC (Allocation Failure) [PSYoungGen: 504960K->8416K(510464K)] 953883K->465540K(1034752K), 0.0350832 secs] [Times: user=0.08 sys=0.00, real=0.03 secs] 
2021-05-28T06:15:53.846+0800: 1197905.526: [GC (Allocation Failure) [PSYoungGen: 504544K->5664K(509952K)] 961668K->469559K(1034240K), 0.0209938 secs] [Times: user=0.03 sys=0.04, real=0.02 secs] 
2021-05-28T06:19:59.043+0800: 1198150.723: [GC (Allocation Failure) [PSYoungGen: 501792K->6016K(510464K)] 965687K->474681K(1034752K), 0.0276915 secs] [Times: user=0.04 sys=0.04, real=0.02 secs] 
2021-05-28T06:24:06.192+0800: 1198397.871: [GC (Allocation Failure) [PSYoungGen: 502656K->5152K(510464K)] 971321K->478917K(1034752K), 0.0276856 secs] [Times: user=0.08 sys=0.00, real=0.03 secs] 
2021-05-28T06:28:09.268+0800: 1198640.948: [GC (Allocation Failure) [PSYoungGen: 501792K->6272K(510976K)] 975557K->483531K(1035264K), 0.0227663 secs] [Times: user=0.03 sys=0.04, real=0.02 secs] 
2021-05-28T06:32:12.009+0800: 1198883.689: [GC (Allocation Failure) [PSYoungGen: 503424K->4768K(510464K)] 980683K->487110K(1034752K), 0.0192233 secs] [Times: user=0.03 sys=0.03, real=0.02 secs] 
2021-05-28T06:36:18.353+0800: 1199130.032: [GC (Allocation Failure) [PSYoungGen: 501920K->5600K(511488K)] 984262K->491443K(1035776K), 0.0254713 secs] [Times: user=0.06 sys=0.00, real=0.02 secs] 
2021-05-28T06:40:23.171+0800: 1199374.851: [GC (Allocation Failure) [PSYoungGen: 503776K->7456K(510976K)] 989619K->497919K(1035264K), 0.0256522 secs] [Times: user=0.04 sys=0.04, real=0.03 secs] 
2021-05-28T06:44:27.486+0800: 1199619.166: [GC (Allocation Failure) [PSYoungGen: 505632K->8544K(511488K)] 996095K->504979K(1035776K), 0.0195922 secs] [Times: user=0.07 sys=0.00, real=0.02 secs] 
2021-05-28T06:48:32.683+0800: 1199864.363: [GC (Allocation Failure) [PSYoungGen: 507232K->6240K(511488K)] 1003667K->509748K(1035776K), 0.0252908 secs] [Times: user=0.08 sys=0.00, real=0.02 secs] 
2021-05-28T06:52:37.672+0800: 1200109.351: [GC (Allocation Failure) [PSYoungGen: 504928K->7296K(512512K)] 1008436K->516129K(1036800K), 0.0321607 secs] [Times: user=0.04 sys=0.05, real=0.04 secs] 
2021-05-28T06:56:37.809+0800: 1200349.489: [GC (Allocation Failure) [PSYoungGen: 507520K->7432K(512000K)] 1016353K->521381K(1036288K), 0.0372264 secs] [Times: user=0.09 sys=0.00, real=0.04 secs] 
2021-05-28T07:00:43.289+0800: 1200594.969: [GC (Allocation Failure) [PSYoungGen: 507656K->4960K(513024K)] 1021605K->524801K(1037312K), 0.0345500 secs] [Times: user=0.05 sys=0.05, real=0.04 secs] 
2021-05-28T07:00:43.325+0800: 1200595.004: [Full GC (Ergonomics) [PSYoungGen: 4960K->0K(513024K)] [ParOldGen: 519841K->289698K(524288K)] 524801K->289698K(1037312K), [Metaspace: 95939K->95939K(1138688K)], 0.4844123 secs] [Times: user=1.07 sys=0.00, real=0.48 secs] 
2021-05-28T07:04:48.777+0800: 1200840.457: [GC (Allocation Failure) [PSYoungGen: 501760K->7840K(513024K)] 791458K->297538K(1037312K), 0.0279759 secs] [Times: user=0.04 sys=0.03, real=0.03 secs] 
2021-05-28T07:08:54.528+0800: 1201086.207: [GC (Allocation Failure) [PSYoungGen: 509600K->10176K(510976K)] 799298K->306622K(1035264K), 0.0293308 secs] [Times: user=0.04 sys=0.04, real=0.03 secs] 
2021-05-28T07:12:56.909+0800: 1201328.588: [GC (Allocation Failure) [PSYoungGen: 509888K->8224K(512000K)] 806334K->312966K(1036288K), 0.0284168 secs] [Times: user=0.04 sys=0.04, real=0.03 secs] 
2021-05-28T07:17:00.557+0800: 1201572.237: [GC (Allocation Failure) [PSYoungGen: 507936K->5792K(512512K)] 812678K->317287K(1036800K), 0.0218229 secs] [Times: user=0.04 sys=0.03, real=0.02 secs] 
2021-05-28T07:21:04.036+0800: 1201815.716: [GC (Allocation Failure) [PSYoungGen: 506528K->7328K(512512K)] 818023K->323636K(1036800K), 0.0259825 secs] [Times: user=0.04 sys=0.04, real=0.03 secs] 
2021-05-28T07:25:09.728+0800: 1202061.408: [GC (Allocation Failure) [PSYoungGen: 508064K->6464K(513024K)] 824372K->328606K(1037312K), 0.0217229 secs] [Times: user=0.04 sys=0.03, real=0.02 secs] 
2021-05-28T07:29:13.151+0800: 1202304.830: [GC (Allocation Failure) [PSYoungGen: 508224K->6976K(513024K)] 830366K->334002K(1037312K), 0.0427900 secs] [Times: user=0.09 sys=0.00, real=0.05 secs] 
2021-05-28T07:33:23.224+0800: 1202554.903: [GC (Allocation Failure) [PSYoungGen: 508736K->3488K(512512K)] 835762K->336611K(1036800K), 0.0274217 secs] [Times: user=0.04 sys=0.03, real=0.02 secs] 
2021-05-28T07:37:31.024+0800: 1202802.704: [GC (Allocation Failure) [PSYoungGen: 505248K->5856K(513024K)] 838371K->341242K(1037312K), 0.0209998 secs] [Times: user=0.03 sys=0.03, real=0.02 secs] 
2021-05-28T07:41:38.440+0800: 1203050.119: [GC (Allocation Failure) [PSYoungGen: 507616K->6624K(513536K)] 843002K->346918K(1037824K), 0.0497086 secs] [Times: user=0.03 sys=0.03, real=0.05 secs] 
2021-05-28T07:45:46.695+0800: 1203298.375: [GC (Allocation Failure) [PSYoungGen: 509408K->7040K(513536K)] 849702K->352665K(1037824K), 0.0212056 secs] [Times: user=0.03 sys=0.03, real=0.02 secs] 
2021-05-28T07:49:53.706+0800: 1203545.385: [GC (Allocation Failure) [PSYoungGen: 509824K->5792K(514048K)] 855449K->356836K(1038336K), 0.0214784 secs] [Times: user=0.03 sys=0.03, real=0.02 secs] 
2021-05-28T07:54:02.318+0800: 1203793.998: [GC (Allocation Failure) [PSYoungGen: 509600K->6176K(514048K)] 860644K->361888K(1038336K), 0.0252900 secs] [Times: user=0.09 sys=0.00, real=0.03 secs] 
2021-05-28T07:58:11.334+0800: 1204043.014: [GC (Allocation Failure) [PSYoungGen: 509984K->7168K(514560K)] 865696K->367732K(1038848K), 0.0256851 secs] [Times: user=0.04 sys=0.04, real=0.02 secs] 
2021-05-28T08:02:18.771+0800: 1204290.450: [GC (Allocation Failure) [PSYoungGen: 511999K->7136K(514560K)] 872564K->373735K(1038848K), 0.0349479 secs] [Times: user=0.04 sys=0.03, real=0.04 secs] 
2021-05-28T08:06:26.670+0800: 1204538.349: [GC (Allocation Failure) [PSYoungGen: 511968K->3840K(514560K)] 878567K->376322K(1038848K), 0.0224341 secs] [Times: user=0.03 sys=0.04, real=0.03 secs] 
2021-05-28T08:10:35.427+0800: 1204787.107: [GC (Allocation Failure) [PSYoungGen: 508672K->5920K(514560K)] 881154K->381024K(1038848K), 0.0203424 secs] [Times: user=0.03 sys=0.03, real=0.02 secs] 
2021-05-28T08:14:41.050+0800: 1205032.730: [GC (Allocation Failure) [PSYoungGen: 510752K->8416K(513536K)] 885856K->387702K(1037824K), 0.0458324 secs] [Times: user=0.03 sys=0.03, real=0.04 secs] 
2021-05-28T08:18:49.235+0800: 1205280.915: [GC (Allocation Failure) [PSYoungGen: 512224K->5568K(514048K)] 891510K->391982K(1038336K), 0.0225749 secs] [Times: user=0.06 sys=0.00, real=0.02 secs] 
2021-05-28T08:22:59.007+0800: 1205530.687: [GC (Allocation Failure) [PSYoungGen: 509376K->4992K(514560K)] 895790K->396010K(1038848K), 0.0231883 secs] [Times: user=0.04 sys=0.04, real=0.02 secs] 
2021-05-28T08:27:08.259+0800: 1205779.939: [GC (Allocation Failure) [PSYoungGen: 509824K->4864K(514560K)] 900842K->399631K(1038848K), 0.0201639 secs] [Times: user=0.04 sys=0.03, real=0.02 secs] 
2021-05-28T08:31:14.425+0800: 1206026.104: [GC (Allocation Failure) [PSYoungGen: 509696K->9536K(512512K)] 904463K->407956K(1036800K), 0.0796835 secs] [Times: user=0.03 sys=0.03, real=0.08 secs] 
2021-05-28T08:35:21.298+0800: 1206272.977: [GC (Allocation Failure) [PSYoungGen: 512320K->6304K(513536K)] 910740K->412228K(1037824K), 0.0254652 secs] [Times: user=0.04 sys=0.03, real=0.03 secs] 
2021-05-28T08:39:24.903+0800: 1206516.583: [GC (Allocation Failure) [PSYoungGen: 509088K->5952K(514048K)] 915012K->417039K(1038336K), 0.0199496 secs] [Times: user=0.04 sys=0.03, real=0.02 secs] 
2021-05-28T08:43:30.332+0800: 1206762.011: [GC (Allocation Failure) [PSYoungGen: 509760K->9536K(513536K)] 920847K->425101K(1037824K), 0.0192176 secs] [Times: user=0.03 sys=0.03, real=0.02 secs] 
2021-05-28T08:47:38.182+0800: 1207009.862: [GC (Allocation Failure) [PSYoungGen: 513344K->8640K(512512K)] 928909K->432390K(1036800K), 0.0239746 secs] [Times: user=0.08 sys=0.00, real=0.03 secs] 
2021-05-28T08:51:43.684+0800: 1207255.363: [GC (Allocation Failure) [PSYoungGen: 510400K->6592K(513024K)] 934150K->437176K(1037312K), 0.0219635 secs] [Times: user=0.03 sys=0.03, real=0.02 secs] 
2021-05-28T08:55:49.371+0800: 1207501.051: [GC (Allocation Failure) [PSYoungGen: 508352K->5184K(513536K)] 938936K->441338K(1037824K), 0.0208069 secs] [Times: user=0.03 sys=0.03, real=0.02 secs] 
2021-05-28T08:59:53.561+0800: 1207745.241: [GC (Allocation Failure) [PSYoungGen: 507968K->6720K(513536K)] 944122K->447094K(1037824K), 0.0210796 secs] [Times: user=0.03 sys=0.03, real=0.03 secs] 
2021-05-28T09:04:00.289+0800: 1207991.969: [GC (Allocation Failure) [PSYoungGen: 509504K->5696K(514048K)] 949878K->450882K(1038336K), 0.0250638 secs] [Times: user=0.04 sys=0.04, real=0.03 secs] 
2021-05-28T09:08:07.172+0800: 1208238.851: [GC (Allocation Failure) [PSYoungGen: 509504K->7328K(514048K)] 954690K->457142K(1038336K), 0.0384789 secs] [Times: user=0.03 sys=0.03, real=0.04 secs] 
2021-05-28T09:12:12.823+0800: 1208484.502: [GC (Allocation Failure) [PSYoungGen: 511136K->5856K(514560K)] 960950K->461528K(1038848K), 0.0215155 secs] [Times: user=0.03 sys=0.04, real=0.02 secs] 
2021-05-28T09:16:15.191+0800: 1208726.870: [GC (Allocation Failure) [PSYoungGen: 510176K->7872K(514048K)] 965848K->467984K(1038336K), 0.0463946 secs] [Times: user=0.03 sys=0.03, real=0.05 secs] 
2021-05-28T09:20:19.746+0800: 1208971.425: [GC (Allocation Failure) [PSYoungGen: 512192K->9856K(513024K)] 972304K->476531K(1037312K), 0.0239150 secs] [Times: user=0.03 sys=0.04, real=0.02 secs] 
2021-05-28T09:24:22.279+0800: 1209213.959: [GC (Allocation Failure) [PSYoungGen: 512640K->8928K(512000K)] 979315K->483269K(1036288K), 0.0317719 secs] [Times: user=0.03 sys=0.04, real=0.03 secs] 
2021-05-28T09:28:25.485+0800: 1209457.165: [GC (Allocation Failure) [PSYoungGen: 511712K->9120K(512000K)] 986053K->490519K(1036288K), 0.0312066 secs] [Times: user=0.04 sys=0.04, real=0.03 secs] 
2021-05-28T09:32:27.144+0800: 1209698.824: [GC (Allocation Failure) [PSYoungGen: 509856K->8736K(512512K)] 991255K->497057K(1036800K), 0.0259433 secs] [Times: user=0.04 sys=0.04, real=0.02 secs] 
2021-05-28T09:36:30.591+0800: 1209942.271: [GC (Allocation Failure) [PSYoungGen: 509472K->8832K(512512K)] 997793K->503932K(1036800K), 0.0233459 secs] [Times: user=0.03 sys=0.04, real=0.03 secs] 
2021-05-28T09:40:31.197+0800: 1210182.877: [GC (Allocation Failure) [PSYoungGen: 509568K->8768K(512512K)] 1004668K->510736K(1036800K), 0.0209587 secs] [Times: user=0.03 sys=0.03, real=0.02 secs] 
2021-05-28T09:44:33.845+0800: 1210425.524: [GC (Allocation Failure) [PSYoungGen: 509504K->11744K(505344K)] 1011472K->520516K(1029632K), 0.0259749 secs] [Times: user=0.05 sys=0.04, real=0.02 secs] 
2021-05-28T09:48:24.148+0800: 1210655.827: [GC (Allocation Failure) [PSYoungGen: 505312K->12895K(506880K)] 1014084K->530542K(1031168K), 0.0337433 secs] [Times: user=0.04 sys=0.05, real=0.03 secs] 
2021-05-28T09:48:24.182+0800: 1210655.861: [Full GC (Ergonomics) [PSYoungGen: 12895K->0K(506880K)] [ParOldGen: 517647K->300307K(524288K)] 530542K->300307K(1031168K), [Metaspace: 95941K->95941K(1138688K)], 0.5257197 secs] [Times: user=1.10 sys=0.00, real=0.53 secs] 
2021-05-28T09:52:14.435+0800: 1210886.114: [GC (Allocation Failure) [PSYoungGen: 493568K->11093K(507904K)] 793875K->311400K(1032192K), 0.0195873 secs] [Times: user=0.03 sys=0.03, real=0.02 secs] 
2021-05-28T09:53:14.390+0800: 1210946.070: [GC (Allocation Failure) [PSYoungGen: 502424K->9601K(507904K)] 802731K->319450K(1032192K), 0.0235933 secs] [Times: user=0.03 sys=0.03, real=0.03 secs] 
2021-05-28T09:54:12.635+0800: 1211004.315: [GC (Allocation Failure) [PSYoungGen: 500172K->4518K(508416K)] 810022K->320353K(1032704K), 0.0140616 secs] [Times: user=0.03 sys=0.02, real=0.01 secs] 
2021-05-28T09:57:47.479+0800: 1211219.158: [GC (Allocation Failure) [PSYoungGen: 497062K->11552K(504320K)] 812897K->330015K(1028608K), 0.0258399 secs] [Times: user=0.04 sys=0.04, real=0.03 secs] 
2021-05-28T10:01:44.088+0800: 1211455.767: [GC (Allocation Failure) [PSYoungGen: 504096K->11264K(507904K)] 822559K->339218K(1032192K), 0.0459644 secs] [Times: user=0.06 sys=0.06, real=0.05 secs] 
2021-05-28T10:05:36.180+0800: 1211687.860: [GC (Allocation Failure) [PSYoungGen: 502784K->12704K(504320K)] 830738K->348972K(1028608K), 0.0271197 secs] [Times: user=0.04 sys=0.04, real=0.03 secs] 
2021-05-28T10:09:35.701+0800: 1211927.381: [GC (Allocation Failure) [PSYoungGen: 504224K->12640K(506368K)] 840492K->358439K(1030656K), 0.0327820 secs] [Times: user=0.05 sys=0.05, real=0.04 secs] 
2021-05-28T10:13:46.179+0800: 1212177.858: [GC (Allocation Failure) [PSYoungGen: 502112K->9984K(506880K)] 847911K->365140K(1031168K), 0.0272064 secs] [Times: user=0.08 sys=0.00, real=0.03 secs] 
2021-05-28T10:18:11.445+0800: 1212443.125: [GC (Allocation Failure) [PSYoungGen: 499456K->9952K(508416K)] 854612K->372400K(1032704K), 0.0340261 secs] [Times: user=0.04 sys=0.05, real=0.03 secs] 
2021-05-28T10:22:26.898+0800: 1212698.578: [GC (Allocation Failure) [PSYoungGen: 501984K->12224K(507904K)] 864432K->383267K(1032192K), 0.0349764 secs] [Times: user=0.04 sys=0.05, real=0.04 secs] 
2021-05-28T10:26:41.589+0800: 1212953.268: [GC (Allocation Failure) [PSYoungGen: 504256K->12640K(507904K)] 875299K->392813K(1032192K), 0.0308471 secs] [Times: user=0.05 sys=0.04, real=0.03 secs] 
2021-05-28T10:30:57.539+0800: 1213209.219: [GC (Allocation Failure) [PSYoungGen: 504160K->12768K(504320K)] 884333K->402161K(1028608K), 0.0325175 secs] [Times: user=0.05 sys=0.05, real=0.03 secs] 
2021-05-28T10:35:15.233+0800: 1213466.913: [GC (Allocation Failure) [PSYoungGen: 504288K->9728K(507904K)] 893681K->407723K(1032192K), 0.0227861 secs] [Times: user=0.03 sys=0.03, real=0.02 secs] 
2021-05-28T10:39:35.581+0800: 1213727.261: [GC (Allocation Failure) [PSYoungGen: 500736K->6496K(507392K)] 898731K->413281K(1031680K), 0.0234250 secs] [Times: user=0.04 sys=0.04, real=0.03 secs] 
2021-05-28T10:43:54.111+0800: 1213985.791: [GC (Allocation Failure) [PSYoungGen: 497504K->9344K(508416K)] 904289K->421454K(1032704K), 0.0283661 secs] [Times: user=0.03 sys=0.03, real=0.03 secs] 
2021-05-28T10:48:08.904+0800: 1214240.584: [GC (Allocation Failure) [PSYoungGen: 501376K->10880K(507904K)] 913486K->430280K(1032192K), 0.0270089 secs] [Times: user=0.04 sys=0.04, real=0.02 secs] 
2021-05-28T10:52:26.674+0800: 1214498.353: [GC (Allocation Failure) [PSYoungGen: 502912K->10208K(508928K)] 922312K->438562K(1033216K), 0.0307195 secs] [Times: user=0.04 sys=0.05, real=0.03 secs] 
2021-05-28T10:56:42.151+0800: 1214753.831: [GC (Allocation Failure) [PSYoungGen: 503264K->11392K(508416K)] 931618K->448092K(1032704K), 0.0242720 secs] [Times: user=0.04 sys=0.04, real=0.03 secs] 
2021-05-28T11:00:57.564+0800: 1215009.244: [GC (Allocation Failure) [PSYoungGen: 504448K->11232K(509440K)] 941148K->456382K(1033728K), 0.0316833 secs] [Times: user=0.04 sys=0.04, real=0.03 secs] 
2021-05-28T11:05:20.054+0800: 1215271.734: [GC (Allocation Failure) [PSYoungGen: 505312K->5984K(508928K)] 950462K->459574K(1033216K), 0.0246965 secs] [Times: user=0.03 sys=0.04, real=0.02 secs] 
2021-05-28T11:09:37.252+0800: 1215528.931: [GC (Allocation Failure) [PSYoungGen: 500064K->8288K(508928K)] 953654K->466211K(1033216K), 0.0417425 secs] [Times: user=0.04 sys=0.04, real=0.05 secs] 
2021-05-28T11:13:53.914+0800: 1215785.594: [GC (Allocation Failure) [PSYoungGen: 501856K->10368K(508928K)] 959779K->474655K(1033216K), 0.0296441 secs] [Times: user=0.04 sys=0.05, real=0.03 secs] 
2021-05-28T11:18:12.619+0800: 1216044.298: [GC (Allocation Failure) [PSYoungGen: 503936K->11200K(509440K)] 968223K->482810K(1033728K), 0.0276527 secs] [Times: user=0.03 sys=0.04, real=0.03 secs] 
2021-05-28T11:22:31.665+0800: 1216303.344: [GC (Allocation Failure) [PSYoungGen: 505792K->11776K(509440K)] 977402K->491477K(1033728K), 0.0286909 secs] [Times: user=0.04 sys=0.04, real=0.03 secs] 
2021-05-28T11:25:28.551+0800: 1216480.231: [GC (Allocation Failure) [PSYoungGen: 505575K->9969K(509440K)] 985277K->498564K(1033728K), 0.0266616 secs] [Times: user=0.04 sys=0.04, real=0.03 secs] 
2021-05-28T11:26:34.553+0800: 1216546.233: [GC (Allocation Failure) [PSYoungGen: 503963K->2464K(497152K)] 992558K->498575K(1021440K), 0.0208686 secs] [Times: user=0.03 sys=0.04, real=0.02 secs] 
2021-05-28T11:27:38.045+0800: 1216609.724: [GC (Allocation Failure) [PSYoungGen: 497056K->2952K(507904K)] 993167K->500645K(1032192K), 0.0150328 secs] [Times: user=0.02 sys=0.02, real=0.01 secs] 
2021-05-28T11:28:39.789+0800: 1216671.469: [GC (Allocation Failure) [PSYoungGen: 494718K->3720K(496640K)] 992412K->502460K(1020928K), 0.0161260 secs] [Times: user=0.02 sys=0.03, real=0.02 secs] 
2021-05-28T11:29:45.203+0800: 1216736.883: [GC (Allocation Failure) [PSYoungGen: 496264K->2208K(507904K)] 995004K->502770K(1032192K), 0.0191426 secs] [Times: user=0.03 sys=0.02, real=0.02 secs] 
2021-05-28T11:30:50.470+0800: 1216802.150: [GC (Allocation Failure) [PSYoungGen: 492984K->2664K(507904K)] 993546K->504561K(1032192K), 0.0172182 secs] [Times: user=0.02 sys=0.02, real=0.02 secs] 
2021-05-28T11:31:53.446+0800: 1216865.126: [GC (Allocation Failure) [PSYoungGen: 494029K->3944K(508416K)] 995927K->506689K(1032704K), 0.0152099 secs] [Times: user=0.03 sys=0.00, real=0.01 secs] 
2021-05-28T11:32:54.616+0800: 1216926.296: [GC (Allocation Failure) [PSYoungGen: 495438K->3240K(507904K)] 998183K->508230K(1032192K), 0.0160307 secs] [Times: user=0.03 sys=0.02, real=0.02 secs] 
2021-05-28T11:33:59.691+0800: 1216991.371: [GC (Allocation Failure) [PSYoungGen: 494951K->2984K(508928K)] 999942K->509357K(1033216K), 0.0158075 secs] [Times: user=0.02 sys=0.02, real=0.02 secs] 
2021-05-28T11:35:05.498+0800: 1217057.178: [GC (Allocation Failure) [PSYoungGen: 496040K->2432K(508416K)] 1002413K->509860K(1032704K), 0.0155499 secs] [Times: user=0.03 sys=0.02, real=0.02 secs] 
2021-05-28T11:36:08.762+0800: 1217120.442: [GC (Allocation Failure) [PSYoungGen: 494965K->3336K(509440K)] 1002393K->512379K(1033728K), 0.0151057 secs] [Times: user=0.03 sys=0.02, real=0.02 secs] 
2021-05-28T11:37:11.349+0800: 1217183.029: [GC (Allocation Failure) [PSYoungGen: 496925K->3296K(508928K)] 1005968K->513905K(1033216K), 0.0145858 secs] [Times: user=0.03 sys=0.02, real=0.02 secs] 
2021-05-28T11:38:16.067+0800: 1217247.746: [GC (Allocation Failure) [PSYoungGen: 497376K->3072K(510464K)] 1007985K->516182K(1034752K), 0.0161288 secs] [Times: user=0.02 sys=0.02, real=0.02 secs] 
2021-05-28T11:39:21.987+0800: 1217313.667: [GC (Allocation Failure) [PSYoungGen: 499109K->3144K(509952K)] 1012220K->518492K(1034240K), 0.0185904 secs] [Times: user=0.02 sys=0.02, real=0.02 secs] 
2021-05-28T11:39:22.006+0800: 1217313.686: [Full GC (Ergonomics) [PSYoungGen: 3144K->0K(509952K)] [ParOldGen: 515348K->293162K(524288K)] 518492K->293162K(1034240K), [Metaspace: 96207K->96192K(1138688K)], 0.5338114 secs] [Times: user=1.15 sys=0.00, real=0.53 secs] 
2021-05-28T11:40:24.251+0800: 1217375.931: [GC (Allocation Failure) [PSYoungGen: 495846K->3624K(511488K)] 789009K->296786K(1035776K), 0.0165471 secs] [Times: user=0.02 sys=0.02, real=0.02 secs] 
2021-05-28T11:41:29.639+0800: 1217441.319: [GC (Allocation Failure) [PSYoungGen: 501581K->3296K(510976K)] 794743K->299240K(1035264K), 0.0167371 secs] [Times: user=0.03 sys=0.02, real=0.02 secs] 
2021-05-28T11:42:35.746+0800: 1217507.426: [GC (Allocation Failure) [PSYoungGen: 500610K->2912K(512512K)] 796555K->301389K(1036800K), 0.0133951 secs] [Times: user=0.02 sys=0.02, real=0.01 secs] 
2021-05-28T11:43:39.251+0800: 1217570.930: [GC (Allocation Failure) [PSYoungGen: 502634K->4104K(512000K)] 801112K->304667K(1036288K), 0.0187625 secs] [Times: user=0.04 sys=0.00, real=0.02 secs] 
2021-05-28T11:44:43.111+0800: 1217634.791: [GC (Allocation Failure) [PSYoungGen: 504328K->3392K(513536K)] 804891K->306233K(1037824K), 0.0169628 secs] [Times: user=0.02 sys=0.03, real=0.02 secs] 
2021-05-28T11:45:49.948+0800: 1217701.628: [GC (Allocation Failure) [PSYoungGen: 505666K->4456K(513536K)] 808507K->309902K(1037824K), 0.0173153 secs] [Times: user=0.03 sys=0.03, real=0.02 secs] 
2021-05-28T11:46:54.490+0800: 1217766.170: [GC (Allocation Failure) [PSYoungGen: 506457K->3656K(514560K)] 811904K->311819K(1038848K), 0.0494126 secs] [Times: user=0.03 sys=0.03, real=0.05 secs] 
2021-05-28T11:47:58.419+0800: 1217830.099: [GC (Allocation Failure) [PSYoungGen: 507976K->4064K(514048K)] 816139K->314057K(1038336K), 0.0207726 secs] [Times: user=0.02 sys=0.03, real=0.02 secs] 
2021-05-28T11:49:05.819+0800: 1217897.499: [GC (Allocation Failure) [PSYoungGen: 507462K->3424K(515584K)] 817456K->316591K(1039872K), 0.0203954 secs] [Times: user=0.02 sys=0.03, real=0.02 secs] 
2021-05-28T11:50:09.765+0800: 1217961.444: [GC (Allocation Failure) [PSYoungGen: 509737K->5416K(515072K)] 822905K->321148K(1039360K), 0.0180583 secs] [Times: user=0.02 sys=0.03, real=0.02 secs] 
2021-05-28T11:51:14.973+0800: 1218026.652: [GC (Allocation Failure) [PSYoungGen: 511569K->4680K(515584K)] 827302K->324160K(1039872K), 0.0170428 secs] [Times: user=0.03 sys=0.02, real=0.01 secs] 
2021-05-28T11:52:22.627+0800: 1218094.307: [GC (Allocation Failure) [PSYoungGen: 510819K->4488K(515584K)] 830300K->326741K(1039872K), 0.0188857 secs] [Times: user=0.02 sys=0.03, real=0.02 secs] 
2021-05-28T11:53:24.939+0800: 1218156.618: [GC (Allocation Failure) [PSYoungGen: 510651K->5736K(516096K)] 832904K->330810K(1040384K), 0.0146081 secs] [Times: user=0.02 sys=0.02, real=0.02 secs] 
2021-05-28T11:55:10.568+0800: 1218262.248: [GC (Allocation Failure) [PSYoungGen: 513640K->6784K(515072K)] 838714K->335974K(1039360K), 0.0184377 secs] [Times: user=0.03 sys=0.03, real=0.02 secs] 
2021-05-28T11:59:35.349+0800: 1218527.029: [GC (Allocation Failure) [PSYoungGen: 514688K->8672K(508416K)] 843878K->344009K(1032704K), 0.0271943 secs] [Times: user=0.08 sys=0.00, real=0.03 secs] 
2021-05-28T12:03:56.694+0800: 1218788.373: [GC (Allocation Failure) [PSYoungGen: 508384K->6624K(512000K)] 843721K->349482K(1036288K), 0.0216262 secs] [Times: user=0.04 sys=0.03, real=0.02 secs] 
2021-05-28T12:08:16.757+0800: 1219048.436: [GC (Allocation Failure) [PSYoungGen: 506336K->11744K(509440K)] 849194K->359734K(1033728K), 0.0247679 secs] [Times: user=0.04 sys=0.04, real=0.02 secs] 
2021-05-28T12:12:36.256+0800: 1219307.935: [GC (Allocation Failure) [PSYoungGen: 509408K->10944K(508928K)] 857398K->368040K(1033216K), 0.0457577 secs] [Times: user=0.04 sys=0.04, real=0.04 secs] 
2021-05-28T12:16:53.884+0800: 1219565.564: [GC (Allocation Failure) [PSYoungGen: 508608K->11904K(506880K)] 865704K->376858K(1031168K), 0.0784033 secs] [Times: user=0.07 sys=0.00, real=0.08 secs] 
2021-05-28T12:21:08.505+0800: 1219820.184: [GC (Allocation Failure) [PSYoungGen: 504448K->7808K(508416K)] 869402K->381818K(1032704K), 0.0249127 secs] [Times: user=0.04 sys=0.04, real=0.02 secs] 
2021-05-28T12:25:25.839+0800: 1220077.519: [GC (Allocation Failure) [PSYoungGen: 500352K->7488K(509952K)] 874362K->388228K(1034240K), 0.0273601 secs] [Times: user=0.04 sys=0.04, real=0.03 secs] 
2021-05-28T12:29:46.055+0800: 1220337.735: [GC (Allocation Failure) [PSYoungGen: 502592K->8672K(509440K)] 883332K->395680K(1033728K), 0.0295915 secs] [Times: user=0.04 sys=0.04, real=0.03 secs] 
2021-05-28T12:34:04.751+0800: 1220596.430: [GC (Allocation Failure) [PSYoungGen: 503776K->7136K(510976K)] 890784K->401434K(1035264K), 0.0223710 secs] [Times: user=0.03 sys=0.03, real=0.03 secs] 
2021-05-28T12:38:24.934+0800: 1220856.614: [GC (Allocation Failure) [PSYoungGen: 503776K->7488K(509952K)] 898074K->407861K(1034240K), 0.0248431 secs] [Times: user=0.04 sys=0.04, real=0.02 secs] 
2021-05-28T12:42:38.834+0800: 1221110.514: [GC (Allocation Failure) [PSYoungGen: 504128K->12768K(504320K)] 904501K->418834K(1028608K), 0.0255924 secs] [Times: user=0.03 sys=0.04, real=0.02 secs] 
2021-05-28T12:46:53.791+0800: 1221365.470: [GC (Allocation Failure) [PSYoungGen: 504288K->10592K(507904K)] 910354K->426699K(1032192K), 0.0235394 secs] [Times: user=0.04 sys=0.04, real=0.03 secs] 
2021-05-28T12:51:09.872+0800: 1221621.551: [GC (Allocation Failure) [PSYoungGen: 502112K->13088K(505856K)] 918219K->437668K(1030144K), 0.0342905 secs] [Times: user=0.05 sys=0.05, real=0.04 secs] 
2021-05-28T12:55:24.512+0800: 1221876.191: [GC (Allocation Failure) [PSYoungGen: 502560K->9920K(506880K)] 927140K->444093K(1031168K), 0.0260735 secs] [Times: user=0.08 sys=0.00, real=0.03 secs] 
2021-05-28T12:59:34.453+0800: 1222126.133: [GC (Allocation Failure) [PSYoungGen: 499392K->11272K(507392K)] 933565K->453616K(1031680K), 0.0502558 secs] [Times: user=0.04 sys=0.04, real=0.05 secs] 
2021-05-28T13:03:48.861+0800: 1222380.540: [GC (Allocation Failure) [PSYoungGen: 501768K->12384K(503296K)] 944112K->463037K(1027584K), 0.0290957 secs] [Times: user=0.04 sys=0.04, real=0.03 secs] 
2021-05-28T13:08:04.301+0800: 1222635.981: [GC (Allocation Failure) [PSYoungGen: 502880K->11520K(507392K)] 953533K->471620K(1031680K), 0.0294187 secs] [Times: user=0.05 sys=0.04, real=0.03 secs] 
2021-05-28T13:12:19.634+0800: 1222891.313: [GC (Allocation Failure) [PSYoungGen: 501504K->6272K(506880K)] 961604K->475285K(1031168K), 0.0742437 secs] [Times: user=0.04 sys=0.04, real=0.07 secs] 
2021-05-28T13:16:36.952+0800: 1223148.632: [GC (Allocation Failure) [PSYoungGen: 496256K->8256K(507904K)] 965269K->481850K(1032192K), 0.0231875 secs] [Times: user=0.03 sys=0.04, real=0.03 secs] 
2021-05-28T13:20:53.519+0800: 1223405.198: [GC (Allocation Failure) [PSYoungGen: 499264K->6272K(507392K)] 972858K->486091K(1031680K), 0.0250870 secs] [Times: user=0.04 sys=0.04, real=0.03 secs] 
2021-05-28T13:25:11.390+0800: 1223663.070: [GC (Allocation Failure) [PSYoungGen: 497280K->6400K(507904K)] 977099K->491127K(1032192K), 0.0276009 secs] [Times: user=0.03 sys=0.04, real=0.03 secs] 
2021-05-28T13:29:29.660+0800: 1223921.340: [GC (Allocation Failure) [PSYoungGen: 497920K->6752K(507904K)] 982647K->496594K(1032192K), 0.0352807 secs] [Times: user=0.04 sys=0.04, real=0.04 secs] 
2021-05-28T13:33:47.220+0800: 1224178.900: [GC (Allocation Failure) [PSYoungGen: 498272K->9888K(508928K)] 988114K->505055K(1033216K), 0.0288706 secs] [Times: user=0.05 sys=0.04, real=0.03 secs] 
2021-05-28T13:38:03.701+0800: 1224435.380: [GC (Allocation Failure) [PSYoungGen: 502944K->10080K(508416K)] 998111K->513674K(1032704K), 0.0288970 secs] [Times: user=0.04 sys=0.05, real=0.03 secs] 
2021-05-28T13:42:23.016+0800: 1224694.695: [GC (Allocation Failure) [PSYoungGen: 503136K->8736K(509440K)] 1006730K->520436K(1033728K), 0.0279862 secs] [Times: user=0.04 sys=0.04, real=0.03 secs] 
2021-05-28T13:46:38.521+0800: 1224950.201: [GC (Allocation Failure) [PSYoungGen: 502816K->8128K(508928K)] 1014516K->526878K(1033216K), 0.0265704 secs] [Times: user=0.04 sys=0.04, real=0.03 secs] 
2021-05-28T13:46:38.549+0800: 1224950.228: [Full GC (Ergonomics) [PSYoungGen: 8128K->0K(508928K)] [ParOldGen: 518750K->307247K(524288K)] 526878K->307247K(1033216K), [Metaspace: 96197K->96197K(1138688K)], 0.8294093 secs] [Times: user=2.14 sys=0.00, real=0.83 secs] 
2021-05-28T13:50:55.050+0800: 1225206.730: [GC (Allocation Failure) [PSYoungGen: 494080K->8096K(510464K)] 801327K->315343K(1034752K), 0.0262120 secs] [Times: user=0.04 sys=0.03, real=0.03 secs] 
2021-05-28T13:55:15.268+0800: 1225466.948: [GC (Allocation Failure) [PSYoungGen: 504224K->12160K(508416K)] 811471K->325363K(1032704K), 0.0300089 secs] [Times: user=0.03 sys=0.04, real=0.03 secs] 
2021-05-28T13:59:36.764+0800: 1225728.444: [GC (Allocation Failure) [PSYoungGen: 508288K->7776K(509952K)] 821491K->331337K(1034240K), 0.0395134 secs] [Times: user=0.04 sys=0.03, real=0.04 secs] 
2021-05-28T14:03:53.321+0800: 1225985.001: [GC (Allocation Failure) [PSYoungGen: 502880K->8384K(509440K)] 826441K->338340K(1033728K), 0.0261334 secs] [Times: user=0.04 sys=0.04, real=0.03 secs] 
2021-05-28T14:08:11.266+0800: 1226242.946: [GC (Allocation Failure) [PSYoungGen: 503488K->9408K(510464K)] 833444K->345289K(1034752K), 0.0288307 secs] [Times: user=0.04 sys=0.04, real=0.03 secs] 
2021-05-28T14:12:29.993+0800: 1226501.672: [GC (Allocation Failure) [PSYoungGen: 506048K->9664K(510464K)] 841929K->353220K(1034752K), 0.0234522 secs] [Times: user=0.04 sys=0.03, real=0.02 secs] 
2021-05-28T14:16:48.075+0800: 1226759.755: [GC (Allocation Failure) [PSYoungGen: 506304K->9984K(510976K)] 849860K->361175K(1035264K), 0.0231452 secs] [Times: user=0.04 sys=0.03, real=0.02 secs] 
2021-05-28T14:21:09.296+0800: 1227020.975: [GC (Allocation Failure) [PSYoungGen: 507648K->7552K(510976K)] 858839K->366159K(1035264K), 0.0201993 secs] [Times: user=0.03 sys=0.03, real=0.02 secs] 
2021-05-28T14:25:30.620+0800: 1227282.299: [GC (Allocation Failure) [PSYoungGen: 505216K->8096K(511488K)] 863823K->372684K(1035776K), 0.0453075 secs] [Times: user=0.03 sys=0.03, real=0.05 secs] 
2021-05-28T14:29:50.570+0800: 1227542.250: [GC (Allocation Failure) [PSYoungGen: 506272K->10496K(510976K)] 870860K->381655K(1035264K), 0.0284328 secs] [Times: user=0.04 sys=0.04, real=0.03 secs] 
2021-05-28T14:34:08.500+0800: 1227800.180: [GC (Allocation Failure) [PSYoungGen: 508672K->8896K(511488K)] 879831K->387066K(1035776K), 0.0248931 secs] [Times: user=0.08 sys=0.00, real=0.03 secs] 
2021-05-28T14:38:27.875+0800: 1228059.555: [GC (Allocation Failure) [PSYoungGen: 507072K->6432K(510976K)] 885242K->391397K(1035264K), 0.0202331 secs] [Times: user=0.03 sys=0.03, real=0.02 secs] 
2021-05-28T14:42:49.185+0800: 1228320.865: [GC (Allocation Failure) [PSYoungGen: 504608K->9056K(511488K)] 889573K->398849K(1035776K), 0.0232008 secs] [Times: user=0.03 sys=0.04, real=0.02 secs] 
2021-05-28T14:47:10.986+0800: 1228582.665: [GC (Allocation Failure) [PSYoungGen: 507744K->9440K(511488K)] 897537K->406260K(1035776K), 0.0771763 secs] [Times: user=0.04 sys=0.04, real=0.08 secs] 
2021-05-28T14:51:31.413+0800: 1228843.093: [GC (Allocation Failure) [PSYoungGen: 508128K->6944K(512000K)] 904948K->411550K(1036288K), 0.0277498 secs] [Times: user=0.04 sys=0.04, real=0.02 secs] 
2021-05-28T14:55:52.901+0800: 1229104.580: [GC (Allocation Failure) [PSYoungGen: 506144K->6048K(511488K)] 910750K->416249K(1035776K), 0.0236835 secs] [Times: user=0.04 sys=0.04, real=0.03 secs] 
2021-05-28T15:00:14.630+0800: 1229366.310: [GC (Allocation Failure) [PSYoungGen: 505248K->5888K(511488K)] 915449K->420287K(1035776K), 0.0196709 secs] [Times: user=0.03 sys=0.04, real=0.02 secs] 
2021-05-28T15:04:33.727+0800: 1229625.406: [GC (Allocation Failure) [PSYoungGen: 504576K->9664K(511488K)] 918975K->428907K(1035776K), 0.0242423 secs] [Times: user=0.04 sys=0.04, real=0.02 secs] 
2021-05-28T15:08:50.692+0800: 1229882.372: [GC (Allocation Failure) [PSYoungGen: 508352K->11360K(510464K)] 927595K->438207K(1034752K), 0.0289927 secs] [Times: user=0.04 sys=0.04, real=0.02 secs] 
2021-05-28T15:13:02.029+0800: 1230133.709: [GC (Allocation Failure) [PSYoungGen: 509024K->6696K(510976K)] 935871K->442344K(1035264K), 0.0228299 secs] [Times: user=0.03 sys=0.03, real=0.02 secs] 
2021-05-28T15:17:21.967+0800: 1230393.647: [GC (Allocation Failure) [PSYoungGen: 504360K->9440K(510976K)] 940008K->450236K(1035264K), 0.0262946 secs] [Times: user=0.03 sys=0.03, real=0.03 secs] 
2021-05-28T15:21:41.500+0800: 1230653.179: [GC (Allocation Failure) [PSYoungGen: 507104K->10592K(508416K)] 947900K->459520K(1032704K), 0.0518581 secs] [Times: user=0.04 sys=0.04, real=0.05 secs] 
2021-05-28T15:25:57.808+0800: 1230909.488: [GC (Allocation Failure) [PSYoungGen: 508256K->12256K(509440K)] 957184K->469739K(1033728K), 0.0297153 secs] [Times: user=0.04 sys=0.05, real=0.03 secs] 
2021-05-28T15:27:11.221+0800: 1230982.901: [GC (Allocation Failure) [PSYoungGen: 507543K->10263K(509952K)] 965026K->478343K(1034240K), 0.0202950 secs] [Times: user=0.03 sys=0.03, real=0.02 secs] 
2021-05-28T15:28:01.083+0800: 1231032.763: [GC (Allocation Failure) [PSYoungGen: 505447K->3293K(508928K)] 973527K->477427K(1033216K), 0.0311770 secs] [Times: user=0.05 sys=0.05, real=0.03 secs] 
2021-05-28T15:28:48.555+0800: 1231080.234: [GC (Allocation Failure) [PSYoungGen: 497438K->4797K(509440K)] 971572K->479962K(1033728K), 0.0150668 secs] [Times: user=0.02 sys=0.03, real=0.01 secs] 
2021-05-28T15:29:40.249+0800: 1231131.929: [GC (Allocation Failure) [PSYoungGen: 498626K->1568K(508416K)] 973791K->479513K(1032704K), 0.0136086 secs] [Times: user=0.02 sys=0.02, real=0.02 secs] 
2021-05-28T15:30:30.315+0800: 1231181.995: [GC (Allocation Failure) [PSYoungGen: 494356K->1856K(495616K)] 972301K->480560K(1019904K), 0.0140849 secs] [Times: user=0.02 sys=0.02, real=0.01 secs] 
2021-05-28T15:31:18.656+0800: 1231230.335: [GC (Allocation Failure) [PSYoungGen: 494775K->3453K(508928K)] 973480K->483149K(1033216K), 0.0137111 secs] [Times: user=0.02 sys=0.01, real=0.01 secs] 
2021-05-28T15:32:07.623+0800: 1231279.302: [GC (Allocation Failure) [PSYoungGen: 496170K->4125K(508416K)] 975866K->485068K(1032704K), 0.0142682 secs] [Times: user=0.02 sys=0.03, real=0.01 secs] 
2021-05-28T15:32:58.651+0800: 1231330.331: [GC (Allocation Failure) [PSYoungGen: 496673K->2624K(509440K)] 977615K->485524K(1033728K), 0.0165659 secs] [Times: user=0.02 sys=0.02, real=0.02 secs] 
2021-05-28T15:33:48.139+0800: 1231379.819: [GC (Allocation Failure) [PSYoungGen: 497216K->2528K(509440K)] 980116K->487226K(1033728K), 0.0145245 secs] [Times: user=0.03 sys=0.02, real=0.02 secs] 
2021-05-28T15:34:36.046+0800: 1231427.726: [GC (Allocation Failure) [PSYoungGen: 496752K->3613K(510464K)] 981450K->490031K(1034752K), 0.0146723 secs] [Times: user=0.03 sys=0.02, real=0.01 secs] 
2021-05-28T15:35:27.542+0800: 1231479.222: [GC (Allocation Failure) [PSYoungGen: 498489K->5053K(509952K)] 984907K->492941K(1034240K), 0.0158294 secs] [Times: user=0.02 sys=0.03, real=0.02 secs] 
2021-05-28T15:36:17.546+0800: 1231529.226: [GC (Allocation Failure) [PSYoungGen: 501072K->2976K(511488K)] 988960K->493828K(1035776K), 0.0156017 secs] [Times: user=0.03 sys=0.02, real=0.01 secs] 
2021-05-28T15:37:05.507+0800: 1231577.187: [GC (Allocation Failure) [PSYoungGen: 500307K->2976K(510976K)] 991160K->496058K(1035264K), 0.0135780 secs] [Times: user=0.02 sys=0.03, real=0.01 secs] 
2021-05-28T15:37:57.481+0800: 1231629.161: [GC (Allocation Failure) [PSYoungGen: 500719K->3616K(512512K)] 993801K->498903K(1036800K), 0.0141186 secs] [Times: user=0.03 sys=0.02, real=0.02 secs] 
2021-05-28T15:38:47.966+0800: 1231679.645: [GC (Allocation Failure) [PSYoungGen: 503188K->1920K(512000K)] 998475K->500123K(1036288K), 0.0299462 secs] [Times: user=0.03 sys=0.03, real=0.03 secs] 
2021-05-28T15:39:36.327+0800: 1231728.007: [GC (Allocation Failure) [PSYoungGen: 502144K->1952K(512512K)] 1000347K->501162K(1036800K), 0.0158343 secs] [Times: user=0.02 sys=0.03, real=0.02 secs] 
2021-05-28T15:40:27.580+0800: 1231779.260: [GC (Allocation Failure) [PSYoungGen: 502688K->1664K(512512K)] 1001898K->501881K(1036800K), 0.0129645 secs] [Times: user=0.02 sys=0.03, real=0.02 secs] 
2021-05-28T15:41:18.261+0800: 1231829.941: [GC (Allocation Failure) [PSYoungGen: 502400K->2592K(513536K)] 1002617K->503545K(1037824K), 0.0134757 secs] [Times: user=0.02 sys=0.02, real=0.02 secs] 
2021-05-28T15:42:06.491+0800: 1231878.171: [GC (Allocation Failure) [PSYoungGen: 504824K->4509K(513024K)] 1005778K->507245K(1037312K), 0.0141022 secs] [Times: user=0.02 sys=0.02, real=0.02 secs] 
2021-05-28T15:42:58.044+0800: 1231929.724: [GC (Allocation Failure) [PSYoungGen: 506781K->2016K(514048K)] 1009517K->507228K(1038336K), 0.0147539 secs] [Times: user=0.02 sys=0.02, real=0.01 secs] 
2021-05-28T15:43:48.866+0800: 1231980.546: [GC (Allocation Failure) [PSYoungGen: 505824K->3837K(514048K)] 1011036K->510281K(1038336K), 0.0127521 secs] [Times: user=0.01 sys=0.02, real=0.01 secs] 
2021-05-28T15:44:37.503+0800: 1232029.183: [GC (Allocation Failure) [PSYoungGen: 507645K->2880K(515072K)] 1014089K->511049K(1039360K), 0.0165233 secs] [Times: user=0.02 sys=0.02, real=0.01 secs] 
2021-05-28T15:45:30.129+0800: 1232081.808: [GC (Allocation Failure) [PSYoungGen: 508224K->1888K(514560K)] 1016393K->512135K(1038848K), 0.0155764 secs] [Times: user=0.02 sys=0.02, real=0.02 secs] 
2021-05-28T15:46:19.638+0800: 1232131.318: [GC (Allocation Failure) [PSYoungGen: 507083K->3613K(516096K)] 1017331K->514844K(1040384K), 0.0169961 secs] [Times: user=0.02 sys=0.02, real=0.02 secs] 
2021-05-28T15:47:10.165+0800: 1232181.845: [GC (Allocation Failure) [PSYoungGen: 511005K->4125K(515584K)] 1022236K->516835K(1039872K), 0.0150475 secs] [Times: user=0.02 sys=0.02, real=0.01 secs] 
2021-05-28T15:48:01.169+0800: 1232232.849: [GC (Allocation Failure) [PSYoungGen: 510189K->2304K(516096K)] 1022898K->516987K(1040384K), 0.0156816 secs] [Times: user=0.02 sys=0.02, real=0.02 secs] 
2021-05-28T15:48:50.345+0800: 1232282.025: [GC (Allocation Failure) [PSYoungGen: 510208K->2592K(516096K)] 1024891K->518769K(1040384K), 0.0143551 secs] [Times: user=0.02 sys=0.03, real=0.01 secs] 
2021-05-28T15:49:42.541+0800: 1232334.220: [GC (Allocation Failure) [PSYoungGen: 509829K->3136K(517120K)] 1026007K->521159K(1041408K), 0.0151136 secs] [Times: user=0.03 sys=0.02, real=0.02 secs] 
2021-05-28T15:50:33.114+0800: 1232384.793: [GC (Allocation Failure) [PSYoungGen: 512576K->2944K(516608K)] 1030599K->523428K(1040896K), 0.0150116 secs] [Times: user=0.02 sys=0.03, real=0.01 secs] 
2021-05-28T15:50:33.129+0800: 1232384.809: [Full GC (Ergonomics) [PSYoungGen: 2944K->0K(516608K)] [ParOldGen: 520484K->292275K(524288K)] 523428K->292275K(1040896K), [Metaspace: 96241K->96241K(1138688K)], 0.4377060 secs] [Times: user=0.97 sys=0.00, real=0.44 secs] 
2021-05-28T15:51:21.780+0800: 1232433.460: [GC (Allocation Failure) [PSYoungGen: 509440K->3072K(517632K)] 801715K->295347K(1041920K), 0.0160019 secs] [Times: user=0.02 sys=0.02, real=0.02 secs] 
2021-05-28T15:52:14.456+0800: 1232486.136: [GC (Allocation Failure) [PSYoungGen: 513536K->2336K(517120K)] 805811K->296856K(1041408K), 0.0126111 secs] [Times: user=0.02 sys=0.02, real=0.01 secs] 
2021-05-28T15:53:05.029+0800: 1232536.709: [GC (Allocation Failure) [PSYoungGen: 512800K->3264K(518144K)] 807320K->299302K(1042432K), 0.0163266 secs] [Times: user=0.02 sys=0.02, real=0.02 secs] 
2021-05-28T15:53:54.480+0800: 1232586.160: [GC (Allocation Failure) [PSYoungGen: 514751K->2368K(517632K)] 810790K->300884K(1041920K), 0.0142695 secs] [Times: user=0.02 sys=0.02, real=0.02 secs] 
2021-05-28T15:56:40.588+0800: 1232752.268: [GC (Allocation Failure) [PSYoungGen: 513856K->5248K(517120K)] 812372K->305218K(1041408K), 0.0196111 secs] [Times: user=0.03 sys=0.03, real=0.02 secs] 
2021-05-28T16:01:05.148+0800: 1233016.827: [GC (Allocation Failure) [PSYoungGen: 516224K->6656K(517632K)] 816194K->314290K(1041920K), 0.0287628 secs] [Times: user=0.03 sys=0.03, real=0.03 secs] 
2021-05-28T16:05:30.455+0800: 1233282.134: [GC (Allocation Failure) [PSYoungGen: 517632K->6656K(503296K)] 825266K->322165K(1027584K), 0.0272761 secs] [Times: user=0.05 sys=0.04, real=0.03 secs] 
2021-05-28T16:09:47.351+0800: 1233539.030: [GC (Allocation Failure) [PSYoungGen: 503296K->12512K(509440K)] 818805K->333889K(1033728K), 0.0391950 secs] [Times: user=0.04 sys=0.04, real=0.04 secs] 
2021-05-28T16:14:04.050+0800: 1233795.729: [GC (Allocation Failure) [PSYoungGen: 509152K->12256K(505344K)] 830529K->342453K(1029632K), 0.0782223 secs] [Times: user=0.04 sys=0.04, real=0.08 secs] 
2021-05-28T16:18:17.498+0800: 1234049.178: [GC (Allocation Failure) [PSYoungGen: 502752K->10656K(501248K)] 832949K->350150K(1025536K), 0.0679913 secs] [Times: user=0.04 sys=0.05, real=0.07 secs] 
2021-05-28T16:22:33.068+0800: 1234304.747: [GC (Allocation Failure) [PSYoungGen: 501152K->11584K(505856K)] 840646K->359593K(1030144K), 0.0509394 secs] [Times: user=0.07 sys=0.07, real=0.05 secs] 
2021-05-28T16:26:47.802+0800: 1234559.482: [GC (Allocation Failure) [PSYoungGen: 500032K->11008K(506368K)] 848041K->368434K(1030656K), 0.0357570 secs] [Times: user=0.05 sys=0.04, real=0.03 secs] 
2021-05-28T16:31:02.781+0800: 1234814.461: [GC (Allocation Failure) [PSYoungGen: 499456K->13056K(504320K)] 856882K->378838K(1028608K), 0.0440000 secs] [Times: user=0.08 sys=0.00, real=0.05 secs] 
2021-05-28T16:35:13.463+0800: 1235065.142: [GC (Allocation Failure) [PSYoungGen: 499456K->12512K(499200K)] 865238K->387352K(1023488K), 0.0325319 secs] [Times: user=0.05 sys=0.04, real=0.03 secs] 
2021-05-28T16:39:25.048+0800: 1235316.728: [GC (Allocation Failure) [PSYoungGen: 498912K->12096K(504832K)] 873752K->396019K(1029120K), 0.0290592 secs] [Times: user=0.08 sys=0.00, real=0.03 secs] 
2021-05-28T16:43:38.084+0800: 1235569.764: [GC (Allocation Failure) [PSYoungGen: 497472K->11776K(504832K)] 881395K->404949K(1029120K), 0.0276269 secs] [Times: user=0.07 sys=0.00, real=0.02 secs] 
2021-05-28T16:47:51.804+0800: 1235823.484: [GC (Allocation Failure) [PSYoungGen: 497152K->8736K(505344K)] 890325K->410190K(1029632K), 0.0238906 secs] [Times: user=0.07 sys=0.00, real=0.02 secs] 
2021-05-28T16:52:08.709+0800: 1236080.388: [GC (Allocation Failure) [PSYoungGen: 494624K->8224K(504832K)] 896078K->416048K(1029120K), 0.0239358 secs] [Times: user=0.03 sys=0.04, real=0.03 secs] 
2021-05-28T16:56:22.677+0800: 1236334.356: [GC (Allocation Failure) [PSYoungGen: 494112K->8736K(506880K)] 901936K->423315K(1031168K), 0.0270927 secs] [Times: user=0.04 sys=0.04, real=0.03 secs] 
2021-05-28T17:00:38.098+0800: 1236589.778: [GC (Allocation Failure) [PSYoungGen: 497696K->7616K(506368K)] 912275K->429077K(1030656K), 0.0246276 secs] [Times: user=0.07 sys=0.00, real=0.03 secs] 
2021-05-28T17:04:53.509+0800: 1236845.188: [GC (Allocation Failure) [PSYoungGen: 496576K->9696K(507904K)] 918037K->436202K(1032192K), 0.0230935 secs] [Times: user=0.04 sys=0.03, real=0.02 secs] 
2021-05-28T17:09:08.932+0800: 1237100.612: [GC (Allocation Failure) [PSYoungGen: 500704K->11840K(507392K)] 927210K->446660K(1031680K), 0.0333824 secs] [Times: user=0.03 sys=0.05, real=0.04 secs] 
2021-05-28T17:13:27.340+0800: 1237359.020: [GC (Allocation Failure) [PSYoungGen: 502848K->11744K(506880K)] 937668K->454897K(1031168K), 0.0275871 secs] [Times: user=0.04 sys=0.04, real=0.03 secs] 
2021-05-28T17:17:42.692+0800: 1237614.372: [GC (Allocation Failure) [PSYoungGen: 502240K->10976K(507392K)] 945393K->462651K(1031680K), 0.0272987 secs] [Times: user=0.05 sys=0.04, real=0.03 secs] 
2021-05-28T17:21:56.935+0800: 1237868.614: [GC (Allocation Failure) [PSYoungGen: 501472K->11552K(507904K)] 953147K->471327K(1032192K), 0.0217357 secs] [Times: user=0.04 sys=0.03, real=0.02 secs] 
2021-05-28T17:26:09.297+0800: 1238120.977: [GC (Allocation Failure) [PSYoungGen: 503067K->11680K(507904K)] 962843K->480799K(1032192K), 0.0344844 secs] [Times: user=0.06 sys=0.05, real=0.03 secs] 
2021-05-28T17:30:24.607+0800: 1238376.287: [GC (Allocation Failure) [PSYoungGen: 503200K->11488K(507904K)] 972319K->489610K(1032192K), 0.0281447 secs] [Times: user=0.03 sys=0.03, real=0.03 secs] 
2021-05-28T17:34:43.762+0800: 1238635.442: [GC (Allocation Failure) [PSYoungGen: 503008K->7424K(507904K)] 981130K->494313K(1032192K), 0.0285623 secs] [Times: user=0.03 sys=0.03, real=0.02 secs] 
2021-05-28T17:39:00.442+0800: 1238892.122: [GC (Allocation Failure) [PSYoungGen: 498944K->7808K(508416K)] 985833K->500317K(1032704K), 0.0484048 secs] [Times: user=0.04 sys=0.04, real=0.04 secs] 
2021-05-28T17:43:16.845+0800: 1239148.525: [GC (Allocation Failure) [PSYoungGen: 499840K->10944K(507904K)] 992349K->509512K(1032192K), 0.0286356 secs] [Times: user=0.04 sys=0.04, real=0.03 secs] 
2021-05-28T17:47:30.121+0800: 1239401.801: [GC (Allocation Failure) [PSYoungGen: 502976K->12256K(507392K)] 1001544K->519682K(1031680K), 0.0276033 secs] [Times: user=0.07 sys=0.00, real=0.03 secs] 
2021-05-28T17:51:41.043+0800: 1239652.722: [GC (Allocation Failure) [PSYoungGen: 503776K->12480K(507904K)] 1011202K->529925K(1032192K), 0.0331970 secs] [Times: user=0.05 sys=0.05, real=0.03 secs] 
2021-05-28T17:51:41.076+0800: 1239652.756: [Full GC (Ergonomics) [PSYoungGen: 12480K->0K(507904K)] [ParOldGen: 517445K->316703K(524288K)] 529925K->316703K(1032192K), [Metaspace: 96243K->96238K(1138688K)], 0.5123458 secs] [Times: user=1.06 sys=0.00, real=0.51 secs] 
2021-05-28T17:55:57.460+0800: 1239909.140: [GC (Allocation Failure) [PSYoungGen: 491520K->11776K(507904K)] 808223K->328479K(1032192K), 0.0234723 secs] [Times: user=0.03 sys=0.03, real=0.03 secs] 
2021-05-28T18:00:11.479+0800: 1240163.159: [GC (Allocation Failure) [PSYoungGen: 503296K->10656K(507904K)] 819999K->336737K(1032192K), 0.0230490 secs] [Times: user=0.04 sys=0.04, real=0.03 secs] 
2021-05-28T18:04:29.263+0800: 1240420.943: [GC (Allocation Failure) [PSYoungGen: 502176K->8128K(508416K)] 828257K->342930K(1032704K), 0.0593848 secs] [Times: user=0.04 sys=0.05, real=0.06 secs] 
2021-05-28T18:08:48.174+0800: 1240679.854: [GC (Allocation Failure) [PSYoungGen: 500672K->8064K(508416K)] 835474K->348669K(1032704K), 0.0246549 secs] [Times: user=0.04 sys=0.04, real=0.02 secs] 
2021-05-28T18:13:09.533+0800: 1240941.212: [GC (Allocation Failure) [PSYoungGen: 500608K->8032K(508928K)] 841213K->355079K(1033216K), 0.0303514 secs] [Times: user=0.04 sys=0.04, real=0.03 secs] 
2021-05-28T18:17:25.864+0800: 1241197.544: [GC (Allocation Failure) [PSYoungGen: 501088K->9856K(508416K)] 848135K->363339K(1032704K), 0.0234594 secs] [Times: user=0.03 sys=0.04, real=0.02 secs] 
2021-05-28T18:21:45.200+0800: 1241456.880: [GC (Allocation Failure) [PSYoungGen: 502912K->9568K(509952K)] 856395K->371197K(1034240K), 0.0283310 secs] [Times: user=0.08 sys=0.00, real=0.03 secs] 
2021-05-28T18:26:03.906+0800: 1241715.585: [GC (Allocation Failure) [PSYoungGen: 504672K->12352K(509440K)] 866301K->381354K(1033728K), 0.0250356 secs] [Times: user=0.04 sys=0.04, real=0.02 secs] 
2021-05-28T18:30:21.647+0800: 1241973.327: [GC (Allocation Failure) [PSYoungGen: 507456K->11680K(508416K)] 876458K->390731K(1032704K), 0.0261917 secs] [Times: user=0.04 sys=0.04, real=0.03 secs] 
2021-05-28T18:34:38.976+0800: 1242230.656: [GC (Allocation Failure) [PSYoungGen: 505248K->11968K(508928K)] 884299K->399846K(1033216K), 0.0254248 secs] [Times: user=0.04 sys=0.04, real=0.02 secs] 
2021-05-28T18:38:56.737+0800: 1242488.416: [GC (Allocation Failure) [PSYoungGen: 505536K->11744K(508928K)] 893414K->409368K(1033216K), 0.0244168 secs] [Times: user=0.08 sys=0.00, real=0.02 secs] 
2021-05-28T18:43:13.843+0800: 1242745.522: [GC (Allocation Failure) [PSYoungGen: 505312K->13952K(507904K)] 902936K->420060K(1032192K), 0.0242880 secs] [Times: user=0.07 sys=0.00, real=0.02 secs] 
2021-05-28T18:47:32.381+0800: 1243004.061: [GC (Allocation Failure) [PSYoungGen: 507520K->8320K(508416K)] 913628K->426257K(1032704K), 0.0236550 secs] [Times: user=0.04 sys=0.04, real=0.03 secs] 
2021-05-28T18:51:50.357+0800: 1243262.037: [GC (Allocation Failure) [PSYoungGen: 500352K->8032K(507904K)] 918289K->432789K(1032192K), 0.0240098 secs] [Times: user=0.03 sys=0.03, real=0.02 secs] 
2021-05-28T18:56:06.612+0800: 1243518.292: [GC (Allocation Failure) [PSYoungGen: 500064K->9760K(508928K)] 924821K->440913K(1033216K), 0.0316040 secs] [Times: user=0.03 sys=0.03, real=0.03 secs] 
2021-05-28T19:00:15.246+0800: 1243766.926: [GC (Allocation Failure) [PSYoungGen: 502816K->13034K(508416K)] 933969K->451639K(1032704K), 0.0261272 secs] [Times: user=0.04 sys=0.04, real=0.03 secs] 
2021-05-28T19:04:30.594+0800: 1244022.273: [GC (Allocation Failure) [PSYoungGen: 506090K->11008K(508416K)] 944695K->459520K(1032704K), 0.0245930 secs] [Times: user=0.04 sys=0.04, real=0.02 secs] 
2021-05-28T19:08:46.863+0800: 1244278.542: [GC (Allocation Failure) [PSYoungGen: 503552K->12768K(508416K)] 952064K->468604K(1032704K), 0.0620802 secs] [Times: user=0.04 sys=0.03, real=0.06 secs] 
2021-05-28T19:13:01.994+0800: 1244533.674: [GC (Allocation Failure) [PSYoungGen: 505312K->10880K(508928K)] 961148K->476462K(1033216K), 0.0226901 secs] [Times: user=0.03 sys=0.03, real=0.02 secs] 
2021-05-28T19:17:18.140+0800: 1244789.820: [GC (Allocation Failure) [PSYoungGen: 503936K->11168K(508416K)] 969518K->484282K(1032704K), 0.0200298 secs] [Times: user=0.03 sys=0.03, real=0.02 secs] 
2021-05-28T19:21:37.618+0800: 1245049.297: [GC (Allocation Failure) [PSYoungGen: 504224K->12448K(508928K)] 977338K->494629K(1033216K), 0.0224364 secs] [Times: user=0.03 sys=0.04, real=0.02 secs] 
2021-05-28T19:25:58.657+0800: 1245310.336: [GC (Allocation Failure) [PSYoungGen: 506016K->8224K(508928K)] 988197K->499781K(1033216K), 0.0219208 secs] [Times: user=0.04 sys=0.04, real=0.02 secs] 
2021-05-28T19:30:17.767+0800: 1245569.447: [GC (Allocation Failure) [PSYoungGen: 501792K->7840K(508928K)] 993349K->506262K(1033216K), 0.0195587 secs] [Times: user=0.04 sys=0.03, real=0.02 secs] 
2021-05-28T19:34:42.610+0800: 1245834.290: [GC (Allocation Failure) [PSYoungGen: 501408K->6592K(500224K)] 999830K->511623K(1024512K), 0.0202116 secs] [Times: user=0.03 sys=0.03, real=0.02 secs] 
2021-05-28T19:38:59.528+0800: 1246091.208: [GC (Allocation Failure) [PSYoungGen: 500160K->10304K(508928K)] 1005191K->520444K(1033216K), 0.0255531 secs] [Times: user=0.04 sys=0.04, real=0.03 secs] 
2021-05-28T19:43:14.819+0800: 1246346.498: [GC (Allocation Failure) [PSYoungGen: 503360K->13312K(508416K)] 1013500K->530753K(1032704K), 0.0277288 secs] [Times: user=0.08 sys=0.00, real=0.03 secs] 
2021-05-28T19:43:14.847+0800: 1246346.526: [Full GC (Ergonomics) [PSYoungGen: 13312K->0K(508416K)] [ParOldGen: 517441K->299675K(524288K)] 530753K->299675K(1032704K), [Metaspace: 96242K->96242K(1138688K)], 0.4543685 secs] [Times: user=1.01 sys=0.00, real=0.45 secs] 
2021-05-28T19:47:33.921+0800: 1246605.600: [GC (Allocation Failure) [PSYoungGen: 493056K->10720K(508928K)] 792731K->310395K(1033216K), 0.0198136 secs] [Times: user=0.03 sys=0.03, real=0.02 secs] 
2021-05-28T19:51:52.039+0800: 1246863.719: [GC (Allocation Failure) [PSYoungGen: 503776K->10816K(508416K)] 803451K->318813K(1032704K), 0.0268062 secs] [Times: user=0.04 sys=0.04, real=0.03 secs] 
2021-05-28T19:56:09.470+0800: 1247121.150: [GC (Allocation Failure) [PSYoungGen: 503872K->11616K(508928K)] 811869K->328145K(1033216K), 0.0212362 secs] [Times: user=0.06 sys=0.00, real=0.02 secs] 
2021-05-28T20:00:25.941+0800: 1247377.620: [GC (Allocation Failure) [PSYoungGen: 505184K->12352K(508928K)] 821713K->337916K(1033216K), 0.0453347 secs] [Times: user=0.04 sys=0.04, real=0.05 secs] 
2021-05-28T20:04:41.165+0800: 1247632.844: [GC (Allocation Failure) [PSYoungGen: 505920K->12320K(508928K)] 831484K->346431K(1033216K), 0.0232408 secs] [Times: user=0.04 sys=0.03, real=0.02 secs] 
2021-05-28T20:08:58.536+0800: 1247890.215: [GC (Allocation Failure) [PSYoungGen: 505888K->9408K(508928K)] 839999K->353559K(1033216K), 0.0224141 secs] [Times: user=0.08 sys=0.00, real=0.02 secs] 
2021-05-28T20:13:16.525+0800: 1248148.204: [GC (Allocation Failure) [PSYoungGen: 502976K->8224K(508928K)] 847127K->360231K(1033216K), 0.0212445 secs] [Times: user=0.04 sys=0.04, real=0.02 secs] 
2021-05-28T20:17:36.165+0800: 1248407.845: [GC (Allocation Failure) [PSYoungGen: 501792K->5536K(499200K)] 853799K->364607K(1023488K), 0.0328476 secs] [Times: user=0.03 sys=0.03, real=0.03 secs] 
2021-05-28T20:21:51.640+0800: 1248663.320: [GC (Allocation Failure) [PSYoungGen: 499104K->11296K(508416K)] 858175K->374238K(1032704K), 0.0230970 secs] [Times: user=0.07 sys=0.00, real=0.03 secs] 
2021-05-28T20:26:06.261+0800: 1248917.940: [GC (Allocation Failure) [PSYoungGen: 503840K->11104K(508416K)] 866782K->383080K(1032704K), 0.0339663 secs] [Times: user=0.03 sys=0.03, real=0.04 secs] 
2021-05-28T20:30:23.280+0800: 1249174.960: [GC (Allocation Failure) [PSYoungGen: 503648K->10880K(508928K)] 875624K->391922K(1033216K), 0.0229550 secs] [Times: user=0.03 sys=0.03, real=0.03 secs] 
2021-05-28T20:34:38.346+0800: 1249430.026: [GC (Allocation Failure) [PSYoungGen: 504448K->12672K(506368K)] 885490K->401550K(1030656K), 0.0230955 secs] [Times: user=0.03 sys=0.04, real=0.02 secs] 
2021-05-28T20:38:51.116+0800: 1249682.796: [GC (Allocation Failure) [PSYoungGen: 506240K->11584K(508928K)] 895118K->410233K(1033216K), 0.0320249 secs] [Times: user=0.04 sys=0.04, real=0.03 secs] 
2021-05-28T20:43:06.353+0800: 1249938.033: [GC (Allocation Failure) [PSYoungGen: 504640K->11808K(508416K)] 903289K->419235K(1032704K), 0.0226840 secs] [Times: user=0.03 sys=0.04, real=0.02 secs] 
2021-05-28T20:47:21.651+0800: 1250193.331: [GC (Allocation Failure) [PSYoungGen: 504858K->10496K(509440K)] 912285K->427052K(1033728K), 0.0245614 secs] [Times: user=0.07 sys=0.00, real=0.03 secs] 
2021-05-28T20:51:39.653+0800: 1250451.333: [GC (Allocation Failure) [PSYoungGen: 504576K->8032K(508928K)] 921132K->433100K(1033216K), 0.0290970 secs] [Times: user=0.04 sys=0.04, real=0.03 secs] 
2021-05-28T20:55:56.857+0800: 1250708.537: [GC (Allocation Failure) [PSYoungGen: 502112K->7616K(508928K)] 927180K->438480K(1033216K), 0.0212780 secs] [Times: user=0.03 sys=0.03, real=0.02 secs] 
2021-05-28T21:00:16.218+0800: 1250967.897: [GC (Allocation Failure) [PSYoungGen: 501184K->6752K(508928K)] 932048K->443794K(1033216K), 0.0226218 secs] [Times: user=0.03 sys=0.04, real=0.02 secs] 
2021-05-28T21:04:35.001+0800: 1251226.680: [GC (Allocation Failure) [PSYoungGen: 500320K->6688K(508928K)] 937362K->449332K(1033216K), 0.0234390 secs] [Times: user=0.02 sys=0.03, real=0.03 secs] 
2021-05-28T21:08:51.810+0800: 1251483.490: [GC (Allocation Failure) [PSYoungGen: 500256K->9984K(508928K)] 942900K->457905K(1033216K), 0.0444122 secs] [Times: user=0.03 sys=0.03, real=0.05 secs] 
2021-05-28T21:13:07.316+0800: 1251738.996: [GC (Allocation Failure) [PSYoungGen: 503550K->11616K(508416K)] 951471K->467045K(1032704K), 0.0231667 secs] [Times: user=0.03 sys=0.03, real=0.02 secs] 
2021-05-28T21:17:20.926+0800: 1251992.605: [GC (Allocation Failure) [PSYoungGen: 505184K->10784K(508928K)] 960613K->475192K(1033216K), 0.0291061 secs] [Times: user=0.04 sys=0.04, real=0.03 secs] 
2021-05-28T21:21:33.125+0800: 1252244.804: [GC (Allocation Failure) [PSYoungGen: 504352K->12224K(508416K)] 968760K->484707K(1032704K), 0.0247942 secs] [Times: user=0.03 sys=0.04, real=0.02 secs] 
2021-05-28T21:25:52.048+0800: 1252503.728: [GC (Allocation Failure) [PSYoungGen: 505792K->13312K(507392K)] 978275K->494814K(1031680K), 0.0256369 secs] [Times: user=0.04 sys=0.04, real=0.03 secs] 
2021-05-28T21:30:11.155+0800: 1252762.834: [GC (Allocation Failure) [PSYoungGen: 506880K->9664K(508416K)] 988382K->502142K(1032704K), 0.0207847 secs] [Times: user=0.03 sys=0.03, real=0.02 secs] 
2021-05-28T21:34:29.418+0800: 1253021.098: [GC (Allocation Failure) [PSYoungGen: 502208K->6560K(508416K)] 994686K->507349K(1032704K), 0.0244834 secs] [Times: user=0.04 sys=0.03, real=0.03 secs] 
2021-05-28T21:38:46.113+0800: 1253277.793: [GC (Allocation Failure) [PSYoungGen: 499104K->5376K(508416K)] 999893K->511808K(1032704K), 0.0186882 secs] [Times: user=0.03 sys=0.03, real=0.01 secs] 
2021-05-28T21:43:03.662+0800: 1253535.341: [GC (Allocation Failure) [PSYoungGen: 497920K->7392K(508416K)] 1004352K->517973K(1032704K), 0.0209681 secs] [Times: user=0.03 sys=0.03, real=0.03 secs] 
2021-05-28T21:47:17.610+0800: 1253789.290: [GC (Allocation Failure) [PSYoungGen: 499936K->12128K(507392K)] 1010517K->528482K(1031680K), 0.0519077 secs] [Times: user=0.03 sys=0.04, real=0.06 secs] 
2021-05-28T21:47:17.662+0800: 1253789.342: [Full GC (Ergonomics) [PSYoungGen: 12128K->0K(507392K)] [ParOldGen: 516354K->309582K(524288K)] 528482K->309582K(1031680K), [Metaspace: 96242K->96238K(1138688K)], 0.4795865 secs] [Times: user=0.97 sys=0.00, real=0.48 secs] 
2021-05-28T21:51:34.387+0800: 1254046.067: [GC (Allocation Failure) [PSYoungGen: 491520K->9856K(507904K)] 801102K->319438K(1032192K), 0.0199390 secs] [Times: user=0.03 sys=0.03, real=0.02 secs] 
2021-05-28T21:55:49.696+0800: 1254301.375: [GC (Allocation Failure) [PSYoungGen: 501376K->12320K(508416K)] 810958K->329746K(1032704K), 0.0259203 secs] [Times: user=0.03 sys=0.03, real=0.02 secs] 
2021-05-28T22:00:03.507+0800: 1254555.186: [GC (Allocation Failure) [PSYoungGen: 504864K->10400K(508416K)] 822290K->336971K(1032704K), 0.0364181 secs] [Times: user=0.03 sys=0.03, real=0.04 secs] 
2021-05-28T22:04:17.557+0800: 1254809.237: [GC (Allocation Failure) [PSYoungGen: 502944K->13216K(507392K)] 829515K->347504K(1031680K), 0.0647259 secs] [Times: user=0.04 sys=0.03, real=0.06 secs] 
2021-05-28T22:08:33.793+0800: 1255065.473: [GC (Allocation Failure) [PSYoungGen: 504736K->9376K(507904K)] 839024K->353096K(1032192K), 0.0243197 secs] [Times: user=0.08 sys=0.00, real=0.02 secs] 
2021-05-28T22:12:49.617+0800: 1255321.296: [GC (Allocation Failure) [PSYoungGen: 500896K->6720K(508416K)] 844616K->357761K(1032704K), 0.0225640 secs] [Times: user=0.03 sys=0.03, real=0.02 secs] 
2021-05-28T22:17:06.412+0800: 1255578.091: [GC (Allocation Failure) [PSYoungGen: 499264K->5632K(508416K)] 850305K->362050K(1032704K), 0.0270023 secs] [Times: user=0.03 sys=0.03, real=0.03 secs] 
2021-05-28T22:21:25.645+0800: 1255837.324: [GC (Allocation Failure) [PSYoungGen: 498176K->6272K(508416K)] 854594K->366958K(1032704K), 0.0240986 secs] [Times: user=0.04 sys=0.03, real=0.02 secs] 
2021-05-28T22:25:39.117+0800: 1256090.797: [GC (Allocation Failure) [PSYoungGen: 498816K->10016K(508416K)] 859502K->375516K(1032704K), 0.0244662 secs] [Times: user=0.04 sys=0.04, real=0.02 secs] 
2021-05-28T22:29:55.229+0800: 1256346.908: [GC (Allocation Failure) [PSYoungGen: 502560K->10720K(508928K)] 868060K->384280K(1033216K), 0.0286526 secs] [Times: user=0.04 sys=0.04, real=0.03 secs] 
2021-05-28T22:34:10.547+0800: 1256602.227: [GC (Allocation Failure) [PSYoungGen: 503776K->9312K(508416K)] 877336K->390123K(1032704K), 0.0213779 secs] [Times: user=0.04 sys=0.04, real=0.02 secs] 
2021-05-28T22:38:28.056+0800: 1256859.736: [GC (Allocation Failure) [PSYoungGen: 502368K->7936K(509440K)] 883179K->396067K(1033728K), 0.0237588 secs] [Times: user=0.03 sys=0.03, real=0.02 secs] 
2021-05-28T22:42:44.329+0800: 1257116.009: [GC (Allocation Failure) [PSYoungGen: 502528K->7424K(509440K)] 890659K->401854K(1033728K), 0.0217725 secs] [Times: user=0.04 sys=0.03, real=0.02 secs] 
2021-05-28T22:47:03.931+0800: 1257375.611: [GC (Allocation Failure) [PSYoungGen: 502016K->7264K(509952K)] 896446K->408280K(1034240K), 0.0214613 secs] [Times: user=0.04 sys=0.04, real=0.03 secs] 
2021-05-28T22:51:26.109+0800: 1257637.789: [GC (Allocation Failure) [PSYoungGen: 502880K->5888K(509952K)] 903896K->412772K(1034240K), 0.0193348 secs] [Times: user=0.02 sys=0.03, real=0.02 secs] 
2021-05-28T22:55:48.137+0800: 1257899.817: [GC (Allocation Failure) [PSYoungGen: 501504K->6560K(510464K)] 908388K->417895K(1034752K), 0.0217999 secs] [Times: user=0.04 sys=0.04, real=0.02 secs] 
2021-05-28T23:00:06.049+0800: 1258157.729: [GC (Allocation Failure) [PSYoungGen: 502688K->8512K(509952K)] 914023K->424964K(1034240K), 0.0223594 secs] [Times: user=0.04 sys=0.03, real=0.02 secs] 
2021-05-28T23:04:24.414+0800: 1258416.094: [GC (Allocation Failure) [PSYoungGen: 504640K->8736K(510976K)] 921092K->432838K(1035264K), 0.0222470 secs] [Times: user=0.03 sys=0.03, real=0.02 secs] 
2021-05-28T23:08:46.260+0800: 1258677.939: [GC (Allocation Failure) [PSYoungGen: 506400K->9600K(510976K)] 930502K->440401K(1035264K), 0.0236944 secs] [Times: user=0.04 sys=0.04, real=0.03 secs] 
2021-05-28T23:13:05.916+0800: 1258937.596: [GC (Allocation Failure) [PSYoungGen: 507264K->9728K(510976K)] 938065K->448173K(1035264K), 0.0221714 secs] [Times: user=0.04 sys=0.04, real=0.02 secs] 
2021-05-28T23:17:20.567+0800: 1259192.247: [GC (Allocation Failure) [PSYoungGen: 507392K->11424K(509440K)] 945837K->457199K(1033728K), 0.0209065 secs] [Times: user=0.04 sys=0.03, real=0.02 secs] 
2021-05-28T23:21:38.656+0800: 1259450.335: [GC (Allocation Failure) [PSYoungGen: 509088K->9888K(510464K)] 954863K->464019K(1034752K), 0.0265115 secs] [Times: user=0.04 sys=0.03, real=0.03 secs] 
2021-05-28T23:25:58.278+0800: 1259709.957: [GC (Allocation Failure) [PSYoungGen: 506528K->10016K(510464K)] 960659K->471374K(1034752K), 0.0250842 secs] [Times: user=0.04 sys=0.04, real=0.03 secs] 
2021-05-28T23:30:17.867+0800: 1259969.547: [GC (Allocation Failure) [PSYoungGen: 506656K->6784K(510464K)] 968014K->476599K(1034752K), 0.0255184 secs] [Times: user=0.04 sys=0.04, real=0.03 secs] 
2021-05-28T23:34:37.575+0800: 1260229.254: [GC (Allocation Failure) [PSYoungGen: 503424K->10848K(510464K)] 973239K->486226K(1034752K), 0.0271793 secs] [Times: user=0.04 sys=0.05, real=0.02 secs] 
2021-05-28T23:38:53.546+0800: 1260485.225: [GC (Allocation Failure) [PSYoungGen: 507488K->12512K(508416K)] 982866K->496014K(1032704K), 0.0303604 secs] [Times: user=0.09 sys=0.00, real=0.03 secs] 
2021-05-28T23:43:08.844+0800: 1260740.523: [GC (Allocation Failure) [PSYoungGen: 507104K->12032K(506880K)] 990606K->505201K(1031168K), 0.0301844 secs] [Times: user=0.04 sys=0.05, real=0.03 secs] 
2021-05-28T23:47:23.558+0800: 1260995.237: [GC (Allocation Failure) [PSYoungGen: 506624K->10656K(509440K)] 999793K->512970K(1033728K), 0.0281711 secs] [Times: user=0.04 sys=0.04, real=0.03 secs] 
2021-05-28T23:51:43.201+0800: 1261254.881: [GC (Allocation Failure) [PSYoungGen: 504736K->8256K(508928K)] 1007050K->518426K(1033216K), 0.0204243 secs] [Times: user=0.03 sys=0.03, real=0.02 secs] 
2021-05-28T23:56:01.575+0800: 1261513.255: [GC (Allocation Failure) [PSYoungGen: 502336K->9760K(509952K)] 1012506K->526606K(1034240K), 0.0287034 secs] [Times: user=0.08 sys=0.00, real=0.03 secs] 
2021-05-28T23:56:01.604+0800: 1261513.284: [Full GC (Ergonomics) [PSYoungGen: 9760K->0K(509952K)] [ParOldGen: 516846K->295773K(524288K)] 526606K->295773K(1034240K), [Metaspace: 96242K->96242K(1138688K)], 0.5159006 secs] [Times: user=1.20 sys=0.00, real=0.51 secs] 
2021-05-29T00:00:14.559+0800: 1261766.239: [GC (Allocation Failure) [PSYoungGen: 495104K->8672K(509440K)] 790877K->304445K(1033728K), 0.0307890 secs] [Times: user=0.04 sys=0.03, real=0.03 secs] 
2021-05-29T00:04:29.972+0800: 1262021.652: [GC (Allocation Failure) [PSYoungGen: 503776K->8064K(510464K)] 799549K->311485K(1034752K), 0.0265880 secs] [Times: user=0.05 sys=0.04, real=0.02 secs] 
2021-05-29T00:08:49.926+0800: 1262281.606: [GC (Allocation Failure) [PSYoungGen: 504704K->6816K(510464K)] 808125K->316871K(1034752K), 0.0572045 secs] [Times: user=0.05 sys=0.05, real=0.06 secs] 
2021-05-29T00:13:10.599+0800: 1262542.278: [GC (Allocation Failure) [PSYoungGen: 503456K->9344K(510976K)] 813511K->325020K(1035264K), 0.0214827 secs] [Times: user=0.03 sys=0.03, real=0.02 secs] 
2021-05-29T00:17:32.592+0800: 1262804.272: [GC (Allocation Failure) [PSYoungGen: 506496K->6592K(510464K)] 822172K->330283K(1034752K), 0.0179063 secs] [Times: user=0.03 sys=0.03, real=0.02 secs] 
2021-05-29T00:21:51.241+0800: 1263062.921: [GC (Allocation Failure) [PSYoungGen: 503744K->9920K(510976K)] 827435K->338920K(1035264K), 0.0270146 secs] [Times: user=0.04 sys=0.04, real=0.03 secs] 
2021-05-29T00:26:10.162+0800: 1263321.842: [GC (Allocation Failure) [PSYoungGen: 507584K->12608K(510464K)] 836584K->348980K(1034752K), 0.0666226 secs] [Times: user=0.04 sys=0.04, real=0.07 secs] 
2021-05-29T00:30:30.215+0800: 1263581.895: [GC (Allocation Failure) [PSYoungGen: 510272K->11360K(508416K)] 846644K->358198K(1032704K), 0.0541933 secs] [Times: user=0.04 sys=0.04, real=0.05 secs] 
2021-05-29T00:34:49.072+0800: 1263840.751: [GC (Allocation Failure) [PSYoungGen: 505952K->11072K(509440K)] 852790K->366784K(1033728K), 0.0271850 secs] [Times: user=0.05 sys=0.04, real=0.03 secs] 
2021-05-29T00:39:08.325+0800: 1264100.005: [GC (Allocation Failure) [PSYoungGen: 505664K->10464K(509952K)] 861376K->374355K(1034240K), 0.0241723 secs] [Times: user=0.07 sys=0.00, real=0.02 secs] 
2021-05-29T00:43:24.764+0800: 1264356.444: [GC (Allocation Failure) [PSYoungGen: 505568K->13184K(508416K)] 869459K->384895K(1032704K), 0.0275241 secs] [Times: user=0.08 sys=0.00, real=0.02 secs] 
2021-05-29T00:47:40.178+0800: 1264611.858: [GC (Allocation Failure) [PSYoungGen: 508288K->11616K(508928K)] 879999K->393738K(1033216K), 0.0251403 secs] [Times: user=0.03 sys=0.03, real=0.03 secs] 
2021-05-29T00:51:58.773+0800: 1264870.453: [GC (Allocation Failure) [PSYoungGen: 505184K->11424K(508928K)] 887306K->403163K(1033216K), 0.0295507 secs] [Times: user=0.05 sys=0.04, real=0.03 secs] 
2021-05-29T00:56:16.955+0800: 1265128.634: [GC (Allocation Failure) [PSYoungGen: 504992K->7136K(508928K)] 896731K->408050K(1033216K), 0.0479915 secs] [Times: user=0.04 sys=0.04, real=0.05 secs] 
2021-05-29T01:00:27.035+0800: 1265378.715: [GC (Allocation Failure) [PSYoungGen: 500704K->8906K(508928K)] 901618K->415425K(1033216K), 0.0347667 secs] [Times: user=0.03 sys=0.03, real=0.03 secs] 
2021-05-29T01:04:45.512+0800: 1265637.191: [GC (Allocation Failure) [PSYoungGen: 502474K->9216K(509440K)] 908993K->423163K(1033728K), 0.0245052 secs] [Times: user=0.04 sys=0.04, real=0.03 secs] 
2021-05-29T01:09:06.871+0800: 1265898.551: [GC (Allocation Failure) [PSYoungGen: 503808K->7520K(509440K)] 917755K->428484K(1033728K), 0.0234506 secs] [Times: user=0.03 sys=0.03, real=0.03 secs] 
2021-05-29T01:13:27.366+0800: 1266159.045: [GC (Allocation Failure) [PSYoungGen: 502112K->6496K(509440K)] 923076K->433183K(1033728K), 0.0226612 secs] [Times: user=0.03 sys=0.04, real=0.02 secs] 
2021-05-29T01:17:47.668+0800: 1266419.347: [GC (Allocation Failure) [PSYoungGen: 501088K->6432K(509440K)] 927775K->438210K(1033728K), 0.0253409 secs] [Times: user=0.04 sys=0.03, real=0.03 secs] 
2021-05-29T01:22:01.721+0800: 1266673.401: [GC (Allocation Failure) [PSYoungGen: 501024K->13088K(507392K)] 932802K->449409K(1031680K), 0.0260414 secs] [Times: user=0.03 sys=0.04, real=0.03 secs] 
2021-05-29T01:26:18.972+0800: 1266930.652: [GC (Allocation Failure) [PSYoungGen: 505632K->12416K(505344K)] 941953K->458188K(1029632K), 0.0258371 secs] [Times: user=0.04 sys=0.04, real=0.02 secs] 
2021-05-29T01:30:33.678+0800: 1267185.357: [GC (Allocation Failure) [PSYoungGen: 504960K->11872K(507904K)] 950732K->467661K(1032192K), 0.0287802 secs] [Times: user=0.04 sys=0.04, real=0.03 secs] 
2021-05-29T01:34:50.005+0800: 1267441.685: [GC (Allocation Failure) [PSYoungGen: 503392K->11264K(507904K)] 959181K->476383K(1032192K), 0.0260080 secs] [Times: user=0.04 sys=0.04, real=0.02 secs] 
2021-05-29T01:39:04.332+0800: 1267696.012: [GC (Allocation Failure) [PSYoungGen: 502784K->12896K(506880K)] 967903K->486354K(1031168K), 0.0285212 secs] [Times: user=0.04 sys=0.04, real=0.02 secs] 
2021-05-29T01:43:18.739+0800: 1267950.419: [GC (Allocation Failure) [PSYoungGen: 503392K->11424K(507392K)] 976850K->494820K(1031680K), 0.0243097 secs] [Times: user=0.04 sys=0.04, real=0.03 secs] 
2021-05-29T01:47:34.240+0800: 1268205.919: [GC (Allocation Failure) [PSYoungGen: 501920K->9824K(508416K)] 985316K->502565K(1032704K), 0.0243434 secs] [Times: user=0.04 sys=0.04, real=0.03 secs] 
2021-05-29T01:51:53.776+0800: 1268465.456: [GC (Allocation Failure) [PSYoungGen: 501856K->7200K(507904K)] 994597K->508214K(1032192K), 0.0326666 secs] [Times: user=0.04 sys=0.04, real=0.03 secs] 
2021-05-29T01:56:11.206+0800: 1268722.885: [GC (Allocation Failure) [PSYoungGen: 499232K->7648K(508416K)] 1000246K->514210K(1032704K), 0.0232232 secs] [Times: user=0.03 sys=0.04, real=0.02 secs] 
2021-05-29T02:00:28.708+0800: 1268980.387: [GC (Allocation Failure) [PSYoungGen: 500192K->8896K(508416K)] 1006754K->521781K(1032704K), 0.0232686 secs] [Times: user=0.04 sys=0.03, real=0.02 secs] 
2021-05-29T02:00:28.731+0800: 1268980.411: [Full GC (Ergonomics) [PSYoungGen: 8896K->0K(508416K)] [ParOldGen: 512885K->301876K(524288K)] 521781K->301876K(1032704K), [Metaspace: 96243K->96239K(1138688K)], 0.4369527 secs] [Times: user=1.01 sys=0.00, real=0.44 secs] 
2021-05-29T02:04:49.345+0800: 1269241.024: [GC (Allocation Failure) [PSYoungGen: 492544K->10688K(508928K)] 794420K->312564K(1033216K), 0.0220448 secs] [Times: user=0.03 sys=0.03, real=0.02 secs] 
2021-05-29T02:09:05.215+0800: 1269496.895: [GC (Allocation Failure) [PSYoungGen: 504256K->10880K(508928K)] 806132K->321438K(1033216K), 0.0274344 secs] [Times: user=0.05 sys=0.04, real=0.03 secs] 
2021-05-29T02:13:23.120+0800: 1269754.800: [GC (Allocation Failure) [PSYoungGen: 504448K->11776K(508928K)] 815006K->329692K(1033216K), 0.0231076 secs] [Times: user=0.03 sys=0.04, real=0.03 secs] 
2021-05-29T02:17:38.062+0800: 1270009.742: [GC (Allocation Failure) [PSYoungGen: 505344K->12160K(508928K)] 823260K->338791K(1033216K), 0.0270008 secs] [Times: user=0.07 sys=0.00, real=0.03 secs] 
2021-05-29T02:21:54.565+0800: 1270266.245: [GC (Allocation Failure) [PSYoungGen: 505728K->12096K(507904K)] 832359K->348473K(1032192K), 0.0275248 secs] [Times: user=0.04 sys=0.04, real=0.03 secs] 
2021-05-29T02:26:11.658+0800: 1270523.337: [GC (Allocation Failure) [PSYoungGen: 504640K->11136K(508416K)] 841017K->356933K(1032704K), 0.0352050 secs] [Times: user=0.04 sys=0.04, real=0.04 secs] 
2021-05-29T02:30:25.666+0800: 1270777.346: [GC (Allocation Failure) [PSYoungGen: 503680K->12352K(507904K)] 849477K->366976K(1032192K), 0.0256359 secs] [Times: user=0.04 sys=0.04, real=0.02 secs] 
2021-05-29T02:34:42.116+0800: 1271033.796: [GC (Allocation Failure) [PSYoungGen: 504896K->6752K(508416K)] 859520K->371534K(1032704K), 0.0584645 secs] [Times: user=0.04 sys=0.04, real=0.06 secs] 
2021-05-29T02:39:00.145+0800: 1271291.825: [GC (Allocation Failure) [PSYoungGen: 499296K->6496K(508416K)] 864078K->376218K(1032704K), 0.0220852 secs] [Times: user=0.03 sys=0.03, real=0.02 secs] 
2021-05-29T02:43:18.810+0800: 1271550.490: [GC (Allocation Failure) [PSYoungGen: 499040K->7712K(508416K)] 868762K->382325K(1032704K), 0.0631897 secs] [Times: user=0.03 sys=0.03, real=0.07 secs] 
2021-05-29T02:47:37.209+0800: 1271808.888: [GC (Allocation Failure) [PSYoungGen: 500256K->7968K(508928K)] 874869K->388951K(1033216K), 0.0446689 secs] [Times: user=0.07 sys=0.00, real=0.05 secs] 
2021-05-29T02:51:53.845+0800: 1272065.524: [GC (Allocation Failure) [PSYoungGen: 501024K->10784K(508416K)] 882007K->398052K(1032704K), 0.0321803 secs] [Times: user=0.04 sys=0.05, real=0.03 secs] 
2021-05-29T02:56:10.694+0800: 1272322.374: [GC (Allocation Failure) [PSYoungGen: 503840K->11520K(508928K)] 891108K->406631K(1033216K), 0.0242074 secs] [Times: user=0.04 sys=0.04, real=0.02 secs] 
2021-05-29T03:00:32.397+0800: 1272584.076: [GC (Allocation Failure) [PSYoungGen: 505088K->6336K(508928K)] 900199K->410879K(1033216K), 0.0420044 secs] [Times: user=0.10 sys=0.00, real=0.04 secs] 
2021-05-29T03:04:49.353+0800: 1272841.033: [GC (Allocation Failure) [PSYoungGen: 499904K->10944K(508928K)] 904447K->420301K(1033216K), 0.0270520 secs] [Times: user=0.04 sys=0.03, real=0.02 secs] 
2021-05-29T03:09:04.233+0800: 1273095.912: [GC (Allocation Failure) [PSYoungGen: 504512K->13088K(506880K)] 913869K->431153K(1031168K), 0.0269981 secs] [Times: user=0.08 sys=0.00, real=0.02 secs] 
2021-05-29T03:13:21.127+0800: 1273352.807: [GC (Allocation Failure) [PSYoungGen: 506656K->8896K(508416K)] 924721K->436370K(1032704K), 0.0221524 secs] [Times: user=0.04 sys=0.03, real=0.02 secs] 
2021-05-29T03:17:38.768+0800: 1273610.447: [GC (Allocation Failure) [PSYoungGen: 500928K->5472K(507904K)] 928402K->440257K(1032192K), 0.0218054 secs] [Times: user=0.04 sys=0.03, real=0.02 secs] 
2021-05-29T03:21:54.085+0800: 1273865.765: [GC (Allocation Failure) [PSYoungGen: 497504K->9952K(508928K)] 932289K->448824K(1033216K), 0.0234108 secs] [Times: user=0.04 sys=0.04, real=0.02 secs] 
2021-05-29T03:26:13.424+0800: 1274125.104: [GC (Allocation Failure) [PSYoungGen: 503008K->8096K(508416K)] 941880K->454929K(1032704K), 0.0219466 secs] [Times: user=0.04 sys=0.04, real=0.02 secs] 
2021-05-29T03:30:33.004+0800: 1274384.684: [GC (Allocation Failure) [PSYoungGen: 501152K->7328K(509440K)] 947985K->460244K(1033728K), 0.0241030 secs] [Times: user=0.04 sys=0.03, real=0.02 secs] 
2021-05-29T03:34:48.875+0800: 1274640.555: [GC (Allocation Failure) [PSYoungGen: 501408K->11424K(508928K)] 954324K->469650K(1033216K), 0.0269804 secs] [Times: user=0.04 sys=0.04, real=0.03 secs] 
2021-05-29T03:39:06.135+0800: 1274897.815: [GC (Allocation Failure) [PSYoungGen: 505504K->11232K(508928K)] 963730K->477891K(1033216K), 0.0244419 secs] [Times: user=0.03 sys=0.03, real=0.02 secs] 
2021-05-29T03:43:26.460+0800: 1275158.140: [GC (Allocation Failure) [PSYoungGen: 504800K->6464K(508928K)] 971459K->482746K(1033216K), 0.0239546 secs] [Times: user=0.04 sys=0.03, real=0.03 secs] 
2021-05-29T03:47:43.927+0800: 1275415.607: [GC (Allocation Failure) [PSYoungGen: 500032K->10720K(508928K)] 976314K->492142K(1033216K), 0.0234461 secs] [Times: user=0.04 sys=0.04, real=0.02 secs] 
2021-05-29T03:51:59.911+0800: 1275671.591: [GC (Allocation Failure) [PSYoungGen: 504288K->11392K(508928K)] 985710K->500746K(1033216K), 0.0266071 secs] [Times: user=0.04 sys=0.04, real=0.03 secs] 
2021-05-29T03:56:17.702+0800: 1275929.382: [GC (Allocation Failure) [PSYoungGen: 504960K->9376K(509440K)] 994314K->507340K(1033728K), 0.0254827 secs] [Times: user=0.05 sys=0.04, real=0.02 secs] 
2021-05-29T04:00:33.921+0800: 1276185.600: [GC (Allocation Failure) [PSYoungGen: 503456K->8320K(508928K)] 1001420K->514037K(1033216K), 0.0368568 secs] [Times: user=0.03 sys=0.04, real=0.04 secs] 
2021-05-29T04:04:55.396+0800: 1276447.075: [GC (Allocation Failure) [PSYoungGen: 502400K->7360K(509952K)] 1008117K->519305K(1034240K), 0.0274104 secs] [Times: user=0.04 sys=0.04, real=0.03 secs] 
2021-05-29T04:09:14.071+0800: 1276705.750: [GC (Allocation Failure) [PSYoungGen: 502464K->12064K(509440K)] 1014409K->530029K(1033728K), 0.0269903 secs] [Times: user=0.08 sys=0.00, real=0.03 secs] 
2021-05-29T04:09:14.098+0800: 1276705.778: [Full GC (Ergonomics) [PSYoungGen: 12064K->0K(509440K)] [ParOldGen: 517965K->303192K(524288K)] 530029K->303192K(1033728K), [Metaspace: 96243K->96243K(1138688K)], 0.4961049 secs] [Times: user=1.11 sys=0.00, real=0.50 secs] 
2021-05-29T04:13:30.856+0800: 1276962.536: [GC (Allocation Failure) [PSYoungGen: 495104K->12672K(507392K)] 798296K->315864K(1031680K), 0.0213121 secs] [Times: user=0.04 sys=0.04, real=0.02 secs] 
2021-05-29T04:17:45.278+0800: 1277216.957: [GC (Allocation Failure) [PSYoungGen: 505216K->10208K(508416K)] 808408K->324824K(1032704K), 0.0243755 secs] [Times: user=0.04 sys=0.04, real=0.03 secs] 
2021-05-29T04:22:02.078+0800: 1277473.757: [GC (Allocation Failure) [PSYoungGen: 502752K->10176K(509440K)] 817368K->332900K(1033728K), 0.0258334 secs] [Times: user=0.03 sys=0.04, real=0.03 secs] 
2021-05-29T04:26:15.867+0800: 1277727.547: [GC (Allocation Failure) [PSYoungGen: 504256K->11744K(508928K)] 826980K->342630K(1033216K), 0.0237355 secs] [Times: user=0.04 sys=0.04, real=0.02 secs] 
2021-05-29T04:30:33.176+0800: 1277984.856: [GC (Allocation Failure) [PSYoungGen: 505824K->9760K(509440K)] 836710K->349959K(1033728K), 0.0327553 secs] [Times: user=0.03 sys=0.04, real=0.03 secs] 
2021-05-29T04:34:52.012+0800: 1278243.692: [GC (Allocation Failure) [PSYoungGen: 504352K->10848K(509440K)] 844551K->357980K(1033728K), 0.0255035 secs] [Times: user=0.04 sys=0.04, real=0.03 secs] 
2021-05-29T04:39:11.905+0800: 1278503.585: [GC (Allocation Failure) [PSYoungGen: 505440K->8448K(509952K)] 852572K->363636K(1034240K), 0.0216570 secs] [Times: user=0.04 sys=0.04, real=0.02 secs] 
2021-05-29T04:43:32.530+0800: 1278764.210: [GC (Allocation Failure) [PSYoungGen: 504064K->8288K(509952K)] 859252K->370470K(1034240K), 0.0234965 secs] [Times: user=0.04 sys=0.04, real=0.03 secs] 
2021-05-29T04:47:49.640+0800: 1279021.320: [GC (Allocation Failure) [PSYoungGen: 503904K->11008K(509952K)] 866086K->379836K(1034240K), 0.0301948 secs] [Times: user=0.04 sys=0.04, real=0.03 secs] 
2021-05-29T04:52:08.780+0800: 1279280.460: [GC (Allocation Failure) [PSYoungGen: 506624K->9280K(509952K)] 875452K->387333K(1034240K), 0.0251692 secs] [Times: user=0.04 sys=0.04, real=0.03 secs] 
2021-05-29T04:56:24.804+0800: 1279536.484: [GC (Allocation Failure) [PSYoungGen: 504896K->13536K(508416K)] 882949K->398713K(1032704K), 0.0265961 secs] [Times: user=0.03 sys=0.04, real=0.02 secs] 
2021-05-29T05:00:44.298+0800: 1279795.978: [GC (Allocation Failure) [PSYoungGen: 508128K->10336K(509440K)] 893305K->405794K(1033728K), 0.0240449 secs] [Times: user=0.04 sys=0.04, real=0.03 secs] 
2021-05-29T05:05:00.823+0800: 1280052.502: [GC (Allocation Failure) [PSYoungGen: 504928K->10336K(509952K)] 900386K->413861K(1034240K), 0.0229247 secs] [Times: user=0.04 sys=0.04, real=0.02 secs] 
2021-05-29T05:09:18.582+0800: 1280310.262: [GC (Allocation Failure) [PSYoungGen: 505952K->12640K(508416K)] 909477K->424240K(1032704K), 0.0241461 secs] [Times: user=0.07 sys=0.00, real=0.02 secs] 
2021-05-29T05:13:36.529+0800: 1280568.209: [GC (Allocation Failure) [PSYoungGen: 508256K->10112K(509952K)] 919856K->431097K(1034240K), 0.0236038 secs] [Times: user=0.04 sys=0.03, real=0.03 secs] 
2021-05-29T05:17:56.922+0800: 1280828.601: [GC (Allocation Failure) [PSYoungGen: 505216K->8960K(509440K)] 926201K->437964K(1033728K), 0.0243608 secs] [Times: user=0.04 sys=0.04, real=0.03 secs] 
2021-05-29T05:22:15.727+0800: 1281087.406: [GC (Allocation Failure) [PSYoungGen: 504064K->7296K(509952K)] 933068K->444022K(1034240K), 0.0230487 secs] [Times: user=0.03 sys=0.04, real=0.02 secs] 
2021-05-29T05:26:34.753+0800: 1281346.433: [GC (Allocation Failure) [PSYoungGen: 502912K->9824K(509952K)] 939638K->452106K(1034240K), 0.0284190 secs] [Times: user=0.04 sys=0.04, real=0.02 secs] 
2021-05-29T05:30:52.303+0800: 1281603.982: [GC (Allocation Failure) [PSYoungGen: 505440K->9056K(510464K)] 947722K->458788K(1034752K), 0.0349188 secs] [Times: user=0.04 sys=0.04, real=0.03 secs] 
2021-05-29T05:35:08.906+0800: 1281860.586: [GC (Allocation Failure) [PSYoungGen: 505696K->12672K(509440K)] 955428K->469352K(1033728K), 0.0251866 secs] [Times: user=0.03 sys=0.04, real=0.02 secs] 
2021-05-29T05:39:27.860+0800: 1282119.539: [GC (Allocation Failure) [PSYoungGen: 509312K->10560K(509952K)] 965992K->476362K(1034240K), 0.0236275 secs] [Times: user=0.04 sys=0.04, real=0.03 secs] 
2021-05-29T05:43:49.166+0800: 1282380.846: [GC (Allocation Failure) [PSYoungGen: 506176K->9216K(509952K)] 971978K->482708K(1034240K), 0.0296363 secs] [Times: user=0.04 sys=0.04, real=0.03 secs] 
2021-05-29T05:48:08.170+0800: 1282639.850: [GC (Allocation Failure) [PSYoungGen: 504832K->10368K(510464K)] 978324K->490607K(1034752K), 0.0249500 secs] [Times: user=0.08 sys=0.00, real=0.03 secs] 
2021-05-29T05:52:26.893+0800: 1282898.573: [GC (Allocation Failure) [PSYoungGen: 507008K->11744K(510464K)] 987247K->499922K(1034752K), 0.0241109 secs] [Times: user=0.03 sys=0.04, real=0.02 secs] 
2021-05-29T05:56:47.449+0800: 1283159.129: [GC (Allocation Failure) [PSYoungGen: 508384K->10976K(510464K)] 996562K->508259K(1034752K), 0.0379092 secs] [Times: user=0.03 sys=0.04, real=0.04 secs] 
2021-05-29T06:01:05.666+0800: 1283417.346: [GC (Allocation Failure) [PSYoungGen: 507616K->9920K(510464K)] 1004899K->514749K(1034752K), 0.0285678 secs] [Times: user=0.04 sys=0.03, real=0.03 secs] 
2021-05-29T06:05:25.016+0800: 1283676.695: [GC (Allocation Failure) [PSYoungGen: 506560K->8928K(510464K)] 1011389K->521757K(1034752K), 0.0256504 secs] [Times: user=0.04 sys=0.04, real=0.02 secs] 
2021-05-29T06:09:44.060+0800: 1283935.740: [GC (Allocation Failure) [PSYoungGen: 505568K->8480K(510464K)] 1018397K->527953K(1034752K), 0.0238259 secs] [Times: user=0.04 sys=0.03, real=0.03 secs] 
2021-05-29T06:09:44.085+0800: 1283935.764: [Full GC (Ergonomics) [PSYoungGen: 8480K->0K(510464K)] [ParOldGen: 519473K->300816K(524288K)] 527953K->300816K(1034752K), [Metaspace: 96243K->96243K(1138688K)], 0.4900325 secs] [Times: user=1.09 sys=0.00, real=0.49 secs] 
2021-05-29T06:14:01.663+0800: 1284193.343: [GC (Allocation Failure) [PSYoungGen: 496640K->10176K(510976K)] 797456K->310992K(1035264K), 0.0175398 secs] [Times: user=0.02 sys=0.03, real=0.01 secs] 
2021-05-29T06:18:21.402+0800: 1284453.082: [GC (Allocation Failure) [PSYoungGen: 507840K->9536K(510976K)] 808656K->319433K(1035264K), 0.0297861 secs] [Times: user=0.05 sys=0.04, real=0.03 secs] 
2021-05-29T06:22:41.905+0800: 1284713.585: [GC (Allocation Failure) [PSYoungGen: 507200K->9280K(511488K)] 817097K->326953K(1035776K), 0.0233454 secs] [Times: user=0.03 sys=0.04, real=0.02 secs] 
2021-05-29T06:27:02.417+0800: 1284974.096: [GC (Allocation Failure) [PSYoungGen: 507456K->7808K(510976K)] 825129K->332269K(1035264K), 0.0633960 secs] [Times: user=0.04 sys=0.04, real=0.06 secs] 
2021-05-29T06:31:22.977+0800: 1285234.657: [GC (Allocation Failure) [PSYoungGen: 505984K->7232K(510464K)] 830445K->337832K(1034752K), 0.0451692 secs] [Times: user=0.03 sys=0.03, real=0.05 secs] 
2021-05-29T06:35:41.257+0800: 1285492.936: [GC (Allocation Failure) [PSYoungGen: 504896K->10720K(510976K)] 835496K->347556K(1035264K), 0.0221775 secs] [Times: user=0.04 sys=0.03, real=0.02 secs] 
2021-05-29T06:40:00.798+0800: 1285752.478: [GC (Allocation Failure) [PSYoungGen: 508384K->10176K(510976K)] 845220K->356181K(1035264K), 0.0343818 secs] [Times: user=0.09 sys=0.00, real=0.04 secs] 
2021-05-29T06:44:23.132+0800: 1286014.812: [GC (Allocation Failure) [PSYoungGen: 507840K->8256K(510976K)] 853845K->362431K(1035264K), 0.0270031 secs] [Times: user=0.07 sys=0.00, real=0.03 secs] 
2021-05-29T06:48:44.823+0800: 1286276.503: [GC (Allocation Failure) [PSYoungGen: 505920K->6624K(510464K)] 860095K->367617K(1034752K), 0.0223984 secs] [Times: user=0.04 sys=0.03, real=0.02 secs] 
2021-05-29T06:53:07.436+0800: 1286539.115: [GC (Allocation Failure) [PSYoungGen: 504288K->6528K(510976K)] 865281K->372972K(1035264K), 0.0215488 secs] [Times: user=0.04 sys=0.03, real=0.02 secs] 
2021-05-29T06:57:20.502+0800: 1286792.181: [GC (Allocation Failure) [PSYoungGen: 504192K->9450K(511488K)] 870636K->381243K(1035776K), 0.0236507 secs] [Times: user=0.04 sys=0.04, real=0.03 secs] 
2021-05-29T07:01:40.884+0800: 1287052.564: [GC (Allocation Failure) [PSYoungGen: 507626K->7648K(510976K)] 879419K->386638K(1035264K), 0.0223230 secs] [Times: user=0.03 sys=0.03, real=0.02 secs] 
2021-05-29T07:05:58.633+0800: 1287310.313: [GC (Allocation Failure) [PSYoungGen: 505824K->11680K(510464K)] 884814K->396913K(1034752K), 0.0557604 secs] [Times: user=0.04 sys=0.04, real=0.05 secs] 
2021-05-29T07:10:14.559+0800: 1287566.238: [GC (Allocation Failure) [PSYoungGen: 509344K->13280K(510976K)] 894577K->407374K(1035264K), 0.0278725 secs] [Times: user=0.03 sys=0.04, real=0.03 secs] 
2021-05-29T07:14:33.786+0800: 1287825.465: [GC (Allocation Failure) [PSYoungGen: 510944K->8000K(502784K)] 905038K->412525K(1027072K), 0.0749371 secs] [Times: user=0.03 sys=0.03, real=0.07 secs] 
2021-05-29T07:18:47.080+0800: 1288078.759: [GC (Allocation Failure) [PSYoungGen: 497472K->10400K(506880K)] 901997K->421480K(1031168K), 0.0325625 secs] [Times: user=0.07 sys=0.00, real=0.04 secs] 
2021-05-29T07:22:59.033+0800: 1288330.713: [GC (Allocation Failure) [PSYoungGen: 499872K->12416K(506368K)] 910952K->431780K(1030656K), 0.0268516 secs] [Times: user=0.03 sys=0.04, real=0.02 secs] 
2021-05-29T07:27:14.617+0800: 1288586.297: [GC (Allocation Failure) [PSYoungGen: 501888K->11840K(506880K)] 921252K->440486K(1031168K), 0.0259981 secs] [Times: user=0.04 sys=0.03, real=0.03 secs] 
2021-05-29T07:31:31.214+0800: 1288842.893: [GC (Allocation Failure) [PSYoungGen: 501312K->8512K(507392K)] 929958K->447277K(1031680K), 0.0277739 secs] [Times: user=0.04 sys=0.04, real=0.02 secs] 
2021-05-29T07:35:49.846+0800: 1289101.525: [GC (Allocation Failure) [PSYoungGen: 499008K->6560K(507392K)] 937773K->452327K(1031680K), 0.0211463 secs] [Times: user=0.07 sys=0.00, real=0.02 secs] 
2021-05-29T07:40:08.134+0800: 1289359.814: [GC (Allocation Failure) [PSYoungGen: 497056K->7584K(507904K)] 942823K->458692K(1032192K), 0.0214806 secs] [Times: user=0.06 sys=0.00, real=0.02 secs] 
2021-05-29T07:44:24.943+0800: 1289616.622: [GC (Allocation Failure) [PSYoungGen: 498592K->7232K(507392K)] 949700K->465126K(1031680K), 0.0234248 secs] [Times: user=0.04 sys=0.03, real=0.02 secs] 
2021-05-29T07:48:42.235+0800: 1289873.915: [GC (Allocation Failure) [PSYoungGen: 498240K->8128K(508416K)] 956134K->471842K(1032704K), 0.0244837 secs] [Times: user=0.07 sys=0.00, real=0.02 secs] 
2021-05-29T07:52:54.921+0800: 1290126.600: [GC (Allocation Failure) [PSYoungGen: 500160K->10624K(507904K)] 963874K->481094K(1032192K), 0.0265209 secs] [Times: user=0.03 sys=0.04, real=0.03 secs] 
2021-05-29T07:57:12.735+0800: 1290384.415: [GC (Allocation Failure) [PSYoungGen: 502653K->9312K(508928K)] 973124K->488376K(1033216K), 0.0405735 secs] [Times: user=0.04 sys=0.04, real=0.04 secs] 
2021-05-29T08:01:30.956+0800: 1290642.635: [GC (Allocation Failure) [PSYoungGen: 502368K->7360K(508416K)] 981432K->494154K(1032704K), 0.0268292 secs] [Times: user=0.03 sys=0.04, real=0.03 secs] 
2021-05-29T08:05:46.462+0800: 1290898.142: [GC (Allocation Failure) [PSYoungGen: 500416K->13248K(507392K)] 987210K->505511K(1031680K), 0.0382119 secs] [Times: user=0.04 sys=0.04, real=0.03 secs] 
2021-05-29T08:10:02.101+0800: 1291153.781: [GC (Allocation Failure) [PSYoungGen: 505792K->9952K(508416K)] 998055K->512081K(1032704K), 0.0231903 secs] [Times: user=0.04 sys=0.03, real=0.03 secs] 
2021-05-29T08:14:21.227+0800: 1291412.907: [GC (Allocation Failure) [PSYoungGen: 502496K->9024K(509440K)] 1004625K->518580K(1033728K), 0.0217820 secs] [Times: user=0.03 sys=0.04, real=0.02 secs] 
2021-05-29T08:18:39.451+0800: 1291671.131: [GC (Allocation Failure) [PSYoungGen: 503104K->7616K(508928K)] 1012660K->525308K(1033216K), 0.0235044 secs] [Times: user=0.03 sys=0.04, real=0.03 secs] 
2021-05-29T08:18:39.475+0800: 1291671.155: [Full GC (Ergonomics) [PSYoungGen: 7616K->0K(508928K)] [ParOldGen: 517692K->298418K(524288K)] 525308K->298418K(1033216K), [Metaspace: 96243K->96243K(1138688K)], 0.5755923 secs] [Times: user=1.12 sys=0.00, real=0.57 secs] 
2021-05-29T08:22:58.321+0800: 1291930.001: [GC (Allocation Failure) [PSYoungGen: 494080K->7296K(509440K)] 792498K->305714K(1033728K), 0.0309232 secs] [Times: user=0.06 sys=0.00, real=0.04 secs] 
2021-05-29T08:27:14.931+0800: 1292186.611: [GC (Allocation Failure) [PSYoungGen: 501888K->11040K(509440K)] 800306K->315461K(1033728K), 0.0237922 secs] [Times: user=0.07 sys=0.00, real=0.03 secs] 
2021-05-29T08:31:33.296+0800: 1292444.976: [GC (Allocation Failure) [PSYoungGen: 505632K->9824K(509952K)] 810053K->323165K(1034240K), 0.0248310 secs] [Times: user=0.08 sys=0.00, real=0.02 secs] 
2021-05-29T08:35:49.653+0800: 1292701.332: [GC (Allocation Failure) [PSYoungGen: 504928K->10720K(509440K)] 818269K->332223K(1033728K), 0.0486978 secs] [Times: user=0.06 sys=0.05, real=0.04 secs] 
2021-05-29T08:40:05.956+0800: 1292957.636: [GC (Allocation Failure) [PSYoungGen: 505824K->10496K(509952K)] 827327K->340218K(1034240K), 0.0218308 secs] [Times: user=0.04 sys=0.03, real=0.02 secs] 
2021-05-29T08:44:27.869+0800: 1293219.548: [GC (Allocation Failure) [PSYoungGen: 506112K->8576K(509952K)] 835834K->345963K(1034240K), 0.0231008 secs] [Times: user=0.04 sys=0.03, real=0.02 secs] 
2021-05-29T08:48:43.855+0800: 1293475.534: [GC (Allocation Failure) [PSYoungGen: 504192K->11552K(509952K)] 841579K->355432K(1034240K), 0.0609605 secs] [Times: user=0.07 sys=0.00, real=0.06 secs] 
2021-05-29T08:52:59.858+0800: 1293731.537: [GC (Allocation Failure) [PSYoungGen: 507168K->11072K(509952K)] 851048K->364019K(1034240K), 0.0240295 secs] [Times: user=0.04 sys=0.04, real=0.02 secs] 
2021-05-29T08:57:16.885+0800: 1293988.565: [GC (Allocation Failure) [PSYoungGen: 506688K->8352K(509952K)] 859635K->370674K(1034240K), 0.0312387 secs] [Times: user=0.05 sys=0.05, real=0.03 secs] 
2021-05-29T09:01:35.157+0800: 1294246.837: [GC (Allocation Failure) [PSYoungGen: 503968K->9184K(509952K)] 866290K->377821K(1034240K), 0.0240662 secs] [Times: user=0.03 sys=0.05, real=0.02 secs] 
2021-05-29T09:05:55.409+0800: 1294507.089: [GC (Allocation Failure) [PSYoungGen: 504800K->7520K(510464K)] 873437K->383918K(1034752K), 0.0234804 secs] [Times: user=0.04 sys=0.04, real=0.03 secs] 
2021-05-29T09:10:09.489+0800: 1294761.169: [GC (Allocation Failure) [PSYoungGen: 504160K->5706K(502784K)] 880558K->388338K(1027072K), 0.0228276 secs] [Times: user=0.03 sys=0.03, real=0.03 secs] 
2021-05-29T09:14:28.456+0800: 1295020.136: [GC (Allocation Failure) [PSYoungGen: 502346K->8288K(510464K)] 884978K->395048K(1034752K), 0.0218396 secs] [Times: user=0.03 sys=0.03, real=0.02 secs] 
2021-05-29T09:18:46.324+0800: 1295278.003: [GC (Allocation Failure) [PSYoungGen: 504416K->8512K(509952K)] 891176K->401243K(1034240K), 0.0302797 secs] [Times: user=0.09 sys=0.00, real=0.03 secs] 
2021-05-29T09:23:06.388+0800: 1295538.068: [GC (Allocation Failure) [PSYoungGen: 504640K->7328K(510976K)] 897371K->407068K(1035264K), 0.0293728 secs] [Times: user=0.09 sys=0.00, real=0.03 secs] 
2021-05-29T09:27:25.204+0800: 1295796.884: [GC (Allocation Failure) [PSYoungGen: 504992K->8672K(510976K)] 904732K->414287K(1035264K), 0.0256995 secs] [Times: user=0.03 sys=0.04, real=0.02 secs] 
2021-05-29T09:31:46.283+0800: 1296057.962: [GC (Allocation Failure) [PSYoungGen: 506336K->7200K(511488K)] 911951K->419473K(1035776K), 0.0225069 secs] [Times: user=0.08 sys=0.00, real=0.02 secs] 
2021-05-29T09:36:05.898+0800: 1296317.578: [GC (Allocation Failure) [PSYoungGen: 505888K->11584K(510464K)] 918161K->429582K(1034752K), 0.0239576 secs] [Times: user=0.04 sys=0.03, real=0.03 secs] 
2021-05-29T09:40:24.826+0800: 1296576.505: [GC (Allocation Failure) [PSYoungGen: 510272K->9888K(510976K)] 928270K->437248K(1035264K), 0.0192218 secs] [Times: user=0.03 sys=0.03, real=0.02 secs] 
2021-05-29T09:44:41.774+0800: 1296833.453: [GC (Allocation Failure) [PSYoungGen: 507552K->8544K(510976K)] 934912K->443408K(1035264K), 0.0239150 secs] [Times: user=0.04 sys=0.04, real=0.02 secs] 
2021-05-29T09:48:59.802+0800: 1297091.482: [GC (Allocation Failure) [PSYoungGen: 506208K->8640K(511488K)] 941072K->450987K(1035776K), 0.0226461 secs] [Times: user=0.04 sys=0.04, real=0.03 secs] 
2021-05-29T09:53:22.410+0800: 1297354.089: [GC (Allocation Failure) [PSYoungGen: 506816K->7776K(510976K)] 949163K->457732K(1035264K), 0.0204736 secs] [Times: user=0.06 sys=0.00, real=0.02 secs] 
2021-05-29T09:57:45.181+0800: 1297616.861: [GC (Allocation Failure) [PSYoungGen: 505952K->8928K(512000K)] 955908K->464888K(1036288K), 0.0214774 secs] [Times: user=0.03 sys=0.03, real=0.03 secs] 
2021-05-29T10:02:06.073+0800: 1297877.753: [GC (Allocation Failure) [PSYoungGen: 508128K->8416K(511488K)] 964088K->471587K(1035776K), 0.0206026 secs] [Times: user=0.03 sys=0.03, real=0.02 secs] 
2021-05-29T10:06:26.112+0800: 1298137.791: [GC (Allocation Failure) [PSYoungGen: 507616K->9440K(512512K)] 970787K->479182K(1036800K), 0.0218285 secs] [Times: user=0.04 sys=0.03, real=0.03 secs] 
2021-05-29T10:10:45.884+0800: 1298397.564: [GC (Allocation Failure) [PSYoungGen: 510176K->8096K(512512K)] 979918K->485880K(1036800K), 0.0237070 secs] [Times: user=0.03 sys=0.04, real=0.02 secs] 
2021-05-29T10:15:06.521+0800: 1298658.201: [GC (Allocation Failure) [PSYoungGen: 508832K->11488K(511488K)] 986616K->495301K(1035776K), 0.0240317 secs] [Times: user=0.04 sys=0.04, real=0.03 secs] 
2021-05-29T10:19:26.516+0800: 1298918.196: [GC (Allocation Failure) [PSYoungGen: 511200K->11744K(511488K)] 995013K->505063K(1035776K), 0.0418520 secs] [Times: user=0.06 sys=0.06, real=0.04 secs] 
2021-05-29T10:23:46.846+0800: 1299178.526: [GC (Allocation Failure) [PSYoungGen: 511456K->8320K(511488K)] 1004775K->511015K(1035776K), 0.0508956 secs] [Times: user=0.04 sys=0.04, real=0.05 secs] 
2021-05-29T10:28:05.328+0800: 1299437.008: [GC (Allocation Failure) [PSYoungGen: 507008K->11520K(510464K)] 1009703K->520267K(1034752K), 0.0285720 secs] [Times: user=0.04 sys=0.04, real=0.03 secs] 
2021-05-29T10:32:23.704+0800: 1299695.384: [GC (Allocation Failure) [PSYoungGen: 510208K->10528K(510976K)] 1018955K->526943K(1035264K), 0.0252797 secs] [Times: user=0.04 sys=0.04, real=0.02 secs] 
2021-05-29T10:32:23.730+0800: 1299695.409: [Full GC (Ergonomics) [PSYoungGen: 10528K->0K(510976K)] [ParOldGen: 516415K->301222K(524288K)] 526943K->301222K(1035264K), [Metaspace: 96247K->96247K(1138688K)], 0.4850390 secs] [Times: user=1.06 sys=0.00, real=0.49 secs] 
2021-05-29T10:36:43.442+0800: 1299955.121: [GC (Allocation Failure) [PSYoungGen: 497664K->9248K(510976K)] 798886K->310470K(1035264K), 0.0200777 secs] [Times: user=0.03 sys=0.03, real=0.02 secs] 
2021-05-29T10:41:04.522+0800: 1300216.201: [GC (Allocation Failure) [PSYoungGen: 506912K->6656K(510976K)] 808134K->315558K(1035264K), 0.0207396 secs] [Times: user=0.03 sys=0.04, real=0.03 secs] 
2021-05-29T10:45:19.776+0800: 1300471.456: [GC (Allocation Failure) [PSYoungGen: 504320K->10208K(510976K)] 813222K->324651K(1035264K), 0.0235338 secs] [Times: user=0.03 sys=0.04, real=0.02 secs] 
2021-05-29T10:49:40.758+0800: 1300732.438: [GC (Allocation Failure) [PSYoungGen: 507872K->9408K(511488K)] 822315K->332140K(1035776K), 0.0252035 secs] [Times: user=0.08 sys=0.00, real=0.03 secs] 
2021-05-29T10:54:00.081+0800: 1300991.761: [GC (Allocation Failure) [PSYoungGen: 507584K->9440K(510976K)] 830316K->339702K(1035264K), 0.0243587 secs] [Times: user=0.08 sys=0.00, real=0.03 secs] 
2021-05-29T10:58:20.109+0800: 1301251.789: [GC (Allocation Failure) [PSYoungGen: 507616K->8064K(511488K)] 837878K->346566K(1035776K), 0.0250395 secs] [Times: user=0.04 sys=0.03, real=0.03 secs] 
2021-05-29T11:02:38.491+0800: 1301510.171: [GC (Allocation Failure) [PSYoungGen: 506752K->8448K(511488K)] 845254K->353193K(1035776K), 0.0226675 secs] [Times: user=0.03 sys=0.03, real=0.03 secs] 
2021-05-29T11:06:59.953+0800: 1301771.633: [GC (Allocation Failure) [PSYoungGen: 507136K->7776K(512000K)] 851881K->359395K(1036288K), 0.0266858 secs] [Times: user=0.03 sys=0.03, real=0.02 secs] 
2021-05-29T11:11:17.120+0800: 1302028.799: [GC (Allocation Failure) [PSYoungGen: 507488K->11424K(511488K)] 859107K->368743K(1035776K), 0.0235256 secs] [Times: user=0.04 sys=0.04, real=0.03 secs] 
2021-05-29T11:15:37.659+0800: 1302289.338: [GC (Allocation Failure) [PSYoungGen: 511136K->7936K(511488K)] 868455K->374208K(1035776K), 0.0216786 secs] [Times: user=0.03 sys=0.03, real=0.02 secs] 
2021-05-29T11:19:55.050+0800: 1302546.730: [GC (Allocation Failure) [PSYoungGen: 506624K->12448K(511488K)] 872896K->384045K(1035776K), 0.0262316 secs] [Times: user=0.07 sys=0.00, real=0.03 secs] 
2021-05-29T11:24:14.658+0800: 1302806.338: [GC (Allocation Failure) [PSYoungGen: 511136K->11936K(508416K)] 882733K->392520K(1032704K), 0.0253125 secs] [Times: user=0.03 sys=0.03, real=0.03 secs] 
2021-05-29T11:28:35.026+0800: 1303066.705: [GC (Allocation Failure) [PSYoungGen: 507552K->6752K(509952K)] 888136K->397286K(1034240K), 0.0217778 secs] [Times: user=0.04 sys=0.04, real=0.02 secs] 
2021-05-29T11:32:51.173+0800: 1303322.853: [GC (Allocation Failure) [PSYoungGen: 502368K->11968K(508928K)] 892902K->407851K(1033216K), 0.0246946 secs] [Times: user=0.04 sys=0.04, real=0.02 secs] 
2021-05-29T11:37:06.527+0800: 1303578.207: [GC (Allocation Failure) [PSYoungGen: 506560K->10336K(509440K)] 902443K->415078K(1033728K), 0.0332485 secs] [Times: user=0.04 sys=0.04, real=0.03 secs] 
2021-05-29T11:41:23.098+0800: 1303834.778: [GC (Allocation Failure) [PSYoungGen: 504928K->13056K(507904K)] 909670K->425449K(1032192K), 0.0559208 secs] [Times: user=0.03 sys=0.04, real=0.06 secs] 
2021-05-29T11:45:40.134+0800: 1304091.814: [GC (Allocation Failure) [PSYoungGen: 506624K->7968K(508928K)] 919017K->430295K(1033216K), 0.0253436 secs] [Times: user=0.03 sys=0.04, real=0.02 secs] 
2021-05-29T11:49:56.697+0800: 1304348.376: [GC (Allocation Failure) [PSYoungGen: 501536K->7584K(509440K)] 923863K->436097K(1033728K), 0.0344938 secs] [Times: user=0.04 sys=0.04, real=0.04 secs] 
2021-05-29T11:54:15.810+0800: 1304607.490: [GC (Allocation Failure) [PSYoungGen: 501664K->6656K(508928K)] 930177K->441012K(1033216K), 0.0203714 secs] [Times: user=0.03 sys=0.03, real=0.02 secs] 
2021-05-29T11:58:34.946+0800: 1304866.626: [GC (Allocation Failure) [PSYoungGen: 500736K->7072K(509440K)] 935092K->446544K(1033728K), 0.0218115 secs] [Times: user=0.03 sys=0.04, real=0.02 secs] 
2021-05-29T12:02:52.862+0800: 1305124.541: [GC (Allocation Failure) [PSYoungGen: 501664K->8096K(509440K)] 941136K->453356K(1033728K), 0.0355848 secs] [Times: user=0.03 sys=0.04, real=0.04 secs] 
2021-05-29T12:07:12.052+0800: 1305383.732: [GC (Allocation Failure) [PSYoungGen: 502688K->7040K(509952K)] 947948K->459150K(1034240K), 0.0236469 secs] [Times: user=0.03 sys=0.03, real=0.03 secs] 
2021-05-29T12:11:32.089+0800: 1305643.769: [GC (Allocation Failure) [PSYoungGen: 502656K->6784K(509952K)] 954766K->464074K(1034240K), 0.0623019 secs] [Times: user=0.04 sys=0.04, real=0.06 secs] 
2021-05-29T12:15:51.214+0800: 1305902.894: [GC (Allocation Failure) [PSYoungGen: 502400K->6400K(510464K)] 959690K->468981K(1034752K), 0.0210637 secs] [Times: user=0.03 sys=0.04, real=0.02 secs] 
2021-05-29T12:20:08.636+0800: 1306160.315: [GC (Allocation Failure) [PSYoungGen: 502528K->8448K(509952K)] 965109K->476177K(1034240K), 0.1021995 secs] [Times: user=0.04 sys=0.04, real=0.10 secs] 
2021-05-29T12:24:24.071+0800: 1306415.750: [GC (Allocation Failure) [PSYoungGen: 504576K->10880K(509952K)] 972305K->485612K(1034240K), 0.0246932 secs] [Times: user=0.04 sys=0.03, real=0.03 secs] 
2021-05-29T12:28:42.493+0800: 1306674.173: [GC (Allocation Failure) [PSYoungGen: 507520K->12704K(509440K)] 982252K->494617K(1033728K), 0.0235598 secs] [Times: user=0.03 sys=0.04, real=0.02 secs] 
2021-05-29T12:33:00.460+0800: 1306932.139: [GC (Allocation Failure) [PSYoungGen: 509344K->11552K(508416K)] 991257K->503619K(1032704K), 0.0271630 secs] [Times: user=0.04 sys=0.04, real=0.03 secs] 
2021-05-29T12:37:16.439+0800: 1307188.119: [GC (Allocation Failure) [PSYoungGen: 505120K->10464K(508928K)] 997187K->511484K(1033216K), 0.0230309 secs] [Times: user=0.03 sys=0.04, real=0.03 secs] 
2021-05-29T12:41:32.443+0800: 1307444.123: [GC (Allocation Failure) [PSYoungGen: 504032K->11648K(508928K)] 1005052K->520358K(1033216K), 0.0247538 secs] [Times: user=0.07 sys=0.00, real=0.02 secs] 
2021-05-29T12:45:43.652+0800: 1307695.332: [GC (Allocation Failure) [PSYoungGen: 505216K->13440K(507392K)] 1013926K->531169K(1031680K), 0.0264777 secs] [Times: user=0.04 sys=0.04, real=0.03 secs] 
2021-05-29T12:45:43.679+0800: 1307695.359: [Full GC (Ergonomics) [PSYoungGen: 13440K->0K(507392K)] [ParOldGen: 517729K->302260K(524288K)] 531169K->302260K(1031680K), [Metaspace: 96247K->96247K(1138688K)], 0.5249549 secs] [Times: user=1.00 sys=0.00, real=0.53 secs] 
2021-05-29T12:50:02.814+0800: 1307954.494: [GC (Allocation Failure) [PSYoungGen: 493568K->8224K(508416K)] 795828K->310484K(1032704K), 0.0220569 secs] [Times: user=0.03 sys=0.04, real=0.02 secs] 
2021-05-29T12:54:20.677+0800: 1308212.357: [GC (Allocation Failure) [PSYoungGen: 500256K->7200K(507904K)] 802516K->316661K(1032192K), 0.0218553 secs] [Times: user=0.03 sys=0.04, real=0.02 secs] 
2021-05-29T12:58:30.175+0800: 1308461.855: [GC (Allocation Failure) [PSYoungGen: 499232K->9930K(508928K)] 808693K->325258K(1033216K), 0.0214265 secs] [Times: user=0.02 sys=0.03, real=0.02 secs] 
2021-05-29T13:02:48.791+0800: 1308720.470: [GC (Allocation Failure) [PSYoungGen: 502983K->8928K(508416K)] 818311K->332581K(1032704K), 0.0212283 secs] [Times: user=0.03 sys=0.03, real=0.03 secs] 
2021-05-29T13:07:05.524+0800: 1308977.204: [GC (Allocation Failure) [PSYoungGen: 501984K->6720K(509440K)] 825637K->337950K(1033728K), 0.0242178 secs] [Times: user=0.04 sys=0.04, real=0.02 secs] 
2021-05-29T13:11:24.126+0800: 1309235.805: [GC (Allocation Failure) [PSYoungGen: 501312K->6400K(509440K)] 832542K->343057K(1033728K), 0.0212323 secs] [Times: user=0.03 sys=0.03, real=0.02 secs] 
2021-05-29T13:15:41.476+0800: 1309493.156: [GC (Allocation Failure) [PSYoungGen: 500992K->7008K(509440K)] 837649K->348477K(1033728K), 0.0209911 secs] [Times: user=0.03 sys=0.03, real=0.02 secs] 
2021-05-29T13:20:00.745+0800: 1309752.425: [GC (Allocation Failure) [PSYoungGen: 501600K->5600K(509440K)] 843069K->352767K(1033728K), 0.0191008 secs] [Times: user=0.03 sys=0.03, real=0.02 secs] 
2021-05-29T13:24:18.670+0800: 1310010.349: [GC (Allocation Failure) [PSYoungGen: 500192K->7104K(509952K)] 847359K->358196K(1034240K), 0.0302340 secs] [Times: user=0.04 sys=0.04, real=0.03 secs] 
2021-05-29T13:28:35.735+0800: 1310267.415: [GC (Allocation Failure) [PSYoungGen: 502208K->8672K(509440K)] 853300K->365679K(1033728K), 0.0227300 secs] [Times: user=0.04 sys=0.04, real=0.02 secs] 
2021-05-29T13:32:51.803+0800: 1310523.482: [GC (Allocation Failure) [PSYoungGen: 503776K->12128K(508416K)] 860783K->376051K(1032704K), 0.0264924 secs] [Times: user=0.04 sys=0.04, real=0.02 secs] 
2021-05-29T13:37:09.691+0800: 1310781.371: [GC (Allocation Failure) [PSYoungGen: 506720K->6112K(509440K)] 870643K->379066K(1033728K), 0.0259237 secs] [Times: user=0.03 sys=0.03, real=0.03 secs] 
2021-05-29T13:41:27.949+0800: 1311039.629: [GC (Allocation Failure) [PSYoungGen: 500704K->7808K(509952K)] 873658K->385933K(1034240K), 0.0268426 secs] [Times: user=0.03 sys=0.05, real=0.03 secs] 
2021-05-29T13:45:48.266+0800: 1311299.946: [GC (Allocation Failure) [PSYoungGen: 503424K->8032K(509952K)] 881549K->392688K(1034240K), 0.0247379 secs] [Times: user=0.03 sys=0.04, real=0.02 secs] 
2021-05-29T13:50:05.666+0800: 1311557.345: [GC (Allocation Failure) [PSYoungGen: 503648K->8224K(510976K)] 888304K->399125K(1035264K), 0.0254790 secs] [Times: user=0.03 sys=0.04, real=0.02 secs] 
2021-05-29T13:54:23.999+0800: 1311815.678: [GC (Allocation Failure) [PSYoungGen: 505376K->7488K(510464K)] 896277K->404736K(1034752K), 0.0206404 secs] [Times: user=0.03 sys=0.03, real=0.02 secs] 
2021-05-29T13:58:43.987+0800: 1312075.667: [GC (Allocation Failure) [PSYoungGen: 504640K->8896K(511488K)] 901888K->412459K(1035776K), 0.0241312 secs] [Times: user=0.07 sys=0.00, real=0.02 secs] 
2021-05-29T14:03:06.669+0800: 1312338.349: [GC (Allocation Failure) [PSYoungGen: 507584K->9984K(511488K)] 911147K->420942K(1035776K), 0.0273898 secs] [Times: user=0.07 sys=0.00, real=0.03 secs] 
2021-05-29T14:07:26.208+0800: 1312597.887: [GC (Allocation Failure) [PSYoungGen: 508672K->10304K(510464K)] 919630K->429225K(1034752K), 0.0249803 secs] [Times: user=0.04 sys=0.04, real=0.03 secs] 
2021-05-29T14:11:45.282+0800: 1312856.961: [GC (Allocation Failure) [PSYoungGen: 507968K->8736K(510976K)] 926889K->436098K(1035264K), 0.0209174 secs] [Times: user=0.03 sys=0.03, real=0.03 secs] 
2021-05-29T14:16:05.341+0800: 1313117.021: [GC (Allocation Failure) [PSYoungGen: 506400K->7648K(512000K)] 933762K->441669K(1036288K), 0.0231462 secs] [Times: user=0.04 sys=0.04, real=0.03 secs] 
2021-05-29T14:20:29.525+0800: 1313381.205: [GC (Allocation Failure) [PSYoungGen: 506848K->7296K(511488K)] 940869K->447263K(1035776K), 0.0257435 secs] [Times: user=0.03 sys=0.04, real=0.02 secs] 
2021-05-29T14:24:49.151+0800: 1313640.830: [GC (Allocation Failure) [PSYoungGen: 506496K->9568K(512000K)] 946463K->454419K(1036288K), 0.0734180 secs] [Times: user=0.04 sys=0.05, real=0.08 secs] 
2021-05-29T14:29:10.853+0800: 1313902.532: [GC (Allocation Failure) [PSYoungGen: 509280K->9760K(512000K)] 954131K->461925K(1036288K), 0.0255753 secs] [Times: user=0.03 sys=0.03, real=0.02 secs] 
2021-05-29T14:33:29.603+0800: 1314161.283: [GC (Allocation Failure) [PSYoungGen: 509472K->6816K(512000K)] 961637K->466966K(1036288K), 0.0307066 secs] [Times: user=0.04 sys=0.04, real=0.03 secs] 
2021-05-29T14:37:50.800+0800: 1314422.480: [GC (Allocation Failure) [PSYoungGen: 506528K->10720K(510464K)] 966678K->475059K(1034752K), 0.0549293 secs] [Times: user=0.03 sys=0.03, real=0.06 secs] 
2021-05-29T14:42:10.723+0800: 1314682.403: [GC (Allocation Failure) [PSYoungGen: 510432K->11392K(510464K)] 974771K->483261K(1034752K), 0.0329296 secs] [Times: user=0.04 sys=0.04, real=0.03 secs] 
2021-05-29T14:46:31.136+0800: 1314942.816: [GC (Allocation Failure) [PSYoungGen: 509056K->9248K(510976K)] 980925K->489967K(1035264K), 0.0254819 secs] [Times: user=0.05 sys=0.03, real=0.02 secs] 
2021-05-29T14:50:49.171+0800: 1315200.850: [GC (Allocation Failure) [PSYoungGen: 506912K->11392K(509952K)] 987631K->499610K(1034240K), 0.0307001 secs] [Times: user=0.03 sys=0.04, real=0.03 secs] 
2021-05-29T14:55:07.287+0800: 1315458.966: [GC (Allocation Failure) [PSYoungGen: 508032K->6720K(510464K)] 996250K->504850K(1034752K), 0.0342766 secs] [Times: user=0.08 sys=0.00, real=0.03 secs] 
2021-05-29T14:59:29.341+0800: 1315721.021: [GC (Allocation Failure) [PSYoungGen: 503360K->7904K(510976K)] 1001490K->511630K(1035264K), 0.0315542 secs] [Times: user=0.05 sys=0.05, real=0.04 secs] 
2021-05-29T15:03:47.104+0800: 1315978.783: [GC (Allocation Failure) [PSYoungGen: 505056K->7264K(510464K)] 1008782K->518024K(1034752K), 0.0266255 secs] [Times: user=0.03 sys=0.04, real=0.02 secs] 
2021-05-29T15:08:06.200+0800: 1316237.880: [GC (Allocation Failure) [PSYoungGen: 504416K->8416K(511488K)] 1015176K->524819K(1035776K), 0.0585660 secs] [Times: user=0.03 sys=0.04, real=0.06 secs] 
2021-05-29T15:08:06.260+0800: 1316237.939: [Full GC (Ergonomics) [PSYoungGen: 8416K->0K(511488K)] [ParOldGen: 516403K->293843K(524288K)] 524819K->293843K(1035776K), [Metaspace: 96248K->96244K(1138688K)], 0.5236065 secs] [Times: user=1.06 sys=0.00, real=0.53 secs] 
2021-05-29T15:12:24.955+0800: 1316496.635: [GC (Allocation Failure) [PSYoungGen: 498176K->9440K(510976K)] 792019K->303283K(1035264K), 0.0267491 secs] [Times: user=0.02 sys=0.03, real=0.02 secs] 
2021-05-29T15:16:44.990+0800: 1316756.670: [GC (Allocation Failure) [PSYoungGen: 507616K->8832K(512000K)] 801459K->310670K(1036288K), 0.0697706 secs] [Times: user=0.03 sys=0.03, real=0.07 secs] 
2021-05-29T15:21:03.249+0800: 1317014.928: [GC (Allocation Failure) [PSYoungGen: 508032K->9024K(511488K)] 809870K->317481K(1035776K), 0.0259166 secs] [Times: user=0.04 sys=0.04, real=0.03 secs] 
2021-05-29T15:25:21.440+0800: 1317273.120: [GC (Allocation Failure) [PSYoungGen: 508224K->11296K(510976K)] 816681K->326708K(1035264K), 0.0291336 secs] [Times: user=0.03 sys=0.04, real=0.03 secs] 
2021-05-29T15:29:40.236+0800: 1317531.915: [GC (Allocation Failure) [PSYoungGen: 509984K->10624K(511488K)] 825396K->334719K(1035776K), 0.0527776 secs] [Times: user=0.04 sys=0.03, real=0.05 secs] 
2021-05-29T15:33:59.332+0800: 1317791.011: [GC (Allocation Failure) [PSYoungGen: 509312K->8800K(511488K)] 833407K->341336K(1035776K), 0.0277496 secs] [Times: user=0.04 sys=0.04, real=0.03 secs] 
2021-05-29T15:38:22.058+0800: 1318053.738: [GC (Allocation Failure) [PSYoungGen: 507488K->7808K(511488K)] 840024K->347642K(1035776K), 0.0216345 secs] [Times: user=0.04 sys=0.03, real=0.02 secs] 
2021-05-29T15:42:45.223+0800: 1318316.903: [GC (Allocation Failure) [PSYoungGen: 506496K->5184K(511488K)] 846330K->351803K(1035776K), 0.0211327 secs] [Times: user=0.03 sys=0.04, real=0.02 secs] 
2021-05-29T15:47:06.768+0800: 1318578.447: [GC (Allocation Failure) [PSYoungGen: 503872K->6528K(511488K)] 850491K->356417K(1035776K), 0.0215297 secs] [Times: user=0.04 sys=0.04, real=0.02 secs] 
2021-05-29T15:51:28.800+0800: 1318840.480: [GC (Allocation Failure) [PSYoungGen: 505216K->7264K(511488K)] 855105K->362365K(1035776K), 0.0219166 secs] [Times: user=0.03 sys=0.03, real=0.03 secs] 
2021-05-29T15:55:50.610+0800: 1319102.290: [GC (Allocation Failure) [PSYoungGen: 505952K->8064K(511488K)] 861053K->369216K(1035776K), 0.0237808 secs] [Times: user=0.03 sys=0.04, real=0.03 secs] 
2021-05-29T16:00:09.446+0800: 1319361.126: [GC (Allocation Failure) [PSYoungGen: 506752K->10816K(510976K)] 867904K->378405K(1035264K), 0.0245525 secs] [Times: user=0.03 sys=0.03, real=0.02 secs] 
2021-05-29T16:04:27.005+0800: 1319618.685: [GC (Allocation Failure) [PSYoungGen: 509504K->9216K(511488K)] 877093K->385198K(1035776K), 0.0641551 secs] [Times: user=0.03 sys=0.04, real=0.06 secs] 
2021-05-29T16:08:42.639+0800: 1319874.318: [GC (Allocation Failure) [PSYoungGen: 507904K->11008K(510464K)] 883886K->394208K(1034752K), 0.0235054 secs] [Times: user=0.04 sys=0.03, real=0.03 secs] 
2021-05-29T16:13:00.457+0800: 1320132.137: [GC (Allocation Failure) [PSYoungGen: 508672K->6592K(510976K)] 891872K->397600K(1035264K), 0.0218518 secs] [Times: user=0.03 sys=0.03, real=0.02 secs] 
2021-05-29T16:17:18.013+0800: 1320389.693: [GC (Allocation Failure) [PSYoungGen: 504256K->6784K(510976K)] 895264K->402891K(1035264K), 0.0191002 secs] [Times: user=0.03 sys=0.03, real=0.02 secs] 
2021-05-29T16:21:38.656+0800: 1320650.336: [GC (Allocation Failure) [PSYoungGen: 504448K->5888K(510976K)] 900555K->407749K(1035264K), 0.0216523 secs] [Times: user=0.03 sys=0.04, real=0.02 secs] 
2021-05-29T16:25:59.600+0800: 1320911.280: [GC (Allocation Failure) [PSYoungGen: 503552K->7200K(511488K)] 905413K->413960K(1035776K), 0.0312499 secs] [Times: user=0.04 sys=0.03, real=0.03 secs] 
2021-05-29T16:30:19.322+0800: 1321171.002: [GC (Allocation Failure) [PSYoungGen: 505376K->8256K(510976K)] 912136K->420365K(1035264K), 0.0246088 secs] [Times: user=0.08 sys=0.00, real=0.03 secs] 
2021-05-29T16:34:38.928+0800: 1321430.608: [GC (Allocation Failure) [PSYoungGen: 506432K->7296K(512000K)] 918541K->426726K(1036288K), 0.0236330 secs] [Times: user=0.03 sys=0.03, real=0.02 secs] 
2021-05-29T16:38:56.341+0800: 1321688.020: [GC (Allocation Failure) [PSYoungGen: 507008K->9472K(512000K)] 926438K->434890K(1036288K), 0.0318229 secs] [Times: user=0.04 sys=0.03, real=0.04 secs] 
2021-05-29T16:43:15.370+0800: 1321947.050: [GC (Allocation Failure) [PSYoungGen: 509184K->9568K(512000K)] 934602K->442197K(1036288K), 0.0246121 secs] [Times: user=0.03 sys=0.04, real=0.03 secs] 
2021-05-29T16:47:36.960+0800: 1322208.640: [GC (Allocation Failure) [PSYoungGen: 509280K->7040K(512000K)] 941909K->447724K(1036288K), 0.0242805 secs] [Times: user=0.04 sys=0.03, real=0.03 secs] 
2021-05-29T16:51:56.528+0800: 1322468.207: [GC (Allocation Failure) [PSYoungGen: 506752K->7200K(512512K)] 947436K->453592K(1036800K), 0.0251215 secs] [Times: user=0.03 sys=0.04, real=0.03 secs] 
2021-05-29T16:56:19.131+0800: 1322730.810: [GC (Allocation Failure) [PSYoungGen: 507424K->8288K(512000K)] 953816K->460506K(1036288K), 0.0248590 secs] [Times: user=0.03 sys=0.03, real=0.03 secs] 
2021-05-29T17:00:43.171+0800: 1322994.850: [GC (Allocation Failure) [PSYoungGen: 508512K->7040K(512512K)] 960730K->466030K(1036800K), 0.0212089 secs] [Times: user=0.03 sys=0.03, real=0.02 secs] 
2021-05-29T17:05:06.827+0800: 1323258.507: [GC (Allocation Failure) [PSYoungGen: 507776K->7424K(512512K)] 966766K->472025K(1036800K), 0.0226516 secs] [Times: user=0.03 sys=0.04, real=0.02 secs] 
2021-05-29T17:09:30.764+0800: 1323522.444: [GC (Allocation Failure) [PSYoungGen: 508117K->8416K(513024K)] 972718K->478587K(1037312K), 0.0207019 secs] [Times: user=0.03 sys=0.03, real=0.02 secs] 
2021-05-29T17:13:51.989+0800: 1323783.668: [GC (Allocation Failure) [PSYoungGen: 510176K->9856K(512000K)] 980347K->486527K(1036288K), 0.0264561 secs] [Times: user=0.04 sys=0.04, real=0.04 secs] 
2021-05-29T17:18:13.402+0800: 1324045.082: [GC (Allocation Failure) [PSYoungGen: 511616K->10016K(512512K)] 988287K->494530K(1036800K), 0.0266429 secs] [Times: user=0.05 sys=0.04, real=0.02 secs] 
2021-05-29T17:22:36.181+0800: 1324307.860: [GC (Allocation Failure) [PSYoungGen: 510752K->10016K(510976K)] 995266K->502683K(1035264K), 0.0253293 secs] [Times: user=0.08 sys=0.00, real=0.03 secs] 
2021-05-29T17:26:57.978+0800: 1324569.658: [GC (Allocation Failure) [PSYoungGen: 510752K->8832K(512512K)] 1003419K->509477K(1036800K), 0.0236956 secs] [Times: user=0.03 sys=0.04, real=0.03 secs] 
2021-05-29T17:31:21.721+0800: 1324833.400: [GC (Allocation Failure) [PSYoungGen: 509056K->6080K(512000K)] 1009701K->514046K(1036288K), 0.0203990 secs] [Times: user=0.04 sys=0.03, real=0.02 secs] 
2021-05-29T17:35:42.068+0800: 1325093.748: [GC (Allocation Failure) [PSYoungGen: 506304K->9568K(512000K)] 1014270K->522203K(1036288K), 0.0239632 secs] [Times: user=0.03 sys=0.04, real=0.03 secs] 
2021-05-29T17:39:58.250+0800: 1325349.930: [GC (Allocation Failure) [PSYoungGen: 509280K->12256K(512000K)] 1021915K->532607K(1036288K), 0.0252188 secs] [Times: user=0.04 sys=0.04, real=0.03 secs] 
2021-05-29T17:39:58.276+0800: 1325349.956: [Full GC (Ergonomics) [PSYoungGen: 12256K->0K(512000K)] [ParOldGen: 520351K->306940K(524288K)] 532607K->306940K(1036288K), [Metaspace: 96248K->96248K(1138688K)], 0.5407369 secs] [Times: user=1.08 sys=0.00, real=0.54 secs] 
2021-05-29T17:44:14.458+0800: 1325606.138: [GC (Allocation Failure) [PSYoungGen: 499712K->12256K(502784K)] 806652K->320372K(1027072K), 0.0203982 secs] [Times: user=0.03 sys=0.03, real=0.02 secs] 
2021-05-29T17:48:32.265+0800: 1325863.945: [GC (Allocation Failure) [PSYoungGen: 502752K->7520K(507392K)] 810868K->326354K(1031680K), 0.0343433 secs] [Times: user=0.04 sys=0.03, real=0.03 secs] 
2021-05-29T17:52:50.033+0800: 1326121.713: [GC (Allocation Failure) [PSYoungGen: 498016K->6560K(507904K)] 816850K->331549K(1032192K), 0.0205214 secs] [Times: user=0.04 sys=0.04, real=0.02 secs] 
2021-05-29T17:57:07.714+0800: 1326379.394: [GC (Allocation Failure) [PSYoungGen: 497568K->7808K(507392K)] 822557K->338208K(1031680K), 0.0253211 secs] [Times: user=0.04 sys=0.04, real=0.02 secs] 
2021-05-29T18:01:25.331+0800: 1326637.011: [GC (Allocation Failure) [PSYoungGen: 498816K->8160K(508416K)] 829216K->344419K(1032704K), 0.0439480 secs] [Times: user=0.09 sys=0.00, real=0.05 secs] 
2021-05-29T18:05:42.680+0800: 1326894.359: [GC (Allocation Failure) [PSYoungGen: 500192K->7456K(507904K)] 836451K->349821K(1032192K), 0.0420506 secs] [Times: user=0.03 sys=0.03, real=0.04 secs] 
2021-05-29T18:09:59.016+0800: 1327150.696: [GC (Allocation Failure) [PSYoungGen: 499488K->8704K(509440K)] 841853K->356824K(1033728K), 0.0271627 secs] [Times: user=0.04 sys=0.05, real=0.03 secs] 
2021-05-29T18:14:15.055+0800: 1327406.735: [GC (Allocation Failure) [PSYoungGen: 502784K->8736K(508928K)] 850904K->363604K(1033216K), 0.0390509 secs] [Times: user=0.04 sys=0.05, real=0.04 secs] 
2021-05-29T18:18:31.480+0800: 1327663.160: [GC (Allocation Failure) [PSYoungGen: 502816K->8064K(510464K)] 857684K->369629K(1034752K), 0.0236350 secs] [Times: user=0.04 sys=0.03, real=0.03 secs] 
2021-05-29T18:22:49.528+0800: 1327921.207: [GC (Allocation Failure) [PSYoungGen: 504192K->8064K(509952K)] 865757K->376121K(1034240K), 0.0269619 secs] [Times: user=0.04 sys=0.04, real=0.03 secs] 
2021-05-29T18:27:06.532+0800: 1328178.212: [GC (Allocation Failure) [PSYoungGen: 504192K->12224K(508928K)] 872249K->386191K(1033216K), 0.0265856 secs] [Times: user=0.04 sys=0.04, real=0.03 secs] 
2021-05-29T18:31:23.600+0800: 1328435.280: [GC (Allocation Failure) [PSYoungGen: 507840K->13248K(508928K)] 881807K->397572K(1033216K), 0.0300035 secs] [Times: user=0.04 sys=0.05, real=0.03 secs] 
2021-05-29T18:35:41.683+0800: 1328693.362: [GC (Allocation Failure) [PSYoungGen: 508864K->13312K(506880K)] 893188K->408239K(1031168K), 0.0329868 secs] [Times: user=0.05 sys=0.04, real=0.03 secs] 
2021-05-29T18:39:58.473+0800: 1328950.153: [GC (Allocation Failure) [PSYoungGen: 504832K->11136K(507904K)] 899759K->416002K(1032192K), 0.0308666 secs] [Times: user=0.04 sys=0.04, real=0.03 secs] 
2021-05-29T18:44:14.584+0800: 1329206.264: [GC (Allocation Failure) [PSYoungGen: 502656K->9760K(508928K)] 907522K->423444K(1033216K), 0.0270709 secs] [Times: user=0.07 sys=0.00, real=0.02 secs] 
2021-05-29T18:48:32.827+0800: 1329464.507: [GC (Allocation Failure) [PSYoungGen: 502816K->10176K(508416K)] 916500K->432246K(1032704K), 0.0281914 secs] [Times: user=0.04 sys=0.04, real=0.03 secs] 
2021-05-29T18:52:50.193+0800: 1329721.873: [GC (Allocation Failure) [PSYoungGen: 503232K->10560K(509440K)] 925302K->439665K(1033728K), 0.0298230 secs] [Times: user=0.04 sys=0.03, real=0.03 secs] 
2021-05-29T18:57:01.790+0800: 1329973.469: [GC (Allocation Failure) [PSYoungGen: 505152K->11242K(509440K)] 934257K->448447K(1033728K), 0.0227441 secs] [Times: user=0.04 sys=0.03, real=0.03 secs] 
2021-05-29T19:01:20.859+0800: 1330232.539: [GC (Allocation Failure) [PSYoungGen: 505834K->10624K(509952K)] 943039K->456881K(1034240K), 0.0289215 secs] [Times: user=0.04 sys=0.05, real=0.03 secs] 
2021-05-29T19:05:40.254+0800: 1330491.934: [GC (Allocation Failure) [PSYoungGen: 505728K->9120K(509440K)] 951985K->463785K(1033728K), 0.0276120 secs] [Times: user=0.04 sys=0.04, real=0.03 secs] 
2021-05-29T19:09:59.862+0800: 1330751.542: [GC (Allocation Failure) [PSYoungGen: 504224K->7648K(509952K)] 958889K->470011K(1034240K), 0.0256673 secs] [Times: user=0.08 sys=0.00, real=0.02 secs] 
2021-05-29T19:14:21.921+0800: 1331013.601: [GC (Allocation Failure) [PSYoungGen: 503264K->7488K(509952K)] 965627K->475965K(1034240K), 0.0312842 secs] [Times: user=0.04 sys=0.04, real=0.04 secs] 
2021-05-29T19:18:43.561+0800: 1331275.240: [GC (Allocation Failure) [PSYoungGen: 503104K->8800K(510464K)] 971581K->483264K(1034752K), 0.0346810 secs] [Times: user=0.10 sys=0.00, real=0.04 secs] 
2021-05-29T19:23:02.587+0800: 1331534.267: [GC (Allocation Failure) [PSYoungGen: 504928K->8384K(509952K)] 979392K->490090K(1034240K), 0.0317257 secs] [Times: user=0.04 sys=0.04, real=0.03 secs] 
2021-05-29T19:27:23.706+0800: 1331795.385: [GC (Allocation Failure) [PSYoungGen: 504512K->8160K(510464K)] 986218K->496508K(1034752K), 0.0285321 secs] [Times: user=0.04 sys=0.04, real=0.03 secs] 
2021-05-29T19:31:46.217+0800: 1332057.897: [GC (Allocation Failure) [PSYoungGen: 504800K->8288K(510464K)] 993148K->502432K(1034752K), 0.0298070 secs] [Times: user=0.03 sys=0.04, real=0.03 secs] 
2021-05-29T19:36:04.362+0800: 1332316.042: [GC (Allocation Failure) [PSYoungGen: 504928K->9088K(511488K)] 999072K->510203K(1035776K), 0.0258373 secs] [Times: user=0.03 sys=0.04, real=0.02 secs] 
2021-05-29T19:40:26.333+0800: 1332578.012: [GC (Allocation Failure) [PSYoungGen: 507264K->8864K(510976K)] 1008379K->517604K(1035264K), 0.0256577 secs] [Times: user=0.04 sys=0.03, real=0.02 secs] 
2021-05-29T19:44:49.407+0800: 1332841.087: [GC (Allocation Failure) [PSYoungGen: 507040K->7104K(511488K)] 1015780K->522590K(1035776K), 0.0286196 secs] [Times: user=0.04 sys=0.04, real=0.03 secs] 
2021-05-29T19:44:49.436+0800: 1332841.116: [Full GC (Ergonomics) [PSYoungGen: 7104K->0K(511488K)] [ParOldGen: 515486K->291846K(524288K)] 522590K->291846K(1035776K), [Metaspace: 96248K->96244K(1138688K)], 0.4373844 secs] [Times: user=0.80 sys=0.16, real=0.44 secs] 
2021-05-29T19:49:08.484+0800: 1333100.164: [GC (Allocation Failure) [PSYoungGen: 498688K->11904K(510976K)] 790534K->303750K(1035264K), 0.0219988 secs] [Times: user=0.03 sys=0.03, real=0.02 secs] 
2021-05-29T19:53:25.568+0800: 1333357.247: [GC (Allocation Failure) [PSYoungGen: 510592K->11104K(509952K)] 802438K->312719K(1034240K), 0.0290825 secs] [Times: user=0.04 sys=0.04, real=0.03 secs] 
2021-05-29T19:57:43.084+0800: 1333614.764: [GC (Allocation Failure) [PSYoungGen: 507744K->10464K(510464K)] 809359K->320281K(1034752K), 0.0245418 secs] [Times: user=0.04 sys=0.04, real=0.02 secs] 
2021-05-29T20:02:01.729+0800: 1333873.409: [GC (Allocation Failure) [PSYoungGen: 507104K->7584K(510464K)] 816921K->325827K(1034752K), 0.0204016 secs] [Times: user=0.04 sys=0.03, real=0.02 secs] 
2021-05-29T20:06:19.549+0800: 1334131.229: [GC (Allocation Failure) [PSYoungGen: 504224K->10432K(510464K)] 822467K->334678K(1034752K), 0.0208575 secs] [Times: user=0.04 sys=0.03, real=0.02 secs] 
2021-05-29T20:10:36.917+0800: 1334388.597: [GC (Allocation Failure) [PSYoungGen: 507072K->9056K(510976K)] 831318K->341879K(1035264K), 0.0229368 secs] [Times: user=0.04 sys=0.03, real=0.02 secs] 
2021-05-29T20:14:55.834+0800: 1334647.513: [GC (Allocation Failure) [PSYoungGen: 506208K->11104K(510464K)] 839031K->350555K(1034752K), 0.0226736 secs] [Times: user=0.03 sys=0.03, real=0.02 secs] 
2021-05-29T20:19:15.768+0800: 1334907.447: [GC (Allocation Failure) [PSYoungGen: 508256K->8896K(510976K)] 847707K->356660K(1035264K), 0.0409599 secs] [Times: user=0.03 sys=0.04, real=0.04 secs] 
2021-05-29T20:23:33.275+0800: 1335164.954: [GC (Allocation Failure) [PSYoungGen: 506048K->10112K(510464K)] 853812K->364654K(1034752K), 0.0229741 secs] [Times: user=0.04 sys=0.03, real=0.02 secs] 
2021-05-29T20:27:53.080+0800: 1335424.760: [GC (Allocation Failure) [PSYoungGen: 507264K->8480K(511488K)] 861806K->370375K(1035776K), 0.0215731 secs] [Times: user=0.04 sys=0.03, real=0.03 secs] 
2021-05-29T20:32:13.414+0800: 1335685.094: [GC (Allocation Failure) [PSYoungGen: 506656K->7776K(510976K)] 868551K->376635K(1035264K), 0.0251890 secs] [Times: user=0.03 sys=0.04, real=0.02 secs] 
2021-05-29T20:36:33.878+0800: 1335945.558: [GC (Allocation Failure) [PSYoungGen: 505952K->8704K(511488K)] 874811K->383926K(1035776K), 0.0212354 secs] [Times: user=0.03 sys=0.03, real=0.02 secs] 
2021-05-29T20:40:55.518+0800: 1336207.198: [GC (Allocation Failure) [PSYoungGen: 507392K->8256K(511488K)] 882614K->390265K(1035776K), 0.0316746 secs] [Times: user=0.05 sys=0.04, real=0.03 secs] 
2021-05-29T20:45:14.419+0800: 1336466.098: [GC (Allocation Failure) [PSYoungGen: 506944K->7680K(512000K)] 888953K->395964K(1036288K), 0.0242998 secs] [Times: user=0.03 sys=0.03, real=0.03 secs] 
2021-05-29T20:49:34.882+0800: 1336726.561: [GC (Allocation Failure) [PSYoungGen: 506880K->7424K(511488K)] 895164K->402231K(1035776K), 0.0226120 secs] [Times: user=0.03 sys=0.04, real=0.03 secs] 
2021-05-29T20:53:55.255+0800: 1336986.934: [GC (Allocation Failure) [PSYoungGen: 506624K->7840K(512000K)] 901431K->408787K(1036288K), 0.0295996 secs] [Times: user=0.04 sys=0.04, real=0.03 secs] 
2021-05-29T20:58:19.865+0800: 1337251.545: [GC (Allocation Failure) [PSYoungGen: 507552K->7904K(512000K)] 908499K->415646K(1036288K), 0.0211884 secs] [Times: user=0.03 sys=0.03, real=0.02 secs] 
2021-05-29T21:02:36.007+0800: 1337507.687: [GC (Allocation Failure) [PSYoungGen: 507616K->9280K(512512K)] 915358K->423034K(1036800K), 0.0225485 secs] [Times: user=0.04 sys=0.03, real=0.02 secs] 
2021-05-29T21:06:56.160+0800: 1337767.839: [GC (Allocation Failure) [PSYoungGen: 509504K->11424K(512000K)] 923258K->432134K(1036288K), 0.0245217 secs] [Times: user=0.04 sys=0.04, real=0.03 secs] 
2021-05-29T21:11:16.416+0800: 1338028.096: [GC (Allocation Failure) [PSYoungGen: 511648K->12256K(501760K)] 932358K->442761K(1026048K), 0.0299686 secs] [Times: user=0.04 sys=0.04, real=0.03 secs] 
2021-05-29T21:15:31.782+0800: 1338283.462: [GC (Allocation Failure) [PSYoungGen: 501728K->10656K(506880K)] 932233K->451138K(1031168K), 0.0274928 secs] [Times: user=0.05 sys=0.04, real=0.02 secs] 
2021-05-29T21:19:47.101+0800: 1338538.780: [GC (Allocation Failure) [PSYoungGen: 500128K->8448K(507904K)] 940610K->457969K(1032192K), 0.0294184 secs] [Times: user=0.04 sys=0.04, real=0.03 secs] 
2021-05-29T21:24:02.504+0800: 1338794.184: [GC (Allocation Failure) [PSYoungGen: 499456K->9952K(507392K)] 948977K->465709K(1031680K), 0.0241190 secs] [Times: user=0.04 sys=0.04, real=0.02 secs] 
2021-05-29T21:28:17.734+0800: 1339049.414: [GC (Allocation Failure) [PSYoungGen: 500960K->13184K(507392K)] 956717K->476569K(1031680K), 0.0260998 secs] [Times: user=0.04 sys=0.04, real=0.02 secs] 
2021-05-29T21:32:35.334+0800: 1339307.014: [GC (Allocation Failure) [PSYoungGen: 504704K->9632K(507904K)] 968089K->482138K(1032192K), 0.0269439 secs] [Times: user=0.03 sys=0.03, real=0.02 secs] 
2021-05-29T21:36:52.052+0800: 1339563.732: [GC (Allocation Failure) [PSYoungGen: 501152K->7872K(508416K)] 973658K->488843K(1032704K), 0.0211911 secs] [Times: user=0.03 sys=0.03, real=0.03 secs] 
2021-05-29T21:41:08.759+0800: 1339820.438: [GC (Allocation Failure) [PSYoungGen: 500416K->7392K(508416K)] 981387K->495174K(1032704K), 0.0340479 secs] [Times: user=0.05 sys=0.04, real=0.04 secs] 
2021-05-29T21:45:28.453+0800: 1340080.133: [GC (Allocation Failure) [PSYoungGen: 499936K->8320K(508928K)] 987718K->502168K(1033216K), 0.0358975 secs] [Times: user=0.04 sys=0.05, real=0.03 secs] 
2021-05-29T21:49:46.676+0800: 1340338.356: [GC (Allocation Failure) [PSYoungGen: 501376K->6752K(508416K)] 995224K->507409K(1032704K), 0.0245624 secs] [Times: user=0.04 sys=0.03, real=0.02 secs] 
2021-05-29T21:54:04.734+0800: 1340596.414: [GC (Allocation Failure) [PSYoungGen: 499808K->5824K(508928K)] 1000465K->512028K(1033216K), 0.0249078 secs] [Times: user=0.04 sys=0.04, real=0.02 secs] 
2021-05-29T21:58:21.658+0800: 1340853.338: [GC (Allocation Failure) [PSYoungGen: 499392K->8736K(508928K)] 1005596K->518865K(1033216K), 0.0218494 secs] [Times: user=0.03 sys=0.03, real=0.02 secs] 
2021-05-29T22:02:42.081+0800: 1341113.761: [GC (Allocation Failure) [PSYoungGen: 502304K->8352K(509952K)] 1012433K->525523K(1034240K), 0.0280753 secs] [Times: user=0.04 sys=0.05, real=0.03 secs] 
2021-05-29T22:02:42.110+0800: 1341113.789: [Full GC (Ergonomics) [PSYoungGen: 8352K->0K(509952K)] [ParOldGen: 517171K->302764K(524288K)] 525523K->302764K(1034240K), [Metaspace: 96249K->96246K(1138688K)], 0.5365817 secs] [Times: user=1.06 sys=0.00, real=0.54 secs] 
2021-05-29T22:07:05.552+0800: 1341377.231: [GC (Allocation Failure) [PSYoungGen: 495103K->10208K(509440K)] 797868K->312972K(1033728K), 0.0253717 secs] [Times: user=0.03 sys=0.03, real=0.03 secs] 
2021-05-29T22:11:26.056+0800: 1341637.736: [GC (Allocation Failure) [PSYoungGen: 505312K->11712K(508928K)] 808076K->322654K(1033216K), 0.0460970 secs] [Times: user=0.03 sys=0.04, real=0.05 secs] 
2021-05-29T22:15:46.493+0800: 1341898.172: [GC (Allocation Failure) [PSYoungGen: 506304K->11424K(509440K)] 817246K->331265K(1033728K), 0.0249391 secs] [Times: user=0.04 sys=0.04, real=0.02 secs] 
2021-05-29T22:20:06.984+0800: 1342158.664: [GC (Allocation Failure) [PSYoungGen: 506016K->6336K(509440K)] 825857K->334992K(1033728K), 0.0428301 secs] [Times: user=0.05 sys=0.00, real=0.04 secs] 
2021-05-29T22:24:32.185+0800: 1342423.865: [GC (Allocation Failure) [PSYoungGen: 500928K->6784K(509440K)] 829584K->340571K(1033728K), 0.0235497 secs] [Times: user=0.03 sys=0.03, real=0.02 secs] 
2021-05-29T22:28:56.266+0800: 1342687.946: [GC (Allocation Failure) [PSYoungGen: 501376K->9728K(509440K)] 835163K->349152K(1033728K), 0.0227234 secs] [Times: user=0.03 sys=0.03, real=0.02 secs] 
2021-05-29T22:33:20.098+0800: 1342951.778: [GC (Allocation Failure) [PSYoungGen: 504320K->9152K(509440K)] 843744K->356636K(1033728K), 0.0337770 secs] [Times: user=0.05 sys=0.04, real=0.04 secs] 
2021-05-29T22:37:43.363+0800: 1343215.043: [GC (Allocation Failure) [PSYoungGen: 503744K->8896K(510464K)] 851228K->363261K(1034752K), 0.0274156 secs] [Times: user=0.04 sys=0.04, real=0.02 secs] 
2021-05-29T22:42:06.522+0800: 1343478.201: [GC (Allocation Failure) [PSYoungGen: 505024K->7648K(509952K)] 859389K->369157K(1034240K), 0.0642694 secs] [Times: user=0.04 sys=0.03, real=0.07 secs] 
2021-05-29T22:46:23.841+0800: 1343735.521: [GC (Allocation Failure) [PSYoungGen: 503776K->8544K(510976K)] 865285K->375185K(1035264K), 0.0223137 secs] [Times: user=0.03 sys=0.04, real=0.03 secs] 
2021-05-29T22:50:42.191+0800: 1343993.871: [GC (Allocation Failure) [PSYoungGen: 506208K->9376K(510976K)] 872849K->382875K(1035264K), 0.0211433 secs] [Times: user=0.07 sys=0.00, real=0.03 secs] 
2021-05-29T22:55:01.698+0800: 1344253.378: [GC (Allocation Failure) [PSYoungGen: 507040K->8192K(511488K)] 880539K->389708K(1035776K), 0.0478379 secs] [Times: user=0.03 sys=0.03, real=0.05 secs] 
2021-05-29T22:59:21.204+0800: 1344512.884: [GC (Allocation Failure) [PSYoungGen: 506880K->6880K(511488K)] 888396K->395518K(1035776K), 0.0275514 secs] [Times: user=0.04 sys=0.04, real=0.02 secs] 
2021-05-29T23:03:45.149+0800: 1344776.829: [GC (Allocation Failure) [PSYoungGen: 505568K->8640K(512000K)] 894206K->402809K(1036288K), 0.0238669 secs] [Times: user=0.04 sys=0.04, real=0.03 secs] 
2021-05-29T23:08:05.840+0800: 1345037.519: [GC (Allocation Failure) [PSYoungGen: 507840K->6144K(511488K)] 902009K->407458K(1035776K), 0.0257207 secs] [Times: user=0.03 sys=0.03, real=0.03 secs] 
2021-05-29T23:12:27.063+0800: 1345298.743: [GC (Allocation Failure) [PSYoungGen: 505344K->7392K(512000K)] 906658K->412864K(1036288K), 0.0495371 secs] [Times: user=0.16 sys=0.00, real=0.05 secs] 
2021-05-29T23:16:47.146+0800: 1345558.826: [GC (Allocation Failure) [PSYoungGen: 507104K->11488K(511488K)] 912576K->422795K(1035776K), 0.0242301 secs] [Times: user=0.03 sys=0.03, real=0.02 secs] 
2021-05-29T23:21:08.477+0800: 1345820.156: [GC (Allocation Failure) [PSYoungGen: 511200K->8256K(511488K)] 922507K->427628K(1035776K), 0.0281163 secs] [Times: user=0.04 sys=0.05, real=0.03 secs] 
2021-05-29T23:25:31.550+0800: 1346083.230: [GC (Allocation Failure) [PSYoungGen: 506944K->7488K(511488K)] 926316K->433830K(1035776K), 0.0483166 secs] [Times: user=0.04 sys=0.04, real=0.05 secs] 
2021-05-29T23:29:50.434+0800: 1346342.114: [GC (Allocation Failure) [PSYoungGen: 506176K->9984K(510976K)] 932518K->442579K(1035264K), 0.0230956 secs] [Times: user=0.04 sys=0.04, real=0.02 secs] 
2021-05-29T23:34:14.334+0800: 1346606.013: [GC (Allocation Failure) [PSYoungGen: 508672K->8992K(511488K)] 941267K->449062K(1035776K), 0.0239371 secs] [Times: user=0.04 sys=0.04, real=0.02 secs] 
2021-05-29T23:38:32.773+0800: 1346864.453: [GC (Allocation Failure) [PSYoungGen: 507680K->7648K(512000K)] 947750K->454855K(1036288K), 0.0272969 secs] [Times: user=0.04 sys=0.04, real=0.02 secs] 
2021-05-29T23:42:53.177+0800: 1347124.857: [GC (Allocation Failure) [PSYoungGen: 507360K->7520K(512000K)] 954567K->460954K(1036288K), 0.0307088 secs] [Times: user=0.03 sys=0.04, real=0.03 secs] 
2021-05-29T23:47:15.338+0800: 1347387.018: [GC (Allocation Failure) [PSYoungGen: 507232K->7808K(512512K)] 960666K->467613K(1036800K), 0.0233058 secs] [Times: user=0.04 sys=0.04, real=0.02 secs] 
2021-05-29T23:51:35.508+0800: 1347647.188: [GC (Allocation Failure) [PSYoungGen: 508032K->11744K(512000K)] 967837K->478121K(1036288K), 0.0311271 secs] [Times: user=0.06 sys=0.05, real=0.03 secs] 
2021-05-29T23:55:55.374+0800: 1347907.053: [GC (Allocation Failure) [PSYoungGen: 511968K->7552K(506880K)] 978345K->483561K(1031168K), 0.0327695 secs] [Times: user=0.04 sys=0.05, real=0.03 secs] 
2021-05-30T00:00:06.397+0800: 1348158.077: [GC (Allocation Failure) [PSYoungGen: 502144K->7872K(509440K)] 978153K->490125K(1033728K), 0.0308161 secs] [Times: user=0.05 sys=0.05, real=0.03 secs] 
2021-05-30T00:04:17.181+0800: 1348408.861: [GC (Allocation Failure) [PSYoungGen: 502464K->7584K(509952K)] 984717K->496080K(1034240K), 0.0247905 secs] [Times: user=0.04 sys=0.04, real=0.03 secs] 
2021-05-30T00:08:35.277+0800: 1348666.957: [GC (Allocation Failure) [PSYoungGen: 502688K->7360K(509440K)] 991184K->502011K(1033728K), 0.0255482 secs] [Times: user=0.07 sys=0.00, real=0.03 secs] 
2021-05-30T00:12:53.968+0800: 1348925.648: [GC (Allocation Failure) [PSYoungGen: 502464K->9024K(510464K)] 997115K->509503K(1034752K), 0.0346533 secs] [Times: user=0.04 sys=0.04, real=0.04 secs] 
2021-05-30T00:17:12.919+0800: 1349184.599: [GC (Allocation Failure) [PSYoungGen: 505152K->9536K(509952K)] 1005631K->517208K(1034240K), 0.0345266 secs] [Times: user=0.03 sys=0.03, real=0.04 secs] 
2021-05-30T00:21:32.980+0800: 1349444.659: [GC (Allocation Failure) [PSYoungGen: 505664K->8224K(510976K)] 1013336K->523458K(1035264K), 0.0367211 secs] [Times: user=0.03 sys=0.04, real=0.04 secs] 
2021-05-30T00:21:33.017+0800: 1349444.697: [Full GC (Ergonomics) [PSYoungGen: 8224K->0K(510976K)] [ParOldGen: 515234K->293045K(524288K)] 523458K->293045K(1035264K), [Metaspace: 96257K->96257K(1138688K)], 0.4957863 secs] [Times: user=0.96 sys=0.00, real=0.50 secs] 
2021-05-30T00:25:51.729+0800: 1349703.409: [GC (Allocation Failure) [PSYoungGen: 497664K->10912K(510976K)] 790709K->303957K(1035264K), 0.0199242 secs] [Times: user=0.03 sys=0.03, real=0.02 secs] 
2021-05-30T00:30:10.861+0800: 1349962.541: [GC (Allocation Failure) [PSYoungGen: 508576K->10528K(509952K)] 801621K->313309K(1034240K), 0.0244671 secs] [Times: user=0.06 sys=0.00, real=0.03 secs] 
2021-05-30T00:34:27.619+0800: 1350219.299: [GC (Allocation Failure) [PSYoungGen: 507168K->10720K(510464K)] 809949K->321369K(1034752K), 0.0427942 secs] [Times: user=0.04 sys=0.04, real=0.05 secs] 
2021-05-30T00:38:46.084+0800: 1350477.764: [GC (Allocation Failure) [PSYoungGen: 507360K->8608K(510976K)] 818009K->328249K(1035264K), 0.0262233 secs] [Times: user=0.04 sys=0.03, real=0.02 secs] 
2021-05-30T00:43:05.979+0800: 1350737.659: [GC (Allocation Failure) [PSYoungGen: 505760K->6880K(510464K)] 825401K->332596K(1034752K), 0.0208253 secs] [Times: user=0.06 sys=0.00, real=0.02 secs] 
2021-05-30T00:47:23.428+0800: 1350995.108: [GC (Allocation Failure) [PSYoungGen: 504032K->11136K(509952K)] 829748K->341753K(1034240K), 0.0268163 secs] [Times: user=0.04 sys=0.04, real=0.03 secs] 
2021-05-30T00:51:43.976+0800: 1351255.655: [GC (Allocation Failure) [PSYoungGen: 507776K->6976K(510464K)] 838393K->346362K(1034752K), 0.0209379 secs] [Times: user=0.03 sys=0.04, real=0.02 secs] 
2021-05-30T00:56:00.358+0800: 1351512.037: [GC (Allocation Failure) [PSYoungGen: 503616K->8896K(510976K)] 843002K->354086K(1035264K), 0.0185101 secs] [Times: user=0.03 sys=0.03, real=0.02 secs] 
2021-05-30T01:00:12.222+0800: 1351763.901: [GC (Allocation Failure) [PSYoungGen: 506048K->8458K(510464K)] 851238K->360883K(1034752K), 0.0218402 secs] [Times: user=0.04 sys=0.03, real=0.03 secs] 
2021-05-30T01:04:30.558+0800: 1352022.237: [GC (Allocation Failure) [PSYoungGen: 505610K->7712K(511488K)] 858035K->367364K(1035776K), 0.0254377 secs] [Times: user=0.04 sys=0.04, real=0.03 secs] 
2021-05-30T01:08:53.145+0800: 1352284.825: [GC (Allocation Failure) [PSYoungGen: 505888K->7424K(510976K)] 865540K->372935K(1035264K), 0.0222005 secs] [Times: user=0.03 sys=0.03, real=0.02 secs] 
2021-05-30T01:13:10.953+0800: 1352542.633: [GC (Allocation Failure) [PSYoungGen: 505600K->10752K(510464K)] 871111K->381852K(1034752K), 0.0241320 secs] [Times: user=0.08 sys=0.00, real=0.02 secs] 
2021-05-30T01:17:29.539+0800: 1352801.219: [GC (Allocation Failure) [PSYoungGen: 508416K->10976K(510976K)] 879516K->390837K(1035264K), 0.0266856 secs] [Times: user=0.04 sys=0.04, real=0.03 secs] 
2021-05-30T01:21:45.295+0800: 1353056.975: [GC (Allocation Failure) [PSYoungGen: 508640K->12704K(508928K)] 888501K->400505K(1033216K), 0.0231610 secs] [Times: user=0.07 sys=0.00, real=0.02 secs] 
2021-05-30T01:26:02.150+0800: 1353313.829: [GC (Allocation Failure) [PSYoungGen: 508318K->10656K(509952K)] 896120K->408435K(1034240K), 0.0250649 secs] [Times: user=0.04 sys=0.03, real=0.03 secs] 
2021-05-30T01:30:22.196+0800: 1353573.876: [GC (Allocation Failure) [PSYoungGen: 506272K->10816K(509952K)] 904051K->416526K(1034240K), 0.0251739 secs] [Times: user=0.04 sys=0.03, real=0.02 secs] 
2021-05-30T01:34:39.842+0800: 1353831.522: [GC (Allocation Failure) [PSYoungGen: 506432K->7648K(509952K)] 912142K->422565K(1034240K), 0.0225638 secs] [Times: user=0.03 sys=0.03, real=0.02 secs] 
2021-05-30T01:39:02.452+0800: 1354094.131: [GC (Allocation Failure) [PSYoungGen: 503264K->6336K(509952K)] 918181K->427670K(1034240K), 0.0193293 secs] [Times: user=0.03 sys=0.03, real=0.02 secs] 
2021-05-30T01:43:21.993+0800: 1354353.673: [GC (Allocation Failure) [PSYoungGen: 501952K->7008K(509952K)] 923286K->433242K(1034240K), 0.0202893 secs] [Times: user=0.03 sys=0.03, real=0.02 secs] 
2021-05-30T01:47:39.591+0800: 1354611.271: [GC (Allocation Failure) [PSYoungGen: 502624K->8448K(510464K)] 928858K->440341K(1034752K), 0.0226240 secs] [Times: user=0.03 sys=0.03, real=0.03 secs] 
2021-05-30T01:51:57.137+0800: 1354868.817: [GC (Allocation Failure) [PSYoungGen: 504576K->8704K(509952K)] 936469K->447974K(1034240K), 0.0226637 secs] [Times: user=0.03 sys=0.04, real=0.02 secs] 
2021-05-30T01:56:16.555+0800: 1355128.235: [GC (Allocation Failure) [PSYoungGen: 504830K->9984K(510976K)] 944101K->456874K(1035264K), 0.0251152 secs] [Times: user=0.04 sys=0.04, real=0.02 secs] 
2021-05-30T02:00:36.937+0800: 1355388.616: [GC (Allocation Failure) [PSYoungGen: 507648K->11616K(509440K)] 954538K->466366K(1033728K), 0.0333622 secs] [Times: user=0.11 sys=0.00, real=0.03 secs] 
2021-05-30T02:04:54.192+0800: 1355645.871: [GC (Allocation Failure) [PSYoungGen: 509280K->11136K(509440K)] 964030K->474249K(1033728K), 0.0259578 secs] [Times: user=0.08 sys=0.00, real=0.03 secs] 
2021-05-30T02:09:09.826+0800: 1355901.505: [GC (Allocation Failure) [PSYoungGen: 506752K->12544K(508416K)] 969865K->483890K(1032704K), 0.0292787 secs] [Times: user=0.04 sys=0.04, real=0.03 secs] 
2021-05-30T02:13:25.864+0800: 1356157.544: [GC (Allocation Failure) [PSYoungGen: 508160K->9760K(509952K)] 979506K->490844K(1034240K), 0.0238903 secs] [Times: user=0.08 sys=0.00, real=0.02 secs] 
2021-05-30T02:17:40.266+0800: 1356411.946: [GC (Allocation Failure) [PSYoungGen: 504864K->10592K(509440K)] 985948K->498631K(1033728K), 0.0267129 secs] [Times: user=0.03 sys=0.04, real=0.03 secs] 
2021-05-30T02:22:00.564+0800: 1356672.243: [GC (Allocation Failure) [PSYoungGen: 505696K->7456K(509952K)] 993735K->503457K(1034240K), 0.0282738 secs] [Times: user=0.08 sys=0.00, real=0.03 secs] 
2021-05-30T02:26:20.109+0800: 1356931.789: [GC (Allocation Failure) [PSYoungGen: 503072K->7040K(509952K)] 999073K->509564K(1034240K), 0.0228533 secs] [Times: user=0.08 sys=0.00, real=0.03 secs] 
2021-05-30T02:30:36.143+0800: 1357187.823: [GC (Allocation Failure) [PSYoungGen: 502656K->8672K(510464K)] 1005180K->517039K(1034752K), 0.0217553 secs] [Times: user=0.04 sys=0.03, real=0.02 secs] 
2021-05-30T02:34:53.864+0800: 1357445.544: [GC (Allocation Failure) [PSYoungGen: 504800K->7456K(509952K)] 1013167K->522632K(1034240K), 0.0233953 secs] [Times: user=0.03 sys=0.03, real=0.02 secs] 
2021-05-30T02:34:53.888+0800: 1357445.568: [Full GC (Ergonomics) [PSYoungGen: 7456K->0K(509952K)] [ParOldGen: 515176K->301169K(524288K)] 522632K->301169K(1034240K), [Metaspace: 96258K->96258K(1138688K)], 0.4988669 secs] [Times: user=1.08 sys=0.00, real=0.50 secs] 
2021-05-30T02:39:11.067+0800: 1357702.747: [GC (Allocation Failure) [PSYoungGen: 496128K->9216K(510976K)] 797297K->310385K(1035264K), 0.0185131 secs] [Times: user=0.02 sys=0.02, real=0.02 secs] 
2021-05-30T02:43:31.595+0800: 1357963.275: [GC (Allocation Failure) [PSYoungGen: 506368K->6912K(510464K)] 807537K->316307K(1034752K), 0.0212607 secs] [Times: user=0.03 sys=0.03, real=0.02 secs] 
2021-05-30T02:47:48.881+0800: 1358220.561: [GC (Allocation Failure) [PSYoungGen: 504064K->13056K(508928K)] 813459K->327473K(1033216K), 0.0243388 secs] [Times: user=0.03 sys=0.03, real=0.03 secs] 
2021-05-30T02:52:06.648+0800: 1358478.327: [GC (Allocation Failure) [PSYoungGen: 508672K->11936K(507904K)] 823089K->336730K(1032192K), 0.0579270 secs] [Times: user=0.03 sys=0.03, real=0.06 secs] 
2021-05-30T02:56:20.613+0800: 1358732.293: [GC (Allocation Failure) [PSYoungGen: 507552K->13952K(507392K)] 832346K->346837K(1031680K), 0.0277589 secs] [Times: user=0.03 sys=0.03, real=0.02 secs] 
2021-05-30T03:00:38.763+0800: 1358990.443: [GC (Allocation Failure) [PSYoungGen: 506496K->12096K(504832K)] 839381K->355199K(1029120K), 0.0246939 secs] [Times: user=0.04 sys=0.04, real=0.02 secs] 
2021-05-30T03:04:55.595+0800: 1359247.275: [GC (Allocation Failure) [PSYoungGen: 504640K->10048K(508416K)] 847743K->362248K(1032704K), 0.0384413 secs] [Times: user=0.05 sys=0.05, real=0.04 secs] 
2021-05-30T03:09:10.933+0800: 1359502.613: [GC (Allocation Failure) [PSYoungGen: 502080K->9664K(507904K)] 854280K->369770K(1032192K), 0.0584356 secs] [Times: user=0.10 sys=0.00, real=0.05 secs] 
2021-05-30T03:13:26.493+0800: 1359758.172: [GC (Allocation Failure) [PSYoungGen: 501696K->9600K(509440K)] 861802K->377428K(1033728K), 0.0252191 secs] [Times: user=0.04 sys=0.03, real=0.02 secs] 
2021-05-30T03:17:45.258+0800: 1360016.937: [GC (Allocation Failure) [PSYoungGen: 503680K->6144K(508928K)] 871508K->381940K(1033216K), 0.0214823 secs] [Times: user=0.03 sys=0.03, real=0.02 secs] 
2021-05-30T03:22:04.476+0800: 1360276.156: [GC (Allocation Failure) [PSYoungGen: 500224K->7200K(509440K)] 876020K->386969K(1033728K), 0.0248507 secs] [Times: user=0.04 sys=0.03, real=0.02 secs] 
2021-05-30T03:26:25.506+0800: 1360537.186: [GC (Allocation Failure) [PSYoungGen: 501792K->7680K(509440K)] 881561K->392333K(1033728K), 0.0204470 secs] [Times: user=0.03 sys=0.03, real=0.02 secs] 
2021-05-30T03:30:42.683+0800: 1360794.362: [GC (Allocation Failure) [PSYoungGen: 502272K->9536K(509952K)] 886925K->400280K(1034240K), 0.0210372 secs] [Times: user=0.03 sys=0.04, real=0.02 secs] 
2021-05-30T03:34:58.941+0800: 1361050.621: [GC (Allocation Failure) [PSYoungGen: 504640K->9696K(509440K)] 895384K->407738K(1033728K), 0.0407217 secs] [Times: user=0.05 sys=0.05, real=0.04 secs] 
2021-05-30T03:39:17.263+0800: 1361308.943: [GC (Allocation Failure) [PSYoungGen: 504800K->7520K(510464K)] 902842K->412164K(1034752K), 0.0216304 secs] [Times: user=0.04 sys=0.03, real=0.02 secs] 
2021-05-30T03:43:33.614+0800: 1361565.294: [GC (Allocation Failure) [PSYoungGen: 504160K->10880K(510464K)] 908804K->420577K(1034752K), 0.0227799 secs] [Times: user=0.03 sys=0.04, real=0.02 secs] 
2021-05-30T03:47:51.602+0800: 1361823.281: [GC (Allocation Failure) [PSYoungGen: 507520K->10784K(509440K)] 917217K->428691K(1033728K), 0.0630560 secs] [Times: user=0.05 sys=0.04, real=0.07 secs] 
2021-05-30T03:52:07.142+0800: 1362078.822: [GC (Allocation Failure) [PSYoungGen: 506400K->9088K(509952K)] 924307K->435756K(1034240K), 0.0250360 secs] [Times: user=0.03 sys=0.04, real=0.02 secs] 
2021-05-30T03:56:26.836+0800: 1362338.516: [GC (Allocation Failure) [PSYoungGen: 504704K->7168K(510464K)] 931372K->441117K(1034752K), 0.0275256 secs] [Times: user=0.04 sys=0.04, real=0.03 secs] 
2021-05-30T04:00:47.382+0800: 1362599.062: [GC (Allocation Failure) [PSYoungGen: 503808K->5632K(510464K)] 937757K->445751K(1034752K), 0.0293833 secs] [Times: user=0.09 sys=0.00, real=0.03 secs] 
2021-05-30T04:05:07.688+0800: 1362859.368: [GC (Allocation Failure) [PSYoungGen: 502269K->8832K(510976K)] 942389K->453533K(1035264K), 0.0235763 secs] [Times: user=0.03 sys=0.03, real=0.02 secs] 
2021-05-30T04:09:25.779+0800: 1363117.459: [GC (Allocation Failure) [PSYoungGen: 505984K->10688K(510464K)] 950685K->463032K(1034752K), 0.0249012 secs] [Times: user=0.04 sys=0.04, real=0.03 secs] 
2021-05-30T04:13:43.048+0800: 1363374.727: [GC (Allocation Failure) [PSYoungGen: 507840K->11456K(509440K)] 960184K->471604K(1033728K), 0.0764256 secs] [Times: user=0.03 sys=0.04, real=0.08 secs] 
2021-05-30T04:18:02.281+0800: 1363633.960: [GC (Allocation Failure) [PSYoungGen: 507072K->8832K(509952K)] 967220K->476383K(1034240K), 0.0296737 secs] [Times: user=0.03 sys=0.03, real=0.03 secs] 
2021-05-30T04:22:17.923+0800: 1363889.602: [GC (Allocation Failure) [PSYoungGen: 504448K->9312K(510976K)] 971999K->483881K(1035264K), 0.0302435 secs] [Times: user=0.04 sys=0.04, real=0.03 secs] 
2021-05-30T04:26:33.062+0800: 1364144.742: [GC (Allocation Failure) [PSYoungGen: 506464K->12480K(509952K)] 981033K->494228K(1034240K), 0.0226410 secs] [Times: user=0.04 sys=0.03, real=0.02 secs] 
2021-05-30T04:30:52.528+0800: 1364404.208: [GC (Allocation Failure) [PSYoungGen: 509632K->11104K(509952K)] 991380K->501369K(1034240K), 0.0245424 secs] [Times: user=0.03 sys=0.03, real=0.03 secs] 
2021-05-30T04:35:13.032+0800: 1364664.711: [GC (Allocation Failure) [PSYoungGen: 506720K->7200K(509952K)] 996985K->506641K(1034240K), 0.0240687 secs] [Times: user=0.04 sys=0.03, real=0.03 secs] 
2021-05-30T04:39:34.380+0800: 1364926.060: [GC (Allocation Failure) [PSYoungGen: 502816K->6656K(509952K)] 1002257K->511795K(1034240K), 0.0284319 secs] [Times: user=0.03 sys=0.03, real=0.03 secs] 
2021-05-30T04:43:52.851+0800: 1365184.530: [GC (Allocation Failure) [PSYoungGen: 502272K->11840K(507904K)] 1007411K->521328K(1032192K), 0.0201657 secs] [Times: user=0.03 sys=0.03, real=0.02 secs] 
2021-05-30T04:48:09.777+0800: 1365441.456: [GC (Allocation Failure) [PSYoungGen: 507456K->9344K(509952K)] 1016944K->527954K(1034240K), 0.0257413 secs] [Times: user=0.05 sys=0.04, real=0.03 secs] 
2021-05-30T04:48:09.803+0800: 1365441.483: [Full GC (Ergonomics) [PSYoungGen: 9344K->0K(509952K)] [ParOldGen: 518610K->299339K(524288K)] 527954K->299339K(1034240K), [Metaspace: 96258K->96258K(1138688K)], 0.4654249 secs] [Times: user=0.99 sys=0.00, real=0.46 secs] 
2021-05-30T04:52:24.619+0800: 1365696.299: [GC (Allocation Failure) [PSYoungGen: 495104K->12640K(509440K)] 794443K->311979K(1033728K), 0.0187655 secs] [Times: user=0.02 sys=0.03, real=0.02 secs] 
2021-05-30T04:56:42.315+0800: 1365953.994: [GC (Allocation Failure) [PSYoungGen: 507744K->12512K(508416K)] 807083K->321748K(1032704K), 0.0244392 secs] [Times: user=0.04 sys=0.04, real=0.02 secs] 
2021-05-30T05:01:00.060+0800: 1366211.739: [GC (Allocation Failure) [PSYoungGen: 506080K->7776K(508928K)] 815316K->327210K(1033216K), 0.0736773 secs] [Times: user=0.13 sys=0.13, real=0.08 secs] 
2021-05-30T05:05:17.108+0800: 1366468.787: [GC (Allocation Failure) [PSYoungGen: 501344K->10656K(508928K)] 820778K->337069K(1033216K), 0.0218556 secs] [Times: user=0.03 sys=0.03, real=0.02 secs] 
2021-05-30T05:09:30.593+0800: 1366722.272: [GC (Allocation Failure) [PSYoungGen: 504224K->13920K(507904K)] 830637K->348577K(1032192K), 0.0251646 secs] [Times: user=0.03 sys=0.03, real=0.02 secs] 
2021-05-30T05:13:48.026+0800: 1366979.706: [GC (Allocation Failure) [PSYoungGen: 507488K->10496K(508416K)] 842145K->355122K(1032704K), 0.0285956 secs] [Times: user=0.03 sys=0.03, real=0.03 secs] 
2021-05-30T05:18:05.601+0800: 1367237.281: [GC (Allocation Failure) [PSYoungGen: 502528K->8672K(507904K)] 847154K->360516K(1032192K), 0.0212092 secs] [Times: user=0.06 sys=0.00, real=0.03 secs] 
2021-05-30T05:22:22.885+0800: 1367494.564: [GC (Allocation Failure) [PSYoungGen: 500704K->8000K(508928K)] 852548K->366863K(1033216K), 0.0289668 secs] [Times: user=0.05 sys=0.04, real=0.03 secs] 
2021-05-30T05:26:42.342+0800: 1367754.022: [GC (Allocation Failure) [PSYoungGen: 501568K->6784K(508928K)] 860431K->371922K(1033216K), 0.0264129 secs] [Times: user=0.05 sys=0.04, real=0.02 secs] 
2021-05-30T05:30:59.587+0800: 1368011.266: [GC (Allocation Failure) [PSYoungGen: 500352K->6688K(508928K)] 865490K->377183K(1033216K), 0.0254522 secs] [Times: user=0.04 sys=0.04, real=0.03 secs] 
2021-05-30T05:35:18.450+0800: 1368270.130: [GC (Allocation Failure) [PSYoungGen: 500256K->12032K(505856K)] 870751K->387812K(1030144K), 0.0308319 secs] [Times: user=0.04 sys=0.04, real=0.03 secs] 
2021-05-30T05:39:30.234+0800: 1368521.913: [GC (Allocation Failure) [PSYoungGen: 505600K->13312K(507392K)] 881380K->397641K(1031680K), 0.0246209 secs] [Times: user=0.04 sys=0.04, real=0.02 secs] 
2021-05-30T05:43:40.944+0800: 1368772.624: [GC (Allocation Failure) [PSYoungGen: 504832K->11936K(507904K)] 889161K->407401K(1032192K), 0.0282100 secs] [Times: user=0.05 sys=0.04, real=0.03 secs] 
2021-05-30T05:47:55.382+0800: 1369027.062: [GC (Allocation Failure) [PSYoungGen: 503456K->10656K(507904K)] 898921K->415628K(1032192K), 0.0303748 secs] [Times: user=0.04 sys=0.04, real=0.03 secs] 
2021-05-30T05:52:11.213+0800: 1369282.892: [GC (Allocation Failure) [PSYoungGen: 502176K->11136K(507904K)] 907148K->424574K(1032192K), 0.0259913 secs] [Times: user=0.04 sys=0.04, real=0.02 secs] 
2021-05-30T05:56:26.509+0800: 1369538.189: [GC (Allocation Failure) [PSYoungGen: 502656K->13312K(507392K)] 916094K->434121K(1031680K), 0.0241014 secs] [Times: user=0.03 sys=0.04, real=0.03 secs] 
2021-05-30T06:00:44.112+0800: 1369795.791: [GC (Allocation Failure) [PSYoungGen: 504832K->10272K(507904K)] 925641K->440666K(1032192K), 0.0293247 secs] [Times: user=0.05 sys=0.05, real=0.03 secs] 
2021-05-30T06:05:05.666+0800: 1370057.345: [GC (Allocation Failure) [PSYoungGen: 501792K->6368K(507392K)] 932186K->444778K(1031680K), 0.0205912 secs] [Times: user=0.04 sys=0.03, real=0.02 secs] 
2021-05-30T06:09:22.230+0800: 1370313.910: [GC (Allocation Failure) [PSYoungGen: 497888K->7776K(507904K)] 936298K->451302K(1032192K), 0.0270408 secs] [Times: user=0.09 sys=0.00, real=0.03 secs] 
2021-05-30T06:13:39.329+0800: 1370571.008: [GC (Allocation Failure) [PSYoungGen: 499296K->9120K(508928K)] 942822K->458882K(1033216K), 0.0228230 secs] [Times: user=0.04 sys=0.03, real=0.02 secs] 
2021-05-30T06:17:59.341+0800: 1370831.021: [GC (Allocation Failure) [PSYoungGen: 502176K->8064K(508416K)] 951938K->465044K(1032704K), 0.0240796 secs] [Times: user=0.03 sys=0.04, real=0.03 secs] 
2021-05-30T06:22:19.314+0800: 1371090.994: [GC (Allocation Failure) [PSYoungGen: 501120K->10976K(508928K)] 958100K->474424K(1033216K), 0.0261561 secs] [Times: user=0.04 sys=0.04, real=0.02 secs] 
2021-05-30T06:26:33.977+0800: 1371345.657: [GC (Allocation Failure) [PSYoungGen: 504544K->13792K(507392K)] 967992K->485780K(1031680K), 0.0653749 secs] [Times: user=0.04 sys=0.05, real=0.07 secs] 
2021-05-30T06:30:49.398+0800: 1371601.077: [GC (Allocation Failure) [PSYoungGen: 507360K->11072K(508416K)] 979348K->492350K(1032704K), 0.0448994 secs] [Times: user=0.04 sys=0.04, real=0.05 secs] 
2021-05-30T06:35:04.678+0800: 1371856.358: [GC (Allocation Failure) [PSYoungGen: 503104K->12928K(507904K)] 984382K->501283K(1032192K), 0.0402109 secs] [Times: user=0.05 sys=0.04, real=0.04 secs] 
2021-05-30T06:39:23.472+0800: 1372115.151: [GC (Allocation Failure) [PSYoungGen: 504960K->12448K(507904K)] 993315K->510326K(1032192K), 0.0241520 secs] [Times: user=0.04 sys=0.04, real=0.03 secs] 
2021-05-30T06:43:36.974+0800: 1372368.654: [GC (Allocation Failure) [PSYoungGen: 503968K->11744K(507904K)] 1001846K->519289K(1032192K), 0.0262136 secs] [Times: user=0.04 sys=0.03, real=0.02 secs] 
2021-05-30T06:47:54.059+0800: 1372625.739: [GC (Allocation Failure) [PSYoungGen: 503264K->10240K(508416K)] 1010809K->526266K(1032704K), 0.0300108 secs] [Times: user=0.04 sys=0.04, real=0.03 secs] 
2021-05-30T06:47:54.090+0800: 1372625.769: [Full GC (Ergonomics) [PSYoungGen: 10240K->0K(508416K)] [ParOldGen: 516026K->303396K(524288K)] 526266K->303396K(1032704K), [Metaspace: 96258K->96258K(1138688K)], 0.4992130 secs] [Times: user=1.11 sys=0.00, real=0.50 secs] 
2021-05-30T06:52:13.278+0800: 1372884.957: [GC (Allocation Failure) [PSYoungGen: 492032K->7712K(507904K)] 795428K->311108K(1032192K), 0.0239137 secs] [Times: user=0.03 sys=0.03, real=0.02 secs] 
2021-05-30T06:56:30.280+0800: 1373141.960: [GC (Allocation Failure) [PSYoungGen: 499744K->8224K(508416K)] 803140K->318345K(1032704K), 0.0373567 secs] [Times: user=0.04 sys=0.03, real=0.04 secs] 
2021-05-30T07:00:41.375+0800: 1373393.055: [GC (Allocation Failure) [PSYoungGen: 500768K->9034K(508416K)] 810889K->325734K(1032704K), 0.0243799 secs] [Times: user=0.04 sys=0.03, real=0.02 secs] 
2021-05-30T07:05:01.669+0800: 1373653.349: [GC (Allocation Failure) [PSYoungGen: 501578K->7104K(508928K)] 818278K->331456K(1033216K), 0.0253896 secs] [Times: user=0.05 sys=0.05, real=0.03 secs] 
2021-05-30T07:09:14.657+0800: 1373906.337: [GC (Allocation Failure) [PSYoungGen: 500672K->9056K(508928K)] 825024K->339109K(1033216K), 0.0275094 secs] [Times: user=0.04 sys=0.04, real=0.03 secs] 
2021-05-30T07:13:29.368+0800: 1374161.047: [GC (Allocation Failure) [PSYoungGen: 502624K->11424K(508416K)] 832677K->348193K(1032704K), 0.0245042 secs] [Times: user=0.04 sys=0.04, real=0.03 secs] 
2021-05-30T07:17:44.889+0800: 1374416.569: [GC (Allocation Failure) [PSYoungGen: 504992K->13248K(506880K)] 841761K->358371K(1031168K), 0.0281247 secs] [Times: user=0.03 sys=0.04, real=0.03 secs] 
2021-05-30T07:22:00.430+0800: 1374672.109: [GC (Allocation Failure) [PSYoungGen: 506816K->11456K(508416K)] 851939K->367477K(1032704K), 0.0225734 secs] [Times: user=0.04 sys=0.04, real=0.03 secs] 
2021-05-30T07:26:18.628+0800: 1374930.307: [GC (Allocation Failure) [PSYoungGen: 504000K->10176K(508416K)] 860021K->375966K(1032704K), 0.0239245 secs] [Times: user=0.03 sys=0.03, real=0.02 secs] 
2021-05-30T07:30:36.294+0800: 1375187.973: [GC (Allocation Failure) [PSYoungGen: 502720K->11264K(508928K)] 868510K->384993K(1033216K), 0.0242027 secs] [Times: user=0.04 sys=0.04, real=0.02 secs] 
2021-05-30T07:34:57.297+0800: 1375448.977: [GC (Allocation Failure) [PSYoungGen: 504832K->7840K(508928K)] 878561K->391000K(1033216K), 0.0222873 secs] [Times: user=0.04 sys=0.03, real=0.02 secs] 
2021-05-30T07:39:14.912+0800: 1375706.592: [GC (Allocation Failure) [PSYoungGen: 501408K->8768K(509440K)] 884568K->397965K(1033728K), 0.0218032 secs] [Times: user=0.03 sys=0.03, real=0.02 secs] 
2021-05-30T07:43:34.257+0800: 1375965.937: [GC (Allocation Failure) [PSYoungGen: 502848K->7968K(508928K)] 892045K->403663K(1033216K), 0.0237717 secs] [Times: user=0.03 sys=0.04, real=0.02 secs] 
2021-05-30T07:47:53.523+0800: 1376225.203: [GC (Allocation Failure) [PSYoungGen: 502048K->8128K(509440K)] 897743K->409915K(1033728K), 0.0261381 secs] [Times: user=0.04 sys=0.04, real=0.02 secs] 
2021-05-30T07:52:09.208+0800: 1376480.887: [GC (Allocation Failure) [PSYoungGen: 502720K->7968K(509440K)] 904507K->416150K(1033728K), 0.0260969 secs] [Times: user=0.04 sys=0.04, real=0.03 secs] 
2021-05-30T07:56:26.331+0800: 1376738.011: [GC (Allocation Failure) [PSYoungGen: 502560K->12768K(507904K)] 910742K->426835K(1032192K), 0.0691036 secs] [Times: user=0.04 sys=0.04, real=0.07 secs] 
2021-05-30T08:00:42.103+0800: 1376993.782: [GC (Allocation Failure) [PSYoungGen: 506336K->11936K(508928K)] 920403K->435742K(1033216K), 0.0560253 secs] [Times: user=0.05 sys=0.05, real=0.05 secs] 
2021-05-30T08:04:55.591+0800: 1377247.271: [GC (Allocation Failure) [PSYoungGen: 505504K->12736K(507904K)] 929310K->446017K(1032192K), 0.0245675 secs] [Times: user=0.04 sys=0.04, real=0.03 secs] 
2021-05-30T08:09:11.052+0800: 1377502.732: [GC (Allocation Failure) [PSYoungGen: 505280K->11808K(508416K)] 938561K->455667K(1032704K), 0.0253117 secs] [Times: user=0.04 sys=0.03, real=0.03 secs] 
2021-05-30T08:13:27.861+0800: 1377759.541: [GC (Allocation Failure) [PSYoungGen: 504352K->10016K(508928K)] 948211K->462639K(1033216K), 0.0294443 secs] [Times: user=0.04 sys=0.04, real=0.03 secs] 
2021-05-30T08:17:43.099+0800: 1378014.779: [GC (Allocation Failure) [PSYoungGen: 503072K->11648K(508416K)] 955695K->472345K(1032704K), 0.0260750 secs] [Times: user=0.04 sys=0.04, real=0.03 secs] 
2021-05-30T08:21:58.656+0800: 1378270.335: [GC (Allocation Failure) [PSYoungGen: 504704K->8416K(508928K)] 965401K->478427K(1033216K), 0.0235025 secs] [Times: user=0.04 sys=0.03, real=0.02 secs] 
2021-05-30T08:26:18.254+0800: 1378529.934: [GC (Allocation Failure) [PSYoungGen: 501984K->8608K(508928K)] 971995K->485310K(1033216K), 0.0211126 secs] [Times: user=0.04 sys=0.03, real=0.02 secs] 
2021-05-30T08:30:31.892+0800: 1378783.571: [GC (Allocation Failure) [PSYoungGen: 502176K->11648K(508928K)] 978878K->494418K(1033216K), 0.0252020 secs] [Times: user=0.04 sys=0.03, real=0.03 secs] 
2021-05-30T08:34:48.539+0800: 1379040.218: [GC (Allocation Failure) [PSYoungGen: 505216K->12640K(506368K)] 987986K->504252K(1030656K), 0.0272102 secs] [Times: user=0.04 sys=0.04, real=0.03 secs] 
2021-05-30T08:39:05.885+0800: 1379297.564: [GC (Allocation Failure) [PSYoungGen: 506208K->10144K(508928K)] 997820K->511133K(1033216K), 0.0538665 secs] [Times: user=0.04 sys=0.04, real=0.05 secs] 
2021-05-30T08:43:24.896+0800: 1379556.576: [GC (Allocation Failure) [PSYoungGen: 503200K->8800K(508416K)] 1004189K->517239K(1032704K), 0.0267308 secs] [Times: user=0.03 sys=0.04, real=0.03 secs] 
2021-05-30T08:47:40.906+0800: 1379812.585: [GC (Allocation Failure) [PSYoungGen: 501856K->11648K(508416K)] 1010295K->526835K(1032704K), 0.0287763 secs] [Times: user=0.04 sys=0.04, real=0.03 secs] 
2021-05-30T08:47:40.935+0800: 1379812.615: [Full GC (Ergonomics) [PSYoungGen: 11648K->0K(508416K)] [ParOldGen: 515187K->300706K(524288K)] 526835K->300706K(1032704K), [Metaspace: 96258K->96258K(1138688K)], 0.5214033 secs] [Times: user=1.09 sys=0.00, real=0.52 secs] 
2021-05-30T08:51:57.068+0800: 1380068.748: [GC (Allocation Failure) [PSYoungGen: 493568K->11488K(508928K)] 794274K->312194K(1033216K), 0.0249866 secs] [Times: user=0.03 sys=0.03, real=0.03 secs] 
2021-05-30T08:56:12.207+0800: 1380323.887: [GC (Allocation Failure) [PSYoungGen: 505056K->8576K(509440K)] 805762K->317898K(1033728K), 0.0278976 secs] [Times: user=0.05 sys=0.04, real=0.03 secs] 
2021-05-30T09:00:29.849+0800: 1380581.529: [GC (Allocation Failure) [PSYoungGen: 503168K->7936K(509440K)] 812490K->323797K(1033728K), 0.0270341 secs] [Times: user=0.04 sys=0.04, real=0.03 secs] 
2021-05-30T09:04:48.623+0800: 1380840.302: [GC (Allocation Failure) [PSYoungGen: 502528K->9024K(509440K)] 818389K->330889K(1033728K), 0.0217133 secs] [Times: user=0.03 sys=0.03, real=0.02 secs] 
2021-05-30T09:09:09.277+0800: 1381100.957: [GC (Allocation Failure) [PSYoungGen: 503616K->7488K(509440K)] 825481K->336834K(1033728K), 0.0294840 secs] [Times: user=0.04 sys=0.04, real=0.03 secs] 
2021-05-30T09:13:29.325+0800: 1381361.004: [GC (Allocation Failure) [PSYoungGen: 502080K->7360K(509440K)] 831426K->343077K(1033728K), 0.0192505 secs] [Times: user=0.03 sys=0.03, real=0.02 secs] 
2021-05-30T09:17:48.964+0800: 1381620.644: [GC (Allocation Failure) [PSYoungGen: 501952K->11296K(509440K)] 837669K->352721K(1033728K), 0.0238189 secs] [Times: user=0.04 sys=0.03, real=0.02 secs] 
2021-05-30T09:22:07.821+0800: 1381879.501: [GC (Allocation Failure) [PSYoungGen: 505888K->7488K(509440K)] 847313K->358129K(1033728K), 0.0247252 secs] [Times: user=0.04 sys=0.03, real=0.03 secs] 
2021-05-30T09:26:29.669+0800: 1382141.349: [GC (Allocation Failure) [PSYoungGen: 502080K->6944K(509440K)] 852721K->363341K(1033728K), 0.0236936 secs] [Times: user=0.03 sys=0.03, real=0.03 secs] 
2021-05-30T09:30:47.958+0800: 1382399.637: [GC (Allocation Failure) [PSYoungGen: 501536K->9120K(509952K)] 857933K->371385K(1034240K), 0.0223956 secs] [Times: user=0.03 sys=0.03, real=0.02 secs] 
2021-05-30T09:35:07.699+0800: 1382659.379: [GC (Allocation Failure) [PSYoungGen: 504168K->10496K(509440K)] 866434K->379956K(1033728K), 0.0407898 secs] [Times: user=0.04 sys=0.04, real=0.04 secs] 
2021-05-30T09:39:25.301+0800: 1382916.981: [GC (Allocation Failure) [PSYoungGen: 505600K->9760K(510464K)] 875060K->388644K(1034752K), 0.0511319 secs] [Times: user=0.05 sys=0.04, real=0.06 secs] 
2021-05-30T09:43:46.150+0800: 1383177.830: [GC (Allocation Failure) [PSYoungGen: 505888K->8000K(509952K)] 884772K->394597K(1034240K), 0.0374127 secs] [Times: user=0.03 sys=0.03, real=0.04 secs] 
2021-05-30T09:48:02.080+0800: 1383433.760: [GC (Allocation Failure) [PSYoungGen: 504128K->9312K(510976K)] 890725K->402225K(1035264K), 0.0209634 secs] [Times: user=0.03 sys=0.04, real=0.02 secs] 
2021-05-30T09:52:18.994+0800: 1383690.674: [GC (Allocation Failure) [PSYoungGen: 506464K->12352K(510464K)] 899377K->412532K(1034752K), 0.0775438 secs] [Times: user=0.05 sys=0.04, real=0.07 secs] 
2021-05-30T09:56:36.508+0800: 1383948.188: [GC (Allocation Failure) [PSYoungGen: 509504K->11680K(509440K)] 909684K->422014K(1033728K), 0.0267530 secs] [Times: user=0.04 sys=0.04, real=0.03 secs] 
2021-05-30T10:00:52.737+0800: 1384204.416: [GC (Allocation Failure) [PSYoungGen: 507296K->10880K(509952K)] 917630K->430104K(1034240K), 0.0364159 secs] [Times: user=0.04 sys=0.04, real=0.04 secs] 
2021-05-30T10:05:12.276+0800: 1384463.956: [GC (Allocation Failure) [PSYoungGen: 506496K->7520K(509952K)] 925720K->434897K(1034240K), 0.0424938 secs] [Times: user=0.03 sys=0.03, real=0.04 secs] 
2021-05-30T10:09:28.729+0800: 1384720.408: [GC (Allocation Failure) [PSYoungGen: 503136K->12000K(507904K)] 930513K->445614K(1032192K), 0.0283382 secs] [Times: user=0.04 sys=0.04, real=0.03 secs] 
2021-05-30T10:13:44.061+0800: 1384975.740: [GC (Allocation Failure) [PSYoungGen: 507616K->12768K(508416K)] 941230K->454744K(1032704K), 0.0284452 secs] [Times: user=0.04 sys=0.04, real=0.03 secs] 
2021-05-30T10:18:00.174+0800: 1385231.854: [GC (Allocation Failure) [PSYoungGen: 506336K->8704K(508928K)] 948312K->460001K(1033216K), 0.0201041 secs] [Times: user=0.03 sys=0.03, real=0.02 secs] 
2021-05-30T10:22:14.551+0800: 1385486.231: [GC (Allocation Failure) [PSYoungGen: 502272K->12512K(508928K)] 953569K->470973K(1033216K), 0.0704820 secs] [Times: user=0.05 sys=0.05, real=0.07 secs] 
2021-05-30T10:26:32.319+0800: 1385743.999: [GC (Allocation Failure) [PSYoungGen: 506080K->10976K(508928K)] 964541K->478597K(1033216K), 0.0246647 secs] [Times: user=0.03 sys=0.03, real=0.03 secs] 
2021-05-30T10:30:48.680+0800: 1386000.359: [GC (Allocation Failure) [PSYoungGen: 504544K->11424K(508928K)] 972165K->486952K(1033216K), 0.0324188 secs] [Times: user=0.04 sys=0.05, real=0.04 secs] 
2021-05-30T10:35:06.973+0800: 1386258.652: [GC (Allocation Failure) [PSYoungGen: 504992K->10624K(508928K)] 980520K->495466K(1033216K), 0.0250881 secs] [Times: user=0.04 sys=0.04, real=0.02 secs] 
2021-05-30T10:39:22.414+0800: 1386514.094: [GC (Allocation Failure) [PSYoungGen: 504192K->11904K(509440K)] 989034K->504614K(1033728K), 0.0277119 secs] [Times: user=0.07 sys=0.00, real=0.02 secs] 
2021-05-30T10:43:39.624+0800: 1386771.304: [GC (Allocation Failure) [PSYoungGen: 506496K->11616K(509440K)] 999206K->513616K(1033728K), 0.0310368 secs] [Times: user=0.04 sys=0.04, real=0.03 secs] 
2021-05-30T10:47:58.036+0800: 1387029.715: [GC (Allocation Failure) [PSYoungGen: 506208K->7872K(509440K)] 1008208K->518624K(1033728K), 0.0271962 secs] [Times: user=0.04 sys=0.04, real=0.03 secs] 
2021-05-30T10:52:17.013+0800: 1387288.693: [GC (Allocation Failure) [PSYoungGen: 502464K->7008K(501760K)] 1013216K->524194K(1026048K), 0.0262255 secs] [Times: user=0.04 sys=0.04, real=0.02 secs] 
2021-05-30T10:52:17.040+0800: 1387288.720: [Full GC (Ergonomics) [PSYoungGen: 7008K->0K(501760K)] [ParOldGen: 517186K->298690K(524288K)] 524194K->298690K(1026048K), [Metaspace: 96258K->96254K(1138688K)], 0.6667970 secs] [Times: user=1.64 sys=0.00, real=0.67 secs] 
2021-05-30T10:56:38.108+0800: 1387549.788: [GC (Allocation Failure) [PSYoungGen: 494592K->7104K(508928K)] 793282K->305794K(1033216K), 0.0225391 secs] [Times: user=0.03 sys=0.04, real=0.02 secs] 
2021-05-30T11:00:56.490+0800: 1387808.170: [GC (Allocation Failure) [PSYoungGen: 500672K->7808K(508928K)] 799362K->312284K(1033216K), 0.0242607 secs] [Times: user=0.04 sys=0.03, real=0.03 secs] 
2021-05-30T11:05:12.551+0800: 1388064.231: [GC (Allocation Failure) [PSYoungGen: 501376K->9216K(509952K)] 805852K->319775K(1034240K), 0.0232007 secs] [Times: user=0.04 sys=0.04, real=0.03 secs] 
2021-05-30T11:09:29.263+0800: 1388320.942: [GC (Allocation Failure) [PSYoungGen: 504320K->9920K(509440K)] 814879K->327466K(1033728K), 0.0261317 secs] [Times: user=0.04 sys=0.03, real=0.02 secs] 
2021-05-30T11:13:49.359+0800: 1388581.038: [GC (Allocation Failure) [PSYoungGen: 505024K->7392K(509952K)] 822570K->332459K(1034240K), 0.0217018 secs] [Times: user=0.03 sys=0.03, real=0.02 secs] 
2021-05-30T11:18:09.189+0800: 1388840.869: [GC (Allocation Failure) [PSYoungGen: 503008K->6976K(509952K)] 828075K->337885K(1034240K), 0.0186337 secs] [Times: user=0.03 sys=0.03, real=0.02 secs] 
2021-05-30T11:22:29.485+0800: 1389101.165: [GC (Allocation Failure) [PSYoungGen: 502592K->8448K(510464K)] 833501K->345208K(1034752K), 0.0247035 secs] [Times: user=0.04 sys=0.04, real=0.02 secs] 
2021-05-30T11:26:47.713+0800: 1389359.393: [GC (Allocation Failure) [PSYoungGen: 504576K->7872K(509952K)] 841336K->352122K(1034240K), 0.0261157 secs] [Times: user=0.03 sys=0.03, real=0.02 secs] 
2021-05-30T11:31:06.414+0800: 1389618.093: [GC (Allocation Failure) [PSYoungGen: 504000K->6912K(510976K)] 848250K->357045K(1035264K), 0.0263605 secs] [Times: user=0.04 sys=0.03, real=0.02 secs] 
2021-05-30T11:35:22.445+0800: 1389874.124: [GC (Allocation Failure) [PSYoungGen: 504576K->9760K(510976K)] 854709K->364931K(1035264K), 0.0251001 secs] [Times: user=0.04 sys=0.04, real=0.02 secs] 
2021-05-30T11:39:40.093+0800: 1390131.772: [GC (Allocation Failure) [PSYoungGen: 507424K->11008K(509952K)] 862595K->373902K(1034240K), 0.0285013 secs] [Times: user=0.05 sys=0.04, real=0.02 secs] 
2021-05-30T11:43:59.295+0800: 1390390.975: [GC (Allocation Failure) [PSYoungGen: 507648K->7872K(510464K)] 870542K->378998K(1034752K), 0.0235362 secs] [Times: user=0.04 sys=0.04, real=0.02 secs] 
2021-05-30T11:48:18.613+0800: 1390650.293: [GC (Allocation Failure) [PSYoungGen: 504512K->7680K(510976K)] 875638K->385577K(1035264K), 0.0419834 secs] [Times: user=0.04 sys=0.04, real=0.04 secs] 
2021-05-30T11:52:38.664+0800: 1390910.344: [GC (Allocation Failure) [PSYoungGen: 505344K->8160K(510976K)] 883241K->392260K(1035264K), 0.0626082 secs] [Times: user=0.03 sys=0.04, real=0.06 secs] 
2021-05-30T11:57:00.061+0800: 1391171.741: [GC (Allocation Failure) [PSYoungGen: 505824K->8896K(511488K)] 889924K->399424K(1035776K), 0.0294593 secs] [Times: user=0.04 sys=0.04, real=0.03 secs] 
2021-05-30T12:01:23.502+0800: 1391435.182: [GC (Allocation Failure) [PSYoungGen: 507584K->7584K(511488K)] 898112K->404738K(1035776K), 0.0295976 secs] [Times: user=0.04 sys=0.05, real=0.02 secs] 
2021-05-30T12:05:43.306+0800: 1391694.986: [GC (Allocation Failure) [PSYoungGen: 506272K->10688K(510976K)] 903426K->413940K(1035264K), 0.0272423 secs] [Times: user=0.04 sys=0.04, real=0.03 secs] 
2021-05-30T12:10:00.175+0800: 1391951.854: [GC (Allocation Failure) [PSYoungGen: 509376K->11872K(510976K)] 912628K->422889K(1035264K), 0.0258116 secs] [Times: user=0.04 sys=0.04, real=0.02 secs] 
2021-05-30T12:14:20.042+0800: 1392211.721: [GC (Allocation Failure) [PSYoungGen: 510560K->8704K(510976K)] 921577K->427506K(1035264K), 0.0241214 secs] [Times: user=0.04 sys=0.04, real=0.03 secs] 
2021-05-30T12:18:40.161+0800: 1392471.841: [GC (Allocation Failure) [PSYoungGen: 506368K->8960K(510976K)] 925170K->434259K(1035264K), 0.0324559 secs] [Times: user=0.04 sys=0.04, real=0.04 secs] 
2021-05-30T12:23:01.379+0800: 1392733.059: [GC (Allocation Failure) [PSYoungGen: 506624K->5728K(510464K)] 931923K->438532K(1034752K), 0.0214813 secs] [Times: user=0.04 sys=0.03, real=0.02 secs] 
2021-05-30T12:27:19.649+0800: 1392991.328: [GC (Allocation Failure) [PSYoungGen: 503392K->9248K(510976K)] 936196K->446250K(1035264K), 0.0563379 secs] [Times: user=0.04 sys=0.04, real=0.06 secs] 
2021-05-30T12:31:37.837+0800: 1393249.516: [GC (Allocation Failure) [PSYoungGen: 506912K->10592K(510464K)] 943914K->454461K(1034752K), 0.0249535 secs] [Times: user=0.04 sys=0.04, real=0.02 secs] 
2021-05-30T12:35:58.172+0800: 1393509.851: [GC (Allocation Failure) [PSYoungGen: 508256K->6080K(510976K)] 952125K->459053K(1035264K), 0.0221914 secs] [Times: user=0.04 sys=0.03, real=0.03 secs] 
2021-05-30T12:40:17.928+0800: 1393769.608: [GC (Allocation Failure) [PSYoungGen: 503744K->7936K(511488K)] 956717K->465817K(1035776K), 0.0462858 secs] [Times: user=0.03 sys=0.04, real=0.05 secs] 
2021-05-30T12:44:38.179+0800: 1394029.858: [GC (Allocation Failure) [PSYoungGen: 506112K->7680K(510976K)] 963993K->472170K(1035264K), 0.0329190 secs] [Times: user=0.05 sys=0.04, real=0.03 secs] 
2021-05-30T12:48:57.469+0800: 1394289.148: [GC (Allocation Failure) [PSYoungGen: 505856K->7744K(512000K)] 970346K->478125K(1036288K), 0.0222055 secs] [Times: user=0.03 sys=0.03, real=0.02 secs] 
2021-05-30T12:53:17.107+0800: 1394548.787: [GC (Allocation Failure) [PSYoungGen: 506944K->8192K(511488K)] 977325K->484937K(1035776K), 0.0228665 secs] [Times: user=0.04 sys=0.04, real=0.02 secs] 
2021-05-30T12:57:28.319+0800: 1394799.999: [GC (Allocation Failure) [PSYoungGen: 507392K->8650K(512512K)] 984137K->491415K(1036800K), 0.0293688 secs] [Times: user=0.04 sys=0.03, real=0.03 secs] 
2021-05-30T13:01:49.395+0800: 1395061.075: [GC (Allocation Failure) [PSYoungGen: 508874K->8448K(512000K)] 991639K->498331K(1036288K), 0.0242440 secs] [Times: user=0.07 sys=0.00, real=0.02 secs] 
2021-05-30T13:06:08.126+0800: 1395319.806: [GC (Allocation Failure) [PSYoungGen: 508672K->10976K(511488K)] 998555K->507335K(1035776K), 0.0255347 secs] [Times: user=0.04 sys=0.03, real=0.02 secs] 
2021-05-30T13:10:25.305+0800: 1395576.984: [GC (Allocation Failure) [PSYoungGen: 510688K->10624K(510464K)] 1007047K->515984K(1034752K), 0.0231207 secs] [Times: user=0.03 sys=0.03, real=0.02 secs] 
2021-05-30T13:14:46.373+0800: 1395838.052: [GC (Allocation Failure) [PSYoungGen: 510336K->8608K(512000K)] 1015696K->522594K(1036288K), 0.0234684 secs] [Times: user=0.07 sys=0.00, real=0.02 secs] 
2021-05-30T13:19:09.969+0800: 1396101.648: [GC (Allocation Failure) [PSYoungGen: 507808K->7616K(511488K)] 1021794K->528300K(1035776K), 0.0218487 secs] [Times: user=0.04 sys=0.03, real=0.02 secs] 
2021-05-30T13:19:09.991+0800: 1396101.671: [Full GC (Ergonomics) [PSYoungGen: 7616K->0K(511488K)] [ParOldGen: 520684K->300082K(524288K)] 528300K->300082K(1035776K), [Metaspace: 96259K->96255K(1138688K)], 0.5139617 secs] [Times: user=1.10 sys=0.00, real=0.52 secs] 
2021-05-30T13:23:31.360+0800: 1396363.040: [GC (Allocation Failure) [PSYoungGen: 499200K->7360K(512000K)] 799282K->307442K(1036288K), 0.0227986 secs] [Times: user=0.03 sys=0.03, real=0.03 secs] 
2021-05-30T13:27:50.428+0800: 1396622.108: [GC (Allocation Failure) [PSYoungGen: 507072K->8480K(512000K)] 807154K->314470K(1036288K), 0.0215162 secs] [Times: user=0.04 sys=0.03, real=0.02 secs] 
2021-05-30T13:32:11.501+0800: 1396883.181: [GC (Allocation Failure) [PSYoungGen: 508192K->11744K(505344K)] 814182K->325691K(1029632K), 0.0308715 secs] [Times: user=0.04 sys=0.04, real=0.03 secs] 
2021-05-30T13:36:23.168+0800: 1397134.848: [GC (Allocation Failure) [PSYoungGen: 505312K->13504K(507392K)] 819259K->336143K(1031680K), 0.0266541 secs] [Times: user=0.07 sys=0.00, real=0.03 secs] 
2021-05-30T13:40:41.632+0800: 1397393.311: [GC (Allocation Failure) [PSYoungGen: 507072K->7744K(507904K)] 829711K->340814K(1032192K), 0.0257584 secs] [Times: user=0.05 sys=0.04, real=0.03 secs] 
2021-05-30T13:44:58.834+0800: 1397650.513: [GC (Allocation Failure) [PSYoungGen: 499264K->7456K(507904K)] 832334K->346529K(1032192K), 0.0204003 secs] [Times: user=0.04 sys=0.03, real=0.02 secs] 
2021-05-30T13:49:18.699+0800: 1397910.378: [GC (Allocation Failure) [PSYoungGen: 498976K->6080K(508416K)] 838049K->351268K(1032704K), 0.0253338 secs] [Times: user=0.04 sys=0.04, real=0.03 secs] 
2021-05-30T13:53:33.501+0800: 1398165.180: [GC (Allocation Failure) [PSYoungGen: 498624K->7392K(508416K)] 843812K->357096K(1032704K), 0.0219215 secs] [Times: user=0.04 sys=0.04, real=0.03 secs] 
2021-05-30T13:57:49.023+0800: 1398420.703: [GC (Allocation Failure) [PSYoungGen: 499936K->7968K(508928K)] 849640K->363938K(1033216K), 0.0240000 secs] [Times: user=0.04 sys=0.04, real=0.02 secs] 
2021-05-30T14:02:05.645+0800: 1398677.325: [GC (Allocation Failure) [PSYoungGen: 501024K->9728K(508416K)] 856994K->371998K(1032704K), 0.0229888 secs] [Times: user=0.03 sys=0.03, real=0.02 secs] 
2021-05-30T14:06:21.227+0800: 1398932.907: [GC (Allocation Failure) [PSYoungGen: 502784K->11072K(508416K)] 865054K->381154K(1032704K), 0.0234412 secs] [Times: user=0.04 sys=0.04, real=0.02 secs] 
2021-05-30T14:10:36.686+0800: 1399188.365: [GC (Allocation Failure) [PSYoungGen: 504640K->11744K(508928K)] 874722K->390556K(1033216K), 0.0358495 secs] [Times: user=0.03 sys=0.03, real=0.03 secs] 
2021-05-30T14:14:53.573+0800: 1399445.253: [GC (Allocation Failure) [PSYoungGen: 505312K->6944K(508928K)] 884124K->395882K(1033216K), 0.0241203 secs] [Times: user=0.03 sys=0.03, real=0.02 secs] 
2021-05-30T14:19:16.544+0800: 1399708.224: [GC (Allocation Failure) [PSYoungGen: 500512K->6464K(508928K)] 889450K->400389K(1033216K), 0.0220620 secs] [Times: user=0.04 sys=0.03, real=0.02 secs] 
2021-05-30T14:23:33.812+0800: 1399965.491: [GC (Allocation Failure) [PSYoungGen: 500032K->8640K(509440K)] 893957K->407331K(1033728K), 0.0237767 secs] [Times: user=0.04 sys=0.03, real=0.03 secs] 
2021-05-30T14:27:52.388+0800: 1400224.067: [GC (Allocation Failure) [PSYoungGen: 502720K->11136K(508928K)] 901411K->416320K(1033216K), 0.0445469 secs] [Times: user=0.03 sys=0.04, real=0.05 secs] 
2021-05-30T14:32:09.621+0800: 1400481.301: [GC (Allocation Failure) [PSYoungGen: 505216K->12512K(507392K)] 910400K->425595K(1031680K), 0.0308158 secs] [Times: user=0.04 sys=0.04, real=0.03 secs] 
2021-05-30T14:36:26.897+0800: 1400738.577: [GC (Allocation Failure) [PSYoungGen: 505056K->10528K(508416K)] 918139K->433140K(1032704K), 0.0293855 secs] [Times: user=0.04 sys=0.04, real=0.03 secs] 
2021-05-30T14:40:44.819+0800: 1400996.499: [GC (Allocation Failure) [PSYoungGen: 503072K->7392K(508928K)] 925684K->438717K(1033216K), 0.0267598 secs] [Times: user=0.04 sys=0.03, real=0.03 secs] 
2021-05-30T14:45:01.056+0800: 1401252.736: [GC (Allocation Failure) [PSYoungGen: 500960K->9120K(508928K)] 932285K->445305K(1033216K), 0.0212325 secs] [Times: user=0.03 sys=0.03, real=0.02 secs] 
2021-05-30T14:49:21.516+0800: 1401513.196: [GC (Allocation Failure) [PSYoungGen: 502688K->8128K(509952K)] 938873K->452012K(1034240K), 0.0439282 secs] [Times: user=0.03 sys=0.04, real=0.04 secs] 
2021-05-30T14:53:40.791+0800: 1401772.471: [GC (Allocation Failure) [PSYoungGen: 503232K->8768K(509440K)] 947116K->459598K(1033728K), 0.0263816 secs] [Times: user=0.04 sys=0.04, real=0.03 secs] 
2021-05-30T14:57:54.749+0800: 1402026.428: [GC (Allocation Failure) [PSYoungGen: 503872K->13696K(507392K)] 954702K->470820K(1031680K), 0.0245584 secs] [Times: user=0.04 sys=0.04, real=0.03 secs] 
2021-05-30T15:02:12.968+0800: 1402284.648: [GC (Allocation Failure) [PSYoungGen: 507264K->12224K(505856K)] 964388K->479365K(1030144K), 0.0300673 secs] [Times: user=0.08 sys=0.00, real=0.03 secs] 
2021-05-30T15:06:28.038+0800: 1402539.718: [GC (Allocation Failure) [PSYoungGen: 505792K->10112K(508928K)] 972933K->485440K(1033216K), 0.0343797 secs] [Times: user=0.04 sys=0.04, real=0.04 secs] 
2021-05-30T15:10:46.808+0800: 1402798.487: [GC (Allocation Failure) [PSYoungGen: 503168K->7296K(508416K)] 978496K->490264K(1032704K), 0.0235380 secs] [Times: user=0.06 sys=0.00, real=0.02 secs] 
2021-05-30T15:15:08.084+0800: 1403059.763: [GC (Allocation Failure) [PSYoungGen: 500352K->7040K(509440K)] 983320K->495686K(1033728K), 0.0400485 secs] [Times: user=0.03 sys=0.03, real=0.04 secs] 
2021-05-30T15:19:25.697+0800: 1403317.376: [GC (Allocation Failure) [PSYoungGen: 501120K->8736K(508928K)] 989766K->503113K(1033216K), 0.0227819 secs] [Times: user=0.03 sys=0.03, real=0.02 secs] 
2021-05-30T15:23:39.877+0800: 1403571.557: [GC (Allocation Failure) [PSYoungGen: 502816K->8832K(509952K)] 997193K->509908K(1034240K), 0.0263373 secs] [Times: user=0.04 sys=0.03, real=0.03 secs] 
2021-05-30T15:27:56.191+0800: 1403827.871: [GC (Allocation Failure) [PSYoungGen: 503936K->11360K(509440K)] 1005012K->519199K(1033728K), 0.0291568 secs] [Times: user=0.09 sys=0.00, real=0.03 secs] 
2021-05-30T15:32:15.637+0800: 1404087.317: [GC (Allocation Failure) [PSYoungGen: 506464K->11712K(508928K)] 1014303K->527937K(1033216K), 0.0272200 secs] [Times: user=0.04 sys=0.04, real=0.03 secs] 
2021-05-30T15:32:15.666+0800: 1404087.346: [Full GC (Ergonomics) [PSYoungGen: 11712K->0K(508928K)] [ParOldGen: 516225K->300653K(524288K)] 527937K->300653K(1033216K), [Metaspace: 96259K->96255K(1138688K)], 0.5300162 secs] [Times: user=1.01 sys=0.00, real=0.53 secs] 
2021-05-30T15:36:33.341+0800: 1404345.021: [GC (Allocation Failure) [PSYoungGen: 494592K->10656K(509440K)] 795245K->311309K(1033728K), 0.0204582 secs] [Times: user=0.03 sys=0.03, real=0.02 secs] 
2021-05-30T15:40:51.983+0800: 1404603.663: [GC (Allocation Failure) [PSYoungGen: 505248K->7552K(509440K)] 805901K->317517K(1033728K), 0.0236149 secs] [Times: user=0.04 sys=0.04, real=0.02 secs] 
2021-05-30T15:45:11.646+0800: 1404863.325: [GC (Allocation Failure) [PSYoungGen: 502144K->8256K(509440K)] 812109K->324751K(1033728K), 0.0260854 secs] [Times: user=0.03 sys=0.03, real=0.02 secs] 
2021-05-30T15:49:27.767+0800: 1405119.447: [GC (Allocation Failure) [PSYoungGen: 502848K->11616K(508928K)] 819343K->334556K(1033216K), 0.0268309 secs] [Times: user=0.04 sys=0.04, real=0.03 secs] 
2021-05-30T15:53:43.226+0800: 1405374.906: [GC (Allocation Failure) [PSYoungGen: 506208K->11968K(509440K)] 829148K->343497K(1033728K), 0.0271969 secs] [Times: user=0.04 sys=0.03, real=0.03 secs] 
2021-05-30T15:57:58.460+0800: 1405630.139: [GC (Allocation Failure) [PSYoungGen: 506560K->11616K(508416K)] 838089K->352921K(1032704K), 0.0245203 secs] [Times: user=0.07 sys=0.00, real=0.03 secs] 
2021-05-30T16:02:12.799+0800: 1405884.479: [GC (Allocation Failure) [PSYoungGen: 505184K->9056K(508928K)] 846489K->358948K(1033216K), 0.0335161 secs] [Times: user=0.03 sys=0.03, real=0.04 secs] 
2021-05-30T16:06:29.262+0800: 1406140.942: [GC (Allocation Failure) [PSYoungGen: 502624K->9344K(509952K)] 852516K->366047K(1034240K), 0.0239447 secs] [Times: user=0.04 sys=0.04, real=0.02 secs] 
2021-05-30T16:10:46.935+0800: 1406398.614: [GC (Allocation Failure) [PSYoungGen: 504448K->10240K(509440K)] 861151K->373873K(1033728K), 0.0243701 secs] [Times: user=0.04 sys=0.03, real=0.02 secs] 
2021-05-30T16:15:03.444+0800: 1406655.123: [GC (Allocation Failure) [PSYoungGen: 505344K->6720K(509952K)] 868977K->378026K(1034240K), 0.0190792 secs] [Times: user=0.03 sys=0.03, real=0.02 secs] 
2021-05-30T16:19:19.321+0800: 1406911.001: [GC (Allocation Failure) [PSYoungGen: 502336K->12832K(508928K)] 873642K->389016K(1033216K), 0.0260050 secs] [Times: user=0.03 sys=0.03, real=0.03 secs] 
2021-05-30T16:23:34.117+0800: 1407165.796: [GC (Allocation Failure) [PSYoungGen: 508448K->14624K(506880K)] 884632K->400452K(1031168K), 0.0314501 secs] [Times: user=0.08 sys=0.00, real=0.03 secs] 
2021-05-30T16:27:48.862+0800: 1407420.542: [GC (Allocation Failure) [PSYoungGen: 506144K->10656K(507904K)] 891972K->407382K(1032192K), 0.0262338 secs] [Times: user=0.04 sys=0.04, real=0.02 secs] 
2021-05-30T16:32:02.864+0800: 1407674.543: [GC (Allocation Failure) [PSYoungGen: 502176K->12192K(508416K)] 898902K->416706K(1032704K), 0.0792561 secs] [Times: user=0.07 sys=0.00, real=0.08 secs] 
2021-05-30T16:36:19.319+0800: 1407930.999: [GC (Allocation Failure) [PSYoungGen: 504736K->11808K(508416K)] 909250K->425333K(1032704K), 0.0250508 secs] [Times: user=0.03 sys=0.04, real=0.03 secs] 
2021-05-30T16:40:39.402+0800: 1408191.082: [GC (Allocation Failure) [PSYoungGen: 504352K->8032K(508416K)] 917877K->430972K(1032704K), 0.0235640 secs] [Times: user=0.03 sys=0.04, real=0.03 secs] 
2021-05-30T16:44:56.801+0800: 1408448.480: [GC (Allocation Failure) [PSYoungGen: 500576K->9728K(508416K)] 923516K->438935K(1032704K), 0.0246537 secs] [Times: user=0.03 sys=0.03, real=0.03 secs] 
2021-05-30T16:49:11.324+0800: 1408703.004: [GC (Allocation Failure) [PSYoungGen: 502272K->11968K(508928K)] 931479K->448748K(1033216K), 0.0240202 secs] [Times: user=0.04 sys=0.04, real=0.02 secs] 
2021-05-30T16:53:26.010+0800: 1408957.689: [GC (Allocation Failure) [PSYoungGen: 505536K->14080K(507904K)] 942316K->460383K(1032192K), 0.0533791 secs] [Times: user=0.04 sys=0.05, real=0.06 secs] 
2021-05-30T16:57:42.387+0800: 1409214.066: [GC (Allocation Failure) [PSYoungGen: 507648K->11424K(508416K)] 953951K->467944K(1032704K), 0.0270933 secs] [Times: user=0.04 sys=0.04, real=0.03 secs] 
2021-05-30T17:01:58.884+0800: 1409470.564: [GC (Allocation Failure) [PSYoungGen: 503456K->7776K(507904K)] 959976K->472922K(1032192K), 0.0244200 secs] [Times: user=0.03 sys=0.03, real=0.02 secs] 
2021-05-30T17:06:13.767+0800: 1409725.446: [GC (Allocation Failure) [PSYoungGen: 499808K->9376K(508416K)] 964954K->480326K(1032704K), 0.0216259 secs] [Times: user=0.03 sys=0.03, real=0.02 secs] 
2021-05-30T17:10:29.186+0800: 1409980.866: [GC (Allocation Failure) [PSYoungGen: 501408K->8096K(507904K)] 972358K->486408K(1032192K), 0.0202464 secs] [Times: user=0.03 sys=0.04, real=0.02 secs] 
2021-05-30T17:14:46.661+0800: 1410238.340: [GC (Allocation Failure) [PSYoungGen: 500128K->6336K(508416K)] 978440K->491579K(1032704K), 0.0220836 secs] [Times: user=0.03 sys=0.03, real=0.03 secs] 
2021-05-30T17:19:02.618+0800: 1410494.298: [GC (Allocation Failure) [PSYoungGen: 498880K->7360K(508416K)] 984123K->497815K(1032704K), 0.0228094 secs] [Times: user=0.04 sys=0.03, real=0.02 secs] 
2021-05-30T17:23:22.376+0800: 1410754.055: [GC (Allocation Failure) [PSYoungGen: 499904K->8448K(508928K)] 990359K->504474K(1033216K), 0.0225824 secs] [Times: user=0.04 sys=0.04, real=0.02 secs] 
2021-05-30T17:27:38.524+0800: 1411010.203: [GC (Allocation Failure) [PSYoungGen: 501504K->9664K(508416K)] 997530K->512469K(1032704K), 0.0727795 secs] [Times: user=0.04 sys=0.05, real=0.07 secs] 
2021-05-30T17:31:52.124+0800: 1411263.804: [GC (Allocation Failure) [PSYoungGen: 502720K->12992K(507392K)] 1005525K->522674K(1031680K), 0.0257629 secs] [Times: user=0.03 sys=0.03, real=0.02 secs] 
2021-05-30T17:36:06.627+0800: 1411518.306: [GC (Allocation Failure) [PSYoungGen: 505536K->11040K(508416K)] 1015218K->530986K(1032704K), 0.0963310 secs] [Times: user=0.05 sys=0.04, real=0.10 secs] 
2021-05-30T17:36:06.723+0800: 1411518.403: [Full GC (Ergonomics) [PSYoungGen: 11040K->0K(508416K)] [ParOldGen: 519946K->305239K(524288K)] 530986K->305239K(1032704K), [Metaspace: 96259K->96259K(1138688K)], 0.5138258 secs] [Times: user=1.09 sys=0.00, real=0.51 secs] 
2021-05-30T17:40:22.713+0800: 1411774.393: [GC (Allocation Failure) [PSYoungGen: 492544K->10624K(508928K)] 797783K->315863K(1033216K), 0.0255472 secs] [Times: user=0.03 sys=0.03, real=0.02 secs] 
2021-05-30T17:44:39.589+0800: 1412031.269: [GC (Allocation Failure) [PSYoungGen: 504192K->9568K(508928K)] 809431K->323576K(1033216K), 0.0234406 secs] [Times: user=0.04 sys=0.03, real=0.03 secs] 
2021-05-30T17:48:59.758+0800: 1412291.438: [GC (Allocation Failure) [PSYoungGen: 503136K->9216K(509952K)] 817144K->330937K(1034240K), 0.0282380 secs] [Times: user=0.04 sys=0.04, real=0.03 secs] 
2021-05-30T17:53:18.476+0800: 1412550.155: [GC (Allocation Failure) [PSYoungGen: 504320K->9376K(509440K)] 826041K->339109K(1033728K), 0.0233563 secs] [Times: user=0.03 sys=0.04, real=0.02 secs] 
2021-05-30T17:57:33.867+0800: 1412805.547: [GC (Allocation Failure) [PSYoungGen: 504480K->13440K(508928K)] 834213K->350537K(1033216K), 0.0647649 secs] [Times: user=0.03 sys=0.03, real=0.06 secs] 
2021-05-30T18:01:50.982+0800: 1413062.661: [GC (Allocation Failure) [PSYoungGen: 508032K->10368K(509440K)] 845129K->357050K(1033728K), 0.0255506 secs] [Times: user=0.04 sys=0.03, real=0.03 secs] 
2021-05-30T18:06:10.120+0800: 1413321.800: [GC (Allocation Failure) [PSYoungGen: 504960K->12576K(508416K)] 851642K->367302K(1032704K), 0.0275860 secs] [Times: user=0.04 sys=0.04, real=0.03 secs] 
2021-05-30T18:10:29.094+0800: 1413580.774: [GC (Allocation Failure) [PSYoungGen: 506144K->8032K(508928K)] 860870K->372558K(1033216K), 0.0518156 secs] [Times: user=0.04 sys=0.04, real=0.05 secs] 
2021-05-30T18:14:46.176+0800: 1413837.856: [GC (Allocation Failure) [PSYoungGen: 501600K->8864K(509440K)] 866126K->379897K(1033728K), 0.0226419 secs] [Times: user=0.02 sys=0.03, real=0.02 secs] 
2021-05-30T18:19:02.338+0800: 1414094.017: [GC (Allocation Failure) [PSYoungGen: 503456K->7328K(509440K)] 874489K->385235K(1033728K), 0.0222627 secs] [Times: user=0.04 sys=0.04, real=0.02 secs] 
2021-05-30T18:23:21.751+0800: 1414353.431: [GC (Allocation Failure) [PSYoungGen: 501920K->7776K(509440K)] 879827K->391726K(1033728K), 0.0258594 secs] [Times: user=0.04 sys=0.04, real=0.03 secs] 
2021-05-30T18:27:39.951+0800: 1414611.630: [GC (Allocation Failure) [PSYoungGen: 502368K->7904K(509440K)] 886318K->398201K(1033728K), 0.0273226 secs] [Times: user=0.04 sys=0.04, real=0.03 secs] 
2021-05-30T18:31:56.743+0800: 1414868.423: [GC (Allocation Failure) [PSYoungGen: 502496K->11424K(508928K)] 892793K->406822K(1033216K), 0.0265045 secs] [Times: user=0.07 sys=0.00, real=0.02 secs] 
2021-05-30T18:36:13.609+0800: 1415125.289: [GC (Allocation Failure) [PSYoungGen: 506016K->11904K(506880K)] 901414K->415610K(1031168K), 0.0320397 secs] [Times: user=0.04 sys=0.05, real=0.03 secs] 
2021-05-30T18:40:28.610+0800: 1415380.290: [GC (Allocation Failure) [PSYoungGen: 506496K->12512K(507904K)] 910202K->425013K(1032192K), 0.0246181 secs] [Times: user=0.04 sys=0.04, real=0.03 secs] 
2021-05-30T18:44:44.348+0800: 1415636.028: [GC (Allocation Failure) [PSYoungGen: 505056K->12096K(508416K)] 917557K->433879K(1032704K), 0.0276387 secs] [Times: user=0.04 sys=0.04, real=0.03 secs] 
2021-05-30T18:49:03.420+0800: 1415895.099: [GC (Allocation Failure) [PSYoungGen: 504640K->11776K(508416K)] 926423K->442787K(1032704K), 0.0278603 secs] [Times: user=0.04 sys=0.04, real=0.03 secs] 
2021-05-30T18:53:22.767+0800: 1416154.446: [GC (Allocation Failure) [PSYoungGen: 504320K->9728K(508416K)] 935331K->450427K(1032704K), 0.0369687 secs] [Times: user=0.04 sys=0.04, real=0.04 secs] 
2021-05-30T18:57:33.802+0800: 1416405.482: [GC (Allocation Failure) [PSYoungGen: 502272K->12170K(507904K)] 942971K->460673K(1032192K), 0.0263740 secs] [Times: user=0.04 sys=0.04, real=0.02 secs] 
2021-05-30T19:01:49.740+0800: 1416661.420: [GC (Allocation Failure) [PSYoungGen: 504714K->11712K(508416K)] 953217K->468572K(1032704K), 0.0914172 secs] [Times: user=0.04 sys=0.04, real=0.09 secs] 
2021-05-30T19:06:05.112+0800: 1416916.792: [GC (Allocation Failure) [PSYoungGen: 504256K->11712K(508928K)] 961116K->477280K(1033216K), 0.0275317 secs] [Times: user=0.04 sys=0.04, real=0.03 secs] 
2021-05-30T19:10:19.282+0800: 1417170.962: [GC (Allocation Failure) [PSYoungGen: 505280K->13536K(507392K)] 970848K->487708K(1031680K), 0.0229375 secs] [Times: user=0.07 sys=0.00, real=0.03 secs] 
2021-05-30T19:14:36.849+0800: 1417428.528: [GC (Allocation Failure) [PSYoungGen: 507104K->9824K(508416K)] 981276K->494414K(1032704K), 0.0255370 secs] [Times: user=0.04 sys=0.04, real=0.03 secs] 
2021-05-30T19:18:51.004+0800: 1417682.683: [GC (Allocation Failure) [PSYoungGen: 502368K->11616K(508416K)] 986958K->503953K(1032704K), 0.0266235 secs] [Times: user=0.04 sys=0.03, real=0.02 secs] 
2021-05-30T19:23:10.865+0800: 1417942.545: [GC (Allocation Failure) [PSYoungGen: 504160K->6912K(507904K)] 996497K->508361K(1032192K), 0.0215885 secs] [Times: user=0.04 sys=0.04, real=0.02 secs] 
2021-05-30T19:27:27.798+0800: 1418199.477: [GC (Allocation Failure) [PSYoungGen: 499456K->6720K(508416K)] 1000905K->513565K(1032704K), 0.0217997 secs] [Times: user=0.03 sys=0.03, real=0.02 secs] 
2021-05-30T19:31:42.829+0800: 1418454.509: [GC (Allocation Failure) [PSYoungGen: 499264K->12832K(507392K)] 1006109K->525033K(1031680K), 0.0315638 secs] [Times: user=0.05 sys=0.04, real=0.03 secs] 
2021-05-30T19:36:00.196+0800: 1418711.876: [GC (Allocation Failure) [PSYoungGen: 504352K->10560K(507904K)] 1016553K->532044K(1032192K), 0.0419265 secs] [Times: user=0.03 sys=0.04, real=0.04 secs] 
2021-05-30T19:36:00.239+0800: 1418711.918: [Full GC (Ergonomics) [PSYoungGen: 10560K->0K(507904K)] [ParOldGen: 521484K->303766K(524288K)] 532044K->303766K(1032192K), [Metaspace: 96259K->96259K(1138688K)], 0.4522199 secs] [Times: user=1.01 sys=0.00, real=0.45 secs] 
2021-05-30T19:40:15.191+0800: 1418966.871: [GC (Allocation Failure) [PSYoungGen: 491520K->13280K(507392K)] 795286K->317046K(1031680K), 0.0623331 secs] [Times: user=0.04 sys=0.03, real=0.07 secs] 
2021-05-30T19:44:28.978+0800: 1419220.658: [GC (Allocation Failure) [PSYoungGen: 504800K->11648K(507904K)] 808566K->325982K(1032192K), 0.0240545 secs] [Times: user=0.07 sys=0.00, real=0.03 secs] 
2021-05-30T19:48:42.862+0800: 1419474.542: [GC (Allocation Failure) [PSYoungGen: 503168K->13184K(507904K)] 817502K->336034K(1032192K), 0.0279139 secs] [Times: user=0.04 sys=0.04, real=0.03 secs] 
2021-05-30T19:52:58.266+0800: 1419729.946: [GC (Allocation Failure) [PSYoungGen: 504704K->12928K(504832K)] 827554K->345294K(1029120K), 0.0276468 secs] [Times: user=0.04 sys=0.04, real=0.03 secs] 
2021-05-30T19:57:15.286+0800: 1419986.965: [GC (Allocation Failure) [PSYoungGen: 504448K->8384K(507392K)] 836814K->350381K(1031680K), 0.0278494 secs] [Times: user=0.04 sys=0.04, real=0.03 secs] 
2021-05-30T20:01:31.148+0800: 1420242.827: [GC (Allocation Failure) [PSYoungGen: 498880K->7264K(507392K)] 840877K->356071K(1031680K), 0.0239177 secs] [Times: user=0.04 sys=0.03, real=0.02 secs] 
2021-05-30T20:05:47.536+0800: 1420499.216: [GC (Allocation Failure) [PSYoungGen: 497760K->6816K(507392K)] 846567K->361395K(1031680K), 0.0265974 secs] [Times: user=0.08 sys=0.00, real=0.03 secs] 
2021-05-30T20:10:03.142+0800: 1420754.822: [GC (Allocation Failure) [PSYoungGen: 497312K->10432K(507392K)] 851891K->370000K(1031680K), 0.0300684 secs] [Times: user=0.08 sys=0.00, real=0.04 secs] 
2021-05-30T20:14:18.101+0800: 1421009.781: [GC (Allocation Failure) [PSYoungGen: 500928K->12736K(507904K)] 860496K->380154K(1032192K), 0.0288511 secs] [Times: user=0.05 sys=0.04, real=0.03 secs] 
2021-05-30T20:18:32.781+0800: 1421264.460: [GC (Allocation Failure) [PSYoungGen: 504256K->12096K(507904K)] 871674K->388485K(1032192K), 0.0306550 secs] [Times: user=0.03 sys=0.04, real=0.03 secs] 
2021-05-30T20:22:48.185+0800: 1421519.865: [GC (Allocation Failure) [PSYoungGen: 503616K->13152K(506880K)] 880005K->398769K(1031168K), 0.0295782 secs] [Times: user=0.04 sys=0.04, real=0.03 secs] 
2021-05-30T20:27:03.018+0800: 1421774.697: [GC (Allocation Failure) [PSYoungGen: 503648K->10336K(507392K)] 889265K->406130K(1031680K), 0.0253305 secs] [Times: user=0.04 sys=0.04, real=0.03 secs] 
2021-05-30T20:31:18.947+0800: 1422030.627: [GC (Allocation Failure) [PSYoungGen: 500832K->10400K(508416K)] 896626K->414325K(1032704K), 0.0221563 secs] [Times: user=0.04 sys=0.04, real=0.02 secs] 
2021-05-30T20:35:33.551+0800: 1422285.231: [GC (Allocation Failure) [PSYoungGen: 502432K->10080K(507904K)] 906357K->421720K(1032192K), 0.0219835 secs] [Times: user=0.03 sys=0.04, real=0.03 secs] 
2021-05-30T20:39:48.706+0800: 1422540.386: [GC (Allocation Failure) [PSYoungGen: 502112K->11584K(508928K)] 913752K->431425K(1033216K), 0.0288510 secs] [Times: user=0.04 sys=0.04, real=0.03 secs] 
2021-05-30T20:44:04.824+0800: 1422796.504: [GC (Allocation Failure) [PSYoungGen: 504640K->10368K(508416K)] 924481K->438956K(1032704K), 0.0256365 secs] [Times: user=0.05 sys=0.04, real=0.02 secs] 
2021-05-30T20:48:18.242+0800: 1423049.922: [GC (Allocation Failure) [PSYoungGen: 503424K->12192K(508928K)] 932012K->448440K(1033216K), 0.0273240 secs] [Times: user=0.04 sys=0.04, real=0.03 secs] 
2021-05-30T20:52:34.656+0800: 1423306.336: [GC (Allocation Failure) [PSYoungGen: 505760K->10592K(508928K)] 942008K->456665K(1033216K), 0.0251496 secs] [Times: user=0.04 sys=0.04, real=0.02 secs] 
2021-05-30T20:56:50.313+0800: 1423561.993: [GC (Allocation Failure) [PSYoungGen: 504160K->11296K(509440K)] 950233K->465476K(1033728K), 0.0272704 secs] [Times: user=0.03 sys=0.05, real=0.02 secs] 
2021-05-30T21:01:07.828+0800: 1423819.508: [GC (Allocation Failure) [PSYoungGen: 505888K->11712K(509440K)] 960068K->473599K(1033728K), 0.0256794 secs] [Times: user=0.04 sys=0.03, real=0.03 secs] 
2021-05-30T21:05:24.984+0800: 1424076.664: [GC (Allocation Failure) [PSYoungGen: 506304K->7648K(509440K)] 968191K->477751K(1033728K), 0.0249760 secs] [Times: user=0.04 sys=0.04, real=0.02 secs] 
2021-05-30T21:09:42.733+0800: 1424334.413: [GC (Allocation Failure) [PSYoungGen: 502240K->8992K(509440K)] 972343K->484635K(1033728K), 0.0241429 secs] [Times: user=0.04 sys=0.04, real=0.02 secs] 
2021-05-30T21:14:02.650+0800: 1424594.330: [GC (Allocation Failure) [PSYoungGen: 503584K->6496K(509440K)] 979227K->489172K(1033728K), 0.0318371 secs] [Times: user=0.03 sys=0.04, real=0.04 secs] 
2021-05-30T21:18:21.772+0800: 1424853.452: [GC (Allocation Failure) [PSYoungGen: 501088K->7136K(509440K)] 983764K->495096K(1033728K), 0.0218796 secs] [Times: user=0.04 sys=0.03, real=0.03 secs] 
2021-05-30T21:22:39.970+0800: 1425111.650: [GC (Allocation Failure) [PSYoungGen: 501728K->9504K(509440K)] 989688K->503060K(1033728K), 0.0732033 secs] [Times: user=0.07 sys=0.00, real=0.08 secs] 
2021-05-30T21:26:55.983+0800: 1425367.662: [GC (Allocation Failure) [PSYoungGen: 504096K->11136K(509440K)] 997652K->511568K(1033728K), 0.0357492 secs] [Times: user=0.04 sys=0.04, real=0.03 secs] 
2021-05-30T21:31:11.320+0800: 1425623.000: [GC (Allocation Failure) [PSYoungGen: 505728K->12448K(508416K)] 1006160K->520476K(1032704K), 0.0284632 secs] [Times: user=0.03 sys=0.04, real=0.03 secs] 
2021-05-30T21:35:26.896+0800: 1425878.575: [GC (Allocation Failure) [PSYoungGen: 506016K->11840K(508928K)] 1014044K->529198K(1033216K), 0.0314507 secs] [Times: user=0.04 sys=0.04, real=0.03 secs] 
2021-05-30T21:35:26.928+0800: 1425878.607: [Full GC (Ergonomics) [PSYoungGen: 11840K->0K(508928K)] [ParOldGen: 517358K->301686K(524288K)] 529198K->301686K(1033216K), [Metaspace: 96260K->96260K(1138688K)], 0.5014116 secs] [Times: user=1.17 sys=0.00, real=0.50 secs] 
2021-05-30T21:39:43.835+0800: 1426135.514: [GC (Allocation Failure) [PSYoungGen: 493568K->9728K(509440K)] 795254K->311414K(1033728K), 0.0199441 secs] [Times: user=0.05 sys=0.00, real=0.02 secs] 
2021-05-30T21:43:59.339+0800: 1426391.019: [GC (Allocation Failure) [PSYoungGen: 503808K->10176K(508928K)] 805494K->320391K(1033216K), 0.0366851 secs] [Times: user=0.04 sys=0.04, real=0.04 secs] 
2021-05-30T21:48:17.190+0800: 1426648.869: [GC (Allocation Failure) [PSYoungGen: 504256K->12768K(508928K)] 814471K->330650K(1033216K), 0.0259661 secs] [Times: user=0.04 sys=0.04, real=0.03 secs] 
2021-05-30T21:52:32.986+0800: 1426904.666: [GC (Allocation Failure) [PSYoungGen: 507360K->11584K(509440K)] 825242K->338829K(1033728K), 0.0323327 secs] [Times: user=0.04 sys=0.04, real=0.03 secs] 
2021-05-30T21:56:48.342+0800: 1427160.021: [GC (Allocation Failure) [PSYoungGen: 506176K->10784K(509440K)] 833421K->346374K(1033728K), 0.0314739 secs] [Times: user=0.04 sys=0.04, real=0.04 secs] 
2021-05-30T22:01:08.373+0800: 1427420.053: [GC (Allocation Failure) [PSYoungGen: 505376K->8928K(509440K)] 840966K->352650K(1033728K), 0.0316541 secs] [Times: user=0.04 sys=0.04, real=0.03 secs] 
2021-05-30T22:05:24.471+0800: 1427676.150: [GC (Allocation Failure) [PSYoungGen: 503520K->7872K(508928K)] 847242K->359131K(1033216K), 0.0267216 secs] [Times: user=0.04 sys=0.05, real=0.03 secs] 
2021-05-30T22:09:43.997+0800: 1427935.676: [GC (Allocation Failure) [PSYoungGen: 502464K->8032K(509440K)] 853723K->365270K(1033728K), 0.0237242 secs] [Times: user=0.03 sys=0.03, real=0.02 secs] 
2021-05-30T22:14:04.473+0800: 1428196.153: [GC (Allocation Failure) [PSYoungGen: 502624K->6528K(508928K)] 859862K->370473K(1033216K), 0.0181313 secs] [Times: user=0.03 sys=0.03, real=0.01 secs] 
2021-05-30T22:18:24.992+0800: 1428456.672: [GC (Allocation Failure) [PSYoungGen: 501120K->8096K(509440K)] 865065K->377301K(1033728K), 0.0231046 secs] [Times: user=0.03 sys=0.04, real=0.03 secs] 
2021-05-30T22:22:42.743+0800: 1428714.423: [GC (Allocation Failure) [PSYoungGen: 502688K->8384K(509952K)] 871893K->384639K(1034240K), 0.0239678 secs] [Times: user=0.03 sys=0.04, real=0.02 secs] 
2021-05-30T22:27:01.142+0800: 1428972.822: [GC (Allocation Failure) [PSYoungGen: 504000K->7200K(509952K)] 880255K->389954K(1034240K), 0.0202273 secs] [Times: user=0.03 sys=0.03, real=0.03 secs] 
2021-05-30T22:31:21.182+0800: 1429232.861: [GC (Allocation Failure) [PSYoungGen: 502816K->10400K(509952K)] 885570K->398224K(1034240K), 0.0258691 secs] [Times: user=0.04 sys=0.04, real=0.03 secs] 
2021-05-30T22:35:37.017+0800: 1429488.696: [GC (Allocation Failure) [PSYoungGen: 506016K->11488K(509952K)] 893840K->407235K(1034240K), 0.0296112 secs] [Times: user=0.08 sys=0.00, real=0.03 secs] 
2021-05-30T22:39:54.990+0800: 1429746.669: [GC (Allocation Failure) [PSYoungGen: 507104K->12224K(508928K)] 902851K->416495K(1033216K), 0.0288109 secs] [Times: user=0.04 sys=0.04, real=0.03 secs] 
2021-05-30T22:44:10.262+0800: 1430001.941: [GC (Allocation Failure) [PSYoungGen: 506816K->12064K(506880K)] 911087K->425169K(1031168K), 0.0251138 secs] [Times: user=0.03 sys=0.03, real=0.03 secs] 
2021-05-30T22:48:26.851+0800: 1430258.530: [GC (Allocation Failure) [PSYoungGen: 506656K->10592K(509440K)] 919761K->433281K(1033728K), 0.0261826 secs] [Times: user=0.04 sys=0.04, real=0.03 secs] 
2021-05-30T22:52:43.123+0800: 1430514.803: [GC (Allocation Failure) [PSYoungGen: 504672K->10912K(508928K)] 927361K->441781K(1033216K), 0.0271531 secs] [Times: user=0.04 sys=0.04, real=0.02 secs] 
2021-05-30T22:56:58.230+0800: 1430769.910: [GC (Allocation Failure) [PSYoungGen: 504992K->11168K(509440K)] 935861K->450344K(1033728K), 0.0275701 secs] [Times: user=0.03 sys=0.04, real=0.03 secs] 
2021-05-30T23:01:13.585+0800: 1431025.265: [GC (Allocation Failure) [PSYoungGen: 505760K->12416K(507392K)] 944936K->459947K(1031680K), 0.0335500 secs] [Times: user=0.05 sys=0.04, real=0.03 secs] 
2021-05-30T23:05:32.247+0800: 1431283.927: [GC (Allocation Failure) [PSYoungGen: 507008K->8256K(508928K)] 954539K->464428K(1033216K), 0.0229547 secs] [Times: user=0.04 sys=0.03, real=0.02 secs] 
2021-05-30T23:09:50.970+0800: 1431542.650: [GC (Allocation Failure) [PSYoungGen: 501824K->7552K(508928K)] 957996K->470085K(1033216K), 0.0260439 secs] [Times: user=0.04 sys=0.04, real=0.03 secs] 
2021-05-30T23:14:07.828+0800: 1431799.508: [GC (Allocation Failure) [PSYoungGen: 501120K->7520K(509440K)] 963653K->475569K(1033728K), 0.0308624 secs] [Times: user=0.06 sys=0.00, real=0.03 secs] 
2021-05-30T23:18:25.264+0800: 1432056.944: [GC (Allocation Failure) [PSYoungGen: 501600K->9120K(508928K)] 969649K->482422K(1033216K), 0.0313820 secs] [Times: user=0.05 sys=0.04, real=0.03 secs] 
2021-05-30T23:22:42.999+0800: 1432314.679: [GC (Allocation Failure) [PSYoungGen: 503200K->7168K(509440K)] 976502K->487744K(1033728K), 0.0624587 secs] [Times: user=0.04 sys=0.03, real=0.06 secs] 
2021-05-30T23:27:00.714+0800: 1432572.394: [GC (Allocation Failure) [PSYoungGen: 501760K->7232K(509440K)] 982336K->493371K(1033728K), 0.0241157 secs] [Times: user=0.03 sys=0.03, real=0.02 secs] 
2021-05-30T23:31:18.076+0800: 1432829.755: [GC (Allocation Failure) [PSYoungGen: 501824K->9216K(510464K)] 987963K->500833K(1034752K), 0.0499815 secs] [Times: user=0.04 sys=0.04, real=0.05 secs] 
2021-05-30T23:35:38.145+0800: 1433089.825: [GC (Allocation Failure) [PSYoungGen: 505344K->7840K(509952K)] 996961K->506995K(1034240K), 0.0769578 secs] [Times: user=0.03 sys=0.03, real=0.08 secs] 
2021-05-30T23:39:55.099+0800: 1433346.779: [GC (Allocation Failure) [PSYoungGen: 503968K->10432K(510464K)] 1003123K->515383K(1034752K), 0.0280986 secs] [Times: user=0.04 sys=0.05, real=0.03 secs] 
2021-05-30T23:44:11.118+0800: 1433602.797: [GC (Allocation Failure) [PSYoungGen: 507072K->10976K(510464K)] 1012023K->524163K(1034752K), 0.0527672 secs] [Times: user=0.04 sys=0.04, real=0.05 secs] 
2021-05-30T23:48:23.855+0800: 1433855.534: [GC (Allocation Failure) [PSYoungGen: 507616K->11552K(509440K)] 1020803K->532477K(1033728K), 0.0274104 secs] [Times: user=0.09 sys=0.00, real=0.03 secs] 
2021-05-30T23:48:23.883+0800: 1433855.562: [Full GC (Ergonomics) [PSYoungGen: 11552K->0K(509440K)] [ParOldGen: 520925K->302983K(524288K)] 532477K->302983K(1033728K), [Metaspace: 96260K->96260K(1138688K)], 0.4791297 secs] [Times: user=1.06 sys=0.00, real=0.47 secs] 
2021-05-30T23:52:42.404+0800: 1434114.084: [GC (Allocation Failure) [PSYoungGen: 495616K->8128K(509952K)] 798599K->311111K(1034240K), 0.0220486 secs] [Times: user=0.03 sys=0.03, real=0.02 secs] 
2021-05-30T23:56:58.416+0800: 1434370.096: [GC (Allocation Failure) [PSYoungGen: 503744K->11552K(509952K)] 806727K->321052K(1034240K), 0.0522865 secs] [Times: user=0.04 sys=0.04, real=0.05 secs] 
2021-05-31T00:01:04.473+0800: 1434616.153: [GC (Allocation Failure) [PSYoungGen: 507168K->11392K(507392K)] 816668K->330878K(1031680K), 0.0250750 secs] [Times: user=0.03 sys=0.04, real=0.02 secs] 
2021-05-31T00:05:19.678+0800: 1434871.357: [GC (Allocation Failure) [PSYoungGen: 507008K->11648K(509440K)] 826494K->339434K(1033728K), 0.0292974 secs] [Times: user=0.03 sys=0.05, real=0.03 secs] 
2021-05-31T00:09:35.062+0800: 1435126.741: [GC (Allocation Failure) [PSYoungGen: 506240K->11808K(506880K)] 834026K->347847K(1031168K), 0.0232896 secs] [Times: user=0.08 sys=0.00, real=0.03 secs] 
2021-05-31T00:13:51.270+0800: 1435382.950: [GC (Allocation Failure) [PSYoungGen: 506400K->13056K(507904K)] 842439K->358297K(1032192K), 0.0344716 secs] [Times: user=0.08 sys=0.00, real=0.04 secs] 
2021-05-31T00:18:06.741+0800: 1435638.421: [GC (Allocation Failure) [PSYoungGen: 505600K->10176K(508416K)] 850841K->364164K(1032704K), 0.0230454 secs] [Times: user=0.03 sys=0.03, real=0.03 secs] 
2021-05-31T00:22:23.049+0800: 1435894.728: [GC (Allocation Failure) [PSYoungGen: 502720K->6496K(508928K)] 856708K->369474K(1033216K), 0.0343355 secs] [Times: user=0.04 sys=0.04, real=0.04 secs] 
2021-05-31T00:26:40.768+0800: 1436152.448: [GC (Allocation Failure) [PSYoungGen: 500064K->6912K(508928K)] 863042K->375038K(1033216K), 0.0228891 secs] [Times: user=0.04 sys=0.03, real=0.02 secs] 
2021-05-31T00:30:56.766+0800: 1436408.446: [GC (Allocation Failure) [PSYoungGen: 500480K->10464K(508928K)] 868606K->383211K(1033216K), 0.0346739 secs] [Times: user=0.04 sys=0.03, real=0.03 secs] 
2021-05-31T00:35:14.020+0800: 1436665.699: [GC (Allocation Failure) [PSYoungGen: 504032K->7584K(508928K)] 876779K->389538K(1033216K), 0.0223348 secs] [Times: user=0.04 sys=0.04, real=0.03 secs] 
2021-05-31T00:39:28.314+0800: 1436919.993: [GC (Allocation Failure) [PSYoungGen: 501152K->11200K(508416K)] 883106K->399694K(1032704K), 0.0302089 secs] [Times: user=0.04 sys=0.04, real=0.03 secs] 
2021-05-31T00:43:46.195+0800: 1437177.875: [GC (Allocation Failure) [PSYoungGen: 504768K->11872K(508928K)] 893262K->407211K(1033216K), 0.0238910 secs] [Times: user=0.04 sys=0.04, real=0.02 secs] 
2021-05-31T00:48:02.766+0800: 1437434.446: [GC (Allocation Failure) [PSYoungGen: 505440K->10592K(508928K)] 900779K->415115K(1033216K), 0.0288934 secs] [Times: user=0.05 sys=0.05, real=0.03 secs] 
2021-05-31T00:52:19.361+0800: 1437691.041: [GC (Allocation Failure) [PSYoungGen: 504160K->8288K(508928K)] 908683K->420357K(1033216K), 0.0260743 secs] [Times: user=0.04 sys=0.04, real=0.03 secs] 
2021-05-31T00:56:35.426+0800: 1437947.106: [GC (Allocation Failure) [PSYoungGen: 501555K->7082K(509440K)] 913625K->425945K(1033728K), 0.0228470 secs] [Times: user=0.03 sys=0.04, real=0.02 secs] 
2021-05-31T01:00:49.426+0800: 1438201.106: [GC (Allocation Failure) [PSYoungGen: 501674K->8330K(509440K)] 920537K->432085K(1033728K), 0.0227366 secs] [Times: user=0.03 sys=0.04, real=0.02 secs] 
2021-05-31T01:05:06.711+0800: 1438458.390: [GC (Allocation Failure) [PSYoungGen: 502922K->11968K(509440K)] 926677K->442601K(1033728K), 0.0277090 secs] [Times: user=0.04 sys=0.05, real=0.03 secs] 
2021-05-31T01:09:21.520+0800: 1438713.199: [GC (Allocation Failure) [PSYoungGen: 506560K->10624K(509440K)] 937193K->450315K(1033728K), 0.0215783 secs] [Times: user=0.03 sys=0.03, real=0.02 secs] 
2021-05-31T01:13:38.578+0800: 1438970.258: [GC (Allocation Failure) [PSYoungGen: 505216K->10048K(509952K)] 944907K->458141K(1034240K), 0.0222193 secs] [Times: user=0.03 sys=0.04, real=0.02 secs] 
2021-05-31T01:17:57.364+0800: 1439229.043: [GC (Allocation Failure) [PSYoungGen: 505152K->7488K(509440K)] 953245K->463525K(1033728K), 0.0216886 secs] [Times: user=0.04 sys=0.03, real=0.02 secs] 
2021-05-31T01:22:13.825+0800: 1439485.505: [GC (Allocation Failure) [PSYoungGen: 502592K->8896K(509952K)] 958629K->471480K(1034240K), 0.0281063 secs] [Times: user=0.09 sys=0.00, real=0.03 secs] 
2021-05-31T01:26:32.011+0800: 1439743.691: [GC (Allocation Failure) [PSYoungGen: 504512K->11168K(509952K)] 967096K->480900K(1034240K), 0.0265874 secs] [Times: user=0.04 sys=0.05, real=0.03 secs] 
2021-05-31T01:30:47.574+0800: 1439999.253: [GC (Allocation Failure) [PSYoungGen: 506784K->12000K(508928K)] 976516K->490783K(1033216K), 0.0263254 secs] [Times: user=0.04 sys=0.04, real=0.02 secs] 
2021-05-31T01:35:06.577+0800: 1440258.257: [GC (Allocation Failure) [PSYoungGen: 506592K->6912K(509440K)] 985375K->494431K(1033728K), 0.0240204 secs] [Times: user=0.03 sys=0.03, real=0.02 secs] 
2021-05-31T01:39:27.269+0800: 1440518.948: [GC (Allocation Failure) [PSYoungGen: 501504K->7072K(509440K)] 989023K->499971K(1033728K), 0.0266879 secs] [Times: user=0.04 sys=0.04, real=0.03 secs] 
2021-05-31T01:43:45.113+0800: 1440776.793: [GC (Allocation Failure) [PSYoungGen: 501664K->8640K(509440K)] 994563K->506576K(1033728K), 0.0202310 secs] [Times: user=0.03 sys=0.03, real=0.02 secs] 
2021-05-31T01:48:03.860+0800: 1441035.539: [GC (Allocation Failure) [PSYoungGen: 503232K->7008K(509952K)] 1001168K->511955K(1034240K), 0.0239656 secs] [Times: user=0.03 sys=0.04, real=0.03 secs] 
2021-05-31T01:52:20.005+0800: 1441291.685: [GC (Allocation Failure) [PSYoungGen: 502624K->11104K(509952K)] 1007571K->520983K(1034240K), 0.0526913 secs] [Times: user=0.04 sys=0.04, real=0.05 secs] 
2021-05-31T01:56:38.042+0800: 1441549.722: [GC (Allocation Failure) [PSYoungGen: 506720K->11424K(508928K)] 1016599K->529131K(1033216K), 0.0278641 secs] [Times: user=0.04 sys=0.04, real=0.02 secs] 
2021-05-31T01:56:38.071+0800: 1441549.750: [Full GC (Ergonomics) [PSYoungGen: 11424K->0K(508928K)] [ParOldGen: 517707K->301360K(524288K)] 529131K->301360K(1033216K), [Metaspace: 96261K->96261K(1138688K)], 0.4787107 secs] [Times: user=1.08 sys=0.00, real=0.48 secs] 
2021-05-31T02:00:53.011+0800: 1441804.691: [GC (Allocation Failure) [PSYoungGen: 494592K->11520K(509440K)] 795952K->312880K(1033728K), 0.0203195 secs] [Times: user=0.03 sys=0.03, real=0.02 secs] 
2021-05-31T02:05:09.629+0800: 1442061.309: [GC (Allocation Failure) [PSYoungGen: 506112K->7360K(509440K)] 807472K->317943K(1033728K), 0.0334571 secs] [Times: user=0.04 sys=0.04, real=0.04 secs] 
2021-05-31T02:09:25.600+0800: 1442317.280: [GC (Allocation Failure) [PSYoungGen: 501952K->7616K(509440K)] 812535K->323795K(1033728K), 0.0313382 secs] [Times: user=0.05 sys=0.04, real=0.03 secs] 
2021-05-31T02:13:42.737+0800: 1442574.416: [GC (Allocation Failure) [PSYoungGen: 502208K->12448K(508416K)] 818387K->334360K(1032704K), 0.0245686 secs] [Times: user=0.07 sys=0.00, real=0.02 secs] 
2021-05-31T02:17:58.375+0800: 1442830.055: [GC (Allocation Failure) [PSYoungGen: 506016K->10592K(508928K)] 827928K->341114K(1033216K), 0.0278837 secs] [Times: user=0.04 sys=0.05, real=0.03 secs] 
2021-05-31T02:22:18.351+0800: 1443090.030: [GC (Allocation Failure) [PSYoungGen: 504160K->7168K(509440K)] 834682K->346641K(1033728K), 0.0262657 secs] [Times: user=0.03 sys=0.04, real=0.03 secs] 
2021-05-31T02:26:34.008+0800: 1443345.688: [GC (Allocation Failure) [PSYoungGen: 501248K->8160K(508928K)] 840721K->353862K(1033216K), 0.0266386 secs] [Times: user=0.04 sys=0.04, real=0.03 secs] 
2021-05-31T02:30:52.311+0800: 1443603.991: [GC (Allocation Failure) [PSYoungGen: 502240K->9440K(509952K)] 847942K->361937K(1034240K), 0.0280384 secs] [Times: user=0.04 sys=0.05, real=0.03 secs] 
2021-05-31T02:35:08.659+0800: 1443860.339: [GC (Allocation Failure) [PSYoungGen: 504544K->10880K(509440K)] 857041K->371245K(1033728K), 0.0335528 secs] [Times: user=0.05 sys=0.04, real=0.04 secs] 
2021-05-31T02:39:24.297+0800: 1444115.977: [GC (Allocation Failure) [PSYoungGen: 505984K->11232K(509952K)] 866349K->379567K(1034240K), 0.0323334 secs] [Times: user=0.04 sys=0.04, real=0.03 secs] 
2021-05-31T02:43:46.021+0800: 1444377.700: [GC (Allocation Failure) [PSYoungGen: 506848K->10432K(509952K)] 875183K->388080K(1034240K), 0.0263831 secs] [Times: user=0.05 sys=0.04, real=0.03 secs] 
2021-05-31T02:48:06.065+0800: 1444637.745: [GC (Allocation Failure) [PSYoungGen: 506048K->9024K(509952K)] 883696K->395856K(1034240K), 0.0254226 secs] [Times: user=0.05 sys=0.05, real=0.02 secs] 
2021-05-31T02:52:24.429+0800: 1444896.108: [GC (Allocation Failure) [PSYoungGen: 504640K->8864K(509952K)] 891472K->403227K(1034240K), 0.0293812 secs] [Times: user=0.04 sys=0.05, real=0.03 secs] 
2021-05-31T02:56:40.194+0800: 1445151.873: [GC (Allocation Failure) [PSYoungGen: 504480K->12256K(509440K)] 898843K->413822K(1033728K), 0.0613872 secs] [Times: user=0.05 sys=0.05, real=0.06 secs] 
2021-05-31T03:00:59.410+0800: 1445411.089: [GC (Allocation Failure) [PSYoungGen: 507872K->7328K(509952K)] 909438K->418086K(1034240K), 0.0452655 secs] [Times: user=0.04 sys=0.04, real=0.05 secs] 
2021-05-31T03:05:18.619+0800: 1445670.299: [GC (Allocation Failure) [PSYoungGen: 502944K->7456K(509952K)] 913702K->423817K(1034240K), 0.0251401 secs] [Times: user=0.03 sys=0.03, real=0.03 secs] 
2021-05-31T03:09:34.378+0800: 1445926.058: [GC (Allocation Failure) [PSYoungGen: 503072K->9760K(509952K)] 919433K->431909K(1034240K), 0.0234585 secs] [Times: user=0.04 sys=0.04, real=0.02 secs] 
2021-05-31T03:13:53.066+0800: 1446184.746: [GC (Allocation Failure) [PSYoungGen: 505376K->8224K(510464K)] 927525K->438118K(1034752K), 0.0522648 secs] [Times: user=0.15 sys=0.00, real=0.05 secs] 
2021-05-31T03:18:10.212+0800: 1446441.892: [GC (Allocation Failure) [PSYoungGen: 504864K->9600K(510464K)] 934758K->445042K(1034752K), 0.0548752 secs] [Times: user=0.04 sys=0.04, real=0.06 secs] 
2021-05-31T03:22:31.008+0800: 1446702.687: [GC (Allocation Failure) [PSYoungGen: 506240K->8032K(510976K)] 941682K->451148K(1035264K), 0.0283138 secs] [Times: user=0.04 sys=0.04, real=0.03 secs] 
2021-05-31T03:26:49.932+0800: 1446961.612: [GC (Allocation Failure) [PSYoungGen: 505696K->8320K(510976K)] 948812K->457535K(1035264K), 0.0589583 secs] [Times: user=0.04 sys=0.04, real=0.06 secs] 
2021-05-31T03:31:11.281+0800: 1447222.961: [GC (Allocation Failure) [PSYoungGen: 505984K->6688K(510464K)] 955199K->462537K(1034752K), 0.0241649 secs] [Times: user=0.04 sys=0.04, real=0.03 secs] 
2021-05-31T03:35:31.086+0800: 1447482.765: [GC (Allocation Failure) [PSYoungGen: 504352K->10208K(510976K)] 960201K->470670K(1035264K), 0.0236949 secs] [Times: user=0.04 sys=0.03, real=0.02 secs] 
2021-05-31T03:39:50.176+0800: 1447741.856: [GC (Allocation Failure) [PSYoungGen: 507872K->10336K(510976K)] 968334K->478984K(1035264K), 0.0256879 secs] [Times: user=0.04 sys=0.04, real=0.02 secs] 
2021-05-31T03:44:09.981+0800: 1448001.660: [GC (Allocation Failure) [PSYoungGen: 508000K->6752K(510976K)] 976648K->482721K(1035264K), 0.0452056 secs] [Times: user=0.04 sys=0.04, real=0.05 secs] 
2021-05-31T03:48:28.910+0800: 1448260.590: [GC (Allocation Failure) [PSYoungGen: 504416K->7200K(510976K)] 980385K->488140K(1035264K), 0.0227041 secs] [Times: user=0.06 sys=0.00, real=0.03 secs] 
2021-05-31T03:52:50.642+0800: 1448522.322: [GC (Allocation Failure) [PSYoungGen: 504864K->6816K(510976K)] 985804K->492976K(1035264K), 0.0300782 secs] [Times: user=0.07 sys=0.00, real=0.03 secs] 
2021-05-31T03:57:11.307+0800: 1448782.986: [GC (Allocation Failure) [PSYoungGen: 504480K->10944K(510976K)] 990640K->502173K(1035264K), 0.0209480 secs] [Times: user=0.04 sys=0.03, real=0.02 secs] 
2021-05-31T04:01:31.791+0800: 1449043.471: [GC (Allocation Failure) [PSYoungGen: 508608K->7200K(510976K)] 999837K->507375K(1035264K), 0.0208266 secs] [Times: user=0.03 sys=0.03, real=0.02 secs] 
2021-05-31T04:05:50.545+0800: 1449302.224: [GC (Allocation Failure) [PSYoungGen: 504864K->7808K(511488K)] 1005039K->514018K(1035776K), 0.0249423 secs] [Times: user=0.07 sys=0.00, real=0.02 secs] 
2021-05-31T04:10:12.234+0800: 1449563.913: [GC (Allocation Failure) [PSYoungGen: 505984K->9664K(510976K)] 1012194K->521319K(1035264K), 0.0223381 secs] [Times: user=0.04 sys=0.03, real=0.02 secs] 
2021-05-31T04:14:30.275+0800: 1449821.954: [GC (Allocation Failure) [PSYoungGen: 507840K->11712K(509440K)] 1019495K->530683K(1033728K), 0.0235946 secs] [Times: user=0.04 sys=0.04, real=0.02 secs] 
2021-05-31T04:14:30.299+0800: 1449821.978: [Full GC (Ergonomics) [PSYoungGen: 11712K->0K(509440K)] [ParOldGen: 518971K->300396K(524288K)] 530683K->300396K(1033728K), [Metaspace: 96261K->96261K(1138688K)], 0.4572146 secs] [Times: user=0.99 sys=0.00, real=0.46 secs] 
2021-05-31T04:18:43.891+0800: 1450075.571: [GC (Allocation Failure) [PSYoungGen: 496640K->12896K(509952K)] 797036K->313292K(1034240K), 0.0226894 secs] [Times: user=0.03 sys=0.04, real=0.03 secs] 
2021-05-31T04:23:00.199+0800: 1450331.878: [GC (Allocation Failure) [PSYoungGen: 509536K->10336K(508928K)] 809932K->320908K(1033216K), 0.0548228 secs] [Times: user=0.04 sys=0.04, real=0.06 secs] 
2021-05-31T04:27:19.243+0800: 1450590.922: [GC (Allocation Failure) [PSYoungGen: 504928K->8576K(509440K)] 815500K->326622K(1033728K), 0.0247680 secs] [Times: user=0.04 sys=0.03, real=0.02 secs] 
2021-05-31T04:31:38.826+0800: 1450850.506: [GC (Allocation Failure) [PSYoungGen: 503168K->6848K(509952K)] 821214K->332008K(1034240K), 0.0229954 secs] [Times: user=0.04 sys=0.04, real=0.02 secs] 
2021-05-31T04:35:56.195+0800: 1451107.874: [GC (Allocation Failure) [PSYoungGen: 502464K->9248K(509952K)] 827624K->339996K(1034240K), 0.0326946 secs] [Times: user=0.05 sys=0.04, real=0.03 secs] 
2021-05-31T04:40:16.021+0800: 1451367.701: [GC (Allocation Failure) [PSYoungGen: 504864K->7328K(510464K)] 835612K->346324K(1034752K), 0.0269971 secs] [Times: user=0.04 sys=0.05, real=0.03 secs] 
2021-05-31T04:44:37.054+0800: 1451628.734: [GC (Allocation Failure) [PSYoungGen: 503968K->7456K(510464K)] 842964K->351985K(1034752K), 0.0291286 secs] [Times: user=0.05 sys=0.03, real=0.03 secs] 
2021-05-31T04:48:54.775+0800: 1451886.455: [GC (Allocation Failure) [PSYoungGen: 504096K->8320K(510976K)] 848625K->359188K(1035264K), 0.0210489 secs] [Times: user=0.03 sys=0.03, real=0.02 secs] 
2021-05-31T04:53:14.489+0800: 1452146.169: [GC (Allocation Failure) [PSYoungGen: 505984K->8544K(510976K)] 856852K->365760K(1035264K), 0.0238097 secs] [Times: user=0.04 sys=0.04, real=0.03 secs] 
2021-05-31T04:57:31.748+0800: 1452403.428: [GC (Allocation Failure) [PSYoungGen: 506208K->8992K(512000K)] 863424K->373218K(1036288K), 0.0238043 secs] [Times: user=0.04 sys=0.03, real=0.03 secs] 
2021-05-31T05:01:54.398+0800: 1452666.077: [GC (Allocation Failure) [PSYoungGen: 508192K->8064K(511488K)] 872418K->379549K(1035776K), 0.0215034 secs] [Times: user=0.03 sys=0.03, real=0.02 secs] 
2021-05-31T05:06:15.687+0800: 1452927.367: [GC (Allocation Failure) [PSYoungGen: 507264K->9792K(512000K)] 878749K->388078K(1036288K), 0.0339554 secs] [Times: user=0.06 sys=0.00, real=0.03 secs] 
2021-05-31T05:10:35.926+0800: 1453187.605: [GC (Allocation Failure) [PSYoungGen: 509504K->7424K(512000K)] 887790K->393631K(1036288K), 0.0237616 secs] [Times: user=0.03 sys=0.04, real=0.02 secs] 
2021-05-31T05:14:55.525+0800: 1453447.205: [GC (Allocation Failure) [PSYoungGen: 507136K->11456K(510976K)] 893343K->403459K(1035264K), 0.0258538 secs] [Times: user=0.03 sys=0.04, real=0.02 secs] 
2021-05-31T05:19:15.176+0800: 1453706.856: [GC (Allocation Failure) [PSYoungGen: 510144K->9728K(511488K)] 902147K->410005K(1035776K), 0.0249102 secs] [Times: user=0.04 sys=0.04, real=0.02 secs] 
2021-05-31T05:23:34.514+0800: 1453966.193: [GC (Allocation Failure) [PSYoungGen: 508416K->8768K(512000K)] 908693K->416990K(1036288K), 0.0334263 secs] [Times: user=0.05 sys=0.04, real=0.03 secs] 
2021-05-31T05:27:57.727+0800: 1454229.407: [GC (Allocation Failure) [PSYoungGen: 507968K->7200K(511488K)] 916190K->422543K(1035776K), 0.0275756 secs] [Times: user=0.04 sys=0.04, real=0.03 secs] 
2021-05-31T05:32:17.141+0800: 1454488.821: [GC (Allocation Failure) [PSYoungGen: 506400K->9824K(512000K)] 921743K->431259K(1036288K), 0.0265749 secs] [Times: user=0.07 sys=0.00, real=0.03 secs] 
2021-05-31T05:36:37.181+0800: 1454748.861: [GC (Allocation Failure) [PSYoungGen: 509536K->8576K(512000K)] 930971K->437279K(1036288K), 0.0373955 secs] [Times: user=0.03 sys=0.03, real=0.04 secs] 
2021-05-31T05:40:57.318+0800: 1455008.998: [GC (Allocation Failure) [PSYoungGen: 508288K->7392K(512000K)] 936991K->442531K(1036288K), 0.0347921 secs] [Times: user=0.03 sys=0.03, real=0.04 secs] 
2021-05-31T05:45:18.553+0800: 1455270.233: [GC (Allocation Failure) [PSYoungGen: 507104K->8576K(512000K)] 942243K->449279K(1036288K), 0.0447648 secs] [Times: user=0.04 sys=0.04, real=0.04 secs] 
2021-05-31T05:49:38.075+0800: 1455529.755: [GC (Allocation Failure) [PSYoungGen: 508288K->8640K(512512K)] 948991K->456041K(1036800K), 0.0234125 secs] [Times: user=0.04 sys=0.04, real=0.02 secs] 
2021-05-31T05:53:57.229+0800: 1455788.909: [GC (Allocation Failure) [PSYoungGen: 509376K->10208K(512512K)] 956777K->464725K(1036800K), 0.0223906 secs] [Times: user=0.03 sys=0.03, real=0.02 secs] 
2021-05-31T05:58:18.894+0800: 1456050.573: [GC (Allocation Failure) [PSYoungGen: 510944K->8480K(512512K)] 965461K->471005K(1036800K), 0.0281000 secs] [Times: user=0.08 sys=0.00, real=0.02 secs] 
2021-05-31T06:02:42.718+0800: 1456314.397: [GC (Allocation Failure) [PSYoungGen: 509216K->6240K(512512K)] 971741K->475399K(1036800K), 0.0259547 secs] [Times: user=0.03 sys=0.03, real=0.03 secs] 
2021-05-31T06:07:05.761+0800: 1456577.441: [GC (Allocation Failure) [PSYoungGen: 506976K->8320K(512512K)] 976135K->482434K(1036800K), 0.0206189 secs] [Times: user=0.03 sys=0.04, real=0.03 secs] 
2021-05-31T06:11:27.653+0800: 1456839.333: [GC (Allocation Failure) [PSYoungGen: 509056K->7872K(512512K)] 983170K->488605K(1036800K), 0.0208226 secs] [Times: user=0.03 sys=0.03, real=0.02 secs] 
2021-05-31T06:15:50.281+0800: 1457101.961: [GC (Allocation Failure) [PSYoungGen: 508608K->5984K(512000K)] 989341K->492927K(1036288K), 0.0200197 secs] [Times: user=0.06 sys=0.00, real=0.02 secs] 
2021-05-31T06:20:12.157+0800: 1457363.837: [GC (Allocation Failure) [PSYoungGen: 506720K->6848K(512512K)] 993663K->498578K(1036800K), 0.0316508 secs] [Times: user=0.05 sys=0.05, real=0.03 secs] 
2021-05-31T06:24:34.091+0800: 1457625.770: [GC (Allocation Failure) [PSYoungGen: 507584K->7904K(513024K)] 999314K->505262K(1037312K), 0.0291592 secs] [Times: user=0.05 sys=0.05, real=0.03 secs] 
2021-05-31T06:28:57.553+0800: 1457889.233: [GC (Allocation Failure) [PSYoungGen: 509664K->7168K(513024K)] 1007022K->510880K(1037312K), 0.0262681 secs] [Times: user=0.04 sys=0.05, real=0.02 secs] 
2021-05-31T06:33:19.301+0800: 1458150.980: [GC (Allocation Failure) [PSYoungGen: 508928K->7008K(513536K)] 1012640K->516835K(1037824K), 0.0402363 secs] [Times: user=0.03 sys=0.03, real=0.04 secs] 
2021-05-31T06:37:43.201+0800: 1458414.881: [GC (Allocation Failure) [PSYoungGen: 509280K->6496K(513024K)] 1019107K->521734K(1037312K), 0.0244168 secs] [Times: user=0.03 sys=0.04, real=0.03 secs] 
2021-05-31T06:42:06.492+0800: 1458678.172: [GC (Allocation Failure) [PSYoungGen: 508768K->7168K(513536K)] 1024006K->527059K(1037824K), 0.0182445 secs] [Times: user=0.04 sys=0.03, real=0.01 secs] 
2021-05-31T06:42:06.511+0800: 1458678.191: [Full GC (Ergonomics) [PSYoungGen: 7168K->0K(513536K)] [ParOldGen: 519891K->295451K(524288K)] 527059K->295451K(1037824K), [Metaspace: 96261K->96261K(1138688K)], 0.4379737 secs] [Times: user=0.94 sys=0.00, real=0.44 secs] 
2021-05-31T06:46:31.640+0800: 1458943.320: [GC (Allocation Failure) [PSYoungGen: 502784K->8480K(513536K)] 798235K->303931K(1037824K), 0.0180988 secs] [Times: user=0.02 sys=0.03, real=0.02 secs] 
2021-05-31T06:50:54.468+0800: 1459206.148: [GC (Allocation Failure) [PSYoungGen: 511264K->9312K(512512K)] 806715K->312054K(1036800K), 0.0768008 secs] [Times: user=0.03 sys=0.03, real=0.08 secs] 
2021-05-31T06:55:15.275+0800: 1459466.955: [GC (Allocation Failure) [PSYoungGen: 511072K->8704K(513024K)] 813814K->319072K(1037312K), 0.0251428 secs] [Times: user=0.04 sys=0.03, real=0.02 secs] 
2021-05-31T06:59:30.539+0800: 1459722.219: [GC (Allocation Failure) [PSYoungGen: 510464K->7690K(513536K)] 820832K->325372K(1037824K), 0.0248874 secs] [Times: user=0.03 sys=0.03, real=0.03 secs] 
2021-05-31T07:03:56.981+0800: 1459988.661: [GC (Allocation Failure) [PSYoungGen: 509962K->7072K(513024K)] 827644K->331455K(1037312K), 0.0239628 secs] [Times: user=0.04 sys=0.03, real=0.03 secs] 
2021-05-31T07:08:21.028+0800: 1460252.707: [GC (Allocation Failure) [PSYoungGen: 509344K->7456K(513536K)] 833727K->337722K(1037824K), 0.0237857 secs] [Times: user=0.03 sys=0.03, real=0.02 secs] 
2021-05-31T07:12:42.995+0800: 1460514.675: [GC (Allocation Failure) [PSYoungGen: 510240K->8096K(513536K)] 840506K->344029K(1037824K), 0.0221920 secs] [Times: user=0.03 sys=0.02, real=0.02 secs] 
2021-05-31T07:17:06.878+0800: 1460778.558: [GC (Allocation Failure) [PSYoungGen: 510880K->8032K(514048K)] 846813K->350008K(1038336K), 0.0220420 secs] [Times: user=0.03 sys=0.04, real=0.02 secs] 
2021-05-31T07:21:30.166+0800: 1461041.846: [GC (Allocation Failure) [PSYoungGen: 511840K->8800K(514048K)] 853816K->357018K(1038336K), 0.0332703 secs] [Times: user=0.04 sys=0.04, real=0.03 secs] 
2021-05-31T07:25:54.159+0800: 1461305.839: [GC (Allocation Failure) [PSYoungGen: 512608K->6208K(514048K)] 860826K->361267K(1038336K), 0.0212836 secs] [Times: user=0.03 sys=0.04, real=0.02 secs] 
2021-05-31T07:30:20.139+0800: 1461571.819: [GC (Allocation Failure) [PSYoungGen: 510016K->7392K(514048K)] 865075K->367144K(1038336K), 0.0548713 secs] [Times: user=0.04 sys=0.04, real=0.06 secs] 
2021-05-31T07:34:43.561+0800: 1461835.241: [GC (Allocation Failure) [PSYoungGen: 511200K->10080K(513024K)] 870952K->375204K(1037312K), 0.0264216 secs] [Times: user=0.03 sys=0.04, real=0.03 secs] 
2021-05-31T07:39:05.702+0800: 1462097.382: [GC (Allocation Failure) [PSYoungGen: 512864K->10720K(513536K)] 877988K->385056K(1037824K), 0.0269003 secs] [Times: user=0.04 sys=0.03, real=0.02 secs] 
2021-05-31T07:43:26.466+0800: 1462358.145: [GC (Allocation Failure) [PSYoungGen: 513504K->7264K(505344K)] 887840K->391122K(1029632K), 0.0237231 secs] [Times: user=0.04 sys=0.04, real=0.02 secs] 
2021-05-31T07:47:39.654+0800: 1462611.333: [GC (Allocation Failure) [PSYoungGen: 501856K->12416K(507392K)] 885714K->402310K(1031680K), 0.0251231 secs] [Times: user=0.04 sys=0.04, real=0.02 secs] 
2021-05-31T07:51:58.928+0800: 1462870.607: [GC (Allocation Failure) [PSYoungGen: 507008K->8928K(509440K)] 896902K->408534K(1033728K), 0.0222545 secs] [Times: user=0.04 sys=0.04, real=0.02 secs] 
2021-05-31T07:56:15.351+0800: 1463127.030: [GC (Allocation Failure) [PSYoungGen: 503008K->8416K(508928K)] 902614K->414825K(1033216K), 0.0225501 secs] [Times: user=0.04 sys=0.04, real=0.03 secs] 
2021-05-31T08:00:34.769+0800: 1463386.449: [GC (Allocation Failure) [PSYoungGen: 502496K->6368K(509952K)] 908905K->419355K(1034240K), 0.0278250 secs] [Times: user=0.03 sys=0.03, real=0.03 secs] 
2021-05-31T08:04:54.793+0800: 1463646.472: [GC (Allocation Failure) [PSYoungGen: 501472K->8384K(509440K)] 914459K->426152K(1033728K), 0.0257801 secs] [Times: user=0.04 sys=0.03, real=0.02 secs] 
2021-05-31T08:09:14.875+0800: 1463906.554: [GC (Allocation Failure) [PSYoungGen: 503488K->7488K(510464K)] 921256K->431539K(1034752K), 0.0295766 secs] [Times: user=0.04 sys=0.05, real=0.03 secs] 
2021-05-31T08:13:34.382+0800: 1464166.062: [GC (Allocation Failure) [PSYoungGen: 503616K->8576K(509952K)] 927667K->438703K(1034240K), 0.0265201 secs] [Times: user=0.03 sys=0.04, real=0.02 secs] 
2021-05-31T08:17:55.978+0800: 1464427.658: [GC (Allocation Failure) [PSYoungGen: 504704K->6560K(510976K)] 934831K->443944K(1035264K), 0.0566002 secs] [Times: user=0.03 sys=0.04, real=0.06 secs] 
2021-05-31T08:22:16.196+0800: 1464687.876: [GC (Allocation Failure) [PSYoungGen: 504224K->8512K(510976K)] 941608K->451260K(1035264K), 0.0285353 secs] [Times: user=0.04 sys=0.04, real=0.03 secs] 
2021-05-31T08:26:35.918+0800: 1464947.597: [GC (Allocation Failure) [PSYoungGen: 506176K->8288K(512000K)] 948924K->458102K(1036288K), 0.0243984 secs] [Times: user=0.04 sys=0.03, real=0.03 secs] 
2021-05-31T08:30:58.069+0800: 1465209.748: [GC (Allocation Failure) [PSYoungGen: 507488K->6688K(511488K)] 957302K->462872K(1035776K), 0.0370349 secs] [Times: user=0.06 sys=0.06, real=0.04 secs] 
2021-05-31T08:35:21.207+0800: 1465472.886: [GC (Allocation Failure) [PSYoungGen: 505888K->6848K(512000K)] 962072K->467917K(1036288K), 0.0699772 secs] [Times: user=0.07 sys=0.00, real=0.07 secs] 
2021-05-31T08:39:43.767+0800: 1465735.447: [GC (Allocation Failure) [PSYoungGen: 506560K->8512K(512000K)] 967629K->474992K(1036288K), 0.0312578 secs] [Times: user=0.08 sys=0.00, real=0.03 secs] 
2021-05-31T08:44:09.499+0800: 1466001.179: [GC (Allocation Failure) [PSYoungGen: 508224K->6784K(512512K)] 974704K->480314K(1036800K), 0.0308501 secs] [Times: user=0.07 sys=0.00, real=0.03 secs] 
2021-05-31T08:48:31.624+0800: 1466263.303: [GC (Allocation Failure) [PSYoungGen: 507520K->9056K(512512K)] 981050K->487534K(1036800K), 0.0226465 secs] [Times: user=0.04 sys=0.03, real=0.02 secs] 
2021-05-31T08:52:49.611+0800: 1466521.290: [GC (Allocation Failure) [PSYoungGen: 509792K->11744K(504320K)] 988270K->498217K(1028608K), 0.0274538 secs] [Times: user=0.04 sys=0.04, real=0.03 secs] 
2021-05-31T08:57:08.669+0800: 1466780.349: [GC (Allocation Failure) [PSYoungGen: 504288K->7872K(508416K)] 990761K->504409K(1032704K), 0.0246251 secs] [Times: user=0.04 sys=0.04, real=0.03 secs] 
2021-05-31T09:01:29.151+0800: 1467040.831: [GC (Allocation Failure) [PSYoungGen: 500416K->8000K(509440K)] 996953K->511316K(1033728K), 0.0220276 secs] [Times: user=0.04 sys=0.04, real=0.03 secs] 
2021-05-31T09:05:47.992+0800: 1467299.672: [GC (Allocation Failure) [PSYoungGen: 502080K->7648K(508928K)] 1005396K->517463K(1033216K), 0.0213779 secs] [Times: user=0.04 sys=0.04, real=0.03 secs] 
2021-05-31T09:10:04.237+0800: 1467555.917: [GC (Allocation Failure) [PSYoungGen: 501728K->9088K(509952K)] 1011543K->524427K(1034240K), 0.0214522 secs] [Times: user=0.04 sys=0.03, real=0.02 secs] 
2021-05-31T09:10:04.259+0800: 1467555.939: [Full GC (Ergonomics) [PSYoungGen: 9088K->0K(509952K)] [ParOldGen: 515339K->296663K(524288K)] 524427K->296663K(1034240K), [Metaspace: 96261K->96261K(1138688K)], 0.4765007 secs] [Times: user=1.02 sys=0.00, real=0.48 secs] 
2021-05-31T09:14:21.791+0800: 1467813.471: [GC (Allocation Failure) [PSYoungGen: 495104K->7200K(509440K)] 791767K->303863K(1033728K), 0.0523835 secs] [Times: user=0.04 sys=0.03, real=0.06 secs] 
2021-05-31T09:18:40.698+0800: 1468072.378: [GC (Allocation Failure) [PSYoungGen: 502304K->5664K(510464K)] 798967K->308625K(1034752K), 0.0238568 secs] [Times: user=0.03 sys=0.03, real=0.03 secs] 
2021-05-31T09:23:01.192+0800: 1468332.872: [GC (Allocation Failure) [PSYoungGen: 502304K->7840K(510464K)] 805265K->314503K(1034752K), 0.0232512 secs] [Times: user=0.03 sys=0.04, real=0.02 secs] 
2021-05-31T09:27:19.551+0800: 1468591.231: [GC (Allocation Failure) [PSYoungGen: 504480K->6144K(510976K)] 811143K->318952K(1035264K), 0.0235061 secs] [Times: user=0.04 sys=0.04, real=0.03 secs] 
2021-05-31T09:31:41.286+0800: 1468852.965: [GC (Allocation Failure) [PSYoungGen: 503296K->6144K(510464K)] 816104K->323692K(1034752K), 0.0235939 secs] [Times: user=0.03 sys=0.03, real=0.02 secs] 
2021-05-31T09:35:59.067+0800: 1469110.747: [GC (Allocation Failure) [PSYoungGen: 503296K->8576K(511488K)] 820844K->330915K(1035776K), 0.0211541 secs] [Times: user=0.03 sys=0.03, real=0.02 secs] 
2021-05-31T09:40:17.916+0800: 1469369.596: [GC (Allocation Failure) [PSYoungGen: 506752K->10400K(510976K)] 829091K->340127K(1035264K), 0.0222662 secs] [Times: user=0.03 sys=0.03, real=0.02 secs] 
2021-05-31T09:44:35.576+0800: 1469627.256: [GC (Allocation Failure) [PSYoungGen: 508576K->7392K(510976K)] 838303K->345241K(1035264K), 0.0263131 secs] [Times: user=0.04 sys=0.03, real=0.03 secs] 
2021-05-31T09:48:53.449+0800: 1469885.129: [GC (Allocation Failure) [PSYoungGen: 505056K->7488K(510976K)] 842905K->351020K(1035264K), 0.0208302 secs] [Times: user=0.04 sys=0.03, real=0.02 secs] 
2021-05-31T09:53:07.631+0800: 1470139.311: [GC (Allocation Failure) [PSYoungGen: 505152K->10784K(510464K)] 848684K->359936K(1034752K), 0.0224133 secs] [Times: user=0.03 sys=0.03, real=0.03 secs] 
2021-05-31T09:57:27.806+0800: 1470399.485: [GC (Allocation Failure) [PSYoungGen: 508448K->9312K(510976K)] 857600K->367121K(1035264K), 0.0252996 secs] [Times: user=0.03 sys=0.03, real=0.02 secs] 
2021-05-31T10:01:47.233+0800: 1470658.912: [GC (Allocation Failure) [PSYoungGen: 506976K->7552K(511488K)] 864785K->372843K(1035776K), 0.0220471 secs] [Times: user=0.03 sys=0.03, real=0.02 secs] 
2021-05-31T10:06:06.863+0800: 1470918.543: [GC (Allocation Failure) [PSYoungGen: 505728K->6880K(510976K)] 871019K->378454K(1035264K), 0.0239189 secs] [Times: user=0.04 sys=0.04, real=0.02 secs] 
2021-05-31T10:10:23.585+0800: 1471175.265: [GC (Allocation Failure) [PSYoungGen: 505056K->9600K(511488K)] 876630K->385946K(1035776K), 0.0238954 secs] [Times: user=0.03 sys=0.03, real=0.02 secs] 
2021-05-31T10:14:42.564+0800: 1471434.244: [GC (Allocation Failure) [PSYoungGen: 508288K->7232K(511488K)] 884634K->391539K(1035776K), 0.0212815 secs] [Times: user=0.03 sys=0.04, real=0.02 secs] 
2021-05-31T10:19:05.619+0800: 1471697.298: [GC (Allocation Failure) [PSYoungGen: 505920K->6304K(512000K)] 890227K->396063K(1036288K), 0.0226914 secs] [Times: user=0.03 sys=0.04, real=0.02 secs] 
2021-05-31T10:23:22.394+0800: 1471954.074: [GC (Allocation Failure) [PSYoungGen: 505504K->12224K(511488K)] 895263K->407013K(1035776K), 0.0252075 secs] [Times: user=0.04 sys=0.03, real=0.02 secs] 
2021-05-31T10:27:42.720+0800: 1472214.400: [GC (Allocation Failure) [PSYoungGen: 511424K->9504K(510464K)] 906213K->414989K(1034752K), 0.0253978 secs] [Times: user=0.04 sys=0.04, real=0.03 secs] 
2021-05-31T10:32:02.816+0800: 1472474.496: [GC (Allocation Failure) [PSYoungGen: 507168K->8448K(510976K)] 912653K->421137K(1035264K), 0.0211285 secs] [Times: user=0.04 sys=0.03, real=0.02 secs] 
2021-05-31T10:36:21.858+0800: 1472733.538: [GC (Allocation Failure) [PSYoungGen: 506112K->8896K(511488K)] 918801K->427891K(1035776K), 0.0241344 secs] [Times: user=0.03 sys=0.04, real=0.03 secs] 
2021-05-31T10:40:42.356+0800: 1472994.036: [GC (Allocation Failure) [PSYoungGen: 507072K->5888K(510976K)] 926067K->431956K(1035264K), 0.0214976 secs] [Times: user=0.03 sys=0.04, real=0.02 secs] 
2021-05-31T10:45:02.838+0800: 1473254.517: [GC (Allocation Failure) [PSYoungGen: 504064K->7200K(511488K)] 930132K->437617K(1035776K), 0.0218085 secs] [Times: user=0.04 sys=0.03, real=0.02 secs] 
2021-05-31T10:49:23.185+0800: 1473514.865: [GC (Allocation Failure) [PSYoungGen: 505888K->8352K(511488K)] 936305K->444597K(1035776K), 0.0596975 secs] [Times: user=0.03 sys=0.04, real=0.06 secs] 
2021-05-31T10:53:44.733+0800: 1473776.413: [GC (Allocation Failure) [PSYoungGen: 507040K->8512K(512512K)] 943285K->451839K(1036800K), 0.0231635 secs] [Times: user=0.04 sys=0.04, real=0.02 secs] 
2021-05-31T10:58:07.510+0800: 1474039.189: [GC (Allocation Failure) [PSYoungGen: 508736K->7040K(512000K)] 952063K->457200K(1036288K), 0.0232388 secs] [Times: user=0.04 sys=0.03, real=0.03 secs] 
2021-05-31T11:02:33.318+0800: 1474304.998: [GC (Allocation Failure) [PSYoungGen: 507264K->7680K(512512K)] 957424K->463444K(1036800K), 0.0382618 secs] [Times: user=0.03 sys=0.03, real=0.04 secs] 
2021-05-31T11:06:54.537+0800: 1474566.217: [GC (Allocation Failure) [PSYoungGen: 508416K->7424K(512512K)] 964180K->468744K(1036800K), 0.0234282 secs] [Times: user=0.03 sys=0.03, real=0.02 secs] 
2021-05-31T11:11:16.290+0800: 1474827.969: [GC (Allocation Failure) [PSYoungGen: 508160K->6272K(513024K)] 969480K->473978K(1037312K), 0.0207595 secs] [Times: user=0.03 sys=0.03, real=0.02 secs] 
2021-05-31T11:15:40.111+0800: 1475091.791: [GC (Allocation Failure) [PSYoungGen: 508032K->6432K(513024K)] 975738K->479111K(1037312K), 0.0237164 secs] [Times: user=0.03 sys=0.03, real=0.03 secs] 
2021-05-31T11:20:03.256+0800: 1475354.936: [GC (Allocation Failure) [PSYoungGen: 508192K->8320K(513024K)] 980871K->486420K(1037312K), 0.0205955 secs] [Times: user=0.03 sys=0.04, real=0.02 secs] 
2021-05-31T11:24:26.770+0800: 1475618.450: [GC (Allocation Failure) [PSYoungGen: 510080K->7488K(513024K)] 988180K->492598K(1037312K), 0.0227526 secs] [Times: user=0.04 sys=0.03, real=0.03 secs] 
2021-05-31T11:28:49.691+0800: 1475881.371: [GC (Allocation Failure) [PSYoungGen: 509248K->6496K(513536K)] 994358K->497721K(1037824K), 0.0205927 secs] [Times: user=0.04 sys=0.03, real=0.02 secs] 
2021-05-31T11:33:14.566+0800: 1476146.246: [GC (Allocation Failure) [PSYoungGen: 509280K->8800K(513536K)] 1000505K->505180K(1037824K), 0.0204143 secs] [Times: user=0.07 sys=0.00, real=0.02 secs] 
2021-05-31T11:37:37.597+0800: 1476409.276: [GC (Allocation Failure) [PSYoungGen: 511584K->7264K(513536K)] 1007964K->511044K(1037824K), 0.0223021 secs] [Times: user=0.04 sys=0.04, real=0.02 secs] 
2021-05-31T11:42:01.071+0800: 1476672.751: [GC (Allocation Failure) [PSYoungGen: 510048K->6304K(513536K)] 1013828K->515943K(1037824K), 0.0236587 secs] [Times: user=0.03 sys=0.03, real=0.03 secs] 
2021-05-31T11:46:24.036+0800: 1476935.715: [GC (Allocation Failure) [PSYoungGen: 509088K->6720K(513536K)] 1018727K->521754K(1037824K), 0.0576538 secs] [Times: user=0.03 sys=0.03, real=0.06 secs] 
2021-05-31T11:50:37.956+0800: 1477189.636: [GC (Allocation Failure) [PSYoungGen: 509504K->9312K(513536K)] 1024538K->529438K(1037824K), 0.0253546 secs] [Times: user=0.03 sys=0.04, real=0.02 secs] 
2021-05-31T11:50:37.982+0800: 1477189.661: [Full GC (Ergonomics) [PSYoungGen: 9312K->0K(513536K)] [ParOldGen: 520126K->299151K(524288K)] 529438K->299151K(1037824K), [Metaspace: 96316K->96316K(1138688K)], 0.4671205 secs] [Times: user=1.02 sys=0.00, real=0.47 secs] 
2021-05-31T11:54:56.429+0800: 1477448.109: [GC (Allocation Failure) [PSYoungGen: 502784K->6464K(513536K)] 801935K->305615K(1037824K), 0.0195307 secs] [Times: user=0.03 sys=0.03, real=0.02 secs] 
2021-05-31T11:59:20.597+0800: 1477712.276: [GC (Allocation Failure) [PSYoungGen: 509248K->6528K(513536K)] 808399K->310898K(1037824K), 0.0191838 secs] [Times: user=0.03 sys=0.03, real=0.02 secs] 
2021-05-31T12:03:44.220+0800: 1477975.900: [GC (Allocation Failure) [PSYoungGen: 509312K->6848K(513536K)] 813682K->316126K(1037824K), 0.0325132 secs] [Times: user=0.03 sys=0.03, real=0.04 secs] 
2021-05-31T12:08:04.311+0800: 1478235.991: [GC (Allocation Failure) [PSYoungGen: 509632K->8832K(513536K)] 818910K->323050K(1037824K), 0.0436749 secs] [Times: user=0.04 sys=0.04, real=0.05 secs] 
2021-05-31T12:12:25.900+0800: 1478497.580: [GC (Allocation Failure) [PSYoungGen: 511616K->8928K(513536K)] 825834K->330492K(1037824K), 0.0229721 secs] [Times: user=0.03 sys=0.04, real=0.03 secs] 
2021-05-31T12:16:49.145+0800: 1478760.825: [GC (Allocation Failure) [PSYoungGen: 511712K->7808K(513536K)] 833276K->336614K(1037824K), 0.0185725 secs] [Times: user=0.05 sys=0.00, real=0.02 secs] 
2021-05-31T12:21:13.221+0800: 1479024.901: [GC (Allocation Failure) [PSYoungGen: 510592K->7936K(513536K)] 839398K->343034K(1037824K), 0.0207345 secs] [Times: user=0.03 sys=0.04, real=0.02 secs] 
2021-05-31T12:25:36.245+0800: 1479287.924: [GC (Allocation Failure) [PSYoungGen: 510720K->6592K(513536K)] 845818K->348429K(1037824K), 0.0220688 secs] [Times: user=0.03 sys=0.03, real=0.02 secs] 
2021-05-31T12:29:57.979+0800: 1479549.659: [GC (Allocation Failure) [PSYoungGen: 509376K->8608K(513024K)] 851213K->355178K(1037312K), 0.0314351 secs] [Times: user=0.03 sys=0.04, real=0.03 secs] 
2021-05-31T12:34:23.306+0800: 1479814.986: [GC (Allocation Failure) [PSYoungGen: 511392K->5600K(513536K)] 857962K->359195K(1037824K), 0.0199118 secs] [Times: user=0.04 sys=0.03, real=0.02 secs] 
2021-05-31T12:38:46.824+0800: 1480078.504: [GC (Allocation Failure) [PSYoungGen: 508384K->6912K(514048K)] 861979K->364768K(1038336K), 0.0188617 secs] [Times: user=0.03 sys=0.03, real=0.02 secs] 
2021-05-31T12:43:09.269+0800: 1480340.948: [GC (Allocation Failure) [PSYoungGen: 510208K->8000K(513536K)] 868064K->371212K(1037824K), 0.0497904 secs] [Times: user=0.09 sys=0.00, real=0.05 secs] 
2021-05-31T12:47:35.145+0800: 1480606.824: [GC (Allocation Failure) [PSYoungGen: 511296K->7360K(514048K)] 874508K->377334K(1038336K), 0.0231832 secs] [Times: user=0.03 sys=0.03, real=0.02 secs] 
2021-05-31T12:52:01.256+0800: 1480872.936: [GC (Allocation Failure) [PSYoungGen: 511168K->6976K(514048K)] 881142K->382426K(1038336K), 0.0202869 secs] [Times: user=0.03 sys=0.03, real=0.02 secs] 
2021-05-31T12:56:25.791+0800: 1481137.471: [GC (Allocation Failure) [PSYoungGen: 510784K->9888K(513024K)] 886234K->390989K(1037312K), 0.0255066 secs] [Times: user=0.04 sys=0.03, real=0.03 secs] 
2021-05-31T13:00:46.331+0800: 1481398.010: [GC (Allocation Failure) [PSYoungGen: 512672K->6762K(513536K)] 893773K->395338K(1037824K), 0.0238408 secs] [Times: user=0.04 sys=0.04, real=0.03 secs] 
2021-05-31T13:05:11.366+0800: 1481663.045: [GC (Allocation Failure) [PSYoungGen: 509546K->9056K(513536K)] 898122K->403157K(1037824K), 0.0216696 secs] [Times: user=0.03 sys=0.03, real=0.02 secs] 
2021-05-31T13:09:34.377+0800: 1481926.056: [GC (Allocation Failure) [PSYoungGen: 511840K->6752K(513536K)] 905941K->408677K(1037824K), 0.0207518 secs] [Times: user=0.03 sys=0.04, real=0.02 secs] 
2021-05-31T13:13:59.696+0800: 1482191.376: [GC (Allocation Failure) [PSYoungGen: 509536K->7360K(514048K)] 911461K->413890K(1038336K), 0.0232143 secs] [Times: user=0.04 sys=0.03, real=0.02 secs] 
2021-05-31T13:18:28.134+0800: 1482459.813: [GC (Allocation Failure) [PSYoungGen: 510656K->6400K(513536K)] 917186K->418957K(1037824K), 0.0250517 secs] [Times: user=0.03 sys=0.04, real=0.02 secs] 
2021-05-31T13:22:50.625+0800: 1482722.304: [GC (Allocation Failure) [PSYoungGen: 509696K->6912K(514048K)] 922253K->424417K(1038336K), 0.0235346 secs] [Times: user=0.04 sys=0.03, real=0.02 secs] 
2021-05-31T13:27:16.031+0800: 1482987.710: [GC (Allocation Failure) [PSYoungGen: 510720K->7360K(514048K)] 928225K->430267K(1038336K), 0.0208956 secs] [Times: user=0.03 sys=0.03, real=0.02 secs] 
2021-05-31T13:31:41.649+0800: 1483253.329: [GC (Allocation Failure) [PSYoungGen: 511168K->7904K(514560K)] 934075K->436007K(1038848K), 0.0206425 secs] [Times: user=0.03 sys=0.03, real=0.02 secs] 
2021-05-31T13:36:06.046+0800: 1483517.725: [GC (Allocation Failure) [PSYoungGen: 512224K->8736K(514048K)] 940327K->443402K(1038336K), 0.0208847 secs] [Times: user=0.04 sys=0.04, real=0.02 secs] 
2021-05-31T13:40:30.621+0800: 1483782.301: [GC (Allocation Failure) [PSYoungGen: 513056K->6624K(514048K)] 947722K->448595K(1038336K), 0.0439573 secs] [Times: user=0.04 sys=0.03, real=0.05 secs] 
2021-05-31T13:44:55.497+0800: 1484047.177: [GC (Allocation Failure) [PSYoungGen: 510427K->8000K(514048K)] 952398K->455032K(1038336K), 0.0206143 secs] [Times: user=0.03 sys=0.03, real=0.02 secs] 
2021-05-31T13:49:15.670+0800: 1484307.350: [GC (Allocation Failure) [PSYoungGen: 511808K->10208K(507904K)] 958840K->464195K(1032192K), 0.0248899 secs] [Times: user=0.03 sys=0.04, real=0.03 secs] 
2021-05-31T13:53:35.327+0800: 1484567.006: [GC (Allocation Failure) [PSYoungGen: 507872K->9504K(510976K)] 961859K->471966K(1035264K), 0.0241477 secs] [Times: user=0.04 sys=0.04, real=0.02 secs] 
2021-05-31T13:57:55.011+0800: 1484826.691: [GC (Allocation Failure) [PSYoungGen: 507168K->7552K(511488K)] 969630K->477696K(1035776K), 0.0219968 secs] [Times: user=0.04 sys=0.04, real=0.03 secs] 
2021-05-31T14:02:13.752+0800: 1485085.432: [GC (Allocation Failure) [PSYoungGen: 505728K->9792K(510976K)] 975872K->485827K(1035264K), 0.0224738 secs] [Times: user=0.03 sys=0.04, real=0.02 secs] 
2021-05-31T14:06:36.471+0800: 1485348.151: [GC (Allocation Failure) [PSYoungGen: 507968K->6496K(511488K)] 984003K->490963K(1035776K), 0.0226100 secs] [Times: user=0.04 sys=0.03, real=0.03 secs] 
2021-05-31T14:10:53.194+0800: 1485604.874: [GC (Allocation Failure) [PSYoungGen: 504672K->8768K(510976K)] 989139K->497823K(1035264K), 0.0283127 secs] [Times: user=0.03 sys=0.03, real=0.03 secs] 
2021-05-31T14:15:13.595+0800: 1485865.275: [GC (Allocation Failure) [PSYoungGen: 506944K->7008K(511488K)] 995999K->502848K(1035776K), 0.0174738 secs] [Times: user=0.02 sys=0.03, real=0.02 secs] 
2021-05-31T14:19:33.584+0800: 1486125.264: [GC (Allocation Failure) [PSYoungGen: 505696K->7648K(511488K)] 1001536K->509379K(1035776K), 0.0361122 secs] [Times: user=0.04 sys=0.03, real=0.03 secs] 
2021-05-31T14:23:54.925+0800: 1486386.605: [GC (Allocation Failure) [PSYoungGen: 506336K->6912K(512000K)] 1008067K->514957K(1036288K), 0.0242533 secs] [Times: user=0.03 sys=0.03, real=0.02 secs] 
2021-05-31T14:28:15.871+0800: 1486647.550: [GC (Allocation Failure) [PSYoungGen: 506624K->7616K(512000K)] 1014669K->521017K(1036288K), 0.0234545 secs] [Times: user=0.03 sys=0.03, real=0.03 secs] 
2021-05-31T14:32:35.951+0800: 1486907.631: [GC (Allocation Failure) [PSYoungGen: 507328K->8160K(512512K)] 1020729K->527845K(1036800K), 0.0273523 secs] [Times: user=0.04 sys=0.04, real=0.03 secs] 
2021-05-31T14:32:35.979+0800: 1486907.659: [Full GC (Ergonomics) [PSYoungGen: 8160K->0K(512512K)] [ParOldGen: 519685K->295847K(524288K)] 527845K->295847K(1036800K), [Metaspace: 96316K->96312K(1138688K)], 0.5685003 secs] [Times: user=1.08 sys=0.00, real=0.57 secs] 
2021-05-31T14:36:56.747+0800: 1487168.427: [GC (Allocation Failure) [PSYoungGen: 500736K->9728K(512512K)] 796583K->305575K(1036800K), 0.0195123 secs] [Times: user=0.03 sys=0.02, real=0.02 secs] 
2021-05-31T14:41:18.989+0800: 1487430.669: [GC (Allocation Failure) [PSYoungGen: 510464K->9120K(512512K)] 806311K->312515K(1036800K), 0.0223245 secs] [Times: user=0.04 sys=0.03, real=0.02 secs] 
2021-05-31T14:45:39.298+0800: 1487690.978: [GC (Allocation Failure) [PSYoungGen: 509856K->11744K(512512K)] 813251K->323799K(1036800K), 0.0276537 secs] [Times: user=0.04 sys=0.04, real=0.03 secs] 
2021-05-31T14:49:59.627+0800: 1487951.307: [GC (Allocation Failure) [PSYoungGen: 512480K->10400K(504320K)] 824535K->332095K(1028608K), 0.0233548 secs] [Times: user=0.04 sys=0.03, real=0.02 secs] 
2021-05-31T14:54:16.251+0800: 1488207.930: [GC (Allocation Failure) [PSYoungGen: 502944K->13664K(506368K)] 824639K->344011K(1030656K), 0.0295594 secs] [Times: user=0.05 sys=0.04, real=0.03 secs] 
2021-05-31T14:58:36.770+0800: 1488468.449: [GC (Allocation Failure) [PSYoungGen: 506208K->6112K(507904K)] 836555K->347312K(1032192K), 0.0448309 secs] [Times: user=0.03 sys=0.03, real=0.05 secs] 
2021-05-31T15:02:52.881+0800: 1488724.561: [GC (Allocation Failure) [PSYoungGen: 497632K->7040K(507904K)] 838832K->352877K(1032192K), 0.0184152 secs] [Times: user=0.03 sys=0.03, real=0.02 secs] 
2021-05-31T15:07:11.450+0800: 1488983.129: [GC (Allocation Failure) [PSYoungGen: 498560K->8160K(508416K)] 844397K->359344K(1032704K), 0.0265894 secs] [Times: user=0.03 sys=0.03, real=0.03 secs] 
2021-05-31T15:11:28.368+0800: 1489240.047: [GC (Allocation Failure) [PSYoungGen: 500192K->7424K(507904K)] 851376K->364948K(1032192K), 0.0271214 secs] [Times: user=0.03 sys=0.04, real=0.03 secs] 
2021-05-31T15:15:45.382+0800: 1489497.062: [GC (Allocation Failure) [PSYoungGen: 499456K->6752K(508928K)] 856980K->370182K(1033216K), 0.0187987 secs] [Times: user=0.03 sys=0.03, real=0.02 secs] 
2021-05-31T15:20:02.825+0800: 1489754.505: [GC (Allocation Failure) [PSYoungGen: 500320K->7680K(508928K)] 863750K->375866K(1033216K), 0.0250249 secs] [Times: user=0.06 sys=0.00, real=0.02 secs] 
2021-05-31T15:24:22.238+0800: 1490013.918: [GC (Allocation Failure) [PSYoungGen: 501248K->8512K(509952K)] 869434K->382694K(1034240K), 0.0224400 secs] [Times: user=0.03 sys=0.03, real=0.02 secs] 
2021-05-31T15:28:41.775+0800: 1490273.455: [GC (Allocation Failure) [PSYoungGen: 503616K->9088K(509440K)] 877798K->390002K(1033728K), 0.0222622 secs] [Times: user=0.04 sys=0.03, real=0.02 secs] 
2021-05-31T15:32:56.440+0800: 1490528.120: [GC (Allocation Failure) [PSYoungGen: 504192K->9440K(510464K)] 885106K->397061K(1034752K), 0.0269795 secs] [Times: user=0.03 sys=0.04, real=0.03 secs] 
2021-05-31T15:37:16.881+0800: 1490788.561: [GC (Allocation Failure) [PSYoungGen: 506080K->6048K(510464K)] 893701K->401902K(1034752K), 0.0241633 secs] [Times: user=0.03 sys=0.03, real=0.03 secs] 
2021-05-31T15:41:36.869+0800: 1491048.549: [GC (Allocation Failure) [PSYoungGen: 502688K->10336K(510464K)] 898542K->410741K(1034752K), 0.0184187 secs] [Times: user=0.03 sys=0.02, real=0.02 secs] 
2021-05-31T15:45:54.007+0800: 1491305.687: [GC (Allocation Failure) [PSYoungGen: 506976K->10944K(507904K)] 907381K->420568K(1032192K), 0.0234966 secs] [Times: user=0.04 sys=0.04, real=0.02 secs] 
2021-05-31T15:50:09.064+0800: 1491560.743: [GC (Allocation Failure) [PSYoungGen: 507584K->12992K(507904K)] 917208K->430932K(1032192K), 0.0331576 secs] [Times: user=0.05 sys=0.05, real=0.03 secs] 
2021-05-31T15:54:22.163+0800: 1491813.843: [GC (Allocation Failure) [PSYoungGen: 506560K->12832K(506880K)] 924500K->440535K(1031168K), 0.0576391 secs] [Times: user=0.07 sys=0.00, real=0.05 secs] 
2021-05-31T15:58:37.198+0800: 1492068.878: [GC (Allocation Failure) [PSYoungGen: 506400K->9408K(508928K)] 934103K->446400K(1033216K), 0.0228363 secs] [Times: user=0.04 sys=0.04, real=0.02 secs] 
2021-05-31T16:02:53.886+0800: 1492325.565: [GC (Allocation Failure) [PSYoungGen: 502464K->5312K(508416K)] 939456K->450654K(1032704K), 0.0218594 secs] [Times: user=0.04 sys=0.03, real=0.02 secs] 
2021-05-31T16:07:11.867+0800: 1492583.547: [GC (Allocation Failure) [PSYoungGen: 498368K->7552K(508928K)] 943710K->456580K(1033216K), 0.0231451 secs] [Times: user=0.03 sys=0.03, real=0.02 secs] 
2021-05-31T16:11:27.939+0800: 1492839.619: [GC (Allocation Failure) [PSYoungGen: 501120K->10336K(508928K)] 950148K->465456K(1033216K), 0.0236713 secs] [Times: user=0.04 sys=0.04, real=0.03 secs] 
2021-05-31T16:15:45.391+0800: 1493097.071: [GC (Allocation Failure) [PSYoungGen: 503904K->8672K(509440K)] 959024K->471707K(1033728K), 0.0240438 secs] [Times: user=0.04 sys=0.03, real=0.03 secs] 
2021-05-31T16:20:02.640+0800: 1493354.319: [GC (Allocation Failure) [PSYoungGen: 502752K->7008K(508928K)] 965787K->477244K(1033216K), 0.0472600 secs] [Times: user=0.04 sys=0.04, real=0.05 secs] 
2021-05-31T16:24:18.613+0800: 1493610.293: [GC (Allocation Failure) [PSYoungGen: 501088K->9856K(509952K)] 971324K->485655K(1034240K), 0.0285884 secs] [Times: user=0.04 sys=0.04, real=0.03 secs] 
2021-05-31T16:28:37.040+0800: 1493868.719: [GC (Allocation Failure) [PSYoungGen: 505472K->9696K(509952K)] 981271K->492577K(1034240K), 0.0279092 secs] [Times: user=0.04 sys=0.04, real=0.03 secs] 
2021-05-31T16:32:56.673+0800: 1494128.353: [GC (Allocation Failure) [PSYoungGen: 505312K->8768K(510464K)] 988193K->499339K(1034752K), 0.0268520 secs] [Times: user=0.09 sys=0.00, real=0.02 secs] 
2021-05-31T16:37:16.586+0800: 1494388.265: [GC (Allocation Failure) [PSYoungGen: 505408K->7200K(510464K)] 995979K->505062K(1034752K), 0.0229050 secs] [Times: user=0.03 sys=0.03, real=0.02 secs] 
2021-05-31T16:41:34.845+0800: 1494646.524: [GC (Allocation Failure) [PSYoungGen: 503840K->6752K(510976K)] 1001702K->510473K(1035264K), 0.0513764 secs] [Times: user=0.06 sys=0.06, real=0.05 secs] 
2021-05-31T16:45:53.486+0800: 1494905.166: [GC (Allocation Failure) [PSYoungGen: 504416K->9088K(510976K)] 1008137K->518581K(1035264K), 0.0189211 secs] [Times: user=0.03 sys=0.03, real=0.02 secs] 
2021-05-31T16:50:14.055+0800: 1495165.734: [GC (Allocation Failure) [PSYoungGen: 506752K->9280K(511488K)] 1016245K->525960K(1035776K), 0.0235222 secs] [Times: user=0.04 sys=0.04, real=0.02 secs] 
2021-05-31T16:50:14.079+0800: 1495165.758: [Full GC (Ergonomics) [PSYoungGen: 9280K->0K(511488K)] [ParOldGen: 516680K->301509K(524288K)] 525960K->301509K(1035776K), [Metaspace: 96316K->96316K(1138688K)], 0.4209293 secs] [Times: user=0.95 sys=0.00, real=0.42 secs] 
2021-05-31T16:54:38.403+0800: 1495430.083: [GC (Allocation Failure) [PSYoungGen: 498176K->6144K(510976K)] 799685K->307653K(1035264K), 0.0173006 secs] [Times: user=0.03 sys=0.03, real=0.01 secs] 
2021-05-31T16:58:59.398+0800: 1495691.078: [GC (Allocation Failure) [PSYoungGen: 504320K->10816K(510464K)] 805829K->317474K(1034752K), 0.0300838 secs] [Times: user=0.04 sys=0.04, real=0.03 secs] 
2021-05-31T17:03:21.016+0800: 1495952.696: [GC (Allocation Failure) [PSYoungGen: 508480K->8544K(510976K)] 815138K->323651K(1035264K), 0.0243725 secs] [Times: user=0.04 sys=0.04, real=0.02 secs] 
2021-05-31T17:07:42.921+0800: 1496214.601: [GC (Allocation Failure) [PSYoungGen: 506208K->8448K(511488K)] 821315K->330157K(1035776K), 0.0255926 secs] [Times: user=0.04 sys=0.03, real=0.03 secs] 
2021-05-31T17:12:00.390+0800: 1496472.069: [GC (Allocation Failure) [PSYoungGen: 507136K->7008K(511488K)] 828845K->335465K(1035776K), 0.0259358 secs] [Times: user=0.04 sys=0.04, real=0.03 secs] 
2021-05-31T17:16:23.496+0800: 1496735.176: [GC (Allocation Failure) [PSYoungGen: 505696K->8416K(512000K)] 834153K->341702K(1036288K), 0.0200782 secs] [Times: user=0.03 sys=0.03, real=0.02 secs] 
2021-05-31T17:20:42.955+0800: 1496994.635: [GC (Allocation Failure) [PSYoungGen: 507616K->8288K(511488K)] 840902K->348745K(1035776K), 0.0263068 secs] [Times: user=0.04 sys=0.05, real=0.02 secs] 
2021-05-31T17:25:03.983+0800: 1497255.662: [GC (Allocation Failure) [PSYoungGen: 507488K->8832K(512512K)] 847945K->356236K(1036800K), 0.0294215 secs] [Times: user=0.03 sys=0.04, real=0.03 secs] 
2021-05-31T17:29:23.697+0800: 1497515.377: [GC (Allocation Failure) [PSYoungGen: 509568K->9120K(512512K)] 856972K->363822K(1036800K), 0.0298224 secs] [Times: user=0.04 sys=0.04, real=0.03 secs] 
2021-05-31T17:33:42.263+0800: 1497773.943: [GC (Allocation Failure) [PSYoungGen: 509856K->9856K(512512K)] 864558K->371699K(1036800K), 0.0251607 secs] [Times: user=0.03 sys=0.03, real=0.02 secs] 
2021-05-31T17:38:02.419+0800: 1498034.099: [GC (Allocation Failure) [PSYoungGen: 510592K->8672K(512512K)] 872435K->378099K(1036800K), 0.0225632 secs] [Times: user=0.07 sys=0.00, real=0.03 secs] 
2021-05-31T17:42:23.003+0800: 1498294.682: [GC (Allocation Failure) [PSYoungGen: 509408K->7328K(512512K)] 878835K->383860K(1036800K), 0.0256905 secs] [Times: user=0.03 sys=0.03, real=0.02 secs] 
2021-05-31T17:46:44.615+0800: 1498556.294: [GC (Allocation Failure) [PSYoungGen: 508064K->9568K(512512K)] 884596K->391712K(1036800K), 0.0251978 secs] [Times: user=0.03 sys=0.04, real=0.02 secs] 
2021-05-31T17:51:04.404+0800: 1498816.083: [GC (Allocation Failure) [PSYoungGen: 510304K->10400K(512512K)] 892448K->399684K(1036800K), 0.0231361 secs] [Times: user=0.04 sys=0.03, real=0.02 secs] 
2021-05-31T17:55:24.312+0800: 1499075.992: [GC (Allocation Failure) [PSYoungGen: 511136K->7840K(512512K)] 900420K->405476K(1036800K), 0.0389763 secs] [Times: user=0.03 sys=0.04, real=0.04 secs] 
2021-05-31T17:59:45.142+0800: 1499336.821: [GC (Allocation Failure) [PSYoungGen: 508576K->7584K(512512K)] 906212K->411767K(1036800K), 0.0279199 secs] [Times: user=0.03 sys=0.03, real=0.03 secs] 
2021-05-31T18:04:04.262+0800: 1499595.941: [GC (Allocation Failure) [PSYoungGen: 508320K->9344K(512512K)] 912503K->419586K(1036800K), 0.0339240 secs] [Times: user=0.04 sys=0.03, real=0.04 secs] 
2021-05-31T18:08:25.081+0800: 1499856.761: [GC (Allocation Failure) [PSYoungGen: 510080K->8160K(512512K)] 920322K->426348K(1036800K), 0.0226462 secs] [Times: user=0.03 sys=0.03, real=0.03 secs] 
2021-05-31T18:12:44.519+0800: 1500116.199: [GC (Allocation Failure) [PSYoungGen: 508896K->10656K(511488K)] 927084K->435104K(1035776K), 0.0694007 secs] [Times: user=0.03 sys=0.03, real=0.07 secs] 
2021-05-31T18:17:05.292+0800: 1500376.972: [GC (Allocation Failure) [PSYoungGen: 511392K->8512K(512512K)] 935840K->441872K(1036800K), 0.0233760 secs] [Times: user=0.03 sys=0.03, real=0.02 secs] 
2021-05-31T18:21:27.285+0800: 1500638.965: [GC (Allocation Failure) [PSYoungGen: 508736K->7584K(512000K)] 942096K->447865K(1036288K), 0.0315628 secs] [Times: user=0.04 sys=0.04, real=0.03 secs] 
2021-05-31T18:25:46.031+0800: 1500897.711: [GC (Allocation Failure) [PSYoungGen: 507808K->8480K(513024K)] 948089K->454557K(1037312K), 0.0235391 secs] [Times: user=0.03 sys=0.04, real=0.03 secs] 
2021-05-31T18:30:09.802+0800: 1501161.481: [GC (Allocation Failure) [PSYoungGen: 509728K->7840K(512512K)] 955805K->460344K(1036800K), 0.0614059 secs] [Times: user=0.04 sys=0.03, real=0.07 secs] 
2021-05-31T18:34:31.990+0800: 1501423.669: [GC (Allocation Failure) [PSYoungGen: 509088K->7968K(513024K)] 961592K->467065K(1037312K), 0.0211744 secs] [Times: user=0.04 sys=0.03, real=0.02 secs] 
2021-05-31T18:38:52.550+0800: 1501684.230: [GC (Allocation Failure) [PSYoungGen: 509728K->7264K(513024K)] 968825K->472740K(1037312K), 0.0211121 secs] [Times: user=0.04 sys=0.03, real=0.02 secs] 
2021-05-31T18:43:14.605+0800: 1501946.285: [GC (Allocation Failure) [PSYoungGen: 509024K->7744K(513024K)] 974500K->478800K(1037312K), 0.0211619 secs] [Times: user=0.03 sys=0.03, real=0.02 secs] 
2021-05-31T18:47:35.504+0800: 1502207.184: [GC (Allocation Failure) [PSYoungGen: 509504K->10048K(513024K)] 980560K->487340K(1037312K), 0.0225370 secs] [Times: user=0.04 sys=0.03, real=0.02 secs] 
2021-05-31T18:51:57.942+0800: 1502469.622: [GC (Allocation Failure) [PSYoungGen: 511808K->8448K(513024K)] 989100K->493542K(1037312K), 0.0232124 secs] [Times: user=0.04 sys=0.03, real=0.03 secs] 
2021-05-31T18:56:17.673+0800: 1502729.353: [GC (Allocation Failure) [PSYoungGen: 510208K->6688K(513024K)] 995302K->498560K(1037312K), 0.0206957 secs] [Times: user=0.04 sys=0.03, real=0.02 secs] 
2021-05-31T19:00:35.823+0800: 1502987.502: [GC (Allocation Failure) [PSYoungGen: 508448K->6474K(513024K)] 1000320K->503911K(1037312K), 0.0210601 secs] [Times: user=0.03 sys=0.03, real=0.02 secs] 
2021-05-31T19:05:05.224+0800: 1503256.903: [GC (Allocation Failure) [PSYoungGen: 508234K->5856K(513024K)] 1005671K->508339K(1037312K), 0.0208133 secs] [Times: user=0.03 sys=0.03, real=0.02 secs] 
2021-05-31T19:09:29.603+0800: 1503521.282: [GC (Allocation Failure) [PSYoungGen: 507616K->10688K(510976K)] 1010099K->517839K(1035264K), 0.0272176 secs] [Times: user=0.04 sys=0.03, real=0.02 secs] 
2021-05-31T19:13:56.025+0800: 1503787.704: [GC (Allocation Failure) [PSYoungGen: 510400K->7040K(512000K)] 1017551K->523143K(1036288K), 0.0205469 secs] [Times: user=0.03 sys=0.03, real=0.02 secs] 
2021-05-31T19:13:56.046+0800: 1503787.725: [Full GC (Ergonomics) [PSYoungGen: 7040K->0K(512000K)] [ParOldGen: 516103K->293985K(524288K)] 523143K->293985K(1036288K), [Metaspace: 96319K->96319K(1138688K)], 0.4734075 secs] [Times: user=1.05 sys=0.00, real=0.47 secs] 
2021-05-31T19:18:21.231+0800: 1504052.911: [GC (Allocation Failure) [PSYoungGen: 499712K->8672K(512512K)] 793697K->302657K(1036800K), 0.0186678 secs] [Times: user=0.03 sys=0.02, real=0.02 secs] 
2021-05-31T19:22:44.099+0800: 1504315.779: [GC (Allocation Failure) [PSYoungGen: 509408K->8256K(512512K)] 803393K->309595K(1036800K), 0.0229109 secs] [Times: user=0.04 sys=0.04, real=0.02 secs] 
2021-05-31T19:27:04.599+0800: 1504576.278: [GC (Allocation Failure) [PSYoungGen: 508992K->8096K(513024K)] 810331K->316198K(1037312K), 0.0203992 secs] [Times: user=0.03 sys=0.04, real=0.02 secs] 
2021-05-31T19:31:28.167+0800: 1504839.847: [GC (Allocation Failure) [PSYoungGen: 509856K->7232K(513024K)] 817958K->322137K(1037312K), 0.0253099 secs] [Times: user=0.03 sys=0.04, real=0.03 secs] 
2021-05-31T19:35:51.829+0800: 1505103.509: [GC (Allocation Failure) [PSYoungGen: 508992K->7776K(513536K)] 823897K->328564K(1037824K), 0.0211120 secs] [Times: user=0.04 sys=0.03, real=0.02 secs] 
2021-05-31T19:40:13.990+0800: 1505365.669: [GC (Allocation Failure) [PSYoungGen: 510048K->7232K(513024K)] 830836K->334303K(1037312K), 0.0201966 secs] [Times: user=0.03 sys=0.03, real=0.02 secs] 
2021-05-31T19:44:35.891+0800: 1505627.571: [GC (Allocation Failure) [PSYoungGen: 509504K->8480K(513536K)] 836575K->341060K(1037824K), 0.0480949 secs] [Times: user=0.04 sys=0.03, real=0.05 secs] 
2021-05-31T19:48:56.112+0800: 1505887.791: [GC (Allocation Failure) [PSYoungGen: 511264K->9696K(512512K)] 843844K->349079K(1036800K), 0.0226585 secs] [Times: user=0.04 sys=0.04, real=0.03 secs] 
2021-05-31T19:53:16.558+0800: 1506148.237: [GC (Allocation Failure) [PSYoungGen: 512480K->6848K(513024K)] 851863K->354574K(1037312K), 0.0211624 secs] [Times: user=0.03 sys=0.03, real=0.02 secs] 
2021-05-31T19:57:38.362+0800: 1506410.042: [GC (Allocation Failure) [PSYoungGen: 508608K->8064K(513024K)] 856334K->361354K(1037312K), 0.0212639 secs] [Times: user=0.04 sys=0.04, real=0.02 secs] 
2021-05-31T20:01:59.402+0800: 1506671.082: [GC (Allocation Failure) [PSYoungGen: 509824K->8448K(513536K)] 863114K->369044K(1037824K), 0.0251849 secs] [Times: user=0.04 sys=0.04, real=0.02 secs] 
2021-05-31T20:06:20.782+0800: 1506932.462: [GC (Allocation Failure) [PSYoungGen: 511232K->8032K(513536K)] 871828K->375390K(1037824K), 0.0319482 secs] [Times: user=0.04 sys=0.04, real=0.03 secs] 
2021-05-31T20:10:43.189+0800: 1507194.869: [GC (Allocation Failure) [PSYoungGen: 510816K->7776K(514048K)] 878174K->381266K(1038336K), 0.0185505 secs] [Times: user=0.03 sys=0.03, real=0.02 secs] 
2021-05-31T20:15:04.596+0800: 1507456.275: [GC (Allocation Failure) [PSYoungGen: 511584K->7520K(514048K)] 885074K->387069K(1038336K), 0.0218766 secs] [Times: user=0.03 sys=0.03, real=0.02 secs] 
2021-05-31T20:19:27.391+0800: 1507719.071: [GC (Allocation Failure) [PSYoungGen: 511328K->7520K(514048K)] 890877K->393224K(1038336K), 0.0225705 secs] [Times: user=0.03 sys=0.04, real=0.03 secs] 
2021-05-31T20:23:50.210+0800: 1507981.890: [GC (Allocation Failure) [PSYoungGen: 511328K->8896K(514048K)] 897032K->400612K(1038336K), 0.0213554 secs] [Times: user=0.03 sys=0.04, real=0.02 secs] 
2021-05-31T20:28:13.292+0800: 1508244.972: [GC (Allocation Failure) [PSYoungGen: 512704K->9824K(513024K)] 904420K->409046K(1037312K), 0.0265476 secs] [Times: user=0.03 sys=0.03, real=0.02 secs] 
2021-05-31T20:32:35.842+0800: 1508507.522: [GC (Allocation Failure) [PSYoungGen: 512608K->7264K(513536K)] 911830K->414464K(1037824K), 0.0239971 secs] [Times: user=0.03 sys=0.05, real=0.03 secs] 
2021-05-31T20:36:58.916+0800: 1508770.596: [GC (Allocation Failure) [PSYoungGen: 510048K->8064K(514048K)] 917248K->420892K(1038336K), 0.0224108 secs] [Times: user=0.03 sys=0.04, real=0.02 secs] 
2021-05-31T20:41:21.492+0800: 1509033.172: [GC (Allocation Failure) [PSYoungGen: 511360K->6976K(513536K)] 924188K->426357K(1037824K), 0.0235621 secs] [Times: user=0.03 sys=0.03, real=0.02 secs] 
2021-05-31T20:45:42.866+0800: 1509294.546: [GC (Allocation Failure) [PSYoungGen: 510272K->9184K(513024K)] 929653K->434314K(1037312K), 0.0237423 secs] [Times: user=0.04 sys=0.04, real=0.02 secs] 
2021-05-31T20:50:05.150+0800: 1509556.830: [GC (Allocation Failure) [PSYoungGen: 511968K->9632K(513536K)] 937098K->441542K(1037824K), 0.0257437 secs] [Times: user=0.03 sys=0.03, real=0.03 secs] 
2021-05-31T20:54:27.603+0800: 1509819.283: [GC (Allocation Failure) [PSYoungGen: 512416K->7392K(513536K)] 944326K->446710K(1037824K), 0.0259993 secs] [Times: user=0.03 sys=0.03, real=0.02 secs] 
2021-05-31T20:58:48.661+0800: 1510080.341: [GC (Allocation Failure) [PSYoungGen: 510176K->9408K(512512K)] 949494K->453556K(1036800K), 0.0320855 secs] [Times: user=0.07 sys=0.00, real=0.04 secs] 
2021-05-31T21:03:11.755+0800: 1510343.435: [GC (Allocation Failure) [PSYoungGen: 512192K->8064K(513536K)] 956340K->460213K(1037824K), 0.0230888 secs] [Times: user=0.04 sys=0.03, real=0.02 secs] 
2021-05-31T21:07:32.013+0800: 1510603.692: [GC (Allocation Failure) [PSYoungGen: 510336K->7392K(513024K)] 962485K->465624K(1037312K), 0.0227831 secs] [Times: user=0.08 sys=0.00, real=0.02 secs] 
2021-05-31T21:11:56.299+0800: 1510867.979: [GC (Allocation Failure) [PSYoungGen: 509664K->9024K(513536K)] 967896K->472931K(1037824K), 0.0223138 secs] [Times: user=0.03 sys=0.03, real=0.02 secs] 
2021-05-31T21:16:22.159+0800: 1511133.838: [GC (Allocation Failure) [PSYoungGen: 511808K->7072K(513536K)] 975715K->477789K(1037824K), 0.0214093 secs] [Times: user=0.03 sys=0.03, real=0.02 secs] 
2021-05-31T21:20:42.331+0800: 1511394.010: [GC (Allocation Failure) [PSYoungGen: 509856K->9568K(512512K)] 980573K->485569K(1036800K), 0.0481695 secs] [Times: user=0.03 sys=0.03, real=0.05 secs] 
2021-05-31T21:25:04.890+0800: 1511656.570: [GC (Allocation Failure) [PSYoungGen: 511321K->6208K(513024K)] 987322K->489962K(1037312K), 0.0247199 secs] [Times: user=0.03 sys=0.03, real=0.03 secs] 
2021-05-31T21:29:30.194+0800: 1511921.874: [GC (Allocation Failure) [PSYoungGen: 507968K->8000K(513536K)] 991722K->496718K(1037824K), 0.0238956 secs] [Times: user=0.03 sys=0.03, real=0.02 secs] 
2021-05-31T21:33:56.967+0800: 1512188.647: [GC (Allocation Failure) [PSYoungGen: 510272K->8896K(513024K)] 998990K->503729K(1037312K), 0.0223818 secs] [Times: user=0.03 sys=0.04, real=0.02 secs] 
2021-05-31T21:38:19.905+0800: 1512451.584: [GC (Allocation Failure) [PSYoungGen: 511168K->6528K(513536K)] 1006001K->508474K(1037824K), 0.0241778 secs] [Times: user=0.04 sys=0.04, real=0.02 secs] 
2021-05-31T21:42:41.165+0800: 1512712.845: [GC (Allocation Failure) [PSYoungGen: 509312K->10592K(513536K)] 1011258K->517391K(1037824K), 0.0224051 secs] [Times: user=0.04 sys=0.03, real=0.02 secs] 
2021-05-31T21:47:02.778+0800: 1512974.457: [GC (Allocation Failure) [PSYoungGen: 513376K->9344K(511488K)] 1020175K->524793K(1035776K), 0.0342735 secs] [Times: user=0.04 sys=0.03, real=0.04 secs] 
2021-05-31T21:47:02.812+0800: 1512974.492: [Full GC (Ergonomics) [PSYoungGen: 9344K->0K(511488K)] [ParOldGen: 515449K->300087K(524288K)] 524793K->300087K(1035776K), [Metaspace: 96319K->96319K(1138688K)], 0.4713719 secs] [Times: user=1.03 sys=0.00, real=0.47 secs] 
2021-05-31T21:51:26.537+0800: 1513238.217: [GC (Allocation Failure) [PSYoungGen: 500736K->7840K(512512K)] 800823K->307927K(1036800K), 0.0222496 secs] [Times: user=0.03 sys=0.03, real=0.02 secs] 
2021-05-31T21:55:46.169+0800: 1513497.849: [GC (Allocation Failure) [PSYoungGen: 508576K->7552K(513024K)] 808663K->314361K(1037312K), 0.0220738 secs] [Times: user=0.03 sys=0.04, real=0.02 secs] 
2021-05-31T22:00:08.041+0800: 1513759.720: [GC (Allocation Failure) [PSYoungGen: 508800K->8192K(512512K)] 815609K->321354K(1036800K), 0.0210269 secs] [Times: user=0.03 sys=0.03, real=0.02 secs] 
2021-05-31T22:04:32.930+0800: 1514024.610: [GC (Allocation Failure) [PSYoungGen: 509440K->7904K(513536K)] 822602K->326870K(1037824K), 0.0536607 secs] [Times: user=0.04 sys=0.03, real=0.06 secs] 
2021-05-31T22:08:57.178+0800: 1514288.858: [GC (Allocation Failure) [PSYoungGen: 510176K->8128K(513024K)] 829142K->333681K(1037312K), 0.0228457 secs] [Times: user=0.03 sys=0.03, real=0.02 secs] 
2021-05-31T22:13:18.414+0800: 1514550.094: [GC (Allocation Failure) [PSYoungGen: 510400K->9024K(513536K)] 835953K->341044K(1037824K), 0.0195897 secs] [Times: user=0.04 sys=0.03, real=0.02 secs] 
2021-05-31T22:17:41.193+0800: 1514812.872: [GC (Allocation Failure) [PSYoungGen: 511808K->6592K(513536K)] 843828K->345845K(1037824K), 0.0201016 secs] [Times: user=0.03 sys=0.03, real=0.02 secs] 
2021-05-31T22:22:03.284+0800: 1515074.964: [GC (Allocation Failure) [PSYoungGen: 509376K->7264K(513536K)] 848629K->351528K(1037824K), 0.0767081 secs] [Times: user=0.03 sys=0.03, real=0.07 secs] 
2021-05-31T22:26:28.360+0800: 1515340.040: [GC (Allocation Failure) [PSYoungGen: 510048K->6112K(513536K)] 854312K->356706K(1037824K), 0.0383627 secs] [Times: user=0.03 sys=0.03, real=0.04 secs] 
2021-05-31T22:30:48.860+0800: 1515600.540: [GC (Allocation Failure) [PSYoungGen: 508896K->7744K(513536K)] 859490K->363069K(1037824K), 0.0284362 secs] [Times: user=0.03 sys=0.03, real=0.03 secs] 
2021-05-31T22:35:13.515+0800: 1515865.195: [GC (Allocation Failure) [PSYoungGen: 510528K->8128K(513536K)] 865853K->368848K(1037824K), 0.0237558 secs] [Times: user=0.04 sys=0.03, real=0.02 secs] 
2021-05-31T22:39:37.441+0800: 1516129.121: [GC (Allocation Failure) [PSYoungGen: 510912K->7392K(514048K)] 871632K->375194K(1038336K), 0.0199310 secs] [Times: user=0.04 sys=0.03, real=0.02 secs] 
2021-05-31T22:44:00.805+0800: 1516392.485: [GC (Allocation Failure) [PSYoungGen: 511200K->9952K(514048K)] 879002K->383574K(1038336K), 0.0229347 secs] [Times: user=0.03 sys=0.03, real=0.02 secs] 
2021-05-31T22:48:24.016+0800: 1516655.696: [GC (Allocation Failure) [PSYoungGen: 513760K->9376K(512000K)] 887382K->390751K(1036288K), 0.0246042 secs] [Times: user=0.03 sys=0.03, real=0.02 secs] 
2021-05-31T22:52:46.651+0800: 1516918.331: [GC (Allocation Failure) [PSYoungGen: 511136K->7584K(513024K)] 892511K->395617K(1037312K), 0.0223890 secs] [Times: user=0.04 sys=0.04, real=0.03 secs] 
2021-05-31T22:57:08.616+0800: 1517180.295: [GC (Allocation Failure) [PSYoungGen: 509344K->8032K(513536K)] 897377K->401885K(1037824K), 0.0309878 secs] [Times: user=0.03 sys=0.03, real=0.03 secs] 
2021-05-31T23:01:27.144+0800: 1517438.823: [GC (Allocation Failure) [PSYoungGen: 510816K->8608K(513536K)] 904669K->408993K(1037824K), 0.0224615 secs] [Times: user=0.03 sys=0.03, real=0.02 secs] 
2021-05-31T23:05:49.099+0800: 1517700.779: [GC (Allocation Failure) [PSYoungGen: 511392K->7776K(514048K)] 911777K->414636K(1038336K), 0.0185770 secs] [Times: user=0.03 sys=0.03, real=0.02 secs] 
2021-05-31T23:10:11.874+0800: 1517963.554: [GC (Allocation Failure) [PSYoungGen: 511072K->7136K(513536K)] 917932K->420365K(1037824K), 0.0225239 secs] [Times: user=0.03 sys=0.03, real=0.02 secs] 
2021-05-31T23:14:36.993+0800: 1518228.673: [GC (Allocation Failure) [PSYoungGen: 510432K->5600K(513024K)] 923661K->424336K(1037312K), 0.0189332 secs] [Times: user=0.03 sys=0.03, real=0.02 secs] 
2021-05-31T23:18:57.384+0800: 1518489.064: [GC (Allocation Failure) [PSYoungGen: 508384K->10656K(513536K)] 927120K->433446K(1037824K), 0.0222395 secs] [Times: user=0.04 sys=0.04, real=0.02 secs] 
2021-05-31T23:23:07.582+0800: 1518739.262: [GC (Allocation Failure) [PSYoungGen: 513440K->10592K(510464K)] 936230K->442239K(1034752K), 0.0257377 secs] [Times: user=0.03 sys=0.04, real=0.03 secs] 
2021-05-31T23:27:12.876+0800: 1518984.556: [GC (Allocation Failure) [PSYoungGen: 510304K->8672K(512000K)] 941951K->448760K(1036288K), 0.0226670 secs] [Times: user=0.04 sys=0.03, real=0.02 secs] 
2021-05-31T23:31:18.613+0800: 1519230.293: [GC (Allocation Failure) [PSYoungGen: 508384K->8288K(512512K)] 948472K->454820K(1036800K), 0.0248831 secs] [Times: user=0.03 sys=0.03, real=0.02 secs] 
2021-05-31T23:35:25.174+0800: 1519476.854: [GC (Allocation Failure) [PSYoungGen: 509024K->5984K(512512K)] 955556K->459510K(1036800K), 0.0227184 secs] [Times: user=0.04 sys=0.03, real=0.02 secs] 
2021-05-31T23:39:34.331+0800: 1519726.011: [GC (Allocation Failure) [PSYoungGen: 506720K->6240K(512512K)] 960246K->464418K(1036800K), 0.0540868 secs] [Times: user=0.03 sys=0.03, real=0.06 secs] 
2021-05-31T23:43:45.070+0800: 1519976.749: [GC (Allocation Failure) [PSYoungGen: 506975K->6112K(512512K)] 965154K->468894K(1036800K), 0.0243155 secs] [Times: user=0.04 sys=0.04, real=0.03 secs] 
2021-05-31T23:47:54.528+0800: 1520226.208: [GC (Allocation Failure) [PSYoungGen: 506848K->7840K(513024K)] 969630K->475227K(1037312K), 0.0217161 secs] [Times: user=0.03 sys=0.03, real=0.02 secs] 
2021-05-31T23:52:03.585+0800: 1520475.265: [GC (Allocation Failure) [PSYoungGen: 509088K->4288K(512512K)] 976475K->478587K(1036800K), 0.0212720 secs] [Times: user=0.03 sys=0.04, real=0.02 secs] 
2021-05-31T23:56:08.436+0800: 1520720.115: [GC (Allocation Failure) [PSYoungGen: 505536K->8064K(513024K)] 979835K->485577K(1037312K), 0.0197775 secs] [Times: user=0.03 sys=0.03, real=0.02 secs] 
2021-06-01T00:00:11.271+0800: 1520962.951: [GC (Allocation Failure) [PSYoungGen: 509312K->6528K(512512K)] 986825K->490956K(1036800K), 0.0198829 secs] [Times: user=0.03 sys=0.04, real=0.02 secs] 
2021-06-01T00:04:10.705+0800: 1521202.385: [GC (Allocation Failure) [PSYoungGen: 507776K->5408K(513024K)] 992204K->495151K(1037312K), 0.0237578 secs] [Times: user=0.03 sys=0.03, real=0.02 secs] 
2021-06-01T00:08:17.491+0800: 1521449.171: [GC (Allocation Failure) [PSYoungGen: 507168K->5472K(513024K)] 996911K->499405K(1037312K), 0.0196792 secs] [Times: user=0.03 sys=0.03, real=0.02 secs] 
2021-06-01T00:12:26.304+0800: 1521697.983: [GC (Allocation Failure) [PSYoungGen: 507232K->6752K(513536K)] 1001165K->504881K(1037824K), 0.0231558 secs] [Times: user=0.03 sys=0.03, real=0.02 secs] 
2021-06-01T00:16:32.353+0800: 1521944.033: [GC (Allocation Failure) [PSYoungGen: 509024K->4864K(513024K)] 1007153K->508707K(1037312K), 0.0215718 secs] [Times: user=0.06 sys=0.00, real=0.02 secs] 
2021-06-01T00:20:45.565+0800: 1522197.245: [GC (Allocation Failure) [PSYoungGen: 507136K->5632K(513536K)] 1010979K->513152K(1037824K), 0.0214548 secs] [Times: user=0.03 sys=0.03, real=0.02 secs] 
2021-06-01T00:24:49.745+0800: 1522441.425: [GC (Allocation Failure) [PSYoungGen: 508416K->9856K(513024K)] 1015936K->521493K(1037312K), 0.0276982 secs] [Times: user=0.03 sys=0.03, real=0.03 secs] 
2021-06-01T00:28:58.004+0800: 1522689.683: [GC (Allocation Failure) [PSYoungGen: 512640K->7296K(513024K)] 1024277K->527150K(1037312K), 0.0238937 secs] [Times: user=0.04 sys=0.04, real=0.02 secs] 
2021-06-01T00:28:58.028+0800: 1522689.708: [Full GC (Ergonomics) [PSYoungGen: 7296K->0K(513024K)] [ParOldGen: 519854K->293968K(524288K)] 527150K->293968K(1037312K), [Metaspace: 96319K->96319K(1138688K)], 0.4969136 secs] [Times: user=1.09 sys=0.00, real=0.50 secs] 
2021-06-01T00:33:03.574+0800: 1522935.253: [GC (Allocation Failure) [PSYoungGen: 501760K->10400K(512512K)] 795728K->304368K(1036800K), 0.0293687 secs] [Times: user=0.03 sys=0.03, real=0.03 secs] 
2021-06-01T00:37:05.371+0800: 1523177.051: [GC (Allocation Failure) [PSYoungGen: 512160K->11744K(503296K)] 806128K->314148K(1027584K), 0.0236730 secs] [Times: user=0.04 sys=0.04, real=0.03 secs] 
2021-06-01T00:41:09.091+0800: 1523420.771: [GC (Allocation Failure) [PSYoungGen: 503264K->7136K(507904K)] 805668K->318884K(1032192K), 0.0214112 secs] [Times: user=0.04 sys=0.03, real=0.03 secs] 
2021-06-01T00:45:10.322+0800: 1523662.002: [GC (Allocation Failure) [PSYoungGen: 498656K->8640K(508928K)] 810404K->325935K(1033216K), 0.0218283 secs] [Times: user=0.03 sys=0.03, real=0.03 secs] 
2021-06-01T00:49:15.549+0800: 1523907.228: [GC (Allocation Failure) [PSYoungGen: 501696K->4640K(508416K)] 818991K->328497K(1032704K), 0.0187782 secs] [Times: user=0.03 sys=0.03, real=0.02 secs] 
2021-06-01T00:53:18.549+0800: 1524150.229: [GC (Allocation Failure) [PSYoungGen: 497696K->8832K(509440K)] 821553K->336143K(1033728K), 0.0224725 secs] [Times: user=0.03 sys=0.03, real=0.02 secs] 
2021-06-01T00:57:15.457+0800: 1524387.137: [GC (Allocation Failure) [PSYoungGen: 502912K->7786K(508928K)] 830223K->342523K(1033216K), 0.0221315 secs] [Times: user=0.03 sys=0.03, real=0.02 secs] 
2021-06-01T01:01:21.811+0800: 1524633.491: [GC (Allocation Failure) [PSYoungGen: 501866K->4672K(509952K)] 836603K->345979K(1034240K), 0.0198795 secs] [Times: user=0.04 sys=0.03, real=0.02 secs] 
2021-06-01T01:05:26.039+0800: 1524877.719: [GC (Allocation Failure) [PSYoungGen: 500288K->6592K(509952K)] 841595K->351528K(1034240K), 0.0213806 secs] [Times: user=0.04 sys=0.03, real=0.02 secs] 
2021-06-01T01:09:29.227+0800: 1525120.907: [GC (Allocation Failure) [PSYoungGen: 502208K->10272K(509440K)] 847144K->360428K(1033728K), 0.0239898 secs] [Times: user=0.07 sys=0.00, real=0.02 secs] 
2021-06-01T01:13:33.326+0800: 1525365.005: [GC (Allocation Failure) [PSYoungGen: 505888K->10848K(506880K)] 856044K->369327K(1031168K), 0.0204958 secs] [Times: user=0.03 sys=0.03, real=0.02 secs] 
2021-06-01T01:17:38.541+0800: 1525610.220: [GC (Allocation Failure) [PSYoungGen: 506464K->7520K(509952K)] 864943K->375103K(1034240K), 0.0308830 secs] [Times: user=0.03 sys=0.05, real=0.03 secs] 
2021-06-01T01:21:43.823+0800: 1525855.502: [GC (Allocation Failure) [PSYoungGen: 502624K->7104K(509440K)] 870207K->380659K(1033728K), 0.0201714 secs] [Times: user=0.03 sys=0.03, real=0.02 secs] 
2021-06-01T01:25:49.110+0800: 1526100.790: [GC (Allocation Failure) [PSYoungGen: 502208K->5632K(510464K)] 875763K->385237K(1034752K), 0.0234892 secs] [Times: user=0.04 sys=0.03, real=0.03 secs] 
2021-06-01T01:29:50.621+0800: 1526342.300: [GC (Allocation Failure) [PSYoungGen: 502272K->5984K(510464K)] 881877K->390257K(1034752K), 0.0186016 secs] [Times: user=0.06 sys=0.00, real=0.02 secs] 
2021-06-01T01:33:55.547+0800: 1526587.226: [GC (Allocation Failure) [PSYoungGen: 502624K->8256K(510976K)] 886897K->397262K(1035264K), 0.0234555 secs] [Times: user=0.03 sys=0.04, real=0.02 secs] 
2021-06-01T01:37:59.945+0800: 1526831.625: [GC (Allocation Failure) [PSYoungGen: 505920K->6656K(510976K)] 894926K->402255K(1035264K), 0.0251152 secs] [Times: user=0.04 sys=0.04, real=0.02 secs] 
2021-06-01T01:42:04.382+0800: 1527076.062: [GC (Allocation Failure) [PSYoungGen: 504320K->9312K(511488K)] 899919K->410027K(1035776K), 0.0255710 secs] [Times: user=0.04 sys=0.03, real=0.02 secs] 
2021-06-01T01:46:08.763+0800: 1527320.442: [GC (Allocation Failure) [PSYoungGen: 508000K->8224K(511488K)] 908715K->416573K(1035776K), 0.0226202 secs] [Times: user=0.03 sys=0.04, real=0.02 secs] 
2021-06-01T01:50:13.190+0800: 1527564.869: [GC (Allocation Failure) [PSYoungGen: 506912K->7872K(512000K)] 915261K->422696K(1036288K), 0.0255897 secs] [Times: user=0.04 sys=0.04, real=0.03 secs] 
2021-06-01T01:54:19.377+0800: 1527811.057: [GC (Allocation Failure) [PSYoungGen: 507072K->8000K(511488K)] 921896K->429108K(1035776K), 0.0220071 secs] [Times: user=0.03 sys=0.04, real=0.02 secs] 
2021-06-01T01:58:23.513+0800: 1528055.192: [GC (Allocation Failure) [PSYoungGen: 507200K->7776K(513024K)] 928308K->435846K(1037312K), 0.0217058 secs] [Times: user=0.04 sys=0.03, real=0.02 secs] 
2021-06-01T02:02:26.057+0800: 1528297.737: [GC (Allocation Failure) [PSYoungGen: 509024K->8160K(512512K)] 937094K->442465K(1036800K), 0.0276928 secs] [Times: user=0.03 sys=0.03, real=0.03 secs] 
2021-06-01T02:06:33.063+0800: 1528544.743: [GC (Allocation Failure) [PSYoungGen: 509408K->7712K(513536K)] 943713K->448587K(1037824K), 0.0245985 secs] [Times: user=0.03 sys=0.04, real=0.02 secs] 
2021-06-01T02:10:45.647+0800: 1528797.326: [GC (Allocation Failure) [PSYoungGen: 509984K->5376K(513024K)] 950859K->452445K(1037312K), 0.0229481 secs] [Times: user=0.03 sys=0.04, real=0.02 secs] 
2021-06-01T02:14:52.570+0800: 1529044.249: [GC (Allocation Failure) [PSYoungGen: 507648K->8384K(513024K)] 954717K->459347K(1037312K), 0.0216428 secs] [Times: user=0.03 sys=0.03, real=0.02 secs] 
2021-06-01T02:18:58.863+0800: 1529290.543: [GC (Allocation Failure) [PSYoungGen: 510144K->11232K(513024K)] 961107K->469117K(1037312K), 0.0236067 secs] [Times: user=0.04 sys=0.03, real=0.02 secs] 
2021-06-01T02:23:04.184+0800: 1529535.864: [GC (Allocation Failure) [PSYoungGen: 512992K->10272K(505856K)] 970877K->476504K(1030144K), 0.0214450 secs] [Times: user=0.03 sys=0.03, real=0.02 secs] 
2021-06-01T02:27:08.552+0800: 1529780.232: [GC (Allocation Failure) [PSYoungGen: 504864K->5440K(509440K)] 971096K->480327K(1033728K), 0.0206763 secs] [Times: user=0.03 sys=0.03, real=0.03 secs] 
2021-06-01T02:31:10.110+0800: 1530021.789: [GC (Allocation Failure) [PSYoungGen: 500032K->8128K(509952K)] 974919K->487125K(1034240K), 0.0216007 secs] [Times: user=0.03 sys=0.03, real=0.02 secs] 
2021-06-01T02:35:13.603+0800: 1530265.283: [GC (Allocation Failure) [PSYoungGen: 503232K->10592K(509440K)] 982229K->495722K(1033728K), 0.0209247 secs] [Times: user=0.03 sys=0.03, real=0.02 secs] 
2021-06-01T02:39:18.305+0800: 1530509.985: [GC (Allocation Failure) [PSYoungGen: 505696K->7936K(510464K)] 990826K->501715K(1034752K), 0.0222480 secs] [Times: user=0.03 sys=0.04, real=0.02 secs] 
2021-06-01T02:43:19.149+0800: 1530750.828: [GC (Allocation Failure) [PSYoungGen: 504064K->9184K(509952K)] 997843K->509694K(1034240K), 0.0249111 secs] [Times: user=0.04 sys=0.04, real=0.03 secs] 
2021-06-01T02:47:20.686+0800: 1530992.366: [GC (Allocation Failure) [PSYoungGen: 505312K->9664K(510976K)] 1005822K->517977K(1035264K), 0.0229528 secs] [Times: user=0.03 sys=0.03, real=0.02 secs] 
2021-06-01T02:51:25.519+0800: 1531237.199: [GC (Allocation Failure) [PSYoungGen: 506816K->6944K(510464K)] 1015129K->523371K(1034752K), 0.0207738 secs] [Times: user=0.04 sys=0.03, real=0.02 secs] 
2021-06-01T02:51:25.540+0800: 1531237.220: [Full GC (Ergonomics) [PSYoungGen: 6944K->0K(510464K)] [ParOldGen: 516427K->298739K(524288K)] 523371K->298739K(1034752K), [Metaspace: 96319K->96316K(1138688K)], 0.5016375 secs] [Times: user=1.04 sys=0.00, real=0.51 secs] 
2021-06-01T02:55:29.613+0800: 1531481.292: [GC (Allocation Failure) [PSYoungGen: 497152K->11008K(509952K)] 795891K->309747K(1034240K), 0.0214547 secs] [Times: user=0.03 sys=0.03, real=0.02 secs] 
2021-06-01T02:59:32.007+0800: 1531723.687: [GC (Allocation Failure) [PSYoungGen: 507648K->9984K(510464K)] 806387K->318230K(1034752K), 0.0540541 secs] [Times: user=0.03 sys=0.04, real=0.06 secs] 
2021-06-01T03:03:36.882+0800: 1531968.561: [GC (Allocation Failure) [PSYoungGen: 506624K->10464K(510464K)] 814870K->326577K(1034752K), 0.0327268 secs] [Times: user=0.04 sys=0.04, real=0.04 secs] 
2021-06-01T03:07:40.913+0800: 1532212.592: [GC (Allocation Failure) [PSYoungGen: 507104K->8448K(510464K)] 823217K->333186K(1034752K), 0.0274531 secs] [Times: user=0.09 sys=0.00, real=0.02 secs] 
2021-06-01T03:11:45.213+0800: 1532456.892: [GC (Allocation Failure) [PSYoungGen: 505088K->10336K(509952K)] 829826K->341645K(1034240K), 0.0218201 secs] [Times: user=0.04 sys=0.03, real=0.02 secs] 
2021-06-01T03:15:52.147+0800: 1532703.827: [GC (Allocation Failure) [PSYoungGen: 506976K->6656K(510464K)] 838285K->346382K(1034752K), 0.0541802 secs] [Times: user=0.03 sys=0.03, real=0.05 secs] 
2021-06-01T03:19:57.708+0800: 1532949.387: [GC (Allocation Failure) [PSYoungGen: 503296K->6528K(510464K)] 843022K->351776K(1034752K), 0.0246445 secs] [Times: user=0.04 sys=0.05, real=0.03 secs] 
2021-06-01T03:23:59.653+0800: 1533191.332: [GC (Allocation Failure) [PSYoungGen: 503168K->6528K(510464K)] 848416K->357029K(1034752K), 0.0261375 secs] [Times: user=0.04 sys=0.04, real=0.02 secs] 
2021-06-01T03:28:04.018+0800: 1533435.698: [GC (Allocation Failure) [PSYoungGen: 503168K->7904K(510976K)] 853669K->363913K(1035264K), 0.0224351 secs] [Times: user=0.03 sys=0.03, real=0.02 secs] 
2021-06-01T03:32:09.072+0800: 1533680.751: [GC (Allocation Failure) [PSYoungGen: 505564K->7776K(510976K)] 861574K->370548K(1035264K), 0.0232836 secs] [Times: user=0.04 sys=0.04, real=0.03 secs] 
2021-06-01T03:36:15.579+0800: 1533927.259: [GC (Allocation Failure) [PSYoungGen: 505440K->6496K(511488K)] 868212K->375542K(1035776K), 0.0220098 secs] [Times: user=0.03 sys=0.04, real=0.02 secs] 
2021-06-01T03:40:21.292+0800: 1534172.972: [GC (Allocation Failure) [PSYoungGen: 505184K->7552K(511488K)] 874230K->381521K(1035776K), 0.0218488 secs] [Times: user=0.03 sys=0.03, real=0.03 secs] 
2021-06-01T03:44:28.411+0800: 1534420.090: [GC (Allocation Failure) [PSYoungGen: 506240K->8960K(512000K)] 880209K->389196K(1036288K), 0.0259947 secs] [Times: user=0.04 sys=0.04, real=0.03 secs] 
2021-06-01T03:48:32.471+0800: 1534664.151: [GC (Allocation Failure) [PSYoungGen: 508672K->9408K(512000K)] 888908K->396902K(1036288K), 0.0225427 secs] [Times: user=0.04 sys=0.03, real=0.03 secs] 
2021-06-01T03:52:41.088+0800: 1534912.768: [GC (Allocation Failure) [PSYoungGen: 509120K->4832K(510976K)] 896614K->400374K(1035264K), 0.0202907 secs] [Times: user=0.03 sys=0.03, real=0.02 secs] 
2021-06-01T03:56:46.661+0800: 1535158.341: [GC (Allocation Failure) [PSYoungGen: 503520K->7072K(511488K)] 899062K->406052K(1035776K), 0.0215300 secs] [Times: user=0.04 sys=0.04, real=0.03 secs] 
2021-06-01T04:00:53.448+0800: 1535405.128: [GC (Allocation Failure) [PSYoungGen: 505760K->6016K(512000K)] 904740K->410582K(1036288K), 0.0211186 secs] [Times: user=0.03 sys=0.03, real=0.02 secs] 
2021-06-01T04:05:01.482+0800: 1535653.161: [GC (Allocation Failure) [PSYoungGen: 505728K->5696K(512000K)] 910294K->414681K(1036288K), 0.0215186 secs] [Times: user=0.03 sys=0.03, real=0.03 secs] 
2021-06-01T04:09:06.623+0800: 1535898.302: [GC (Allocation Failure) [PSYoungGen: 505408K->7232K(512512K)] 914393K->420661K(1036800K), 0.0209705 secs] [Times: user=0.03 sys=0.03, real=0.02 secs] 
2021-06-01T04:13:13.072+0800: 1536144.752: [GC (Allocation Failure) [PSYoungGen: 507456K->2784K(512000K)] 920885K->422390K(1036288K), 0.0174751 secs] [Times: user=0.03 sys=0.03, real=0.01 secs] 
2021-06-01T04:17:21.572+0800: 1536393.252: [GC (Allocation Failure) [PSYoungGen: 503008K->7072K(512512K)] 922614K->428173K(1036800K), 0.0180157 secs] [Times: user=0.03 sys=0.02, real=0.02 secs] 
2021-06-01T04:21:26.381+0800: 1536638.060: [GC (Allocation Failure) [PSYoungGen: 507296K->7616K(512000K)] 928397K->434753K(1036288K), 0.0281702 secs] [Times: user=0.03 sys=0.04, real=0.03 secs] 
2021-06-01T04:25:34.292+0800: 1536885.972: [GC (Allocation Failure) [PSYoungGen: 507840K->4832K(513024K)] 934977K->438267K(1037312K), 0.0260483 secs] [Times: user=0.04 sys=0.04, real=0.02 secs] 
2021-06-01T04:29:43.469+0800: 1537135.149: [GC (Allocation Failure) [PSYoungGen: 506592K->5408K(513024K)] 940027K->442576K(1037312K), 0.0210556 secs] [Times: user=0.04 sys=0.03, real=0.02 secs] 
2021-06-01T04:33:49.892+0800: 1537381.571: [GC (Allocation Failure) [PSYoungGen: 507168K->4832K(513024K)] 944336K->446188K(1037312K), 0.0285707 secs] [Times: user=0.04 sys=0.05, real=0.03 secs] 
2021-06-01T04:37:57.344+0800: 1537629.023: [GC (Allocation Failure) [PSYoungGen: 506592K->9792K(512000K)] 947948K->454849K(1036288K), 0.0257587 secs] [Times: user=0.03 sys=0.04, real=0.02 secs] 
2021-06-01T04:42:05.751+0800: 1537877.431: [GC (Allocation Failure) [PSYoungGen: 511552K->4928K(512512K)] 956609K->457784K(1036800K), 0.0214725 secs] [Times: user=0.03 sys=0.03, real=0.03 secs] 
2021-06-01T04:46:12.799+0800: 1538124.479: [GC (Allocation Failure) [PSYoungGen: 505664K->9600K(510464K)] 958520K->466326K(1034752K), 0.0256630 secs] [Times: user=0.03 sys=0.04, real=0.03 secs] 
2021-06-01T04:50:20.903+0800: 1538372.582: [GC (Allocation Failure) [PSYoungGen: 510336K->6144K(512512K)] 967062K->471382K(1036800K), 0.0260742 secs] [Times: user=0.04 sys=0.04, real=0.02 secs] 
2021-06-01T04:54:26.227+0800: 1538617.906: [GC (Allocation Failure) [PSYoungGen: 506368K->5600K(512000K)] 971606K->475722K(1036288K), 0.0217175 secs] [Times: user=0.03 sys=0.04, real=0.02 secs] 
2021-06-01T04:58:31.498+0800: 1538863.178: [GC (Allocation Failure) [PSYoungGen: 505824K->9184K(511488K)] 975946K->483608K(1035776K), 0.0231658 secs] [Times: user=0.03 sys=0.03, real=0.02 secs] 
2021-06-01T05:02:36.779+0800: 1539108.458: [GC (Allocation Failure) [PSYoungGen: 508896K->11424K(511488K)] 983320K->492594K(1035776K), 0.0245849 secs] [Times: user=0.04 sys=0.03, real=0.03 secs] 
2021-06-01T05:06:43.582+0800: 1539355.261: [GC (Allocation Failure) [PSYoungGen: 511136K->6272K(511488K)] 992306K->497042K(1035776K), 0.0211477 secs] [Times: user=0.03 sys=0.04, real=0.03 secs] 
2021-06-01T05:10:53.411+0800: 1539605.091: [GC (Allocation Failure) [PSYoungGen: 504960K->5152K(511488K)] 995730K->500710K(1035776K), 0.0195566 secs] [Times: user=0.03 sys=0.03, real=0.02 secs] 
2021-06-01T05:15:00.625+0800: 1539852.304: [GC (Allocation Failure) [PSYoungGen: 503840K->7648K(512000K)] 999398K->506835K(1036288K), 0.0226766 secs] [Times: user=0.03 sys=0.03, real=0.02 secs] 
2021-06-01T05:19:09.021+0800: 1540100.701: [GC (Allocation Failure) [PSYoungGen: 506848K->5568K(511488K)] 1006035K->510989K(1035776K), 0.0169206 secs] [Times: user=0.03 sys=0.02, real=0.02 secs] 
2021-06-01T05:23:19.235+0800: 1540350.914: [GC (Allocation Failure) [PSYoungGen: 504768K->5984K(512512K)] 1010189K->515345K(1036800K), 0.0286275 secs] [Times: user=0.03 sys=0.04, real=0.03 secs] 
2021-06-01T05:27:30.057+0800: 1540601.737: [GC (Allocation Failure) [PSYoungGen: 506208K->6272K(512000K)] 1015569K->520484K(1036288K), 0.0209037 secs] [Times: user=0.03 sys=0.03, real=0.02 secs] 
2021-06-01T05:31:39.221+0800: 1540850.901: [GC (Allocation Failure) [PSYoungGen: 506496K->7712K(513024K)] 1020708K->527024K(1037312K), 0.0216732 secs] [Times: user=0.03 sys=0.02, real=0.03 secs] 
2021-06-01T05:31:39.243+0800: 1540850.923: [Full GC (Ergonomics) [PSYoungGen: 7712K->0K(513024K)] [ParOldGen: 519312K->294522K(524288K)] 527024K->294522K(1037312K), [Metaspace: 96320K->96320K(1138688K)], 0.4283386 secs] [Times: user=0.95 sys=0.00, real=0.42 secs] 
2021-06-01T05:35:47.521+0800: 1541099.201: [GC (Allocation Failure) [PSYoungGen: 501760K->7744K(513024K)] 796282K->302266K(1037312K), 0.0166862 secs] [Times: user=0.03 sys=0.03, real=0.02 secs] 
2021-06-01T05:39:55.571+0800: 1541347.251: [GC (Allocation Failure) [PSYoungGen: 509504K->4192K(513024K)] 804026K->305643K(1037312K), 0.0453566 secs] [Times: user=0.03 sys=0.04, real=0.05 secs] 
2021-06-01T05:44:02.668+0800: 1541594.347: [GC (Allocation Failure) [PSYoungGen: 505952K->10400K(512512K)] 807403K->314746K(1036800K), 0.0227305 secs] [Times: user=0.03 sys=0.03, real=0.02 secs] 
2021-06-01T05:48:13.859+0800: 1541845.539: [GC (Allocation Failure) [PSYoungGen: 512160K->3904K(511488K)] 816506K->317806K(1035776K), 0.0202205 secs] [Times: user=0.03 sys=0.03, real=0.02 secs] 
2021-06-01T05:52:21.290+0800: 1542092.969: [GC (Allocation Failure) [PSYoungGen: 503616K->7968K(512000K)] 817518K->324645K(1036288K), 0.0185442 secs] [Times: user=0.04 sys=0.03, real=0.02 secs] 
2021-06-01T05:56:27.702+0800: 1542339.381: [GC (Allocation Failure) [PSYoungGen: 507680K->7360K(512512K)] 824357K->330576K(1036800K), 0.0271526 secs] [Times: user=0.03 sys=0.03, real=0.03 secs] 
2021-06-01T06:00:33.779+0800: 1542585.459: [GC (Allocation Failure) [PSYoungGen: 507584K->7808K(512000K)] 830800K->337282K(1036288K), 0.0202978 secs] [Times: user=0.03 sys=0.03, real=0.02 secs] 
2021-06-01T06:04:40.822+0800: 1542832.502: [GC (Allocation Failure) [PSYoungGen: 508032K->4672K(512512K)] 837506K->340691K(1036800K), 0.0199021 secs] [Times: user=0.03 sys=0.03, real=0.03 secs] 
2021-06-01T06:08:49.767+0800: 1543081.447: [GC (Allocation Failure) [PSYoungGen: 505408K->8704K(512512K)] 841427K->348122K(1036800K), 0.0213580 secs] [Times: user=0.04 sys=0.03, real=0.02 secs] 
2021-06-01T06:12:55.234+0800: 1543326.913: [GC (Allocation Failure) [PSYoungGen: 509440K->9312K(511488K)] 848858K->354982K(1035776K), 0.0191536 secs] [Times: user=0.03 sys=0.03, real=0.02 secs] 
2021-06-01T06:17:00.726+0800: 1543572.405: [GC (Allocation Failure) [PSYoungGen: 509024K->3680K(512000K)] 854694K->357643K(1036288K), 0.0205860 secs] [Times: user=0.03 sys=0.03, real=0.02 secs] 
2021-06-01T06:21:09.618+0800: 1543821.298: [GC (Allocation Failure) [PSYoungGen: 503392K->6688K(512512K)] 857355K->363169K(1036800K), 0.0287620 secs] [Times: user=0.03 sys=0.04, real=0.03 secs] 
2021-06-01T06:25:19.869+0800: 1544071.549: [GC (Allocation Failure) [PSYoungGen: 506912K->5248K(512000K)] 863393K->366644K(1036288K), 0.0312728 secs] [Times: user=0.04 sys=0.04, real=0.03 secs] 
2021-06-01T06:29:27.119+0800: 1544318.799: [GC (Allocation Failure) [PSYoungGen: 505472K->7296K(513024K)] 866868K->372225K(1037312K), 0.0254483 secs] [Times: user=0.04 sys=0.04, real=0.03 secs] 
2021-06-01T06:33:32.199+0800: 1544563.878: [GC (Allocation Failure) [PSYoungGen: 508544K->10656K(512000K)] 873473K->380877K(1036288K), 0.0315151 secs] [Times: user=0.04 sys=0.04, real=0.03 secs] 
2021-06-01T06:37:38.635+0800: 1544810.315: [GC (Allocation Failure) [PSYoungGen: 511904K->9824K(510976K)] 882125K->387768K(1035264K), 0.0302505 secs] [Times: user=0.04 sys=0.04, real=0.03 secs] 
2021-06-01T06:41:42.570+0800: 1545054.250: [GC (Allocation Failure) [PSYoungGen: 508512K->12736K(511488K)] 886456K->398044K(1035776K), 0.0276274 secs] [Times: user=0.04 sys=0.04, real=0.03 secs] 
2021-06-01T06:45:47.741+0800: 1545299.421: [GC (Allocation Failure) [PSYoungGen: 511424K->8256K(509440K)] 896732K->403317K(1033728K), 0.0287244 secs] [Times: user=0.04 sys=0.04, real=0.03 secs] 
2021-06-01T06:49:51.764+0800: 1545543.443: [GC (Allocation Failure) [PSYoungGen: 504896K->7744K(510464K)] 899957K->409311K(1034752K), 0.0262892 secs] [Times: user=0.04 sys=0.04, real=0.02 secs] 
2021-06-01T06:53:56.750+0800: 1545788.430: [GC (Allocation Failure) [PSYoungGen: 504384K->8128K(511488K)] 905951K->415818K(1035776K), 0.0252594 secs] [Times: user=0.04 sys=0.04, real=0.03 secs] 
2021-06-01T06:57:57.309+0800: 1546028.989: [GC (Allocation Failure) [PSYoungGen: 506304K->10794K(510976K)] 913994K->425191K(1035264K), 0.0280926 secs] [Times: user=0.04 sys=0.04, real=0.03 secs] 
2021-06-01T07:02:04.480+0800: 1546276.159: [GC (Allocation Failure) [PSYoungGen: 508970K->5408K(510976K)] 923367K->428951K(1035264K), 0.0235425 secs] [Times: user=0.03 sys=0.04, real=0.03 secs] 
2021-06-01T07:06:10.602+0800: 1546522.282: [GC (Allocation Failure) [PSYoungGen: 503072K->9632K(507392K)] 926615K->437523K(1031680K), 0.0280453 secs] [Times: user=0.04 sys=0.04, real=0.03 secs] 
2021-06-01T07:10:15.098+0800: 1546766.777: [GC (Allocation Failure) [PSYoungGen: 507296K->7040K(510976K)] 935187K->442358K(1035264K), 0.0259378 secs] [Times: user=0.04 sys=0.04, real=0.03 secs] 
2021-06-01T07:14:18.502+0800: 1547010.182: [GC (Allocation Failure) [PSYoungGen: 504192K->9888K(510464K)] 939510K->450882K(1034752K), 0.0265407 secs] [Times: user=0.04 sys=0.04, real=0.03 secs] 
2021-06-01T07:18:22.190+0800: 1547253.869: [GC (Allocation Failure) [PSYoungGen: 507040K->5792K(510976K)] 948034K->454801K(1035264K), 0.0243558 secs] [Times: user=0.08 sys=0.00, real=0.03 secs] 
2021-06-01T07:22:30.686+0800: 1547502.366: [GC (Allocation Failure) [PSYoungGen: 503456K->5824K(510976K)] 952465K->459414K(1035264K), 0.0502951 secs] [Times: user=0.04 sys=0.04, real=0.05 secs] 
2021-06-01T07:26:39.293+0800: 1547750.972: [GC (Allocation Failure) [PSYoungGen: 503462K->7328K(511488K)] 957053K->465722K(1035776K), 0.0227237 secs] [Times: user=0.03 sys=0.04, real=0.02 secs] 
2021-06-01T07:30:46.681+0800: 1547998.361: [GC (Allocation Failure) [PSYoungGen: 505504K->8096K(510976K)] 963898K->472334K(1035264K), 0.0249911 secs] [Times: user=0.04 sys=0.04, real=0.03 secs] 
2021-06-01T07:34:52.399+0800: 1548244.079: [GC (Allocation Failure) [PSYoungGen: 506272K->8832K(512000K)] 970510K->480032K(1036288K), 0.0226612 secs] [Times: user=0.04 sys=0.04, real=0.03 secs] 
2021-06-01T07:38:58.842+0800: 1548490.522: [GC (Allocation Failure) [PSYoungGen: 508544K->10272K(510464K)] 979744K->488491K(1034752K), 0.0533234 secs] [Times: user=0.04 sys=0.04, real=0.05 secs] 
2021-06-01T07:43:05.839+0800: 1548737.519: [GC (Allocation Failure) [PSYoungGen: 509984K->6208K(511488K)] 988203K->492490K(1035776K), 0.0367896 secs] [Times: user=0.04 sys=0.04, real=0.04 secs] 
2021-06-01T07:47:10.881+0800: 1548982.561: [GC (Allocation Failure) [PSYoungGen: 504896K->8576K(511488K)] 991178K->499957K(1035776K), 0.0590467 secs] [Times: user=0.05 sys=0.04, real=0.06 secs] 
2021-06-01T07:51:15.623+0800: 1549227.303: [GC (Allocation Failure) [PSYoungGen: 507264K->8544K(512000K)] 998645K->506432K(1036288K), 0.0285655 secs] [Times: user=0.04 sys=0.04, real=0.03 secs] 
2021-06-01T07:55:20.984+0800: 1549472.664: [GC (Allocation Failure) [PSYoungGen: 508256K->6304K(512000K)] 1006144K->511066K(1036288K), 0.0303121 secs] [Times: user=0.03 sys=0.03, real=0.03 secs] 
2021-06-01T07:59:26.321+0800: 1549718.001: [GC (Allocation Failure) [PSYoungGen: 506016K->10336K(510976K)] 1010778K->519632K(1035264K), 0.0281578 secs] [Times: user=0.08 sys=0.00, real=0.03 secs] 
2021-06-01T08:03:30.431+0800: 1549962.110: [GC (Allocation Failure) [PSYoungGen: 509024K->10848K(509952K)] 1018320K->528266K(1034240K), 0.0262231 secs] [Times: user=0.04 sys=0.04, real=0.03 secs] 
2021-06-01T08:03:30.457+0800: 1549962.137: [Full GC (Ergonomics) [PSYoungGen: 10848K->0K(509952K)] [ParOldGen: 517418K->300461K(524288K)] 528266K->300461K(1034240K), [Metaspace: 96320K->96320K(1138688K)], 0.4931671 secs] [Times: user=1.07 sys=0.00, real=0.49 secs] 
2021-06-01T08:07:37.353+0800: 1550209.033: [GC (Allocation Failure) [PSYoungGen: 498688K->5024K(510976K)] 799149K->305485K(1035264K), 0.0208484 secs] [Times: user=0.03 sys=0.03, real=0.02 secs] 
2021-06-01T08:11:42.560+0800: 1550454.239: [GC (Allocation Failure) [PSYoungGen: 502688K->4032K(510976K)] 803149K->308130K(1035264K), 0.0224492 secs] [Times: user=0.03 sys=0.04, real=0.03 secs] 
2021-06-01T08:15:48.834+0800: 1550700.513: [GC (Allocation Failure) [PSYoungGen: 501696K->8032K(510976K)] 805794K->314673K(1035264K), 0.0244904 secs] [Times: user=0.04 sys=0.03, real=0.02 secs] 
2021-06-01T08:19:54.356+0800: 1550946.036: [GC (Allocation Failure) [PSYoungGen: 505696K->7296K(510976K)] 812337K->319923K(1035264K), 0.0337943 secs] [Times: user=0.04 sys=0.04, real=0.03 secs] 
2021-06-01T08:24:01.452+0800: 1551193.132: [GC (Allocation Failure) [PSYoungGen: 504960K->5952K(512000K)] 817587K->324613K(1036288K), 0.0284903 secs] [Times: user=0.04 sys=0.03, real=0.02 secs] 
2021-06-01T08:28:06.397+0800: 1551438.076: [GC (Allocation Failure) [PSYoungGen: 505152K->8352K(511488K)] 823813K->331811K(1035776K), 0.0246215 secs] [Times: user=0.04 sys=0.04, real=0.02 secs] 
2021-06-01T08:32:15.041+0800: 1551686.721: [GC (Allocation Failure) [PSYoungGen: 507552K->5856K(512000K)] 831011K->336341K(1036288K), 0.0777776 secs] [Times: user=0.05 sys=0.05, real=0.08 secs] 
2021-06-01T08:36:21.978+0800: 1551933.657: [GC (Allocation Failure) [PSYoungGen: 505568K->4864K(512000K)] 836053K->340256K(1036288K), 0.0308654 secs] [Times: user=0.05 sys=0.04, real=0.03 secs] 
2021-06-01T08:40:31.487+0800: 1552183.167: [GC (Allocation Failure) [PSYoungGen: 504576K->6336K(512512K)] 839968K->345245K(1036800K), 0.0254024 secs] [Times: user=0.04 sys=0.03, real=0.03 secs] 
2021-06-01T08:44:36.944+0800: 1552428.624: [GC (Allocation Failure) [PSYoungGen: 506560K->5760K(512000K)] 845469K->349482K(1036288K), 0.0298851 secs] [Times: user=0.08 sys=0.00, real=0.03 secs] 
2021-06-01T08:48:41.891+0800: 1552673.571: [GC (Allocation Failure) [PSYoungGen: 505984K->9728K(511488K)] 849706K->357815K(1035776K), 0.0745945 secs] [Times: user=0.08 sys=0.00, real=0.08 secs] 
2021-06-01T08:52:45.826+0800: 1552917.506: [GC (Allocation Failure) [PSYoungGen: 509440K->8800K(512000K)] 857527K->364751K(1036288K), 0.0229871 secs] [Times: user=0.04 sys=0.04, real=0.02 secs] 
2021-06-01T08:56:51.100+0800: 1553162.779: [GC (Allocation Failure) [PSYoungGen: 508512K->7104K(512512K)] 864463K->370411K(1036800K), 0.0253812 secs] [Times: user=0.04 sys=0.03, real=0.03 secs] 
2021-06-01T09:01:01.530+0800: 1553413.209: [GC (Allocation Failure) [PSYoungGen: 507328K->5440K(512000K)] 870635K->374789K(1036288K), 0.0302397 secs] [Times: user=0.04 sys=0.05, real=0.03 secs] 
2021-06-01T09:05:15.655+0800: 1553667.334: [GC (Allocation Failure) [PSYoungGen: 505664K->4288K(512512K)] 875013K->378033K(1036800K), 0.0230587 secs] [Times: user=0.07 sys=0.00, real=0.02 secs] 
2021-06-01T09:09:26.065+0800: 1553917.745: [GC (Allocation Failure) [PSYoungGen: 505024K->6336K(512512K)] 878769K->383031K(1036800K), 0.0288867 secs] [Times: user=0.05 sys=0.04, real=0.03 secs] 
2021-06-01T09:13:32.981+0800: 1554164.660: [GC (Allocation Failure) [PSYoungGen: 507072K->6112K(513024K)] 883767K->387915K(1037312K), 0.0272751 secs] [Times: user=0.04 sys=0.03, real=0.03 secs] 
2021-06-01T09:17:29.457+0800: 1554401.137: [GC (Allocation Failure) [PSYoungGen: 507872K->8832K(513024K)] 889675K->395750K(1037312K), 0.0249924 secs] [Times: user=0.03 sys=0.04, real=0.03 secs] 
2021-06-01T09:21:27.281+0800: 1554638.961: [GC (Allocation Failure) [PSYoungGen: 510592K->9792K(510976K)] 897510K->403386K(1035264K), 0.0474274 secs] [Times: user=0.03 sys=0.03, real=0.05 secs] 
2021-06-01T09:25:25.747+0800: 1554877.427: [GC (Allocation Failure) [PSYoungGen: 509504K->12256K(512000K)] 903098K->413845K(1036288K), 0.0269776 secs] [Times: user=0.08 sys=0.00, real=0.03 secs] 
2021-06-01T09:29:21.735+0800: 1555113.415: [GC (Allocation Failure) [PSYoungGen: 511968K->8992K(504832K)] 913557K->420390K(1029120K), 0.0260109 secs] [Times: user=0.03 sys=0.05, real=0.02 secs] 
2021-06-01T09:33:16.359+0800: 1555348.039: [GC (Allocation Failure) [PSYoungGen: 501536K->7648K(508416K)] 912934K->425977K(1032704K), 0.0276893 secs] [Times: user=0.04 sys=0.04, real=0.03 secs] 
2021-06-01T09:37:09.446+0800: 1555581.126: [GC (Allocation Failure) [PSYoungGen: 500192K->3840K(508928K)] 918521K->428625K(1033216K), 0.0219681 secs] [Times: user=0.03 sys=0.03, real=0.02 secs] 
2021-06-01T09:40:56.735+0800: 1555808.415: [GC (Allocation Failure) [PSYoungGen: 497408K->4960K(508928K)] 922193K->432415K(1033216K), 0.0267254 secs] [Times: user=0.04 sys=0.04, real=0.02 secs] 
2021-06-01T09:44:32.249+0800: 1556023.928: [GC (Allocation Failure) [PSYoungGen: 498528K->3872K(508928K)] 925983K->435204K(1033216K), 0.0282640 secs] [Times: user=0.04 sys=0.03, real=0.03 secs] 
2021-06-01T09:48:12.842+0800: 1556244.521: [GC (Allocation Failure) [PSYoungGen: 497440K->4384K(508928K)] 928772K->438409K(1033216K), 0.0282894 secs] [Times: user=0.03 sys=0.03, real=0.03 secs] 
2021-06-01T09:51:55.285+0800: 1556466.964: [GC (Allocation Failure) [PSYoungGen: 497952K->3616K(509440K)] 931977K->440862K(1033728K), 0.0268260 secs] [Times: user=0.04 sys=0.04, real=0.02 secs] 
2021-06-01T09:55:34.419+0800: 1556686.098: [GC (Allocation Failure) [PSYoungGen: 498208K->2848K(509440K)] 935454K->442540K(1033728K), 0.0202635 secs] [Times: user=0.03 sys=0.03, real=0.02 secs] 
2021-06-01T09:59:15.755+0800: 1556907.435: [GC (Allocation Failure) [PSYoungGen: 497440K->3968K(509952K)] 937132K->445315K(1034240K), 0.0252099 secs] [Times: user=0.03 sys=0.03, real=0.02 secs] 
2021-06-01T10:02:56.946+0800: 1557128.626: [GC (Allocation Failure) [PSYoungGen: 499072K->3936K(509440K)] 940419K->448153K(1033728K), 0.0211612 secs] [Times: user=0.03 sys=0.03, real=0.02 secs] 
2021-06-01T10:06:38.877+0800: 1557350.556: [GC (Allocation Failure) [PSYoungGen: 499040K->6176K(510976K)] 943257K->453095K(1035264K), 0.0256008 secs] [Times: user=0.03 sys=0.04, real=0.03 secs] 
2021-06-01T10:10:19.423+0800: 1557571.102: [GC (Allocation Failure) [PSYoungGen: 503328K->5920K(510464K)] 950247K->458051K(1034752K), 0.0195643 secs] [Times: user=0.04 sys=0.03, real=0.02 secs] 
2021-06-01T10:14:02.877+0800: 1557794.557: [GC (Allocation Failure) [PSYoungGen: 503072K->3200K(512000K)] 955203K->460086K(1036288K), 0.0559266 secs] [Times: user=0.06 sys=0.00, real=0.06 secs] 
2021-06-01T10:17:45.596+0800: 1558017.275: [GC (Allocation Failure) [PSYoungGen: 502912K->4000K(512000K)] 959798K->462812K(1036288K), 0.0198288 secs] [Times: user=0.02 sys=0.03, real=0.02 secs] 
2021-06-01T10:21:29.096+0800: 1558240.776: [GC (Allocation Failure) [PSYoungGen: 503712K->5344K(513024K)] 962524K->467003K(1037312K), 0.0196220 secs] [Times: user=0.03 sys=0.03, real=0.02 secs] 
2021-06-01T10:25:15.370+0800: 1558467.050: [GC (Allocation Failure) [PSYoungGen: 506592K->4320K(512512K)] 968251K->470023K(1036800K), 0.0190123 secs] [Times: user=0.03 sys=0.03, real=0.02 secs] 
2021-06-01T10:29:00.680+0800: 1558692.360: [GC (Allocation Failure) [PSYoungGen: 505568K->2656K(513536K)] 971271K->471556K(1037824K), 0.0203030 secs] [Times: user=0.03 sys=0.03, real=0.02 secs] 
2021-06-01T10:32:44.567+0800: 1558916.246: [GC (Allocation Failure) [PSYoungGen: 505440K->5248K(513536K)] 974340K->475540K(1037824K), 0.0223562 secs] [Times: user=0.03 sys=0.03, real=0.02 secs] 
2021-06-01T10:36:30.537+0800: 1559142.217: [GC (Allocation Failure) [PSYoungGen: 508032K->2848K(514048K)] 978324K->477344K(1038336K), 0.0240345 secs] [Times: user=0.04 sys=0.03, real=0.02 secs] 
2021-06-01T10:40:15.835+0800: 1559367.514: [GC (Allocation Failure) [PSYoungGen: 506656K->4032K(514048K)] 981152K->480176K(1038336K), 0.0238320 secs] [Times: user=0.04 sys=0.03, real=0.02 secs] 
2021-06-01T10:44:02.644+0800: 1559594.324: [GC (Allocation Failure) [PSYoungGen: 507840K->4608K(515072K)] 983984K->483398K(1039360K), 0.0197388 secs] [Times: user=0.03 sys=0.03, real=0.02 secs] 
2021-06-01T10:47:49.542+0800: 1559821.222: [GC (Allocation Failure) [PSYoungGen: 509952K->4224K(514560K)] 988742K->486635K(1038848K), 0.0239013 secs] [Times: user=0.03 sys=0.03, real=0.02 secs] 
2021-06-01T10:51:33.107+0800: 1560044.786: [GC (Allocation Failure) [PSYoungGen: 509568K->9184K(509952K)] 991979K->495737K(1034240K), 0.0247472 secs] [Times: user=0.03 sys=0.04, real=0.02 secs] 
2021-06-01T10:55:07.578+0800: 1560259.258: [GC (Allocation Failure) [PSYoungGen: 509920K->11744K(512512K)] 996473K->510046K(1036800K), 0.0274767 secs] [Times: user=0.04 sys=0.03, real=0.03 secs] 
2021-06-01T10:58:42.994+0800: 1560474.674: [GC (Allocation Failure) [PSYoungGen: 512480K->11712K(499200K)] 1010782K->519782K(1023488K), 0.0246554 secs] [Times: user=0.04 sys=0.04, real=0.02 secs] 
2021-06-01T11:02:15.789+0800: 1560687.469: [GC (Allocation Failure) [PSYoungGen: 499136K->9952K(505856K)] 1007206K->526248K(1030144K), 0.0269340 secs] [Times: user=0.03 sys=0.04, real=0.03 secs] 
2021-06-01T11:02:15.816+0800: 1560687.496: [Full GC (Ergonomics) [PSYoungGen: 9952K->0K(505856K)] [ParOldGen: 516296K->283363K(524288K)] 526248K->283363K(1030144K), [Metaspace: 96332K->96332K(1138688K)], 0.4823648 secs] [Times: user=1.03 sys=0.00, real=0.48 secs] 
2021-06-01T11:05:43.562+0800: 1560895.241: [GC (Allocation Failure) [PSYoungGen: 487424K->13152K(504832K)] 770787K->296515K(1029120K), 0.0681702 secs] [Times: user=0.03 sys=0.03, real=0.07 secs] 
2021-06-01T11:09:13.558+0800: 1561105.237: [GC (Allocation Failure) [PSYoungGen: 499552K->12128K(498688K)] 782915K->305357K(1022976K), 0.0425606 secs] [Times: user=0.04 sys=0.03, real=0.04 secs] 
2021-06-01T11:12:43.709+0800: 1561315.388: [GC (Allocation Failure) [PSYoungGen: 498528K->9696K(505344K)] 791757K->311086K(1029632K), 0.0531607 secs] [Times: user=0.03 sys=0.03, real=0.05 secs] 
2021-06-01T11:16:14.291+0800: 1561525.971: [GC (Allocation Failure) [PSYoungGen: 495584K->9920K(504832K)] 796974K->318929K(1029120K), 0.0228882 secs] [Times: user=0.03 sys=0.03, real=0.03 secs] 
2021-06-01T11:19:43.980+0800: 1561735.659: [GC (Allocation Failure) [PSYoungGen: 495808K->10976K(506368K)] 804817K->327644K(1030656K), 0.0384701 secs] [Times: user=0.03 sys=0.03, real=0.04 secs] 
2021-06-01T11:23:15.253+0800: 1561946.932: [GC (Allocation Failure) [PSYoungGen: 499424K->9792K(506368K)] 816092K->335245K(1030656K), 0.0235158 secs] [Times: user=0.04 sys=0.03, real=0.02 secs] 
2021-06-01T11:26:45.733+0800: 1562157.412: [GC (Allocation Failure) [PSYoungGen: 498240K->12000K(506880K)] 823693K->344897K(1031168K), 0.0274527 secs] [Times: user=0.03 sys=0.04, real=0.02 secs] 
2021-06-01T11:30:12.808+0800: 1562364.487: [GC (Allocation Failure) [PSYoungGen: 501472K->12640K(502272K)] 834369K->354972K(1026560K), 0.0241692 secs] [Times: user=0.04 sys=0.03, real=0.03 secs] 
2021-06-01T11:33:39.191+0800: 1562570.871: [GC (Allocation Failure) [PSYoungGen: 502112K->12032K(506368K)] 844444K->363408K(1030656K), 0.0240270 secs] [Times: user=0.04 sys=0.04, real=0.03 secs] 
2021-06-01T11:37:11.074+0800: 1562782.754: [GC (Allocation Failure) [PSYoungGen: 500480K->10848K(506368K)] 851856K->371395K(1030656K), 0.0267007 secs] [Times: user=0.04 sys=0.04, real=0.02 secs] 
2021-06-01T11:40:42.541+0800: 1562994.221: [GC (Allocation Failure) [PSYoungGen: 499296K->11040K(507392K)] 859843K->379903K(1031680K), 0.0295152 secs] [Times: user=0.04 sys=0.04, real=0.03 secs] 
2021-06-01T11:44:14.934+0800: 1563206.613: [GC (Allocation Failure) [PSYoungGen: 501024K->10304K(506880K)] 869887K->387833K(1031168K), 0.0220257 secs] [Times: user=0.04 sys=0.03, real=0.02 secs] 
2021-06-01T11:47:43.262+0800: 1563414.942: [GC (Allocation Failure) [PSYoungGen: 500288K->12672K(506880K)] 877817K->397964K(1031168K), 0.0245298 secs] [Times: user=0.04 sys=0.03, real=0.03 secs] 
2021-06-01T11:51:13.703+0800: 1563625.382: [GC (Allocation Failure) [PSYoungGen: 503168K->11136K(507392K)] 888460K->405814K(1031680K), 0.0240087 secs] [Times: user=0.04 sys=0.04, real=0.02 secs] 
2021-06-01T11:54:45.557+0800: 1563837.236: [GC (Allocation Failure) [PSYoungGen: 501632K->12704K(507904K)] 896310K->415347K(1032192K), 0.0237428 secs] [Times: user=0.03 sys=0.03, real=0.02 secs] 
2021-06-01T11:58:15.228+0800: 1564046.908: [GC (Allocation Failure) [PSYoungGen: 504224K->13088K(504832K)] 906867K->425572K(1029120K), 0.0315859 secs] [Times: user=0.04 sys=0.05, real=0.03 secs] 
2021-06-01T12:01:46.162+0800: 1564257.842: [GC (Allocation Failure) [PSYoungGen: 504608K->12352K(507392K)] 917092K->433758K(1031680K), 0.0289191 secs] [Times: user=0.03 sys=0.04, real=0.02 secs] 
2021-06-01T12:05:14.648+0800: 1564466.328: [GC (Allocation Failure) [PSYoungGen: 502848K->13472K(507392K)] 924254K->442947K(1031680K), 0.1036439 secs] [Times: user=0.04 sys=0.04, real=0.11 secs] 
2021-06-01T12:08:44.881+0800: 1564676.561: [GC (Allocation Failure) [PSYoungGen: 503968K->12768K(507392K)] 933443K->451567K(1031680K), 0.0288582 secs] [Times: user=0.04 sys=0.04, real=0.03 secs] 
2021-06-01T12:12:14.757+0800: 1564886.437: [GC (Allocation Failure) [PSYoungGen: 503264K->13408K(504320K)] 942063K->462367K(1028608K), 0.0588802 secs] [Times: user=0.04 sys=0.04, real=0.06 secs] 
2021-06-01T12:15:44.436+0800: 1565096.116: [GC (Allocation Failure) [PSYoungGen: 503904K->11200K(507392K)] 952863K->469962K(1031680K), 0.0279113 secs] [Times: user=0.04 sys=0.04, real=0.03 secs] 
2021-06-01T12:19:14.901+0800: 1565306.581: [GC (Allocation Failure) [PSYoungGen: 501184K->12448K(506880K)] 959946K->479157K(1031168K), 0.0310471 secs] [Times: user=0.03 sys=0.04, real=0.04 secs] 
2021-06-01T12:22:45.195+0800: 1565516.874: [GC (Allocation Failure) [PSYoungGen: 502432K->8896K(506880K)] 969141K->484182K(1031168K), 0.0235466 secs] [Times: user=0.04 sys=0.03, real=0.02 secs] 
2021-06-01T12:26:18.178+0800: 1565729.858: [GC (Allocation Failure) [PSYoungGen: 499392K->11104K(507392K)] 974678K->492774K(1031680K), 0.0228707 secs] [Times: user=0.03 sys=0.04, real=0.02 secs] 
2021-06-01T12:29:49.951+0800: 1565941.631: [GC (Allocation Failure) [PSYoungGen: 501600K->12128K(508416K)] 983270K->502528K(1032704K), 0.0561093 secs] [Times: user=0.10 sys=0.00, real=0.06 secs] 
2021-06-01T12:33:20.852+0800: 1566152.532: [GC (Allocation Failure) [PSYoungGen: 504160K->11552K(507904K)] 994560K->510603K(1032192K), 0.0238296 secs] [Times: user=0.03 sys=0.03, real=0.03 secs] 
2021-06-01T12:36:51.905+0800: 1566363.585: [GC (Allocation Failure) [PSYoungGen: 503584K->10592K(508928K)] 1002635K->517998K(1033216K), 0.0304190 secs] [Times: user=0.05 sys=0.05, real=0.03 secs] 
2021-06-01T12:40:24.134+0800: 1566575.814: [GC (Allocation Failure) [PSYoungGen: 504160K->11264K(508928K)] 1011566K->526935K(1033216K), 0.0296564 secs] [Times: user=0.09 sys=0.00, real=0.03 secs] 
2021-06-01T12:40:24.164+0800: 1566575.844: [Full GC (Ergonomics) [PSYoungGen: 11264K->0K(508928K)] [ParOldGen: 515671K->319383K(524288K)] 526935K->319383K(1033216K), [Metaspace: 96332K->96332K(1138688K)], 0.6052103 secs] [Times: user=1.37 sys=0.00, real=0.60 secs] 
2021-06-01T12:43:55.193+0800: 1566786.873: [GC (Allocation Failure) [PSYoungGen: 493568K->12224K(509440K)] 812951K->331607K(1033728K), 0.0556550 secs] [Times: user=0.03 sys=0.03, real=0.05 secs] 
2021-06-01T12:47:25.217+0800: 1566996.896: [GC (Allocation Failure) [PSYoungGen: 506816K->13312K(508416K)] 826199K->342538K(1032704K), 0.0363649 secs] [Times: user=0.04 sys=0.05, real=0.04 secs] 
2021-06-01T12:50:57.968+0800: 1567209.648: [GC (Allocation Failure) [PSYoungGen: 507904K->10176K(508928K)] 837130K->349577K(1033216K), 0.0264656 secs] [Times: user=0.03 sys=0.04, real=0.03 secs] 
2021-06-01T12:54:28.034+0800: 1567419.713: [GC (Allocation Failure) [PSYoungGen: 503744K->12288K(508928K)] 843145K->359085K(1033216K), 0.0248858 secs] [Times: user=0.04 sys=0.03, real=0.02 secs] 
2021-06-01T12:57:53.146+0800: 1567624.826: [GC (Allocation Failure) [PSYoungGen: 505856K->12906K(508928K)] 852653K->368252K(1033216K), 0.0365869 secs] [Times: user=0.04 sys=0.04, real=0.04 secs] 
2021-06-01T13:01:23.749+0800: 1567835.429: [GC (Allocation Failure) [PSYoungGen: 506474K->12864K(508928K)] 861820K->377688K(1033216K), 0.0371765 secs] [Times: user=0.04 sys=0.04, real=0.04 secs] 
2021-06-01T13:04:57.654+0800: 1568049.333: [GC (Allocation Failure) [PSYoungGen: 506432K->11872K(508928K)] 871256K->385449K(1033216K), 0.0333143 secs] [Times: user=0.05 sys=0.06, real=0.03 secs] 
2021-06-01T13:08:30.677+0800: 1568262.357: [GC (Allocation Failure) [PSYoungGen: 505440K->14560K(508416K)] 879017K->396541K(1032704K), 0.0895588 secs] [Times: user=0.04 sys=0.04, real=0.09 secs] 
2021-06-01T13:12:02.370+0800: 1568474.050: [GC (Allocation Failure) [PSYoungGen: 508128K->12032K(508928K)] 890109K->404142K(1033216K), 0.0256714 secs] [Times: user=0.04 sys=0.04, real=0.03 secs] 
2021-06-01T13:15:34.785+0800: 1568686.465: [GC (Allocation Failure) [PSYoungGen: 505088K->11456K(508416K)] 897198K->412488K(1032704K), 0.0232864 secs] [Times: user=0.03 sys=0.03, real=0.02 secs] 
2021-06-01T13:19:06.106+0800: 1568897.786: [GC (Allocation Failure) [PSYoungGen: 504512K->12704K(508928K)] 905544K->422372K(1033216K), 0.0643357 secs] [Times: user=0.04 sys=0.05, real=0.06 secs] 
2021-06-01T13:22:39.235+0800: 1569110.915: [GC (Allocation Failure) [PSYoungGen: 506272K->10976K(508928K)] 915940K->429823K(1033216K), 0.0378188 secs] [Times: user=0.05 sys=0.04, real=0.04 secs] 
2021-06-01T13:26:12.237+0800: 1569323.917: [GC (Allocation Failure) [PSYoungGen: 504544K->11520K(509440K)] 923391K->438361K(1033728K), 0.0296745 secs] [Times: user=0.04 sys=0.04, real=0.03 secs] 
2021-06-01T13:29:43.825+0800: 1569535.505: [GC (Allocation Failure) [PSYoungGen: 505600K->11168K(508928K)] 932441K->445836K(1033216K), 0.0261367 secs] [Times: user=0.04 sys=0.04, real=0.02 secs] 
2021-06-01T13:33:17.046+0800: 1569748.725: [GC (Allocation Failure) [PSYoungGen: 505248K->10624K(509440K)] 939916K->454493K(1033728K), 0.0378953 secs] [Times: user=0.05 sys=0.05, real=0.04 secs] 
2021-06-01T13:36:49.168+0800: 1569960.848: [GC (Allocation Failure) [PSYoungGen: 505216K->12672K(509440K)] 949085K->463618K(1033728K), 0.0269206 secs] [Times: user=0.04 sys=0.04, real=0.03 secs] 
2021-06-01T13:40:23.049+0800: 1570174.728: [GC (Allocation Failure) [PSYoungGen: 507264K->11232K(509440K)] 958210K->471524K(1033728K), 0.0360840 secs] [Times: user=0.05 sys=0.04, real=0.04 secs] 
2021-06-01T13:43:54.281+0800: 1570385.960: [GC (Allocation Failure) [PSYoungGen: 505824K->11648K(509440K)] 966116K->479743K(1033728K), 0.0274970 secs] [Times: user=0.04 sys=0.04, real=0.03 secs] 
2021-06-01T13:47:25.296+0800: 1570596.975: [GC (Allocation Failure) [PSYoungGen: 506240K->12832K(509952K)] 974335K->489499K(1034240K), 0.0263803 secs] [Times: user=0.04 sys=0.04, real=0.03 secs] 
2021-06-01T13:50:57.753+0800: 1570809.432: [GC (Allocation Failure) [PSYoungGen: 508448K->12416K(509952K)] 985115K->498925K(1034240K), 0.0240053 secs] [Times: user=0.04 sys=0.04, real=0.02 secs] 
2021-06-01T13:54:30.912+0800: 1571022.592: [GC (Allocation Failure) [PSYoungGen: 508032K->13472K(508928K)] 994541K->508657K(1033216K), 0.0252851 secs] [Times: user=0.04 sys=0.04, real=0.02 secs] 
2021-06-01T13:58:04.749+0800: 1571236.429: [GC (Allocation Failure) [PSYoungGen: 508064K->12736K(509440K)] 1003249K->517268K(1033728K), 0.0286094 secs] [Times: user=0.04 sys=0.04, real=0.03 secs] 
2021-06-01T14:01:37.803+0800: 1571449.483: [GC (Allocation Failure) [PSYoungGen: 507328K->9344K(509440K)] 1011860K->523293K(1033728K), 0.0247185 secs] [Times: user=0.04 sys=0.04, real=0.02 secs] 
2021-06-01T14:01:37.828+0800: 1571449.508: [Full GC (Ergonomics) [PSYoungGen: 9344K->0K(509440K)] [ParOldGen: 513949K->292141K(524288K)] 523293K->292141K(1033728K), [Metaspace: 96332K->96332K(1138688K)], 0.4325435 secs] [Times: user=0.97 sys=0.00, real=0.43 secs] 
2021-06-01T14:05:09.665+0800: 1571661.345: [GC (Allocation Failure) [PSYoungGen: 494592K->10240K(509440K)] 786733K->302381K(1033728K), 0.0215249 secs] [Times: user=0.02 sys=0.02, real=0.02 secs] 
2021-06-01T14:08:42.127+0800: 1571873.806: [GC (Allocation Failure) [PSYoungGen: 504832K->12096K(509440K)] 796973K->312792K(1033728K), 0.0365128 secs] [Times: user=0.08 sys=0.00, real=0.04 secs] 
2021-06-01T14:12:12.663+0800: 1572084.343: [GC (Allocation Failure) [PSYoungGen: 506688K->9728K(509440K)] 807384K->319767K(1033728K), 0.0244910 secs] [Times: user=0.03 sys=0.04, real=0.02 secs] 
2021-06-01T14:15:44.755+0800: 1572296.435: [GC (Allocation Failure) [PSYoungGen: 504320K->14816K(507392K)] 814359K->332748K(1031680K), 0.0268746 secs] [Times: user=0.03 sys=0.04, real=0.03 secs] 
2021-06-01T14:19:16.691+0800: 1572508.370: [GC (Allocation Failure) [PSYoungGen: 507360K->11488K(508416K)] 825292K->339734K(1032704K), 0.0886527 secs] [Times: user=0.03 sys=0.03, real=0.09 secs] 
2021-06-01T14:22:46.880+0800: 1572718.560: [GC (Allocation Failure) [PSYoungGen: 504032K->10656K(508928K)] 832278K->346881K(1033216K), 0.0268243 secs] [Times: user=0.03 sys=0.03, real=0.03 secs] 
2021-06-01T14:26:20.687+0800: 1572932.366: [GC (Allocation Failure) [PSYoungGen: 504224K->11296K(508928K)] 840449K->355500K(1033216K), 0.0248023 secs] [Times: user=0.04 sys=0.04, real=0.02 secs] 
2021-06-01T14:29:52.341+0800: 1573144.021: [GC (Allocation Failure) [PSYoungGen: 504864K->11328K(509440K)] 849068K->363591K(1033728K), 0.0267345 secs] [Times: user=0.04 sys=0.04, real=0.03 secs] 
2021-06-01T14:33:24.305+0800: 1573355.984: [GC (Allocation Failure) [PSYoungGen: 505408K->10720K(508928K)] 857671K->371680K(1033216K), 0.0308829 secs] [Times: user=0.04 sys=0.03, real=0.03 secs] 
2021-06-01T14:36:56.821+0800: 1573568.501: [GC (Allocation Failure) [PSYoungGen: 504800K->9856K(509440K)] 865760K->378970K(1033728K), 0.0263090 secs] [Times: user=0.03 sys=0.03, real=0.03 secs] 
2021-06-01T14:40:31.525+0800: 1573783.205: [GC (Allocation Failure) [PSYoungGen: 504448K->10048K(509440K)] 873562K->387683K(1033728K), 0.0286763 secs] [Times: user=0.05 sys=0.05, real=0.03 secs] 
2021-06-01T14:44:02.263+0800: 1573993.943: [GC (Allocation Failure) [PSYoungGen: 504640K->12896K(509440K)] 882275K->398687K(1033728K), 0.0329464 secs] [Times: user=0.05 sys=0.04, real=0.03 secs] 
2021-06-01T14:47:37.266+0800: 1574208.946: [GC (Allocation Failure) [PSYoungGen: 507488K->8800K(509440K)] 893279K->404039K(1033728K), 0.0232896 secs] [Times: user=0.04 sys=0.04, real=0.02 secs] 
2021-06-01T14:51:10.749+0800: 1574422.429: [GC (Allocation Failure) [PSYoungGen: 503392K->7488K(508416K)] 898631K->410151K(1032704K), 0.0228299 secs] [Times: user=0.08 sys=0.00, real=0.03 secs] 
2021-06-01T14:54:41.017+0800: 1574632.697: [GC (Allocation Failure) [PSYoungGen: 501056K->11648K(508928K)] 903719K->420269K(1033216K), 0.0292028 secs] [Times: user=0.04 sys=0.05, real=0.03 secs] 
2021-06-01T14:58:12.512+0800: 1574844.192: [GC (Allocation Failure) [PSYoungGen: 505216K->9952K(509440K)] 913837K->427256K(1033728K), 0.0266786 secs] [Times: user=0.04 sys=0.04, real=0.02 secs] 
2021-06-01T15:01:45.333+0800: 1575057.013: [GC (Allocation Failure) [PSYoungGen: 504032K->6304K(508928K)] 921336K->431952K(1033216K), 0.0234263 secs] [Times: user=0.03 sys=0.04, real=0.02 secs] 
2021-06-01T15:05:18.028+0800: 1575269.708: [GC (Allocation Failure) [PSYoungGen: 500384K->10688K(509440K)] 926032K->441013K(1033728K), 0.0252143 secs] [Times: user=0.04 sys=0.03, real=0.03 secs] 
2021-06-01T15:08:49.351+0800: 1575481.031: [GC (Allocation Failure) [PSYoungGen: 504768K->11744K(508928K)] 935093K->450367K(1033216K), 0.0289302 secs] [Times: user=0.08 sys=0.00, real=0.03 secs] 
2021-06-01T15:12:23.180+0800: 1575694.859: [GC (Allocation Failure) [PSYoungGen: 505824K->9952K(509440K)] 944447K->456122K(1033728K), 0.0430246 secs] [Times: user=0.04 sys=0.04, real=0.05 secs] 
2021-06-01T15:15:57.433+0800: 1575909.112: [GC (Allocation Failure) [PSYoungGen: 504544K->10752K(509440K)] 950714K->464197K(1033728K), 0.0605065 secs] [Times: user=0.05 sys=0.05, real=0.06 secs] 
2021-06-01T15:19:28.430+0800: 1576120.110: [GC (Allocation Failure) [PSYoungGen: 505344K->13280K(508928K)] 958789K->473808K(1033216K), 0.0296163 secs] [Times: user=0.04 sys=0.04, real=0.03 secs] 
2021-06-01T15:23:00.629+0800: 1576332.309: [GC (Allocation Failure) [PSYoungGen: 507872K->13312K(508416K)] 968400K->483219K(1032704K), 0.0360279 secs] [Times: user=0.10 sys=0.00, real=0.04 secs] 
2021-06-01T15:26:30.951+0800: 1576542.631: [GC (Allocation Failure) [PSYoungGen: 507904K->13536K(508416K)] 977811K->492542K(1032704K), 0.0383520 secs] [Times: user=0.04 sys=0.05, real=0.04 secs] 
2021-06-01T15:30:00.885+0800: 1576752.565: [GC (Allocation Failure) [PSYoungGen: 506080K->13536K(506368K)] 985086K->501674K(1030656K), 0.0313099 secs] [Times: user=0.05 sys=0.05, real=0.03 secs] 
2021-06-01T15:33:31.555+0800: 1576963.234: [GC (Allocation Failure) [PSYoungGen: 506080K->12256K(507904K)] 994218K->510173K(1032192K), 0.0349156 secs] [Times: user=0.04 sys=0.05, real=0.03 secs] 
2021-06-01T15:37:02.709+0800: 1577174.389: [GC (Allocation Failure) [PSYoungGen: 503776K->9408K(507904K)] 1001693K->516638K(1032192K), 0.0253071 secs] [Times: user=0.04 sys=0.04, real=0.03 secs] 
2021-06-01T15:40:32.703+0800: 1577384.383: [GC (Allocation Failure) [PSYoungGen: 500928K->9376K(508416K)] 1008158K->523913K(1032704K), 0.0652132 secs] [Times: user=0.05 sys=0.05, real=0.06 secs] 
2021-06-01T15:40:32.769+0800: 1577384.448: [Full GC (Ergonomics) [PSYoungGen: 9376K->0K(508416K)] [ParOldGen: 514537K->310217K(524288K)] 523913K->310217K(1032704K), [Metaspace: 96333K->96329K(1138688K)], 0.5604745 secs] [Times: user=1.15 sys=0.00, real=0.56 secs] 
2021-06-01T15:44:07.344+0800: 1577599.024: [GC (Allocation Failure) [PSYoungGen: 492032K->7360K(507904K)] 802249K->317577K(1032192K), 0.0199846 secs] [Times: user=0.03 sys=0.03, real=0.02 secs] 
2021-06-01T15:47:35.656+0800: 1577807.335: [GC (Allocation Failure) [PSYoungGen: 499392K->15392K(505856K)] 809609K->332013K(1030144K), 0.0265512 secs] [Times: user=0.04 sys=0.04, real=0.03 secs] 
2021-06-01T15:51:04.345+0800: 1578016.025: [GC (Allocation Failure) [PSYoungGen: 504864K->11392K(506880K)] 821485K->338688K(1031168K), 0.0241373 secs] [Times: user=0.03 sys=0.04, real=0.02 secs] 
2021-06-01T15:54:34.713+0800: 1578226.393: [GC (Allocation Failure) [PSYoungGen: 500864K->11264K(507904K)] 828160K->347795K(1032192K), 0.0310644 secs] [Times: user=0.04 sys=0.04, real=0.03 secs] 
2021-06-01T15:58:05.806+0800: 1578437.486: [GC (Allocation Failure) [PSYoungGen: 502272K->11168K(507392K)] 838803K->354431K(1031680K), 0.0234692 secs] [Times: user=0.03 sys=0.03, real=0.02 secs] 
2021-06-01T16:01:36.836+0800: 1578648.515: [GC (Allocation Failure) [PSYoungGen: 502176K->11616K(508928K)] 845439K->363208K(1033216K), 0.0274724 secs] [Times: user=0.04 sys=0.04, real=0.03 secs] 
2021-06-01T16:05:13.919+0800: 1578865.599: [GC (Allocation Failure) [PSYoungGen: 504672K->5856K(508416K)] 856264K->366192K(1032704K), 0.0204292 secs] [Times: user=0.03 sys=0.03, real=0.02 secs] 
2021-06-01T16:08:45.880+0800: 1579077.560: [GC (Allocation Failure) [PSYoungGen: 498912K->7680K(507392K)] 859248K->372564K(1031680K), 0.0195458 secs] [Times: user=0.02 sys=0.03, real=0.02 secs] 
2021-06-01T16:12:19.515+0800: 1579291.195: [GC (Allocation Failure) [PSYoungGen: 499200K->7776K(507904K)] 864084K->378615K(1032192K), 0.0194950 secs] [Times: user=0.03 sys=0.04, real=0.02 secs] 
2021-06-01T16:15:53.335+0800: 1579505.015: [GC (Allocation Failure) [PSYoungGen: 499296K->4576K(507392K)] 870135K->381608K(1031680K), 0.0164430 secs] [Times: user=0.03 sys=0.03, real=0.02 secs] 
2021-06-01T16:19:28.214+0800: 1579719.894: [GC (Allocation Failure) [PSYoungGen: 496096K->7424K(507904K)] 873128K->387797K(1032192K), 0.0206463 secs] [Times: user=0.03 sys=0.03, real=0.02 secs] 
2021-06-01T16:23:01.913+0800: 1579933.592: [GC (Allocation Failure) [PSYoungGen: 498944K->4320K(507904K)] 879317K->391143K(1032192K), 0.0267476 secs] [Times: user=0.03 sys=0.03, real=0.02 secs] 
2021-06-01T16:26:35.470+0800: 1580147.150: [GC (Allocation Failure) [PSYoungGen: 495840K->8576K(507904K)] 882663K->398677K(1032192K), 0.0245406 secs] [Times: user=0.03 sys=0.04, real=0.03 secs] 
2021-06-01T16:30:04.799+0800: 1580356.479: [GC (Allocation Failure) [PSYoungGen: 500096K->11264K(508416K)] 890197K->407491K(1032704K), 0.0233080 secs] [Times: user=0.04 sys=0.04, real=0.03 secs] 
2021-06-01T16:33:38.258+0800: 1580569.938: [GC (Allocation Failure) [PSYoungGen: 503808K->11264K(508416K)] 900035K->416877K(1032704K), 0.0446122 secs] [Times: user=0.08 sys=0.00, real=0.05 secs] 
2021-06-01T16:37:10.419+0800: 1580782.098: [GC (Allocation Failure) [PSYoungGen: 503808K->11552K(507392K)] 909421K->425982K(1031680K), 0.0312215 secs] [Times: user=0.05 sys=0.04, real=0.03 secs] 
2021-06-01T16:40:43.847+0800: 1580995.526: [GC (Allocation Failure) [PSYoungGen: 503072K->6784K(507904K)] 917502K->430269K(1032192K), 0.0270040 secs] [Times: user=0.04 sys=0.03, real=0.03 secs] 
2021-06-01T16:44:16.751+0800: 1581208.431: [GC (Allocation Failure) [PSYoungGen: 498304K->6848K(508416K)] 921789K->435746K(1032704K), 0.0329861 secs] [Times: user=0.05 sys=0.05, real=0.04 secs] 
2021-06-01T16:47:47.021+0800: 1581418.701: [GC (Allocation Failure) [PSYoungGen: 499392K->6880K(508416K)] 928290K->441438K(1032704K), 0.0233028 secs] [Times: user=0.03 sys=0.03, real=0.03 secs] 
2021-06-01T16:51:20.910+0800: 1581632.589: [GC (Allocation Failure) [PSYoungGen: 499424K->9088K(509440K)] 933982K->449306K(1033728K), 0.0244799 secs] [Times: user=0.04 sys=0.03, real=0.03 secs] 
2021-06-01T16:54:54.182+0800: 1581845.861: [GC (Allocation Failure) [PSYoungGen: 503168K->7584K(508928K)] 943386K->454989K(1033216K), 0.0297511 secs] [Times: user=0.04 sys=0.04, real=0.03 secs] 
2021-06-01T16:58:23.400+0800: 1582055.079: [GC (Allocation Failure) [PSYoungGen: 501664K->13792K(507392K)] 949069K->466323K(1031680K), 0.0280427 secs] [Times: user=0.05 sys=0.04, real=0.03 secs] 
2021-06-01T17:01:52.458+0800: 1582264.138: [GC (Allocation Failure) [PSYoungGen: 506336K->12000K(504832K)] 958867K->474519K(1029120K), 0.0275988 secs] [Times: user=0.04 sys=0.05, real=0.03 secs] 
2021-06-01T17:05:22.349+0800: 1582474.029: [GC (Allocation Failure) [PSYoungGen: 504544K->12384K(506880K)] 967063K->484163K(1031168K), 0.0336866 secs] [Times: user=0.05 sys=0.05, real=0.04 secs] 
2021-06-01T17:08:51.340+0800: 1582683.020: [GC (Allocation Failure) [PSYoungGen: 502880K->11008K(507392K)] 974659K->492235K(1031680K), 0.0311332 secs] [Times: user=0.05 sys=0.05, real=0.03 secs] 
2021-06-01T17:12:23.232+0800: 1582894.912: [GC (Allocation Failure) [PSYoungGen: 501504K->10496K(508416K)] 982731K->500037K(1032704K), 0.0314004 secs] [Times: user=0.05 sys=0.03, real=0.04 secs] 
2021-06-01T17:15:55.210+0800: 1583106.889: [GC (Allocation Failure) [PSYoungGen: 502528K->8928K(507904K)] 992069K->506565K(1032192K), 0.0275911 secs] [Times: user=0.04 sys=0.04, real=0.03 secs] 
2021-06-01T17:19:31.235+0800: 1583322.915: [GC (Allocation Failure) [PSYoungGen: 500960K->5984K(508416K)] 998597K->510248K(1032704K), 0.0245858 secs] [Times: user=0.04 sys=0.04, real=0.02 secs] 
2021-06-01T17:23:05.350+0800: 1583537.030: [GC (Allocation Failure) [PSYoungGen: 498528K->7104K(508416K)] 1002792K->516340K(1032704K), 0.0246637 secs] [Times: user=0.04 sys=0.04, real=0.03 secs] 
2021-06-01T17:26:38.590+0800: 1583750.270: [GC (Allocation Failure) [PSYoungGen: 499648K->7008K(508928K)] 1008884K->521990K(1033216K), 0.0275614 secs] [Times: user=0.04 sys=0.04, real=0.03 secs] 
2021-06-01T17:26:38.618+0800: 1583750.298: [Full GC (Ergonomics) [PSYoungGen: 7008K->0K(508928K)] [ParOldGen: 514982K->292070K(524288K)] 521990K->292070K(1033216K), [Metaspace: 96338K->96338K(1138688K)], 0.4836624 secs] [Times: user=1.02 sys=0.00, real=0.49 secs] 
2021-06-01T17:30:11.000+0800: 1583962.680: [GC (Allocation Failure) [PSYoungGen: 493568K->6752K(508928K)] 785638K->298822K(1033216K), 0.0268303 secs] [Times: user=0.04 sys=0.04, real=0.03 secs] 
2021-06-01T17:33:46.261+0800: 1584177.940: [GC (Allocation Failure) [PSYoungGen: 500320K->5536K(509440K)] 792390K->303161K(1033728K), 0.0251808 secs] [Times: user=0.04 sys=0.04, real=0.03 secs] 
2021-06-01T17:37:20.305+0800: 1584391.985: [GC (Allocation Failure) [PSYoungGen: 499616K->5440K(508928K)] 797241K->307430K(1033216K), 0.0303662 secs] [Times: user=0.03 sys=0.04, real=0.03 secs] 
2021-06-01T17:40:51.261+0800: 1584602.940: [GC (Allocation Failure) [PSYoungGen: 499520K->12608K(507392K)] 801510K->318804K(1031680K), 0.0270662 secs] [Times: user=0.04 sys=0.04, real=0.03 secs] 
2021-06-01T17:44:18.041+0800: 1584809.721: [GC (Allocation Failure) [PSYoungGen: 505152K->9920K(508416K)] 811348K->325741K(1032704K), 0.0261180 secs] [Times: user=0.04 sys=0.04, real=0.03 secs] 
2021-06-01T17:47:50.467+0800: 1585022.146: [GC (Allocation Failure) [PSYoungGen: 502464K->8000K(508928K)] 818285K->331781K(1033216K), 0.0235102 secs] [Times: user=0.04 sys=0.03, real=0.02 secs] 
2021-06-01T17:51:25.382+0800: 1585237.061: [GC (Allocation Failure) [PSYoungGen: 501056K->7680K(508416K)] 824837K->337808K(1032704K), 0.0226036 secs] [Times: user=0.03 sys=0.03, real=0.03 secs] 
2021-06-01T17:55:00.109+0800: 1585451.788: [GC (Allocation Failure) [PSYoungGen: 500736K->5280K(509440K)] 830864K->341396K(1033728K), 0.0309062 secs] [Times: user=0.05 sys=0.04, real=0.03 secs] 
2021-06-01T17:58:35.647+0800: 1585667.327: [GC (Allocation Failure) [PSYoungGen: 499872K->6464K(509440K)] 835988K->346593K(1033728K), 0.0224293 secs] [Times: user=0.03 sys=0.04, real=0.02 secs] 
2021-06-01T18:02:09.787+0800: 1585881.466: [GC (Allocation Failure) [PSYoungGen: 501056K->7840K(510464K)] 841185K->353044K(1034752K), 0.0224203 secs] [Times: user=0.03 sys=0.04, real=0.02 secs] 
2021-06-01T18:05:41.769+0800: 1586093.449: [GC (Allocation Failure) [PSYoungGen: 503968K->10784K(509952K)] 849172K->361871K(1034240K), 0.0642743 secs] [Times: user=0.03 sys=0.04, real=0.07 secs] 
2021-06-01T18:09:16.170+0800: 1586307.849: [GC (Allocation Failure) [PSYoungGen: 506912K->9312K(510464K)] 857999K->367867K(1034752K), 0.0253401 secs] [Times: user=0.08 sys=0.00, real=0.03 secs] 
2021-06-01T18:12:49.717+0800: 1586521.397: [GC (Allocation Failure) [PSYoungGen: 505440K->10048K(509952K)] 863995K->376174K(1034240K), 0.0264790 secs] [Times: user=0.05 sys=0.04, real=0.03 secs] 
2021-06-01T18:16:23.927+0800: 1586735.607: [GC (Allocation Failure) [PSYoungGen: 506176K->8576K(510464K)] 872302K->382359K(1034752K), 0.0255334 secs] [Times: user=0.04 sys=0.03, real=0.03 secs] 
2021-06-01T18:19:57.607+0800: 1586949.286: [GC (Allocation Failure) [PSYoungGen: 504704K->7712K(509952K)] 878487K->388441K(1034240K), 0.0276189 secs] [Times: user=0.04 sys=0.04, real=0.03 secs] 
2021-06-01T18:23:31.856+0800: 1587163.535: [GC (Allocation Failure) [PSYoungGen: 503840K->7968K(511488K)] 884569K->395092K(1035776K), 0.0245580 secs] [Times: user=0.04 sys=0.04, real=0.02 secs] 
2021-06-01T18:27:07.533+0800: 1587379.213: [GC (Allocation Failure) [PSYoungGen: 506144K->6304K(510976K)] 893268K->400087K(1035264K), 0.0234699 secs] [Times: user=0.04 sys=0.04, real=0.02 secs] 
2021-06-01T18:30:44.199+0800: 1587595.879: [GC (Allocation Failure) [PSYoungGen: 504480K->6752K(511488K)] 898263K->404994K(1035776K), 0.0220364 secs] [Times: user=0.04 sys=0.03, real=0.02 secs] 
2021-06-01T18:34:18.736+0800: 1587810.416: [GC (Allocation Failure) [PSYoungGen: 505440K->5888K(511488K)] 903682K->409373K(1035776K), 0.0268729 secs] [Times: user=0.03 sys=0.04, real=0.03 secs] 
2021-06-01T18:37:56.502+0800: 1588028.182: [GC (Allocation Failure) [PSYoungGen: 504576K->6432K(512000K)] 908061K->413994K(1036288K), 0.0218404 secs] [Times: user=0.03 sys=0.03, real=0.03 secs] 
2021-06-01T18:41:33.505+0800: 1588245.184: [GC (Allocation Failure) [PSYoungGen: 505632K->7808K(511488K)] 913194K->420661K(1035776K), 0.0227069 secs] [Times: user=0.03 sys=0.03, real=0.02 secs] 
2021-06-01T18:45:12.022+0800: 1588463.702: [GC (Allocation Failure) [PSYoungGen: 507008K->5632K(512512K)] 919861K->424424K(1036800K), 0.0288665 secs] [Times: user=0.03 sys=0.04, real=0.03 secs] 
2021-06-01T18:48:47.492+0800: 1588679.172: [GC (Allocation Failure) [PSYoungGen: 506368K->9024K(509952K)] 925160K->432317K(1034240K), 0.0214115 secs] [Times: user=0.04 sys=0.03, real=0.02 secs] 
2021-06-01T18:52:24.691+0800: 1588896.370: [GC (Allocation Failure) [PSYoungGen: 509760K->5792K(512512K)] 933053K->437078K(1036800K), 0.0212839 secs] [Times: user=0.04 sys=0.03, real=0.03 secs] 
2021-06-01T18:56:02.361+0800: 1589114.041: [GC (Allocation Failure) [PSYoungGen: 506016K->7264K(512000K)] 937302K->442898K(1036288K), 0.0434469 secs] [Times: user=0.04 sys=0.04, real=0.05 secs] 
2021-06-01T18:59:35.274+0800: 1589326.953: [GC (Allocation Failure) [PSYoungGen: 507488K->6186K(513024K)] 943122K->447784K(1037312K), 0.0204774 secs] [Times: user=0.03 sys=0.04, real=0.02 secs] 
2021-06-01T19:03:13.822+0800: 1589545.502: [GC (Allocation Failure) [PSYoungGen: 507434K->6336K(512512K)] 949032K->452852K(1036800K), 0.0211403 secs] [Times: user=0.04 sys=0.04, real=0.02 secs] 
2021-06-01T19:06:50.774+0800: 1589762.453: [GC (Allocation Failure) [PSYoungGen: 507584K->7360K(513536K)] 954100K->458767K(1037824K), 0.0230879 secs] [Times: user=0.03 sys=0.03, real=0.02 secs] 
2021-06-01T19:10:29.313+0800: 1589980.992: [GC (Allocation Failure) [PSYoungGen: 509632K->6432K(513024K)] 961039K->463306K(1037312K), 0.0243004 secs] [Times: user=0.03 sys=0.04, real=0.02 secs] 
2021-06-01T19:14:07.717+0800: 1590199.396: [GC (Allocation Failure) [PSYoungGen: 508704K->4960K(513536K)] 965578K->466046K(1037824K), 0.0219991 secs] [Times: user=0.03 sys=0.03, real=0.02 secs] 
2021-06-01T19:17:45.172+0800: 1590416.851: [GC (Allocation Failure) [PSYoungGen: 507744K->7072K(513536K)] 968830K->471819K(1037824K), 0.0240391 secs] [Times: user=0.04 sys=0.04, real=0.03 secs] 
2021-06-01T19:21:24.946+0800: 1590636.626: [GC (Allocation Failure) [PSYoungGen: 509856K->7712K(514048K)] 974603K->477935K(1038336K), 0.0300817 secs] [Times: user=0.03 sys=0.03, real=0.03 secs] 
2021-06-01T19:25:01.886+0800: 1590853.565: [GC (Allocation Failure) [PSYoungGen: 511520K->10016K(514048K)] 981743K->486882K(1038336K), 0.0285290 secs] [Times: user=0.04 sys=0.04, real=0.03 secs] 
2021-06-01T19:28:41.433+0800: 1591073.113: [GC (Allocation Failure) [PSYoungGen: 513824K->7296K(513024K)] 990690K->492778K(1037312K), 0.0310496 secs] [Times: user=0.04 sys=0.05, real=0.03 secs] 
2021-06-01T19:32:21.161+0800: 1591292.841: [GC (Allocation Failure) [PSYoungGen: 510080K->7008K(513536K)] 995562K->498221K(1037824K), 0.0254641 secs] [Times: user=0.04 sys=0.04, real=0.03 secs] 
2021-06-01T19:36:01.415+0800: 1591513.094: [GC (Allocation Failure) [PSYoungGen: 509792K->6144K(514048K)] 1001005K->502968K(1038336K), 0.0262552 secs] [Times: user=0.03 sys=0.04, real=0.02 secs] 
2021-06-01T19:39:38.799+0800: 1591730.478: [GC (Allocation Failure) [PSYoungGen: 509440K->8800K(513536K)] 1006264K->510549K(1037824K), 0.0232722 secs] [Times: user=0.04 sys=0.04, real=0.03 secs] 
2021-06-01T19:43:17.461+0800: 1591949.141: [GC (Allocation Failure) [PSYoungGen: 512096K->7040K(514048K)] 1013845K->515974K(1038336K), 0.0231094 secs] [Times: user=0.03 sys=0.04, real=0.03 secs] 
2021-06-01T19:46:55.986+0800: 1592167.665: [GC (Allocation Failure) [PSYoungGen: 510336K->6944K(513536K)] 1019270K->521106K(1037824K), 0.0260422 secs] [Times: user=0.03 sys=0.04, real=0.02 secs] 
2021-06-01T19:50:32.565+0800: 1592384.245: [GC (Allocation Failure) [PSYoungGen: 510240K->8416K(514048K)] 1024402K->528086K(1038336K), 0.0262139 secs] [Times: user=0.04 sys=0.04, real=0.02 secs] 
2021-06-01T19:50:32.592+0800: 1592384.272: [Full GC (Ergonomics) [PSYoungGen: 8416K->0K(514048K)] [ParOldGen: 519670K->302739K(524288K)] 528086K->302739K(1038336K), [Metaspace: 96339K->96339K(1138688K)], 0.5229447 secs] [Times: user=1.13 sys=0.00, real=0.53 secs] 
2021-06-01T19:54:08.651+0800: 1592600.330: [GC (Allocation Failure) [PSYoungGen: 503808K->10208K(514048K)] 806547K->314771K(1038336K), 0.0270927 secs] [Times: user=0.04 sys=0.04, real=0.03 secs] 
2021-06-01T19:57:43.992+0800: 1592815.671: [GC (Allocation Failure) [PSYoungGen: 514016K->10240K(500736K)] 818579K->327301K(1025024K), 0.0313050 secs] [Times: user=0.05 sys=0.04, real=0.04 secs] 
2021-06-01T20:01:17.499+0800: 1593029.179: [GC (Allocation Failure) [PSYoungGen: 500736K->8288K(507392K)] 817797K->335373K(1031680K), 0.0273099 secs] [Times: user=0.03 sys=0.04, real=0.03 secs] 
2021-06-01T20:04:49.615+0800: 1593241.294: [GC (Allocation Failure) [PSYoungGen: 498784K->6336K(507904K)] 825869K->340263K(1032192K), 0.0302470 secs] [Times: user=0.03 sys=0.03, real=0.03 secs] 
2021-06-01T20:08:20.262+0800: 1593451.942: [GC (Allocation Failure) [PSYoungGen: 497856K->8864K(507904K)] 831783K->347532K(1032192K), 0.0246810 secs] [Times: user=0.04 sys=0.03, real=0.03 secs] 
2021-06-01T20:11:50.813+0800: 1593662.493: [GC (Allocation Failure) [PSYoungGen: 500384K->8480K(509440K)] 839052K->353662K(1033728K), 0.0245519 secs] [Times: user=0.04 sys=0.03, real=0.02 secs] 
2021-06-01T20:15:25.472+0800: 1593877.151: [GC (Allocation Failure) [PSYoungGen: 502560K->6560K(508928K)] 847742K->358503K(1033216K), 0.0290897 secs] [Times: user=0.04 sys=0.04, real=0.03 secs] 
2021-06-01T20:18:58.573+0800: 1594090.252: [GC (Allocation Failure) [PSYoungGen: 500640K->8128K(509952K)] 852583K->364812K(1034240K), 0.0278716 secs] [Times: user=0.04 sys=0.04, real=0.02 secs] 
2021-06-01T20:22:31.608+0800: 1594303.288: [GC (Allocation Failure) [PSYoungGen: 503232K->9504K(509440K)] 859916K->372096K(1033728K), 0.0319503 secs] [Times: user=0.05 sys=0.04, real=0.03 secs] 
2021-06-01T20:26:05.101+0800: 1594516.780: [GC (Allocation Failure) [PSYoungGen: 504608K->9952K(510464K)] 867200K->379713K(1034752K), 0.0302658 secs] [Times: user=0.04 sys=0.04, real=0.03 secs] 
2021-06-01T20:29:36.012+0800: 1594727.691: [GC (Allocation Failure) [PSYoungGen: 506080K->11520K(509952K)] 875841K->388381K(1034240K), 0.0281556 secs] [Times: user=0.04 sys=0.05, real=0.03 secs] 
2021-06-01T20:33:09.501+0800: 1594941.181: [GC (Allocation Failure) [PSYoungGen: 507648K->12768K(507904K)] 884509K->398504K(1032192K), 0.0245388 secs] [Times: user=0.04 sys=0.04, real=0.03 secs] 
2021-06-01T20:36:45.949+0800: 1595157.629: [GC (Allocation Failure) [PSYoungGen: 506336K->5856K(508928K)] 892072K->402206K(1033216K), 0.0292621 secs] [Times: user=0.03 sys=0.04, real=0.03 secs] 
2021-06-01T20:40:17.452+0800: 1595369.131: [GC (Allocation Failure) [PSYoungGen: 499424K->8320K(509440K)] 895774K->409394K(1033728K), 0.0244928 secs] [Times: user=0.04 sys=0.04, real=0.03 secs] 
2021-06-01T20:43:50.072+0800: 1595581.752: [GC (Allocation Failure) [PSYoungGen: 502400K->7936K(508928K)] 903474K->415700K(1033216K), 0.0227157 secs] [Times: user=0.04 sys=0.04, real=0.02 secs] 
2021-06-01T20:47:25.620+0800: 1595797.299: [GC (Allocation Failure) [PSYoungGen: 502015K->7040K(509952K)] 909780K->421470K(1034240K), 0.0253558 secs] [Times: user=0.03 sys=0.04, real=0.03 secs] 
2021-06-01T20:50:58.167+0800: 1596009.846: [GC (Allocation Failure) [PSYoungGen: 502656K->8224K(509952K)] 917086K->428497K(1034240K), 0.0276164 secs] [Times: user=0.04 sys=0.04, real=0.03 secs] 
2021-06-01T20:54:33.559+0800: 1596225.239: [GC (Allocation Failure) [PSYoungGen: 503840K->7488K(510464K)] 924113K->433845K(1034752K), 0.0224553 secs] [Times: user=0.03 sys=0.04, real=0.02 secs] 
2021-06-01T20:58:08.577+0800: 1596440.257: [GC (Allocation Failure) [PSYoungGen: 504128K->9056K(510464K)] 930485K->441800K(1034752K), 0.0215259 secs] [Times: user=0.04 sys=0.03, real=0.02 secs] 
2021-06-01T21:01:43.309+0800: 1596654.989: [GC (Allocation Failure) [PSYoungGen: 505696K->7456K(510976K)] 938440K->447849K(1035264K), 0.0271070 secs] [Times: user=0.03 sys=0.03, real=0.03 secs] 
2021-06-01T21:05:19.080+0800: 1596870.760: [GC (Allocation Failure) [PSYoungGen: 505120K->6464K(510976K)] 945513K->452996K(1035264K), 0.0218335 secs] [Times: user=0.03 sys=0.03, real=0.03 secs] 
2021-06-01T21:08:54.742+0800: 1597086.422: [GC (Allocation Failure) [PSYoungGen: 504128K->6464K(511488K)] 950660K->457528K(1035776K), 0.0188710 secs] [Times: user=0.03 sys=0.03, real=0.01 secs] 
2021-06-01T21:12:34.022+0800: 1597305.702: [GC (Allocation Failure) [PSYoungGen: 505152K->6144K(511488K)] 956216K->462299K(1035776K), 0.0221019 secs] [Times: user=0.03 sys=0.04, real=0.02 secs] 
2021-06-01T21:16:09.757+0800: 1597521.437: [GC (Allocation Failure) [PSYoungGen: 504832K->5344K(511488K)] 960987K->465935K(1035776K), 0.0542977 secs] [Times: user=0.03 sys=0.03, real=0.05 secs] 
2021-06-01T21:19:48.032+0800: 1597739.712: [GC (Allocation Failure) [PSYoungGen: 504032K->6560K(511488K)] 964623K->471235K(1035776K), 0.0205318 secs] [Times: user=0.03 sys=0.03, real=0.02 secs] 
2021-06-01T21:23:24.861+0800: 1597956.540: [GC (Allocation Failure) [PSYoungGen: 505248K->6496K(512000K)] 969923K->476717K(1036288K), 0.0455463 secs] [Times: user=0.04 sys=0.04, real=0.05 secs] 
2021-06-01T21:27:00.925+0800: 1598172.605: [GC (Allocation Failure) [PSYoungGen: 506208K->7968K(512000K)] 976429K->482913K(1036288K), 0.0302770 secs] [Times: user=0.05 sys=0.05, real=0.03 secs] 
2021-06-01T21:30:40.347+0800: 1598392.026: [GC (Allocation Failure) [PSYoungGen: 507680K->7168K(512512K)] 982625K->487845K(1036800K), 0.0256596 secs] [Times: user=0.05 sys=0.04, real=0.03 secs] 
2021-06-01T21:34:15.952+0800: 1598607.631: [GC (Allocation Failure) [PSYoungGen: 507904K->10976K(512000K)] 988581K->497137K(1036288K), 0.0234371 secs] [Times: user=0.04 sys=0.04, real=0.03 secs] 
2021-06-01T21:37:51.475+0800: 1598823.155: [GC (Allocation Failure) [PSYoungGen: 511712K->10496K(510976K)] 997873K->505124K(1035264K), 0.0246575 secs] [Times: user=0.03 sys=0.04, real=0.02 secs] 
2021-06-01T21:41:24.337+0800: 1599036.016: [GC (Allocation Failure) [PSYoungGen: 509184K->8576K(511488K)] 1003812K->511199K(1035776K), 0.0222275 secs] [Times: user=0.03 sys=0.03, real=0.02 secs] 
2021-06-01T21:44:59.018+0800: 1599250.698: [GC (Allocation Failure) [PSYoungGen: 507264K->8928K(511488K)] 1009887K->517953K(1035776K), 0.0248401 secs] [Times: user=0.03 sys=0.03, real=0.03 secs] 
2021-06-01T21:48:35.374+0800: 1599467.054: [GC (Allocation Failure) [PSYoungGen: 507616K->7584K(511488K)] 1016641K->524458K(1035776K), 0.0323677 secs] [Times: user=0.03 sys=0.03, real=0.03 secs] 
2021-06-01T21:48:35.407+0800: 1599467.087: [Full GC (Ergonomics) [PSYoungGen: 7584K->0K(511488K)] [ParOldGen: 516874K->294147K(524288K)] 524458K->294147K(1035776K), [Metaspace: 96339K->96339K(1138688K)], 0.4610016 secs] [Times: user=0.98 sys=0.00, real=0.46 secs] 
2021-06-01T21:52:12.630+0800: 1599684.310: [GC (Allocation Failure) [PSYoungGen: 498688K->5472K(512000K)] 792835K->299619K(1036288K), 0.0251596 secs] [Times: user=0.03 sys=0.04, real=0.03 secs] 
2021-06-01T21:55:47.984+0800: 1599899.664: [GC (Allocation Failure) [PSYoungGen: 505184K->7488K(512000K)] 799331K->305856K(1036288K), 0.0236073 secs] [Times: user=0.03 sys=0.04, real=0.02 secs] 
2021-06-01T21:59:23.723+0800: 1600115.402: [GC (Allocation Failure) [PSYoungGen: 507200K->6208K(512512K)] 805568K->310346K(1036800K), 0.0228678 secs] [Times: user=0.03 sys=0.03, real=0.02 secs] 
2021-06-01T22:02:58.526+0800: 1600330.206: [GC (Allocation Failure) [PSYoungGen: 506944K->11712K(512512K)] 811082K->320560K(1036800K), 0.0299921 secs] [Times: user=0.04 sys=0.04, real=0.03 secs] 
2021-06-01T22:06:36.259+0800: 1600547.938: [GC (Allocation Failure) [PSYoungGen: 512448K->6560K(510464K)] 821296K->325502K(1034752K), 0.0254068 secs] [Times: user=0.03 sys=0.04, real=0.03 secs] 
2021-06-01T22:10:14.092+0800: 1600765.772: [GC (Allocation Failure) [PSYoungGen: 505248K->8448K(511488K)] 824190K->332578K(1035776K), 0.0234855 secs] [Times: user=0.02 sys=0.04, real=0.03 secs] 
2021-06-01T22:13:45.443+0800: 1600977.123: [GC (Allocation Failure) [PSYoungGen: 507136K->10720K(509952K)] 831266K->341485K(1034240K), 0.0252714 secs] [Times: user=0.04 sys=0.04, real=0.02 secs] 
2021-06-01T22:17:21.804+0800: 1601193.484: [GC (Allocation Failure) [PSYoungGen: 508384K->10176K(510976K)] 839149K->348760K(1035264K), 0.0215172 secs] [Times: user=0.03 sys=0.03, real=0.02 secs] 
2021-06-01T22:20:59.526+0800: 1601411.205: [GC (Allocation Failure) [PSYoungGen: 507840K->9056K(510976K)] 846424K->355402K(1035264K), 0.0272682 secs] [Times: user=0.04 sys=0.04, real=0.03 secs] 
2021-06-01T22:24:35.817+0800: 1601627.497: [GC (Allocation Failure) [PSYoungGen: 506720K->6272K(510976K)] 853066K->360227K(1035264K), 0.0256358 secs] [Times: user=0.04 sys=0.03, real=0.03 secs] 
2021-06-01T22:28:11.364+0800: 1601843.043: [GC (Allocation Failure) [PSYoungGen: 503936K->7168K(511488K)] 857891K->366399K(1035776K), 0.0264427 secs] [Times: user=0.04 sys=0.04, real=0.02 secs] 
2021-06-01T22:31:47.542+0800: 1602059.222: [GC (Allocation Failure) [PSYoungGen: 505856K->7392K(511488K)] 865087K->372618K(1035776K), 0.0242567 secs] [Times: user=0.03 sys=0.03, real=0.03 secs] 
2021-06-01T22:35:24.783+0800: 1602276.463: [GC (Allocation Failure) [PSYoungGen: 506080K->6656K(512000K)] 871306K->378355K(1036288K), 0.0289300 secs] [Times: user=0.03 sys=0.03, real=0.03 secs] 
2021-06-01T22:39:01.312+0800: 1602492.991: [GC (Allocation Failure) [PSYoungGen: 506368K->7968K(512000K)] 878067K->384919K(1036288K), 0.0247280 secs] [Times: user=0.03 sys=0.04, real=0.03 secs] 
2021-06-01T22:42:36.705+0800: 1602708.385: [GC (Allocation Failure) [PSYoungGen: 507680K->7904K(512512K)] 884631K->391537K(1036800K), 0.0228574 secs] [Times: user=0.04 sys=0.03, real=0.02 secs] 
2021-06-01T22:46:12.122+0800: 1602923.802: [GC (Allocation Failure) [PSYoungGen: 508640K->10272K(511488K)] 892273K->400717K(1035776K), 0.0217510 secs] [Times: user=0.04 sys=0.04, real=0.02 secs] 
2021-06-01T22:49:48.465+0800: 1603140.145: [GC (Allocation Failure) [PSYoungGen: 511008K->10560K(510976K)] 901453K->409232K(1035264K), 0.0260618 secs] [Times: user=0.03 sys=0.04, real=0.02 secs] 
2021-06-01T22:53:18.716+0800: 1603350.396: [GC (Allocation Failure) [PSYoungGen: 509248K->12768K(511488K)] 907920K->423117K(1035776K), 0.0316539 secs] [Times: user=0.04 sys=0.04, real=0.03 secs] 
2021-06-01T22:56:53.944+0800: 1603565.624: [GC (Allocation Failure) [PSYoungGen: 511456K->10752K(502272K)] 921805K->431461K(1026560K), 0.0237901 secs] [Times: user=0.04 sys=0.03, real=0.02 secs] 
2021-06-01T23:00:27.331+0800: 1603779.011: [GC (Allocation Failure) [PSYoungGen: 500224K->6432K(506880K)] 920933K->436420K(1031168K), 0.0240172 secs] [Times: user=0.05 sys=0.04, real=0.03 secs] 
2021-06-01T23:03:59.267+0800: 1603990.946: [GC (Allocation Failure) [PSYoungGen: 495904K->7904K(507392K)] 925892K->442848K(1031680K), 0.0235813 secs] [Times: user=0.04 sys=0.04, real=0.02 secs] 
2021-06-01T23:07:31.653+0800: 1604203.332: [GC (Allocation Failure) [PSYoungGen: 497888K->9216K(506880K)] 932832K->450091K(1031168K), 0.0194253 secs] [Times: user=0.03 sys=0.04, real=0.02 secs] 
2021-06-01T23:11:05.261+0800: 1604416.940: [GC (Allocation Failure) [PSYoungGen: 499200K->6848K(507904K)] 940075K->455891K(1032192K), 0.0207323 secs] [Times: user=0.03 sys=0.03, real=0.02 secs] 
2021-06-01T23:14:36.864+0800: 1604628.543: [GC (Allocation Failure) [PSYoungGen: 498368K->9952K(507904K)] 947411K->464166K(1032192K), 0.0579869 secs] [Times: user=0.06 sys=0.00, real=0.05 secs] 
2021-06-01T23:18:10.850+0800: 1604842.530: [GC (Allocation Failure) [PSYoungGen: 501472K->7232K(508928K)] 955686K->468584K(1033216K), 0.0207856 secs] [Times: user=0.03 sys=0.03, real=0.02 secs] 
2021-06-01T23:21:46.130+0800: 1605057.809: [GC (Allocation Failure) [PSYoungGen: 500288K->7648K(508416K)] 961640K->474699K(1032704K), 0.0286625 secs] [Times: user=0.04 sys=0.04, real=0.03 secs] 
2021-06-01T23:25:19.899+0800: 1605271.578: [GC (Allocation Failure) [PSYoungGen: 500704K->11072K(508928K)] 967755K->484663K(1033216K), 0.0353651 secs] [Times: user=0.04 sys=0.05, real=0.04 secs] 
2021-06-01T23:28:50.328+0800: 1605482.008: [GC (Allocation Failure) [PSYoungGen: 504640K->9248K(508928K)] 978231K->492097K(1033216K), 0.0255135 secs] [Times: user=0.04 sys=0.03, real=0.03 secs] 
2021-06-01T23:32:25.642+0800: 1605697.321: [GC (Allocation Failure) [PSYoungGen: 502816K->6944K(509440K)] 985665K->496937K(1033728K), 0.0257834 secs] [Times: user=0.04 sys=0.03, real=0.03 secs] 
2021-06-01T23:35:56.303+0800: 1605907.983: [GC (Allocation Failure) [PSYoungGen: 501536K->6944K(509440K)] 991529K->502564K(1033728K), 0.0342389 secs] [Times: user=0.04 sys=0.05, real=0.03 secs] 
2021-06-01T23:39:30.979+0800: 1606122.658: [GC (Allocation Failure) [PSYoungGen: 501536K->7840K(510464K)] 997156K->508640K(1034752K), 0.0250627 secs] [Times: user=0.04 sys=0.04, real=0.03 secs] 
2021-06-01T23:43:05.688+0800: 1606337.367: [GC (Allocation Failure) [PSYoungGen: 503968K->8608K(509952K)] 1004768K->515787K(1034240K), 0.0275181 secs] [Times: user=0.04 sys=0.04, real=0.03 secs] 
2021-06-01T23:46:36.957+0800: 1606548.636: [GC (Allocation Failure) [PSYoungGen: 504736K->10176K(509952K)] 1011915K->523873K(1034240K), 0.0299241 secs] [Times: user=0.04 sys=0.04, real=0.03 secs] 
2021-06-01T23:50:09.305+0800: 1606760.984: [GC (Allocation Failure) [PSYoungGen: 506816K->13056K(509952K)] 1020513K->533502K(1034240K), 0.0309832 secs] [Times: user=0.04 sys=0.05, real=0.03 secs] 
2021-06-01T23:50:09.336+0800: 1606761.016: [Full GC (Ergonomics) [PSYoungGen: 13056K->0K(509952K)] [ParOldGen: 520446K->307960K(524288K)] 533502K->307960K(1034240K), [Metaspace: 96339K->96339K(1138688K)], 0.5721126 secs] [Times: user=1.19 sys=0.00, real=0.57 secs] 
2021-06-01T23:53:44.563+0800: 1606976.242: [GC (Allocation Failure) [PSYoungGen: 496640K->10112K(509952K)] 804600K->318072K(1034240K), 0.0186195 secs] [Times: user=0.03 sys=0.03, real=0.01 secs] 
2021-06-01T23:57:17.709+0800: 1607189.389: [GC (Allocation Failure) [PSYoungGen: 505728K->9152K(509952K)] 813688K->325993K(1034240K), 0.0228100 secs] [Times: user=0.03 sys=0.03, real=0.03 secs] 
2021-06-02T00:00:42.895+0800: 1607394.575: [GC (Allocation Failure) [PSYoungGen: 504768K->8768K(510464K)] 821609K->332500K(1034752K), 0.0198768 secs] [Times: user=0.03 sys=0.03, real=0.02 secs] 
2021-06-02T00:04:14.233+0800: 1607605.913: [GC (Allocation Failure) [PSYoungGen: 505408K->13792K(510464K)] 829140K->345136K(1034752K), 0.0352873 secs] [Times: user=0.04 sys=0.05, real=0.03 secs] 
2021-06-02T00:07:48.357+0800: 1607820.037: [GC (Allocation Failure) [PSYoungGen: 510432K->13792K(493056K)] 841776K->356621K(1017344K), 0.0363825 secs] [Times: user=0.05 sys=0.05, real=0.04 secs] 
2021-06-02T00:11:16.114+0800: 1608027.793: [GC (Allocation Failure) [PSYoungGen: 493024K->9344K(501760K)] 835853K->361941K(1026048K), 0.0275192 secs] [Times: user=0.04 sys=0.05, real=0.02 secs] 
2021-06-02T00:14:43.902+0800: 1608235.582: [GC (Allocation Failure) [PSYoungGen: 488576K->10144K(503296K)] 841173K->370446K(1027584K), 0.0232813 secs] [Times: user=0.03 sys=0.03, real=0.03 secs] 
2021-06-02T00:18:10.427+0800: 1608442.107: [GC (Allocation Failure) [PSYoungGen: 491424K->12832K(502272K)] 851726K->380803K(1026560K), 0.0382292 secs] [Times: user=0.04 sys=0.05, real=0.04 secs] 
2021-06-02T00:21:38.722+0800: 1608650.402: [GC (Allocation Failure) [PSYoungGen: 494112K->9728K(504320K)] 862083K->387844K(1028608K), 0.0291927 secs] [Times: user=0.04 sys=0.05, real=0.02 secs] 
2021-06-02T00:25:07.434+0800: 1608859.114: [GC (Allocation Failure) [PSYoungGen: 493056K->13184K(503296K)] 871172K->398352K(1027584K), 0.0296428 secs] [Times: user=0.04 sys=0.04, real=0.03 secs] 
2021-06-02T00:28:31.654+0800: 1609063.333: [GC (Allocation Failure) [PSYoungGen: 496512K->11840K(504832K)] 881680K->406010K(1029120K), 0.0501531 secs] [Times: user=0.04 sys=0.04, real=0.05 secs] 
2021-06-02T00:31:58.211+0800: 1609269.891: [GC (Allocation Failure) [PSYoungGen: 496704K->12352K(504320K)] 890874K->416037K(1028608K), 0.0283199 secs] [Times: user=0.04 sys=0.04, real=0.03 secs] 
2021-06-02T00:35:25.169+0800: 1609476.849: [GC (Allocation Failure) [PSYoungGen: 497216K->11808K(506368K)] 900901K->424305K(1030656K), 0.0290178 secs] [Times: user=0.05 sys=0.05, real=0.03 secs] 
2021-06-02T00:38:54.931+0800: 1609686.611: [GC (Allocation Failure) [PSYoungGen: 499232K->12768K(505344K)] 911729K->433916K(1029632K), 0.0265052 secs] [Times: user=0.04 sys=0.04, real=0.03 secs] 
2021-06-02T00:42:21.596+0800: 1609893.276: [GC (Allocation Failure) [PSYoungGen: 500192K->12928K(506368K)] 921340K->443856K(1030656K), 0.0288652 secs] [Times: user=0.04 sys=0.04, real=0.03 secs] 
2021-06-02T00:45:52.107+0800: 1610103.787: [GC (Allocation Failure) [PSYoungGen: 501376K->12384K(506368K)] 932304K->452395K(1030656K), 0.0253008 secs] [Times: user=0.03 sys=0.04, real=0.03 secs] 
2021-06-02T00:49:23.391+0800: 1610315.071: [GC (Allocation Failure) [PSYoungGen: 500832K->12736K(507392K)] 940843K->461717K(1031680K), 0.0308941 secs] [Times: user=0.04 sys=0.05, real=0.04 secs] 
2021-06-02T00:52:53.713+0800: 1610525.392: [GC (Allocation Failure) [PSYoungGen: 502720K->12896K(506880K)] 951701K->471103K(1031168K), 0.0338528 secs] [Times: user=0.04 sys=0.04, real=0.03 secs] 
2021-06-02T00:56:27.790+0800: 1610739.470: [GC (Allocation Failure) [PSYoungGen: 502880K->9696K(507392K)] 961087K->476904K(1031680K), 0.0327829 secs] [Times: user=0.05 sys=0.05, real=0.04 secs] 
2021-06-02T00:59:52.324+0800: 1610944.003: [GC (Allocation Failure) [PSYoungGen: 500192K->10858K(507392K)] 967400K->484678K(1031680K), 0.0261955 secs] [Times: user=0.04 sys=0.04, real=0.02 secs] 
2021-06-02T01:03:23.234+0800: 1611154.914: [GC (Allocation Failure) [PSYoungGen: 501354K->12608K(507904K)] 975174K->494795K(1032192K), 0.0309742 secs] [Times: user=0.04 sys=0.04, real=0.03 secs] 
2021-06-02T01:06:52.381+0800: 1611364.060: [GC (Allocation Failure) [PSYoungGen: 504128K->11456K(507904K)] 986315K->501815K(1032192K), 0.0286214 secs] [Times: user=0.09 sys=0.00, real=0.03 secs] 
2021-06-02T01:10:24.424+0800: 1611576.104: [GC (Allocation Failure) [PSYoungGen: 502976K->13376K(507392K)] 993335K->512283K(1031680K), 0.0266265 secs] [Times: user=0.05 sys=0.04, real=0.02 secs] 
2021-06-02T01:13:54.657+0800: 1611786.337: [GC (Allocation Failure) [PSYoungGen: 504896K->12608K(507904K)] 1003803K->521726K(1032192K), 0.0274716 secs] [Times: user=0.04 sys=0.04, real=0.03 secs] 
2021-06-02T01:17:24.581+0800: 1611996.261: [GC (Allocation Failure) [PSYoungGen: 504128K->12000K(508416K)] 1013246K->530415K(1032704K), 0.0280681 secs] [Times: user=0.04 sys=0.05, real=0.03 secs] 
2021-06-02T01:17:24.610+0800: 1611996.290: [Full GC (Ergonomics) [PSYoungGen: 12000K->0K(508416K)] [ParOldGen: 518415K->304907K(524288K)] 530415K->304907K(1032704K), [Metaspace: 96344K->96344K(1138688K)], 0.5505386 secs] [Times: user=1.12 sys=0.00, real=0.55 secs] 
2021-06-02T01:20:56.677+0800: 1612208.356: [GC (Allocation Failure) [PSYoungGen: 492544K->13504K(508416K)] 797451K->318411K(1032704K), 0.0280609 secs] [Times: user=0.04 sys=0.04, real=0.03 secs] 
2021-06-02T01:24:30.038+0800: 1612421.718: [GC (Allocation Failure) [PSYoungGen: 506048K->11232K(508416K)] 810955K->326686K(1032704K), 0.0314763 secs] [Times: user=0.09 sys=0.00, real=0.03 secs] 
2021-06-02T01:28:01.684+0800: 1612633.363: [GC (Allocation Failure) [PSYoungGen: 503776K->13760K(508416K)] 819230K->338353K(1032704K), 0.0283075 secs] [Times: user=0.04 sys=0.05, real=0.03 secs] 
2021-06-02T01:31:34.285+0800: 1612845.964: [GC (Allocation Failure) [PSYoungGen: 506304K->12288K(508416K)] 830897K->348300K(1032704K), 0.0453501 secs] [Times: user=0.03 sys=0.05, real=0.05 secs] 
2021-06-02T01:35:05.658+0800: 1613057.338: [GC (Allocation Failure) [PSYoungGen: 504832K->12288K(508416K)] 840844K->356983K(1032704K), 0.0256468 secs] [Times: user=0.04 sys=0.04, real=0.03 secs] 
2021-06-02T01:38:37.576+0800: 1613269.256: [GC (Allocation Failure) [PSYoungGen: 504832K->12800K(508928K)] 849527K->367361K(1033216K), 0.0299332 secs] [Times: user=0.04 sys=0.04, real=0.03 secs] 
2021-06-02T01:42:10.236+0800: 1613481.916: [GC (Allocation Failure) [PSYoungGen: 506368K->12672K(508928K)] 860929K->376533K(1033216K), 0.0267223 secs] [Times: user=0.04 sys=0.04, real=0.03 secs] 
2021-06-02T01:45:40.199+0800: 1613691.878: [GC (Allocation Failure) [PSYoungGen: 506240K->12352K(509440K)] 870101K->384762K(1033728K), 0.0281808 secs] [Times: user=0.04 sys=0.04, real=0.03 secs] 
2021-06-02T01:49:09.627+0800: 1613901.306: [GC (Allocation Failure) [PSYoungGen: 506432K->13248K(508928K)] 878842K->394302K(1033216K), 0.0528740 secs] [Times: user=0.04 sys=0.04, real=0.05 secs] 
2021-06-02T01:52:40.076+0800: 1614111.756: [GC (Allocation Failure) [PSYoungGen: 507328K->14816K(500224K)] 888382K->406026K(1024512K), 0.0353878 secs] [Times: user=0.05 sys=0.05, real=0.03 secs] 
2021-06-02T01:56:09.833+0800: 1614321.513: [GC (Allocation Failure) [PSYoungGen: 500192K->10464K(504832K)] 891402K->412730K(1029120K), 0.0332235 secs] [Times: user=0.05 sys=0.05, real=0.03 secs] 
2021-06-02T01:59:39.686+0800: 1614531.366: [GC (Allocation Failure) [PSYoungGen: 495840K->12608K(505344K)] 898106K->422998K(1029632K), 0.0260572 secs] [Times: user=0.04 sys=0.04, real=0.03 secs] 
2021-06-02T02:03:07.816+0800: 1614739.495: [GC (Allocation Failure) [PSYoungGen: 498496K->12096K(504832K)] 908886K->431841K(1029120K), 0.0262384 secs] [Times: user=0.03 sys=0.04, real=0.03 secs] 
2021-06-02T02:06:35.717+0800: 1614947.396: [GC (Allocation Failure) [PSYoungGen: 497984K->11680K(505856K)] 917729K->440363K(1030144K), 0.0277801 secs] [Times: user=0.04 sys=0.04, real=0.03 secs] 
2021-06-02T02:10:05.066+0800: 1615156.745: [GC (Allocation Failure) [PSYoungGen: 499104K->10400K(505856K)] 927787K->448197K(1030144K), 0.1235404 secs] [Times: user=0.04 sys=0.04, real=0.12 secs] 
2021-06-02T02:13:33.695+0800: 1615365.375: [GC (Allocation Failure) [PSYoungGen: 497824K->10528K(506368K)] 935621K->456025K(1030656K), 0.0241019 secs] [Times: user=0.04 sys=0.04, real=0.02 secs] 
2021-06-02T02:17:03.253+0800: 1615574.933: [GC (Allocation Failure) [PSYoungGen: 498464K->13920K(505856K)] 943961K->467229K(1030144K), 0.0609303 secs] [Times: user=0.04 sys=0.03, real=0.06 secs] 
2021-06-02T02:20:30.731+0800: 1615782.411: [GC (Allocation Failure) [PSYoungGen: 501856K->12928K(506368K)] 955165K->475218K(1030656K), 0.0272389 secs] [Times: user=0.04 sys=0.04, real=0.03 secs] 
2021-06-02T02:23:59.828+0800: 1615991.507: [GC (Allocation Failure) [PSYoungGen: 501376K->11200K(506368K)] 963666K->483068K(1030656K), 0.0303372 secs] [Times: user=0.05 sys=0.05, real=0.03 secs] 
2021-06-02T02:27:31.048+0800: 1616202.727: [GC (Allocation Failure) [PSYoungGen: 499648K->11904K(507392K)] 971516K->492431K(1031680K), 0.0297687 secs] [Times: user=0.04 sys=0.05, real=0.03 secs] 
2021-06-02T02:30:58.618+0800: 1616410.298: [GC (Allocation Failure) [PSYoungGen: 501888K->13344K(506880K)] 982415K->503615K(1031168K), 0.0320537 secs] [Times: user=0.04 sys=0.05, real=0.03 secs] 
2021-06-02T02:34:30.445+0800: 1616622.125: [GC (Allocation Failure) [PSYoungGen: 503328K->11968K(507392K)] 993599K->512194K(1031680K), 0.0264784 secs] [Times: user=0.08 sys=0.00, real=0.03 secs] 
2021-06-02T02:37:58.887+0800: 1616830.567: [GC (Allocation Failure) [PSYoungGen: 502464K->12384K(507392K)] 1002690K->521325K(1031680K), 0.0277510 secs] [Times: user=0.04 sys=0.04, real=0.03 secs] 
2021-06-02T02:41:30.148+0800: 1617041.828: [GC (Allocation Failure) [PSYoungGen: 502880K->13248K(507904K)] 1011821K->532047K(1032192K), 0.0377880 secs] [Times: user=0.05 sys=0.05, real=0.04 secs] 
2021-06-02T02:41:30.187+0800: 1617041.866: [Full GC (Ergonomics) [PSYoungGen: 13248K->0K(507904K)] [ParOldGen: 518799K->310663K(524288K)] 532047K->310663K(1032192K), [Metaspace: 96344K->96344K(1138688K)], 0.5380014 secs] [Times: user=1.15 sys=0.00, real=0.54 secs] 
2021-06-02T02:44:58.142+0800: 1617249.821: [GC (Allocation Failure) [PSYoungGen: 491520K->11904K(507904K)] 802183K->322567K(1032192K), 0.0237647 secs] [Times: user=0.04 sys=0.03, real=0.03 secs] 
2021-06-02T02:48:30.812+0800: 1617462.492: [GC (Allocation Failure) [PSYoungGen: 503424K->10912K(508416K)] 814087K->331273K(1032704K), 0.0253316 secs] [Times: user=0.04 sys=0.04, real=0.03 secs] 
2021-06-02T02:52:03.175+0800: 1617674.854: [GC (Allocation Failure) [PSYoungGen: 503456K->11264K(508416K)] 823817K->339875K(1032704K), 0.0375241 secs] [Times: user=0.04 sys=0.04, real=0.04 secs] 
2021-06-02T02:55:37.004+0800: 1617888.683: [GC (Allocation Failure) [PSYoungGen: 503808K->10784K(508416K)] 832419K->348678K(1032704K), 0.0276068 secs] [Times: user=0.05 sys=0.04, real=0.02 secs] 
2021-06-02T02:59:06.111+0800: 1618097.791: [GC (Allocation Failure) [PSYoungGen: 503328K->10400K(508416K)] 841222K->356697K(1032704K), 0.0875170 secs] [Times: user=0.04 sys=0.04, real=0.09 secs] 
2021-06-02T03:02:39.126+0800: 1618310.806: [GC (Allocation Failure) [PSYoungGen: 502944K->11232K(508928K)] 849241K->365028K(1033216K), 0.0262726 secs] [Times: user=0.04 sys=0.04, real=0.03 secs] 
2021-06-02T03:06:11.006+0800: 1618522.685: [GC (Allocation Failure) [PSYoungGen: 504288K->9376K(508416K)] 858084K->371789K(1032704K), 0.0278700 secs] [Times: user=0.04 sys=0.04, real=0.03 secs] 
2021-06-02T03:09:43.203+0800: 1618734.882: [GC (Allocation Failure) [PSYoungGen: 502432K->12160K(508928K)] 864845K->381530K(1033216K), 0.0274232 secs] [Times: user=0.05 sys=0.04, real=0.02 secs] 
2021-06-02T03:13:14.488+0800: 1618946.167: [GC (Allocation Failure) [PSYoungGen: 505728K->10752K(508928K)] 875098K->389138K(1033216K), 0.0275444 secs] [Times: user=0.04 sys=0.04, real=0.03 secs] 
2021-06-02T03:16:46.881+0800: 1619158.561: [GC (Allocation Failure) [PSYoungGen: 504320K->12512K(508928K)] 882706K->399052K(1033216K), 0.0620315 secs] [Times: user=0.04 sys=0.04, real=0.07 secs] 
2021-06-02T03:20:22.503+0800: 1619374.183: [GC (Allocation Failure) [PSYoungGen: 506080K->11040K(508928K)] 892620K->407302K(1033216K), 0.0410132 secs] [Times: user=0.04 sys=0.03, real=0.04 secs] 
2021-06-02T03:23:53.441+0800: 1619585.120: [GC (Allocation Failure) [PSYoungGen: 504608K->13152K(508416K)] 900870K->416841K(1032704K), 0.0325679 secs] [Times: user=0.05 sys=0.04, real=0.04 secs] 
2021-06-02T03:27:23.079+0800: 1619794.758: [GC (Allocation Failure) [PSYoungGen: 506720K->9120K(508928K)] 910409K->422914K(1033216K), 0.0268391 secs] [Times: user=0.08 sys=0.00, real=0.03 secs] 
2021-06-02T03:30:52.572+0800: 1620004.251: [GC (Allocation Failure) [PSYoungGen: 502688K->11520K(509440K)] 916482K->432583K(1033728K), 0.0257858 secs] [Times: user=0.05 sys=0.04, real=0.03 secs] 
2021-06-02T03:34:26.076+0800: 1620217.755: [GC (Allocation Failure) [PSYoungGen: 505600K->10688K(508928K)] 926663K->441297K(1033216K), 0.0254781 secs] [Times: user=0.04 sys=0.04, real=0.02 secs] 
2021-06-02T03:37:55.966+0800: 1620427.646: [GC (Allocation Failure) [PSYoungGen: 504768K->8288K(509440K)] 935377K->448084K(1033728K), 0.0263680 secs] [Times: user=0.04 sys=0.04, real=0.03 secs] 
2021-06-02T03:41:26.209+0800: 1620637.889: [GC (Allocation Failure) [PSYoungGen: 502880K->9568K(509440K)] 942676K->456031K(1033728K), 0.0243949 secs] [Times: user=0.04 sys=0.04, real=0.03 secs] 
2021-06-02T03:44:56.140+0800: 1620847.819: [GC (Allocation Failure) [PSYoungGen: 504160K->12896K(508416K)] 950623K->466386K(1032704K), 0.0298243 secs] [Times: user=0.04 sys=0.04, real=0.03 secs] 
2021-06-02T03:48:27.314+0800: 1621058.993: [GC (Allocation Failure) [PSYoungGen: 506464K->13408K(507392K)] 959954K->476045K(1031680K), 0.0850561 secs] [Times: user=0.04 sys=0.05, real=0.08 secs] 
2021-06-02T03:51:59.778+0800: 1621271.457: [GC (Allocation Failure) [PSYoungGen: 506976K->7456K(508416K)] 969613K->479804K(1032704K), 0.0277058 secs] [Times: user=0.05 sys=0.04, real=0.03 secs] 
2021-06-02T03:55:30.283+0800: 1621481.963: [GC (Allocation Failure) [PSYoungGen: 500000K->13952K(506880K)] 972348K->492136K(1031168K), 0.0380948 secs] [Times: user=0.05 sys=0.04, real=0.03 secs] 
2021-06-02T03:59:01.674+0800: 1621693.354: [GC (Allocation Failure) [PSYoungGen: 506496K->12736K(506880K)] 984680K->500474K(1031168K), 0.0549290 secs] [Times: user=0.06 sys=0.06, real=0.05 secs] 
2021-06-02T04:02:32.771+0800: 1621904.450: [GC (Allocation Failure) [PSYoungGen: 503232K->12320K(507392K)] 990970K->509173K(1031680K), 0.0261404 secs] [Times: user=0.04 sys=0.04, real=0.03 secs] 
2021-06-02T04:06:00.968+0800: 1622112.647: [GC (Allocation Failure) [PSYoungGen: 502816K->12096K(507904K)] 999669K->518337K(1032192K), 0.0291747 secs] [Times: user=0.04 sys=0.04, real=0.03 secs] 
2021-06-02T04:09:31.206+0800: 1622322.885: [GC (Allocation Failure) [PSYoungGen: 503616K->11584K(507904K)] 1009857K->526404K(1032192K), 0.0284490 secs] [Times: user=0.04 sys=0.04, real=0.03 secs] 
2021-06-02T04:09:31.235+0800: 1622322.914: [Full GC (Ergonomics) [PSYoungGen: 11584K->0K(507904K)] [ParOldGen: 514820K->300307K(524288K)] 526404K->300307K(1032192K), [Metaspace: 96344K->96344K(1138688K)], 0.5254567 secs] [Times: user=1.10 sys=0.00, real=0.52 secs] 
2021-06-02T04:13:03.404+0800: 1622535.084: [GC (Allocation Failure) [PSYoungGen: 491520K->12864K(508416K)] 791827K->313171K(1032704K), 0.0272849 secs] [Times: user=0.03 sys=0.04, real=0.02 secs] 
2021-06-02T04:16:34.972+0800: 1622746.652: [GC (Allocation Failure) [PSYoungGen: 505408K->11776K(508416K)] 805715K->322965K(1032704K), 0.0389767 secs] [Times: user=0.04 sys=0.04, real=0.04 secs] 
2021-06-02T04:20:04.063+0800: 1622955.742: [GC (Allocation Failure) [PSYoungGen: 504320K->11264K(508928K)] 815509K->331177K(1033216K), 0.0287940 secs] [Times: user=0.04 sys=0.04, real=0.02 secs] 
2021-06-02T04:23:34.841+0800: 1623166.521: [GC (Allocation Failure) [PSYoungGen: 504832K->11296K(508928K)] 824745K->339771K(1033216K), 0.0260355 secs] [Times: user=0.03 sys=0.04, real=0.03 secs] 
2021-06-02T04:27:05.923+0800: 1623377.603: [GC (Allocation Failure) [PSYoungGen: 504864K->11328K(509440K)] 833339K->348470K(1033728K), 0.0279597 secs] [Times: user=0.04 sys=0.04, real=0.02 secs] 
2021-06-02T04:30:37.737+0800: 1623589.416: [GC (Allocation Failure) [PSYoungGen: 505920K->12928K(509440K)] 843062K->357115K(1033728K), 0.0380069 secs] [Times: user=0.05 sys=0.04, real=0.04 secs] 
2021-06-02T04:34:12.009+0800: 1623803.688: [GC (Allocation Failure) [PSYoungGen: 507520K->10528K(509440K)] 851707K->363916K(1033728K), 0.0460183 secs] [Times: user=0.05 sys=0.05, real=0.05 secs] 
2021-06-02T04:37:43.161+0800: 1624014.841: [GC (Allocation Failure) [PSYoungGen: 505120K->9664K(509440K)] 858508K->372163K(1033728K), 0.0250022 secs] [Times: user=0.05 sys=0.05, real=0.03 secs] 
2021-06-02T04:41:16.441+0800: 1624228.121: [GC (Allocation Failure) [PSYoungGen: 504256K->9984K(509440K)] 866755K->380309K(1033728K), 0.0256515 secs] [Times: user=0.03 sys=0.04, real=0.03 secs] 
2021-06-02T04:44:48.449+0800: 1624440.128: [GC (Allocation Failure) [PSYoungGen: 504576K->11200K(509440K)] 874901K->388946K(1033728K), 0.0740844 secs] [Times: user=0.03 sys=0.04, real=0.08 secs] 
2021-06-02T04:48:23.527+0800: 1624655.206: [GC (Allocation Failure) [PSYoungGen: 505792K->9152K(509952K)] 883538K->395939K(1034240K), 0.0479364 secs] [Times: user=0.04 sys=0.03, real=0.05 secs] 
2021-06-02T04:51:56.671+0800: 1624868.350: [GC (Allocation Failure) [PSYoungGen: 504768K->9888K(509952K)] 891555K->403518K(1034240K), 0.0243415 secs] [Times: user=0.04 sys=0.03, real=0.03 secs] 
2021-06-02T04:55:27.518+0800: 1625079.198: [GC (Allocation Failure) [PSYoungGen: 505504K->12256K(509952K)] 899134K->413513K(1034240K), 0.0247317 secs] [Times: user=0.08 sys=0.00, real=0.03 secs] 
2021-06-02T04:59:01.653+0800: 1625293.332: [GC (Allocation Failure) [PSYoungGen: 507872K->10336K(509952K)] 909129K->420043K(1034240K), 0.0278834 secs] [Times: user=0.03 sys=0.03, real=0.02 secs] 
2021-06-02T05:02:35.874+0800: 1625507.553: [GC (Allocation Failure) [PSYoungGen: 505952K->9728K(509952K)] 915659K->428435K(1034240K), 0.0221155 secs] [Times: user=0.04 sys=0.03, real=0.02 secs] 
2021-06-02T05:06:08.430+0800: 1625720.110: [GC (Allocation Failure) [PSYoungGen: 505344K->9376K(509952K)] 924051K->435533K(1034240K), 0.0239628 secs] [Times: user=0.03 sys=0.04, real=0.03 secs] 
2021-06-02T05:09:37.260+0800: 1625928.939: [GC (Allocation Failure) [PSYoungGen: 504992K->11392K(509952K)] 931149K->444585K(1034240K), 0.0230416 secs] [Times: user=0.04 sys=0.04, real=0.03 secs] 
2021-06-02T05:13:07.837+0800: 1626139.516: [GC (Allocation Failure) [PSYoungGen: 507008K->11936K(509952K)] 940201K->454292K(1034240K), 0.0246379 secs] [Times: user=0.04 sys=0.03, real=0.02 secs] 
2021-06-02T05:16:38.632+0800: 1626350.312: [GC (Allocation Failure) [PSYoungGen: 507552K->10912K(510464K)] 949908K->460575K(1034752K), 0.0252576 secs] [Times: user=0.04 sys=0.04, real=0.02 secs] 
2021-06-02T05:20:09.321+0800: 1626561.001: [GC (Allocation Failure) [PSYoungGen: 507040K->12448K(509952K)] 956703K->469435K(1034240K), 0.0799993 secs] [Times: user=0.04 sys=0.05, real=0.08 secs] 
2021-06-02T05:23:41.856+0800: 1626773.535: [GC (Allocation Failure) [PSYoungGen: 508576K->12576K(509952K)] 965563K->478949K(1034240K), 0.0269872 secs] [Times: user=0.04 sys=0.04, real=0.03 secs] 
2021-06-02T05:27:16.199+0800: 1626987.879: [GC (Allocation Failure) [PSYoungGen: 508192K->9664K(509952K)] 974565K->485447K(1034240K), 0.0240124 secs] [Times: user=0.03 sys=0.04, real=0.03 secs] 
2021-06-02T05:30:46.586+0800: 1627198.265: [GC (Allocation Failure) [PSYoungGen: 505280K->10752K(509952K)] 981063K->493659K(1034240K), 0.0242317 secs] [Times: user=0.04 sys=0.04, real=0.02 secs] 
2021-06-02T05:34:19.486+0800: 1627411.166: [GC (Allocation Failure) [PSYoungGen: 506368K->12000K(509952K)] 989275K->503031K(1034240K), 0.0533676 secs] [Times: user=0.04 sys=0.04, real=0.05 secs] 
2021-06-02T05:37:52.436+0800: 1627624.115: [GC (Allocation Failure) [PSYoungGen: 507616K->13184K(508928K)] 998647K->512442K(1033216K), 0.0318336 secs] [Times: user=0.05 sys=0.05, real=0.03 secs] 
2021-06-02T05:41:25.391+0800: 1627837.070: [GC (Allocation Failure) [PSYoungGen: 507776K->11488K(509440K)] 1007034K->520404K(1033728K), 0.0241934 secs] [Times: user=0.04 sys=0.03, real=0.03 secs] 
2021-06-02T05:44:57.178+0800: 1628048.858: [GC (Allocation Failure) [PSYoungGen: 506080K->14304K(500736K)] 1014996K->532897K(1025024K), 0.0301979 secs] [Times: user=0.04 sys=0.04, real=0.03 secs] 
2021-06-02T05:44:57.209+0800: 1628048.888: [Full GC (Ergonomics) [PSYoungGen: 14304K->0K(500736K)] [ParOldGen: 518593K->311260K(524288K)] 532897K->311260K(1025024K), [Metaspace: 96344K->96344K(1138688K)], 0.5420048 secs] [Times: user=1.22 sys=0.00, real=0.54 secs] 
2021-06-02T05:48:24.022+0800: 1628255.702: [GC (Allocation Failure) [PSYoungGen: 486400K->12064K(505344K)] 797660K->323324K(1029632K), 0.0207391 secs] [Times: user=0.03 sys=0.03, real=0.03 secs] 
2021-06-02T05:51:54.127+0800: 1628465.806: [GC (Allocation Failure) [PSYoungGen: 498464K->11328K(506368K)] 809724K->332565K(1030656K), 0.0293577 secs] [Times: user=0.04 sys=0.05, real=0.03 secs] 
2021-06-02T05:55:22.608+0800: 1628674.288: [GC (Allocation Failure) [PSYoungGen: 499264K->14240K(505856K)] 820501K->343320K(1030144K), 0.0264113 secs] [Times: user=0.04 sys=0.03, real=0.03 secs] 
2021-06-02T05:58:48.372+0800: 1628880.052: [GC (Allocation Failure) [PSYoungGen: 502176K->15392K(505344K)] 831256K->353014K(1029632K), 0.0285186 secs] [Times: user=0.03 sys=0.04, real=0.02 secs] 
2021-06-02T06:02:15.415+0800: 1629087.094: [GC (Allocation Failure) [PSYoungGen: 502816K->11904K(505856K)] 840438K->361534K(1030144K), 0.0292764 secs] [Times: user=0.04 sys=0.04, real=0.03 secs] 
2021-06-02T06:05:45.806+0800: 1629297.486: [GC (Allocation Failure) [PSYoungGen: 499328K->11296K(506368K)] 848958K->368825K(1030656K), 0.0244149 secs] [Times: user=0.04 sys=0.03, real=0.02 secs] 
2021-06-02T06:09:12.545+0800: 1629504.224: [GC (Allocation Failure) [PSYoungGen: 499232K->15552K(505856K)] 856761K->382212K(1030144K), 0.0319453 secs] [Times: user=0.05 sys=0.05, real=0.03 secs] 
2021-06-02T06:12:41.839+0800: 1629713.519: [GC (Allocation Failure) [PSYoungGen: 503488K->11232K(505856K)] 870148K->388478K(1030144K), 0.0320962 secs] [Times: user=0.04 sys=0.04, real=0.03 secs] 
2021-06-02T06:16:11.662+0800: 1629923.341: [GC (Allocation Failure) [PSYoungGen: 498656K->13088K(505856K)] 875902K->398435K(1030144K), 0.0291479 secs] [Times: user=0.04 sys=0.04, real=0.03 secs] 
2021-06-02T06:19:43.492+0800: 1630135.172: [GC (Allocation Failure) [PSYoungGen: 500512K->9632K(506368K)] 885859K->404245K(1030656K), 0.0312110 secs] [Times: user=0.05 sys=0.04, real=0.03 secs] 
2021-06-02T06:23:13.179+0800: 1630344.859: [GC (Allocation Failure) [PSYoungGen: 498080K->11360K(506368K)] 892693K->413281K(1030656K), 0.0269175 secs] [Times: user=0.04 sys=0.03, real=0.03 secs] 
2021-06-02T06:26:43.615+0800: 1630555.294: [GC (Allocation Failure) [PSYoungGen: 499808K->13088K(506880K)] 901729K->422524K(1031168K), 0.0430844 secs] [Times: user=0.04 sys=0.05, real=0.04 secs] 
2021-06-02T06:30:12.278+0800: 1630763.958: [GC (Allocation Failure) [PSYoungGen: 502560K->11488K(506880K)] 911996K->429447K(1031168K), 0.0345268 secs] [Times: user=0.04 sys=0.04, real=0.04 secs] 
2021-06-02T06:33:41.389+0800: 1630973.068: [GC (Allocation Failure) [PSYoungGen: 500960K->11104K(507392K)] 918919K->437449K(1031680K), 0.0447271 secs] [Times: user=0.04 sys=0.04, real=0.05 secs] 
2021-06-02T06:37:10.372+0800: 1631182.052: [GC (Allocation Failure) [PSYoungGen: 501600K->11328K(507392K)] 927945K->445013K(1031680K), 0.0284711 secs] [Times: user=0.09 sys=0.00, real=0.02 secs] 
2021-06-02T06:40:40.245+0800: 1631391.925: [GC (Allocation Failure) [PSYoungGen: 501824K->10976K(507904K)] 935509K->453847K(1032192K), 0.0265926 secs] [Times: user=0.04 sys=0.04, real=0.02 secs] 
2021-06-02T06:44:15.309+0800: 1631606.989: [GC (Allocation Failure) [PSYoungGen: 502496K->7488K(499200K)] 945367K->458271K(1023488K), 0.0279853 secs] [Times: user=0.04 sys=0.04, real=0.03 secs] 
2021-06-02T06:47:44.486+0800: 1631816.166: [GC (Allocation Failure) [PSYoungGen: 499008K->11808K(507904K)] 949791K->468707K(1032192K), 0.0367848 secs] [Times: user=0.04 sys=0.05, real=0.04 secs] 
2021-06-02T06:51:15.856+0800: 1632027.536: [GC (Allocation Failure) [PSYoungGen: 502816K->12320K(507392K)] 959715K->478318K(1031680K), 0.0664517 secs] [Times: user=0.04 sys=0.04, real=0.07 secs] 
2021-06-02T06:54:44.784+0800: 1632236.463: [GC (Allocation Failure) [PSYoungGen: 503328K->13088K(507904K)] 969326K->487091K(1032192K), 0.0238402 secs] [Times: user=0.04 sys=0.03, real=0.02 secs] 
2021-06-02T06:58:10.524+0800: 1632442.204: [GC (Allocation Failure) [PSYoungGen: 504608K->12266K(507904K)] 978611K->496559K(1032192K), 0.0255988 secs] [Times: user=0.04 sys=0.04, real=0.02 secs] 
2021-06-02T07:01:42.654+0800: 1632654.334: [GC (Allocation Failure) [PSYoungGen: 503786K->11392K(508416K)] 988079K->504531K(1032704K), 0.0299789 secs] [Times: user=0.08 sys=0.00, real=0.03 secs] 
2021-06-02T07:05:11.112+0800: 1632862.791: [GC (Allocation Failure) [PSYoungGen: 503936K->13856K(508416K)] 997075K->515095K(1032704K), 0.0416530 secs] [Times: user=0.04 sys=0.04, real=0.05 secs] 
2021-06-02T07:08:44.297+0800: 1633075.976: [GC (Allocation Failure) [PSYoungGen: 506400K->9504K(508416K)] 1007639K->520815K(1032704K), 0.0391801 secs] [Times: user=0.03 sys=0.04, real=0.04 secs] 
2021-06-02T07:12:15.411+0800: 1633287.091: [GC (Allocation Failure) [PSYoungGen: 502048K->12832K(508416K)] 1013359K->531331K(1032704K), 0.0418785 secs] [Times: user=0.04 sys=0.05, real=0.05 secs] 
2021-06-02T07:12:15.454+0800: 1633287.133: [Full GC (Ergonomics) [PSYoungGen: 12832K->0K(508416K)] [ParOldGen: 518499K->303592K(524288K)] 531331K->303592K(1032704K), [Metaspace: 96344K->96344K(1138688K)], 0.5318603 secs] [Times: user=1.08 sys=0.00, real=0.53 secs] 
2021-06-02T07:15:48.403+0800: 1633500.082: [GC (Allocation Failure) [PSYoungGen: 492544K->10688K(508416K)] 796136K->314280K(1032704K), 0.0215917 secs] [Times: user=0.03 sys=0.03, real=0.02 secs] 
2021-06-02T07:19:19.267+0800: 1633710.946: [GC (Allocation Failure) [PSYoungGen: 503232K->10368K(508416K)] 806824K->322873K(1032704K), 0.0289484 secs] [Times: user=0.04 sys=0.03, real=0.03 secs] 
2021-06-02T07:22:49.602+0800: 1633921.281: [GC (Allocation Failure) [PSYoungGen: 502912K->12032K(508928K)] 815417K->333067K(1033216K), 0.0296071 secs] [Times: user=0.04 sys=0.04, real=0.03 secs] 
2021-06-02T07:26:19.435+0800: 1634131.114: [GC (Allocation Failure) [PSYoungGen: 505088K->12800K(508416K)] 826123K->342478K(1032704K), 0.0284790 secs] [Times: user=0.04 sys=0.04, real=0.03 secs] 
2021-06-02T07:29:47.818+0800: 1634339.497: [GC (Allocation Failure) [PSYoungGen: 505856K->11904K(508928K)] 835534K->350538K(1033216K), 0.0252277 secs] [Times: user=0.04 sys=0.04, real=0.03 secs] 
2021-06-02T07:33:19.033+0800: 1634550.713: [GC (Allocation Failure) [PSYoungGen: 505466K->9376K(508928K)] 844100K->357202K(1033216K), 0.0477138 secs] [Times: user=0.04 sys=0.04, real=0.04 secs] 
2021-06-02T07:36:49.817+0800: 1634761.496: [GC (Allocation Failure) [PSYoungGen: 502944K->10208K(508928K)] 850770K->365685K(1033216K), 0.0294979 secs] [Times: user=0.04 sys=0.04, real=0.03 secs] 
2021-06-02T07:40:19.590+0800: 1634971.270: [GC (Allocation Failure) [PSYoungGen: 503776K->8992K(508928K)] 859253K->372270K(1033216K), 0.0307672 secs] [Times: user=0.04 sys=0.04, real=0.03 secs] 
2021-06-02T07:43:49.792+0800: 1635181.472: [GC (Allocation Failure) [PSYoungGen: 502560K->12416K(508928K)] 865838K->382051K(1033216K), 0.0249965 secs] [Times: user=0.04 sys=0.04, real=0.02 secs] 
2021-06-02T07:47:21.015+0800: 1635392.694: [GC (Allocation Failure) [PSYoungGen: 505984K->13472K(507392K)] 875619K->392741K(1031680K), 0.0312102 secs] [Times: user=0.04 sys=0.05, real=0.03 secs] 
2021-06-02T07:50:52.250+0800: 1635603.930: [GC (Allocation Failure) [PSYoungGen: 507040K->11136K(508928K)] 886309K->400095K(1033216K), 0.0260913 secs] [Times: user=0.04 sys=0.04, real=0.03 secs] 
2021-06-02T07:54:21.779+0800: 1635813.459: [GC (Allocation Failure) [PSYoungGen: 504192K->13056K(508416K)] 893151K->410613K(1032704K), 0.0287086 secs] [Times: user=0.05 sys=0.04, real=0.03 secs] 
2021-06-02T07:57:54.668+0800: 1636026.348: [GC (Allocation Failure) [PSYoungGen: 506112K->9856K(508928K)] 903669K->416685K(1033216K), 0.0306331 secs] [Times: user=0.05 sys=0.05, real=0.03 secs] 
2021-06-02T08:01:26.328+0800: 1636238.007: [GC (Allocation Failure) [PSYoungGen: 502912K->10016K(508416K)] 909741K->424934K(1032704K), 0.0208186 secs] [Times: user=0.03 sys=0.03, real=0.02 secs] 
2021-06-02T08:04:56.030+0800: 1636447.710: [GC (Allocation Failure) [PSYoungGen: 503072K->12512K(508928K)] 917990K->435283K(1033216K), 0.0284336 secs] [Times: user=0.04 sys=0.04, real=0.03 secs] 
2021-06-02T08:08:27.521+0800: 1636659.201: [GC (Allocation Failure) [PSYoungGen: 506080K->12128K(508928K)] 928851K->443944K(1033216K), 0.0275839 secs] [Times: user=0.04 sys=0.04, real=0.03 secs] 
2021-06-02T08:11:58.962+0800: 1636870.641: [GC (Allocation Failure) [PSYoungGen: 505696K->12928K(508928K)] 937512K->454084K(1033216K), 0.0273688 secs] [Times: user=0.05 sys=0.04, real=0.03 secs] 
2021-06-02T08:15:28.964+0800: 1637080.644: [GC (Allocation Failure) [PSYoungGen: 506496K->8960K(502784K)] 947652K->459845K(1027072K), 0.0286175 secs] [Times: user=0.04 sys=0.05, real=0.03 secs] 
2021-06-02T08:19:02.503+0800: 1637294.182: [GC (Allocation Failure) [PSYoungGen: 502528K->12032K(508928K)] 953413K->469497K(1033216K), 0.0376163 secs] [Times: user=0.04 sys=0.03, real=0.03 secs] 
2021-06-02T08:22:32.034+0800: 1637503.713: [GC (Allocation Failure) [PSYoungGen: 505088K->12992K(508416K)] 962553K->479380K(1032704K), 0.0275034 secs] [Times: user=0.04 sys=0.04, real=0.02 secs] 
2021-06-02T08:26:03.399+0800: 1637715.078: [GC (Allocation Failure) [PSYoungGen: 506048K->11392K(508928K)] 972436K->487397K(1033216K), 0.0323376 secs] [Times: user=0.04 sys=0.05, real=0.03 secs] 
2021-06-02T08:29:33.582+0800: 1637925.262: [GC (Allocation Failure) [PSYoungGen: 504448K->10784K(508416K)] 980453K->495375K(1032704K), 0.0279060 secs] [Times: user=0.04 sys=0.04, real=0.02 secs] 
2021-06-02T08:33:05.793+0800: 1638137.473: [GC (Allocation Failure) [PSYoungGen: 503840K->11552K(509440K)] 988431K->503403K(1033728K), 0.0236859 secs] [Times: user=0.04 sys=0.04, real=0.02 secs] 
2021-06-02T08:36:36.395+0800: 1638348.074: [GC (Allocation Failure) [PSYoungGen: 505632K->11520K(508928K)] 997483K->512397K(1033216K), 0.0257001 secs] [Times: user=0.04 sys=0.04, real=0.02 secs] 
2021-06-02T08:40:07.226+0800: 1638558.906: [GC (Allocation Failure) [PSYoungGen: 505600K->11968K(509952K)] 1006477K->522176K(1034240K), 0.0257449 secs] [Times: user=0.03 sys=0.03, real=0.02 secs] 
2021-06-02T08:43:38.928+0800: 1638770.608: [GC (Allocation Failure) [PSYoungGen: 507584K->11520K(509952K)] 1017792K->531169K(1034240K), 0.0248299 secs] [Times: user=0.04 sys=0.04, real=0.03 secs] 
2021-06-02T08:43:38.954+0800: 1638770.633: [Full GC (Ergonomics) [PSYoungGen: 11520K->0K(509952K)] [ParOldGen: 519649K->307323K(524288K)] 531169K->307323K(1034240K), [Metaspace: 96344K->96344K(1138688K)], 0.4846816 secs] [Times: user=1.05 sys=0.00, real=0.48 secs] 
2021-06-02T08:47:13.765+0800: 1638985.445: [GC (Allocation Failure) [PSYoungGen: 495616K->9184K(509952K)] 802939K->316507K(1034240K), 0.0189290 secs] [Times: user=0.03 sys=0.03, real=0.02 secs] 
2021-06-02T08:50:48.218+0800: 1639199.897: [GC (Allocation Failure) [PSYoungGen: 504800K->9568K(509952K)] 812123K->324589K(1034240K), 0.0349993 secs] [Times: user=0.04 sys=0.03, real=0.04 secs] 
2021-06-02T08:54:23.517+0800: 1639415.196: [GC (Allocation Failure) [PSYoungGen: 505184K->7712K(508928K)] 820205K->329679K(1033216K), 0.0367384 secs] [Times: user=0.04 sys=0.04, real=0.04 secs] 
2021-06-02T08:57:56.572+0800: 1639628.252: [GC (Allocation Failure) [PSYoungGen: 502304K->13152K(507904K)] 824271K->341020K(1032192K), 0.0245385 secs] [Times: user=0.04 sys=0.04, real=0.03 secs] 
2021-06-02T09:01:30.024+0800: 1639841.703: [GC (Allocation Failure) [PSYoungGen: 507744K->11264K(509440K)] 835612K->350358K(1033728K), 0.0265790 secs] [Times: user=0.04 sys=0.04, real=0.02 secs] 
2021-06-02T09:05:00.041+0800: 1640051.721: [GC (Allocation Failure) [PSYoungGen: 505344K->10368K(508928K)] 844438K->357728K(1033216K), 0.0290673 secs] [Times: user=0.05 sys=0.04, real=0.03 secs] 
2021-06-02T09:08:32.048+0800: 1640263.728: [GC (Allocation Failure) [PSYoungGen: 504448K->12288K(509440K)] 851808K->367395K(1033728K), 0.0288441 secs] [Times: user=0.04 sys=0.04, real=0.03 secs] 
2021-06-02T09:12:06.105+0800: 1640477.785: [GC (Allocation Failure) [PSYoungGen: 506880K->9792K(509440K)] 861987K->374565K(1033728K), 0.0231732 secs] [Times: user=0.03 sys=0.03, real=0.02 secs] 
2021-06-02T09:15:37.771+0800: 1640689.450: [GC (Allocation Failure) [PSYoungGen: 504384K->10976K(509952K)] 869157K->383713K(1034240K), 0.0289381 secs] [Times: user=0.05 sys=0.04, real=0.03 secs] 
2021-06-02T09:19:10.977+0800: 1640902.657: [GC (Allocation Failure) [PSYoungGen: 506080K->9664K(509440K)] 878817K->390266K(1033728K), 0.0245426 secs] [Times: user=0.04 sys=0.03, real=0.02 secs] 
2021-06-02T09:22:43.088+0800: 1641114.768: [GC (Allocation Failure) [PSYoungGen: 504768K->12704K(509952K)] 885370K->401620K(1034240K), 0.0341769 secs] [Times: user=0.05 sys=0.05, real=0.04 secs] 
2021-06-02T09:26:16.496+0800: 1641328.176: [GC (Allocation Failure) [PSYoungGen: 508320K->11712K(509952K)] 897236K->410831K(1034240K), 0.0474764 secs] [Times: user=0.04 sys=0.05, real=0.05 secs] 
2021-06-02T09:29:49.785+0800: 1641541.465: [GC (Allocation Failure) [PSYoungGen: 507328K->11040K(509952K)] 906447K->418602K(1034240K), 0.0265760 secs] [Times: user=0.03 sys=0.05, real=0.03 secs] 
2021-06-02T09:33:21.238+0800: 1641752.917: [GC (Allocation Failure) [PSYoungGen: 506656K->10688K(509952K)] 914218K->426964K(1034240K), 0.0239133 secs] [Times: user=0.03 sys=0.04, real=0.02 secs] 
2021-06-02T09:36:54.578+0800: 1641966.258: [GC (Allocation Failure) [PSYoungGen: 506304K->8768K(509440K)] 922580K->434101K(1033728K), 0.0300256 secs] [Times: user=0.04 sys=0.04, real=0.03 secs] 
2021-06-02T09:40:29.441+0800: 1642181.121: [GC (Allocation Failure) [PSYoungGen: 504384K->11904K(509952K)] 929717K->443675K(1034240K), 0.0306184 secs] [Times: user=0.08 sys=0.00, real=0.03 secs] 
2021-06-02T09:43:59.157+0800: 1642390.837: [GC (Allocation Failure) [PSYoungGen: 507520K->13952K(508928K)] 939291K->454902K(1033216K), 0.0537082 secs] [Times: user=0.05 sys=0.04, real=0.05 secs] 
2021-06-02T09:47:30.182+0800: 1642601.862: [GC (Allocation Failure) [PSYoungGen: 508544K->13152K(507904K)] 949494K->463401K(1032192K), 0.0321567 secs] [Times: user=0.08 sys=0.00, real=0.04 secs] 
2021-06-02T09:51:01.511+0800: 1642813.191: [GC (Allocation Failure) [PSYoungGen: 507744K->12480K(508928K)] 957993K->472300K(1033216K), 0.0315095 secs] [Times: user=0.05 sys=0.05, real=0.04 secs] 
2021-06-02T09:54:33.467+0800: 1643025.146: [GC (Allocation Failure) [PSYoungGen: 506040K->12512K(508928K)] 965861K->481927K(1033216K), 0.0407838 secs] [Times: user=0.05 sys=0.05, real=0.04 secs] 
2021-06-02T09:58:03.303+0800: 1643234.982: [GC (Allocation Failure) [PSYoungGen: 506080K->15328K(500736K)] 975495K->493469K(1025024K), 0.0398656 secs] [Times: user=0.04 sys=0.05, real=0.04 secs] 
2021-06-02T10:01:31.297+0800: 1643442.977: [GC (Allocation Failure) [PSYoungGen: 500704K->12800K(504832K)] 978845K->501927K(1029120K), 0.0256937 secs] [Times: user=0.04 sys=0.05, real=0.03 secs] 
2021-06-02T10:04:59.574+0800: 1643651.253: [GC (Allocation Failure) [PSYoungGen: 498176K->11200K(505344K)] 987303K->510416K(1029632K), 0.1099874 secs] [Times: user=0.06 sys=0.07, real=0.11 secs] 
2021-06-02T10:08:27.205+0800: 1643858.885: [GC (Allocation Failure) [PSYoungGen: 497600K->13472K(505344K)] 996816K->520244K(1029632K), 0.0352014 secs] [Times: user=0.04 sys=0.04, real=0.03 secs] 
2021-06-02T10:11:56.073+0800: 1644067.752: [GC (Allocation Failure) [PSYoungGen: 499872K->10976K(505856K)] 1006644K->528262K(1030144K), 0.0273868 secs] [Times: user=0.04 sys=0.04, real=0.02 secs] 
2021-06-02T10:11:56.101+0800: 1644067.780: [Full GC (Ergonomics) [PSYoungGen: 10976K->0K(505856K)] [ParOldGen: 517286K->305595K(524288K)] 528262K->305595K(1030144K), [Metaspace: 96344K->96344K(1138688K)], 0.4946659 secs] [Times: user=1.06 sys=0.00, real=0.50 secs] 
2021-06-02T10:15:23.883+0800: 1644275.563: [GC (Allocation Failure) [PSYoungGen: 487424K->15008K(505856K)] 793019K->320603K(1030144K), 0.0242727 secs] [Times: user=0.04 sys=0.03, real=0.02 secs] 
2021-06-02T10:18:52.950+0800: 1644484.630: [GC (Allocation Failure) [PSYoungGen: 502432K->11392K(505856K)] 808027K->329146K(1030144K), 0.0265129 secs] [Times: user=0.04 sys=0.04, real=0.03 secs] 
2021-06-02T10:22:22.726+0800: 1644694.406: [GC (Allocation Failure) [PSYoungGen: 498816K->11040K(505856K)] 816570K->336526K(1030144K), 0.0368437 secs] [Times: user=0.04 sys=0.04, real=0.04 secs] 
2021-06-02T10:25:51.619+0800: 1644903.299: [GC (Allocation Failure) [PSYoungGen: 498464K->12800K(506880K)] 823950K->346843K(1031168K), 0.0441836 secs] [Times: user=0.04 sys=0.04, real=0.05 secs] 
2021-06-02T10:29:22.056+0800: 1645113.736: [GC (Allocation Failure) [PSYoungGen: 501760K->12032K(506368K)] 835803K->355524K(1030656K), 0.0428477 secs] [Times: user=0.07 sys=0.06, real=0.04 secs] 
2021-06-02T10:32:50.750+0800: 1645322.430: [GC (Allocation Failure) [PSYoungGen: 500992K->11456K(507392K)] 844484K->363559K(1031680K), 0.0262492 secs] [Times: user=0.04 sys=0.04, real=0.03 secs] 
2021-06-02T10:36:21.197+0800: 1645532.876: [GC (Allocation Failure) [PSYoungGen: 501440K->13088K(506880K)] 853543K->372979K(1031168K), 0.0266618 secs] [Times: user=0.03 sys=0.04, real=0.03 secs] 
2021-06-02T10:39:51.592+0800: 1645743.272: [GC (Allocation Failure) [PSYoungGen: 503072K->12160K(507904K)] 862963K->380639K(1032192K), 0.0234360 secs] [Times: user=0.04 sys=0.04, real=0.02 secs] 
2021-06-02T10:43:20.417+0800: 1645952.097: [GC (Allocation Failure) [PSYoungGen: 503168K->11872K(507392K)] 871647K->389520K(1031680K), 0.0241560 secs] [Times: user=0.04 sys=0.03, real=0.02 secs] 
2021-06-02T10:46:50.542+0800: 1646162.221: [GC (Allocation Failure) [PSYoungGen: 502880K->8064K(507392K)] 880528K->395424K(1031680K), 0.0206881 secs] [Times: user=0.03 sys=0.03, real=0.03 secs] 
2021-06-02T10:50:20.107+0800: 1646371.787: [GC (Allocation Failure) [PSYoungGen: 499584K->12256K(507904K)] 886944K->406204K(1032192K), 0.0237742 secs] [Times: user=0.04 sys=0.03, real=0.02 secs] 
2021-06-02T10:53:51.012+0800: 1646582.691: [GC (Allocation Failure) [PSYoungGen: 503776K->13888K(507904K)] 897724K->417408K(1032192K), 0.0254952 secs] [Times: user=0.04 sys=0.03, real=0.03 secs] 
2021-06-02T10:57:22.347+0800: 1646794.027: [GC (Allocation Failure) [PSYoungGen: 505408K->12576K(507904K)] 908928K->426147K(1032192K), 0.0340906 secs] [Times: user=0.05 sys=0.04, real=0.03 secs] 
2021-06-02T11:00:52.715+0800: 1647004.395: [GC (Allocation Failure) [PSYoungGen: 504096K->14016K(507904K)] 917667K->436623K(1032192K), 0.0407423 secs] [Times: user=0.06 sys=0.06, real=0.04 secs] 
2021-06-02T11:04:22.853+0800: 1647214.533: [GC (Allocation Failure) [PSYoungGen: 505536K->11968K(507904K)] 928143K->443713K(1032192K), 0.0269474 secs] [Times: user=0.04 sys=0.04, real=0.02 secs] 
2021-06-02T11:07:53.731+0800: 1647425.411: [GC (Allocation Failure) [PSYoungGen: 503487K->11552K(508416K)] 935233K->451524K(1032704K), 0.0259495 secs] [Times: user=0.03 sys=0.04, real=0.03 secs] 
2021-06-02T11:11:23.894+0800: 1647635.574: [GC (Allocation Failure) [PSYoungGen: 503584K->11264K(507904K)] 943556K->460430K(1032192K), 0.0236443 secs] [Times: user=0.03 sys=0.03, real=0.02 secs] 
2021-06-02T11:14:55.798+0800: 1647847.478: [GC (Allocation Failure) [PSYoungGen: 503296K->9792K(508416K)] 952462K->468255K(1032704K), 0.0356072 secs] [Times: user=0.04 sys=0.04, real=0.04 secs] 
2021-06-02T11:18:26.830+0800: 1648058.510: [GC (Allocation Failure) [PSYoungGen: 502336K->8992K(508416K)] 960799K->474546K(1032704K), 0.0255653 secs] [Times: user=0.04 sys=0.04, real=0.03 secs] 
2021-06-02T11:21:58.508+0800: 1648270.188: [GC (Allocation Failure) [PSYoungGen: 501536K->12608K(508416K)] 967090K->484998K(1032704K), 0.0272914 secs] [Times: user=0.04 sys=0.04, real=0.03 secs] 
2021-06-02T11:25:27.396+0800: 1648479.075: [GC (Allocation Failure) [PSYoungGen: 505152K->13024K(508416K)] 977542K->494473K(1032704K), 0.0244085 secs] [Times: user=0.04 sys=0.03, real=0.02 secs] 
2021-06-02T11:28:59.700+0800: 1648691.380: [GC (Allocation Failure) [PSYoungGen: 505568K->11072K(508416K)] 987017K->501955K(1032704K), 0.0256828 secs] [Times: user=0.04 sys=0.04, real=0.03 secs] 
2021-06-02T11:32:32.857+0800: 1648904.537: [GC (Allocation Failure) [PSYoungGen: 503616K->13248K(508416K)] 994499K->512342K(1032704K), 0.0278399 secs] [Times: user=0.05 sys=0.04, real=0.03 secs] 
2021-06-02T11:36:00.829+0800: 1649112.508: [GC (Allocation Failure) [PSYoungGen: 505792K->11392K(508416K)] 1004886K->520727K(1032704K), 0.0264498 secs] [Times: user=0.04 sys=0.05, real=0.03 secs] 
2021-06-02T11:39:33.892+0800: 1649325.571: [GC (Allocation Failure) [PSYoungGen: 503936K->9920K(508416K)] 1013271K->528161K(1032704K), 0.0314222 secs] [Times: user=0.03 sys=0.04, real=0.04 secs] 
2021-06-02T11:39:33.924+0800: 1649325.603: [Full GC (Ergonomics) [PSYoungGen: 9920K->0K(508416K)] [ParOldGen: 518241K->305307K(524288K)] 528161K->305307K(1032704K), [Metaspace: 96347K->96347K(1138688K)], 0.4430396 secs] [Times: user=1.03 sys=0.00, real=0.44 secs] 
2021-06-02T11:43:06.954+0800: 1649538.633: [GC (Allocation Failure) [PSYoungGen: 492544K->7968K(508416K)] 797851K->313275K(1032704K), 0.0207347 secs] [Times: user=0.03 sys=0.03, real=0.02 secs] 
2021-06-02T11:46:39.008+0800: 1649750.688: [GC (Allocation Failure) [PSYoungGen: 500512K->10016K(508416K)] 805819K->321798K(1032704K), 0.0256736 secs] [Times: user=0.03 sys=0.03, real=0.03 secs] 
2021-06-02T11:50:11.082+0800: 1649962.761: [GC (Allocation Failure) [PSYoungGen: 502560K->12928K(508416K)] 814342K->331484K(1032704K), 0.0273238 secs] [Times: user=0.05 sys=0.04, real=0.03 secs] 
2021-06-02T11:53:41.360+0800: 1650173.039: [GC (Allocation Failure) [PSYoungGen: 505472K->11264K(508416K)] 824028K->340076K(1032704K), 0.0270017 secs] [Times: user=0.04 sys=0.04, real=0.03 secs] 
2021-06-02T11:57:11.745+0800: 1650383.425: [GC (Allocation Failure) [PSYoungGen: 503808K->12032K(508928K)] 832620K->349728K(1033216K), 0.0457907 secs] [Times: user=0.04 sys=0.03, real=0.04 secs] 
2021-06-02T12:00:46.993+0800: 1650598.672: [GC (Allocation Failure) [PSYoungGen: 505600K->9376K(508928K)] 843296K->356513K(1033216K), 0.0215318 secs] [Times: user=0.03 sys=0.04, real=0.02 secs] 
2021-06-02T12:04:19.334+0800: 1650811.013: [GC (Allocation Failure) [PSYoungGen: 502944K->8960K(508928K)] 850081K->363659K(1033216K), 0.0271269 secs] [Times: user=0.04 sys=0.04, real=0.02 secs] 
2021-06-02T12:07:51.186+0800: 1651022.866: [GC (Allocation Failure) [PSYoungGen: 502528K->9856K(508928K)] 857227K->371807K(1033216K), 0.0280587 secs] [Times: user=0.04 sys=0.03, real=0.03 secs] 
2021-06-02T12:11:19.870+0800: 1651231.550: [GC (Allocation Failure) [PSYoungGen: 503424K->12320K(508928K)] 865375K->382683K(1033216K), 0.0263624 secs] [Times: user=0.03 sys=0.04, real=0.03 secs] 
2021-06-02T12:14:51.695+0800: 1651443.374: [GC (Allocation Failure) [PSYoungGen: 505888K->9088K(508928K)] 876251K->388037K(1033216K), 0.0275526 secs] [Times: user=0.03 sys=0.04, real=0.03 secs] 
2021-06-02T12:18:21.911+0800: 1651653.590: [GC (Allocation Failure) [PSYoungGen: 502656K->12896K(508928K)] 881605K->398217K(1033216K), 0.0305587 secs] [Times: user=0.03 sys=0.03, real=0.03 secs] 
2021-06-02T12:21:52.246+0800: 1651863.926: [GC (Allocation Failure) [PSYoungGen: 506464K->11264K(508928K)] 891785K->405755K(1033216K), 0.0278006 secs] [Times: user=0.03 sys=0.03, real=0.03 secs] 
2021-06-02T12:25:22.433+0800: 1652074.113: [GC (Allocation Failure) [PSYoungGen: 504832K->12256K(508928K)] 899323K->415653K(1033216K), 0.0920615 secs] [Times: user=0.04 sys=0.05, real=0.09 secs] 
2021-06-02T12:28:52.886+0800: 1652284.565: [GC (Allocation Failure) [PSYoungGen: 505824K->12800K(508928K)] 909221K->425128K(1033216K), 0.0251804 secs] [Times: user=0.04 sys=0.04, real=0.02 secs] 
2021-06-02T12:32:22.615+0800: 1652494.295: [GC (Allocation Failure) [PSYoungGen: 506368K->14272K(506880K)] 918696K->435219K(1031168K), 0.0551108 secs] [Times: user=0.08 sys=0.00, real=0.05 secs] 
2021-06-02T12:35:51.998+0800: 1652703.678: [GC (Allocation Failure) [PSYoungGen: 505792K->11616K(507904K)] 926739K->443196K(1032192K), 0.0276602 secs] [Times: user=0.03 sys=0.05, real=0.03 secs] 
2021-06-02T12:39:24.878+0800: 1652916.558: [GC (Allocation Failure) [PSYoungGen: 503136K->9120K(508416K)] 934716K->448749K(1032704K), 0.0227586 secs] [Times: user=0.04 sys=0.04, real=0.02 secs] 
2021-06-02T12:42:55.548+0800: 1653127.227: [GC (Allocation Failure) [PSYoungGen: 501664K->10848K(508416K)] 941293K->457274K(1032704K), 0.0247397 secs] [Times: user=0.03 sys=0.03, real=0.03 secs] 
2021-06-02T12:46:29.941+0800: 1653341.620: [GC (Allocation Failure) [PSYoungGen: 503392K->9472K(508928K)] 949818K->465020K(1033216K), 0.0244366 secs] [Times: user=0.08 sys=0.00, real=0.03 secs] 
2021-06-02T12:50:00.185+0800: 1653551.864: [GC (Allocation Failure) [PSYoungGen: 503040K->11680K(508928K)] 958588K->475006K(1033216K), 0.0245042 secs] [Times: user=0.08 sys=0.00, real=0.02 secs] 
2021-06-02T12:53:30.861+0800: 1653762.541: [GC (Allocation Failure) [PSYoungGen: 505248K->12032K(508928K)] 968574K->484840K(1033216K), 0.0267407 secs] [Times: user=0.04 sys=0.04, real=0.03 secs] 
2021-06-02T12:56:57.837+0800: 1653969.516: [GC (Allocation Failure) [PSYoungGen: 505600K->13770K(507392K)] 978408K->494742K(1031680K), 0.0697812 secs] [Times: user=0.04 sys=0.04, real=0.07 secs] 
2021-06-02T13:00:27.972+0800: 1654179.652: [GC (Allocation Failure) [PSYoungGen: 507338K->12960K(508416K)] 988310K->504530K(1032704K), 0.0515081 secs] [Times: user=0.04 sys=0.04, real=0.05 secs] 
2021-06-02T13:03:58.491+0800: 1654390.170: [GC (Allocation Failure) [PSYoungGen: 505504K->13280K(508416K)] 997074K->513647K(1032704K), 0.0284125 secs] [Times: user=0.04 sys=0.04, real=0.03 secs] 
2021-06-02T13:07:28.764+0800: 1654600.443: [GC (Allocation Failure) [PSYoungGen: 505824K->12448K(508416K)] 1006191K->522865K(1032704K), 0.0311089 secs] [Times: user=0.04 sys=0.04, real=0.03 secs] 
2021-06-02T13:11:02.464+0800: 1654814.144: [GC (Allocation Failure) [PSYoungGen: 504992K->10528K(508416K)] 1015409K->530002K(1032704K), 0.0279206 secs] [Times: user=0.04 sys=0.05, real=0.03 secs] 
2021-06-02T13:11:02.493+0800: 1654814.172: [Full GC (Ergonomics) [PSYoungGen: 10528K->0K(508416K)] [ParOldGen: 519474K->307980K(524288K)] 530002K->307980K(1032704K), [Metaspace: 96348K->96348K(1138688K)], 0.5147601 secs] [Times: user=1.14 sys=0.00, real=0.51 secs] 
2021-06-02T13:14:35.415+0800: 1655027.095: [GC (Allocation Failure) [PSYoungGen: 492544K->12160K(508928K)] 800524K->320140K(1033216K), 0.0303985 secs] [Times: user=0.03 sys=0.03, real=0.03 secs] 
2021-06-02T13:18:08.203+0800: 1655239.883: [GC (Allocation Failure) [PSYoungGen: 505216K->12448K(508416K)] 813196K->330734K(1032704K), 0.0283972 secs] [Times: user=0.04 sys=0.03, real=0.02 secs] 
2021-06-02T13:21:39.054+0800: 1655450.733: [GC (Allocation Failure) [PSYoungGen: 505504K->11872K(509440K)] 823790K->339089K(1033728K), 0.0273368 secs] [Times: user=0.07 sys=0.00, real=0.02 secs] 
2021-06-02T13:25:12.446+0800: 1655664.125: [GC (Allocation Failure) [PSYoungGen: 505952K->10240K(508928K)] 833169K->345251K(1033216K), 0.0311674 secs] [Times: user=0.08 sys=0.00, real=0.03 secs] 
2021-06-02T13:28:43.231+0800: 1655874.911: [GC (Allocation Failure) [PSYoungGen: 504320K->12640K(509440K)] 839331K->355030K(1033728K), 0.0373039 secs] [Times: user=0.08 sys=0.00, real=0.04 secs] 
2021-06-02T13:32:15.652+0800: 1656087.331: [GC (Allocation Failure) [PSYoungGen: 507232K->11936K(509440K)] 849622K->363192K(1033728K), 0.0226627 secs] [Times: user=0.04 sys=0.04, real=0.03 secs] 
2021-06-02T13:35:48.526+0800: 1656300.206: [GC (Allocation Failure) [PSYoungGen: 506528K->11808K(509952K)] 857784K->372442K(1034240K), 0.1081403 secs] [Times: user=0.04 sys=0.04, real=0.11 secs] 
2021-06-02T13:39:20.876+0800: 1656512.556: [GC (Allocation Failure) [PSYoungGen: 506912K->11360K(509440K)] 867546K->380230K(1033728K), 0.0265982 secs] [Times: user=0.03 sys=0.04, real=0.03 secs] 
2021-06-02T13:42:52.358+0800: 1656724.037: [GC (Allocation Failure) [PSYoungGen: 506460K->11744K(509952K)] 875330K->388648K(1034240K), 0.0285641 secs] [Times: user=0.04 sys=0.04, real=0.03 secs] 
2021-06-02T13:46:27.971+0800: 1656939.651: [GC (Allocation Failure) [PSYoungGen: 507360K->10528K(509952K)] 884264K->396593K(1034240K), 0.0251065 secs] [Times: user=0.04 sys=0.03, real=0.03 secs] 
2021-06-02T13:50:01.788+0800: 1657153.467: [GC (Allocation Failure) [PSYoungGen: 506144K->10464K(509952K)] 892209K->405036K(1034240K), 0.0265192 secs] [Times: user=0.04 sys=0.03, real=0.03 secs] 
2021-06-02T13:53:36.208+0800: 1657367.888: [GC (Allocation Failure) [PSYoungGen: 506080K->7552K(509952K)] 900652K->411020K(1034240K), 0.0275626 secs] [Times: user=0.05 sys=0.04, real=0.03 secs] 
2021-06-02T13:57:10.124+0800: 1657581.803: [GC (Allocation Failure) [PSYoungGen: 503168K->11040K(509952K)] 906636K->419906K(1034240K), 0.0259193 secs] [Times: user=0.08 sys=0.00, real=0.02 secs] 
2021-06-02T14:00:43.290+0800: 1657794.969: [GC (Allocation Failure) [PSYoungGen: 506656K->8864K(509952K)] 915522K->425285K(1034240K), 0.0347236 secs] [Times: user=0.07 sys=0.00, real=0.04 secs] 
2021-06-02T14:04:14.381+0800: 1658006.060: [GC (Allocation Failure) [PSYoungGen: 504480K->12416K(508928K)] 920901K->434913K(1033216K), 0.0326516 secs] [Times: user=0.04 sys=0.04, real=0.04 secs] 
2021-06-02T14:07:48.554+0800: 1658220.234: [GC (Allocation Failure) [PSYoungGen: 507008K->13792K(508416K)] 929505K->445334K(1032704K), 0.0351362 secs] [Times: user=0.04 sys=0.04, real=0.03 secs] 
2021-06-02T14:11:20.296+0800: 1658431.975: [GC (Allocation Failure) [PSYoungGen: 508384K->12352K(508928K)] 939926K->453824K(1033216K), 0.0292583 secs] [Times: user=0.04 sys=0.04, real=0.03 secs] 
2021-06-02T14:14:50.459+0800: 1658642.138: [GC (Allocation Failure) [PSYoungGen: 505920K->12320K(508928K)] 947392K->462610K(1033216K), 0.0259660 secs] [Times: user=0.04 sys=0.03, real=0.03 secs] 
2021-06-02T14:18:21.613+0800: 1658853.292: [GC (Allocation Failure) [PSYoungGen: 505888K->11904K(509440K)] 956178K->470798K(1033728K), 0.0236713 secs] [Times: user=0.03 sys=0.03, real=0.02 secs] 
2021-06-02T14:21:53.127+0800: 1659064.807: [GC (Allocation Failure) [PSYoungGen: 505984K->11616K(508928K)] 964878K->478753K(1033216K), 0.0235735 secs] [Times: user=0.03 sys=0.04, real=0.02 secs] 
2021-06-02T14:25:24.863+0800: 1659276.543: [GC (Allocation Failure) [PSYoungGen: 505696K->12640K(509440K)] 972833K->487909K(1033728K), 0.0252835 secs] [Times: user=0.04 sys=0.04, real=0.02 secs] 
2021-06-02T14:28:56.978+0800: 1659488.657: [GC (Allocation Failure) [PSYoungGen: 507232K->11616K(509440K)] 982501K->495839K(1033728K), 0.0286517 secs] [Times: user=0.04 sys=0.04, real=0.03 secs] 
2021-06-02T14:32:29.196+0800: 1659700.875: [GC (Allocation Failure) [PSYoungGen: 506208K->13472K(508928K)] 990431K->505627K(1033216K), 0.0276828 secs] [Times: user=0.04 sys=0.04, real=0.03 secs] 
2021-06-02T14:36:01.128+0800: 1659912.807: [GC (Allocation Failure) [PSYoungGen: 508064K->9088K(503808K)] 1000219K->511609K(1028096K), 0.0257271 secs] [Times: user=0.04 sys=0.04, real=0.03 secs] 
2021-06-02T14:39:36.270+0800: 1660127.949: [GC (Allocation Failure) [PSYoungGen: 503680K->6560K(507904K)] 1006201K->516218K(1032192K), 0.0212600 secs] [Times: user=0.04 sys=0.03, real=0.02 secs] 
2021-06-02T14:43:08.172+0800: 1660339.852: [GC (Allocation Failure) [PSYoungGen: 499104K->10848K(508416K)] 1008762K->525125K(1032704K), 0.0295743 secs] [Times: user=0.04 sys=0.04, real=0.02 secs] 
2021-06-02T14:43:08.202+0800: 1660339.882: [Full GC (Ergonomics) [PSYoungGen: 10848K->0K(508416K)] [ParOldGen: 514277K->299452K(524288K)] 525125K->299452K(1032704K), [Metaspace: 96348K->96348K(1138688K)], 0.4894483 secs] [Times: user=1.06 sys=0.00, real=0.48 secs] 
2021-06-02T14:46:40.339+0800: 1660552.019: [GC (Allocation Failure) [PSYoungGen: 492544K->10208K(509440K)] 791996K->309660K(1033728K), 0.0274183 secs] [Times: user=0.03 sys=0.04, real=0.03 secs] 
2021-06-02T14:50:12.144+0800: 1660763.824: [GC (Allocation Failure) [PSYoungGen: 504288K->11264K(508928K)] 803740K->319502K(1033216K), 0.0331856 secs] [Times: user=0.04 sys=0.04, real=0.03 secs] 
2021-06-02T14:53:42.663+0800: 1660974.343: [GC (Allocation Failure) [PSYoungGen: 505344K->12864K(509440K)] 813582K->329098K(1033728K), 0.0265202 secs] [Times: user=0.03 sys=0.03, real=0.02 secs] 
2021-06-02T14:57:15.310+0800: 1661186.990: [GC (Allocation Failure) [PSYoungGen: 507456K->10912K(509440K)] 823690K->336741K(1033728K), 0.0255245 secs] [Times: user=0.03 sys=0.04, real=0.03 secs] 
2021-06-02T15:00:49.751+0800: 1661401.431: [GC (Allocation Failure) [PSYoungGen: 505504K->11776K(509440K)] 831333K->346280K(1033728K), 0.0307777 secs] [Times: user=0.04 sys=0.04, real=0.03 secs] 
2021-06-02T15:04:22.209+0800: 1661613.889: [GC (Allocation Failure) [PSYoungGen: 506367K->10912K(509440K)] 840871K->354562K(1033728K), 0.0233773 secs] [Times: user=0.03 sys=0.03, real=0.03 secs] 
2021-06-02T15:07:52.498+0800: 1661824.178: [GC (Allocation Failure) [PSYoungGen: 505504K->10464K(509952K)] 849154K->362621K(1034240K), 0.0261644 secs] [Times: user=0.03 sys=0.04, real=0.03 secs] 
2021-06-02T15:11:25.660+0800: 1662037.339: [GC (Allocation Failure) [PSYoungGen: 506080K->10752K(509952K)] 858237K->370943K(1034240K), 0.0224693 secs] [Times: user=0.03 sys=0.03, real=0.03 secs] 
2021-06-02T15:15:00.635+0800: 1662252.315: [GC (Allocation Failure) [PSYoungGen: 506368K->7808K(509440K)] 866559K->376695K(1033728K), 0.0311025 secs] [Times: user=0.05 sys=0.05, real=0.03 secs] 
2021-06-02T15:18:32.671+0800: 1662464.350: [GC (Allocation Failure) [PSYoungGen: 503424K->13088K(508928K)] 872311K->388236K(1033216K), 0.0303700 secs] [Times: user=0.03 sys=0.03, real=0.03 secs] 
2021-06-02T15:22:03.711+0800: 1662675.390: [GC (Allocation Failure) [PSYoungGen: 508704K->11104K(509952K)] 883852K->396535K(1034240K), 0.0258231 secs] [Times: user=0.03 sys=0.04, real=0.03 secs] 
2021-06-02T15:25:37.873+0800: 1662889.553: [GC (Allocation Failure) [PSYoungGen: 506208K->10368K(509440K)] 891639K->404776K(1033728K), 0.0237277 secs] [Times: user=0.03 sys=0.04, real=0.02 secs] 
2021-06-02T15:29:11.618+0800: 1663103.298: [GC (Allocation Failure) [PSYoungGen: 505472K->8736K(509952K)] 899880K->411235K(1034240K), 0.0227080 secs] [Times: user=0.03 sys=0.04, real=0.02 secs] 
2021-06-02T15:32:44.450+0800: 1663316.130: [GC (Allocation Failure) [PSYoungGen: 504352K->10496K(509952K)] 906851K->420038K(1034240K), 0.0225620 secs] [Times: user=0.06 sys=0.00, real=0.03 secs] 
2021-06-02T15:36:17.401+0800: 1663529.080: [GC (Allocation Failure) [PSYoungGen: 506112K->11424K(510464K)] 915654K->429328K(1034752K), 0.0246575 secs] [Times: user=0.04 sys=0.03, real=0.03 secs] 
2021-06-02T15:39:50.010+0800: 1663741.690: [GC (Allocation Failure) [PSYoungGen: 508064K->10688K(510464K)] 925968K->436948K(1034752K), 0.0228612 secs] [Times: user=0.04 sys=0.04, real=0.03 secs] 
2021-06-02T15:43:23.011+0800: 1663954.690: [GC (Allocation Failure) [PSYoungGen: 507328K->13792K(503296K)] 933588K->447961K(1027584K), 0.0259886 secs] [Times: user=0.04 sys=0.03, real=0.03 secs] 
2021-06-02T15:46:50.836+0800: 1664162.516: [GC (Allocation Failure) [PSYoungGen: 503264K->9216K(506880K)] 937433K->453816K(1031168K), 0.0731236 secs] [Times: user=0.04 sys=0.03, real=0.07 secs] 
2021-06-02T15:50:19.665+0800: 1664371.344: [GC (Allocation Failure) [PSYoungGen: 498688K->10304K(507392K)] 943288K->462373K(1031680K), 0.0259330 secs] [Times: user=0.04 sys=0.04, real=0.02 secs] 
2021-06-02T15:53:48.132+0800: 1664579.812: [GC (Allocation Failure) [PSYoungGen: 500288K->14272K(506880K)] 952357K->474553K(1031168K), 0.0322464 secs] [Times: user=0.05 sys=0.05, real=0.03 secs] 
2021-06-02T15:57:15.217+0800: 1664786.896: [GC (Allocation Failure) [PSYoungGen: 504256K->12576K(506880K)] 964537K->483171K(1031168K), 0.0265180 secs] [Times: user=0.03 sys=0.04, real=0.03 secs] 
2021-06-02T16:00:43.680+0800: 1664995.359: [GC (Allocation Failure) [PSYoungGen: 502048K->12992K(506880K)] 972643K->493350K(1031168K), 0.0244649 secs] [Times: user=0.04 sys=0.04, real=0.03 secs] 
2021-06-02T16:04:15.762+0800: 1665207.442: [GC (Allocation Failure) [PSYoungGen: 502464K->8096K(506880K)] 982822K->498492K(1031168K), 0.0231857 secs] [Times: user=0.03 sys=0.03, real=0.03 secs] 
2021-06-02T16:07:46.034+0800: 1665417.714: [GC (Allocation Failure) [PSYoungGen: 497568K->10464K(506880K)] 987964K->507440K(1031168K), 0.0205742 secs] [Times: user=0.04 sys=0.03, real=0.02 secs] 
2021-06-02T16:11:13.448+0800: 1665625.128: [GC (Allocation Failure) [PSYoungGen: 499936K->12672K(507392K)] 996912K->518002K(1031680K), 0.0243893 secs] [Times: user=0.03 sys=0.03, real=0.03 secs] 
2021-06-02T16:14:43.411+0800: 1665835.091: [GC (Allocation Failure) [PSYoungGen: 503168K->13376K(507392K)] 1008498K->526557K(1031680K), 0.0250652 secs] [Times: user=0.03 sys=0.03, real=0.03 secs] 
2021-06-02T16:14:43.437+0800: 1665835.117: [Full GC (Ergonomics) [PSYoungGen: 13376K->0K(507392K)] [ParOldGen: 513181K->309758K(524288K)] 526557K->309758K(1031680K), [Metaspace: 96352K->96352K(1138688K)], 0.4174066 secs] [Times: user=0.92 sys=0.00, real=0.42 secs] 
2021-06-02T16:18:14.423+0800: 1666046.102: [GC (Allocation Failure) [PSYoungGen: 490496K->11712K(507904K)] 800254K->321470K(1032192K), 0.0195209 secs] [Times: user=0.02 sys=0.03, real=0.02 secs] 
2021-06-02T16:21:46.506+0800: 1666258.186: [GC (Allocation Failure) [PSYoungGen: 502720K->12096K(507392K)] 812478K->330810K(1031680K), 0.0750773 secs] [Times: user=0.04 sys=0.04, real=0.07 secs] 
2021-06-02T16:25:19.435+0800: 1666471.115: [GC (Allocation Failure) [PSYoungGen: 503104K->8832K(507904K)] 821818K->337458K(1032192K), 0.0253401 secs] [Times: user=0.03 sys=0.04, real=0.02 secs] 
2021-06-02T16:28:49.428+0800: 1666681.107: [GC (Allocation Failure) [PSYoungGen: 500352K->11872K(507904K)] 828978K->347351K(1032192K), 0.0218977 secs] [Times: user=0.04 sys=0.03, real=0.02 secs] 
2021-06-02T16:32:19.667+0800: 1666891.347: [GC (Allocation Failure) [PSYoungGen: 503392K->12256K(508416K)] 838871K->357745K(1032704K), 0.0284304 secs] [Times: user=0.04 sys=0.04, real=0.03 secs] 
2021-06-02T16:35:52.198+0800: 1667103.878: [GC (Allocation Failure) [PSYoungGen: 504800K->9376K(508416K)] 850289K->364762K(1032704K), 0.0281454 secs] [Times: user=0.04 sys=0.04, real=0.03 secs] 
2021-06-02T16:39:24.739+0800: 1667316.419: [GC (Allocation Failure) [PSYoungGen: 501920K->9184K(508416K)] 857306K->371599K(1032704K), 0.0297534 secs] [Times: user=0.04 sys=0.04, real=0.03 secs] 
2021-06-02T16:42:56.387+0800: 1667528.067: [GC (Allocation Failure) [PSYoungGen: 501728K->13472K(506368K)] 864143K->382259K(1030656K), 0.0375479 secs] [Times: user=0.05 sys=0.05, real=0.04 secs] 
2021-06-02T16:46:29.363+0800: 1667741.042: [GC (Allocation Failure) [PSYoungGen: 506016K->6560K(507904K)] 874803K->385824K(1032192K), 0.0275483 secs] [Times: user=0.08 sys=0.00, real=0.02 secs] 
2021-06-02T16:50:00.639+0800: 1667952.319: [GC (Allocation Failure) [PSYoungGen: 498080K->12672K(504320K)] 877344K->396677K(1028608K), 0.0302800 secs] [Times: user=0.04 sys=0.04, real=0.03 secs] 
2021-06-02T16:53:32.548+0800: 1668164.228: [GC (Allocation Failure) [PSYoungGen: 504192K->8960K(507904K)] 888197K->402557K(1032192K), 0.0751595 secs] [Times: user=0.05 sys=0.05, real=0.08 secs] 
2021-06-02T16:57:05.319+0800: 1668376.999: [GC (Allocation Failure) [PSYoungGen: 499968K->9824K(507392K)] 893565K->410591K(1031680K), 0.0278306 secs] [Times: user=0.04 sys=0.05, real=0.03 secs] 
2021-06-02T17:00:35.641+0800: 1668587.320: [GC (Allocation Failure) [PSYoungGen: 500832K->9824K(508416K)] 901599K->418570K(1032704K), 0.0302266 secs] [Times: user=0.04 sys=0.04, real=0.03 secs] 
2021-06-02T17:04:07.892+0800: 1668799.572: [GC (Allocation Failure) [PSYoungGen: 501856K->11616K(507904K)] 910602K->427382K(1032192K), 0.0272632 secs] [Times: user=0.04 sys=0.03, real=0.03 secs] 
2021-06-02T17:07:38.197+0800: 1669009.876: [GC (Allocation Failure) [PSYoungGen: 503648K->13504K(507392K)] 919414K->437049K(1031680K), 0.0304128 secs] [Times: user=0.04 sys=0.05, real=0.03 secs] 
2021-06-02T17:11:09.712+0800: 1669221.391: [GC (Allocation Failure) [PSYoungGen: 505024K->6784K(507904K)] 928569K->441096K(1032192K), 0.0257144 secs] [Times: user=0.04 sys=0.05, real=0.03 secs] 
2021-06-02T17:14:37.746+0800: 1669429.425: [GC (Allocation Failure) [PSYoungGen: 498304K->11968K(507904K)] 932616K->451518K(1032192K), 0.0276679 secs] [Times: user=0.03 sys=0.04, real=0.03 secs] 
2021-06-02T17:18:06.651+0800: 1669638.331: [GC (Allocation Failure) [PSYoungGen: 503488K->10720K(507904K)] 943038K->459911K(1032192K), 0.0289231 secs] [Times: user=0.03 sys=0.03, real=0.03 secs] 
2021-06-02T17:21:35.832+0800: 1669847.512: [GC (Allocation Failure) [PSYoungGen: 502240K->10976K(508928K)] 951431K->468819K(1033216K), 0.0239494 secs] [Times: user=0.04 sys=0.04, real=0.02 secs] 
2021-06-02T17:25:09.832+0800: 1670061.512: [GC (Allocation Failure) [PSYoungGen: 504032K->11264K(508416K)] 961875K->477470K(1032704K), 0.0213498 secs] [Times: user=0.04 sys=0.03, real=0.03 secs] 
2021-06-02T17:28:42.875+0800: 1670274.555: [GC (Allocation Failure) [PSYoungGen: 504320K->8384K(508928K)] 970526K->484413K(1033216K), 0.0278013 secs] [Times: user=0.07 sys=0.00, real=0.03 secs] 
2021-06-02T17:32:14.129+0800: 1670485.809: [GC (Allocation Failure) [PSYoungGen: 501952K->8160K(508928K)] 977981K->490784K(1033216K), 0.0235495 secs] [Times: user=0.03 sys=0.03, real=0.03 secs] 
2021-06-02T17:35:49.504+0800: 1670701.184: [GC (Allocation Failure) [PSYoungGen: 501728K->6624K(508928K)] 984352K->496480K(1033216K), 0.0206340 secs] [Times: user=0.03 sys=0.03, real=0.02 secs] 
2021-06-02T17:39:20.895+0800: 1670912.574: [GC (Allocation Failure) [PSYoungGen: 500192K->8448K(508928K)] 990048K->503356K(1033216K), 0.0222132 secs] [Times: user=0.04 sys=0.03, real=0.02 secs] 
2021-06-02T17:42:49.155+0800: 1671120.835: [GC (Allocation Failure) [PSYoungGen: 502016K->12352K(508416K)] 996924K->514304K(1032704K), 0.0248256 secs] [Times: user=0.03 sys=0.03, real=0.02 secs] 
2021-06-02T17:46:23.006+0800: 1671334.685: [GC (Allocation Failure) [PSYoungGen: 505920K->12672K(506368K)] 1007872K->523853K(1030656K), 0.0240763 secs] [Times: user=0.04 sys=0.03, real=0.02 secs] 
2021-06-02T17:49:56.686+0800: 1671548.366: [GC (Allocation Failure) [PSYoungGen: 506240K->8192K(508416K)] 1017421K->529278K(1032704K), 0.0293502 secs] [Times: user=0.04 sys=0.04, real=0.03 secs] 
2021-06-02T17:49:56.716+0800: 1671548.396: [Full GC (Ergonomics) [PSYoungGen: 8192K->0K(508416K)] [ParOldGen: 521086K->300418K(524288K)] 529278K->300418K(1032704K), [Metaspace: 96352K->96352K(1138688K)], 0.4540706 secs] [Times: user=1.06 sys=0.00, real=0.45 secs] 
2021-06-02T17:53:27.486+0800: 1671759.166: [GC (Allocation Failure) [PSYoungGen: 492544K->10080K(508416K)] 792962K->310498K(1032704K), 0.0246946 secs] [Times: user=0.03 sys=0.03, real=0.02 secs] 
2021-06-02T17:57:00.346+0800: 1671972.026: [GC (Allocation Failure) [PSYoungGen: 502624K->9184K(509440K)] 803042K->317732K(1033728K), 0.0244391 secs] [Times: user=0.03 sys=0.03, real=0.02 secs] 
2021-06-02T18:00:32.700+0800: 1672184.380: [GC (Allocation Failure) [PSYoungGen: 503264K->9760K(508928K)] 811812K->325654K(1033216K), 0.0202830 secs] [Times: user=0.03 sys=0.03, real=0.02 secs] 
2021-06-02T18:04:02.068+0800: 1672393.748: [GC (Allocation Failure) [PSYoungGen: 503840K->12224K(508928K)] 819734K->335818K(1033216K), 0.0272172 secs] [Times: user=0.04 sys=0.04, real=0.03 secs] 
2021-06-02T18:07:36.855+0800: 1672608.535: [GC (Allocation Failure) [PSYoungGen: 506816K->7648K(509440K)] 830410K->340459K(1033728K), 0.0311630 secs] [Times: user=0.04 sys=0.04, real=0.03 secs] 
2021-06-02T18:11:07.166+0800: 1672818.846: [GC (Allocation Failure) [PSYoungGen: 502240K->10112K(509952K)] 835051K->349213K(1034240K), 0.0215660 secs] [Times: user=0.03 sys=0.03, real=0.02 secs] 
2021-06-02T18:14:41.790+0800: 1673033.470: [GC (Allocation Failure) [PSYoungGen: 505216K->11200K(509440K)] 844317K->357313K(1033728K), 0.0225502 secs] [Times: user=0.02 sys=0.04, real=0.03 secs] 
2021-06-02T18:18:13.757+0800: 1673245.437: [GC (Allocation Failure) [PSYoungGen: 506304K->12768K(508928K)] 852417K->366846K(1033216K), 0.0277812 secs] [Times: user=0.04 sys=0.04, real=0.03 secs] 
2021-06-02T18:21:45.496+0800: 1673457.176: [GC (Allocation Failure) [PSYoungGen: 507360K->10144K(509440K)] 861438K->374791K(1033728K), 0.0243462 secs] [Times: user=0.03 sys=0.03, real=0.02 secs] 
2021-06-02T18:25:19.179+0800: 1673670.859: [GC (Allocation Failure) [PSYoungGen: 504736K->11712K(509440K)] 869383K->384770K(1033728K), 0.0410521 secs] [Times: user=0.05 sys=0.06, real=0.04 secs] 
2021-06-02T18:28:51.560+0800: 1673883.240: [GC (Allocation Failure) [PSYoungGen: 506304K->9760K(509440K)] 879362K->393259K(1033728K), 0.0286526 secs] [Times: user=0.03 sys=0.04, real=0.03 secs] 
2021-06-02T18:32:25.136+0800: 1674096.815: [GC (Allocation Failure) [PSYoungGen: 504352K->8704K(509952K)] 887851K->399765K(1034240K), 0.0202697 secs] [Times: user=0.03 sys=0.04, real=0.02 secs] 
2021-06-02T18:35:59.287+0800: 1674310.967: [GC (Allocation Failure) [PSYoungGen: 504320K->9600K(509952K)] 895381K->408033K(1034240K), 0.0233334 secs] [Times: user=0.04 sys=0.03, real=0.02 secs] 
2021-06-02T18:39:33.746+0800: 1674525.426: [GC (Allocation Failure) [PSYoungGen: 505216K->8512K(510464K)] 903649K->414668K(1034752K), 0.0205683 secs] [Times: user=0.03 sys=0.03, real=0.02 secs] 
2021-06-02T18:43:06.755+0800: 1674738.434: [GC (Allocation Failure) [PSYoungGen: 504640K->10976K(509952K)] 910796K->423830K(1034240K), 0.0239432 secs] [Times: user=0.03 sys=0.03, real=0.02 secs] 
2021-06-02T18:46:42.436+0800: 1674954.115: [GC (Allocation Failure) [PSYoungGen: 507064K->8864K(510464K)] 919918K->430128K(1034752K), 0.0217701 secs] [Times: user=0.03 sys=0.03, real=0.02 secs] 
2021-06-02T18:50:16.494+0800: 1675168.174: [GC (Allocation Failure) [PSYoungGen: 505504K->9824K(510464K)] 926768K->437252K(1034752K), 0.0238731 secs] [Times: user=0.03 sys=0.04, real=0.02 secs] 
2021-06-02T18:53:52.230+0800: 1675383.909: [GC (Allocation Failure) [PSYoungGen: 506464K->8352K(510976K)] 933892K->444692K(1035264K), 0.0239153 secs] [Times: user=0.04 sys=0.03, real=0.03 secs] 
2021-06-02T18:57:24.003+0800: 1675595.683: [GC (Allocation Failure) [PSYoungGen: 506016K->6538K(504320K)] 942356K->449679K(1028608K), 0.0355479 secs] [Times: user=0.04 sys=0.04, real=0.03 secs] 
2021-06-02T19:00:58.989+0800: 1675810.669: [GC (Allocation Failure) [PSYoungGen: 504202K->7776K(510464K)] 947343K->455348K(1034752K), 0.0241805 secs] [Times: user=0.04 sys=0.04, real=0.03 secs] 
2021-06-02T19:04:31.096+0800: 1676022.775: [GC (Allocation Failure) [PSYoungGen: 504416K->13792K(510464K)] 951988K->467961K(1034752K), 0.0252069 secs] [Times: user=0.03 sys=0.03, real=0.02 secs] 
2021-06-02T19:08:04.683+0800: 1676236.362: [GC (Allocation Failure) [PSYoungGen: 510432K->10848K(504320K)] 964601K->474627K(1028608K), 0.0304810 secs] [Times: user=0.04 sys=0.05, real=0.03 secs] 
2021-06-02T19:11:33.381+0800: 1676445.061: [GC (Allocation Failure) [PSYoungGen: 501344K->13024K(507392K)] 965123K->484791K(1031680K), 0.0231410 secs] [Times: user=0.04 sys=0.03, real=0.03 secs] 
2021-06-02T19:15:04.304+0800: 1676655.984: [GC (Allocation Failure) [PSYoungGen: 503520K->10464K(507904K)] 975287K->492338K(1032192K), 0.0618974 secs] [Times: user=0.04 sys=0.04, real=0.06 secs] 
2021-06-02T19:18:37.124+0800: 1676868.804: [GC (Allocation Failure) [PSYoungGen: 501472K->8832K(507392K)] 983346K->498996K(1031680K), 0.0230410 secs] [Times: user=0.03 sys=0.03, real=0.02 secs] 
2021-06-02T19:22:08.525+0800: 1677080.205: [GC (Allocation Failure) [PSYoungGen: 499840K->13120K(506880K)] 990004K->510838K(1031168K), 0.0243105 secs] [Times: user=0.03 sys=0.03, real=0.02 secs] 
2021-06-02T19:25:38.646+0800: 1677290.325: [GC (Allocation Failure) [PSYoungGen: 503616K->12608K(507392K)] 1001334K->519563K(1031680K), 0.0416775 secs] [Times: user=0.03 sys=0.03, real=0.04 secs] 
2021-06-02T19:29:09.068+0800: 1677500.748: [GC (Allocation Failure) [PSYoungGen: 503104K->11392K(507904K)] 1010059K->527462K(1032192K), 0.0245888 secs] [Times: user=0.04 sys=0.04, real=0.03 secs] 
2021-06-02T19:29:09.093+0800: 1677500.773: [Full GC (Ergonomics) [PSYoungGen: 11392K->0K(507904K)] [ParOldGen: 516070K->306282K(524288K)] 527462K->306282K(1032192K), [Metaspace: 96352K->96352K(1138688K)], 0.5350275 secs] [Times: user=0.56 sys=0.53, real=0.53 secs] 
2021-06-02T19:32:40.530+0800: 1677712.210: [GC (Allocation Failure) [PSYoungGen: 491008K->8800K(507392K)] 797290K->315082K(1031680K), 0.0213622 secs] [Times: user=0.06 sys=0.00, real=0.02 secs] 
2021-06-02T19:36:11.820+0800: 1677923.500: [GC (Allocation Failure) [PSYoungGen: 499808K->9824K(508416K)] 806090K->323836K(1032704K), 0.0249771 secs] [Times: user=0.03 sys=0.03, real=0.03 secs] 
2021-06-02T19:39:42.179+0800: 1678133.859: [GC (Allocation Failure) [PSYoungGen: 501856K->12192K(507904K)] 815868K->333872K(1032192K), 0.0216236 secs] [Times: user=0.04 sys=0.04, real=0.02 secs] 
2021-06-02T19:43:13.303+0800: 1678344.983: [GC (Allocation Failure) [PSYoungGen: 504224K->12096K(508416K)] 825904K->344075K(1032704K), 0.0255885 secs] [Times: user=0.04 sys=0.04, real=0.02 secs] 
2021-06-02T19:46:44.267+0800: 1678555.947: [GC (Allocation Failure) [PSYoungGen: 504640K->10976K(508416K)] 836619K->351691K(1032704K), 0.0234310 secs] [Times: user=0.03 sys=0.04, real=0.02 secs] 
2021-06-02T19:50:16.425+0800: 1678768.105: [GC (Allocation Failure) [PSYoungGen: 503520K->12352K(508928K)] 844235K->360744K(1033216K), 0.0248559 secs] [Times: user=0.03 sys=0.03, real=0.02 secs] 
2021-06-02T19:53:46.690+0800: 1678978.370: [GC (Allocation Failure) [PSYoungGen: 505920K->14912K(508928K)] 854312K->371702K(1033216K), 0.0585930 secs] [Times: user=0.07 sys=0.00, real=0.06 secs] 
2021-06-02T19:57:19.617+0800: 1679191.297: [GC (Allocation Failure) [PSYoungGen: 508480K->11168K(506880K)] 865270K->379007K(1031168K), 0.0275532 secs] [Times: user=0.04 sys=0.04, real=0.03 secs] 
2021-06-02T20:00:50.464+0800: 1679402.144: [GC (Allocation Failure) [PSYoungGen: 502688K->11904K(507904K)] 870527K->387635K(1032192K), 0.0294718 secs] [Times: user=0.03 sys=0.03, real=0.03 secs] 
2021-06-02T20:04:23.871+0800: 1679615.551: [GC (Allocation Failure) [PSYoungGen: 503424K->13184K(508416K)] 879155K->397527K(1032704K), 0.0245352 secs] [Times: user=0.04 sys=0.04, real=0.03 secs] 
2021-06-02T20:07:56.329+0800: 1679828.008: [GC (Allocation Failure) [PSYoungGen: 505728K->11680K(508416K)] 890071K->405617K(1032704K), 0.0286511 secs] [Times: user=0.04 sys=0.04, real=0.03 secs] 
2021-06-02T20:11:26.259+0800: 1680037.938: [GC (Allocation Failure) [PSYoungGen: 504224K->13184K(508416K)] 898161K->415310K(1032704K), 0.0246763 secs] [Times: user=0.03 sys=0.04, real=0.03 secs] 
2021-06-02T20:14:53.945+0800: 1680245.624: [GC (Allocation Failure) [PSYoungGen: 505728K->11008K(508416K)] 907854K->422848K(1032704K), 0.0222464 secs] [Times: user=0.03 sys=0.03, real=0.02 secs] 
2021-06-02T20:18:25.004+0800: 1680456.683: [GC (Allocation Failure) [PSYoungGen: 503552K->12736K(507904K)] 915392K->432570K(1032192K), 0.0313470 secs] [Times: user=0.04 sys=0.04, real=0.03 secs] 
2021-06-02T20:21:57.724+0800: 1680669.404: [GC (Allocation Failure) [PSYoungGen: 505280K->10720K(508416K)] 925114K->440813K(1032704K), 0.0462264 secs] [Times: user=0.03 sys=0.04, real=0.04 secs] 
2021-06-02T20:25:29.189+0800: 1680880.869: [GC (Allocation Failure) [PSYoungGen: 503264K->13568K(507904K)] 933357K->451401K(1032192K), 0.0332467 secs] [Times: user=0.04 sys=0.03, real=0.04 secs] 
2021-06-02T20:29:00.509+0800: 1681092.189: [GC (Allocation Failure) [PSYoungGen: 506112K->13920K(506880K)] 943945K->461588K(1031168K), 0.0741174 secs] [Times: user=0.05 sys=0.04, real=0.08 secs] 
2021-06-02T20:32:29.772+0800: 1681301.452: [GC (Allocation Failure) [PSYoungGen: 506464K->14624K(506880K)] 954132K->472321K(1031168K), 0.0278826 secs] [Times: user=0.04 sys=0.05, real=0.02 secs] 
2021-06-02T20:36:00.344+0800: 1681512.024: [GC (Allocation Failure) [PSYoungGen: 505120K->9920K(507392K)] 962817K->478066K(1031680K), 0.0332482 secs] [Times: user=0.05 sys=0.05, real=0.03 secs] 
2021-06-02T20:39:32.696+0800: 1681724.375: [GC (Allocation Failure) [PSYoungGen: 500416K->9312K(507392K)] 968562K->484541K(1031680K), 0.0248601 secs] [Times: user=0.03 sys=0.03, real=0.02 secs] 
2021-06-02T20:42:59.960+0800: 1681931.640: [GC (Allocation Failure) [PSYoungGen: 499808K->12672K(507392K)] 975037K->494712K(1031680K), 0.0290628 secs] [Times: user=0.04 sys=0.04, real=0.03 secs] 
2021-06-02T20:46:31.264+0800: 1682142.943: [GC (Allocation Failure) [PSYoungGen: 503168K->11552K(507904K)] 985208K->502148K(1032192K), 0.0310552 secs] [Times: user=0.04 sys=0.04, real=0.03 secs] 
2021-06-02T20:50:02.568+0800: 1682354.247: [GC (Allocation Failure) [PSYoungGen: 503072K->10336K(507904K)] 993668K->510134K(1032192K), 0.0293540 secs] [Times: user=0.04 sys=0.04, real=0.03 secs] 
2021-06-02T20:53:33.443+0800: 1682565.123: [GC (Allocation Failure) [PSYoungGen: 501856K->13344K(507392K)] 1001654K->520475K(1031680K), 0.0269990 secs] [Times: user=0.03 sys=0.04, real=0.02 secs] 
2021-06-02T20:57:05.670+0800: 1682777.349: [GC (Allocation Failure) [PSYoungGen: 504864K->13536K(507904K)] 1011995K->529781K(1032192K), 0.0298121 secs] [Times: user=0.05 sys=0.04, real=0.03 secs] 
2021-06-02T20:57:05.700+0800: 1682777.380: [Full GC (Ergonomics) [PSYoungGen: 13536K->0K(507904K)] [ParOldGen: 516245K->305716K(524288K)] 529781K->305716K(1032192K), [Metaspace: 96352K->96352K(1138688K)], 0.4986008 secs] [Times: user=1.01 sys=0.00, real=0.50 secs] 
2021-06-02T21:00:37.640+0800: 1682989.320: [GC (Allocation Failure) [PSYoungGen: 491520K->9568K(507904K)] 797236K->315284K(1032192K), 0.0181176 secs] [Times: user=0.03 sys=0.03, real=0.02 secs] 
2021-06-02T21:04:11.001+0800: 1683202.681: [GC (Allocation Failure) [PSYoungGen: 501088K->12512K(507904K)] 806804K->326405K(1032192K), 0.0751517 secs] [Times: user=0.03 sys=0.03, real=0.08 secs] 
2021-06-02T21:07:41.357+0800: 1683413.037: [GC (Allocation Failure) [PSYoungGen: 504032K->11136K(508416K)] 817925K->334207K(1032704K), 0.0237647 secs] [Times: user=0.04 sys=0.04, real=0.02 secs] 
2021-06-02T21:11:09.686+0800: 1683621.366: [GC (Allocation Failure) [PSYoungGen: 503168K->12224K(507904K)] 826239K->344091K(1032192K), 0.0236809 secs] [Times: user=0.03 sys=0.03, real=0.02 secs] 
2021-06-02T21:14:38.166+0800: 1683829.845: [GC (Allocation Failure) [PSYoungGen: 504256K->12544K(508416K)] 836123K->353349K(1032704K), 0.0213134 secs] [Times: user=0.03 sys=0.03, real=0.02 secs] 
2021-06-02T21:18:13.259+0800: 1684044.939: [GC (Allocation Failure) [PSYoungGen: 505088K->9344K(508416K)] 845893K->360141K(1032704K), 0.0218114 secs] [Times: user=0.03 sys=0.04, real=0.02 secs] 
2021-06-02T21:21:44.558+0800: 1684256.237: [GC (Allocation Failure) [PSYoungGen: 501888K->9568K(508416K)] 852685K->367138K(1032704K), 0.0215964 secs] [Times: user=0.03 sys=0.04, real=0.02 secs] 
2021-06-02T21:25:18.247+0800: 1684469.927: [GC (Allocation Failure) [PSYoungGen: 502112K->10176K(508416K)] 859682K->375476K(1032704K), 0.0339817 secs] [Times: user=0.03 sys=0.03, real=0.03 secs] 
2021-06-02T21:28:48.807+0800: 1684680.487: [GC (Allocation Failure) [PSYoungGen: 502720K->7040K(507904K)] 868020K->380100K(1032192K), 0.0212745 secs] [Times: user=0.03 sys=0.03, real=0.02 secs] 
2021-06-02T21:32:20.949+0800: 1684892.629: [GC (Allocation Failure) [PSYoungGen: 499584K->10336K(508416K)] 872644K->389225K(1032704K), 0.0214200 secs] [Times: user=0.03 sys=0.04, real=0.02 secs] 
2021-06-02T21:35:54.222+0800: 1685105.902: [GC (Allocation Failure) [PSYoungGen: 502880K->10304K(508928K)] 881769K->397467K(1033216K), 0.0242545 secs] [Times: user=0.03 sys=0.04, real=0.02 secs] 
2021-06-02T21:39:26.993+0800: 1685318.672: [GC (Allocation Failure) [PSYoungGen: 503872K->11328K(508928K)] 891035K->406039K(1033216K), 0.0254333 secs] [Times: user=0.03 sys=0.04, real=0.02 secs] 
2021-06-02T21:42:59.773+0800: 1685531.453: [GC (Allocation Failure) [PSYoungGen: 504896K->11936K(509440K)] 899607K->414409K(1033728K), 0.0271508 secs] [Times: user=0.04 sys=0.05, real=0.02 secs] 
2021-06-02T21:46:33.715+0800: 1685745.394: [GC (Allocation Failure) [PSYoungGen: 506528K->8576K(509440K)] 909001K->420234K(1033728K), 0.0219282 secs] [Times: user=0.04 sys=0.03, real=0.02 secs] 
2021-06-02T21:50:06.528+0800: 1685958.207: [GC (Allocation Failure) [PSYoungGen: 503168K->10720K(509952K)] 914826K->428656K(1034240K), 0.0263045 secs] [Times: user=0.03 sys=0.03, real=0.03 secs] 
2021-06-02T21:53:40.564+0800: 1686172.243: [GC (Allocation Failure) [PSYoungGen: 505824K->8864K(509440K)] 923760K->435208K(1033728K), 0.0273520 secs] [Times: user=0.04 sys=0.04, real=0.02 secs] 
2021-06-02T21:57:10.909+0800: 1686382.589: [GC (Allocation Failure) [PSYoungGen: 503968K->11296K(509952K)] 930312K->443255K(1034240K), 0.0241728 secs] [Times: user=0.03 sys=0.03, real=0.03 secs] 
2021-06-02T22:00:43.818+0800: 1686595.497: [GC (Allocation Failure) [PSYoungGen: 506912K->10752K(509952K)] 938871K->452584K(1034240K), 0.0228091 secs] [Times: user=0.04 sys=0.03, real=0.02 secs] 
2021-06-02T22:04:21.339+0800: 1686813.019: [GC (Allocation Failure) [PSYoungGen: 506368K->5856K(508928K)] 948200K->456318K(1033216K), 0.0233954 secs] [Times: user=0.03 sys=0.03, real=0.03 secs] 
2021-06-02T22:07:51.630+0800: 1687023.309: [GC (Allocation Failure) [PSYoungGen: 500448K->13152K(507904K)] 950910K->468069K(1032192K), 0.0246947 secs] [Times: user=0.04 sys=0.03, real=0.03 secs] 
2021-06-02T22:11:26.288+0800: 1687237.968: [GC (Allocation Failure) [PSYoungGen: 507744K->12160K(508928K)] 962661K->476433K(1033216K), 0.0340072 secs] [Times: user=0.04 sys=0.05, real=0.04 secs] 
2021-06-02T22:14:57.985+0800: 1687449.664: [GC (Allocation Failure) [PSYoungGen: 505728K->11872K(508928K)] 970001K->484986K(1033216K), 0.0241726 secs] [Times: user=0.04 sys=0.03, real=0.02 secs] 
2021-06-02T22:18:32.567+0800: 1687664.247: [GC (Allocation Failure) [PSYoungGen: 505440K->10912K(508928K)] 978554K->492508K(1033216K), 0.0397938 secs] [Times: user=0.04 sys=0.04, real=0.04 secs] 
2021-06-02T22:22:03.464+0800: 1687875.144: [GC (Allocation Failure) [PSYoungGen: 504480K->10016K(508928K)] 986076K->499510K(1033216K), 0.0283904 secs] [Times: user=0.04 sys=0.04, real=0.03 secs] 
2021-06-02T22:25:38.001+0800: 1688089.680: [GC (Allocation Failure) [PSYoungGen: 503584K->7552K(509440K)] 993078K->504258K(1033728K), 0.0248717 secs] [Times: user=0.04 sys=0.04, real=0.03 secs] 
2021-06-02T22:29:12.535+0800: 1688304.214: [GC (Allocation Failure) [PSYoungGen: 502144K->8832K(509440K)] 998850K->511804K(1033728K), 0.0546917 secs] [Times: user=0.04 sys=0.04, real=0.05 secs] 
2021-06-02T22:32:41.466+0800: 1688513.146: [GC (Allocation Failure) [PSYoungGen: 503424K->12928K(508416K)] 1006396K->522712K(1032704K), 0.0236452 secs] [Times: user=0.03 sys=0.04, real=0.02 secs] 
2021-06-02T22:36:18.783+0800: 1688730.463: [GC (Allocation Failure) [PSYoungGen: 506496K->9824K(508928K)] 1016280K->529106K(1033216K), 0.0227128 secs] [Times: user=0.04 sys=0.03, real=0.02 secs] 
2021-06-02T22:36:18.807+0800: 1688730.486: [Full GC (Ergonomics) [PSYoungGen: 9824K->0K(508928K)] [ParOldGen: 519282K->302276K(524288K)] 529106K->302276K(1033216K), [Metaspace: 96352K->96352K(1138688K)], 0.5400702 secs] [Times: user=0.62 sys=0.59, real=0.54 secs] 
2021-06-02T22:39:49.088+0800: 1688940.768: [GC (Allocation Failure) [PSYoungGen: 493568K->13472K(507392K)] 795844K->315748K(1031680K), 0.0245955 secs] [Times: user=0.03 sys=0.04, real=0.03 secs] 
2021-06-02T22:43:20.802+0800: 1689152.482: [GC (Allocation Failure) [PSYoungGen: 506016K->8640K(508416K)] 808292K->322025K(1032704K), 0.0216035 secs] [Times: user=0.04 sys=0.03, real=0.03 secs] 
2021-06-02T22:46:55.135+0800: 1689366.815: [GC (Allocation Failure) [PSYoungGen: 501184K->10272K(508928K)] 814569K->330323K(1033216K), 0.0416974 secs] [Times: user=0.04 sys=0.04, real=0.04 secs] 
2021-06-02T22:50:25.531+0800: 1689577.210: [GC (Allocation Failure) [PSYoungGen: 503840K->10784K(508928K)] 823891K->339263K(1033216K), 0.0262621 secs] [Times: user=0.04 sys=0.04, real=0.03 secs] 
2021-06-02T22:54:00.823+0800: 1689792.502: [GC (Allocation Failure) [PSYoungGen: 504352K->11712K(509440K)] 832831K->348737K(1033728K), 0.0394433 secs] [Times: user=0.04 sys=0.05, real=0.04 secs] 
2021-06-02T22:57:31.127+0800: 1690002.807: [GC (Allocation Failure) [PSYoungGen: 506304K->13440K(508416K)] 843329K->357037K(1032704K), 0.0242884 secs] [Times: user=0.03 sys=0.03, real=0.02 secs] 
2021-06-02T23:01:01.404+0800: 1690213.084: [GC (Allocation Failure) [PSYoungGen: 508032K->11584K(508928K)] 851629K->365255K(1033216K), 0.0277112 secs] [Times: user=0.05 sys=0.05, real=0.03 secs] 
2021-06-02T23:04:32.515+0800: 1690424.195: [GC (Allocation Failure) [PSYoungGen: 505146K->12448K(508928K)] 858818K->374514K(1033216K), 0.0236141 secs] [Times: user=0.04 sys=0.03, real=0.02 secs] 
2021-06-02T23:08:03.555+0800: 1690635.235: [GC (Allocation Failure) [PSYoungGen: 506016K->13440K(507904K)] 868082K->384759K(1032192K), 0.0334541 secs] [Times: user=0.04 sys=0.05, real=0.03 secs] 
2021-06-02T23:11:34.464+0800: 1690846.144: [GC (Allocation Failure) [PSYoungGen: 505984K->12928K(508416K)] 877303K->393139K(1032704K), 0.0254000 secs] [Times: user=0.04 sys=0.04, real=0.02 secs] 
2021-06-02T23:15:07.461+0800: 1691059.140: [GC (Allocation Failure) [PSYoungGen: 505472K->8512K(508416K)] 885683K->398244K(1032704K), 0.0208905 secs] [Times: user=0.04 sys=0.03, real=0.02 secs] 
2021-06-02T23:18:38.545+0800: 1691270.224: [GC (Allocation Failure) [PSYoungGen: 501056K->10080K(508416K)] 890788K->406462K(1032704K), 0.0254364 secs] [Times: user=0.04 sys=0.03, real=0.02 secs] 
2021-06-02T23:22:10.950+0800: 1691482.630: [GC (Allocation Failure) [PSYoungGen: 502624K->9632K(508416K)] 899006K->412370K(1032704K), 0.0256578 secs] [Times: user=0.04 sys=0.03, real=0.03 secs] 
2021-06-02T23:25:45.080+0800: 1691696.759: [GC (Allocation Failure) [PSYoungGen: 502176K->9472K(508416K)] 904914K->420243K(1032704K), 0.0225650 secs] [Times: user=0.03 sys=0.03, real=0.03 secs] 
2021-06-02T23:29:17.626+0800: 1691909.306: [GC (Allocation Failure) [PSYoungGen: 502016K->9568K(508928K)] 912787K->427966K(1033216K), 0.0240245 secs] [Times: user=0.03 sys=0.04, real=0.02 secs] 
2021-06-02T23:32:50.187+0800: 1692121.867: [GC (Allocation Failure) [PSYoungGen: 503136K->9440K(508928K)] 921534K->435274K(1033216K), 0.0261521 secs] [Times: user=0.04 sys=0.04, real=0.03 secs] 
2021-06-02T23:36:21.717+0800: 1692333.397: [GC (Allocation Failure) [PSYoungGen: 503008K->12320K(508416K)] 928842K->445262K(1032704K), 0.0277394 secs] [Times: user=0.04 sys=0.04, real=0.03 secs] 
2021-06-02T23:39:54.881+0800: 1692546.560: [GC (Allocation Failure) [PSYoungGen: 505888K->12256K(508928K)] 938830K->454329K(1033216K), 0.0215143 secs] [Times: user=0.03 sys=0.03, real=0.03 secs] 
2021-06-02T23:43:27.835+0800: 1692759.515: [GC (Allocation Failure) [PSYoungGen: 505824K->8736K(508928K)] 947897K->461339K(1033216K), 0.0234610 secs] [Times: user=0.04 sys=0.03, real=0.02 secs] 
2021-06-02T23:46:59.933+0800: 1692971.613: [GC (Allocation Failure) [PSYoungGen: 502304K->12736K(506368K)] 954907K->472862K(1030656K), 0.0279738 secs] [Times: user=0.04 sys=0.04, real=0.02 secs] 
2021-06-02T23:50:30.401+0800: 1693182.081: [GC (Allocation Failure) [PSYoungGen: 506304K->11712K(508928K)] 966430K->480714K(1033216K), 0.0276614 secs] [Times: user=0.04 sys=0.04, real=0.03 secs] 
2021-06-02T23:54:00.855+0800: 1693392.535: [GC (Allocation Failure) [PSYoungGen: 504768K->11072K(508416K)] 973770K->489355K(1032704K), 0.0246725 secs] [Times: user=0.04 sys=0.03, real=0.02 secs] 
2021-06-02T23:57:32.155+0800: 1693603.835: [GC (Allocation Failure) [PSYoungGen: 504128K->11136K(509440K)] 982411K->498039K(1033728K), 0.0244134 secs] [Times: user=0.04 sys=0.03, real=0.02 secs] 
2021-06-03T00:00:57.747+0800: 1693809.427: [GC (Allocation Failure) [PSYoungGen: 505215K->12032K(508928K)] 992119K->507994K(1033216K), 0.0269449 secs] [Times: user=0.04 sys=0.04, real=0.03 secs] 
2021-06-03T00:04:28.767+0800: 1694020.447: [GC (Allocation Failure) [PSYoungGen: 506112K->13504K(508416K)] 1002074K->518798K(1032704K), 0.0236822 secs] [Times: user=0.04 sys=0.04, real=0.02 secs] 
2021-06-03T00:08:01.580+0800: 1694233.260: [GC (Allocation Failure) [PSYoungGen: 507072K->13312K(507392K)] 1012366K->528656K(1031680K), 0.0319597 secs] [Times: user=0.04 sys=0.04, real=0.04 secs] 
2021-06-03T00:08:01.613+0800: 1694233.293: [Full GC (Ergonomics) [PSYoungGen: 13312K->0K(507392K)] [ParOldGen: 515344K->306919K(524288K)] 528656K->306919K(1031680K), [Metaspace: 96352K->96352K(1138688K)], 0.4723599 secs] [Times: user=1.02 sys=0.00, real=0.47 secs] 
2021-06-03T00:11:32.419+0800: 1694444.099: [GC (Allocation Failure) [PSYoungGen: 493568K->11616K(508928K)] 800487K->318535K(1033216K), 0.0196827 secs] [Times: user=0.03 sys=0.03, real=0.02 secs] 
2021-06-03T00:15:02.861+0800: 1694654.541: [GC (Allocation Failure) [PSYoungGen: 504672K->12288K(508416K)] 811591K->328569K(1032704K), 0.0267260 secs] [Times: user=0.06 sys=0.00, real=0.03 secs] 
2021-06-03T00:18:38.042+0800: 1694869.722: [GC (Allocation Failure) [PSYoungGen: 505344K->10848K(509440K)] 821625K->336059K(1033728K), 0.0213204 secs] [Times: user=0.03 sys=0.03, real=0.02 secs] 
2021-06-03T00:22:10.832+0800: 1695082.512: [GC (Allocation Failure) [PSYoungGen: 504928K->9056K(508928K)] 830139K->342859K(1033216K), 0.0248211 secs] [Times: user=0.03 sys=0.04, real=0.03 secs] 
2021-06-03T00:25:42.957+0800: 1695294.637: [GC (Allocation Failure) [PSYoungGen: 503136K->11552K(509440K)] 836939K->352415K(1033728K), 0.0230106 secs] [Times: user=0.04 sys=0.04, real=0.02 secs] 
2021-06-03T00:29:14.181+0800: 1695505.860: [GC (Allocation Failure) [PSYoungGen: 505632K->10240K(508928K)] 846495K->360592K(1033216K), 0.0211521 secs] [Times: user=0.03 sys=0.03, real=0.02 secs] 
2021-06-03T00:32:45.991+0800: 1695717.671: [GC (Allocation Failure) [PSYoungGen: 504320K->11264K(509952K)] 854672K->369849K(1034240K), 0.0220476 secs] [Times: user=0.04 sys=0.04, real=0.03 secs] 
2021-06-03T00:36:19.319+0800: 1695930.999: [GC (Allocation Failure) [PSYoungGen: 506368K->12288K(509440K)] 864953K->379735K(1033728K), 0.0230022 secs] [Times: user=0.03 sys=0.03, real=0.03 secs] 
2021-06-03T00:39:49.639+0800: 1696141.319: [GC (Allocation Failure) [PSYoungGen: 507392K->12192K(509952K)] 874839K->388761K(1034240K), 0.0618873 secs] [Times: user=0.04 sys=0.04, real=0.06 secs] 
2021-06-03T00:43:22.637+0800: 1696354.317: [GC (Allocation Failure) [PSYoungGen: 507808K->12352K(508416K)] 884377K->396837K(1032704K), 0.0261643 secs] [Times: user=0.03 sys=0.03, real=0.03 secs] 
2021-06-03T00:46:55.414+0800: 1696567.094: [GC (Allocation Failure) [PSYoungGen: 507968K->12064K(509952K)] 892453K->405362K(1034240K), 0.0239897 secs] [Times: user=0.04 sys=0.04, real=0.02 secs] 
2021-06-03T00:50:26.969+0800: 1696778.649: [GC (Allocation Failure) [PSYoungGen: 507168K->12288K(509440K)] 900466K->415228K(1033728K), 0.0248159 secs] [Times: user=0.04 sys=0.04, real=0.03 secs] 
2021-06-03T00:54:00.751+0800: 1696992.431: [GC (Allocation Failure) [PSYoungGen: 507392K->11840K(509952K)] 910332K->424222K(1034240K), 0.0315684 secs] [Times: user=0.05 sys=0.05, real=0.04 secs] 
2021-06-03T00:57:26.108+0800: 1697197.788: [GC (Allocation Failure) [PSYoungGen: 507456K->11754K(509952K)] 919838K->432988K(1034240K), 0.0256918 secs] [Times: user=0.04 sys=0.04, real=0.03 secs] 
2021-06-03T01:00:56.267+0800: 1697407.947: [GC (Allocation Failure) [PSYoungGen: 507370K->12992K(509952K)] 928604K->442513K(1034240K), 0.0246956 secs] [Times: user=0.04 sys=0.03, real=0.03 secs] 
2021-06-03T01:04:26.568+0800: 1697618.247: [GC (Allocation Failure) [PSYoungGen: 508608K->12672K(509952K)] 938129K->451324K(1034240K), 0.0252189 secs] [Times: user=0.02 sys=0.04, real=0.03 secs] 
2021-06-03T01:07:57.358+0800: 1697829.038: [GC (Allocation Failure) [PSYoungGen: 508287K->12672K(509952K)] 946939K->460910K(1034240K), 0.0254925 secs] [Times: user=0.04 sys=0.03, real=0.03 secs] 
2021-06-03T01:11:31.636+0800: 1698043.315: [GC (Allocation Failure) [PSYoungGen: 508288K->9344K(505344K)] 956526K->466576K(1029632K), 0.0203283 secs] [Times: user=0.03 sys=0.03, real=0.02 secs] 
2021-06-03T01:15:05.800+0800: 1698257.480: [GC (Allocation Failure) [PSYoungGen: 504960K->9600K(509440K)] 962192K->474313K(1033728K), 0.0750208 secs] [Times: user=0.04 sys=0.04, real=0.08 secs] 
2021-06-03T01:18:35.529+0800: 1698467.208: [GC (Allocation Failure) [PSYoungGen: 504192K->10080K(509440K)] 968905K->481900K(1033728K), 0.0226928 secs] [Times: user=0.04 sys=0.03, real=0.02 secs] 
2021-06-03T01:22:06.763+0800: 1698678.442: [GC (Allocation Failure) [PSYoungGen: 504672K->13216K(508416K)] 976492K->493326K(1032704K), 0.0344602 secs] [Times: user=0.07 sys=0.00, real=0.03 secs] 
2021-06-03T01:25:37.020+0800: 1698888.700: [GC (Allocation Failure) [PSYoungGen: 506784K->12000K(508928K)] 986894K->501665K(1033216K), 0.0244419 secs] [Times: user=0.04 sys=0.04, real=0.03 secs] 
2021-06-03T01:29:10.932+0800: 1699102.612: [GC (Allocation Failure) [PSYoungGen: 505568K->7168K(508416K)] 995233K->506640K(1032704K), 0.0281990 secs] [Times: user=0.05 sys=0.04, real=0.02 secs] 
2021-06-03T01:32:43.653+0800: 1699315.333: [GC (Allocation Failure) [PSYoungGen: 500736K->9088K(508928K)] 1000208K->514212K(1033216K), 0.0245760 secs] [Times: user=0.03 sys=0.03, real=0.02 secs] 
2021-06-03T01:36:13.969+0800: 1699525.648: [GC (Allocation Failure) [PSYoungGen: 502656K->9120K(508928K)] 1007780K->521215K(1033216K), 0.0234963 secs] [Times: user=0.04 sys=0.04, real=0.03 secs] 
2021-06-03T01:39:48.997+0800: 1699740.677: [GC (Allocation Failure) [PSYoungGen: 502688K->9440K(508928K)] 1014783K->528129K(1033216K), 0.0221859 secs] [Times: user=0.03 sys=0.03, real=0.02 secs] 
2021-06-03T01:39:49.020+0800: 1699740.700: [Full GC (Ergonomics) [PSYoungGen: 9440K->0K(508928K)] [ParOldGen: 518689K->302610K(524288K)] 528129K->302610K(1033216K), [Metaspace: 96353K->96353K(1138688K)], 0.4827504 secs] [Times: user=1.06 sys=0.00, real=0.49 secs] 
2021-06-03T01:43:19.906+0800: 1699951.585: [GC (Allocation Failure) [PSYoungGen: 493568K->10976K(509440K)] 796178K->313586K(1033728K), 0.0381978 secs] [Times: user=0.03 sys=0.03, real=0.04 secs] 
2021-06-03T01:46:51.054+0800: 1700162.733: [GC (Allocation Failure) [PSYoungGen: 505568K->9600K(509440K)] 808178K->321272K(1033728K), 0.0215554 secs] [Times: user=0.03 sys=0.04, real=0.02 secs] 
2021-06-03T01:50:21.453+0800: 1700373.132: [GC (Allocation Failure) [PSYoungGen: 504192K->10336K(509952K)] 815864K->329562K(1034240K), 0.0222195 secs] [Times: user=0.04 sys=0.03, real=0.02 secs] 
2021-06-03T01:53:56.229+0800: 1700587.908: [GC (Allocation Failure) [PSYoungGen: 505952K->9408K(509952K)] 825178K->336610K(1034240K), 0.0255674 secs] [Times: user=0.07 sys=0.00, real=0.03 secs] 
2021-06-03T01:57:32.319+0800: 1700803.999: [GC (Allocation Failure) [PSYoungGen: 505024K->7904K(509440K)] 832226K->342917K(1033728K), 0.0246052 secs] [Times: user=0.04 sys=0.03, real=0.03 secs] 
2021-06-03T02:01:05.871+0800: 1701017.550: [GC (Allocation Failure) [PSYoungGen: 503520K->12864K(508928K)] 838533K->354146K(1033216K), 0.0237956 secs] [Times: user=0.03 sys=0.03, real=0.03 secs] 
2021-06-03T02:04:41.736+0800: 1701233.415: [GC (Allocation Failure) [PSYoungGen: 508480K->10688K(509952K)] 849762K->361741K(1034240K), 0.0279338 secs] [Times: user=0.03 sys=0.03, real=0.03 secs] 
2021-06-03T02:08:15.405+0800: 1701447.085: [GC (Allocation Failure) [PSYoungGen: 505792K->13632K(508928K)] 856845K->372617K(1033216K), 0.0231588 secs] [Times: user=0.03 sys=0.03, real=0.02 secs] 
2021-06-03T02:11:47.874+0800: 1701659.554: [GC (Allocation Failure) [PSYoungGen: 508736K->11168K(509440K)] 867721K->380090K(1033728K), 0.0254774 secs] [Times: user=0.04 sys=0.04, real=0.02 secs] 
2021-06-03T02:15:19.748+0800: 1701871.428: [GC (Allocation Failure) [PSYoungGen: 505248K->10592K(508928K)] 874170K->387564K(1033216K), 0.0201909 secs] [Times: user=0.03 sys=0.03, real=0.02 secs] 
2021-06-03T02:18:48.662+0800: 1702080.341: [GC (Allocation Failure) [PSYoungGen: 504672K->11200K(509952K)] 881644K->396422K(1034240K), 0.0229017 secs] [Times: user=0.03 sys=0.04, real=0.03 secs] 
2021-06-03T02:22:20.252+0800: 1702291.932: [GC (Allocation Failure) [PSYoungGen: 506304K->11200K(509440K)] 891526K->404378K(1033728K), 0.0255717 secs] [Times: user=0.04 sys=0.04, real=0.03 secs] 
2021-06-03T02:25:52.807+0800: 1702504.486: [GC (Allocation Failure) [PSYoungGen: 506304K->10944K(510464K)] 899482K->411652K(1034752K), 0.0304321 secs] [Times: user=0.04 sys=0.03, real=0.03 secs] 
2021-06-03T02:29:24.185+0800: 1702715.865: [GC (Allocation Failure) [PSYoungGen: 507072K->13792K(509952K)] 907780K->421152K(1034240K), 0.0237468 secs] [Times: user=0.04 sys=0.04, real=0.02 secs] 
2021-06-03T02:32:55.071+0800: 1702926.751: [GC (Allocation Failure) [PSYoungGen: 509920K->13920K(507904K)] 917280K->431483K(1032192K), 0.0255809 secs] [Times: user=0.04 sys=0.04, real=0.03 secs] 
2021-06-03T02:36:26.980+0800: 1703138.660: [GC (Allocation Failure) [PSYoungGen: 507488K->11840K(508928K)] 925051K->439208K(1033216K), 0.0303999 secs] [Times: user=0.03 sys=0.04, real=0.03 secs] 
2021-06-03T02:39:56.539+0800: 1703348.218: [GC (Allocation Failure) [PSYoungGen: 505408K->12800K(508928K)] 932776K->449243K(1033216K), 0.0305687 secs] [Times: user=0.05 sys=0.04, real=0.03 secs] 
2021-06-03T02:43:26.250+0800: 1703557.930: [GC (Allocation Failure) [PSYoungGen: 506368K->12288K(508928K)] 942811K->458613K(1033216K), 0.0252896 secs] [Times: user=0.04 sys=0.03, real=0.03 secs] 
2021-06-03T02:46:57.396+0800: 1703769.076: [GC (Allocation Failure) [PSYoungGen: 505856K->13696K(507904K)] 952181K->468809K(1032192K), 0.0314432 secs] [Times: user=0.04 sys=0.04, real=0.03 secs] 
2021-06-03T02:50:27.156+0800: 1703978.835: [GC (Allocation Failure) [PSYoungGen: 506240K->12224K(508416K)] 961353K->477611K(1032704K), 0.0486142 secs] [Times: user=0.03 sys=0.04, real=0.05 secs] 
2021-06-03T02:53:57.189+0800: 1704188.868: [GC (Allocation Failure) [PSYoungGen: 504768K->12672K(508928K)] 970155K->487470K(1033216K), 0.0677923 secs] [Times: user=0.05 sys=0.04, real=0.07 secs] 
2021-06-03T02:57:31.115+0800: 1704402.795: [GC (Allocation Failure) [PSYoungGen: 506240K->7904K(501760K)] 981038K->492918K(1026048K), 0.0258121 secs] [Times: user=0.04 sys=0.04, real=0.02 secs] 
2021-06-03T03:01:02.585+0800: 1704614.265: [GC (Allocation Failure) [PSYoungGen: 501472K->9888K(508416K)] 986486K->501289K(1032704K), 0.0248084 secs] [Times: user=0.04 sys=0.04, real=0.02 secs] 
2021-06-03T03:04:36.422+0800: 1704828.102: [GC (Allocation Failure) [PSYoungGen: 502432K->10240K(508416K)] 993833K->509675K(1032704K), 0.0301127 secs] [Times: user=0.05 sys=0.05, real=0.03 secs] 
2021-06-03T03:08:06.816+0800: 1705038.495: [GC (Allocation Failure) [PSYoungGen: 502784K->12864K(507904K)] 1002219K->520078K(1032192K), 0.0238785 secs] [Times: user=0.04 sys=0.04, real=0.02 secs] 
2021-06-03T03:11:38.712+0800: 1705250.391: [GC (Allocation Failure) [PSYoungGen: 505408K->12800K(508416K)] 1012622K->530769K(1032704K), 0.0315338 secs] [Times: user=0.04 sys=0.04, real=0.04 secs] 
2021-06-03T03:11:38.744+0800: 1705250.423: [Full GC (Ergonomics) [PSYoungGen: 12800K->0K(508416K)] [ParOldGen: 517968K->309793K(524288K)] 530769K->309793K(1032704K), [Metaspace: 96353K->96353K(1138688K)], 0.5698605 secs] [Times: user=0.59 sys=0.55, real=0.57 secs] 
2021-06-03T03:15:10.633+0800: 1705462.312: [GC (Allocation Failure) [PSYoungGen: 492544K->10656K(508928K)] 802337K->320449K(1033216K), 0.0232035 secs] [Times: user=0.03 sys=0.03, real=0.02 secs] 
2021-06-03T03:18:43.752+0800: 1705675.432: [GC (Allocation Failure) [PSYoungGen: 503712K->10656K(508416K)] 813505K->329146K(1032704K), 0.0254380 secs] [Times: user=0.04 sys=0.04, real=0.02 secs] 
2021-06-03T03:22:18.197+0800: 1705889.877: [GC (Allocation Failure) [PSYoungGen: 503712K->10656K(509440K)] 822202K->337173K(1033728K), 0.0664878 secs] [Times: user=0.03 sys=0.03, real=0.07 secs] 
2021-06-03T03:25:51.701+0800: 1706103.380: [GC (Allocation Failure) [PSYoungGen: 504736K->11584K(508928K)] 831253K->346119K(1033216K), 0.0215483 secs] [Times: user=0.03 sys=0.03, real=0.03 secs] 
2021-06-03T03:29:23.828+0800: 1706315.508: [GC (Allocation Failure) [PSYoungGen: 505664K->10752K(509952K)] 840199K->354320K(1034240K), 0.0244740 secs] [Times: user=0.04 sys=0.03, real=0.03 secs] 
2021-06-03T03:32:57.032+0800: 1706528.712: [GC (Allocation Failure) [PSYoungGen: 505856K->8544K(509440K)] 849424K->359721K(1033728K), 0.0206999 secs] [Times: user=0.03 sys=0.04, real=0.02 secs] 
2021-06-03T03:36:29.236+0800: 1706740.915: [GC (Allocation Failure) [PSYoungGen: 503648K->8768K(509440K)] 854825K->367458K(1033728K), 0.0221865 secs] [Times: user=0.04 sys=0.04, real=0.02 secs] 
2021-06-03T03:40:04.086+0800: 1706955.766: [GC (Allocation Failure) [PSYoungGen: 503360K->7328K(509440K)] 862050K->373045K(1033728K), 0.0391873 secs] [Times: user=0.03 sys=0.03, real=0.04 secs] 
2021-06-03T03:43:34.907+0800: 1707166.587: [GC (Allocation Failure) [PSYoungGen: 501920K->11136K(509440K)] 867637K->382848K(1033728K), 0.0246357 secs] [Times: user=0.04 sys=0.03, real=0.02 secs] 
2021-06-03T03:47:10.135+0800: 1707381.815: [GC (Allocation Failure) [PSYoungGen: 505728K->7040K(509440K)] 877440K->387241K(1033728K), 0.0210546 secs] [Times: user=0.03 sys=0.03, real=0.02 secs] 
2021-06-03T03:50:45.264+0800: 1707596.944: [GC (Allocation Failure) [PSYoungGen: 501632K->10624K(509440K)] 881833K->395798K(1033728K), 0.0246445 secs] [Times: user=0.04 sys=0.04, real=0.02 secs] 
2021-06-03T03:54:17.506+0800: 1707809.185: [GC (Allocation Failure) [PSYoungGen: 505216K->11808K(509440K)] 890390K->405816K(1033728K), 0.0266402 secs] [Times: user=0.04 sys=0.04, real=0.03 secs] 
2021-06-03T03:57:51.173+0800: 1708022.853: [GC (Allocation Failure) [PSYoungGen: 506400K->8960K(509440K)] 900408K->412433K(1033728K), 0.0302609 secs] [Times: user=0.05 sys=0.05, real=0.03 secs] 
2021-06-03T04:01:26.862+0800: 1708238.542: [GC (Allocation Failure) [PSYoungGen: 503552K->8256K(509440K)] 907025K->418780K(1033728K), 0.0228125 secs] [Times: user=0.03 sys=0.04, real=0.03 secs] 
2021-06-03T04:04:58.349+0800: 1708450.028: [GC (Allocation Failure) [PSYoungGen: 502848K->10272K(509952K)] 913372K->426353K(1034240K), 0.0236170 secs] [Times: user=0.03 sys=0.03, real=0.03 secs] 
2021-06-03T04:08:29.627+0800: 1708661.306: [GC (Allocation Failure) [PSYoungGen: 505376K->10688K(509440K)] 921457K->433420K(1033728K), 0.0278417 secs] [Times: user=0.04 sys=0.04, real=0.03 secs] 
2021-06-03T04:12:04.307+0800: 1708875.987: [GC (Allocation Failure) [PSYoungGen: 505792K->9312K(510464K)] 928524K->440806K(1034752K), 0.0329807 secs] [Times: user=0.05 sys=0.04, real=0.03 secs] 
2021-06-03T04:15:43.029+0800: 1709094.709: [GC (Allocation Failure) [PSYoungGen: 505440K->9376K(509952K)] 936934K->447713K(1034240K), 0.0292181 secs] [Times: user=0.04 sys=0.04, real=0.03 secs] 
2021-06-03T04:19:15.103+0800: 1709306.783: [GC (Allocation Failure) [PSYoungGen: 505504K->11072K(510464K)] 943841K->456756K(1034752K), 0.0313481 secs] [Times: user=0.09 sys=0.00, real=0.03 secs] 
2021-06-03T04:22:48.963+0800: 1709520.643: [GC (Allocation Failure) [PSYoungGen: 507712K->13792K(510464K)] 953396K->467777K(1034752K), 0.0310557 secs] [Times: user=0.05 sys=0.05, real=0.03 secs] 
2021-06-03T04:26:24.569+0800: 1709736.248: [GC (Allocation Failure) [PSYoungGen: 510432K->6944K(502272K)] 964417K->472158K(1026560K), 0.0304049 secs] [Times: user=0.04 sys=0.04, real=0.03 secs] 
2021-06-03T04:29:54.905+0800: 1709946.585: [GC (Allocation Failure) [PSYoungGen: 495392K->12032K(506368K)] 960606K->482275K(1030656K), 0.0544616 secs] [Times: user=0.04 sys=0.04, real=0.05 secs] 
2021-06-03T04:33:25.067+0800: 1710156.746: [GC (Allocation Failure) [PSYoungGen: 500480K->10720K(507392K)] 970723K->490781K(1031680K), 0.0295504 secs] [Times: user=0.05 sys=0.04, real=0.03 secs] 
2021-06-03T04:36:55.366+0800: 1710367.045: [GC (Allocation Failure) [PSYoungGen: 500192K->12832K(506368K)] 980253K->500394K(1030656K), 0.0305310 secs] [Times: user=0.05 sys=0.05, real=0.03 secs] 
2021-06-03T04:40:24.855+0800: 1710576.535: [GC (Allocation Failure) [PSYoungGen: 502304K->12160K(507392K)] 989866K->509733K(1031680K), 0.0397444 secs] [Times: user=0.04 sys=0.04, real=0.04 secs] 
2021-06-03T04:43:51.235+0800: 1710782.915: [GC (Allocation Failure) [PSYoungGen: 502144K->13440K(506880K)] 999717K->519841K(1031168K), 0.0285291 secs] [Times: user=0.04 sys=0.04, real=0.03 secs] 
2021-06-03T04:47:22.616+0800: 1710994.296: [GC (Allocation Failure) [PSYoungGen: 503424K->12416K(507392K)] 1009825K->529107K(1031680K), 0.0276754 secs] [Times: user=0.04 sys=0.04, real=0.03 secs] 
2021-06-03T04:47:22.644+0800: 1710994.324: [Full GC (Ergonomics) [PSYoungGen: 12416K->0K(507392K)] [ParOldGen: 516691K->301005K(524288K)] 529107K->301005K(1031680K), [Metaspace: 96353K->96349K(1138688K)], 0.6705857 secs] [Times: user=1.25 sys=0.00, real=0.67 secs] 
2021-06-03T04:50:51.517+0800: 1711203.197: [GC (Allocation Failure) [PSYoungGen: 489984K->11616K(506880K)] 790989K->312621K(1031168K), 0.0219526 secs] [Times: user=0.03 sys=0.04, real=0.02 secs] 
2021-06-03T04:54:19.785+0800: 1711411.464: [GC (Allocation Failure) [PSYoungGen: 501600K->10560K(507904K)] 802605K->321582K(1032192K), 0.0392135 secs] [Times: user=0.04 sys=0.04, real=0.04 secs] 
2021-06-03T04:57:50.920+0800: 1711622.600: [GC (Allocation Failure) [PSYoungGen: 502080K->10240K(507904K)] 813102K->328802K(1032192K), 0.0296904 secs] [Times: user=0.04 sys=0.04, real=0.03 secs] 
2021-06-03T05:01:22.649+0800: 1711834.329: [GC (Allocation Failure) [PSYoungGen: 501760K->10560K(508416K)] 820322K->337324K(1032704K), 0.0264560 secs] [Times: user=0.03 sys=0.03, real=0.03 secs] 
2021-06-03T05:04:53.332+0800: 1712045.011: [GC (Allocation Failure) [PSYoungGen: 503104K->10720K(508416K)] 829868K->344829K(1032704K), 0.0289826 secs] [Times: user=0.05 sys=0.05, real=0.03 secs] 
2021-06-03T05:08:26.550+0800: 1712258.230: [GC (Allocation Failure) [PSYoungGen: 503264K->9984K(508928K)] 837373K->353246K(1033216K), 0.0357340 secs] [Times: user=0.04 sys=0.04, real=0.04 secs] 
2021-06-03T05:11:58.147+0800: 1712469.826: [GC (Allocation Failure) [PSYoungGen: 503552K->9760K(508928K)] 846814K->359866K(1033216K), 0.0267966 secs] [Times: user=0.05 sys=0.03, real=0.03 secs] 
2021-06-03T05:15:30.538+0800: 1712682.217: [GC (Allocation Failure) [PSYoungGen: 503328K->8544K(509440K)] 853434K->365797K(1033728K), 0.0472535 secs] [Times: user=0.03 sys=0.03, real=0.05 secs] 
2021-06-03T05:19:04.010+0800: 1712895.689: [GC (Allocation Failure) [PSYoungGen: 503136K->10912K(509440K)] 860389K->374375K(1033728K), 0.0378119 secs] [Times: user=0.04 sys=0.04, real=0.04 secs] 
2021-06-03T05:22:34.561+0800: 1713106.241: [GC (Allocation Failure) [PSYoungGen: 505504K->14816K(500224K)] 868967K->387389K(1024512K), 0.0355624 secs] [Times: user=0.04 sys=0.04, real=0.04 secs] 
2021-06-03T05:26:01.502+0800: 1713313.182: [GC (Allocation Failure) [PSYoungGen: 500192K->15392K(501248K)] 872765K->397889K(1025536K), 0.0361880 secs] [Times: user=0.04 sys=0.06, real=0.04 secs] 
2021-06-03T05:29:26.178+0800: 1713517.857: [GC (Allocation Failure) [PSYoungGen: 500768K->13408K(504832K)] 883265K->407101K(1029120K), 0.0278626 secs] [Times: user=0.04 sys=0.05, real=0.03 secs] 
2021-06-03T05:32:55.140+0800: 1713726.819: [GC (Allocation Failure) [PSYoungGen: 498272K->8608K(504320K)] 891965K->412212K(1028608K), 0.0251919 secs] [Times: user=0.03 sys=0.04, real=0.03 secs] 
2021-06-03T05:36:21.879+0800: 1713933.559: [GC (Allocation Failure) [PSYoungGen: 493472K->11136K(505344K)] 897076K->420527K(1029632K), 0.0245699 secs] [Times: user=0.07 sys=0.00, real=0.03 secs] 
2021-06-03T05:39:50.685+0800: 1714142.365: [GC (Allocation Failure) [PSYoungGen: 497024K->11328K(504832K)] 906415K->429602K(1029120K), 0.0486049 secs] [Times: user=0.03 sys=0.04, real=0.05 secs] 
2021-06-03T05:43:17.087+0800: 1714348.767: [GC (Allocation Failure) [PSYoungGen: 497216K->10176K(506368K)] 915490K->436051K(1030656K), 0.0254606 secs] [Times: user=0.04 sys=0.04, real=0.03 secs] 
2021-06-03T05:46:44.563+0800: 1714556.243: [GC (Allocation Failure) [PSYoungGen: 498112K->15072K(505856K)] 923987K->448176K(1030144K), 0.0252148 secs] [Times: user=0.04 sys=0.04, real=0.02 secs] 
2021-06-03T05:50:15.905+0800: 1714767.584: [GC (Allocation Failure) [PSYoungGen: 503008K->8384K(505856K)] 936112K->452111K(1030144K), 0.0601999 secs] [Times: user=0.03 sys=0.04, real=0.06 secs] 
2021-06-03T05:53:46.046+0800: 1714977.725: [GC (Allocation Failure) [PSYoungGen: 495808K->10784K(505856K)] 939535K->460315K(1030144K), 0.0723767 secs] [Times: user=0.03 sys=0.03, real=0.07 secs] 
2021-06-03T05:57:13.910+0800: 1715185.590: [GC (Allocation Failure) [PSYoungGen: 498208K->9120K(506368K)] 947739K->467356K(1030656K), 0.0316440 secs] [Times: user=0.03 sys=0.04, real=0.03 secs] 
2021-06-03T06:00:45.036+0800: 1715396.715: [GC (Allocation Failure) [PSYoungGen: 497568K->10848K(506368K)] 955804K->475833K(1030656K), 0.0273539 secs] [Times: user=0.05 sys=0.04, real=0.03 secs] 
2021-06-03T06:04:12.547+0800: 1715604.227: [GC (Allocation Failure) [PSYoungGen: 499296K->11232K(507392K)] 964281K->484188K(1031680K), 0.0381991 secs] [Times: user=0.05 sys=0.04, real=0.04 secs] 
2021-06-03T06:07:40.611+0800: 1715812.291: [GC (Allocation Failure) [PSYoungGen: 501216K->8704K(506880K)] 974172K->490629K(1031168K), 0.0264333 secs] [Times: user=0.04 sys=0.04, real=0.03 secs] 
2021-06-03T06:11:10.781+0800: 1716022.461: [GC (Allocation Failure) [PSYoungGen: 498688K->9760K(507904K)] 980613K->498400K(1032192K), 0.0279243 secs] [Times: user=0.05 sys=0.04, real=0.03 secs] 
2021-06-03T06:14:38.616+0800: 1716230.295: [GC (Allocation Failure) [PSYoungGen: 500768K->11264K(507392K)] 989408K->507164K(1031680K), 0.0287336 secs] [Times: user=0.04 sys=0.04, real=0.03 secs] 
2021-06-03T06:18:09.374+0800: 1716441.054: [GC (Allocation Failure) [PSYoungGen: 502272K->11936K(508416K)] 998172K->516407K(1032704K), 0.0283304 secs] [Times: user=0.04 sys=0.04, real=0.03 secs] 
2021-06-03T06:21:40.888+0800: 1716652.568: [GC (Allocation Failure) [PSYoungGen: 504480K->13312K(506368K)] 1008951K->527114K(1030656K), 0.0274772 secs] [Times: user=0.04 sys=0.05, real=0.03 secs] 
2021-06-03T06:21:40.916+0800: 1716652.596: [Full GC (Ergonomics) [PSYoungGen: 13312K->0K(506368K)] [ParOldGen: 513802K->306823K(524288K)] 527114K->306823K(1030656K), [Metaspace: 96352K->96352K(1138688K)], 0.5190087 secs] [Times: user=0.59 sys=0.55, real=0.52 secs] 
2021-06-03T06:25:11.538+0800: 1716863.217: [GC (Allocation Failure) [PSYoungGen: 492544K->11168K(508416K)] 799367K->317991K(1032704K), 0.0218528 secs] [Times: user=0.03 sys=0.04, real=0.02 secs] 
2021-06-03T06:28:42.487+0800: 1717074.167: [GC (Allocation Failure) [PSYoungGen: 503200K->10720K(507904K)] 810023K->327066K(1032192K), 0.0200072 secs] [Times: user=0.04 sys=0.03, real=0.02 secs] 
2021-06-03T06:32:15.772+0800: 1717287.451: [GC (Allocation Failure) [PSYoungGen: 502752K->8896K(508928K)] 819098K->334388K(1033216K), 0.0225072 secs] [Times: user=0.04 sys=0.03, real=0.03 secs] 
2021-06-03T06:35:47.927+0800: 1717499.607: [GC (Allocation Failure) [PSYoungGen: 502464K->11616K(508928K)] 827956K->343487K(1033216K), 0.0240285 secs] [Times: user=0.04 sys=0.04, real=0.02 secs] 
2021-06-03T06:39:22.056+0800: 1717713.736: [GC (Allocation Failure) [PSYoungGen: 505184K->8800K(508928K)] 837055K->348513K(1033216K), 0.0293299 secs] [Times: user=0.03 sys=0.03, real=0.03 secs] 
2021-06-03T06:42:54.536+0800: 1717926.215: [GC (Allocation Failure) [PSYoungGen: 502368K->12096K(508928K)] 842081K->358683K(1033216K), 0.0261809 secs] [Times: user=0.04 sys=0.03, real=0.03 secs] 
2021-06-03T06:46:27.115+0800: 1718138.795: [GC (Allocation Failure) [PSYoungGen: 505664K->8672K(508928K)] 852251K->364822K(1033216K), 0.0648346 secs] [Times: user=0.04 sys=0.03, real=0.06 secs] 
2021-06-03T06:49:58.195+0800: 1718349.874: [GC (Allocation Failure) [PSYoungGen: 502240K->14208K(507904K)] 858390K->377826K(1032192K), 0.0330474 secs] [Times: user=0.03 sys=0.03, real=0.03 secs] 
2021-06-03T06:53:32.336+0800: 1718564.016: [GC (Allocation Failure) [PSYoungGen: 507776K->10912K(508416K)] 871394K->384810K(1032704K), 0.0221753 secs] [Times: user=0.04 sys=0.04, real=0.02 secs] 
2021-06-03T06:56:57.619+0800: 1718769.298: [GC (Allocation Failure) [PSYoungGen: 502944K->13482K(507904K)] 876842K->396193K(1032192K), 0.0308992 secs] [Times: user=0.04 sys=0.04, real=0.03 secs] 
2021-06-03T07:00:25.783+0800: 1718977.463: [GC (Allocation Failure) [PSYoungGen: 505514K->11872K(508416K)] 888225K->404029K(1032704K), 0.0245908 secs] [Times: user=0.03 sys=0.04, real=0.02 secs] 
2021-06-03T07:03:55.458+0800: 1719187.137: [GC (Allocation Failure) [PSYoungGen: 503904K->12416K(507904K)] 896061K->414096K(1032192K), 0.0233411 secs] [Times: user=0.03 sys=0.03, real=0.02 secs] 
2021-06-03T07:07:28.374+0800: 1719400.054: [GC (Allocation Failure) [PSYoungGen: 504448K->9920K(508416K)] 906128K->420523K(1032704K), 0.0221106 secs] [Times: user=0.03 sys=0.04, real=0.02 secs] 
2021-06-03T07:10:59.669+0800: 1719611.348: [GC (Allocation Failure) [PSYoungGen: 502464K->10496K(508416K)] 913067K->429205K(1032704K), 0.0220907 secs] [Times: user=0.03 sys=0.03, real=0.02 secs] 
2021-06-03T07:14:29.952+0800: 1719821.631: [GC (Allocation Failure) [PSYoungGen: 503040K->12288K(508928K)] 921749K->438690K(1033216K), 0.0222453 secs] [Times: user=0.03 sys=0.03, real=0.03 secs] 
2021-06-03T07:18:00.294+0800: 1720031.974: [GC (Allocation Failure) [PSYoungGen: 505831K->14272K(507904K)] 932233K->449669K(1032192K), 0.0242109 secs] [Times: user=0.04 sys=0.04, real=0.02 secs] 
2021-06-03T07:21:29.994+0800: 1720241.674: [GC (Allocation Failure) [PSYoungGen: 507840K->12960K(507904K)] 943237K->459480K(1032192K), 0.0271842 secs] [Times: user=0.05 sys=0.03, real=0.02 secs] 
2021-06-03T07:25:01.824+0800: 1720453.504: [GC (Allocation Failure) [PSYoungGen: 504480K->10880K(507904K)] 951000K->466730K(1032192K), 0.0252427 secs] [Times: user=0.04 sys=0.04, real=0.02 secs] 
2021-06-03T07:28:31.589+0800: 1720663.268: [GC (Allocation Failure) [PSYoungGen: 502400K->12096K(508416K)] 958250K->476134K(1032704K), 0.0253798 secs] [Times: user=0.04 sys=0.04, real=0.03 secs] 
2021-06-03T07:32:05.986+0800: 1720877.665: [GC (Allocation Failure) [PSYoungGen: 504640K->6784K(499712K)] 968678K->480055K(1024000K), 0.0223100 secs] [Times: user=0.03 sys=0.04, real=0.02 secs] 
2021-06-03T07:35:38.169+0800: 1721089.848: [GC (Allocation Failure) [PSYoungGen: 499328K->9440K(508416K)] 972599K->487947K(1032704K), 0.0226543 secs] [Times: user=0.04 sys=0.03, real=0.02 secs] 
2021-06-03T07:39:11.339+0800: 1721303.019: [GC (Allocation Failure) [PSYoungGen: 501472K->10464K(507904K)] 979979K->496671K(1032192K), 0.0251775 secs] [Times: user=0.04 sys=0.04, real=0.03 secs] 
2021-06-03T07:42:40.963+0800: 1721512.643: [GC (Allocation Failure) [PSYoungGen: 502496K->11392K(508928K)] 988703K->505587K(1033216K), 0.0332414 secs] [Times: user=0.04 sys=0.03, real=0.03 secs] 
2021-06-03T07:46:08.791+0800: 1721720.471: [GC (Allocation Failure) [PSYoungGen: 504448K->11552K(508416K)] 998643K->513469K(1032704K), 0.0228414 secs] [Times: user=0.04 sys=0.03, real=0.03 secs] 
2021-06-03T07:49:40.427+0800: 1721932.106: [GC (Allocation Failure) [PSYoungGen: 504608K->10272K(509440K)] 1006525K->520848K(1033728K), 0.0232758 secs] [Times: user=0.04 sys=0.04, real=0.02 secs] 
2021-06-03T07:53:11.004+0800: 1722142.684: [GC (Allocation Failure) [PSYoungGen: 504352K->13056K(508928K)] 1014928K->531572K(1033216K), 0.0315934 secs] [Times: user=0.05 sys=0.04, real=0.03 secs] 
2021-06-03T07:53:11.036+0800: 1722142.716: [Full GC (Ergonomics) [PSYoungGen: 13056K->0K(508928K)] [ParOldGen: 518516K->308400K(524288K)] 531572K->308400K(1033216K), [Metaspace: 96354K->96354K(1138688K)], 0.5388354 secs] [Times: user=1.11 sys=0.00, real=0.54 secs] 
2021-06-03T07:56:42.211+0800: 1722353.891: [GC (Allocation Failure) [PSYoungGen: 494080K->10336K(509440K)] 802480K->318736K(1033728K), 0.0203739 secs] [Times: user=0.03 sys=0.03, real=0.02 secs] 
2021-06-03T08:00:13.542+0800: 1722565.222: [GC (Allocation Failure) [PSYoungGen: 504416K->11104K(508928K)] 812816K->328553K(1033216K), 0.0915233 secs] [Times: user=0.07 sys=0.00, real=0.09 secs] 
2021-06-03T08:03:45.845+0800: 1722777.525: [GC (Allocation Failure) [PSYoungGen: 505184K->12576K(509440K)] 822633K->339318K(1033728K), 0.0240464 secs] [Times: user=0.03 sys=0.03, real=0.02 secs] 
2021-06-03T08:07:15.292+0800: 1722986.971: [GC (Allocation Failure) [PSYoungGen: 507168K->12832K(507904K)] 833910K->349113K(1032192K), 0.0227300 secs] [Times: user=0.03 sys=0.04, real=0.03 secs] 
2021-06-03T08:10:43.376+0800: 1723195.055: [GC (Allocation Failure) [PSYoungGen: 507424K->14112K(507904K)] 843705K->360053K(1032192K), 0.0243230 secs] [Times: user=0.03 sys=0.03, real=0.02 secs] 
2021-06-03T08:14:13.920+0800: 1723405.599: [GC (Allocation Failure) [PSYoungGen: 506656K->13280K(508416K)] 852597K->368993K(1032704K), 0.0215315 secs] [Times: user=0.03 sys=0.04, real=0.02 secs] 
2021-06-03T08:17:47.347+0800: 1723619.027: [GC (Allocation Failure) [PSYoungGen: 505824K->9792K(508416K)] 861537K->376017K(1032704K), 0.0257005 secs] [Times: user=0.07 sys=0.00, real=0.03 secs] 
2021-06-03T08:21:19.008+0800: 1723830.688: [GC (Allocation Failure) [PSYoungGen: 502336K->13920K(506880K)] 868561K->388222K(1031168K), 0.0858431 secs] [Times: user=0.04 sys=0.04, real=0.10 secs] 
2021-06-03T08:24:49.454+0800: 1724041.134: [GC (Allocation Failure) [PSYoungGen: 506464K->10560K(507904K)] 880766K->394481K(1032192K), 0.0280137 secs] [Times: user=0.04 sys=0.04, real=0.03 secs] 
2021-06-03T08:28:21.901+0800: 1724253.580: [GC (Allocation Failure) [PSYoungGen: 502080K->10912K(507904K)] 886001K->402603K(1032192K), 0.0223662 secs] [Times: user=0.03 sys=0.03, real=0.03 secs] 
2021-06-03T08:31:50.369+0800: 1724462.049: [GC (Allocation Failure) [PSYoungGen: 502432K->10848K(508416K)] 894123K->411301K(1032704K), 0.0223453 secs] [Times: user=0.04 sys=0.03, real=0.02 secs] 
2021-06-03T08:35:21.317+0800: 1724672.997: [GC (Allocation Failure) [PSYoungGen: 503392K->11744K(508416K)] 903845K->420431K(1032704K), 0.0239633 secs] [Times: user=0.03 sys=0.04, real=0.02 secs] 
2021-06-03T08:38:55.811+0800: 1724887.491: [GC (Allocation Failure) [PSYoungGen: 504288K->11008K(509440K)] 912975K->428681K(1033728K), 0.0230524 secs] [Times: user=0.04 sys=0.04, real=0.03 secs] 
2021-06-03T08:42:29.231+0800: 1725100.910: [GC (Allocation Failure) [PSYoungGen: 505088K->6944K(508928K)] 922761K->433673K(1033216K), 0.0844811 secs] [Times: user=0.04 sys=0.03, real=0.09 secs] 
2021-06-03T08:45:57.292+0800: 1725308.972: [GC (Allocation Failure) [PSYoungGen: 501024K->9664K(508928K)] 927753K->441612K(1033216K), 0.0337539 secs] [Times: user=0.04 sys=0.04, real=0.04 secs] 
2021-06-03T08:49:28.629+0800: 1725520.309: [GC (Allocation Failure) [PSYoungGen: 503232K->7072K(508928K)] 935180K->446684K(1033216K), 0.0223015 secs] [Times: user=0.03 sys=0.04, real=0.02 secs] 
2021-06-03T08:53:01.601+0800: 1725733.280: [GC (Allocation Failure) [PSYoungGen: 500640K->9472K(508928K)] 940252K->454544K(1033216K), 0.0235008 secs] [Times: user=0.04 sys=0.04, real=0.03 secs] 
2021-06-03T08:56:34.816+0800: 1725946.496: [GC (Allocation Failure) [PSYoungGen: 503040K->9216K(508928K)] 948112K->460996K(1033216K), 0.0282051 secs] [Times: user=0.04 sys=0.04, real=0.03 secs] 
2021-06-03T09:00:09.547+0800: 1726161.227: [GC (Allocation Failure) [PSYoungGen: 502784K->6560K(508416K)] 954564K->466405K(1032704K), 0.0248423 secs] [Times: user=0.03 sys=0.03, real=0.03 secs] 
2021-06-03T09:03:42.081+0800: 1726373.761: [GC (Allocation Failure) [PSYoungGen: 500128K->10272K(508928K)] 959973K->475137K(1033216K), 0.0225907 secs] [Times: user=0.04 sys=0.03, real=0.03 secs] 
2021-06-03T09:07:13.513+0800: 1726585.192: [GC (Allocation Failure) [PSYoungGen: 503840K->12000K(508416K)] 968705K->483654K(1032704K), 0.0277612 secs] [Times: user=0.04 sys=0.03, real=0.02 secs] 
2021-06-03T09:10:44.356+0800: 1726796.036: [GC (Allocation Failure) [PSYoungGen: 505568K->8480K(508928K)] 977222K->490252K(1033216K), 0.0212030 secs] [Times: user=0.03 sys=0.03, real=0.02 secs] 
2021-06-03T09:14:16.622+0800: 1727008.302: [GC (Allocation Failure) [PSYoungGen: 502048K->7296K(509440K)] 983820K->496270K(1033728K), 0.0216508 secs] [Times: user=0.03 sys=0.03, real=0.03 secs] 
2021-06-03T09:17:53.970+0800: 1727225.650: [GC (Allocation Failure) [PSYoungGen: 501888K->6720K(509440K)] 990862K->501752K(1033728K), 0.0207795 secs] [Times: user=0.04 sys=0.03, real=0.02 secs] 
2021-06-03T09:21:27.893+0800: 1727439.573: [GC (Allocation Failure) [PSYoungGen: 501312K->8736K(509952K)] 996344K->508956K(1034240K), 0.0220605 secs] [Times: user=0.03 sys=0.03, real=0.02 secs] 
2021-06-03T09:25:00.374+0800: 1727652.053: [GC (Allocation Failure) [PSYoungGen: 503840K->13024K(508416K)] 1004060K->519235K(1032704K), 0.0254374 secs] [Times: user=0.04 sys=0.04, real=0.02 secs] 
2021-06-03T09:28:35.065+0800: 1727866.744: [GC (Allocation Failure) [PSYoungGen: 508128K->12384K(507904K)] 1014339K->528654K(1032192K), 0.0247705 secs] [Times: user=0.04 sys=0.03, real=0.02 secs] 
2021-06-03T09:28:35.090+0800: 1727866.769: [Full GC (Ergonomics) [PSYoungGen: 12384K->0K(507904K)] [ParOldGen: 516270K->300713K(524288K)] 528654K->300713K(1032192K), [Metaspace: 96361K->96361K(1138688K)], 0.4747308 secs] [Times: user=0.98 sys=0.00, real=0.48 secs] 
2021-06-03T09:32:06.649+0800: 1728078.329: [GC (Allocation Failure) [PSYoungGen: 492544K->10176K(508416K)] 793257K->310889K(1032704K), 0.0200564 secs] [Times: user=0.03 sys=0.03, real=0.02 secs] 
2021-06-03T09:35:39.436+0800: 1728291.116: [GC (Allocation Failure) [PSYoungGen: 502720K->12288K(507904K)] 803433K->321139K(1032192K), 0.0217219 secs] [Times: user=0.04 sys=0.03, real=0.02 secs] 
2021-06-03T09:39:11.681+0800: 1728503.360: [GC (Allocation Failure) [PSYoungGen: 504832K->13824K(506880K)] 813683K->331846K(1031168K), 0.0248890 secs] [Times: user=0.03 sys=0.04, real=0.03 secs] 
2021-06-03T09:42:44.614+0800: 1728716.293: [GC (Allocation Failure) [PSYoungGen: 506368K->11296K(507904K)] 824390K->339608K(1032192K), 0.0204737 secs] [Times: user=0.03 sys=0.03, real=0.02 secs] 
2021-06-03T09:46:12.763+0800: 1728924.443: [GC (Allocation Failure) [PSYoungGen: 502811K->12128K(507904K)] 831124K->349842K(1032192K), 0.0228548 secs] [Times: user=0.03 sys=0.03, real=0.02 secs] 
2021-06-03T09:49:43.794+0800: 1729135.474: [GC (Allocation Failure) [PSYoungGen: 503648K->12224K(507904K)] 841362K->358573K(1032192K), 0.0276146 secs] [Times: user=0.04 sys=0.03, real=0.03 secs] 
2021-06-03T09:53:15.941+0800: 1729347.621: [GC (Allocation Failure) [PSYoungGen: 503744K->11552K(507904K)] 850093K->367016K(1032192K), 0.0289133 secs] [Times: user=0.04 sys=0.05, real=0.03 secs] 
2021-06-03T09:56:46.362+0800: 1729558.042: [GC (Allocation Failure) [PSYoungGen: 503072K->11104K(508928K)] 858536K->375881K(1033216K), 0.0437491 secs] [Times: user=0.04 sys=0.05, real=0.04 secs] 
2021-06-03T10:00:17.472+0800: 1729769.151: [GC (Allocation Failure) [PSYoungGen: 504160K->12128K(508416K)] 868937K->385749K(1032704K), 0.0275685 secs] [Times: user=0.04 sys=0.04, real=0.03 secs] 
2021-06-03T10:03:45.229+0800: 1729976.908: [GC (Allocation Failure) [PSYoungGen: 505184K->14400K(506880K)] 878805K->396346K(1031168K), 0.0498109 secs] [Times: user=0.04 sys=0.04, real=0.05 secs] 
2021-06-03T10:07:13.769+0800: 1730185.448: [GC (Allocation Failure) [PSYoungGen: 505920K->13536K(507904K)] 887866K->405957K(1032192K), 0.0281843 secs] [Times: user=0.05 sys=0.04, real=0.03 secs] 
2021-06-03T10:10:46.822+0800: 1730398.501: [GC (Allocation Failure) [PSYoungGen: 505051K->9056K(507904K)] 897473K->411246K(1032192K), 0.0245357 secs] [Times: user=0.04 sys=0.03, real=0.03 secs] 
2021-06-03T10:14:19.056+0800: 1730610.735: [GC (Allocation Failure) [PSYoungGen: 500576K->12576K(507904K)] 902766K->421114K(1032192K), 0.0278780 secs] [Times: user=0.04 sys=0.04, real=0.03 secs] 
2021-06-03T10:17:47.103+0800: 1730818.783: [GC (Allocation Failure) [PSYoungGen: 504096K->10336K(507904K)] 912634K->427405K(1032192K), 0.0264430 secs] [Times: user=0.04 sys=0.03, real=0.02 secs] 
2021-06-03T10:21:16.719+0800: 1731028.399: [GC (Allocation Failure) [PSYoungGen: 501856K->14592K(506368K)] 918925K->438944K(1030656K), 0.0320063 secs] [Times: user=0.05 sys=0.04, real=0.03 secs] 
2021-06-03T10:24:46.546+0800: 1731238.226: [GC (Allocation Failure) [PSYoungGen: 506112K->13184K(507392K)] 930464K->447685K(1031680K), 0.0256270 secs] [Times: user=0.03 sys=0.03, real=0.02 secs] 
2021-06-03T10:28:20.319+0800: 1731451.999: [GC (Allocation Failure) [PSYoungGen: 503679K->10880K(507392K)] 938181K->454783K(1031680K), 0.0272646 secs] [Times: user=0.03 sys=0.04, real=0.03 secs] 
2021-06-03T10:31:47.329+0800: 1731659.008: [GC (Allocation Failure) [PSYoungGen: 501376K->9568K(507904K)] 945279K->461776K(1032192K), 0.0257650 secs] [Times: user=0.04 sys=0.03, real=0.03 secs] 
2021-06-03T10:35:20.919+0800: 1731872.599: [GC (Allocation Failure) [PSYoungGen: 500576K->12640K(507392K)] 952784K->472092K(1031680K), 0.0274801 secs] [Times: user=0.04 sys=0.04, real=0.03 secs] 
2021-06-03T10:38:51.063+0800: 1732082.742: [GC (Allocation Failure) [PSYoungGen: 503648K->9952K(507904K)] 963100K->478901K(1032192K), 0.0285526 secs] [Times: user=0.04 sys=0.04, real=0.02 secs] 
2021-06-03T10:42:21.847+0800: 1732293.526: [GC (Allocation Failure) [PSYoungGen: 501472K->11136K(507904K)] 970421K->487808K(1032192K), 0.0509785 secs] [Times: user=0.04 sys=0.03, real=0.05 secs] 
2021-06-03T10:45:50.349+0800: 1732502.028: [GC (Allocation Failure) [PSYoungGen: 502656K->9824K(508416K)] 979328K->495363K(1032704K), 0.0266624 secs] [Times: user=0.04 sys=0.04, real=0.03 secs] 
2021-06-03T10:49:18.242+0800: 1732709.921: [GC (Allocation Failure) [PSYoungGen: 502368K->13152K(508416K)] 987907K->506560K(1032704K), 0.0330953 secs] [Times: user=0.07 sys=0.00, real=0.04 secs] 
2021-06-03T10:52:49.141+0800: 1732920.821: [GC (Allocation Failure) [PSYoungGen: 505696K->12384K(508416K)] 999104K->515131K(1032704K), 0.0233802 secs] [Times: user=0.03 sys=0.04, real=0.03 secs] 
2021-06-03T10:56:19.502+0800: 1733131.182: [GC (Allocation Failure) [PSYoungGen: 504928K->10432K(508416K)] 1007675K->523124K(1032704K), 0.0251398 secs] [Times: user=0.04 sys=0.04, real=0.02 secs] 
2021-06-03T10:56:19.528+0800: 1733131.208: [Full GC (Ergonomics) [PSYoungGen: 10432K->0K(508416K)] [ParOldGen: 512692K->305822K(524288K)] 523124K->305822K(1032704K), [Metaspace: 96361K->96361K(1138688K)], 0.5229839 secs] [Times: user=1.17 sys=0.00, real=0.52 secs] 
2021-06-03T10:59:50.420+0800: 1733342.099: [GC (Allocation Failure) [PSYoungGen: 492544K->10496K(508928K)] 798366K->316318K(1033216K), 0.0237009 secs] [Times: user=0.02 sys=0.03, real=0.03 secs] 
2021-06-03T11:03:20.959+0800: 1733552.639: [GC (Allocation Failure) [PSYoungGen: 503552K->13600K(508416K)] 809374K->327178K(1032704K), 0.0500693 secs] [Times: user=0.04 sys=0.04, real=0.05 secs] 
2021-06-03T11:06:53.747+0800: 1733765.427: [GC (Allocation Failure) [PSYoungGen: 506656K->11040K(508416K)] 820234K->334795K(1032704K), 0.0249238 secs] [Times: user=0.04 sys=0.04, real=0.03 secs] 
2021-06-03T11:10:22.062+0800: 1733973.741: [GC (Allocation Failure) [PSYoungGen: 503584K->11552K(508416K)] 827339K->344461K(1032704K), 0.0257611 secs] [Times: user=0.04 sys=0.04, real=0.03 secs] 
2021-06-03T11:13:54.411+0800: 1734186.091: [GC (Allocation Failure) [PSYoungGen: 504096K->9504K(508928K)] 837005K->351575K(1033216K), 0.0259888 secs] [Times: user=0.03 sys=0.04, real=0.03 secs] 
2021-06-03T11:17:26.058+0800: 1734397.737: [GC (Allocation Failure) [PSYoungGen: 503072K->11360K(508928K)] 845143K->359972K(1033216K), 0.0237916 secs] [Times: user=0.03 sys=0.04, real=0.02 secs] 
2021-06-03T11:20:56.410+0800: 1734608.089: [GC (Allocation Failure) [PSYoungGen: 504928K->13600K(508416K)] 853540K->370688K(1032704K), 0.0335095 secs] [Times: user=0.04 sys=0.05, real=0.04 secs] 
2021-06-03T11:24:25.664+0800: 1734817.343: [GC (Allocation Failure) [PSYoungGen: 507168K->9120K(508928K)] 864256K->376321K(1033216K), 0.0231630 secs] [Times: user=0.04 sys=0.03, real=0.02 secs] 
2021-06-03T11:27:53.992+0800: 1735025.671: [GC (Allocation Failure) [PSYoungGen: 502686K->15328K(506880K)] 869888K->389766K(1031168K), 0.0259419 secs] [Times: user=0.04 sys=0.04, real=0.03 secs] 
2021-06-03T11:31:25.759+0800: 1735237.439: [GC (Allocation Failure) [PSYoungGen: 506848K->13152K(507904K)] 881286K->398144K(1032192K), 0.0249821 secs] [Times: user=0.03 sys=0.03, real=0.03 secs] 
2021-06-03T11:34:57.489+0800: 1735449.169: [GC (Allocation Failure) [PSYoungGen: 504672K->11072K(507904K)] 889664K->405721K(1032192K), 0.0228698 secs] [Times: user=0.04 sys=0.03, real=0.03 secs] 
2021-06-03T11:38:27.947+0800: 1735659.627: [GC (Allocation Failure) [PSYoungGen: 502592K->8576K(507904K)] 897241K->411331K(1032192K), 0.0266659 secs] [Times: user=0.04 sys=0.04, real=0.03 secs] 
2021-06-03T11:41:59.799+0800: 1735871.479: [GC (Allocation Failure) [PSYoungGen: 500096K->9728K(507904K)] 902851K->419636K(1032192K), 0.0387692 secs] [Times: user=0.06 sys=0.06, real=0.04 secs] 
2021-06-03T11:45:32.218+0800: 1736083.898: [GC (Allocation Failure) [PSYoungGen: 501248K->11296K(507904K)] 911156K->429568K(1032192K), 0.0299285 secs] [Times: user=0.04 sys=0.04, real=0.03 secs] 
2021-06-03T11:49:00.634+0800: 1736292.314: [GC (Allocation Failure) [PSYoungGen: 502816K->11712K(508928K)] 921088K->437764K(1033216K), 0.0463179 secs] [Times: user=0.06 sys=0.05, real=0.04 secs] 
2021-06-03T11:52:33.341+0800: 1736505.021: [GC (Allocation Failure) [PSYoungGen: 504768K->9792K(508416K)] 930820K->445508K(1032704K), 0.0309712 secs] [Times: user=0.04 sys=0.04, real=0.04 secs] 
2021-06-03T11:56:04.982+0800: 1736716.662: [GC (Allocation Failure) [PSYoungGen: 502848K->8608K(508928K)] 938564K->452014K(1033216K), 0.0260801 secs] [Times: user=0.05 sys=0.04, real=0.02 secs] 
2021-06-03T11:59:41.159+0800: 1736932.839: [GC (Allocation Failure) [PSYoungGen: 502176K->8320K(508928K)] 945582K->458817K(1033216K), 0.0259513 secs] [Times: user=0.04 sys=0.04, real=0.03 secs] 
2021-06-03T12:03:13.251+0800: 1737144.931: [GC (Allocation Failure) [PSYoungGen: 501888K->11552K(508928K)] 952385K->468350K(1033216K), 0.0310804 secs] [Times: user=0.05 sys=0.04, real=0.04 secs] 
2021-06-03T12:06:45.859+0800: 1737357.539: [GC (Allocation Failure) [PSYoungGen: 505120K->10016K(508928K)] 961918K->475568K(1033216K), 0.0295131 secs] [Times: user=0.05 sys=0.04, real=0.03 secs] 
2021-06-03T12:10:15.334+0800: 1737567.013: [GC (Allocation Failure) [PSYoungGen: 503584K->14816K(500224K)] 969136K->488846K(1024512K), 0.0323781 secs] [Times: user=0.05 sys=0.04, real=0.03 secs] 
2021-06-03T12:13:43.546+0800: 1737775.225: [GC (Allocation Failure) [PSYoungGen: 500192K->12192K(504832K)] 974222K->496943K(1029120K), 0.0493071 secs] [Times: user=0.03 sys=0.04, real=0.05 secs] 
2021-06-03T12:17:09.400+0800: 1737981.080: [GC (Allocation Failure) [PSYoungGen: 497568K->12224K(506368K)] 982319K->506082K(1030656K), 0.0456473 secs] [Times: user=0.07 sys=0.06, real=0.05 secs] 
2021-06-03T12:20:37.485+0800: 1738189.165: [GC (Allocation Failure) [PSYoungGen: 500160K->14272K(505856K)] 994018K->517023K(1030144K), 0.0348692 secs] [Times: user=0.04 sys=0.05, real=0.03 secs] 
2021-06-03T12:24:04.425+0800: 1738396.104: [GC (Allocation Failure) [PSYoungGen: 502208K->14176K(505856K)] 1004959K->527323K(1030144K), 0.0277956 secs] [Times: user=0.04 sys=0.04, real=0.03 secs] 
2021-06-03T12:24:04.453+0800: 1738396.133: [Full GC (Ergonomics) [PSYoungGen: 14176K->0K(505856K)] [ParOldGen: 513147K->303307K(524288K)] 527323K->303307K(1030144K), [Metaspace: 96361K->96361K(1138688K)], 0.5883820 secs] [Times: user=1.19 sys=0.00, real=0.58 secs] 
2021-06-03T12:27:33.835+0800: 1738605.515: [GC (Allocation Failure) [PSYoungGen: 487424K->12064K(505856K)] 790731K->315371K(1030144K), 0.0501125 secs] [Times: user=0.03 sys=0.03, real=0.05 secs] 
2021-06-03T12:31:06.741+0800: 1738818.420: [GC (Allocation Failure) [PSYoungGen: 499488K->8672K(506368K)] 802795K->321746K(1030656K), 0.0339574 secs] [Times: user=0.03 sys=0.05, real=0.04 secs] 
2021-06-03T12:34:36.641+0800: 1739028.320: [GC (Allocation Failure) [PSYoungGen: 497118K->9152K(506368K)] 810192K->328549K(1030656K), 0.0236647 secs] [Times: user=0.04 sys=0.03, real=0.03 secs] 
2021-06-03T12:38:04.166+0800: 1739235.845: [GC (Allocation Failure) [PSYoungGen: 497600K->11712K(506880K)] 816997K->338312K(1031168K), 0.0355947 secs] [Times: user=0.04 sys=0.04, real=0.03 secs] 
2021-06-03T12:41:32.938+0800: 1739444.618: [GC (Allocation Failure) [PSYoungGen: 500672K->12000K(506368K)] 827272K->347203K(1030656K), 0.0226744 secs] [Times: user=0.03 sys=0.04, real=0.02 secs] 
2021-06-03T12:45:05.019+0800: 1739656.698: [GC (Allocation Failure) [PSYoungGen: 500960K->12192K(507904K)] 836163K->357197K(1032192K), 0.0227003 secs] [Times: user=0.03 sys=0.04, real=0.02 secs] 
2021-06-03T12:48:38.448+0800: 1739870.128: [GC (Allocation Failure) [PSYoungGen: 503200K->11264K(507392K)] 848205K->365494K(1031680K), 0.0271770 secs] [Times: user=0.07 sys=0.00, real=0.03 secs] 
2021-06-03T12:52:10.036+0800: 1740081.716: [GC (Allocation Failure) [PSYoungGen: 502272K->8768K(507904K)] 856502K->371519K(1032192K), 0.0290595 secs] [Times: user=0.04 sys=0.03, real=0.03 secs] 
2021-06-03T12:55:39.469+0800: 1740291.149: [GC (Allocation Failure) [PSYoungGen: 500288K->13248K(507904K)] 863039K->383394K(1032192K), 0.0297478 secs] [Times: user=0.04 sys=0.03, real=0.03 secs] 
2021-06-03T12:59:06.040+0800: 1740497.720: [GC (Allocation Failure) [PSYoungGen: 504768K->9994K(507904K)] 874914K->390285K(1032192K), 0.0287212 secs] [Times: user=0.04 sys=0.05, real=0.03 secs] 
2021-06-03T13:02:37.442+0800: 1740709.122: [GC (Allocation Failure) [PSYoungGen: 501514K->10176K(507904K)] 881805K->397736K(1032192K), 0.0238547 secs] [Times: user=0.04 sys=0.04, real=0.03 secs] 
2021-06-03T13:06:10.740+0800: 1740922.419: [GC (Allocation Failure) [PSYoungGen: 501696K->8992K(508416K)] 889256K->404505K(1032704K), 0.0229756 secs] [Times: user=0.04 sys=0.03, real=0.03 secs] 
2021-06-03T13:09:46.680+0800: 1741138.360: [GC (Allocation Failure) [PSYoungGen: 501536K->11776K(508416K)] 897049K->414732K(1032704K), 0.0223604 secs] [Times: user=0.04 sys=0.03, real=0.03 secs] 
2021-06-03T13:13:19.928+0800: 1741351.608: [GC (Allocation Failure) [PSYoungGen: 504320K->12160K(508416K)] 907276K->424016K(1032704K), 0.0227231 secs] [Times: user=0.03 sys=0.03, real=0.02 secs] 
2021-06-03T13:16:52.344+0800: 1741564.023: [GC (Allocation Failure) [PSYoungGen: 504704K->11264K(508416K)] 916560K->431618K(1032704K), 0.0228678 secs] [Times: user=0.03 sys=0.04, real=0.02 secs] 
2021-06-03T13:20:27.606+0800: 1741779.285: [GC (Allocation Failure) [PSYoungGen: 503808K->11392K(509440K)] 924162K->440029K(1033728K), 0.0238345 secs] [Times: user=0.03 sys=0.04, real=0.02 secs] 
2021-06-03T13:24:01.245+0800: 1741992.925: [GC (Allocation Failure) [PSYoungGen: 505472K->14816K(508928K)] 934109K->453091K(1033216K), 0.0345695 secs] [Times: user=0.04 sys=0.05, real=0.03 secs] 
2021-06-03T13:27:35.082+0800: 1742206.762: [GC (Allocation Failure) [PSYoungGen: 508896K->12896K(501760K)] 947171K->461453K(1026048K), 0.0349405 secs] [Times: user=0.04 sys=0.04, real=0.04 secs] 
2021-06-03T13:31:11.342+0800: 1742423.022: [GC (Allocation Failure) [PSYoungGen: 499296K->7200K(494080K)] 947853K->465573K(1018368K), 0.0235886 secs] [Times: user=0.03 sys=0.03, real=0.03 secs] 
2021-06-03T13:34:39.573+0800: 1742631.253: [GC (Allocation Failure) [PSYoungGen: 493600K->8704K(505344K)] 951973K->473016K(1029632K), 0.0216445 secs] [Times: user=0.04 sys=0.03, real=0.02 secs] 
2021-06-03T13:38:08.488+0800: 1742840.167: [GC (Allocation Failure) [PSYoungGen: 494592K->10304K(504832K)] 958904K->481345K(1029120K), 0.0529199 secs] [Times: user=0.04 sys=0.03, real=0.05 secs] 
2021-06-03T13:41:36.253+0800: 1743047.933: [GC (Allocation Failure) [PSYoungGen: 496192K->12192K(505856K)] 967233K->491071K(1030144K), 0.0269461 secs] [Times: user=0.03 sys=0.04, real=0.02 secs] 
2021-06-03T13:45:05.785+0800: 1743257.465: [GC (Allocation Failure) [PSYoungGen: 499104K->9440K(505344K)] 977983K->497543K(1029632K), 0.0235089 secs] [Times: user=0.03 sys=0.04, real=0.02 secs] 
2021-06-03T13:48:35.408+0800: 1743467.088: [GC (Allocation Failure) [PSYoungGen: 496352K->6848K(506368K)] 984455K->502879K(1030656K), 0.0245042 secs] [Times: user=0.03 sys=0.03, real=0.03 secs] 
2021-06-03T13:52:08.364+0800: 1743680.044: [GC (Allocation Failure) [PSYoungGen: 495296K->8640K(506368K)] 991327K->510138K(1030656K), 0.0249514 secs] [Times: user=0.04 sys=0.03, real=0.02 secs] 
2021-06-03T13:55:38.638+0800: 1743890.317: [GC (Allocation Failure) [PSYoungGen: 497088K->12352K(506368K)] 998586K->520448K(1030656K), 0.0252657 secs] [Times: user=0.04 sys=0.03, real=0.03 secs] 
2021-06-03T13:59:07.450+0800: 1744099.130: [GC (Allocation Failure) [PSYoungGen: 500800K->13024K(506368K)] 1008896K->530353K(1030656K), 0.0244501 secs] [Times: user=0.04 sys=0.03, real=0.03 secs] 
2021-06-03T13:59:07.475+0800: 1744099.155: [Full GC (Ergonomics) [PSYoungGen: 13024K->0K(506368K)] [ParOldGen: 517329K->306989K(524288K)] 530353K->306989K(1030656K), [Metaspace: 96361K->96361K(1138688K)], 0.4673982 secs] [Times: user=0.49 sys=0.47, real=0.47 secs] 
2021-06-03T14:02:38.406+0800: 1744310.086: [GC (Allocation Failure) [PSYoungGen: 488448K->11136K(506880K)] 795437K->318125K(1031168K), 0.0197730 secs] [Times: user=0.03 sys=0.03, real=0.02 secs] 
2021-06-03T14:06:09.833+0800: 1744521.513: [GC (Allocation Failure) [PSYoungGen: 500096K->11776K(506368K)] 807085K->327552K(1030656K), 0.0219120 secs] [Times: user=0.03 sys=0.03, real=0.02 secs] 
2021-06-03T14:09:38.514+0800: 1744730.194: [GC (Allocation Failure) [PSYoungGen: 500736K->12864K(507392K)] 816512K->337892K(1031680K), 0.0229209 secs] [Times: user=0.04 sys=0.03, real=0.02 secs] 
2021-06-03T14:13:11.978+0800: 1744943.657: [GC (Allocation Failure) [PSYoungGen: 503360K->9856K(507392K)] 828388K->345109K(1031680K), 0.0214083 secs] [Times: user=0.04 sys=0.03, real=0.02 secs] 
2021-06-03T14:16:45.235+0800: 1745156.915: [GC (Allocation Failure) [PSYoungGen: 500352K->9344K(507904K)] 835605K->352917K(1032192K), 0.0299622 secs] [Times: user=0.04 sys=0.04, real=0.03 secs] 
2021-06-03T14:20:16.001+0800: 1745367.680: [GC (Allocation Failure) [PSYoungGen: 500352K->6432K(507392K)] 843925K->358135K(1031680K), 0.0192630 secs] [Times: user=0.03 sys=0.03, real=0.02 secs] 
2021-06-03T14:23:47.497+0800: 1745579.177: [GC (Allocation Failure) [PSYoungGen: 497440K->8128K(507904K)] 849143K->364819K(1032192K), 0.0257143 secs] [Times: user=0.03 sys=0.03, real=0.03 secs] 
2021-06-03T14:27:19.014+0800: 1745790.693: [GC (Allocation Failure) [PSYoungGen: 499136K->12448K(507392K)] 855827K->376167K(1031680K), 0.0509535 secs] [Times: user=0.04 sys=0.04, real=0.05 secs] 
2021-06-03T14:30:48.002+0800: 1745999.682: [GC (Allocation Failure) [PSYoungGen: 503456K->10144K(507904K)] 867175K->383050K(1032192K), 0.0239903 secs] [Times: user=0.03 sys=0.04, real=0.02 secs] 
2021-06-03T14:34:18.984+0800: 1746210.663: [GC (Allocation Failure) [PSYoungGen: 501152K->11488K(507392K)] 874058K->392109K(1031680K), 0.0272178 secs] [Times: user=0.04 sys=0.04, real=0.02 secs] 
2021-06-03T14:37:50.543+0800: 1746422.223: [GC (Allocation Failure) [PSYoungGen: 502496K->10208K(508928K)] 883117K->399847K(1033216K), 0.0220937 secs] [Times: user=0.03 sys=0.04, real=0.02 secs] 
2021-06-03T14:41:23.734+0800: 1746635.414: [GC (Allocation Failure) [PSYoungGen: 503264K->7840K(508416K)] 892903K->405528K(1032704K), 0.0217009 secs] [Times: user=0.03 sys=0.04, real=0.02 secs] 
2021-06-03T14:44:58.020+0800: 1746849.699: [GC (Allocation Failure) [PSYoungGen: 500896K->5312K(507904K)] 898584K->408754K(1032192K), 0.0218179 secs] [Times: user=0.07 sys=0.00, real=0.02 secs] 
2021-06-03T14:48:29.369+0800: 1747061.049: [GC (Allocation Failure) [PSYoungGen: 497856K->6176K(508416K)] 901298K->413694K(1032704K), 0.0241626 secs] [Times: user=0.03 sys=0.03, real=0.03 secs] 
2021-06-03T14:52:03.307+0800: 1747274.986: [GC (Allocation Failure) [PSYoungGen: 498720K->11808K(507392K)] 906238K->423826K(1031680K), 0.0230259 secs] [Times: user=0.03 sys=0.04, real=0.02 secs] 
2021-06-03T14:55:33.413+0800: 1747485.093: [GC (Allocation Failure) [PSYoungGen: 503328K->13248K(504832K)] 915346K->433511K(1029120K), 0.0350143 secs] [Times: user=0.04 sys=0.04, real=0.03 secs] 
2021-06-03T14:59:04.005+0800: 1747695.685: [GC (Allocation Failure) [PSYoungGen: 504768K->11904K(507392K)] 925031K->442457K(1031680K), 0.0257842 secs] [Times: user=0.04 sys=0.04, real=0.02 secs] 
2021-06-03T15:02:32.089+0800: 1747903.768: [GC (Allocation Failure) [PSYoungGen: 502400K->10816K(507392K)] 932953K->450618K(1031680K), 0.0241815 secs] [Times: user=0.04 sys=0.03, real=0.03 secs] 
2021-06-03T15:06:02.240+0800: 1748113.919: [GC (Allocation Failure) [PSYoungGen: 501312K->7936K(507904K)] 941114K->455020K(1032192K), 0.0217340 secs] [Times: user=0.03 sys=0.04, real=0.02 secs] 
2021-06-03T15:09:33.729+0800: 1748325.409: [GC (Allocation Failure) [PSYoungGen: 499456K->6816K(507904K)] 946540K->460581K(1032192K), 0.0229933 secs] [Times: user=0.03 sys=0.03, real=0.03 secs] 
2021-06-03T15:13:05.933+0800: 1748537.613: [GC (Allocation Failure) [PSYoungGen: 498336K->5312K(507904K)] 952101K->463865K(1032192K), 0.0184058 secs] [Times: user=0.03 sys=0.03, real=0.02 secs] 
2021-06-03T15:16:39.422+0800: 1748751.101: [GC (Allocation Failure) [PSYoungGen: 496832K->5824K(507904K)] 955385K->468676K(1032192K), 0.0203838 secs] [Times: user=0.06 sys=0.00, real=0.03 secs] 
2021-06-03T15:20:10.854+0800: 1748962.534: [GC (Allocation Failure) [PSYoungGen: 497344K->7648K(508416K)] 960196K->474873K(1032704K), 0.0214585 secs] [Times: user=0.03 sys=0.04, real=0.02 secs] 
2021-06-03T15:23:39.364+0800: 1749171.044: [GC (Allocation Failure) [PSYoungGen: 499680K->12096K(507904K)] 966905K->485167K(1032192K), 0.0241483 secs] [Times: user=0.04 sys=0.04, real=0.02 secs] 
2021-06-03T15:27:12.028+0800: 1749383.707: [GC (Allocation Failure) [PSYoungGen: 504128K->11520K(507904K)] 977199K->493905K(1032192K), 0.0266986 secs] [Times: user=0.04 sys=0.03, real=0.03 secs] 
2021-06-03T15:30:42.576+0800: 1749594.256: [GC (Allocation Failure) [PSYoungGen: 503040K->11488K(507904K)] 985425K->502435K(1032192K), 0.0241787 secs] [Times: user=0.03 sys=0.04, real=0.02 secs] 
2021-06-03T15:34:14.860+0800: 1749806.539: [GC (Allocation Failure) [PSYoungGen: 503008K->7584K(507904K)] 993955K->507802K(1032192K), 0.0575921 secs] [Times: user=0.03 sys=0.03, real=0.06 secs] 
2021-06-03T15:37:47.595+0800: 1750019.275: [GC (Allocation Failure) [PSYoungGen: 499104K->5760K(507904K)] 999322K->511541K(1032192K), 0.0183429 secs] [Times: user=0.03 sys=0.03, real=0.02 secs] 
2021-06-03T15:41:20.226+0800: 1750231.905: [GC (Allocation Failure) [PSYoungGen: 497280K->6432K(508416K)] 1003061K->516897K(1032704K), 0.0217091 secs] [Times: user=0.04 sys=0.03, real=0.02 secs] 
2021-06-03T15:44:57.546+0800: 1750449.226: [GC (Allocation Failure) [PSYoungGen: 498464K->7040K(507904K)] 1008929K->522773K(1032192K), 0.0463618 secs] [Times: user=0.03 sys=0.03, real=0.05 secs] 
2021-06-03T15:44:57.593+0800: 1750449.273: [Full GC (Ergonomics) [PSYoungGen: 7040K->0K(507904K)] [ParOldGen: 515733K->295090K(524288K)] 522773K->295090K(1032192K), [Metaspace: 96367K->96367K(1138688K)], 0.5197722 secs] [Times: user=1.10 sys=0.00, real=0.52 secs] 
2021-06-03T15:48:29.212+0800: 1750660.891: [GC (Allocation Failure) [PSYoungGen: 492032K->10048K(508928K)] 787122K->305138K(1033216K), 0.0388388 secs] [Times: user=0.03 sys=0.04, real=0.04 secs] 
2021-06-03T15:52:04.948+0800: 1750876.627: [GC (Allocation Failure) [PSYoungGen: 503616K->5248K(508928K)] 798706K->309304K(1033216K), 0.0220603 secs] [Times: user=0.03 sys=0.03, real=0.02 secs] 
2021-06-03T15:55:38.183+0800: 1751089.862: [GC (Allocation Failure) [PSYoungGen: 498816K->9344K(509440K)] 802872K->317286K(1033728K), 0.0240192 secs] [Times: user=0.04 sys=0.04, real=0.02 secs] 
2021-06-03T15:59:07.437+0800: 1751299.116: [GC (Allocation Failure) [PSYoungGen: 503424K->12416K(506880K)] 811366K->327587K(1031168K), 0.0257006 secs] [Times: user=0.04 sys=0.04, real=0.03 secs] 
2021-06-03T16:02:41.540+0800: 1751513.220: [GC (Allocation Failure) [PSYoungGen: 506496K->10080K(508416K)] 821667K->334467K(1032704K), 0.0211473 secs] [Times: user=0.03 sys=0.03, real=0.02 secs] 
2021-06-03T16:06:14.912+0800: 1751726.592: [GC (Allocation Failure) [PSYoungGen: 502624K->6432K(508416K)] 827011K->339235K(1032704K), 0.0245084 secs] [Times: user=0.04 sys=0.04, real=0.03 secs] 
2021-06-03T16:09:49.711+0800: 1751941.391: [GC (Allocation Failure) [PSYoungGen: 498976K->8352K(509440K)] 831779K->346080K(1033728K), 0.0250882 secs] [Times: user=0.04 sys=0.03, real=0.03 secs] 
2021-06-03T16:13:23.391+0800: 1752155.071: [GC (Allocation Failure) [PSYoungGen: 502432K->7744K(508928K)] 840160K->352425K(1033216K), 0.0197720 secs] [Times: user=0.03 sys=0.03, real=0.02 secs] 
2021-06-03T16:16:57.000+0800: 1752368.680: [GC (Allocation Failure) [PSYoungGen: 501824K->7712K(510464K)] 846505K->358387K(1034752K), 0.0270654 secs] [Times: user=0.04 sys=0.04, real=0.03 secs] 
2021-06-03T16:20:31.000+0800: 1752582.680: [GC (Allocation Failure) [PSYoungGen: 503840K->6688K(509952K)] 854515K->362894K(1034240K), 0.0256313 secs] [Times: user=0.04 sys=0.03, real=0.03 secs] 
2021-06-03T16:24:03.915+0800: 1752795.595: [GC (Allocation Failure) [PSYoungGen: 502816K->6304K(510464K)] 859022K->367794K(1034752K), 0.0221942 secs] [Times: user=0.03 sys=0.04, real=0.02 secs] 
2021-06-03T16:27:37.952+0800: 1753009.631: [GC (Allocation Failure) [PSYoungGen: 502944K->10752K(507904K)] 864434K->376888K(1032192K), 0.0272342 secs] [Times: user=0.03 sys=0.04, real=0.03 secs] 
2021-06-03T16:31:11.678+0800: 1753223.358: [GC (Allocation Failure) [PSYoungGen: 507392K->9344K(510464K)] 873528K->383793K(1034752K), 0.0240344 secs] [Times: user=0.04 sys=0.04, real=0.03 secs] 
2021-06-03T16:34:43.697+0800: 1753435.376: [GC (Allocation Failure) [PSYoungGen: 505472K->12928K(509440K)] 879921K->394476K(1033728K), 0.0303855 secs] [Times: user=0.04 sys=0.04, real=0.03 secs] 
2021-06-03T16:38:18.946+0800: 1753650.626: [GC (Allocation Failure) [PSYoungGen: 509056K->10432K(509440K)] 890604K->400997K(1033728K), 0.0350707 secs] [Times: user=0.04 sys=0.05, real=0.03 secs] 
2021-06-03T16:41:54.344+0800: 1753866.024: [GC (Allocation Failure) [PSYoungGen: 505024K->5952K(509440K)] 895589K->406091K(1033728K), 0.0286068 secs] [Times: user=0.03 sys=0.04, real=0.03 secs] 
2021-06-03T16:45:28.154+0800: 1754079.834: [GC (Allocation Failure) [PSYoungGen: 500544K->10784K(508416K)] 900683K->415113K(1032704K), 0.0267865 secs] [Times: user=0.03 sys=0.04, real=0.02 secs] 
2021-06-03T16:49:04.178+0800: 1754295.857: [GC (Allocation Failure) [PSYoungGen: 504352K->6464K(508928K)] 908681K->420049K(1033216K), 0.0247561 secs] [Times: user=0.06 sys=0.00, real=0.03 secs] 
2021-06-03T16:52:37.240+0800: 1754508.920: [GC (Allocation Failure) [PSYoungGen: 500032K->9632K(509440K)] 913617K->428422K(1033728K), 0.0221727 secs] [Times: user=0.04 sys=0.04, real=0.03 secs] 
2021-06-03T16:56:08.636+0800: 1754720.315: [GC (Allocation Failure) [PSYoungGen: 504224K->7552K(509440K)] 923014K->434040K(1033728K), 0.0242692 secs] [Times: user=0.04 sys=0.04, real=0.02 secs] 
2021-06-03T16:59:45.901+0800: 1754937.580: [GC (Allocation Failure) [PSYoungGen: 502144K->6176K(509952K)] 928632K->439384K(1034240K), 0.0281942 secs] [Times: user=0.04 sys=0.04, real=0.03 secs] 
2021-06-03T17:03:18.949+0800: 1755150.629: [GC (Allocation Failure) [PSYoungGen: 501792K->10368K(509952K)] 935000K->448501K(1034240K), 0.0222803 secs] [Times: user=0.04 sys=0.04, real=0.02 secs] 
2021-06-03T17:06:51.170+0800: 1755362.850: [GC (Allocation Failure) [PSYoungGen: 505984K->10496K(509952K)] 944117K->457454K(1034240K), 0.0214498 secs] [Times: user=0.07 sys=0.00, real=0.02 secs] 
2021-06-03T17:10:27.148+0800: 1755578.827: [GC (Allocation Failure) [PSYoungGen: 506112K->9664K(509952K)] 953070K->465265K(1034240K), 0.0228295 secs] [Times: user=0.04 sys=0.03, real=0.02 secs] 
2021-06-03T17:13:53.062+0800: 1755784.742: [GC (Allocation Failure) [PSYoungGen: 505280K->7850K(510464K)] 960881K->471637K(1034752K), 0.0263070 secs] [Times: user=0.04 sys=0.04, real=0.02 secs] 
2021-06-03T17:17:26.912+0800: 1755998.592: [GC (Allocation Failure) [PSYoungGen: 503978K->7936K(509952K)] 967765K->478112K(1034240K), 0.0221570 secs] [Times: user=0.04 sys=0.03, real=0.02 secs] 
2021-06-03T17:20:59.248+0800: 1756210.928: [GC (Allocation Failure) [PSYoungGen: 504064K->7520K(510976K)] 974240K->483778K(1035264K), 0.0218012 secs] [Times: user=0.04 sys=0.04, real=0.02 secs] 
2021-06-03T17:24:37.834+0800: 1756429.514: [GC (Allocation Failure) [PSYoungGen: 504672K->6304K(510464K)] 980930K->488840K(1034752K), 0.0240061 secs] [Times: user=0.04 sys=0.03, real=0.02 secs] 
2021-06-03T17:28:13.011+0800: 1756644.690: [GC (Allocation Failure) [PSYoungGen: 503456K->5536K(510976K)] 985992K->492852K(1035264K), 0.0280722 secs] [Times: user=0.04 sys=0.04, real=0.03 secs] 
2021-06-03T17:31:44.290+0800: 1756855.969: [GC (Allocation Failure) [PSYoungGen: 503200K->10816K(508928K)] 990516K->502385K(1033216K), 0.0248454 secs] [Times: user=0.06 sys=0.00, real=0.03 secs] 
2021-06-03T17:35:12.524+0800: 1757064.203: [GC (Allocation Failure) [PSYoungGen: 508480K->12704K(508416K)] 1000049K->512582K(1032704K), 0.0248379 secs] [Times: user=0.03 sys=0.04, real=0.02 secs] 
2021-06-03T17:38:44.372+0800: 1757276.052: [GC (Allocation Failure) [PSYoungGen: 507296K->14464K(509440K)] 1007174K->523890K(1033728K), 0.0271580 secs] [Times: user=0.04 sys=0.04, real=0.03 secs] 
2021-06-03T17:42:14.710+0800: 1757486.390: [GC (Allocation Failure) [PSYoungGen: 509056K->12768K(505344K)] 1018482K->532716K(1029632K), 0.0256965 secs] [Times: user=0.04 sys=0.04, real=0.03 secs] 
2021-06-03T17:42:14.736+0800: 1757486.416: [Full GC (Ergonomics) [PSYoungGen: 12768K->0K(505344K)] [ParOldGen: 519948K->311026K(524288K)] 532716K->311026K(1029632K), [Metaspace: 96386K->96386K(1138688K)], 0.5139033 secs] [Times: user=0.57 sys=0.54, real=0.51 secs] 
2021-06-03T17:45:46.062+0800: 1757697.742: [GC (Allocation Failure) [PSYoungGen: 490496K->10880K(507392K)] 801522K->321906K(1031680K), 0.0237018 secs] [Times: user=0.03 sys=0.04, real=0.02 secs] 
2021-06-03T17:49:14.618+0800: 1757906.298: [GC (Allocation Failure) [PSYoungGen: 501376K->13632K(506368K)] 812402K->333190K(1030656K), 0.0825718 secs] [Times: user=0.05 sys=0.05, real=0.08 secs] 
2021-06-03T17:52:43.895+0800: 1758115.575: [GC (Allocation Failure) [PSYoungGen: 503104K->15552K(505344K)] 822662K->344417K(1029632K), 0.0282140 secs] [Times: user=0.04 sys=0.04, real=0.03 secs] 
2021-06-03T17:56:13.155+0800: 1758324.834: [GC (Allocation Failure) [PSYoungGen: 505024K->17568K(502272K)] 833889K->357358K(1026560K), 0.0342568 secs] [Times: user=0.05 sys=0.05, real=0.03 secs] 
2021-06-03T17:59:38.929+0800: 1758530.609: [GC (Allocation Failure) [PSYoungGen: 500896K->14240K(503808K)] 840686K->365539K(1028096K), 0.0275065 secs] [Times: user=0.05 sys=0.04, real=0.03 secs] 
2021-06-03T18:03:06.993+0800: 1758738.673: [GC (Allocation Failure) [PSYoungGen: 497568K->12800K(504320K)] 848867K->375438K(1028608K), 0.0291051 secs] [Times: user=0.04 sys=0.04, real=0.03 secs] 
2021-06-03T18:06:34.841+0800: 1758946.521: [GC (Allocation Failure) [PSYoungGen: 496640K->10912K(503808K)] 859278K->384191K(1028096K), 0.0268133 secs] [Times: user=0.04 sys=0.03, real=0.03 secs] 
2021-06-03T18:10:03.333+0800: 1759155.012: [GC (Allocation Failure) [PSYoungGen: 494752K->15104K(503808K)] 868031K->396476K(1028096K), 0.0327089 secs] [Times: user=0.04 sys=0.04, real=0.03 secs] 
2021-06-03T18:13:29.681+0800: 1759361.361: [GC (Allocation Failure) [PSYoungGen: 499456K->12416K(504320K)] 880828K->403790K(1028608K), 0.0271813 secs] [Times: user=0.03 sys=0.03, real=0.03 secs] 
2021-06-03T18:16:54.599+0800: 1759566.279: [GC (Allocation Failure) [PSYoungGen: 496768K->14304K(504832K)] 888142K->415882K(1029120K), 0.0254388 secs] [Times: user=0.04 sys=0.03, real=0.03 secs] 
2021-06-03T18:20:21.041+0800: 1759772.721: [GC (Allocation Failure) [PSYoungGen: 499680K->9184K(504832K)] 901258K->421945K(1029120K), 0.0268892 secs] [Times: user=0.04 sys=0.04, real=0.03 secs] 
2021-06-03T18:23:50.094+0800: 1759981.773: [GC (Allocation Failure) [PSYoungGen: 494560K->12736K(505344K)] 907321K->432517K(1029632K), 0.0239877 secs] [Times: user=0.04 sys=0.04, real=0.02 secs] 
2021-06-03T18:27:17.685+0800: 1760189.365: [GC (Allocation Failure) [PSYoungGen: 498624K->13376K(504832K)] 918405K->442792K(1029120K), 0.0252986 secs] [Times: user=0.04 sys=0.04, real=0.02 secs] 
2021-06-03T18:30:46.394+0800: 1760398.073: [GC (Allocation Failure) [PSYoungGen: 499264K->11776K(505856K)] 928680K->450610K(1030144K), 0.0257569 secs] [Times: user=0.04 sys=0.04, real=0.02 secs] 
2021-06-03T18:34:15.583+0800: 1760607.262: [GC (Allocation Failure) [PSYoungGen: 498688K->11264K(505344K)] 937522K->459389K(1029632K), 0.0368226 secs] [Times: user=0.03 sys=0.03, real=0.03 secs] 
2021-06-03T18:37:46.311+0800: 1760817.991: [GC (Allocation Failure) [PSYoungGen: 498176K->14592K(506368K)] 946301K->471826K(1030656K), 0.0278970 secs] [Times: user=0.04 sys=0.04, real=0.03 secs] 
2021-06-03T18:41:13.510+0800: 1761025.189: [GC (Allocation Failure) [PSYoungGen: 503040K->14976K(503808K)] 960274K->482846K(1028096K), 0.0277270 secs] [Times: user=0.04 sys=0.04, real=0.03 secs] 
2021-06-03T18:44:42.955+0800: 1761234.634: [GC (Allocation Failure) [PSYoungGen: 503424K->12448K(506368K)] 971294K->491304K(1030656K), 0.0259795 secs] [Times: user=0.05 sys=0.04, real=0.02 secs] 
2021-06-03T18:48:12.021+0800: 1761443.701: [GC (Allocation Failure) [PSYoungGen: 500384K->9952K(505856K)] 979240K->499448K(1030144K), 0.0290972 secs] [Times: user=0.04 sys=0.04, real=0.03 secs] 
2021-06-03T18:51:42.834+0800: 1761654.514: [GC (Allocation Failure) [PSYoungGen: 497888K->12768K(506880K)] 987384K->509965K(1031168K), 0.0268462 secs] [Times: user=0.03 sys=0.04, real=0.02 secs] 
2021-06-03T18:55:11.167+0800: 1761862.847: [GC (Allocation Failure) [PSYoungGen: 501728K->15264K(506368K)] 998925K->521833K(1030656K), 0.0354062 secs] [Times: user=0.04 sys=0.05, real=0.04 secs] 
2021-06-03T18:58:36.124+0800: 1762067.804: [GC (Allocation Failure) [PSYoungGen: 504224K->13162K(506368K)] 1010793K->529981K(1030656K), 0.0525292 secs] [Times: user=0.05 sys=0.05, real=0.05 secs] 
2021-06-03T18:58:36.177+0800: 1762067.857: [Full GC (Ergonomics) [PSYoungGen: 13162K->0K(506368K)] [ParOldGen: 516819K->307925K(524288K)] 529981K->307925K(1030656K), [Metaspace: 96386K->96386K(1138688K)], 0.5087656 secs] [Times: user=0.58 sys=0.54, real=0.51 secs] 
2021-06-03T19:02:06.261+0800: 1762277.941: [GC (Allocation Failure) [PSYoungGen: 488448K->14432K(506368K)] 796373K->322357K(1030656K), 0.0434889 secs] [Times: user=0.06 sys=0.00, real=0.05 secs] 
2021-06-03T19:05:36.444+0800: 1762488.123: [GC (Allocation Failure) [PSYoungGen: 502880K->15104K(505344K)] 810805K->333288K(1029632K), 0.0271940 secs] [Times: user=0.04 sys=0.03, real=0.02 secs] 
2021-06-03T19:09:03.949+0800: 1762695.629: [GC (Allocation Failure) [PSYoungGen: 502528K->15648K(503296K)] 820712K->343604K(1027584K), 0.0465635 secs] [Times: user=0.07 sys=0.06, real=0.05 secs] 
2021-06-03T19:12:31.252+0800: 1762902.931: [GC (Allocation Failure) [PSYoungGen: 503072K->15008K(505344K)] 831028K->354089K(1029632K), 0.0316373 secs] [Times: user=0.04 sys=0.03, real=0.04 secs] 
2021-06-03T19:15:58.965+0800: 1763110.645: [GC (Allocation Failure) [PSYoungGen: 501408K->13952K(505344K)] 840489K->364164K(1029632K), 0.0262584 secs] [Times: user=0.04 sys=0.04, real=0.02 secs] 
2021-06-03T19:19:25.585+0800: 1763317.265: [GC (Allocation Failure) [PSYoungGen: 500352K->14976K(505856K)] 850564K->374896K(1030144K), 0.0283047 secs] [Times: user=0.04 sys=0.04, real=0.03 secs] 
2021-06-03T19:22:53.630+0800: 1763525.309: [GC (Allocation Failure) [PSYoungGen: 502400K->14912K(505856K)] 862320K->384781K(1030144K), 0.0310301 secs] [Times: user=0.04 sys=0.04, real=0.03 secs] 
2021-06-03T19:26:20.808+0800: 1763732.488: [GC (Allocation Failure) [PSYoungGen: 502336K->14240K(505856K)] 872205K->394097K(1030144K), 0.0359650 secs] [Times: user=0.05 sys=0.05, real=0.04 secs] 
2021-06-03T19:29:48.690+0800: 1763940.370: [GC (Allocation Failure) [PSYoungGen: 501664K->14400K(505856K)] 881521K->404187K(1030144K), 0.0260786 secs] [Times: user=0.04 sys=0.04, real=0.03 secs] 
2021-06-03T19:33:16.503+0800: 1764148.183: [GC (Allocation Failure) [PSYoungGen: 501824K->12256K(506368K)] 891611K->411094K(1030656K), 0.0286076 secs] [Times: user=0.03 sys=0.04, real=0.02 secs] 
2021-06-03T19:36:46.731+0800: 1764358.410: [GC (Allocation Failure) [PSYoungGen: 500704K->17408K(506368K)] 899542K->425850K(1030656K), 0.0333172 secs] [Times: user=0.04 sys=0.04, real=0.04 secs] 
2021-06-03T19:40:16.149+0800: 1764567.828: [GC (Allocation Failure) [PSYoungGen: 505856K->14208K(505344K)] 914298K->433781K(1029632K), 0.0262641 secs] [Times: user=0.03 sys=0.04, real=0.03 secs] 
2021-06-03T19:43:42.371+0800: 1764774.051: [GC (Allocation Failure) [PSYoungGen: 501632K->16128K(503808K)] 921205K->445650K(1028096K), 0.0275609 secs] [Times: user=0.04 sys=0.04, real=0.03 secs] 
2021-06-03T19:47:08.392+0800: 1764980.072: [GC (Allocation Failure) [PSYoungGen: 503552K->14432K(505856K)] 933074K->453846K(1030144K), 0.0255998 secs] [Times: user=0.04 sys=0.03, real=0.03 secs] 
2021-06-03T19:50:33.198+0800: 1765184.877: [GC (Allocation Failure) [PSYoungGen: 501344K->18400K(505344K)] 940758K->467850K(1029632K), 0.0289628 secs] [Times: user=0.04 sys=0.04, real=0.03 secs] 
2021-06-03T19:54:03.222+0800: 1765394.902: [GC (Allocation Failure) [PSYoungGen: 505312K->15616K(498176K)] 954762K->476222K(1022464K), 0.0274928 secs] [Times: user=0.04 sys=0.04, real=0.02 secs] 
2021-06-03T19:57:28.403+0800: 1765600.082: [GC (Allocation Failure) [PSYoungGen: 494848K->15680K(501760K)] 955454K->487402K(1026048K), 0.0347247 secs] [Times: user=0.04 sys=0.05, real=0.03 secs] 
2021-06-03T20:00:54.341+0800: 1765806.021: [GC (Allocation Failure) [PSYoungGen: 494912K->10784K(502272K)] 966634K->494170K(1026560K), 0.0258419 secs] [Times: user=0.05 sys=0.04, real=0.03 secs] 
2021-06-03T20:04:19.602+0800: 1766011.281: [GC (Allocation Failure) [PSYoungGen: 491040K->15712K(502272K)] 974426K->508390K(1026560K), 0.0266832 secs] [Times: user=0.03 sys=0.04, real=0.03 secs] 
2021-06-03T20:07:43.537+0800: 1766215.217: [GC (Allocation Failure) [PSYoungGen: 495968K->16736K(502784K)] 988646K->518835K(1027072K), 0.0306904 secs] [Times: user=0.04 sys=0.05, real=0.03 secs] 
2021-06-03T20:11:06.366+0800: 1766418.046: [GC (Allocation Failure) [PSYoungGen: 498016K->16480K(502784K)] 1000115K->529197K(1027072K), 0.0328897 secs] [Times: user=0.04 sys=0.05, real=0.03 secs] 
2021-06-03T20:11:06.400+0800: 1766418.079: [Full GC (Ergonomics) [PSYoungGen: 16480K->0K(502784K)] [ParOldGen: 512717K->311425K(524288K)] 529197K->311425K(1027072K), [Metaspace: 96386K->96386K(1138688K)], 0.5422638 secs] [Times: user=0.59 sys=0.55, real=0.55 secs] 
2021-06-03T20:14:30.147+0800: 1766621.827: [GC (Allocation Failure) [PSYoungGen: 481280K->17056K(502784K)] 792705K->328481K(1027072K), 0.0355415 secs] [Times: user=0.04 sys=0.05, real=0.04 secs] 
2021-06-03T20:17:55.672+0800: 1766827.352: [GC (Allocation Failure) [PSYoungGen: 498336K->13728K(502784K)] 809761K->337091K(1027072K), 0.0334738 secs] [Times: user=0.04 sys=0.05, real=0.03 secs] 
2021-06-03T20:21:20.893+0800: 1767032.572: [GC (Allocation Failure) [PSYoungGen: 495008K->15104K(503808K)] 818371K->348607K(1028096K), 0.0485419 secs] [Times: user=0.06 sys=0.07, real=0.04 secs] 
2021-06-03T20:24:47.954+0800: 1767239.633: [GC (Allocation Failure) [PSYoungGen: 497920K->13952K(503296K)] 831423K->357906K(1027584K), 0.0483652 secs] [Times: user=0.04 sys=0.04, real=0.04 secs] 
2021-06-03T20:28:10.485+0800: 1767442.165: [GC (Allocation Failure) [PSYoungGen: 496768K->14528K(504320K)] 840722K->368270K(1028608K), 0.0272471 secs] [Times: user=0.03 sys=0.04, real=0.03 secs] 
2021-06-03T20:31:38.083+0800: 1767649.762: [GC (Allocation Failure) [PSYoungGen: 498368K->15360K(503808K)] 852110K->379043K(1028096K), 0.0555186 secs] [Times: user=0.04 sys=0.04, real=0.05 secs] 
2021-06-03T20:35:04.588+0800: 1767856.268: [GC (Allocation Failure) [PSYoungGen: 499200K->15520K(504832K)] 862883K->391143K(1029120K), 0.0287909 secs] [Times: user=0.04 sys=0.04, real=0.03 secs] 
2021-06-03T20:38:31.589+0800: 1768063.269: [GC (Allocation Failure) [PSYoungGen: 500896K->16640K(504832K)] 876519K->403099K(1029120K), 0.0353247 secs] [Times: user=0.05 sys=0.05, real=0.04 secs] 
2021-06-03T20:41:58.307+0800: 1768269.987: [GC (Allocation Failure) [PSYoungGen: 502016K->12384K(504832K)] 888475K->411102K(1029120K), 0.0832580 secs] [Times: user=0.06 sys=0.06, real=0.08 secs] 
2021-06-03T20:45:23.585+0800: 1768475.265: [GC (Allocation Failure) [PSYoungGen: 497760K->17216K(502784K)] 896478K->425858K(1027072K), 0.0336243 secs] [Times: user=0.04 sys=0.04, real=0.03 secs] 
2021-06-03T20:48:53.119+0800: 1768684.799: [GC (Allocation Failure) [PSYoungGen: 502592K->11680K(504320K)] 911234K->432763K(1028608K), 0.0269220 secs] [Times: user=0.05 sys=0.04, real=0.03 secs] 
2021-06-03T20:52:18.507+0800: 1768890.186: [GC (Allocation Failure) [PSYoungGen: 496032K->15968K(504320K)] 917115K->444664K(1028608K), 0.0395506 secs] [Times: user=0.04 sys=0.03, real=0.04 secs] 
2021-06-03T20:55:45.549+0800: 1769097.228: [GC (Allocation Failure) [PSYoungGen: 500320K->13088K(504320K)] 929016K->453514K(1028608K), 0.0306802 secs] [Times: user=0.05 sys=0.04, real=0.03 secs] 
2021-06-03T20:59:14.082+0800: 1769305.762: [GC (Allocation Failure) [PSYoungGen: 497440K->13920K(504320K)] 937866K->463366K(1028608K), 0.0311970 secs] [Times: user=0.04 sys=0.05, real=0.03 secs] 
2021-06-03T21:02:40.578+0800: 1769512.257: [GC (Allocation Failure) [PSYoungGen: 498272K->13600K(504832K)] 947718K->473659K(1029120K), 0.0297446 secs] [Times: user=0.04 sys=0.04, real=0.03 secs] 
2021-06-03T21:06:08.326+0800: 1769720.006: [GC (Allocation Failure) [PSYoungGen: 498976K->12896K(504832K)] 959035K->483270K(1029120K), 0.0386006 secs] [Times: user=0.04 sys=0.06, real=0.04 secs] 
2021-06-03T21:09:33.654+0800: 1769925.334: [GC (Allocation Failure) [PSYoungGen: 498272K->15456K(505344K)] 968646K->495361K(1029632K), 0.0340446 secs] [Times: user=0.05 sys=0.05, real=0.03 secs] 
2021-06-03T21:13:00.953+0800: 1770132.633: [GC (Allocation Failure) [PSYoungGen: 501856K->11584K(505344K)] 981761K->501788K(1029632K), 0.0242225 secs] [Times: user=0.04 sys=0.04, real=0.02 secs] 
2021-06-03T21:16:26.596+0800: 1770338.275: [GC (Allocation Failure) [PSYoungGen: 497984K->15456K(505344K)] 988188K->513266K(1029632K), 0.0320280 secs] [Times: user=0.05 sys=0.05, real=0.03 secs] 
2021-06-03T21:19:54.160+0800: 1770545.840: [GC (Allocation Failure) [PSYoungGen: 501856K->14432K(505344K)] 999666K->522470K(1029632K), 0.0339333 secs] [Times: user=0.05 sys=0.05, real=0.04 secs] 
2021-06-03T21:23:21.846+0800: 1770753.525: [GC (Allocation Failure) [PSYoungGen: 500832K->13248K(505856K)] 1008870K->532896K(1030144K), 0.0300993 secs] [Times: user=0.04 sys=0.04, real=0.03 secs] 
2021-06-03T21:23:21.876+0800: 1770753.556: [Full GC (Ergonomics) [PSYoungGen: 13248K->0K(505856K)] [ParOldGen: 519648K->310800K(524288K)] 532896K->310800K(1030144K), [Metaspace: 96387K->96387K(1138688K)], 0.5861113 secs] [Times: user=1.23 sys=0.00, real=0.59 secs] 
2021-06-03T21:26:50.711+0800: 1770962.391: [GC (Allocation Failure) [PSYoungGen: 486912K->14304K(505344K)] 797712K->325104K(1029632K), 0.0298624 secs] [Times: user=0.04 sys=0.04, real=0.03 secs] 
2021-06-03T21:30:18.718+0800: 1771170.398: [GC (Allocation Failure) [PSYoungGen: 501216K->15456K(505344K)] 812016K->337155K(1029632K), 0.0353011 secs] [Times: user=0.05 sys=0.05, real=0.04 secs] 
2021-06-03T21:33:49.624+0800: 1771381.304: [GC (Allocation Failure) [PSYoungGen: 502880K->14848K(505856K)] 824579K->346727K(1030144K), 0.0358316 secs] [Times: user=0.04 sys=0.04, real=0.03 secs] 
2021-06-03T21:37:18.585+0800: 1771590.265: [GC (Allocation Failure) [PSYoungGen: 502272K->14336K(506368K)] 834151K->356546K(1030656K), 0.0266588 secs] [Times: user=0.04 sys=0.04, real=0.02 secs] 
2021-06-03T21:40:43.722+0800: 1771795.402: [GC (Allocation Failure) [PSYoungGen: 502784K->15872K(506368K)] 844994K->367511K(1030656K), 0.0288578 secs] [Times: user=0.04 sys=0.04, real=0.03 secs] 
2021-06-03T21:44:12.924+0800: 1772004.604: [GC (Allocation Failure) [PSYoungGen: 504320K->14272K(506368K)] 855959K->376889K(1030656K), 0.0298549 secs] [Times: user=0.04 sys=0.04, real=0.03 secs] 
2021-06-03T21:47:44.048+0800: 1772215.727: [GC (Allocation Failure) [PSYoungGen: 502720K->13728K(506368K)] 865337K->385884K(1030656K), 0.0309927 secs] [Times: user=0.04 sys=0.04, real=0.03 secs] 
2021-06-03T21:51:11.038+0800: 1772422.717: [GC (Allocation Failure) [PSYoungGen: 502176K->17376K(497664K)] 874332K->399489K(1021952K), 0.0343409 secs] [Times: user=0.05 sys=0.05, real=0.04 secs] 
2021-06-03T21:54:35.547+0800: 1772627.226: [GC (Allocation Failure) [PSYoungGen: 497632K->13856K(502272K)] 879745K->407403K(1026560K), 0.0700902 secs] [Times: user=0.03 sys=0.04, real=0.08 secs] 
2021-06-03T21:58:03.218+0800: 1772834.898: [GC (Allocation Failure) [PSYoungGen: 494112K->13856K(502784K)] 887659K->416630K(1027072K), 0.0239347 secs] [Times: user=0.03 sys=0.03, real=0.03 secs] 
2021-06-03T22:01:26.686+0800: 1773038.366: [GC (Allocation Failure) [PSYoungGen: 495136K->15232K(502784K)] 897910K->428860K(1027072K), 0.0282658 secs] [Times: user=0.05 sys=0.04, real=0.03 secs] 
2021-06-03T22:04:52.949+0800: 1773244.628: [GC (Allocation Failure) [PSYoungGen: 496512K->12768K(503296K)] 910140K->436799K(1027584K), 0.0218350 secs] [Times: user=0.03 sys=0.03, real=0.02 secs] 
2021-06-03T22:08:23.189+0800: 1773454.869: [GC (Allocation Failure) [PSYoungGen: 495072K->11008K(503296K)] 919103K->445647K(1027584K), 0.0246519 secs] [Times: user=0.03 sys=0.04, real=0.03 secs] 
2021-06-03T22:11:48.656+0800: 1773660.336: [GC (Allocation Failure) [PSYoungGen: 493312K->16736K(503296K)] 927951K->460330K(1027584K), 0.0301761 secs] [Times: user=0.04 sys=0.03, real=0.03 secs] 
2021-06-03T22:15:15.060+0800: 1773866.740: [GC (Allocation Failure) [PSYoungGen: 499040K->12256K(503296K)] 942634K->467044K(1027584K), 0.0249075 secs] [Times: user=0.03 sys=0.04, real=0.03 secs] 
2021-06-03T22:18:39.295+0800: 1774070.974: [GC (Allocation Failure) [PSYoungGen: 494560K->16512K(503296K)] 949348K->479457K(1027584K), 0.0288308 secs] [Times: user=0.04 sys=0.04, real=0.03 secs] 
2021-06-03T22:22:06.721+0800: 1774278.401: [GC (Allocation Failure) [PSYoungGen: 498816K->12736K(503296K)] 961761K->487260K(1027584K), 0.0268705 secs] [Times: user=0.04 sys=0.04, real=0.03 secs] 
2021-06-03T22:25:32.657+0800: 1774484.337: [GC (Allocation Failure) [PSYoungGen: 495040K->15648K(503808K)] 969564K->499137K(1028096K), 0.0276807 secs] [Times: user=0.03 sys=0.04, real=0.03 secs] 
2021-06-03T22:28:55.503+0800: 1774687.183: [GC (Allocation Failure) [PSYoungGen: 498464K->15936K(503296K)] 981953K->509654K(1027584K), 0.0730023 secs] [Times: user=0.04 sys=0.04, real=0.08 secs] 
2021-06-03T22:32:21.070+0800: 1774892.750: [GC (Allocation Failure) [PSYoungGen: 498752K->13888K(504320K)] 992470K->518087K(1028608K), 0.0494724 secs] [Times: user=0.03 sys=0.03, real=0.05 secs] 
2021-06-03T22:35:46.817+0800: 1775098.496: [GC (Allocation Failure) [PSYoungGen: 497727K->15104K(503808K)] 1001927K->528811K(1028096K), 0.0272147 secs] [Times: user=0.04 sys=0.03, real=0.03 secs] 
2021-06-03T22:35:46.844+0800: 1775098.524: [Full GC (Ergonomics) [PSYoungGen: 15104K->0K(503808K)] [ParOldGen: 513707K->308050K(524288K)] 528811K->308050K(1028096K), [Metaspace: 96387K->96383K(1138688K)], 0.5422143 secs] [Times: user=0.57 sys=0.53, real=0.54 secs] 
2021-06-03T22:39:13.683+0800: 1775305.363: [GC (Allocation Failure) [PSYoungGen: 483840K->16992K(504320K)] 791890K->325042K(1028608K), 0.0261182 secs] [Times: user=0.04 sys=0.03, real=0.02 secs] 
2021-06-03T22:42:39.547+0800: 1775511.227: [GC (Allocation Failure) [PSYoungGen: 501344K->13984K(504320K)] 809394K->333917K(1028608K), 0.0304008 secs] [Times: user=0.04 sys=0.04, real=0.03 secs] 
2021-06-03T22:46:05.359+0800: 1775717.039: [GC (Allocation Failure) [PSYoungGen: 498336K->17472K(503296K)] 818269K->347778K(1027584K), 0.0262218 secs] [Times: user=0.03 sys=0.04, real=0.03 secs] 
2021-06-03T22:49:30.692+0800: 1775922.372: [GC (Allocation Failure) [PSYoungGen: 500800K->14528K(503808K)] 831106K->356343K(1028096K), 0.0320822 secs] [Times: user=0.04 sys=0.04, real=0.04 secs] 
2021-06-03T22:52:56.777+0800: 1776128.457: [GC (Allocation Failure) [PSYoungGen: 497856K->17472K(503296K)] 839671K->368964K(1027584K), 0.0315202 secs] [Times: user=0.04 sys=0.04, real=0.03 secs] 
2021-06-03T22:56:21.968+0800: 1776333.647: [GC (Allocation Failure) [PSYoungGen: 500800K->15744K(503808K)] 852292K->379536K(1028096K), 0.0315866 secs] [Times: user=0.04 sys=0.04, real=0.03 secs] 
2021-06-03T22:59:46.780+0800: 1776538.459: [GC (Allocation Failure) [PSYoungGen: 499072K->16480K(504320K)] 862864K->390117K(1028608K), 0.0274391 secs] [Times: user=0.04 sys=0.03, real=0.03 secs] 
2021-06-03T23:03:10.824+0800: 1776742.504: [GC (Allocation Failure) [PSYoungGen: 500832K->15744K(504320K)] 874469K->400048K(1028608K), 0.0266543 secs] [Times: user=0.04 sys=0.04, real=0.02 secs] 
2021-06-03T23:06:35.417+0800: 1776947.097: [GC (Allocation Failure) [PSYoungGen: 500096K->15296K(504832K)] 884400K->410100K(1029120K), 0.0292172 secs] [Times: user=0.04 sys=0.04, real=0.03 secs] 
2021-06-03T23:10:00.598+0800: 1777152.277: [GC (Allocation Failure) [PSYoungGen: 500672K->17536K(504832K)] 895476K->422303K(1029120K), 0.0618918 secs] [Times: user=0.04 sys=0.04, real=0.06 secs] 
2021-06-03T23:13:26.771+0800: 1777358.451: [GC (Allocation Failure) [PSYoungGen: 502912K->17568K(503808K)] 907679K->432452K(1028096K), 0.0287586 secs] [Times: user=0.03 sys=0.03, real=0.03 secs] 
2021-06-03T23:16:51.490+0800: 1777563.169: [GC (Allocation Failure) [PSYoungGen: 501920K->16128K(504320K)] 916804K->442192K(1028608K), 0.0289663 secs] [Times: user=0.05 sys=0.04, real=0.03 secs] 
2021-06-03T23:20:16.773+0800: 1777768.453: [GC (Allocation Failure) [PSYoungGen: 500480K->16960K(503808K)] 926544K->454764K(1028096K), 0.0303421 secs] [Times: user=0.04 sys=0.04, real=0.03 secs] 
2021-06-03T23:23:41.778+0800: 1777973.457: [GC (Allocation Failure) [PSYoungGen: 501309K->16640K(504320K)] 939114K->465505K(1028608K), 0.0660163 secs] [Times: user=0.04 sys=0.05, real=0.07 secs] 
2021-06-03T23:27:03.263+0800: 1778174.942: [GC (Allocation Failure) [PSYoungGen: 500992K->16928K(504832K)] 949857K->477133K(1029120K), 0.0279614 secs] [Times: user=0.04 sys=0.04, real=0.02 secs] 
2021-06-03T23:30:32.596+0800: 1778384.275: [GC (Allocation Failure) [PSYoungGen: 502304K->11936K(497664K)] 962509K->482887K(1021952K), 0.0229723 secs] [Times: user=0.03 sys=0.03, real=0.02 secs] 
2021-06-03T23:33:58.307+0800: 1778589.987: [GC (Allocation Failure) [PSYoungGen: 497312K->15264K(504832K)] 968263K->495227K(1029120K), 0.0271157 secs] [Times: user=0.04 sys=0.04, real=0.03 secs] 
2021-06-03T23:37:27.008+0800: 1778798.688: [GC (Allocation Failure) [PSYoungGen: 500128K->12704K(504320K)] 980091K->504141K(1028608K), 0.0280433 secs] [Times: user=0.04 sys=0.04, real=0.03 secs] 
2021-06-03T23:40:51.218+0800: 1779002.897: [GC (Allocation Failure) [PSYoungGen: 497568K->16224K(504320K)] 989005K->516913K(1028608K), 0.0327767 secs] [Times: user=0.04 sys=0.04, real=0.03 secs] 
2021-06-03T23:44:17.191+0800: 1779208.870: [GC (Allocation Failure) [PSYoungGen: 500576K->15712K(504320K)] 1001265K->527238K(1028608K), 0.1233473 secs] [Times: user=0.04 sys=0.04, real=0.13 secs] 
2021-06-03T23:44:17.315+0800: 1779208.994: [Full GC (Ergonomics) [PSYoungGen: 15712K->0K(504320K)] [ParOldGen: 511526K->309504K(524288K)] 527238K->309504K(1028608K), [Metaspace: 96387K->96387K(1138688K)], 0.4447585 secs] [Times: user=0.94 sys=0.00, real=0.44 secs] 
2021-06-03T23:47:43.347+0800: 1779415.027: [GC (Allocation Failure) [PSYoungGen: 484352K->17984K(503808K)] 793856K->327488K(1028096K), 0.0319555 secs] [Times: user=0.03 sys=0.03, real=0.03 secs] 
2021-06-03T23:51:10.591+0800: 1779622.271: [GC (Allocation Failure) [PSYoungGen: 502336K->14496K(504320K)] 811840K->336977K(1028608K), 0.0284990 secs] [Times: user=0.04 sys=0.04, real=0.03 secs] 
2021-06-03T23:54:38.053+0800: 1779829.733: [GC (Allocation Failure) [PSYoungGen: 498848K->14112K(504832K)] 821329K->346869K(1029120K), 0.0266626 secs] [Times: user=0.04 sys=0.04, real=0.02 secs] 
2021-06-03T23:58:01.495+0800: 1780033.175: [GC (Allocation Failure) [PSYoungGen: 498976K->17472K(504320K)] 831733K->358963K(1028608K), 0.0327801 secs] [Times: user=0.03 sys=0.04, real=0.03 secs] 
2021-06-04T00:01:19.695+0800: 1780231.375: [GC (Allocation Failure) [PSYoungGen: 502336K->15680K(504832K)] 843827K->367967K(1029120K), 0.0304486 secs] [Times: user=0.05 sys=0.04, real=0.03 secs] 
2021-06-04T00:04:45.178+0800: 1780436.858: [GC (Allocation Failure) [PSYoungGen: 500544K->14912K(504320K)] 852831K->377915K(1028608K), 0.0249274 secs] [Times: user=0.03 sys=0.04, real=0.03 secs] 
2021-06-04T00:08:09.276+0800: 1780640.956: [GC (Allocation Failure) [PSYoungGen: 499776K->17248K(504832K)] 862779K->391088K(1029120K), 0.0270450 secs] [Times: user=0.04 sys=0.04, real=0.03 secs] 
2021-06-04T00:11:36.251+0800: 1780847.931: [GC (Allocation Failure) [PSYoungGen: 502624K->12256K(497664K)] 876464K->396945K(1021952K), 0.0243329 secs] [Times: user=0.03 sys=0.04, real=0.03 secs] 
2021-06-04T00:15:00.887+0800: 1781052.567: [GC (Allocation Failure) [PSYoungGen: 497632K->13728K(504320K)] 882321K->406364K(1028608K), 0.0257311 secs] [Times: user=0.04 sys=0.04, real=0.03 secs] 
2021-06-04T00:18:27.338+0800: 1781259.018: [GC (Allocation Failure) [PSYoungGen: 498080K->15456K(504320K)] 890716K->418639K(1028608K), 0.0263867 secs] [Times: user=0.04 sys=0.04, real=0.03 secs] 
2021-06-04T00:21:51.384+0800: 1781463.064: [GC (Allocation Failure) [PSYoungGen: 499808K->14816K(505344K)] 902991K->428603K(1029632K), 0.0266090 secs] [Times: user=0.04 sys=0.04, real=0.02 secs] 
2021-06-04T00:25:17.974+0800: 1781669.653: [GC (Allocation Failure) [PSYoungGen: 500704K->15936K(504832K)] 914491K->439911K(1029120K), 0.0737961 secs] [Times: user=0.03 sys=0.03, real=0.07 secs] 
2021-06-04T00:28:44.657+0800: 1781876.337: [GC (Allocation Failure) [PSYoungGen: 501824K->12576K(505344K)] 925799K->446345K(1029632K), 0.0282418 secs] [Times: user=0.04 sys=0.04, real=0.03 secs] 
2021-06-04T00:32:12.030+0800: 1782083.710: [GC (Allocation Failure) [PSYoungGen: 498976K->17600K(504320K)] 932745K->460790K(1028608K), 0.0390713 secs] [Times: user=0.05 sys=0.05, real=0.04 secs] 
2021-06-04T00:35:37.591+0800: 1782289.271: [GC (Allocation Failure) [PSYoungGen: 504000K->15072K(504832K)] 947190K->469115K(1029120K), 0.0285048 secs] [Times: user=0.04 sys=0.05, real=0.03 secs] 
2021-06-04T00:39:02.800+0800: 1782494.479: [GC (Allocation Failure) [PSYoungGen: 500448K->14560K(504832K)] 954491K->479703K(1029120K), 0.0292477 secs] [Times: user=0.04 sys=0.03, real=0.03 secs] 
2021-06-04T00:42:28.094+0800: 1782699.774: [GC (Allocation Failure) [PSYoungGen: 499936K->15136K(505856K)] 965079K->490020K(1030144K), 0.0281143 secs] [Times: user=0.03 sys=0.04, real=0.03 secs] 
2021-06-04T00:45:55.303+0800: 1782906.983: [GC (Allocation Failure) [PSYoungGen: 502048K->12480K(505344K)] 976932K->498230K(1029632K), 0.0277800 secs] [Times: user=0.04 sys=0.05, real=0.02 secs] 
2021-06-04T00:49:20.203+0800: 1783111.883: [GC (Allocation Failure) [PSYoungGen: 499392K->15136K(505856K)] 985142K->511530K(1030144K), 0.0308191 secs] [Times: user=0.04 sys=0.04, real=0.03 secs] 
2021-06-04T00:52:44.822+0800: 1783316.501: [GC (Allocation Failure) [PSYoungGen: 502048K->15200K(505344K)] 998442K->522655K(1029632K), 0.0320621 secs] [Times: user=0.05 sys=0.04, real=0.04 secs] 
2021-06-04T00:56:12.142+0800: 1783523.821: [GC (Allocation Failure) [PSYoungGen: 502112K->14880K(506368K)] 1009567K->533244K(1030656K), 0.0378086 secs] [Times: user=0.05 sys=0.05, real=0.04 secs] 
2021-06-04T00:56:12.180+0800: 1783523.860: [Full GC (Ergonomics) [PSYoungGen: 14880K->0K(506368K)] [ParOldGen: 518363K->312608K(524288K)] 533244K->312608K(1030656K), [Metaspace: 96387K->96387K(1138688K)], 0.5650006 secs] [Times: user=1.09 sys=0.00, real=0.57 secs] 
2021-06-04T00:59:32.865+0800: 1783724.545: [GC (Allocation Failure) [PSYoungGen: 487936K->14154K(505856K)] 800544K->326762K(1030144K), 0.0484184 secs] [Times: user=0.03 sys=0.03, real=0.05 secs] 
2021-06-04T01:03:00.744+0800: 1783932.423: [GC (Allocation Failure) [PSYoungGen: 502090K->17440K(505344K)] 814698K->340726K(1029632K), 0.0308665 secs] [Times: user=0.04 sys=0.04, real=0.03 secs] 
2021-06-04T01:06:29.358+0800: 1784141.037: [GC (Allocation Failure) [PSYoungGen: 504864K->17376K(504832K)] 828150K->352235K(1029120K), 0.0359769 secs] [Times: user=0.05 sys=0.04, real=0.04 secs] 
2021-06-04T01:09:55.865+0800: 1784347.545: [GC (Allocation Failure) [PSYoungGen: 504800K->15712K(505344K)] 839659K->361839K(1029632K), 0.0355492 secs] [Times: user=0.04 sys=0.04, real=0.03 secs] 
2021-06-04T01:13:21.362+0800: 1784553.042: [GC (Allocation Failure) [PSYoungGen: 502112K->16544K(505344K)] 848239K->371845K(1029632K), 0.0262522 secs] [Times: user=0.03 sys=0.03, real=0.02 secs] 
2021-06-04T01:16:46.489+0800: 1784758.169: [GC (Allocation Failure) [PSYoungGen: 502944K->17600K(504320K)] 858245K->383152K(1028608K), 0.0292904 secs] [Times: user=0.03 sys=0.03, real=0.03 secs] 
2021-06-04T01:20:14.408+0800: 1784966.088: [GC (Allocation Failure) [PSYoungGen: 502976K->13760K(504832K)] 868528K->390083K(1029120K), 0.0424568 secs] [Times: user=0.04 sys=0.04, real=0.04 secs] 
2021-06-04T01:23:41.789+0800: 1785173.469: [GC (Allocation Failure) [PSYoungGen: 499136K->17312K(504832K)] 875459K->403807K(1029120K), 0.0293121 secs] [Times: user=0.04 sys=0.04, real=0.03 secs] 
2021-06-04T01:27:07.445+0800: 1785379.124: [GC (Allocation Failure) [PSYoungGen: 502688K->17280K(502784K)] 889183K->413853K(1027072K), 0.0324656 secs] [Times: user=0.04 sys=0.04, real=0.03 secs] 
2021-06-04T01:30:34.574+0800: 1785586.253: [GC (Allocation Failure) [PSYoungGen: 502656K->15648K(504832K)] 899229K->423545K(1029120K), 0.0454246 secs] [Times: user=0.04 sys=0.03, real=0.04 secs] 
2021-06-04T01:33:59.227+0800: 1785790.907: [GC (Allocation Failure) [PSYoungGen: 500512K->15520K(504320K)] 908409K->432868K(1028608K), 0.0276898 secs] [Times: user=0.04 sys=0.04, real=0.03 secs] 
2021-06-04T01:37:24.508+0800: 1785996.188: [GC (Allocation Failure) [PSYoungGen: 500384K->17248K(504832K)] 917732K->444594K(1029120K), 0.0273314 secs] [Times: user=0.04 sys=0.03, real=0.03 secs] 
2021-06-04T01:40:51.180+0800: 1786202.860: [GC (Allocation Failure) [PSYoungGen: 502624K->16352K(504832K)] 929970K->453885K(1029120K), 0.0288557 secs] [Times: user=0.05 sys=0.04, real=0.03 secs] 
2021-06-04T01:44:15.914+0800: 1786407.593: [GC (Allocation Failure) [PSYoungGen: 501728K->13568K(504832K)] 939261K->461344K(1029120K), 0.0265456 secs] [Times: user=0.04 sys=0.04, real=0.02 secs] 
2021-06-04T01:47:40.701+0800: 1786612.380: [GC (Allocation Failure) [PSYoungGen: 498944K->14432K(504832K)] 946720K->471004K(1029120K), 0.0262302 secs] [Times: user=0.04 sys=0.04, real=0.03 secs] 
2021-06-04T01:51:07.738+0800: 1786819.417: [GC (Allocation Failure) [PSYoungGen: 499808K->16896K(504832K)] 956380K->483865K(1029120K), 0.0339126 secs] [Times: user=0.05 sys=0.04, real=0.03 secs] 
2021-06-04T01:54:34.241+0800: 1787025.920: [GC (Allocation Failure) [PSYoungGen: 502272K->15648K(504832K)] 969241K->494756K(1029120K), 0.0426549 secs] [Times: user=0.06 sys=0.05, real=0.05 secs] 
2021-06-04T01:58:00.241+0800: 1787231.920: [GC (Allocation Failure) [PSYoungGen: 501024K->15104K(505344K)] 980132K->505095K(1029632K), 0.0590732 secs] [Times: user=0.04 sys=0.05, real=0.06 secs] 
2021-06-04T02:01:27.872+0800: 1787439.552: [GC (Allocation Failure) [PSYoungGen: 501504K->15968K(505344K)] 991495K->515637K(1029632K), 0.0391974 secs] [Times: user=0.05 sys=0.05, real=0.03 secs] 
2021-06-04T02:04:55.218+0800: 1787646.897: [GC (Allocation Failure) [PSYoungGen: 502368K->15744K(505856K)] 1002037K->525907K(1030144K), 0.0320652 secs] [Times: user=0.04 sys=0.04, real=0.03 secs] 
2021-06-04T02:08:20.347+0800: 1787852.026: [GC (Allocation Failure) [PSYoungGen: 502656K->18400K(505344K)] 1012819K->539353K(1029632K), 0.0322016 secs] [Times: user=0.04 sys=0.04, real=0.03 secs] 
2021-06-04T02:08:20.379+0800: 1787852.059: [Full GC (Ergonomics) [PSYoungGen: 18400K->0K(505344K)] [ParOldGen: 520953K->314909K(524288K)] 539353K->314909K(1029632K), [Metaspace: 96388K->96388K(1138688K)], 0.6036146 secs] [Times: user=1.12 sys=0.00, real=0.61 secs] 
2021-06-04T02:11:44.463+0800: 1788056.143: [GC (Allocation Failure) [PSYoungGen: 486912K->16832K(498176K)] 801821K->331741K(1022464K), 0.0327592 secs] [Times: user=0.04 sys=0.04, real=0.03 secs] 
2021-06-04T02:15:06.723+0800: 1788258.403: [GC (Allocation Failure) [PSYoungGen: 496064K->17664K(501760K)] 810973K->344985K(1026048K), 0.0294388 secs] [Times: user=0.04 sys=0.03, real=0.03 secs] 
2021-06-04T02:18:33.244+0800: 1788464.923: [GC (Allocation Failure) [PSYoungGen: 496896K->14112K(501760K)] 824217K->352204K(1026048K), 0.0293181 secs] [Times: user=0.04 sys=0.04, real=0.03 secs] 
2021-06-04T02:21:54.908+0800: 1788666.587: [GC (Allocation Failure) [PSYoungGen: 493344K->16032K(501760K)] 831436K->364063K(1026048K), 0.0277232 secs] [Times: user=0.04 sys=0.05, real=0.03 secs] 
2021-06-04T02:25:17.317+0800: 1788868.997: [GC (Allocation Failure) [PSYoungGen: 495264K->14880K(502272K)] 843295K->373748K(1026560K), 0.0301194 secs] [Times: user=0.04 sys=0.05, real=0.03 secs] 
2021-06-04T02:28:41.748+0800: 1789073.428: [GC (Allocation Failure) [PSYoungGen: 495136K->15584K(502272K)] 854004K->383264K(1026560K), 0.0253579 secs] [Times: user=0.04 sys=0.03, real=0.03 secs] 
2021-06-04T02:32:02.726+0800: 1789274.406: [GC (Allocation Failure) [PSYoungGen: 495840K->18624K(501760K)] 863520K->395942K(1026048K), 0.0385052 secs] [Times: user=0.05 sys=0.04, real=0.04 secs] 
2021-06-04T02:35:28.106+0800: 1789479.786: [GC (Allocation Failure) [PSYoungGen: 498880K->15072K(502272K)] 876198K->404514K(1026560K), 0.0532548 secs] [Times: user=0.05 sys=0.05, real=0.05 secs] 
2021-06-04T02:38:51.580+0800: 1789683.259: [GC (Allocation Failure) [PSYoungGen: 495328K->16576K(503296K)] 884770K->416254K(1027584K), 0.0284144 secs] [Times: user=0.04 sys=0.04, real=0.03 secs] 
2021-06-04T02:42:16.342+0800: 1789888.022: [GC (Allocation Failure) [PSYoungGen: 498368K->17280K(502784K)] 898046K->426635K(1027072K), 0.1139855 secs] [Times: user=0.05 sys=0.04, real=0.11 secs] 
2021-06-04T02:45:42.964+0800: 1790094.644: [GC (Allocation Failure) [PSYoungGen: 499072K->14560K(503296K)] 908427K->435069K(1027584K), 0.0294931 secs] [Times: user=0.04 sys=0.04, real=0.03 secs] 
2021-06-04T02:49:07.098+0800: 1790298.778: [GC (Allocation Failure) [PSYoungGen: 496864K->15808K(503296K)] 917373K->445530K(1027584K), 0.0297723 secs] [Times: user=0.04 sys=0.04, real=0.03 secs] 
2021-06-04T02:52:31.464+0800: 1790503.143: [GC (Allocation Failure) [PSYoungGen: 498112K->16064K(504320K)] 927834K->457503K(1028608K), 0.0344623 secs] [Times: user=0.04 sys=0.04, real=0.03 secs] 
2021-06-04T02:55:59.881+0800: 1790711.561: [GC (Allocation Failure) [PSYoungGen: 499904K->14848K(503808K)] 941343K->466508K(1028096K), 0.0579951 secs] [Times: user=0.04 sys=0.05, real=0.06 secs] 
2021-06-04T02:59:25.983+0800: 1790917.663: [GC (Allocation Failure) [PSYoungGen: 498688K->14336K(504320K)] 950348K->475689K(1028608K), 0.0271568 secs] [Times: user=0.04 sys=0.04, real=0.02 secs] 
2021-06-04T03:02:54.314+0800: 1791125.993: [GC (Allocation Failure) [PSYoungGen: 498688K->17056K(504320K)] 960041K->487012K(1028608K), 0.0314707 secs] [Times: user=0.04 sys=0.04, real=0.03 secs] 
2021-06-04T03:06:20.809+0800: 1791332.489: [GC (Allocation Failure) [PSYoungGen: 501408K->17696K(503296K)] 971364K->497361K(1027584K), 0.0452698 secs] [Times: user=0.04 sys=0.04, real=0.05 secs] 
2021-06-04T03:09:46.308+0800: 1791537.987: [GC (Allocation Failure) [PSYoungGen: 501024K->16288K(503808K)] 980689K->508342K(1028096K), 0.0352876 secs] [Times: user=0.04 sys=0.05, real=0.04 secs] 
2021-06-04T03:13:11.020+0800: 1791742.700: [GC (Allocation Failure) [PSYoungGen: 499616K->18176K(503296K)] 991670K->520596K(1027584K), 0.0332447 secs] [Times: user=0.04 sys=0.04, real=0.04 secs] 
2021-06-04T03:16:33.227+0800: 1791944.906: [GC (Allocation Failure) [PSYoungGen: 501504K->17856K(503808K)] 1003924K->531793K(1028096K), 0.0288292 secs] [Times: user=0.05 sys=0.03, real=0.03 secs] 
2021-06-04T03:16:33.256+0800: 1791944.936: [Full GC (Ergonomics) [PSYoungGen: 17856K->0K(503808K)] [ParOldGen: 513937K->309145K(524288K)] 531793K->309145K(1028096K), [Metaspace: 96388K->96388K(1138688K)], 0.5041997 secs] [Times: user=1.09 sys=0.00, real=0.50 secs] 
2021-06-04T03:19:57.388+0800: 1792149.067: [GC (Allocation Failure) [PSYoungGen: 483328K->15648K(503808K)] 792473K->324793K(1028096K), 0.0866750 secs] [Times: user=0.04 sys=0.03, real=0.09 secs] 
2021-06-04T03:23:22.090+0800: 1792353.770: [GC (Allocation Failure) [PSYoungGen: 498976K->15744K(503808K)] 808121K->336069K(1028096K), 0.0302909 secs] [Times: user=0.04 sys=0.04, real=0.03 secs] 
2021-06-04T03:26:46.958+0800: 1792558.637: [GC (Allocation Failure) [PSYoungGen: 499072K->11744K(503296K)] 819397K->343510K(1027584K), 0.0233455 secs] [Times: user=0.03 sys=0.03, real=0.02 secs] 
2021-06-04T03:30:12.862+0800: 1792764.541: [GC (Allocation Failure) [PSYoungGen: 495072K->15648K(503808K)] 826838K->355890K(1028096K), 0.0323633 secs] [Times: user=0.04 sys=0.04, real=0.04 secs] 
2021-06-04T03:33:35.256+0800: 1792966.936: [GC (Allocation Failure) [PSYoungGen: 498976K->16160K(504320K)] 839218K->367007K(1028608K), 0.0279704 secs] [Times: user=0.04 sys=0.04, real=0.03 secs] 
2021-06-04T03:36:59.169+0800: 1793170.849: [GC (Allocation Failure) [PSYoungGen: 500512K->16608K(504320K)] 851359K->378764K(1028608K), 0.0300320 secs] [Times: user=0.05 sys=0.04, real=0.03 secs] 
2021-06-04T03:40:28.002+0800: 1793379.681: [GC (Allocation Failure) [PSYoungGen: 500938K->14144K(504832K)] 863095K->387392K(1029120K), 0.0306061 secs] [Times: user=0.04 sys=0.04, real=0.04 secs] 
2021-06-04T03:43:54.610+0800: 1793586.289: [GC (Allocation Failure) [PSYoungGen: 499520K->14784K(504832K)] 872768K->397950K(1029120K), 0.0252757 secs] [Times: user=0.08 sys=0.00, real=0.03 secs] 
2021-06-04T03:47:21.738+0800: 1793793.418: [GC (Allocation Failure) [PSYoungGen: 500160K->15872K(505344K)] 883326K->409394K(1029632K), 0.0380256 secs] [Times: user=0.04 sys=0.04, real=0.04 secs] 
2021-06-04T03:50:46.100+0800: 1793997.780: [GC (Allocation Failure) [PSYoungGen: 501760K->16416K(504832K)] 895282K->420567K(1029120K), 0.0276695 secs] [Times: user=0.04 sys=0.04, real=0.03 secs] 
2021-06-04T03:54:13.028+0800: 1794204.708: [GC (Allocation Failure) [PSYoungGen: 502304K->15456K(505344K)] 906455K->431660K(1029632K), 0.0291591 secs] [Times: user=0.04 sys=0.05, real=0.03 secs] 
2021-06-04T03:57:39.210+0800: 1794410.890: [GC (Allocation Failure) [PSYoungGen: 501856K->14272K(505344K)] 918060K->441776K(1029632K), 0.0259885 secs] [Times: user=0.04 sys=0.04, real=0.03 secs] 
2021-06-04T04:01:08.378+0800: 1794620.057: [GC (Allocation Failure) [PSYoungGen: 500672K->15136K(505856K)] 928176K->453284K(1030144K), 0.0607115 secs] [Times: user=0.04 sys=0.03, real=0.06 secs] 
2021-06-04T04:04:30.620+0800: 1794822.299: [GC (Allocation Failure) [PSYoungGen: 502048K->18400K(505344K)] 940196K->466563K(1029632K), 0.0298365 secs] [Times: user=0.05 sys=0.04, real=0.03 secs] 
2021-06-04T04:07:53.464+0800: 1795025.144: [GC (Allocation Failure) [PSYoungGen: 505310K->18912K(486912K)] 953474K->480337K(1011200K), 0.0946827 secs] [Times: user=0.05 sys=0.04, real=0.09 secs] 
2021-06-04T04:11:12.377+0800: 1795224.056: [GC (Allocation Failure) [PSYoungGen: 486880K->16320K(496128K)] 948305K->488949K(1020416K), 0.0449772 secs] [Times: user=0.04 sys=0.04, real=0.04 secs] 
2021-06-04T04:14:30.186+0800: 1795421.866: [GC (Allocation Failure) [PSYoungGen: 484288K->14752K(497152K)] 956917K->498057K(1021440K), 0.0273560 secs] [Times: user=0.04 sys=0.04, real=0.03 secs] 
2021-06-04T04:17:48.240+0800: 1795619.920: [GC (Allocation Failure) [PSYoungGen: 484256K->15616K(496640K)] 967561K->508661K(1020928K), 0.0285640 secs] [Times: user=0.04 sys=0.05, real=0.03 secs] 
2021-06-04T04:21:08.823+0800: 1795820.503: [GC (Allocation Failure) [PSYoungGen: 485120K->15552K(498176K)] 978165K->519721K(1022464K), 0.0879326 secs] [Times: user=0.04 sys=0.04, real=0.08 secs] 
2021-06-04T04:24:28.924+0800: 1796020.604: [GC (Allocation Failure) [PSYoungGen: 487104K->13888K(497664K)] 991273K->527973K(1021952K), 0.0263242 secs] [Times: user=0.04 sys=0.04, real=0.02 secs] 
2021-06-04T04:24:28.951+0800: 1796020.630: [Full GC (Ergonomics) [PSYoungGen: 13888K->0K(497664K)] [ParOldGen: 514085K->308166K(524288K)] 527973K->308166K(1021952K), [Metaspace: 96388K->96385K(1138688K)], 0.5342027 secs] [Times: user=0.54 sys=0.51, real=0.54 secs] 
2021-06-04T04:27:51.355+0800: 1796223.034: [GC (Allocation Failure) [PSYoungGen: 471552K->16128K(499200K)] 779718K->324294K(1023488K), 0.0347866 secs] [Times: user=0.05 sys=0.04, real=0.03 secs] 
2021-06-04T04:31:12.807+0800: 1796424.487: [GC (Allocation Failure) [PSYoungGen: 489216K->15456K(498176K)] 797382K->336441K(1022464K), 0.0860585 secs] [Times: user=0.05 sys=0.05, real=0.09 secs] 
2021-06-04T04:34:33.499+0800: 1796625.179: [GC (Allocation Failure) [PSYoungGen: 488544K->15936K(500224K)] 809529K->347679K(1024512K), 0.0313206 secs] [Times: user=0.05 sys=0.04, real=0.03 secs] 
2021-06-04T04:37:53.508+0800: 1796825.188: [GC (Allocation Failure) [PSYoungGen: 491584K->16992K(499712K)] 823327K->360308K(1024000K), 0.0345750 secs] [Times: user=0.05 sys=0.04, real=0.04 secs] 
2021-06-04T04:41:14.339+0800: 1797026.018: [GC (Allocation Failure) [PSYoungGen: 492640K->17152K(501248K)] 835956K->371008K(1025536K), 0.0755915 secs] [Times: user=0.05 sys=0.05, real=0.08 secs] 
2021-06-04T04:44:38.246+0800: 1797229.926: [GC (Allocation Failure) [PSYoungGen: 494848K->16448K(500736K)] 848704K->380438K(1025024K), 0.0447137 secs] [Times: user=0.05 sys=0.04, real=0.04 secs] 
2021-06-04T04:48:00.590+0800: 1797432.270: [GC (Allocation Failure) [PSYoungGen: 494144K->15168K(502272K)] 858134K->391177K(1026560K), 0.0354514 secs] [Times: user=0.05 sys=0.05, real=0.04 secs] 
2021-06-04T04:51:22.401+0800: 1797634.081: [GC (Allocation Failure) [PSYoungGen: 494912K->18400K(501760K)] 870921K->404845K(1026048K), 0.0338793 secs] [Times: user=0.05 sys=0.04, real=0.04 secs] 
2021-06-04T04:54:47.919+0800: 1797839.598: [GC (Allocation Failure) [PSYoungGen: 498144K->14208K(502272K)] 884589K->412744K(1026560K), 0.0350847 secs] [Times: user=0.05 sys=0.05, real=0.04 secs] 
2021-06-04T04:58:10.820+0800: 1798042.500: [GC (Allocation Failure) [PSYoungGen: 493952K->14496K(501760K)] 892488K->424395K(1026048K), 0.0309342 secs] [Times: user=0.04 sys=0.05, real=0.03 secs] 
2021-06-04T05:01:36.016+0800: 1798247.695: [GC (Allocation Failure) [PSYoungGen: 494240K->17184K(502272K)] 904139K->436473K(1026560K), 0.0313451 secs] [Times: user=0.04 sys=0.04, real=0.03 secs] 
2021-06-04T05:04:59.289+0800: 1798450.969: [GC (Allocation Failure) [PSYoungGen: 497440K->15168K(502272K)] 916729K->446724K(1026560K), 0.0378686 secs] [Times: user=0.05 sys=0.06, real=0.04 secs] 
2021-06-04T05:08:26.653+0800: 1798658.333: [GC (Allocation Failure) [PSYoungGen: 495424K->13408K(502784K)] 926980K->455808K(1027072K), 0.0345816 secs] [Times: user=0.09 sys=0.00, real=0.03 secs] 
2021-06-04T05:11:47.499+0800: 1798859.179: [GC (Allocation Failure) [PSYoungGen: 494688K->16704K(502784K)] 937088K->469101K(1027072K), 0.0316071 secs] [Times: user=0.05 sys=0.04, real=0.03 secs] 
2021-06-04T05:15:11.012+0800: 1799062.691: [GC (Allocation Failure) [PSYoungGen: 497984K->14560K(503296K)] 950381K->478225K(1027584K), 0.0332341 secs] [Times: user=0.05 sys=0.04, real=0.04 secs] 
2021-06-04T05:18:36.877+0800: 1799268.557: [GC (Allocation Failure) [PSYoungGen: 496864K->17728K(503296K)] 960529K->491422K(1027584K), 0.0365858 secs] [Times: user=0.04 sys=0.05, real=0.04 secs] 
2021-06-04T05:22:01.949+0800: 1799473.629: [GC (Allocation Failure) [PSYoungGen: 500032K->14336K(503296K)] 973726K->499778K(1027584K), 0.0536478 secs] [Times: user=0.05 sys=0.04, real=0.06 secs] 
2021-06-04T05:25:26.503+0800: 1799678.183: [GC (Allocation Failure) [PSYoungGen: 496640K->17856K(503296K)] 982082K->512751K(1027584K), 0.0416086 secs] [Times: user=0.05 sys=0.06, real=0.04 secs] 
2021-06-04T05:28:49.757+0800: 1799881.436: [GC (Allocation Failure) [PSYoungGen: 500160K->16928K(503296K)] 995055K->522388K(1027584K), 0.0367571 secs] [Times: user=0.05 sys=0.05, real=0.04 secs] 
2021-06-04T05:32:14.359+0800: 1800086.038: [GC (Allocation Failure) [PSYoungGen: 499232K->16896K(503296K)] 1004692K->533958K(1027584K), 0.0359585 secs] [Times: user=0.05 sys=0.05, real=0.04 secs] 
2021-06-04T05:32:14.396+0800: 1800086.076: [Full GC (Ergonomics) [PSYoungGen: 16896K->0K(503296K)] [ParOldGen: 517062K->316410K(524288K)] 533958K->316410K(1027584K), [Metaspace: 96388K->96388K(1138688K)], 0.5848637 secs] [Times: user=0.59 sys=0.55, real=0.58 secs] 
2021-06-04T05:35:40.002+0800: 1800291.682: [GC (Allocation Failure) [PSYoungGen: 482304K->13984K(503296K)] 798714K->330394K(1027584K), 0.0252142 secs] [Times: user=0.04 sys=0.04, real=0.03 secs] 
2021-06-04T05:39:05.647+0800: 1800497.327: [GC (Allocation Failure) [PSYoungGen: 496288K->13792K(503296K)] 812698K->341181K(1027584K), 0.0331798 secs] [Times: user=0.05 sys=0.05, real=0.03 secs] 
2021-06-04T05:42:30.229+0800: 1800701.908: [GC (Allocation Failure) [PSYoungGen: 496096K->15264K(503808K)] 823485K->351978K(1028096K), 0.0379955 secs] [Times: user=0.04 sys=0.04, real=0.04 secs] 
2021-06-04T05:45:55.001+0800: 1800906.681: [GC (Allocation Failure) [PSYoungGen: 498592K->15328K(503808K)] 835306K->362862K(1028096K), 0.0326106 secs] [Times: user=0.05 sys=0.05, real=0.04 secs] 
2021-06-04T05:49:16.604+0800: 1801108.284: [GC (Allocation Failure) [PSYoungGen: 498656K->18592K(503296K)] 846190K->376461K(1027584K), 0.0774958 secs] [Times: user=0.04 sys=0.04, real=0.07 secs] 
2021-06-04T05:52:40.839+0800: 1801312.519: [GC (Allocation Failure) [PSYoungGen: 501920K->14688K(503808K)] 859789K->384000K(1028096K), 0.0344697 secs] [Times: user=0.04 sys=0.04, real=0.04 secs] 
2021-06-04T05:56:05.806+0800: 1801517.486: [GC (Allocation Failure) [PSYoungGen: 498016K->14304K(503808K)] 867328K->394212K(1028096K), 0.0289979 secs] [Times: user=0.04 sys=0.04, real=0.03 secs] 
2021-06-04T05:59:30.563+0800: 1801722.243: [GC (Allocation Failure) [PSYoungGen: 497632K->18944K(502784K)] 877540K->408962K(1027072K), 0.0737523 secs] [Times: user=0.04 sys=0.03, real=0.07 secs] 
2021-06-04T06:02:52.772+0800: 1801924.451: [GC (Allocation Failure) [PSYoungGen: 502272K->17504K(503296K)] 892290K->418727K(1027584K), 0.0354403 secs] [Times: user=0.05 sys=0.05, real=0.04 secs] 
2021-06-04T06:06:16.046+0800: 1802127.726: [GC (Allocation Failure) [PSYoungGen: 499808K->14976K(503296K)] 901031K->427371K(1027584K), 0.0368403 secs] [Times: user=0.05 sys=0.06, real=0.04 secs] 
2021-06-04T06:09:38.359+0800: 1802330.039: [GC (Allocation Failure) [PSYoungGen: 497280K->15808K(503808K)] 909675K->438311K(1028096K), 0.0267191 secs] [Times: user=0.04 sys=0.04, real=0.03 secs] 
2021-06-04T06:13:02.098+0800: 1802533.777: [GC (Allocation Failure) [PSYoungGen: 498622K->14848K(503296K)] 921126K->449203K(1027584K), 0.0659586 secs] [Times: user=0.04 sys=0.04, real=0.07 secs] 
2021-06-04T06:16:24.405+0800: 1802736.084: [GC (Allocation Failure) [PSYoungGen: 497664K->17888K(503808K)] 932019K->461624K(1028096K), 0.0345497 secs] [Times: user=0.05 sys=0.05, real=0.03 secs] 
2021-06-04T06:19:48.034+0800: 1802939.714: [GC (Allocation Failure) [PSYoungGen: 501216K->17120K(503808K)] 944952K->471805K(1028096K), 0.0370659 secs] [Times: user=0.04 sys=0.05, real=0.03 secs] 
2021-06-04T06:23:13.397+0800: 1803145.076: [GC (Allocation Failure) [PSYoungGen: 500448K->19040K(502784K)] 955133K->484907K(1027072K), 0.0368542 secs] [Times: user=0.05 sys=0.05, real=0.04 secs] 
2021-06-04T06:26:37.565+0800: 1803349.245: [GC (Allocation Failure) [PSYoungGen: 501343K->13664K(503296K)] 967210K->490630K(1027584K), 0.0328002 secs] [Times: user=0.05 sys=0.05, real=0.03 secs] 
2021-06-04T06:30:03.899+0800: 1803555.579: [GC (Allocation Failure) [PSYoungGen: 495968K->12320K(502272K)] 972934K->499746K(1026560K), 0.0447759 secs] [Times: user=0.04 sys=0.05, real=0.05 secs] 
2021-06-04T06:33:29.896+0800: 1803761.576: [GC (Allocation Failure) [PSYoungGen: 493600K->14400K(502784K)] 981026K->510143K(1027072K), 0.0314932 secs] [Times: user=0.05 sys=0.05, real=0.03 secs] 
2021-06-04T06:36:52.990+0800: 1803964.670: [GC (Allocation Failure) [PSYoungGen: 495680K->16960K(503296K)] 991423K->521997K(1027584K), 0.0304713 secs] [Times: user=0.04 sys=0.05, real=0.03 secs] 
2021-06-04T06:40:19.711+0800: 1804171.391: [GC (Allocation Failure) [PSYoungGen: 499264K->15072K(503296K)] 1004301K->531231K(1027584K), 0.0252466 secs] [Times: user=0.04 sys=0.03, real=0.03 secs] 
2021-06-04T06:40:19.737+0800: 1804171.416: [Full GC (Ergonomics) [PSYoungGen: 15072K->0K(503296K)] [ParOldGen: 516159K->307334K(524288K)] 531231K->307334K(1027584K), [Metaspace: 96388K->96388K(1138688K)], 0.4512089 secs] [Times: user=0.51 sys=0.47, real=0.45 secs] 
2021-06-04T06:43:44.686+0800: 1804376.366: [GC (Allocation Failure) [PSYoungGen: 482304K->16992K(503808K)] 789638K->324326K(1028096K), 0.0261540 secs] [Times: user=0.03 sys=0.03, real=0.03 secs] 
2021-06-04T06:47:08.640+0800: 1804580.320: [GC (Allocation Failure) [PSYoungGen: 500320K->17696K(501248K)] 807654K->335698K(1025536K), 0.0296968 secs] [Times: user=0.04 sys=0.04, real=0.03 secs] 
2021-06-04T06:50:32.370+0800: 1804784.050: [GC (Allocation Failure) [PSYoungGen: 501024K->16544K(503808K)] 819026K->346094K(1028096K), 0.0320580 secs] [Times: user=0.05 sys=0.05, real=0.04 secs] 
2021-06-04T06:53:56.443+0800: 1804988.123: [GC (Allocation Failure) [PSYoungGen: 499360K->16416K(503296K)] 828910K->357427K(1027584K), 0.0381632 secs] [Times: user=0.05 sys=0.05, real=0.03 secs] 
2021-06-04T06:57:14.652+0800: 1805186.332: [GC (Allocation Failure) [PSYoungGen: 499232K->16586K(504320K)] 840243K->367418K(1028608K), 0.0308445 secs] [Times: user=0.04 sys=0.03, real=0.03 secs] 
2021-06-04T07:00:40.498+0800: 1805392.178: [GC (Allocation Failure) [PSYoungGen: 500426K->14368K(503808K)] 851258K->376709K(1028096K), 0.0285316 secs] [Times: user=0.04 sys=0.04, real=0.03 secs] 
2021-06-04T07:04:07.111+0800: 1805598.791: [GC (Allocation Failure) [PSYoungGen: 498208K->16256K(504320K)] 860549K->388769K(1028608K), 0.0421515 secs] [Times: user=0.10 sys=0.00, real=0.05 secs] 
2021-06-04T07:07:33.169+0800: 1805804.848: [GC (Allocation Failure) [PSYoungGen: 500608K->12416K(504320K)] 873121K->397130K(1028608K), 0.0486837 secs] [Times: user=0.05 sys=0.04, real=0.05 secs] 
2021-06-04T07:11:01.648+0800: 1806013.328: [GC (Allocation Failure) [PSYoungGen: 496768K->12320K(504320K)] 881482K->407373K(1028608K), 0.0262386 secs] [Times: user=0.05 sys=0.03, real=0.03 secs] 
2021-06-04T07:14:24.447+0800: 1806216.127: [GC (Allocation Failure) [PSYoungGen: 496672K->17984K(502784K)] 891725K->422347K(1027072K), 0.0295469 secs] [Times: user=0.04 sys=0.03, real=0.03 secs] 
2021-06-04T07:17:48.383+0800: 1806420.062: [GC (Allocation Failure) [PSYoungGen: 502336K->17024K(502784K)] 906699K->431736K(1027072K), 0.0781958 secs] [Times: user=0.05 sys=0.04, real=0.07 secs] 
2021-06-04T07:21:09.135+0800: 1806620.815: [GC (Allocation Failure) [PSYoungGen: 499328K->16992K(503296K)] 914040K->443524K(1027584K), 0.0315105 secs] [Times: user=0.04 sys=0.04, real=0.03 secs] 
2021-06-04T07:24:33.814+0800: 1806825.494: [GC (Allocation Failure) [PSYoungGen: 499296K->18080K(502784K)] 925828K->454482K(1027072K), 0.0313686 secs] [Times: user=0.04 sys=0.04, real=0.03 secs] 
2021-06-04T07:27:57.682+0800: 1807029.362: [GC (Allocation Failure) [PSYoungGen: 500384K->17248K(503296K)] 936786K->465063K(1027584K), 0.0313364 secs] [Times: user=0.05 sys=0.04, real=0.04 secs] 
2021-06-04T07:31:21.629+0800: 1807233.309: [GC (Allocation Failure) [PSYoungGen: 499552K->15776K(503808K)] 947367K->474763K(1028096K), 0.0286102 secs] [Times: user=0.04 sys=0.04, real=0.03 secs] 
2021-06-04T07:34:45.958+0800: 1807437.638: [GC (Allocation Failure) [PSYoungGen: 498592K->16896K(503296K)] 957579K->486719K(1027584K), 0.0326785 secs] [Times: user=0.04 sys=0.05, real=0.03 secs] 
2021-06-04T07:38:08.929+0800: 1807640.609: [GC (Allocation Failure) [PSYoungGen: 499712K->17664K(503808K)] 969535K->497668K(1028096K), 0.0969540 secs] [Times: user=0.05 sys=0.04, real=0.10 secs] 
2021-06-04T07:41:32.971+0800: 1807844.651: [GC (Allocation Failure) [PSYoungGen: 500992K->16832K(503808K)] 980996K->507656K(1028096K), 0.0371996 secs] [Times: user=0.06 sys=0.05, real=0.04 secs] 
2021-06-04T07:44:57.967+0800: 1808049.646: [GC (Allocation Failure) [PSYoungGen: 500160K->17536K(503808K)] 990984K->519413K(1028096K), 0.0328467 secs] [Times: user=0.04 sys=0.05, real=0.03 secs] 
2021-06-04T07:48:23.005+0800: 1808254.684: [GC (Allocation Failure) [PSYoungGen: 500864K->15552K(503808K)] 1002741K->529193K(1028096K), 0.0285015 secs] [Times: user=0.04 sys=0.04, real=0.03 secs] 
2021-06-04T07:48:23.034+0800: 1808254.713: [Full GC (Ergonomics) [PSYoungGen: 15552K->0K(503808K)] [ParOldGen: 513641K->313714K(524288K)] 529193K->313714K(1028096K), [Metaspace: 96392K->96392K(1138688K)], 0.4739608 secs] [Times: user=1.00 sys=0.00, real=0.47 secs] 
2021-06-04T07:51:46.202+0800: 1808457.881: [GC (Allocation Failure) [PSYoungGen: 483328K->17472K(503808K)] 797042K->331186K(1028096K), 0.0269966 secs] [Times: user=0.03 sys=0.03, real=0.03 secs] 
2021-06-04T07:55:07.193+0800: 1808658.873: [GC (Allocation Failure) [PSYoungGen: 500800K->17984K(503808K)] 814514K->342168K(1028096K), 0.0297187 secs] [Times: user=0.04 sys=0.04, real=0.03 secs] 
2021-06-04T07:58:32.855+0800: 1808864.535: [GC (Allocation Failure) [PSYoungGen: 501312K->16992K(503808K)] 825496K->351285K(1028096K), 0.0308613 secs] [Times: user=0.04 sys=0.04, real=0.03 secs] 
2021-06-04T08:01:54.412+0800: 1809066.091: [GC (Allocation Failure) [PSYoungGen: 500320K->16288K(503808K)] 834613K->361601K(1028096K), 0.0401899 secs] [Times: user=0.03 sys=0.03, real=0.04 secs] 
2021-06-04T08:05:18.473+0800: 1809270.153: [GC (Allocation Failure) [PSYoungGen: 499616K->14656K(504320K)] 844929K->371317K(1028608K), 0.0466238 secs] [Times: user=0.03 sys=0.04, real=0.04 secs] 
2021-06-04T08:08:45.310+0800: 1809476.990: [GC (Allocation Failure) [PSYoungGen: 499008K->15264K(504320K)] 855669K->382296K(1028608K), 0.0267910 secs] [Times: user=0.04 sys=0.04, real=0.03 secs] 
2021-06-04T08:12:11.018+0800: 1809682.698: [GC (Allocation Failure) [PSYoungGen: 499616K->15872K(504832K)] 866648K->392531K(1029120K), 0.0269432 secs] [Times: user=0.03 sys=0.04, real=0.03 secs] 
2021-06-04T08:15:36.838+0800: 1809888.517: [GC (Allocation Failure) [PSYoungGen: 500736K->14464K(504320K)] 877395K->402263K(1028608K), 0.0281890 secs] [Times: user=0.04 sys=0.04, real=0.03 secs] 
2021-06-04T08:19:02.935+0800: 1810094.615: [GC (Allocation Failure) [PSYoungGen: 499328K->17600K(503808K)] 887127K->414502K(1028096K), 0.0294189 secs] [Times: user=0.04 sys=0.04, real=0.03 secs] 
2021-06-04T08:22:25.167+0800: 1810296.846: [GC (Allocation Failure) [PSYoungGen: 501952K->18560K(503296K)] 898854K->425827K(1027584K), 0.0360599 secs] [Times: user=0.04 sys=0.04, real=0.04 secs] 
2021-06-04T08:25:49.940+0800: 1810501.620: [GC (Allocation Failure) [PSYoungGen: 502912K->13184K(503808K)] 910179K->432887K(1028096K), 0.0789124 secs] [Times: user=0.05 sys=0.05, real=0.08 secs] 
2021-06-04T08:29:13.019+0800: 1810704.699: [GC (Allocation Failure) [PSYoungGen: 496512K->17984K(501760K)] 916215K->447397K(1026048K), 0.0303528 secs] [Times: user=0.04 sys=0.04, real=0.03 secs] 
2021-06-04T08:32:37.189+0800: 1810908.869: [GC (Allocation Failure) [PSYoungGen: 501312K->14016K(503296K)] 930725K->454441K(1027584K), 0.0270625 secs] [Times: user=0.04 sys=0.04, real=0.03 secs] 
2021-06-04T08:35:59.973+0800: 1811111.653: [GC (Allocation Failure) [PSYoungGen: 496320K->15264K(503296K)] 936745K->465710K(1027584K), 0.0308921 secs] [Times: user=0.04 sys=0.04, real=0.03 secs] 
2021-06-04T08:39:21.523+0800: 1811313.202: [GC (Allocation Failure) [PSYoungGen: 497568K->17152K(503808K)] 948014K->478866K(1028096K), 0.0276720 secs] [Times: user=0.04 sys=0.04, real=0.02 secs] 
2021-06-04T08:42:45.835+0800: 1811517.514: [GC (Allocation Failure) [PSYoungGen: 500480K->15008K(503808K)] 962194K->487358K(1028096K), 0.0703750 secs] [Times: user=0.05 sys=0.05, real=0.07 secs] 
2021-06-04T08:46:11.459+0800: 1811723.138: [GC (Allocation Failure) [PSYoungGen: 498336K->15136K(504320K)] 970686K->497789K(1028608K), 0.0303732 secs] [Times: user=0.05 sys=0.04, real=0.03 secs] 
2021-06-04T08:49:35.629+0800: 1811927.309: [GC (Allocation Failure) [PSYoungGen: 498976K->16288K(503808K)] 981629K->510449K(1028096K), 0.0359903 secs] [Times: user=0.03 sys=0.04, real=0.04 secs] 
2021-06-04T08:52:58.149+0800: 1812129.828: [GC (Allocation Failure) [PSYoungGen: 500128K->16384K(504832K)] 994289K->521573K(1029120K), 0.0289140 secs] [Times: user=0.04 sys=0.04, real=0.03 secs] 
2021-06-04T08:56:26.130+0800: 1812337.809: [GC (Allocation Failure) [PSYoungGen: 501248K->13344K(504320K)] 1006437K->529336K(1028608K), 0.1032920 secs] [Times: user=0.04 sys=0.04, real=0.11 secs] 
2021-06-04T08:56:26.233+0800: 1812337.913: [Full GC (Ergonomics) [PSYoungGen: 13344K->0K(504320K)] [ParOldGen: 515992K->306382K(524288K)] 529336K->306382K(1028608K), [Metaspace: 96392K->96388K(1138688K)], 0.5338775 secs] [Times: user=0.54 sys=0.50, real=0.53 secs] 
2021-06-04T08:59:50.490+0800: 1812542.169: [GC (Allocation Failure) [PSYoungGen: 484864K->14624K(504832K)] 791246K->321006K(1029120K), 0.0248952 secs] [Times: user=0.04 sys=0.04, real=0.03 secs] 
2021-06-04T09:03:17.758+0800: 1812749.437: [GC (Allocation Failure) [PSYoungGen: 500000K->14592K(504832K)] 806382K->331504K(1029120K), 0.0456490 secs] [Times: user=0.03 sys=0.04, real=0.05 secs] 
2021-06-04T09:06:44.621+0800: 1812956.301: [GC (Allocation Failure) [PSYoungGen: 499968K->13536K(504832K)] 816880K->341428K(1029120K), 0.0280401 secs] [Times: user=0.04 sys=0.04, real=0.03 secs] 
2021-06-04T09:10:09.979+0800: 1813161.658: [GC (Allocation Failure) [PSYoungGen: 498912K->13472K(504832K)] 826804K->351992K(1029120K), 0.0258606 secs] [Times: user=0.04 sys=0.03, real=0.03 secs] 
2021-06-04T09:13:35.278+0800: 1813366.958: [GC (Allocation Failure) [PSYoungGen: 498848K->15712K(505344K)] 837368K->363453K(1029632K), 0.0245759 secs] [Times: user=0.03 sys=0.04, real=0.03 secs] 
2021-06-04T09:17:01.325+0800: 1813573.005: [GC (Allocation Failure) [PSYoungGen: 501600K->17888K(503808K)] 849341K->376092K(1028096K), 0.0392260 secs] [Times: user=0.04 sys=0.04, real=0.04 secs] 
2021-06-04T09:20:26.748+0800: 1813778.428: [GC (Allocation Failure) [PSYoungGen: 503776K->13696K(504832K)] 861980K->383142K(1029120K), 0.0613518 secs] [Times: user=0.04 sys=0.04, real=0.06 secs] 
2021-06-04T09:23:54.280+0800: 1813985.960: [GC (Allocation Failure) [PSYoungGen: 498560K->14624K(504320K)] 868006K->392667K(1028608K), 0.0307083 secs] [Times: user=0.04 sys=0.05, real=0.03 secs] 
2021-06-04T09:27:21.514+0800: 1814193.194: [GC (Allocation Failure) [PSYoungGen: 499488K->15328K(505344K)] 877531K->402632K(1029632K), 0.0265229 secs] [Times: user=0.04 sys=0.04, real=0.02 secs] 
2021-06-04T09:30:46.823+0800: 1814398.503: [GC (Allocation Failure) [PSYoungGen: 501216K->15584K(504832K)] 888520K->415027K(1029120K), 0.0282593 secs] [Times: user=0.04 sys=0.04, real=0.02 secs] 
2021-06-04T09:34:15.172+0800: 1814606.852: [GC (Allocation Failure) [PSYoungGen: 501472K->13888K(505856K)] 900915K->423750K(1030144K), 0.0346508 secs] [Times: user=0.04 sys=0.04, real=0.04 secs] 
2021-06-04T09:37:43.115+0800: 1814814.795: [GC (Allocation Failure) [PSYoungGen: 500800K->15136K(505344K)] 910662K->434609K(1029632K), 0.0270400 secs] [Times: user=0.04 sys=0.03, real=0.03 secs] 
2021-06-04T09:41:11.558+0800: 1815023.238: [GC (Allocation Failure) [PSYoungGen: 502048K->13088K(505856K)] 921521K->442973K(1030144K), 0.0266537 secs] [Times: user=0.04 sys=0.04, real=0.03 secs] 
2021-06-04T09:44:37.302+0800: 1815228.981: [GC (Allocation Failure) [PSYoungGen: 500512K->17568K(505344K)] 930397K->457650K(1029632K), 0.0814982 secs] [Times: user=0.04 sys=0.05, real=0.09 secs] 
2021-06-04T09:48:04.036+0800: 1815435.715: [GC (Allocation Failure) [PSYoungGen: 504992K->12928K(505344K)] 945074K->464211K(1029632K), 0.0234939 secs] [Times: user=0.04 sys=0.03, real=0.02 secs] 
2021-06-04T09:51:32.349+0800: 1815644.028: [GC (Allocation Failure) [PSYoungGen: 499328K->14464K(505344K)] 950611K->475040K(1029632K), 0.0542663 secs] [Times: user=0.05 sys=0.05, real=0.06 secs] 
2021-06-04T09:54:57.871+0800: 1815849.550: [GC (Allocation Failure) [PSYoungGen: 500864K->14944K(505856K)] 961440K->485509K(1030144K), 0.0924152 secs] [Times: user=0.03 sys=0.03, real=0.10 secs] 
2021-06-04T09:58:23.474+0800: 1816055.154: [GC (Allocation Failure) [PSYoungGen: 501856K->15392K(505344K)] 972421K->495937K(1029632K), 0.0283532 secs] [Times: user=0.03 sys=0.04, real=0.03 secs] 
2021-06-04T10:01:51.345+0800: 1816263.024: [GC (Allocation Failure) [PSYoungGen: 502304K->13920K(506368K)] 982849K->505548K(1030656K), 0.0255006 secs] [Times: user=0.03 sys=0.03, real=0.02 secs] 
2021-06-04T10:05:18.483+0800: 1816470.162: [GC (Allocation Failure) [PSYoungGen: 501856K->16320K(505856K)] 993484K->516770K(1030144K), 0.0281653 secs] [Times: user=0.04 sys=0.04, real=0.02 secs] 
2021-06-04T10:08:45.836+0800: 1816677.516: [GC (Allocation Failure) [PSYoungGen: 504256K->15552K(505856K)] 1004706K->526350K(1030144K), 0.0322025 secs] [Times: user=0.03 sys=0.04, real=0.03 secs] 
2021-06-04T10:12:12.908+0800: 1816884.588: [GC (Allocation Failure) [PSYoungGen: 502976K->14848K(505856K)] 1013774K->535474K(1030144K), 0.0889288 secs] [Times: user=0.04 sys=0.04, real=0.09 secs] 
2021-06-04T10:12:12.997+0800: 1816884.677: [Full GC (Ergonomics) [PSYoungGen: 14848K->0K(505856K)] [ParOldGen: 520626K->315937K(524288K)] 535474K->315937K(1030144K), [Metaspace: 96394K->96394K(1138688K)], 0.4392701 secs] [Times: user=0.48 sys=0.46, real=0.44 secs] 
2021-06-04T10:15:36.567+0800: 1817088.247: [GC (Allocation Failure) [PSYoungGen: 487424K->17888K(504320K)] 803361K->334153K(1028608K), 0.0262517 secs] [Times: user=0.04 sys=0.03, real=0.03 secs] 
2021-06-04T10:19:01.015+0800: 1817292.695: [GC (Allocation Failure) [PSYoungGen: 504288K->17056K(503808K)] 820553K->346365K(1028096K), 0.0521674 secs] [Times: user=0.04 sys=0.04, real=0.05 secs] 
2021-06-04T10:22:24.735+0800: 1817496.415: [GC (Allocation Failure) [PSYoungGen: 503456K->16448K(504832K)] 832765K->357160K(1029120K), 0.0296301 secs] [Times: user=0.03 sys=0.04, real=0.03 secs] 
2021-06-04T10:25:51.150+0800: 1817702.829: [GC (Allocation Failure) [PSYoungGen: 501824K->16064K(504832K)] 842536K->366629K(1029120K), 0.0273076 secs] [Times: user=0.04 sys=0.04, real=0.03 secs] 
2021-06-04T10:29:17.228+0800: 1817908.908: [GC (Allocation Failure) [PSYoungGen: 501440K->17248K(504320K)] 852005K->378242K(1028608K), 0.0311387 secs] [Times: user=0.04 sys=0.04, real=0.03 secs] 
2021-06-04T10:32:45.612+0800: 1818117.292: [GC (Allocation Failure) [PSYoungGen: 502624K->15488K(504832K)] 863618K->388021K(1029120K), 0.0281117 secs] [Times: user=0.04 sys=0.04, real=0.02 secs] 
2021-06-04T10:36:10.692+0800: 1818322.372: [GC (Allocation Failure) [PSYoungGen: 500864K->17248K(504320K)] 873397K->399538K(1028608K), 0.0277075 secs] [Times: user=0.07 sys=0.00, real=0.03 secs] 
2021-06-04T10:39:36.533+0800: 1818528.212: [GC (Allocation Failure) [PSYoungGen: 502624K->14592K(504832K)] 884914K->408269K(1029120K), 0.0263295 secs] [Times: user=0.03 sys=0.04, real=0.02 secs] 
2021-06-04T10:43:05.202+0800: 1818736.881: [GC (Allocation Failure) [PSYoungGen: 499968K->13056K(504832K)] 893645K->417008K(1029120K), 0.0291179 secs] [Times: user=0.03 sys=0.04, real=0.03 secs] 
2021-06-04T10:46:29.201+0800: 1818940.881: [GC (Allocation Failure) [PSYoungGen: 498432K->16384K(504832K)] 902384K->430067K(1029120K), 0.0364493 secs] [Times: user=0.05 sys=0.05, real=0.04 secs] 
2021-06-04T10:49:56.742+0800: 1819148.422: [GC (Allocation Failure) [PSYoungGen: 501760K->11648K(504832K)] 915443K->437406K(1029120K), 0.0320606 secs] [Times: user=0.04 sys=0.04, real=0.03 secs] 
2021-06-04T10:53:22.982+0800: 1819354.662: [GC (Allocation Failure) [PSYoungGen: 497024K->13568K(504832K)] 922782K->447843K(1029120K), 0.0252707 secs] [Times: user=0.04 sys=0.04, real=0.03 secs] 
2021-06-04T10:56:47.456+0800: 1819559.136: [GC (Allocation Failure) [PSYoungGen: 498944K->16320K(504832K)] 933219K->461312K(1029120K), 0.0326725 secs] [Times: user=0.04 sys=0.04, real=0.03 secs] 
2021-06-04T11:00:12.073+0800: 1819763.753: [GC (Allocation Failure) [PSYoungGen: 501696K->14560K(504832K)] 946688K->469197K(1029120K), 0.0270512 secs] [Times: user=0.04 sys=0.04, real=0.02 secs] 
2021-06-04T11:03:37.991+0800: 1819969.670: [GC (Allocation Failure) [PSYoungGen: 499936K->15104K(505344K)] 954573K->479705K(1029632K), 0.0271974 secs] [Times: user=0.04 sys=0.04, real=0.03 secs] 
2021-06-04T11:07:04.210+0800: 1820175.889: [GC (Allocation Failure) [PSYoungGen: 500992K->14208K(504832K)] 965593K->489052K(1029120K), 0.0259679 secs] [Times: user=0.03 sys=0.03, real=0.03 secs] 
2021-06-04T11:10:31.565+0800: 1820383.244: [GC (Allocation Failure) [PSYoungGen: 500096K->15680K(505856K)] 974940K->500386K(1030144K), 0.0297191 secs] [Times: user=0.04 sys=0.04, real=0.03 secs] 
2021-06-04T11:13:57.097+0800: 1820588.777: [GC (Allocation Failure) [PSYoungGen: 503104K->16768K(504320K)] 987810K->510664K(1028608K), 0.0385718 secs] [Times: user=0.04 sys=0.05, real=0.04 secs] 
2021-06-04T11:17:22.290+0800: 1820793.970: [GC (Allocation Failure) [PSYoungGen: 504192K->16000K(505344K)] 998088K->519596K(1029632K), 0.0322840 secs] [Times: user=0.04 sys=0.04, real=0.04 secs] 
2021-06-04T11:20:49.117+0800: 1821000.796: [GC (Allocation Failure) [PSYoungGen: 502400K->17280K(503808K)] 1005996K->531840K(1028096K), 0.0344120 secs] [Times: user=0.04 sys=0.05, real=0.03 secs] 
2021-06-04T11:20:49.152+0800: 1821000.831: [Full GC (Ergonomics) [PSYoungGen: 17280K->0K(503808K)] [ParOldGen: 514560K->307186K(524288K)] 531840K->307186K(1028096K), [Metaspace: 96394K->96390K(1138688K)], 0.4900270 secs] [Times: user=0.54 sys=0.51, real=0.49 secs] 
2021-06-04T11:24:14.474+0800: 1821206.154: [GC (Allocation Failure) [PSYoungGen: 486400K->15008K(505344K)] 793586K->322194K(1029632K), 0.0691383 secs] [Times: user=0.03 sys=0.03, real=0.07 secs] 
2021-06-04T11:27:43.623+0800: 1821415.303: [GC (Allocation Failure) [PSYoungGen: 500896K->17216K(504832K)] 808082K->334159K(1029120K), 0.0285745 secs] [Times: user=0.03 sys=0.05, real=0.02 secs] 
2021-06-04T11:31:09.782+0800: 1821621.462: [GC (Allocation Failure) [PSYoungGen: 503104K->14048K(504832K)] 820047K->342250K(1029120K), 0.0362380 secs] [Times: user=0.09 sys=0.00, real=0.04 secs] 
2021-06-04T11:34:34.518+0800: 1821826.198: [GC (Allocation Failure) [PSYoungGen: 499424K->16320K(504832K)] 827626K->353943K(1029120K), 0.0402364 secs] [Times: user=0.04 sys=0.04, real=0.04 secs] 
2021-06-04T11:38:01.970+0800: 1822033.649: [GC (Allocation Failure) [PSYoungGen: 501696K->12256K(504320K)] 839319K->361090K(1028608K), 0.0238967 secs] [Times: user=0.03 sys=0.04, real=0.03 secs] 
2021-06-04T11:41:27.140+0800: 1822238.820: [GC (Allocation Failure) [PSYoungGen: 497632K->18112K(503808K)] 846466K->376799K(1028096K), 0.0307593 secs] [Times: user=0.04 sys=0.04, real=0.03 secs] 
2021-06-04T11:44:53.691+0800: 1822445.371: [GC (Allocation Failure) [PSYoungGen: 503488K->15840K(504320K)] 862175K->386308K(1028608K), 0.0393312 secs] [Times: user=0.06 sys=0.06, real=0.04 secs] 
2021-06-04T11:48:21.307+0800: 1822652.987: [GC (Allocation Failure) [PSYoungGen: 500192K->12576K(504320K)] 870660K->393797K(1028608K), 0.0236174 secs] [Times: user=0.04 sys=0.03, real=0.02 secs] 
2021-06-04T11:51:45.677+0800: 1822857.357: [GC (Allocation Failure) [PSYoungGen: 496928K->17056K(504320K)] 878149K->407074K(1028608K), 0.0367671 secs] [Times: user=0.05 sys=0.05, real=0.04 secs] 
2021-06-04T11:55:10.194+0800: 1823061.874: [GC (Allocation Failure) [PSYoungGen: 501408K->14848K(504320K)] 891426K->415861K(1028608K), 0.0592226 secs] [Times: user=0.05 sys=0.04, real=0.06 secs] 
2021-06-04T11:58:34.797+0800: 1823266.477: [GC (Allocation Failure) [PSYoungGen: 499200K->16448K(504320K)] 900213K->427673K(1028608K), 0.0265086 secs] [Times: user=0.04 sys=0.04, real=0.03 secs] 
2021-06-04T12:01:58.019+0800: 1823469.699: [GC (Allocation Failure) [PSYoungGen: 500800K->18048K(502784K)] 912025K->440471K(1027072K), 0.0613202 secs] [Times: user=0.06 sys=0.06, real=0.06 secs] 
2021-06-04T12:05:23.349+0800: 1823675.029: [GC (Allocation Failure) [PSYoungGen: 502400K->16320K(504320K)] 924823K->451835K(1028608K), 0.0411487 secs] [Times: user=0.05 sys=0.05, real=0.04 secs] 
2021-06-04T12:08:50.118+0800: 1823881.797: [GC (Allocation Failure) [PSYoungGen: 500160K->15040K(503808K)] 935675K->463486K(1028096K), 0.0322443 secs] [Times: user=0.05 sys=0.05, real=0.03 secs] 
2021-06-04T12:12:15.815+0800: 1824087.495: [GC (Allocation Failure) [PSYoungGen: 498880K->16160K(504832K)] 947326K->474315K(1029120K), 0.0610619 secs] [Times: user=0.05 sys=0.05, real=0.06 secs] 
2021-06-04T12:15:43.501+0800: 1824295.180: [GC (Allocation Failure) [PSYoungGen: 501024K->12800K(504320K)] 959179K->482668K(1028608K), 0.0350730 secs] [Times: user=0.04 sys=0.04, real=0.04 secs] 
2021-06-04T12:19:08.568+0800: 1824500.247: [GC (Allocation Failure) [PSYoungGen: 497664K->16992K(504320K)] 967532K->495850K(1028608K), 0.0557864 secs] [Times: user=0.03 sys=0.04, real=0.06 secs] 
2021-06-04T12:22:34.986+0800: 1824706.665: [GC (Allocation Failure) [PSYoungGen: 501344K->13632K(504320K)] 980202K->503236K(1028608K), 0.0342792 secs] [Times: user=0.10 sys=0.00, real=0.03 secs] 
2021-06-04T12:25:59.856+0800: 1824911.536: [GC (Allocation Failure) [PSYoungGen: 497984K->13824K(504832K)] 987588K->513914K(1029120K), 0.0268006 secs] [Times: user=0.04 sys=0.04, real=0.03 secs] 
2021-06-04T12:29:26.164+0800: 1825117.844: [GC (Allocation Failure) [PSYoungGen: 498688K->15232K(504320K)] 998778K->525048K(1028608K), 0.0713408 secs] [Times: user=0.05 sys=0.05, real=0.07 secs] 
2021-06-04T12:32:51.449+0800: 1825323.128: [GC (Allocation Failure) [PSYoungGen: 500096K->16320K(504832K)] 1009912K->537236K(1029120K), 0.0332740 secs] [Times: user=0.05 sys=0.05, real=0.03 secs] 
2021-06-04T12:32:51.482+0800: 1825323.162: [Full GC (Ergonomics) [PSYoungGen: 16320K->0K(504832K)] [ParOldGen: 520916K->318963K(524288K)] 537236K->318963K(1029120K), [Metaspace: 96394K->96394K(1138688K)], 0.5497945 secs] [Times: user=1.11 sys=0.00, real=0.55 secs] 
2021-06-04T12:36:16.763+0800: 1825528.442: [GC (Allocation Failure) [PSYoungGen: 485376K->18752K(504320K)] 804339K->337715K(1028608K), 0.0310526 secs] [Times: user=0.04 sys=0.03, real=0.03 secs] 
2021-06-04T12:39:41.300+0800: 1825732.980: [GC (Allocation Failure) [PSYoungGen: 504128K->16704K(504320K)] 823091K->348615K(1028608K), 0.0344392 secs] [Times: user=0.04 sys=0.05, real=0.04 secs] 
2021-06-04T12:43:06.669+0800: 1825938.349: [GC (Allocation Failure) [PSYoungGen: 501056K->12864K(504320K)] 832967K->356162K(1028608K), 0.0290465 secs] [Times: user=0.03 sys=0.04, real=0.03 secs] 
2021-06-04T12:46:33.126+0800: 1826144.805: [GC (Allocation Failure) [PSYoungGen: 497216K->16224K(504320K)] 840514K->367599K(1028608K), 0.0278525 secs] [Times: user=0.04 sys=0.04, real=0.03 secs] 
2021-06-04T12:49:56.636+0800: 1826348.315: [GC (Allocation Failure) [PSYoungGen: 500576K->16544K(504320K)] 851951K->377373K(1028608K), 0.0605978 secs] [Times: user=0.04 sys=0.04, real=0.06 secs] 
2021-06-04T12:53:22.628+0800: 1826554.308: [GC (Allocation Failure) [PSYoungGen: 500896K->15008K(504832K)] 861725K->386370K(1029120K), 0.0288502 secs] [Times: user=0.05 sys=0.04, real=0.03 secs] 
2021-06-04T12:56:44.223+0800: 1826755.902: [GC (Allocation Failure) [PSYoungGen: 499872K->15114K(504320K)] 871234K->397873K(1028608K), 0.0302302 secs] [Times: user=0.04 sys=0.04, real=0.03 secs] 
2021-06-04T13:00:09.226+0800: 1826960.906: [GC (Allocation Failure) [PSYoungGen: 499978K->18848K(502784K)] 882737K->411832K(1027072K), 0.0305876 secs] [Times: user=0.04 sys=0.04, real=0.03 secs] 
2021-06-04T13:03:34.261+0800: 1827165.941: [GC (Allocation Failure) [PSYoungGen: 502176K->17280K(503808K)] 895160K->421061K(1028096K), 0.0335869 secs] [Times: user=0.05 sys=0.04, real=0.04 secs] 
2021-06-04T13:06:58.818+0800: 1827370.498: [GC (Allocation Failure) [PSYoungGen: 500608K->16000K(504320K)] 904389K->431283K(1028608K), 0.0330775 secs] [Times: user=0.04 sys=0.04, real=0.03 secs] 
2021-06-04T13:10:22.118+0800: 1827573.798: [GC (Allocation Failure) [PSYoungGen: 499840K->19936K(503808K)] 915123K->446897K(1028096K), 0.0757079 secs] [Times: user=0.04 sys=0.05, real=0.08 secs] 
2021-06-04T13:13:46.622+0800: 1827778.302: [GC (Allocation Failure) [PSYoungGen: 503776K->17728K(495616K)] 930737K->457607K(1019904K), 0.0554061 secs] [Times: user=0.04 sys=0.04, real=0.05 secs] 
2021-06-04T13:17:06.943+0800: 1827978.623: [GC (Allocation Failure) [PSYoungGen: 492864K->17664K(499712K)] 932743K->468390K(1024000K), 0.0326746 secs] [Times: user=0.04 sys=0.04, real=0.03 secs] 
2021-06-04T13:20:28.084+0800: 1828179.764: [GC (Allocation Failure) [PSYoungGen: 492800K->17056K(500736K)] 943526K->479306K(1025024K), 0.0415502 secs] [Times: user=0.05 sys=0.04, real=0.04 secs] 
2021-06-04T13:23:51.144+0800: 1828382.824: [GC (Allocation Failure) [PSYoungGen: 493728K->14848K(500224K)] 955978K->488344K(1024512K), 0.0312338 secs] [Times: user=0.04 sys=0.04, real=0.03 secs] 
2021-06-04T13:27:11.353+0800: 1828583.033: [GC (Allocation Failure) [PSYoungGen: 491520K->16960K(501248K)] 965016K->499901K(1025536K), 0.0281688 secs] [Times: user=0.04 sys=0.04, real=0.02 secs] 
2021-06-04T13:30:33.897+0800: 1828785.576: [GC (Allocation Failure) [PSYoungGen: 494656K->16928K(500736K)] 977597K->510883K(1025024K), 0.0357384 secs] [Times: user=0.10 sys=0.00, real=0.04 secs] 
2021-06-04T13:33:54.208+0800: 1828985.887: [GC (Allocation Failure) [PSYoungGen: 494624K->17856K(502272K)] 988579K->523016K(1026560K), 0.0318046 secs] [Times: user=0.05 sys=0.05, real=0.03 secs] 
2021-06-04T13:37:16.989+0800: 1829188.669: [GC (Allocation Failure) [PSYoungGen: 497600K->15968K(501760K)] 1002760K->533004K(1026048K), 0.0377926 secs] [Times: user=0.04 sys=0.04, real=0.04 secs] 
2021-06-04T13:37:17.028+0800: 1829188.707: [Full GC (Ergonomics) [PSYoungGen: 15968K->0K(501760K)] [ParOldGen: 517036K->305091K(524288K)] 533004K->305091K(1026048K), [Metaspace: 96394K->96394K(1138688K)], 0.4728989 secs] [Times: user=1.02 sys=0.00, real=0.47 secs] 
2021-06-04T13:40:42.172+0800: 1829393.852: [GC (Allocation Failure) [PSYoungGen: 479744K->15840K(502784K)] 784835K->320931K(1027072K), 0.0382286 secs] [Times: user=0.05 sys=0.04, real=0.03 secs] 
2021-06-04T13:44:05.218+0800: 1829596.898: [GC (Allocation Failure) [PSYoungGen: 496608K->15520K(502272K)] 801699K->331976K(1026560K), 0.0297941 secs] [Times: user=0.04 sys=0.04, real=0.03 secs] 
2021-06-04T13:47:31.944+0800: 1829803.624: [GC (Allocation Failure) [PSYoungGen: 496288K->13984K(502784K)] 812744K->341084K(1027072K), 0.0288694 secs] [Times: user=0.04 sys=0.04, real=0.03 secs] 
2021-06-04T13:50:53.833+0800: 1830005.513: [GC (Allocation Failure) [PSYoungGen: 495264K->19200K(500736K)] 822364K->355035K(1025024K), 0.0305096 secs] [Times: user=0.04 sys=0.04, real=0.03 secs] 
2021-06-04T13:54:18.243+0800: 1830209.923: [GC (Allocation Failure) [PSYoungGen: 500480K->16928K(502784K)] 836315K->363299K(1027072K), 0.0317864 secs] [Times: user=0.04 sys=0.04, real=0.03 secs] 
2021-06-04T13:57:41.834+0800: 1830413.513: [GC (Allocation Failure) [PSYoungGen: 497696K->17120K(502272K)] 844067K->374767K(1026560K), 0.0297541 secs] [Times: user=0.05 sys=0.04, real=0.03 secs] 
2021-06-04T14:01:03.752+0800: 1830615.432: [GC (Allocation Failure) [PSYoungGen: 497888K->16736K(503296K)] 855535K->385613K(1027584K), 0.0272190 secs] [Times: user=0.03 sys=0.04, real=0.03 secs] 
2021-06-04T14:04:25.547+0800: 1830817.227: [GC (Allocation Failure) [PSYoungGen: 499040K->16128K(503296K)] 867917K->395299K(1027584K), 0.0268875 secs] [Times: user=0.04 sys=0.04, real=0.03 secs] 
2021-06-04T14:07:49.570+0800: 1831021.249: [GC (Allocation Failure) [PSYoungGen: 498432K->17792K(503808K)] 877603K->407775K(1028096K), 0.0286365 secs] [Times: user=0.04 sys=0.04, real=0.03 secs] 
2021-06-04T14:11:13.835+0800: 1831225.515: [GC (Allocation Failure) [PSYoungGen: 501120K->18144K(503808K)] 891103K->419174K(1028096K), 0.0311935 secs] [Times: user=0.04 sys=0.04, real=0.03 secs] 
2021-06-04T14:14:38.494+0800: 1831430.174: [GC (Allocation Failure) [PSYoungGen: 501471K->16384K(503808K)] 902501K->427724K(1028096K), 0.0476727 secs] [Times: user=0.04 sys=0.04, real=0.05 secs] 
2021-06-04T14:18:04.738+0800: 1831636.418: [GC (Allocation Failure) [PSYoungGen: 499712K->17216K(503808K)] 911052K->440271K(1028096K), 0.0360536 secs] [Times: user=0.04 sys=0.04, real=0.04 secs] 
2021-06-04T14:21:27.631+0800: 1831839.310: [GC (Allocation Failure) [PSYoungGen: 500544K->17536K(504320K)] 923599K->451711K(1028608K), 0.0882761 secs] [Times: user=0.04 sys=0.04, real=0.09 secs] 
2021-06-04T14:24:52.688+0800: 1832044.368: [GC (Allocation Failure) [PSYoungGen: 501376K->17088K(503808K)] 935551K->462548K(1028096K), 0.0822333 secs] [Times: user=0.04 sys=0.04, real=0.08 secs] 
2021-06-04T14:28:19.242+0800: 1832250.922: [GC (Allocation Failure) [PSYoungGen: 500928K->14176K(504320K)] 946388K->470799K(1028608K), 0.0285491 secs] [Times: user=0.04 sys=0.04, real=0.02 secs] 
2021-06-04T14:31:45.205+0800: 1832456.885: [GC (Allocation Failure) [PSYoungGen: 498528K->15872K(504320K)] 955151K->481221K(1028608K), 0.0243782 secs] [Times: user=0.04 sys=0.04, real=0.02 secs] 
2021-06-04T14:35:08.219+0800: 1832659.899: [GC (Allocation Failure) [PSYoungGen: 500224K->16896K(504320K)] 965573K->493281K(1028608K), 0.0355894 secs] [Times: user=0.05 sys=0.05, real=0.04 secs] 
2021-06-04T14:38:35.026+0800: 1832866.706: [GC (Allocation Failure) [PSYoungGen: 501248K->13632K(504320K)] 977633K->501382K(1028608K), 0.0387477 secs] [Times: user=0.06 sys=0.06, real=0.04 secs] 
2021-06-04T14:41:58.436+0800: 1833070.116: [GC (Allocation Failure) [PSYoungGen: 497984K->18304K(503296K)] 985734K->514131K(1027584K), 0.0312215 secs] [Times: user=0.04 sys=0.04, real=0.03 secs] 
2021-06-04T14:45:24.263+0800: 1833275.943: [GC (Allocation Failure) [PSYoungGen: 501632K->14912K(503808K)] 997459K->522256K(1028096K), 0.0486117 secs] [Times: user=0.04 sys=0.04, real=0.05 secs] 
2021-06-04T14:48:48.160+0800: 1833479.840: [GC (Allocation Failure) [PSYoungGen: 498240K->14400K(503808K)] 1005584K->531221K(1028096K), 0.0259655 secs] [Times: user=0.04 sys=0.03, real=0.03 secs] 
2021-06-04T14:48:48.187+0800: 1833479.866: [Full GC (Ergonomics) [PSYoungGen: 14400K->0K(503808K)] [ParOldGen: 516821K->315911K(524288K)] 531221K->315911K(1028096K), [Metaspace: 96394K->96390K(1138688K)], 0.4342121 secs] [Times: user=0.50 sys=0.47, real=0.43 secs] 
2021-06-04T14:52:12.500+0800: 1833684.179: [GC (Allocation Failure) [PSYoungGen: 483328K->16384K(503808K)] 799239K->332295K(1028096K), 0.0233545 secs] [Times: user=0.03 sys=0.03, real=0.03 secs] 
2021-06-04T14:55:37.933+0800: 1833889.613: [GC (Allocation Failure) [PSYoungGen: 499712K->15072K(504320K)] 815623K->344121K(1028608K), 0.0258040 secs] [Times: user=0.04 sys=0.04, real=0.02 secs] 
2021-06-04T14:59:01.997+0800: 1834093.677: [GC (Allocation Failure) [PSYoungGen: 499424K->15328K(504320K)] 828473K->354502K(1028608K), 0.0287995 secs] [Times: user=0.04 sys=0.04, real=0.03 secs] 
2021-06-04T15:02:28.555+0800: 1834300.235: [GC (Allocation Failure) [PSYoungGen: 499680K->14208K(504832K)] 838854K->362627K(1029120K), 0.0331805 secs] [Times: user=0.04 sys=0.05, real=0.03 secs] 
2021-06-04T15:05:53.285+0800: 1834504.965: [GC (Allocation Failure) [PSYoungGen: 499584K->17344K(502784K)] 848003K->375648K(1027072K), 0.0469870 secs] [Times: user=0.03 sys=0.04, real=0.05 secs] 
2021-06-04T15:09:18.869+0800: 1834710.549: [GC (Allocation Failure) [PSYoungGen: 502720K->16288K(504832K)] 861024K->385420K(1029120K), 0.0309688 secs] [Times: user=0.04 sys=0.04, real=0.03 secs] 
2021-06-04T15:12:42.554+0800: 1834914.234: [GC (Allocation Failure) [PSYoungGen: 501152K->16704K(504320K)] 870284K->395977K(1028608K), 0.0303102 secs] [Times: user=0.07 sys=0.00, real=0.03 secs] 
2021-06-04T15:16:04.576+0800: 1835116.256: [GC (Allocation Failure) [PSYoungGen: 501568K->19424K(495616K)] 880841K->408824K(1019904K), 0.0261682 secs] [Times: user=0.04 sys=0.04, real=0.03 secs] 
2021-06-04T15:19:25.025+0800: 1835316.705: [GC (Allocation Failure) [PSYoungGen: 495584K->13088K(500224K)] 884984K->415458K(1024512K), 0.0465599 secs] [Times: user=0.05 sys=0.04, real=0.04 secs] 
2021-06-04T15:22:46.679+0800: 1835518.358: [GC (Allocation Failure) [PSYoungGen: 489248K->17376K(500736K)] 891618K->428944K(1025024K), 0.0277808 secs] [Times: user=0.03 sys=0.03, real=0.03 secs] 
2021-06-04T15:26:08.021+0800: 1835719.701: [GC (Allocation Failure) [PSYoungGen: 494048K->17760K(500224K)] 905616K->439822K(1024512K), 0.0292538 secs] [Times: user=0.04 sys=0.03, real=0.03 secs] 
2021-06-04T15:29:31.182+0800: 1835922.862: [GC (Allocation Failure) [PSYoungGen: 494432K->15744K(501248K)] 916494K->449259K(1025536K), 0.0269578 secs] [Times: user=0.03 sys=0.03, real=0.02 secs] 
2021-06-04T15:32:56.074+0800: 1836127.754: [GC (Allocation Failure) [PSYoungGen: 493952K->16416K(501248K)] 927467K->460496K(1025536K), 0.0327266 secs] [Times: user=0.04 sys=0.04, real=0.03 secs] 
2021-06-04T15:36:21.544+0800: 1836333.223: [GC (Allocation Failure) [PSYoungGen: 494624K->14816K(501760K)] 938704K->469435K(1026048K), 0.0260764 secs] [Times: user=0.03 sys=0.03, real=0.02 secs] 
2021-06-04T15:39:44.665+0800: 1836536.344: [GC (Allocation Failure) [PSYoungGen: 494048K->14400K(501760K)] 948667K->480303K(1026048K), 0.0367148 secs] [Times: user=0.04 sys=0.04, real=0.03 secs] 
2021-06-04T15:43:07.372+0800: 1836739.052: [GC (Allocation Failure) [PSYoungGen: 493632K->16672K(502784K)] 959535K->493140K(1027072K), 0.0319404 secs] [Times: user=0.04 sys=0.04, real=0.03 secs] 
2021-06-04T15:46:32.407+0800: 1836944.087: [GC (Allocation Failure) [PSYoungGen: 497440K->14336K(502272K)] 973908K->500727K(1026560K), 0.0310868 secs] [Times: user=0.08 sys=0.00, real=0.03 secs] 
2021-06-04T15:49:58.584+0800: 1837150.264: [GC (Allocation Failure) [PSYoungGen: 495104K->16096K(503296K)] 981495K->512412K(1027584K), 0.0295900 secs] [Times: user=0.04 sys=0.04, real=0.03 secs] 
2021-06-04T15:53:22.833+0800: 1837354.512: [GC (Allocation Failure) [PSYoungGen: 497888K->16800K(502784K)] 994204K->523009K(1027072K), 0.0286504 secs] [Times: user=0.08 sys=0.00, real=0.02 secs] 
2021-06-04T15:56:47.973+0800: 1837559.652: [GC (Allocation Failure) [PSYoungGen: 498592K->14656K(503808K)] 1004801K->532191K(1028096K), 0.0246378 secs] [Times: user=0.04 sys=0.04, real=0.02 secs] 
2021-06-04T15:56:47.998+0800: 1837559.677: [Full GC (Ergonomics) [PSYoungGen: 14656K->0K(503808K)] [ParOldGen: 517535K->306889K(524288K)] 532191K->306889K(1028096K), [Metaspace: 96394K->96394K(1138688K)], 0.5040457 secs] [Times: user=1.02 sys=0.00, real=0.51 secs] 
2021-06-04T16:00:12.586+0800: 1837764.265: [GC (Allocation Failure) [PSYoungGen: 482816K->15296K(503296K)] 789705K->322185K(1027584K), 0.0231040 secs] [Times: user=0.03 sys=0.03, real=0.02 secs] 
2021-06-04T16:03:37.713+0800: 1837969.393: [GC (Allocation Failure) [PSYoungGen: 498112K->17472K(503808K)] 805001K->334837K(1028096K), 0.0276911 secs] [Times: user=0.04 sys=0.04, real=0.02 secs] 
2021-06-04T16:07:05.625+0800: 1838177.305: [GC (Allocation Failure) [PSYoungGen: 500800K->13376K(503808K)] 818165K->342848K(1028096K), 0.0249072 secs] [Times: user=0.03 sys=0.04, real=0.02 secs] 
2021-06-04T16:10:29.455+0800: 1838381.135: [GC (Allocation Failure) [PSYoungGen: 496704K->18560K(502784K)] 826176K->357189K(1027072K), 0.0291025 secs] [Times: user=0.04 sys=0.03, real=0.03 secs] 
2021-06-04T16:13:53.033+0800: 1838584.712: [GC (Allocation Failure) [PSYoungGen: 500864K->14112K(503296K)] 839493K->364193K(1027584K), 0.0261582 secs] [Times: user=0.04 sys=0.03, real=0.02 secs] 
2021-06-04T16:17:17.301+0800: 1838788.980: [GC (Allocation Failure) [PSYoungGen: 496416K->19040K(502272K)] 846497K->378311K(1026560K), 0.0289770 secs] [Times: user=0.04 sys=0.04, real=0.03 secs] 
2021-06-04T16:20:42.618+0800: 1838994.297: [GC (Allocation Failure) [PSYoungGen: 500320K->14272K(502784K)] 859591K->386019K(1027072K), 0.0251823 secs] [Times: user=0.04 sys=0.03, real=0.03 secs] 
2021-06-04T16:24:08.489+0800: 1839200.169: [GC (Allocation Failure) [PSYoungGen: 495552K->16032K(503296K)] 867299K->399704K(1027584K), 0.0267585 secs] [Times: user=0.04 sys=0.04, real=0.03 secs] 
2021-06-04T16:27:32.786+0800: 1839404.466: [GC (Allocation Failure) [PSYoungGen: 497824K->16384K(502784K)] 881496K->410822K(1027072K), 0.0272220 secs] [Times: user=0.04 sys=0.04, real=0.03 secs] 
2021-06-04T16:30:58.593+0800: 1839610.273: [GC (Allocation Failure) [PSYoungGen: 498176K->16960K(503808K)] 892614K->421131K(1028096K), 0.0331381 secs] [Times: user=0.04 sys=0.04, real=0.03 secs] 
2021-06-04T16:34:28.147+0800: 1839819.827: [GC (Allocation Failure) [PSYoungGen: 500288K->14368K(503808K)] 904459K->429311K(1028096K), 0.0272608 secs] [Times: user=0.04 sys=0.04, real=0.03 secs] 
2021-06-04T16:37:52.393+0800: 1840024.072: [GC (Allocation Failure) [PSYoungGen: 497696K->15776K(504320K)] 912639K->441412K(1028608K), 0.0276962 secs] [Times: user=0.03 sys=0.04, real=0.02 secs] 
2021-06-04T16:41:17.910+0800: 1840229.589: [GC (Allocation Failure) [PSYoungGen: 499616K->15264K(503808K)] 925252K->449082K(1028096K), 0.0272227 secs] [Times: user=0.04 sys=0.04, real=0.03 secs] 
2021-06-04T16:44:43.669+0800: 1840435.349: [GC (Allocation Failure) [PSYoungGen: 499104K->15104K(504832K)] 932922K->459952K(1029120K), 0.0255285 secs] [Times: user=0.04 sys=0.03, real=0.03 secs] 
2021-06-04T16:48:11.630+0800: 1840643.309: [GC (Allocation Failure) [PSYoungGen: 499967K->15360K(504320K)] 944815K->470124K(1028608K), 0.0291565 secs] [Times: user=0.04 sys=0.03, real=0.03 secs] 
2021-06-04T16:51:34.952+0800: 1840846.631: [GC (Allocation Failure) [PSYoungGen: 500224K->17376K(504832K)] 954988K->481425K(1029120K), 0.0294276 secs] [Times: user=0.04 sys=0.03, real=0.03 secs] 
2021-06-04T16:54:59.236+0800: 1841050.916: [GC (Allocation Failure) [PSYoungGen: 502752K->19392K(504832K)] 966801K->494751K(1029120K), 0.0352724 secs] [Times: user=0.04 sys=0.04, real=0.03 secs] 
2021-06-04T16:58:25.640+0800: 1841257.320: [GC (Allocation Failure) [PSYoungGen: 504768K->15424K(502784K)] 980127K->503219K(1027072K), 0.0251903 secs] [Times: user=0.04 sys=0.04, real=0.03 secs] 
2021-06-04T17:01:51.041+0800: 1841462.721: [GC (Allocation Failure) [PSYoungGen: 498752K->15872K(503808K)] 986547K->514535K(1028096K), 0.0278804 secs] [Times: user=0.04 sys=0.04, real=0.03 secs] 
2021-06-04T17:05:17.143+0800: 1841668.823: [GC (Allocation Failure) [PSYoungGen: 499200K->15904K(504832K)] 997863K->525333K(1029120K), 0.0839733 secs] [Times: user=0.04 sys=0.03, real=0.08 secs] 
2021-06-04T17:08:42.129+0800: 1841873.809: [GC (Allocation Failure) [PSYoungGen: 500768K->16064K(504320K)] 1010197K->536985K(1028608K), 0.0263597 secs] [Times: user=0.04 sys=0.04, real=0.03 secs] 
2021-06-04T17:08:42.156+0800: 1841873.835: [Full GC (Ergonomics) [PSYoungGen: 16064K->0K(504320K)] [ParOldGen: 520921K->318071K(524288K)] 536985K->318071K(1028608K), [Metaspace: 96394K->96394K(1138688K)], 0.5299633 secs] [Times: user=1.04 sys=0.00, real=0.53 secs] 
2021-06-04T17:12:07.950+0800: 1842079.629: [GC (Allocation Failure) [PSYoungGen: 484864K->19424K(502784K)] 802935K->337695K(1027072K), 0.0246335 secs] [Times: user=0.03 sys=0.04, real=0.03 secs] 
2021-06-04T17:15:29.387+0800: 1842281.067: [GC (Allocation Failure) [PSYoungGen: 502752K->17376K(503808K)] 821023K->349299K(1028096K), 0.0270102 secs] [Times: user=0.04 sys=0.03, real=0.03 secs] 
2021-06-04T17:18:54.934+0800: 1842486.614: [GC (Allocation Failure) [PSYoungGen: 500704K->14144K(503808K)] 832627K->358016K(1028096K), 0.0265812 secs] [Times: user=0.03 sys=0.04, real=0.02 secs] 
2021-06-04T17:22:22.591+0800: 1842694.271: [GC (Allocation Failure) [PSYoungGen: 497472K->13984K(503808K)] 841344K->367619K(1028096K), 0.0280005 secs] [Times: user=0.03 sys=0.04, real=0.03 secs] 
2021-06-04T17:25:47.489+0800: 1842899.168: [GC (Allocation Failure) [PSYoungGen: 497312K->14624K(503808K)] 850947K->376297K(1028096K), 0.0564041 secs] [Times: user=0.04 sys=0.03, real=0.06 secs] 
2021-06-04T17:29:11.387+0800: 1843103.066: [GC (Allocation Failure) [PSYoungGen: 497952K->15936K(503808K)] 859625K->387621K(1028096K), 0.0266122 secs] [Times: user=0.03 sys=0.03, real=0.03 secs] 
2021-06-04T17:32:35.893+0800: 1843307.573: [GC (Allocation Failure) [PSYoungGen: 499264K->16608K(504832K)] 870949K->398779K(1029120K), 0.0272398 secs] [Times: user=0.03 sys=0.04, real=0.02 secs] 
2021-06-04T17:36:01.589+0800: 1843513.269: [GC (Allocation Failure) [PSYoungGen: 501472K->16256K(504320K)] 883643K->409304K(1028608K), 0.0289885 secs] [Times: user=0.04 sys=0.04, real=0.03 secs] 
2021-06-04T17:39:27.186+0800: 1843718.865: [GC (Allocation Failure) [PSYoungGen: 501109K->14656K(504832K)] 894158K->417605K(1029120K), 0.0258146 secs] [Times: user=0.04 sys=0.03, real=0.02 secs] 
2021-06-04T17:42:51.805+0800: 1843923.485: [GC (Allocation Failure) [PSYoungGen: 500032K->16224K(504832K)] 902981K->429051K(1029120K), 0.0273633 secs] [Times: user=0.04 sys=0.04, real=0.03 secs] 
2021-06-04T17:46:19.377+0800: 1844131.056: [GC (Allocation Failure) [PSYoungGen: 501600K->16000K(505344K)] 914427K->440319K(1029632K), 0.0276653 secs] [Times: user=0.08 sys=0.00, real=0.03 secs] 
2021-06-04T17:49:47.996+0800: 1844339.676: [GC (Allocation Failure) [PSYoungGen: 502400K->16160K(505344K)] 926719K->450966K(1029632K), 0.0746205 secs] [Times: user=0.04 sys=0.03, real=0.07 secs] 
2021-06-04T17:53:14.079+0800: 1844545.759: [GC (Allocation Failure) [PSYoungGen: 502560K->14080K(505344K)] 937366K->460433K(1029632K), 0.0311530 secs] [Times: user=0.03 sys=0.04, real=0.03 secs] 
2021-06-04T17:56:39.597+0800: 1844751.276: [GC (Allocation Failure) [PSYoungGen: 500480K->15744K(505344K)] 946833K->471662K(1029632K), 0.0336870 secs] [Times: user=0.04 sys=0.05, real=0.03 secs] 
2021-06-04T18:00:04.579+0800: 1844956.259: [GC (Allocation Failure) [PSYoungGen: 502144K->17504K(504832K)] 958062K->482827K(1029120K), 0.0330434 secs] [Times: user=0.04 sys=0.05, real=0.04 secs] 
2021-06-04T18:03:29.982+0800: 1845161.661: [GC (Allocation Failure) [PSYoungGen: 503904K->16352K(505344K)] 969227K->493184K(1029632K), 0.0282248 secs] [Times: user=0.04 sys=0.04, real=0.03 secs] 
2021-06-04T18:06:57.588+0800: 1845369.268: [GC (Allocation Failure) [PSYoungGen: 502708K->15584K(505856K)] 979541K->504539K(1030144K), 0.0284855 secs] [Times: user=0.04 sys=0.03, real=0.03 secs] 
2021-06-04T18:10:23.298+0800: 1845574.978: [GC (Allocation Failure) [PSYoungGen: 502496K->15680K(505344K)] 991451K->515785K(1029632K), 0.0305188 secs] [Times: user=0.04 sys=0.04, real=0.03 secs] 
2021-06-04T18:13:50.716+0800: 1845782.396: [GC (Allocation Failure) [PSYoungGen: 502592K->16000K(505856K)] 1002697K->527712K(1030144K), 0.0265445 secs] [Times: user=0.03 sys=0.03, real=0.03 secs] 
2021-06-04T18:13:50.743+0800: 1845782.423: [Full GC (Ergonomics) [PSYoungGen: 16000K->0K(505856K)] [ParOldGen: 511712K->302843K(524288K)] 527712K->302843K(1030144K), [Metaspace: 96394K->96390K(1138688K)], 0.4989683 secs] [Times: user=1.00 sys=0.00, real=0.50 secs] 
2021-06-04T18:17:20.045+0800: 1845991.724: [GC (Allocation Failure) [PSYoungGen: 487424K->16160K(505856K)] 790267K->319003K(1030144K), 0.0248918 secs] [Times: user=0.03 sys=0.03, real=0.02 secs] 
2021-06-04T18:20:47.595+0800: 1846199.275: [GC (Allocation Failure) [PSYoungGen: 503584K->15200K(506368K)] 806427K->330301K(1030656K), 0.0299530 secs] [Times: user=0.03 sys=0.04, real=0.03 secs] 
2021-06-04T18:24:16.798+0800: 1846408.478: [GC (Allocation Failure) [PSYoungGen: 503648K->14144K(506368K)] 818749K->339665K(1030656K), 0.0283652 secs] [Times: user=0.04 sys=0.04, real=0.03 secs] 
2021-06-04T18:27:44.510+0800: 1846616.190: [GC (Allocation Failure) [PSYoungGen: 502592K->15392K(506368K)] 828113K->349910K(1030656K), 0.0297288 secs] [Times: user=0.04 sys=0.04, real=0.03 secs] 
2021-06-04T18:31:11.766+0800: 1846823.446: [GC (Allocation Failure) [PSYoungGen: 503840K->15328K(506368K)] 838358K->360683K(1030656K), 0.0289591 secs] [Times: user=0.04 sys=0.04, real=0.03 secs] 
2021-06-04T18:34:39.177+0800: 1847030.856: [GC (Allocation Failure) [PSYoungGen: 503775K->17792K(505344K)] 849130K->373519K(1029632K), 0.0318901 secs] [Times: user=0.05 sys=0.04, real=0.03 secs] 
2021-06-04T18:38:09.177+0800: 1847240.857: [GC (Allocation Failure) [PSYoungGen: 505216K->13824K(505856K)] 860943K->380923K(1030144K), 0.0250218 secs] [Times: user=0.03 sys=0.04, real=0.03 secs] 
2021-06-04T18:41:36.956+0800: 1847448.635: [GC (Allocation Failure) [PSYoungGen: 501248K->13696K(505856K)] 868347K->390240K(1030144K), 0.0233844 secs] [Times: user=0.04 sys=0.03, real=0.02 secs] 
2021-06-04T18:45:01.222+0800: 1847652.901: [GC (Allocation Failure) [PSYoungGen: 501119K->17248K(504832K)] 877664K->403045K(1029120K), 0.0324854 secs] [Times: user=0.04 sys=0.05, real=0.04 secs] 
2021-06-04T18:48:27.510+0800: 1847859.190: [GC (Allocation Failure) [PSYoungGen: 504672K->14688K(505344K)] 890469K->411553K(1029632K), 0.0290918 secs] [Times: user=0.04 sys=0.04, real=0.03 secs] 
2021-06-04T18:51:54.076+0800: 1848065.755: [GC (Allocation Failure) [PSYoungGen: 501088K->15264K(505344K)] 897953K->421598K(1029632K), 0.0742688 secs] [Times: user=0.04 sys=0.03, real=0.07 secs] 
2021-06-04T18:55:20.804+0800: 1848272.483: [GC (Allocation Failure) [PSYoungGen: 501664K->14816K(505856K)] 907998K->431665K(1030144K), 0.0468544 secs] [Times: user=0.04 sys=0.04, real=0.04 secs] 
2021-06-04T18:58:43.323+0800: 1848475.003: [GC (Allocation Failure) [PSYoungGen: 502240K->14474K(505856K)] 919089K->439416K(1030144K), 0.0279241 secs] [Times: user=0.04 sys=0.04, real=0.02 secs] 
2021-06-04T19:02:12.184+0800: 1848683.864: [GC (Allocation Failure) [PSYoungGen: 501898K->17056K(505856K)] 926840K->452038K(1030144K), 0.0271367 secs] [Times: user=0.03 sys=0.03, real=0.02 secs] 
2021-06-04T19:05:38.845+0800: 1848890.525: [GC (Allocation Failure) [PSYoungGen: 504480K->16448K(504320K)] 939462K->462955K(1028608K), 0.0256669 secs] [Times: user=0.03 sys=0.04, real=0.02 secs] 
2021-06-04T19:09:06.205+0800: 1849097.884: [GC (Allocation Failure) [PSYoungGen: 503872K->16064K(505856K)] 950379K->473150K(1030144K), 0.0287364 secs] [Times: user=0.04 sys=0.03, real=0.03 secs] 
2021-06-04T19:12:37.464+0800: 1849309.143: [GC (Allocation Failure) [PSYoungGen: 502976K->15072K(505344K)] 960062K->481867K(1029632K), 0.0255934 secs] [Times: user=0.04 sys=0.03, real=0.02 secs] 
2021-06-04T19:16:04.454+0800: 1849516.134: [GC (Allocation Failure) [PSYoungGen: 501984K->12736K(505856K)] 968779K->489718K(1030144K), 0.0763052 secs] [Times: user=0.06 sys=0.06, real=0.07 secs] 
2021-06-04T19:19:34.276+0800: 1849725.955: [GC (Allocation Failure) [PSYoungGen: 500160K->14432K(505856K)] 977142K->500435K(1030144K), 0.0298187 secs] [Times: user=0.04 sys=0.04, real=0.03 secs] 
2021-06-04T19:23:01.661+0800: 1849933.341: [GC (Allocation Failure) [PSYoungGen: 501856K->16704K(504832K)] 987859K->512152K(1029120K), 0.0285594 secs] [Times: user=0.04 sys=0.04, real=0.03 secs] 
2021-06-04T19:26:26.473+0800: 1850138.152: [GC (Allocation Failure) [PSYoungGen: 503104K->18784K(505344K)] 998552K->524959K(1029632K), 0.0394119 secs] [Times: user=0.06 sys=0.05, real=0.04 secs] 
2021-06-04T19:29:53.690+0800: 1850345.369: [GC (Allocation Failure) [PSYoungGen: 505184K->13824K(504320K)] 1011359K->532313K(1028608K), 0.0315690 secs] [Times: user=0.04 sys=0.05, real=0.03 secs] 
2021-06-04T19:29:53.722+0800: 1850345.401: [Full GC (Ergonomics) [PSYoungGen: 13824K->0K(504320K)] [ParOldGen: 518489K->315163K(524288K)] 532313K->315163K(1028608K), [Metaspace: 96395K->96395K(1138688K)], 0.4696090 secs] [Times: user=0.53 sys=0.49, real=0.47 secs] 
2021-06-04T19:33:18.250+0800: 1850549.930: [GC (Allocation Failure) [PSYoungGen: 485376K->16864K(502272K)] 800539K->332027K(1026560K), 0.0244122 secs] [Times: user=0.03 sys=0.03, real=0.03 secs] 
2021-06-04T19:36:44.704+0800: 1850756.384: [GC (Allocation Failure) [PSYoungGen: 502240K->15392K(504832K)] 817403K->343135K(1029120K), 0.0300118 secs] [Times: user=0.04 sys=0.04, real=0.03 secs] 
2021-06-04T19:40:09.948+0800: 1850961.627: [GC (Allocation Failure) [PSYoungGen: 500256K->14496K(504320K)] 827999K->352796K(1028608K), 0.0729058 secs] [Times: user=0.04 sys=0.04, real=0.07 secs] 
2021-06-04T19:43:33.998+0800: 1851165.678: [GC (Allocation Failure) [PSYoungGen: 499360K->17568K(504832K)] 837660K->365066K(1029120K), 0.0278040 secs] [Times: user=0.04 sys=0.04, real=0.03 secs] 
2021-06-04T19:47:00.569+0800: 1851372.249: [GC (Allocation Failure) [PSYoungGen: 502944K->15808K(504832K)] 850442K->374712K(1029120K), 0.0304503 secs] [Times: user=0.04 sys=0.04, real=0.03 secs] 
2021-06-04T19:50:26.041+0800: 1851577.720: [GC (Allocation Failure) [PSYoungGen: 501184K->16896K(504832K)] 860088K->385229K(1029120K), 0.0266509 secs] [Times: user=0.07 sys=0.00, real=0.03 secs] 
2021-06-04T19:53:51.721+0800: 1851783.401: [GC (Allocation Failure) [PSYoungGen: 502272K->18624K(504320K)] 870605K->396586K(1028608K), 0.0343376 secs] [Times: user=0.04 sys=0.04, real=0.04 secs] 
2021-06-04T19:57:16.837+0800: 1851988.517: [GC (Allocation Failure) [PSYoungGen: 504000K->15840K(504320K)] 881962K->405206K(1028608K), 0.0262641 secs] [Times: user=0.04 sys=0.03, real=0.03 secs] 
2021-06-04T20:00:42.580+0800: 1852194.260: [GC (Allocation Failure) [PSYoungGen: 500192K->13536K(504320K)] 889558K->414697K(1028608K), 0.0302345 secs] [Times: user=0.05 sys=0.05, real=0.03 secs] 
2021-06-04T20:04:06.373+0800: 1852398.053: [GC (Allocation Failure) [PSYoungGen: 497888K->17408K(504320K)] 899049K->428031K(1028608K), 0.0309943 secs] [Times: user=0.05 sys=0.04, real=0.03 secs] 
2021-06-04T20:07:29.828+0800: 1852601.508: [GC (Allocation Failure) [PSYoungGen: 501760K->19232K(503808K)] 912383K->440660K(1028096K), 0.0403533 secs] [Times: user=0.04 sys=0.04, real=0.04 secs] 
2021-06-04T20:10:53.988+0800: 1852805.668: [GC (Allocation Failure) [PSYoungGen: 503584K->14784K(503808K)] 925012K->449184K(1028096K), 0.0254203 secs] [Times: user=0.04 sys=0.04, real=0.03 secs] 
2021-06-04T20:14:20.136+0800: 1853011.815: [GC (Allocation Failure) [PSYoungGen: 498112K->14752K(503808K)] 932512K->459086K(1028096K), 0.0368101 secs] [Times: user=0.04 sys=0.03, real=0.04 secs] 
2021-06-04T20:17:46.549+0800: 1853218.228: [GC (Allocation Failure) [PSYoungGen: 498080K->14560K(503808K)] 942414K->467907K(1028096K), 0.0331425 secs] [Times: user=0.03 sys=0.05, real=0.04 secs] 
2021-06-04T20:21:12.648+0800: 1853424.328: [GC (Allocation Failure) [PSYoungGen: 497888K->14752K(503808K)] 951235K->477030K(1028096K), 0.0308603 secs] [Times: user=0.04 sys=0.04, real=0.03 secs] 
2021-06-04T20:24:38.170+0800: 1853629.850: [GC (Allocation Failure) [PSYoungGen: 498080K->15392K(504320K)] 960358K->486962K(1028608K), 0.0424867 secs] [Times: user=0.04 sys=0.05, real=0.05 secs] 
2021-06-04T20:28:01.735+0800: 1853833.415: [GC (Allocation Failure) [PSYoungGen: 499744K->18688K(503296K)] 971314K->500289K(1027584K), 0.0257004 secs] [Times: user=0.04 sys=0.04, real=0.02 secs] 
2021-06-04T20:31:26.729+0800: 1854038.408: [GC (Allocation Failure) [PSYoungGen: 503040K->17120K(503808K)] 984641K->510006K(1028096K), 0.0326033 secs] [Times: user=0.05 sys=0.04, real=0.03 secs] 
2021-06-04T20:34:51.847+0800: 1854243.527: [GC (Allocation Failure) [PSYoungGen: 500448K->18336K(501760K)] 993334K->522837K(1026048K), 0.0409973 secs] [Times: user=0.05 sys=0.05, real=0.04 secs] 
2021-06-04T20:38:17.204+0800: 1854448.883: [GC (Allocation Failure) [PSYoungGen: 501664K->15488K(503808K)] 1006165K->531763K(1028096K), 0.0319434 secs] [Times: user=0.04 sys=0.04, real=0.03 secs] 
2021-06-04T20:38:17.236+0800: 1854448.916: [Full GC (Ergonomics) [PSYoungGen: 15488K->0K(503808K)] [ParOldGen: 516275K->308898K(524288K)] 531763K->308898K(1028096K), [Metaspace: 96395K->96395K(1138688K)], 0.4678419 secs] [Times: user=0.53 sys=0.49, real=0.47 secs] 
2021-06-04T20:41:38.907+0800: 1854650.586: [GC (Allocation Failure) [PSYoungGen: 482816K->16448K(503296K)] 791714K->325346K(1027584K), 0.0219180 secs] [Times: user=0.03 sys=0.03, real=0.02 secs] 
2021-06-04T20:45:02.015+0800: 1854853.695: [GC (Allocation Failure) [PSYoungGen: 499264K->15136K(504320K)] 808162K->336373K(1028608K), 0.0265364 secs] [Times: user=0.04 sys=0.03, real=0.02 secs] 
2021-06-04T20:48:27.029+0800: 1855058.709: [GC (Allocation Failure) [PSYoungGen: 498976K->14368K(503808K)] 820213K->346967K(1028096K), 0.0431221 secs] [Times: user=0.05 sys=0.05, real=0.05 secs] 
2021-06-04T20:51:50.793+0800: 1855262.472: [GC (Allocation Failure) [PSYoungGen: 498208K->19936K(495104K)] 830807K->361630K(1019392K), 0.0306773 secs] [Times: user=0.04 sys=0.04, real=0.03 secs] 
2021-06-04T20:55:14.028+0800: 1855465.707: [GC (Allocation Failure) [PSYoungGen: 495072K->17568K(499712K)] 836766K->371180K(1024000K), 0.0336205 secs] [Times: user=0.04 sys=0.04, real=0.03 secs] 
2021-06-04T20:58:34.335+0800: 1855666.014: [GC (Allocation Failure) [PSYoungGen: 492704K->13472K(500224K)] 846316K->379383K(1024512K), 0.0265966 secs] [Times: user=0.04 sys=0.04, real=0.02 secs] 
2021-06-04T21:01:56.508+0800: 1855868.187: [GC (Allocation Failure) [PSYoungGen: 489632K->15936K(500224K)] 855543K->391524K(1024512K), 0.0965685 secs] [Times: user=0.05 sys=0.04, real=0.10 secs] 
2021-06-04T21:05:16.644+0800: 1856068.323: [GC (Allocation Failure) [PSYoungGen: 492096K->16736K(501248K)] 867684K->401513K(1025536K), 0.0349190 secs] [Times: user=0.04 sys=0.03, real=0.03 secs] 
2021-06-04T21:08:36.823+0800: 1856268.502: [GC (Allocation Failure) [PSYoungGen: 494432K->16992K(500736K)] 879209K->413159K(1025024K), 0.0340553 secs] [Times: user=0.05 sys=0.05, real=0.03 secs] 
2021-06-04T21:12:00.599+0800: 1856472.279: [GC (Allocation Failure) [PSYoungGen: 494688K->15680K(502272K)] 890855K->422586K(1026560K), 0.0324768 secs] [Times: user=0.04 sys=0.04, real=0.03 secs] 
2021-06-04T21:15:23.765+0800: 1856675.444: [GC (Allocation Failure) [PSYoungGen: 495424K->14784K(501760K)] 902330K->431967K(1026048K), 0.0260593 secs] [Times: user=0.04 sys=0.04, real=0.02 secs] 
2021-06-04T21:18:47.525+0800: 1856879.205: [GC (Allocation Failure) [PSYoungGen: 494528K->15296K(502784K)] 911711K->444394K(1027072K), 0.0257160 secs] [Times: user=0.03 sys=0.04, real=0.02 secs] 
2021-06-04T21:22:11.013+0800: 1857082.692: [GC (Allocation Failure) [PSYoungGen: 496064K->17408K(502272K)] 925162K->456552K(1026560K), 0.0328375 secs] [Times: user=0.04 sys=0.04, real=0.03 secs] 
2021-06-04T21:25:36.266+0800: 1857287.945: [GC (Allocation Failure) [PSYoungGen: 498176K->15872K(503296K)] 937320K->466564K(1027584K), 0.0377678 secs] [Times: user=0.04 sys=0.03, real=0.04 secs] 
2021-06-04T21:29:00.076+0800: 1857491.755: [GC (Allocation Failure) [PSYoungGen: 497664K->16128K(502784K)] 948356K->477594K(1027072K), 0.0359133 secs] [Times: user=0.04 sys=0.05, real=0.03 secs] 
2021-06-04T21:32:26.817+0800: 1857698.496: [GC (Allocation Failure) [PSYoungGen: 497920K->14880K(503808K)] 959386K->486879K(1028096K), 0.0385463 secs] [Times: user=0.05 sys=0.05, real=0.04 secs] 
2021-06-04T21:35:52.113+0800: 1857903.792: [GC (Allocation Failure) [PSYoungGen: 498208K->15680K(503808K)] 970207K->497660K(1028096K), 0.0365754 secs] [Times: user=0.04 sys=0.04, real=0.03 secs] 
2021-06-04T21:39:14.592+0800: 1858106.272: [GC (Allocation Failure) [PSYoungGen: 499008K->15904K(504320K)] 980988K->509121K(1028608K), 0.0668018 secs] [Times: user=0.06 sys=0.06, real=0.06 secs] 
2021-06-04T21:42:42.731+0800: 1858314.411: [GC (Allocation Failure) [PSYoungGen: 500256K->18016K(502784K)] 993473K->521086K(1027072K), 0.0344097 secs] [Times: user=0.04 sys=0.05, real=0.04 secs] 
2021-06-04T21:46:06.646+0800: 1858518.326: [GC (Allocation Failure) [PSYoungGen: 502368K->18144K(503808K)] 1005438K->531724K(1028096K), 0.0303007 secs] [Times: user=0.05 sys=0.04, real=0.03 secs] 
2021-06-04T21:46:06.677+0800: 1858518.357: [Full GC (Ergonomics) [PSYoungGen: 18144K->0K(503808K)] [ParOldGen: 513580K->311219K(524288K)] 531724K->311219K(1028096K), [Metaspace: 96395K->96391K(1138688K)], 0.4901678 secs] [Times: user=1.01 sys=0.00, real=0.49 secs] 
2021-06-04T21:49:30.808+0800: 1858722.488: [GC (Allocation Failure) [PSYoungGen: 483328K->16832K(503808K)] 794547K->328051K(1028096K), 0.0308639 secs] [Times: user=0.04 sys=0.03, real=0.03 secs] 
2021-06-04T21:52:56.577+0800: 1858928.256: [GC (Allocation Failure) [PSYoungGen: 500160K->12992K(503808K)] 811379K->336837K(1028096K), 0.0259610 secs] [Times: user=0.04 sys=0.04, real=0.03 secs] 
2021-06-04T21:56:19.511+0800: 1859131.191: [GC (Allocation Failure) [PSYoungGen: 496320K->16224K(503808K)] 820165K->349227K(1028096K), 0.0705131 secs] [Times: user=0.04 sys=0.04, real=0.07 secs] 
2021-06-04T21:59:43.778+0800: 1859335.458: [GC (Allocation Failure) [PSYoungGen: 499552K->14624K(504320K)] 832555K->357928K(1028608K), 0.0297619 secs] [Times: user=0.08 sys=0.00, real=0.03 secs] 
2021-06-04T22:03:06.622+0800: 1859538.302: [GC (Allocation Failure) [PSYoungGen: 498976K->15936K(504320K)] 842280K->369557K(1028608K), 0.0296309 secs] [Times: user=0.03 sys=0.04, real=0.03 secs] 
2021-06-04T22:06:33.327+0800: 1859745.007: [GC (Allocation Failure) [PSYoungGen: 500288K->16512K(504832K)] 853909K->380632K(1029120K), 0.0330951 secs] [Times: user=0.04 sys=0.05, real=0.03 secs] 
2021-06-04T22:09:57.512+0800: 1859949.191: [GC (Allocation Failure) [PSYoungGen: 501888K->16960K(504832K)] 866008K->390525K(1029120K), 0.0344124 secs] [Times: user=0.05 sys=0.05, real=0.04 secs] 
2021-06-04T22:13:24.772+0800: 1860156.452: [GC (Allocation Failure) [PSYoungGen: 502336K->17632K(503808K)] 875901K->403099K(1028096K), 0.0723871 secs] [Times: user=0.05 sys=0.05, real=0.07 secs] 
2021-06-04T22:16:47.824+0800: 1860359.504: [GC (Allocation Failure) [PSYoungGen: 501984K->18976K(503808K)] 887451K->415751K(1028096K), 0.0632671 secs] [Times: user=0.04 sys=0.04, real=0.06 secs] 
2021-06-04T22:20:14.870+0800: 1860566.550: [GC (Allocation Failure) [PSYoungGen: 503328K->17888K(503808K)] 900103K->425470K(1028096K), 0.0393408 secs] [Times: user=0.05 sys=0.05, real=0.04 secs] 
2021-06-04T22:23:38.776+0800: 1860770.456: [GC (Allocation Failure) [PSYoungGen: 501216K->16576K(503808K)] 908798K->434987K(1028096K), 0.0376492 secs] [Times: user=0.05 sys=0.05, real=0.04 secs] 
2021-06-04T22:27:03.543+0800: 1860975.222: [GC (Allocation Failure) [PSYoungGen: 499904K->14592K(503296K)] 918315K->444495K(1027584K), 0.0272766 secs] [Times: user=0.07 sys=0.00, real=0.02 secs] 
2021-06-04T22:30:28.552+0800: 1861180.232: [GC (Allocation Failure) [PSYoungGen: 497920K->19008K(502784K)] 927823K->457206K(1027072K), 0.0495515 secs] [Times: user=0.04 sys=0.05, real=0.05 secs] 
2021-06-04T22:33:54.161+0800: 1861385.840: [GC (Allocation Failure) [PSYoungGen: 502336K->17216K(503808K)] 940534K->466388K(1028096K), 0.0365898 secs] [Times: user=0.05 sys=0.05, real=0.04 secs] 
2021-06-04T22:37:17.387+0800: 1861589.066: [GC (Allocation Failure) [PSYoungGen: 500032K->17632K(503296K)] 949204K->478098K(1027584K), 0.0304266 secs] [Times: user=0.04 sys=0.04, real=0.03 secs] 
2021-06-04T22:40:43.913+0800: 1861795.593: [GC (Allocation Failure) [PSYoungGen: 500448K->13664K(502784K)] 960914K->486365K(1027072K), 0.0334083 secs] [Times: user=0.05 sys=0.04, real=0.03 secs] 
2021-06-04T22:44:07.654+0800: 1861999.334: [GC (Allocation Failure) [PSYoungGen: 495968K->16672K(503296K)] 968669K->498044K(1027584K), 0.0337826 secs] [Times: user=0.05 sys=0.04, real=0.03 secs] 
2021-06-04T22:47:31.191+0800: 1862202.871: [GC (Allocation Failure) [PSYoungGen: 498976K->17824K(503808K)] 980348K->509612K(1028096K), 0.0372087 secs] [Times: user=0.05 sys=0.04, real=0.04 secs] 
2021-06-04T22:50:58.220+0800: 1862409.900: [GC (Allocation Failure) [PSYoungGen: 501152K->12960K(496640K)] 992940K->517169K(1020928K), 0.0390231 secs] [Times: user=0.06 sys=0.07, real=0.04 secs] 
2021-06-04T22:54:23.520+0800: 1862615.199: [GC (Allocation Failure) [PSYoungGen: 496288K->18240K(503296K)] 1000497K->531678K(1027584K), 0.0463353 secs] [Times: user=0.05 sys=0.06, real=0.05 secs] 
2021-06-04T22:54:23.567+0800: 1862615.246: [Full GC (Ergonomics) [PSYoungGen: 18240K->0K(503296K)] [ParOldGen: 513438K->311270K(524288K)] 531678K->311270K(1027584K), [Metaspace: 96395K->96395K(1138688K)], 0.6618521 secs] [Times: user=0.62 sys=0.56, real=0.66 secs] 
2021-06-04T22:57:47.014+0800: 1862818.693: [GC (Allocation Failure) [PSYoungGen: 482304K->18720K(501248K)] 793574K->329990K(1025536K), 0.0278085 secs] [Times: user=0.04 sys=0.05, real=0.02 secs] 
2021-06-04T23:01:11.557+0800: 1863023.237: [GC (Allocation Failure) [PSYoungGen: 501024K->16416K(503296K)] 812294K->342214K(1027584K), 0.0339319 secs] [Times: user=0.04 sys=0.05, real=0.03 secs] 
2021-06-04T23:04:35.211+0800: 1863226.891: [GC (Allocation Failure) [PSYoungGen: 498208K->16864K(502784K)] 824006K->353668K(1027072K), 0.0282913 secs] [Times: user=0.04 sys=0.04, real=0.03 secs] 
2021-06-04T23:08:01.126+0800: 1863432.805: [GC (Allocation Failure) [PSYoungGen: 498656K->13920K(502784K)] 835460K->361863K(1027072K), 0.0284627 secs] [Times: user=0.04 sys=0.04, real=0.03 secs] 
2021-06-04T23:11:25.813+0800: 1863637.493: [GC (Allocation Failure) [PSYoungGen: 496224K->17280K(503296K)] 844167K->374725K(1027584K), 0.0303543 secs] [Times: user=0.05 sys=0.04, real=0.03 secs] 
2021-06-04T23:14:51.132+0800: 1863842.811: [GC (Allocation Failure) [PSYoungGen: 499584K->10784K(501760K)] 857029K->381239K(1026048K), 0.0272792 secs] [Times: user=0.04 sys=0.04, real=0.03 secs] 
2021-06-04T23:18:17.930+0800: 1864049.610: [GC (Allocation Failure) [PSYoungGen: 492064K->16480K(502784K)] 862519K->393630K(1027072K), 0.0319712 secs] [Times: user=0.04 sys=0.03, real=0.04 secs] 
2021-06-04T23:21:43.438+0800: 1864255.118: [GC (Allocation Failure) [PSYoungGen: 497760K->13888K(503296K)] 874910K->400858K(1027584K), 0.0282755 secs] [Times: user=0.04 sys=0.03, real=0.03 secs] 
2021-06-04T23:25:05.897+0800: 1864457.577: [GC (Allocation Failure) [PSYoungGen: 496192K->16480K(503296K)] 883162K->412047K(1027584K), 0.0293880 secs] [Times: user=0.04 sys=0.03, real=0.03 secs] 
2021-06-04T23:28:31.439+0800: 1864663.119: [GC (Allocation Failure) [PSYoungGen: 498784K->14080K(503808K)] 894351K->420563K(1028096K), 0.0249602 secs] [Times: user=0.04 sys=0.04, real=0.03 secs] 
2021-06-04T23:31:55.107+0800: 1864866.787: [GC (Allocation Failure) [PSYoungGen: 497408K->16096K(503808K)] 903891K->433184K(1028096K), 0.0265814 secs] [Times: user=0.04 sys=0.04, real=0.03 secs] 
2021-06-04T23:35:20.910+0800: 1865072.590: [GC (Allocation Failure) [PSYoungGen: 499424K->15232K(504320K)] 916512K->443749K(1028608K), 0.0712121 secs] [Times: user=0.04 sys=0.04, real=0.07 secs] 
2021-06-04T23:38:46.715+0800: 1865278.395: [GC (Allocation Failure) [PSYoungGen: 499584K->14592K(504320K)] 928101K->454033K(1028608K), 0.0249537 secs] [Times: user=0.03 sys=0.03, real=0.02 secs] 
2021-06-04T23:42:12.443+0800: 1865484.123: [GC (Allocation Failure) [PSYoungGen: 498944K->17408K(503808K)] 938385K->467198K(1028096K), 0.0289771 secs] [Times: user=0.05 sys=0.03, real=0.03 secs] 
2021-06-04T23:45:38.435+0800: 1865690.115: [GC (Allocation Failure) [PSYoungGen: 501760K->15968K(504320K)] 951550K->476827K(1028608K), 0.0257677 secs] [Times: user=0.04 sys=0.04, real=0.02 secs] 
2021-06-04T23:49:02.924+0800: 1865894.604: [GC (Allocation Failure) [PSYoungGen: 500320K->16928K(504832K)] 961179K->487896K(1029120K), 0.0292648 secs] [Times: user=0.05 sys=0.04, real=0.03 secs] 
2021-06-04T23:52:30.953+0800: 1866102.632: [GC (Allocation Failure) [PSYoungGen: 502304K->13888K(504832K)] 973272K->496133K(1029120K), 0.0315509 secs] [Times: user=0.04 sys=0.04, real=0.03 secs] 
2021-06-04T23:55:56.281+0800: 1866307.960: [GC (Allocation Failure) [PSYoungGen: 499264K->16320K(504832K)] 981509K->507666K(1029120K), 0.0562773 secs] [Times: user=0.04 sys=0.04, real=0.06 secs] 
2021-06-04T23:59:23.667+0800: 1866515.347: [GC (Allocation Failure) [PSYoungGen: 501696K->14144K(504832K)] 993042K->516798K(1029120K), 0.0252975 secs] [Times: user=0.04 sys=0.04, real=0.03 secs] 
2021-06-05T00:02:41.298+0800: 1866712.977: [GC (Allocation Failure) [PSYoungGen: 499520K->15840K(505344K)] 1002174K->528171K(1029632K), 0.0520708 secs] [Times: user=0.05 sys=0.05, real=0.05 secs] 
2021-06-05T00:02:41.350+0800: 1866713.030: [Full GC (Ergonomics) [PSYoungGen: 15840K->0K(505344K)] [ParOldGen: 512331K->305557K(524288K)] 528171K->305557K(1029632K), [Metaspace: 96401K->96401K(1138688K)], 0.4625224 secs] [Times: user=0.54 sys=0.50, real=0.47 secs] 
2021-06-05T00:06:10.012+0800: 1866921.691: [GC (Allocation Failure) [PSYoungGen: 485888K->14336K(504832K)] 791445K->319893K(1029120K), 0.0268653 secs] [Times: user=0.03 sys=0.03, real=0.03 secs] 
2021-06-05T00:09:35.949+0800: 1867127.628: [GC (Allocation Failure) [PSYoungGen: 500224K->15328K(505344K)] 805781K->330465K(1029632K), 0.0280739 secs] [Times: user=0.04 sys=0.04, real=0.03 secs] 
2021-06-05T00:13:02.375+0800: 1867334.055: [GC (Allocation Failure) [PSYoungGen: 501728K->18144K(504832K)] 816865K->343997K(1029120K), 0.0263099 secs] [Times: user=0.04 sys=0.03, real=0.02 secs] 
2021-06-05T00:16:29.868+0800: 1867541.548: [GC (Allocation Failure) [PSYoungGen: 504544K->15360K(505344K)] 830397K->352722K(1029632K), 0.0274874 secs] [Times: user=0.04 sys=0.04, real=0.03 secs] 
2021-06-05T00:19:54.787+0800: 1867746.467: [GC (Allocation Failure) [PSYoungGen: 501248K->16096K(504832K)] 838610K->362758K(1029120K), 0.0277710 secs] [Times: user=0.04 sys=0.04, real=0.03 secs] 
2021-06-05T00:23:21.387+0800: 1867953.066: [GC (Allocation Failure) [PSYoungGen: 501984K->17024K(505344K)] 848646K->373108K(1029632K), 0.0321592 secs] [Times: user=0.04 sys=0.05, real=0.03 secs] 
2021-06-05T00:26:48.924+0800: 1868160.604: [GC (Allocation Failure) [PSYoungGen: 503424K->15488K(505344K)] 859508K->382656K(1029632K), 0.0359618 secs] [Times: user=0.06 sys=0.05, real=0.03 secs] 
2021-06-05T00:30:13.490+0800: 1868365.169: [GC (Allocation Failure) [PSYoungGen: 501888K->16800K(505344K)] 869056K->393871K(1029632K), 0.0348944 secs] [Times: user=0.05 sys=0.05, real=0.04 secs] 
2021-06-05T00:33:39.595+0800: 1868571.275: [GC (Allocation Failure) [PSYoungGen: 503200K->15680K(505344K)] 880271K->404164K(1029632K), 0.0407415 secs] [Times: user=0.05 sys=0.05, real=0.04 secs] 
2021-06-05T00:37:05.412+0800: 1868777.092: [GC (Allocation Failure) [PSYoungGen: 502080K->17248K(505344K)] 890564K->415882K(1029632K), 0.0697710 secs] [Times: user=0.05 sys=0.05, real=0.07 secs] 
2021-06-05T00:40:33.030+0800: 1868984.709: [GC (Allocation Failure) [PSYoungGen: 503648K->15808K(505344K)] 902282K->425278K(1029632K), 0.0345448 secs] [Times: user=0.05 sys=0.05, real=0.04 secs] 
2021-06-05T00:44:00.975+0800: 1869192.655: [GC (Allocation Failure) [PSYoungGen: 502208K->12064K(505344K)] 911678K->433625K(1029632K), 0.0343561 secs] [Times: user=0.10 sys=0.00, real=0.03 secs] 
2021-06-05T00:47:27.862+0800: 1869399.541: [GC (Allocation Failure) [PSYoungGen: 498464K->18912K(505344K)] 920025K->448847K(1029632K), 0.0340141 secs] [Times: user=0.04 sys=0.05, real=0.04 secs] 
2021-06-05T00:50:54.544+0800: 1869606.224: [GC (Allocation Failure) [PSYoungGen: 505312K->16640K(498176K)] 935247K->457957K(1022464K), 0.0307869 secs] [Times: user=0.05 sys=0.04, real=0.03 secs] 
2021-06-05T00:54:17.198+0800: 1869808.878: [GC (Allocation Failure) [PSYoungGen: 495872K->15776K(501760K)] 937189K->467298K(1026048K), 0.0966978 secs] [Times: user=0.09 sys=0.00, real=0.10 secs] 
2021-06-05T00:57:34.060+0800: 1870005.740: [GC (Allocation Failure) [PSYoungGen: 495008K->15882K(502272K)] 946530K->478376K(1026560K), 0.0938674 secs] [Times: user=0.04 sys=0.04, real=0.10 secs] 
2021-06-05T01:00:56.898+0800: 1870208.577: [GC (Allocation Failure) [PSYoungGen: 496138K->15616K(502272K)] 958632K->489596K(1026560K), 0.0371392 secs] [Times: user=0.05 sys=0.04, real=0.04 secs] 
2021-06-05T01:04:21.416+0800: 1870413.096: [GC (Allocation Failure) [PSYoungGen: 495872K->15392K(503296K)] 969852K->498547K(1027584K), 0.0578588 secs] [Times: user=0.04 sys=0.05, real=0.06 secs] 
2021-06-05T01:07:45.488+0800: 1870617.168: [GC (Allocation Failure) [PSYoungGen: 497184K->16224K(502784K)] 980339K->508478K(1027072K), 0.0330655 secs] [Times: user=0.04 sys=0.05, real=0.03 secs] 
2021-06-05T01:11:08.406+0800: 1870820.086: [GC (Allocation Failure) [PSYoungGen: 498016K->17568K(503296K)] 990270K->519787K(1027584K), 0.0320521 secs] [Times: user=0.05 sys=0.05, real=0.03 secs] 
2021-06-05T01:14:33.944+0800: 1871025.624: [GC (Allocation Failure) [PSYoungGen: 499872K->14176K(503296K)] 1002091K->527232K(1027584K), 0.0273735 secs] [Times: user=0.04 sys=0.04, real=0.02 secs] 
2021-06-05T01:14:33.972+0800: 1871025.651: [Full GC (Ergonomics) [PSYoungGen: 14176K->0K(503296K)] [ParOldGen: 513056K->311300K(524288K)] 527232K->311300K(1027584K), [Metaspace: 96403K->96399K(1138688K)], 0.5329057 secs] [Times: user=1.10 sys=0.00, real=0.54 secs] 
2021-06-05T01:17:58.635+0800: 1871230.314: [GC (Allocation Failure) [PSYoungGen: 482304K->16608K(503808K)] 793604K->327908K(1028096K), 0.0247409 secs] [Times: user=0.03 sys=0.03, real=0.02 secs] 
2021-06-05T01:21:26.801+0800: 1871438.480: [GC (Allocation Failure) [PSYoungGen: 499424K->16416K(503296K)] 810724K->340654K(1027584K), 0.0381202 secs] [Times: user=0.05 sys=0.06, real=0.04 secs] 
2021-06-05T01:24:52.733+0800: 1871644.413: [GC (Allocation Failure) [PSYoungGen: 499232K->15104K(504320K)] 823470K->350882K(1028608K), 0.0359028 secs] [Times: user=0.05 sys=0.05, real=0.03 secs] 
2021-06-05T01:28:19.172+0800: 1871850.851: [GC (Allocation Failure) [PSYoungGen: 499449K->16384K(504320K)] 835228K->362342K(1028608K), 0.0264404 secs] [Times: user=0.03 sys=0.04, real=0.03 secs] 
2021-06-05T01:31:44.435+0800: 1872056.115: [GC (Allocation Failure) [PSYoungGen: 500736K->15648K(504832K)] 846694K->372802K(1029120K), 0.0273981 secs] [Times: user=0.04 sys=0.04, real=0.03 secs] 
2021-06-05T01:35:11.723+0800: 1872263.403: [GC (Allocation Failure) [PSYoungGen: 501024K->16928K(504832K)] 858178K->384119K(1029120K), 0.0315200 secs] [Times: user=0.04 sys=0.04, real=0.03 secs] 
2021-06-05T01:38:37.128+0800: 1872468.808: [GC (Allocation Failure) [PSYoungGen: 502304K->16160K(505344K)] 869495K->394212K(1029632K), 0.0302232 secs] [Times: user=0.04 sys=0.03, real=0.03 secs] 
2021-06-05T01:42:03.634+0800: 1872675.314: [GC (Allocation Failure) [PSYoungGen: 502048K->16864K(504832K)] 880100K->404817K(1029120K), 0.0311992 secs] [Times: user=0.04 sys=0.04, real=0.03 secs] 
2021-06-05T01:45:30.112+0800: 1872881.792: [GC (Allocation Failure) [PSYoungGen: 502752K->13952K(504320K)] 890705K->412702K(1028608K), 0.0246594 secs] [Times: user=0.04 sys=0.04, real=0.03 secs] 
2021-06-05T01:48:54.144+0800: 1873085.823: [GC (Allocation Failure) [PSYoungGen: 499328K->14272K(504832K)] 898078K->423292K(1029120K), 0.0257810 secs] [Times: user=0.04 sys=0.04, real=0.02 secs] 
2021-06-05T01:52:20.760+0800: 1873292.439: [GC (Allocation Failure) [PSYoungGen: 499648K->17184K(504832K)] 908668K->436384K(1029120K), 0.0271144 secs] [Times: user=0.04 sys=0.04, real=0.03 secs] 
2021-06-05T01:55:46.040+0800: 1873497.720: [GC (Allocation Failure) [PSYoungGen: 502560K->15104K(504832K)] 921760K->445629K(1029120K), 0.0265903 secs] [Times: user=0.04 sys=0.04, real=0.03 secs] 
2021-06-05T01:59:11.675+0800: 1873703.354: [GC (Allocation Failure) [PSYoungGen: 500480K->17280K(504832K)] 931005K->457396K(1029120K), 0.0278052 secs] [Times: user=0.04 sys=0.04, real=0.03 secs] 
2021-06-05T02:02:33.576+0800: 1873905.256: [GC (Allocation Failure) [PSYoungGen: 502656K->16736K(504832K)] 942772K->468753K(1029120K), 0.0889986 secs] [Times: user=0.05 sys=0.05, real=0.09 secs] 
2021-06-05T02:05:59.421+0800: 1874111.101: [GC (Allocation Failure) [PSYoungGen: 502112K->17760K(503808K)] 954129K->482779K(1028096K), 0.0319076 secs] [Times: user=0.08 sys=0.00, real=0.04 secs] 
2021-06-05T02:09:24.359+0800: 1874316.039: [GC (Allocation Failure) [PSYoungGen: 502112K->14944K(504320K)] 967131K->491270K(1028608K), 0.0270467 secs] [Times: user=0.04 sys=0.04, real=0.03 secs] 
2021-06-05T02:12:48.692+0800: 1874520.372: [GC (Allocation Failure) [PSYoungGen: 499296K->15936K(504832K)] 975622K->502621K(1029120K), 0.0258047 secs] [Times: user=0.08 sys=0.00, real=0.03 secs] 
2021-06-05T02:16:12.791+0800: 1874724.470: [GC (Allocation Failure) [PSYoungGen: 501312K->17984K(503808K)] 987997K->515612K(1028096K), 0.0296404 secs] [Times: user=0.03 sys=0.03, real=0.03 secs] 
2021-06-05T02:19:37.883+0800: 1874929.563: [GC (Allocation Failure) [PSYoungGen: 503360K->14496K(504320K)] 1000988K->524039K(1028608K), 0.0255753 secs] [Times: user=0.04 sys=0.03, real=0.02 secs] 
2021-06-05T02:23:03.792+0800: 1875135.471: [GC (Allocation Failure) [PSYoungGen: 498848K->14976K(504320K)] 1008391K->535155K(1028608K), 0.0290381 secs] [Times: user=0.04 sys=0.04, real=0.03 secs] 
2021-06-05T02:23:03.821+0800: 1875135.501: [Full GC (Ergonomics) [PSYoungGen: 14976K->0K(504320K)] [ParOldGen: 520179K->312304K(524288K)] 535155K->312304K(1028608K), [Metaspace: 96403K->96403K(1138688K)], 0.4190285 secs] [Times: user=0.94 sys=0.00, real=0.42 secs] 
2021-06-05T02:26:29.951+0800: 1875341.630: [GC (Allocation Failure) [PSYoungGen: 484352K->17024K(504832K)] 796656K->329328K(1029120K), 0.0241794 secs] [Times: user=0.03 sys=0.03, real=0.03 secs] 
2021-06-05T02:29:57.288+0800: 1875548.968: [GC (Allocation Failure) [PSYoungGen: 502400K->14112K(504832K)] 814704K->338889K(1029120K), 0.0277654 secs] [Times: user=0.03 sys=0.03, real=0.03 secs] 
2021-06-05T02:33:23.079+0800: 1875754.758: [GC (Allocation Failure) [PSYoungGen: 499488K->14656K(504832K)] 824265K->349224K(1029120K), 0.0299885 secs] [Times: user=0.04 sys=0.03, real=0.03 secs] 
2021-06-05T02:36:50.977+0800: 1875962.656: [GC (Allocation Failure) [PSYoungGen: 500032K->12288K(498176K)] 834600K->356931K(1022464K), 0.0233755 secs] [Times: user=0.04 sys=0.04, real=0.02 secs] 
2021-06-05T02:40:16.582+0800: 1876168.262: [GC (Allocation Failure) [PSYoungGen: 497664K->17056K(504320K)] 842307K->369442K(1028608K), 0.0516447 secs] [Times: user=0.04 sys=0.04, real=0.06 secs] 
2021-06-05T02:43:41.743+0800: 1876373.423: [GC (Allocation Failure) [PSYoungGen: 501408K->16704K(504320K)] 853794K->380669K(1028608K), 0.0321530 secs] [Times: user=0.03 sys=0.04, real=0.03 secs] 
2021-06-05T02:47:07.987+0800: 1876579.666: [GC (Allocation Failure) [PSYoungGen: 501056K->13472K(504320K)] 865021K->387537K(1028608K), 0.0300488 secs] [Times: user=0.03 sys=0.03, real=0.03 secs] 
2021-06-05T02:50:31.129+0800: 1876782.809: [GC (Allocation Failure) [PSYoungGen: 497824K->18240K(502784K)] 871889K->401047K(1027072K), 0.0319933 secs] [Times: user=0.04 sys=0.04, real=0.03 secs] 
2021-06-05T02:53:54.407+0800: 1876986.086: [GC (Allocation Failure) [PSYoungGen: 502592K->19808K(501760K)] 885399K->414422K(1026048K), 0.0310048 secs] [Times: user=0.04 sys=0.03, real=0.03 secs] 
2021-06-05T02:57:23.524+0800: 1877195.204: [GC (Allocation Failure) [PSYoungGen: 501088K->12864K(502784K)] 895702K->421634K(1027072K), 0.0484349 secs] [Times: user=0.04 sys=0.04, real=0.05 secs] 
2021-06-05T03:00:45.751+0800: 1877397.431: [GC (Allocation Failure) [PSYoungGen: 494144K->15936K(503296K)] 902914K->434351K(1027584K), 0.0259842 secs] [Times: user=0.03 sys=0.04, real=0.03 secs] 
2021-06-05T03:04:08.972+0800: 1877600.651: [GC (Allocation Failure) [PSYoungGen: 497728K->14496K(502784K)] 916143K->443098K(1027072K), 0.0288533 secs] [Times: user=0.04 sys=0.04, real=0.03 secs] 
2021-06-05T03:07:31.903+0800: 1877803.582: [GC (Allocation Failure) [PSYoungGen: 496288K->17728K(503296K)] 924890K->456223K(1027584K), 0.0314530 secs] [Times: user=0.04 sys=0.04, real=0.03 secs] 
2021-06-05T03:10:55.429+0800: 1878007.109: [GC (Allocation Failure) [PSYoungGen: 500032K->17984K(500736K)] 938527K->466932K(1025024K), 0.0297351 secs] [Times: user=0.08 sys=0.00, real=0.03 secs] 
2021-06-05T03:14:20.146+0800: 1878211.826: [GC (Allocation Failure) [PSYoungGen: 500288K->14784K(503296K)] 949236K->474231K(1027584K), 0.0261309 secs] [Times: user=0.04 sys=0.04, real=0.03 secs] 
2021-06-05T03:17:46.048+0800: 1878417.728: [GC (Allocation Failure) [PSYoungGen: 496576K->15936K(502784K)] 956023K->484691K(1027072K), 0.0284631 secs] [Times: user=0.03 sys=0.04, real=0.03 secs] 
2021-06-05T03:21:10.636+0800: 1878622.315: [GC (Allocation Failure) [PSYoungGen: 497728K->14496K(503808K)] 966483K->494128K(1028096K), 0.0278552 secs] [Times: user=0.03 sys=0.04, real=0.03 secs] 
2021-06-05T03:24:37.827+0800: 1878829.507: [GC (Allocation Failure) [PSYoungGen: 497824K->14688K(503808K)] 977456K->503772K(1028096K), 0.0301606 secs] [Times: user=0.04 sys=0.04, real=0.03 secs] 
2021-06-05T03:28:04.200+0800: 1879035.880: [GC (Allocation Failure) [PSYoungGen: 498016K->15680K(504320K)] 987100K->515746K(1028608K), 0.0251699 secs] [Times: user=0.03 sys=0.03, real=0.03 secs] 
2021-06-05T03:31:28.843+0800: 1879240.522: [GC (Allocation Failure) [PSYoungGen: 500032K->18400K(502784K)] 1000098K->529039K(1027072K), 0.0288546 secs] [Times: user=0.04 sys=0.04, real=0.02 secs] 
2021-06-05T03:34:54.227+0800: 1879445.907: [GC (Allocation Failure) [PSYoungGen: 502752K->15232K(504320K)] 1013391K->537037K(1028608K), 0.0300630 secs] [Times: user=0.04 sys=0.03, real=0.03 secs] 
2021-06-05T03:34:54.258+0800: 1879445.937: [Full GC (Ergonomics) [PSYoungGen: 15232K->0K(504320K)] [ParOldGen: 521805K->313801K(524288K)] 537037K->313801K(1028608K), [Metaspace: 96403K->96403K(1138688K)], 0.4298565 secs] [Times: user=0.48 sys=0.45, real=0.43 secs] 
2021-06-05T03:38:19.973+0800: 1879651.653: [GC (Allocation Failure) [PSYoungGen: 483840K->16896K(503808K)] 797641K->330697K(1028096K), 0.0268979 secs] [Times: user=0.04 sys=0.03, real=0.02 secs] 
2021-06-05T03:41:44.642+0800: 1879856.322: [GC (Allocation Failure) [PSYoungGen: 500736K->15136K(504320K)] 814537K->339856K(1028608K), 0.0297156 secs] [Times: user=0.04 sys=0.05, real=0.03 secs] 
2021-06-05T03:45:06.959+0800: 1880058.639: [GC (Allocation Failure) [PSYoungGen: 499488K->16704K(504320K)] 824208K->351903K(1028608K), 0.0266848 secs] [Times: user=0.03 sys=0.04, real=0.03 secs] 
2021-06-05T03:48:33.440+0800: 1880265.119: [GC (Allocation Failure) [PSYoungGen: 501056K->16160K(504832K)] 836255K->362179K(1029120K), 0.0274970 secs] [Times: user=0.04 sys=0.05, real=0.03 secs] 
2021-06-05T03:51:57.245+0800: 1880468.925: [GC (Allocation Failure) [PSYoungGen: 501024K->14752K(504320K)] 847043K->372273K(1028608K), 0.0307120 secs] [Times: user=0.05 sys=0.05, real=0.03 secs] 
2021-06-05T03:55:19.986+0800: 1880671.666: [GC (Allocation Failure) [PSYoungGen: 499616K->17760K(503808K)] 857137K->386543K(1028096K), 0.0300577 secs] [Times: user=0.04 sys=0.04, real=0.03 secs] 
2021-06-05T03:58:46.464+0800: 1880878.144: [GC (Allocation Failure) [PSYoungGen: 502112K->15136K(504320K)] 870895K->394253K(1028608K), 0.0304400 secs] [Times: user=0.04 sys=0.04, real=0.03 secs] 
2021-06-05T04:02:12.261+0800: 1881083.941: [GC (Allocation Failure) [PSYoungGen: 499488K->18176K(503808K)] 878605K->406938K(1028096K), 0.0318202 secs] [Times: user=0.04 sys=0.05, real=0.04 secs] 
2021-06-05T04:05:37.714+0800: 1881289.393: [GC (Allocation Failure) [PSYoungGen: 502528K->13728K(504320K)] 891290K->414941K(1028608K), 0.0236422 secs] [Times: user=0.04 sys=0.03, real=0.02 secs] 
2021-06-05T04:09:03.456+0800: 1881495.135: [GC (Allocation Failure) [PSYoungGen: 498080K->14112K(504320K)] 899293K->425241K(1028608K), 0.0361920 secs] [Times: user=0.04 sys=0.05, real=0.03 secs] 
2021-06-05T04:12:28.059+0800: 1881699.739: [GC (Allocation Failure) [PSYoungGen: 498464K->15392K(504320K)] 909593K->436534K(1028608K), 0.0286375 secs] [Times: user=0.04 sys=0.04, real=0.03 secs] 
2021-06-05T04:15:53.687+0800: 1881905.366: [GC (Allocation Failure) [PSYoungGen: 499744K->15200K(504832K)] 920886K->447084K(1029120K), 0.0292830 secs] [Times: user=0.05 sys=0.05, real=0.03 secs] 
2021-06-05T04:19:19.479+0800: 1882111.159: [GC (Allocation Failure) [PSYoungGen: 500576K->15712K(504832K)] 932460K->457305K(1029120K), 0.0356883 secs] [Times: user=0.04 sys=0.04, real=0.04 secs] 
2021-06-05T04:22:46.816+0800: 1882318.496: [GC (Allocation Failure) [PSYoungGen: 501088K->18016K(504320K)] 942681K->468815K(1028608K), 0.0302179 secs] [Times: user=0.04 sys=0.04, real=0.03 secs] 
2021-06-05T04:26:12.324+0800: 1882524.004: [GC (Allocation Failure) [PSYoungGen: 503392K->15488K(504832K)] 954191K->476714K(1029120K), 0.0315900 secs] [Times: user=0.04 sys=0.03, real=0.03 secs] 
2021-06-05T04:29:40.264+0800: 1882731.944: [GC (Allocation Failure) [PSYoungGen: 500864K->16768K(504832K)] 962090K->487888K(1029120K), 0.0874634 secs] [Times: user=0.04 sys=0.05, real=0.08 secs] 
2021-06-05T04:33:06.156+0800: 1882937.836: [GC (Allocation Failure) [PSYoungGen: 502144K->15712K(504832K)] 973264K->495845K(1029120K), 0.0259753 secs] [Times: user=0.04 sys=0.03, real=0.03 secs] 
2021-06-05T04:36:32.964+0800: 1883144.643: [GC (Allocation Failure) [PSYoungGen: 501088K->14976K(505344K)] 981221K->505097K(1029632K), 0.0253131 secs] [Times: user=0.03 sys=0.03, real=0.02 secs] 
2021-06-05T04:39:57.366+0800: 1883349.045: [GC (Allocation Failure) [PSYoungGen: 501376K->14528K(505344K)] 991497K->515470K(1029632K), 0.0282071 secs] [Times: user=0.04 sys=0.03, real=0.03 secs] 
2021-06-05T04:43:24.150+0800: 1883555.830: [GC (Allocation Failure) [PSYoungGen: 500928K->14752K(505344K)] 1001870K->525843K(1029632K), 0.0306448 secs] [Times: user=0.04 sys=0.04, real=0.03 secs] 
2021-06-05T04:46:54.048+0800: 1883765.728: [GC (Allocation Failure) [PSYoungGen: 501152K->12320K(505344K)] 1012243K->532816K(1029632K), 0.0237529 secs] [Times: user=0.04 sys=0.03, real=0.02 secs] 
2021-06-05T04:46:54.072+0800: 1883765.752: [Full GC (Ergonomics) [PSYoungGen: 12320K->0K(505344K)] [ParOldGen: 520496K->307485K(524288K)] 532816K->307485K(1029632K), [Metaspace: 96403K->96403K(1138688K)], 0.5196192 secs] [Times: user=0.56 sys=0.51, real=0.51 secs] 
2021-06-05T04:50:21.347+0800: 1883973.027: [GC (Allocation Failure) [PSYoungGen: 486399K->16992K(504320K)] 793884K->324477K(1028608K), 0.0229442 secs] [Times: user=0.03 sys=0.03, real=0.02 secs] 
2021-06-05T04:53:45.958+0800: 1884177.637: [GC (Allocation Failure) [PSYoungGen: 502368K->17344K(504832K)] 809853K->336657K(1029120K), 0.0350610 secs] [Times: user=0.04 sys=0.04, real=0.04 secs] 
2021-06-05T04:57:12.602+0800: 1884384.282: [GC (Allocation Failure) [PSYoungGen: 502720K->16544K(504832K)] 822033K->347454K(1029120K), 0.0288524 secs] [Times: user=0.04 sys=0.04, real=0.03 secs] 
2021-06-05T05:00:38.466+0800: 1884590.145: [GC (Allocation Failure) [PSYoungGen: 501920K->15424K(504832K)] 832830K->357347K(1029120K), 0.0412911 secs] [Times: user=0.05 sys=0.05, real=0.04 secs] 
2021-06-05T05:04:01.688+0800: 1884793.368: [GC (Allocation Failure) [PSYoungGen: 500800K->16960K(504832K)] 842723K->368296K(1029120K), 0.0376932 secs] [Times: user=0.04 sys=0.04, real=0.04 secs] 
2021-06-05T05:07:26.573+0800: 1884998.253: [GC (Allocation Failure) [PSYoungGen: 502336K->14816K(504832K)] 853672K->377197K(1029120K), 0.0337054 secs] [Times: user=0.04 sys=0.04, real=0.03 secs] 
2021-06-05T05:10:52.080+0800: 1885203.760: [GC (Allocation Failure) [PSYoungGen: 500192K->15360K(505344K)] 862573K->387609K(1029632K), 0.0275127 secs] [Times: user=0.04 sys=0.03, real=0.03 secs] 
2021-06-05T05:14:19.899+0800: 1885411.579: [GC (Allocation Failure) [PSYoungGen: 501248K->13504K(504832K)] 873497K->396228K(1029120K), 0.0256667 secs] [Times: user=0.03 sys=0.03, real=0.03 secs] 
2021-06-05T05:17:47.586+0800: 1885619.266: [GC (Allocation Failure) [PSYoungGen: 499392K->15552K(505344K)] 882116K->407290K(1029632K), 0.0275061 secs] [Times: user=0.04 sys=0.03, real=0.03 secs] 
2021-06-05T05:21:15.318+0800: 1885826.998: [GC (Allocation Failure) [PSYoungGen: 501952K->16896K(505344K)] 893690K->419448K(1029632K), 0.0260998 secs] [Times: user=0.03 sys=0.04, real=0.03 secs] 
2021-06-05T05:24:39.805+0800: 1886031.484: [GC (Allocation Failure) [PSYoungGen: 503296K->15520K(505344K)] 905848K->431188K(1029632K), 0.0254094 secs] [Times: user=0.03 sys=0.04, real=0.02 secs] 
2021-06-05T05:28:05.015+0800: 1886236.694: [GC (Allocation Failure) [PSYoungGen: 501920K->17952K(504832K)] 917588K->445026K(1029120K), 0.0271045 secs] [Times: user=0.04 sys=0.04, real=0.02 secs] 
2021-06-05T05:31:28.438+0800: 1886440.118: [GC (Allocation Failure) [PSYoungGen: 504352K->16448K(505344K)] 931426K->454839K(1029632K), 0.0328087 secs] [Times: user=0.08 sys=0.00, real=0.03 secs] 
2021-06-05T05:34:54.518+0800: 1886646.198: [GC (Allocation Failure) [PSYoungGen: 502336K->12960K(504832K)] 940727K->462720K(1029120K), 0.0252412 secs] [Times: user=0.04 sys=0.04, real=0.03 secs] 
2021-06-05T05:38:21.057+0800: 1886852.737: [GC (Allocation Failure) [PSYoungGen: 498848K->13888K(504832K)] 948608K->472733K(1029120K), 0.0248312 secs] [Times: user=0.04 sys=0.04, real=0.03 secs] 
2021-06-05T05:41:46.348+0800: 1887058.027: [GC (Allocation Failure) [PSYoungGen: 499264K->16384K(504832K)] 958109K->486195K(1029120K), 0.0330686 secs] [Times: user=0.04 sys=0.03, real=0.03 secs] 
2021-06-05T05:45:11.592+0800: 1887263.271: [GC (Allocation Failure) [PSYoungGen: 501760K->15616K(505344K)] 971571K->496031K(1029632K), 0.0291227 secs] [Times: user=0.04 sys=0.04, real=0.03 secs] 
2021-06-05T05:48:34.714+0800: 1887466.393: [GC (Allocation Failure) [PSYoungGen: 501504K->18112K(504832K)] 981919K->508790K(1029120K), 0.0382651 secs] [Times: user=0.05 sys=0.05, real=0.04 secs] 
2021-06-05T05:51:59.994+0800: 1887671.673: [GC (Allocation Failure) [PSYoungGen: 504000K->17344K(503808K)] 994678K->519260K(1028096K), 0.0663566 secs] [Times: user=0.09 sys=0.08, real=0.06 secs] 
2021-06-05T05:55:25.313+0800: 1887876.992: [GC (Allocation Failure) [PSYoungGen: 501696K->15520K(504320K)] 1003612K->528576K(1028608K), 0.0299895 secs] [Times: user=0.04 sys=0.04, real=0.03 secs] 
2021-06-05T05:55:25.343+0800: 1887877.023: [Full GC (Ergonomics) [PSYoungGen: 15520K->0K(504320K)] [ParOldGen: 513056K->311234K(524288K)] 528576K->311234K(1028608K), [Metaspace: 96403K->96403K(1138688K)], 0.4838036 secs] [Times: user=0.53 sys=0.49, real=0.48 secs] 
2021-06-05T05:58:51.091+0800: 1888082.770: [GC (Allocation Failure) [PSYoungGen: 484352K->15712K(504832K)] 795586K->326946K(1029120K), 0.0246758 secs] [Times: user=0.03 sys=0.03, real=0.03 secs] 
2021-06-05T06:02:18.428+0800: 1888290.107: [GC (Allocation Failure) [PSYoungGen: 501088K->14304K(504832K)] 812322K->337468K(1029120K), 0.0292626 secs] [Times: user=0.03 sys=0.03, real=0.03 secs] 
2021-06-05T06:05:44.570+0800: 1888496.250: [GC (Allocation Failure) [PSYoungGen: 499680K->13696K(504832K)] 822844K->346184K(1029120K), 0.0245571 secs] [Times: user=0.03 sys=0.04, real=0.03 secs] 
2021-06-05T06:09:12.426+0800: 1888704.106: [GC (Allocation Failure) [PSYoungGen: 499072K->14400K(504832K)] 831560K->355893K(1029120K), 0.0256468 secs] [Times: user=0.03 sys=0.04, real=0.03 secs] 
2021-06-05T06:12:36.517+0800: 1888908.197: [GC (Allocation Failure) [PSYoungGen: 499776K->18496K(503296K)] 841269K->368531K(1027584K), 0.0407104 secs] [Times: user=0.05 sys=0.06, real=0.04 secs] 
2021-06-05T06:16:02.439+0800: 1889114.119: [GC (Allocation Failure) [PSYoungGen: 502848K->17024K(504320K)] 852883K->377608K(1028608K), 0.0462431 secs] [Times: user=0.04 sys=0.04, real=0.05 secs] 
2021-06-05T06:19:27.702+0800: 1889319.382: [GC (Allocation Failure) [PSYoungGen: 501376K->18272K(503296K)] 861960K->388781K(1027584K), 0.0405336 secs] [Times: user=0.05 sys=0.05, real=0.05 secs] 
2021-06-05T06:22:54.427+0800: 1889526.106: [GC (Allocation Failure) [PSYoungGen: 501600K->15040K(503808K)] 872109K->397824K(1028096K), 0.0259157 secs] [Times: user=0.04 sys=0.04, real=0.03 secs] 
2021-06-05T06:26:18.465+0800: 1889730.144: [GC (Allocation Failure) [PSYoungGen: 498368K->14592K(504320K)] 881152K->407294K(1028608K), 0.0266038 secs] [Times: user=0.03 sys=0.04, real=0.02 secs] 
2021-06-05T06:29:43.637+0800: 1889935.317: [GC (Allocation Failure) [PSYoungGen: 498432K->14880K(503808K)] 891134K->417460K(1028096K), 0.0274749 secs] [Times: user=0.04 sys=0.04, real=0.03 secs] 
2021-06-05T06:33:08.002+0800: 1890139.681: [GC (Allocation Failure) [PSYoungGen: 498720K->13824K(504320K)] 901300K->427656K(1028608K), 0.0535672 secs] [Times: user=0.03 sys=0.03, real=0.06 secs] 
2021-06-05T06:36:30.962+0800: 1890342.642: [GC (Allocation Failure) [PSYoungGen: 498176K->19168K(503808K)] 912008K->441782K(1028096K), 0.0288082 secs] [Times: user=0.04 sys=0.04, real=0.02 secs] 
2021-06-05T06:39:57.999+0800: 1890549.678: [GC (Allocation Failure) [PSYoungGen: 503520K->15040K(503808K)] 926134K->448866K(1028096K), 0.0253769 secs] [Times: user=0.03 sys=0.04, real=0.03 secs] 
2021-06-05T06:43:23.789+0800: 1890755.469: [GC (Allocation Failure) [PSYoungGen: 498368K->14400K(503808K)] 932194K->458822K(1028096K), 0.0255880 secs] [Times: user=0.03 sys=0.04, real=0.03 secs] 
2021-06-05T06:46:44.683+0800: 1890956.363: [GC (Allocation Failure) [PSYoungGen: 497728K->17536K(503808K)] 942150K->471109K(1028096K), 0.0342421 secs] [Times: user=0.05 sys=0.05, real=0.03 secs] 
2021-06-05T06:50:08.447+0800: 1891160.126: [GC (Allocation Failure) [PSYoungGen: 500864K->19136K(502784K)] 954437K->483675K(1027072K), 0.0394140 secs] [Times: user=0.05 sys=0.04, real=0.04 secs] 
2021-06-05T06:53:33.443+0800: 1891365.123: [GC (Allocation Failure) [PSYoungGen: 502464K->17056K(503296K)] 967003K->492545K(1027584K), 0.0317412 secs] [Times: user=0.05 sys=0.04, real=0.03 secs] 
2021-06-05T06:56:52.930+0800: 1891564.609: [GC (Allocation Failure) [PSYoungGen: 498848K->15498K(502784K)] 974337K->503264K(1027072K), 0.0340386 secs] [Times: user=0.05 sys=0.03, real=0.04 secs] 
2021-06-05T07:00:17.787+0800: 1891769.467: [GC (Allocation Failure) [PSYoungGen: 497290K->15520K(503808K)] 985056K->513356K(1028096K), 0.0404012 secs] [Times: user=0.05 sys=0.04, real=0.04 secs] 
2021-06-05T07:03:41.298+0800: 1891972.977: [GC (Allocation Failure) [PSYoungGen: 498336K->18528K(503296K)] 996172K->525826K(1027584K), 0.0384262 secs] [Times: user=0.05 sys=0.05, real=0.04 secs] 
2021-06-05T07:07:03.571+0800: 1892175.251: [GC (Allocation Failure) [PSYoungGen: 501344K->15776K(503808K)] 1008642K->534606K(1028096K), 0.0366559 secs] [Times: user=0.05 sys=0.04, real=0.04 secs] 
2021-06-05T07:07:03.608+0800: 1892175.288: [Full GC (Ergonomics) [PSYoungGen: 15776K->0K(503808K)] [ParOldGen: 518830K->311936K(524288K)] 534606K->311936K(1028096K), [Metaspace: 96403K->96399K(1138688K)], 0.6451328 secs] [Times: user=1.16 sys=0.00, real=0.65 secs] 
2021-06-05T07:10:25.508+0800: 1892377.188: [GC (Allocation Failure) [PSYoungGen: 482816K->19296K(502272K)] 794752K->331232K(1026560K), 0.0324657 secs] [Times: user=0.04 sys=0.04, real=0.03 secs] 
2021-06-05T07:13:50.616+0800: 1892582.296: [GC (Allocation Failure) [PSYoungGen: 502112K->16096K(503296K)] 814048K->341258K(1027584K), 0.0325504 secs] [Times: user=0.04 sys=0.05, real=0.03 secs] 
2021-06-05T07:17:15.439+0800: 1892787.118: [GC (Allocation Failure) [PSYoungGen: 497888K->17280K(502784K)] 823050K->352784K(1027072K), 0.0437027 secs] [Times: user=0.05 sys=0.05, real=0.05 secs] 
2021-06-05T07:20:39.746+0800: 1892991.426: [GC (Allocation Failure) [PSYoungGen: 499072K->16064K(503808K)] 834576K->362351K(1028096K), 0.0315831 secs] [Times: user=0.04 sys=0.04, real=0.03 secs] 
2021-06-05T07:24:04.626+0800: 1893196.305: [GC (Allocation Failure) [PSYoungGen: 498880K->17184K(503296K)] 845167K->374525K(1027584K), 0.0311470 secs] [Times: user=0.04 sys=0.03, real=0.03 secs] 
2021-06-05T07:27:25.310+0800: 1893396.989: [GC (Allocation Failure) [PSYoungGen: 500000K->19616K(502784K)] 857341K->387436K(1027072K), 0.0356551 secs] [Times: user=0.05 sys=0.04, real=0.04 secs] 
2021-06-05T07:30:48.897+0800: 1893600.577: [GC (Allocation Failure) [PSYoungGen: 501920K->15776K(503296K)] 869740K->394386K(1027584K), 0.0380075 secs] [Times: user=0.05 sys=0.05, real=0.04 secs] 
2021-06-05T07:34:11.700+0800: 1893803.379: [GC (Allocation Failure) [PSYoungGen: 498080K->19456K(502272K)] 876690K->408961K(1026560K), 0.0416119 secs] [Times: user=0.11 sys=0.00, real=0.04 secs] 
2021-06-05T07:37:36.193+0800: 1894007.872: [GC (Allocation Failure) [PSYoungGen: 500736K->16672K(502784K)] 890241K->418583K(1027072K), 0.0365220 secs] [Times: user=0.05 sys=0.05, real=0.03 secs] 
2021-06-05T07:40:57.630+0800: 1894209.309: [GC (Allocation Failure) [PSYoungGen: 497952K->16608K(503296K)] 899863K->429572K(1027584K), 0.0364010 secs] [Times: user=0.05 sys=0.05, real=0.04 secs] 
2021-06-05T07:44:20.807+0800: 1894412.487: [GC (Allocation Failure) [PSYoungGen: 498912K->16160K(503296K)] 911876K->440562K(1027584K), 0.0350374 secs] [Times: user=0.05 sys=0.05, real=0.04 secs] 
2021-06-05T07:47:42.948+0800: 1894614.628: [GC (Allocation Failure) [PSYoungGen: 498464K->17920K(503808K)] 922866K->452329K(1028096K), 0.0355147 secs] [Times: user=0.05 sys=0.05, real=0.04 secs] 
2021-06-05T07:51:06.812+0800: 1894818.491: [GC (Allocation Failure) [PSYoungGen: 501248K->17568K(503808K)] 935657K->463261K(1028096K), 0.0340842 secs] [Times: user=0.05 sys=0.05, real=0.04 secs] 
2021-06-05T07:54:32.055+0800: 1895023.734: [GC (Allocation Failure) [PSYoungGen: 500896K->15616K(503808K)] 946589K->471178K(1028096K), 0.0346329 secs] [Times: user=0.05 sys=0.05, real=0.03 secs] 
2021-06-05T07:57:56.854+0800: 1895228.534: [GC (Allocation Failure) [PSYoungGen: 498944K->17504K(503808K)] 954506K->484248K(1028096K), 0.0340358 secs] [Times: user=0.04 sys=0.05, real=0.03 secs] 
2021-06-05T08:01:19.103+0800: 1895430.782: [GC (Allocation Failure) [PSYoungGen: 500832K->18688K(503808K)] 967576K->497950K(1028096K), 0.0383077 secs] [Times: user=0.06 sys=0.05, real=0.03 secs] 
2021-06-05T08:04:44.987+0800: 1895636.667: [GC (Allocation Failure) [PSYoungGen: 502016K->15200K(503808K)] 981278K->507012K(1028096K), 0.0911628 secs] [Times: user=0.05 sys=0.06, real=0.09 secs] 
2021-06-05T08:08:09.692+0800: 1895841.372: [GC (Allocation Failure) [PSYoungGen: 498528K->17056K(503808K)] 990340K->519402K(1028096K), 0.0354686 secs] [Times: user=0.04 sys=0.05, real=0.03 secs] 
2021-06-05T08:11:34.146+0800: 1896045.826: [GC (Allocation Failure) [PSYoungGen: 500384K->15200K(503808K)] 1002730K->528144K(1028096K), 0.0345510 secs] [Times: user=0.04 sys=0.04, real=0.03 secs] 
2021-06-05T08:11:34.182+0800: 1896045.861: [Full GC (Ergonomics) [PSYoungGen: 15200K->0K(503808K)] [ParOldGen: 512944K->308986K(524288K)] 528144K->308986K(1028096K), [Metaspace: 96403K->96403K(1138688K)], 0.4966991 secs] [Times: user=1.03 sys=0.00, real=0.50 secs] 
2021-06-05T08:14:58.572+0800: 1896250.252: [GC (Allocation Failure) [PSYoungGen: 483328K->16256K(504320K)] 792314K->325242K(1028608K), 0.0280553 secs] [Times: user=0.04 sys=0.04, real=0.03 secs] 
2021-06-05T08:18:22.664+0800: 1896454.344: [GC (Allocation Failure) [PSYoungGen: 500096K->17984K(503808K)] 809082K->339334K(1028096K), 0.0285831 secs] [Times: user=0.04 sys=0.04, real=0.03 secs] 
2021-06-05T08:21:45.398+0800: 1896657.077: [GC (Allocation Failure) [PSYoungGen: 501824K->15296K(504320K)] 823174K->348203K(1028608K), 0.0631754 secs] [Times: user=0.04 sys=0.05, real=0.06 secs] 
2021-06-05T08:25:08.845+0800: 1896860.524: [GC (Allocation Failure) [PSYoungGen: 499136K->17824K(503808K)] 832043K->360802K(1028096K), 0.0317679 secs] [Times: user=0.04 sys=0.04, real=0.03 secs] 
2021-06-05T08:28:34.984+0800: 1897066.664: [GC (Allocation Failure) [PSYoungGen: 501664K->15552K(504320K)] 844642K->369073K(1028608K), 0.0316359 secs] [Times: user=0.04 sys=0.04, real=0.03 secs] 
2021-06-05T08:32:01.939+0800: 1897273.619: [GC (Allocation Failure) [PSYoungGen: 499392K->14080K(503808K)] 852913K->376870K(1028096K), 0.0359121 secs] [Times: user=0.04 sys=0.05, real=0.04 secs] 
2021-06-05T08:35:25.557+0800: 1897477.237: [GC (Allocation Failure) [PSYoungGen: 497920K->16096K(504320K)] 860710K->388378K(1028608K), 0.0364878 secs] [Times: user=0.04 sys=0.04, real=0.04 secs] 
2021-06-05T08:38:49.011+0800: 1897680.691: [GC (Allocation Failure) [PSYoungGen: 499932K->15360K(503808K)] 872215K->398303K(1028096K), 0.0259388 secs] [Times: user=0.03 sys=0.04, real=0.03 secs] 
2021-06-05T08:42:13.300+0800: 1897884.980: [GC (Allocation Failure) [PSYoungGen: 499200K->16576K(504832K)] 882143K->410269K(1029120K), 0.0300355 secs] [Times: user=0.04 sys=0.05, real=0.03 secs] 
2021-06-05T08:45:34.286+0800: 1898085.965: [GC (Allocation Failure) [PSYoungGen: 501440K->16832K(504320K)] 895133K->422219K(1028608K), 0.0317001 secs] [Times: user=0.04 sys=0.04, real=0.03 secs] 
2021-06-05T08:48:58.862+0800: 1898290.541: [GC (Allocation Failure) [PSYoungGen: 501696K->17344K(504832K)] 907083K->433257K(1029120K), 0.0312670 secs] [Times: user=0.04 sys=0.04, real=0.04 secs] 
2021-06-05T08:52:23.799+0800: 1898495.478: [GC (Allocation Failure) [PSYoungGen: 502720K->18560K(504320K)] 918633K->446214K(1028608K), 0.0645287 secs] [Times: user=0.04 sys=0.04, real=0.07 secs] 
2021-06-05T08:55:49.808+0800: 1898701.487: [GC (Allocation Failure) [PSYoungGen: 503897K->14048K(504320K)] 931551K->454729K(1028608K), 0.0227465 secs] [Times: user=0.03 sys=0.04, real=0.02 secs] 
2021-06-05T08:59:15.040+0800: 1898906.719: [GC (Allocation Failure) [PSYoungGen: 498400K->16608K(504320K)] 939081K->466326K(1028608K), 0.0285792 secs] [Times: user=0.04 sys=0.04, real=0.03 secs] 
2021-06-05T09:02:39.887+0800: 1899111.566: [GC (Allocation Failure) [PSYoungGen: 500960K->16544K(504832K)] 950678K->476812K(1029120K), 0.0324009 secs] [Times: user=0.04 sys=0.04, real=0.03 secs] 
2021-06-05T09:06:06.549+0800: 1899318.228: [GC (Allocation Failure) [PSYoungGen: 501408K->15616K(504320K)] 961676K->486817K(1028608K), 0.0728533 secs] [Times: user=0.04 sys=0.03, real=0.07 secs] 
2021-06-05T09:09:33.152+0800: 1899524.831: [GC (Allocation Failure) [PSYoungGen: 500480K->16320K(504832K)] 971681K->497237K(1029120K), 0.0267542 secs] [Times: user=0.04 sys=0.04, real=0.03 secs] 
2021-06-05T09:12:58.024+0800: 1899729.704: [GC (Allocation Failure) [PSYoungGen: 501696K->16288K(504832K)] 982613K->508393K(1029120K), 0.0283395 secs] [Times: user=0.04 sys=0.04, real=0.03 secs] 
2021-06-05T09:16:20.899+0800: 1899932.579: [GC (Allocation Failure) [PSYoungGen: 501664K->17184K(505344K)] 993769K->520087K(1029632K), 0.0314319 secs] [Times: user=0.05 sys=0.04, real=0.03 secs] 
2021-06-05T09:19:46.957+0800: 1900138.637: [GC (Allocation Failure) [PSYoungGen: 503584K->17632K(504320K)] 1006487K->532246K(1028608K), 0.0339032 secs] [Times: user=0.05 sys=0.04, real=0.03 secs] 
2021-06-05T09:19:46.992+0800: 1900138.672: [Full GC (Ergonomics) [PSYoungGen: 17632K->0K(504320K)] [ParOldGen: 514614K->310882K(524288K)] 532246K->310882K(1028608K), [Metaspace: 96403K->96403K(1138688K)], 0.4859281 secs] [Times: user=0.56 sys=0.53, real=0.49 secs] 
2021-06-05T09:23:10.815+0800: 1900342.494: [GC (Allocation Failure) [PSYoungGen: 486400K->17248K(504832K)] 797282K->328130K(1029120K), 0.0264835 secs] [Times: user=0.03 sys=0.04, real=0.02 secs] 
2021-06-05T09:26:35.906+0800: 1900547.586: [GC (Allocation Failure) [PSYoungGen: 502624K->17312K(504832K)] 813506K->340246K(1029120K), 0.0293532 secs] [Times: user=0.04 sys=0.04, real=0.03 secs] 
2021-06-05T09:30:01.048+0800: 1900752.727: [GC (Allocation Failure) [PSYoungGen: 502688K->17408K(504832K)] 825622K->351282K(1029120K), 0.0345191 secs] [Times: user=0.04 sys=0.05, real=0.04 secs] 
2021-06-05T09:33:22.069+0800: 1900953.749: [GC (Allocation Failure) [PSYoungGen: 502784K->16608K(504832K)] 836658K->359585K(1029120K), 0.0716425 secs] [Times: user=0.05 sys=0.04, real=0.07 secs] 
2021-06-05T09:36:47.252+0800: 1901158.932: [GC (Allocation Failure) [PSYoungGen: 501984K->18240K(504320K)] 844961K->371088K(1028608K), 0.0555795 secs] [Times: user=0.04 sys=0.04, real=0.06 secs] 
2021-06-05T09:40:12.467+0800: 1901364.147: [GC (Allocation Failure) [PSYoungGen: 503616K->19104K(504832K)] 856464K->382670K(1029120K), 0.0299483 secs] [Times: user=0.04 sys=0.03, real=0.03 secs] 
2021-06-05T09:43:36.523+0800: 1901568.203: [GC (Allocation Failure) [PSYoungGen: 504480K->16480K(503808K)] 868046K->391779K(1028096K), 0.0358566 secs] [Times: user=0.04 sys=0.05, real=0.03 secs] 
2021-06-05T09:47:02.352+0800: 1901774.032: [GC (Allocation Failure) [PSYoungGen: 500832K->16192K(504320K)] 876131K->401050K(1028608K), 0.0625900 secs] [Times: user=0.04 sys=0.04, real=0.06 secs] 
2021-06-05T09:50:25.337+0800: 1901977.016: [GC (Allocation Failure) [PSYoungGen: 500544K->16928K(504832K)] 885402K->411782K(1029120K), 0.0296286 secs] [Times: user=0.04 sys=0.04, real=0.03 secs] 
2021-06-05T09:53:48.834+0800: 1902180.514: [GC (Allocation Failure) [PSYoungGen: 501792K->15552K(504320K)] 896646K->420547K(1028608K), 0.0298726 secs] [Times: user=0.04 sys=0.04, real=0.03 secs] 
2021-06-05T09:57:13.184+0800: 1902384.863: [GC (Allocation Failure) [PSYoungGen: 500416K->14656K(504832K)] 905411K->430143K(1029120K), 0.0360627 secs] [Times: user=0.05 sys=0.05, real=0.03 secs] 
2021-06-05T10:00:37.255+0800: 1902588.934: [GC (Allocation Failure) [PSYoungGen: 500032K->16544K(504832K)] 915519K->440733K(1029120K), 0.0266645 secs] [Times: user=0.04 sys=0.03, real=0.02 secs] 
2021-06-05T10:03:59.834+0800: 1902791.514: [GC (Allocation Failure) [PSYoungGen: 501920K->19424K(495616K)] 926109K->454460K(1019904K), 0.0448238 secs] [Times: user=0.11 sys=0.00, real=0.04 secs] 
2021-06-05T10:07:20.379+0800: 1902992.058: [GC (Allocation Failure) [PSYoungGen: 495584K->16416K(500224K)] 930620K->463881K(1024512K), 0.0299188 secs] [Times: user=0.04 sys=0.04, real=0.03 secs] 
2021-06-05T10:10:42.621+0800: 1903194.301: [GC (Allocation Failure) [PSYoungGen: 492576K->15136K(500736K)] 940041K->473428K(1025024K), 0.0320411 secs] [Times: user=0.04 sys=0.04, real=0.04 secs] 
2021-06-05T10:14:05.960+0800: 1903397.640: [GC (Allocation Failure) [PSYoungGen: 491808K->15104K(500224K)] 950100K->482051K(1024512K), 0.0262446 secs] [Times: user=0.04 sys=0.04, real=0.03 secs] 
2021-06-05T10:17:26.193+0800: 1903597.873: [GC (Allocation Failure) [PSYoungGen: 491776K->14624K(500736K)] 958723K->492352K(1025024K), 0.0315265 secs] [Times: user=0.03 sys=0.05, real=0.03 secs] 
2021-06-05T10:20:47.530+0800: 1903799.210: [GC (Allocation Failure) [PSYoungGen: 491808K->15648K(500736K)] 969536K->502940K(1025024K), 0.0335836 secs] [Times: user=0.05 sys=0.05, real=0.04 secs] 
2021-06-05T10:24:08.702+0800: 1904000.382: [GC (Allocation Failure) [PSYoungGen: 492832K->15424K(501760K)] 980124K->513281K(1026048K), 0.0263693 secs] [Times: user=0.04 sys=0.04, real=0.03 secs] 
2021-06-05T10:27:33.370+0800: 1904205.050: [GC (Allocation Failure) [PSYoungGen: 494144K->15776K(501248K)] 992001K->524246K(1025536K), 0.0420296 secs] [Times: user=0.03 sys=0.03, real=0.05 secs] 
2021-06-05T10:30:56.996+0800: 1904408.676: [GC (Allocation Failure) [PSYoungGen: 494494K->13952K(502272K)] 1002965K->532147K(1026560K), 0.0306489 secs] [Times: user=0.04 sys=0.04, real=0.03 secs] 
2021-06-05T10:30:57.028+0800: 1904408.707: [Full GC (Ergonomics) [PSYoungGen: 13952K->0K(502272K)] [ParOldGen: 518195K->309357K(524288K)] 532147K->309357K(1026560K), [Metaspace: 96403K->96403K(1138688K)], 0.4975864 secs] [Times: user=1.06 sys=0.00, real=0.50 secs] 
2021-06-05T10:34:18.337+0800: 1904610.016: [GC (Allocation Failure) [PSYoungGen: 479744K->16640K(501760K)] 789101K->325997K(1026048K), 0.0565693 secs] [Times: user=0.03 sys=0.03, real=0.06 secs] 
2021-06-05T10:37:41.079+0800: 1904812.759: [GC (Allocation Failure) [PSYoungGen: 496384K->17120K(502784K)] 805741K->337725K(1027072K), 0.0282825 secs] [Times: user=0.04 sys=0.04, real=0.03 secs] 
2021-06-05T10:41:03.481+0800: 1905015.161: [GC (Allocation Failure) [PSYoungGen: 498400K->17792K(502784K)] 819005K->350050K(1027072K), 0.0313096 secs] [Times: user=0.04 sys=0.04, real=0.04 secs] 
2021-06-05T10:44:29.010+0800: 1905220.690: [GC (Allocation Failure) [PSYoungGen: 499072K->14048K(502784K)] 831330K->358045K(1027072K), 0.0233720 secs] [Times: user=0.04 sys=0.04, real=0.03 secs] 
2021-06-05T10:47:54.005+0800: 1905425.685: [GC (Allocation Failure) [PSYoungGen: 495328K->14976K(502784K)] 839325K->369642K(1027072K), 0.0262922 secs] [Times: user=0.03 sys=0.03, real=0.02 secs] 
2021-06-05T10:51:18.688+0800: 1905630.368: [GC (Allocation Failure) [PSYoungGen: 496256K->14400K(503296K)] 850922K->378775K(1027584K), 0.0484692 secs] [Times: user=0.04 sys=0.04, real=0.05 secs] 
2021-06-05T10:54:43.725+0800: 1905835.405: [GC (Allocation Failure) [PSYoungGen: 496704K->15584K(503296K)] 861079K->389757K(1027584K), 0.0586003 secs] [Times: user=0.04 sys=0.04, real=0.06 secs] 
2021-06-05T10:58:09.802+0800: 1906041.482: [GC (Allocation Failure) [PSYoungGen: 497888K->16992K(503808K)] 872061K->400250K(1028096K), 0.0294221 secs] [Times: user=0.04 sys=0.04, real=0.02 secs] 
2021-06-05T11:01:35.056+0800: 1906246.736: [GC (Allocation Failure) [PSYoungGen: 500320K->15840K(503808K)] 883578K->409655K(1028096K), 0.0269504 secs] [Times: user=0.04 sys=0.04, real=0.03 secs] 
2021-06-05T11:05:00.301+0800: 1906451.980: [GC (Allocation Failure) [PSYoungGen: 499168K->15232K(504320K)] 892983K->419954K(1028608K), 0.0263821 secs] [Times: user=0.04 sys=0.03, real=0.03 secs] 
2021-06-05T11:08:22.040+0800: 1906653.720: [GC (Allocation Failure) [PSYoungGen: 499584K->15232K(504320K)] 904306K->428904K(1028608K), 0.0242566 secs] [Times: user=0.03 sys=0.04, real=0.03 secs] 
2021-06-05T11:11:45.463+0800: 1906857.143: [GC (Allocation Failure) [PSYoungGen: 499584K->14400K(504832K)] 913256K->438795K(1029120K), 0.0249494 secs] [Times: user=0.03 sys=0.03, real=0.02 secs] 
2021-06-05T11:15:09.565+0800: 1907061.245: [GC (Allocation Failure) [PSYoungGen: 499264K->16096K(504320K)] 923659K->449601K(1028608K), 0.0264323 secs] [Times: user=0.04 sys=0.04, real=0.02 secs] 
2021-06-05T11:18:34.287+0800: 1907265.966: [GC (Allocation Failure) [PSYoungGen: 500960K->17120K(504832K)] 934465K->461701K(1029120K), 0.0259549 secs] [Times: user=0.04 sys=0.03, real=0.03 secs] 
2021-06-05T11:22:00.287+0800: 1907471.966: [GC (Allocation Failure) [PSYoungGen: 502496K->14720K(504832K)] 947077K->471362K(1029120K), 0.0265222 secs] [Times: user=0.04 sys=0.04, real=0.03 secs] 
2021-06-05T11:25:25.255+0800: 1907676.935: [GC (Allocation Failure) [PSYoungGen: 500096K->17664K(503808K)] 956738K->483936K(1028096K), 0.0270378 secs] [Times: user=0.04 sys=0.04, real=0.03 secs] 
2021-06-05T11:28:49.863+0800: 1907881.543: [GC (Allocation Failure) [PSYoungGen: 502016K->15104K(504320K)] 968288K->492916K(1028608K), 0.0246543 secs] [Times: user=0.03 sys=0.04, real=0.02 secs] 
2021-06-05T11:32:12.862+0800: 1908084.541: [GC (Allocation Failure) [PSYoungGen: 499456K->19200K(502784K)] 977268K->508450K(1027072K), 0.0405719 secs] [Times: user=0.06 sys=0.05, real=0.05 secs] 
2021-06-05T11:35:37.012+0800: 1908288.692: [GC (Allocation Failure) [PSYoungGen: 502528K->18720K(502272K)] 991778K->518624K(1026560K), 0.0278155 secs] [Times: user=0.03 sys=0.04, real=0.02 secs] 
2021-06-05T11:39:01.226+0800: 1908492.906: [GC (Allocation Failure) [PSYoungGen: 502048K->17824K(503296K)] 1001952K->529223K(1027584K), 0.0266474 secs] [Times: user=0.04 sys=0.04, real=0.03 secs] 
2021-06-05T11:39:01.253+0800: 1908492.933: [Full GC (Ergonomics) [PSYoungGen: 17824K->0K(503296K)] [ParOldGen: 511399K->310017K(524288K)] 529223K->310017K(1027584K), [Metaspace: 96403K->96403K(1138688K)], 0.4606764 secs] [Times: user=1.02 sys=0.00, real=0.46 secs] 
2021-06-05T11:42:24.676+0800: 1908696.356: [GC (Allocation Failure) [PSYoungGen: 482304K->17280K(503296K)] 792321K->327297K(1027584K), 0.0682388 secs] [Times: user=0.03 sys=0.03, real=0.07 secs] 
2021-06-05T11:45:46.134+0800: 1908897.814: [GC (Allocation Failure) [PSYoungGen: 499584K->18016K(503296K)] 809601K->341461K(1027584K), 0.0282344 secs] [Times: user=0.04 sys=0.04, real=0.03 secs] 
2021-06-05T11:49:12.442+0800: 1909104.122: [GC (Allocation Failure) [PSYoungGen: 500320K->12288K(495104K)] 823765K->346832K(1019392K), 0.0291255 secs] [Times: user=0.03 sys=0.03, real=0.02 secs] 
2021-06-05T11:52:33.258+0800: 1909304.937: [GC (Allocation Failure) [PSYoungGen: 494592K->18912K(501760K)] 829136K->361310K(1026048K), 0.0286172 secs] [Times: user=0.04 sys=0.04, real=0.03 secs] 
2021-06-05T11:55:57.199+0800: 1909508.879: [GC (Allocation Failure) [PSYoungGen: 499168K->16576K(502272K)] 841566K->369827K(1026560K), 0.0365936 secs] [Times: user=0.04 sys=0.05, real=0.04 secs] 
2021-06-05T11:59:18.251+0800: 1909709.930: [GC (Allocation Failure) [PSYoungGen: 496832K->16896K(503296K)] 850083K->380736K(1027584K), 0.0321414 secs] [Times: user=0.03 sys=0.04, real=0.04 secs] 
2021-06-05T12:02:43.295+0800: 1909914.974: [GC (Allocation Failure) [PSYoungGen: 498688K->16608K(502784K)] 862528K->390175K(1027072K), 0.0356382 secs] [Times: user=0.05 sys=0.05, real=0.03 secs] 
2021-06-05T12:06:04.454+0800: 1910116.134: [GC (Allocation Failure) [PSYoungGen: 498400K->16576K(503808K)] 871967K->400132K(1028096K), 0.0410599 secs] [Times: user=0.06 sys=0.05, real=0.04 secs] 
2021-06-05T12:09:29.308+0800: 1910320.987: [GC (Allocation Failure) [PSYoungGen: 499904K->16576K(503808K)] 883460K->410370K(1028096K), 0.0296517 secs] [Times: user=0.04 sys=0.04, real=0.03 secs] 
2021-06-05T12:12:53.785+0800: 1910525.464: [GC (Allocation Failure) [PSYoungGen: 499904K->17728K(504320K)] 893698K->421959K(1028608K), 0.0380465 secs] [Times: user=0.05 sys=0.05, real=0.04 secs] 
2021-06-05T12:16:18.582+0800: 1910730.262: [GC (Allocation Failure) [PSYoungGen: 502080K->16928K(504320K)] 906311K->431092K(1028608K), 0.0308121 secs] [Times: user=0.04 sys=0.04, real=0.04 secs] 
2021-06-05T12:19:41.905+0800: 1910933.584: [GC (Allocation Failure) [PSYoungGen: 501280K->17312K(504832K)] 915444K->442393K(1029120K), 0.0300753 secs] [Times: user=0.05 sys=0.04, real=0.03 secs] 
2021-06-05T12:23:08.019+0800: 1911139.699: [GC (Allocation Failure) [PSYoungGen: 502176K->16608K(504320K)] 927257K->452788K(1028608K), 0.0303625 secs] [Times: user=0.04 sys=0.04, real=0.03 secs] 
2021-06-05T12:26:33.556+0800: 1911345.235: [GC (Allocation Failure) [PSYoungGen: 501472K->16256K(504832K)] 937652K->462258K(1029120K), 0.0275611 secs] [Times: user=0.07 sys=0.00, real=0.03 secs] 
2021-06-05T12:29:58.941+0800: 1911550.621: [GC (Allocation Failure) [PSYoungGen: 501632K->15808K(504832K)] 947634K->472352K(1029120K), 0.0264486 secs] [Times: user=0.03 sys=0.04, real=0.03 secs] 
2021-06-05T12:33:23.067+0800: 1911754.747: [GC (Allocation Failure) [PSYoungGen: 501184K->17888K(504832K)] 957728K->485229K(1029120K), 0.0298666 secs] [Times: user=0.04 sys=0.04, real=0.03 secs] 
2021-06-05T12:36:46.671+0800: 1911958.351: [GC (Allocation Failure) [PSYoungGen: 503264K->18528K(504320K)] 970605K->496314K(1028608K), 0.0296647 secs] [Times: user=0.04 sys=0.03, real=0.03 secs] 
2021-06-05T12:40:08.927+0800: 1912160.606: [GC (Allocation Failure) [PSYoungGen: 503904K->16768K(504832K)] 981690K->505224K(1029120K), 0.0330922 secs] [Times: user=0.04 sys=0.04, real=0.03 secs] 
2021-06-05T12:43:33.518+0800: 1912365.198: [GC (Allocation Failure) [PSYoungGen: 501632K->16384K(504320K)] 990088K->515861K(1028608K), 0.0282543 secs] [Times: user=0.04 sys=0.04, real=0.03 secs] 
2021-06-05T12:46:57.087+0800: 1912568.767: [GC (Allocation Failure) [PSYoungGen: 501248K->18912K(503808K)] 1000725K->528851K(1028096K), 0.0368100 secs] [Times: user=0.05 sys=0.04, real=0.04 secs] 
2021-06-05T12:50:22.327+0800: 1912774.007: [GC (Allocation Failure) [PSYoungGen: 503264K->15712K(504320K)] 1013203K->537167K(1028608K), 0.0321660 secs] [Times: user=0.05 sys=0.04, real=0.03 secs] 
2021-06-05T12:50:22.360+0800: 1912774.039: [Full GC (Ergonomics) [PSYoungGen: 15712K->0K(504320K)] [ParOldGen: 521455K->316034K(524288K)] 537167K->316034K(1028608K), [Metaspace: 96403K->96403K(1138688K)], 0.4941046 secs] [Times: user=0.58 sys=0.54, real=0.50 secs] 
2021-06-05T12:53:45.352+0800: 1912977.032: [GC (Allocation Failure) [PSYoungGen: 484352K->15456K(504320K)] 800386K->331490K(1028608K), 0.0248256 secs] [Times: user=0.03 sys=0.03, real=0.03 secs] 
2021-06-05T12:57:06.796+0800: 1913178.476: [GC (Allocation Failure) [PSYoungGen: 499808K->15722K(504320K)] 815842K->342718K(1028608K), 0.0726411 secs] [Times: user=0.04 sys=0.04, real=0.07 secs] 
2021-06-05T13:00:33.642+0800: 1913385.322: [GC (Allocation Failure) [PSYoungGen: 500074K->17344K(504320K)] 827070K->354603K(1028608K), 0.0346430 secs] [Times: user=0.03 sys=0.04, real=0.04 secs] 
2021-06-05T13:03:57.671+0800: 1913589.350: [GC (Allocation Failure) [PSYoungGen: 501696K->16320K(504320K)] 838955K->363520K(1028608K), 0.0312112 secs] [Times: user=0.04 sys=0.04, real=0.04 secs] 
2021-06-05T13:07:19.938+0800: 1913791.617: [GC (Allocation Failure) [PSYoungGen: 500672K->16160K(504832K)] 847872K->373285K(1029120K), 0.0261736 secs] [Times: user=0.03 sys=0.04, real=0.03 secs] 
2021-06-05T13:10:45.575+0800: 1913997.255: [GC (Allocation Failure) [PSYoungGen: 501536K->15392K(504832K)] 858661K->382960K(1029120K), 0.0274172 secs] [Times: user=0.07 sys=0.00, real=0.03 secs] 
2021-06-05T13:14:10.711+0800: 1914202.391: [GC (Allocation Failure) [PSYoungGen: 500768K->15168K(504832K)] 868336K->393717K(1029120K), 0.0271918 secs] [Times: user=0.04 sys=0.04, real=0.03 secs] 
2021-06-05T13:17:39.538+0800: 1914411.218: [GC (Allocation Failure) [PSYoungGen: 500544K->15520K(504832K)] 879093K->404370K(1029120K), 0.0275963 secs] [Times: user=0.03 sys=0.04, real=0.03 secs] 
2021-06-05T13:21:04.580+0800: 1914616.260: [GC (Allocation Failure) [PSYoungGen: 500896K->18624K(503808K)] 889746K->418336K(1028096K), 0.0333907 secs] [Times: user=0.05 sys=0.04, real=0.04 secs] 
2021-06-05T13:24:28.496+0800: 1914820.176: [GC (Allocation Failure) [PSYoungGen: 502976K->18112K(504320K)] 902688K->429934K(1028608K), 0.0361226 secs] [Times: user=0.05 sys=0.05, real=0.04 secs] 
2021-06-05T13:27:53.612+0800: 1915025.292: [GC (Allocation Failure) [PSYoungGen: 502464K->16480K(504320K)] 914286K->438580K(1028608K), 0.0275982 secs] [Times: user=0.04 sys=0.03, real=0.02 secs] 
2021-06-05T13:31:20.430+0800: 1915232.109: [GC (Allocation Failure) [PSYoungGen: 500832K->15072K(504320K)] 922932K->447896K(1028608K), 0.0263125 secs] [Times: user=0.03 sys=0.04, real=0.03 secs] 
2021-06-05T13:34:42.694+0800: 1915434.374: [GC (Allocation Failure) [PSYoungGen: 499424K->15840K(504832K)] 932248K->458333K(1029120K), 0.0319530 secs] [Times: user=0.05 sys=0.04, real=0.03 secs] 
2021-06-05T13:38:10.488+0800: 1915642.167: [GC (Allocation Failure) [PSYoungGen: 500704K->15072K(504320K)] 943197K->467058K(1028608K), 0.0261651 secs] [Times: user=0.04 sys=0.03, real=0.03 secs] 
2021-06-05T13:41:36.944+0800: 1915848.624: [GC (Allocation Failure) [PSYoungGen: 499936K->15808K(504832K)] 951922K->478358K(1029120K), 0.0275017 secs] [Times: user=0.04 sys=0.04, real=0.02 secs] 
2021-06-05T13:45:02.539+0800: 1916054.219: [GC (Allocation Failure) [PSYoungGen: 501184K->15488K(504832K)] 963734K->488812K(1029120K), 0.0264340 secs] [Times: user=0.04 sys=0.04, real=0.03 secs] 
2021-06-05T13:48:27.792+0800: 1916259.472: [GC (Allocation Failure) [PSYoungGen: 500864K->15072K(505344K)] 974188K->498064K(1029632K), 0.0812928 secs] [Times: user=0.05 sys=0.05, real=0.09 secs] 
2021-06-05T13:51:52.312+0800: 1916463.992: [GC (Allocation Failure) [PSYoungGen: 501472K->15744K(505344K)] 984464K->508493K(1029632K), 0.0581983 secs] [Times: user=0.05 sys=0.04, real=0.06 secs] 
2021-06-05T13:55:18.476+0800: 1916670.156: [GC (Allocation Failure) [PSYoungGen: 502144K->16160K(505856K)] 994893K->519354K(1030144K), 0.0331085 secs] [Times: user=0.05 sys=0.04, real=0.03 secs] 
2021-06-05T13:58:46.492+0800: 1916878.172: [GC (Allocation Failure) [PSYoungGen: 503072K->17024K(505344K)] 1006266K->531032K(1029632K), 0.0364421 secs] [Times: user=0.05 sys=0.05, real=0.03 secs] 
2021-06-05T13:58:46.529+0800: 1916878.209: [Full GC (Ergonomics) [PSYoungGen: 17024K->0K(505344K)] [ParOldGen: 514008K->305064K(524288K)] 531032K->305064K(1029632K), [Metaspace: 96403K->96403K(1138688K)], 0.4871926 secs] [Times: user=0.56 sys=0.51, real=0.49 secs] 
2021-06-05T14:02:14.581+0800: 1917086.260: [GC (Allocation Failure) [PSYoungGen: 486912K->17376K(505344K)] 791976K->322440K(1029632K), 0.0327235 secs] [Times: user=0.09 sys=0.00, real=0.04 secs] 
2021-06-05T14:05:40.501+0800: 1917292.180: [GC (Allocation Failure) [PSYoungGen: 503776K->12800K(499712K)] 808840K->330738K(1024000K), 0.0291423 secs] [Times: user=0.08 sys=0.00, real=0.03 secs] 
2021-06-05T14:09:04.781+0800: 1917496.461: [GC (Allocation Failure) [PSYoungGen: 499200K->15840K(505344K)] 817138K->342704K(1029632K), 0.0328456 secs] [Times: user=0.05 sys=0.04, real=0.04 secs] 
2021-06-05T14:12:28.251+0800: 1917699.931: [GC (Allocation Failure) [PSYoungGen: 501728K->14432K(504832K)] 828592K->352516K(1029120K), 0.0645653 secs] [Times: user=0.04 sys=0.05, real=0.07 secs] 
2021-06-05T14:15:55.033+0800: 1917906.712: [GC (Allocation Failure) [PSYoungGen: 500320K->14976K(505344K)] 838404K->361337K(1029632K), 0.0749349 secs] [Times: user=0.10 sys=0.09, real=0.07 secs] 
2021-06-05T14:19:19.007+0800: 1918110.687: [GC (Allocation Failure) [PSYoungGen: 501376K->14656K(505344K)] 847737K->370773K(1029632K), 0.0282257 secs] [Times: user=0.05 sys=0.05, real=0.03 secs] 
2021-06-05T14:22:43.931+0800: 1918315.611: [GC (Allocation Failure) [PSYoungGen: 501056K->16864K(505344K)] 857173K->382874K(1029632K), 0.0335010 secs] [Times: user=0.05 sys=0.05, real=0.04 secs] 
2021-06-05T14:26:11.410+0800: 1918523.089: [GC (Allocation Failure) [PSYoungGen: 503264K->12832K(505344K)] 869274K->390613K(1029632K), 0.0326849 secs] [Times: user=0.04 sys=0.04, real=0.04 secs] 
2021-06-05T14:29:37.516+0800: 1918729.195: [GC (Allocation Failure) [PSYoungGen: 499232K->15552K(505344K)] 877013K->402371K(1029632K), 0.0383678 secs] [Times: user=0.05 sys=0.05, real=0.04 secs] 
2021-06-05T14:33:03.595+0800: 1918935.275: [GC (Allocation Failure) [PSYoungGen: 501952K->17280K(505344K)] 888771K->414432K(1029632K), 0.0477652 secs] [Times: user=0.04 sys=0.04, real=0.05 secs] 
2021-06-05T14:36:30.441+0800: 1919142.120: [GC (Allocation Failure) [PSYoungGen: 503680K->14752K(505344K)] 900832K->424090K(1029632K), 0.0342392 secs] [Times: user=0.04 sys=0.05, real=0.04 secs] 
2021-06-05T14:39:53.014+0800: 1919344.693: [GC (Allocation Failure) [PSYoungGen: 501152K->16640K(505344K)] 910490K->434943K(1029632K), 0.0360242 secs] [Times: user=0.05 sys=0.04, real=0.03 secs] 
2021-06-05T14:43:18.255+0800: 1919549.934: [GC (Allocation Failure) [PSYoungGen: 503040K->14720K(505344K)] 921343K->443396K(1029632K), 0.0528016 secs] [Times: user=0.04 sys=0.04, real=0.05 secs] 
2021-06-05T14:46:42.386+0800: 1919754.066: [GC (Allocation Failure) [PSYoungGen: 501120K->17184K(503808K)] 929796K->456634K(1028096K), 0.0352977 secs] [Times: user=0.04 sys=0.05, real=0.03 secs] 
2021-06-05T14:50:08.663+0800: 1919960.343: [GC (Allocation Failure) [PSYoungGen: 503584K->13984K(505344K)] 943034K->463677K(1029632K), 0.0244822 secs] [Times: user=0.04 sys=0.03, real=0.02 secs] 
2021-06-05T14:53:33.769+0800: 1920165.449: [GC (Allocation Failure) [PSYoungGen: 499872K->17664K(504832K)] 949565K->477274K(1029120K), 0.0296264 secs] [Times: user=0.04 sys=0.04, real=0.03 secs] 
2021-06-05T14:56:59.546+0800: 1920371.226: [GC (Allocation Failure) [PSYoungGen: 503552K->14784K(504832K)] 963162K->485326K(1029120K), 0.0261012 secs] [Times: user=0.04 sys=0.04, real=0.03 secs] 
2021-06-05T15:00:25.669+0800: 1920577.348: [GC (Allocation Failure) [PSYoungGen: 500160K->17696K(503296K)] 970702K->498237K(1027584K), 0.0308504 secs] [Times: user=0.04 sys=0.03, real=0.03 secs] 
2021-06-05T15:03:51.270+0800: 1920782.949: [GC (Allocation Failure) [PSYoungGen: 503072K->16288K(504832K)] 983613K->507634K(1029120K), 0.0294701 secs] [Times: user=0.04 sys=0.04, real=0.03 secs] 
2021-06-05T15:07:19.775+0800: 1920991.455: [GC (Allocation Failure) [PSYoungGen: 501152K->14720K(504320K)] 992498K->516959K(1028608K), 0.0273697 secs] [Times: user=0.08 sys=0.00, real=0.03 secs] 
2021-06-05T15:10:45.484+0800: 1921197.163: [GC (Allocation Failure) [PSYoungGen: 499584K->15168K(504832K)] 1001823K->527205K(1029120K), 0.0272218 secs] [Times: user=0.04 sys=0.04, real=0.02 secs] 
2021-06-05T15:14:10.284+0800: 1921401.964: [GC (Allocation Failure) [PSYoungGen: 500544K->16480K(504832K)] 1012581K->539442K(1029120K), 0.0244424 secs] [Times: user=0.04 sys=0.03, real=0.02 secs] 
2021-06-05T15:14:10.309+0800: 1921401.989: [Full GC (Ergonomics) [PSYoungGen: 16480K->0K(504832K)] [ParOldGen: 522962K->319823K(524288K)] 539442K->319823K(1029120K), [Metaspace: 96403K->96403K(1138688K)], 0.4303750 secs] [Times: user=0.49 sys=0.46, real=0.43 secs] 
2021-06-05T15:17:35.048+0800: 1921606.728: [GC (Allocation Failure) [PSYoungGen: 485376K->15968K(505344K)] 805199K->335791K(1029632K), 0.0267158 secs] [Times: user=0.03 sys=0.03, real=0.03 secs] 
2021-06-05T15:20:59.563+0800: 1921811.243: [GC (Allocation Failure) [PSYoungGen: 502368K->18816K(505344K)] 822191K->350531K(1029632K), 0.0307408 secs] [Times: user=0.08 sys=0.00, real=0.03 secs] 
2021-06-05T15:24:24.851+0800: 1922016.531: [GC (Allocation Failure) [PSYoungGen: 505216K->14176K(503296K)] 836931K->358823K(1027584K), 0.0280555 secs] [Times: user=0.04 sys=0.04, real=0.03 secs] 
2021-06-05T15:27:50.951+0800: 1922222.631: [GC (Allocation Failure) [PSYoungGen: 498528K->13344K(504320K)] 843175K->366819K(1028608K), 0.0267370 secs] [Times: user=0.04 sys=0.04, real=0.03 secs] 
2021-06-05T15:31:15.041+0800: 1922426.721: [GC (Allocation Failure) [PSYoungGen: 497696K->16672K(504320K)] 851171K->379487K(1028608K), 0.0267559 secs] [Times: user=0.04 sys=0.05, real=0.03 secs] 
2021-06-05T15:34:39.650+0800: 1922631.329: [GC (Allocation Failure) [PSYoungGen: 501024K->18848K(503296K)] 863839K->393276K(1027584K), 0.0662918 secs] [Times: user=0.04 sys=0.04, real=0.07 secs] 
2021-06-05T15:38:04.579+0800: 1922836.259: [GC (Allocation Failure) [PSYoungGen: 503192K->11840K(502784K)] 877621K->397662K(1027072K), 0.0267754 secs] [Times: user=0.04 sys=0.04, real=0.03 secs] 
2021-06-05T15:41:28.533+0800: 1923040.213: [GC (Allocation Failure) [PSYoungGen: 494144K->16800K(503296K)] 879966K->409595K(1027584K), 0.0255274 secs] [Times: user=0.04 sys=0.03, real=0.02 secs] 
2021-06-05T15:44:52.015+0800: 1923243.695: [GC (Allocation Failure) [PSYoungGen: 499104K->15552K(503808K)] 891899K->420489K(1028096K), 0.0342353 secs] [Times: user=0.04 sys=0.04, real=0.03 secs] 
2021-06-05T15:48:17.214+0800: 1923448.893: [GC (Allocation Failure) [PSYoungGen: 498368K->14048K(503296K)] 903305K->429604K(1027584K), 0.0334899 secs] [Times: user=0.04 sys=0.06, real=0.03 secs] 
2021-06-05T15:51:39.883+0800: 1923651.563: [GC (Allocation Failure) [PSYoungGen: 496864K->17792K(503296K)] 912420K->442723K(1027584K), 0.0330016 secs] [Times: user=0.05 sys=0.04, real=0.03 secs] 
2021-06-05T15:55:05.039+0800: 1923856.719: [GC (Allocation Failure) [PSYoungGen: 501120K->15328K(503808K)] 926051K->452949K(1028096K), 0.0698535 secs] [Times: user=0.05 sys=0.05, real=0.07 secs] 
2021-06-05T15:58:29.035+0800: 1924060.715: [GC (Allocation Failure) [PSYoungGen: 498656K->18496K(502272K)] 936277K->464932K(1026560K), 0.0357718 secs] [Times: user=0.05 sys=0.05, real=0.03 secs] 
2021-06-05T16:01:54.830+0800: 1924266.510: [GC (Allocation Failure) [PSYoungGen: 500800K->15680K(503296K)] 947236K->473585K(1027584K), 0.0970133 secs] [Times: user=0.05 sys=0.05, real=0.10 secs] 
2021-06-05T16:05:22.116+0800: 1924473.795: [GC (Allocation Failure) [PSYoungGen: 497984K->14944K(504320K)] 955889K->482549K(1028608K), 0.0341769 secs] [Times: user=0.05 sys=0.04, real=0.03 secs] 
2021-06-05T16:08:50.088+0800: 1924681.767: [GC (Allocation Failure) [PSYoungGen: 498784K->15776K(503808K)] 966389K->491929K(1028096K), 0.0347966 secs] [Times: user=0.04 sys=0.04, real=0.04 secs] 
2021-06-05T16:12:11.647+0800: 1924883.327: [GC (Allocation Failure) [PSYoungGen: 499616K->16832K(504320K)] 975769K->503175K(1028608K), 0.0354172 secs] [Times: user=0.05 sys=0.05, real=0.04 secs] 
2021-06-05T16:15:38.603+0800: 1925090.282: [GC (Allocation Failure) [PSYoungGen: 501184K->12384K(504320K)] 987527K->509817K(1028608K), 0.0402001 secs] [Times: user=0.04 sys=0.04, real=0.04 secs] 
2021-06-05T16:19:02.344+0800: 1925294.023: [GC (Allocation Failure) [PSYoungGen: 496736K->16224K(504320K)] 994169K->522517K(1028608K), 0.0314115 secs] [Times: user=0.05 sys=0.04, real=0.03 secs] 
2021-06-05T16:22:29.981+0800: 1925501.660: [GC (Allocation Failure) [PSYoungGen: 500576K->15488K(504320K)] 1006869K->532041K(1028608K), 0.0242120 secs] [Times: user=0.04 sys=0.04, real=0.03 secs] 
2021-06-05T16:22:30.005+0800: 1925501.685: [Full GC (Ergonomics) [PSYoungGen: 15488K->0K(504320K)] [ParOldGen: 516553K->303735K(524288K)] 532041K->303735K(1028608K), [Metaspace: 96403K->96403K(1138688K)], 0.5016915 secs] [Times: user=0.53 sys=0.49, real=0.50 secs] 
2021-06-05T16:25:53.683+0800: 1925705.363: [GC (Allocation Failure) [PSYoungGen: 484352K->15328K(505344K)] 788087K->319063K(1029632K), 0.0255597 secs] [Times: user=0.03 sys=0.03, real=0.02 secs] 
2021-06-05T16:29:19.001+0800: 1925910.681: [GC (Allocation Failure) [PSYoungGen: 501216K->17568K(504832K)] 804951K->332930K(1029120K), 0.0303238 secs] [Times: user=0.04 sys=0.04, real=0.03 secs] 
2021-06-05T16:32:45.966+0800: 1926117.646: [GC (Allocation Failure) [PSYoungGen: 503456K->17088K(504832K)] 818818K->343287K(1029120K), 0.0256461 secs] [Times: user=0.03 sys=0.04, real=0.02 secs] 
2021-06-05T16:36:11.692+0800: 1926323.372: [GC (Allocation Failure) [PSYoungGen: 502464K->17344K(502784K)] 828663K->353669K(1027072K), 0.0288842 secs] [Times: user=0.04 sys=0.04, real=0.02 secs] 
2021-06-05T16:39:36.243+0800: 1926527.923: [GC (Allocation Failure) [PSYoungGen: 502720K->17440K(504320K)] 839045K->365596K(1028608K), 0.0338603 secs] [Times: user=0.04 sys=0.04, real=0.03 secs] 
2021-06-05T16:43:00.716+0800: 1926732.396: [GC (Allocation Failure) [PSYoungGen: 501792K->18784K(503296K)] 849948K->379290K(1027584K), 0.0317321 secs] [Times: user=0.05 sys=0.03, real=0.03 secs] 
2021-06-05T16:46:25.415+0800: 1926937.095: [GC (Allocation Failure) [PSYoungGen: 503136K->15328K(503808K)] 863642K->387342K(1028096K), 0.0286715 secs] [Times: user=0.03 sys=0.03, real=0.03 secs] 
2021-06-05T16:49:49.627+0800: 1927141.307: [GC (Allocation Failure) [PSYoungGen: 498656K->15200K(503808K)] 870670K->397473K(1028096K), 0.0269015 secs] [Times: user=0.04 sys=0.04, real=0.03 secs] 
2021-06-05T16:53:15.515+0800: 1927347.195: [GC (Allocation Failure) [PSYoungGen: 498528K->16128K(504320K)] 880801K->409013K(1028608K), 0.0269192 secs] [Times: user=0.04 sys=0.03, real=0.03 secs] 
2021-06-05T16:56:40.868+0800: 1927552.548: [GC (Allocation Failure) [PSYoungGen: 499968K->16544K(503808K)] 892853K->419658K(1028096K), 0.0441207 secs] [Times: user=0.03 sys=0.04, real=0.05 secs] 
2021-06-05T17:00:07.744+0800: 1927759.423: [GC (Allocation Failure) [PSYoungGen: 500384K->12448K(503808K)] 903498K->426909K(1028096K), 0.0276675 secs] [Times: user=0.04 sys=0.03, real=0.02 secs] 
2021-06-05T17:03:30.358+0800: 1927962.037: [GC (Allocation Failure) [PSYoungGen: 496800K->17760K(502272K)] 911261K->440794K(1026560K), 0.0375245 secs] [Times: user=0.05 sys=0.05, real=0.04 secs] 
2021-06-05T17:06:54.052+0800: 1928165.732: [GC (Allocation Failure) [PSYoungGen: 502112K->16256K(504320K)] 925146K->449726K(1028608K), 0.0278008 secs] [Times: user=0.04 sys=0.04, real=0.03 secs] 
2021-06-05T17:10:18.531+0800: 1928370.211: [GC (Allocation Failure) [PSYoungGen: 500096K->18816K(503808K)] 933566K->463412K(1028096K), 0.0289313 secs] [Times: user=0.04 sys=0.05, real=0.03 secs] 
2021-06-05T17:13:44.731+0800: 1928576.410: [GC (Allocation Failure) [PSYoungGen: 502656K->16640K(503808K)] 947252K->474211K(1028096K), 0.0257283 secs] [Times: user=0.04 sys=0.03, real=0.03 secs] 
2021-06-05T17:17:08.948+0800: 1928780.628: [GC (Allocation Failure) [PSYoungGen: 499968K->14752K(503808K)] 957539K->483113K(1028096K), 0.0281547 secs] [Times: user=0.04 sys=0.04, real=0.03 secs] 
2021-06-05T17:20:36.070+0800: 1928987.750: [GC (Allocation Failure) [PSYoungGen: 498080K->16992K(504320K)] 966441K->494375K(1028608K), 0.0307598 secs] [Times: user=0.04 sys=0.05, real=0.03 secs] 
2021-06-05T17:23:59.622+0800: 1929191.302: [GC (Allocation Failure) [PSYoungGen: 500832K->19296K(503296K)] 978215K->508310K(1027584K), 0.0305005 secs] [Times: user=0.04 sys=0.04, real=0.03 secs] 
2021-06-05T17:27:24.190+0800: 1929395.870: [GC (Allocation Failure) [PSYoungGen: 503136K->13696K(503296K)] 992150K->514842K(1027584K), 0.0255838 secs] [Times: user=0.04 sys=0.03, real=0.03 secs] 
2021-06-05T17:30:49.726+0800: 1929601.405: [GC (Allocation Failure) [PSYoungGen: 496000K->15744K(503296K)] 997146K->526344K(1027584K), 0.0431069 secs] [Times: user=0.12 sys=0.00, real=0.04 secs] 
2021-06-05T17:30:49.769+0800: 1929601.449: [Full GC (Ergonomics) [PSYoungGen: 15744K->0K(503296K)] [ParOldGen: 510600K->312490K(524288K)] 526344K->312490K(1027584K), [Metaspace: 96403K->96399K(1138688K)], 0.6731091 secs] [Times: user=1.34 sys=0.00, real=0.68 secs] 
2021-06-05T17:34:17.342+0800: 1929809.021: [GC (Allocation Failure) [PSYoungGen: 482304K->17888K(502784K)] 794794K->330378K(1027072K), 0.0337878 secs] [Times: user=0.04 sys=0.05, real=0.04 secs] 
2021-06-05T17:37:42.884+0800: 1930014.564: [GC (Allocation Failure) [PSYoungGen: 500192K->15712K(503296K)] 812682K->340815K(1027584K), 0.0308550 secs] [Times: user=0.04 sys=0.04, real=0.03 secs] 
2021-06-05T17:41:08.359+0800: 1930220.038: [GC (Allocation Failure) [PSYoungGen: 498016K->15808K(503808K)] 823119K->352419K(1028096K), 0.0279303 secs] [Times: user=0.04 sys=0.04, real=0.03 secs] 
2021-06-05T17:44:32.682+0800: 1930424.362: [GC (Allocation Failure) [PSYoungGen: 499136K->16960K(503808K)] 835747K->363889K(1028096K), 0.0276661 secs] [Times: user=0.04 sys=0.04, real=0.03 secs] 
2021-06-05T17:47:55.964+0800: 1930627.644: [GC (Allocation Failure) [PSYoungGen: 500288K->15584K(504320K)] 847217K->374509K(1028608K), 0.0281755 secs] [Times: user=0.04 sys=0.04, real=0.03 secs] 
2021-06-05T17:51:20.936+0800: 1930832.616: [GC (Allocation Failure) [PSYoungGen: 499936K->15456K(504320K)] 858861K->385619K(1028608K), 0.0284559 secs] [Times: user=0.04 sys=0.04, real=0.03 secs] 
2021-06-05T17:54:44.236+0800: 1931035.916: [GC (Allocation Failure) [PSYoungGen: 499808K->18880K(502784K)] 869971K->398146K(1027072K), 0.0409327 secs] [Times: user=0.06 sys=0.06, real=0.04 secs] 
2021-06-05T17:58:09.874+0800: 1931241.553: [GC (Allocation Failure) [PSYoungGen: 502208K->16960K(503808K)] 881474K->408255K(1028096K), 0.0396932 secs] [Times: user=0.05 sys=0.05, real=0.04 secs] 
2021-06-05T18:01:34.972+0800: 1931446.651: [GC (Allocation Failure) [PSYoungGen: 500288K->14880K(504320K)] 891583K->417428K(1028608K), 0.0304260 secs] [Times: user=0.04 sys=0.04, real=0.04 secs] 
2021-06-05T18:05:00.085+0800: 1931651.765: [GC (Allocation Failure) [PSYoungGen: 499232K->17184K(504320K)] 901780K->428497K(1028608K), 0.0287964 secs] [Times: user=0.04 sys=0.04, real=0.03 secs] 
2021-06-05T18:08:24.206+0800: 1931855.886: [GC (Allocation Failure) [PSYoungGen: 501536K->18016K(503296K)] 912849K->441856K(1027584K), 0.0302908 secs] [Times: user=0.04 sys=0.04, real=0.03 secs] 
2021-06-05T18:11:45.318+0800: 1932056.997: [GC (Allocation Failure) [PSYoungGen: 501344K->17984K(503808K)] 925184K->453286K(1028096K), 0.0321005 secs] [Times: user=0.08 sys=0.00, real=0.03 secs] 
2021-06-05T18:15:09.998+0800: 1932261.678: [GC (Allocation Failure) [PSYoungGen: 501312K->16800K(504320K)] 936614K->462636K(1028608K), 0.0315059 secs] [Times: user=0.04 sys=0.04, real=0.03 secs] 
2021-06-05T18:18:34.087+0800: 1932465.767: [GC (Allocation Failure) [PSYoungGen: 500640K->15968K(503808K)] 946476K->472448K(1028096K), 0.0357877 secs] [Times: user=0.06 sys=0.05, real=0.04 secs] 
2021-06-05T18:22:00.186+0800: 1932671.866: [GC (Allocation Failure) [PSYoungGen: 499808K->15488K(504320K)] 956288K->482628K(1028608K), 0.0379979 secs] [Times: user=0.05 sys=0.06, real=0.04 secs] 
2021-06-05T18:25:25.965+0800: 1932877.645: [GC (Allocation Failure) [PSYoungGen: 499840K->14560K(504320K)] 966980K->490179K(1028608K), 0.0309387 secs] [Times: user=0.04 sys=0.05, real=0.03 secs] 
2021-06-05T18:28:52.033+0800: 1933083.712: [GC (Allocation Failure) [PSYoungGen: 498912K->15264K(504320K)] 974531K->500175K(1028608K), 0.0367081 secs] [Times: user=0.06 sys=0.05, real=0.03 secs] 
2021-06-05T18:32:17.332+0800: 1933289.011: [GC (Allocation Failure) [PSYoungGen: 499616K->15680K(504320K)] 984527K->511467K(1028608K), 0.0314203 secs] [Times: user=0.04 sys=0.05, real=0.04 secs] 
2021-06-05T18:35:41.811+0800: 1933493.490: [GC (Allocation Failure) [PSYoungGen: 500032K->17024K(504832K)] 995819K->524017K(1029120K), 0.0296158 secs] [Times: user=0.04 sys=0.05, real=0.03 secs] 
2021-06-05T18:39:07.888+0800: 1933699.568: [GC (Allocation Failure) [PSYoungGen: 502400K->16800K(504832K)] 1009393K->533471K(1029120K), 0.0692701 secs] [Times: user=0.04 sys=0.04, real=0.07 secs] 
2021-06-05T18:39:07.958+0800: 1933699.638: [Full GC (Ergonomics) [PSYoungGen: 16800K->0K(504832K)] [ParOldGen: 516671K->311565K(524288K)] 533471K->311565K(1029120K), [Metaspace: 96403K->96403K(1138688K)], 0.4947490 secs] [Times: user=1.01 sys=0.00, real=0.50 secs] 
2021-06-05T18:42:33.717+0800: 1933905.396: [GC (Allocation Failure) [PSYoungGen: 485376K->16800K(504832K)] 796941K->328365K(1029120K), 0.0252459 secs] [Times: user=0.04 sys=0.04, real=0.03 secs] 
2021-06-05T18:46:00.982+0800: 1934112.661: [GC (Allocation Failure) [PSYoungGen: 502176K->13664K(504832K)] 813741K->336554K(1029120K), 0.0317153 secs] [Times: user=0.04 sys=0.04, real=0.04 secs] 
2021-06-05T18:49:27.847+0800: 1934319.527: [GC (Allocation Failure) [PSYoungGen: 499040K->14688K(504832K)] 821930K->347463K(1029120K), 0.0710144 secs] [Times: user=0.04 sys=0.04, real=0.07 secs] 
2021-06-05T18:52:50.866+0800: 1934522.546: [GC (Allocation Failure) [PSYoungGen: 500064K->18048K(503808K)] 832839K->360220K(1028096K), 0.0323428 secs] [Times: user=0.04 sys=0.03, real=0.03 secs] 
2021-06-05T18:56:14.848+0800: 1934726.528: [GC (Allocation Failure) [PSYoungGen: 503424K->17600K(504320K)] 845596K->371067K(1028608K), 0.0333538 secs] [Times: user=0.04 sys=0.05, real=0.03 secs] 
2021-06-05T18:59:33.955+0800: 1934925.635: [GC (Allocation Failure) [PSYoungGen: 501952K->17130K(504320K)] 855419K->381811K(1028608K), 0.0291059 secs] [Times: user=0.04 sys=0.03, real=0.03 secs] 
2021-06-05T19:02:59.507+0800: 1935131.187: [GC (Allocation Failure) [PSYoungGen: 501482K->14592K(504320K)] 866163K->389552K(1028608K), 0.0297204 secs] [Times: user=0.04 sys=0.04, real=0.03 secs] 
2021-06-05T19:06:22.076+0800: 1935333.756: [GC (Allocation Failure) [PSYoungGen: 498944K->17440K(504320K)] 873904K->402860K(1028608K), 0.0299456 secs] [Times: user=0.05 sys=0.04, real=0.03 secs] 
2021-06-05T19:09:45.098+0800: 1935536.777: [GC (Allocation Failure) [PSYoungGen: 501792K->19200K(502272K)] 887212K->415491K(1026560K), 0.0320997 secs] [Times: user=0.03 sys=0.04, real=0.03 secs] 
2021-06-05T19:13:10.377+0800: 1935742.056: [GC (Allocation Failure) [PSYoungGen: 501504K->13568K(503296K)] 897795K->420991K(1027584K), 0.0275567 secs] [Times: user=0.03 sys=0.03, real=0.03 secs] 
2021-06-05T19:16:36.630+0800: 1935948.310: [GC (Allocation Failure) [PSYoungGen: 495872K->15744K(503808K)] 903295K->432172K(1028096K), 0.0262488 secs] [Times: user=0.04 sys=0.04, real=0.03 secs] 
2021-06-05T19:20:01.900+0800: 1936153.580: [GC (Allocation Failure) [PSYoungGen: 498560K->17568K(503296K)] 914988K->445251K(1027584K), 0.0335798 secs] [Times: user=0.04 sys=0.05, real=0.04 secs] 
2021-06-05T19:23:26.614+0800: 1936358.293: [GC (Allocation Failure) [PSYoungGen: 500384K->17408K(503808K)] 928067K->456762K(1028096K), 0.0308021 secs] [Times: user=0.05 sys=0.04, real=0.03 secs] 
2021-06-05T19:26:52.227+0800: 1936563.906: [GC (Allocation Failure) [PSYoungGen: 500736K->17120K(503808K)] 940090K->468815K(1028096K), 0.0307797 secs] [Times: user=0.04 sys=0.04, real=0.03 secs] 
2021-06-05T19:30:17.676+0800: 1936769.356: [GC (Allocation Failure) [PSYoungGen: 500448K->16288K(504320K)] 952143K->478843K(1028608K), 0.0275036 secs] [Times: user=0.03 sys=0.04, real=0.03 secs] 
2021-06-05T19:33:41.701+0800: 1936973.380: [GC (Allocation Failure) [PSYoungGen: 500128K->17184K(503808K)] 962683K->489777K(1028096K), 0.0274244 secs] [Times: user=0.04 sys=0.04, real=0.03 secs] 
2021-06-05T19:37:04.239+0800: 1937175.919: [GC (Allocation Failure) [PSYoungGen: 501024K->16224K(504320K)] 973617K->500536K(1028608K), 0.0276801 secs] [Times: user=0.04 sys=0.04, real=0.03 secs] 
2021-06-05T19:40:28.860+0800: 1937380.540: [GC (Allocation Failure) [PSYoungGen: 500576K->16704K(504320K)] 984888K->512045K(1028608K), 0.0914135 secs] [Times: user=0.05 sys=0.05, real=0.09 secs] 
2021-06-05T19:43:55.302+0800: 1937586.982: [GC (Allocation Failure) [PSYoungGen: 501056K->14144K(504832K)] 996397K->520753K(1029120K), 0.0237640 secs] [Times: user=0.04 sys=0.04, real=0.03 secs] 
2021-06-05T19:47:22.689+0800: 1937794.369: [GC (Allocation Failure) [PSYoungGen: 499520K->14944K(504832K)] 1006129K->531461K(1029120K), 0.0273296 secs] [Times: user=0.04 sys=0.03, real=0.03 secs] 
2021-06-05T19:47:22.717+0800: 1937794.396: [Full GC (Ergonomics) [PSYoungGen: 14944K->0K(504832K)] [ParOldGen: 516517K->311722K(524288K)] 531461K->311722K(1029120K), [Metaspace: 96403K->96403K(1138688K)], 0.4876901 secs] [Times: user=1.06 sys=0.00, real=0.49 secs] 
2021-06-05T19:50:47.894+0800: 1937999.574: [GC (Allocation Failure) [PSYoungGen: 485376K->15616K(504832K)] 797098K->327338K(1029120K), 0.0204253 secs] [Times: user=0.03 sys=0.03, real=0.02 secs] 
2021-06-05T19:54:14.344+0800: 1938206.024: [GC (Allocation Failure) [PSYoungGen: 500992K->14304K(504832K)] 812714K->338946K(1029120K), 0.0303162 secs] [Times: user=0.04 sys=0.03, real=0.03 secs] 
2021-06-05T19:57:35.969+0800: 1938407.648: [GC (Allocation Failure) [PSYoungGen: 499680K->17056K(504832K)] 824322K->351585K(1029120K), 0.0284732 secs] [Times: user=0.04 sys=0.03, real=0.03 secs] 
2021-06-05T20:01:00.647+0800: 1938612.327: [GC (Allocation Failure) [PSYoungGen: 502432K->19424K(504832K)] 836961K->364583K(1029120K), 0.0419317 secs] [Times: user=0.05 sys=0.05, real=0.04 secs] 
2021-06-05T20:04:26.087+0800: 1938817.767: [GC (Allocation Failure) [PSYoungGen: 504800K->16896K(496640K)] 849959K->372813K(1020928K), 0.0256466 secs] [Times: user=0.04 sys=0.04, real=0.03 secs] 
2021-06-05T20:07:49.435+0800: 1939021.115: [GC (Allocation Failure) [PSYoungGen: 494080K->13056K(490496K)] 849997K->381813K(1014784K), 0.0256331 secs] [Times: user=0.03 sys=0.03, real=0.02 secs] 
2021-06-05T20:11:10.205+0800: 1939221.885: [GC (Allocation Failure) [PSYoungGen: 490240K->13696K(500736K)] 858997K->391338K(1025024K), 0.0326774 secs] [Times: user=0.04 sys=0.04, real=0.03 secs] 
2021-06-05T20:14:30.841+0800: 1939422.521: [GC (Allocation Failure) [PSYoungGen: 490368K->16128K(500224K)] 868010K->402248K(1024512K), 0.0310027 secs] [Times: user=0.04 sys=0.03, real=0.04 secs] 
2021-06-05T20:17:52.966+0800: 1939624.646: [GC (Allocation Failure) [PSYoungGen: 492800K->18752K(500224K)] 878920K->415375K(1024512K), 0.0293740 secs] [Times: user=0.04 sys=0.04, real=0.03 secs] 
2021-06-05T20:21:15.903+0800: 1939827.583: [GC (Allocation Failure) [PSYoungGen: 495936K->16768K(500736K)] 892559K->424692K(1025024K), 0.0319104 secs] [Times: user=0.05 sys=0.04, real=0.03 secs] 
2021-06-05T20:24:37.480+0800: 1940029.159: [GC (Allocation Failure) [PSYoungGen: 493952K->13920K(501760K)] 901876K->433393K(1026048K), 0.0251503 secs] [Times: user=0.04 sys=0.03, real=0.03 secs] 
2021-06-05T20:28:01.715+0800: 1940233.394: [GC (Allocation Failure) [PSYoungGen: 493152K->16192K(501760K)] 912625K->444638K(1026048K), 0.0326325 secs] [Times: user=0.04 sys=0.04, real=0.03 secs] 
2021-06-05T20:31:19.882+0800: 1940431.561: [GC (Allocation Failure) [PSYoungGen: 495424K->17632K(502272K)] 923870K->456172K(1026560K), 0.0251975 secs] [Times: user=0.04 sys=0.03, real=0.03 secs] 
2021-06-05T20:34:42.742+0800: 1940634.421: [GC (Allocation Failure) [PSYoungGen: 497888K->14496K(502272K)] 936428K->464905K(1026560K), 0.0312336 secs] [Times: user=0.05 sys=0.04, real=0.04 secs] 
2021-06-05T20:38:04.824+0800: 1940836.503: [GC (Allocation Failure) [PSYoungGen: 494752K->16704K(502784K)] 945161K->477279K(1027072K), 0.0301540 secs] [Times: user=0.04 sys=0.04, real=0.03 secs] 
2021-06-05T20:41:28.256+0800: 1941039.935: [GC (Allocation Failure) [PSYoungGen: 497472K->14400K(502272K)] 958047K->486597K(1026560K), 0.0274511 secs] [Times: user=0.03 sys=0.04, real=0.03 secs] 
2021-06-05T20:44:50.172+0800: 1941241.852: [GC (Allocation Failure) [PSYoungGen: 495168K->15232K(503296K)] 967365K->497385K(1027584K), 0.0260335 secs] [Times: user=0.04 sys=0.04, real=0.02 secs] 
2021-06-05T20:48:12.967+0800: 1941444.647: [GC (Allocation Failure) [PSYoungGen: 497024K->15136K(502784K)] 979177K->508015K(1027072K), 0.0259158 secs] [Times: user=0.04 sys=0.04, real=0.03 secs] 
2021-06-05T20:51:38.208+0800: 1941649.887: [GC (Allocation Failure) [PSYoungGen: 496928K->14016K(503808K)] 989807K->517748K(1028096K), 0.0264003 secs] [Times: user=0.03 sys=0.04, real=0.03 secs] 
2021-06-05T20:54:59.292+0800: 1941850.971: [GC (Allocation Failure) [PSYoungGen: 497344K->19520K(503296K)] 1001076K->532633K(1027584K), 0.0332964 secs] [Times: user=0.05 sys=0.04, real=0.04 secs] 
2021-06-05T20:54:59.325+0800: 1941851.005: [Full GC (Ergonomics) [PSYoungGen: 19520K->0K(503296K)] [ParOldGen: 513113K->311428K(524288K)] 532633K->311428K(1027584K), [Metaspace: 96403K->96400K(1138688K)], 0.5275968 secs] [Times: user=1.05 sys=0.00, real=0.53 secs] 
2021-06-05T20:58:23.667+0800: 1942055.347: [GC (Allocation Failure) [PSYoungGen: 483328K->16736K(503296K)] 794756K->328164K(1027584K), 0.0240533 secs] [Times: user=0.03 sys=0.03, real=0.02 secs] 
2021-06-05T21:01:47.017+0800: 1942258.697: [GC (Allocation Failure) [PSYoungGen: 499040K->16384K(503296K)] 810468K->339958K(1027584K), 0.0270580 secs] [Times: user=0.04 sys=0.04, real=0.03 secs] 
2021-06-05T21:05:10.427+0800: 1942462.106: [GC (Allocation Failure) [PSYoungGen: 498688K->19296K(502272K)] 822262K->353475K(1026560K), 0.0304320 secs] [Times: user=0.04 sys=0.04, real=0.03 secs] 
2021-06-05T21:08:36.936+0800: 1942668.616: [GC (Allocation Failure) [PSYoungGen: 500576K->13152K(502784K)] 834755K->360045K(1027072K), 0.0305912 secs] [Times: user=0.03 sys=0.04, real=0.03 secs] 
2021-06-05T21:12:02.218+0800: 1942873.898: [GC (Allocation Failure) [PSYoungGen: 494432K->15456K(503296K)] 841325K->370978K(1027584K), 0.0271841 secs] [Times: user=0.03 sys=0.04, real=0.03 secs] 
2021-06-05T21:15:30.541+0800: 1943082.220: [GC (Allocation Failure) [PSYoungGen: 497248K->15136K(502784K)] 852770K->381198K(1027072K), 0.0404380 secs] [Times: user=0.03 sys=0.04, real=0.04 secs] 
2021-06-05T21:18:55.501+0800: 1943287.181: [GC (Allocation Failure) [PSYoungGen: 496928K->17312K(503296K)] 862990K->392540K(1027584K), 0.0993984 secs] [Times: user=0.03 sys=0.04, real=0.10 secs] 
2021-06-05T21:22:20.876+0800: 1943492.556: [GC (Allocation Failure) [PSYoungGen: 499616K->15968K(503296K)] 874844K->402809K(1027584K), 0.0292482 secs] [Times: user=0.04 sys=0.04, real=0.03 secs] 
2021-06-05T21:25:44.255+0800: 1943695.934: [GC (Allocation Failure) [PSYoungGen: 498272K->17600K(503808K)] 885113K->414350K(1028096K), 0.0312788 secs] [Times: user=0.05 sys=0.04, real=0.03 secs] 
2021-06-05T21:29:08.664+0800: 1943900.344: [GC (Allocation Failure) [PSYoungGen: 500928K->17984K(501760K)] 897678K->424812K(1026048K), 0.0278753 secs] [Times: user=0.04 sys=0.04, real=0.03 secs] 
2021-06-05T21:32:32.162+0800: 1944103.842: [GC (Allocation Failure) [PSYoungGen: 501312K->18304K(503296K)] 908140K->435379K(1027584K), 0.0299208 secs] [Times: user=0.03 sys=0.04, real=0.04 secs] 
2021-06-05T21:35:56.009+0800: 1944307.688: [GC (Allocation Failure) [PSYoungGen: 500608K->14944K(503296K)] 917683K->442848K(1027584K), 0.0269377 secs] [Times: user=0.04 sys=0.04, real=0.03 secs] 
2021-06-05T21:39:16.898+0800: 1944508.578: [GC (Allocation Failure) [PSYoungGen: 497248K->17408K(503296K)] 925152K->454541K(1027584K), 0.0306370 secs] [Times: user=0.05 sys=0.04, real=0.03 secs] 
2021-06-05T21:42:42.119+0800: 1944713.799: [GC (Allocation Failure) [PSYoungGen: 499712K->14784K(503296K)] 936845K->462627K(1027584K), 0.0313258 secs] [Times: user=0.04 sys=0.04, real=0.03 secs] 
2021-06-05T21:46:06.070+0800: 1944917.750: [GC (Allocation Failure) [PSYoungGen: 497086K->15008K(503808K)] 944930K->474655K(1028096K), 0.0308398 secs] [Times: user=0.07 sys=0.00, real=0.03 secs] 
2021-06-05T21:49:30.287+0800: 1945121.967: [GC (Allocation Failure) [PSYoungGen: 497824K->15424K(503296K)] 957471K->484069K(1027584K), 0.0351626 secs] [Times: user=0.04 sys=0.04, real=0.04 secs] 
2021-06-05T21:52:56.593+0800: 1945328.273: [GC (Allocation Failure) [PSYoungGen: 498240K->17760K(503808K)] 966885K->495498K(1028096K), 0.0310662 secs] [Times: user=0.04 sys=0.03, real=0.03 secs] 
2021-06-05T21:56:22.026+0800: 1945533.706: [GC (Allocation Failure) [PSYoungGen: 501088K->15168K(503808K)] 978826K->504270K(1028096K), 0.0275097 secs] [Times: user=0.07 sys=0.00, real=0.03 secs] 
2021-06-05T21:59:49.741+0800: 1945741.421: [GC (Allocation Failure) [PSYoungGen: 498496K->15616K(504320K)] 987598K->514588K(1028608K), 0.0288906 secs] [Times: user=0.04 sys=0.04, real=0.03 secs] 
2021-06-05T22:03:14.991+0800: 1945946.670: [GC (Allocation Failure) [PSYoungGen: 499456K->15392K(503808K)] 998428K->524952K(1028096K), 0.0274169 secs] [Times: user=0.03 sys=0.04, real=0.03 secs] 
2021-06-05T22:06:42.002+0800: 1946153.681: [GC (Allocation Failure) [PSYoungGen: 499232K->18976K(503296K)] 1008792K->539287K(1027584K), 0.0296903 secs] [Times: user=0.04 sys=0.04, real=0.03 secs] 
2021-06-05T22:06:42.032+0800: 1946153.711: [Full GC (Ergonomics) [PSYoungGen: 18976K->0K(503296K)] [ParOldGen: 520311K->315467K(524288K)] 539287K->315467K(1027584K), [Metaspace: 96403K->96403K(1138688K)], 0.5256390 secs] [Times: user=0.58 sys=0.54, real=0.53 secs] 
2021-06-05T22:10:07.160+0800: 1946358.840: [GC (Allocation Failure) [PSYoungGen: 483328K->17440K(503808K)] 798795K->332907K(1028096K), 0.0324223 secs] [Times: user=0.03 sys=0.02, real=0.04 secs] 
2021-06-05T22:13:33.294+0800: 1946564.973: [GC (Allocation Failure) [PSYoungGen: 500768K->15168K(503808K)] 816235K->341925K(1028096K), 0.0277098 secs] [Times: user=0.04 sys=0.04, real=0.02 secs] 
2021-06-05T22:17:00.976+0800: 1946772.655: [GC (Allocation Failure) [PSYoungGen: 498496K->14976K(503808K)] 825253K->351410K(1028096K), 0.0304774 secs] [Times: user=0.04 sys=0.04, real=0.03 secs] 
2021-06-05T22:20:26.473+0800: 1946978.152: [GC (Allocation Failure) [PSYoungGen: 498304K->15072K(504320K)] 834738K->361016K(1028608K), 0.0259796 secs] [Times: user=0.04 sys=0.04, real=0.02 secs] 
2021-06-05T22:23:51.806+0800: 1947183.485: [GC (Allocation Failure) [PSYoungGen: 498912K->16992K(503808K)] 844856K->373317K(1028096K), 0.0299483 secs] [Times: user=0.04 sys=0.03, real=0.03 secs] 
2021-06-05T22:27:16.900+0800: 1947388.580: [GC (Allocation Failure) [PSYoungGen: 500832K->16192K(504832K)] 857157K->383632K(1029120K), 0.0308811 secs] [Times: user=0.04 sys=0.04, real=0.03 secs] 
2021-06-05T22:30:42.168+0800: 1947593.847: [GC (Allocation Failure) [PSYoungGen: 501056K->14944K(504320K)] 868496K->394204K(1028608K), 0.0262143 secs] [Times: user=0.04 sys=0.04, real=0.03 secs] 
2021-06-05T22:34:10.087+0800: 1947801.767: [GC (Allocation Failure) [PSYoungGen: 499808K->14848K(504832K)] 879068K->403737K(1029120K), 0.0242664 secs] [Times: user=0.03 sys=0.03, real=0.02 secs] 
2021-06-05T22:37:32.917+0800: 1948004.597: [GC (Allocation Failure) [PSYoungGen: 500224K->14240K(504832K)] 889113K->413134K(1029120K), 0.0204807 secs] [Times: user=0.03 sys=0.03, real=0.02 secs] 
2021-06-05T22:40:57.983+0800: 1948209.662: [GC (Allocation Failure) [PSYoungGen: 499616K->16992K(504832K)] 898510K->425043K(1029120K), 0.0263145 secs] [Times: user=0.04 sys=0.04, real=0.02 secs] 
2021-06-05T22:44:23.356+0800: 1948415.035: [GC (Allocation Failure) [PSYoungGen: 502368K->16800K(504832K)] 910419K->436462K(1029120K), 0.0290229 secs] [Times: user=0.03 sys=0.05, real=0.03 secs] 
2021-06-05T22:47:51.807+0800: 1948623.487: [GC (Allocation Failure) [PSYoungGen: 502176K->15616K(504832K)] 921838K->447140K(1029120K), 0.0288698 secs] [Times: user=0.04 sys=0.04, real=0.03 secs] 
2021-06-05T22:51:18.691+0800: 1948830.370: [GC (Allocation Failure) [PSYoungGen: 500992K->14624K(504832K)] 932516K->456962K(1029120K), 0.0241875 secs] [Times: user=0.04 sys=0.04, real=0.03 secs] 
2021-06-05T22:54:43.917+0800: 1949035.597: [GC (Allocation Failure) [PSYoungGen: 500000K->16544K(505344K)] 942338K->469623K(1029632K), 0.0301048 secs] [Times: user=0.04 sys=0.05, real=0.03 secs] 
2021-06-05T22:58:07.369+0800: 1949239.049: [GC (Allocation Failure) [PSYoungGen: 502944K->15968K(505344K)] 956023K->479316K(1029632K), 0.0286183 secs] [Times: user=0.04 sys=0.04, real=0.03 secs] 
2021-06-05T23:01:33.118+0800: 1949444.798: [GC (Allocation Failure) [PSYoungGen: 502368K->16512K(505344K)] 965716K->490393K(1029632K), 0.0322611 secs] [Times: user=0.05 sys=0.04, real=0.03 secs] 
2021-06-05T23:04:58.867+0800: 1949650.546: [GC (Allocation Failure) [PSYoungGen: 502912K->17184K(505344K)] 976793K->501359K(1029632K), 0.0255111 secs] [Times: user=0.04 sys=0.04, real=0.03 secs] 
2021-06-05T23:08:27.438+0800: 1949859.118: [GC (Allocation Failure) [PSYoungGen: 503584K->14400K(505344K)] 987759K->510434K(1029632K), 0.0634667 secs] [Times: user=0.05 sys=0.04, real=0.06 secs] 
2021-06-05T23:11:53.775+0800: 1950065.454: [GC (Allocation Failure) [PSYoungGen: 500800K->13376K(505344K)] 996834K->519462K(1029632K), 0.0284823 secs] [Times: user=0.04 sys=0.04, real=0.03 secs] 
2021-06-05T23:15:18.986+0800: 1950270.666: [GC (Allocation Failure) [PSYoungGen: 499776K->18240K(503296K)] 1005862K->533251K(1027584K), 0.0287413 secs] [Times: user=0.04 sys=0.04, real=0.03 secs] 
2021-06-05T23:15:19.016+0800: 1950270.695: [Full GC (Ergonomics) [PSYoungGen: 18240K->0K(503296K)] [ParOldGen: 515011K->309389K(524288K)] 533251K->309389K(1027584K), [Metaspace: 96403K->96403K(1138688K)], 0.4695773 secs] [Times: user=0.97 sys=0.00, real=0.47 secs] 
2021-06-05T23:18:42.931+0800: 1950474.610: [GC (Allocation Failure) [PSYoungGen: 484352K->18144K(502784K)] 793741K->327533K(1027072K), 0.0326420 secs] [Times: user=0.07 sys=0.00, real=0.04 secs] 
2021-06-05T23:22:06.626+0800: 1950678.306: [GC (Allocation Failure) [PSYoungGen: 502496K->18368K(503808K)] 811885K->338961K(1028096K), 0.0376259 secs] [Times: user=0.04 sys=0.04, real=0.04 secs] 
2021-06-05T23:25:30.594+0800: 1950882.274: [GC (Allocation Failure) [PSYoungGen: 501696K->17696K(501248K)] 822289K->349295K(1025536K), 0.0294871 secs] [Times: user=0.04 sys=0.04, real=0.03 secs] 
2021-06-05T23:28:57.170+0800: 1951088.850: [GC (Allocation Failure) [PSYoungGen: 501024K->16320K(503808K)] 832623K->358941K(1028096K), 0.0305694 secs] [Times: user=0.04 sys=0.03, real=0.03 secs] 
2021-06-05T23:32:21.031+0800: 1951292.711: [GC (Allocation Failure) [PSYoungGen: 499136K->15904K(503296K)] 841757K->369864K(1027584K), 0.0298457 secs] [Times: user=0.04 sys=0.04, real=0.03 secs] 
2021-06-05T23:35:46.786+0800: 1951498.466: [GC (Allocation Failure) [PSYoungGen: 498720K->11744K(503296K)] 852680K->377499K(1027584K), 0.0250599 secs] [Times: user=0.03 sys=0.03, real=0.02 secs] 
2021-06-05T23:39:12.671+0800: 1951704.350: [GC (Allocation Failure) [PSYoungGen: 495072K->16576K(503808K)] 860827K->390681K(1028096K), 0.0342961 secs] [Times: user=0.04 sys=0.04, real=0.04 secs] 
2021-06-05T23:42:36.891+0800: 1951908.571: [GC (Allocation Failure) [PSYoungGen: 499904K->19072K(502784K)] 874009K->401191K(1027072K), 0.0377619 secs] [Times: user=0.09 sys=0.00, real=0.04 secs] 
2021-06-05T23:46:00.341+0800: 1952112.021: [GC (Allocation Failure) [PSYoungGen: 501376K->16704K(503296K)] 883495K->411924K(1027584K), 0.0375052 secs] [Times: user=0.05 sys=0.05, real=0.04 secs] 
2021-06-05T23:49:22.878+0800: 1952314.558: [GC (Allocation Failure) [PSYoungGen: 499008K->15264K(503808K)] 894228K->422200K(1028096K), 0.0283769 secs] [Times: user=0.04 sys=0.04, real=0.03 secs] 
2021-06-05T23:52:48.122+0800: 1952519.802: [GC (Allocation Failure) [PSYoungGen: 498080K->17984K(503296K)] 905016K->435278K(1027584K), 0.0589426 secs] [Times: user=0.04 sys=0.05, real=0.06 secs] 
2021-06-05T23:56:10.741+0800: 1952722.420: [GC (Allocation Failure) [PSYoungGen: 500800K->17888K(503296K)] 918094K->446676K(1027584K), 0.0351162 secs] [Times: user=0.04 sys=0.04, real=0.04 secs] 
2021-06-05T23:59:34.695+0800: 1952926.374: [GC (Allocation Failure) [PSYoungGen: 500192K->14688K(503296K)] 928980K->454783K(1027584K), 0.0263177 secs] [Times: user=0.04 sys=0.04, real=0.02 secs] 
2021-06-06T00:02:49.343+0800: 1953121.022: [GC (Allocation Failure) [PSYoungGen: 496992K->14176K(503296K)] 937087K->464843K(1027584K), 0.0301905 secs] [Times: user=0.04 sys=0.03, real=0.03 secs] 
2021-06-06T00:06:12.477+0800: 1953324.156: [GC (Allocation Failure) [PSYoungGen: 496480K->16960K(503296K)] 947147K->477114K(1027584K), 0.0339041 secs] [Times: user=0.04 sys=0.04, real=0.03 secs] 
2021-06-06T00:09:36.787+0800: 1953528.467: [GC (Allocation Failure) [PSYoungGen: 499264K->16960K(503808K)] 959418K->488185K(1028096K), 0.0313135 secs] [Times: user=0.04 sys=0.04, real=0.03 secs] 
2021-06-06T00:12:57.611+0800: 1953729.291: [GC (Allocation Failure) [PSYoungGen: 500259K->14912K(503808K)] 971484K->497357K(1028096K), 0.0290025 secs] [Times: user=0.04 sys=0.04, real=0.03 secs] 
2021-06-06T00:16:20.936+0800: 1953932.616: [GC (Allocation Failure) [PSYoungGen: 498240K->15264K(504320K)] 980685K->507971K(1028608K), 0.0297554 secs] [Times: user=0.05 sys=0.04, real=0.03 secs] 
2021-06-06T00:19:44.822+0800: 1954136.501: [GC (Allocation Failure) [PSYoungGen: 499104K->18080K(503808K)] 991811K->521424K(1028096K), 0.0334542 secs] [Times: user=0.04 sys=0.05, real=0.04 secs] 
2021-06-06T00:23:10.109+0800: 1954341.789: [GC (Allocation Failure) [PSYoungGen: 501920K->15328K(503808K)] 1005264K->529662K(1028096K), 0.0263277 secs] [Times: user=0.04 sys=0.04, real=0.03 secs] 
2021-06-06T00:23:10.136+0800: 1954341.816: [Full GC (Ergonomics) [PSYoungGen: 15328K->0K(503808K)] [ParOldGen: 514334K->309852K(524288K)] 529662K->309852K(1028096K), [Metaspace: 96403K->96400K(1138688K)], 0.5661352 secs] [Times: user=0.61 sys=0.57, real=0.57 secs] 
2021-06-06T00:26:34.032+0800: 1954545.712: [GC (Allocation Failure) [PSYoungGen: 483328K->17408K(503808K)] 793180K->327260K(1028096K), 0.0234899 secs] [Times: user=0.03 sys=0.03, real=0.02 secs] 
2021-06-06T00:29:57.284+0800: 1954748.964: [GC (Allocation Failure) [PSYoungGen: 500736K->14784K(504320K)] 810588K->337055K(1028608K), 0.0268950 secs] [Times: user=0.03 sys=0.03, real=0.02 secs] 
2021-06-06T00:33:23.805+0800: 1954955.484: [GC (Allocation Failure) [PSYoungGen: 498624K->15008K(503808K)] 820895K->347156K(1028096K), 0.0676891 secs] [Times: user=0.05 sys=0.05, real=0.07 secs] 
2021-06-06T00:36:47.916+0800: 1955159.595: [GC (Allocation Failure) [PSYoungGen: 498848K->14304K(504320K)] 830996K->357846K(1028608K), 0.0268757 secs] [Times: user=0.04 sys=0.04, real=0.03 secs] 
2021-06-06T00:40:17.293+0800: 1955368.972: [GC (Allocation Failure) [PSYoungGen: 498656K->16032K(504320K)] 842198K->369211K(1028608K), 0.0265580 secs] [Times: user=0.04 sys=0.03, real=0.02 secs] 
2021-06-06T00:43:42.707+0800: 1955574.386: [GC (Allocation Failure) [PSYoungGen: 500384K->16896K(504832K)] 853563K->380209K(1029120K), 0.0253405 secs] [Times: user=0.03 sys=0.04, real=0.03 secs] 
2021-06-06T00:47:08.811+0800: 1955780.491: [GC (Allocation Failure) [PSYoungGen: 502272K->10720K(496128K)] 865585K->386672K(1020416K), 0.0277323 secs] [Times: user=0.04 sys=0.04, real=0.03 secs] 
2021-06-06T00:50:35.208+0800: 1955986.888: [GC (Allocation Failure) [PSYoungGen: 496096K->14688K(504320K)] 872048K->398844K(1028608K), 0.0300607 secs] [Times: user=0.04 sys=0.04, real=0.03 secs] 
2021-06-06T00:54:01.865+0800: 1956193.544: [GC (Allocation Failure) [PSYoungGen: 499040K->18464K(503296K)] 883196K->412148K(1027584K), 0.0288972 secs] [Times: user=0.05 sys=0.04, real=0.03 secs] 
2021-06-06T00:57:20.344+0800: 1956392.024: [GC (Allocation Failure) [PSYoungGen: 502816K->15786K(504320K)] 896500K->422017K(1028608K), 0.0324118 secs] [Times: user=0.04 sys=0.04, real=0.03 secs] 
2021-06-06T01:00:48.045+0800: 1956599.725: [GC (Allocation Failure) [PSYoungGen: 499626K->14944K(503808K)] 905857K->431726K(1028096K), 0.0338172 secs] [Times: user=0.05 sys=0.05, real=0.03 secs] 
2021-06-06T01:04:14.191+0800: 1956805.870: [GC (Allocation Failure) [PSYoungGen: 498784K->16800K(504320K)] 915566K->443636K(1028608K), 0.0305137 secs] [Times: user=0.04 sys=0.04, real=0.03 secs] 
2021-06-06T01:07:38.806+0800: 1957010.486: [GC (Allocation Failure) [PSYoungGen: 501152K->15264K(504320K)] 927988K->453608K(1028608K), 0.0419344 secs] [Times: user=0.04 sys=0.05, real=0.04 secs] 
2021-06-06T01:11:04.540+0800: 1957216.220: [GC (Allocation Failure) [PSYoungGen: 499616K->17152K(503808K)] 937960K->465191K(1028096K), 0.0308267 secs] [Times: user=0.09 sys=0.00, real=0.03 secs] 
2021-06-06T01:14:25.926+0800: 1957417.606: [GC (Allocation Failure) [PSYoungGen: 501504K->16992K(504320K)] 949543K->476949K(1028608K), 0.0290328 secs] [Times: user=0.04 sys=0.04, real=0.03 secs] 
2021-06-06T01:17:54.396+0800: 1957626.076: [GC (Allocation Failure) [PSYoungGen: 501344K->14784K(504832K)] 961301K->486528K(1029120K), 0.0339014 secs] [Times: user=0.04 sys=0.04, real=0.03 secs] 
2021-06-06T01:21:20.027+0800: 1957831.706: [GC (Allocation Failure) [PSYoungGen: 499648K->15328K(504320K)] 971392K->496118K(1028608K), 0.0282710 secs] [Times: user=0.08 sys=0.00, real=0.03 secs] 
2021-06-06T01:24:45.918+0800: 1958037.598: [GC (Allocation Failure) [PSYoungGen: 500192K->13824K(504832K)] 980982K->504338K(1029120K), 0.0281262 secs] [Times: user=0.08 sys=0.00, real=0.03 secs] 
2021-06-06T01:28:11.185+0800: 1958242.865: [GC (Allocation Failure) [PSYoungGen: 499200K->16512K(504832K)] 989714K->515783K(1029120K), 0.0304541 secs] [Times: user=0.04 sys=0.04, real=0.03 secs] 
2021-06-06T01:31:36.465+0800: 1958448.145: [GC (Allocation Failure) [PSYoungGen: 501888K->15232K(505344K)] 1001159K->525466K(1029632K), 0.0287459 secs] [Times: user=0.04 sys=0.05, real=0.03 secs] 
2021-06-06T01:35:01.384+0800: 1958653.064: [GC (Allocation Failure) [PSYoungGen: 501120K->16832K(504832K)] 1011354K->535728K(1029120K), 0.0288762 secs] [Times: user=0.04 sys=0.04, real=0.03 secs] 
2021-06-06T01:35:01.413+0800: 1958653.093: [Full GC (Ergonomics) [PSYoungGen: 16832K->0K(504832K)] [ParOldGen: 518896K->314607K(524288K)] 535728K->314607K(1029120K), [Metaspace: 96403K->96403K(1138688K)], 0.5041516 secs] [Times: user=1.10 sys=0.00, real=0.50 secs] 
2021-06-06T01:38:22.921+0800: 1958854.601: [GC (Allocation Failure) [PSYoungGen: 485888K->18432K(503808K)] 800495K->333039K(1028096K), 0.0285908 secs] [Times: user=0.03 sys=0.04, real=0.03 secs] 
2021-06-06T01:41:48.731+0800: 1959060.410: [GC (Allocation Failure) [PSYoungGen: 502784K->18304K(502784K)] 817391K->344357K(1027072K), 0.0365545 secs] [Times: user=0.04 sys=0.04, real=0.04 secs] 
2021-06-06T01:45:14.892+0800: 1959266.572: [GC (Allocation Failure) [PSYoungGen: 502656K->15616K(504320K)] 828709K->353937K(1028608K), 0.0266809 secs] [Times: user=0.04 sys=0.03, real=0.02 secs] 
2021-06-06T01:48:38.260+0800: 1959469.940: [GC (Allocation Failure) [PSYoungGen: 499456K->14944K(503808K)] 837777K->364070K(1028096K), 0.0323716 secs] [Times: user=0.05 sys=0.04, real=0.04 secs] 
2021-06-06T01:52:02.363+0800: 1959674.043: [GC (Allocation Failure) [PSYoungGen: 498784K->16256K(504832K)] 847910K->374996K(1029120K), 0.0307072 secs] [Times: user=0.04 sys=0.04, real=0.03 secs] 
2021-06-06T01:55:28.436+0800: 1959880.116: [GC (Allocation Failure) [PSYoungGen: 501120K->15744K(504320K)] 859860K->385209K(1028608K), 0.0270291 secs] [Times: user=0.03 sys=0.04, real=0.03 secs] 
2021-06-06T01:58:55.538+0800: 1960087.218: [GC (Allocation Failure) [PSYoungGen: 500608K->15584K(505344K)] 870073K->395966K(1029632K), 0.0285214 secs] [Times: user=0.04 sys=0.03, real=0.03 secs] 
2021-06-06T02:02:21.572+0800: 1960293.252: [GC (Allocation Failure) [PSYoungGen: 501472K->15872K(504832K)] 881854K->406594K(1029120K), 0.0268042 secs] [Times: user=0.03 sys=0.04, real=0.02 secs] 
2021-06-06T02:05:47.556+0800: 1960499.236: [GC (Allocation Failure) [PSYoungGen: 501760K->16992K(505344K)] 892482K->417144K(1029632K), 0.0312075 secs] [Times: user=0.04 sys=0.04, real=0.03 secs] 
2021-06-06T02:09:10.518+0800: 1960702.197: [GC (Allocation Failure) [PSYoungGen: 503392K->15552K(505344K)] 903544K->427590K(1029632K), 0.0750897 secs] [Times: user=0.04 sys=0.04, real=0.09 secs] 
2021-06-06T02:12:34.716+0800: 1960906.396: [GC (Allocation Failure) [PSYoungGen: 501952K->15168K(505344K)] 913990K->437835K(1029632K), 0.0285183 secs] [Times: user=0.04 sys=0.04, real=0.03 secs] 
2021-06-06T02:16:01.526+0800: 1961113.206: [GC (Allocation Failure) [PSYoungGen: 501568K->17120K(505344K)] 924235K->449481K(1029632K), 0.0702015 secs] [Times: user=0.03 sys=0.04, real=0.07 secs] 
2021-06-06T02:19:29.503+0800: 1961321.183: [GC (Allocation Failure) [PSYoungGen: 503520K->15200K(505344K)] 935881K->458382K(1029632K), 0.0301258 secs] [Times: user=0.05 sys=0.04, real=0.03 secs] 
2021-06-06T02:22:52.163+0800: 1961523.843: [GC (Allocation Failure) [PSYoungGen: 501600K->18912K(505344K)] 944782K->472484K(1029632K), 0.0364910 secs] [Times: user=0.05 sys=0.04, real=0.03 secs] 
2021-06-06T02:26:16.892+0800: 1961728.571: [GC (Allocation Failure) [PSYoungGen: 505312K->17344K(497152K)] 958884K->482841K(1021440K), 0.0470242 secs] [Times: user=0.04 sys=0.04, real=0.05 secs] 
2021-06-06T02:29:41.674+0800: 1961933.354: [GC (Allocation Failure) [PSYoungGen: 495552K->16896K(501248K)] 961049K->492989K(1025536K), 0.0286873 secs] [Times: user=0.04 sys=0.04, real=0.03 secs] 
2021-06-06T02:33:04.272+0800: 1962135.952: [GC (Allocation Failure) [PSYoungGen: 495104K->16320K(502272K)] 971197K->503449K(1026560K), 0.0299536 secs] [Times: user=0.04 sys=0.04, real=0.03 secs] 
2021-06-06T02:36:31.398+0800: 1962343.077: [GC (Allocation Failure) [PSYoungGen: 496064K->14464K(501760K)] 983193K->512599K(1026048K), 0.0335189 secs] [Times: user=0.04 sys=0.04, real=0.03 secs] 
2021-06-06T02:39:53.056+0800: 1962544.735: [GC (Allocation Failure) [PSYoungGen: 494208K->15520K(502272K)] 992343K->523756K(1026560K), 0.0301191 secs] [Times: user=0.04 sys=0.03, real=0.03 secs] 
2021-06-06T02:43:16.545+0800: 1962748.224: [GC (Allocation Failure) [PSYoungGen: 495776K->15520K(502272K)] 1004012K->533009K(1026560K), 0.0256084 secs] [Times: user=0.04 sys=0.03, real=0.02 secs] 
2021-06-06T02:43:16.571+0800: 1962748.251: [Full GC (Ergonomics) [PSYoungGen: 15520K->0K(502272K)] [ParOldGen: 517489K->309759K(524288K)] 533009K->309759K(1026560K), [Metaspace: 96403K->96403K(1138688K)], 0.4687381 secs] [Times: user=1.06 sys=0.00, real=0.47 secs] 
2021-06-06T02:46:39.934+0800: 1962951.614: [GC (Allocation Failure) [PSYoungGen: 480256K->17600K(502784K)] 790015K->327359K(1027072K), 0.0466693 secs] [Times: user=0.04 sys=0.03, real=0.04 secs] 
2021-06-06T02:50:04.435+0800: 1963156.115: [GC (Allocation Failure) [PSYoungGen: 498880K->16128K(502784K)] 808639K->338867K(1027072K), 0.0459305 secs] [Times: user=0.04 sys=0.04, real=0.04 secs] 
2021-06-06T02:53:29.968+0800: 1963361.648: [GC (Allocation Failure) [PSYoungGen: 497408K->16160K(503296K)] 820147K->350895K(1027584K), 0.0278698 secs] [Times: user=0.04 sys=0.04, real=0.03 secs] 
2021-06-06T02:56:54.995+0800: 1963566.674: [GC (Allocation Failure) [PSYoungGen: 498464K->15968K(503296K)] 833199K->360947K(1027584K), 0.0274698 secs] [Times: user=0.04 sys=0.04, real=0.03 secs] 
2021-06-06T03:00:19.714+0800: 1963771.394: [GC (Allocation Failure) [PSYoungGen: 498272K->15424K(503808K)] 843251K->370087K(1028096K), 0.0298971 secs] [Times: user=0.04 sys=0.05, real=0.03 secs] 
2021-06-06T03:03:45.449+0800: 1963977.129: [GC (Allocation Failure) [PSYoungGen: 498752K->12224K(503808K)] 853415K->377771K(1028096K), 0.0231560 secs] [Times: user=0.04 sys=0.03, real=0.03 secs] 
2021-06-06T03:07:12.693+0800: 1964184.372: [GC (Allocation Failure) [PSYoungGen: 495552K->15680K(503808K)] 861099K->390311K(1028096K), 0.0368152 secs] [Times: user=0.04 sys=0.04, real=0.03 secs] 
2021-06-06T03:10:37.634+0800: 1964389.314: [GC (Allocation Failure) [PSYoungGen: 499008K->14976K(503808K)] 873639K->400356K(1028096K), 0.0252586 secs] [Times: user=0.04 sys=0.03, real=0.02 secs] 
2021-06-06T03:14:04.392+0800: 1964596.071: [GC (Allocation Failure) [PSYoungGen: 498304K->15328K(504320K)] 883684K->411410K(1028608K), 0.0322751 secs] [Times: user=0.04 sys=0.04, real=0.04 secs] 
2021-06-06T03:17:26.576+0800: 1964798.255: [GC (Allocation Failure) [PSYoungGen: 499649K->17920K(504320K)] 895732K->424025K(1028608K), 0.0301240 secs] [Times: user=0.03 sys=0.03, real=0.03 secs] 
2021-06-06T03:20:53.495+0800: 1965005.174: [GC (Allocation Failure) [PSYoungGen: 502272K->14240K(504320K)] 908377K->432150K(1028608K), 0.0272052 secs] [Times: user=0.03 sys=0.04, real=0.03 secs] 
2021-06-06T03:24:18.447+0800: 1965210.127: [GC (Allocation Failure) [PSYoungGen: 498592K->16736K(504320K)] 916502K->443107K(1028608K), 0.0269972 secs] [Times: user=0.04 sys=0.04, real=0.03 secs] 
2021-06-06T03:27:47.016+0800: 1965418.695: [GC (Allocation Failure) [PSYoungGen: 501088K->15072K(504320K)] 927459K->451839K(1028608K), 0.0285590 secs] [Times: user=0.03 sys=0.03, real=0.03 secs] 
2021-06-06T03:31:12.295+0800: 1965623.975: [GC (Allocation Failure) [PSYoungGen: 499424K->15520K(504320K)] 936191K->461037K(1028608K), 0.0341386 secs] [Times: user=0.05 sys=0.04, real=0.03 secs] 
2021-06-06T03:34:36.924+0800: 1965828.604: [GC (Allocation Failure) [PSYoungGen: 499872K->17536K(503808K)] 945389K->474498K(1028096K), 0.0820885 secs] [Times: user=0.10 sys=0.00, real=0.08 secs] 
2021-06-06T03:38:02.578+0800: 1966034.258: [GC (Allocation Failure) [PSYoungGen: 501888K->17504K(504320K)] 958850K->484833K(1028608K), 0.0407891 secs] [Times: user=0.05 sys=0.05, real=0.04 secs] 
2021-06-06T03:41:27.481+0800: 1966239.161: [GC (Allocation Failure) [PSYoungGen: 501856K->16320K(504832K)] 969185K->493967K(1029120K), 0.0275721 secs] [Times: user=0.03 sys=0.04, real=0.03 secs] 
2021-06-06T03:44:53.088+0800: 1966444.768: [GC (Allocation Failure) [PSYoungGen: 501184K->14176K(504320K)] 978831K->502066K(1028608K), 0.0282407 secs] [Times: user=0.03 sys=0.03, real=0.03 secs] 
2021-06-06T03:48:15.627+0800: 1966647.307: [GC (Allocation Failure) [PSYoungGen: 499040K->18464K(502784K)] 986930K->515944K(1027072K), 0.0288648 secs] [Times: user=0.04 sys=0.04, real=0.03 secs] 
2021-06-06T03:51:43.254+0800: 1966854.934: [GC (Allocation Failure) [PSYoungGen: 501792K->15648K(503808K)] 999272K->525867K(1028096K), 0.0277440 secs] [Times: user=0.07 sys=0.00, real=0.03 secs] 
2021-06-06T03:55:09.839+0800: 1967061.518: [GC (Allocation Failure) [PSYoungGen: 498976K->14656K(504320K)] 1009195K->534488K(1028608K), 0.0329906 secs] [Times: user=0.05 sys=0.05, real=0.03 secs] 
2021-06-06T03:55:09.872+0800: 1967061.552: [Full GC (Ergonomics) [PSYoungGen: 14656K->0K(504320K)] [ParOldGen: 519832K->313037K(524288K)] 534488K->313037K(1028608K), [Metaspace: 96403K->96400K(1138688K)], 0.6343539 secs] [Times: user=1.18 sys=0.00, real=0.63 secs] 
2021-06-06T03:58:34.011+0800: 1967265.690: [GC (Allocation Failure) [PSYoungGen: 484352K->16896K(504320K)] 797389K->329933K(1028608K), 0.0378196 secs] [Times: user=0.04 sys=0.04, real=0.04 secs] 
2021-06-06T04:01:58.935+0800: 1967470.615: [GC (Allocation Failure) [PSYoungGen: 501248K->18112K(503296K)] 814285K->343233K(1027584K), 0.0880421 secs] [Times: user=0.04 sys=0.04, real=0.09 secs] 
2021-06-06T04:05:24.140+0800: 1967675.820: [GC (Allocation Failure) [PSYoungGen: 501440K->18880K(502272K)] 826561K->354287K(1026560K), 0.0794438 secs] [Times: user=0.04 sys=0.04, real=0.08 secs] 
2021-06-06T04:08:47.452+0800: 1967879.132: [GC (Allocation Failure) [PSYoungGen: 502208K->16224K(503808K)] 837615K->362891K(1028096K), 0.0419080 secs] [Times: user=0.05 sys=0.04, real=0.04 secs] 
2021-06-06T04:12:10.678+0800: 1968082.358: [GC (Allocation Failure) [PSYoungGen: 499033K->16448K(503296K)] 845701K->373754K(1027584K), 0.0453530 secs] [Times: user=0.04 sys=0.04, real=0.05 secs] 
2021-06-06T04:15:36.604+0800: 1968288.284: [GC (Allocation Failure) [PSYoungGen: 499264K->16704K(504320K)] 856570K->385831K(1028608K), 0.0362924 secs] [Times: user=0.05 sys=0.05, real=0.03 secs] 
2021-06-06T04:19:02.614+0800: 1968494.293: [GC (Allocation Failure) [PSYoungGen: 501056K->16160K(504320K)] 870183K->396093K(1028608K), 0.0326817 secs] [Times: user=0.04 sys=0.04, real=0.03 secs] 
2021-06-06T04:22:28.189+0800: 1968699.869: [GC (Allocation Failure) [PSYoungGen: 500512K->16416K(504832K)] 880445K->405803K(1029120K), 0.0416390 secs] [Times: user=0.05 sys=0.06, real=0.04 secs] 
2021-06-06T04:25:55.301+0800: 1968906.980: [GC (Allocation Failure) [PSYoungGen: 501792K->16640K(504832K)] 891179K->416446K(1029120K), 0.0313744 secs] [Times: user=0.05 sys=0.04, real=0.04 secs] 
2021-06-06T04:29:21.330+0800: 1969113.009: [GC (Allocation Failure) [PSYoungGen: 502016K->13472K(504320K)] 901822K->424850K(1028608K), 0.0367829 secs] [Times: user=0.05 sys=0.05, real=0.04 secs] 
2021-06-06T04:32:48.427+0800: 1969320.107: [GC (Allocation Failure) [PSYoungGen: 498848K->15584K(504832K)] 910226K->436470K(1029120K), 0.0314026 secs] [Times: user=0.04 sys=0.04, real=0.03 secs] 
2021-06-06T04:36:14.322+0800: 1969526.002: [GC (Allocation Failure) [PSYoungGen: 500960K->16544K(505344K)] 921846K->448068K(1029632K), 0.0375558 secs] [Times: user=0.05 sys=0.04, real=0.04 secs] 
2021-06-06T04:39:40.126+0800: 1969731.806: [GC (Allocation Failure) [PSYoungGen: 502432K->14784K(504832K)] 933956K->457888K(1029120K), 0.0327160 secs] [Times: user=0.05 sys=0.05, real=0.03 secs] 
2021-06-06T04:43:09.387+0800: 1969941.067: [GC (Allocation Failure) [PSYoungGen: 500672K->12512K(504320K)] 943776K->467018K(1028608K), 0.0289827 secs] [Times: user=0.04 sys=0.04, real=0.03 secs] 
2021-06-06T04:46:34.213+0800: 1970145.892: [GC (Allocation Failure) [PSYoungGen: 497888K->14336K(504832K)] 952394K->478480K(1029120K), 0.0332786 secs] [Times: user=0.05 sys=0.04, real=0.03 secs] 
2021-06-06T04:50:00.186+0800: 1970351.866: [GC (Allocation Failure) [PSYoungGen: 499712K->17600K(504832K)] 963856K->491437K(1029120K), 0.0424520 secs] [Times: user=0.04 sys=0.05, real=0.04 secs] 
2021-06-06T04:53:25.107+0800: 1970556.786: [GC (Allocation Failure) [PSYoungGen: 502976K->14496K(504832K)] 976813K->498250K(1029120K), 0.1184977 secs] [Times: user=0.05 sys=0.04, real=0.12 secs] 
2021-06-06T04:56:50.195+0800: 1970761.875: [GC (Allocation Failure) [PSYoungGen: 499872K->17632K(503808K)] 983626K->510791K(1028096K), 0.0972018 secs] [Times: user=0.05 sys=0.04, real=0.10 secs] 
2021-06-06T05:00:16.891+0800: 1970968.570: [GC (Allocation Failure) [PSYoungGen: 501984K->16640K(504320K)] 995143K->520541K(1028608K), 0.0410088 secs] [Times: user=0.05 sys=0.05, real=0.04 secs] 
2021-06-06T05:03:42.210+0800: 1971173.889: [GC (Allocation Failure) [PSYoungGen: 500992K->17376K(504320K)] 1004893K->531611K(1028608K), 0.0284154 secs] [Times: user=0.04 sys=0.04, real=0.03 secs] 
2021-06-06T05:03:42.239+0800: 1971173.918: [Full GC (Ergonomics) [PSYoungGen: 17376K->0K(504320K)] [ParOldGen: 514235K->308780K(524288K)] 531611K->308780K(1028608K), [Metaspace: 96403K->96403K(1138688K)], 0.4818407 secs] [Times: user=0.53 sys=0.48, real=0.48 secs] 
2021-06-06T05:07:07.864+0800: 1971379.544: [GC (Allocation Failure) [PSYoungGen: 484352K->15200K(504320K)] 793132K->323980K(1028608K), 0.0248330 secs] [Times: user=0.03 sys=0.03, real=0.02 secs] 
2021-06-06T05:10:33.460+0800: 1971585.139: [GC (Allocation Failure) [PSYoungGen: 499552K->17408K(504320K)] 808332K->337160K(1028608K), 0.0270514 secs] [Times: user=0.04 sys=0.04, real=0.03 secs] 
2021-06-06T05:13:59.213+0800: 1971790.893: [GC (Allocation Failure) [PSYoungGen: 501760K->16256K(504320K)] 821512K->346550K(1028608K), 0.0362376 secs] [Times: user=0.03 sys=0.03, real=0.03 secs] 
2021-06-06T05:17:21.642+0800: 1971993.322: [GC (Allocation Failure) [PSYoungGen: 500608K->17568K(503808K)] 830902K->358722K(1028096K), 0.0284546 secs] [Times: user=0.04 sys=0.04, real=0.03 secs] 
2021-06-06T05:20:44.497+0800: 1972196.176: [GC (Allocation Failure) [PSYoungGen: 501920K->16704K(504320K)] 843074K->369639K(1028608K), 0.0360351 secs] [Times: user=0.06 sys=0.04, real=0.04 secs] 
2021-06-06T05:24:10.851+0800: 1972402.531: [GC (Allocation Failure) [PSYoungGen: 501056K->15328K(504832K)] 853991K->378820K(1029120K), 0.0327828 secs] [Times: user=0.04 sys=0.04, real=0.04 secs] 
2021-06-06T05:27:38.487+0800: 1972610.167: [GC (Allocation Failure) [PSYoungGen: 500704K->14784K(504832K)] 864196K->387729K(1029120K), 0.0395156 secs] [Times: user=0.05 sys=0.05, real=0.04 secs] 
2021-06-06T05:31:04.673+0800: 1972816.353: [GC (Allocation Failure) [PSYoungGen: 500160K->17184K(504832K)] 873105K->400703K(1029120K), 0.0264418 secs] [Times: user=0.04 sys=0.04, real=0.02 secs] 
2021-06-06T05:34:29.033+0800: 1973020.712: [GC (Allocation Failure) [PSYoungGen: 502560K->16064K(504832K)] 886079K->411708K(1029120K), 0.0387106 secs] [Times: user=0.05 sys=0.05, real=0.03 secs] 
2021-06-06T05:37:54.970+0800: 1973226.650: [GC (Allocation Failure) [PSYoungGen: 501440K->16928K(504832K)] 897084K->422970K(1029120K), 0.0326993 secs] [Times: user=0.05 sys=0.04, real=0.04 secs] 
2021-06-06T05:41:20.809+0800: 1973432.489: [GC (Allocation Failure) [PSYoungGen: 502304K->14944K(504832K)] 908346K->432525K(1029120K), 0.0314854 secs] [Times: user=0.04 sys=0.04, real=0.03 secs] 
2021-06-06T05:44:45.525+0800: 1973637.205: [GC (Allocation Failure) [PSYoungGen: 500320K->14464K(504832K)] 917901K->442162K(1029120K), 0.0293384 secs] [Times: user=0.04 sys=0.04, real=0.03 secs] 
2021-06-06T05:48:09.819+0800: 1973841.499: [GC (Allocation Failure) [PSYoungGen: 499840K->15808K(504832K)] 927538K->453359K(1029120K), 0.0300161 secs] [Times: user=0.04 sys=0.04, real=0.03 secs] 
2021-06-06T05:51:35.140+0800: 1974046.820: [GC (Allocation Failure) [PSYoungGen: 501184K->15648K(505344K)] 938735K->464555K(1029632K), 0.0525808 secs] [Times: user=0.05 sys=0.05, real=0.06 secs] 
2021-06-06T05:55:00.859+0800: 1974252.538: [GC (Allocation Failure) [PSYoungGen: 502048K->14656K(505344K)] 950955K->473865K(1029632K), 0.0332367 secs] [Times: user=0.05 sys=0.05, real=0.04 secs] 
2021-06-06T05:58:29.725+0800: 1974461.405: [GC (Allocation Failure) [PSYoungGen: 501056K->15360K(505856K)] 960265K->485340K(1030144K), 0.0353800 secs] [Times: user=0.05 sys=0.05, real=0.03 secs] 
2021-06-06T06:01:56.111+0800: 1974667.791: [GC (Allocation Failure) [PSYoungGen: 502784K->15392K(505856K)] 972764K->494834K(1030144K), 0.0299109 secs] [Times: user=0.09 sys=0.00, real=0.03 secs] 
2021-06-06T06:05:21.766+0800: 1974873.446: [GC (Allocation Failure) [PSYoungGen: 502816K->16320K(505856K)] 982258K->506343K(1030144K), 0.0333287 secs] [Times: user=0.04 sys=0.04, real=0.03 secs] 
2021-06-06T06:08:49.600+0800: 1975081.280: [GC (Allocation Failure) [PSYoungGen: 503744K->16512K(505856K)] 993767K->517053K(1030144K), 0.0287367 secs] [Times: user=0.05 sys=0.04, real=0.03 secs] 
2021-06-06T06:12:16.604+0800: 1975288.283: [GC (Allocation Failure) [PSYoungGen: 503936K->13248K(505856K)] 1004477K->525296K(1030144K), 0.0475466 secs] [Times: user=0.05 sys=0.05, real=0.04 secs] 
2021-06-06T06:12:16.652+0800: 1975288.332: [Full GC (Ergonomics) [PSYoungGen: 13248K->0K(505856K)] [ParOldGen: 512048K->306817K(524288K)] 525296K->306817K(1030144K), [Metaspace: 96403K->96403K(1138688K)], 0.6165453 secs] [Times: user=0.66 sys=0.61, real=0.62 secs] 
2021-06-06T06:15:41.890+0800: 1975493.570: [GC (Allocation Failure) [PSYoungGen: 487424K->17984K(505856K)] 794241K->324801K(1030144K), 0.0255842 secs] [Times: user=0.04 sys=0.04, real=0.03 secs] 
2021-06-06T06:19:07.245+0800: 1975698.924: [GC (Allocation Failure) [PSYoungGen: 505408K->16160K(504832K)] 812225K->335729K(1029120K), 0.0406678 secs] [Times: user=0.05 sys=0.05, real=0.04 secs] 
2021-06-06T06:22:33.272+0800: 1975904.952: [GC (Allocation Failure) [PSYoungGen: 502560K->15808K(505344K)] 822129K->346471K(1029632K), 0.0369547 secs] [Times: user=0.05 sys=0.04, real=0.04 secs] 
2021-06-06T06:25:58.418+0800: 1976110.098: [GC (Allocation Failure) [PSYoungGen: 502208K->18912K(496128K)] 832871K->360158K(1020416K), 0.0337412 secs] [Times: user=0.04 sys=0.05, real=0.04 secs] 
2021-06-06T06:29:24.117+0800: 1976315.797: [GC (Allocation Failure) [PSYoungGen: 496096K->13632K(500736K)] 837342K->366435K(1025024K), 0.0303364 secs] [Times: user=0.05 sys=0.05, real=0.03 secs] 
2021-06-06T06:32:47.706+0800: 1976519.385: [GC (Allocation Failure) [PSYoungGen: 490816K->15584K(501248K)] 843619K->378862K(1025536K), 0.0322634 secs] [Times: user=0.05 sys=0.04, real=0.03 secs] 
2021-06-06T06:36:10.146+0800: 1976721.825: [GC (Allocation Failure) [PSYoungGen: 493280K->16672K(500736K)] 856558K->389660K(1025024K), 0.0412098 secs] [Times: user=0.05 sys=0.04, real=0.04 secs] 
2021-06-06T06:39:30.518+0800: 1976922.198: [GC (Allocation Failure) [PSYoungGen: 494368K->18592K(501760K)] 867356K->401457K(1026048K), 0.0439302 secs] [Times: user=0.05 sys=0.05, real=0.05 secs] 
2021-06-06T06:42:50.298+0800: 1977121.977: [GC (Allocation Failure) [PSYoungGen: 497824K->18432K(501760K)] 880689K->411929K(1026048K), 0.0331414 secs] [Times: user=0.05 sys=0.05, real=0.03 secs] 
2021-06-06T06:46:11.302+0800: 1977322.982: [GC (Allocation Failure) [PSYoungGen: 497664K->13952K(501760K)] 891161K->419413K(1026048K), 0.0340373 secs] [Times: user=0.04 sys=0.06, real=0.04 secs] 
2021-06-06T06:49:35.025+0800: 1977526.705: [GC (Allocation Failure) [PSYoungGen: 493184K->17440K(501760K)] 898645K->432475K(1026048K), 0.0441545 secs] [Times: user=0.07 sys=0.06, real=0.04 secs] 
2021-06-06T06:53:00.578+0800: 1977732.257: [GC (Allocation Failure) [PSYoungGen: 496672K->14912K(502272K)] 911707K->440615K(1026560K), 0.0283902 secs] [Times: user=0.05 sys=0.04, real=0.03 secs] 
2021-06-06T06:56:23.170+0800: 1977934.849: [GC (Allocation Failure) [PSYoungGen: 494656K->16800K(501760K)] 920359K->453612K(1026048K), 0.0402917 secs] [Times: user=0.05 sys=0.05, real=0.04 secs] 
2021-06-06T06:59:41.261+0800: 1978132.941: [GC (Allocation Failure) [PSYoungGen: 496544K->15786K(502784K)] 933356K->462916K(1027072K), 0.0290132 secs] [Times: user=0.04 sys=0.04, real=0.03 secs] 
2021-06-06T07:03:05.107+0800: 1978336.787: [GC (Allocation Failure) [PSYoungGen: 497066K->15776K(502784K)] 944196K->474769K(1027072K), 0.0342049 secs] [Times: user=0.05 sys=0.04, real=0.03 secs] 
2021-06-06T07:06:28.999+0800: 1978540.679: [GC (Allocation Failure) [PSYoungGen: 497056K->15520K(503296K)] 956049K->484293K(1027584K), 0.0336136 secs] [Times: user=0.05 sys=0.05, real=0.04 secs] 
2021-06-06T07:09:53.376+0800: 1978745.055: [GC (Allocation Failure) [PSYoungGen: 497824K->17440K(503296K)] 966597K->496043K(1027584K), 0.0346040 secs] [Times: user=0.04 sys=0.04, real=0.03 secs] 
2021-06-06T07:13:17.511+0800: 1978949.190: [GC (Allocation Failure) [PSYoungGen: 499744K->18368K(502784K)] 978347K->507376K(1027072K), 0.0332761 secs] [Times: user=0.04 sys=0.04, real=0.04 secs] 
2021-06-06T07:16:43.341+0800: 1979155.021: [GC (Allocation Failure) [PSYoungGen: 500672K->14048K(503296K)] 989680K->513444K(1027584K), 0.0309420 secs] [Times: user=0.04 sys=0.04, real=0.04 secs] 
2021-06-06T07:20:06.175+0800: 1979357.855: [GC (Allocation Failure) [PSYoungGen: 496352K->18880K(502272K)] 995748K->526803K(1026560K), 0.0379978 secs] [Times: user=0.05 sys=0.04, real=0.04 secs] 
2021-06-06T07:23:29.716+0800: 1979561.395: [GC (Allocation Failure) [PSYoungGen: 500160K->16448K(502784K)] 1008083K->535584K(1027072K), 0.0352575 secs] [Times: user=0.06 sys=0.05, real=0.03 secs] 
2021-06-06T07:23:29.751+0800: 1979561.431: [Full GC (Ergonomics) [PSYoungGen: 16448K->0K(502784K)] [ParOldGen: 519136K->315007K(524288K)] 535584K->315007K(1027072K), [Metaspace: 96403K->96403K(1138688K)], 0.5639451 secs] [Times: user=0.58 sys=0.56, real=0.57 secs] 
2021-06-06T07:26:52.757+0800: 1979764.437: [GC (Allocation Failure) [PSYoungGen: 481280K->16576K(503808K)] 796287K->331583K(1028096K), 0.0305265 secs] [Times: user=0.04 sys=0.04, real=0.03 secs] 
2021-06-06T07:30:18.680+0800: 1979970.359: [GC (Allocation Failure) [PSYoungGen: 499392K->15616K(503296K)] 814399K->342083K(1027584K), 0.0335838 secs] [Times: user=0.05 sys=0.05, real=0.04 secs] 
2021-06-06T07:33:43.957+0800: 1980175.637: [GC (Allocation Failure) [PSYoungGen: 498432K->13568K(503808K)] 824899K->351991K(1028096K), 0.0288787 secs] [Times: user=0.03 sys=0.05, real=0.03 secs] 
2021-06-06T07:37:09.473+0800: 1980381.152: [GC (Allocation Failure) [PSYoungGen: 496896K->15488K(503808K)] 835319K->363629K(1028096K), 0.0815942 secs] [Times: user=0.05 sys=0.04, real=0.08 secs] 
2021-06-06T07:40:35.655+0800: 1980587.335: [GC (Allocation Failure) [PSYoungGen: 498816K->16768K(504320K)] 846957K->375796K(1028608K), 0.0295490 secs] [Times: user=0.04 sys=0.04, real=0.03 secs] 
2021-06-06T07:44:01.082+0800: 1980792.762: [GC (Allocation Failure) [PSYoungGen: 500608K->17184K(503808K)] 859636K->388170K(1028096K), 0.0294119 secs] [Times: user=0.05 sys=0.04, real=0.03 secs] 
2021-06-06T07:47:29.679+0800: 1981001.358: [GC (Allocation Failure) [PSYoungGen: 501024K->13312K(503296K)] 872010K->396140K(1027584K), 0.0374489 secs] [Times: user=0.04 sys=0.04, real=0.04 secs] 
2021-06-06T07:50:53.915+0800: 1981205.595: [GC (Allocation Failure) [PSYoungGen: 496640K->16576K(503808K)] 879468K->408713K(1028096K), 0.0326991 secs] [Times: user=0.05 sys=0.05, real=0.03 secs] 
2021-06-06T07:54:16.614+0800: 1981408.293: [GC (Allocation Failure) [PSYoungGen: 499904K->14656K(504320K)] 892041K->418678K(1028608K), 0.0286123 secs] [Times: user=0.05 sys=0.04, real=0.03 secs] 
2021-06-06T07:57:42.027+0800: 1981613.706: [GC (Allocation Failure) [PSYoungGen: 499008K->15456K(504320K)] 903030K->430906K(1028608K), 0.0307483 secs] [Times: user=0.05 sys=0.05, real=0.03 secs] 
2021-06-06T08:01:06.071+0800: 1981817.751: [GC (Allocation Failure) [PSYoungGen: 499808K->17664K(503808K)] 915258K->443640K(1028096K), 0.0320360 secs] [Times: user=0.04 sys=0.04, real=0.04 secs] 
2021-06-06T08:04:31.803+0800: 1982023.483: [GC (Allocation Failure) [PSYoungGen: 502016K->14272K(504320K)] 927992K->451780K(1028608K), 0.0287732 secs] [Times: user=0.04 sys=0.04, real=0.02 secs] 
2021-06-06T08:07:54.132+0800: 1982225.812: [GC (Allocation Failure) [PSYoungGen: 498624K->16256K(504832K)] 936132K->463705K(1029120K), 0.0245345 secs] [Times: user=0.04 sys=0.03, real=0.02 secs] 
2021-06-06T08:11:17.775+0800: 1982429.455: [GC (Allocation Failure) [PSYoungGen: 501120K->15104K(504320K)] 948569K->473709K(1028608K), 0.0259613 secs] [Times: user=0.03 sys=0.03, real=0.02 secs] 
2021-06-06T08:14:44.310+0800: 1982635.990: [GC (Allocation Failure) [PSYoungGen: 499968K->16480K(504832K)] 958573K->484747K(1029120K), 0.0311444 secs] [Times: user=0.04 sys=0.04, real=0.03 secs] 
2021-06-06T08:18:09.408+0800: 1982841.088: [GC (Allocation Failure) [PSYoungGen: 501856K->18560K(504320K)] 970123K->496906K(1028608K), 0.0294058 secs] [Times: user=0.04 sys=0.04, real=0.03 secs] 
2021-06-06T08:21:33.849+0800: 1983045.529: [GC (Allocation Failure) [PSYoungGen: 503936K->18208K(503296K)] 982282K->508936K(1027584K), 0.0405708 secs] [Times: user=0.06 sys=0.05, real=0.04 secs] 
2021-06-06T08:24:59.686+0800: 1983251.366: [GC (Allocation Failure) [PSYoungGen: 501536K->14368K(503808K)] 992264K->517100K(1028096K), 0.0361267 secs] [Times: user=0.05 sys=0.04, real=0.04 secs] 
2021-06-06T08:28:25.187+0800: 1983456.867: [GC (Allocation Failure) [PSYoungGen: 497696K->16768K(504320K)] 1000428K->529833K(1028608K), 0.0297951 secs] [Times: user=0.04 sys=0.04, real=0.03 secs] 
2021-06-06T08:28:25.218+0800: 1983456.897: [Full GC (Ergonomics) [PSYoungGen: 16768K->0K(504320K)] [ParOldGen: 513065K->307636K(524288K)] 529833K->307636K(1028608K), [Metaspace: 96403K->96403K(1138688K)], 0.5998408 secs] [Times: user=0.56 sys=0.50, real=0.60 secs] 
2021-06-06T08:31:53.474+0800: 1983665.154: [GC (Allocation Failure) [PSYoungGen: 483840K->16704K(503808K)] 791476K->324340K(1028096K), 0.0262862 secs] [Times: user=0.04 sys=0.04, real=0.02 secs] 
2021-06-06T08:35:19.989+0800: 1983871.669: [GC (Allocation Failure) [PSYoungGen: 500544K->17728K(504320K)] 808180K->335970K(1028608K), 0.0310765 secs] [Times: user=0.04 sys=0.04, real=0.03 secs] 
2021-06-06T08:38:47.824+0800: 1984079.503: [GC (Allocation Failure) [PSYoungGen: 502080K->14368K(504320K)] 820322K->344887K(1028608K), 0.0277969 secs] [Times: user=0.04 sys=0.04, real=0.02 secs] 
2021-06-06T08:42:14.326+0800: 1984286.005: [GC (Allocation Failure) [PSYoungGen: 498720K->16032K(504320K)] 829239K->354172K(1028608K), 0.0286850 secs] [Times: user=0.04 sys=0.04, real=0.03 secs] 
2021-06-06T08:45:37.105+0800: 1984488.785: [GC (Allocation Failure) [PSYoungGen: 500384K->19936K(504320K)] 838524K->368529K(1028608K), 0.0320475 secs] [Times: user=0.04 sys=0.04, real=0.03 secs] 
2021-06-06T08:49:02.645+0800: 1984694.324: [GC (Allocation Failure) [PSYoungGen: 504288K->16672K(496128K)] 852881K->377414K(1020416K), 0.0353825 secs] [Times: user=0.05 sys=0.05, real=0.03 secs] 
2021-06-06T08:52:24.349+0800: 1984896.029: [GC (Allocation Failure) [PSYoungGen: 492832K->15584K(500224K)] 853574K->387124K(1024512K), 0.0325950 secs] [Times: user=0.04 sys=0.03, real=0.03 secs] 
2021-06-06T08:55:45.495+0800: 1985097.175: [GC (Allocation Failure) [PSYoungGen: 491744K->15680K(500736K)] 863284K->398224K(1025024K), 0.0296824 secs] [Times: user=0.04 sys=0.03, real=0.03 secs] 
2021-06-06T08:59:06.336+0800: 1985298.016: [GC (Allocation Failure) [PSYoungGen: 492352K->16640K(500224K)] 874896K->409527K(1024512K), 0.0936855 secs] [Times: user=0.04 sys=0.03, real=0.09 secs] 
2021-06-06T09:02:26.409+0800: 1985498.089: [GC (Allocation Failure) [PSYoungGen: 493310K->15136K(501248K)] 886197K->420363K(1025536K), 0.0597596 secs] [Times: user=0.04 sys=0.05, real=0.06 secs] 
2021-06-06T09:05:46.659+0800: 1985698.339: [GC (Allocation Failure) [PSYoungGen: 493344K->19424K(501248K)] 898571K->433752K(1025536K), 0.0371201 secs] [Times: user=0.05 sys=0.04, real=0.04 secs] 
2021-06-06T09:09:07.904+0800: 1985899.583: [GC (Allocation Failure) [PSYoungGen: 497632K->15328K(501248K)] 911960K->441516K(1025536K), 0.0422518 secs] [Times: user=0.05 sys=0.06, real=0.04 secs] 
2021-06-06T09:12:29.754+0800: 1986101.433: [GC (Allocation Failure) [PSYoungGen: 493536K->16224K(501248K)] 919724K->452516K(1025536K), 0.0356234 secs] [Times: user=0.04 sys=0.04, real=0.03 secs] 
2021-06-06T09:15:50.591+0800: 1986302.271: [GC (Allocation Failure) [PSYoungGen: 494432K->19168K(501760K)] 930724K->465578K(1026048K), 0.0334764 secs] [Times: user=0.04 sys=0.04, real=0.04 secs] 
2021-06-06T09:19:15.398+0800: 1986507.077: [GC (Allocation Failure) [PSYoungGen: 498400K->15296K(501760K)] 944810K->473478K(1026048K), 0.0374180 secs] [Times: user=0.04 sys=0.04, real=0.04 secs] 
2021-06-06T09:22:36.701+0800: 1986708.380: [GC (Allocation Failure) [PSYoungGen: 494528K->15392K(501760K)] 952710K->484164K(1026048K), 0.0351847 secs] [Times: user=0.05 sys=0.04, real=0.04 secs] 
2021-06-06T09:25:56.455+0800: 1986908.134: [GC (Allocation Failure) [PSYoungGen: 494624K->15616K(501760K)] 963396K->495905K(1026048K), 0.0296443 secs] [Times: user=0.04 sys=0.04, real=0.03 secs] 
2021-06-06T09:29:20.548+0800: 1987112.227: [GC (Allocation Failure) [PSYoungGen: 494848K->15456K(502784K)] 975137K->506208K(1027072K), 0.0286798 secs] [Times: user=0.04 sys=0.03, real=0.03 secs] 
2021-06-06T09:32:43.176+0800: 1987314.855: [GC (Allocation Failure) [PSYoungGen: 496224K->16832K(502272K)] 986976K->517670K(1026560K), 0.0316312 secs] [Times: user=0.04 sys=0.04, real=0.03 secs] 
2021-06-06T09:36:06.196+0800: 1987517.876: [GC (Allocation Failure) [PSYoungGen: 497600K->18336K(502784K)] 998438K->529147K(1027072K), 0.0316238 secs] [Times: user=0.05 sys=0.04, real=0.03 secs] 
2021-06-06T09:39:30.075+0800: 1987721.755: [GC (Allocation Failure) [PSYoungGen: 499616K->16128K(502784K)] 1010427K->536817K(1027072K), 0.0405698 secs] [Times: user=0.05 sys=0.05, real=0.04 secs] 
2021-06-06T09:39:30.116+0800: 1987721.796: [Full GC (Ergonomics) [PSYoungGen: 16128K->0K(502784K)] [ParOldGen: 520689K->317868K(524288K)] 536817K->317868K(1027072K), [Metaspace: 96403K->96403K(1138688K)], 0.5178973 secs] [Times: user=1.15 sys=0.00, real=0.52 secs] 
2021-06-06T09:42:55.793+0800: 1987927.473: [GC (Allocation Failure) [PSYoungGen: 481280K->13216K(502272K)] 799148K->331084K(1026560K), 0.0258103 secs] [Times: user=0.03 sys=0.03, real=0.02 secs] 
2021-06-06T09:46:21.479+0800: 1988133.159: [GC (Allocation Failure) [PSYoungGen: 494496K->16672K(502784K)] 812364K->343873K(1027072K), 0.0362655 secs] [Times: user=0.05 sys=0.05, real=0.04 secs] 
2021-06-06T09:49:44.957+0800: 1988336.637: [GC (Allocation Failure) [PSYoungGen: 497952K->17568K(503296K)] 825153K->354429K(1027584K), 0.0280450 secs] [Times: user=0.04 sys=0.04, real=0.03 secs] 
2021-06-06T09:53:08.767+0800: 1988540.447: [GC (Allocation Failure) [PSYoungGen: 499872K->14784K(503296K)] 836733K->363803K(1027584K), 0.0244478 secs] [Times: user=0.04 sys=0.03, real=0.02 secs] 
2021-06-06T09:56:35.916+0800: 1988747.596: [GC (Allocation Failure) [PSYoungGen: 497088K->12960K(503296K)] 846107K->373206K(1027584K), 0.0252584 secs] [Times: user=0.03 sys=0.03, real=0.02 secs] 
2021-06-06T10:00:01.004+0800: 1988952.687: [GC (Allocation Failure) [PSYoungGen: 495264K->13888K(503296K)] 855510K->384155K(1027584K), 0.0597078 secs] [Times: user=0.04 sys=0.03, real=0.06 secs] 
2021-06-06T10:03:22.845+0800: 1989154.524: [GC (Allocation Failure) [PSYoungGen: 496192K->20736K(501248K)] 866459K->401026K(1025536K), 0.0342761 secs] [Times: user=0.04 sys=0.04, real=0.03 secs] 
2021-06-06T10:06:46.672+0800: 1989358.351: [GC (Allocation Failure) [PSYoungGen: 500992K->15072K(502272K)] 881282K->408078K(1026560K), 0.0312481 secs] [Times: user=0.04 sys=0.04, real=0.04 secs] 
2021-06-06T10:10:10.679+0800: 1989562.358: [GC (Allocation Failure) [PSYoungGen: 495328K->16448K(502784K)] 888334K->420522K(1027072K), 0.0353173 secs] [Times: user=0.05 sys=0.04, real=0.04 secs] 
2021-06-06T10:13:33.374+0800: 1989765.053: [GC (Allocation Failure) [PSYoungGen: 497216K->17216K(502272K)] 901290K->431439K(1026560K), 0.0281571 secs] [Times: user=0.03 sys=0.04, real=0.03 secs] 
2021-06-06T10:16:54.907+0800: 1989966.586: [GC (Allocation Failure) [PSYoungGen: 497984K->16800K(503296K)] 912207K->441349K(1027584K), 0.0266960 secs] [Times: user=0.05 sys=0.04, real=0.03 secs] 
2021-06-06T10:20:17.666+0800: 1990169.345: [GC (Allocation Failure) [PSYoungGen: 498592K->18144K(502784K)] 923141K->454434K(1027072K), 0.0292737 secs] [Times: user=0.04 sys=0.04, real=0.03 secs] 
2021-06-06T10:23:39.745+0800: 1990371.424: [GC (Allocation Failure) [PSYoungGen: 499936K->18080K(502272K)] 936226K->466496K(1026560K), 0.0310236 secs] [Times: user=0.04 sys=0.04, real=0.03 secs] 
2021-06-06T10:27:03.097+0800: 1990574.777: [GC (Allocation Failure) [PSYoungGen: 499360K->16224K(502784K)] 947776K->476340K(1027072K), 0.0574327 secs] [Times: user=0.04 sys=0.04, real=0.06 secs] 
2021-06-06T10:30:25.598+0800: 1990777.278: [GC (Allocation Failure) [PSYoungGen: 497504K->17312K(503296K)] 957620K->487747K(1027584K), 0.0293227 secs] [Times: user=0.05 sys=0.03, real=0.03 secs] 
2021-06-06T10:33:51.571+0800: 1990983.251: [GC (Allocation Failure) [PSYoungGen: 499616K->13024K(503296K)] 970051K->495671K(1027584K), 0.0324537 secs] [Times: user=0.04 sys=0.04, real=0.04 secs] 
2021-06-06T10:37:16.582+0800: 1991188.262: [GC (Allocation Failure) [PSYoungGen: 495328K->15712K(503296K)] 977975K->507771K(1027584K), 0.0297585 secs] [Times: user=0.04 sys=0.04, real=0.03 secs] 
2021-06-06T10:40:43.712+0800: 1991395.391: [GC (Allocation Failure) [PSYoungGen: 498016K->15136K(503296K)] 990075K->516800K(1027584K), 0.0314160 secs] [Times: user=0.04 sys=0.04, real=0.04 secs] 
2021-06-06T10:44:08.024+0800: 1991599.704: [GC (Allocation Failure) [PSYoungGen: 497440K->16256K(504320K)] 999104K->527550K(1028608K), 0.0290484 secs] [Times: user=0.04 sys=0.03, real=0.03 secs] 
2021-06-06T10:44:08.054+0800: 1991599.733: [Full GC (Ergonomics) [PSYoungGen: 16256K->0K(504320K)] [ParOldGen: 511294K->303907K(524288K)] 527550K->303907K(1028608K), [Metaspace: 96403K->96400K(1138688K)], 0.4977396 secs] [Times: user=0.51 sys=0.48, real=0.49 secs] 
2021-06-06T10:47:32.404+0800: 1991804.084: [GC (Allocation Failure) [PSYoungGen: 483840K->15744K(503808K)] 787747K->319651K(1028096K), 0.0320755 secs] [Times: user=0.04 sys=0.04, real=0.03 secs] 
2021-06-06T10:50:54.840+0800: 1992006.520: [GC (Allocation Failure) [PSYoungGen: 499584K->18272K(503296K)] 803491K->332943K(1027584K), 0.0614932 secs] [Times: user=0.05 sys=0.04, real=0.06 secs] 
2021-06-06T10:54:19.935+0800: 1992211.614: [GC (Allocation Failure) [PSYoungGen: 501600K->18080K(503808K)] 816271K->344197K(1028096K), 0.0684389 secs] [Times: user=0.04 sys=0.05, real=0.07 secs] 
2021-06-06T10:57:44.963+0800: 1992416.643: [GC (Allocation Failure) [PSYoungGen: 501408K->15904K(503808K)] 827525K->352274K(1028096K), 0.0559618 secs] [Times: user=0.04 sys=0.04, real=0.05 secs] 
2021-06-06T11:01:08.859+0800: 1992620.538: [GC (Allocation Failure) [PSYoungGen: 499232K->18432K(503808K)] 835602K->364655K(1028096K), 0.0691014 secs] [Times: user=0.05 sys=0.04, real=0.07 secs] 
2021-06-06T11:04:32.984+0800: 1992824.664: [GC (Allocation Failure) [PSYoungGen: 501760K->15584K(503808K)] 847983K->373276K(1028096K), 0.0326969 secs] [Times: user=0.04 sys=0.04, real=0.03 secs] 
2021-06-06T11:07:58.207+0800: 1993029.887: [GC (Allocation Failure) [PSYoungGen: 498912K->15872K(503808K)] 856604K->382825K(1028096K), 0.0302778 secs] [Times: user=0.04 sys=0.03, real=0.03 secs] 
2021-06-06T11:11:19.804+0800: 1993231.483: [GC (Allocation Failure) [PSYoungGen: 499200K->17088K(504320K)] 866153K->395532K(1028608K), 0.0301587 secs] [Times: user=0.04 sys=0.04, real=0.03 secs] 
2021-06-06T11:14:44.579+0800: 1993436.258: [GC (Allocation Failure) [PSYoungGen: 501440K->17440K(504320K)] 879884K->405498K(1028608K), 0.0271374 secs] [Times: user=0.04 sys=0.03, real=0.03 secs] 
2021-06-06T11:18:09.777+0800: 1993641.457: [GC (Allocation Failure) [PSYoungGen: 501792K->14464K(504320K)] 889850K->413374K(1028608K), 0.0266725 secs] [Times: user=0.04 sys=0.04, real=0.03 secs] 
2021-06-06T11:21:35.069+0800: 1993846.749: [GC (Allocation Failure) [PSYoungGen: 498816K->15616K(504320K)] 897726K->424468K(1028608K), 0.0285677 secs] [Times: user=0.04 sys=0.03, real=0.03 secs] 
2021-06-06T11:25:02.128+0800: 1994053.807: [GC (Allocation Failure) [PSYoungGen: 499968K->16416K(504832K)] 908820K->436993K(1029120K), 0.0342057 secs] [Times: user=0.05 sys=0.04, real=0.04 secs] 
2021-06-06T11:28:25.592+0800: 1994257.272: [GC (Allocation Failure) [PSYoungGen: 501280K->18432K(504320K)] 921857K->449752K(1028608K), 0.0316022 secs] [Times: user=0.05 sys=0.04, real=0.03 secs] 
2021-06-06T11:31:51.149+0800: 1994462.829: [GC (Allocation Failure) [PSYoungGen: 503296K->13536K(503296K)] 934616K->455933K(1027584K), 0.0278569 secs] [Times: user=0.04 sys=0.04, real=0.03 secs] 
2021-06-06T11:35:16.451+0800: 1994668.131: [GC (Allocation Failure) [PSYoungGen: 496864K->16768K(503808K)] 939261K->469313K(1028096K), 0.0334332 secs] [Times: user=0.03 sys=0.04, real=0.04 secs] 
2021-06-06T11:38:41.211+0800: 1994872.890: [GC (Allocation Failure) [PSYoungGen: 500096K->17760K(503296K)] 952641K->480664K(1027584K), 0.0989325 secs] [Times: user=0.06 sys=0.06, real=0.10 secs] 
2021-06-06T11:42:05.913+0800: 1995077.592: [GC (Allocation Failure) [PSYoungGen: 501088K->17088K(503808K)] 963992K->490957K(1028096K), 0.0396489 secs] [Times: user=0.05 sys=0.05, real=0.04 secs] 
2021-06-06T11:45:29.324+0800: 1995281.004: [GC (Allocation Failure) [PSYoungGen: 500416K->16288K(504320K)] 974285K->501155K(1028608K), 0.0454496 secs] [Times: user=0.05 sys=0.05, real=0.04 secs] 
2021-06-06T11:48:53.134+0800: 1995484.814: [GC (Allocation Failure) [PSYoungGen: 500640K->17408K(504320K)] 985507K->513752K(1028608K), 0.0445817 secs] [Times: user=0.05 sys=0.05, real=0.04 secs] 
2021-06-06T11:52:17.896+0800: 1995689.576: [GC (Allocation Failure) [PSYoungGen: 501760K->17792K(504320K)] 998104K->525614K(1028608K), 0.0369326 secs] [Times: user=0.04 sys=0.05, real=0.04 secs] 
2021-06-06T11:55:43.085+0800: 1995894.765: [GC (Allocation Failure) [PSYoungGen: 502144K->14720K(504320K)] 1009966K->533928K(1028608K), 0.0297291 secs] [Times: user=0.04 sys=0.04, real=0.03 secs] 
2021-06-06T11:55:43.116+0800: 1995894.795: [Full GC (Ergonomics) [PSYoungGen: 14720K->0K(504320K)] [ParOldGen: 519208K->315651K(524288K)] 533928K->315651K(1028608K), [Metaspace: 96403K->96403K(1138688K)], 0.4609174 secs] [Times: user=1.00 sys=0.00, real=0.46 secs] 
2021-06-06T11:59:08.984+0800: 1996100.663: [GC (Allocation Failure) [PSYoungGen: 484352K->14272K(504320K)] 800003K->329923K(1028608K), 0.0250585 secs] [Times: user=0.04 sys=0.03, real=0.02 secs] 
2021-06-06T12:02:37.269+0800: 1996308.949: [GC (Allocation Failure) [PSYoungGen: 498624K->15104K(504320K)] 814275K->340952K(1028608K), 0.0320886 secs] [Times: user=0.08 sys=0.00, real=0.03 secs] 
2021-06-06T12:06:04.454+0800: 1996516.134: [GC (Allocation Failure) [PSYoungGen: 499456K->14016K(504320K)] 825304K->350100K(1028608K), 0.0290132 secs] [Times: user=0.04 sys=0.04, real=0.03 secs] 
2021-06-06T12:09:27.998+0800: 1996719.678: [GC (Allocation Failure) [PSYoungGen: 498368K->17248K(504320K)] 834452K->363099K(1028608K), 0.0302641 secs] [Times: user=0.04 sys=0.04, real=0.03 secs] 
2021-06-06T12:12:52.955+0800: 1996924.634: [GC (Allocation Failure) [PSYoungGen: 501600K->15424K(504320K)] 847451K->372400K(1028608K), 0.0251671 secs] [Times: user=0.04 sys=0.03, real=0.02 secs] 
2021-06-06T12:16:16.914+0800: 1997128.594: [GC (Allocation Failure) [PSYoungGen: 499775K->16032K(504320K)] 856751K->382395K(1028608K), 0.0287291 secs] [Times: user=0.04 sys=0.04, real=0.03 secs] 
2021-06-06T12:19:41.580+0800: 1997333.259: [GC (Allocation Failure) [PSYoungGen: 500384K->16992K(504832K)] 866747K->392736K(1029120K), 0.0301775 secs] [Times: user=0.05 sys=0.03, real=0.03 secs] 
2021-06-06T12:23:10.157+0800: 1997541.837: [GC (Allocation Failure) [PSYoungGen: 502368K->13024K(498688K)] 878112K->399020K(1022976K), 0.0249963 secs] [Times: user=0.03 sys=0.04, real=0.03 secs] 
2021-06-06T12:26:35.072+0800: 1997746.752: [GC (Allocation Failure) [PSYoungGen: 498400K->16992K(504320K)] 884396K->411506K(1028608K), 0.0258590 secs] [Times: user=0.03 sys=0.03, real=0.02 secs] 
2021-06-06T12:29:56.492+0800: 1997948.172: [GC (Allocation Failure) [PSYoungGen: 501344K->17952K(504320K)] 895858K->423864K(1028608K), 0.0271040 secs] [Times: user=0.04 sys=0.03, real=0.03 secs] 
2021-06-06T12:33:23.284+0800: 1998154.964: [GC (Allocation Failure) [PSYoungGen: 502304K->16544K(504320K)] 908216K->434054K(1028608K), 0.0277428 secs] [Times: user=0.04 sys=0.04, real=0.02 secs] 
2021-06-06T12:36:50.988+0800: 1998362.673: [GC (Allocation Failure) [PSYoungGen: 500896K->15136K(504320K)] 918406K->443401K(1028608K), 0.0800591 secs] [Times: user=0.04 sys=0.04, real=0.08 secs] 
2021-06-06T12:40:17.166+0800: 1998568.845: [GC (Allocation Failure) [PSYoungGen: 499488K->13664K(504320K)] 927753K->453154K(1028608K), 0.0252979 secs] [Times: user=0.03 sys=0.04, real=0.02 secs] 
2021-06-06T12:43:43.604+0800: 1998775.284: [GC (Allocation Failure) [PSYoungGen: 498016K->17152K(504320K)] 937506K->465257K(1028608K), 0.0312356 secs] [Times: user=0.04 sys=0.04, real=0.03 secs] 
2021-06-06T12:47:08.595+0800: 1998980.275: [GC (Allocation Failure) [PSYoungGen: 501504K->15584K(504832K)] 949609K->474462K(1029120K), 0.0266746 secs] [Times: user=0.07 sys=0.00, real=0.03 secs] 
2021-06-06T12:50:33.831+0800: 1999185.510: [GC (Allocation Failure) [PSYoungGen: 500448K->18336K(504320K)] 959326K->487100K(1028608K), 0.0320922 secs] [Times: user=0.05 sys=0.04, real=0.04 secs] 
2021-06-06T12:53:58.202+0800: 1999389.882: [GC (Allocation Failure) [PSYoungGen: 503200K->18144K(503296K)] 971964K->498121K(1027584K), 0.0304534 secs] [Times: user=0.04 sys=0.04, real=0.04 secs] 
2021-06-06T12:57:19.838+0800: 1999591.518: [GC (Allocation Failure) [PSYoungGen: 501472K->13514K(503808K)] 981449K->504408K(1028096K), 0.0241213 secs] [Times: user=0.04 sys=0.04, real=0.03 secs] 
2021-06-06T13:00:42.749+0800: 1999794.429: [GC (Allocation Failure) [PSYoungGen: 496842K->19040K(501760K)] 987736K->519022K(1026048K), 0.0324800 secs] [Times: user=0.04 sys=0.04, real=0.03 secs] 
2021-06-06T13:04:05.657+0800: 1999997.337: [GC (Allocation Failure) [PSYoungGen: 500320K->16512K(502784K)] 1000302K->527771K(1027072K), 0.0312207 secs] [Times: user=0.05 sys=0.04, real=0.03 secs] 
2021-06-06T13:07:29.548+0800: 2000201.228: [GC (Allocation Failure) [PSYoungGen: 497792K->15424K(503808K)] 1009051K->537712K(1028096K), 0.0249795 secs] [Times: user=0.04 sys=0.04, real=0.03 secs] 
2021-06-06T13:07:29.574+0800: 2000201.253: [Full GC (Ergonomics) [PSYoungGen: 15424K->0K(503808K)] [ParOldGen: 522288K->312055K(524288K)] 537712K->312055K(1028096K), [Metaspace: 96403K->96403K(1138688K)], 0.4213171 secs] [Times: user=0.49 sys=0.45, real=0.42 secs] 
2021-06-06T13:10:51.625+0800: 2000403.305: [GC (Allocation Failure) [PSYoungGen: 482816K->16160K(503296K)] 794871K->328215K(1027584K), 0.0477685 secs] [Times: user=0.02 sys=0.03, real=0.05 secs] 
2021-06-06T13:14:15.567+0800: 2000607.246: [GC (Allocation Failure) [PSYoungGen: 498976K->17568K(503808K)] 811031K->341091K(1028096K), 0.0291723 secs] [Times: user=0.04 sys=0.04, real=0.03 secs] 
2021-06-06T13:17:39.139+0800: 2000810.818: [GC (Allocation Failure) [PSYoungGen: 500896K->19584K(503296K)] 824419K->354961K(1027584K), 0.0363182 secs] [Times: user=0.05 sys=0.05, real=0.04 secs] 
2021-06-06T13:21:04.171+0800: 2001015.851: [GC (Allocation Failure) [PSYoungGen: 502912K->14240K(503296K)] 838289K->361044K(1027584K), 0.0310545 secs] [Times: user=0.05 sys=0.04, real=0.04 secs] 
2021-06-06T13:24:30.428+0800: 2001222.108: [GC (Allocation Failure) [PSYoungGen: 496544K->13344K(496128K)] 843348K->369303K(1020416K), 0.0343991 secs] [Times: user=0.04 sys=0.05, real=0.04 secs] 
2021-06-06T13:27:56.995+0800: 2001428.674: [GC (Allocation Failure) [PSYoungGen: 495648K->15424K(503296K)] 851607K->380957K(1027584K), 0.0805899 secs] [Times: user=0.06 sys=0.05, real=0.08 secs] 
2021-06-06T13:31:19.401+0800: 2001631.081: [GC (Allocation Failure) [PSYoungGen: 497216K->16640K(502784K)] 862749K->391914K(1027072K), 0.0322802 secs] [Times: user=0.04 sys=0.04, real=0.04 secs] 
2021-06-06T13:34:46.338+0800: 2001838.018: [GC (Allocation Failure) [PSYoungGen: 498432K->13920K(503808K)] 873706K->399471K(1028096K), 0.0363821 secs] [Times: user=0.10 sys=0.00, real=0.04 secs] 
2021-06-06T13:38:09.807+0800: 2002041.486: [GC (Allocation Failure) [PSYoungGen: 497246K->18240K(501760K)] 882797K->413693K(1026048K), 0.0388357 secs] [Times: user=0.05 sys=0.04, real=0.04 secs] 
2021-06-06T13:41:35.032+0800: 2002246.712: [GC (Allocation Failure) [PSYoungGen: 501568K->17152K(503296K)] 897021K->422908K(1027584K), 0.0382399 secs] [Times: user=0.06 sys=0.05, real=0.03 secs] 
2021-06-06T13:44:57.989+0800: 2002449.669: [GC (Allocation Failure) [PSYoungGen: 499456K->15744K(503296K)] 905212K->433233K(1027584K), 0.0304188 secs] [Times: user=0.04 sys=0.04, real=0.03 secs] 
2021-06-06T13:48:21.132+0800: 2002652.811: [GC (Allocation Failure) [PSYoungGen: 498048K->14176K(503808K)] 915537K->441821K(1028096K), 0.0290354 secs] [Times: user=0.05 sys=0.04, real=0.03 secs] 
2021-06-06T13:51:44.777+0800: 2002856.457: [GC (Allocation Failure) [PSYoungGen: 497504K->17984K(501760K)] 925149K->454643K(1026048K), 0.0349603 secs] [Times: user=0.05 sys=0.04, real=0.04 secs] 
2021-06-06T13:55:09.257+0800: 2003060.937: [GC (Allocation Failure) [PSYoungGen: 501312K->15648K(503808K)] 937971K->464790K(1028096K), 0.0349198 secs] [Times: user=0.04 sys=0.04, real=0.04 secs] 
2021-06-06T13:58:32.756+0800: 2003264.436: [GC (Allocation Failure) [PSYoungGen: 498464K->16640K(503296K)] 947606K->475812K(1027584K), 0.0307366 secs] [Times: user=0.05 sys=0.05, real=0.03 secs] 
2021-06-06T14:01:59.641+0800: 2003471.320: [GC (Allocation Failure) [PSYoungGen: 499456K->16448K(504320K)] 958628K->487112K(1028608K), 0.0336838 secs] [Times: user=0.05 sys=0.05, real=0.04 secs] 
2021-06-06T14:05:23.243+0800: 2003674.923: [GC (Allocation Failure) [PSYoungGen: 500288K->16736K(503808K)] 970952K->497812K(1028096K), 0.0319744 secs] [Times: user=0.04 sys=0.04, real=0.03 secs] 
2021-06-06T14:08:48.630+0800: 2003880.310: [GC (Allocation Failure) [PSYoungGen: 500576K->16000K(504832K)] 981652K->508057K(1029120K), 0.0320916 secs] [Times: user=0.05 sys=0.04, real=0.04 secs] 
2021-06-06T14:12:13.501+0800: 2004085.181: [GC (Allocation Failure) [PSYoungGen: 500864K->15936K(504320K)] 992921K->518608K(1028608K), 0.0620200 secs] [Times: user=0.09 sys=0.00, real=0.07 secs] 
2021-06-06T14:15:38.964+0800: 2004290.644: [GC (Allocation Failure) [PSYoungGen: 500800K->15168K(505344K)] 1003472K->528549K(1029632K), 0.0444068 secs] [Times: user=0.04 sys=0.05, real=0.04 secs] 
2021-06-06T14:15:39.009+0800: 2004290.688: [Full GC (Ergonomics) [PSYoungGen: 15168K->0K(505344K)] [ParOldGen: 513381K->307259K(524288K)] 528549K->307259K(1029632K), [Metaspace: 96403K->96400K(1138688K)], 0.4858182 secs] [Times: user=0.54 sys=0.49, real=0.49 secs] 
2021-06-06T14:19:04.883+0800: 2004496.563: [GC (Allocation Failure) [PSYoungGen: 485888K->15232K(504832K)] 793147K->322491K(1029120K), 0.0263950 secs] [Times: user=0.03 sys=0.04, real=0.02 secs] 
2021-06-06T14:22:31.331+0800: 2004703.010: [GC (Allocation Failure) [PSYoungGen: 501120K->17280K(504320K)] 808379K->336149K(1028608K), 0.0315714 secs] [Times: user=0.05 sys=0.04, real=0.04 secs] 
2021-06-06T14:25:56.000+0800: 2004907.680: [GC (Allocation Failure) [PSYoungGen: 502656K->16448K(504832K)] 821525K->346865K(1029120K), 0.0342724 secs] [Times: user=0.05 sys=0.05, real=0.04 secs] 
2021-06-06T14:29:21.887+0800: 2005113.567: [GC (Allocation Failure) [PSYoungGen: 501824K->13824K(505344K)] 832241K->354892K(1029632K), 0.0294433 secs] [Times: user=0.04 sys=0.04, real=0.03 secs] 
2021-06-06T14:32:49.351+0800: 2005321.031: [GC (Allocation Failure) [PSYoungGen: 500224K->16096K(505344K)] 841292K->367329K(1029632K), 0.0312906 secs] [Times: user=0.04 sys=0.04, real=0.04 secs] 
2021-06-06T14:36:14.447+0800: 2005526.126: [GC (Allocation Failure) [PSYoungGen: 502496K->15520K(505344K)] 853729K->377607K(1029632K), 0.0321957 secs] [Times: user=0.04 sys=0.04, real=0.03 secs] 
2021-06-06T14:39:38.480+0800: 2005730.160: [GC (Allocation Failure) [PSYoungGen: 501920K->16064K(505344K)] 864007K->389035K(1029632K), 0.0424769 secs] [Times: user=0.04 sys=0.05, real=0.05 secs] 
2021-06-06T14:43:03.721+0800: 2005935.401: [GC (Allocation Failure) [PSYoungGen: 502464K->17376K(504832K)] 875435K->400736K(1029120K), 0.0340126 secs] [Times: user=0.04 sys=0.05, real=0.04 secs] 
2021-06-06T14:46:29.192+0800: 2006140.872: [GC (Allocation Failure) [PSYoungGen: 503776K->17248K(505344K)] 887136K->411573K(1029632K), 0.0339369 secs] [Times: user=0.03 sys=0.05, real=0.03 secs] 
2021-06-06T14:49:54.067+0800: 2006345.747: [GC (Allocation Failure) [PSYoungGen: 503648K->16032K(505344K)] 897973K->420690K(1029632K), 0.0377221 secs] [Times: user=0.05 sys=0.05, real=0.04 secs] 
2021-06-06T14:53:20.837+0800: 2006552.517: [GC (Allocation Failure) [PSYoungGen: 502432K->13888K(505344K)] 907090K->428797K(1029632K), 0.0310166 secs] [Times: user=0.04 sys=0.04, real=0.03 secs] 
2021-06-06T14:56:45.734+0800: 2006757.413: [GC (Allocation Failure) [PSYoungGen: 500288K->17184K(505344K)] 915197K->441465K(1029632K), 0.0380988 secs] [Times: user=0.05 sys=0.04, real=0.04 secs] 
2021-06-06T15:00:14.427+0800: 2006966.107: [GC (Allocation Failure) [PSYoungGen: 503584K->14560K(505344K)] 927865K->449453K(1029632K), 0.0274557 secs] [Times: user=0.04 sys=0.04, real=0.03 secs] 
2021-06-06T15:03:40.481+0800: 2007172.160: [GC (Allocation Failure) [PSYoungGen: 500960K->16928K(505344K)] 935853K->461003K(1029632K), 0.0530421 secs] [Times: user=0.04 sys=0.04, real=0.06 secs] 
2021-06-06T15:07:05.839+0800: 2007377.519: [GC (Allocation Failure) [PSYoungGen: 503328K->16096K(505344K)] 947403K->470289K(1029632K), 0.0302450 secs] [Times: user=0.04 sys=0.04, real=0.03 secs] 
2021-06-06T15:10:33.463+0800: 2007585.142: [GC (Allocation Failure) [PSYoungGen: 502496K->14208K(505344K)] 956689K->479413K(1029632K), 0.0297031 secs] [Times: user=0.04 sys=0.04, real=0.03 secs] 
2021-06-06T15:13:57.584+0800: 2007789.263: [GC (Allocation Failure) [PSYoungGen: 500608K->16032K(505344K)] 965813K->491617K(1029632K), 0.0266244 secs] [Times: user=0.04 sys=0.03, real=0.02 secs] 
2021-06-06T15:17:22.794+0800: 2007994.474: [GC (Allocation Failure) [PSYoungGen: 502432K->13920K(505344K)] 978017K->500869K(1029632K), 0.0293011 secs] [Times: user=0.04 sys=0.04, real=0.03 secs] 
2021-06-06T15:20:51.049+0800: 2008202.729: [GC (Allocation Failure) [PSYoungGen: 500320K->16832K(505344K)] 987269K->512827K(1029632K), 0.0479945 secs] [Times: user=0.04 sys=0.04, real=0.05 secs] 
2021-06-06T15:24:14.908+0800: 2008406.587: [GC (Allocation Failure) [PSYoungGen: 503232K->18112K(504320K)] 999227K->524240K(1028608K), 0.0616389 secs] [Times: user=0.06 sys=0.06, real=0.06 secs] 
2021-06-06T15:27:39.680+0800: 2008611.360: [GC (Allocation Failure) [PSYoungGen: 503488K->13888K(504832K)] 1009616K->531540K(1029120K), 0.0372556 secs] [Times: user=0.05 sys=0.06, real=0.04 secs] 
2021-06-06T15:27:39.718+0800: 2008611.398: [Full GC (Ergonomics) [PSYoungGen: 13888K->0K(504832K)] [ParOldGen: 517652K->312011K(524288K)] 531540K->312011K(1029120K), [Metaspace: 96403K->96403K(1138688K)], 0.5941415 secs] [Times: user=1.12 sys=0.00, real=0.60 secs] 
2021-06-06T15:31:04.384+0800: 2008816.064: [GC (Allocation Failure) [PSYoungGen: 485376K->16992K(504832K)] 797387K->329003K(1029120K), 0.0270191 secs] [Times: user=0.04 sys=0.04, real=0.02 secs] 
2021-06-06T15:34:29.063+0800: 2009020.742: [GC (Allocation Failure) [PSYoungGen: 502368K->17792K(503296K)] 814379K->341377K(1027584K), 0.0292884 secs] [Times: user=0.05 sys=0.04, real=0.03 secs] 
2021-06-06T15:37:54.285+0800: 2009225.964: [GC (Allocation Failure) [PSYoungGen: 503168K->15008K(504320K)] 826753K->349710K(1028608K), 0.0271332 secs] [Times: user=0.04 sys=0.03, real=0.02 secs] 
2021-06-06T15:41:17.733+0800: 2009429.413: [GC (Allocation Failure) [PSYoungGen: 499360K->17696K(504320K)] 834062K->361308K(1028608K), 0.0298830 secs] [Times: user=0.04 sys=0.04, real=0.03 secs] 
2021-06-06T15:44:43.090+0800: 2009634.770: [GC (Allocation Failure) [PSYoungGen: 502048K->15104K(504320K)] 845660K->368169K(1028608K), 0.0260423 secs] [Times: user=0.03 sys=0.03, real=0.03 secs] 
2021-06-06T15:48:05.373+0800: 2009837.052: [GC (Allocation Failure) [PSYoungGen: 499456K->19936K(504320K)] 852521K->383000K(1028608K), 0.0371438 secs] [Times: user=0.04 sys=0.04, real=0.03 secs] 
2021-06-06T15:51:27.222+0800: 2010038.901: [GC (Allocation Failure) [PSYoungGen: 504288K->17792K(496128K)] 867352K->392751K(1020416K), 0.0328747 secs] [Times: user=0.04 sys=0.04, real=0.04 secs] 
2021-06-06T15:54:46.710+0800: 2010238.389: [GC (Allocation Failure) [PSYoungGen: 493952K->16128K(500224K)] 868911K->404002K(1024512K), 0.0350251 secs] [Times: user=0.04 sys=0.04, real=0.04 secs] 
2021-06-06T15:58:06.406+0800: 2010438.085: [GC (Allocation Failure) [PSYoungGen: 492288K->16192K(501248K)] 880162K->415120K(1025536K), 0.0267525 secs] [Times: user=0.04 sys=0.04, real=0.03 secs] 
2021-06-06T16:01:27.922+0800: 2010639.602: [GC (Allocation Failure) [PSYoungGen: 493888K->17088K(500736K)] 892816K->428172K(1025024K), 0.0369945 secs] [Times: user=0.04 sys=0.04, real=0.03 secs] 
2021-06-06T16:04:50.072+0800: 2010841.752: [GC (Allocation Failure) [PSYoungGen: 494784K->17568K(501760K)] 905868K->439650K(1026048K), 0.0285873 secs] [Times: user=0.04 sys=0.04, real=0.03 secs] 
2021-06-06T16:08:12.503+0800: 2011044.182: [GC (Allocation Failure) [PSYoungGen: 496800K->13824K(501760K)] 918882K->446671K(1026048K), 0.0284656 secs] [Times: user=0.04 sys=0.05, real=0.02 secs] 
2021-06-06T16:11:35.684+0800: 2011247.363: [GC (Allocation Failure) [PSYoungGen: 493056K->16576K(502272K)] 925903K->458501K(1026560K), 0.0298179 secs] [Times: user=0.04 sys=0.03, real=0.03 secs] 
2021-06-06T16:14:57.964+0800: 2011449.644: [GC (Allocation Failure) [PSYoungGen: 496320K->17120K(501760K)] 938245K->468843K(1026048K), 0.0290810 secs] [Times: user=0.04 sys=0.04, real=0.03 secs] 
2021-06-06T16:18:21.245+0800: 2011652.925: [GC (Allocation Failure) [PSYoungGen: 496856K->15232K(502784K)] 948580K->478256K(1027072K), 0.0283647 secs] [Times: user=0.04 sys=0.04, real=0.03 secs] 
2021-06-06T16:21:44.678+0800: 2011856.357: [GC (Allocation Failure) [PSYoungGen: 496512K->14816K(502784K)] 959536K->487372K(1027072K), 0.0279930 secs] [Times: user=0.04 sys=0.03, real=0.03 secs] 
2021-06-06T16:25:06.010+0800: 2012057.690: [GC (Allocation Failure) [PSYoungGen: 496096K->16704K(503296K)] 968652K->498210K(1027584K), 0.0283361 secs] [Times: user=0.05 sys=0.03, real=0.03 secs] 
2021-06-06T16:28:28.973+0800: 2012260.653: [GC (Allocation Failure) [PSYoungGen: 498496K->15904K(502784K)] 980002K->509383K(1027072K), 0.0268663 secs] [Times: user=0.03 sys=0.04, real=0.02 secs] 
2021-06-06T16:31:49.448+0800: 2012461.127: [GC (Allocation Failure) [PSYoungGen: 497696K->17664K(503808K)] 991175K->521677K(1028096K), 0.0267656 secs] [Times: user=0.03 sys=0.04, real=0.03 secs] 
2021-06-06T16:35:14.603+0800: 2012666.282: [GC (Allocation Failure) [PSYoungGen: 500992K->16288K(503808K)] 1005005K->531761K(1028096K), 0.0312617 secs] [Times: user=0.04 sys=0.04, real=0.03 secs] 
2021-06-06T16:35:14.635+0800: 2012666.314: [Full GC (Ergonomics) [PSYoungGen: 16288K->0K(503808K)] [ParOldGen: 515473K->310722K(524288K)] 531761K->310722K(1028096K), [Metaspace: 96403K->96403K(1138688K)], 0.4967362 secs] [Times: user=1.04 sys=0.00, real=0.49 secs] 
2021-06-06T16:38:43.189+0800: 2012874.869: [GC (Allocation Failure) [PSYoungGen: 483328K->14016K(503808K)] 794050K->324738K(1028096K), 0.0221896 secs] [Times: user=0.03 sys=0.03, real=0.02 secs] 
2021-06-06T16:42:10.011+0800: 2013081.691: [GC (Allocation Failure) [PSYoungGen: 497344K->17472K(503808K)] 808066K->338815K(1028096K), 0.0302543 secs] [Times: user=0.04 sys=0.04, real=0.03 secs] 
2021-06-06T16:45:32.912+0800: 2013284.592: [GC (Allocation Failure) [PSYoungGen: 500800K->16128K(504320K)] 822143K->348277K(1028608K), 0.0325746 secs] [Times: user=0.04 sys=0.04, real=0.03 secs] 
2021-06-06T16:48:56.748+0800: 2013488.428: [GC (Allocation Failure) [PSYoungGen: 499968K->15904K(503808K)] 832117K->357978K(1028096K), 0.0270961 secs] [Times: user=0.07 sys=0.00, real=0.03 secs] 
2021-06-06T16:52:22.172+0800: 2013693.852: [GC (Allocation Failure) [PSYoungGen: 499743K->14624K(504320K)] 841817K->367319K(1028608K), 0.0367764 secs] [Times: user=0.03 sys=0.04, real=0.04 secs] 
2021-06-06T16:55:46.014+0800: 2013897.694: [GC (Allocation Failure) [PSYoungGen: 498976K->14048K(504320K)] 851671K->376516K(1028608K), 0.0758309 secs] [Times: user=0.03 sys=0.04, real=0.07 secs] 
2021-06-06T16:59:07.784+0800: 2014099.463: [GC (Allocation Failure) [PSYoungGen: 498400K->17024K(504320K)] 860868K->388967K(1028608K), 0.0386821 secs] [Times: user=0.04 sys=0.04, real=0.04 secs] 
2021-06-06T17:02:33.914+0800: 2014305.593: [GC (Allocation Failure) [PSYoungGen: 501376K->16064K(504320K)] 873319K->399005K(1028608K), 0.0295343 secs] [Times: user=0.08 sys=0.00, real=0.03 secs] 
2021-06-06T17:05:59.837+0800: 2014511.517: [GC (Allocation Failure) [PSYoungGen: 500416K->17152K(504832K)] 883357K->410100K(1029120K), 0.0274793 secs] [Times: user=0.03 sys=0.04, real=0.03 secs] 
2021-06-06T17:09:25.308+0800: 2014716.988: [GC (Allocation Failure) [PSYoungGen: 502528K->16992K(504832K)] 895476K->421648K(1029120K), 0.0281987 secs] [Times: user=0.08 sys=0.00, real=0.03 secs] 
2021-06-06T17:12:49.545+0800: 2014921.224: [GC (Allocation Failure) [PSYoungGen: 502368K->17664K(503808K)] 907024K->433575K(1028096K), 0.0279742 secs] [Times: user=0.04 sys=0.04, real=0.03 secs] 
2021-06-06T17:16:15.180+0800: 2015126.859: [GC (Allocation Failure) [PSYoungGen: 502016K->15520K(504320K)] 917927K->441309K(1028608K), 0.0277368 secs] [Times: user=0.04 sys=0.04, real=0.03 secs] 
2021-06-06T17:19:37.932+0800: 2015329.611: [GC (Allocation Failure) [PSYoungGen: 499872K->16928K(504832K)] 925661K->453601K(1029120K), 0.0314313 secs] [Times: user=0.04 sys=0.04, real=0.04 secs] 
2021-06-06T17:23:01.717+0800: 2015533.397: [GC (Allocation Failure) [PSYoungGen: 502304K->16736K(504832K)] 938977K->464231K(1029120K), 0.0795597 secs] [Times: user=0.04 sys=0.04, real=0.08 secs] 
2021-06-06T17:26:26.249+0800: 2015737.928: [GC (Allocation Failure) [PSYoungGen: 502112K->16160K(505344K)] 949607K->475636K(1029632K), 0.0528587 secs] [Times: user=0.04 sys=0.04, real=0.05 secs] 
2021-06-06T17:29:53.260+0800: 2015944.940: [GC (Allocation Failure) [PSYoungGen: 502048K->15840K(504832K)] 961524K->486113K(1029120K), 0.0278893 secs] [Times: user=0.04 sys=0.04, real=0.03 secs] 
2021-06-06T17:33:17.066+0800: 2016148.745: [GC (Allocation Failure) [PSYoungGen: 501728K->17504K(504320K)] 972001K->497191K(1028608K), 0.0284803 secs] [Times: user=0.04 sys=0.03, real=0.03 secs] 
2021-06-06T17:36:43.850+0800: 2016355.530: [GC (Allocation Failure) [PSYoungGen: 502880K->13056K(504832K)] 982567K->503442K(1029120K), 0.0287603 secs] [Times: user=0.03 sys=0.04, real=0.03 secs] 
2021-06-06T17:40:07.009+0800: 2016558.689: [GC (Allocation Failure) [PSYoungGen: 498432K->15936K(504832K)] 988818K->515727K(1029120K), 0.0489277 secs] [Times: user=0.04 sys=0.03, real=0.05 secs] 
2021-06-06T17:43:31.486+0800: 2016763.165: [GC (Allocation Failure) [PSYoungGen: 501312K->15136K(504832K)] 1001103K->525941K(1029120K), 0.0294124 secs] [Times: user=0.04 sys=0.04, real=0.03 secs] 
2021-06-06T17:46:57.107+0800: 2016968.787: [GC (Allocation Failure) [PSYoungGen: 500512K->16672K(505344K)] 1011317K->538403K(1029632K), 0.0653536 secs] [Times: user=0.04 sys=0.04, real=0.07 secs] 
2021-06-06T17:46:57.173+0800: 2016968.852: [Full GC (Ergonomics) [PSYoungGen: 16672K->0K(505344K)] [ParOldGen: 521731K->317505K(524288K)] 538403K->317505K(1029632K), [Metaspace: 96403K->96403K(1138688K)], 0.4544268 secs] [Times: user=0.98 sys=0.00, real=0.45 secs] 
2021-06-06T17:50:22.413+0800: 2017174.093: [GC (Allocation Failure) [PSYoungGen: 486400K->14688K(505344K)] 803905K->332193K(1029632K), 0.0212109 secs] [Times: user=0.03 sys=0.03, real=0.02 secs] 
2021-06-06T17:53:48.717+0800: 2017380.397: [GC (Allocation Failure) [PSYoungGen: 501088K->18016K(504320K)] 818593K->347195K(1028608K), 0.0310296 secs] [Times: user=0.04 sys=0.04, real=0.03 secs] 
2021-06-06T17:57:15.957+0800: 2017587.636: [GC (Allocation Failure) [PSYoungGen: 503392K->15840K(504832K)] 832571K->356624K(1029120K), 0.0277214 secs] [Times: user=0.04 sys=0.04, real=0.03 secs] 
2021-06-06T18:00:40.736+0800: 2017792.416: [GC (Allocation Failure) [PSYoungGen: 501216K->17312K(504832K)] 842000K->368861K(1029120K), 0.0253723 secs] [Times: user=0.03 sys=0.03, real=0.02 secs] 
2021-06-06T18:04:05.336+0800: 2017997.016: [GC (Allocation Failure) [PSYoungGen: 502688K->16544K(504832K)] 854237K->379755K(1029120K), 0.0272629 secs] [Times: user=0.04 sys=0.04, real=0.03 secs] 
2021-06-06T18:07:31.157+0800: 2018202.836: [GC (Allocation Failure) [PSYoungGen: 501920K->13856K(504832K)] 865131K->388183K(1029120K), 0.0345886 secs] [Times: user=0.03 sys=0.05, real=0.03 secs] 
2021-06-06T18:10:56.105+0800: 2018407.785: [GC (Allocation Failure) [PSYoungGen: 499232K->15616K(504832K)] 873559K->399060K(1029120K), 0.0242153 secs] [Times: user=0.03 sys=0.04, real=0.02 secs] 
2021-06-06T18:14:20.111+0800: 2018611.791: [GC (Allocation Failure) [PSYoungGen: 500992K->17152K(504320K)] 884436K->411417K(1028608K), 0.0289158 secs] [Times: user=0.04 sys=0.04, real=0.03 secs] 
2021-06-06T18:17:43.063+0800: 2018814.743: [GC (Allocation Failure) [PSYoungGen: 502528K->18016K(504832K)] 896793K->422407K(1029120K), 0.0290046 secs] [Times: user=0.04 sys=0.04, real=0.03 secs] 
2021-06-06T18:21:09.453+0800: 2019021.133: [GC (Allocation Failure) [PSYoungGen: 503392K->13824K(503808K)] 907783K->430362K(1028096K), 0.0324197 secs] [Times: user=0.04 sys=0.04, real=0.03 secs] 
2021-06-06T18:24:34.715+0800: 2019226.394: [GC (Allocation Failure) [PSYoungGen: 498176K->15872K(504320K)] 914714K->441415K(1028608K), 0.0252452 secs] [Times: user=0.04 sys=0.03, real=0.02 secs] 
2021-06-06T18:27:56.361+0800: 2019428.040: [GC (Allocation Failure) [PSYoungGen: 500224K->16960K(504832K)] 925767K->453437K(1029120K), 0.0303202 secs] [Times: user=0.04 sys=0.04, real=0.03 secs] 
2021-06-06T18:31:23.561+0800: 2019635.241: [GC (Allocation Failure) [PSYoungGen: 502336K->15872K(504832K)] 938813K->463779K(1029120K), 0.0263548 secs] [Times: user=0.04 sys=0.04, real=0.03 secs] 
2021-06-06T18:34:46.749+0800: 2019838.428: [GC (Allocation Failure) [PSYoungGen: 501248K->16672K(505344K)] 949155K->475505K(1029632K), 0.0267167 secs] [Times: user=0.04 sys=0.04, real=0.03 secs] 
2021-06-06T18:38:14.079+0800: 2020045.758: [GC (Allocation Failure) [PSYoungGen: 502560K->16288K(504832K)] 961393K->485943K(1029120K), 0.0250895 secs] [Times: user=0.07 sys=0.00, real=0.03 secs] 
2021-06-06T18:41:40.908+0800: 2020252.588: [GC (Allocation Failure) [PSYoungGen: 502176K->14592K(505344K)] 971831K->495508K(1029632K), 0.0284183 secs] [Times: user=0.04 sys=0.04, real=0.03 secs] 
2021-06-06T18:45:06.868+0800: 2020458.547: [GC (Allocation Failure) [PSYoungGen: 500992K->17696K(504320K)] 981908K->509339K(1028608K), 0.0309043 secs] [Times: user=0.04 sys=0.04, real=0.03 secs] 
2021-06-06T18:48:32.633+0800: 2020664.313: [GC (Allocation Failure) [PSYoungGen: 504096K->15616K(505344K)] 995739K->518790K(1029632K), 0.0268166 secs] [Times: user=0.03 sys=0.04, real=0.02 secs] 
2021-06-06T18:51:57.559+0800: 2020869.239: [GC (Allocation Failure) [PSYoungGen: 501504K->15232K(504832K)] 1004678K->528347K(1029120K), 0.0304047 secs] [Times: user=0.04 sys=0.04, real=0.03 secs] 
2021-06-06T18:51:57.590+0800: 2020869.270: [Full GC (Ergonomics) [PSYoungGen: 15232K->0K(504832K)] [ParOldGen: 513115K->303243K(524288K)] 528347K->303243K(1029120K), [Metaspace: 96403K->96403K(1138688K)], 0.5694261 secs] [Times: user=1.14 sys=0.00, real=0.57 secs] 
2021-06-06T18:55:23.260+0800: 2021074.939: [GC (Allocation Failure) [PSYoungGen: 485888K->16192K(505344K)] 789131K->319435K(1029632K), 0.0362047 secs] [Times: user=0.03 sys=0.03, real=0.04 secs] 
2021-06-06T18:58:42.876+0800: 2021274.556: [GC (Allocation Failure) [PSYoungGen: 502592K->17258K(505344K)] 805835K->333113K(1029632K), 0.0307549 secs] [Times: user=0.04 sys=0.05, real=0.03 secs] 
2021-06-06T19:02:08.367+0800: 2021480.047: [GC (Allocation Failure) [PSYoungGen: 503658K->17984K(504320K)] 819513K->345302K(1028608K), 0.0652278 secs] [Times: user=0.04 sys=0.04, real=0.08 secs] 
2021-06-06T19:05:30.835+0800: 2021682.515: [GC (Allocation Failure) [PSYoungGen: 503360K->17536K(504832K)] 830678K->356787K(1029120K), 0.0329466 secs] [Times: user=0.04 sys=0.05, real=0.03 secs] 
2021-06-06T19:08:53.488+0800: 2021885.168: [GC (Allocation Failure) [PSYoungGen: 502912K->17952K(503808K)] 842163K->368130K(1028096K), 0.0841871 secs] [Times: user=0.05 sys=0.05, real=0.09 secs] 
2021-06-06T19:12:18.439+0800: 2022090.118: [GC (Allocation Failure) [PSYoungGen: 502304K->16800K(504320K)] 852482K->378911K(1028608K), 0.0689682 secs] [Times: user=0.03 sys=0.04, real=0.07 secs] 
2021-06-06T19:15:42.387+0800: 2022294.066: [GC (Allocation Failure) [PSYoungGen: 501152K->16032K(504832K)] 863263K->389387K(1029120K), 0.0307804 secs] [Times: user=0.04 sys=0.04, real=0.03 secs] 
2021-06-06T19:19:07.218+0800: 2022498.898: [GC (Allocation Failure) [PSYoungGen: 501408K->17888K(504832K)] 874763K->400984K(1029120K), 0.0367831 secs] [Times: user=0.05 sys=0.05, real=0.04 secs] 
2021-06-06T19:22:29.824+0800: 2022701.504: [GC (Allocation Failure) [PSYoungGen: 503264K->18688K(503808K)] 886360K->413086K(1028096K), 0.0352836 secs] [Times: user=0.04 sys=0.05, real=0.03 secs] 
2021-06-06T19:25:54.951+0800: 2022906.631: [GC (Allocation Failure) [PSYoungGen: 503040K->13472K(498176K)] 897438K->419386K(1022464K), 0.0298608 secs] [Times: user=0.04 sys=0.04, real=0.03 secs] 
2021-06-06T19:29:19.956+0800: 2023111.636: [GC (Allocation Failure) [PSYoungGen: 497824K->16192K(504320K)] 903738K->431543K(1028608K), 0.0318272 secs] [Times: user=0.04 sys=0.04, real=0.03 secs] 
2021-06-06T19:32:43.758+0800: 2023315.437: [GC (Allocation Failure) [PSYoungGen: 500032K->15488K(503808K)] 915383K->442347K(1028096K), 0.0495244 secs] [Times: user=0.09 sys=0.00, real=0.05 secs] 
2021-06-06T19:36:09.388+0800: 2023521.067: [GC (Allocation Failure) [PSYoungGen: 499328K->13472K(504320K)] 926187K->450992K(1028608K), 0.0363113 secs] [Times: user=0.10 sys=0.00, real=0.04 secs] 
2021-06-06T19:39:35.053+0800: 2023726.733: [GC (Allocation Failure) [PSYoungGen: 497824K->15776K(504320K)] 935344K->461806K(1028608K), 0.0324900 secs] [Times: user=0.05 sys=0.05, real=0.03 secs] 
2021-06-06T19:42:59.080+0800: 2023930.759: [GC (Allocation Failure) [PSYoungGen: 500128K->15200K(504832K)] 946158K->472329K(1029120K), 0.0638912 secs] [Times: user=0.05 sys=0.04, real=0.07 secs] 
2021-06-06T19:46:23.176+0800: 2024134.856: [GC (Allocation Failure) [PSYoungGen: 500064K->13856K(504320K)] 957193K->482380K(1028608K), 0.0305308 secs] [Times: user=0.05 sys=0.04, real=0.03 secs] 
2021-06-06T19:49:45.301+0800: 2024336.981: [GC (Allocation Failure) [PSYoungGen: 498720K->17856K(503808K)] 967244K->494818K(1028096K), 0.0352368 secs] [Times: user=0.04 sys=0.05, real=0.04 secs] 
2021-06-06T19:53:08.349+0800: 2024540.029: [GC (Allocation Failure) [PSYoungGen: 502208K->15328K(504320K)] 979170K->502479K(1028608K), 0.0406108 secs] [Times: user=0.05 sys=0.05, real=0.04 secs] 
2021-06-06T19:56:32.284+0800: 2024743.964: [GC (Allocation Failure) [PSYoungGen: 499680K->18368K(503296K)] 986831K->515948K(1027584K), 0.0455908 secs] [Times: user=0.06 sys=0.05, real=0.04 secs] 
2021-06-06T19:59:56.127+0800: 2024947.806: [GC (Allocation Failure) [PSYoungGen: 501696K->15968K(503808K)] 999276K->524059K(1028096K), 0.0337880 secs] [Times: user=0.05 sys=0.05, real=0.03 secs] 
2021-06-06T20:03:23.050+0800: 2025154.730: [GC (Allocation Failure) [PSYoungGen: 499296K->18336K(503296K)] 1007387K->536457K(1027584K), 0.0373027 secs] [Times: user=0.05 sys=0.05, real=0.04 secs] 
2021-06-06T20:03:23.088+0800: 2025154.768: [Full GC (Ergonomics) [PSYoungGen: 18336K->0K(503296K)] [ParOldGen: 518121K->321577K(524288K)] 536457K->321577K(1027584K), [Metaspace: 96404K->96404K(1138688K)], 0.5772215 secs] [Times: user=1.12 sys=0.00, real=0.58 secs] 
2021-06-06T20:06:46.884+0800: 2025358.563: [GC (Allocation Failure) [PSYoungGen: 483328K->18080K(503808K)] 804905K->339657K(1028096K), 0.0295196 secs] [Times: user=0.03 sys=0.03, real=0.03 secs] 
2021-06-06T20:10:10.376+0800: 2025562.056: [GC (Allocation Failure) [PSYoungGen: 501408K->17088K(503808K)] 822985K->351876K(1028096K), 0.0334257 secs] [Times: user=0.05 sys=0.05, real=0.03 secs] 
2021-06-06T20:13:33.526+0800: 2025765.206: [GC (Allocation Failure) [PSYoungGen: 500416K->17568K(503808K)] 835204K->363410K(1028096K), 0.0366837 secs] [Times: user=0.05 sys=0.05, real=0.04 secs] 
2021-06-06T20:16:57.371+0800: 2025969.050: [GC (Allocation Failure) [PSYoungGen: 500896K->17344K(503808K)] 846738K->375265K(1028096K), 0.0311440 secs] [Times: user=0.05 sys=0.05, real=0.04 secs] 
2021-06-06T20:20:20.691+0800: 2026172.371: [GC (Allocation Failure) [PSYoungGen: 500672K->14496K(503808K)] 858593K->385133K(1028096K), 0.0317834 secs] [Times: user=0.04 sys=0.05, real=0.04 secs] 
2021-06-06T20:23:44.840+0800: 2026376.520: [GC (Allocation Failure) [PSYoungGen: 497824K->18240K(503808K)] 868461K->398137K(1028096K), 0.1095802 secs] [Times: user=0.05 sys=0.04, real=0.11 secs] 
2021-06-06T20:27:06.245+0800: 2026577.925: [GC (Allocation Failure) [PSYoungGen: 501568K->15808K(503808K)] 881465K->408365K(1028096K), 0.0285203 secs] [Times: user=0.04 sys=0.04, real=0.03 secs] 
2021-06-06T20:30:30.823+0800: 2026782.503: [GC (Allocation Failure) [PSYoungGen: 499136K->16608K(504320K)] 891693K->420195K(1028608K), 0.0306568 secs] [Times: user=0.04 sys=0.04, real=0.03 secs] 
2021-06-06T20:33:55.190+0800: 2026986.869: [GC (Allocation Failure) [PSYoungGen: 500448K->15872K(503808K)] 904035K->429568K(1028096K), 0.0279209 secs] [Times: user=0.04 sys=0.04, real=0.03 secs] 
2021-06-06T20:37:21.789+0800: 2027193.468: [GC (Allocation Failure) [PSYoungGen: 499712K->15424K(504320K)] 913408K->440716K(1028608K), 0.0445508 secs] [Times: user=0.09 sys=0.00, real=0.05 secs] 
2021-06-06T20:40:46.000+0800: 2027397.680: [GC (Allocation Failure) [PSYoungGen: 499776K->16928K(504320K)] 925068K->452282K(1028608K), 0.0324342 secs] [Times: user=0.04 sys=0.04, real=0.04 secs] 
2021-06-06T20:44:11.791+0800: 2027603.471: [GC (Allocation Failure) [PSYoungGen: 501280K->18976K(502784K)] 936634K->465568K(1027072K), 0.0342136 secs] [Times: user=0.05 sys=0.04, real=0.04 secs] 
2021-06-06T20:47:37.603+0800: 2027809.283: [GC (Allocation Failure) [PSYoungGen: 502304K->14496K(503808K)] 948896K->473028K(1028096K), 0.0403571 secs] [Times: user=0.04 sys=0.05, real=0.04 secs] 
2021-06-06T20:51:02.546+0800: 2028014.226: [GC (Allocation Failure) [PSYoungGen: 497824K->15264K(504320K)] 956356K->484264K(1028608K), 0.0556736 secs] [Times: user=0.05 sys=0.05, real=0.06 secs] 
2021-06-06T20:54:27.711+0800: 2028219.391: [GC (Allocation Failure) [PSYoungGen: 499104K->14464K(503808K)] 968104K->494996K(1028096K), 0.0343455 secs] [Times: user=0.05 sys=0.05, real=0.04 secs] 
2021-06-06T20:57:50.769+0800: 2028422.448: [GC (Allocation Failure) [PSYoungGen: 498304K->17536K(503296K)] 978836K->507779K(1027584K), 0.0384758 secs] [Times: user=0.05 sys=0.05, real=0.04 secs] 
2021-06-06T21:01:16.480+0800: 2028628.160: [GC (Allocation Failure) [PSYoungGen: 500864K->16288K(503808K)] 991107K->517127K(1028096K), 0.0336751 secs] [Times: user=0.04 sys=0.04, real=0.04 secs] 
2021-06-06T21:04:42.014+0800: 2028833.694: [GC (Allocation Failure) [PSYoungGen: 499616K->18016K(504320K)] 1000455K->530053K(1028608K), 0.0379256 secs] [Times: user=0.05 sys=0.05, real=0.04 secs] 
2021-06-06T21:04:42.053+0800: 2028833.733: [Full GC (Ergonomics) [PSYoungGen: 18016K->0K(504320K)] [ParOldGen: 512037K->301992K(524288K)] 530053K->301992K(1028608K), [Metaspace: 96404K->96401K(1138688K)], 0.5917375 secs] [Times: user=1.23 sys=0.00, real=0.59 secs] 
2021-06-06T21:08:09.407+0800: 2029041.087: [GC (Allocation Failure) [PSYoungGen: 484352K->18368K(502784K)] 786344K->320360K(1027072K), 0.0238727 secs] [Times: user=0.03 sys=0.03, real=0.02 secs] 
2021-06-06T21:11:35.794+0800: 2029247.474: [GC (Allocation Failure) [PSYoungGen: 502720K->13856K(503808K)] 804712K->328658K(1028096K), 0.0582646 secs] [Times: user=0.04 sys=0.03, real=0.06 secs] 
2021-06-06T21:15:01.546+0800: 2029453.226: [GC (Allocation Failure) [PSYoungGen: 497184K->15392K(503808K)] 811986K->338790K(1028096K), 0.0311956 secs] [Times: user=0.04 sys=0.04, real=0.03 secs] 
2021-06-06T21:18:25.510+0800: 2029657.190: [GC (Allocation Failure) [PSYoungGen: 498720K->19360K(502784K)] 822118K->353717K(1027072K), 0.0343464 secs] [Times: user=0.09 sys=0.00, real=0.04 secs] 
2021-06-06T21:21:49.913+0800: 2029861.592: [GC (Allocation Failure) [PSYoungGen: 501664K->17536K(503296K)] 836021K->363395K(1027584K), 0.0390673 secs] [Times: user=0.05 sys=0.06, real=0.03 secs] 
2021-06-06T21:25:13.054+0800: 2030064.734: [GC (Allocation Failure) [PSYoungGen: 499840K->15648K(503296K)] 845699K->372969K(1027584K), 0.0366998 secs] [Times: user=0.05 sys=0.05, real=0.03 secs] 
2021-06-06T21:28:36.687+0800: 2030268.367: [GC (Allocation Failure) [PSYoungGen: 497952K->13376K(503296K)] 855273K->381867K(1027584K), 0.0426107 secs] [Times: user=0.08 sys=0.00, real=0.04 secs] 
2021-06-06T21:32:01.441+0800: 2030473.120: [GC (Allocation Failure) [PSYoungGen: 495680K->12448K(503296K)] 864171K->390263K(1027584K), 0.0412329 secs] [Times: user=0.04 sys=0.06, real=0.05 secs] 
2021-06-06T21:35:26.163+0800: 2030677.842: [GC (Allocation Failure) [PSYoungGen: 494752K->17056K(503296K)] 872567K->402877K(1027584K), 0.0438262 secs] [Times: user=0.04 sys=0.04, real=0.04 secs] 
2021-06-06T21:38:51.794+0800: 2030883.473: [GC (Allocation Failure) [PSYoungGen: 499360K->15808K(503808K)] 885181K->413064K(1028096K), 0.0338437 secs] [Times: user=0.03 sys=0.04, real=0.03 secs] 
2021-06-06T21:42:16.234+0800: 2031087.914: [GC (Allocation Failure) [PSYoungGen: 498624K->15360K(503296K)] 895880K->422949K(1027584K), 0.0452115 secs] [Times: user=0.04 sys=0.05, real=0.04 secs] 
2021-06-06T21:45:41.357+0800: 2031293.036: [GC (Allocation Failure) [PSYoungGen: 498176K->14944K(504320K)] 905765K->431771K(1028608K), 0.0418979 secs] [Times: user=0.10 sys=0.00, real=0.04 secs] 
2021-06-06T21:49:06.418+0800: 2031498.097: [GC (Allocation Failure) [PSYoungGen: 498784K->16256K(503808K)] 915611K->442320K(1028096K), 0.0737292 secs] [Times: user=0.04 sys=0.05, real=0.07 secs] 
2021-06-06T21:52:32.050+0800: 2031703.730: [GC (Allocation Failure) [PSYoungGen: 500096K->16576K(504320K)] 926160K->452907K(1028608K), 0.0343618 secs] [Times: user=0.04 sys=0.05, real=0.04 secs] 
2021-06-06T21:56:00.041+0800: 2031911.720: [GC (Allocation Failure) [PSYoungGen: 500928K->15264K(504320K)] 937259K->462864K(1028608K), 0.0350786 secs] [Times: user=0.06 sys=0.05, real=0.04 secs] 
2021-06-06T21:59:23.876+0800: 2032115.556: [GC (Allocation Failure) [PSYoungGen: 499616K->16544K(504832K)] 947216K->473502K(1029120K), 0.0272928 secs] [Times: user=0.04 sys=0.04, real=0.03 secs] 
2021-06-06T22:02:51.219+0800: 2032322.899: [GC (Allocation Failure) [PSYoungGen: 501920K->16032K(504832K)] 958878K->484612K(1029120K), 0.0408446 secs] [Times: user=0.05 sys=0.05, real=0.04 secs] 
2021-06-06T22:06:19.620+0800: 2032531.300: [GC (Allocation Failure) [PSYoungGen: 501408K->14208K(505344K)] 969988K->493521K(1029632K), 0.0273748 secs] [Times: user=0.04 sys=0.03, real=0.03 secs] 
2021-06-06T22:09:44.414+0800: 2032736.093: [GC (Allocation Failure) [PSYoungGen: 500608K->17536K(504320K)] 979921K->506422K(1028608K), 0.0263855 secs] [Times: user=0.04 sys=0.04, real=0.02 secs] 
2021-06-06T22:13:13.735+0800: 2032945.415: [GC (Allocation Failure) [PSYoungGen: 503936K->14080K(504832K)] 992822K->516057K(1029120K), 0.0332361 secs] [Times: user=0.08 sys=0.00, real=0.03 secs] 
2021-06-06T22:16:40.397+0800: 2033152.076: [GC (Allocation Failure) [PSYoungGen: 499456K->17440K(503296K)] 1001433K->528064K(1027584K), 0.0430658 secs] [Times: user=0.04 sys=0.04, real=0.04 secs] 
2021-06-06T22:16:40.440+0800: 2033152.120: [Full GC (Ergonomics) [PSYoungGen: 17440K->0K(503296K)] [ParOldGen: 510624K->315182K(524288K)] 528064K->315182K(1027584K), [Metaspace: 96404K->96404K(1138688K)], 0.5714280 secs] [Times: user=0.60 sys=0.57, real=0.58 secs] 
2021-06-06T22:20:05.682+0800: 2033357.361: [GC (Allocation Failure) [PSYoungGen: 485376K->17472K(504320K)] 800558K->332654K(1028608K), 0.0364839 secs] [Times: user=0.04 sys=0.05, real=0.04 secs] 
2021-06-06T22:23:30.675+0800: 2033562.354: [GC (Allocation Failure) [PSYoungGen: 501824K->18240K(502784K)] 817006K->345770K(1027072K), 0.0322204 secs] [Times: user=0.04 sys=0.04, real=0.03 secs] 
2021-06-06T22:26:53.541+0800: 2033765.220: [GC (Allocation Failure) [PSYoungGen: 502592K->14080K(503808K)] 830122K->352215K(1028096K), 0.0320367 secs] [Times: user=0.05 sys=0.04, real=0.04 secs] 
2021-06-06T22:30:18.177+0800: 2033969.856: [GC (Allocation Failure) [PSYoungGen: 497408K->17952K(503808K)] 835543K->366484K(1028096K), 0.0281824 secs] [Times: user=0.04 sys=0.03, real=0.03 secs] 
2021-06-06T22:33:43.728+0800: 2034175.407: [GC (Allocation Failure) [PSYoungGen: 501280K->15808K(503808K)] 849812K->376111K(1028096K), 0.0372055 secs] [Times: user=0.05 sys=0.05, real=0.04 secs] 
2021-06-06T22:37:07.910+0800: 2034379.589: [GC (Allocation Failure) [PSYoungGen: 499136K->17472K(503808K)] 859439K->387214K(1028096K), 0.0376925 secs] [Times: user=0.05 sys=0.05, real=0.04 secs] 
2021-06-06T22:40:33.188+0800: 2034584.868: [GC (Allocation Failure) [PSYoungGen: 500800K->16704K(504320K)] 870542K->398779K(1028608K), 0.0412140 secs] [Times: user=0.04 sys=0.06, real=0.04 secs] 
2021-06-06T22:43:57.258+0800: 2034788.937: [GC (Allocation Failure) [PSYoungGen: 500544K->14880K(503808K)] 882619K->407592K(1028096K), 0.0720868 secs] [Times: user=0.05 sys=0.05, real=0.07 secs] 
2021-06-06T22:47:23.054+0800: 2034994.733: [GC (Allocation Failure) [PSYoungGen: 498720K->15584K(504320K)] 891432K->418523K(1028608K), 0.0358246 secs] [Times: user=0.05 sys=0.05, real=0.03 secs] 
2021-06-06T22:50:50.739+0800: 2035202.419: [GC (Allocation Failure) [PSYoungGen: 499936K->13056K(504320K)] 902875K->425264K(1028608K), 0.0323695 secs] [Times: user=0.04 sys=0.05, real=0.03 secs] 
2021-06-06T22:54:16.965+0800: 2035408.645: [GC (Allocation Failure) [PSYoungGen: 497408K->15648K(504832K)] 909616K->438028K(1029120K), 0.0362066 secs] [Times: user=0.05 sys=0.05, real=0.03 secs] 
2021-06-06T22:57:42.508+0800: 2035614.187: [GC (Allocation Failure) [PSYoungGen: 500512K->16736K(504320K)] 922892K->449523K(1028608K), 0.0800917 secs] [Times: user=0.05 sys=0.05, real=0.08 secs] 
2021-06-06T23:01:10.379+0800: 2035822.059: [GC (Allocation Failure) [PSYoungGen: 501600K->13664K(504832K)] 934387K->457440K(1029120K), 0.0278810 secs] [Times: user=0.04 sys=0.05, real=0.03 secs] 
2021-06-06T23:04:36.669+0800: 2036028.348: [GC (Allocation Failure) [PSYoungGen: 499040K->15552K(504832K)] 942816K->468884K(1029120K), 0.0354317 secs] [Times: user=0.05 sys=0.05, real=0.04 secs] 
2021-06-06T23:08:01.652+0800: 2036233.331: [GC (Allocation Failure) [PSYoungGen: 500928K->18144K(503808K)] 954260K->481841K(1028096K), 0.0412862 secs] [Times: user=0.06 sys=0.06, real=0.05 secs] 
2021-06-06T23:11:27.806+0800: 2036439.486: [GC (Allocation Failure) [PSYoungGen: 502496K->16960K(504320K)] 966193K->492902K(1028608K), 0.0434864 secs] [Times: user=0.05 sys=0.05, real=0.04 secs] 
2021-06-06T23:14:53.323+0800: 2036645.003: [GC (Allocation Failure) [PSYoungGen: 501312K->15264K(504832K)] 977254K->501858K(1029120K), 0.0305015 secs] [Times: user=0.05 sys=0.04, real=0.03 secs] 
2021-06-06T23:18:17.799+0800: 2036849.478: [GC (Allocation Failure) [PSYoungGen: 500128K->15584K(504320K)] 986722K->511640K(1028608K), 0.0423690 secs] [Times: user=0.05 sys=0.04, real=0.04 secs] 
2021-06-06T23:21:43.569+0800: 2037055.249: [GC (Allocation Failure) [PSYoungGen: 500448K->16896K(504832K)] 996504K->523188K(1029120K), 0.0438915 secs] [Times: user=0.05 sys=0.05, real=0.05 secs] 
2021-06-06T23:25:08.128+0800: 2037259.807: [GC (Allocation Failure) [PSYoungGen: 502272K->14240K(504832K)] 1008564K->531161K(1029120K), 0.0559562 secs] [Times: user=0.05 sys=0.04, real=0.06 secs] 
2021-06-06T23:25:08.184+0800: 2037259.864: [Full GC (Ergonomics) [PSYoungGen: 14240K->0K(504832K)] [ParOldGen: 516921K->305752K(524288K)] 531161K->305752K(1029120K), [Metaspace: 96404K->96404K(1138688K)], 0.4781594 secs] [Times: user=0.54 sys=0.50, real=0.48 secs] 
2021-06-06T23:28:34.246+0800: 2037465.925: [GC (Allocation Failure) [PSYoungGen: 485376K->15968K(505344K)] 791128K->321720K(1029632K), 0.0245039 secs] [Times: user=0.04 sys=0.04, real=0.02 secs] 
2021-06-06T23:32:00.420+0800: 2037672.100: [GC (Allocation Failure) [PSYoungGen: 501856K->16800K(504832K)] 807608K->333547K(1029120K), 0.0380147 secs] [Times: user=0.05 sys=0.04, real=0.04 secs] 
2021-06-06T23:35:25.087+0800: 2037876.767: [GC (Allocation Failure) [PSYoungGen: 502688K->17056K(504320K)] 819435K->344407K(1028608K), 0.0304356 secs] [Times: user=0.04 sys=0.04, real=0.03 secs] 
2021-06-06T23:38:52.092+0800: 2038083.771: [GC (Allocation Failure) [PSYoungGen: 502432K->16320K(504832K)] 829783K->353883K(1029120K), 0.0294956 secs] [Times: user=0.04 sys=0.04, real=0.03 secs] 
2021-06-06T23:42:17.374+0800: 2038289.053: [GC (Allocation Failure) [PSYoungGen: 501696K->15968K(505344K)] 839259K->366191K(1029632K), 0.0267169 secs] [Times: user=0.04 sys=0.03, real=0.02 secs] 
2021-06-06T23:45:44.232+0800: 2038495.911: [GC (Allocation Failure) [PSYoungGen: 502368K->15488K(505344K)] 852591K->375589K(1029632K), 0.0333528 secs] [Times: user=0.05 sys=0.04, real=0.04 secs] 
2021-06-06T23:49:09.757+0800: 2038701.437: [GC (Allocation Failure) [PSYoungGen: 501888K->16000K(505856K)] 861989K->386913K(1030144K), 0.0284121 secs] [Times: user=0.04 sys=0.04, real=0.03 secs] 
2021-06-06T23:52:35.308+0800: 2038906.988: [GC (Allocation Failure) [PSYoungGen: 503424K->16352K(505856K)] 874337K->397423K(1030144K), 0.0294693 secs] [Times: user=0.04 sys=0.04, real=0.03 secs] 
2021-06-06T23:55:59.656+0800: 2039111.336: [GC (Allocation Failure) [PSYoungGen: 503776K->18400K(496640K)] 884847K->410589K(1020928K), 0.0333031 secs] [Times: user=0.04 sys=0.04, real=0.03 secs] 
2021-06-06T23:59:24.296+0800: 2039315.975: [GC (Allocation Failure) [PSYoungGen: 496608K->17056K(501248K)] 888797K->420307K(1025536K), 0.0379906 secs] [Times: user=0.04 sys=0.04, real=0.04 secs] 
2021-06-07T00:02:35.557+0800: 2039507.237: [GC (Allocation Failure) [PSYoungGen: 495264K->16800K(502272K)] 898515K->430121K(1026560K), 0.0305718 secs] [Times: user=0.04 sys=0.04, real=0.03 secs] 
2021-06-07T00:05:58.790+0800: 2039710.470: [GC (Allocation Failure) [PSYoungGen: 496544K->13184K(501760K)] 909865K->437675K(1026048K), 0.0704680 secs] [Times: user=0.04 sys=0.04, real=0.07 secs] 
2021-06-07T00:09:20.484+0800: 2039912.164: [GC (Allocation Failure) [PSYoungGen: 492928K->18112K(501760K)] 917419K->451489K(1026048K), 0.0294619 secs] [Times: user=0.04 sys=0.04, real=0.03 secs] 
2021-06-07T00:12:44.379+0800: 2040116.058: [GC (Allocation Failure) [PSYoungGen: 497344K->16064K(501760K)] 930721K->461615K(1026048K), 0.0295995 secs] [Times: user=0.04 sys=0.04, real=0.03 secs] 
2021-06-07T00:16:06.119+0800: 2040317.798: [GC (Allocation Failure) [PSYoungGen: 495296K->16384K(502784K)] 940847K->473052K(1027072K), 0.0298198 secs] [Times: user=0.08 sys=0.00, real=0.03 secs] 
2021-06-07T00:19:29.610+0800: 2040521.290: [GC (Allocation Failure) [PSYoungGen: 497152K->15808K(502272K)] 953820K->484433K(1026560K), 0.0294667 secs] [Times: user=0.04 sys=0.04, real=0.03 secs] 
2021-06-07T00:22:54.622+0800: 2040726.302: [GC (Allocation Failure) [PSYoungGen: 496576K->15808K(503296K)] 965201K->494422K(1027584K), 0.0456866 secs] [Times: user=0.04 sys=0.05, real=0.04 secs] 
2021-06-07T00:26:19.198+0800: 2040930.878: [GC (Allocation Failure) [PSYoungGen: 497600K->15808K(502784K)] 976214K->505482K(1027072K), 0.0661481 secs] [Times: user=0.04 sys=0.04, real=0.07 secs] 
2021-06-07T00:29:43.149+0800: 2041134.829: [GC (Allocation Failure) [PSYoungGen: 497600K->15072K(503808K)] 987274K->513895K(1028096K), 0.0390018 secs] [Times: user=0.04 sys=0.04, real=0.04 secs] 
2021-06-07T00:33:05.489+0800: 2041337.168: [GC (Allocation Failure) [PSYoungGen: 497888K->17440K(503296K)] 996711K->527461K(1027584K), 0.0290150 secs] [Times: user=0.05 sys=0.04, real=0.03 secs] 
2021-06-07T00:36:29.845+0800: 2041541.525: [GC (Allocation Failure) [PSYoungGen: 500256K->15776K(503808K)] 1010277K->537082K(1028096K), 0.0529734 secs] [Times: user=0.05 sys=0.04, real=0.05 secs] 
2021-06-07T00:36:29.898+0800: 2041541.578: [Full GC (Ergonomics) [PSYoungGen: 15776K->0K(503808K)] [ParOldGen: 521306K->318759K(524288K)] 537082K->318759K(1028096K), [Metaspace: 96404K->96401K(1138688K)], 0.5665239 secs] [Times: user=0.63 sys=0.59, real=0.57 secs] 
2021-06-07T00:39:55.753+0800: 2041747.433: [GC (Allocation Failure) [PSYoungGen: 483328K->15904K(503808K)] 802087K->334663K(1028096K), 0.0228379 secs] [Times: user=0.06 sys=0.00, real=0.02 secs] 
2021-06-07T00:43:19.979+0800: 2041951.659: [GC (Allocation Failure) [PSYoungGen: 499232K->15584K(504320K)] 817991K->346564K(1028608K), 0.0637380 secs] [Times: user=0.11 sys=0.00, real=0.07 secs] 
2021-06-07T00:46:46.855+0800: 2042158.535: [GC (Allocation Failure) [PSYoungGen: 499936K->17696K(504320K)] 830916K->359434K(1028608K), 0.0306595 secs] [Times: user=0.04 sys=0.04, real=0.03 secs] 
2021-06-07T00:50:10.594+0800: 2042362.273: [GC (Allocation Failure) [PSYoungGen: 502048K->17184K(504320K)] 843786K->370530K(1028608K), 0.0340297 secs] [Times: user=0.05 sys=0.04, real=0.03 secs] 
2021-06-07T00:53:35.073+0800: 2042566.752: [GC (Allocation Failure) [PSYoungGen: 501536K->17280K(504320K)] 854882K->381600K(1028608K), 0.0297135 secs] [Times: user=0.04 sys=0.04, real=0.03 secs] 
2021-06-07T00:56:51.101+0800: 2042762.780: [GC (Allocation Failure) [PSYoungGen: 501632K->18698K(503296K)] 865952K->394599K(1027584K), 0.0293061 secs] [Times: user=0.04 sys=0.03, real=0.03 secs] 
2021-06-07T01:00:19.517+0800: 2042971.196: [GC (Allocation Failure) [PSYoungGen: 502026K->13824K(503808K)] 877927K->402107K(1028096K), 0.0263817 secs] [Times: user=0.04 sys=0.04, real=0.03 secs] 
2021-06-07T01:03:44.530+0800: 2043176.210: [GC (Allocation Failure) [PSYoungGen: 497152K->15104K(503808K)] 885435K->412120K(1028096K), 0.0264847 secs] [Times: user=0.04 sys=0.03, real=0.03 secs] 
2021-06-07T01:07:10.897+0800: 2043382.576: [GC (Allocation Failure) [PSYoungGen: 498432K->15456K(503808K)] 895448K->422331K(1028096K), 0.0305937 secs] [Times: user=0.05 sys=0.05, real=0.03 secs] 
2021-06-07T01:10:36.094+0800: 2043587.774: [GC (Allocation Failure) [PSYoungGen: 498784K->15744K(504320K)] 905659K->433120K(1028608K), 0.0268532 secs] [Times: user=0.04 sys=0.04, real=0.02 secs] 
2021-06-07T01:13:59.090+0800: 2043790.770: [GC (Allocation Failure) [PSYoungGen: 499584K->17888K(503808K)] 916960K->445487K(1028096K), 0.0295094 secs] [Times: user=0.04 sys=0.04, real=0.03 secs] 
2021-06-07T01:17:22.500+0800: 2043994.180: [GC (Allocation Failure) [PSYoungGen: 501728K->15840K(504320K)] 929327K->454532K(1028608K), 0.0277794 secs] [Times: user=0.04 sys=0.05, real=0.03 secs] 
2021-06-07T01:20:47.652+0800: 2044199.331: [GC (Allocation Failure) [PSYoungGen: 499680K->14816K(503808K)] 938372K->464105K(1028096K), 0.0291315 secs] [Times: user=0.04 sys=0.04, real=0.03 secs] 
2021-06-07T01:24:13.068+0800: 2044404.748: [GC (Allocation Failure) [PSYoungGen: 498656K->14848K(504320K)] 947945K->474022K(1028608K), 0.0331156 secs] [Times: user=0.04 sys=0.04, real=0.03 secs] 
2021-06-07T01:27:38.534+0800: 2044610.213: [GC (Allocation Failure) [PSYoungGen: 499200K->16064K(504320K)] 958374K->485587K(1028608K), 0.0325871 secs] [Times: user=0.03 sys=0.05, real=0.03 secs] 
2021-06-07T01:31:02.672+0800: 2044814.352: [GC (Allocation Failure) [PSYoungGen: 500416K->17600K(504832K)] 969939K->496584K(1029120K), 0.0286623 secs] [Times: user=0.04 sys=0.04, real=0.03 secs] 
2021-06-07T01:34:27.421+0800: 2045019.100: [GC (Allocation Failure) [PSYoungGen: 502976K->15744K(504832K)] 981960K->506460K(1029120K), 0.0285607 secs] [Times: user=0.04 sys=0.04, real=0.03 secs] 
2021-06-07T01:37:54.396+0800: 2045226.075: [GC (Allocation Failure) [PSYoungGen: 501120K->13152K(504832K)] 991836K->514808K(1029120K), 0.0242959 secs] [Times: user=0.04 sys=0.04, real=0.02 secs] 
2021-06-07T01:41:18.922+0800: 2045430.602: [GC (Allocation Failure) [PSYoungGen: 498528K->14432K(504832K)] 1000184K->525548K(1029120K), 0.0304249 secs] [Times: user=0.05 sys=0.03, real=0.04 secs] 
2021-06-07T01:44:41.673+0800: 2045633.352: [GC (Allocation Failure) [PSYoungGen: 499808K->16736K(504832K)] 1010924K->536299K(1029120K), 0.0311075 secs] [Times: user=0.04 sys=0.05, real=0.03 secs] 
2021-06-07T01:44:41.704+0800: 2045633.384: [Full GC (Ergonomics) [PSYoungGen: 16736K->0K(504832K)] [ParOldGen: 519563K->308347K(524288K)] 536299K->308347K(1029120K), [Metaspace: 96404K->96404K(1138688K)], 0.4814911 secs] [Times: user=0.54 sys=0.50, real=0.48 secs] 
2021-06-07T01:48:07.710+0800: 2045839.390: [GC (Allocation Failure) [PSYoungGen: 485376K->18624K(504320K)] 793723K->326971K(1028608K), 0.0313929 secs] [Times: user=0.03 sys=0.04, real=0.03 secs] 
2021-06-07T01:51:33.773+0800: 2046045.453: [GC (Allocation Failure) [PSYoungGen: 504000K->15136K(504320K)] 812347K->337494K(1028608K), 0.0325952 secs] [Times: user=0.04 sys=0.04, real=0.03 secs] 
2021-06-07T01:54:55.930+0800: 2046247.609: [GC (Allocation Failure) [PSYoungGen: 499488K->19392K(503808K)] 821846K->352795K(1028096K), 0.0695594 secs] [Times: user=0.04 sys=0.05, real=0.07 secs] 
2021-06-07T01:58:19.817+0800: 2046451.496: [GC (Allocation Failure) [PSYoungGen: 503744K->16096K(503808K)] 837147K->361744K(1028096K), 0.0289890 secs] [Times: user=0.04 sys=0.04, real=0.03 secs] 
2021-06-07T02:01:46.943+0800: 2046658.623: [GC (Allocation Failure) [PSYoungGen: 499424K->13696K(503808K)] 845072K->369699K(1028096K), 0.0300288 secs] [Times: user=0.04 sys=0.04, real=0.03 secs] 
2021-06-07T02:05:10.943+0800: 2046862.623: [GC (Allocation Failure) [PSYoungGen: 497024K->17504K(503808K)] 853027K->383818K(1028096K), 0.0722854 secs] [Times: user=0.04 sys=0.04, real=0.07 secs] 
2021-06-07T02:08:38.638+0800: 2047070.317: [GC (Allocation Failure) [PSYoungGen: 500832K->13536K(503808K)] 867146K->392340K(1028096K), 0.0303238 secs] [Times: user=0.03 sys=0.04, real=0.03 secs] 
2021-06-07T02:12:02.636+0800: 2047274.315: [GC (Allocation Failure) [PSYoungGen: 496864K->15392K(503808K)] 875668K->403738K(1028096K), 0.0322188 secs] [Times: user=0.04 sys=0.04, real=0.03 secs] 
2021-06-07T02:15:27.101+0800: 2047478.781: [GC (Allocation Failure) [PSYoungGen: 498720K->15552K(503808K)] 887066K->414128K(1028096K), 0.0265858 secs] [Times: user=0.03 sys=0.04, real=0.03 secs] 
2021-06-07T02:18:49.850+0800: 2047681.529: [GC (Allocation Failure) [PSYoungGen: 498880K->17408K(504320K)] 897456K->425590K(1028608K), 0.0283640 secs] [Times: user=0.04 sys=0.03, real=0.03 secs] 
2021-06-07T02:22:15.730+0800: 2047887.410: [GC (Allocation Failure) [PSYoungGen: 501760K->15424K(504320K)] 909942K->433771K(1028608K), 0.0281238 secs] [Times: user=0.04 sys=0.04, real=0.03 secs] 
2021-06-07T02:25:41.760+0800: 2048093.440: [GC (Allocation Failure) [PSYoungGen: 499776K->16160K(504832K)] 918123K->446040K(1029120K), 0.0313895 secs] [Times: user=0.05 sys=0.04, real=0.03 secs] 
2021-06-07T02:29:09.079+0800: 2048300.758: [GC (Allocation Failure) [PSYoungGen: 501024K->14784K(504320K)] 930904K->456844K(1028608K), 0.0245262 secs] [Times: user=0.04 sys=0.03, real=0.03 secs] 
2021-06-07T02:32:32.222+0800: 2048503.901: [GC (Allocation Failure) [PSYoungGen: 499648K->18528K(503808K)] 941708K->470396K(1028096K), 0.0355901 secs] [Times: user=0.04 sys=0.04, real=0.04 secs] 
2021-06-07T02:35:54.600+0800: 2048706.280: [GC (Allocation Failure) [PSYoungGen: 502880K->16640K(504320K)] 954748K->481602K(1028608K), 0.0294109 secs] [Times: user=0.04 sys=0.05, real=0.03 secs] 
2021-06-07T02:39:18.435+0800: 2048910.115: [GC (Allocation Failure) [PSYoungGen: 500992K->14016K(504320K)] 965954K->491390K(1028608K), 0.0295304 secs] [Times: user=0.04 sys=0.04, real=0.03 secs] 
2021-06-07T02:42:40.095+0800: 2049111.775: [GC (Allocation Failure) [PSYoungGen: 498368K->19936K(504320K)] 975742K->506044K(1028608K), 0.0290346 secs] [Times: user=0.03 sys=0.04, real=0.03 secs] 
2021-06-07T02:46:03.871+0800: 2049315.551: [GC (Allocation Failure) [PSYoungGen: 504288K->15744K(496128K)] 990396K->515200K(1020416K), 0.0388249 secs] [Times: user=0.05 sys=0.06, real=0.04 secs] 
2021-06-07T02:49:27.068+0800: 2049518.748: [GC (Allocation Failure) [PSYoungGen: 491904K->15392K(500224K)] 991360K->525924K(1024512K), 0.0524546 secs] [Times: user=0.05 sys=0.05, real=0.05 secs] 
2021-06-07T02:49:27.121+0800: 2049518.801: [Full GC (Ergonomics) [PSYoungGen: 15392K->0K(500224K)] [ParOldGen: 510532K->309453K(524288K)] 525924K->309453K(1024512K), [Metaspace: 96404K->96404K(1138688K)], 0.5710373 secs] [Times: user=0.60 sys=0.56, real=0.58 secs] 
2021-06-07T02:52:47.212+0800: 2049718.892: [GC (Allocation Failure) [PSYoungGen: 476160K->16928K(501248K)] 785613K->326381K(1025536K), 0.0392471 secs] [Times: user=0.05 sys=0.05, real=0.03 secs] 
2021-06-07T02:56:08.926+0800: 2049920.606: [GC (Allocation Failure) [PSYoungGen: 494624K->16320K(500736K)] 804077K->336787K(1025024K), 0.0325145 secs] [Times: user=0.04 sys=0.05, real=0.03 secs] 
2021-06-07T02:59:31.658+0800: 2050123.338: [GC (Allocation Failure) [PSYoungGen: 494016K->18240K(501760K)] 814483K->348642K(1026048K), 0.0466250 secs] [Times: user=0.05 sys=0.05, real=0.05 secs] 
2021-06-07T03:02:54.325+0800: 2050326.005: [GC (Allocation Failure) [PSYoungGen: 497472K->20288K(499712K)] 827874K->362048K(1024000K), 0.0377517 secs] [Times: user=0.05 sys=0.05, real=0.04 secs] 
2021-06-07T03:06:17.224+0800: 2050528.904: [GC (Allocation Failure) [PSYoungGen: 499520K->16032K(501760K)] 841280K->371229K(1026048K), 0.0805486 secs] [Times: user=0.06 sys=0.06, real=0.08 secs] 
2021-06-07T03:09:42.825+0800: 2050734.505: [GC (Allocation Failure) [PSYoungGen: 494752K->13472K(501248K)] 849949K->379944K(1025536K), 0.0346815 secs] [Times: user=0.05 sys=0.05, real=0.03 secs] 
2021-06-07T03:13:05.843+0800: 2050937.523: [GC (Allocation Failure) [PSYoungGen: 492192K->14752K(501760K)] 858664K->390381K(1026048K), 0.0328825 secs] [Times: user=0.04 sys=0.04, real=0.03 secs] 
2021-06-07T03:16:27.253+0800: 2051138.933: [GC (Allocation Failure) [PSYoungGen: 493472K->17344K(501248K)] 869101K->402331K(1025536K), 0.0354178 secs] [Times: user=0.05 sys=0.04, real=0.03 secs] 
2021-06-07T03:19:48.198+0800: 2051339.877: [GC (Allocation Failure) [PSYoungGen: 496064K->16384K(502272K)] 881051K->412816K(1026560K), 0.0330163 secs] [Times: user=0.05 sys=0.05, real=0.03 secs] 
2021-06-07T03:23:12.482+0800: 2051544.161: [GC (Allocation Failure) [PSYoungGen: 496128K->17248K(501760K)] 892560K->424750K(1026048K), 0.0432546 secs] [Times: user=0.04 sys=0.05, real=0.05 secs] 
2021-06-07T03:26:33.079+0800: 2051744.758: [GC (Allocation Failure) [PSYoungGen: 496992K->15872K(503296K)] 904494K->434667K(1027584K), 0.0294610 secs] [Times: user=0.04 sys=0.04, real=0.03 secs] 
2021-06-07T03:29:58.416+0800: 2051950.096: [GC (Allocation Failure) [PSYoungGen: 497664K->17504K(502784K)] 916459K->445433K(1027072K), 0.0528409 secs] [Times: user=0.04 sys=0.04, real=0.05 secs] 
2021-06-07T03:33:22.441+0800: 2052154.120: [GC (Allocation Failure) [PSYoungGen: 499296K->16256K(503296K)] 927225K->454966K(1027584K), 0.0294515 secs] [Times: user=0.04 sys=0.04, real=0.03 secs] 
2021-06-07T03:36:46.958+0800: 2052358.637: [GC (Allocation Failure) [PSYoungGen: 498560K->16704K(503296K)] 937270K->465980K(1027584K), 0.0367320 secs] [Times: user=0.05 sys=0.05, real=0.04 secs] 
2021-06-07T03:40:12.735+0800: 2052564.415: [GC (Allocation Failure) [PSYoungGen: 499008K->17056K(504320K)] 948284K->478049K(1028608K), 0.0331453 secs] [Times: user=0.05 sys=0.04, real=0.03 secs] 
2021-06-07T03:43:38.605+0800: 2052770.285: [GC (Allocation Failure) [PSYoungGen: 500896K->15392K(503808K)] 961889K->487631K(1028096K), 0.0280277 secs] [Times: user=0.03 sys=0.04, real=0.03 secs] 
2021-06-07T03:47:02.883+0800: 2052974.562: [GC (Allocation Failure) [PSYoungGen: 499232K->14752K(504320K)] 971471K->498313K(1028608K), 0.0269399 secs] [Times: user=0.03 sys=0.04, real=0.02 secs] 
2021-06-07T03:50:24.319+0800: 2053175.998: [GC (Allocation Failure) [PSYoungGen: 499104K->16128K(504320K)] 982665K->509645K(1028608K), 0.0268898 secs] [Times: user=0.04 sys=0.03, real=0.03 secs] 
2021-06-07T03:53:51.292+0800: 2053382.971: [GC (Allocation Failure) [PSYoungGen: 500480K->13280K(504320K)] 993997K->516831K(1028608K), 0.0269255 secs] [Times: user=0.04 sys=0.04, real=0.03 secs] 
2021-06-07T03:57:14.901+0800: 2053586.581: [GC (Allocation Failure) [PSYoungGen: 497632K->15328K(504320K)] 1001183K->527662K(1028608K), 0.0255010 secs] [Times: user=0.04 sys=0.04, real=0.03 secs] 
2021-06-07T03:57:14.927+0800: 2053586.607: [Full GC (Ergonomics) [PSYoungGen: 15328K->0K(504320K)] [ParOldGen: 512334K->309419K(524288K)] 527662K->309419K(1028608K), [Metaspace: 96404K->96404K(1138688K)], 0.4375113 secs] [Times: user=0.50 sys=0.46, real=0.44 secs] 
2021-06-07T04:00:42.577+0800: 2053794.257: [GC (Allocation Failure) [PSYoungGen: 484352K->16992K(504320K)] 793771K->326411K(1028608K), 0.0324371 secs] [Times: user=0.03 sys=0.04, real=0.03 secs] 
2021-06-07T04:04:06.670+0800: 2053998.350: [GC (Allocation Failure) [PSYoungGen: 501344K->16032K(504320K)] 810763K->338469K(1028608K), 0.0383596 secs] [Times: user=0.03 sys=0.04, real=0.04 secs] 
2021-06-07T04:07:31.753+0800: 2054203.432: [GC (Allocation Failure) [PSYoungGen: 500384K->17376K(504832K)] 822821K->349436K(1029120K), 0.0268363 secs] [Times: user=0.03 sys=0.04, real=0.02 secs] 
2021-06-07T04:10:56.794+0800: 2054408.473: [GC (Allocation Failure) [PSYoungGen: 502752K->17728K(503296K)] 834812K->360506K(1027584K), 0.0259482 secs] [Times: user=0.04 sys=0.03, real=0.02 secs] 
2021-06-07T04:14:22.021+0800: 2054613.701: [GC (Allocation Failure) [PSYoungGen: 503104K->13696K(504320K)] 845882K->369261K(1028608K), 0.0267143 secs] [Times: user=0.03 sys=0.04, real=0.03 secs] 
2021-06-07T04:17:46.153+0800: 2054817.833: [GC (Allocation Failure) [PSYoungGen: 498048K->16256K(504320K)] 853613K->380138K(1028608K), 0.0255822 secs] [Times: user=0.03 sys=0.04, real=0.02 secs] 
2021-06-07T04:21:09.479+0800: 2055021.158: [GC (Allocation Failure) [PSYoungGen: 500608K->19424K(494592K)] 864490K->393806K(1018880K), 0.0338582 secs] [Times: user=0.04 sys=0.05, real=0.04 secs] 
2021-06-07T04:24:32.683+0800: 2055224.363: [GC (Allocation Failure) [PSYoungGen: 494560K->14656K(499712K)] 868942K->400763K(1024000K), 0.0314885 secs] [Times: user=0.04 sys=0.04, real=0.03 secs] 
2021-06-07T04:27:56.542+0800: 2055428.222: [GC (Allocation Failure) [PSYoungGen: 489792K->14880K(500224K)] 875899K->411087K(1024512K), 0.0263146 secs] [Times: user=0.03 sys=0.04, real=0.03 secs] 
2021-06-07T04:31:20.227+0800: 2055631.907: [GC (Allocation Failure) [PSYoungGen: 491040K->13824K(500224K)] 887247K->419260K(1024512K), 0.0268242 secs] [Times: user=0.03 sys=0.04, real=0.03 secs] 
2021-06-07T04:34:42.692+0800: 2055834.371: [GC (Allocation Failure) [PSYoungGen: 489984K->15456K(500736K)] 895420K->430744K(1025024K), 0.0304328 secs] [Times: user=0.04 sys=0.04, real=0.04 secs] 
2021-06-07T04:38:06.131+0800: 2056037.810: [GC (Allocation Failure) [PSYoungGen: 492128K->13280K(500224K)] 907416K->439107K(1024512K), 0.0272206 secs] [Times: user=0.04 sys=0.04, real=0.03 secs] 
2021-06-07T04:41:28.436+0800: 2056240.116: [GC (Allocation Failure) [PSYoungGen: 489952K->18048K(501248K)] 915779K->453033K(1025536K), 0.0304067 secs] [Times: user=0.04 sys=0.04, real=0.03 secs] 
2021-06-07T04:44:50.841+0800: 2056442.521: [GC (Allocation Failure) [PSYoungGen: 496256K->14400K(501248K)] 931241K->461070K(1025536K), 0.0253045 secs] [Times: user=0.04 sys=0.04, real=0.03 secs] 
2021-06-07T04:48:14.465+0800: 2056646.144: [GC (Allocation Failure) [PSYoungGen: 492608K->15488K(501760K)] 939278K->472545K(1026048K), 0.0206819 secs] [Times: user=0.03 sys=0.03, real=0.02 secs] 
2021-06-07T04:51:35.488+0800: 2056847.168: [GC (Allocation Failure) [PSYoungGen: 494208K->14048K(501248K)] 951265K->481919K(1025536K), 0.0239501 secs] [Times: user=0.04 sys=0.04, real=0.03 secs] 
2021-06-07T04:54:59.547+0800: 2057051.226: [GC (Allocation Failure) [PSYoungGen: 492768K->15520K(502784K)] 960639K->493251K(1027072K), 0.0584257 secs] [Times: user=0.04 sys=0.03, real=0.06 secs] 
2021-06-07T04:58:24.269+0800: 2057255.949: [GC (Allocation Failure) [PSYoungGen: 496288K->14016K(502272K)] 974019K->502480K(1026560K), 0.0263167 secs] [Times: user=0.04 sys=0.04, real=0.03 secs] 
2021-06-07T05:01:47.916+0800: 2057459.595: [GC (Allocation Failure) [PSYoungGen: 494784K->13344K(502784K)] 983248K->510757K(1027072K), 0.0273848 secs] [Times: user=0.04 sys=0.03, real=0.03 secs] 
2021-06-07T05:05:11.668+0800: 2057663.348: [GC (Allocation Failure) [PSYoungGen: 494624K->12096K(502784K)] 992037K->519495K(1027072K), 0.0263552 secs] [Times: user=0.04 sys=0.04, real=0.03 secs] 
2021-06-07T05:08:36.473+0800: 2057868.153: [GC (Allocation Failure) [PSYoungGen: 493376K->17856K(502784K)] 1000775K->533564K(1027072K), 0.0286096 secs] [Times: user=0.04 sys=0.04, real=0.02 secs] 
2021-06-07T05:08:36.502+0800: 2057868.182: [Full GC (Ergonomics) [PSYoungGen: 17856K->0K(502784K)] [ParOldGen: 515708K->312034K(524288K)] 533564K->312034K(1027072K), [Metaspace: 96404K->96404K(1138688K)], 0.4252443 secs] [Times: user=0.49 sys=0.45, real=0.42 secs] 
2021-06-07T05:11:57.911+0800: 2058069.591: [GC (Allocation Failure) [PSYoungGen: 481280K->16064K(502784K)] 793314K->328098K(1027072K), 0.0228518 secs] [Times: user=0.03 sys=0.03, real=0.03 secs] 
2021-06-07T05:15:22.418+0800: 2058274.097: [GC (Allocation Failure) [PSYoungGen: 497344K->15840K(503296K)] 809378K->339663K(1027584K), 0.0274700 secs] [Times: user=0.04 sys=0.03, real=0.03 secs] 
2021-06-07T05:18:48.960+0800: 2058480.639: [GC (Allocation Failure) [PSYoungGen: 497632K->16768K(502784K)] 821455K->350237K(1027072K), 0.0252570 secs] [Times: user=0.04 sys=0.04, real=0.03 secs] 
2021-06-07T05:22:13.261+0800: 2058684.940: [GC (Allocation Failure) [PSYoungGen: 498560K->17664K(503296K)] 832029K->362513K(1027584K), 0.0329343 secs] [Times: user=0.04 sys=0.05, real=0.04 secs] 
2021-06-07T05:25:36.430+0800: 2058888.110: [GC (Allocation Failure) [PSYoungGen: 499968K->17056K(503296K)] 844817K->371047K(1027584K), 0.0300242 secs] [Times: user=0.04 sys=0.04, real=0.03 secs] 
2021-06-07T05:28:59.463+0800: 2059091.143: [GC (Allocation Failure) [PSYoungGen: 499360K->18176K(502272K)] 853351K->383581K(1026560K), 0.0453686 secs] [Times: user=0.05 sys=0.05, real=0.04 secs] 
2021-06-07T05:32:27.820+0800: 2059299.500: [GC (Allocation Failure) [PSYoungGen: 499456K->12448K(502784K)] 864861K->390026K(1027072K), 0.0324258 secs] [Times: user=0.05 sys=0.04, real=0.04 secs] 
2021-06-07T05:35:51.554+0800: 2059503.234: [GC (Allocation Failure) [PSYoungGen: 493728K->14080K(502784K)] 871306K->400517K(1027072K), 0.0328776 secs] [Times: user=0.04 sys=0.05, real=0.03 secs] 
2021-06-07T05:39:15.357+0800: 2059707.037: [GC (Allocation Failure) [PSYoungGen: 495360K->14336K(502784K)] 881797K->409386K(1027072K), 0.0391292 secs] [Times: user=0.03 sys=0.03, real=0.04 secs] 
2021-06-07T05:42:40.317+0800: 2059911.996: [GC (Allocation Failure) [PSYoungGen: 495616K->16512K(503296K)] 890666K->421687K(1027584K), 0.0458041 secs] [Times: user=0.03 sys=0.03, real=0.05 secs] 
2021-06-07T05:46:02.797+0800: 2060114.476: [GC (Allocation Failure) [PSYoungGen: 498816K->16768K(503296K)] 903991K->431875K(1027584K), 0.0304780 secs] [Times: user=0.04 sys=0.03, real=0.03 secs] 
2021-06-07T05:49:26.275+0800: 2060317.955: [GC (Allocation Failure) [PSYoungGen: 499072K->11840K(503296K)] 914179K->438411K(1027584K), 0.0264934 secs] [Times: user=0.04 sys=0.04, real=0.02 secs] 
2021-06-07T05:52:50.684+0800: 2060522.363: [GC (Allocation Failure) [PSYoungGen: 494144K->15680K(503296K)] 920715K->450113K(1027584K), 0.0249745 secs] [Times: user=0.04 sys=0.04, real=0.02 secs] 
2021-06-07T05:56:11.743+0800: 2060723.422: [GC (Allocation Failure) [PSYoungGen: 497984K->16736K(503808K)] 932417K->462327K(1028096K), 0.0275690 secs] [Times: user=0.03 sys=0.04, real=0.02 secs] 
2021-06-07T05:59:35.733+0800: 2060927.412: [GC (Allocation Failure) [PSYoungGen: 500064K->17152K(503808K)] 945655K->473141K(1028096K), 0.0820909 secs] [Times: user=0.07 sys=0.00, real=0.08 secs] 
2021-06-07T06:02:59.382+0800: 2061131.062: [GC (Allocation Failure) [PSYoungGen: 500480K->15392K(503808K)] 956469K->482314K(1028096K), 0.0278088 secs] [Times: user=0.04 sys=0.04, real=0.03 secs] 
2021-06-07T06:06:22.346+0800: 2061334.026: [GC (Allocation Failure) [PSYoungGen: 498720K->17280K(503808K)] 965642K->495328K(1028096K), 0.0422340 secs] [Times: user=0.05 sys=0.05, real=0.04 secs] 
2021-06-07T06:09:46.870+0800: 2061538.550: [GC (Allocation Failure) [PSYoungGen: 500608K->15040K(504320K)] 978656K->503734K(1028608K), 0.0333636 secs] [Times: user=0.04 sys=0.04, real=0.04 secs] 
2021-06-07T06:13:12.809+0800: 2061744.489: [GC (Allocation Failure) [PSYoungGen: 498880K->13024K(503808K)] 987574K->511208K(1028096K), 0.0230098 secs] [Times: user=0.03 sys=0.03, real=0.03 secs] 
2021-06-07T06:16:38.250+0800: 2061949.929: [GC (Allocation Failure) [PSYoungGen: 496864K->16928K(503296K)] 995048K->524348K(1027584K), 0.0302905 secs] [Times: user=0.03 sys=0.04, real=0.03 secs] 
2021-06-07T06:20:01.218+0800: 2062152.898: [GC (Allocation Failure) [PSYoungGen: 500256K->16096K(503808K)] 1007676K->534329K(1028096K), 0.0368733 secs] [Times: user=0.05 sys=0.04, real=0.04 secs] 
2021-06-07T06:20:01.256+0800: 2062152.936: [Full GC (Ergonomics) [PSYoungGen: 16096K->0K(503808K)] [ParOldGen: 518233K->312703K(524288K)] 534329K->312703K(1028096K), [Metaspace: 96404K->96404K(1138688K)], 0.4876945 secs] [Times: user=0.95 sys=0.00, real=0.49 secs] 
2021-06-07T06:23:23.668+0800: 2062355.347: [GC (Allocation Failure) [PSYoungGen: 483328K->16928K(504320K)] 796031K->329631K(1028608K), 0.0253197 secs] [Times: user=0.03 sys=0.03, real=0.03 secs] 
2021-06-07T06:26:46.903+0800: 2062558.582: [GC (Allocation Failure) [PSYoungGen: 501280K->18464K(503296K)] 813983K->342060K(1027584K), 0.0419635 secs] [Times: user=0.04 sys=0.04, real=0.04 secs] 
2021-06-07T06:30:11.927+0800: 2062763.607: [GC (Allocation Failure) [PSYoungGen: 502816K->18368K(502784K)] 826412K->352922K(1027072K), 0.0266080 secs] [Times: user=0.03 sys=0.04, real=0.03 secs] 
2021-06-07T06:33:36.841+0800: 2062968.520: [GC (Allocation Failure) [PSYoungGen: 500672K->15296K(503296K)] 835226K->362369K(1027584K), 0.0275541 secs] [Times: user=0.03 sys=0.04, real=0.03 secs] 
2021-06-07T06:36:59.670+0800: 2063171.349: [GC (Allocation Failure) [PSYoungGen: 497600K->16256K(503808K)] 844673K->373030K(1028096K), 0.0290581 secs] [Times: user=0.04 sys=0.04, real=0.03 secs] 
2021-06-07T06:40:23.307+0800: 2063374.986: [GC (Allocation Failure) [PSYoungGen: 499072K->16992K(503296K)] 855846K->383555K(1027584K), 0.0249768 secs] [Times: user=0.04 sys=0.04, real=0.02 secs] 
2021-06-07T06:43:50.667+0800: 2063582.347: [GC (Allocation Failure) [PSYoungGen: 499808K->14560K(504320K)] 866371K->393382K(1028608K), 0.0271710 secs] [Times: user=0.03 sys=0.04, real=0.03 secs] 
2021-06-07T06:47:14.817+0800: 2063786.497: [GC (Allocation Failure) [PSYoungGen: 498400K->17728K(503808K)] 877222K->406259K(1028096K), 0.0267671 secs] [Times: user=0.04 sys=0.04, real=0.03 secs] 
2021-06-07T06:50:40.078+0800: 2063991.757: [GC (Allocation Failure) [PSYoungGen: 501568K->18528K(502784K)] 890099K->418089K(1027072K), 0.0297992 secs] [Times: user=0.04 sys=0.04, real=0.03 secs] 
2021-06-07T06:54:03.432+0800: 2064195.112: [GC (Allocation Failure) [PSYoungGen: 500832K->15072K(503296K)] 900393K->426349K(1027584K), 0.0254093 secs] [Times: user=0.04 sys=0.04, real=0.02 secs] 
2021-06-07T06:57:23.762+0800: 2064395.441: [GC (Allocation Failure) [PSYoungGen: 497376K->15146K(503808K)] 908653K->435886K(1028096K), 0.0311100 secs] [Times: user=0.05 sys=0.04, real=0.04 secs] 
2021-06-07T07:00:47.835+0800: 2064599.514: [GC (Allocation Failure) [PSYoungGen: 498474K->14560K(503808K)] 919214K->445787K(1028096K), 0.0328918 secs] [Times: user=0.05 sys=0.05, real=0.03 secs] 
2021-06-07T07:04:10.367+0800: 2064802.047: [GC (Allocation Failure) [PSYoungGen: 497888K->15968K(504320K)] 929115K->456726K(1028608K), 0.0330365 secs] [Times: user=0.05 sys=0.05, real=0.03 secs] 
2021-06-07T07:07:33.299+0800: 2065004.979: [GC (Allocation Failure) [PSYoungGen: 499808K->16864K(503808K)] 940566K->468122K(1028096K), 0.0300457 secs] [Times: user=0.05 sys=0.04, real=0.03 secs] 
2021-06-07T07:10:56.653+0800: 2065208.333: [GC (Allocation Failure) [PSYoungGen: 500704K->16096K(504832K)] 951962K->479879K(1029120K), 0.0342389 secs] [Times: user=0.04 sys=0.05, real=0.03 secs] 
2021-06-07T07:14:18.358+0800: 2065410.037: [GC (Allocation Failure) [PSYoungGen: 500960K->19168K(504320K)] 964743K->492903K(1028608K), 0.0352429 secs] [Times: user=0.05 sys=0.03, real=0.04 secs] 
2021-06-07T07:17:45.487+0800: 2065617.166: [GC (Allocation Failure) [PSYoungGen: 504032K->18304K(503296K)] 977767K->502061K(1027584K), 0.0291778 secs] [Times: user=0.04 sys=0.04, real=0.03 secs] 
2021-06-07T07:21:12.820+0800: 2065824.499: [GC (Allocation Failure) [PSYoungGen: 501632K->15520K(503808K)] 985389K->511578K(1028096K), 0.0315651 secs] [Times: user=0.05 sys=0.04, real=0.03 secs] 
2021-06-07T07:24:37.285+0800: 2066028.964: [GC (Allocation Failure) [PSYoungGen: 498848K->15616K(503808K)] 994906K->520927K(1028096K), 0.0341380 secs] [Times: user=0.04 sys=0.05, real=0.03 secs] 
2021-06-07T07:28:02.529+0800: 2066234.208: [GC (Allocation Failure) [PSYoungGen: 498944K->15488K(503808K)] 1004255K->530916K(1028096K), 0.0407466 secs] [Times: user=0.05 sys=0.04, real=0.04 secs] 
2021-06-07T07:28:02.570+0800: 2066234.250: [Full GC (Ergonomics) [PSYoungGen: 15488K->0K(503808K)] [ParOldGen: 515428K->308747K(524288K)] 530916K->308747K(1028096K), [Metaspace: 96404K->96401K(1138688K)], 0.5146726 secs] [Times: user=1.12 sys=0.00, real=0.52 secs] 
2021-06-07T07:31:29.014+0800: 2066440.694: [GC (Allocation Failure) [PSYoungGen: 483328K->15584K(504320K)] 792075K->324331K(1028608K), 0.0366477 secs] [Times: user=0.04 sys=0.04, real=0.03 secs] 
2021-06-07T07:34:56.678+0800: 2066648.358: [GC (Allocation Failure) [PSYoungGen: 499932K->15328K(504320K)] 808679K->335478K(1028608K), 0.0290528 secs] [Times: user=0.04 sys=0.04, real=0.03 secs] 
2021-06-07T07:38:25.502+0800: 2066857.182: [GC (Allocation Failure) [PSYoungGen: 499680K->13024K(503808K)] 819830K->344138K(1028096K), 0.0283334 secs] [Times: user=0.04 sys=0.04, real=0.02 secs] 
2021-06-07T07:41:50.484+0800: 2067062.163: [GC (Allocation Failure) [PSYoungGen: 497376K->16544K(504320K)] 828490K->356190K(1028608K), 0.0306334 secs] [Times: user=0.04 sys=0.03, real=0.03 secs] 
2021-06-07T07:45:14.561+0800: 2067266.240: [GC (Allocation Failure) [PSYoungGen: 500896K->17216K(504320K)] 840542K->366108K(1028608K), 0.0304909 secs] [Times: user=0.04 sys=0.04, real=0.03 secs] 
2021-06-07T07:48:41.795+0800: 2067473.475: [GC (Allocation Failure) [PSYoungGen: 501568K->13760K(504320K)] 850460K->373743K(1028608K), 0.0256322 secs] [Times: user=0.03 sys=0.03, real=0.02 secs] 
2021-06-07T07:52:08.105+0800: 2067679.784: [GC (Allocation Failure) [PSYoungGen: 498112K->15392K(504832K)] 858095K->384692K(1029120K), 0.0269314 secs] [Times: user=0.04 sys=0.04, real=0.02 secs] 
2021-06-07T07:55:33.740+0800: 2067885.420: [GC (Allocation Failure) [PSYoungGen: 500256K->15040K(504320K)] 869556K->394512K(1028608K), 0.0283710 secs] [Times: user=0.04 sys=0.04, real=0.03 secs] 
2021-06-07T07:59:02.185+0800: 2068093.864: [GC (Allocation Failure) [PSYoungGen: 499904K->15488K(505344K)] 879376K->405901K(1029632K), 0.0337600 secs] [Times: user=0.05 sys=0.05, real=0.03 secs] 
2021-06-07T08:02:27.685+0800: 2068299.364: [GC (Allocation Failure) [PSYoungGen: 501376K->17152K(504832K)] 891789K->418243K(1029120K), 0.0315448 secs] [Times: user=0.04 sys=0.03, real=0.03 secs] 
2021-06-07T08:05:53.643+0800: 2068505.322: [GC (Allocation Failure) [PSYoungGen: 503040K->16768K(504832K)] 904131K->428240K(1029120K), 0.0317500 secs] [Times: user=0.09 sys=0.00, real=0.03 secs] 
2021-06-07T08:09:19.520+0800: 2068711.199: [GC (Allocation Failure) [PSYoungGen: 502144K->15392K(504832K)] 913616K->438124K(1029120K), 0.0264309 secs] [Times: user=0.08 sys=0.00, real=0.03 secs] 
2021-06-07T08:12:46.672+0800: 2068918.352: [GC (Allocation Failure) [PSYoungGen: 500768K->12928K(504320K)] 923500K->447087K(1028608K), 0.0243045 secs] [Times: user=0.03 sys=0.03, real=0.02 secs] 
2021-06-07T08:16:10.489+0800: 2069122.169: [GC (Allocation Failure) [PSYoungGen: 498304K->15584K(504832K)] 932463K->458757K(1029120K), 0.0243631 secs] [Times: user=0.04 sys=0.04, real=0.03 secs] 
2021-06-07T08:19:38.196+0800: 2069329.876: [GC (Allocation Failure) [PSYoungGen: 500960K->14208K(505344K)] 944133K->468689K(1029632K), 0.0613524 secs] [Times: user=0.04 sys=0.04, real=0.06 secs] 
2021-06-07T08:23:01.298+0800: 2069532.977: [GC (Allocation Failure) [PSYoungGen: 500608K->17920K(504832K)] 955089K->481423K(1029120K), 0.0284179 secs] [Times: user=0.04 sys=0.04, real=0.03 secs] 
2021-06-07T08:26:26.624+0800: 2069738.304: [GC (Allocation Failure) [PSYoungGen: 504320K->15072K(504832K)] 967823K->490332K(1029120K), 0.0248082 secs] [Times: user=0.03 sys=0.03, real=0.02 secs] 
2021-06-07T08:29:54.075+0800: 2069945.755: [GC (Allocation Failure) [PSYoungGen: 500448K->16160K(504832K)] 975708K->502193K(1029120K), 0.0297268 secs] [Times: user=0.08 sys=0.00, real=0.03 secs] 
2021-06-07T08:33:19.979+0800: 2070151.659: [GC (Allocation Failure) [PSYoungGen: 501536K->16192K(505344K)] 987569K->513726K(1029632K), 0.0257762 secs] [Times: user=0.04 sys=0.04, real=0.03 secs] 
2021-06-07T08:36:45.477+0800: 2070357.157: [GC (Allocation Failure) [PSYoungGen: 502592K->11200K(497664K)] 1000126K->520184K(1021952K), 0.0255799 secs] [Times: user=0.04 sys=0.04, real=0.03 secs] 
2021-06-07T08:40:12.145+0800: 2070563.825: [GC (Allocation Failure) [PSYoungGen: 497600K->17696K(503808K)] 1006584K->534896K(1028096K), 0.0299075 secs] [Times: user=0.04 sys=0.04, real=0.03 secs] 
2021-06-07T08:40:12.175+0800: 2070563.855: [Full GC (Ergonomics) [PSYoungGen: 17696K->0K(503808K)] [ParOldGen: 517200K->315002K(524288K)] 534896K->315002K(1028096K), [Metaspace: 96404K->96404K(1138688K)], 0.4340601 secs] [Times: user=0.48 sys=0.46, real=0.43 secs] 
2021-06-07T08:43:34.913+0800: 2070766.593: [GC (Allocation Failure) [PSYoungGen: 484352K->19776K(504320K)] 799354K->334778K(1028608K), 0.0373630 secs] [Times: user=0.04 sys=0.04, real=0.03 secs] 
2021-06-07T08:46:59.117+0800: 2070970.797: [GC (Allocation Failure) [PSYoungGen: 504128K->16256K(503296K)] 819130K->345428K(1027584K), 0.0350340 secs] [Times: user=0.05 sys=0.04, real=0.04 secs] 
2021-06-07T08:50:24.996+0800: 2071176.676: [GC (Allocation Failure) [PSYoungGen: 499584K->15328K(503808K)] 828756K->353690K(1028096K), 0.0278019 secs] [Times: user=0.03 sys=0.05, real=0.03 secs] 
2021-06-07T08:53:49.693+0800: 2071381.372: [GC (Allocation Failure) [PSYoungGen: 498656K->17184K(503808K)] 837018K->366174K(1028096K), 0.0519051 secs] [Times: user=0.06 sys=0.05, real=0.05 secs] 
2021-06-07T08:57:14.383+0800: 2071586.063: [GC (Allocation Failure) [PSYoungGen: 500512K->15744K(503808K)] 849502K->375380K(1028096K), 0.0323490 secs] [Times: user=0.09 sys=0.00, real=0.03 secs] 
2021-06-07T09:00:38.157+0800: 2071789.836: [GC (Allocation Failure) [PSYoungGen: 499072K->15200K(504320K)] 858708K->384489K(1028608K), 0.0402198 secs] [Times: user=0.04 sys=0.04, real=0.04 secs] 
2021-06-07T09:04:04.245+0800: 2071995.925: [GC (Allocation Failure) [PSYoungGen: 499552K->14400K(504320K)] 868841K->393071K(1028608K), 0.0976008 secs] [Times: user=0.05 sys=0.04, real=0.10 secs] 
2021-06-07T09:07:27.832+0800: 2072199.511: [GC (Allocation Failure) [PSYoungGen: 498752K->16032K(504832K)] 877423K->406012K(1029120K), 0.0395081 secs] [Times: user=0.05 sys=0.05, real=0.04 secs] 
2021-06-07T09:10:50.416+0800: 2072402.096: [GC (Allocation Failure) [PSYoungGen: 500896K->16832K(504320K)] 890876K->418336K(1028608K), 0.0336001 secs] [Times: user=0.05 sys=0.04, real=0.03 secs] 
2021-06-07T09:14:15.087+0800: 2072606.767: [GC (Allocation Failure) [PSYoungGen: 501696K->16096K(504832K)] 903200K->428741K(1029120K), 0.0416248 secs] [Times: user=0.04 sys=0.04, real=0.04 secs] 
2021-06-07T09:17:42.511+0800: 2072814.191: [GC (Allocation Failure) [PSYoungGen: 501472K->14944K(504832K)] 914117K->437769K(1029120K), 0.0303918 secs] [Times: user=0.08 sys=0.00, real=0.03 secs] 
2021-06-07T09:21:10.146+0800: 2073021.825: [GC (Allocation Failure) [PSYoungGen: 500320K->16480K(505344K)] 923145K->449094K(1029632K), 0.0254948 secs] [Times: user=0.04 sys=0.04, real=0.02 secs] 
2021-06-07T09:24:37.518+0800: 2073229.197: [GC (Allocation Failure) [PSYoungGen: 502880K->16096K(505344K)] 935494K->460171K(1029632K), 0.0309969 secs] [Times: user=0.03 sys=0.04, real=0.03 secs] 
2021-06-07T09:27:47.793+0800: 2073419.473: [GC (Allocation Failure) [PSYoungGen: 502496K->15296K(505856K)] 946571K->469866K(1030144K), 0.0401686 secs] [Times: user=0.04 sys=0.04, real=0.04 secs] 
2021-06-07T09:31:08.772+0800: 2073620.451: [GC (Allocation Failure) [PSYoungGen: 502208K->12800K(505344K)] 956778K->478120K(1029632K), 0.0286473 secs] [Times: user=0.05 sys=0.04, real=0.03 secs] 
2021-06-07T09:34:30.287+0800: 2073821.966: [GC (Allocation Failure) [PSYoungGen: 499712K->13600K(505344K)] 965032K->487755K(1029632K), 0.0305334 secs] [Times: user=0.03 sys=0.04, real=0.03 secs] 
2021-06-07T09:37:51.622+0800: 2074023.302: [GC (Allocation Failure) [PSYoungGen: 500000K->9280K(496128K)] 974155K->492155K(1020416K), 0.0259691 secs] [Times: user=0.04 sys=0.04, real=0.02 secs] 
2021-06-07T09:41:15.828+0800: 2074227.507: [GC (Allocation Failure) [PSYoungGen: 495680K->9056K(503808K)] 978555K->498958K(1028096K), 0.0228965 secs] [Times: user=0.04 sys=0.04, real=0.02 secs] 
2021-06-07T09:44:40.186+0800: 2074431.866: [GC (Allocation Failure) [PSYoungGen: 493408K->8288K(493056K)] 983310K->505838K(1017344K), 0.0220292 secs] [Times: user=0.04 sys=0.03, real=0.02 secs] 
2021-06-07T09:48:05.245+0800: 2074636.924: [GC (Allocation Failure) [PSYoungGen: 492640K->5344K(501760K)] 990190K->510039K(1026048K), 0.0221544 secs] [Times: user=0.03 sys=0.04, real=0.02 secs] 
2021-06-07T09:51:26.013+0800: 2074837.693: [GC (Allocation Failure) [PSYoungGen: 486624K->10208K(502784K)] 991319K->519181K(1027072K), 0.0234944 secs] [Times: user=0.03 sys=0.03, real=0.02 secs] 
2021-06-07T09:54:46.557+0800: 2075038.236: [GC (Allocation Failure) [PSYoungGen: 491488K->10528K(503808K)] 1000461K->527664K(1028096K), 0.0261600 secs] [Times: user=0.04 sys=0.04, real=0.03 secs] 
2021-06-07T09:54:46.583+0800: 2075038.263: [Full GC (Ergonomics) [PSYoungGen: 10528K->0K(503808K)] [ParOldGen: 517135K->299995K(524288K)] 527664K->299995K(1028096K), [Metaspace: 96406K->96406K(1138688K)], 0.4993436 secs] [Times: user=1.14 sys=0.00, real=0.50 secs] 
2021-06-07T09:58:07.439+0800: 2075239.119: [GC (Allocation Failure) [PSYoungGen: 482816K->10528K(503296K)] 782811K->310531K(1027584K), 0.0268159 secs] [Times: user=0.03 sys=0.03, real=0.03 secs] 
2021-06-07T10:01:28.170+0800: 2075439.850: [GC (Allocation Failure) [PSYoungGen: 493344K->10656K(504832K)] 793347K->319723K(1029120K), 0.0230578 secs] [Times: user=0.03 sys=0.04, real=0.03 secs] 
2021-06-07T10:04:51.734+0800: 2075643.413: [GC (Allocation Failure) [PSYoungGen: 495520K->9728K(504320K)] 804587K->326990K(1028608K), 0.0280823 secs] [Times: user=0.04 sys=0.04, real=0.02 secs] 
2021-06-07T10:08:16.022+0800: 2075847.702: [GC (Allocation Failure) [PSYoungGen: 494592K->13056K(505344K)] 811854K->337122K(1029632K), 0.0245342 secs] [Times: user=0.03 sys=0.04, real=0.03 secs] 
2021-06-07T10:11:44.272+0800: 2076055.952: [GC (Allocation Failure) [PSYoungGen: 499456K->10400K(505344K)] 823522K->343716K(1029632K), 0.0283322 secs] [Times: user=0.04 sys=0.04, real=0.03 secs] 
2021-06-07T10:15:10.622+0800: 2076262.302: [GC (Allocation Failure) [PSYoungGen: 496800K->7360K(505856K)] 830116K->349747K(1030144K), 0.0682603 secs] [Times: user=0.03 sys=0.03, real=0.07 secs] 
2021-06-07T10:18:33.072+0800: 2076464.751: [GC (Allocation Failure) [PSYoungGen: 494784K->9408K(505856K)] 837171K->357007K(1030144K), 0.0215846 secs] [Times: user=0.03 sys=0.03, real=0.03 secs] 
2021-06-07T10:21:58.345+0800: 2076670.025: [GC (Allocation Failure) [PSYoungGen: 496832K->7744K(506368K)] 844431K->363394K(1030656K), 0.0217124 secs] [Times: user=0.03 sys=0.04, real=0.02 secs] 
2021-06-07T10:25:22.207+0800: 2076873.887: [GC (Allocation Failure) [PSYoungGen: 496192K->8448K(506368K)] 851842K->370701K(1030656K), 0.0229269 secs] [Times: user=0.03 sys=0.03, real=0.02 secs] 
2021-06-07T10:28:46.457+0800: 2077078.137: [GC (Allocation Failure) [PSYoungGen: 496896K->5088K(506368K)] 859149K->374191K(1030656K), 0.0298955 secs] [Times: user=0.03 sys=0.03, real=0.03 secs] 
2021-06-07T10:32:11.102+0800: 2077282.782: [GC (Allocation Failure) [PSYoungGen: 493536K->10976K(506368K)] 862639K->383629K(1030656K), 0.0266348 secs] [Times: user=0.04 sys=0.03, real=0.03 secs] 
2021-06-07T10:35:34.703+0800: 2077486.382: [GC (Allocation Failure) [PSYoungGen: 499424K->9536K(507392K)] 872077K->390615K(1031680K), 0.0242196 secs] [Times: user=0.04 sys=0.04, real=0.02 secs] 
2021-06-07T10:38:57.567+0800: 2077689.247: [GC (Allocation Failure) [PSYoungGen: 499520K->10400K(506880K)] 880599K->398410K(1031168K), 0.0209964 secs] [Times: user=0.04 sys=0.03, real=0.02 secs] 
2021-06-07T10:42:23.019+0800: 2077894.699: [GC (Allocation Failure) [PSYoungGen: 500384K->6912K(507904K)] 888394K->403226K(1032192K), 0.0217901 secs] [Times: user=0.03 sys=0.04, real=0.02 secs] 
2021-06-07T10:45:46.981+0800: 2078098.661: [GC (Allocation Failure) [PSYoungGen: 498432K->9376K(507904K)] 894746K->411134K(1032192K), 0.0221961 secs] [Times: user=0.03 sys=0.04, real=0.03 secs] 
2021-06-07T10:49:12.402+0800: 2078304.081: [GC (Allocation Failure) [PSYoungGen: 500896K->8160K(508928K)] 902654K->417408K(1033216K), 0.0273998 secs] [Times: user=0.03 sys=0.03, real=0.03 secs] 
2021-06-07T10:52:36.813+0800: 2078508.493: [GC (Allocation Failure) [PSYoungGen: 501216K->6784K(508416K)] 910464K->422754K(1032704K), 0.0289277 secs] [Times: user=0.03 sys=0.04, real=0.02 secs] 
2021-06-07T10:56:01.303+0800: 2078712.983: [GC (Allocation Failure) [PSYoungGen: 499838K->11552K(507904K)] 915808K->433111K(1032192K), 0.0461180 secs] [Times: user=0.04 sys=0.04, real=0.04 secs] 
2021-06-07T10:59:31.461+0800: 2078923.140: [GC (Allocation Failure) [PSYoungGen: 504096K->15840K(508416K)] 925655K->446765K(1032704K), 0.0334114 secs] [Times: user=0.05 sys=0.05, real=0.04 secs] 
2021-06-07T11:03:02.070+0800: 2079133.750: [GC (Allocation Failure) [PSYoungGen: 508384K->15840K(489984K)] 939309K->456428K(1014272K), 0.0380230 secs] [Times: user=0.05 sys=0.04, real=0.04 secs] 
2021-06-07T11:06:22.350+0800: 2079334.030: [GC (Allocation Failure) [PSYoungGen: 489952K->15104K(499200K)] 930540K->465072K(1023488K), 0.0303652 secs] [Times: user=0.05 sys=0.04, real=0.03 secs] 
2021-06-07T11:09:43.509+0800: 2079535.189: [GC (Allocation Failure) [PSYoungGen: 489216K->17728K(498176K)] 939184K->476302K(1022464K), 0.0306550 secs] [Times: user=0.04 sys=0.05, real=0.03 secs] 
2021-06-07T11:13:05.464+0800: 2079737.143: [GC (Allocation Failure) [PSYoungGen: 490816K->14656K(498688K)] 949390K->484914K(1022976K), 0.0303175 secs] [Times: user=0.05 sys=0.03, real=0.03 secs] 
2021-06-07T11:16:26.796+0800: 2079938.475: [GC (Allocation Failure) [PSYoungGen: 487744K->14816K(500224K)] 958002K->495310K(1024512K), 0.0277902 secs] [Times: user=0.08 sys=0.00, real=0.03 secs] 
2021-06-07T11:19:49.158+0800: 2080140.838: [GC (Allocation Failure) [PSYoungGen: 489952K->16960K(499200K)] 970446K->507148K(1023488K), 0.0298968 secs] [Times: user=0.04 sys=0.04, real=0.03 secs] 
2021-06-07T11:23:16.836+0800: 2080348.516: [GC (Allocation Failure) [PSYoungGen: 492096K->9184K(500224K)] 982284K->510562K(1024512K), 0.0731652 secs] [Times: user=0.04 sys=0.03, real=0.07 secs] 
2021-06-07T11:26:38.198+0800: 2080549.878: [GC (Allocation Failure) [PSYoungGen: 484832K->7552K(499712K)] 986210K->516347K(1024000K), 0.0283790 secs] [Times: user=0.04 sys=0.04, real=0.03 secs] 
2021-06-07T11:30:00.012+0800: 2080751.692: [GC (Allocation Failure) [PSYoungGen: 483200K->6080K(500224K)] 991995K->521030K(1024512K), 0.0196985 secs] [Times: user=0.03 sys=0.03, real=0.02 secs] 
2021-06-07T11:30:00.033+0800: 2080751.712: [Full GC (Ergonomics) [PSYoungGen: 6080K->0K(500224K)] [ParOldGen: 514950K->302944K(524288K)] 521030K->302944K(1024512K), [Metaspace: 96416K->96412K(1138688K)], 0.4833144 secs] [Times: user=0.95 sys=0.00, real=0.48 secs] 
2021-06-07T11:33:22.805+0800: 2080954.485: [GC (Allocation Failure) [PSYoungGen: 476160K->13600K(500224K)] 779104K->316544K(1024512K), 0.0201909 secs] [Times: user=0.03 sys=0.03, real=0.02 secs] 
2021-06-07T11:36:47.032+0800: 2081158.712: [GC (Allocation Failure) [PSYoungGen: 489760K->16480K(499712K)] 792704K->329606K(1024000K), 0.0510826 secs] [Times: user=0.06 sys=0.05, real=0.06 secs] 
2021-06-07T11:40:07.596+0800: 2081359.276: [GC (Allocation Failure) [PSYoungGen: 492640K->18336K(494592K)] 805766K->342165K(1018880K), 0.0347561 secs] [Times: user=0.05 sys=0.05, real=0.03 secs] 
2021-06-07T11:43:29.785+0800: 2081561.465: [GC (Allocation Failure) [PSYoungGen: 494496K->18816K(497152K)] 818325K->354538K(1021440K), 0.0343648 secs] [Times: user=0.04 sys=0.04, real=0.03 secs] 
2021-06-07T11:46:51.371+0800: 2081763.051: [GC (Allocation Failure) [PSYoungGen: 490880K->14848K(498176K)] 826602K->361239K(1022464K), 0.0283088 secs] [Times: user=0.04 sys=0.04, real=0.03 secs] 
2021-06-07T11:50:10.269+0800: 2081961.949: [GC (Allocation Failure) [PSYoungGen: 486912K->16416K(499200K)] 833303K->371052K(1023488K), 0.0648418 secs] [Times: user=0.05 sys=0.06, real=0.07 secs] 
2021-06-07T11:53:32.379+0800: 2082164.059: [GC (Allocation Failure) [PSYoungGen: 490528K->13440K(499200K)] 845164K->378959K(1023488K), 0.0470846 secs] [Times: user=0.05 sys=0.05, real=0.05 secs] 
2021-06-07T11:56:53.173+0800: 2082364.853: [GC (Allocation Failure) [PSYoungGen: 487552K->15104K(500736K)] 853071K->389747K(1025024K), 0.0421717 secs] [Times: user=0.05 sys=0.05, real=0.04 secs] 
2021-06-07T12:00:17.860+0800: 2082569.540: [GC (Allocation Failure) [PSYoungGen: 491776K->15552K(500224K)] 866419K->400568K(1024512K), 0.0288881 secs] [Times: user=0.03 sys=0.03, real=0.03 secs] 
2021-06-07T12:03:41.926+0800: 2082773.605: [GC (Allocation Failure) [PSYoungGen: 492224K->15808K(501760K)] 877240K->410740K(1026048K), 0.0521496 secs] [Times: user=0.04 sys=0.04, real=0.05 secs] 
2021-06-07T12:07:05.190+0800: 2082976.870: [GC (Allocation Failure) [PSYoungGen: 494528K->18304K(497152K)] 889460K->422475K(1021440K), 0.0293916 secs] [Times: user=0.04 sys=0.04, real=0.03 secs] 
2021-06-07T12:10:29.235+0800: 2083180.915: [GC (Allocation Failure) [PSYoungGen: 497024K->15360K(501760K)] 901195K->431847K(1026048K), 0.0268045 secs] [Times: user=0.04 sys=0.03, real=0.02 secs] 
2021-06-07T12:13:53.495+0800: 2083385.174: [GC (Allocation Failure) [PSYoungGen: 493568K->15392K(500736K)] 910055K->441446K(1025024K), 0.0273856 secs] [Times: user=0.04 sys=0.04, real=0.03 secs] 
2021-06-07T12:17:18.121+0800: 2083589.801: [GC (Allocation Failure) [PSYoungGen: 493600K->14848K(502784K)] 919654K->450610K(1027072K), 0.0311632 secs] [Times: user=0.05 sys=0.04, real=0.04 secs] 
2021-06-07T12:20:43.137+0800: 2083794.817: [GC (Allocation Failure) [PSYoungGen: 495616K->16576K(502272K)] 931378K->461934K(1026560K), 0.0514598 secs] [Times: user=0.05 sys=0.05, real=0.05 secs] 
2021-06-07T12:24:06.814+0800: 2083998.493: [GC (Allocation Failure) [PSYoungGen: 497344K->18528K(501760K)] 942702K->473988K(1026048K), 0.0386741 secs] [Times: user=0.04 sys=0.04, real=0.04 secs] 
2021-06-07T12:27:32.239+0800: 2084203.918: [GC (Allocation Failure) [PSYoungGen: 498784K->16448K(502272K)] 954244K->482386K(1026560K), 0.0371098 secs] [Times: user=0.05 sys=0.05, real=0.04 secs] 
2021-06-07T12:30:54.971+0800: 2084406.651: [GC (Allocation Failure) [PSYoungGen: 496704K->18688K(501248K)] 962642K->493376K(1025536K), 0.0331886 secs] [Times: user=0.05 sys=0.05, real=0.04 secs] 
2021-06-07T12:34:18.213+0800: 2084609.893: [GC (Allocation Failure) [PSYoungGen: 497920K->17536K(501760K)] 972608K->503822K(1026048K), 0.0294106 secs] [Times: user=0.04 sys=0.04, real=0.03 secs] 
2021-06-07T12:37:41.175+0800: 2084812.855: [GC (Allocation Failure) [PSYoungGen: 496768K->16512K(502272K)] 983054K->515523K(1026560K), 0.0324008 secs] [Times: user=0.04 sys=0.04, real=0.03 secs] 
2021-06-07T12:41:03.988+0800: 2085015.667: [GC (Allocation Failure) [PSYoungGen: 496256K->16768K(501760K)] 995267K->526297K(1026048K), 0.0348308 secs] [Times: user=0.04 sys=0.04, real=0.04 secs] 
2021-06-07T12:44:28.427+0800: 2085220.107: [GC (Allocation Failure) [PSYoungGen: 496512K->17344K(502784K)] 1006041K->536511K(1027072K), 0.0412426 secs] [Times: user=0.04 sys=0.03, real=0.04 secs] 
2021-06-07T12:44:28.469+0800: 2085220.149: [Full GC (Ergonomics) [PSYoungGen: 17344K->0K(502784K)] [ParOldGen: 519167K->322199K(524288K)] 536511K->322199K(1027072K), [Metaspace: 96416K->96416K(1138688K)], 0.5204021 secs] [Times: user=0.56 sys=0.53, real=0.52 secs] 
2021-06-07T12:47:53.514+0800: 2085425.194: [GC (Allocation Failure) [PSYoungGen: 481280K->16512K(502784K)] 803479K->338711K(1027072K), 0.0397237 secs] [Times: user=0.04 sys=0.04, real=0.04 secs] 
2021-06-07T12:51:18.675+0800: 2085630.354: [GC (Allocation Failure) [PSYoungGen: 497792K->15136K(503296K)] 819991K->349757K(1027584K), 0.0346931 secs] [Times: user=0.04 sys=0.04, real=0.03 secs] 
2021-06-07T12:54:42.773+0800: 2085834.452: [GC (Allocation Failure) [PSYoungGen: 497440K->15264K(503296K)] 832061K->359467K(1027584K), 0.0311856 secs] [Times: user=0.04 sys=0.05, real=0.03 secs] 
2021-06-07T12:58:03.787+0800: 2086035.467: [GC (Allocation Failure) [PSYoungGen: 497568K->15082K(503808K)] 841771K->370073K(1028096K), 0.0282775 secs] [Times: user=0.05 sys=0.04, real=0.03 secs] 
2021-06-07T13:01:28.205+0800: 2086239.885: [GC (Allocation Failure) [PSYoungGen: 498410K->17408K(503808K)] 853401K->383351K(1028096K), 0.0425534 secs] [Times: user=0.04 sys=0.04, real=0.04 secs] 
2021-06-07T13:04:49.033+0800: 2086440.713: [GC (Allocation Failure) [PSYoungGen: 500736K->17536K(503808K)] 866679K->394052K(1028096K), 0.0558094 secs] [Times: user=0.04 sys=0.04, real=0.05 secs] 
2021-06-07T13:08:15.206+0800: 2086646.886: [GC (Allocation Failure) [PSYoungGen: 500864K->16288K(503808K)] 877380K->404602K(1028096K), 0.0387109 secs] [Times: user=0.04 sys=0.05, real=0.04 secs] 
2021-06-07T13:11:39.228+0800: 2086850.908: [GC (Allocation Failure) [PSYoungGen: 499616K->16800K(504320K)] 887930K->415839K(1028608K), 0.0288031 secs] [Times: user=0.04 sys=0.03, real=0.03 secs] 
2021-06-07T13:15:03.607+0800: 2087055.286: [GC (Allocation Failure) [PSYoungGen: 501152K->15680K(504320K)] 900191K->425253K(1028608K), 0.0239735 secs] [Times: user=0.03 sys=0.03, real=0.02 secs] 
2021-06-07T13:18:27.786+0800: 2087259.466: [GC (Allocation Failure) [PSYoungGen: 500032K->18464K(503296K)] 909605K->438850K(1027584K), 0.0508800 secs] [Times: user=0.04 sys=0.04, real=0.05 secs] 
2021-06-07T13:21:52.779+0800: 2087464.459: [GC (Allocation Failure) [PSYoungGen: 501792K->14688K(503808K)] 922178K->446415K(1028096K), 0.0631994 secs] [Times: user=0.08 sys=0.00, real=0.07 secs] 
2021-06-07T13:25:19.313+0800: 2087670.993: [GC (Allocation Failure) [PSYoungGen: 498016K->15872K(504320K)] 929743K->457307K(1028608K), 0.0313428 secs] [Times: user=0.03 sys=0.03, real=0.03 secs] 
2021-06-07T13:28:45.933+0800: 2087877.612: [GC (Allocation Failure) [PSYoungGen: 500224K->15520K(504320K)] 941659K->467721K(1028608K), 0.0287250 secs] [Times: user=0.04 sys=0.04, real=0.02 secs] 
2021-06-07T13:32:12.488+0800: 2088084.167: [GC (Allocation Failure) [PSYoungGen: 499872K->14528K(504832K)] 952073K->475796K(1029120K), 0.0288197 secs] [Times: user=0.03 sys=0.03, real=0.03 secs] 
2021-06-07T13:35:37.894+0800: 2088289.573: [GC (Allocation Failure) [PSYoungGen: 499904K->14752K(504832K)] 961172K->484530K(1029120K), 0.0296657 secs] [Times: user=0.08 sys=0.00, real=0.03 secs] 
2021-06-07T13:39:06.281+0800: 2088497.961: [GC (Allocation Failure) [PSYoungGen: 500128K->14816K(504832K)] 969906K->494575K(1029120K), 0.0318254 secs] [Times: user=0.03 sys=0.04, real=0.04 secs] 
2021-06-07T13:42:29.293+0800: 2088700.972: [GC (Allocation Failure) [PSYoungGen: 500192K->17504K(504832K)] 979951K->507046K(1029120K), 0.0247418 secs] [Times: user=0.04 sys=0.03, real=0.02 secs] 
2021-06-07T13:45:53.423+0800: 2088905.102: [GC (Allocation Failure) [PSYoungGen: 502880K->15744K(504832K)] 992422K->516849K(1029120K), 0.0268561 secs] [Times: user=0.04 sys=0.04, real=0.02 secs] 
2021-06-07T13:49:19.561+0800: 2089111.241: [GC (Allocation Failure) [PSYoungGen: 501120K->15392K(504832K)] 1002225K->526535K(1029120K), 0.0280395 secs] [Times: user=0.04 sys=0.04, real=0.03 secs] 
2021-06-07T13:52:42.455+0800: 2089314.135: [GC (Allocation Failure) [PSYoungGen: 500768K->15904K(505344K)] 1011911K->537389K(1029632K), 0.0262845 secs] [Times: user=0.04 sys=0.04, real=0.02 secs] 
2021-06-07T13:52:42.482+0800: 2089314.162: [Full GC (Ergonomics) [PSYoungGen: 15904K->0K(505344K)] [ParOldGen: 521485K->306559K(524288K)] 537389K->306559K(1029632K), [Metaspace: 96416K->96412K(1138688K)], 0.4691844 secs] [Times: user=1.00 sys=0.00, real=0.47 secs] 
2021-06-07T13:56:10.318+0800: 2089521.997: [GC (Allocation Failure) [PSYoungGen: 486400K->17472K(505344K)] 792959K->324031K(1029632K), 0.0311112 secs] [Times: user=0.03 sys=0.03, real=0.03 secs] 
2021-06-07T13:59:37.333+0800: 2089729.013: [GC (Allocation Failure) [PSYoungGen: 503872K->18400K(503296K)] 810431K->335918K(1027584K), 0.0347174 secs] [Times: user=0.04 sys=0.04, real=0.03 secs] 
2021-06-07T14:03:02.628+0800: 2089934.308: [GC (Allocation Failure) [PSYoungGen: 502752K->18432K(503296K)] 820270K->347572K(1027584K), 0.0311291 secs] [Times: user=0.04 sys=0.04, real=0.03 secs] 
2021-06-07T14:06:29.223+0800: 2090140.902: [GC (Allocation Failure) [PSYoungGen: 502784K->17728K(503808K)] 831924K->357513K(1028096K), 0.0297085 secs] [Times: user=0.04 sys=0.04, real=0.03 secs] 
2021-06-07T14:09:54.551+0800: 2090346.231: [GC (Allocation Failure) [PSYoungGen: 501056K->16160K(503808K)] 840841K->366191K(1028096K), 0.0307276 secs] [Times: user=0.04 sys=0.04, real=0.03 secs] 
2021-06-07T14:13:18.817+0800: 2090550.497: [GC (Allocation Failure) [PSYoungGen: 499488K->14784K(504320K)] 849519K->376290K(1028608K), 0.0257618 secs] [Times: user=0.04 sys=0.04, real=0.03 secs] 
2021-06-07T14:16:40.355+0800: 2090752.035: [GC (Allocation Failure) [PSYoungGen: 499136K->18656K(503296K)] 860642K->389768K(1027584K), 0.0293026 secs] [Times: user=0.04 sys=0.03, real=0.03 secs] 
2021-06-07T14:20:07.563+0800: 2090959.242: [GC (Allocation Failure) [PSYoungGen: 503005K->15104K(503808K)] 874118K->397901K(1028096K), 0.0293622 secs] [Times: user=0.04 sys=0.04, real=0.03 secs] 
2021-06-07T14:23:33.354+0800: 2091165.034: [GC (Allocation Failure) [PSYoungGen: 498432K->16800K(503808K)] 881229K->408819K(1028096K), 0.0263848 secs] [Times: user=0.03 sys=0.04, real=0.02 secs] 
2021-06-07T14:26:59.907+0800: 2091371.586: [GC (Allocation Failure) [PSYoungGen: 500128K->14784K(504320K)] 892147K->417600K(1028608K), 0.0347547 secs] [Times: user=0.08 sys=0.00, real=0.03 secs] 
2021-06-07T14:30:24.733+0800: 2091576.413: [GC (Allocation Failure) [PSYoungGen: 499136K->19936K(504320K)] 901952K->433983K(1028608K), 0.0298027 secs] [Times: user=0.04 sys=0.04, real=0.03 secs] 
2021-06-07T14:33:50.073+0800: 2091781.753: [GC (Allocation Failure) [PSYoungGen: 504288K->14656K(494080K)] 918335K->441339K(1018368K), 0.0322584 secs] [Times: user=0.04 sys=0.05, real=0.03 secs] 
2021-06-07T14:37:10.487+0800: 2091982.167: [GC (Allocation Failure) [PSYoungGen: 488768K->16352K(499200K)] 915451K->452976K(1023488K), 0.0292737 secs] [Times: user=0.04 sys=0.03, real=0.03 secs] 
2021-06-07T14:40:31.589+0800: 2092183.269: [GC (Allocation Failure) [PSYoungGen: 490464K->16256K(500224K)] 927088K->462902K(1024512K), 0.0274037 secs] [Times: user=0.03 sys=0.04, real=0.03 secs] 
2021-06-07T14:43:53.992+0800: 2092385.672: [GC (Allocation Failure) [PSYoungGen: 491904K->16800K(499712K)] 938550K->473220K(1024000K), 0.0531711 secs] [Times: user=0.03 sys=0.03, real=0.05 secs] 
2021-06-07T14:47:15.823+0800: 2092587.503: [GC (Allocation Failure) [PSYoungGen: 492448K->19008K(500736K)] 948868K->486810K(1025024K), 0.0282542 secs] [Times: user=0.04 sys=0.04, real=0.02 secs] 
2021-06-07T14:50:37.744+0800: 2092789.424: [GC (Allocation Failure) [PSYoungGen: 496192K->16000K(500736K)] 963994K->496879K(1025024K), 0.0277177 secs] [Times: user=0.04 sys=0.03, real=0.03 secs] 
2021-06-07T14:53:58.013+0800: 2092989.693: [GC (Allocation Failure) [PSYoungGen: 493184K->15360K(501248K)] 974063K->506254K(1025536K), 0.0272131 secs] [Times: user=0.04 sys=0.04, real=0.02 secs] 
2021-06-07T14:57:18.798+0800: 2093190.478: [GC (Allocation Failure) [PSYoungGen: 493568K->17792K(501248K)] 984462K->519532K(1025536K), 0.0312831 secs] [Times: user=0.04 sys=0.04, real=0.03 secs] 
2021-06-07T15:00:42.398+0800: 2093394.078: [GC (Allocation Failure) [PSYoungGen: 496000K->13920K(501760K)] 997740K->527081K(1026048K), 0.0243046 secs] [Times: user=0.03 sys=0.03, real=0.03 secs] 
2021-06-07T15:00:42.423+0800: 2093394.103: [Full GC (Ergonomics) [PSYoungGen: 13920K->0K(501760K)] [ParOldGen: 513161K->309368K(524288K)] 527081K->309368K(1026048K), [Metaspace: 96416K->96416K(1138688K)], 0.4301877 secs] [Times: user=0.51 sys=0.47, real=0.43 secs] 
2021-06-07T15:04:05.896+0800: 2093597.576: [GC (Allocation Failure) [PSYoungGen: 479232K->15520K(501760K)] 788600K->324888K(1026048K), 0.0282207 secs] [Times: user=0.03 sys=0.03, real=0.03 secs] 
2021-06-07T15:07:30.009+0800: 2093801.689: [GC (Allocation Failure) [PSYoungGen: 494752K->18016K(501760K)] 804120K->338564K(1026048K), 0.0306215 secs] [Times: user=0.04 sys=0.04, real=0.03 secs] 
2021-06-07T15:10:53.935+0800: 2094005.615: [GC (Allocation Failure) [PSYoungGen: 497248K->15776K(501760K)] 817796K->345977K(1026048K), 0.0261647 secs] [Times: user=0.03 sys=0.03, real=0.02 secs] 
2021-06-07T15:14:18.290+0800: 2094209.970: [GC (Allocation Failure) [PSYoungGen: 495008K->14240K(502272K)] 825209K->355406K(1026560K), 0.0234685 secs] [Times: user=0.04 sys=0.04, real=0.03 secs] 
2021-06-07T15:17:40.479+0800: 2094412.159: [GC (Allocation Failure) [PSYoungGen: 494496K->16160K(502272K)] 835662K->366570K(1026560K), 0.0311083 secs] [Times: user=0.04 sys=0.04, real=0.03 secs] 
2021-06-07T15:21:01.239+0800: 2094612.918: [GC (Allocation Failure) [PSYoungGen: 496416K->18208K(502784K)] 846826K->378088K(1027072K), 0.0310964 secs] [Times: user=0.04 sys=0.04, real=0.03 secs] 
2021-06-07T15:24:24.989+0800: 2094816.669: [GC (Allocation Failure) [PSYoungGen: 499488K->18112K(502784K)] 859368K->388502K(1027072K), 0.0274499 secs] [Times: user=0.04 sys=0.04, real=0.03 secs] 
2021-06-07T15:27:47.097+0800: 2095018.777: [GC (Allocation Failure) [PSYoungGen: 499392K->16000K(502784K)] 869782K->398114K(1027072K), 0.0257937 secs] [Times: user=0.04 sys=0.04, real=0.03 secs] 
2021-06-07T15:31:11.222+0800: 2095222.902: [GC (Allocation Failure) [PSYoungGen: 497280K->17568K(502784K)] 879394K->410432K(1027072K), 0.0526628 secs] [Times: user=0.05 sys=0.05, real=0.06 secs] 
2021-06-07T15:34:36.361+0800: 2095428.041: [GC (Allocation Failure) [PSYoungGen: 498848K->17760K(503296K)] 891712K->421319K(1027584K), 0.0276267 secs] [Times: user=0.04 sys=0.04, real=0.03 secs] 
2021-06-07T15:38:01.312+0800: 2095632.992: [GC (Allocation Failure) [PSYoungGen: 500064K->16128K(503296K)] 903623K->431251K(1027584K), 0.0874328 secs] [Times: user=0.04 sys=0.04, real=0.09 secs] 
2021-06-07T15:41:22.783+0800: 2095834.463: [GC (Allocation Failure) [PSYoungGen: 498432K->17440K(503296K)] 913555K->443961K(1027584K), 0.0283743 secs] [Times: user=0.04 sys=0.04, real=0.02 secs] 
2021-06-07T15:44:46.666+0800: 2096038.346: [GC (Allocation Failure) [PSYoungGen: 499744K->18464K(503296K)] 926265K->455935K(1027584K), 0.0311605 secs] [Times: user=0.04 sys=0.04, real=0.03 secs] 
2021-06-07T15:48:12.265+0800: 2096243.945: [GC (Allocation Failure) [PSYoungGen: 500767K->14176K(503296K)] 938239K->463010K(1027584K), 0.0325623 secs] [Times: user=0.04 sys=0.04, real=0.03 secs] 
2021-06-07T15:51:36.553+0800: 2096448.232: [GC (Allocation Failure) [PSYoungGen: 496480K->17664K(503296K)] 945314K->476184K(1027584K), 0.0438702 secs] [Times: user=0.05 sys=0.05, real=0.04 secs] 
2021-06-07T15:55:01.609+0800: 2096653.288: [GC (Allocation Failure) [PSYoungGen: 499968K->16000K(503296K)] 958488K->486789K(1027584K), 0.0338528 secs] [Times: user=0.05 sys=0.04, real=0.04 secs] 
2021-06-07T15:58:28.301+0800: 2096859.981: [GC (Allocation Failure) [PSYoungGen: 498304K->15584K(503296K)] 969093K->496514K(1027584K), 0.0433035 secs] [Times: user=0.04 sys=0.05, real=0.05 secs] 
2021-06-07T16:01:53.712+0800: 2097065.392: [GC (Allocation Failure) [PSYoungGen: 497888K->16864K(503808K)] 978818K->506527K(1028096K), 0.0398997 secs] [Times: user=0.05 sys=0.05, real=0.04 secs] 
2021-06-07T16:05:19.000+0800: 2097270.679: [GC (Allocation Failure) [PSYoungGen: 500192K->17376K(503808K)] 989855K->516654K(1028096K), 0.0355526 secs] [Times: user=0.04 sys=0.04, real=0.04 secs] 
2021-06-07T16:08:43.533+0800: 2097475.213: [GC (Allocation Failure) [PSYoungGen: 500704K->17312K(504320K)] 999982K->526868K(1028608K), 0.0320544 secs] [Times: user=0.05 sys=0.04, real=0.03 secs] 
2021-06-07T16:12:06.918+0800: 2097678.598: [GC (Allocation Failure) [PSYoungGen: 501152K->15968K(503808K)] 1010708K->537616K(1028096K), 0.0909992 secs] [Times: user=0.05 sys=0.05, real=0.09 secs] 
2021-06-07T16:12:07.009+0800: 2097678.689: [Full GC (Ergonomics) [PSYoungGen: 15968K->0K(503808K)] [ParOldGen: 521648K->317447K(524288K)] 537616K->317447K(1028096K), [Metaspace: 96417K->96417K(1138688K)], 0.5728051 secs] [Times: user=1.14 sys=0.00, real=0.58 secs] 
2021-06-07T16:15:32.189+0800: 2097883.869: [GC (Allocation Failure) [PSYoungGen: 483840K->14368K(504320K)] 801287K->331815K(1028608K), 0.0261348 secs] [Times: user=0.03 sys=0.03, real=0.03 secs] 
2021-06-07T16:18:55.491+0800: 2098087.170: [GC (Allocation Failure) [PSYoungGen: 498720K->14112K(504320K)] 816167K->342307K(1028608K), 0.0289217 secs] [Times: user=0.04 sys=0.04, real=0.03 secs] 
2021-06-07T16:22:19.786+0800: 2098291.466: [GC (Allocation Failure) [PSYoungGen: 498464K->15168K(504320K)] 826659K->351768K(1028608K), 0.0290961 secs] [Times: user=0.04 sys=0.04, real=0.03 secs] 
2021-06-07T16:25:42.125+0800: 2098493.804: [GC (Allocation Failure) [PSYoungGen: 499520K->17568K(504320K)] 836120K->363637K(1028608K), 0.0946105 secs] [Times: user=0.05 sys=0.05, real=0.09 secs] 
2021-06-07T16:29:07.828+0800: 2098699.507: [GC (Allocation Failure) [PSYoungGen: 501920K->16256K(504320K)] 847989K->373146K(1028608K), 0.0289346 secs] [Times: user=0.04 sys=0.04, real=0.03 secs] 
2021-06-07T16:32:33.096+0800: 2098904.775: [GC (Allocation Failure) [PSYoungGen: 500608K->15616K(504320K)] 857498K->384045K(1028608K), 0.0268589 secs] [Times: user=0.05 sys=0.04, real=0.03 secs] 
2021-06-07T16:35:56.132+0800: 2099107.811: [GC (Allocation Failure) [PSYoungGen: 499968K->18304K(503808K)] 868397K->397299K(1028096K), 0.0377443 secs] [Times: user=0.05 sys=0.05, real=0.04 secs] 
2021-06-07T16:39:22.532+0800: 2099314.212: [GC (Allocation Failure) [PSYoungGen: 502656K->13472K(504320K)] 881651K->403551K(1028608K), 0.0261616 secs] [Times: user=0.04 sys=0.03, real=0.03 secs] 
2021-06-07T16:42:50.136+0800: 2099521.815: [GC (Allocation Failure) [PSYoungGen: 497824K->18208K(503296K)] 887903K->418189K(1027584K), 0.0360529 secs] [Times: user=0.04 sys=0.04, real=0.03 secs] 
2021-06-07T16:46:16.689+0800: 2099728.368: [GC (Allocation Failure) [PSYoungGen: 501536K->18496K(502272K)] 901517K->428555K(1026560K), 0.0310001 secs] [Times: user=0.04 sys=0.04, real=0.03 secs] 
2021-06-07T16:49:39.895+0800: 2099931.575: [GC (Allocation Failure) [PSYoungGen: 501824K->16480K(503808K)] 911883K->436880K(1028096K), 0.0324706 secs] [Times: user=0.04 sys=0.04, real=0.03 secs] 
2021-06-07T16:53:05.523+0800: 2100137.203: [GC (Allocation Failure) [PSYoungGen: 499296K->14976K(503296K)] 919696K->444420K(1027584K), 0.0287984 secs] [Times: user=0.03 sys=0.04, real=0.03 secs] 
2021-06-07T16:56:30.521+0800: 2100342.201: [GC (Allocation Failure) [PSYoungGen: 497792K->15296K(503808K)] 927236K->454775K(1028096K), 0.0331446 secs] [Times: user=0.05 sys=0.05, real=0.04 secs] 
2021-06-07T16:59:56.521+0800: 2100548.201: [GC (Allocation Failure) [PSYoungGen: 498624K->17216K(503808K)] 938103K->466755K(1028096K), 0.0320553 secs] [Times: user=0.04 sys=0.04, real=0.04 secs] 
2021-06-07T17:03:19.967+0800: 2100751.647: [GC (Allocation Failure) [PSYoungGen: 500544K->16160K(504320K)] 950083K->477391K(1028608K), 0.0355198 secs] [Times: user=0.04 sys=0.05, real=0.04 secs] 
2021-06-07T17:06:44.856+0800: 2100956.535: [GC (Allocation Failure) [PSYoungGen: 500000K->17088K(503808K)] 961231K->490093K(1028096K), 0.0276840 secs] [Times: user=0.04 sys=0.04, real=0.03 secs] 
2021-06-07T17:10:10.004+0800: 2101161.683: [GC (Allocation Failure) [PSYoungGen: 500928K->15648K(504832K)] 973933K->500275K(1029120K), 0.0278093 secs] [Times: user=0.03 sys=0.04, real=0.02 secs] 
2021-06-07T17:13:32.537+0800: 2101364.216: [GC (Allocation Failure) [PSYoungGen: 500512K->18272K(504320K)] 985139K->511418K(1028608K), 0.0351635 secs] [Times: user=0.05 sys=0.04, real=0.04 secs] 
2021-06-07T17:16:55.928+0800: 2101567.607: [GC (Allocation Failure) [PSYoungGen: 503136K->17376K(504320K)] 996282K->520792K(1028608K), 0.0305308 secs] [Times: user=0.05 sys=0.04, real=0.03 secs] 
2021-06-07T17:20:21.119+0800: 2101772.799: [GC (Allocation Failure) [PSYoungGen: 501728K->17504K(504320K)] 1005144K->531340K(1028608K), 0.0300569 secs] [Times: user=0.09 sys=0.00, real=0.03 secs] 
2021-06-07T17:20:21.150+0800: 2101772.829: [Full GC (Ergonomics) [PSYoungGen: 17504K->0K(504320K)] [ParOldGen: 513836K->305061K(524288K)] 531340K->305061K(1028608K), [Metaspace: 96417K->96413K(1138688K)], 0.5738996 secs] [Times: user=1.13 sys=0.00, real=0.58 secs] 
2021-06-07T17:23:46.162+0800: 2101977.842: [GC (Allocation Failure) [PSYoungGen: 484352K->19136K(503296K)] 789413K->324197K(1027584K), 0.0350365 secs] [Times: user=0.03 sys=0.03, real=0.04 secs] 
2021-06-07T17:27:09.093+0800: 2102180.773: [GC (Allocation Failure) [PSYoungGen: 502464K->16320K(503808K)] 807525K->335077K(1028096K), 0.0307834 secs] [Times: user=0.04 sys=0.04, real=0.03 secs] 
2021-06-07T17:30:33.267+0800: 2102384.946: [GC (Allocation Failure) [PSYoungGen: 499648K->17888K(503808K)] 818405K->346691K(1028096K), 0.0326555 secs] [Times: user=0.04 sys=0.04, real=0.03 secs] 
2021-06-07T17:33:59.168+0800: 2102590.848: [GC (Allocation Failure) [PSYoungGen: 501216K->14688K(503808K)] 830019K->355392K(1028096K), 0.0365592 secs] [Times: user=0.05 sys=0.05, real=0.04 secs] 
2021-06-07T17:37:23.588+0800: 2102795.268: [GC (Allocation Failure) [PSYoungGen: 498016K->17024K(503808K)] 838720K->366805K(1028096K), 0.0285655 secs] [Times: user=0.03 sys=0.03, real=0.03 secs] 
2021-06-07T17:40:48.048+0800: 2102999.728: [GC (Allocation Failure) [PSYoungGen: 500352K->15712K(503808K)] 850133K->375162K(1028096K), 0.0324918 secs] [Times: user=0.04 sys=0.04, real=0.03 secs] 
2021-06-07T17:44:10.037+0800: 2103201.717: [GC (Allocation Failure) [PSYoungGen: 499040K->18304K(503296K)] 858490K->387152K(1027584K), 0.0289223 secs] [Times: user=0.04 sys=0.04, real=0.03 secs] 
2021-06-07T17:47:33.837+0800: 2103405.516: [GC (Allocation Failure) [PSYoungGen: 501632K->17344K(503808K)] 870480K->397798K(1028096K), 0.0361175 secs] [Times: user=0.04 sys=0.04, real=0.04 secs] 
2021-06-07T17:50:58.295+0800: 2103609.975: [GC (Allocation Failure) [PSYoungGen: 500672K->18272K(503808K)] 881126K->409779K(1028096K), 0.0309725 secs] [Times: user=0.04 sys=0.04, real=0.03 secs] 
2021-06-07T17:54:23.580+0800: 2103815.259: [GC (Allocation Failure) [PSYoungGen: 501600K->12992K(496640K)] 893107K->414423K(1020928K), 0.0602823 secs] [Times: user=0.03 sys=0.03, real=0.06 secs] 
2021-06-07T17:57:48.964+0800: 2104020.643: [GC (Allocation Failure) [PSYoungGen: 496320K->16192K(503808K)] 897751K->427036K(1028096K), 0.0313648 secs] [Times: user=0.04 sys=0.04, real=0.03 secs] 
2021-06-07T18:01:13.756+0800: 2104225.436: [GC (Allocation Failure) [PSYoungGen: 499008K->17280K(503296K)] 909852K->436818K(1027584K), 0.0896843 secs] [Times: user=0.04 sys=0.04, real=0.09 secs] 
2021-06-07T18:04:37.563+0800: 2104429.242: [GC (Allocation Failure) [PSYoungGen: 500096K->14720K(503808K)] 919634K->445094K(1028096K), 0.0285106 secs] [Times: user=0.04 sys=0.03, real=0.02 secs] 
2021-06-07T18:08:02.424+0800: 2104634.103: [GC (Allocation Failure) [PSYoungGen: 498048K->19104K(502784K)] 928422K->459579K(1027072K), 0.0321517 secs] [Times: user=0.04 sys=0.04, real=0.03 secs] 
2021-06-07T18:11:24.125+0800: 2104835.805: [GC (Allocation Failure) [PSYoungGen: 502432K->18112K(503296K)] 942907K->469984K(1027584K), 0.0564428 secs] [Times: user=0.05 sys=0.04, real=0.05 secs] 
2021-06-07T18:14:47.689+0800: 2105039.368: [GC (Allocation Failure) [PSYoungGen: 500416K->16288K(503296K)] 952288K->478757K(1027584K), 0.0257684 secs] [Times: user=0.04 sys=0.04, real=0.03 secs] 
2021-06-07T18:18:12.252+0800: 2105243.932: [GC (Allocation Failure) [PSYoungGen: 498592K->15936K(503808K)] 961061K->489706K(1028096K), 0.0319732 secs] [Times: user=0.04 sys=0.04, real=0.03 secs] 
2021-06-07T18:21:35.656+0800: 2105447.336: [GC (Allocation Failure) [PSYoungGen: 498752K->19008K(503296K)] 972522K->502208K(1027584K), 0.0449824 secs] [Times: user=0.05 sys=0.06, real=0.04 secs] 
2021-06-07T18:25:03.074+0800: 2105654.753: [GC (Allocation Failure) [PSYoungGen: 501824K->15232K(503296K)] 985024K->510217K(1027584K), 0.0276747 secs] [Times: user=0.05 sys=0.04, real=0.02 secs] 
2021-06-07T18:28:28.180+0800: 2105859.860: [GC (Allocation Failure) [PSYoungGen: 497536K->17376K(503296K)] 992521K->522743K(1027584K), 0.0417808 secs] [Times: user=0.05 sys=0.04, real=0.05 secs] 
2021-06-07T18:31:54.316+0800: 2106065.996: [GC (Allocation Failure) [PSYoungGen: 499680K->15936K(503808K)] 1005047K->532123K(1028096K), 0.0311977 secs] [Times: user=0.04 sys=0.04, real=0.03 secs] 
2021-06-07T18:31:54.348+0800: 2106066.028: [Full GC (Ergonomics) [PSYoungGen: 15936K->0K(503808K)] [ParOldGen: 516187K->316219K(524288K)] 532123K->316219K(1028096K), [Metaspace: 96420K->96420K(1138688K)], 0.4736672 secs] [Times: user=0.56 sys=0.53, real=0.47 secs] 
2021-06-07T18:35:18.802+0800: 2106270.482: [GC (Allocation Failure) [PSYoungGen: 482816K->18464K(503296K)] 799035K->334683K(1027584K), 0.0241519 secs] [Times: user=0.03 sys=0.03, real=0.02 secs] 
2021-06-07T18:38:42.421+0800: 2106474.100: [GC (Allocation Failure) [PSYoungGen: 501280K->17120K(503808K)] 817499K->347342K(1028096K), 0.0490426 secs] [Times: user=0.04 sys=0.04, real=0.05 secs] 
2021-06-07T18:42:06.261+0800: 2106677.941: [GC (Allocation Failure) [PSYoungGen: 499936K->15264K(503296K)] 830158K->356483K(1027584K), 0.0273551 secs] [Times: user=0.04 sys=0.04, real=0.03 secs] 
2021-06-07T18:45:34.496+0800: 2106886.175: [GC (Allocation Failure) [PSYoungGen: 498080K->15424K(503808K)] 839299K->365338K(1028096K), 0.0406317 secs] [Times: user=0.04 sys=0.04, real=0.04 secs] 
2021-06-07T18:48:59.750+0800: 2107091.430: [GC (Allocation Failure) [PSYoungGen: 498752K->18272K(503808K)] 848666K->377136K(1028096K), 0.0297825 secs] [Times: user=0.04 sys=0.04, real=0.03 secs] 
2021-06-07T18:52:24.693+0800: 2107296.373: [GC (Allocation Failure) [PSYoungGen: 501600K->14080K(502784K)] 860464K->385180K(1027072K), 0.0308458 secs] [Times: user=0.03 sys=0.04, real=0.03 secs] 
2021-06-07T18:55:47.734+0800: 2107499.413: [GC (Allocation Failure) [PSYoungGen: 496384K->17728K(503296K)] 867484K->398458K(1027584K), 0.0296443 secs] [Times: user=0.04 sys=0.04, real=0.03 secs] 
2021-06-07T18:59:07.549+0800: 2107699.228: [GC (Allocation Failure) [PSYoungGen: 500032K->16330K(503808K)] 880762K->409530K(1028096K), 0.0291770 secs] [Times: user=0.05 sys=0.04, real=0.03 secs] 
2021-06-07T19:02:32.049+0800: 2107903.729: [GC (Allocation Failure) [PSYoungGen: 499146K->16192K(503296K)] 892346K->419647K(1027584K), 0.0310942 secs] [Times: user=0.04 sys=0.05, real=0.03 secs] 
2021-06-07T19:05:54.964+0800: 2108106.644: [GC (Allocation Failure) [PSYoungGen: 499008K->17568K(504320K)] 902463K->429701K(1028608K), 0.0311193 secs] [Times: user=0.04 sys=0.04, real=0.03 secs] 
2021-06-07T19:09:20.027+0800: 2108311.707: [GC (Allocation Failure) [PSYoungGen: 501920K->17024K(504320K)] 914053K->440665K(1028608K), 0.0374544 secs] [Times: user=0.03 sys=0.04, real=0.04 secs] 
2021-06-07T19:12:46.754+0800: 2108518.433: [GC (Allocation Failure) [PSYoungGen: 501376K->14688K(504320K)] 925017K->449686K(1028608K), 0.0339284 secs] [Times: user=0.04 sys=0.05, real=0.03 secs] 
2021-06-07T19:16:10.984+0800: 2108722.664: [GC (Allocation Failure) [PSYoungGen: 499040K->15712K(504320K)] 934038K->459988K(1028608K), 0.0358774 secs] [Times: user=0.05 sys=0.05, real=0.03 secs] 
2021-06-07T19:19:39.223+0800: 2108930.903: [GC (Allocation Failure) [PSYoungGen: 500064K->16384K(504832K)] 944340K->471241K(1029120K), 0.0293500 secs] [Times: user=0.04 sys=0.04, real=0.03 secs] 
2021-06-07T19:23:05.541+0800: 2109137.221: [GC (Allocation Failure) [PSYoungGen: 501248K->17024K(504320K)] 956105K->482920K(1028608K), 0.0289217 secs] [Times: user=0.04 sys=0.04, real=0.03 secs] 
2021-06-07T19:26:30.167+0800: 2109341.847: [GC (Allocation Failure) [PSYoungGen: 501888K->18560K(503808K)] 967784K->494719K(1028096K), 0.0358314 secs] [Times: user=0.04 sys=0.04, real=0.04 secs] 
2021-06-07T19:29:56.452+0800: 2109548.132: [GC (Allocation Failure) [PSYoungGen: 502912K->15264K(504320K)] 979071K->502821K(1028608K), 0.0271888 secs] [Times: user=0.04 sys=0.03, real=0.02 secs] 
2021-06-07T19:33:23.791+0800: 2109755.471: [GC (Allocation Failure) [PSYoungGen: 499616K->17888K(504320K)] 987173K->516450K(1028608K), 0.0292118 secs] [Times: user=0.04 sys=0.04, real=0.03 secs] 
2021-06-07T19:36:50.368+0800: 2109962.048: [GC (Allocation Failure) [PSYoungGen: 502240K->17888K(502272K)] 1000802K->527888K(1026560K), 0.0303779 secs] [Times: user=0.04 sys=0.04, real=0.03 secs] 
2021-06-07T19:40:17.737+0800: 2110169.417: [GC (Allocation Failure) [PSYoungGen: 502240K->13760K(503808K)] 1012240K->533444K(1028096K), 0.0391415 secs] [Times: user=0.11 sys=0.00, real=0.04 secs] 
2021-06-07T19:40:17.777+0800: 2110169.457: [Full GC (Ergonomics) [PSYoungGen: 13760K->0K(503808K)] [ParOldGen: 519684K->307420K(524288K)] 533444K->307420K(1028096K), [Metaspace: 96421K->96421K(1138688K)], 0.5382526 secs] [Times: user=1.17 sys=0.00, real=0.54 secs] 
2021-06-07T19:43:42.139+0800: 2110373.818: [GC (Allocation Failure) [PSYoungGen: 483328K->17056K(503808K)] 790748K->324476K(1028096K), 0.0215287 secs] [Times: user=0.03 sys=0.03, real=0.02 secs] 
2021-06-07T19:47:10.265+0800: 2110581.944: [GC (Allocation Failure) [PSYoungGen: 500384K->16352K(504320K)] 807804K->336119K(1028608K), 0.0286047 secs] [Times: user=0.04 sys=0.04, real=0.03 secs] 
2021-06-07T19:50:35.591+0800: 2110787.270: [GC (Allocation Failure) [PSYoungGen: 500188K->17856K(503808K)] 819956K->348365K(1028096K), 0.0299907 secs] [Times: user=0.04 sys=0.04, real=0.03 secs] 
2021-06-07T19:54:00.601+0800: 2110992.280: [GC (Allocation Failure) [PSYoungGen: 501696K->16640K(504320K)] 832205K->359907K(1028608K), 0.0578092 secs] [Times: user=0.05 sys=0.04, real=0.06 secs] 
2021-06-07T19:57:25.737+0800: 2111197.416: [GC (Allocation Failure) [PSYoungGen: 500992K->16000K(504320K)] 844259K->368824K(1028608K), 0.0338140 secs] [Times: user=0.04 sys=0.04, real=0.03 secs] 
2021-06-07T20:00:52.065+0800: 2111403.744: [GC (Allocation Failure) [PSYoungGen: 500352K->17440K(504832K)] 853176K->380853K(1029120K), 0.0295802 secs] [Times: user=0.03 sys=0.04, real=0.03 secs] 
2021-06-07T20:04:15.826+0800: 2111607.506: [GC (Allocation Failure) [PSYoungGen: 502816K->17472K(504832K)] 866229K->391898K(1029120K), 0.0302270 secs] [Times: user=0.04 sys=0.04, real=0.03 secs] 
2021-06-07T20:07:39.074+0800: 2111810.754: [GC (Allocation Failure) [PSYoungGen: 502848K->19424K(494592K)] 877274K->405320K(1018880K), 0.0306787 secs] [Times: user=0.04 sys=0.04, real=0.03 secs] 
2021-06-07T20:11:00.840+0800: 2112012.520: [GC (Allocation Failure) [PSYoungGen: 494560K->15968K(499712K)] 880456K->413445K(1024000K), 0.0704113 secs] [Times: user=0.05 sys=0.05, real=0.07 secs] 
2021-06-07T20:14:20.162+0800: 2112211.841: [GC (Allocation Failure) [PSYoungGen: 491104K->17600K(500224K)] 888581K->425641K(1024512K), 0.0311334 secs] [Times: user=0.05 sys=0.05, real=0.04 secs] 
2021-06-07T20:17:43.338+0800: 2112415.018: [GC (Allocation Failure) [PSYoungGen: 493248K->15520K(499712K)] 901289K->434694K(1024000K), 0.0298362 secs] [Times: user=0.04 sys=0.05, real=0.03 secs] 
2021-06-07T20:21:05.967+0800: 2112617.647: [GC (Allocation Failure) [PSYoungGen: 491168K->14496K(500736K)] 910342K->445266K(1025024K), 0.0617853 secs] [Times: user=0.04 sys=0.04, real=0.06 secs] 
2021-06-07T20:24:28.334+0800: 2112820.014: [GC (Allocation Failure) [PSYoungGen: 491680K->18272K(500736K)] 922450K->458416K(1025024K), 0.0385568 secs] [Times: user=0.05 sys=0.05, real=0.04 secs] 
2021-06-07T20:27:50.060+0800: 2113021.739: [GC (Allocation Failure) [PSYoungGen: 495456K->15008K(501248K)] 935600K->465965K(1025536K), 0.0316342 secs] [Times: user=0.05 sys=0.04, real=0.03 secs] 
2021-06-07T20:31:11.632+0800: 2113223.312: [GC (Allocation Failure) [PSYoungGen: 492704K->15840K(500736K)] 943661K->475515K(1025024K), 0.0320593 secs] [Times: user=0.05 sys=0.05, real=0.03 secs] 
2021-06-07T20:34:35.642+0800: 2113427.321: [GC (Allocation Failure) [PSYoungGen: 493536K->17024K(501760K)] 953211K->487550K(1026048K), 0.0300492 secs] [Times: user=0.04 sys=0.04, real=0.03 secs] 
2021-06-07T20:37:57.165+0800: 2113628.845: [GC (Allocation Failure) [PSYoungGen: 495744K->17664K(501248K)] 966270K->498179K(1025536K), 0.0371286 secs] [Times: user=0.06 sys=0.05, real=0.04 secs] 
2021-06-07T20:41:21.499+0800: 2113833.178: [GC (Allocation Failure) [PSYoungGen: 496384K->14752K(502272K)] 976899K->506527K(1026560K), 0.0277167 secs] [Times: user=0.04 sys=0.04, real=0.03 secs] 
2021-06-07T20:44:44.146+0800: 2114035.826: [GC (Allocation Failure) [PSYoungGen: 495008K->16480K(502272K)] 986783K->519827K(1026560K), 0.0334202 secs] [Times: user=0.05 sys=0.05, real=0.03 secs] 
2021-06-07T20:48:06.908+0800: 2114238.588: [GC (Allocation Failure) [PSYoungGen: 496736K->15104K(502784K)] 1000083K->529873K(1027072K), 0.0295683 secs] [Times: user=0.04 sys=0.04, real=0.03 secs] 
2021-06-07T20:48:06.939+0800: 2114238.618: [Full GC (Ergonomics) [PSYoungGen: 15104K->0K(502784K)] [ParOldGen: 514769K->311637K(524288K)] 529873K->311637K(1027072K), [Metaspace: 96421K->96418K(1138688K)], 0.5429754 secs] [Times: user=0.56 sys=0.53, real=0.54 secs] 
2021-06-07T20:51:31.597+0800: 2114443.277: [GC (Allocation Failure) [PSYoungGen: 481280K->15296K(502784K)] 792917K->326933K(1027072K), 0.0603237 secs] [Times: user=0.08 sys=0.00, real=0.06 secs] 
2021-06-07T20:54:53.068+0800: 2114644.748: [GC (Allocation Failure) [PSYoungGen: 496576K->17376K(503296K)] 808213K->339257K(1027584K), 0.0399974 secs] [Times: user=0.05 sys=0.06, real=0.04 secs] 
2021-06-07T20:58:16.939+0800: 2114848.619: [GC (Allocation Failure) [PSYoungGen: 499680K->16000K(503296K)] 821561K->349734K(1027584K), 0.0294202 secs] [Times: user=0.05 sys=0.04, real=0.03 secs] 
2021-06-07T21:01:41.523+0800: 2115053.202: [GC (Allocation Failure) [PSYoungGen: 498304K->14560K(503808K)] 832038K->358564K(1028096K), 0.0271888 secs] [Times: user=0.04 sys=0.03, real=0.02 secs] 
2021-06-07T21:05:02.580+0800: 2115254.260: [GC (Allocation Failure) [PSYoungGen: 497376K->18944K(502272K)] 841380K->372554K(1026560K), 0.0321680 secs] [Times: user=0.04 sys=0.05, real=0.04 secs] 
2021-06-07T21:08:26.098+0800: 2115457.778: [GC (Allocation Failure) [PSYoungGen: 501760K->17344K(503296K)] 855370K->381217K(1027584K), 0.0290897 secs] [Times: user=0.04 sys=0.04, real=0.03 secs] 
2021-06-07T21:11:49.011+0800: 2115660.691: [GC (Allocation Failure) [PSYoungGen: 499136K->15936K(502784K)] 863009K->390973K(1027072K), 0.0279097 secs] [Times: user=0.03 sys=0.04, real=0.03 secs] 
2021-06-07T21:15:13.774+0800: 2115865.453: [GC (Allocation Failure) [PSYoungGen: 497728K->14336K(503296K)] 872765K->399992K(1027584K), 0.0255287 secs] [Times: user=0.03 sys=0.03, real=0.02 secs] 
2021-06-07T21:18:37.080+0800: 2116068.760: [GC (Allocation Failure) [PSYoungGen: 496640K->17056K(503296K)] 882296K->411277K(1027584K), 0.0278712 secs] [Times: user=0.04 sys=0.04, real=0.03 secs] 
2021-06-07T21:22:01.578+0800: 2116273.258: [GC (Allocation Failure) [PSYoungGen: 499360K->16000K(503808K)] 893581K->420194K(1028096K), 0.0317307 secs] [Times: user=0.04 sys=0.04, real=0.03 secs] 
2021-06-07T21:25:23.992+0800: 2116475.671: [GC (Allocation Failure) [PSYoungGen: 499328K->18176K(503808K)] 903522K->432271K(1028096K), 0.0282762 secs] [Times: user=0.03 sys=0.04, real=0.03 secs] 
2021-06-07T21:28:50.247+0800: 2116681.927: [GC (Allocation Failure) [PSYoungGen: 501504K->16224K(503808K)] 915599K->442228K(1028096K), 0.0321645 secs] [Times: user=0.04 sys=0.04, real=0.03 secs] 
2021-06-07T21:32:13.919+0800: 2116885.599: [GC (Allocation Failure) [PSYoungGen: 499552K->16480K(503808K)] 925556K->452833K(1028096K), 0.0298808 secs] [Times: user=0.05 sys=0.04, real=0.03 secs] 
2021-06-07T21:35:35.566+0800: 2117087.246: [GC (Allocation Failure) [PSYoungGen: 499808K->16288K(504832K)] 936161K->463599K(1029120K), 0.0251559 secs] [Times: user=0.07 sys=0.00, real=0.02 secs] 
2021-06-07T21:39:01.813+0800: 2117293.492: [GC (Allocation Failure) [PSYoungGen: 501152K->17376K(504320K)] 948463K->476854K(1028608K), 0.0469845 secs] [Times: user=0.09 sys=0.00, real=0.04 secs] 
2021-06-07T21:42:25.974+0800: 2117497.654: [GC (Allocation Failure) [PSYoungGen: 502240K->16832K(504832K)] 961718K->487307K(1029120K), 0.0280624 secs] [Times: user=0.03 sys=0.04, real=0.03 secs] 
2021-06-07T21:45:52.512+0800: 2117704.192: [GC (Allocation Failure) [PSYoungGen: 502208K->15840K(504832K)] 972683K->497144K(1029120K), 0.0298952 secs] [Times: user=0.04 sys=0.03, real=0.04 secs] 
2021-06-07T21:49:16.862+0800: 2117908.542: [GC (Allocation Failure) [PSYoungGen: 501216K->17344K(504832K)] 982520K->508717K(1029120K), 0.0288287 secs] [Times: user=0.04 sys=0.04, real=0.02 secs] 
2021-06-07T21:52:42.948+0800: 2118114.628: [GC (Allocation Failure) [PSYoungGen: 502720K->17312K(504832K)] 994093K->519908K(1029120K), 0.0469756 secs] [Times: user=0.06 sys=0.06, real=0.05 secs] 
2021-06-07T21:56:07.664+0800: 2118319.343: [GC (Allocation Failure) [PSYoungGen: 502688K->14816K(504832K)] 1005284K->528696K(1029120K), 0.0274460 secs] [Times: user=0.04 sys=0.04, real=0.02 secs] 
2021-06-07T21:56:07.692+0800: 2118319.371: [Full GC (Ergonomics) [PSYoungGen: 14816K->0K(504832K)] [ParOldGen: 513880K->306470K(524288K)] 528696K->306470K(1029120K), [Metaspace: 96421K->96421K(1138688K)], 0.4611030 secs] [Times: user=0.53 sys=0.48, real=0.47 secs] 
2021-06-07T21:59:35.099+0800: 2118526.778: [GC (Allocation Failure) [PSYoungGen: 485376K->14496K(504832K)] 791846K->320966K(1029120K), 0.0258399 secs] [Times: user=0.03 sys=0.04, real=0.03 secs] 
2021-06-07T22:02:58.907+0800: 2118730.587: [GC (Allocation Failure) [PSYoungGen: 499872K->17536K(503808K)] 806342K->334890K(1028096K), 0.0333982 secs] [Times: user=0.04 sys=0.04, real=0.03 secs] 
2021-06-07T22:06:24.211+0800: 2118935.890: [GC (Allocation Failure) [PSYoungGen: 501888K->16768K(504320K)] 819242K->345433K(1028608K), 0.0363526 secs] [Times: user=0.03 sys=0.03, real=0.04 secs] 
2021-06-07T22:09:49.783+0800: 2119141.462: [GC (Allocation Failure) [PSYoungGen: 501120K->19328K(502784K)] 829785K->358479K(1027072K), 0.0303145 secs] [Times: user=0.03 sys=0.04, real=0.03 secs] 
2021-06-07T22:13:17.080+0800: 2119348.759: [GC (Allocation Failure) [PSYoungGen: 502656K->13728K(503808K)] 841807K->364609K(1028096K), 0.0268853 secs] [Times: user=0.04 sys=0.03, real=0.03 secs] 
2021-06-07T22:16:41.101+0800: 2119552.781: [GC (Allocation Failure) [PSYoungGen: 497056K->19008K(502784K)] 847937K->378272K(1027072K), 0.0307783 secs] [Times: user=0.03 sys=0.04, real=0.04 secs] 
2021-06-07T22:20:04.223+0800: 2119755.903: [GC (Allocation Failure) [PSYoungGen: 501312K->16704K(503296K)] 860576K->386691K(1027584K), 0.0288826 secs] [Times: user=0.05 sys=0.04, real=0.03 secs] 
2021-06-07T22:23:27.530+0800: 2119959.209: [GC (Allocation Failure) [PSYoungGen: 499008K->15168K(503808K)] 868995K->395576K(1028096K), 0.0274485 secs] [Times: user=0.04 sys=0.04, real=0.03 secs] 
2021-06-07T22:26:53.133+0800: 2120164.813: [GC (Allocation Failure) [PSYoungGen: 498496K->15584K(503808K)] 878904K->405924K(1028096K), 0.0646778 secs] [Times: user=0.03 sys=0.04, real=0.06 secs] 
2021-06-07T22:30:17.614+0800: 2120369.293: [GC (Allocation Failure) [PSYoungGen: 498912K->15168K(504320K)] 889252K->415785K(1028608K), 0.0249213 secs] [Times: user=0.04 sys=0.04, real=0.02 secs] 
2021-06-07T22:33:39.630+0800: 2120571.310: [GC (Allocation Failure) [PSYoungGen: 499008K->18784K(502784K)] 899625K->430593K(1027072K), 0.0276583 secs] [Times: user=0.04 sys=0.03, real=0.03 secs] 
2021-06-07T22:37:05.517+0800: 2120777.197: [GC (Allocation Failure) [PSYoungGen: 502624K->17216K(503808K)] 914433K->440926K(1028096K), 0.0284472 secs] [Times: user=0.03 sys=0.04, real=0.03 secs] 
2021-06-07T22:40:28.914+0800: 2120980.594: [GC (Allocation Failure) [PSYoungGen: 500032K->18272K(503296K)] 923742K->453860K(1027584K), 0.0323558 secs] [Times: user=0.04 sys=0.04, real=0.03 secs] 
2021-06-07T22:43:53.686+0800: 2121185.366: [GC (Allocation Failure) [PSYoungGen: 501088K->17952K(503296K)] 936676K->464066K(1027584K), 0.0274915 secs] [Times: user=0.04 sys=0.04, real=0.03 secs] 
2021-06-07T22:47:19.904+0800: 2121391.584: [GC (Allocation Failure) [PSYoungGen: 500256K->14624K(503296K)] 946370K->472758K(1027584K), 0.0342234 secs] [Times: user=0.04 sys=0.05, real=0.03 secs] 
2021-06-07T22:50:43.642+0800: 2121595.322: [GC (Allocation Failure) [PSYoungGen: 496928K->17120K(503808K)] 955062K->485835K(1028096K), 0.0349888 secs] [Times: user=0.05 sys=0.04, real=0.04 secs] 
2021-06-07T22:54:06.911+0800: 2121798.590: [GC (Allocation Failure) [PSYoungGen: 499936K->19360K(502272K)] 968651K->498506K(1026560K), 0.0372395 secs] [Times: user=0.10 sys=0.00, real=0.04 secs] 
2021-06-07T22:57:30.251+0800: 2122001.930: [GC (Allocation Failure) [PSYoungGen: 502176K->17216K(503296K)] 981322K->508168K(1027584K), 0.0321460 secs] [Times: user=0.05 sys=0.05, real=0.04 secs] 
2021-06-07T23:00:54.487+0800: 2122206.167: [GC (Allocation Failure) [PSYoungGen: 499007K->16960K(502784K)] 989960K->519165K(1027072K), 0.0285401 secs] [Times: user=0.04 sys=0.03, real=0.03 secs] 
2021-06-07T23:04:21.031+0800: 2122412.711: [GC (Allocation Failure) [PSYoungGen: 498752K->18880K(502784K)] 1000957K->531811K(1027072K), 0.0594895 secs] [Times: user=0.05 sys=0.06, real=0.06 secs] 
2021-06-07T23:04:21.091+0800: 2122412.771: [Full GC (Ergonomics) [PSYoungGen: 18880K->0K(502784K)] [ParOldGen: 512931K->315542K(524288K)] 531811K->315542K(1027072K), [Metaspace: 96421K->96421K(1138688K)], 0.5020879 secs] [Times: user=1.00 sys=0.00, real=0.51 secs] 
2021-06-07T23:07:47.062+0800: 2122618.741: [GC (Allocation Failure) [PSYoungGen: 482304K->17632K(503296K)] 797846K->333174K(1027584K), 0.0239137 secs] [Times: user=0.03 sys=0.03, real=0.03 secs] 
2021-06-07T23:11:13.797+0800: 2122825.476: [GC (Allocation Failure) [PSYoungGen: 499936K->18144K(503296K)] 815478K->345690K(1027584K), 0.1005751 secs] [Times: user=0.04 sys=0.04, real=0.10 secs] 
2021-06-07T23:14:38.607+0800: 2123030.287: [GC (Allocation Failure) [PSYoungGen: 500448K->18720K(503296K)] 827994K->357135K(1027584K), 0.0365866 secs] [Times: user=0.04 sys=0.04, real=0.04 secs] 
2021-06-07T23:18:03.477+0800: 2123235.157: [GC (Allocation Failure) [PSYoungGen: 501024K->16832K(503296K)] 839439K->366940K(1027584K), 0.0360530 secs] [Times: user=0.05 sys=0.04, real=0.04 secs] 
2021-06-07T23:21:29.076+0800: 2123440.755: [GC (Allocation Failure) [PSYoungGen: 499136K->16896K(503296K)] 849244K->378145K(1027584K), 0.0363288 secs] [Times: user=0.09 sys=0.00, real=0.04 secs] 
2021-06-07T23:24:58.276+0800: 2123649.956: [GC (Allocation Failure) [PSYoungGen: 499200K->17088K(503808K)] 860449K->388400K(1028096K), 0.0291807 secs] [Times: user=0.04 sys=0.04, real=0.03 secs] 
2021-06-07T23:28:23.581+0800: 2123855.260: [GC (Allocation Failure) [PSYoungGen: 500416K->20000K(503808K)] 871728K->402749K(1028096K), 0.0316130 secs] [Times: user=0.05 sys=0.04, real=0.04 secs] 
2021-06-07T23:31:49.768+0800: 2124061.447: [GC (Allocation Failure) [PSYoungGen: 503328K->19520K(501760K)] 886077K->414612K(1026048K), 0.0300606 secs] [Times: user=0.04 sys=0.04, real=0.03 secs] 
2021-06-07T23:35:16.885+0800: 2124268.565: [GC (Allocation Failure) [PSYoungGen: 500800K->17568K(502784K)] 895892K->424258K(1027072K), 0.0326184 secs] [Times: user=0.04 sys=0.04, real=0.03 secs] 
2021-06-07T23:38:46.903+0800: 2124478.582: [GC (Allocation Failure) [PSYoungGen: 498848K->17952K(503296K)] 905538K->436120K(1027584K), 0.0319840 secs] [Times: user=0.04 sys=0.04, real=0.03 secs] 
2021-06-07T23:42:12.557+0800: 2124684.237: [GC (Allocation Failure) [PSYoungGen: 500256K->18400K(503296K)] 918424K->447774K(1027584K), 0.0295515 secs] [Times: user=0.04 sys=0.04, real=0.03 secs] 
2021-06-07T23:45:39.526+0800: 2124891.206: [GC (Allocation Failure) [PSYoungGen: 500704K->17184K(503808K)] 930078K->457571K(1028096K), 0.0386458 secs] [Times: user=0.04 sys=0.03, real=0.04 secs] 
2021-06-07T23:49:04.599+0800: 2125096.279: [GC (Allocation Failure) [PSYoungGen: 500000K->18336K(503296K)] 940387K->468961K(1027584K), 0.0371189 secs] [Times: user=0.03 sys=0.04, real=0.04 secs] 
2021-06-07T23:52:26.342+0800: 2125298.021: [GC (Allocation Failure) [PSYoungGen: 501152K->15744K(503808K)] 951777K->478134K(1028096K), 0.0321325 secs] [Times: user=0.05 sys=0.04, real=0.04 secs] 
2021-06-07T23:55:51.793+0800: 2125503.472: [GC (Allocation Failure) [PSYoungGen: 499072K->18368K(503808K)] 961462K->490948K(1028096K), 0.0319351 secs] [Times: user=0.05 sys=0.04, real=0.03 secs] 
2021-06-07T23:59:16.388+0800: 2125708.068: [GC (Allocation Failure) [PSYoungGen: 501696K->17248K(503808K)] 974276K->500915K(1028096K), 0.0288751 secs] [Times: user=0.04 sys=0.04, real=0.03 secs] 
2021-06-08T00:02:29.545+0800: 2125901.224: [GC (Allocation Failure) [PSYoungGen: 500576K->18496K(503808K)] 984243K->513808K(1028096K), 0.0345494 secs] [Times: user=0.05 sys=0.04, real=0.03 secs] 
2021-06-08T00:05:53.651+0800: 2126105.331: [GC (Allocation Failure) [PSYoungGen: 501824K->14496K(502784K)] 997136K->522559K(1027072K), 0.0271628 secs] [Times: user=0.04 sys=0.03, real=0.03 secs] 
2021-06-08T00:09:16.605+0800: 2126308.285: [GC (Allocation Failure) [PSYoungGen: 496800K->16864K(503296K)] 1004863K->534014K(1027584K), 0.0338930 secs] [Times: user=0.04 sys=0.04, real=0.03 secs] 
2021-06-08T00:09:16.639+0800: 2126308.319: [Full GC (Ergonomics) [PSYoungGen: 16864K->0K(503296K)] [ParOldGen: 517150K->310302K(524288K)] 534014K->310302K(1027584K), [Metaspace: 96421K->96421K(1138688K)], 0.4900720 secs] [Times: user=1.06 sys=0.00, real=0.49 secs] 
2021-06-08T00:12:41.870+0800: 2126513.550: [GC (Allocation Failure) [PSYoungGen: 482304K->15808K(503808K)] 792606K->326110K(1028096K), 0.0227581 secs] [Times: user=0.03 sys=0.03, real=0.03 secs] 
2021-06-08T00:16:06.166+0800: 2126717.846: [GC (Allocation Failure) [PSYoungGen: 499136K->16320K(503808K)] 809438K->336129K(1028096K), 0.0260243 secs] [Times: user=0.04 sys=0.03, real=0.03 secs] 
2021-06-08T00:19:31.415+0800: 2126923.095: [GC (Allocation Failure) [PSYoungGen: 499648K->16256K(503808K)] 819457K->346941K(1028096K), 0.0283749 secs] [Times: user=0.04 sys=0.03, real=0.03 secs] 
2021-06-08T00:22:54.592+0800: 2127126.272: [GC (Allocation Failure) [PSYoungGen: 499584K->17856K(503808K)] 830269K->358451K(1028096K), 0.0309338 secs] [Times: user=0.04 sys=0.04, real=0.03 secs] 
2021-06-08T00:26:17.692+0800: 2127329.372: [GC (Allocation Failure) [PSYoungGen: 501184K->19456K(502784K)] 841779K->370306K(1027072K), 0.0404458 secs] [Times: user=0.04 sys=0.04, real=0.04 secs] 
2021-06-08T00:29:40.419+0800: 2127532.099: [GC (Allocation Failure) [PSYoungGen: 501760K->17024K(503296K)] 852610K->380377K(1027584K), 0.0438535 secs] [Times: user=0.04 sys=0.05, real=0.05 secs] 
2021-06-08T00:33:05.156+0800: 2127736.836: [GC (Allocation Failure) [PSYoungGen: 499328K->15520K(503808K)] 862681K->389351K(1028096K), 0.0514257 secs] [Times: user=0.03 sys=0.03, real=0.05 secs] 
2021-06-08T00:36:30.434+0800: 2127942.114: [GC (Allocation Failure) [PSYoungGen: 498848K->18016K(503808K)] 872679K->400845K(1028096K), 0.0253711 secs] [Times: user=0.04 sys=0.03, real=0.02 secs] 
2021-06-08T00:39:53.830+0800: 2128145.510: [GC (Allocation Failure) [PSYoungGen: 501344K->17056K(503808K)] 884173K->412050K(1028096K), 0.0265092 secs] [Times: user=0.04 sys=0.03, real=0.03 secs] 
2021-06-08T00:43:18.169+0800: 2128349.849: [GC (Allocation Failure) [PSYoungGen: 500384K->15520K(503808K)] 895378K->422454K(1028096K), 0.0269134 secs] [Times: user=0.04 sys=0.04, real=0.03 secs] 
2021-06-08T00:46:40.385+0800: 2128552.064: [GC (Allocation Failure) [PSYoungGen: 498848K->17248K(504320K)] 905782K->433596K(1028608K), 0.0640265 secs] [Times: user=0.08 sys=0.00, real=0.06 secs] 
2021-06-08T00:50:04.263+0800: 2128755.943: [GC (Allocation Failure) [PSYoungGen: 501088K->19200K(503808K)] 917436K->445291K(1028096K), 0.0315627 secs] [Times: user=0.04 sys=0.03, real=0.03 secs] 
2021-06-08T00:53:28.174+0800: 2128959.853: [GC (Allocation Failure) [PSYoungGen: 503040K->13824K(502784K)] 929131K->452446K(1027072K), 0.0318218 secs] [Times: user=0.04 sys=0.04, real=0.03 secs] 
2021-06-08T00:56:45.645+0800: 2129157.325: [GC (Allocation Failure) [PSYoungGen: 496128K->15498K(503296K)] 934750K->463101K(1027584K), 0.0495235 secs] [Times: user=0.04 sys=0.04, real=0.05 secs] 
2021-06-08T01:00:10.624+0800: 2129362.304: [GC (Allocation Failure) [PSYoungGen: 497802K->16608K(503808K)] 945405K->474756K(1028096K), 0.0754820 secs] [Times: user=0.03 sys=0.04, real=0.07 secs] 
2021-06-08T01:03:31.511+0800: 2129563.190: [GC (Allocation Failure) [PSYoungGen: 499424K->19040K(503296K)] 957572K->488330K(1027584K), 0.0278267 secs] [Times: user=0.04 sys=0.04, real=0.03 secs] 
2021-06-08T01:06:56.832+0800: 2129768.512: [GC (Allocation Failure) [PSYoungGen: 501856K->15648K(503296K)] 971146K->496270K(1027584K), 0.0405333 secs] [Times: user=0.09 sys=0.00, real=0.05 secs] 
2021-06-08T01:10:22.205+0800: 2129973.885: [GC (Allocation Failure) [PSYoungGen: 497952K->16544K(503296K)] 978574K->506740K(1027584K), 0.0305895 secs] [Times: user=0.03 sys=0.04, real=0.03 secs] 
2021-06-08T01:13:46.854+0800: 2130178.534: [GC (Allocation Failure) [PSYoungGen: 498848K->16192K(503808K)] 989044K->517744K(1028096K), 0.0278158 secs] [Times: user=0.04 sys=0.04, real=0.02 secs] 
2021-06-08T01:17:12.340+0800: 2130384.020: [GC (Allocation Failure) [PSYoungGen: 499520K->16672K(503808K)] 1001072K->527828K(1028096K), 0.0255919 secs] [Times: user=0.04 sys=0.04, real=0.03 secs] 
2021-06-08T01:17:12.366+0800: 2130384.046: [Full GC (Ergonomics) [PSYoungGen: 16672K->0K(503808K)] [ParOldGen: 511156K->309525K(524288K)] 527828K->309525K(1028096K), [Metaspace: 96421K->96418K(1138688K)], 0.4128154 secs] [Times: user=0.47 sys=0.44, real=0.41 secs] 
2021-06-08T01:20:36.002+0800: 2130587.682: [GC (Allocation Failure) [PSYoungGen: 483328K->17600K(504320K)] 792853K->327125K(1028608K), 0.0638733 secs] [Times: user=0.05 sys=0.05, real=0.07 secs] 
2021-06-08T01:24:03.302+0800: 2130794.981: [GC (Allocation Failure) [PSYoungGen: 501952K->15072K(504320K)] 811477K->336560K(1028608K), 0.0330058 secs] [Times: user=0.03 sys=0.05, real=0.04 secs] 
2021-06-08T01:27:28.575+0800: 2131000.255: [GC (Allocation Failure) [PSYoungGen: 499424K->17920K(504320K)] 820912K->348244K(1028608K), 0.0295808 secs] [Times: user=0.04 sys=0.04, real=0.03 secs] 
2021-06-08T01:30:53.331+0800: 2131205.011: [GC (Allocation Failure) [PSYoungGen: 502272K->17856K(504320K)] 832596K->359323K(1028608K), 0.0283406 secs] [Times: user=0.04 sys=0.03, real=0.03 secs] 
2021-06-08T01:34:17.875+0800: 2131409.555: [GC (Allocation Failure) [PSYoungGen: 502208K->19488K(502272K)] 843675K->371378K(1026560K), 0.0280911 secs] [Times: user=0.04 sys=0.04, real=0.03 secs] 
2021-06-08T01:37:39.349+0800: 2131611.029: [GC (Allocation Failure) [PSYoungGen: 501792K->17440K(503296K)] 853682K->380785K(1027584K), 0.0263731 secs] [Times: user=0.07 sys=0.00, real=0.03 secs] 
2021-06-08T01:41:04.256+0800: 2131815.935: [GC (Allocation Failure) [PSYoungGen: 499744K->14880K(503808K)] 863089K->390503K(1028096K), 0.0248219 secs] [Times: user=0.04 sys=0.03, real=0.02 secs] 
2021-06-08T01:44:28.246+0800: 2132019.925: [GC (Allocation Failure) [PSYoungGen: 498208K->18368K(501760K)] 873831K->404957K(1026048K), 0.0271631 secs] [Times: user=0.04 sys=0.04, real=0.03 secs] 
2021-06-08T01:47:53.734+0800: 2132225.413: [GC (Allocation Failure) [PSYoungGen: 501696K->15456K(503296K)] 888285K->413384K(1027584K), 0.0284674 secs] [Times: user=0.04 sys=0.04, real=0.03 secs] 
2021-06-08T01:51:16.224+0800: 2132427.903: [GC (Allocation Failure) [PSYoungGen: 497760K->16608K(503296K)] 895688K->423742K(1027584K), 0.0280804 secs] [Times: user=0.03 sys=0.04, real=0.02 secs] 
2021-06-08T01:54:39.643+0800: 2132631.323: [GC (Allocation Failure) [PSYoungGen: 498912K->16064K(503808K)] 906046K->434194K(1028096K), 0.0269031 secs] [Times: user=0.07 sys=0.00, real=0.02 secs] 
2021-06-08T01:58:04.372+0800: 2132836.052: [GC (Allocation Failure) [PSYoungGen: 499392K->16992K(503808K)] 917522K->445894K(1028096K), 0.0549717 secs] [Times: user=0.04 sys=0.04, real=0.05 secs] 
2021-06-08T02:01:31.796+0800: 2133043.476: [GC (Allocation Failure) [PSYoungGen: 500320K->16416K(504320K)] 929222K->454755K(1028608K), 0.0554668 secs] [Times: user=0.07 sys=0.00, real=0.05 secs] 
2021-06-08T02:04:56.883+0800: 2133248.563: [GC (Allocation Failure) [PSYoungGen: 500768K->17568K(504320K)] 939107K->465792K(1028608K), 0.0417701 secs] [Times: user=0.03 sys=0.04, real=0.04 secs] 
2021-06-08T02:08:21.907+0800: 2133453.586: [GC (Allocation Failure) [PSYoungGen: 501920K->16896K(504832K)] 950144K->474973K(1029120K), 0.0298842 secs] [Times: user=0.04 sys=0.03, real=0.03 secs] 
2021-06-08T02:11:47.361+0800: 2133659.041: [GC (Allocation Failure) [PSYoungGen: 501760K->15840K(504320K)] 959837K->483914K(1028608K), 0.0272827 secs] [Times: user=0.03 sys=0.04, real=0.03 secs] 
2021-06-08T02:15:13.436+0800: 2133865.116: [GC (Allocation Failure) [PSYoungGen: 500704K->14944K(504832K)] 968778K->492654K(1029120K), 0.0311387 secs] [Times: user=0.04 sys=0.04, real=0.03 secs] 
2021-06-08T02:18:40.964+0800: 2134072.643: [GC (Allocation Failure) [PSYoungGen: 500256K->15360K(504832K)] 977967K->502771K(1029120K), 0.0309193 secs] [Times: user=0.03 sys=0.04, real=0.03 secs] 
2021-06-08T02:22:03.999+0800: 2134275.679: [GC (Allocation Failure) [PSYoungGen: 500736K->19424K(495616K)] 988147K->517016K(1019904K), 0.0458807 secs] [Times: user=0.05 sys=0.05, real=0.05 secs] 
2021-06-08T02:25:26.443+0800: 2134478.123: [GC (Allocation Failure) [PSYoungGen: 495584K->14464K(500224K)] 993176K->524198K(1024512K), 0.0314818 secs] [Times: user=0.04 sys=0.04, real=0.03 secs] 
2021-06-08T02:28:49.204+0800: 2134680.883: [GC (Allocation Failure) [PSYoungGen: 490624K->14560K(500224K)] 1000358K->533684K(1024512K), 0.0278569 secs] [Times: user=0.04 sys=0.04, real=0.02 secs] 
2021-06-08T02:28:49.232+0800: 2134680.912: [Full GC (Ergonomics) [PSYoungGen: 14560K->0K(500224K)] [ParOldGen: 519124K->313759K(524288K)] 533684K->313759K(1024512K), [Metaspace: 96421K->96421K(1138688K)], 0.4745250 secs] [Times: user=0.53 sys=0.50, real=0.47 secs] 
2021-06-08T02:32:09.974+0800: 2134881.654: [GC (Allocation Failure) [PSYoungGen: 476160K->18368K(500224K)] 789919K->332127K(1024512K), 0.0273199 secs] [Times: user=0.03 sys=0.03, real=0.02 secs] 
2021-06-08T02:35:30.304+0800: 2135081.984: [GC (Allocation Failure) [PSYoungGen: 494528K->15552K(500736K)] 808287K->342816K(1025024K), 0.0278288 secs] [Times: user=0.03 sys=0.04, real=0.03 secs] 
2021-06-08T02:38:52.516+0800: 2135284.196: [GC (Allocation Failure) [PSYoungGen: 492736K->15264K(500736K)] 820000K->352886K(1025024K), 0.0642961 secs] [Times: user=0.05 sys=0.04, real=0.06 secs] 
2021-06-08T02:42:12.722+0800: 2135484.402: [GC (Allocation Failure) [PSYoungGen: 492448K->18496K(501248K)] 830070K->367284K(1025536K), 0.0321851 secs] [Times: user=0.04 sys=0.04, real=0.03 secs] 
2021-06-08T02:45:34.462+0800: 2135686.141: [GC (Allocation Failure) [PSYoungGen: 496704K->17728K(501248K)] 845492K->377930K(1025536K), 0.0312634 secs] [Times: user=0.04 sys=0.04, real=0.04 secs] 
2021-06-08T02:48:56.261+0800: 2135887.941: [GC (Allocation Failure) [PSYoungGen: 495936K->14976K(501760K)] 856138K->386119K(1026048K), 0.0296884 secs] [Times: user=0.03 sys=0.04, real=0.03 secs] 
2021-06-08T02:52:16.538+0800: 2136088.218: [GC (Allocation Failure) [PSYoungGen: 494208K->15712K(501760K)] 865351K->397429K(1026048K), 0.0282285 secs] [Times: user=0.04 sys=0.04, real=0.03 secs] 
2021-06-08T02:55:40.771+0800: 2136292.451: [GC (Allocation Failure) [PSYoungGen: 494944K->16480K(502272K)] 876661K->408042K(1026560K), 0.0250228 secs] [Times: user=0.06 sys=0.00, real=0.03 secs] 
2021-06-08T02:59:02.992+0800: 2136494.672: [GC (Allocation Failure) [PSYoungGen: 496736K->15808K(502272K)] 888298K->417887K(1026560K), 0.0466962 secs] [Times: user=0.04 sys=0.04, real=0.04 secs] 
2021-06-08T03:02:30.259+0800: 2136701.939: [GC (Allocation Failure) [PSYoungGen: 496064K->13952K(502784K)] 898143K->427098K(1027072K), 0.0359776 secs] [Times: user=0.04 sys=0.03, real=0.04 secs] 
2021-06-08T03:05:53.191+0800: 2136904.871: [GC (Allocation Failure) [PSYoungGen: 495232K->17248K(502784K)] 908378K->440032K(1027072K), 0.0315285 secs] [Times: user=0.04 sys=0.04, real=0.04 secs] 
2021-06-08T03:09:18.272+0800: 2137109.951: [GC (Allocation Failure) [PSYoungGen: 498528K->16192K(503296K)] 921312K->450181K(1027584K), 0.0275002 secs] [Times: user=0.04 sys=0.04, real=0.03 secs] 
2021-06-08T03:12:43.686+0800: 2137315.366: [GC (Allocation Failure) [PSYoungGen: 497984K->15776K(502784K)] 931973K->459931K(1027072K), 0.0256558 secs] [Times: user=0.03 sys=0.03, real=0.03 secs] 
2021-06-08T03:16:13.308+0800: 2137524.987: [GC (Allocation Failure) [PSYoungGen: 497568K->13632K(503808K)] 941723K->467807K(1028096K), 0.0435534 secs] [Times: user=0.04 sys=0.04, real=0.04 secs] 
2021-06-08T03:19:38.521+0800: 2137730.200: [GC (Allocation Failure) [PSYoungGen: 496960K->16352K(503808K)] 951135K->480068K(1028096K), 0.0413753 secs] [Times: user=0.04 sys=0.05, real=0.05 secs] 
2021-06-08T03:23:03.483+0800: 2137935.163: [GC (Allocation Failure) [PSYoungGen: 499680K->17344K(503808K)] 963396K->491612K(1028096K), 0.0547778 secs] [Times: user=0.05 sys=0.04, real=0.05 secs] 
2021-06-08T03:26:28.673+0800: 2138140.353: [GC (Allocation Failure) [PSYoungGen: 500672K->16832K(503808K)] 974940K->502656K(1028096K), 0.0373260 secs] [Times: user=0.05 sys=0.04, real=0.03 secs] 
2021-06-08T03:29:52.364+0800: 2138344.043: [GC (Allocation Failure) [PSYoungGen: 500160K->13632K(503296K)] 985984K->511629K(1027584K), 0.0273130 secs] [Times: user=0.04 sys=0.04, real=0.02 secs] 
2021-06-08T03:33:15.432+0800: 2138547.112: [GC (Allocation Failure) [PSYoungGen: 496960K->18112K(503808K)] 994957K->526203K(1028096K), 0.0290150 secs] [Times: user=0.04 sys=0.03, real=0.02 secs] 
2021-06-08T03:36:40.564+0800: 2138752.243: [GC (Allocation Failure) [PSYoungGen: 501440K->15776K(503808K)] 1009531K->534919K(1028096K), 0.0442999 secs] [Times: user=0.04 sys=0.04, real=0.04 secs] 
2021-06-08T03:36:40.608+0800: 2138752.288: [Full GC (Ergonomics) [PSYoungGen: 15776K->0K(503808K)] [ParOldGen: 519143K->312258K(524288K)] 534919K->312258K(1028096K), [Metaspace: 96421K->96421K(1138688K)], 0.5224749 secs] [Times: user=0.58 sys=0.54, real=0.52 secs] 
2021-06-08T03:40:06.719+0800: 2138958.399: [GC (Allocation Failure) [PSYoungGen: 483328K->17664K(503808K)] 795586K->329922K(1028096K), 0.0316828 secs] [Times: user=0.03 sys=0.03, real=0.03 secs] 
2021-06-08T03:43:30.813+0800: 2139162.492: [GC (Allocation Failure) [PSYoungGen: 500992K->15872K(504320K)] 813250K->341380K(1028608K), 0.0310919 secs] [Times: user=0.05 sys=0.04, real=0.03 secs] 
2021-06-08T03:46:54.004+0800: 2139365.684: [GC (Allocation Failure) [PSYoungGen: 499712K->18048K(503808K)] 825220K->352931K(1028096K), 0.0310547 secs] [Times: user=0.04 sys=0.04, real=0.03 secs] 
2021-06-08T03:50:16.336+0800: 2139568.015: [GC (Allocation Failure) [PSYoungGen: 501888K->19040K(502784K)] 836771K->364696K(1027072K), 0.0301966 secs] [Times: user=0.04 sys=0.04, real=0.03 secs] 
2021-06-08T03:53:40.860+0800: 2139772.539: [GC (Allocation Failure) [PSYoungGen: 501344K->16064K(503296K)] 847000K->374055K(1027584K), 0.0266721 secs] [Times: user=0.03 sys=0.04, real=0.03 secs] 
2021-06-08T03:57:03.450+0800: 2139975.130: [GC (Allocation Failure) [PSYoungGen: 498368K->18912K(503296K)] 856359K->387948K(1027584K), 0.0307369 secs] [Times: user=0.05 sys=0.04, real=0.03 secs] 
2021-06-08T04:00:26.221+0800: 2140177.900: [GC (Allocation Failure) [PSYoungGen: 501216K->17664K(503296K)] 870252K->398250K(1027584K), 0.0316462 secs] [Times: user=0.05 sys=0.05, real=0.04 secs] 
2021-06-08T04:03:49.255+0800: 2140380.935: [GC (Allocation Failure) [PSYoungGen: 499968K->18208K(503296K)] 880554K->409937K(1027584K), 0.0286037 secs] [Times: user=0.05 sys=0.03, real=0.03 secs] 
2021-06-08T04:07:13.527+0800: 2140585.206: [GC (Allocation Failure) [PSYoungGen: 500512K->17952K(503296K)] 892241K->420656K(1027584K), 0.0286978 secs] [Times: user=0.04 sys=0.04, real=0.03 secs] 
2021-06-08T04:10:33.225+0800: 2140784.905: [GC (Allocation Failure) [PSYoungGen: 500256K->18016K(503296K)] 902960K->432062K(1027584K), 0.0299358 secs] [Times: user=0.04 sys=0.04, real=0.03 secs] 
2021-06-08T04:13:57.011+0800: 2140988.690: [GC (Allocation Failure) [PSYoungGen: 500320K->15360K(503296K)] 914366K->440219K(1027584K), 0.0422519 secs] [Times: user=0.04 sys=0.03, real=0.05 secs] 
2021-06-08T04:17:20.311+0800: 2141191.991: [GC (Allocation Failure) [PSYoungGen: 497664K->16032K(503296K)] 922523K->451063K(1027584K), 0.0273299 secs] [Times: user=0.04 sys=0.03, real=0.03 secs] 
2021-06-08T04:20:44.577+0800: 2141396.257: [GC (Allocation Failure) [PSYoungGen: 498336K->16128K(503296K)] 933367K->460773K(1027584K), 0.0420268 secs] [Times: user=0.04 sys=0.03, real=0.04 secs] 
2021-06-08T04:24:08.943+0800: 2141600.622: [GC (Allocation Failure) [PSYoungGen: 498432K->16704K(503808K)] 943077K->472410K(1028096K), 0.0340884 secs] [Times: user=0.04 sys=0.03, real=0.03 secs] 
2021-06-08T04:27:31.814+0800: 2141803.493: [GC (Allocation Failure) [PSYoungGen: 500032K->15968K(503808K)] 955738K->481512K(1028096K), 0.0332193 secs] [Times: user=0.05 sys=0.04, real=0.03 secs] 
2021-06-08T04:30:57.683+0800: 2142009.362: [GC (Allocation Failure) [PSYoungGen: 499296K->18720K(503296K)] 964840K->494141K(1027584K), 0.0297089 secs] [Times: user=0.04 sys=0.04, real=0.03 secs] 
2021-06-08T04:34:20.201+0800: 2142211.881: [GC (Allocation Failure) [PSYoungGen: 502048K->16800K(503808K)] 977469K->502331K(1028096K), 0.0311856 secs] [Times: user=0.04 sys=0.05, real=0.04 secs] 
2021-06-08T04:37:44.799+0800: 2142416.479: [GC (Allocation Failure) [PSYoungGen: 500128K->17920K(503808K)] 985659K->513793K(1028096K), 0.0544442 secs] [Times: user=0.04 sys=0.03, real=0.06 secs] 
2021-06-08T04:41:10.940+0800: 2142622.620: [GC (Allocation Failure) [PSYoungGen: 501248K->16896K(503808K)] 997121K->524662K(1028096K), 0.0451741 secs] [Times: user=0.04 sys=0.03, real=0.05 secs] 
2021-06-08T04:44:36.271+0800: 2142827.951: [GC (Allocation Failure) [PSYoungGen: 500224K->16160K(504320K)] 1007990K->535194K(1028608K), 0.0313564 secs] [Times: user=0.05 sys=0.04, real=0.04 secs] 
2021-06-08T04:44:36.303+0800: 2142827.983: [Full GC (Ergonomics) [PSYoungGen: 16160K->0K(504320K)] [ParOldGen: 519034K->312938K(524288K)] 535194K->312938K(1028608K), [Metaspace: 96421K->96418K(1138688K)], 0.5319857 secs] [Times: user=0.59 sys=0.54, real=0.53 secs] 
2021-06-08T04:48:01.533+0800: 2143033.212: [GC (Allocation Failure) [PSYoungGen: 484352K->16672K(504320K)] 797290K->329610K(1028608K), 0.0229568 secs] [Times: user=0.03 sys=0.03, real=0.02 secs] 
2021-06-08T04:51:27.013+0800: 2143238.692: [GC (Allocation Failure) [PSYoungGen: 501024K->15712K(504832K)] 813962K->340357K(1029120K), 0.0329961 secs] [Times: user=0.07 sys=0.00, real=0.03 secs] 
2021-06-08T04:54:52.162+0800: 2143443.842: [GC (Allocation Failure) [PSYoungGen: 501088K->18144K(503808K)] 825733K->351932K(1028096K), 0.0270177 secs] [Times: user=0.04 sys=0.03, real=0.03 secs] 
2021-06-08T04:58:15.857+0800: 2143647.537: [GC (Allocation Failure) [PSYoungGen: 503520K->17664K(504320K)] 837308K->362298K(1028608K), 0.0287155 secs] [Times: user=0.03 sys=0.04, real=0.03 secs] 
2021-06-08T05:01:43.340+0800: 2143855.020: [GC (Allocation Failure) [PSYoungGen: 502016K->16320K(504320K)] 846650K->370953K(1028608K), 0.0239081 secs] [Times: user=0.03 sys=0.03, real=0.03 secs] 
2021-06-08T05:05:07.814+0800: 2144059.493: [GC (Allocation Failure) [PSYoungGen: 500672K->18368K(504320K)] 855305K->384238K(1028608K), 0.0294118 secs] [Times: user=0.05 sys=0.04, real=0.03 secs] 
2021-06-08T05:08:30.414+0800: 2144262.093: [GC (Allocation Failure) [PSYoungGen: 502720K->16800K(504320K)] 868590K->394245K(1028608K), 0.0681336 secs] [Times: user=0.04 sys=0.04, real=0.06 secs] 
2021-06-08T05:12:08.965+0800: 2144480.645: [GC (Allocation Failure) [PSYoungGen: 501152K->13920K(504320K)] 878597K->402479K(1028608K), 0.0262254 secs] [Times: user=0.03 sys=0.04, real=0.02 secs] 
2021-06-08T05:15:33.848+0800: 2144685.527: [GC (Allocation Failure) [PSYoungGen: 498242K->17120K(504320K)] 886801K->413988K(1028608K), 0.0280892 secs] [Times: user=0.04 sys=0.03, real=0.03 secs] 
2021-06-08T05:19:00.652+0800: 2144892.331: [GC (Allocation Failure) [PSYoungGen: 501472K->13344K(504320K)] 898340K->421583K(1028608K), 0.0283548 secs] [Times: user=0.04 sys=0.03, real=0.03 secs] 
2021-06-08T05:22:27.502+0800: 2145099.182: [GC (Allocation Failure) [PSYoungGen: 497696K->15648K(504320K)] 905935K->433612K(1028608K), 0.0332146 secs] [Times: user=0.04 sys=0.03, real=0.04 secs] 
2021-06-08T05:25:54.889+0800: 2145306.569: [GC (Allocation Failure) [PSYoungGen: 500000K->15360K(504320K)] 917964K->443009K(1028608K), 0.0283453 secs] [Times: user=0.04 sys=0.04, real=0.03 secs] 
2021-06-08T05:29:20.092+0800: 2145511.771: [GC (Allocation Failure) [PSYoungGen: 499712K->17472K(504320K)] 927361K->455438K(1028608K), 0.0335959 secs] [Times: user=0.04 sys=0.05, real=0.04 secs] 
2021-06-08T05:32:45.870+0800: 2145717.550: [GC (Allocation Failure) [PSYoungGen: 501824K->17248K(504320K)] 939790K->465100K(1028608K), 0.0373239 secs] [Times: user=0.05 sys=0.05, real=0.04 secs] 
2021-06-08T05:36:19.748+0800: 2145931.428: [GC (Allocation Failure) [PSYoungGen: 501600K->16992K(504320K)] 949452K->475465K(1028608K), 0.0293016 secs] [Times: user=0.04 sys=0.04, real=0.03 secs] 
2021-06-08T05:39:51.613+0800: 2146143.292: [GC (Allocation Failure) [PSYoungGen: 501344K->19936K(495104K)] 959817K->488324K(1019392K), 0.0676344 secs] [Times: user=0.05 sys=0.05, real=0.06 secs] 
2021-06-08T05:43:16.856+0800: 2146348.536: [GC (Allocation Failure) [PSYoungGen: 495072K->17600K(499712K)] 963460K->497415K(1024000K), 0.0363344 secs] [Times: user=0.05 sys=0.05, real=0.04 secs] 
2021-06-08T05:46:41.836+0800: 2146553.516: [GC (Allocation Failure) [PSYoungGen: 492736K->14592K(500224K)] 972551K->505068K(1024512K), 0.0353174 secs] [Times: user=0.05 sys=0.04, real=0.03 secs] 
2021-06-08T05:50:08.107+0800: 2146759.786: [GC (Allocation Failure) [PSYoungGen: 490752K->16224K(500224K)] 981228K->514912K(1024512K), 0.0315847 secs] [Times: user=0.04 sys=0.04, real=0.03 secs] 
2021-06-08T05:53:27.254+0800: 2146958.933: [GC (Allocation Failure) [PSYoungGen: 492384K->19136K(500736K)] 991072K->527366K(1025024K), 0.0291555 secs] [Times: user=0.03 sys=0.03, real=0.03 secs] 
2021-06-08T05:56:50.106+0800: 2147161.785: [GC (Allocation Failure) [PSYoungGen: 496320K->18336K(500736K)] 1004550K->537988K(1025024K), 0.0331022 secs] [Times: user=0.04 sys=0.04, real=0.03 secs] 
2021-06-08T05:56:50.139+0800: 2147161.819: [Full GC (Ergonomics) [PSYoungGen: 18336K->0K(500736K)] [ParOldGen: 519652K->314063K(524288K)] 537988K->314063K(1025024K), [Metaspace: 96434K->96434K(1138688K)], 0.5553965 secs] [Times: user=0.57 sys=0.53, real=0.56 secs] 
2021-06-08T06:00:11.108+0800: 2147362.788: [GC (Allocation Failure) [PSYoungGen: 477184K->16896K(501248K)] 791247K->330959K(1025536K), 0.0266728 secs] [Times: user=0.03 sys=0.04, real=0.03 secs] 
2021-06-08T06:03:32.564+0800: 2147564.244: [GC (Allocation Failure) [PSYoungGen: 495104K->17984K(501248K)] 809167K->343227K(1025536K), 0.0283209 secs] [Times: user=0.04 sys=0.04, real=0.03 secs] 
2021-06-08T06:06:52.852+0800: 2147764.531: [GC (Allocation Failure) [PSYoungGen: 496192K->15392K(501760K)] 821435K->351495K(1026048K), 0.0281377 secs] [Times: user=0.04 sys=0.03, real=0.03 secs] 
2021-06-08T06:10:13.111+0800: 2147964.791: [GC (Allocation Failure) [PSYoungGen: 494624K->17184K(501760K)] 830727K->363679K(1026048K), 0.0265523 secs] [Times: user=0.04 sys=0.03, real=0.03 secs] 
2021-06-08T06:13:35.665+0800: 2148167.345: [GC (Allocation Failure) [PSYoungGen: 496416K->18656K(502272K)] 842911K->375382K(1026560K), 0.0598515 secs] [Times: user=0.08 sys=0.00, real=0.06 secs] 
2021-06-08T06:16:58.545+0800: 2148370.224: [GC (Allocation Failure) [PSYoungGen: 498912K->17632K(502272K)] 855638K->385308K(1026560K), 0.0464941 secs] [Times: user=0.06 sys=0.06, real=0.04 secs] 
2021-06-08T06:20:20.868+0800: 2148572.548: [GC (Allocation Failure) [PSYoungGen: 497888K->17600K(502784K)] 865564K->396026K(1027072K), 0.0410207 secs] [Times: user=0.05 sys=0.04, real=0.04 secs] 
2021-06-08T06:23:43.290+0800: 2148774.969: [GC (Allocation Failure) [PSYoungGen: 498880K->15840K(502784K)] 877306K->405800K(1027072K), 0.0311995 secs] [Times: user=0.04 sys=0.05, real=0.03 secs] 
2021-06-08T06:27:03.674+0800: 2148975.353: [GC (Allocation Failure) [PSYoungGen: 497120K->16320K(503296K)] 887080K->415490K(1027584K), 0.0267936 secs] [Times: user=0.04 sys=0.04, real=0.02 secs] 
2021-06-08T06:30:28.798+0800: 2149180.477: [GC (Allocation Failure) [PSYoungGen: 498624K->16128K(503296K)] 897794K->425599K(1027584K), 0.0310884 secs] [Times: user=0.04 sys=0.04, real=0.03 secs] 
2021-06-08T06:33:49.041+0800: 2149380.721: [GC (Allocation Failure) [PSYoungGen: 498432K->18304K(503296K)] 907903K->437877K(1027584K), 0.0357677 secs] [Times: user=0.04 sys=0.05, real=0.04 secs] 
2021-06-08T06:37:11.149+0800: 2149582.828: [GC (Allocation Failure) [PSYoungGen: 500608K->15712K(503296K)] 920181K->445433K(1027584K), 0.0262262 secs] [Times: user=0.03 sys=0.03, real=0.03 secs] 
2021-06-08T06:40:31.807+0800: 2149783.487: [GC (Allocation Failure) [PSYoungGen: 498016K->18688K(503296K)] 927737K->458262K(1027584K), 0.0566026 secs] [Times: user=0.04 sys=0.04, real=0.06 secs] 
2021-06-08T06:43:56.171+0800: 2149987.851: [GC (Allocation Failure) [PSYoungGen: 500992K->15680K(503296K)] 940566K->466666K(1027584K), 0.0387641 secs] [Times: user=0.03 sys=0.04, real=0.04 secs] 
2021-06-08T06:47:19.044+0800: 2150190.723: [GC (Allocation Failure) [PSYoungGen: 497984K->16704K(503808K)] 948970K->476840K(1028096K), 0.0372423 secs] [Times: user=0.05 sys=0.05, real=0.03 secs] 
2021-06-08T06:50:41.456+0800: 2150393.136: [GC (Allocation Failure) [PSYoungGen: 499520K->16544K(503296K)] 959656K->487174K(1027584K), 0.0270967 secs] [Times: user=0.04 sys=0.03, real=0.03 secs] 
2021-06-08T06:54:03.228+0800: 2150594.908: [GC (Allocation Failure) [PSYoungGen: 499360K->17184K(504320K)] 969990K->499212K(1028608K), 0.0358739 secs] [Times: user=0.04 sys=0.05, real=0.04 secs] 
2021-06-08T06:57:20.944+0800: 2150792.624: [GC (Allocation Failure) [PSYoungGen: 501024K->16266K(503808K)] 983052K->509873K(1028096K), 0.0289462 secs] [Times: user=0.04 sys=0.04, real=0.03 secs] 
2021-06-08T07:00:48.181+0800: 2150999.861: [GC (Allocation Failure) [PSYoungGen: 500106K->14880K(504320K)] 993713K->519087K(1028608K), 0.0261069 secs] [Times: user=0.03 sys=0.03, real=0.03 secs] 
2021-06-08T07:04:10.289+0800: 2151201.969: [GC (Allocation Failure) [PSYoungGen: 499232K->17920K(502784K)] 1003439K->531685K(1027072K), 0.0307776 secs] [Times: user=0.04 sys=0.04, real=0.03 secs] 
2021-06-08T07:04:10.321+0800: 2151202.000: [Full GC (Ergonomics) [PSYoungGen: 17920K->0K(502784K)] [ParOldGen: 513765K->310940K(524288K)] 531685K->310940K(1027072K), [Metaspace: 96435K->96435K(1138688K)], 0.4224886 secs] [Times: user=0.95 sys=0.00, real=0.43 secs] 
2021-06-08T07:07:35.112+0800: 2151406.792: [GC (Allocation Failure) [PSYoungGen: 484352K->15584K(504320K)] 795292K->326525K(1028608K), 0.0215645 secs] [Times: user=0.03 sys=0.04, real=0.02 secs] 
2021-06-08T07:10:56.817+0800: 2151608.496: [GC (Allocation Failure) [PSYoungGen: 499424K->16800K(503808K)] 810365K->339600K(1028096K), 0.0289557 secs] [Times: user=0.04 sys=0.03, real=0.03 secs] 
2021-06-08T07:14:20.936+0800: 2151812.616: [GC (Allocation Failure) [PSYoungGen: 500640K->16992K(504832K)] 823440K->351508K(1029120K), 0.0335755 secs] [Times: user=0.04 sys=0.04, real=0.03 secs] 
2021-06-08T07:17:46.544+0800: 2152018.223: [GC (Allocation Failure) [PSYoungGen: 501856K->17344K(504320K)] 836372K->361706K(1028608K), 0.0390105 secs] [Times: user=0.04 sys=0.04, real=0.04 secs] 
2021-06-08T07:21:09.697+0800: 2152221.376: [GC (Allocation Failure) [PSYoungGen: 502208K->14816K(504832K)] 846570K->369718K(1029120K), 0.0267026 secs] [Times: user=0.07 sys=0.00, real=0.03 secs] 
2021-06-08T07:24:32.786+0800: 2152424.466: [GC (Allocation Failure) [PSYoungGen: 500192K->19424K(504832K)] 855094K->383452K(1029120K), 0.0346014 secs] [Times: user=0.04 sys=0.04, real=0.03 secs] 
2021-06-08T07:27:56.956+0800: 2152628.636: [GC (Allocation Failure) [PSYoungGen: 504800K->18752K(496640K)] 868828K->394427K(1020928K), 0.0553343 secs] [Times: user=0.04 sys=0.04, real=0.05 secs] 
2021-06-08T07:31:16.758+0800: 2152828.438: [GC (Allocation Failure) [PSYoungGen: 495936K->17888K(500736K)] 871611K->403817K(1025024K), 0.0617752 secs] [Times: user=0.04 sys=0.03, real=0.06 secs] 
2021-06-08T07:34:37.551+0800: 2153029.230: [GC (Allocation Failure) [PSYoungGen: 495072K->15616K(501248K)] 881001K->413093K(1025536K), 0.0289225 secs] [Times: user=0.04 sys=0.04, real=0.03 secs] 
2021-06-08T07:37:56.515+0800: 2153228.194: [GC (Allocation Failure) [PSYoungGen: 493824K->16576K(501248K)] 891301K->422660K(1025536K), 0.0287550 secs] [Times: user=0.03 sys=0.03, real=0.03 secs] 
2021-06-08T07:41:18.929+0800: 2153430.609: [GC (Allocation Failure) [PSYoungGen: 494784K->15328K(501760K)] 900868K->432177K(1026048K), 0.0307468 secs] [Times: user=0.04 sys=0.04, real=0.03 secs] 
2021-06-08T07:44:40.498+0800: 2153632.178: [GC (Allocation Failure) [PSYoungGen: 494560K->14912K(501760K)] 911409K->440646K(1026048K), 0.0256036 secs] [Times: user=0.04 sys=0.04, real=0.03 secs] 
2021-06-08T07:48:03.264+0800: 2153834.944: [GC (Allocation Failure) [PSYoungGen: 494144K->16768K(502272K)] 919878K->451892K(1026560K), 0.0282365 secs] [Times: user=0.04 sys=0.04, real=0.03 secs] 
2021-06-08T07:51:24.699+0800: 2154036.378: [GC (Allocation Failure) [PSYoungGen: 496512K->19264K(501760K)] 931636K->464915K(1026048K), 0.0295407 secs] [Times: user=0.04 sys=0.04, real=0.03 secs] 
2021-06-08T07:54:50.029+0800: 2154241.709: [GC (Allocation Failure) [PSYoungGen: 499008K->14848K(501760K)] 944659K->472423K(1026048K), 0.0303791 secs] [Times: user=0.04 sys=0.03, real=0.03 secs] 
2021-06-08T07:58:10.281+0800: 2154441.961: [GC (Allocation Failure) [PSYoungGen: 494080K->16832K(501760K)] 951655K->483174K(1026048K), 0.0286240 secs] [Times: user=0.04 sys=0.04, real=0.03 secs] 
2021-06-08T08:01:32.307+0800: 2154643.987: [GC (Allocation Failure) [PSYoungGen: 496064K->14848K(502784K)] 962406K->492572K(1027072K), 0.0262671 secs] [Times: user=0.03 sys=0.04, real=0.03 secs] 
2021-06-08T08:04:51.925+0800: 2154843.604: [GC (Allocation Failure) [PSYoungGen: 495616K->17408K(502272K)] 973340K->504506K(1026560K), 0.0284365 secs] [Times: user=0.04 sys=0.03, real=0.03 secs] 
2021-06-08T08:08:12.875+0800: 2155044.555: [GC (Allocation Failure) [PSYoungGen: 498176K->19424K(501760K)] 985274K->516521K(1026048K), 0.0331844 secs] [Times: user=0.04 sys=0.04, real=0.03 secs] 
2021-06-08T08:11:36.651+0800: 2155248.331: [GC (Allocation Failure) [PSYoungGen: 499680K->16032K(502272K)] 996777K->524319K(1026560K), 0.0305059 secs] [Times: user=0.04 sys=0.04, real=0.03 secs] 
2021-06-08T08:14:56.981+0800: 2155448.661: [GC (Allocation Failure) [PSYoungGen: 496288K->17248K(502784K)] 1004575K->535814K(1027072K), 0.0281082 secs] [Times: user=0.04 sys=0.04, real=0.03 secs] 
2021-06-08T08:14:57.010+0800: 2155448.690: [Full GC (Ergonomics) [PSYoungGen: 17248K->0K(502784K)] [ParOldGen: 518566K->316140K(524288K)] 535814K->316140K(1027072K), [Metaspace: 96435K->96435K(1138688K)], 0.5157461 secs] [Times: user=1.03 sys=0.00, real=0.52 secs] 
2021-06-08T08:18:18.231+0800: 2155649.910: [GC (Allocation Failure) [PSYoungGen: 481280K->17888K(502784K)] 797420K->334028K(1027072K), 0.0245522 secs] [Times: user=0.03 sys=0.04, real=0.03 secs] 
2021-06-08T08:21:40.331+0800: 2155852.011: [GC (Allocation Failure) [PSYoungGen: 499168K->16288K(503296K)] 815308K->345350K(1027584K), 0.0288332 secs] [Times: user=0.04 sys=0.04, real=0.03 secs] 
2021-06-08T08:25:02.331+0800: 2156054.011: [GC (Allocation Failure) [PSYoungGen: 498080K->16160K(502784K)] 827142K->355356K(1027072K), 0.0264951 secs] [Times: user=0.04 sys=0.03, real=0.03 secs] 
2021-06-08T08:28:23.334+0800: 2156255.014: [GC (Allocation Failure) [PSYoungGen: 497952K->18432K(503296K)] 837148K->368130K(1027584K), 0.0304489 secs] [Times: user=0.04 sys=0.04, real=0.03 secs] 
2021-06-08T08:31:44.395+0800: 2156456.075: [GC (Allocation Failure) [PSYoungGen: 500736K->16640K(503296K)] 850434K->377312K(1027584K), 0.0281823 secs] [Times: user=0.04 sys=0.03, real=0.03 secs] 
2021-06-08T08:35:05.582+0800: 2156657.262: [GC (Allocation Failure) [PSYoungGen: 498944K->19168K(502784K)] 859616K->389390K(1027072K), 0.0321870 secs] [Times: user=0.04 sys=0.04, real=0.04 secs] 
2021-06-08T08:38:28.245+0800: 2156859.924: [GC (Allocation Failure) [PSYoungGen: 501472K->17568K(503296K)] 871694K->399323K(1027584K), 0.0598760 secs] [Times: user=0.04 sys=0.04, real=0.06 secs] 
2021-06-08T08:41:53.121+0800: 2157064.801: [GC (Allocation Failure) [PSYoungGen: 499872K->17056K(503808K)] 881627K->408874K(1028096K), 0.0436341 secs] [Times: user=0.04 sys=0.05, real=0.05 secs] 
2021-06-08T08:45:17.060+0800: 2157268.739: [GC (Allocation Failure) [PSYoungGen: 499872K->15072K(503296K)] 891690K->415863K(1027584K), 0.0300629 secs] [Times: user=0.04 sys=0.04, real=0.03 secs] 
2021-06-08T08:48:40.251+0800: 2157471.930: [GC (Allocation Failure) [PSYoungGen: 497888K->15680K(503808K)] 898679K->425691K(1028096K), 0.0379687 secs] [Times: user=0.04 sys=0.04, real=0.04 secs] 
2021-06-08T08:52:02.945+0800: 2157674.625: [GC (Allocation Failure) [PSYoungGen: 499008K->18080K(503808K)] 909019K->437466K(1028096K), 0.0316573 secs] [Times: user=0.04 sys=0.04, real=0.03 secs] 
2021-06-08T08:55:25.946+0800: 2157877.626: [GC (Allocation Failure) [PSYoungGen: 501408K->18720K(502784K)] 920794K->449544K(1027072K), 0.0355539 secs] [Times: user=0.05 sys=0.05, real=0.03 secs] 
2021-06-08T08:58:48.163+0800: 2158079.843: [GC (Allocation Failure) [PSYoungGen: 501024K->18880K(503296K)] 931848K->460319K(1027584K), 0.0659457 secs] [Times: user=0.04 sys=0.04, real=0.06 secs] 
2021-06-08T09:02:10.889+0800: 2158282.568: [GC (Allocation Failure) [PSYoungGen: 501184K->17632K(503296K)] 942623K->471372K(1027584K), 0.0283176 secs] [Times: user=0.03 sys=0.04, real=0.03 secs] 
2021-06-08T09:05:33.222+0800: 2158484.902: [GC (Allocation Failure) [PSYoungGen: 499936K->16512K(503296K)] 953676K->480747K(1027584K), 0.0697852 secs] [Times: user=0.04 sys=0.04, real=0.07 secs] 
2021-06-08T09:08:56.011+0800: 2158687.691: [GC (Allocation Failure) [PSYoungGen: 498816K->15808K(503808K)] 963051K->491110K(1028096K), 0.0370260 secs] [Times: user=0.05 sys=0.04, real=0.04 secs] 
2021-06-08T09:12:18.685+0800: 2158890.365: [GC (Allocation Failure) [PSYoungGen: 498624K->18176K(503296K)] 973926K->502821K(1027584K), 0.0330983 secs] [Times: user=0.05 sys=0.05, real=0.03 secs] 
2021-06-08T09:15:41.825+0800: 2159093.505: [GC (Allocation Failure) [PSYoungGen: 500992K->15680K(503808K)] 985637K->510346K(1028096K), 0.0329111 secs] [Times: user=0.04 sys=0.04, real=0.03 secs] 
2021-06-08T09:19:06.390+0800: 2159298.069: [GC (Allocation Failure) [PSYoungGen: 498496K->15488K(503296K)] 993162K->519383K(1027584K), 0.0321470 secs] [Times: user=0.04 sys=0.05, real=0.03 secs] 
2021-06-08T09:22:30.383+0800: 2159502.062: [GC (Allocation Failure) [PSYoungGen: 498304K->15392K(503808K)] 1002199K->528828K(1028096K), 0.0332202 secs] [Times: user=0.04 sys=0.05, real=0.03 secs] 
2021-06-08T09:22:30.416+0800: 2159502.096: [Full GC (Ergonomics) [PSYoungGen: 15392K->0K(503808K)] [ParOldGen: 513436K->306321K(524288K)] 528828K->306321K(1028096K), [Metaspace: 96435K->96435K(1138688K)], 0.5551818 secs] [Times: user=1.15 sys=0.00, real=0.55 secs] 
2021-06-08T09:25:54.577+0800: 2159706.257: [GC (Allocation Failure) [PSYoungGen: 483328K->16896K(503808K)] 789649K->323217K(1028096K), 0.0279970 secs] [Times: user=0.03 sys=0.03, real=0.03 secs] 
2021-06-08T09:29:14.990+0800: 2159906.670: [GC (Allocation Failure) [PSYoungGen: 500224K->16832K(504320K)] 806545K->333629K(1028608K), 0.0380649 secs] [Times: user=0.04 sys=0.05, real=0.04 secs] 
2021-06-08T09:32:38.615+0800: 2160110.295: [GC (Allocation Failure) [PSYoungGen: 500672K->16800K(503808K)] 817469K->344130K(1028096K), 0.0599918 secs] [Times: user=0.04 sys=0.03, real=0.06 secs] 
2021-06-08T09:36:03.420+0800: 2160315.100: [GC (Allocation Failure) [PSYoungGen: 500640K->15808K(504832K)] 827970K->355128K(1029120K), 0.0307354 secs] [Times: user=0.04 sys=0.03, real=0.03 secs] 
2021-06-08T09:39:28.079+0800: 2160519.759: [GC (Allocation Failure) [PSYoungGen: 501184K->19104K(504832K)] 840504K->368037K(1029120K), 0.0345412 secs] [Times: user=0.04 sys=0.05, real=0.04 secs] 
2021-06-08T09:42:49.537+0800: 2160721.216: [GC (Allocation Failure) [PSYoungGen: 504480K->17952K(502784K)] 853413K->377843K(1027072K), 0.0366605 secs] [Times: user=0.04 sys=0.04, real=0.04 secs] 
2021-06-08T09:46:11.817+0800: 2160923.497: [GC (Allocation Failure) [PSYoungGen: 501280K->16576K(503808K)] 861171K->387240K(1028096K), 0.0337977 secs] [Times: user=0.03 sys=0.04, real=0.03 secs] 
2021-06-08T09:49:34.679+0800: 2161126.358: [GC (Allocation Failure) [PSYoungGen: 499904K->16160K(504320K)] 870568K->396823K(1028608K), 0.0298398 secs] [Times: user=0.04 sys=0.04, real=0.03 secs] 
2021-06-08T09:52:56.882+0800: 2161328.562: [GC (Allocation Failure) [PSYoungGen: 500512K->19936K(504320K)] 881175K->410949K(1028608K), 0.0353636 secs] [Times: user=0.05 sys=0.05, real=0.03 secs] 
2021-06-08T09:56:20.833+0800: 2161532.513: [GC (Allocation Failure) [PSYoungGen: 504288K->17888K(496128K)] 895301K->421907K(1020416K), 0.0382901 secs] [Times: user=0.05 sys=0.04, real=0.03 secs] 
2021-06-08T09:59:44.368+0800: 2161736.048: [GC (Allocation Failure) [PSYoungGen: 494048K->14336K(500224K)] 898067K->428969K(1024512K), 0.0262032 secs] [Times: user=0.03 sys=0.04, real=0.03 secs] 
2021-06-08T10:03:06.077+0800: 2161937.756: [GC (Allocation Failure) [PSYoungGen: 490496K->14816K(500224K)] 905129K->439797K(1024512K), 0.0288952 secs] [Times: user=0.03 sys=0.04, real=0.03 secs] 
2021-06-08T10:06:27.704+0800: 2162139.383: [GC (Allocation Failure) [PSYoungGen: 490976K->14752K(500224K)] 915957K->448474K(1024512K), 0.0314384 secs] [Times: user=0.05 sys=0.04, real=0.03 secs] 
2021-06-08T10:09:45.618+0800: 2162337.298: [GC (Allocation Failure) [PSYoungGen: 490912K->19168K(500224K)] 924634K->462465K(1024512K), 0.0330970 secs] [Times: user=0.04 sys=0.04, real=0.03 secs] 
2021-06-08T10:13:05.055+0800: 2162536.734: [GC (Allocation Failure) [PSYoungGen: 495328K->14624K(500224K)] 938625K->468773K(1024512K), 0.0331132 secs] [Times: user=0.04 sys=0.04, real=0.03 secs] 
2021-06-08T10:16:26.248+0800: 2162737.928: [GC (Allocation Failure) [PSYoungGen: 490784K->16256K(500736K)] 944933K->479460K(1025024K), 0.0323617 secs] [Times: user=0.05 sys=0.04, real=0.03 secs] 
2021-06-08T10:19:47.170+0800: 2162938.849: [GC (Allocation Failure) [PSYoungGen: 492928K->16000K(500224K)] 956132K->489231K(1024512K), 0.0384568 secs] [Times: user=0.04 sys=0.04, real=0.04 secs] 
2021-06-08T10:23:06.595+0800: 2163138.275: [GC (Allocation Failure) [PSYoungGen: 492672K->17472K(501760K)] 965903K->498813K(1026048K), 0.0304346 secs] [Times: user=0.04 sys=0.04, real=0.03 secs] 
2021-06-08T10:25:26.762+0800: 2163278.441: [GC (Allocation Failure) [PSYoungGen: 495469K->16344K(501248K)] 976810K->508974K(1025536K), 0.0282997 secs] [Times: user=0.04 sys=0.04, real=0.03 secs] 
2021-06-08T10:25:45.991+0800: 2163297.670: [GC (Allocation Failure) [PSYoungGen: 494706K->3991K(498176K)] 987336K->510929K(1022464K), 0.0206679 secs] [Times: user=0.07 sys=0.00, real=0.02 secs] 
2021-06-08T10:26:09.976+0800: 2163321.656: [GC (Allocation Failure) [PSYoungGen: 478969K->3293K(479744K)] 985907K->511871K(1004032K), 0.0123561 secs] [Times: user=0.01 sys=0.02, real=0.01 secs] 
2021-06-08T10:26:30.927+0800: 2163342.607: [GC (Allocation Failure) [PSYoungGen: 479173K->1792K(497152K)] 987751K->511496K(1021440K), 0.0147447 secs] [Times: user=0.02 sys=0.02, real=0.02 secs] 
2021-06-08T10:26:30.943+0800: 2163342.622: [Full GC (Ergonomics) [PSYoungGen: 1792K->0K(497152K)] [ParOldGen: 509704K->294846K(524288K)] 511496K->294846K(1021440K), [Metaspace: 96527K->96515K(1138688K)], 0.5524570 secs] [Times: user=1.22 sys=0.00, real=0.55 secs] 
2021-06-08T10:26:54.994+0800: 2163366.674: [GC (Allocation Failure) [PSYoungGen: 471783K->4253K(476672K)] 766630K->299100K(1000960K), 0.0135721 secs] [Times: user=0.02 sys=0.02, real=0.01 secs] 
2021-06-08T10:27:15.796+0800: 2163387.475: [GC (Allocation Failure) [PSYoungGen: 475677K->2400K(497664K)] 770524K->299452K(1021952K), 0.0147991 secs] [Times: user=0.02 sys=0.02, real=0.01 secs] 
2021-06-08T10:27:39.203+0800: 2163410.883: [GC (Allocation Failure) [PSYoungGen: 473354K->2208K(497664K)] 770406K->300882K(1021952K), 0.0128367 secs] [Times: user=0.02 sys=0.02, real=0.01 secs] 
2021-06-08T10:28:00.879+0800: 2163432.558: [GC (Allocation Failure) [PSYoungGen: 472628K->5053K(498176K)] 771302K->305110K(1022464K), 0.0140987 secs] [Times: user=0.02 sys=0.02, real=0.02 secs] 
2021-06-08T10:28:23.074+0800: 2163454.753: [GC (Allocation Failure) [PSYoungGen: 476423K->3456K(497664K)] 776480K->306588K(1021952K), 0.0281293 secs] [Times: user=0.03 sys=0.04, real=0.02 secs] 
2021-06-08T10:28:45.988+0800: 2163477.668: [GC (Allocation Failure) [PSYoungGen: 474999K->4477K(499712K)] 778132K->310254K(1024000K), 0.0148944 secs] [Times: user=0.02 sys=0.02, real=0.02 secs] 
2021-06-08T10:29:07.426+0800: 2163499.106: [GC (Allocation Failure) [PSYoungGen: 477799K->3069K(498688K)] 783576K->311203K(1022976K), 0.0149920 secs] [Times: user=0.02 sys=0.02, real=0.01 secs] 
2021-06-08T10:29:31.116+0800: 2163522.796: [GC (Allocation Failure) [PSYoungGen: 476292K->3997K(501248K)] 784426K->313018K(1025536K), 0.0123716 secs] [Times: user=0.02 sys=0.02, real=0.01 secs] 
2021-06-08T10:29:52.524+0800: 2163544.204: [GC (Allocation Failure) [PSYoungGen: 481129K->3709K(500224K)] 790150K->314608K(1024512K), 0.0214550 secs] [Times: user=0.02 sys=0.02, real=0.02 secs] 
2021-06-08T10:30:15.968+0800: 2163567.648: [GC (Allocation Failure) [PSYoungGen: 480805K->4669K(502784K)] 791703K->317174K(1027072K), 0.0131634 secs] [Times: user=0.02 sys=0.02, real=0.01 secs] 
2021-06-08T10:30:37.637+0800: 2163589.317: [GC (Allocation Failure) [PSYoungGen: 484751K->2240K(501760K)] 797255K->317332K(1026048K), 0.0163540 secs] [Times: user=0.02 sys=0.02, real=0.02 secs] 
2021-06-08T10:31:01.014+0800: 2163612.694: [GC (Allocation Failure) [PSYoungGen: 482166K->4224K(504320K)] 797258K->320683K(1028608K), 0.0132460 secs] [Times: user=0.01 sys=0.02, real=0.01 secs] 
2021-06-08T10:31:22.730+0800: 2163634.410: [GC (Allocation Failure) [PSYoungGen: 486871K->4349K(503296K)] 803331K->324388K(1027584K), 0.0144240 secs] [Times: user=0.02 sys=0.02, real=0.02 secs] 
2021-06-08T10:31:46.030+0800: 2163657.709: [GC (Allocation Failure) [PSYoungGen: 486628K->3549K(506368K)] 806667K->325921K(1030656K), 0.0129744 secs] [Times: user=0.02 sys=0.01, real=0.02 secs] 
2021-06-08T10:32:07.833+0800: 2163679.513: [GC (Allocation Failure) [PSYoungGen: 490932K->4477K(505344K)] 813303K->328223K(1029632K), 0.0146807 secs] [Times: user=0.02 sys=0.02, real=0.01 secs] 
2021-06-08T10:32:31.586+0800: 2163703.266: [GC (Allocation Failure) [PSYoungGen: 491410K->4224K(507904K)] 815155K->330310K(1032192K), 0.0144559 secs] [Times: user=0.02 sys=0.02, real=0.01 secs] 
2021-06-08T10:32:54.003+0800: 2163725.683: [GC (Allocation Failure) [PSYoungGen: 495155K->4573K(507392K)] 821241K->334239K(1031680K), 0.0131885 secs] [Times: user=0.02 sys=0.02, real=0.01 secs] 
2021-06-08T10:33:16.750+0800: 2163748.429: [GC (Allocation Failure) [PSYoungGen: 494763K->3264K(509440K)] 824429K->335374K(1033728K), 0.0157439 secs] [Times: user=0.02 sys=0.02, real=0.02 secs] 
2021-06-08T10:33:40.947+0800: 2163772.627: [GC (Allocation Failure) [PSYoungGen: 496546K->4669K(508928K)] 828657K->339361K(1033216K), 0.0158588 secs] [Times: user=0.03 sys=0.02, real=0.02 secs] 
2021-06-08T10:34:03.347+0800: 2163795.027: [GC (Allocation Failure) [PSYoungGen: 497839K->2464K(510464K)] 832531K->339767K(1034752K), 0.0137537 secs] [Times: user=0.03 sys=0.02, real=0.01 secs] 
2021-06-08T10:34:28.700+0800: 2163820.380: [GC (Allocation Failure) [PSYoungGen: 499104K->2624K(510464K)] 836407K->341533K(1034752K), 0.0143893 secs] [Times: user=0.02 sys=0.03, real=0.02 secs] 
2021-06-08T10:34:50.811+0800: 2163842.491: [GC (Allocation Failure) [PSYoungGen: 498806K->4477K(512000K)] 837716K->345265K(1036288K), 0.0138823 secs] [Times: user=0.02 sys=0.02, real=0.02 secs] 
2021-06-08T10:35:16.363+0800: 2163868.042: [GC (Allocation Failure) [PSYoungGen: 502546K->1920K(510976K)] 843333K->345144K(1035264K), 0.0149135 secs] [Times: user=0.02 sys=0.02, real=0.01 secs] 
2021-06-08T10:35:38.243+0800: 2163889.922: [GC (Allocation Failure) [PSYoungGen: 499307K->3328K(512512K)] 842532K->347710K(1036800K), 0.0143577 secs] [Times: user=0.02 sys=0.02, real=0.01 secs] 
2021-06-08T10:36:01.542+0800: 2163913.222: [GC (Allocation Failure) [PSYoungGen: 502580K->3136K(512000K)] 846963K->350091K(1036288K), 0.0187620 secs] [Times: user=0.02 sys=0.02, real=0.02 secs] 
2021-06-08T10:36:23.818+0800: 2163935.497: [GC (Allocation Failure) [PSYoungGen: 503360K->2720K(513536K)] 850315K->352016K(1037824K), 0.0131988 secs] [Times: user=0.02 sys=0.02, real=0.01 secs] 
2021-06-08T10:36:47.279+0800: 2163958.958: [GC (Allocation Failure) [PSYoungGen: 504908K->3328K(513024K)] 854205K->354478K(1037312K), 0.0146821 secs] [Times: user=0.02 sys=0.02, real=0.02 secs] 
2021-06-08T10:37:12.931+0800: 2163984.610: [GC (Allocation Failure) [PSYoungGen: 504547K->2240K(514560K)] 855697K->355962K(1038848K), 0.0162537 secs] [Times: user=0.02 sys=0.02, real=0.02 secs] 
2021-06-08T10:37:35.523+0800: 2164007.203: [GC (Allocation Failure) [PSYoungGen: 505766K->2624K(514048K)] 859489K->357728K(1038336K), 0.0330098 secs] [Times: user=0.02 sys=0.01, real=0.03 secs] 
2021-06-08T10:38:01.344+0800: 2164033.024: [GC (Allocation Failure) [PSYoungGen: 505724K->3424K(515584K)] 860829K->360382K(1039872K), 0.0162141 secs] [Times: user=0.05 sys=0.00, real=0.01 secs] 
2021-06-08T10:38:23.620+0800: 2164055.300: [GC (Allocation Failure) [PSYoungGen: 508617K->3997K(515072K)] 865575K->363529K(1039360K), 0.0145999 secs] [Times: user=0.02 sys=0.02, real=0.02 secs] 
2021-06-08T10:38:47.510+0800: 2164079.190: [GC (Allocation Failure) [PSYoungGen: 510253K->3997K(516096K)] 869785K->365367K(1040384K), 0.0161617 secs] [Times: user=0.02 sys=0.03, real=0.02 secs] 
2021-06-08T10:39:10.668+0800: 2164102.348: [GC (Allocation Failure) [PSYoungGen: 510608K->3328K(515584K)] 871977K->366558K(1039872K), 0.0143167 secs] [Times: user=0.02 sys=0.02, real=0.02 secs] 
2021-06-08T10:39:33.965+0800: 2164125.645: [GC (Allocation Failure) [PSYoungGen: 509572K->3328K(516608K)] 872803K->369147K(1040896K), 0.0155515 secs] [Times: user=0.03 sys=0.02, real=0.01 secs] 
2021-06-08T10:40:00.295+0800: 2164151.974: [GC (Allocation Failure) [PSYoungGen: 512112K->3712K(516608K)] 877931K->372208K(1040896K), 0.0169727 secs] [Times: user=0.02 sys=0.02, real=0.01 secs] 
2021-06-08T10:40:23.464+0800: 2164175.144: [GC (Allocation Failure) [PSYoungGen: 511698K->2400K(517120K)] 880194K->373979K(1041408K), 0.0134198 secs] [Times: user=0.02 sys=0.02, real=0.01 secs] 
2021-06-08T10:40:47.274+0800: 2164198.953: [GC (Allocation Failure) [PSYoungGen: 511953K->4413K(517120K)] 883533K->377607K(1041408K), 0.0131222 secs] [Times: user=0.02 sys=0.02, real=0.01 secs] 
2021-06-08T10:41:09.919+0800: 2164221.599: [GC (Allocation Failure) [PSYoungGen: 514365K->3168K(517632K)] 887559K->378710K(1041920K), 0.0141187 secs] [Times: user=0.04 sys=0.00, real=0.02 secs] 
2021-06-08T10:41:33.432+0800: 2164245.112: [GC (Allocation Failure) [PSYoungGen: 512967K->4413K(517120K)] 888510K->382305K(1041408K), 0.0191005 secs] [Times: user=0.01 sys=0.03, real=0.01 secs] 
2021-06-08T10:41:59.279+0800: 2164270.958: [GC (Allocation Failure) [PSYoungGen: 514877K->2272K(517632K)] 892769K->382536K(1041920K), 0.0130971 secs] [Times: user=0.02 sys=0.02, real=0.01 secs] 
2021-06-08T10:42:22.985+0800: 2164294.665: [GC (Allocation Failure) [PSYoungGen: 512783K->4029K(517632K)] 893048K->385708K(1041920K), 0.0126578 secs] [Times: user=0.02 sys=0.02, real=0.01 secs] 
2021-06-08T10:42:47.574+0800: 2164319.254: [GC (Allocation Failure) [PSYoungGen: 513773K->3424K(517632K)] 895452K->386956K(1041920K), 0.0149942 secs] [Times: user=0.01 sys=0.03, real=0.01 secs] 
2021-06-08T10:43:09.935+0800: 2164341.615: [GC (Allocation Failure) [PSYoungGen: 514400K->1600K(517632K)] 897932K->387729K(1041920K), 0.0137883 secs] [Times: user=0.02 sys=0.02, real=0.01 secs] 
2021-06-08T10:43:33.385+0800: 2164365.065: [GC (Allocation Failure) [PSYoungGen: 512363K->2656K(518144K)] 898492K->389424K(1042432K), 0.0122498 secs] [Times: user=0.02 sys=0.02, real=0.01 secs] 
2021-06-08T10:43:59.635+0800: 2164391.315: [GC (Allocation Failure) [PSYoungGen: 514144K->4669K(517632K)] 900912K->393323K(1041920K), 0.0146625 secs] [Times: user=0.02 sys=0.02, real=0.01 secs] 
2021-06-08T10:44:23.063+0800: 2164414.743: [GC (Allocation Failure) [PSYoungGen: 515376K->3264K(518144K)] 904030K->394522K(1042432K), 0.0176613 secs] [Times: user=0.02 sys=0.02, real=0.01 secs] 
2021-06-08T10:44:47.861+0800: 2164439.541: [GC (Allocation Failure) [PSYoungGen: 514158K->2816K(517632K)] 905417K->396719K(1041920K), 0.0156240 secs] [Times: user=0.02 sys=0.02, real=0.02 secs] 
2021-06-08T10:45:09.919+0800: 2164461.598: [GC (Allocation Failure) [PSYoungGen: 513415K->2877K(518144K)] 907319K->398890K(1042432K), 0.0150175 secs] [Times: user=0.03 sys=0.00, real=0.02 secs] 
2021-06-08T10:45:33.713+0800: 2164485.393: [GC (Allocation Failure) [PSYoungGen: 514872K->2432K(518144K)] 910884K->399083K(1042432K), 0.0180985 secs] [Times: user=0.03 sys=0.03, real=0.01 secs] 
2021-06-08T10:46:00.049+0800: 2164511.728: [GC (Allocation Failure) [PSYoungGen: 514414K->3168K(518656K)] 911066K->401441K(1042944K), 0.0306107 secs] [Times: user=0.02 sys=0.02, real=0.03 secs] 
2021-06-08T10:46:23.839+0800: 2164535.519: [GC (Allocation Failure) [PSYoungGen: 514927K->2848K(518656K)] 913200K->403478K(1042944K), 0.0136755 secs] [Times: user=0.01 sys=0.03, real=0.02 secs] 
2021-06-08T10:46:48.178+0800: 2164559.857: [GC (Allocation Failure) [PSYoungGen: 515594K->3392K(519168K)] 916224K->406123K(1043456K), 0.0127375 secs] [Times: user=0.02 sys=0.01, real=0.01 secs] 
2021-06-08T10:47:10.729+0800: 2164582.409: [GC (Allocation Failure) [PSYoungGen: 516928K->2688K(518656K)] 919659K->408000K(1042944K), 0.0152855 secs] [Times: user=0.02 sys=0.02, real=0.02 secs] 
2021-06-08T10:47:34.623+0800: 2164606.303: [GC (Allocation Failure) [PSYoungGen: 515652K->4349K(518144K)] 920965K->411587K(1042432K), 0.0164955 secs] [Times: user=0.02 sys=0.02, real=0.01 secs] 
2021-06-08T10:48:00.964+0800: 2164632.643: [GC (Allocation Failure) [PSYoungGen: 516048K->5373K(518656K)] 923286K->414944K(1042944K), 0.0153367 secs] [Times: user=0.02 sys=0.03, real=0.01 secs] 
2021-06-08T10:48:24.749+0800: 2164656.429: [GC (Allocation Failure) [PSYoungGen: 518255K->2944K(517632K)] 927826K->415878K(1041920K), 0.0178347 secs] [Times: user=0.02 sys=0.02, real=0.02 secs] 
2021-06-08T10:48:48.526+0800: 2164680.205: [GC (Allocation Failure) [PSYoungGen: 514643K->4573K(518144K)] 927578K->419705K(1042432K), 0.0137709 secs] [Times: user=0.03 sys=0.02, real=0.01 secs] 
2021-06-08T10:49:11.424+0800: 2164703.104: [GC (Allocation Failure) [PSYoungGen: 515339K->3229K(518144K)] 930471K->420950K(1042432K), 0.0153532 secs] [Times: user=0.02 sys=0.02, real=0.01 secs] 
2021-06-08T10:49:35.096+0800: 2164726.776: [GC (Allocation Failure) [PSYoungGen: 514210K->4445K(518144K)] 931930K->423300K(1042432K), 0.0212812 secs] [Times: user=0.02 sys=0.02, real=0.02 secs] 
2021-06-08T10:50:01.451+0800: 2164753.130: [GC (Allocation Failure) [PSYoungGen: 515653K->4061K(518144K)] 934508K->425257K(1042432K), 0.0159948 secs] [Times: user=0.02 sys=0.03, real=0.02 secs] 
2021-06-08T10:50:25.279+0800: 2164776.958: [GC (Allocation Failure) [PSYoungGen: 515498K->4061K(518144K)] 936694K->427127K(1042432K), 0.0145571 secs] [Times: user=0.03 sys=0.02, real=0.02 secs] 
2021-06-08T10:50:48.988+0800: 2164800.668: [GC (Allocation Failure) [PSYoungGen: 515717K->3296K(518656K)] 938782K->428239K(1042944K), 0.0146115 secs] [Times: user=0.02 sys=0.03, real=0.02 secs] 
2021-06-08T10:51:12.121+0800: 2164823.800: [GC (Allocation Failure) [PSYoungGen: 515364K->3901K(518144K)] 940307K->431449K(1042432K), 0.0134209 secs] [Times: user=0.04 sys=0.00, real=0.02 secs] 
2021-06-08T10:51:35.807+0800: 2164847.486: [GC (Allocation Failure) [PSYoungGen: 516413K->2848K(518656K)] 943961K->432305K(1042944K), 0.0177851 secs] [Times: user=0.02 sys=0.02, real=0.02 secs] 
2021-06-08T10:52:01.915+0800: 2164873.594: [GC (Allocation Failure) [PSYoungGen: 515872K->3072K(518656K)] 945329K->434630K(1042944K), 0.0166666 secs] [Times: user=0.03 sys=0.02, real=0.01 secs] 
2021-06-08T10:52:25.560+0800: 2164897.239: [GC (Allocation Failure) [PSYoungGen: 515006K->3869K(518656K)] 946564K->437801K(1042944K), 0.0154728 secs] [Times: user=0.02 sys=0.02, real=0.02 secs] 
2021-06-08T10:52:49.369+0800: 2164921.048: [GC (Allocation Failure) [PSYoungGen: 515793K->2624K(518656K)] 949725K->438401K(1042944K), 0.0164917 secs] [Times: user=0.02 sys=0.02, real=0.02 secs] 
2021-06-08T10:53:12.407+0800: 2164944.087: [GC (Allocation Failure) [PSYoungGen: 514911K->4221K(518656K)] 950689K->441916K(1042944K), 0.0130895 secs] [Times: user=0.02 sys=0.02, real=0.01 secs] 
2021-06-08T10:53:35.932+0800: 2164967.611: [GC (Allocation Failure) [PSYoungGen: 516170K->2400K(518656K)] 953865K->442203K(1042944K), 0.0169674 secs] [Times: user=0.03 sys=0.03, real=0.02 secs] 
2021-06-08T10:54:02.483+0800: 2164994.162: [GC (Allocation Failure) [PSYoungGen: 515054K->5469K(517632K)] 954858K->446951K(1041920K), 0.0163789 secs] [Times: user=0.02 sys=0.03, real=0.01 secs] 
2021-06-08T10:55:25.968+0800: 2165077.648: [GC (Allocation Failure) [PSYoungGen: 517469K->6144K(518144K)] 958951K->453745K(1042432K), 0.0329646 secs] [Times: user=0.02 sys=0.02, real=0.03 secs] 
2021-06-08T10:58:56.141+0800: 2165287.821: [GC (Allocation Failure) [PSYoungGen: 518144K->6144K(498688K)] 965745K->470966K(1022976K), 0.0224400 secs] [Times: user=0.04 sys=0.03, real=0.03 secs] 
2021-06-08T11:02:22.280+0800: 2165493.959: [GC (Allocation Failure) [PSYoungGen: 498688K->15840K(508416K)] 963510K->486740K(1032704K), 0.0378145 secs] [Times: user=0.05 sys=0.05, real=0.04 secs] 
2021-06-08T11:05:50.495+0800: 2165702.175: [GC (Allocation Failure) [PSYoungGen: 508384K->15200K(496128K)] 979284K->497201K(1020416K), 0.0369221 secs] [Times: user=0.05 sys=0.04, real=0.03 secs] 
2021-06-08T11:09:15.639+0800: 2165907.318: [GC (Allocation Failure) [PSYoungGen: 495456K->15904K(496640K)] 977457K->508030K(1020928K), 0.0365033 secs] [Times: user=0.04 sys=0.04, real=0.04 secs] 
2021-06-08T11:12:35.250+0800: 2166106.929: [GC (Allocation Failure) [PSYoungGen: 496160K->19840K(495616K)] 988286K->521102K(1019904K), 0.0812518 secs] [Times: user=0.05 sys=0.05, real=0.08 secs] 
2021-06-08T11:15:51.470+0800: 2166303.150: [GC (Allocation Failure) [PSYoungGen: 491898K->18016K(490496K)] 993160K->530387K(1014784K), 0.0390031 secs] [Times: user=0.05 sys=0.04, real=0.04 secs] 
2021-06-08T11:15:51.509+0800: 2166303.189: [Full GC (Ergonomics) [PSYoungGen: 18016K->0K(490496K)] [ParOldGen: 512371K->321948K(524288K)] 530387K->321948K(1014784K), [Metaspace: 96517K->96517K(1138688K)], 0.5679302 secs] [Times: user=1.20 sys=0.00, real=0.57 secs] 
2021-06-08T11:19:11.704+0800: 2166503.384: [GC (Allocation Failure) [PSYoungGen: 472064K->15648K(497152K)] 794012K->337596K(1021440K), 0.0302803 secs] [Times: user=0.04 sys=0.04, real=0.03 secs] 
2021-06-08T11:22:28.505+0800: 2166700.185: [GC (Allocation Failure) [PSYoungGen: 485664K->16768K(486912K)] 807612K->349217K(1011200K), 0.0260421 secs] [Times: user=0.03 sys=0.04, real=0.02 secs] 
2021-06-08T11:25:47.113+0800: 2166898.792: [GC (Allocation Failure) [PSYoungGen: 486784K->17568K(495616K)] 819233K->362382K(1019904K), 0.0409011 secs] [Times: user=0.04 sys=0.05, real=0.04 secs] 
2021-06-08T11:29:06.275+0800: 2167097.955: [GC (Allocation Failure) [PSYoungGen: 485536K->15200K(496128K)] 830350K->371460K(1020416K), 0.0316957 secs] [Times: user=0.04 sys=0.04, real=0.03 secs] 
2021-06-08T11:32:24.102+0800: 2167295.781: [GC (Allocation Failure) [PSYoungGen: 483168K->15616K(497152K)] 839428K->382641K(1021440K), 0.0322225 secs] [Times: user=0.04 sys=0.05, real=0.04 secs] 
2021-06-08T11:35:40.473+0800: 2167492.153: [GC (Allocation Failure) [PSYoungGen: 485120K->17472K(496640K)] 852145K->394288K(1020928K), 0.0312084 secs] [Times: user=0.03 sys=0.04, real=0.03 secs] 
2021-06-08T11:38:57.372+0800: 2167689.052: [GC (Allocation Failure) [PSYoungGen: 486976K->18208K(496128K)] 863792K->405727K(1020416K), 0.0311356 secs] [Times: user=0.04 sys=0.05, real=0.04 secs] 
2021-06-08T11:42:11.762+0800: 2167883.441: [GC (Allocation Failure) [PSYoungGen: 487200K->19584K(488960K)] 874719K->418885K(1013248K), 0.0434823 secs] [Times: user=0.05 sys=0.05, real=0.05 secs] 
2021-06-08T11:45:29.615+0800: 2168081.294: [GC (Allocation Failure) [PSYoungGen: 488576K->16096K(496640K)] 887877K->426331K(1020928K), 0.0333720 secs] [Times: user=0.04 sys=0.03, real=0.03 secs] 
2021-06-08T11:48:46.931+0800: 2168278.611: [GC (Allocation Failure) [PSYoungGen: 484576K->16832K(496128K)] 894811K->437121K(1020416K), 0.0403175 secs] [Times: user=0.05 sys=0.05, real=0.04 secs] 
2021-06-08T11:52:04.209+0800: 2168475.889: [GC (Allocation Failure) [PSYoungGen: 485312K->15328K(498176K)] 905601K->446877K(1022464K), 0.0365504 secs] [Times: user=0.06 sys=0.04, real=0.04 secs] 
2021-06-08T11:55:22.276+0800: 2168673.955: [GC (Allocation Failure) [PSYoungGen: 486368K->16384K(497152K)] 917917K->458271K(1021440K), 0.0319031 secs] [Times: user=0.04 sys=0.05, real=0.03 secs] 
2021-06-08T11:58:40.970+0800: 2168872.650: [GC (Allocation Failure) [PSYoungGen: 487424K->14016K(499712K)] 929311K->466132K(1024000K), 0.0736675 secs] [Times: user=0.12 sys=0.00, real=0.08 secs] 
2021-06-08T12:02:00.318+0800: 2169071.998: [GC (Allocation Failure) [PSYoungGen: 488128K->15104K(498688K)] 940244K->477923K(1022976K), 0.0302995 secs] [Times: user=0.04 sys=0.04, real=0.03 secs] 
2021-06-08T12:05:18.907+0800: 2169270.587: [GC (Allocation Failure) [PSYoungGen: 489216K->14016K(501248K)] 952035K->486186K(1025536K), 0.0268656 secs] [Times: user=0.04 sys=0.04, real=0.03 secs] 
2021-06-08T12:08:36.599+0800: 2169468.278: [GC (Allocation Failure) [PSYoungGen: 491712K->18176K(500736K)] 963882K->500663K(1025024K), 0.0314990 secs] [Times: user=0.03 sys=0.04, real=0.03 secs] 
2021-06-08T12:11:59.856+0800: 2169671.536: [GC (Allocation Failure) [PSYoungGen: 495872K->15744K(501248K)] 978359K->509582K(1025536K), 0.0279968 secs] [Times: user=0.04 sys=0.04, real=0.03 secs] 
2021-06-08T12:15:22.356+0800: 2169874.035: [GC (Allocation Failure) [PSYoungGen: 493440K->17376K(500736K)] 987278K->521089K(1025024K), 0.0360806 secs] [Times: user=0.05 sys=0.05, real=0.03 secs] 
2021-06-08T12:18:45.637+0800: 2170077.317: [GC (Allocation Failure) [PSYoungGen: 495072K->13152K(501760K)] 998785K->527789K(1026048K), 0.0278893 secs] [Times: user=0.07 sys=0.00, real=0.03 secs] 
2021-06-08T12:18:45.666+0800: 2170077.345: [Full GC (Ergonomics) [PSYoungGen: 13152K->0K(501760K)] [ParOldGen: 514637K->305696K(524288K)] 527789K->305696K(1026048K), [Metaspace: 96517K->96517K(1138688K)], 0.4573626 secs] [Times: user=1.03 sys=0.00, real=0.46 secs] 
2021-06-08T12:22:07.289+0800: 2170278.969: [GC (Allocation Failure) [PSYoungGen: 478720K->16544K(501248K)] 784416K->322240K(1025536K), 0.0562800 secs] [Times: user=0.03 sys=0.03, real=0.06 secs] 
2021-06-08T12:25:27.905+0800: 2170479.585: [GC (Allocation Failure) [PSYoungGen: 495264K->15040K(502784K)] 800960K->331893K(1027072K), 0.0352592 secs] [Times: user=0.06 sys=0.04, real=0.03 secs] 
2021-06-08T12:28:52.696+0800: 2170684.376: [GC (Allocation Failure) [PSYoungGen: 495296K->17056K(501760K)] 812149K->343833K(1026048K), 0.0316916 secs] [Times: user=0.06 sys=0.00, real=0.03 secs] 
2021-06-08T12:32:14.491+0800: 2170886.170: [GC (Allocation Failure) [PSYoungGen: 497312K->14400K(502784K)] 824089K->352901K(1027072K), 0.0324005 secs] [Times: user=0.04 sys=0.03, real=0.04 secs] 
2021-06-08T12:35:38.698+0800: 2171090.378: [GC (Allocation Failure) [PSYoungGen: 495680K->16768K(502784K)] 834181K->365218K(1027072K), 0.0320105 secs] [Times: user=0.04 sys=0.04, real=0.03 secs] 
2021-06-08T12:39:01.452+0800: 2171293.131: [GC (Allocation Failure) [PSYoungGen: 498048K->15936K(503296K)] 846498K->374837K(1027584K), 0.0291957 secs] [Times: user=0.04 sys=0.03, real=0.03 secs] 
2021-06-08T12:42:27.709+0800: 2171499.389: [GC (Allocation Failure) [PSYoungGen: 497728K->13856K(502784K)] 856629K->383346K(1027072K), 0.0330543 secs] [Times: user=0.04 sys=0.04, real=0.04 secs] 
2021-06-08T12:45:50.465+0800: 2171702.145: [GC (Allocation Failure) [PSYoungGen: 495648K->16640K(503808K)] 865138K->395272K(1028096K), 0.0296088 secs] [Times: user=0.04 sys=0.05, real=0.03 secs] 
2021-06-08T12:49:15.147+0800: 2171906.826: [GC (Allocation Failure) [PSYoungGen: 499968K->14752K(503808K)] 878600K->405108K(1028096K), 0.0243619 secs] [Times: user=0.04 sys=0.04, real=0.02 secs] 
2021-06-08T12:52:40.208+0800: 2172111.888: [GC (Allocation Failure) [PSYoungGen: 498080K->16768K(503808K)] 888436K->417120K(1028096K), 0.0329460 secs] [Times: user=0.04 sys=0.04, real=0.03 secs] 
2021-06-08T12:56:02.131+0800: 2172313.811: [GC (Allocation Failure) [PSYoungGen: 500096K->18080K(501760K)] 900448K->428789K(1026048K), 0.0318776 secs] [Times: user=0.04 sys=0.04, real=0.04 secs] 
2021-06-08T12:59:21.494+0800: 2172513.174: [GC (Allocation Failure) [PSYoungGen: 501408K->18026K(503296K)] 912117K->439653K(1027584K), 0.0286581 secs] [Times: user=0.08 sys=0.00, real=0.03 secs] 
2021-06-08T13:02:45.532+0800: 2172717.211: [GC (Allocation Failure) [PSYoungGen: 500330K->17568K(503296K)] 921957K->450099K(1027584K), 0.0389746 secs] [Times: user=0.06 sys=0.04, real=0.04 secs] 
2021-06-08T13:06:08.048+0800: 2172919.727: [GC (Allocation Failure) [PSYoungGen: 499872K->16864K(503296K)] 932403K->459481K(1027584K), 0.0299975 secs] [Times: user=0.04 sys=0.03, real=0.03 secs] 
2021-06-08T13:09:32.722+0800: 2173124.401: [GC (Allocation Failure) [PSYoungGen: 499168K->17728K(503296K)] 941785K->470901K(1027584K), 0.0411128 secs] [Times: user=0.04 sys=0.04, real=0.05 secs] 
2021-06-08T13:12:55.330+0800: 2173327.009: [GC (Allocation Failure) [PSYoungGen: 500032K->15520K(503296K)] 953205K->479314K(1027584K), 0.0261885 secs] [Times: user=0.04 sys=0.04, real=0.03 secs] 
2021-06-08T13:16:15.533+0800: 2173527.212: [GC (Allocation Failure) [PSYoungGen: 497824K->16672K(503296K)] 961618K->490463K(1027584K), 0.0300182 secs] [Times: user=0.04 sys=0.04, real=0.03 secs] 
2021-06-08T13:19:37.454+0800: 2173729.134: [GC (Allocation Failure) [PSYoungGen: 498976K->16504K(504320K)] 972767K->501108K(1028608K), 0.0384009 secs] [Times: user=0.05 sys=0.05, real=0.04 secs] 
2021-06-08T13:23:02.131+0800: 2173933.811: [GC (Allocation Failure) [PSYoungGen: 500344K->17600K(503808K)] 984948K->513242K(1028096K), 0.0317843 secs] [Times: user=0.05 sys=0.04, real=0.04 secs] 
2021-06-08T13:26:23.237+0800: 2174134.917: [GC (Allocation Failure) [PSYoungGen: 501440K->18752K(503808K)] 997082K->524720K(1028096K), 0.0279865 secs] [Times: user=0.04 sys=0.04, real=0.03 secs] 
2021-06-08T13:29:45.871+0800: 2174337.550: [GC (Allocation Failure) [PSYoungGen: 502080K->16128K(503808K)] 1008048K->533341K(1028096K), 0.0333659 secs] [Times: user=0.04 sys=0.05, real=0.04 secs] 
2021-06-08T13:29:45.905+0800: 2174337.584: [Full GC (Ergonomics) [PSYoungGen: 16128K->0K(503808K)] [ParOldGen: 517213K->319138K(524288K)] 533341K->319138K(1028096K), [Metaspace: 96521K->96521K(1138688K)], 0.5535869 secs] [Times: user=1.22 sys=0.00, real=0.55 secs] 
2021-06-08T13:33:10.529+0800: 2174542.209: [GC (Allocation Failure) [PSYoungGen: 483328K->15904K(503808K)] 802466K->335042K(1028096K), 0.0253469 secs] [Times: user=0.03 sys=0.03, real=0.03 secs] 
2021-06-08T13:36:30.633+0800: 2174742.313: [GC (Allocation Failure) [PSYoungGen: 499232K->19968K(503808K)] 818370K->349776K(1028096K), 0.0337290 secs] [Times: user=0.04 sys=0.04, real=0.03 secs] 
2021-06-08T13:39:54.332+0800: 2174946.012: [GC (Allocation Failure) [PSYoungGen: 503296K->17536K(502784K)] 833104K->359406K(1027072K), 0.0301230 secs] [Times: user=0.04 sys=0.04, real=0.04 secs] 
2021-06-08T13:43:15.322+0800: 2175147.002: [GC (Allocation Failure) [PSYoungGen: 499840K->18080K(503296K)] 841710K->370460K(1027584K), 0.0328291 secs] [Times: user=0.04 sys=0.05, real=0.03 secs] 
2021-06-08T13:46:32.852+0800: 2175344.531: [GC (Allocation Failure) [PSYoungGen: 500384K->18794K(502272K)] 852764K->383307K(1026560K), 0.0354551 secs] [Times: user=0.05 sys=0.05, real=0.04 secs] 
2021-06-08T13:49:58.138+0800: 2175549.818: [GC (Allocation Failure) [PSYoungGen: 500074K->15840K(502784K)] 864587K->392016K(1027072K), 0.0387615 secs] [Times: user=0.05 sys=0.05, real=0.04 secs] 
2021-06-08T13:53:20.786+0800: 2175752.466: [GC (Allocation Failure) [PSYoungGen: 497120K->16544K(503296K)] 873296K->402853K(1027584K), 0.0308712 secs] [Times: user=0.04 sys=0.04, real=0.03 secs] 
2021-06-08T13:56:42.831+0800: 2175954.510: [GC (Allocation Failure) [PSYoungGen: 498848K->18624K(503296K)] 885157K->415596K(1027584K), 0.0311223 secs] [Times: user=0.04 sys=0.05, real=0.04 secs] 
2021-06-08T14:00:05.368+0800: 2176157.048: [GC (Allocation Failure) [PSYoungGen: 500928K->17376K(503296K)] 897900K->426050K(1027584K), 0.0312298 secs] [Times: user=0.03 sys=0.04, real=0.03 secs] 
2021-06-08T14:03:28.479+0800: 2176360.159: [GC (Allocation Failure) [PSYoungGen: 499680K->15744K(503296K)] 908354K->434904K(1027584K), 0.0302890 secs] [Times: user=0.05 sys=0.04, real=0.03 secs] 
2021-06-08T14:06:48.737+0800: 2176560.417: [GC (Allocation Failure) [PSYoungGen: 498048K->14976K(503808K)] 917208K->445629K(1028096K), 0.0348116 secs] [Times: user=0.05 sys=0.05, real=0.04 secs] 
2021-06-08T14:10:10.001+0800: 2176761.681: [GC (Allocation Failure) [PSYoungGen: 498304K->15744K(503808K)] 928957K->456235K(1028096K), 0.0801954 secs] [Times: user=0.07 sys=0.06, real=0.08 secs] 
2021-06-08T14:13:31.672+0800: 2176963.352: [GC (Allocation Failure) [PSYoungGen: 499072K->16576K(503808K)] 939563K->468113K(1028096K), 0.0327561 secs] [Times: user=0.04 sys=0.04, real=0.03 secs] 
2021-06-08T14:16:54.144+0800: 2177165.824: [GC (Allocation Failure) [PSYoungGen: 499904K->17024K(503808K)] 951441K->478718K(1028096K), 0.0327512 secs] [Times: user=0.05 sys=0.04, real=0.03 secs] 
2021-06-08T14:20:18.066+0800: 2177369.746: [GC (Allocation Failure) [PSYoungGen: 500352K->15264K(504320K)] 962046K->486884K(1028608K), 0.0339762 secs] [Times: user=0.05 sys=0.05, real=0.03 secs] 
2021-06-08T14:23:42.307+0800: 2177573.986: [GC (Allocation Failure) [PSYoungGen: 499616K->16416K(504320K)] 971236K->497793K(1028608K), 0.0338365 secs] [Times: user=0.04 sys=0.04, real=0.03 secs] 
2021-06-08T14:27:04.078+0800: 2177775.757: [GC (Allocation Failure) [PSYoungGen: 500768K->15744K(504832K)] 982145K->507997K(1029120K), 0.0296759 secs] [Times: user=0.05 sys=0.04, real=0.03 secs] 
2021-06-08T14:30:30.149+0800: 2177981.829: [GC (Allocation Failure) [PSYoungGen: 501120K->14464K(504832K)] 993373K->517730K(1029120K), 0.0338713 secs] [Times: user=0.04 sys=0.05, real=0.04 secs] 
2021-06-08T14:33:54.385+0800: 2178186.064: [GC (Allocation Failure) [PSYoungGen: 499840K->17408K(503808K)] 1003106K->529239K(1028096K), 0.0379845 secs] [Times: user=0.05 sys=0.05, real=0.04 secs] 
2021-06-08T14:33:54.423+0800: 2178186.103: [Full GC (Ergonomics) [PSYoungGen: 17408K->0K(503808K)] [ParOldGen: 511831K->310734K(524288K)] 529239K->310734K(1028096K), [Metaspace: 96521K->96517K(1138688K)], 0.5726905 secs] [Times: user=0.60 sys=0.57, real=0.57 secs] 
2021-06-08T14:37:18.464+0800: 2178390.144: [GC (Allocation Failure) [PSYoungGen: 484352K->17312K(504320K)] 795086K->328046K(1028608K), 0.0332556 secs] [Times: user=0.03 sys=0.03, real=0.03 secs] 
2021-06-08T14:40:40.785+0800: 2178592.464: [GC (Allocation Failure) [PSYoungGen: 501664K->14848K(504320K)] 812398K->336556K(1028608K), 0.0336557 secs] [Times: user=0.05 sys=0.05, real=0.03 secs] 
2021-06-08T14:44:05.982+0800: 2178797.662: [GC (Allocation Failure) [PSYoungGen: 499200K->16224K(504320K)] 820908K->347745K(1028608K), 0.0378363 secs] [Times: user=0.05 sys=0.05, real=0.03 secs] 
2021-06-08T14:47:31.338+0800: 2179003.018: [GC (Allocation Failure) [PSYoungGen: 500576K->16672K(504832K)] 832097K->357823K(1029120K), 0.0316605 secs] [Times: user=0.04 sys=0.05, real=0.03 secs] 
2021-06-08T14:50:56.666+0800: 2179208.346: [GC (Allocation Failure) [PSYoungGen: 502048K->12800K(504832K)] 843199K->366056K(1029120K), 0.0294755 secs] [Times: user=0.04 sys=0.04, real=0.03 secs] 
2021-06-08T14:54:21.905+0800: 2179413.584: [GC (Allocation Failure) [PSYoungGen: 498176K->15808K(504832K)] 851432K->377861K(1029120K), 0.0291050 secs] [Times: user=0.04 sys=0.04, real=0.03 secs] 
2021-06-08T14:57:45.934+0800: 2179617.614: [GC (Allocation Failure) [PSYoungGen: 501184K->15936K(504832K)] 863237K->388059K(1029120K), 0.0346304 secs] [Times: user=0.04 sys=0.04, real=0.03 secs] 
2021-06-08T15:01:11.474+0800: 2179823.154: [GC (Allocation Failure) [PSYoungGen: 501312K->18240K(504320K)] 873435K->400824K(1028608K), 0.0372358 secs] [Times: user=0.05 sys=0.05, real=0.03 secs] 
2021-06-08T15:04:37.061+0800: 2180028.741: [GC (Allocation Failure) [PSYoungGen: 503616K->18208K(503808K)] 886200K->410167K(1028096K), 0.0365240 secs] [Times: user=0.05 sys=0.05, real=0.04 secs] 
2021-06-08T15:08:02.080+0800: 2180233.759: [GC (Allocation Failure) [PSYoungGen: 503584K->14784K(504320K)] 895543K->417077K(1028608K), 0.0268247 secs] [Times: user=0.03 sys=0.04, real=0.03 secs] 
2021-06-08T15:11:23.930+0800: 2180435.609: [GC (Allocation Failure) [PSYoungGen: 499136K->19040K(503808K)] 901429K->431466K(1028096K), 0.0866320 secs] [Times: user=0.04 sys=0.04, real=0.09 secs] 
2021-06-08T15:14:49.002+0800: 2180640.681: [GC (Allocation Failure) [PSYoungGen: 503392K->15872K(503808K)] 915818K->439622K(1028096K), 0.0519157 secs] [Times: user=0.06 sys=0.06, real=0.06 secs] 
2021-06-08T15:18:14.600+0800: 2180846.280: [GC (Allocation Failure) [PSYoungGen: 499200K->15456K(503808K)] 922950K->449649K(1028096K), 0.0304056 secs] [Times: user=0.05 sys=0.04, real=0.03 secs] 
2021-06-08T15:21:39.993+0800: 2181051.672: [GC (Allocation Failure) [PSYoungGen: 498784K->16928K(504320K)] 932977K->461703K(1028608K), 0.0873296 secs] [Times: user=0.07 sys=0.07, real=0.08 secs] 
2021-06-08T15:25:02.381+0800: 2181254.061: [GC (Allocation Failure) [PSYoungGen: 501280K->16384K(504320K)] 946055K->472212K(1028608K), 0.0355610 secs] [Times: user=0.04 sys=0.05, real=0.04 secs] 
2021-06-08T15:28:29.758+0800: 2181461.438: [GC (Allocation Failure) [PSYoungGen: 500736K->14208K(503808K)] 956564K->480361K(1028096K), 0.0497442 secs] [Times: user=0.05 sys=0.04, real=0.05 secs] 
2021-06-08T15:31:52.575+0800: 2181664.255: [GC (Allocation Failure) [PSYoungGen: 498560K->17888K(504320K)] 964713K->491871K(1028608K), 0.0307791 secs] [Times: user=0.04 sys=0.05, real=0.03 secs] 
2021-06-08T15:35:16.868+0800: 2181868.548: [GC (Allocation Failure) [PSYoungGen: 502240K->15488K(504320K)] 976223K->500220K(1028608K), 0.0394269 secs] [Times: user=0.04 sys=0.05, real=0.04 secs] 
2021-06-08T15:38:37.612+0800: 2182069.291: [GC (Allocation Failure) [PSYoungGen: 499840K->18432K(503296K)] 984572K->513529K(1027584K), 0.0289858 secs] [Times: user=0.04 sys=0.04, real=0.03 secs] 
2021-06-08T15:42:04.516+0800: 2182276.196: [GC (Allocation Failure) [PSYoungGen: 502784K->15744K(504320K)] 997881K->523270K(1028608K), 0.0934168 secs] [Times: user=0.06 sys=0.05, real=0.09 secs] 
2021-06-08T15:45:30.470+0800: 2182482.150: [GC (Allocation Failure) [PSYoungGen: 499584K->15072K(503808K)] 1007110K->531972K(1028096K), 0.0311054 secs] [Times: user=0.04 sys=0.04, real=0.03 secs] 
2021-06-08T15:45:30.502+0800: 2182482.182: [Full GC (Ergonomics) [PSYoungGen: 15072K->0K(503808K)] [ParOldGen: 516900K->317138K(524288K)] 531972K->317138K(1028096K), [Metaspace: 96522K->96522K(1138688K)], 0.5230336 secs] [Times: user=0.58 sys=0.54, real=0.53 secs] 
2021-06-08T15:48:53.186+0800: 2182684.866: [GC (Allocation Failure) [PSYoungGen: 483840K->16640K(504320K)] 800978K->333778K(1028608K), 0.0290080 secs] [Times: user=0.03 sys=0.04, real=0.03 secs] 
2021-06-08T15:52:17.715+0800: 2182889.394: [GC (Allocation Failure) [PSYoungGen: 500992K->15584K(504320K)] 818130K->344453K(1028608K), 0.0263880 secs] [Times: user=0.04 sys=0.03, real=0.02 secs] 
2021-06-08T15:55:42.974+0800: 2183094.653: [GC (Allocation Failure) [PSYoungGen: 499936K->14016K(504832K)] 828805K->353615K(1029120K), 0.0293135 secs] [Times: user=0.04 sys=0.04, real=0.03 secs] 
2021-06-08T15:59:05.611+0800: 2183297.290: [GC (Allocation Failure) [PSYoungGen: 499392K->17792K(503296K)] 838991K->366562K(1027584K), 0.0322668 secs] [Times: user=0.05 sys=0.04, real=0.04 secs] 
2021-06-08T16:02:29.539+0800: 2183501.219: [GC (Allocation Failure) [PSYoungGen: 503168K->14560K(504320K)] 851938K->373400K(1028608K), 0.0287933 secs] [Times: user=0.05 sys=0.04, real=0.03 secs] 
2021-06-08T16:05:53.764+0800: 2183705.443: [GC (Allocation Failure) [PSYoungGen: 498912K->18240K(502784K)] 857752K->387013K(1027072K), 0.0315187 secs] [Times: user=0.04 sys=0.05, real=0.03 secs] 
2021-06-08T16:09:17.964+0800: 2183909.644: [GC (Allocation Failure) [PSYoungGen: 502592K->17760K(503808K)] 871365K->398804K(1028096K), 0.0297726 secs] [Times: user=0.04 sys=0.04, real=0.03 secs] 
2021-06-08T16:12:40.478+0800: 2184112.157: [GC (Allocation Failure) [PSYoungGen: 501088K->15712K(503808K)] 882132K->407569K(1028096K), 0.0290657 secs] [Times: user=0.04 sys=0.03, real=0.03 secs] 
2021-06-08T16:16:04.550+0800: 2184316.230: [GC (Allocation Failure) [PSYoungGen: 499040K->15520K(504320K)] 890897K->416655K(1028608K), 0.0278388 secs] [Times: user=0.04 sys=0.03, real=0.03 secs] 
2021-06-08T16:19:25.806+0800: 2184517.485: [GC (Allocation Failure) [PSYoungGen: 499360K->17344K(503808K)] 900495K->429060K(1028096K), 0.0371398 secs] [Times: user=0.04 sys=0.04, real=0.04 secs] 
2021-06-08T16:22:48.843+0800: 2184720.522: [GC (Allocation Failure) [PSYoungGen: 501184K->16384K(504320K)] 912900K->440050K(1028608K), 0.0304470 secs] [Times: user=0.04 sys=0.04, real=0.03 secs] 
2021-06-08T16:26:11.532+0800: 2184923.212: [GC (Allocation Failure) [PSYoungGen: 500736K->14688K(504320K)] 924402K->450535K(1028608K), 0.0311498 secs] [Times: user=0.04 sys=0.04, real=0.03 secs] 
2021-06-08T16:29:36.842+0800: 2185128.522: [GC (Allocation Failure) [PSYoungGen: 499040K->16864K(504832K)] 934887K->462022K(1029120K), 0.0313405 secs] [Times: user=0.05 sys=0.04, real=0.04 secs] 
2021-06-08T16:33:00.884+0800: 2185332.564: [GC (Allocation Failure) [PSYoungGen: 501728K->15360K(504320K)] 946886K->471795K(1028608K), 0.0282028 secs] [Times: user=0.04 sys=0.04, real=0.03 secs] 
2021-06-08T16:36:21.705+0800: 2185533.385: [GC (Allocation Failure) [PSYoungGen: 500224K->18496K(503808K)] 956659K->483768K(1028096K), 0.0297352 secs] [Times: user=0.05 sys=0.04, real=0.03 secs] 
2021-06-08T16:39:48.111+0800: 2185739.790: [GC (Allocation Failure) [PSYoungGen: 502848K->15840K(504320K)] 968120K->492813K(1028608K), 0.0265158 secs] [Times: user=0.04 sys=0.04, real=0.03 secs] 
2021-06-08T16:43:14.718+0800: 2185946.398: [GC (Allocation Failure) [PSYoungGen: 500192K->14176K(504320K)] 977165K->500793K(1028608K), 0.0309838 secs] [Times: user=0.05 sys=0.05, real=0.03 secs] 
2021-06-08T16:46:39.259+0800: 2186150.939: [GC (Allocation Failure) [PSYoungGen: 498527K->16416K(504320K)] 985144K->513111K(1028608K), 0.0335255 secs] [Times: user=0.05 sys=0.05, real=0.04 secs] 
2021-06-08T16:50:02.423+0800: 2186354.103: [GC (Allocation Failure) [PSYoungGen: 500768K->15680K(504832K)] 997463K->523435K(1029120K), 0.0326029 secs] [Times: user=0.05 sys=0.05, real=0.03 secs] 
2021-06-08T16:53:27.444+0800: 2186559.123: [GC (Allocation Failure) [PSYoungGen: 501056K->16416K(504832K)] 1008811K->533617K(1029120K), 0.0283957 secs] [Times: user=0.04 sys=0.04, real=0.03 secs] 
2021-06-08T16:53:27.473+0800: 2186559.152: [Full GC (Ergonomics) [PSYoungGen: 16416K->0K(504832K)] [ParOldGen: 517201K->311966K(524288K)] 533617K->311966K(1029120K), [Metaspace: 96525K->96525K(1138688K)], 0.4509511 secs] [Times: user=0.51 sys=0.48, real=0.45 secs] 
2021-06-08T16:56:51.395+0800: 2186763.075: [GC (Allocation Failure) [PSYoungGen: 485376K->16416K(505344K)] 797342K->328382K(1029632K), 0.0245135 secs] [Times: user=0.03 sys=0.03, real=0.02 secs] 
2021-06-08T17:00:17.319+0800: 2186968.999: [GC (Allocation Failure) [PSYoungGen: 502816K->17632K(504320K)] 814782K->341060K(1028608K), 0.0307220 secs] [Times: user=0.04 sys=0.03, real=0.03 secs] 
2021-06-08T17:03:43.141+0800: 2187174.821: [GC (Allocation Failure) [PSYoungGen: 504032K->15968K(505344K)] 827460K->351472K(1029632K), 0.0476779 secs] [Times: user=0.04 sys=0.05, real=0.05 secs] 
2021-06-08T17:07:09.176+0800: 2187380.855: [GC (Allocation Failure) [PSYoungGen: 501856K->15968K(504832K)] 837360K->363484K(1029120K), 0.0272773 secs] [Times: user=0.04 sys=0.04, real=0.03 secs] 
2021-06-08T17:10:32.125+0800: 2187583.805: [GC (Allocation Failure) [PSYoungGen: 501856K->16576K(505344K)] 849372K->374449K(1029632K), 0.0326884 secs] [Times: user=0.04 sys=0.03, real=0.03 secs] 
2021-06-08T17:13:55.460+0800: 2187787.140: [GC (Allocation Failure) [PSYoungGen: 502976K->13984K(505344K)] 860849K->382630K(1029632K), 0.0286237 secs] [Times: user=0.04 sys=0.04, real=0.03 secs] 
2021-06-08T17:17:19.334+0800: 2187991.014: [GC (Allocation Failure) [PSYoungGen: 500384K->14528K(505344K)] 869030K->393842K(1029632K), 0.0282048 secs] [Times: user=0.04 sys=0.04, real=0.03 secs] 
2021-06-08T17:20:41.625+0800: 2188193.305: [GC (Allocation Failure) [PSYoungGen: 500928K->16928K(505344K)] 880242K->406009K(1029632K), 0.0279637 secs] [Times: user=0.04 sys=0.04, real=0.03 secs] 
2021-06-08T17:24:06.120+0800: 2188397.799: [GC (Allocation Failure) [PSYoungGen: 503328K->17024K(505344K)] 892409K->417367K(1029632K), 0.0726062 secs] [Times: user=0.05 sys=0.04, real=0.08 secs] 
2021-06-08T17:27:29.733+0800: 2188601.412: [GC (Allocation Failure) [PSYoungGen: 503424K->16832K(505344K)] 903767K->427710K(1029632K), 0.0349403 secs] [Times: user=0.09 sys=0.00, real=0.03 secs] 
2021-06-08T17:30:55.033+0800: 2188806.713: [GC (Allocation Failure) [PSYoungGen: 503232K->16160K(505344K)] 914110K->438091K(1029632K), 0.0343719 secs] [Times: user=0.05 sys=0.04, real=0.03 secs] 
2021-06-08T17:34:16.592+0800: 2189008.271: [GC (Allocation Failure) [PSYoungGen: 502560K->18560K(505344K)] 924491K->450192K(1029632K), 0.0362161 secs] [Times: user=0.05 sys=0.05, real=0.04 secs] 
2021-06-08T17:37:41.895+0800: 2189213.575: [GC (Allocation Failure) [PSYoungGen: 504960K->17632K(504320K)] 936592K->460525K(1028608K), 0.0372264 secs] [Times: user=0.05 sys=0.04, real=0.04 secs] 
2021-06-08T17:41:06.486+0800: 2189418.166: [GC (Allocation Failure) [PSYoungGen: 503008K->15968K(504832K)] 945901K->469489K(1029120K), 0.0528477 secs] [Times: user=0.04 sys=0.04, real=0.05 secs] 
2021-06-08T17:44:30.324+0800: 2189622.004: [GC (Allocation Failure) [PSYoungGen: 501344K->15712K(504832K)] 954865K->480614K(1029120K), 0.0285817 secs] [Times: user=0.04 sys=0.03, real=0.03 secs] 
2021-06-08T17:47:49.992+0800: 2189821.672: [GC (Allocation Failure) [PSYoungGen: 501088K->17696K(504832K)] 965990K->492404K(1029120K), 0.0289409 secs] [Times: user=0.04 sys=0.04, real=0.03 secs] 
2021-06-08T17:51:14.897+0800: 2190026.576: [GC (Allocation Failure) [PSYoungGen: 503072K->12960K(503808K)] 977780K->499039K(1028096K), 0.0264992 secs] [Times: user=0.04 sys=0.04, real=0.03 secs] 
2021-06-08T17:54:38.194+0800: 2190229.873: [GC (Allocation Failure) [PSYoungGen: 497312K->13824K(504320K)] 983391K->509844K(1028608K), 0.0313088 secs] [Times: user=0.09 sys=0.00, real=0.03 secs] 
2021-06-08T17:58:03.489+0800: 2190435.169: [GC (Allocation Failure) [PSYoungGen: 498176K->15872K(504832K)] 994196K->520993K(1029120K), 0.0269843 secs] [Times: user=0.04 sys=0.04, real=0.03 secs] 
2021-06-08T18:01:29.211+0800: 2190640.890: [GC (Allocation Failure) [PSYoungGen: 500736K->15552K(504320K)] 1005857K->531717K(1028608K), 0.0288082 secs] [Times: user=0.04 sys=0.04, real=0.03 secs] 
2021-06-08T18:01:29.240+0800: 2190640.920: [Full GC (Ergonomics) [PSYoungGen: 15552K->0K(504320K)] [ParOldGen: 516165K->315678K(524288K)] 531717K->315678K(1028608K), [Metaspace: 96525K->96521K(1138688K)], 0.4953442 secs] [Times: user=1.01 sys=0.00, real=0.50 secs] 
2021-06-08T18:04:53.139+0800: 2190844.819: [GC (Allocation Failure) [PSYoungGen: 484864K->19424K(502784K)] 800542K->335190K(1027072K), 0.0277963 secs] [Times: user=0.04 sys=0.04, real=0.03 secs] 
2021-06-08T18:08:18.113+0800: 2191049.793: [GC (Allocation Failure) [PSYoungGen: 502752K->16064K(503808K)] 818518K->346362K(1028096K), 0.0326423 secs] [Times: user=0.04 sys=0.03, real=0.03 secs] 
2021-06-08T18:11:38.903+0800: 2191250.582: [GC (Allocation Failure) [PSYoungGen: 499392K->15456K(504320K)] 829690K->355711K(1028608K), 0.0302893 secs] [Times: user=0.04 sys=0.05, real=0.03 secs] 
2021-06-08T18:15:00.877+0800: 2191452.556: [GC (Allocation Failure) [PSYoungGen: 499808K->15808K(504320K)] 840063K->365956K(1028608K), 0.0260815 secs] [Times: user=0.04 sys=0.04, real=0.03 secs] 
2021-06-08T18:18:24.116+0800: 2191655.795: [GC (Allocation Failure) [PSYoungGen: 500160K->15200K(504832K)] 850308K->375057K(1029120K), 0.0311232 secs] [Times: user=0.04 sys=0.04, real=0.03 secs] 
2021-06-08T18:21:50.852+0800: 2191862.532: [GC (Allocation Failure) [PSYoungGen: 500576K->16192K(504832K)] 860433K->385542K(1029120K), 0.0282334 secs] [Times: user=0.04 sys=0.04, real=0.02 secs] 
2021-06-08T18:25:14.459+0800: 2192066.139: [GC (Allocation Failure) [PSYoungGen: 501568K->17472K(504320K)] 870918K->398548K(1028608K), 0.0427269 secs] [Times: user=0.04 sys=0.04, real=0.05 secs] 
2021-06-08T18:28:39.106+0800: 2192270.786: [GC (Allocation Failure) [PSYoungGen: 502848K->16128K(504832K)] 883924K->407809K(1029120K), 0.0301057 secs] [Times: user=0.04 sys=0.04, real=0.03 secs] 
2021-06-08T18:32:02.274+0800: 2192473.954: [GC (Allocation Failure) [PSYoungGen: 501504K->17120K(505344K)] 893185K->420118K(1029632K), 0.0285228 secs] [Times: user=0.08 sys=0.00, real=0.03 secs] 
2021-06-08T18:35:27.560+0800: 2192679.240: [GC (Allocation Failure) [PSYoungGen: 503520K->14080K(500736K)] 906518K->427905K(1025024K), 0.0268602 secs] [Times: user=0.03 sys=0.03, real=0.03 secs] 
2021-06-08T18:38:54.911+0800: 2192886.590: [GC (Allocation Failure) [PSYoungGen: 500480K->16864K(504832K)] 914305K->439301K(1029120K), 0.0276803 secs] [Times: user=0.04 sys=0.04, real=0.03 secs] 
2021-06-08T18:42:20.376+0800: 2193092.056: [GC (Allocation Failure) [PSYoungGen: 502240K->17152K(504832K)] 924677K->450115K(1029120K), 0.0279744 secs] [Times: user=0.04 sys=0.04, real=0.03 secs] 
2021-06-08T18:45:43.087+0800: 2193294.766: [GC (Allocation Failure) [PSYoungGen: 502528K->16064K(505344K)] 935491K->460032K(1029632K), 0.0267019 secs] [Times: user=0.04 sys=0.03, real=0.03 secs] 
2021-06-08T18:49:07.510+0800: 2193499.189: [GC (Allocation Failure) [PSYoungGen: 501952K->17920K(504832K)] 945920K->471015K(1029120K), 0.0444528 secs] [Times: user=0.04 sys=0.04, real=0.05 secs] 
2021-06-08T18:52:30.742+0800: 2193702.422: [GC (Allocation Failure) [PSYoungGen: 503808K->16192K(504832K)] 956903K->479789K(1029120K), 0.0293210 secs] [Times: user=0.04 sys=0.04, real=0.03 secs] 
2021-06-08T18:55:56.773+0800: 2193908.453: [GC (Allocation Failure) [PSYoungGen: 501568K->15232K(504832K)] 965165K->489378K(1029120K), 0.0344060 secs] [Times: user=0.04 sys=0.04, real=0.03 secs] 
2021-06-08T18:59:16.778+0800: 2194108.458: [GC (Allocation Failure) [PSYoungGen: 500608K->15946K(505344K)] 974754K->499449K(1029632K), 0.0278343 secs] [Times: user=0.05 sys=0.04, real=0.03 secs] 
2021-06-08T19:02:39.741+0800: 2194311.421: [GC (Allocation Failure) [PSYoungGen: 502346K->17568K(505344K)] 985849K->513150K(1029632K), 0.0314570 secs] [Times: user=0.04 sys=0.05, real=0.04 secs] 
2021-06-08T19:06:03.456+0800: 2194515.136: [GC (Allocation Failure) [PSYoungGen: 503968K->15968K(505344K)] 999550K->521931K(1029632K), 0.0317785 secs] [Times: user=0.04 sys=0.04, real=0.03 secs] 
2021-06-08T19:09:28.959+0800: 2194720.639: [GC (Allocation Failure) [PSYoungGen: 502368K->17536K(504320K)] 1008331K->532672K(1028608K), 0.0385868 secs] [Times: user=0.05 sys=0.05, real=0.04 secs] 
2021-06-08T19:09:28.998+0800: 2194720.678: [Full GC (Ergonomics) [PSYoungGen: 17536K->0K(504320K)] [ParOldGen: 515136K->314775K(524288K)] 532672K->314775K(1028608K), [Metaspace: 96525K->96525K(1138688K)], 0.5297205 secs] [Times: user=0.59 sys=0.54, real=0.53 secs] 
2021-06-08T19:12:51.934+0800: 2194923.614: [GC (Allocation Failure) [PSYoungGen: 486400K->16736K(505344K)] 801175K->331511K(1029632K), 0.0283038 secs] [Times: user=0.03 sys=0.03, real=0.03 secs] 
2021-06-08T19:16:13.582+0800: 2195125.261: [GC (Allocation Failure) [PSYoungGen: 502624K->16288K(504832K)] 817399K->342755K(1029120K), 0.0291164 secs] [Times: user=0.05 sys=0.04, real=0.03 secs] 
2021-06-08T19:19:39.298+0800: 2195330.978: [GC (Allocation Failure) [PSYoungGen: 502176K->15424K(505344K)] 828643K->353455K(1029632K), 0.0278462 secs] [Times: user=0.04 sys=0.03, real=0.03 secs] 
2021-06-08T19:23:06.275+0800: 2195537.954: [GC (Allocation Failure) [PSYoungGen: 501824K->15744K(505344K)] 839855K->363988K(1029632K), 0.0315906 secs] [Times: user=0.04 sys=0.04, real=0.03 secs] 
2021-06-08T19:26:32.942+0800: 2195744.622: [GC (Allocation Failure) [PSYoungGen: 502136K->15232K(505856K)] 850380K->373185K(1030144K), 0.0256281 secs] [Times: user=0.03 sys=0.03, real=0.02 secs] 
2021-06-08T19:29:58.154+0800: 2195949.834: [GC (Allocation Failure) [PSYoungGen: 502144K->15392K(505344K)] 860097K->384374K(1029632K), 0.0273348 secs] [Times: user=0.03 sys=0.03, real=0.02 secs] 
2021-06-08T19:33:23.047+0800: 2196154.727: [GC (Allocation Failure) [PSYoungGen: 502304K->15488K(505856K)] 871286K->395043K(1030144K), 0.0550078 secs] [Times: user=0.03 sys=0.04, real=0.06 secs] 
2021-06-08T19:36:48.111+0800: 2196359.791: [GC (Allocation Failure) [PSYoungGen: 502912K->17248K(504832K)] 882467K->407353K(1029120K), 0.0321141 secs] [Times: user=0.04 sys=0.03, real=0.04 secs] 
2021-06-08T19:40:11.017+0800: 2196562.696: [GC (Allocation Failure) [PSYoungGen: 504672K->17056K(505344K)] 894777K->418582K(1029632K), 0.0272189 secs] [Times: user=0.03 sys=0.04, real=0.03 secs] 
2021-06-08T19:43:34.904+0800: 2196766.583: [GC (Allocation Failure) [PSYoungGen: 503456K->14688K(505344K)] 904982K->426546K(1029632K), 0.0278725 secs] [Times: user=0.04 sys=0.04, real=0.02 secs] 
2021-06-08T19:46:58.711+0800: 2196970.391: [GC (Allocation Failure) [PSYoungGen: 501088K->17056K(505344K)] 912946K->438296K(1029632K), 0.0293256 secs] [Times: user=0.04 sys=0.04, real=0.03 secs] 
2021-06-08T19:50:24.726+0800: 2197176.405: [GC (Allocation Failure) [PSYoungGen: 503456K->18656K(505344K)] 924696K->451271K(1029632K), 0.0264276 secs] [Times: user=0.04 sys=0.04, real=0.03 secs] 
2021-06-08T19:53:53.311+0800: 2197384.990: [GC (Allocation Failure) [PSYoungGen: 505056K->15616K(504320K)] 937671K->461293K(1028608K), 0.0396536 secs] [Times: user=0.06 sys=0.05, real=0.04 secs] 
2021-06-08T19:57:16.423+0800: 2197588.103: [GC (Allocation Failure) [PSYoungGen: 500992K->17024K(504832K)] 946669K->473817K(1029120K), 0.0384618 secs] [Times: user=0.06 sys=0.05, real=0.03 secs] 
2021-06-08T20:00:41.705+0800: 2197793.385: [GC (Allocation Failure) [PSYoungGen: 502400K->14688K(504832K)] 959193K->483262K(1029120K), 0.0441163 secs] [Times: user=0.05 sys=0.05, real=0.04 secs] 
2021-06-08T20:04:05.935+0800: 2197997.614: [GC (Allocation Failure) [PSYoungGen: 500064K->19328K(504832K)] 968638K->496389K(1029120K), 0.0344573 secs] [Times: user=0.05 sys=0.05, real=0.03 secs] 
2021-06-08T20:07:31.126+0800: 2198202.806: [GC (Allocation Failure) [PSYoungGen: 504704K->15168K(503808K)] 981765K->504473K(1028096K), 0.0852562 secs] [Times: user=0.04 sys=0.03, real=0.08 secs] 
2021-06-08T20:10:54.766+0800: 2198406.446: [GC (Allocation Failure) [PSYoungGen: 499520K->15840K(504320K)] 988825K->514646K(1028608K), 0.0300744 secs] [Times: user=0.04 sys=0.04, real=0.03 secs] 
2021-06-08T20:14:16.779+0800: 2198608.458: [GC (Allocation Failure) [PSYoungGen: 500192K->16480K(504832K)] 998998K->526068K(1029120K), 0.0280968 secs] [Times: user=0.04 sys=0.04, real=0.03 secs] 
2021-06-08T20:17:40.736+0800: 2198812.415: [GC (Allocation Failure) [PSYoungGen: 501344K->14560K(504320K)] 1010932K->534442K(1028608K), 0.0258188 secs] [Times: user=0.04 sys=0.04, real=0.02 secs] 
2021-06-08T20:17:40.762+0800: 2198812.442: [Full GC (Ergonomics) [PSYoungGen: 14560K->0K(504320K)] [ParOldGen: 519882K->318481K(524288K)] 534442K->318481K(1028608K), [Metaspace: 96525K->96525K(1138688K)], 0.4604882 secs] [Times: user=0.53 sys=0.49, real=0.47 secs] 
2021-06-08T20:21:03.708+0800: 2199015.387: [GC (Allocation Failure) [PSYoungGen: 484864K->17824K(503808K)] 803345K->336305K(1028096K), 0.0521004 secs] [Times: user=0.03 sys=0.03, real=0.05 secs] 
2021-06-08T20:24:26.133+0800: 2199217.813: [GC (Allocation Failure) [PSYoungGen: 502176K->16000K(504320K)] 820657K->348475K(1028608K), 0.0423795 secs] [Times: user=0.05 sys=0.04, real=0.04 secs] 
2021-06-08T20:27:49.029+0800: 2199420.709: [GC (Allocation Failure) [PSYoungGen: 500352K->16896K(504832K)] 832827K->359242K(1029120K), 0.0324598 secs] [Times: user=0.03 sys=0.04, real=0.03 secs] 
2021-06-08T20:31:11.472+0800: 2199623.151: [GC (Allocation Failure) [PSYoungGen: 502272K->18144K(503808K)] 844618K->370087K(1028096K), 0.0478127 secs] [Times: user=0.04 sys=0.04, real=0.05 secs] 
2021-06-08T20:34:34.371+0800: 2199826.050: [GC (Allocation Failure) [PSYoungGen: 503520K->16864K(504320K)] 855463K->379861K(1028608K), 0.0303756 secs] [Times: user=0.05 sys=0.04, real=0.03 secs] 
2021-06-08T20:37:55.731+0800: 2200027.411: [GC (Allocation Failure) [PSYoungGen: 501216K->17792K(504320K)] 864213K->391107K(1028608K), 0.0286207 secs] [Times: user=0.04 sys=0.04, real=0.03 secs] 
2021-06-08T20:41:19.062+0800: 2200230.742: [GC (Allocation Failure) [PSYoungGen: 502144K->16832K(504832K)] 875459K->402552K(1029120K), 0.0270289 secs] [Times: user=0.04 sys=0.03, real=0.02 secs] 
2021-06-08T20:44:40.804+0800: 2200432.483: [GC (Allocation Failure) [PSYoungGen: 501696K->19200K(504320K)] 887416K->415343K(1028608K), 0.0291790 secs] [Times: user=0.04 sys=0.04, real=0.03 secs] 
2021-06-08T20:48:03.824+0800: 2200635.503: [GC (Allocation Failure) [PSYoungGen: 504064K->16512K(504320K)] 900207K->425052K(1028608K), 0.0421370 secs] [Times: user=0.05 sys=0.06, real=0.04 secs] 
2021-06-08T20:51:24.765+0800: 2200836.445: [GC (Allocation Failure) [PSYoungGen: 500864K->15872K(504320K)] 909404K->433826K(1028608K), 0.0264344 secs] [Times: user=0.04 sys=0.04, real=0.02 secs] 
2021-06-08T20:54:46.766+0800: 2201038.446: [GC (Allocation Failure) [PSYoungGen: 500224K->13952K(504320K)] 918178K->443166K(1028608K), 0.0337425 secs] [Times: user=0.04 sys=0.03, real=0.03 secs] 
2021-06-08T20:58:10.051+0800: 2201241.730: [GC (Allocation Failure) [PSYoungGen: 498304K->17120K(504320K)] 927518K->455132K(1028608K), 0.0287079 secs] [Times: user=0.04 sys=0.04, real=0.03 secs] 
2021-06-08T21:01:34.732+0800: 2201446.412: [GC (Allocation Failure) [PSYoungGen: 501472K->18656K(503296K)] 939484K->466986K(1027584K), 0.0321688 secs] [Times: user=0.04 sys=0.05, real=0.04 secs] 
2021-06-08T21:04:57.425+0800: 2201649.105: [GC (Allocation Failure) [PSYoungGen: 501984K->15008K(503808K)] 950314K->474590K(1028096K), 0.0265611 secs] [Times: user=0.04 sys=0.04, real=0.02 secs] 
2021-06-08T21:08:20.637+0800: 2201852.317: [GC (Allocation Failure) [PSYoungGen: 498336K->15424K(503808K)] 957918K->484938K(1028096K), 0.0272256 secs] [Times: user=0.04 sys=0.03, real=0.03 secs] 
2021-06-08T21:11:46.009+0800: 2202057.689: [GC (Allocation Failure) [PSYoungGen: 498752K->15136K(503808K)] 968266K->495502K(1028096K), 0.0286816 secs] [Times: user=0.04 sys=0.04, real=0.03 secs] 
2021-06-08T21:15:09.590+0800: 2202261.270: [GC (Allocation Failure) [PSYoungGen: 498464K->15520K(504320K)] 978830K->506589K(1028608K), 0.0318051 secs] [Times: user=0.04 sys=0.03, real=0.04 secs] 
2021-06-08T21:18:34.607+0800: 2202466.287: [GC (Allocation Failure) [PSYoungGen: 499872K->13632K(504320K)] 990941K->515632K(1028608K), 0.0258790 secs] [Times: user=0.04 sys=0.03, real=0.03 secs] 
2021-06-08T21:21:58.690+0800: 2202670.370: [GC (Allocation Failure) [PSYoungGen: 497984K->18272K(503296K)] 999984K->529357K(1027584K), 0.0372810 secs] [Times: user=0.05 sys=0.04, real=0.04 secs] 
2021-06-08T21:25:24.007+0800: 2202875.687: [GC (Allocation Failure) [PSYoungGen: 501600K->15296K(503808K)] 1012685K->537162K(1028096K), 0.0312137 secs] [Times: user=0.04 sys=0.04, real=0.03 secs] 
2021-06-08T21:25:24.039+0800: 2202875.718: [Full GC (Ergonomics) [PSYoungGen: 15296K->0K(503808K)] [ParOldGen: 521866K->314193K(524288K)] 537162K->314193K(1028096K), [Metaspace: 96525K->96525K(1138688K)], 0.4526692 secs] [Times: user=1.01 sys=0.00, real=0.45 secs] 
2021-06-08T21:28:46.369+0800: 2203078.049: [GC (Allocation Failure) [PSYoungGen: 483328K->15808K(504320K)] 797521K->330001K(1028608K), 0.0264231 secs] [Times: user=0.03 sys=0.03, real=0.03 secs] 
2021-06-08T21:32:11.818+0800: 2203283.498: [GC (Allocation Failure) [PSYoungGen: 499648K->16320K(503808K)] 813841K->341980K(1028096K), 0.0332993 secs] [Times: user=0.05 sys=0.05, real=0.03 secs] 
2021-06-08T21:35:36.035+0800: 2203487.714: [GC (Allocation Failure) [PSYoungGen: 500160K->15072K(504832K)] 825820K->350935K(1029120K), 0.0283349 secs] [Times: user=0.04 sys=0.04, real=0.03 secs] 
2021-06-08T21:38:58.394+0800: 2203690.073: [GC (Allocation Failure) [PSYoungGen: 500448K->16960K(504832K)] 836311K->362500K(1029120K), 0.0326872 secs] [Times: user=0.05 sys=0.05, real=0.03 secs] 
2021-06-08T21:42:20.634+0800: 2203892.313: [GC (Allocation Failure) [PSYoungGen: 502336K->15872K(504832K)] 847876K->372154K(1029120K), 0.0298796 secs] [Times: user=0.04 sys=0.04, real=0.03 secs] 
2021-06-08T21:45:45.174+0800: 2204096.854: [GC (Allocation Failure) [PSYoungGen: 501246K->16704K(504832K)] 857528K->383056K(1029120K), 0.0322320 secs] [Times: user=0.04 sys=0.04, real=0.03 secs] 
2021-06-08T21:49:08.982+0800: 2204300.662: [GC (Allocation Failure) [PSYoungGen: 502080K->14656K(505344K)] 868432K->392323K(1029632K), 0.0330633 secs] [Times: user=0.09 sys=0.00, real=0.04 secs] 
2021-06-08T21:52:35.869+0800: 2204507.549: [GC (Allocation Failure) [PSYoungGen: 501056K->16032K(505344K)] 878723K->403201K(1029632K), 0.0294405 secs] [Times: user=0.04 sys=0.04, real=0.03 secs] 
2021-06-08T21:56:00.000+0800: 2204711.679: [GC (Allocation Failure) [PSYoungGen: 502432K->17920K(504320K)] 889601K->414856K(1028608K), 0.0368728 secs] [Times: user=0.04 sys=0.05, real=0.04 secs] 
2021-06-08T21:59:26.404+0800: 2204918.084: [GC (Allocation Failure) [PSYoungGen: 503296K->13696K(504832K)] 900232K->423388K(1029120K), 0.0277839 secs] [Times: user=0.04 sys=0.04, real=0.03 secs] 
2021-06-08T22:02:48.921+0800: 2205120.600: [GC (Allocation Failure) [PSYoungGen: 499072K->19168K(502784K)] 908764K->437994K(1027072K), 0.0316788 secs] [Times: user=0.05 sys=0.04, real=0.04 secs] 
2021-06-08T22:06:10.564+0800: 2205322.244: [GC (Allocation Failure) [PSYoungGen: 502496K->13920K(503808K)] 921322K->444766K(1028096K), 0.0275178 secs] [Times: user=0.04 sys=0.04, real=0.02 secs] 
2021-06-08T22:09:33.299+0800: 2205524.979: [GC (Allocation Failure) [PSYoungGen: 497248K->15136K(504320K)] 928094K->455899K(1028608K), 0.0353332 secs] [Times: user=0.05 sys=0.04, real=0.04 secs] 
2021-06-08T22:12:57.934+0800: 2205729.613: [GC (Allocation Failure) [PSYoungGen: 498976K->16288K(503808K)] 939739K->466473K(1028096K), 0.0298038 secs] [Times: user=0.04 sys=0.04, real=0.03 secs] 
2021-06-08T22:16:21.209+0800: 2205932.888: [GC (Allocation Failure) [PSYoungGen: 500128K->14720K(504832K)] 950313K->474933K(1029120K), 0.0261161 secs] [Times: user=0.04 sys=0.04, real=0.03 secs] 
2021-06-08T22:19:44.094+0800: 2206135.774: [GC (Allocation Failure) [PSYoungGen: 499584K->17184K(504320K)] 959797K->485868K(1028608K), 0.0375774 secs] [Times: user=0.04 sys=0.05, real=0.03 secs] 
2021-06-08T22:23:05.987+0800: 2206337.667: [GC (Allocation Failure) [PSYoungGen: 502048K->16256K(504832K)] 970732K->495562K(1029120K), 0.0313978 secs] [Times: user=0.04 sys=0.04, real=0.03 secs] 
2021-06-08T22:26:30.513+0800: 2206542.192: [GC (Allocation Failure) [PSYoungGen: 501120K->14848K(504320K)] 980426K->504872K(1028608K), 0.0611650 secs] [Times: user=0.04 sys=0.04, real=0.06 secs] 
2021-06-08T22:29:52.468+0800: 2206744.147: [GC (Allocation Failure) [PSYoungGen: 499712K->17248K(504832K)] 989736K->516989K(1029120K), 0.0317944 secs] [Times: user=0.04 sys=0.04, real=0.03 secs] 
2021-06-08T22:33:15.848+0800: 2206947.528: [GC (Allocation Failure) [PSYoungGen: 502624K->14464K(504832K)] 1002365K->525615K(1029120K), 0.0299362 secs] [Times: user=0.05 sys=0.04, real=0.03 secs] 
2021-06-08T22:36:34.999+0800: 2207146.679: [GC (Allocation Failure) [PSYoungGen: 499840K->17600K(503808K)] 1010991K->538397K(1028096K), 0.0259244 secs] [Times: user=0.04 sys=0.04, real=0.03 secs] 
2021-06-08T22:36:35.025+0800: 2207146.705: [Full GC (Ergonomics) [PSYoungGen: 17600K->0K(503808K)] [ParOldGen: 520797K->318574K(524288K)] 538397K->318574K(1028096K), [Metaspace: 96525K->96525K(1138688K)], 0.4890531 secs] [Times: user=0.55 sys=0.51, real=0.49 secs] 
2021-06-08T22:39:55.899+0800: 2207347.579: [GC (Allocation Failure) [PSYoungGen: 484352K->16160K(504320K)] 802926K->334734K(1028608K), 0.0269100 secs] [Times: user=0.03 sys=0.03, real=0.03 secs] 
2021-06-08T22:43:18.596+0800: 2207550.276: [GC (Allocation Failure) [PSYoungGen: 500512K->18720K(503808K)] 819086K->349258K(1028096K), 0.0358350 secs] [Times: user=0.04 sys=0.04, real=0.04 secs] 
2021-06-08T22:46:41.918+0800: 2207753.597: [GC (Allocation Failure) [PSYoungGen: 503072K->15200K(504320K)] 833610K->357872K(1028608K), 0.0331747 secs] [Times: user=0.04 sys=0.05, real=0.03 secs] 
2021-06-08T22:50:05.563+0800: 2207957.243: [GC (Allocation Failure) [PSYoungGen: 499552K->16864K(504320K)] 842224K->369692K(1028608K), 0.0302778 secs] [Times: user=0.04 sys=0.04, real=0.03 secs] 
2021-06-08T22:53:24.358+0800: 2208156.038: [GC (Allocation Failure) [PSYoungGen: 501216K->17824K(504320K)] 854044K->380082K(1028608K), 0.0295539 secs] [Times: user=0.04 sys=0.03, real=0.03 secs] 
2021-06-08T22:56:48.501+0800: 2208360.181: [GC (Allocation Failure) [PSYoungGen: 502176K->15872K(504320K)] 864434K->388440K(1028608K), 0.0301597 secs] [Times: user=0.04 sys=0.04, real=0.03 secs] 
2021-06-08T23:00:11.130+0800: 2208562.810: [GC (Allocation Failure) [PSYoungGen: 500224K->17152K(504320K)] 872792K->399606K(1028608K), 0.0598680 secs] [Times: user=0.04 sys=0.05, real=0.06 secs] 
2021-06-08T23:03:35.356+0800: 2208767.035: [GC (Allocation Failure) [PSYoungGen: 501504K->17088K(504320K)] 883958K->410803K(1028608K), 0.0366912 secs] [Times: user=0.05 sys=0.04, real=0.04 secs] 
2021-06-08T23:06:58.856+0800: 2208970.536: [GC (Allocation Failure) [PSYoungGen: 501440K->14560K(504320K)] 895155K->419584K(1028608K), 0.0361571 secs] [Times: user=0.05 sys=0.05, real=0.04 secs] 
2021-06-08T23:10:22.576+0800: 2209174.256: [GC (Allocation Failure) [PSYoungGen: 498912K->18368K(503296K)] 903936K->433445K(1027584K), 0.0290411 secs] [Times: user=0.04 sys=0.03, real=0.03 secs] 
2021-06-08T23:13:46.034+0800: 2209377.714: [GC (Allocation Failure) [PSYoungGen: 501696K->15776K(503808K)] 916773K->442259K(1028096K), 0.0297833 secs] [Times: user=0.04 sys=0.04, real=0.03 secs] 
2021-06-08T23:17:09.003+0800: 2209580.683: [GC (Allocation Failure) [PSYoungGen: 499104K->17120K(504320K)] 925587K->452835K(1028608K), 0.0285711 secs] [Times: user=0.04 sys=0.04, real=0.02 secs] 
2021-06-08T23:20:33.538+0800: 2209785.218: [GC (Allocation Failure) [PSYoungGen: 501472K->15488K(504320K)] 937187K->461609K(1028608K), 0.0275457 secs] [Times: user=0.04 sys=0.04, real=0.03 secs] 
2021-06-08T23:23:56.549+0800: 2209988.229: [GC (Allocation Failure) [PSYoungGen: 499840K->15648K(504832K)] 945961K->472413K(1029120K), 0.0385195 secs] [Times: user=0.04 sys=0.04, real=0.04 secs] 
2021-06-08T23:27:21.594+0800: 2210193.273: [GC (Allocation Failure) [PSYoungGen: 500512K->17024K(504320K)] 957277K->484648K(1028608K), 0.0338021 secs] [Times: user=0.05 sys=0.05, real=0.03 secs] 
2021-06-08T23:30:44.234+0800: 2210395.914: [GC (Allocation Failure) [PSYoungGen: 501888K->17088K(504832K)] 969512K->495655K(1029120K), 0.0265519 secs] [Times: user=0.04 sys=0.03, real=0.02 secs] 
2021-06-08T23:34:07.817+0800: 2210599.496: [GC (Allocation Failure) [PSYoungGen: 502464K->15616K(504832K)] 981031K->505723K(1029120K), 0.0341463 secs] [Times: user=0.04 sys=0.04, real=0.03 secs] 
2021-06-08T23:37:30.374+0800: 2210802.054: [GC (Allocation Failure) [PSYoungGen: 500992K->17568K(504832K)] 991099K->518465K(1029120K), 0.0429308 secs] [Times: user=0.06 sys=0.06, real=0.04 secs] 
2021-06-08T23:40:54.911+0800: 2211006.591: [GC (Allocation Failure) [PSYoungGen: 502944K->15808K(504832K)] 1003841K->526783K(1029120K), 0.0285819 secs] [Times: user=0.04 sys=0.04, real=0.03 secs] 
2021-06-08T23:44:18.262+0800: 2211209.942: [GC (Allocation Failure) [PSYoungGen: 501184K->18336K(503808K)] 1012159K->539293K(1028096K), 0.0315471 secs] [Times: user=0.04 sys=0.04, real=0.04 secs] 
2021-06-08T23:44:18.294+0800: 2211209.974: [Full GC (Ergonomics) [PSYoungGen: 18336K->0K(503808K)] [ParOldGen: 520957K->319119K(524288K)] 539293K->319119K(1028096K), [Metaspace: 96525K->96525K(1138688K)], 0.4507343 secs] [Times: user=0.52 sys=0.47, real=0.45 secs] 
2021-06-08T23:47:39.751+0800: 2211411.431: [GC (Allocation Failure) [PSYoungGen: 484352K->17472K(504320K)] 803471K->336591K(1028608K), 0.0247809 secs] [Times: user=0.04 sys=0.03, real=0.03 secs] 
2021-06-08T23:51:04.358+0800: 2211616.038: [GC (Allocation Failure) [PSYoungGen: 501824K->16800K(504832K)] 820943K->348057K(1029120K), 0.0491450 secs] [Times: user=0.04 sys=0.04, real=0.05 secs] 
2021-06-08T23:54:28.855+0800: 2211820.535: [GC (Allocation Failure) [PSYoungGen: 501664K->16096K(504320K)] 832921K->357687K(1028608K), 0.0546383 secs] [Times: user=0.05 sys=0.04, real=0.05 secs] 
2021-06-08T23:57:54.924+0800: 2212026.604: [GC (Allocation Failure) [PSYoungGen: 500960K->16736K(504832K)] 842551K->369387K(1029120K), 0.0297676 secs] [Times: user=0.04 sys=0.04, real=0.03 secs] 
2021-06-09T00:01:10.390+0800: 2212222.070: [GC (Allocation Failure) [PSYoungGen: 502112K->16096K(504832K)] 854763K->379633K(1029120K), 0.0289717 secs] [Times: user=0.04 sys=0.04, real=0.03 secs] 
2021-06-09T00:04:32.257+0800: 2212423.936: [GC (Allocation Failure) [PSYoungGen: 501472K->17472K(505344K)] 865009K->392239K(1029632K), 0.0302767 secs] [Times: user=0.04 sys=0.04, real=0.03 secs] 
2021-06-09T00:07:55.741+0800: 2212627.421: [GC (Allocation Failure) [PSYoungGen: 503872K->17120K(505344K)] 878639K->402658K(1029632K), 0.0282037 secs] [Times: user=0.04 sys=0.03, real=0.03 secs] 
2021-06-09T00:11:21.007+0800: 2212832.687: [GC (Allocation Failure) [PSYoungGen: 503520K->15392K(505344K)] 889058K->411503K(1029632K), 0.0291216 secs] [Times: user=0.04 sys=0.04, real=0.03 secs] 
2021-06-09T00:14:43.297+0800: 2213034.976: [GC (Allocation Failure) [PSYoungGen: 501792K->18176K(504832K)] 897903K->422413K(1029120K), 0.0278160 secs] [Times: user=0.04 sys=0.04, real=0.03 secs] 
2021-06-09T00:18:07.760+0800: 2213239.440: [GC (Allocation Failure) [PSYoungGen: 504576K->16160K(504832K)] 908813K->430955K(1029120K), 0.0400544 secs] [Times: user=0.05 sys=0.04, real=0.04 secs] 
2021-06-09T00:21:32.291+0800: 2213443.971: [GC (Allocation Failure) [PSYoungGen: 501536K->17792K(504832K)] 916331K->443248K(1029120K), 0.0395096 secs] [Times: user=0.05 sys=0.05, real=0.04 secs] 
2021-06-09T00:24:55.801+0800: 2213647.480: [GC (Allocation Failure) [PSYoungGen: 503168K->13792K(503808K)] 928624K->450100K(1028096K), 0.0280662 secs] [Times: user=0.04 sys=0.04, real=0.03 secs] 
2021-06-09T00:28:15.724+0800: 2213847.404: [GC (Allocation Failure) [PSYoungGen: 498144K->18240K(504320K)] 934452K->463337K(1028608K), 0.0286620 secs] [Times: user=0.04 sys=0.04, real=0.03 secs] 
2021-06-09T00:31:38.389+0800: 2214050.068: [GC (Allocation Failure) [PSYoungGen: 502592K->15776K(504320K)] 947689K->472550K(1028608K), 0.0284217 secs] [Times: user=0.04 sys=0.04, real=0.03 secs] 
2021-06-09T00:35:03.487+0800: 2214255.166: [GC (Allocation Failure) [PSYoungGen: 500128K->14336K(504320K)] 956902K->481011K(1028608K), 0.0279770 secs] [Times: user=0.03 sys=0.03, real=0.03 secs] 
2021-06-09T00:38:27.379+0800: 2214459.058: [GC (Allocation Failure) [PSYoungGen: 498688K->15232K(504320K)] 965363K->491305K(1028608K), 0.0266211 secs] [Times: user=0.04 sys=0.03, real=0.03 secs] 
2021-06-09T00:41:50.773+0800: 2214662.453: [GC (Allocation Failure) [PSYoungGen: 499584K->17120K(504320K)] 975657K->504191K(1028608K), 0.0418124 secs] [Times: user=0.04 sys=0.03, real=0.04 secs] 
2021-06-09T00:45:15.073+0800: 2214866.753: [GC (Allocation Failure) [PSYoungGen: 501472K->14656K(504320K)] 988543K->511380K(1028608K), 0.0295157 secs] [Times: user=0.04 sys=0.05, real=0.03 secs] 
2021-06-09T00:48:37.025+0800: 2215068.705: [GC (Allocation Failure) [PSYoungGen: 499008K->17856K(504320K)] 995732K->524057K(1028608K), 0.0348513 secs] [Times: user=0.04 sys=0.04, real=0.03 secs] 
2021-06-09T00:52:00.419+0800: 2215272.098: [GC (Allocation Failure) [PSYoungGen: 502208K->17632K(503296K)] 1008409K->534870K(1027584K), 0.0319676 secs] [Times: user=0.05 sys=0.05, real=0.03 secs] 
2021-06-09T00:52:00.451+0800: 2215272.131: [Full GC (Ergonomics) [PSYoungGen: 17632K->0K(503296K)] [ParOldGen: 517238K->310142K(524288K)] 534870K->310142K(1027584K), [Metaspace: 96525K->96525K(1138688K)], 0.5732702 secs] [Times: user=1.19 sys=0.00, real=0.58 secs] 
2021-06-09T00:55:26.461+0800: 2215478.141: [GC (Allocation Failure) [PSYoungGen: 483328K->16320K(503808K)] 793470K->326462K(1028096K), 0.0256342 secs] [Times: user=0.03 sys=0.03, real=0.03 secs] 
2021-06-09T00:58:43.243+0800: 2215674.923: [GC (Allocation Failure) [PSYoungGen: 499648K->16778K(504832K)] 809790K->338011K(1029120K), 0.0311451 secs] [Times: user=0.04 sys=0.04, real=0.04 secs] 
2021-06-09T01:02:07.361+0800: 2215879.040: [GC (Allocation Failure) [PSYoungGen: 501642K->12736K(504320K)] 822875K->345046K(1028608K), 0.0295172 secs] [Times: user=0.04 sys=0.03, real=0.03 secs] 
2021-06-09T01:05:29.804+0800: 2216081.484: [GC (Allocation Failure) [PSYoungGen: 497600K->15008K(504320K)] 829910K->354316K(1028608K), 0.0275634 secs] [Times: user=0.04 sys=0.04, real=0.02 secs] 
2021-06-09T01:08:53.361+0800: 2216285.041: [GC (Allocation Failure) [PSYoungGen: 499360K->16672K(504320K)] 838668K->366144K(1028608K), 0.0283647 secs] [Times: user=0.04 sys=0.04, real=0.03 secs] 
2021-06-09T01:12:17.327+0800: 2216489.006: [GC (Allocation Failure) [PSYoungGen: 501024K->16640K(504832K)] 850496K->376901K(1029120K), 0.0282199 secs] [Times: user=0.04 sys=0.04, real=0.03 secs] 
2021-06-09T01:15:42.424+0800: 2216694.104: [GC (Allocation Failure) [PSYoungGen: 501504K->15168K(504320K)] 861765K->385243K(1028608K), 0.0261076 secs] [Times: user=0.04 sys=0.03, real=0.02 secs] 
2021-06-09T01:19:06.924+0800: 2216898.603: [GC (Allocation Failure) [PSYoungGen: 500032K->17536K(504832K)] 870107K->397544K(1029120K), 0.0274322 secs] [Times: user=0.04 sys=0.03, real=0.02 secs] 
2021-06-09T01:22:31.392+0800: 2217103.071: [GC (Allocation Failure) [PSYoungGen: 502912K->17120K(502784K)] 882920K->408214K(1027072K), 0.0315654 secs] [Times: user=0.05 sys=0.04, real=0.04 secs] 
2021-06-09T01:25:56.492+0800: 2217308.172: [GC (Allocation Failure) [PSYoungGen: 502496K->15424K(504832K)] 893590K->417979K(1029120K), 0.0243563 secs] [Times: user=0.04 sys=0.04, real=0.03 secs] 
2021-06-09T01:29:19.342+0800: 2217511.021: [GC (Allocation Failure) [PSYoungGen: 500288K->14272K(504320K)] 902843K->427161K(1028608K), 0.0241680 secs] [Times: user=0.04 sys=0.03, real=0.03 secs] 
2021-06-09T01:32:44.930+0800: 2217716.609: [GC (Allocation Failure) [PSYoungGen: 499136K->16480K(504832K)] 912025K->439935K(1029120K), 0.0308789 secs] [Times: user=0.04 sys=0.04, real=0.03 secs] 
2021-06-09T01:36:08.788+0800: 2217920.467: [GC (Allocation Failure) [PSYoungGen: 501856K->17056K(504832K)] 925311K->450492K(1029120K), 0.0599363 secs] [Times: user=0.04 sys=0.03, real=0.06 secs] 
2021-06-09T01:39:30.388+0800: 2218122.068: [GC (Allocation Failure) [PSYoungGen: 502432K->19136K(502784K)] 935868K->464835K(1027072K), 0.0327273 secs] [Times: user=0.04 sys=0.04, real=0.03 secs] 
2021-06-09T01:42:54.103+0800: 2218325.782: [GC (Allocation Failure) [PSYoungGen: 502464K->17376K(503808K)] 948163K->473506K(1028096K), 0.0513254 secs] [Times: user=0.04 sys=0.04, real=0.05 secs] 
2021-06-09T01:46:16.129+0800: 2218527.808: [GC (Allocation Failure) [PSYoungGen: 500704K->14848K(504320K)] 956834K->481382K(1028608K), 0.0288992 secs] [Times: user=0.04 sys=0.04, real=0.03 secs] 
2021-06-09T01:49:39.083+0800: 2218730.763: [GC (Allocation Failure) [PSYoungGen: 498688K->14784K(503808K)] 965222K->491104K(1028096K), 0.0458752 secs] [Times: user=0.08 sys=0.00, real=0.04 secs] 
2021-06-09T01:53:03.296+0800: 2218934.975: [GC (Allocation Failure) [PSYoungGen: 498624K->15840K(504320K)] 974944K->502367K(1028608K), 0.0317027 secs] [Times: user=0.05 sys=0.05, real=0.03 secs] 
2021-06-09T01:56:26.475+0800: 2219138.155: [GC (Allocation Failure) [PSYoungGen: 500192K->16576K(504320K)] 986719K->512382K(1028608K), 0.0386235 secs] [Times: user=0.06 sys=0.05, real=0.04 secs] 
2021-06-09T01:59:49.498+0800: 2219341.178: [GC (Allocation Failure) [PSYoungGen: 500928K->17248K(504832K)] 996734K->522802K(1029120K), 0.0372207 secs] [Times: user=0.05 sys=0.05, real=0.04 secs] 
2021-06-09T02:03:12.636+0800: 2219544.315: [GC (Allocation Failure) [PSYoungGen: 502624K->18304K(503808K)] 1008178K->533929K(1028096K), 0.0422972 secs] [Times: user=0.05 sys=0.04, real=0.04 secs] 
2021-06-09T02:03:12.679+0800: 2219544.358: [Full GC (Ergonomics) [PSYoungGen: 18304K->0K(503808K)] [ParOldGen: 515625K->317479K(524288K)] 533929K->317479K(1028096K), [Metaspace: 96525K->96525K(1138688K)], 0.5610676 secs] [Times: user=1.17 sys=0.00, real=0.56 secs] 
2021-06-09T02:06:36.720+0800: 2219748.399: [GC (Allocation Failure) [PSYoungGen: 485376K->15648K(504320K)] 802855K->333127K(1028608K), 0.0253613 secs] [Times: user=0.03 sys=0.03, real=0.03 secs] 
2021-06-09T02:09:58.190+0800: 2219949.869: [GC (Allocation Failure) [PSYoungGen: 500000K->16768K(504320K)] 817479K->346192K(1028608K), 0.0377823 secs] [Times: user=0.06 sys=0.05, real=0.04 secs] 
2021-06-09T02:13:19.990+0800: 2220151.670: [GC (Allocation Failure) [PSYoungGen: 501120K->18080K(504320K)] 830544K->358039K(1028608K), 0.0317894 secs] [Times: user=0.05 sys=0.05, real=0.04 secs] 
2021-06-09T02:16:44.185+0800: 2220355.864: [GC (Allocation Failure) [PSYoungGen: 502432K->15328K(504320K)] 842391K->367635K(1028608K), 0.0240045 secs] [Times: user=0.03 sys=0.04, real=0.02 secs] 
2021-06-09T02:20:07.163+0800: 2220558.842: [GC (Allocation Failure) [PSYoungGen: 499680K->15840K(504320K)] 851987K->378518K(1028608K), 0.0315030 secs] [Times: user=0.04 sys=0.04, real=0.03 secs] 
2021-06-09T02:23:29.741+0800: 2220761.420: [GC (Allocation Failure) [PSYoungGen: 500192K->16128K(504320K)] 862870K->389690K(1028608K), 0.0328686 secs] [Times: user=0.04 sys=0.05, real=0.04 secs] 
2021-06-09T02:26:55.258+0800: 2220966.937: [GC (Allocation Failure) [PSYoungGen: 500480K->15648K(504832K)] 874042K->399855K(1029120K), 0.0281908 secs] [Times: user=0.04 sys=0.04, real=0.03 secs] 
2021-06-09T02:30:19.971+0800: 2221171.651: [GC (Allocation Failure) [PSYoungGen: 501024K->14496K(504832K)] 885231K->409323K(1029120K), 0.0286507 secs] [Times: user=0.04 sys=0.04, real=0.03 secs] 
2021-06-09T02:33:44.488+0800: 2221376.168: [GC (Allocation Failure) [PSYoungGen: 499872K->16736K(504832K)] 894699K->420202K(1029120K), 0.0287579 secs] [Times: user=0.04 sys=0.04, real=0.03 secs] 
2021-06-09T02:37:08.450+0800: 2221580.130: [GC (Allocation Failure) [PSYoungGen: 502112K->17344K(504832K)] 905578K->431440K(1029120K), 0.0318230 secs] [Times: user=0.05 sys=0.04, real=0.04 secs] 
2021-06-09T02:40:26.726+0800: 2221778.405: [GC (Allocation Failure) [PSYoungGen: 502720K->19424K(495616K)] 916816K->444222K(1019904K), 0.0289758 secs] [Times: user=0.05 sys=0.03, real=0.03 secs] 
2021-06-09T02:43:49.916+0800: 2221981.596: [GC (Allocation Failure) [PSYoungGen: 495584K->19168K(500224K)] 920382K->456892K(1024512K), 0.0912417 secs] [Times: user=0.05 sys=0.06, real=0.09 secs] 
2021-06-09T02:47:08.777+0800: 2222180.457: [GC (Allocation Failure) [PSYoungGen: 495328K->18720K(500224K)] 933052K->468106K(1024512K), 0.0393065 secs] [Times: user=0.05 sys=0.05, real=0.04 secs] 
2021-06-09T02:50:27.154+0800: 2222378.834: [GC (Allocation Failure) [PSYoungGen: 494880K->17088K(500224K)] 944266K->477152K(1024512K), 0.0356972 secs] [Times: user=0.05 sys=0.05, real=0.03 secs] 
2021-06-09T02:53:50.030+0800: 2222581.710: [GC (Allocation Failure) [PSYoungGen: 493248K->15488K(500736K)] 953312K->486908K(1025024K), 0.0338568 secs] [Times: user=0.06 sys=0.05, real=0.04 secs] 
2021-06-09T02:57:10.453+0800: 2222782.133: [GC (Allocation Failure) [PSYoungGen: 492672K->16000K(500736K)] 964092K->496834K(1025024K), 0.0360770 secs] [Times: user=0.05 sys=0.05, real=0.03 secs] 
2021-06-09T03:00:33.098+0800: 2222984.778: [GC (Allocation Failure) [PSYoungGen: 493184K->14656K(501248K)] 974018K->507278K(1025536K), 0.0511914 secs] [Times: user=0.03 sys=0.04, real=0.05 secs] 
2021-06-09T03:03:53.709+0800: 2223185.389: [GC (Allocation Failure) [PSYoungGen: 492864K->16416K(501248K)] 985486K->518805K(1025536K), 0.0312745 secs] [Times: user=0.04 sys=0.04, real=0.03 secs] 
2021-06-09T03:07:13.904+0800: 2223385.584: [GC (Allocation Failure) [PSYoungGen: 494624K->16896K(502272K)] 997013K->529571K(1026560K), 0.0301914 secs] [Times: user=0.04 sys=0.05, real=0.03 secs] 
2021-06-09T03:07:13.935+0800: 2223385.615: [Full GC (Ergonomics) [PSYoungGen: 16896K->0K(502272K)] [ParOldGen: 512674K->308301K(524288K)] 529571K->308301K(1026560K), [Metaspace: 96525K->96525K(1138688K)], 0.4782706 secs] [Times: user=1.07 sys=0.00, real=0.48 secs] 
2021-06-09T03:10:38.842+0800: 2223590.522: [GC (Allocation Failure) [PSYoungGen: 479744K->16224K(501760K)] 788045K->324525K(1026048K), 0.0609744 secs] [Times: user=0.04 sys=0.04, real=0.07 secs] 
2021-06-09T03:13:59.481+0800: 2223791.161: [GC (Allocation Failure) [PSYoungGen: 495968K->15136K(502784K)] 804269K->335512K(1027072K), 0.0249676 secs] [Times: user=0.03 sys=0.03, real=0.03 secs] 
2021-06-09T03:17:21.608+0800: 2223993.288: [GC (Allocation Failure) [PSYoungGen: 496416K->16800K(502784K)] 816792K->347758K(1027072K), 0.0261276 secs] [Times: user=0.04 sys=0.04, real=0.03 secs] 
2021-06-09T03:20:46.668+0800: 2224198.348: [GC (Allocation Failure) [PSYoungGen: 498080K->12096K(502272K)] 829038K->355136K(1026560K), 0.0226067 secs] [Times: user=0.04 sys=0.04, real=0.02 secs] 
2021-06-09T03:24:08.790+0800: 2224400.470: [GC (Allocation Failure) [PSYoungGen: 493376K->19264K(500736K)] 836416K->371023K(1025024K), 0.0294392 secs] [Times: user=0.03 sys=0.04, real=0.03 secs] 
2021-06-09T03:27:34.006+0800: 2224605.686: [GC (Allocation Failure) [PSYoungGen: 500544K->14176K(502272K)] 852303K->377530K(1026560K), 0.0308027 secs] [Times: user=0.04 sys=0.04, real=0.03 secs] 
2021-06-09T03:30:54.411+0800: 2224806.091: [GC (Allocation Failure) [PSYoungGen: 494432K->15840K(502272K)] 857786K->389442K(1026560K), 0.0300873 secs] [Times: user=0.04 sys=0.04, real=0.03 secs] 
2021-06-09T03:34:16.588+0800: 2225008.268: [GC (Allocation Failure) [PSYoungGen: 496096K->16032K(503296K)] 869698K->400376K(1027584K), 0.0284388 secs] [Times: user=0.04 sys=0.05, real=0.03 secs] 
2021-06-09T03:37:39.503+0800: 2225211.182: [GC (Allocation Failure) [PSYoungGen: 497824K->14656K(502784K)] 882168K->409412K(1027072K), 0.0328288 secs] [Times: user=0.04 sys=0.04, real=0.03 secs] 
2021-06-09T03:41:01.418+0800: 2225413.097: [GC (Allocation Failure) [PSYoungGen: 496448K->18400K(502272K)] 891204K->422043K(1026560K), 0.0350791 secs] [Times: user=0.04 sys=0.04, real=0.04 secs] 
2021-06-09T03:44:20.252+0800: 2225611.931: [GC (Allocation Failure) [PSYoungGen: 499680K->16000K(502784K)] 903323K->430289K(1027072K), 0.0269193 secs] [Times: user=0.07 sys=0.00, real=0.03 secs] 
2021-06-09T03:47:42.961+0800: 2225814.641: [GC (Allocation Failure) [PSYoungGen: 497280K->16064K(503808K)] 911569K->440423K(1028096K), 0.0284549 secs] [Times: user=0.04 sys=0.03, real=0.03 secs] 
2021-06-09T03:51:05.519+0800: 2226017.198: [GC (Allocation Failure) [PSYoungGen: 498880K->16416K(503296K)] 923239K->450644K(1027584K), 0.0340418 secs] [Times: user=0.04 sys=0.04, real=0.04 secs] 
2021-06-09T03:54:28.130+0800: 2226219.809: [GC (Allocation Failure) [PSYoungGen: 499232K->15872K(504320K)] 933460K->459058K(1028608K), 0.0311702 secs] [Times: user=0.04 sys=0.04, real=0.03 secs] 
2021-06-09T03:57:51.431+0800: 2226423.110: [GC (Allocation Failure) [PSYoungGen: 500224K->17472K(504320K)] 943410K->470921K(1028608K), 0.0299347 secs] [Times: user=0.04 sys=0.04, real=0.03 secs] 
2021-06-09T04:01:16.722+0800: 2226628.402: [GC (Allocation Failure) [PSYoungGen: 501824K->16640K(504320K)] 955273K->482070K(1028608K), 0.0313096 secs] [Times: user=0.04 sys=0.04, real=0.03 secs] 
2021-06-09T04:04:40.271+0800: 2226831.951: [GC (Allocation Failure) [PSYoungGen: 500992K->16992K(504320K)] 966422K->493675K(1028608K), 0.0288717 secs] [Times: user=0.05 sys=0.04, real=0.03 secs] 
2021-06-09T04:08:01.686+0800: 2227033.365: [GC (Allocation Failure) [PSYoungGen: 501344K->16608K(504832K)] 978027K->504599K(1029120K), 0.0279789 secs] [Times: user=0.04 sys=0.03, real=0.03 secs] 
2021-06-09T04:11:24.567+0800: 2227236.247: [GC (Allocation Failure) [PSYoungGen: 501984K->15136K(504832K)] 989975K->513885K(1029120K), 0.0716515 secs] [Times: user=0.05 sys=0.05, real=0.07 secs] 
2021-06-09T04:14:50.391+0800: 2227442.070: [GC (Allocation Failure) [PSYoungGen: 500512K->15520K(504832K)] 999261K->525329K(1029120K), 0.0297056 secs] [Times: user=0.04 sys=0.04, real=0.03 secs] 
2021-06-09T04:18:13.590+0800: 2227645.270: [GC (Allocation Failure) [PSYoungGen: 500894K->17728K(504832K)] 1010703K->537000K(1029120K), 0.0480775 secs] [Times: user=0.05 sys=0.04, real=0.05 secs] 
2021-06-09T04:18:13.639+0800: 2227645.318: [Full GC (Ergonomics) [PSYoungGen: 17728K->0K(504832K)] [ParOldGen: 519272K->321138K(524288K)] 537000K->321138K(1029120K), [Metaspace: 96525K->96525K(1138688K)], 0.5311418 secs] [Times: user=0.58 sys=0.54, real=0.53 secs] 
2021-06-09T04:21:36.169+0800: 2227847.849: [GC (Allocation Failure) [PSYoungGen: 485376K->16448K(504832K)] 806514K->337586K(1029120K), 0.0261749 secs] [Times: user=0.03 sys=0.04, real=0.03 secs] 
2021-06-09T04:24:59.189+0800: 2228050.868: [GC (Allocation Failure) [PSYoungGen: 501824K->16128K(504832K)] 822962K->349389K(1029120K), 0.0332574 secs] [Times: user=0.04 sys=0.04, real=0.04 secs] 
2021-06-09T04:28:21.982+0800: 2228253.662: [GC (Allocation Failure) [PSYoungGen: 501504K->16000K(505344K)] 834765K->358770K(1029632K), 0.0295560 secs] [Times: user=0.03 sys=0.03, real=0.03 secs] 
2021-06-09T04:31:46.236+0800: 2228457.915: [GC (Allocation Failure) [PSYoungGen: 502400K->17120K(505344K)] 845170K->370440K(1029632K), 0.0481666 secs] [Times: user=0.03 sys=0.03, real=0.05 secs] 
2021-06-09T04:35:09.738+0800: 2228661.417: [GC (Allocation Failure) [PSYoungGen: 503520K->14848K(505344K)] 856840K->378277K(1029632K), 0.0317150 secs] [Times: user=0.05 sys=0.04, real=0.03 secs] 
2021-06-09T04:38:31.362+0800: 2228863.041: [GC (Allocation Failure) [PSYoungGen: 501248K->18592K(505344K)] 864677K->391402K(1029632K), 0.0289882 secs] [Times: user=0.04 sys=0.04, real=0.03 secs] 
2021-06-09T04:41:54.925+0800: 2229066.604: [GC (Allocation Failure) [PSYoungGen: 504992K->15712K(504320K)] 877802K->399736K(1028608K), 0.0324369 secs] [Times: user=0.04 sys=0.05, real=0.03 secs] 
2021-06-09T04:45:17.794+0800: 2229269.473: [GC (Allocation Failure) [PSYoungGen: 501088K->18880K(504320K)] 885112K->412031K(1028608K), 0.0299170 secs] [Times: user=0.04 sys=0.04, real=0.03 secs] 
2021-06-09T04:48:46.493+0800: 2229478.172: [GC (Allocation Failure) [PSYoungGen: 504256K->16224K(504320K)] 897407K->420604K(1028608K), 0.0288764 secs] [Times: user=0.04 sys=0.03, real=0.02 secs] 
2021-06-09T04:52:09.390+0800: 2229681.070: [GC (Allocation Failure) [PSYoungGen: 500576K->16960K(504320K)] 904956K->432153K(1028608K), 0.0548950 secs] [Times: user=0.04 sys=0.04, real=0.06 secs] 
2021-06-09T04:55:33.326+0800: 2229885.006: [GC (Allocation Failure) [PSYoungGen: 501312K->12224K(503808K)] 916505K->438052K(1028096K), 0.0261274 secs] [Times: user=0.04 sys=0.03, real=0.03 secs] 
2021-06-09T04:58:55.838+0800: 2230087.518: [GC (Allocation Failure) [PSYoungGen: 496576K->15424K(504320K)] 922404K->450360K(1028608K), 0.0287216 secs] [Times: user=0.04 sys=0.04, real=0.03 secs] 
2021-06-09T05:02:16.755+0800: 2230288.434: [GC (Allocation Failure) [PSYoungGen: 499776K->16928K(504320K)] 934712K->461439K(1028608K), 0.0295617 secs] [Times: user=0.04 sys=0.04, real=0.03 secs] 
2021-06-09T05:05:38.776+0800: 2230490.456: [GC (Allocation Failure) [PSYoungGen: 501280K->15744K(504320K)] 945791K->470482K(1028608K), 0.0300674 secs] [Times: user=0.04 sys=0.03, real=0.03 secs] 
2021-06-09T05:09:13.491+0800: 2230705.171: [GC (Allocation Failure) [PSYoungGen: 500096K->19424K(495616K)] 954834K->483504K(1019904K), 0.0322160 secs] [Times: user=0.04 sys=0.04, real=0.04 secs] 
2021-06-09T05:12:40.624+0800: 2230912.304: [GC (Allocation Failure) [PSYoungGen: 495584K->20256K(496640K)] 959664K->495555K(1020928K), 0.0361715 secs] [Times: user=0.05 sys=0.05, real=0.03 secs] 
2021-06-09T05:16:04.455+0800: 2231116.135: [GC (Allocation Failure) [PSYoungGen: 496416K->17184K(500736K)] 971715K->502600K(1025024K), 0.0273468 secs] [Times: user=0.03 sys=0.03, real=0.03 secs] 
2021-06-09T05:19:29.090+0800: 2231320.770: [GC (Allocation Failure) [PSYoungGen: 493344K->16416K(499712K)] 978760K->511815K(1024000K), 0.0343323 secs] [Times: user=0.04 sys=0.03, real=0.04 secs] 
2021-06-09T05:22:57.478+0800: 2231529.158: [GC (Allocation Failure) [PSYoungGen: 492576K->14880K(500736K)] 987975K->521182K(1025024K), 0.0286617 secs] [Times: user=0.04 sys=0.04, real=0.03 secs] 
2021-06-09T05:26:21.136+0800: 2231732.815: [GC (Allocation Failure) [PSYoungGen: 492064K->18400K(500736K)] 998366K->533851K(1025024K), 0.0389123 secs] [Times: user=0.10 sys=0.00, real=0.04 secs] 
2021-06-09T05:26:21.175+0800: 2231732.855: [Full GC (Ergonomics) [PSYoungGen: 18400K->0K(500736K)] [ParOldGen: 515451K->308134K(524288K)] 533851K->308134K(1025024K), [Metaspace: 96543K->96543K(1138688K)], 0.5894810 secs] [Times: user=1.45 sys=0.00, real=0.59 secs] 
2021-06-09T05:29:49.020+0800: 2231940.700: [GC (Allocation Failure) [PSYoungGen: 477184K->19648K(500224K)] 785318K->327782K(1024512K), 0.0288843 secs] [Times: user=0.03 sys=0.04, real=0.03 secs] 
2021-06-09T05:33:15.695+0800: 2232147.374: [GC (Allocation Failure) [PSYoungGen: 496832K->15200K(500736K)] 804966K->334968K(1025024K), 0.0385258 secs] [Times: user=0.09 sys=0.00, real=0.04 secs] 
2021-06-09T05:36:44.284+0800: 2232355.963: [GC (Allocation Failure) [PSYoungGen: 492384K->17376K(501760K)] 812152K->346101K(1026048K), 0.0342855 secs] [Times: user=0.04 sys=0.04, real=0.03 secs] 
2021-06-09T05:40:08.037+0800: 2232559.717: [GC (Allocation Failure) [PSYoungGen: 496096K->18400K(501248K)] 824821K->357186K(1025536K), 0.0352164 secs] [Times: user=0.04 sys=0.04, real=0.04 secs] 
2021-06-09T05:43:35.393+0800: 2232767.073: [GC (Allocation Failure) [PSYoungGen: 497120K->16576K(502272K)] 835906K->366973K(1026560K), 0.0306565 secs] [Times: user=0.03 sys=0.04, real=0.03 secs] 
2021-06-09T05:47:01.679+0800: 2232973.358: [GC (Allocation Failure) [PSYoungGen: 496320K->17184K(501760K)] 846717K->377123K(1026048K), 0.0302873 secs] [Times: user=0.04 sys=0.04, real=0.03 secs] 
2021-06-09T05:50:27.590+0800: 2233179.270: [GC (Allocation Failure) [PSYoungGen: 496928K->17312K(502784K)] 856867K->389225K(1027072K), 0.0282272 secs] [Times: user=0.04 sys=0.04, real=0.03 secs] 
