OpenJDK 64-Bit Server VM (25.292-b10) for linux-amd64 JRE (1.8.0_292-b10), built on Apr 21 2021 14:24:48 by "mockbuild" with gcc 4.8.5 20150623 (Red Hat 4.8.5-44)
Memory: 4k page, physical 16266588k(10390972k free), swap 0k(0k free)
CommandLine flags: -XX:CompressedClassSpaceSize=327155712 -XX:GCLogFileSize=104857600 -XX:+HeapDumpOnOutOfMemoryError -XX:HeapDumpPath=/home/nacos/logs/java_heapdump.hprof -XX:InitialHeapSize=1073741824 -XX:MaxHeapSize=1073741824 -XX:MaxMetaspaceSize=335544320 -XX:MaxNewSize=536870912 -XX:MetaspaceSize=134217728 -XX:NewSize=536870912 -XX:NumberOfGCLogFiles=10 -XX:-OmitStackTraceInFastThrow -XX:+PrintGC -XX:+PrintGCDateStamps -XX:+PrintGCDetails -XX:+PrintGCTimeStamps -XX:+UseCompressedClassPointers -XX:+UseCompressedOops -XX:+UseGCLogFileRotation -XX:-UseLargePages -XX:+UseParallelGC 
2021-05-14T09:30:53.782+0800: 5.434: [GC (Allocation Failure) [PSYoungGen: 393216K->14840K(458752K)] 393216K->14912K(983040K), 0.0950087 secs] [Times: user=0.08 sys=0.01, real=0.09 secs] 
2021-05-14T09:30:58.032+0800: 9.684: [GC (Allocation Failure) [PSYoungGen: 408056K->17178K(458752K)] 408128K->17274K(983040K), 0.0919697 secs] [Times: user=0.08 sys=0.01, real=0.10 secs] 
2021-05-14T09:31:01.763+0800: 13.415: [GC (Allocation Failure) [PSYoungGen: 410394K->33629K(458752K)] 410490K->33733K(983040K), 0.2686027 secs] [Times: user=0.31 sys=0.02, real=0.26 secs] 
2021-05-14T09:31:05.207+0800: 16.859: [GC (Allocation Failure) [PSYoungGen: 426845K->57365K(458752K)] 426949K->57477K(983040K), 0.2563157 secs] [Times: user=0.19 sys=0.02, real=0.26 secs] 
2021-05-14T09:31:08.913+0800: 20.565: [GC (Allocation Failure) [PSYoungGen: 450581K->53521K(446976K)] 450693K->53641K(971264K), 0.2416031 secs] [Times: user=0.19 sys=0.01, real=0.24 secs] 
2021-05-14T09:31:14.451+0800: 26.103: [GC (Allocation Failure) [PSYoungGen: 446737K->44586K(454144K)] 446857K->44714K(978432K), 0.1684949 secs] [Times: user=0.14 sys=0.00, real=0.17 secs] 
2021-05-14T09:31:18.689+0800: 30.341: [GC (Allocation Failure) [PSYoungGen: 428586K->36076K(454144K)] 428714K->48125K(978432K), 0.2070496 secs] [Times: user=0.14 sys=0.01, real=0.21 secs] 
2021-05-14T09:31:28.532+0800: 40.184: [GC (Allocation Failure) [PSYoungGen: 420076K->36827K(462336K)] 432125K->64068K(986624K), 0.1040540 secs] [Times: user=0.22 sys=0.01, real=0.10 secs] 
2021-05-14T09:31:35.490+0800: 47.142: [GC (Allocation Failure) [PSYoungGen: 433627K->41553K(458752K)] 460868K->77634K(983040K), 0.0914176 secs] [Times: user=0.13 sys=0.01, real=0.09 secs] 
2021-05-14T09:31:42.872+0800: 54.524: [GC (Allocation Failure) [PSYoungGen: 438353K->43617K(462848K)] 474434K->97255K(987136K), 0.1992051 secs] [Times: user=0.15 sys=0.01, real=0.20 secs] 
2021-05-14T09:32:41.037+0800: 112.689: [GC (Allocation Failure) [PSYoungGen: 445025K->27890K(462848K)] 498663K->117290K(987136K), 0.1087927 secs] [Times: user=0.19 sys=0.04, real=0.11 secs] 
2021-05-14T09:37:20.896+0800: 392.548: [GC (Allocation Failure) [PSYoungGen: 429298K->18848K(461824K)] 518698K->131402K(986112K), 0.0500871 secs] [Times: user=0.13 sys=0.03, real=0.05 secs] 
2021-05-14T09:42:17.854+0800: 689.506: [GC (Allocation Failure) [PSYoungGen: 420256K->8768K(410624K)] 532810K->135333K(934912K), 0.0273553 secs] [Times: user=0.08 sys=0.01, real=0.02 secs] 
2021-05-14T09:46:50.370+0800: 962.022: [GC (Allocation Failure) [PSYoungGen: 410176K->10632K(459264K)] 536741K->145050K(983552K), 0.0253034 secs] [Times: user=0.05 sys=0.01, real=0.03 secs] 
2021-05-14T09:51:22.866+0800: 1234.518: [GC (Allocation Failure) [PSYoungGen: 406920K->6592K(402944K)] 541338K->150123K(927232K), 0.0208015 secs] [Times: user=0.06 sys=0.01, real=0.02 secs] 
2021-05-14T09:55:40.959+0800: 1492.611: [GC (Allocation Failure) [PSYoungGen: 402880K->5152K(458752K)] 546411K->154222K(983040K), 0.0217016 secs] [Times: user=0.06 sys=0.01, real=0.02 secs] 
2021-05-14T09:59:33.731+0800: 1725.383: [GC (Allocation Failure) [PSYoungGen: 399392K->5680K(459264K)] 548462K->158743K(983552K), 0.0198076 secs] [Times: user=0.06 sys=0.00, real=0.02 secs] 
2021-05-14T10:03:13.581+0800: 1945.233: [GC (Allocation Failure) [PSYoungGen: 399920K->8768K(461312K)] 552983K->166284K(985600K), 0.0350090 secs] [Times: user=0.06 sys=0.01, real=0.04 secs] 
2021-05-14T10:06:49.346+0800: 2160.998: [GC (Allocation Failure) [PSYoungGen: 405568K->12352K(459776K)] 563084K->176856K(984064K), 0.0288485 secs] [Times: user=0.07 sys=0.01, real=0.03 secs] 
2021-05-14T10:09:50.924+0800: 2342.576: [GC (Allocation Failure) [PSYoungGen: 409152K->10232K(465920K)] 573656K->183462K(990208K), 0.0314856 secs] [Times: user=0.08 sys=0.01, real=0.03 secs] 
2021-05-14T10:12:45.502+0800: 2517.154: [GC (Allocation Failure) [PSYoungGen: 415736K->9760K(463872K)] 588966K->190514K(988160K), 0.0295568 secs] [Times: user=0.07 sys=0.01, real=0.03 secs] 
2021-05-14T10:15:45.808+0800: 2697.460: [GC (Allocation Failure) [PSYoungGen: 415264K->5504K(469504K)] 596018K->195034K(993792K), 0.0248565 secs] [Times: user=0.06 sys=0.02, real=0.03 secs] 
2021-05-14T10:18:47.913+0800: 2879.565: [GC (Allocation Failure) [PSYoungGen: 418688K->6688K(467968K)] 608218K->200821K(992256K), 0.0254430 secs] [Times: user=0.06 sys=0.00, real=0.02 secs] 
2021-05-14T10:21:46.756+0800: 3058.408: [GC (Allocation Failure) [PSYoungGen: 419872K->5888K(473088K)] 614005K->205729K(997376K), 0.0196541 secs] [Times: user=0.06 sys=0.00, real=0.02 secs] 
2021-05-14T10:24:49.901+0800: 3241.553: [GC (Allocation Failure) [PSYoungGen: 425728K->11552K(471040K)] 625569K->215880K(995328K), 0.0242637 secs] [Times: user=0.06 sys=0.00, real=0.03 secs] 
2021-05-14T10:27:53.338+0800: 3424.990: [GC (Allocation Failure) [PSYoungGen: 431392K->14336K(479232K)] 635720K->227382K(1003520K), 0.0355819 secs] [Times: user=0.06 sys=0.01, real=0.04 secs] 
2021-05-14T10:30:57.401+0800: 3609.053: [GC (Allocation Failure) [PSYoungGen: 444928K->14080K(475648K)] 657974K->236970K(999936K), 0.0310486 secs] [Times: user=0.07 sys=0.01, real=0.04 secs] 
2021-05-14T10:34:01.698+0800: 3793.350: [GC (Allocation Failure) [PSYoungGen: 444672K->14208K(484352K)] 667562K->246980K(1008640K), 0.0530315 secs] [Times: user=0.09 sys=0.01, real=0.05 secs] 
2021-05-14T10:37:10.824+0800: 3982.476: [GC (Allocation Failure) [PSYoungGen: 456064K->14328K(481792K)] 688836K->256506K(1006080K), 0.0362447 secs] [Times: user=0.07 sys=0.03, real=0.03 secs] 
2021-05-14T10:40:23.307+0800: 4174.959: [GC (Allocation Failure) [PSYoungGen: 456184K->15232K(488960K)] 698362K->267128K(1013248K), 0.0242740 secs] [Times: user=0.07 sys=0.01, real=0.02 secs] 
2021-05-14T10:43:38.296+0800: 4369.948: [GC (Allocation Failure) [PSYoungGen: 466816K->12736K(486912K)] 718712K->275172K(1011200K), 0.0260179 secs] [Times: user=0.07 sys=0.00, real=0.03 secs] 
2021-05-14T10:46:53.435+0800: 4565.087: [GC (Allocation Failure) [PSYoungGen: 464320K->15904K(492032K)] 726756K->287896K(1016320K), 0.0299791 secs] [Times: user=0.08 sys=0.01, real=0.03 secs] 
2021-05-14T10:50:08.276+0800: 4759.928: [GC (Allocation Failure) [PSYoungGen: 474144K->12800K(490496K)] 746136K->296531K(1014784K), 0.0574677 secs] [Times: user=0.06 sys=0.02, real=0.06 secs] 
2021-05-14T10:53:23.749+0800: 4955.401: [GC (Allocation Failure) [PSYoungGen: 471040K->14336K(495104K)] 754771K->306842K(1019392K), 0.0382490 secs] [Times: user=0.08 sys=0.00, real=0.04 secs] 
2021-05-14T10:56:41.477+0800: 5153.129: [GC (Allocation Failure) [PSYoungGen: 478720K->13152K(493568K)] 771226K->315070K(1017856K), 0.0266206 secs] [Times: user=0.07 sys=0.01, real=0.03 secs] 
2021-05-14T11:00:03.497+0800: 5355.149: [GC (Allocation Failure) [PSYoungGen: 477536K->13248K(497152K)] 779454K->324881K(1021440K), 0.0326506 secs] [Times: user=0.07 sys=0.00, real=0.03 secs] 
2021-05-14T11:03:27.730+0800: 5559.382: [GC (Allocation Failure) [PSYoungGen: 482240K->13600K(496128K)] 793873K->333647K(1020416K), 0.0309313 secs] [Times: user=0.08 sys=0.01, real=0.03 secs] 
2021-05-14T11:06:47.876+0800: 5759.528: [GC (Allocation Failure) [PSYoungGen: 482592K->15680K(499200K)] 802639K->345403K(1023488K), 0.0421004 secs] [Times: user=0.10 sys=0.01, real=0.04 secs] 
2021-05-14T11:10:12.675+0800: 5964.327: [GC (Allocation Failure) [PSYoungGen: 489280K->16576K(498688K)] 819003K->356049K(1022976K), 0.0392440 secs] [Times: user=0.09 sys=0.02, real=0.04 secs] 
2021-05-14T11:13:37.104+0800: 6168.756: [GC (Allocation Failure) [PSYoungGen: 490176K->13360K(500224K)] 829649K->363989K(1024512K), 0.0279636 secs] [Times: user=0.07 sys=0.01, real=0.02 secs] 
2021-05-14T11:17:04.666+0800: 6376.318: [GC (Allocation Failure) [PSYoungGen: 488496K->14272K(499200K)] 839125K->374915K(1023488K), 0.0316616 secs] [Times: user=0.07 sys=0.01, real=0.03 secs] 
2021-05-14T11:20:28.483+0800: 6580.135: [GC (Allocation Failure) [PSYoungGen: 489408K->15936K(501248K)] 850051K->386328K(1025536K), 0.0593400 secs] [Times: user=0.08 sys=0.01, real=0.06 secs] 
2021-05-14T11:23:53.230+0800: 6784.882: [GC (Allocation Failure) [PSYoungGen: 494144K->15072K(501248K)] 864536K->395262K(1025536K), 0.0326054 secs] [Times: user=0.08 sys=0.01, real=0.04 secs] 
2021-05-14T11:27:18.407+0800: 6990.059: [GC (Allocation Failure) [PSYoungGen: 493280K->15840K(502272K)] 873470K->406267K(1026560K), 0.0396702 secs] [Times: user=0.09 sys=0.01, real=0.04 secs] 
2021-05-14T11:30:44.816+0800: 7196.468: [GC (Allocation Failure) [PSYoungGen: 495584K->15328K(501760K)] 886011K->416783K(1026048K), 0.0303913 secs] [Times: user=0.08 sys=0.01, real=0.03 secs] 
2021-05-14T11:34:13.902+0800: 7405.554: [GC (Allocation Failure) [PSYoungGen: 495072K->14496K(503296K)] 896527K->425716K(1027584K), 0.0298382 secs] [Times: user=0.08 sys=0.01, real=0.03 secs] 
2021-05-14T11:37:39.211+0800: 7610.863: [GC (Allocation Failure) [PSYoungGen: 496288K->12256K(502784K)] 907508K->433136K(1027072K), 0.0320297 secs] [Times: user=0.08 sys=0.01, real=0.04 secs] 
2021-05-14T11:41:03.081+0800: 7814.733: [GC (Allocation Failure) [PSYoungGen: 494048K->16512K(503296K)] 914928K->445420K(1027584K), 0.0311684 secs] [Times: user=0.07 sys=0.01, real=0.03 secs] 
2021-05-14T11:44:31.002+0800: 8022.654: [GC (Allocation Failure) [PSYoungGen: 498816K->15776K(503296K)] 927724K->455361K(1027584K), 0.0328377 secs] [Times: user=0.08 sys=0.01, real=0.03 secs] 
2021-05-14T11:48:03.109+0800: 8234.761: [GC (Allocation Failure) [PSYoungGen: 498080K->13536K(503808K)] 937665K->464390K(1028096K), 0.0275747 secs] [Times: user=0.07 sys=0.02, real=0.03 secs] 
2021-05-14T11:51:28.915+0800: 8440.567: [GC (Allocation Failure) [PSYoungGen: 496864K->12960K(503808K)] 947718K->473250K(1028096K), 0.0367318 secs] [Times: user=0.08 sys=0.01, real=0.03 secs] 
2021-05-14T11:55:00.766+0800: 8652.418: [GC (Allocation Failure) [PSYoungGen: 496288K->17184K(503296K)] 956578K->486206K(1027584K), 0.0391241 secs] [Times: user=0.08 sys=0.01, real=0.04 secs] 
2021-05-14T11:58:30.356+0800: 8862.008: [GC (Allocation Failure) [PSYoungGen: 500512K->15840K(503808K)] 969534K->495339K(1028096K), 0.0367556 secs] [Times: user=0.08 sys=0.01, real=0.04 secs] 
2021-05-14T12:01:54.903+0800: 9066.555: [GC (Allocation Failure) [PSYoungGen: 499168K->16000K(503808K)] 978667K->505936K(1028096K), 0.0344037 secs] [Times: user=0.08 sys=0.01, real=0.03 secs] 
2021-05-14T12:05:27.471+0800: 9279.123: [GC (Allocation Failure) [PSYoungGen: 499310K->14208K(503808K)] 989246K->514196K(1028096K), 0.0294964 secs] [Times: user=0.07 sys=0.01, real=0.03 secs] 
2021-05-14T12:09:16.525+0800: 9508.177: [GC (Allocation Failure) [PSYoungGen: 497536K->12160K(504320K)] 997524K->522013K(1028608K), 0.0307712 secs] [Times: user=0.08 sys=0.01, real=0.03 secs] 
2021-05-14T12:13:11.833+0800: 9743.485: [GC (Allocation Failure) [PSYoungGen: 496512K->6752K(491520K)] 1006365K->526426K(1015808K), 0.0492394 secs] [Times: user=0.07 sys=0.01, real=0.04 secs] 
2021-05-14T12:13:11.882+0800: 9743.534: [Full GC (Ergonomics) [PSYoungGen: 6752K->0K(491520K)] [ParOldGen: 519674K->400151K(524288K)] 526426K->400151K(1015808K), [Metaspace: 93381K->93006K(1134592K)], 0.8588969 secs] [Times: user=1.85 sys=0.00, real=0.85 secs] 
2021-05-14T12:16:56.839+0800: 9968.491: [GC (Allocation Failure) [PSYoungGen: 484351K->10440K(503808K)] 884503K->410591K(1028096K), 0.0194385 secs] [Times: user=0.06 sys=0.00, real=0.02 secs] 
2021-05-14T12:20:52.023+0800: 10203.675: [GC (Allocation Failure) [PSYoungGen: 493256K->4352K(487424K)] 893407K->413940K(1011712K), 0.0228869 secs] [Times: user=0.07 sys=0.00, real=0.02 secs] 
2021-05-14T12:24:44.314+0800: 10435.966: [GC (Allocation Failure) [PSYoungGen: 487168K->7168K(502784K)] 896756K->420042K(1027072K), 0.0605148 secs] [Times: user=0.07 sys=0.00, real=0.06 secs] 
2021-05-14T12:28:43.637+0800: 10675.289: [GC (Allocation Failure) [PSYoungGen: 488448K->10144K(502784K)] 901322K->428599K(1027072K), 0.0269770 secs] [Times: user=0.09 sys=0.00, real=0.03 secs] 
2021-05-14T12:32:48.449+0800: 10920.101: [GC (Allocation Failure) [PSYoungGen: 491424K->7392K(503296K)] 909879K->434049K(1027584K), 0.0265222 secs] [Times: user=0.07 sys=0.00, real=0.03 secs] 
2021-05-14T12:36:52.552+0800: 11164.204: [GC (Allocation Failure) [PSYoungGen: 489696K->7648K(503296K)] 916353K->439573K(1027584K), 0.0183109 secs] [Times: user=0.05 sys=0.00, real=0.01 secs] 
2021-05-14T12:40:55.362+0800: 11407.014: [GC (Allocation Failure) [PSYoungGen: 489952K->9216K(504320K)] 921877K->447423K(1028608K), 0.0202239 secs] [Times: user=0.06 sys=0.00, real=0.02 secs] 
2021-05-14T12:44:57.465+0800: 11649.117: [GC (Allocation Failure) [PSYoungGen: 493056K->9760K(503808K)] 931263K->455282K(1028096K), 0.0210713 secs] [Times: user=0.06 sys=0.00, real=0.02 secs] 
2021-05-14T12:48:54.812+0800: 11886.464: [GC (Allocation Failure) [PSYoungGen: 493600K->10400K(505856K)] 939122K->463716K(1030144K), 0.0233218 secs] [Times: user=0.07 sys=0.00, real=0.03 secs] 
2021-05-14T12:53:01.578+0800: 12133.230: [GC (Allocation Failure) [PSYoungGen: 496800K->7872K(504832K)] 950116K->469653K(1029120K), 0.0216704 secs] [Times: user=0.06 sys=0.00, real=0.02 secs] 
2021-05-14T12:57:04.511+0800: 12376.163: [GC (Allocation Failure) [PSYoungGen: 494272K->9952K(506880K)] 956053K->477233K(1031168K), 0.0254215 secs] [Times: user=0.08 sys=0.00, real=0.03 secs] 
2021-05-14T13:01:09.737+0800: 12621.389: [GC (Allocation Failure) [PSYoungGen: 498400K->8832K(505856K)] 965681K->484115K(1030144K), 0.0479835 secs] [Times: user=0.07 sys=0.00, real=0.05 secs] 
2021-05-14T13:05:12.678+0800: 12864.330: [GC (Allocation Failure) [PSYoungGen: 497280K->7296K(507392K)] 972563K->489934K(1031680K), 0.0243542 secs] [Times: user=0.08 sys=0.00, real=0.03 secs] 
2021-05-14T13:09:22.032+0800: 13113.684: [GC (Allocation Failure) [PSYoungGen: 497792K->9696K(507392K)] 980430K->498218K(1031680K), 0.0236457 secs] [Times: user=0.07 sys=0.00, real=0.03 secs] 
2021-05-14T13:13:27.559+0800: 13359.211: [GC (Allocation Failure) [PSYoungGen: 500192K->8256K(508416K)] 988714K->503876K(1032704K), 0.0216479 secs] [Times: user=0.07 sys=0.00, real=0.02 secs] 
2021-05-14T13:17:35.649+0800: 13607.301: [GC (Allocation Failure) [PSYoungGen: 500288K->7232K(507904K)] 995908K->509326K(1032192K), 0.0280675 secs] [Times: user=0.09 sys=0.00, real=0.03 secs] 
2021-05-14T13:21:42.379+0800: 13854.031: [GC (Allocation Failure) [PSYoungGen: 499264K->7360K(508928K)] 1001358K->514626K(1033216K), 0.0346181 secs] [Times: user=0.06 sys=0.00, real=0.04 secs] 
2021-05-14T13:25:46.256+0800: 14097.908: [GC (Allocation Failure) [PSYoungGen: 500416K->11008K(508416K)] 1007682K->523966K(1032704K), 0.0265728 secs] [Times: user=0.08 sys=0.00, real=0.03 secs] 
2021-05-14T13:29:48.494+0800: 14340.146: [GC (Allocation Failure) [PSYoungGen: 504064K->9824K(508928K)] 1017022K->532486K(1033216K), 0.0360067 secs] [Times: user=0.07 sys=0.00, real=0.03 secs] 
2021-05-14T13:29:48.531+0800: 14340.183: [Full GC (Ergonomics) [PSYoungGen: 9824K->0K(508928K)] [ParOldGen: 522662K->199283K(524288K)] 532486K->199283K(1033216K), [Metaspace: 93013K->93006K(1134592K)], 0.4253775 secs] [Times: user=0.91 sys=0.00, real=0.43 secs] 
2021-05-14T13:33:53.441+0800: 14585.093: [GC (Allocation Failure) [PSYoungGen: 493056K->10144K(508416K)] 692339K->209427K(1032704K), 0.0225734 secs] [Times: user=0.06 sys=0.00, real=0.03 secs] 
2021-05-14T13:38:01.512+0800: 14833.164: [GC (Allocation Failure) [PSYoungGen: 503200K->8704K(509952K)] 702483K->216326K(1034240K), 0.0223430 secs] [Times: user=0.06 sys=0.00, real=0.03 secs] 
2021-05-14T13:42:09.058+0800: 15080.710: [GC (Allocation Failure) [PSYoungGen: 503808K->10432K(509440K)] 711430K->224641K(1033728K), 0.0247573 secs] [Times: user=0.07 sys=0.00, real=0.03 secs] 
2021-05-14T13:46:18.812+0800: 15330.464: [GC (Allocation Failure) [PSYoungGen: 505536K->8032K(509952K)] 719745K->230482K(1034240K), 0.0232007 secs] [Times: user=0.07 sys=0.00, real=0.03 secs] 
2021-05-14T13:50:30.924+0800: 15582.576: [GC (Allocation Failure) [PSYoungGen: 503648K->7328K(509952K)] 726098K->235702K(1034240K), 0.0204775 secs] [Times: user=0.07 sys=0.00, real=0.02 secs] 
2021-05-14T13:54:38.227+0800: 15829.879: [GC (Allocation Failure) [PSYoungGen: 502944K->8096K(510464K)] 731318K->242441K(1034752K), 0.0221298 secs] [Times: user=0.07 sys=0.00, real=0.02 secs] 
2021-05-14T13:58:45.659+0800: 16077.311: [GC (Allocation Failure) [PSYoungGen: 504224K->9312K(509952K)] 738569K->250076K(1034240K), 0.0264768 secs] [Times: user=0.07 sys=0.00, real=0.03 secs] 
2021-05-14T14:02:51.236+0800: 16322.888: [GC (Allocation Failure) [PSYoungGen: 505440K->7552K(510976K)] 746204K->256021K(1035264K), 0.0258119 secs] [Times: user=0.09 sys=0.00, real=0.02 secs] 
2021-05-14T14:07:07.090+0800: 16578.742: [GC (Allocation Failure) [PSYoungGen: 505216K->6304K(510976K)] 753685K->261023K(1035264K), 0.0268034 secs] [Times: user=0.07 sys=0.00, real=0.03 secs] 
2021-05-14T14:11:14.577+0800: 16826.229: [GC (Allocation Failure) [PSYoungGen: 503968K->8832K(511488K)] 758687K->268380K(1035776K), 0.0231656 secs] [Times: user=0.07 sys=0.00, real=0.02 secs] 
2021-05-14T14:15:25.264+0800: 17076.916: [GC (Allocation Failure) [PSYoungGen: 507008K->10816K(510976K)] 766556K->277470K(1035264K), 0.0260899 secs] [Times: user=0.07 sys=0.00, real=0.02 secs] 
2021-05-14T14:19:36.429+0800: 17328.081: [GC (Allocation Failure) [PSYoungGen: 508992K->9792K(510976K)] 775646K->284991K(1035264K), 0.0248833 secs] [Times: user=0.07 sys=0.00, real=0.03 secs] 
2021-05-14T14:23:44.414+0800: 17576.066: [GC (Allocation Failure) [PSYoungGen: 507456K->11040K(508928K)] 782655K->294099K(1033216K), 0.0332416 secs] [Times: user=0.07 sys=0.00, real=0.03 secs] 
2021-05-14T14:27:50.008+0800: 17821.660: [GC (Allocation Failure) [PSYoungGen: 508704K->9952K(510976K)] 791763K->301780K(1035264K), 0.0300859 secs] [Times: user=0.09 sys=0.00, real=0.03 secs] 
2021-05-14T14:31:58.186+0800: 18069.838: [GC (Allocation Failure) [PSYoungGen: 507104K->9824K(510464K)] 798932K->309862K(1034752K), 0.0276774 secs] [Times: user=0.09 sys=0.00, real=0.03 secs] 
2021-05-14T14:36:04.192+0800: 18315.844: [GC (Allocation Failure) [PSYoungGen: 506976K->7616K(510976K)] 807014K->315849K(1035264K), 0.0238672 secs] [Times: user=0.07 sys=0.00, real=0.02 secs] 
2021-05-14T14:40:13.581+0800: 18565.233: [GC (Allocation Failure) [PSYoungGen: 505280K->10048K(510976K)] 813513K->324277K(1035264K), 0.0208957 secs] [Times: user=0.07 sys=0.00, real=0.03 secs] 
2021-05-14T14:44:34.471+0800: 18826.123: [GC (Allocation Failure) [PSYoungGen: 507712K->9760K(511488K)] 821941K->332256K(1035776K), 0.0216635 secs] [Times: user=0.07 sys=0.00, real=0.03 secs] 
2021-05-14T14:49:19.695+0800: 19111.347: [GC (Allocation Failure) [PSYoungGen: 507936K->4096K(510976K)] 830432K->335303K(1035264K), 0.0207771 secs] [Times: user=0.06 sys=0.00, real=0.02 secs] 
2021-05-14T14:54:04.283+0800: 19395.935: [GC (Allocation Failure) [PSYoungGen: 502272K->3904K(509952K)] 833479K->338085K(1034240K), 0.0236880 secs] [Times: user=0.07 sys=0.00, real=0.02 secs] 
2021-05-14T14:58:47.871+0800: 19679.523: [GC (Allocation Failure) [PSYoungGen: 500544K->4448K(510464K)] 834725K->341380K(1034752K), 0.0199682 secs] [Times: user=0.06 sys=0.00, real=0.02 secs] 
2021-05-14T15:03:32.846+0800: 19964.498: [GC (Allocation Failure) [PSYoungGen: 501088K->3968K(509440K)] 838020K->344217K(1033728K), 0.0184652 secs] [Times: user=0.06 sys=0.00, real=0.02 secs] 
2021-05-14T15:08:14.520+0800: 20246.173: [GC (Allocation Failure) [PSYoungGen: 499584K->5600K(509952K)] 839833K->345849K(1034240K), 0.0201367 secs] [Times: user=0.05 sys=0.00, real=0.02 secs] 
2021-05-14T15:13:01.145+0800: 20532.797: [GC (Allocation Failure) [PSYoungGen: 501216K->8256K(510976K)] 841465K->348505K(1035264K), 0.0393517 secs] [Times: user=0.07 sys=0.00, real=0.04 secs] 
2021-05-14T15:17:43.296+0800: 20814.948: [GC (Allocation Failure) [PSYoungGen: 505408K->10016K(510464K)] 845657K->352703K(1034752K), 0.0213127 secs] [Times: user=0.07 sys=0.00, real=0.02 secs] 
2021-05-14T15:22:27.255+0800: 21098.907: [GC (Allocation Failure) [PSYoungGen: 507168K->10656K(509440K)] 849855K->354567K(1033728K), 0.0397900 secs] [Times: user=0.09 sys=0.00, real=0.04 secs] 
2021-05-14T15:27:08.312+0800: 21379.964: [GC (Allocation Failure) [PSYoungGen: 506272K->10336K(506368K)] 850183K->360762K(1030656K), 0.0559716 secs] [Times: user=0.08 sys=0.00, real=0.06 secs] 
2021-05-14T15:31:50.410+0800: 21662.062: [GC (Allocation Failure) [PSYoungGen: 505952K->3328K(509440K)] 856378K->362598K(1033728K), 0.0225203 secs] [Times: user=0.08 sys=0.00, real=0.03 secs] 
2021-05-14T15:36:36.135+0800: 21947.787: [GC (Allocation Failure) [PSYoungGen: 497920K->2528K(509440K)] 857190K->363694K(1033728K), 0.0183564 secs] [Times: user=0.06 sys=0.00, real=0.02 secs] 
2021-05-14T15:41:19.269+0800: 22230.921: [GC (Allocation Failure) [PSYoungGen: 497120K->3264K(509440K)] 858286K->365750K(1033728K), 0.0256574 secs] [Times: user=0.06 sys=0.00, real=0.03 secs] 
2021-05-14T15:46:03.541+0800: 22515.193: [GC (Allocation Failure) [PSYoungGen: 497856K->3840K(509440K)] 860342K->368309K(1033728K), 0.0444848 secs] [Times: user=0.07 sys=0.00, real=0.05 secs] 
2021-05-14T15:50:44.320+0800: 22795.972: [GC (Allocation Failure) [PSYoungGen: 498432K->4192K(509952K)] 862901K->371132K(1034240K), 0.0254078 secs] [Times: user=0.08 sys=0.00, real=0.03 secs] 
2021-05-14T15:55:29.384+0800: 23081.036: [GC (Allocation Failure) [PSYoungGen: 499296K->4032K(509440K)] 866236K->373915K(1033728K), 0.0189107 secs] [Times: user=0.06 sys=0.00, real=0.02 secs] 
2021-05-14T16:00:10.020+0800: 23361.672: [GC (Allocation Failure) [PSYoungGen: 499136K->5856K(510976K)] 869019K->378202K(1035264K), 0.0397648 secs] [Times: user=0.07 sys=0.00, real=0.04 secs] 
2021-05-14T16:04:53.114+0800: 23644.766: [GC (Allocation Failure) [PSYoungGen: 503008K->3936K(510464K)] 875354K->381078K(1034752K), 0.0286050 secs] [Times: user=0.06 sys=0.00, real=0.03 secs] 
2021-05-14T16:09:42.857+0800: 23934.509: [GC (Allocation Failure) [PSYoungGen: 501088K->2784K(511488K)] 878230K->382852K(1035776K), 0.0192434 secs] [Times: user=0.06 sys=0.00, real=0.02 secs] 
2021-05-14T16:14:29.791+0800: 24221.443: [GC (Allocation Failure) [PSYoungGen: 501471K->3776K(511488K)] 881540K->385372K(1035776K), 0.0235336 secs] [Times: user=0.08 sys=0.00, real=0.03 secs] 
2021-05-14T16:19:16.966+0800: 24508.618: [GC (Allocation Failure) [PSYoungGen: 502464K->3136K(512512K)] 884060K->386708K(1036800K), 0.0198984 secs] [Times: user=0.07 sys=0.00, real=0.02 secs] 
2021-05-14T16:23:58.689+0800: 24790.341: [GC (Allocation Failure) [PSYoungGen: 503360K->2560K(512000K)] 886932K->387885K(1036288K), 0.0185047 secs] [Times: user=0.05 sys=0.00, real=0.02 secs] 
2021-05-14T16:28:43.432+0800: 25075.084: [GC (Allocation Failure) [PSYoungGen: 502784K->4224K(513024K)] 888109K->389549K(1037312K), 0.0189467 secs] [Times: user=0.05 sys=0.00, real=0.02 secs] 
2021-05-14T16:33:29.805+0800: 25361.457: [GC (Allocation Failure) [PSYoungGen: 505471K->6720K(512512K)] 890797K->392045K(1036800K), 0.0251767 secs] [Times: user=0.08 sys=0.00, real=0.02 secs] 
2021-05-14T16:38:14.686+0800: 25646.339: [GC (Allocation Failure) [PSYoungGen: 507968K->8064K(512000K)] 893293K->393389K(1036288K), 0.0239538 secs] [Times: user=0.07 sys=0.00, real=0.02 secs] 
2021-05-14T16:43:00.599+0800: 25932.251: [GC (Allocation Failure) [PSYoungGen: 508796K->9824K(510976K)] 894121K->395149K(1035264K), 0.0208491 secs] [Times: user=0.07 sys=0.00, real=0.02 secs] 
2021-05-14T16:47:46.552+0800: 26218.205: [GC (Allocation Failure) [PSYoungGen: 510560K->9696K(509440K)] 895885K->395021K(1033728K), 0.0215918 secs] [Times: user=0.07 sys=0.00, real=0.02 secs] 
2021-05-14T16:52:29.720+0800: 26501.372: [GC (Allocation Failure) [PSYoungGen: 506336K->11456K(508416K)] 891661K->396781K(1032704K), 0.0196484 secs] [Times: user=0.06 sys=0.00, real=0.02 secs] 
2021-05-14T16:57:17.952+0800: 26789.604: [GC (Allocation Failure) [PSYoungGen: 508096K->11776K(507392K)] 893421K->397101K(1031680K), 0.0303239 secs] [Times: user=0.09 sys=0.00, real=0.04 secs] 
2021-05-14T17:02:00.937+0800: 27072.589: [GC (Allocation Failure) [PSYoungGen: 504320K->11648K(504320K)] 889645K->396973K(1028608K), 0.0217532 secs] [Times: user=0.07 sys=0.00, real=0.02 secs] 
2021-05-14T17:06:42.426+0800: 27354.078: [GC (Allocation Failure) [PSYoungGen: 504192K->13568K(505344K)] 889517K->398893K(1029632K), 0.0231398 secs] [Times: user=0.07 sys=0.00, real=0.02 secs] 
2021-05-14T17:11:22.041+0800: 27633.693: [GC (Allocation Failure) [PSYoungGen: 502016K->14464K(503296K)] 887341K->399789K(1027584K), 0.0255453 secs] [Times: user=0.08 sys=0.00, real=0.03 secs] 
2021-05-14T17:16:06.299+0800: 27917.951: [GC (Allocation Failure) [PSYoungGen: 502912K->15232K(501760K)] 888237K->401493K(1026048K), 0.0248528 secs] [Times: user=0.08 sys=0.00, real=0.03 secs] 
2021-05-14T17:20:45.562+0800: 28197.214: [GC (Allocation Failure) [PSYoungGen: 497536K->16576K(499200K)] 883797K->403788K(1023488K), 0.0355130 secs] [Times: user=0.08 sys=0.00, real=0.04 secs] 
2021-05-14T17:25:21.232+0800: 28472.884: [GC (Allocation Failure) [PSYoungGen: 498880K->15104K(500736K)] 886092K->403084K(1025024K), 0.0285061 secs] [Times: user=0.08 sys=0.00, real=0.02 secs] 
2021-05-14T17:29:56.354+0800: 28748.006: [GC (Allocation Failure) [PSYoungGen: 493312K->15424K(494080K)] 881292K->403980K(1018368K), 0.0266595 secs] [Times: user=0.07 sys=0.00, real=0.02 secs] 
2021-05-14T17:34:29.943+0800: 29021.595: [GC (Allocation Failure) [PSYoungGen: 493632K->14080K(500736K)] 882188K->403459K(1025024K), 0.0211770 secs] [Times: user=0.06 sys=0.00, real=0.02 secs] 
2021-05-14T17:39:03.686+0800: 29295.338: [GC (Allocation Failure) [PSYoungGen: 491264K->14112K(500736K)] 880643K->403587K(1025024K), 0.0260981 secs] [Times: user=0.08 sys=0.00, real=0.02 secs] 
2021-05-14T17:43:39.874+0800: 29571.526: [GC (Allocation Failure) [PSYoungGen: 491296K->14272K(501248K)] 880771K->404106K(1025536K), 0.0234525 secs] [Times: user=0.07 sys=0.00, real=0.02 secs] 
2021-05-14T17:48:16.131+0800: 29847.783: [GC (Allocation Failure) [PSYoungGen: 492480K->13824K(501248K)] 882314K->403754K(1025536K), 0.0236785 secs] [Times: user=0.07 sys=0.00, real=0.03 secs] 
2021-05-14T17:52:49.361+0800: 30121.013: [GC (Allocation Failure) [PSYoungGen: 492032K->14528K(501760K)] 881962K->404786K(1026048K), 0.0206510 secs] [Times: user=0.06 sys=0.00, real=0.03 secs] 
2021-05-14T17:57:20.979+0800: 30392.631: [GC (Allocation Failure) [PSYoungGen: 493760K->13344K(501760K)] 884018K->405152K(1026048K), 0.0224752 secs] [Times: user=0.06 sys=0.00, real=0.02 secs] 
2021-05-14T18:01:56.566+0800: 30668.218: [GC (Allocation Failure) [PSYoungGen: 492576K->12032K(503296K)] 884384K->404903K(1027584K), 0.0254229 secs] [Times: user=0.08 sys=0.00, real=0.02 secs] 
2021-05-14T18:06:32.073+0800: 30943.725: [GC (Allocation Failure) [PSYoungGen: 493312K->12160K(502272K)] 886183K->406820K(1026560K), 0.0258793 secs] [Times: user=0.07 sys=0.00, real=0.02 secs] 
2021-05-14T18:11:11.349+0800: 31223.001: [GC (Allocation Failure) [PSYoungGen: 493440K->10880K(504320K)] 888100K->407098K(1028608K), 0.0353827 secs] [Times: user=0.07 sys=0.00, real=0.04 secs] 
2021-05-14T18:15:47.055+0800: 31498.707: [GC (Allocation Failure) [PSYoungGen: 495232K->10816K(504320K)] 891450K->407857K(1028608K), 0.0222778 secs] [Times: user=0.06 sys=0.00, real=0.02 secs] 
2021-05-14T18:20:24.835+0800: 31776.487: [GC (Allocation Failure) [PSYoungGen: 495168K->8864K(505344K)] 892209K->406960K(1029632K), 0.0215679 secs] [Times: user=0.06 sys=0.00, real=0.02 secs] 
2021-05-14T18:25:04.618+0800: 32056.270: [GC (Allocation Failure) [PSYoungGen: 494740K->9824K(504832K)] 892836K->408040K(1029120K), 0.0213061 secs] [Times: user=0.06 sys=0.00, real=0.02 secs] 
2021-05-14T18:29:44.428+0800: 32336.080: [GC (Allocation Failure) [PSYoungGen: 495712K->9280K(505856K)] 893928K->407823K(1030144K), 0.0202839 secs] [Times: user=0.06 sys=0.00, real=0.02 secs] 
2021-05-14T18:34:25.199+0800: 32616.851: [GC (Allocation Failure) [PSYoungGen: 496192K->10048K(505344K)] 894735K->408591K(1029632K), 0.0191344 secs] [Times: user=0.06 sys=0.00, real=0.02 secs] 
2021-05-14T18:39:05.427+0800: 32897.079: [GC (Allocation Failure) [PSYoungGen: 496960K->10592K(506880K)] 895503K->409135K(1031168K), 0.0232590 secs] [Times: user=0.07 sys=0.00, real=0.02 secs] 
2021-05-14T18:43:48.884+0800: 33180.536: [GC (Allocation Failure) [PSYoungGen: 499552K->10048K(506368K)] 898095K->408591K(1030656K), 0.0227000 secs] [Times: user=0.07 sys=0.00, real=0.02 secs] 
2021-05-14T18:48:30.607+0800: 33462.259: [GC (Allocation Failure) [PSYoungGen: 499008K->9376K(507392K)] 897551K->407919K(1031680K), 0.0280879 secs] [Times: user=0.06 sys=0.00, real=0.03 secs] 
2021-05-14T18:53:15.454+0800: 33747.106: [GC (Allocation Failure) [PSYoungGen: 499872K->9984K(507392K)] 898415K->408615K(1031680K), 0.0244133 secs] [Times: user=0.07 sys=0.00, real=0.02 secs] 
2021-05-14T18:57:57.889+0800: 34029.541: [GC (Allocation Failure) [PSYoungGen: 500480K->9696K(508416K)] 899111K->408415K(1032704K), 0.0192137 secs] [Times: user=0.05 sys=0.00, real=0.02 secs] 
2021-05-14T19:02:37.355+0800: 34309.007: [GC (Allocation Failure) [PSYoungGen: 501728K->9888K(507904K)] 900447K->409446K(1032192K), 0.0195957 secs] [Times: user=0.06 sys=0.00, real=0.02 secs] 
2021-05-14T19:07:21.958+0800: 34593.610: [GC (Allocation Failure) [PSYoungGen: 501920K->10048K(508928K)] 901478K->409942K(1033216K), 0.0185325 secs] [Times: user=0.05 sys=0.00, real=0.02 secs] 
2021-05-14T19:12:02.427+0800: 34874.079: [GC (Allocation Failure) [PSYoungGen: 503104K->9632K(508416K)] 902998K->410101K(1032704K), 0.0277564 secs] [Times: user=0.07 sys=0.00, real=0.03 secs] 
2021-05-14T19:16:46.580+0800: 35158.232: [GC (Allocation Failure) [PSYoungGen: 502688K->9696K(509440K)] 903157K->411452K(1033728K), 0.0206090 secs] [Times: user=0.06 sys=0.00, real=0.02 secs] 
2021-05-14T19:21:28.109+0800: 35439.761: [GC (Allocation Failure) [PSYoungGen: 504288K->9344K(509440K)] 906044K->411667K(1033728K), 0.0200324 secs] [Times: user=0.06 sys=0.00, real=0.02 secs] 
2021-05-14T19:26:09.933+0800: 35721.585: [GC (Allocation Failure) [PSYoungGen: 503936K->10400K(509952K)] 906259K->412811K(1034240K), 0.0219587 secs] [Times: user=0.06 sys=0.00, real=0.02 secs] 
2021-05-14T19:30:55.317+0800: 36006.969: [GC (Allocation Failure) [PSYoungGen: 506016K->9440K(509952K)] 908427K->411947K(1034240K), 0.0312745 secs] [Times: user=0.06 sys=0.00, real=0.03 secs] 
2021-05-14T19:35:43.802+0800: 36295.454: [GC (Allocation Failure) [PSYoungGen: 505056K->10368K(510464K)] 907563K->412971K(1034752K), 0.0222592 secs] [Times: user=0.07 sys=0.00, real=0.02 secs] 
2021-05-14T19:40:35.657+0800: 36587.309: [GC (Allocation Failure) [PSYoungGen: 507008K->10720K(510464K)] 909611K->413411K(1034752K), 0.0313927 secs] [Times: user=0.06 sys=0.00, real=0.03 secs] 
2021-05-14T19:45:24.447+0800: 36876.099: [GC (Allocation Failure) [PSYoungGen: 507360K->9696K(510976K)] 910051K->412491K(1035264K), 0.0215039 secs] [Times: user=0.06 sys=0.00, real=0.02 secs] 
2021-05-14T19:50:09.153+0800: 37160.805: [GC (Allocation Failure) [PSYoungGen: 507360K->10656K(510976K)] 910155K->413779K(1035264K), 0.0455201 secs] [Times: user=0.13 sys=0.03, real=0.04 secs] 
2021-05-14T19:54:52.145+0800: 37443.797: [GC (Allocation Failure) [PSYoungGen: 508320K->10976K(510976K)] 911443K->414986K(1035264K), 0.0532003 secs] [Times: user=0.14 sys=0.04, real=0.05 secs] 
2021-05-14T19:59:37.971+0800: 37729.623: [GC (Allocation Failure) [PSYoungGen: 508640K->10560K(510976K)] 912650K->414961K(1035264K), 0.0357481 secs] [Times: user=0.07 sys=0.00, real=0.04 secs] 
2021-05-14T20:04:23.075+0800: 38014.727: [GC (Allocation Failure) [PSYoungGen: 508224K->11008K(511488K)] 912625K->416304K(1035776K), 0.0293838 secs] [Times: user=0.08 sys=0.00, real=0.03 secs] 
2021-05-14T20:09:11.641+0800: 38303.293: [GC (Allocation Failure) [PSYoungGen: 509696K->10176K(511488K)] 914992K->417086K(1035776K), 0.0420114 secs] [Times: user=0.08 sys=0.00, real=0.05 secs] 
2021-05-14T20:13:59.470+0800: 38591.122: [GC (Allocation Failure) [PSYoungGen: 508864K->10400K(511488K)] 915774K->418197K(1035776K), 0.0393681 secs] [Times: user=0.07 sys=0.00, real=0.04 secs] 
2021-05-14T20:18:45.240+0800: 38876.892: [GC (Allocation Failure) [PSYoungGen: 509088K->10304K(511488K)] 916885K->418277K(1035776K), 0.0276464 secs] [Times: user=0.08 sys=0.00, real=0.03 secs] 
2021-05-14T20:23:30.222+0800: 39161.874: [GC (Allocation Failure) [PSYoungGen: 508992K->12256K(509952K)] 916965K->420741K(1034240K), 0.0291064 secs] [Times: user=0.08 sys=0.00, real=0.02 secs] 
2021-05-14T20:28:19.814+0800: 39451.466: [GC (Allocation Failure) [PSYoungGen: 509920K->11168K(510976K)] 918405K->421059K(1035264K), 0.0289707 secs] [Times: user=0.08 sys=0.00, real=0.03 secs] 
2021-05-14T20:33:01.444+0800: 39733.096: [GC (Allocation Failure) [PSYoungGen: 508832K->12544K(510976K)] 918723K->423802K(1035264K), 0.0259012 secs] [Times: user=0.09 sys=0.00, real=0.02 secs] 
2021-05-14T20:37:42.006+0800: 40013.658: [GC (Allocation Failure) [PSYoungGen: 510208K->13280K(510976K)] 921466K->426817K(1035264K), 0.0525164 secs] [Times: user=0.07 sys=0.00, real=0.05 secs] 
2021-05-14T20:42:27.310+0800: 40298.962: [GC (Allocation Failure) [PSYoungGen: 510944K->10496K(507904K)] 924481K->426413K(1032192K), 0.0288413 secs] [Times: user=0.07 sys=0.00, real=0.03 secs] 
2021-05-14T20:47:07.921+0800: 40579.573: [GC (Allocation Failure) [PSYoungGen: 505088K->7456K(502272K)] 921005K->427065K(1026560K), 0.0235500 secs] [Times: user=0.06 sys=0.00, real=0.03 secs] 
2021-05-14T20:51:54.974+0800: 40866.626: [GC (Allocation Failure) [PSYoungGen: 502048K->4736K(507904K)] 921657K->429013K(1032192K), 0.0232137 secs] [Times: user=0.07 sys=0.00, real=0.02 secs] 
2021-05-14T20:56:33.068+0800: 41144.720: [GC (Allocation Failure) [PSYoungGen: 497280K->4608K(497664K)] 921557K->431772K(1021952K), 0.0227366 secs] [Times: user=0.06 sys=0.00, real=0.02 secs] 
2021-05-14T21:01:13.724+0800: 41425.376: [GC (Allocation Failure) [PSYoungGen: 497152K->3200K(506880K)] 924316K->433704K(1031168K), 0.0260178 secs] [Times: user=0.07 sys=0.00, real=0.02 secs] 
2021-05-14T21:05:53.616+0800: 41705.268: [GC (Allocation Failure) [PSYoungGen: 493696K->3904K(507392K)] 924200K->436407K(1031680K), 0.0204858 secs] [Times: user=0.07 sys=0.00, real=0.02 secs] 
2021-05-14T21:10:35.339+0800: 41986.991: [GC (Allocation Failure) [PSYoungGen: 494400K->3008K(507392K)] 926903K->438317K(1031680K), 0.0333631 secs] [Times: user=0.09 sys=0.00, real=0.04 secs] 
2021-05-14T21:15:14.161+0800: 42265.813: [GC (Allocation Failure) [PSYoungGen: 493504K->3616K(507392K)] 928813K->440716K(1031680K), 0.0514887 secs] [Times: user=0.10 sys=0.00, real=0.06 secs] 
2021-05-14T21:19:54.070+0800: 42545.722: [GC (Allocation Failure) [PSYoungGen: 494112K->4064K(507904K)] 931212K->443418K(1032192K), 0.0210851 secs] [Times: user=0.06 sys=0.00, real=0.02 secs] 
2021-05-14T21:24:34.351+0800: 42826.003: [GC (Allocation Failure) [PSYoungGen: 495072K->3520K(507392K)] 934426K->445369K(1031680K), 0.0520043 secs] [Times: user=0.07 sys=0.00, real=0.06 secs] 
2021-05-14T21:29:12.661+0800: 43104.313: [GC (Allocation Failure) [PSYoungGen: 494528K->2784K(508416K)] 936377K->446841K(1032704K), 0.0237080 secs] [Times: user=0.07 sys=0.00, real=0.03 secs] 
2021-05-14T21:33:51.850+0800: 43383.502: [GC (Allocation Failure) [PSYoungGen: 494816K->5280K(507904K)] 938873K->450753K(1032192K), 0.0327438 secs] [Times: user=0.08 sys=0.00, real=0.04 secs] 
2021-05-14T21:38:27.407+0800: 43659.059: [GC (Allocation Failure) [PSYoungGen: 497312K->5120K(509440K)] 942785K->454574K(1033728K), 0.0257506 secs] [Times: user=0.07 sys=0.00, real=0.03 secs] 
2021-05-14T21:43:09.588+0800: 43941.240: [GC (Allocation Failure) [PSYoungGen: 499200K->3776K(508928K)] 948654K->457242K(1033216K), 0.0203323 secs] [Times: user=0.06 sys=0.00, real=0.02 secs] 
2021-05-14T21:47:50.851+0800: 44222.503: [GC (Allocation Failure) [PSYoungGen: 497856K->3168K(510464K)] 951322K->458865K(1034752K), 0.0256404 secs] [Times: user=0.06 sys=0.00, real=0.03 secs] 
2021-05-14T21:52:29.719+0800: 44501.371: [GC (Allocation Failure) [PSYoungGen: 499296K->3008K(509952K)] 954993K->460401K(1034240K), 0.0199216 secs] [Times: user=0.06 sys=0.00, real=0.02 secs] 
2021-05-14T21:57:13.356+0800: 44785.008: [GC (Allocation Failure) [PSYoungGen: 499136K->3200K(510976K)] 956529K->462193K(1035264K), 0.0232089 secs] [Times: user=0.07 sys=0.00, real=0.02 secs] 
2021-05-14T22:01:59.701+0800: 45071.353: [GC (Allocation Failure) [PSYoungGen: 500864K->3168K(510976K)] 959857K->464136K(1035264K), 0.0217358 secs] [Times: user=0.06 sys=0.00, real=0.03 secs] 
2021-05-14T22:06:45.504+0800: 45357.156: [GC (Allocation Failure) [PSYoungGen: 500832K->3200K(512000K)] 961800K->466104K(1036288K), 0.0264945 secs] [Times: user=0.09 sys=0.00, real=0.02 secs] 
2021-05-14T22:11:30.846+0800: 45642.498: [GC (Allocation Failure) [PSYoungGen: 502400K->6592K(511488K)] 965304K->471056K(1035776K), 0.0250304 secs] [Times: user=0.08 sys=0.00, real=0.02 secs] 
2021-05-14T22:16:14.517+0800: 45926.169: [GC (Allocation Failure) [PSYoungGen: 505792K->3936K(512512K)] 970256K->473551K(1036800K), 0.0249667 secs] [Times: user=0.09 sys=0.00, real=0.02 secs] 
2021-05-14T22:21:00.993+0800: 46212.645: [GC (Allocation Failure) [PSYoungGen: 504160K->3168K(512000K)] 973775K->475314K(1036288K), 0.0264974 secs] [Times: user=0.07 sys=0.00, real=0.02 secs] 
2021-05-14T22:25:47.947+0800: 46499.599: [GC (Allocation Failure) [PSYoungGen: 503392K->3616K(513536K)] 975538K->477482K(1037824K), 0.0224920 secs] [Times: user=0.06 sys=0.00, real=0.02 secs] 
2021-05-14T22:30:34.615+0800: 46786.267: [GC (Allocation Failure) [PSYoungGen: 505888K->4672K(513024K)] 979754K->480825K(1037312K), 0.0245287 secs] [Times: user=0.07 sys=0.00, real=0.02 secs] 
2021-05-14T22:35:22.335+0800: 47073.987: [GC (Allocation Failure) [PSYoungGen: 506944K->3424K(514560K)] 983097K->482944K(1038848K), 0.0246344 secs] [Times: user=0.08 sys=0.00, real=0.02 secs] 
2021-05-14T22:40:08.705+0800: 47360.357: [GC (Allocation Failure) [PSYoungGen: 507744K->3680K(514048K)] 987264K->485151K(1038336K), 0.0261079 secs] [Times: user=0.07 sys=0.00, real=0.02 secs] 
2021-05-14T22:44:58.256+0800: 47649.908: [GC (Allocation Failure) [PSYoungGen: 508000K->3968K(515072K)] 989471K->487773K(1039360K), 0.0246341 secs] [Times: user=0.08 sys=0.00, real=0.02 secs] 
2021-05-14T22:49:47.449+0800: 47939.101: [GC (Allocation Failure) [PSYoungGen: 509312K->2816K(514560K)] 993117K->489340K(1038848K), 0.0245881 secs] [Times: user=0.07 sys=0.00, real=0.03 secs] 
2021-05-14T22:54:37.919+0800: 48229.571: [GC (Allocation Failure) [PSYoungGen: 508160K->3040K(515584K)] 994684K->491108K(1039872K), 0.0233804 secs] [Times: user=0.07 sys=0.00, real=0.03 secs] 
2021-05-14T22:59:28.149+0800: 48519.801: [GC (Allocation Failure) [PSYoungGen: 509920K->4800K(515584K)] 997988K->494668K(1039872K), 0.0298517 secs] [Times: user=0.08 sys=0.00, real=0.03 secs] 
2021-05-14T23:04:16.779+0800: 48808.431: [GC (Allocation Failure) [PSYoungGen: 511680K->4512K(516096K)] 1001548K->497905K(1040384K), 0.0229637 secs] [Times: user=0.07 sys=0.00, real=0.02 secs] 
2021-05-14T23:09:06.708+0800: 49098.360: [GC (Allocation Failure) [PSYoungGen: 511904K->3456K(515584K)] 1005297K->500079K(1039872K), 0.0229181 secs] [Times: user=0.07 sys=0.00, real=0.02 secs] 
2021-05-14T23:13:55.190+0800: 49386.842: [GC (Allocation Failure) [PSYoungGen: 510848K->8032K(514048K)] 1007471K->506886K(1038336K), 0.0325300 secs] [Times: user=0.09 sys=0.00, real=0.04 secs] 
2021-05-14T23:18:46.992+0800: 49678.644: [GC (Allocation Failure) [PSYoungGen: 513888K->4704K(515072K)] 1012742K->509768K(1039360K), 0.0323808 secs] [Times: user=0.08 sys=0.00, real=0.04 secs] 
2021-05-14T23:23:36.819+0800: 49968.471: [GC (Allocation Failure) [PSYoungGen: 510560K->3264K(515584K)] 1015624K->511797K(1039872K), 0.0213792 secs] [Times: user=0.06 sys=0.00, real=0.02 secs] 
2021-05-14T23:28:26.110+0800: 50257.762: [GC (Allocation Failure) [PSYoungGen: 510144K->3584K(515584K)] 1018677K->514205K(1039872K), 0.0199894 secs] [Times: user=0.06 sys=0.00, real=0.02 secs] 
2021-05-14T23:33:13.168+0800: 50544.820: [GC (Allocation Failure) [PSYoungGen: 510464K->3936K(516096K)] 1021085K->516701K(1040384K), 0.0246412 secs] [Times: user=0.07 sys=0.00, real=0.03 secs] 
2021-05-14T23:38:01.561+0800: 50833.213: [GC (Allocation Failure) [PSYoungGen: 511840K->2784K(516096K)] 1024605K->517972K(1040384K), 0.0178526 secs] [Times: user=0.06 sys=0.00, real=0.02 secs] 
2021-05-14T23:42:49.117+0800: 51120.769: [GC (Allocation Failure) [PSYoungGen: 510688K->4992K(516608K)] 1025876K->520180K(1040896K), 0.0183214 secs] [Times: user=0.06 sys=0.00, real=0.02 secs] 
2021-05-14T23:47:41.873+0800: 51413.525: [GC (Allocation Failure) [PSYoungGen: 513920K->6400K(515584K)] 1029108K->521588K(1039872K), 0.0262161 secs] [Times: user=0.07 sys=0.00, real=0.02 secs] 
2021-05-14T23:52:31.866+0800: 51703.518: [GC (Allocation Failure) [PSYoungGen: 515328K->8160K(513024K)] 1030516K->524804K(1037312K), 0.0188628 secs] [Times: user=0.06 sys=0.00, real=0.02 secs] 
2021-05-14T23:57:25.218+0800: 51996.870: [GC (Allocation Failure) [PSYoungGen: 512992K->7744K(513024K)] 1029636K->527027K(1037312K), 0.0252509 secs] [Times: user=0.07 sys=0.00, real=0.03 secs] 
2021-05-15T00:02:06.749+0800: 52278.402: [GC (Allocation Failure) [PSYoungGen: 512576K->9696K(510976K)] 1031859K->528979K(1035264K), 0.0220343 secs] [Times: user=0.07 sys=0.00, real=0.02 secs] 
2021-05-15T00:06:51.399+0800: 52563.051: [GC (Allocation Failure) [PSYoungGen: 510432K->11616K(512512K)] 1029715K->530899K(1036800K), 0.0295832 secs] [Times: user=0.08 sys=0.00, real=0.03 secs] 
2021-05-15T00:11:34.621+0800: 52846.274: [GC (Allocation Failure) --[PSYoungGen: 512352K->512352K(512512K)] 1031635K->1036635K(1036800K), 0.3010631 secs] [Times: user=0.32 sys=0.00, real=0.31 secs] 
2021-05-15T00:11:34.923+0800: 52846.575: [Full GC (Ergonomics) [PSYoungGen: 512352K->0K(512512K)] [ParOldGen: 524283K->316833K(524288K)] 1036635K->316833K(1036800K), [Metaspace: 93062K->93058K(1134592K)], 0.8854126 secs] [Times: user=2.34 sys=0.00, real=0.88 secs] 
2021-05-15T00:16:17.678+0800: 53129.330: [GC (Allocation Failure) [PSYoungGen: 500736K->6816K(510464K)] 817569K->323649K(1034752K), 0.0226353 secs] [Times: user=0.07 sys=0.00, real=0.02 secs] 
2021-05-15T00:20:59.411+0800: 53411.063: [GC (Allocation Failure) [PSYoungGen: 505504K->9728K(508928K)] 822337K->326561K(1033216K), 0.0230667 secs] [Times: user=0.07 sys=0.00, real=0.03 secs] 
2021-05-15T00:25:44.411+0800: 53696.063: [GC (Allocation Failure) [PSYoungGen: 508416K->11296K(508928K)] 825249K->328129K(1033216K), 0.0246272 secs] [Times: user=0.07 sys=0.00, real=0.03 secs] 
2021-05-15T00:30:29.591+0800: 53981.243: [GC (Allocation Failure) [PSYoungGen: 506912K->6272K(509952K)] 823745K->331211K(1034240K), 0.0267597 secs] [Times: user=0.08 sys=0.00, real=0.03 secs] 
2021-05-15T00:35:12.385+0800: 54264.037: [GC (Allocation Failure) [PSYoungGen: 501888K->4832K(510464K)] 826827K->334145K(1034752K), 0.0217447 secs] [Times: user=0.07 sys=0.00, real=0.02 secs] 
2021-05-15T00:39:57.556+0800: 54549.208: [GC (Allocation Failure) [PSYoungGen: 501472K->2752K(510464K)] 830785K->335294K(1034752K), 0.0191474 secs] [Times: user=0.05 sys=0.00, real=0.02 secs] 
2021-05-15T00:44:43.657+0800: 54835.309: [GC (Allocation Failure) [PSYoungGen: 499392K->3328K(510976K)] 831934K->337470K(1035264K), 0.0201211 secs] [Times: user=0.06 sys=0.00, real=0.02 secs] 
2021-05-15T00:49:30.173+0800: 55121.825: [GC (Allocation Failure) [PSYoungGen: 500480K->3168K(510464K)] 834622K->339214K(1034752K), 0.0176389 secs] [Times: user=0.05 sys=0.00, real=0.01 secs] 
2021-05-15T00:54:14.915+0800: 55406.567: [GC (Allocation Failure) [PSYoungGen: 500320K->3424K(511488K)] 836366K->341413K(1035776K), 0.0207837 secs] [Times: user=0.06 sys=0.00, real=0.02 secs] 
2021-05-15T00:59:00.338+0800: 55691.990: [GC (Allocation Failure) [PSYoungGen: 501600K->4288K(510976K)] 839589K->344277K(1035264K), 0.0233061 secs] [Times: user=0.06 sys=0.00, real=0.02 secs] 
2021-05-15T01:03:46.592+0800: 55978.244: [GC (Allocation Failure) [PSYoungGen: 502464K->4480K(512512K)] 842453K->347459K(1036800K), 0.0363003 secs] [Times: user=0.07 sys=0.00, real=0.04 secs] 
2021-05-15T01:08:34.003+0800: 56265.655: [GC (Allocation Failure) [PSYoungGen: 504704K->4032K(512000K)] 847683K->350193K(1036288K), 0.0199774 secs] [Times: user=0.05 sys=0.00, real=0.02 secs] 
2021-05-15T01:13:22.692+0800: 56554.344: [GC (Allocation Failure) [PSYoungGen: 504256K->3232K(513024K)] 850417K->351593K(1037312K), 0.0298442 secs] [Times: user=0.06 sys=0.00, real=0.03 secs] 
2021-05-15T01:18:11.900+0800: 56843.552: [GC (Allocation Failure) [PSYoungGen: 504480K->4256K(512512K)] 852841K->354632K(1036800K), 0.0230356 secs] [Times: user=0.07 sys=0.00, real=0.03 secs] 
2021-05-15T01:22:56.087+0800: 57127.739: [GC (Allocation Failure) [PSYoungGen: 505504K->2720K(513536K)] 855880K->356326K(1037824K), 0.0194229 secs] [Times: user=0.06 sys=0.00, real=0.02 secs] 
2021-05-15T01:27:44.561+0800: 57416.213: [GC (Allocation Failure) [PSYoungGen: 505504K->2880K(513536K)] 859110K->358062K(1037824K), 0.0350510 secs] [Times: user=0.05 sys=0.00, real=0.04 secs] 
2021-05-15T01:32:36.944+0800: 57708.596: [GC (Allocation Failure) [PSYoungGen: 505664K->3520K(514048K)] 860846K->359918K(1038336K), 0.0181870 secs] [Times: user=0.05 sys=0.00, real=0.02 secs] 
2021-05-15T01:37:22.401+0800: 57994.053: [GC (Allocation Failure) [PSYoungGen: 507328K->2944K(514048K)] 863726K->361414K(1038336K), 0.0190000 secs] [Times: user=0.06 sys=0.00, real=0.02 secs] 
2021-05-15T01:42:11.139+0800: 58282.791: [GC (Allocation Failure) [PSYoungGen: 506752K->4768K(515072K)] 865222K->365005K(1039360K), 0.0196828 secs] [Times: user=0.06 sys=0.00, real=0.02 secs] 
2021-05-15T01:47:00.274+0800: 58571.926: [GC (Allocation Failure) [PSYoungGen: 510112K->2912K(514560K)] 870349K->366827K(1038848K), 0.0183579 secs] [Times: user=0.06 sys=0.00, real=0.02 secs] 
2021-05-15T01:51:50.953+0800: 58862.605: [GC (Allocation Failure) [PSYoungGen: 508256K->3744K(515584K)] 872171K->369403K(1039872K), 0.0284020 secs] [Times: user=0.05 sys=0.00, real=0.02 secs] 
2021-05-15T01:56:39.030+0800: 59150.682: [GC (Allocation Failure) [PSYoungGen: 510112K->4128K(515072K)] 875771K->372051K(1039360K), 0.0198916 secs] [Times: user=0.06 sys=0.00, real=0.02 secs] 
2021-05-15T02:01:28.946+0800: 59440.598: [GC (Allocation Failure) [PSYoungGen: 510496K->3808K(516096K)] 878419K->374873K(1040384K), 0.0230662 secs] [Times: user=0.07 sys=0.00, real=0.02 secs] 
2021-05-15T02:06:21.851+0800: 59733.503: [GC (Allocation Failure) [PSYoungGen: 511712K->3168K(516096K)] 882777K->376697K(1040384K), 0.0196724 secs] [Times: user=0.06 sys=0.00, real=0.02 secs] 
2021-05-15T02:11:12.522+0800: 60024.174: [GC (Allocation Failure) [PSYoungGen: 511072K->6368K(515584K)] 884601K->381928K(1039872K), 0.0193470 secs] [Times: user=0.06 sys=0.00, real=0.02 secs] 
2021-05-15T02:16:03.606+0800: 60315.258: [GC (Allocation Failure) [PSYoungGen: 514272K->5152K(516096K)] 889832K->385828K(1040384K), 0.0179679 secs] [Times: user=0.06 sys=0.00, real=0.02 secs] 
2021-05-15T02:20:56.433+0800: 60608.085: [GC (Allocation Failure) [PSYoungGen: 513056K->3136K(516096K)] 893732K->387969K(1040384K), 0.0208206 secs] [Times: user=0.06 sys=0.00, real=0.02 secs] 
2021-05-15T02:25:49.141+0800: 60900.793: [GC (Allocation Failure) [PSYoungGen: 511040K->4256K(516096K)] 895873K->390849K(1040384K), 0.0212360 secs] [Times: user=0.06 sys=0.00, real=0.03 secs] 
2021-05-15T02:30:42.018+0800: 61193.670: [GC (Allocation Failure) [PSYoungGen: 512160K->4896K(516608K)] 898753K->394503K(1040896K), 0.0204995 secs] [Times: user=0.06 sys=0.00, real=0.02 secs] 
2021-05-15T02:35:31.503+0800: 61483.155: [GC (Allocation Failure) [PSYoungGen: 513824K->2976K(516608K)] 903431K->396228K(1040896K), 0.0315276 secs] [Times: user=0.06 sys=0.00, real=0.03 secs] 
2021-05-15T02:40:25.115+0800: 61776.767: [GC (Allocation Failure) [PSYoungGen: 511904K->1696K(516608K)] 905156K->396420K(1040896K), 0.0192522 secs] [Times: user=0.06 sys=0.00, real=0.02 secs] 
2021-05-15T02:45:18.914+0800: 62070.566: [GC (Allocation Failure) [PSYoungGen: 510624K->3488K(516608K)] 905348K->398644K(1040896K), 0.0221933 secs] [Times: user=0.06 sys=0.00, real=0.02 secs] 
2021-05-15T02:50:05.935+0800: 62357.587: [GC (Allocation Failure) [PSYoungGen: 512416K->4000K(517120K)] 907572K->401403K(1041408K), 0.0219116 secs] [Times: user=0.06 sys=0.00, real=0.02 secs] 
2021-05-15T02:55:00.937+0800: 62652.589: [GC (Allocation Failure) [PSYoungGen: 513952K->2624K(517120K)] 911355K->402841K(1041408K), 0.0219952 secs] [Times: user=0.07 sys=0.00, real=0.02 secs] 
2021-05-15T02:59:53.967+0800: 62945.619: [GC (Allocation Failure) [PSYoungGen: 512576K->3392K(517632K)] 912793K->404936K(1041920K), 0.0182927 secs] [Times: user=0.06 sys=0.00, real=0.02 secs] 
2021-05-15T03:04:45.640+0800: 63237.293: [GC (Allocation Failure) [PSYoungGen: 513856K->3488K(517120K)] 915400K->407256K(1041408K), 0.0185588 secs] [Times: user=0.06 sys=0.00, real=0.02 secs] 
2021-05-15T03:09:38.256+0800: 63529.908: [GC (Allocation Failure) [PSYoungGen: 513952K->3648K(518144K)] 917720K->409368K(1042432K), 0.0262597 secs] [Times: user=0.08 sys=0.00, real=0.02 secs] 
2021-05-15T03:14:34.286+0800: 63825.939: [GC (Allocation Failure) [PSYoungGen: 515136K->4032K(517632K)] 920856K->412000K(1041920K), 0.0176400 secs] [Times: user=0.05 sys=0.00, real=0.02 secs] 
2021-05-15T03:19:28.124+0800: 64119.776: [GC (Allocation Failure) [PSYoungGen: 515520K->2944K(518144K)] 923488K->413119K(1042432K), 0.0194102 secs] [Times: user=0.06 sys=0.00, real=0.02 secs] 
2021-05-15T03:24:20.046+0800: 64411.698: [GC (Allocation Failure) [PSYoungGen: 514944K->5376K(517632K)] 925119K->417135K(1041920K), 0.0285176 secs] [Times: user=0.07 sys=0.00, real=0.03 secs] 
2021-05-15T03:29:08.191+0800: 64699.843: [GC (Allocation Failure) [PSYoungGen: 517376K->4160K(517632K)] 929135K->420123K(1041920K), 0.0209010 secs] [Times: user=0.06 sys=0.00, real=0.02 secs] 
2021-05-15T03:33:56.136+0800: 64987.788: [GC (Allocation Failure) [PSYoungGen: 515136K->6400K(517632K)] 931099K->425250K(1041920K), 0.0200473 secs] [Times: user=0.06 sys=0.00, real=0.02 secs] 
2021-05-15T03:38:45.787+0800: 65277.439: [GC (Allocation Failure) [PSYoungGen: 517376K->2176K(516608K)] 936226K->425750K(1040896K), 0.0224822 secs] [Times: user=0.06 sys=0.00, real=0.02 secs] 
2021-05-15T03:43:34.409+0800: 65566.061: [GC (Allocation Failure) [PSYoungGen: 512128K->2560K(517120K)] 935702K->426997K(1041408K), 0.0211021 secs] [Times: user=0.06 sys=0.00, real=0.02 secs] 
2021-05-15T03:48:27.066+0800: 65858.718: [GC (Allocation Failure) [PSYoungGen: 512512K->3072K(517120K)] 936949K->428565K(1041408K), 0.0240279 secs] [Times: user=0.07 sys=0.00, real=0.02 secs] 
2021-05-15T03:53:16.690+0800: 66148.342: [GC (Allocation Failure) [PSYoungGen: 513024K->3264K(517120K)] 938517K->430501K(1041408K), 0.0220507 secs] [Times: user=0.06 sys=0.00, real=0.02 secs] 
2021-05-15T03:58:04.705+0800: 66436.357: [GC (Allocation Failure) [PSYoungGen: 513216K->4256K(517632K)] 940453K->433550K(1041920K), 0.0256598 secs] [Times: user=0.08 sys=0.00, real=0.02 secs] 
2021-05-15T04:02:57.417+0800: 66729.069: [GC (Allocation Failure) [PSYoungGen: 515232K->4608K(517632K)] 944526K->436828K(1041920K), 0.0233564 secs] [Times: user=0.07 sys=0.00, real=0.02 secs] 
2021-05-15T04:07:47.703+0800: 67019.355: [GC (Allocation Failure) [PSYoungGen: 515584K->3680K(517632K)] 947804K->439154K(1041920K), 0.0175287 secs] [Times: user=0.06 sys=0.00, real=0.01 secs] 
2021-05-15T04:12:38.940+0800: 67310.593: [GC (Allocation Failure) [PSYoungGen: 514656K->3648K(517632K)] 950130K->441577K(1041920K), 0.0216939 secs] [Times: user=0.07 sys=0.00, real=0.03 secs] 
2021-05-15T04:17:31.963+0800: 67603.615: [GC (Allocation Failure) [PSYoungGen: 514624K->3168K(518144K)] 952553K->443113K(1042432K), 0.0276080 secs] [Times: user=0.07 sys=0.00, real=0.02 secs] 
2021-05-15T04:22:21.612+0800: 67893.264: [GC (Allocation Failure) [PSYoungGen: 515168K->3264K(518144K)] 955113K->445177K(1042432K), 0.0220307 secs] [Times: user=0.06 sys=0.00, real=0.02 secs] 
2021-05-15T04:27:13.178+0800: 68184.830: [GC (Allocation Failure) [PSYoungGen: 515264K->3392K(518656K)] 957177K->447049K(1042944K), 0.0188468 secs] [Times: user=0.06 sys=0.00, real=0.02 secs] 
2021-05-15T04:32:03.379+0800: 68475.031: [GC (Allocation Failure) [PSYoungGen: 515904K->4576K(518144K)] 959561K->450201K(1042432K), 0.0204835 secs] [Times: user=0.06 sys=0.00, real=0.02 secs] 
2021-05-15T04:36:54.979+0800: 68766.631: [GC (Allocation Failure) [PSYoungGen: 517088K->4288K(518144K)] 962713K->452744K(1042432K), 0.0198088 secs] [Times: user=0.05 sys=0.00, real=0.02 secs] 
2021-05-15T04:41:48.228+0800: 69059.880: [GC (Allocation Failure) [PSYoungGen: 516288K->4480K(518144K)] 964744K->455918K(1042432K), 0.0512427 secs] [Times: user=0.07 sys=0.00, real=0.05 secs] 
2021-05-15T04:46:39.122+0800: 69350.774: [GC (Allocation Failure) [PSYoungGen: 516480K->4288K(518144K)] 967918K->459147K(1042432K), 0.0234467 secs] [Times: user=0.07 sys=0.00, real=0.03 secs] 
2021-05-15T04:51:29.696+0800: 69641.348: [GC (Allocation Failure) [PSYoungGen: 516288K->4896K(518144K)] 971147K->462522K(1042432K), 0.0250650 secs] [Times: user=0.08 sys=0.00, real=0.02 secs] 
2021-05-15T04:56:20.894+0800: 69932.546: [GC (Allocation Failure) [PSYoungGen: 516896K->4640K(518144K)] 974522K->466008K(1042432K), 0.0233163 secs] [Times: user=0.07 sys=0.00, real=0.02 secs] 
2021-05-15T05:01:16.081+0800: 70227.733: [GC (Allocation Failure) [PSYoungGen: 516640K->3616K(518144K)] 978008K->467911K(1042432K), 0.0210446 secs] [Times: user=0.06 sys=0.00, real=0.03 secs] 
2021-05-15T05:06:16.117+0800: 70527.769: [GC (Allocation Failure) [PSYoungGen: 515616K->6144K(514048K)] 979911K->473758K(1038336K), 0.0758189 secs] [Times: user=0.08 sys=0.00, real=0.08 secs] 
2021-05-15T05:11:42.681+0800: 70854.333: [GC (Allocation Failure) [PSYoungGen: 514048K->4576K(516096K)] 981662K->477973K(1040384K), 0.0566209 secs] [Times: user=0.09 sys=0.00, real=0.06 secs] 
2021-05-15T05:17:01.314+0800: 71172.966: [GC (Allocation Failure) [PSYoungGen: 512480K->5184K(516608K)] 985877K->481857K(1040896K), 0.0199077 secs] [Times: user=0.05 sys=0.00, real=0.02 secs] 
2021-05-15T05:22:16.436+0800: 71488.088: [GC (Allocation Failure) [PSYoungGen: 514112K->5216K(516608K)] 990785K->485950K(1040896K), 0.0544768 secs] [Times: user=0.08 sys=0.00, real=0.05 secs] 
2021-05-15T05:27:35.020+0800: 71806.672: [GC (Allocation Failure) [PSYoungGen: 514144K->3168K(516608K)] 994878K->487618K(1040896K), 0.0206211 secs] [Times: user=0.06 sys=0.00, real=0.02 secs] 
2021-05-15T05:32:58.435+0800: 72130.087: [GC (Allocation Failure) [PSYoungGen: 512096K->2720K(516608K)] 996546K->489049K(1040896K), 0.0236626 secs] [Times: user=0.05 sys=0.00, real=0.02 secs] 
2021-05-15T05:38:17.713+0800: 72449.365: [GC (Allocation Failure) [PSYoungGen: 511648K->2656K(516608K)] 997977K->490384K(1040896K), 0.0226970 secs] [Times: user=0.07 sys=0.00, real=0.02 secs] 
2021-05-15T05:43:38.318+0800: 72769.970: [GC (Allocation Failure) [PSYoungGen: 511584K->2976K(516608K)] 999312K->491624K(1040896K), 0.0242380 secs] [Times: user=0.07 sys=0.00, real=0.02 secs] 
2021-05-15T05:48:56.738+0800: 73088.390: [GC (Allocation Failure) [PSYoungGen: 511904K->4992K(516608K)] 1000552K->495319K(1040896K), 0.0201899 secs] [Times: user=0.05 sys=0.00, real=0.02 secs] 
2021-05-15T05:54:17.247+0800: 73408.899: [GC (Allocation Failure) [PSYoungGen: 513920K->3456K(516608K)] 1004247K->497644K(1040896K), 0.0205340 secs] [Times: user=0.07 sys=0.00, real=0.02 secs] 
2021-05-15T05:59:31.863+0800: 73723.516: [GC (Allocation Failure) [PSYoungGen: 512384K->2912K(517120K)] 1006572K->499314K(1041408K), 0.0213188 secs] [Times: user=0.04 sys=0.00, real=0.02 secs] 
2021-05-15T06:04:51.797+0800: 74043.449: [GC (Allocation Failure) [PSYoungGen: 512864K->2144K(517120K)] 1009266K->500305K(1041408K), 0.0470767 secs] [Times: user=0.05 sys=0.00, real=0.05 secs] 
2021-05-15T06:10:11.789+0800: 74363.441: [GC (Allocation Failure) [PSYoungGen: 512096K->3904K(517120K)] 1010257K->502889K(1041408K), 0.0176662 secs] [Times: user=0.06 sys=0.00, real=0.02 secs] 
2021-05-15T06:15:29.701+0800: 74681.353: [GC (Allocation Failure) [PSYoungGen: 513856K->3296K(517120K)] 1012841K->504463K(1041408K), 0.0183543 secs] [Times: user=0.06 sys=0.00, real=0.02 secs] 
2021-05-15T06:20:47.936+0800: 74999.588: [GC (Allocation Failure) [PSYoungGen: 513248K->2912K(517632K)] 1014415K->506070K(1041920K), 0.0270529 secs] [Times: user=0.06 sys=0.00, real=0.03 secs] 
2021-05-15T06:26:13.435+0800: 75325.087: [GC (Allocation Failure) [PSYoungGen: 513888K->2752K(517632K)] 1017046K->507580K(1041920K), 0.0225369 secs] [Times: user=0.07 sys=0.00, real=0.02 secs] 
2021-05-15T06:31:34.014+0800: 75645.666: [GC (Allocation Failure) [PSYoungGen: 513728K->2688K(518144K)] 1018556K->508996K(1042432K), 0.0278137 secs] [Times: user=0.07 sys=0.00, real=0.02 secs] 
2021-05-15T06:36:57.350+0800: 75969.002: [GC (Allocation Failure) [PSYoungGen: 514176K->3136K(517632K)] 1020484K->510851K(1041920K), 0.0246712 secs] [Times: user=0.06 sys=0.00, real=0.03 secs] 
2021-05-15T06:42:20.654+0800: 76292.306: [GC (Allocation Failure) [PSYoungGen: 514624K->4480K(518144K)] 1022339K->513883K(1042432K), 0.0218112 secs] [Times: user=0.07 sys=0.00, real=0.02 secs] 
2021-05-15T06:47:45.340+0800: 76616.992: [GC (Allocation Failure) [PSYoungGen: 516480K->4736K(517120K)] 1025883K->517500K(1041408K), 0.0375683 secs] [Times: user=0.08 sys=0.00, real=0.04 secs] 
2021-05-15T06:53:07.487+0800: 76939.139: [GC (Allocation Failure) [PSYoungGen: 516736K->3008K(518144K)] 1029500K->519408K(1042432K), 0.0204639 secs] [Times: user=0.06 sys=0.00, real=0.02 secs] 
2021-05-15T06:58:26.484+0800: 77258.136: [GC (Allocation Failure) [PSYoungGen: 514496K->5024K(517632K)] 1030896K->523184K(1041920K), 0.0275430 secs] [Times: user=0.06 sys=0.00, real=0.02 secs] 
2021-05-15T07:03:55.362+0800: 77587.014: [GC (Allocation Failure) [PSYoungGen: 516512K->2784K(517632K)] 1034672K->525004K(1041920K), 0.0218916 secs] [Times: user=0.07 sys=0.00, real=0.03 secs] 
2021-05-15T07:03:55.384+0800: 77587.036: [Full GC (Ergonomics) [PSYoungGen: 2784K->0K(517632K)] [ParOldGen: 522220K->219175K(524288K)] 525004K->219175K(1041920K), [Metaspace: 93407K->93401K(1136640K)], 0.4647465 secs] [Times: user=1.09 sys=0.00, real=0.46 secs] 
2021-05-15T07:09:12.599+0800: 77904.251: [GC (Allocation Failure) [PSYoungGen: 510976K->3424K(517632K)] 730151K->222599K(1041920K), 0.0666796 secs] [Times: user=0.06 sys=0.00, real=0.07 secs] 
2021-05-15T07:14:40.591+0800: 78232.243: [GC (Allocation Failure) [PSYoungGen: 514400K->2432K(518144K)] 733575K->223254K(1042432K), 0.0189276 secs] [Times: user=0.05 sys=0.00, real=0.02 secs] 
2021-05-15T07:20:02.178+0800: 78553.830: [GC (Allocation Failure) [PSYoungGen: 514432K->2336K(518144K)] 735254K->224230K(1042432K), 0.0167301 secs] [Times: user=0.05 sys=0.00, real=0.02 secs] 
2021-05-15T07:25:24.066+0800: 78875.718: [GC (Allocation Failure) [PSYoungGen: 514336K->2464K(518144K)] 736230K->225390K(1042432K), 0.0195127 secs] [Times: user=0.04 sys=0.00, real=0.02 secs] 
2021-05-15T07:30:46.387+0800: 79198.039: [GC (Allocation Failure) [PSYoungGen: 514464K->3360K(518144K)] 737390K->227509K(1042432K), 0.0197110 secs] [Times: user=0.05 sys=0.00, real=0.02 secs] 
2021-05-15T07:36:10.029+0800: 79521.681: [GC (Allocation Failure) [PSYoungGen: 515360K->5600K(515584K)] 739509K->232005K(1039872K), 0.0339140 secs] [Times: user=0.08 sys=0.00, real=0.04 secs] 
2021-05-15T07:41:31.262+0800: 79842.914: [GC (Allocation Failure) [PSYoungGen: 515552K->6880K(517120K)] 741957K->237929K(1041408K), 0.0207022 secs] [Times: user=0.06 sys=0.00, real=0.02 secs] 
2021-05-15T07:46:51.119+0800: 80162.771: [GC (Allocation Failure) [PSYoungGen: 516832K->3648K(516096K)] 747881K->240468K(1040384K), 0.0229961 secs] [Times: user=0.06 sys=0.00, real=0.03 secs] 
2021-05-15T07:52:11.749+0800: 80483.401: [GC (Allocation Failure) [PSYoungGen: 512576K->4288K(516608K)] 749396K->243586K(1040896K), 0.0221387 secs] [Times: user=0.06 sys=0.00, real=0.02 secs] 
2021-05-15T07:57:33.464+0800: 80805.116: [GC (Allocation Failure) [PSYoungGen: 513216K->4096K(517120K)] 752514K->246615K(1041408K), 0.0324670 secs] [Times: user=0.06 sys=0.00, real=0.03 secs] 
2021-05-15T08:02:54.907+0800: 81126.559: [GC (Allocation Failure) [PSYoungGen: 513536K->3808K(516608K)] 756055K->249189K(1040896K), 0.0280877 secs] [Times: user=0.05 sys=0.00, real=0.03 secs] 
2021-05-15T08:08:13.221+0800: 81444.873: [GC (Allocation Failure) [PSYoungGen: 513248K->4800K(517120K)] 758629K->252739K(1041408K), 0.0279689 secs] [Times: user=0.07 sys=0.00, real=0.03 secs] 
2021-05-15T08:13:33.766+0800: 81765.418: [GC (Allocation Failure) [PSYoungGen: 514752K->3808K(517120K)] 762691K->254641K(1041408K), 0.0292460 secs] [Times: user=0.05 sys=0.00, real=0.03 secs] 
2021-05-15T08:18:56.830+0800: 82088.482: [GC (Allocation Failure) [PSYoungGen: 513760K->5120K(516608K)] 764593K->258463K(1040896K), 0.0286900 secs] [Times: user=0.08 sys=0.00, real=0.03 secs] 
2021-05-15T08:24:14.166+0800: 82405.818: [GC (Allocation Failure) [PSYoungGen: 515072K->4992K(517120K)] 768415K->262475K(1041408K), 0.0209647 secs] [Times: user=0.06 sys=0.00, real=0.02 secs] 
2021-05-15T08:29:29.550+0800: 82721.202: [GC (Allocation Failure) [PSYoungGen: 514944K->6880K(516096K)] 772427K->268084K(1040384K), 0.0266034 secs] [Times: user=0.08 sys=0.00, real=0.03 secs] 
2021-05-15T08:34:48.413+0800: 83040.065: [GC (Allocation Failure) [PSYoungGen: 515808K->3776K(516608K)] 777012K->270270K(1040896K), 0.0228488 secs] [Times: user=0.06 sys=0.00, real=0.02 secs] 
2021-05-15T08:40:06.210+0800: 83357.862: [GC (Allocation Failure) [PSYoungGen: 512704K->5120K(516608K)] 779198K->274116K(1040896K), 0.0210786 secs] [Times: user=0.05 sys=0.00, real=0.02 secs] 
2021-05-15T08:45:22.997+0800: 83674.649: [GC (Allocation Failure) [PSYoungGen: 514048K->3584K(516608K)] 783044K->276472K(1040896K), 0.0192970 secs] [Times: user=0.06 sys=0.00, real=0.02 secs] 
2021-05-15T08:50:46.687+0800: 83998.339: [GC (Allocation Failure) [PSYoungGen: 512512K->2560K(516096K)] 785400K->277870K(1040384K), 0.0191289 secs] [Times: user=0.06 sys=0.00, real=0.02 secs] 
2021-05-15T08:56:07.981+0800: 84319.633: [GC (Allocation Failure) [PSYoungGen: 511488K->2528K(516608K)] 786798K->279102K(1040896K), 0.0209508 secs] [Times: user=0.05 sys=0.00, real=0.03 secs] 
2021-05-15T09:01:33.430+0800: 84645.082: [GC (Allocation Failure) [PSYoungGen: 511456K->2560K(517120K)] 788030K->280357K(1041408K), 0.0254092 secs] [Times: user=0.07 sys=0.00, real=0.03 secs] 
2021-05-15T09:06:53.845+0800: 84965.497: [GC (Allocation Failure) [PSYoungGen: 512000K->3232K(516608K)] 789797K->282149K(1040896K), 0.0242520 secs] [Times: user=0.07 sys=0.00, real=0.02 secs] 
2021-05-15T09:12:14.519+0800: 85286.171: [GC (Allocation Failure) [PSYoungGen: 512672K->2336K(517120K)] 791589K->282637K(1041408K), 0.0232713 secs] [Times: user=0.05 sys=0.00, real=0.03 secs] 
2021-05-15T09:17:39.307+0800: 85610.959: [GC (Allocation Failure) [PSYoungGen: 512288K->7136K(517120K)] 792589K->288709K(1041408K), 0.0270449 secs] [Times: user=0.06 sys=0.00, real=0.03 secs] 
2021-05-15T09:23:00.495+0800: 85932.147: [GC (Allocation Failure) [PSYoungGen: 517088K->2496K(515072K)] 798661K->290437K(1039360K), 0.0204609 secs] [Times: user=0.06 sys=0.00, real=0.02 secs] 
2021-05-15T09:28:20.812+0800: 86252.464: [GC (Allocation Failure) [PSYoungGen: 510400K->3232K(516096K)] 798341K->292381K(1040384K), 0.0283204 secs] [Times: user=0.06 sys=0.00, real=0.03 secs] 
2021-05-15T09:33:36.353+0800: 86568.005: [GC (Allocation Failure) [PSYoungGen: 511136K->5184K(516096K)] 800285K->296236K(1040384K), 0.0213125 secs] [Times: user=0.06 sys=0.00, real=0.02 secs] 
2021-05-15T09:38:57.088+0800: 86888.740: [GC (Allocation Failure) [PSYoungGen: 513088K->2240K(516096K)] 804140K->297304K(1040384K), 0.0217194 secs] [Times: user=0.07 sys=0.00, real=0.02 secs] 
2021-05-15T09:44:17.347+0800: 87208.999: [GC (Allocation Failure) [PSYoungGen: 510144K->3904K(516608K)] 805208K->299920K(1040896K), 0.0323884 secs] [Times: user=0.06 sys=0.00, real=0.03 secs] 
2021-05-15T09:49:39.633+0800: 87531.285: [GC (Allocation Failure) [PSYoungGen: 512320K->5440K(516096K)] 808336K->304118K(1040384K), 0.0237891 secs] [Times: user=0.07 sys=0.00, real=0.02 secs] 
2021-05-15T09:55:01.031+0800: 87852.683: [GC (Allocation Failure) [PSYoungGen: 513856K->3200K(516608K)] 812534K->306034K(1040896K), 0.0246803 secs] [Times: user=0.07 sys=0.00, real=0.03 secs] 
2021-05-15T10:00:19.420+0800: 88171.072: [GC (Allocation Failure) [PSYoungGen: 511616K->3200K(516096K)] 814450K->308024K(1040384K), 0.0194677 secs] [Times: user=0.07 sys=0.00, real=0.02 secs] 
2021-05-15T10:05:39.631+0800: 88491.283: [GC (Allocation Failure) [PSYoungGen: 511616K->3072K(517120K)] 816440K->309863K(1041408K), 0.0209675 secs] [Times: user=0.06 sys=0.00, real=0.02 secs] 
2021-05-15T10:10:59.824+0800: 88811.476: [GC (Allocation Failure) [PSYoungGen: 512512K->3200K(516608K)] 819303K->311830K(1040896K), 0.0198563 secs] [Times: user=0.05 sys=0.00, real=0.02 secs] 
2021-05-15T10:16:15.828+0800: 89127.480: [GC (Allocation Failure) [PSYoungGen: 512640K->2816K(517120K)] 821270K->312821K(1041408K), 0.0201865 secs] [Times: user=0.05 sys=0.00, real=0.02 secs] 
2021-05-15T10:21:35.742+0800: 89447.394: [GC (Allocation Failure) [PSYoungGen: 512768K->3648K(517120K)] 822773K->315149K(1041408K), 0.0188438 secs] [Times: user=0.06 sys=0.00, real=0.02 secs] 
2021-05-15T10:26:54.513+0800: 89766.165: [GC (Allocation Failure) [PSYoungGen: 513600K->2752K(517632K)] 825101K->316699K(1041920K), 0.0264760 secs] [Times: user=0.06 sys=0.00, real=0.02 secs] 
2021-05-15T10:32:12.044+0800: 90083.696: [GC (Allocation Failure) [PSYoungGen: 513728K->2656K(517632K)] 827675K->318058K(1041920K), 0.0239249 secs] [Times: user=0.06 sys=0.00, real=0.02 secs] 
2021-05-15T10:37:30.624+0800: 90402.276: [GC (Allocation Failure) [PSYoungGen: 513632K->2272K(518144K)] 829034K->318986K(1042432K), 0.0354530 secs] [Times: user=0.05 sys=0.00, real=0.03 secs] 
2021-05-15T10:42:53.108+0800: 90724.760: [GC (Allocation Failure) [PSYoungGen: 514272K->2400K(518144K)] 830986K->320058K(1042432K), 0.0166166 secs] [Times: user=0.05 sys=0.00, real=0.02 secs] 
2021-05-15T10:48:10.063+0800: 91041.715: [GC (Allocation Failure) [PSYoungGen: 514400K->2304K(518144K)] 832058K->320938K(1042432K), 0.0206733 secs] [Times: user=0.06 sys=0.00, real=0.02 secs] 
2021-05-15T10:53:30.234+0800: 91361.886: [GC (Allocation Failure) [PSYoungGen: 514304K->5728K(518144K)] 832938K->325322K(1042432K), 0.0245989 secs] [Times: user=0.06 sys=0.00, real=0.02 secs] 
2021-05-15T10:58:48.796+0800: 91680.448: [GC (Allocation Failure) [PSYoungGen: 517728K->2688K(517120K)] 837322K->326997K(1041408K), 0.0218309 secs] [Times: user=0.07 sys=0.00, real=0.02 secs] 
2021-05-15T11:04:04.956+0800: 91996.608: [GC (Allocation Failure) [PSYoungGen: 513664K->5824K(517120K)] 837973K->331565K(1041408K), 0.0213426 secs] [Times: user=0.06 sys=0.00, real=0.02 secs] 
2021-05-15T11:09:30.413+0800: 92322.065: [GC (Allocation Failure) [PSYoungGen: 516800K->3008K(517120K)] 842541K->333479K(1041408K), 0.0219815 secs] [Times: user=0.07 sys=0.00, real=0.02 secs] 
2021-05-15T11:14:46.912+0800: 92638.564: [GC (Allocation Failure) [PSYoungGen: 512960K->2976K(517120K)] 843431K->334527K(1041408K), 0.0193263 secs] [Times: user=0.04 sys=0.00, real=0.01 secs] 
2021-05-15T11:20:11.526+0800: 92963.178: [GC (Allocation Failure) [PSYoungGen: 512928K->2464K(517632K)] 844479K->335782K(1041920K), 0.0214436 secs] [Times: user=0.05 sys=0.00, real=0.02 secs] 
2021-05-15T11:25:37.482+0800: 93289.134: [GC (Allocation Failure) [PSYoungGen: 513440K->2464K(517632K)] 846758K->337030K(1041920K), 0.0190968 secs] [Times: user=0.06 sys=0.00, real=0.01 secs] 
2021-05-15T11:31:01.040+0800: 93612.692: [GC (Allocation Failure) [PSYoungGen: 513440K->2752K(518144K)] 848006K->338549K(1042432K), 0.0389574 secs] [Times: user=0.05 sys=0.00, real=0.04 secs] 
2021-05-15T11:36:31.098+0800: 93942.750: [GC (Allocation Failure) [PSYoungGen: 514240K->2688K(517632K)] 850037K->339917K(1041920K), 0.0209334 secs] [Times: user=0.05 sys=0.00, real=0.02 secs] 
2021-05-15T11:41:51.953+0800: 94263.605: [GC (Allocation Failure) [PSYoungGen: 514176K->2336K(518144K)] 851405K->340837K(1042432K), 0.0224443 secs] [Times: user=0.06 sys=0.00, real=0.02 secs] 
2021-05-15T11:47:12.143+0800: 94583.795: [GC (Allocation Failure) [PSYoungGen: 514336K->2272K(518144K)] 852837K->341741K(1042432K), 0.0175879 secs] [Times: user=0.05 sys=0.00, real=0.01 secs] 
2021-05-15T11:52:31.267+0800: 94902.919: [GC (Allocation Failure) [PSYoungGen: 514272K->3168K(518656K)] 853741K->343653K(1042944K), 0.0197387 secs] [Times: user=0.07 sys=0.00, real=0.02 secs] 
2021-05-15T11:57:51.163+0800: 95222.815: [GC (Allocation Failure) [PSYoungGen: 516192K->4704K(518144K)] 856677K->347164K(1042432K), 0.0444256 secs] [Times: user=0.11 sys=0.00, real=0.04 secs] 
2021-05-15T12:03:15.562+0800: 95547.214: [GC (Allocation Failure) [PSYoungGen: 517728K->2720K(518656K)] 860188K->348816K(1042944K), 0.0247301 secs] [Times: user=0.06 sys=0.00, real=0.03 secs] 
2021-05-15T12:08:34.174+0800: 95865.826: [GC (Allocation Failure) [PSYoungGen: 515232K->3392K(518144K)] 861328K->350839K(1042432K), 0.0418777 secs] [Times: user=0.06 sys=0.00, real=0.04 secs] 
2021-05-15T12:13:51.795+0800: 96183.447: [GC (Allocation Failure) [PSYoungGen: 515904K->3712K(518656K)] 863351K->352807K(1042944K), 0.0198733 secs] [Times: user=0.07 sys=0.00, real=0.02 secs] 
2021-05-15T12:19:14.622+0800: 96506.275: [GC (Allocation Failure) [PSYoungGen: 516736K->2656K(518656K)] 865831K->354268K(1042944K), 0.0183807 secs] [Times: user=0.06 sys=0.00, real=0.01 secs] 
2021-05-15T12:24:37.861+0800: 96829.513: [GC (Allocation Failure) [PSYoungGen: 515680K->2272K(518656K)] 867292K->355340K(1042944K), 0.0199414 secs] [Times: user=0.05 sys=0.00, real=0.02 secs] 
2021-05-15T12:30:01.673+0800: 97153.325: [GC (Allocation Failure) [PSYoungGen: 515296K->2368K(518656K)] 868364K->356412K(1042944K), 0.0183863 secs] [Times: user=0.06 sys=0.00, real=0.01 secs] 
2021-05-15T12:35:23.591+0800: 97475.243: [GC (Allocation Failure) [PSYoungGen: 515392K->2688K(519168K)] 869436K->357756K(1043456K), 0.0201627 secs] [Times: user=0.06 sys=0.00, real=0.02 secs] 
2021-05-15T12:40:44.244+0800: 97795.896: [GC (Allocation Failure) [PSYoungGen: 516224K->5120K(518656K)] 871292K->362340K(1042944K), 0.0205503 secs] [Times: user=0.07 sys=0.00, real=0.02 secs] 
2021-05-15T12:46:07.028+0800: 98118.680: [GC (Allocation Failure) [PSYoungGen: 518656K->3584K(517632K)] 875876K->365327K(1041920K), 0.0260238 secs] [Times: user=0.07 sys=0.00, real=0.03 secs] 
2021-05-15T12:51:29.732+0800: 98441.384: [GC (Allocation Failure) [PSYoungGen: 515584K->3360K(518144K)] 877327K->367629K(1042432K), 0.0172549 secs] [Times: user=0.05 sys=0.00, real=0.01 secs] 
2021-05-15T12:56:51.870+0800: 98763.522: [GC (Allocation Failure) [PSYoungGen: 515360K->3680K(518144K)] 879629K->370247K(1042432K), 0.0404171 secs] [Times: user=0.05 sys=0.00, real=0.04 secs] 
2021-05-15T13:02:11.207+0800: 99082.859: [GC (Allocation Failure) [PSYoungGen: 515680K->3200K(518144K)] 882247K->372244K(1042432K), 0.0323814 secs] [Times: user=0.06 sys=0.00, real=0.03 secs] 
2021-05-15T13:07:31.634+0800: 99403.286: [GC (Allocation Failure) [PSYoungGen: 515200K->4768K(517632K)] 884244K->375667K(1041920K), 0.0217862 secs] [Times: user=0.06 sys=0.00, real=0.02 secs] 
2021-05-15T13:12:56.472+0800: 99728.124: [GC (Allocation Failure) [PSYoungGen: 516768K->2176K(518144K)] 887667K->376072K(1042432K), 0.0196299 secs] [Times: user=0.06 sys=0.00, real=0.02 secs] 
2021-05-15T13:18:15.556+0800: 100047.208: [GC (Allocation Failure) [PSYoungGen: 514176K->2176K(518144K)] 888072K->376952K(1042432K), 0.0267638 secs] [Times: user=0.07 sys=0.00, real=0.03 secs] 
2021-05-15T13:23:37.586+0800: 100369.239: [GC (Allocation Failure) [PSYoungGen: 514176K->3232K(518144K)] 888952K->378976K(1042432K), 0.0202059 secs] [Times: user=0.06 sys=0.00, real=0.02 secs] 
2021-05-15T13:28:58.684+0800: 100690.337: [GC (Allocation Failure) [PSYoungGen: 515192K->2688K(518656K)] 890937K->380439K(1042944K), 0.0214725 secs] [Times: user=0.05 sys=0.01, real=0.02 secs] 
2021-05-15T13:34:22.484+0800: 101014.136: [GC (Allocation Failure) [PSYoungGen: 515712K->3840K(518656K)] 893463K->383014K(1042944K), 0.0319635 secs] [Times: user=0.06 sys=0.00, real=0.03 secs] 
2021-05-15T13:39:44.703+0800: 101336.355: [GC (Allocation Failure) [PSYoungGen: 516864K->2368K(518656K)] 896038K->384076K(1042944K), 0.0279463 secs] [Times: user=0.08 sys=0.00, real=0.02 secs] 
2021-05-15T13:45:05.871+0800: 101657.523: [GC (Allocation Failure) [PSYoungGen: 515392K->2272K(518656K)] 897100K->384988K(1042944K), 0.0195267 secs] [Times: user=0.07 sys=0.00, real=0.02 secs] 
2021-05-15T13:50:27.617+0800: 101979.269: [GC (Allocation Failure) [PSYoungGen: 515296K->2624K(518656K)] 898012K->386324K(1042944K), 0.0222787 secs] [Times: user=0.06 sys=0.00, real=0.02 secs] 
2021-05-15T13:55:49.676+0800: 102301.329: [GC (Allocation Failure) [PSYoungGen: 515648K->3136K(518656K)] 899348K->388124K(1042944K), 0.0193799 secs] [Times: user=0.06 sys=0.00, real=0.02 secs] 
2021-05-15T14:01:10.228+0800: 102621.880: [GC (Allocation Failure) [PSYoungGen: 516160K->4960K(518144K)] 901148K->391907K(1042432K), 0.0217235 secs] [Times: user=0.07 sys=0.00, real=0.02 secs] 
2021-05-15T14:06:27.798+0800: 102939.450: [GC (Allocation Failure) [PSYoungGen: 517984K->4000K(518656K)] 904931K->394495K(1042944K), 0.0233427 secs] [Times: user=0.07 sys=0.00, real=0.02 secs] 
2021-05-15T14:11:47.869+0800: 103259.521: [GC (Allocation Failure) [PSYoungGen: 517024K->2048K(518656K)] 907519K->394750K(1042944K), 0.0213723 secs] [Times: user=0.05 sys=0.00, real=0.02 secs] 
2021-05-15T14:17:13.435+0800: 103585.087: [GC (Allocation Failure) [PSYoungGen: 515072K->2800K(518656K)] 907774K->396326K(1042944K), 0.0192345 secs] [Times: user=0.06 sys=0.00, real=0.02 secs] 
2021-05-15T14:22:38.883+0800: 103910.535: [GC (Allocation Failure) [PSYoungGen: 515824K->2752K(518656K)] 909350K->397798K(1042944K), 0.0264572 secs] [Times: user=0.06 sys=0.00, real=0.02 secs] 
2021-05-15T14:28:04.234+0800: 104235.886: [GC (Allocation Failure) [PSYoungGen: 515776K->3488K(518656K)] 910822K->399997K(1042944K), 0.0265887 secs] [Times: user=0.06 sys=0.00, real=0.02 secs] 
2021-05-15T14:33:29.714+0800: 104561.366: [GC (Allocation Failure) [PSYoungGen: 516512K->2816K(519168K)] 913021K->401507K(1043456K), 0.0296996 secs] [Times: user=0.06 sys=0.00, real=0.03 secs] 
2021-05-15T14:38:50.338+0800: 104881.990: [GC (Allocation Failure) [PSYoungGen: 516352K->2720K(518656K)] 915043K->402787K(1042944K), 0.0180493 secs] [Times: user=0.06 sys=0.00, real=0.02 secs] 
2021-05-15T14:44:16.734+0800: 105208.386: [GC (Allocation Failure) [PSYoungGen: 516256K->2784K(519168K)] 916323K->404307K(1043456K), 0.0200029 secs] [Times: user=0.05 sys=0.00, real=0.02 secs] 
2021-05-15T14:49:41.349+0800: 105533.001: [GC (Allocation Failure) [PSYoungGen: 516832K->2400K(519168K)] 918355K->405434K(1043456K), 0.0183232 secs] [Times: user=0.05 sys=0.00, real=0.02 secs] 
2021-05-15T14:55:01.916+0800: 105853.568: [GC (Allocation Failure) [PSYoungGen: 516448K->2400K(519168K)] 919482K->406410K(1043456K), 0.0188115 secs] [Times: user=0.06 sys=0.00, real=0.02 secs] 
2021-05-15T15:00:27.276+0800: 106178.928: [GC (Allocation Failure) [PSYoungGen: 516448K->3552K(519168K)] 920458K->408586K(1043456K), 0.0262865 secs] [Times: user=0.07 sys=0.00, real=0.03 secs] 
2021-05-15T15:05:43.726+0800: 106495.378: [GC (Allocation Failure) [PSYoungGen: 517600K->3872K(519168K)] 922634K->411153K(1043456K), 0.0257086 secs] [Times: user=0.06 sys=0.00, real=0.03 secs] 
2021-05-15T15:11:03.560+0800: 106815.212: [GC (Allocation Failure) [PSYoungGen: 517920K->2688K(519168K)] 925201K->412558K(1043456K), 0.0342600 secs] [Times: user=0.05 sys=0.00, real=0.04 secs] 
2021-05-15T15:16:20.171+0800: 107131.823: [GC (Allocation Failure) [PSYoungGen: 516736K->3712K(519168K)] 926606K->414486K(1043456K), 0.0182626 secs] [Times: user=0.06 sys=0.00, real=0.02 secs] 
2021-05-15T15:21:39.864+0800: 107451.517: [GC (Allocation Failure) [PSYoungGen: 517760K->3968K(519168K)] 928534K->417244K(1043456K), 0.0183349 secs] [Times: user=0.06 sys=0.00, real=0.02 secs] 
2021-05-15T15:27:05.426+0800: 107777.078: [GC (Allocation Failure) [PSYoungGen: 518016K->2592K(519168K)] 931292K->418617K(1043456K), 0.0247868 secs] [Times: user=0.07 sys=0.00, real=0.02 secs] 
2021-05-15T15:32:28.794+0800: 108100.446: [GC (Allocation Failure) [PSYoungGen: 516640K->2752K(519168K)] 932665K->420017K(1043456K), 0.0214535 secs] [Times: user=0.06 sys=0.00, real=0.02 secs] 
2021-05-15T15:37:54.133+0800: 108425.785: [GC (Allocation Failure) [PSYoungGen: 516800K->3648K(519168K)] 934065K->422273K(1043456K), 0.0198504 secs] [Times: user=0.06 sys=0.00, real=0.02 secs] 
2021-05-15T15:43:11.630+0800: 108743.282: [GC (Allocation Failure) [PSYoungGen: 517696K->5120K(519168K)] 936321K->427374K(1043456K), 0.0193500 secs] [Times: user=0.06 sys=0.00, real=0.02 secs] 
2021-05-15T15:48:32.542+0800: 109064.194: [GC (Allocation Failure) [PSYoungGen: 519168K->2784K(516096K)] 941422K->429561K(1040384K), 0.0225175 secs] [Times: user=0.05 sys=0.00, real=0.02 secs] 
2021-05-15T15:53:57.328+0800: 109388.980: [GC (Allocation Failure) [PSYoungGen: 513760K->2848K(517632K)] 940537K->431096K(1041920K), 0.0212075 secs] [Times: user=0.06 sys=0.00, real=0.02 secs] 
2021-05-15T15:59:14.127+0800: 109705.779: [GC (Allocation Failure) [PSYoungGen: 513824K->2912K(517632K)] 942072K->432752K(1041920K), 0.0316882 secs] [Times: user=0.05 sys=0.00, real=0.03 secs] 
2021-05-15T16:04:38.532+0800: 110030.184: [GC (Allocation Failure) [PSYoungGen: 513888K->3648K(517632K)] 943728K->435166K(1041920K), 0.0356998 secs] [Times: user=0.06 sys=0.00, real=0.04 secs] 
2021-05-15T16:09:54.241+0800: 110345.893: [GC (Allocation Failure) [PSYoungGen: 514624K->3968K(518144K)] 946142K->437805K(1042432K), 0.0318951 secs] [Times: user=0.07 sys=0.00, real=0.04 secs] 
2021-05-15T16:15:14.694+0800: 110666.346: [GC (Allocation Failure) [PSYoungGen: 515968K->4576K(518144K)] 949805K->440651K(1042432K), 0.0393378 secs] [Times: user=0.08 sys=0.00, real=0.04 secs] 
2021-05-15T16:20:40.364+0800: 110992.016: [GC (Allocation Failure) [PSYoungGen: 516576K->4960K(517120K)] 952651K->444433K(1041408K), 0.0228488 secs] [Times: user=0.07 sys=0.00, real=0.02 secs] 
2021-05-15T16:26:01.007+0800: 111312.659: [GC (Allocation Failure) [PSYoungGen: 515936K->3232K(517632K)] 955409K->446150K(1041920K), 0.0197698 secs] [Times: user=0.06 sys=0.00, real=0.02 secs] 
2021-05-15T16:31:19.440+0800: 111631.092: [GC (Allocation Failure) [PSYoungGen: 514208K->2784K(518144K)] 957126K->447660K(1042432K), 0.0560329 secs] [Times: user=0.06 sys=0.00, real=0.06 secs] 
2021-05-15T16:36:39.567+0800: 111951.219: [GC (Allocation Failure) [PSYoungGen: 514272K->2656K(517632K)] 959148K->448963K(1041920K), 0.0278948 secs] [Times: user=0.06 sys=0.00, real=0.03 secs] 
2021-05-15T16:42:01.993+0800: 112273.646: [GC (Allocation Failure) [PSYoungGen: 514144K->2336K(518144K)] 960451K->449923K(1042432K), 0.0188766 secs] [Times: user=0.06 sys=0.00, real=0.02 secs] 
2021-05-15T16:47:23.166+0800: 112594.818: [GC (Allocation Failure) [PSYoungGen: 514336K->2304K(518144K)] 961923K->450891K(1042432K), 0.0210961 secs] [Times: user=0.06 sys=0.00, real=0.02 secs] 
2021-05-15T16:52:39.587+0800: 112911.239: [GC (Allocation Failure) [PSYoungGen: 514304K->3136K(518144K)] 962891K->452708K(1042432K), 0.0262671 secs] [Times: user=0.07 sys=0.00, real=0.03 secs] 
2021-05-15T16:57:59.225+0800: 113230.877: [GC (Allocation Failure) [PSYoungGen: 515136K->4288K(518144K)] 964708K->455842K(1042432K), 0.0251979 secs] [Times: user=0.08 sys=0.00, real=0.02 secs] 
2021-05-15T17:03:23.115+0800: 113554.767: [GC (Allocation Failure) [PSYoungGen: 516288K->3648K(518144K)] 967842K->458336K(1042432K), 0.0276755 secs] [Times: user=0.07 sys=0.00, real=0.03 secs] 
2021-05-15T17:08:44.924+0800: 113876.576: [GC (Allocation Failure) [PSYoungGen: 515648K->3680K(518144K)] 970336K->460710K(1042432K), 0.0320874 secs] [Times: user=0.07 sys=0.00, real=0.03 secs] 
2021-05-15T17:14:11.009+0800: 114202.661: [GC (Allocation Failure) [PSYoungGen: 515680K->2880K(518656K)] 972710K->461789K(1042944K), 0.0342973 secs] [Times: user=0.07 sys=0.00, real=0.04 secs] 
2021-05-15T17:19:31.722+0800: 114523.374: [GC (Allocation Failure) [PSYoungGen: 515904K->2976K(518656K)] 974813K->463428K(1042944K), 0.0332539 secs] [Times: user=0.07 sys=0.00, real=0.03 secs] 
2021-05-15T17:24:54.755+0800: 114846.407: [GC (Allocation Failure) [PSYoungGen: 516000K->2496K(518656K)] 976452K->464675K(1042944K), 0.0241800 secs] [Times: user=0.07 sys=0.00, real=0.02 secs] 
2021-05-15T17:30:15.078+0800: 115166.730: [GC (Allocation Failure) [PSYoungGen: 515520K->2400K(518656K)] 977699K->465802K(1042944K), 0.0483582 secs] [Times: user=0.08 sys=0.00, real=0.05 secs] 
2021-05-15T17:35:37.742+0800: 115489.395: [GC (Allocation Failure) [PSYoungGen: 515424K->3136K(519168K)] 978826K->467514K(1043456K), 0.0232070 secs] [Times: user=0.06 sys=0.00, real=0.02 secs] 
2021-05-15T17:41:01.317+0800: 115812.969: [GC (Allocation Failure) [PSYoungGen: 516672K->3168K(518656K)] 981050K->469322K(1042944K), 0.0197306 secs] [Times: user=0.06 sys=0.00, real=0.02 secs] 
2021-05-15T17:46:20.322+0800: 116131.974: [GC (Allocation Failure) [PSYoungGen: 516704K->2304K(519168K)] 982858K->470392K(1043456K), 0.0333673 secs] [Times: user=0.06 sys=0.00, real=0.03 secs] 
2021-05-15T17:51:42.214+0800: 116453.866: [GC (Allocation Failure) [PSYoungGen: 516352K->2560K(519168K)] 984440K->471664K(1043456K), 0.0250989 secs] [Times: user=0.06 sys=0.00, real=0.02 secs] 
2021-05-15T17:57:02.637+0800: 116774.289: [GC (Allocation Failure) [PSYoungGen: 516608K->4032K(519168K)] 985712K->474424K(1043456K), 0.0236921 secs] [Times: user=0.07 sys=0.00, real=0.02 secs] 
2021-05-15T18:02:30.840+0800: 117102.492: [GC (Allocation Failure) [PSYoungGen: 518080K->3200K(519168K)] 988472K->476262K(1043456K), 0.0201684 secs] [Times: user=0.07 sys=0.00, real=0.02 secs] 
2021-05-15T18:07:47.826+0800: 117419.478: [GC (Allocation Failure) [PSYoungGen: 517248K->5120K(516096K)] 990310K->480612K(1040384K), 0.0228084 secs] [Times: user=0.08 sys=0.00, real=0.02 secs] 
2021-05-15T18:13:08.915+0800: 117740.567: [GC (Allocation Failure) [PSYoungGen: 516096K->2880K(517632K)] 991588K->482320K(1041920K), 0.0221952 secs] [Times: user=0.06 sys=0.00, real=0.02 secs] 
2021-05-15T18:18:29.388+0800: 118061.040: [GC (Allocation Failure) [PSYoungGen: 513856K->2240K(518144K)] 993296K->483255K(1042432K), 0.0243020 secs] [Times: user=0.06 sys=0.00, real=0.03 secs] 
2021-05-15T18:23:49.299+0800: 118380.951: [GC (Allocation Failure) [PSYoungGen: 514240K->3872K(518144K)] 995255K->485855K(1042432K), 0.0243117 secs] [Times: user=0.07 sys=0.00, real=0.03 secs] 
2021-05-15T18:29:17.301+0800: 118708.953: [GC (Allocation Failure) [PSYoungGen: 515872K->3008K(518144K)] 997855K->487693K(1042432K), 0.0200681 secs] [Times: user=0.07 sys=0.00, real=0.02 secs] 
2021-05-15T18:34:39.102+0800: 119030.754: [GC (Allocation Failure) [PSYoungGen: 515008K->4256K(518144K)] 999693K->490636K(1042432K), 0.0429305 secs] [Times: user=0.09 sys=0.00, real=0.05 secs] 
2021-05-15T18:39:59.742+0800: 119351.394: [GC (Allocation Failure) [PSYoungGen: 516256K->4128K(518144K)] 1002636K->493537K(1042432K), 0.0370473 secs] [Times: user=0.07 sys=0.00, real=0.04 secs] 
2021-05-15T18:45:25.084+0800: 119676.736: [GC (Allocation Failure) [PSYoungGen: 516128K->2496K(518144K)] 1005537K->494871K(1042432K), 0.0333262 secs] [Times: user=0.08 sys=0.00, real=0.03 secs] 
2021-05-15T18:50:45.530+0800: 119997.182: [GC (Allocation Failure) [PSYoungGen: 514496K->2784K(518144K)] 1006871K->496390K(1042432K), 0.0245935 secs] [Times: user=0.06 sys=0.00, real=0.03 secs] 
2021-05-15T18:56:01.051+0800: 120312.703: [GC (Allocation Failure) [PSYoungGen: 514784K->2784K(518144K)] 1008390K->497902K(1042432K), 0.0887037 secs] [Times: user=0.10 sys=0.00, real=0.09 secs] 
2021-05-15T19:01:16.938+0800: 120628.590: [GC (Allocation Failure) [PSYoungGen: 514784K->2656K(518656K)] 1009902K->499237K(1042944K), 0.0259742 secs] [Times: user=0.06 sys=0.00, real=0.03 secs] 
2021-05-15T19:06:37.802+0800: 120949.454: [GC (Allocation Failure) [PSYoungGen: 515680K->4000K(518656K)] 1012261K->501677K(1042944K), 0.0208353 secs] [Times: user=0.06 sys=0.00, real=0.03 secs] 
2021-05-15T19:11:58.488+0800: 121270.140: [GC (Allocation Failure) [PSYoungGen: 517024K->2080K(518656K)] 1014701K->501932K(1042944K), 0.0242807 secs] [Times: user=0.07 sys=0.00, real=0.03 secs] 
2021-05-15T19:17:19.208+0800: 121590.860: [GC (Allocation Failure) [PSYoungGen: 515104K->4768K(518144K)] 1014956K->505444K(1042432K), 0.0229009 secs] [Times: user=0.06 sys=0.00, real=0.02 secs] 
2021-05-15T19:22:39.058+0800: 121910.710: [GC (Allocation Failure) [PSYoungGen: 517792K->2816K(518144K)] 1018468K->507128K(1042432K), 0.0230021 secs] [Times: user=0.08 sys=0.00, real=0.02 secs] 
2021-05-15T19:27:59.489+0800: 122231.141: [GC (Allocation Failure) [PSYoungGen: 514816K->2432K(518144K)] 1019128K->508199K(1042432K), 0.0246992 secs] [Times: user=0.08 sys=0.00, real=0.03 secs] 
2021-05-15T19:33:20.119+0800: 122551.771: [GC (Allocation Failure) [PSYoungGen: 514432K->2848K(518656K)] 1020199K->509559K(1042944K), 0.0207400 secs] [Times: user=0.06 sys=0.00, real=0.02 secs] 
2021-05-15T19:38:40.335+0800: 122871.987: [GC (Allocation Failure) [PSYoungGen: 515872K->5632K(518656K)] 1022583K->514375K(1042944K), 0.0229982 secs] [Times: user=0.07 sys=0.00, real=0.02 secs] 
2021-05-15T19:44:07.728+0800: 123199.380: [GC (Allocation Failure) [PSYoungGen: 518656K->2336K(515584K)] 1027399K->516185K(1039872K), 0.0268727 secs] [Times: user=0.08 sys=0.00, real=0.03 secs] 
2021-05-15T19:49:26.823+0800: 123518.475: [GC (Allocation Failure) [PSYoungGen: 512288K->2368K(517120K)] 1026137K->517225K(1041408K), 0.0286274 secs] [Times: user=0.06 sys=0.00, real=0.02 secs] 
2021-05-15T19:54:46.999+0800: 123838.651: [GC (Allocation Failure) [PSYoungGen: 512320K->2592K(517632K)] 1027177K->518473K(1041920K), 0.0360333 secs] [Times: user=0.08 sys=0.00, real=0.04 secs] 
2021-05-15T20:00:08.107+0800: 124159.759: [GC (Allocation Failure) [PSYoungGen: 513568K->2592K(517632K)] 1029449K->519728K(1041920K), 0.0251265 secs] [Times: user=0.08 sys=0.00, real=0.03 secs] 
2021-05-15T20:05:31.644+0800: 124483.296: [GC (Allocation Failure) [PSYoungGen: 513568K->2272K(518144K)] 1030704K->520680K(1042432K), 0.0213639 secs] [Times: user=0.06 sys=0.00, real=0.02 secs] 
2021-05-15T20:10:48.831+0800: 124800.483: [GC (Allocation Failure) [PSYoungGen: 513760K->2816K(517632K)] 1032168K->522112K(1041920K), 0.0233774 secs] [Times: user=0.07 sys=0.00, real=0.03 secs] 
2021-05-15T20:16:14.428+0800: 125126.080: [GC (Allocation Failure) [PSYoungGen: 514304K->2240K(518144K)] 1033600K->522448K(1042432K), 0.0258990 secs] [Times: user=0.08 sys=0.00, real=0.03 secs] 
2021-05-15T20:16:14.454+0800: 125126.106: [Full GC (Ergonomics) [PSYoungGen: 2240K->0K(518144K)] [ParOldGen: 520208K->243121K(524288K)] 522448K->243121K(1042432K), [Metaspace: 93506K->93506K(1136640K)], 0.4735271 secs] [Times: user=1.07 sys=0.00, real=0.47 secs] 
2021-05-15T20:21:38.163+0800: 125449.815: [GC (Allocation Failure) [PSYoungGen: 512000K->2432K(518144K)] 755121K->245553K(1042432K), 0.0201620 secs] [Times: user=0.05 sys=0.00, real=0.02 secs] 
2021-05-15T20:27:01.928+0800: 125773.580: [GC (Allocation Failure) [PSYoungGen: 514432K->3872K(517632K)] 757553K->248057K(1041920K), 0.0210457 secs] [Times: user=0.06 sys=0.00, real=0.02 secs] 
2021-05-15T20:32:20.868+0800: 126092.520: [GC (Allocation Failure) [PSYoungGen: 515872K->4896K(518144K)] 760057K->251814K(1042432K), 0.0181321 secs] [Times: user=0.06 sys=0.00, real=0.02 secs] 
2021-05-15T20:37:36.269+0800: 126407.921: [GC (Allocation Failure) [PSYoungGen: 516896K->4032K(518144K)] 763814K->254619K(1042432K), 0.0257868 secs] [Times: user=0.06 sys=0.00, real=0.03 secs] 
2021-05-15T20:42:57.503+0800: 126729.155: [GC (Allocation Failure) [PSYoungGen: 516032K->2368K(518144K)] 766619K->255657K(1042432K), 0.0177553 secs] [Times: user=0.06 sys=0.00, real=0.01 secs] 
2021-05-15T20:48:22.331+0800: 127053.983: [GC (Allocation Failure) [PSYoungGen: 514368K->2432K(518144K)] 767657K->256689K(1042432K), 0.0296041 secs] [Times: user=0.07 sys=0.00, real=0.03 secs] 
2021-05-15T20:53:37.927+0800: 127369.579: [GC (Allocation Failure) [PSYoungGen: 514432K->3680K(518144K)] 768689K->258945K(1042432K), 0.0234765 secs] [Times: user=0.07 sys=0.00, real=0.02 secs] 
2021-05-15T20:58:55.772+0800: 127687.424: [GC (Allocation Failure) [PSYoungGen: 515680K->2464K(518656K)] 770945K->260232K(1042944K), 0.0184731 secs] [Times: user=0.06 sys=0.00, real=0.02 secs] 
2021-05-15T21:04:18.871+0800: 128010.523: [GC (Allocation Failure) [PSYoungGen: 514976K->3520K(518144K)] 772744K->262495K(1042432K), 0.0304811 secs] [Times: user=0.07 sys=0.00, real=0.03 secs] 
2021-05-15T21:09:39.180+0800: 128330.832: [GC (Allocation Failure) [PSYoungGen: 516032K->3136K(518656K)] 775007K->264222K(1042944K), 0.0277937 secs] [Times: user=0.08 sys=0.00, real=0.03 secs] 
2021-05-15T21:15:00.541+0800: 128652.193: [GC (Allocation Failure) [PSYoungGen: 516160K->2112K(518656K)] 777246K->264517K(1042944K), 0.0184851 secs] [Times: user=0.06 sys=0.00, real=0.02 secs] 
2021-05-15T21:20:26.710+0800: 128978.363: [GC (Allocation Failure) [PSYoungGen: 515136K->2784K(519168K)] 777541K->265989K(1043456K), 0.0167212 secs] [Times: user=0.05 sys=0.00, real=0.02 secs] 
2021-05-15T21:25:47.875+0800: 129299.527: [GC (Allocation Failure) [PSYoungGen: 516320K->4352K(518656K)] 779525K->269093K(1042944K), 0.0342818 secs] [Times: user=0.07 sys=0.00, real=0.03 secs] 
2021-05-15T21:31:14.213+0800: 129625.865: [GC (Allocation Failure) [PSYoungGen: 517888K->2848K(518656K)] 782629K->270770K(1042944K), 0.0241118 secs] [Times: user=0.08 sys=0.00, real=0.02 secs] 
2021-05-15T21:36:35.975+0800: 129947.627: [GC (Allocation Failure) [PSYoungGen: 515872K->3360K(518656K)] 783794K->272745K(1042944K), 0.0200345 secs] [Times: user=0.06 sys=0.00, real=0.02 secs] 
2021-05-15T21:41:57.573+0800: 130269.225: [GC (Allocation Failure) [PSYoungGen: 516384K->2784K(519168K)] 785769K->274216K(1043456K), 0.0229358 secs] [Times: user=0.06 sys=0.00, real=0.02 secs] 
2021-05-15T21:47:23.171+0800: 130594.823: [GC (Allocation Failure) [PSYoungGen: 516832K->4384K(518656K)] 788264K->277263K(1042944K), 0.0224236 secs] [Times: user=0.06 sys=0.00, real=0.03 secs] 
2021-05-15T21:52:53.018+0800: 130924.670: [GC (Allocation Failure) [PSYoungGen: 518432K->2432K(518656K)] 791311K->278484K(1042944K), 0.0448828 secs] [Times: user=0.05 sys=0.00, real=0.05 secs] 
2021-05-15T21:58:13.999+0800: 131245.651: [GC (Allocation Failure) [PSYoungGen: 515456K->4512K(518656K)] 791508K->281668K(1042944K), 0.0238188 secs] [Times: user=0.06 sys=0.00, real=0.03 secs] 
2021-05-15T22:03:32.686+0800: 131564.338: [GC (Allocation Failure) [PSYoungGen: 517536K->3584K(518656K)] 794692K->284176K(1042944K), 0.0259987 secs] [Times: user=0.07 sys=0.00, real=0.02 secs] 
2021-05-15T22:08:50.132+0800: 131881.784: [GC (Allocation Failure) [PSYoungGen: 516608K->3712K(518656K)] 797200K->286630K(1042944K), 0.0269123 secs] [Times: user=0.08 sys=0.00, real=0.03 secs] 
2021-05-15T22:14:13.632+0800: 132205.284: [GC (Allocation Failure) [PSYoungGen: 516736K->3872K(518656K)] 799654K->288677K(1042944K), 0.0224640 secs] [Times: user=0.07 sys=0.00, real=0.03 secs] 
2021-05-15T22:19:36.004+0800: 132527.656: [GC (Allocation Failure) [PSYoungGen: 516896K->2784K(518656K)] 801701K->290362K(1042944K), 0.0266033 secs] [Times: user=0.06 sys=0.00, real=0.02 secs] 
2021-05-15T22:24:58.536+0800: 132850.188: [GC (Allocation Failure) [PSYoungGen: 515808K->3424K(519168K)] 803386K->292498K(1043456K), 0.0178487 secs] [Times: user=0.06 sys=0.00, real=0.02 secs] 
2021-05-15T22:30:25.411+0800: 133177.063: [GC (Allocation Failure) [PSYoungGen: 516960K->3200K(518656K)] 806034K->294488K(1042944K), 0.0191539 secs] [Times: user=0.06 sys=0.00, real=0.02 secs] 
2021-05-15T22:35:47.561+0800: 133499.213: [GC (Allocation Failure) [PSYoungGen: 516736K->4320K(519168K)] 808024K->297559K(1043456K), 0.0264625 secs] [Times: user=0.07 sys=0.00, real=0.03 secs] 
2021-05-15T22:41:09.822+0800: 133821.474: [GC (Allocation Failure) [PSYoungGen: 518368K->3584K(519168K)] 811607K->299789K(1043456K), 0.0221880 secs] [Times: user=0.06 sys=0.00, real=0.02 secs] 
2021-05-15T22:46:28.640+0800: 134140.292: [GC (Allocation Failure) [PSYoungGen: 517632K->5120K(515072K)] 813837K->305107K(1039360K), 0.0354144 secs] [Times: user=0.05 sys=0.00, real=0.04 secs] 
2021-05-15T22:51:48.104+0800: 134459.756: [GC (Allocation Failure) [PSYoungGen: 515072K->4480K(517120K)] 815059K->309134K(1041408K), 0.0231068 secs] [Times: user=0.06 sys=0.00, real=0.02 secs] 
2021-05-15T22:57:03.755+0800: 134775.407: [GC (Allocation Failure) [PSYoungGen: 514432K->3328K(517632K)] 819086K->311435K(1041920K), 0.0419683 secs] [Times: user=0.08 sys=0.00, real=0.04 secs] 
2021-05-15T23:02:24.886+0800: 135096.538: [GC (Allocation Failure) [PSYoungGen: 513792K->2752K(517120K)] 821899K->313033K(1041408K), 0.0230630 secs] [Times: user=0.06 sys=0.00, real=0.02 secs] 
2021-05-15T23:07:50.072+0800: 135421.724: [GC (Allocation Failure) [PSYoungGen: 513216K->3200K(517632K)] 823497K->314848K(1041920K), 0.0227471 secs] [Times: user=0.07 sys=0.00, real=0.03 secs] 
2021-05-15T23:13:13.911+0800: 135745.563: [GC (Allocation Failure) [PSYoungGen: 514176K->2432K(517632K)] 825824K->315360K(1041920K), 0.0603225 secs] [Times: user=0.05 sys=0.00, real=0.06 secs] 
2021-05-15T23:18:34.070+0800: 136065.722: [GC (Allocation Failure) [PSYoungGen: 513408K->3424K(518144K)] 826336K->317417K(1042432K), 0.0191691 secs] [Times: user=0.05 sys=0.00, real=0.02 secs] 
2021-05-15T23:23:51.961+0800: 136383.613: [GC (Allocation Failure) [PSYoungGen: 514912K->4192K(517632K)] 828905K->320407K(1041920K), 0.0301819 secs] [Times: user=0.08 sys=0.00, real=0.03 secs] 
2021-05-15T23:29:12.421+0800: 136704.073: [GC (Allocation Failure) [PSYoungGen: 515680K->3200K(518144K)] 831895K->322324K(1042432K), 0.0216426 secs] [Times: user=0.06 sys=0.00, real=0.03 secs] 
2021-05-15T23:34:31.979+0800: 137023.631: [GC (Allocation Failure) [PSYoungGen: 515200K->4544K(518144K)] 834324K->325587K(1042432K), 0.0224726 secs] [Times: user=0.07 sys=0.00, real=0.02 secs] 
2021-05-15T23:39:54.322+0800: 137345.974: [GC (Allocation Failure) [PSYoungGen: 516544K->3040K(518144K)] 837587K->327352K(1042432K), 0.0280521 secs] [Times: user=0.06 sys=0.00, real=0.02 secs] 
2021-05-15T23:45:14.666+0800: 137666.318: [GC (Allocation Failure) [PSYoungGen: 515040K->3808K(518144K)] 839352K->329839K(1042432K), 0.0238885 secs] [Times: user=0.07 sys=0.00, real=0.02 secs] 
2021-05-15T23:50:35.306+0800: 137986.958: [GC (Allocation Failure) [PSYoungGen: 515808K->2816K(518144K)] 841839K->331525K(1042432K), 0.0223951 secs] [Times: user=0.06 sys=0.00, real=0.02 secs] 
2021-05-15T23:55:55.101+0800: 138306.753: [GC (Allocation Failure) [PSYoungGen: 514816K->2304K(518144K)] 843525K->332532K(1042432K), 0.0244528 secs] [Times: user=0.06 sys=0.00, real=0.03 secs] 
2021-05-16T00:01:10.500+0800: 138622.152: [GC (Allocation Failure) [PSYoungGen: 514304K->2496K(518144K)] 844532K->333716K(1042432K), 0.0226664 secs] [Times: user=0.05 sys=0.00, real=0.03 secs] 
2021-05-16T00:06:30.983+0800: 138942.635: [GC (Allocation Failure) [PSYoungGen: 514496K->3392K(518144K)] 845716K->335532K(1042432K), 0.0250072 secs] [Times: user=0.08 sys=0.00, real=0.02 secs] 
2021-05-16T00:11:51.604+0800: 139263.256: [GC (Allocation Failure) [PSYoungGen: 515392K->2176K(518656K)] 847532K->335820K(1042944K), 0.0319164 secs] [Times: user=0.07 sys=0.00, real=0.03 secs] 
2021-05-16T00:17:13.047+0800: 139584.699: [GC (Allocation Failure) [PSYoungGen: 515200K->2272K(518656K)] 848844K->336732K(1042944K), 0.0186349 secs] [Times: user=0.06 sys=0.00, real=0.02 secs] 
2021-05-16T00:22:32.571+0800: 139904.223: [GC (Allocation Failure) [PSYoungGen: 515296K->3328K(518656K)] 849756K->338756K(1042944K), 0.0254587 secs] [Times: user=0.05 sys=0.00, real=0.03 secs] 
2021-05-16T00:27:44.161+0800: 140215.813: [GC (Allocation Failure) [PSYoungGen: 516352K->5184K(518656K)] 851780K->342795K(1042944K), 0.0212095 secs] [Times: user=0.07 sys=0.00, real=0.03 secs] 
2021-05-16T00:33:04.829+0800: 140536.481: [GC (Allocation Failure) [PSYoungGen: 518208K->3136K(518656K)] 855819K->344863K(1042944K), 0.0198051 secs] [Times: user=0.06 sys=0.00, real=0.02 secs] 
2021-05-16T00:38:28.987+0800: 140860.639: [GC (Allocation Failure) [PSYoungGen: 516160K->2464K(518656K)] 857887K->346054K(1042944K), 0.0214737 secs] [Times: user=0.06 sys=0.00, real=0.02 secs] 
2021-05-16T00:43:49.604+0800: 141181.256: [GC (Allocation Failure) [PSYoungGen: 515488K->2784K(518656K)] 859078K->347582K(1042944K), 0.0221494 secs] [Times: user=0.05 sys=0.00, real=0.02 secs] 
2021-05-16T00:49:09.965+0800: 141501.617: [GC (Allocation Failure) [PSYoungGen: 515808K->4736K(518144K)] 860606K->351013K(1042432K), 0.0197352 secs] [Times: user=0.07 sys=0.00, real=0.02 secs] 
2021-05-16T00:54:33.304+0800: 141824.956: [GC (Allocation Failure) [PSYoungGen: 517760K->4832K(518144K)] 864037K->354714K(1042432K), 0.0205243 secs] [Times: user=0.06 sys=0.00, real=0.02 secs] 
2021-05-16T00:59:53.521+0800: 142145.173: [GC (Allocation Failure) [PSYoungGen: 516832K->2496K(518144K)] 866714K->356094K(1042432K), 0.0239543 secs] [Times: user=0.06 sys=0.00, real=0.03 secs] 
2021-05-16T01:05:14.615+0800: 142466.267: [GC (Allocation Failure) [PSYoungGen: 514496K->2464K(518144K)] 868094K->357350K(1042432K), 0.0184967 secs] [Times: user=0.06 sys=0.00, real=0.02 secs] 
2021-05-16T01:10:37.031+0800: 142788.683: [GC (Allocation Failure) [PSYoungGen: 514464K->3904K(518144K)] 869350K->359918K(1042432K), 0.0273854 secs] [Times: user=0.07 sys=0.00, real=0.03 secs] 
2021-05-16T01:15:58.128+0800: 143109.780: [GC (Allocation Failure) [PSYoungGen: 515904K->3936K(518144K)] 871918K->362140K(1042432K), 0.0233054 secs] [Times: user=0.06 sys=0.00, real=0.02 secs] 
2021-05-16T01:21:20.729+0800: 143432.381: [GC (Allocation Failure) [PSYoungGen: 515936K->5152K(517632K)] 874140K->366082K(1041920K), 0.0172613 secs] [Times: user=0.06 sys=0.00, real=0.02 secs] 
2021-05-16T01:26:43.640+0800: 143755.292: [GC (Allocation Failure) [PSYoungGen: 517152K->2368K(518144K)] 878082K->367446K(1042432K), 0.0201175 secs] [Times: user=0.06 sys=0.00, real=0.02 secs] 
2021-05-16T01:32:05.716+0800: 144077.368: [GC (Allocation Failure) [PSYoungGen: 513856K->3104K(517632K)] 878934K->369221K(1041920K), 0.0203285 secs] [Times: user=0.06 sys=0.00, real=0.02 secs] 
2021-05-16T01:37:26.677+0800: 144398.329: [GC (Allocation Failure) [PSYoungGen: 514592K->4640K(518144K)] 880709K->372700K(1042432K), 0.0286011 secs] [Times: user=0.07 sys=0.00, real=0.03 secs] 
2021-05-16T01:42:51.946+0800: 144723.598: [GC (Allocation Failure) [PSYoungGen: 516640K->2464K(518144K)] 884700K->373977K(1042432K), 0.0220836 secs] [Times: user=0.06 sys=0.00, real=0.02 secs] 
2021-05-16T01:48:10.363+0800: 145042.015: [GC (Allocation Failure) [PSYoungGen: 514464K->6112K(515072K)] 885977K->378905K(1039360K), 0.0203019 secs] [Times: user=0.06 sys=0.00, real=0.02 secs] 
2021-05-16T01:53:30.793+0800: 145362.445: [GC (Allocation Failure) [PSYoungGen: 515040K->3488K(516608K)] 887833K->381372K(1040896K), 0.0339809 secs] [Times: user=0.07 sys=0.00, real=0.03 secs] 
2021-05-16T01:58:46.238+0800: 145677.890: [GC (Allocation Failure) [PSYoungGen: 512416K->4480K(517120K)] 890300K->384650K(1041408K), 0.0248023 secs] [Times: user=0.07 sys=0.00, real=0.03 secs] 
2021-05-16T02:04:03.636+0800: 145995.288: [GC (Allocation Failure) [PSYoungGen: 514432K->3168K(517120K)] 894602K->386771K(1041408K), 0.0233610 secs] [Times: user=0.07 sys=0.00, real=0.02 secs] 
2021-05-16T02:09:21.048+0800: 146312.700: [GC (Allocation Failure) [PSYoungGen: 513120K->5312K(517120K)] 896723K->390762K(1041408K), 0.0219173 secs] [Times: user=0.07 sys=0.00, real=0.02 secs] 
2021-05-16T02:14:38.106+0800: 146629.758: [GC (Allocation Failure) [PSYoungGen: 515264K->3200K(517120K)] 900714K->392096K(1041408K), 0.0211173 secs] [Times: user=0.06 sys=0.00, real=0.02 secs] 
2021-05-16T02:19:56.426+0800: 146948.078: [GC (Allocation Failure) [PSYoungGen: 513152K->3968K(517632K)] 902048K->394878K(1041920K), 0.0230852 secs] [Times: user=0.05 sys=0.00, real=0.02 secs] 
2021-05-16T02:25:18.966+0800: 147270.618: [GC (Allocation Failure) [PSYoungGen: 514432K->3648K(517120K)] 905342K->397036K(1041408K), 0.0231221 secs] [Times: user=0.06 sys=0.00, real=0.02 secs] 
2021-05-16T02:30:36.415+0800: 147588.067: [GC (Allocation Failure) [PSYoungGen: 514112K->3264K(517632K)] 907500K->398603K(1041920K), 0.0685369 secs] [Times: user=0.06 sys=0.00, real=0.07 secs] 
2021-05-16T02:35:57.996+0800: 147909.648: [GC (Allocation Failure) [PSYoungGen: 514240K->4416K(517632K)] 909579K->401673K(1041920K), 0.0252672 secs] [Times: user=0.07 sys=0.00, real=0.02 secs] 
2021-05-16T02:41:11.672+0800: 148223.324: [GC (Allocation Failure) [PSYoungGen: 515392K->3872K(518144K)] 912649K->404398K(1042432K), 0.0277014 secs] [Times: user=0.08 sys=0.00, real=0.03 secs] 
2021-05-16T02:46:32.281+0800: 148543.933: [GC (Allocation Failure) [PSYoungGen: 515360K->2784K(517632K)] 915886K->405964K(1041920K), 0.0185663 secs] [Times: user=0.05 sys=0.00, real=0.02 secs] 
2021-05-16T02:51:57.948+0800: 148869.600: [GC (Allocation Failure) [PSYoungGen: 514272K->2656K(518144K)] 917452K->407323K(1042432K), 0.0203608 secs] [Times: user=0.06 sys=0.00, real=0.02 secs] 
2021-05-16T02:57:22.411+0800: 149194.063: [GC (Allocation Failure) [PSYoungGen: 514656K->2592K(518144K)] 919323K->408547K(1042432K), 0.0251408 secs] [Times: user=0.06 sys=0.00, real=0.03 secs] 
2021-05-16T03:02:37.904+0800: 149509.556: [GC (Allocation Failure) [PSYoungGen: 514592K->4320K(518144K)] 920547K->411531K(1042432K), 0.0248124 secs] [Times: user=0.07 sys=0.00, real=0.02 secs] 
2021-05-16T03:07:52.274+0800: 149823.926: [GC (Allocation Failure) [PSYoungGen: 516320K->5600K(517632K)] 923531K->415632K(1041920K), 0.0197584 secs] [Times: user=0.06 sys=0.00, real=0.02 secs] 
2021-05-16T03:13:09.630+0800: 150141.282: [GC (Allocation Failure) [PSYoungGen: 517600K->4448K(517632K)] 927632K->418420K(1041920K), 0.0220659 secs] [Times: user=0.07 sys=0.00, real=0.03 secs] 
2021-05-16T03:18:26.453+0800: 150458.105: [GC (Allocation Failure) [PSYoungGen: 515424K->3168K(517632K)] 929396K->420425K(1041920K), 0.0232245 secs] [Times: user=0.07 sys=0.00, real=0.02 secs] 
2021-05-16T03:23:45.271+0800: 150776.923: [GC (Allocation Failure) [PSYoungGen: 514144K->2432K(517632K)] 931401K->421607K(1041920K), 0.0198948 secs] [Times: user=0.06 sys=0.00, real=0.02 secs] 
2021-05-16T03:29:01.052+0800: 151092.704: [GC (Allocation Failure) [PSYoungGen: 513408K->4832K(517632K)] 932583K->425015K(1041920K), 0.0276724 secs] [Times: user=0.07 sys=0.00, real=0.02 secs] 
2021-05-16T03:34:24.307+0800: 151415.959: [GC (Allocation Failure) [PSYoungGen: 515808K->2944K(517632K)] 935991K->426763K(1041920K), 0.0188677 secs] [Times: user=0.07 sys=0.00, real=0.02 secs] 
2021-05-16T03:39:42.487+0800: 151734.139: [GC (Allocation Failure) [PSYoungGen: 513920K->2976K(517632K)] 937739K->428371K(1041920K), 0.0268182 secs] [Times: user=0.06 sys=0.00, real=0.03 secs] 
2021-05-16T03:44:59.696+0800: 152051.348: [GC (Allocation Failure) [PSYoungGen: 513952K->2720K(518144K)] 939347K->429834K(1042432K), 0.0197724 secs] [Times: user=0.05 sys=0.00, real=0.02 secs] 
2021-05-16T03:50:22.527+0800: 152374.179: [GC (Allocation Failure) [PSYoungGen: 514208K->3104K(517632K)] 941322K->431681K(1041920K), 0.0179177 secs] [Times: user=0.06 sys=0.00, real=0.02 secs] 
2021-05-16T03:55:37.611+0800: 152689.263: [GC (Allocation Failure) [PSYoungGen: 514592K->2560K(518144K)] 943169K->432896K(1042432K), 0.0352657 secs] [Times: user=0.06 sys=0.00, real=0.04 secs] 
2021-05-16T04:00:52.863+0800: 153004.515: [GC (Allocation Failure) [PSYoungGen: 514560K->2368K(518144K)] 944896K->433912K(1042432K), 0.0228262 secs] [Times: user=0.06 sys=0.00, real=0.02 secs] 
2021-05-16T04:06:12.916+0800: 153324.568: [GC (Allocation Failure) [PSYoungGen: 514368K->3712K(518144K)] 945912K->436160K(1042432K), 0.0317843 secs] [Times: user=0.06 sys=0.00, real=0.03 secs] 
2021-05-16T04:11:30.237+0800: 153641.889: [GC (Allocation Failure) [PSYoungGen: 515712K->4000K(518144K)] 948160K->438375K(1042432K), 0.0238428 secs] [Times: user=0.07 sys=0.00, real=0.02 secs] 
2021-05-16T04:16:46.399+0800: 153958.051: [GC (Allocation Failure) [PSYoungGen: 516000K->3872K(518656K)] 950375K->440957K(1042944K), 0.0192780 secs] [Times: user=0.06 sys=0.00, real=0.02 secs] 
2021-05-16T04:22:05.836+0800: 154277.488: [GC (Allocation Failure) [PSYoungGen: 516384K->2752K(518144K)] 953469K->442507K(1042432K), 0.0304176 secs] [Times: user=0.06 sys=0.00, real=0.03 secs] 
2021-05-16T04:27:23.140+0800: 154594.793: [GC (Allocation Failure) [PSYoungGen: 515264K->4064K(518656K)] 955019K->445251K(1042944K), 0.0268452 secs] [Times: user=0.06 sys=0.00, real=0.03 secs] 
2021-05-16T04:32:42.188+0800: 154913.840: [GC (Allocation Failure) [PSYoungGen: 517088K->2624K(518656K)] 958275K->446520K(1042944K), 0.0211952 secs] [Times: user=0.06 sys=0.00, real=0.02 secs] 
2021-05-16T04:38:01.833+0800: 155233.485: [GC (Allocation Failure) [PSYoungGen: 515648K->2624K(518656K)] 959544K->447816K(1042944K), 0.0213806 secs] [Times: user=0.06 sys=0.00, real=0.02 secs] 
2021-05-16T04:43:18.586+0800: 155550.238: [GC (Allocation Failure) [PSYoungGen: 515648K->2432K(518656K)] 960840K->448864K(1042944K), 0.0543574 secs] [Times: user=0.09 sys=0.00, real=0.05 secs] 
2021-05-16T04:48:38.010+0800: 155869.662: [GC (Allocation Failure) [PSYoungGen: 515456K->2624K(518656K)] 961888K->450008K(1042944K), 0.0190261 secs] [Times: user=0.06 sys=0.00, real=0.02 secs] 
2021-05-16T04:53:54.965+0800: 156186.617: [GC (Allocation Failure) [PSYoungGen: 515648K->4928K(518144K)] 963032K->453536K(1042432K), 0.0229798 secs] [Times: user=0.07 sys=0.00, real=0.02 secs] 
2021-05-16T04:59:13.559+0800: 156505.211: [GC (Allocation Failure) [PSYoungGen: 517952K->3232K(518656K)] 966560K->455549K(1042944K), 0.0227940 secs] [Times: user=0.07 sys=0.00, real=0.03 secs] 
2021-05-16T05:04:29.650+0800: 156821.302: [GC (Allocation Failure) [PSYoungGen: 515744K->4320K(518144K)] 968061K->458348K(1042432K), 0.0257926 secs] [Times: user=0.07 sys=0.00, real=0.03 secs] 
2021-05-16T05:09:47.252+0800: 157138.904: [GC (Allocation Failure) [PSYoungGen: 516832K->5632K(512512K)] 970860K->465673K(1036800K), 0.0266640 secs] [Times: user=0.08 sys=0.00, real=0.03 secs] 
2021-05-16T05:15:07.709+0800: 157459.361: [GC (Allocation Failure) [PSYoungGen: 512512K->2240K(515584K)] 972553K->467956K(1039872K), 0.0333310 secs] [Times: user=0.06 sys=0.00, real=0.04 secs] 
2021-05-16T05:20:21.114+0800: 157772.766: [GC (Allocation Failure) [PSYoungGen: 509120K->2112K(515584K)] 974836K->468764K(1039872K), 0.0203550 secs] [Times: user=0.06 sys=0.00, real=0.02 secs] 
2021-05-16T05:25:36.625+0800: 158088.277: [GC (Allocation Failure) [PSYoungGen: 508992K->2592K(515584K)] 975644K->470195K(1039872K), 0.0242859 secs] [Times: user=0.07 sys=0.01, real=0.02 secs] 
2021-05-16T05:30:51.859+0800: 158403.511: [GC (Allocation Failure) [PSYoungGen: 509472K->3040K(516096K)] 977075K->471695K(1040384K), 0.0539761 secs] [Times: user=0.08 sys=0.00, real=0.06 secs] 
2021-05-16T05:36:11.857+0800: 158723.509: [GC (Allocation Failure) [PSYoungGen: 510944K->3360K(516096K)] 979599K->473678K(1040384K), 0.0225852 secs] [Times: user=0.07 sys=0.00, real=0.02 secs] 
2021-05-16T05:41:29.583+0800: 159041.235: [GC (Allocation Failure) [PSYoungGen: 511264K->2272K(516608K)] 981582K->474349K(1040896K), 0.0243203 secs] [Times: user=0.06 sys=0.00, real=0.02 secs] 
2021-05-16T05:46:49.788+0800: 159361.440: [GC (Allocation Failure) [PSYoungGen: 511200K->2560K(516608K)] 983277K->475557K(1040896K), 0.0248259 secs] [Times: user=0.06 sys=0.00, real=0.03 secs] 
2021-05-16T05:52:10.909+0800: 159682.561: [GC (Allocation Failure) [PSYoungGen: 511488K->4096K(517120K)] 984485K->478285K(1041408K), 0.0204053 secs] [Times: user=0.06 sys=0.00, real=0.02 secs] 
2021-05-16T05:57:29.656+0800: 160001.308: [GC (Allocation Failure) [PSYoungGen: 514048K->2336K(517120K)] 988237K->479482K(1041408K), 0.0214309 secs] [Times: user=0.06 sys=0.00, real=0.02 secs] 
2021-05-16T06:02:50.256+0800: 160321.909: [GC (Allocation Failure) [PSYoungGen: 512288K->2400K(517632K)] 989434K->480474K(1041920K), 0.0285253 secs] [Times: user=0.07 sys=0.00, real=0.03 secs] 
2021-05-16T06:08:10.702+0800: 160642.354: [GC (Allocation Failure) [PSYoungGen: 512864K->3392K(517120K)] 990938K->482298K(1041408K), 0.0310550 secs] [Times: user=0.07 sys=0.00, real=0.04 secs] 
2021-05-16T06:13:30.944+0800: 160962.596: [GC (Allocation Failure) [PSYoungGen: 513856K->4544K(517632K)] 992762K->484890K(1041920K), 0.0216358 secs] [Times: user=0.06 sys=0.00, real=0.02 secs] 
2021-05-16T06:18:51.697+0800: 161283.349: [GC (Allocation Failure) [PSYoungGen: 515520K->2400K(517632K)] 995866K->486238K(1041920K), 0.0271663 secs] [Times: user=0.07 sys=0.00, real=0.03 secs] 
2021-05-16T06:24:12.874+0800: 161604.526: [GC (Allocation Failure) [PSYoungGen: 513376K->2912K(518144K)] 997214K->487926K(1042432K), 0.0233966 secs] [Times: user=0.07 sys=0.00, real=0.02 secs] 
2021-05-16T06:29:33.674+0800: 161925.326: [GC (Allocation Failure) [PSYoungGen: 514400K->3200K(517632K)] 999414K->489885K(1041920K), 0.0194329 secs] [Times: user=0.06 sys=0.00, real=0.02 secs] 
2021-05-16T06:35:01.697+0800: 162253.349: [GC (Allocation Failure) [PSYoungGen: 514688K->2720K(518144K)] 1001373K->491323K(1042432K), 0.0265997 secs] [Times: user=0.06 sys=0.00, real=0.03 secs] 
2021-05-16T06:40:18.710+0800: 162570.362: [GC (Allocation Failure) [PSYoungGen: 514720K->2816K(518144K)] 1003323K->492699K(1042432K), 0.0327485 secs] [Times: user=0.09 sys=0.00, real=0.04 secs] 
2021-05-16T06:45:44.237+0800: 162895.889: [GC (Allocation Failure) [PSYoungGen: 514816K->3072K(518656K)] 1004699K->494387K(1042944K), 0.0299890 secs] [Times: user=0.06 sys=0.00, real=0.03 secs] 
2021-05-16T06:51:04.674+0800: 163216.326: [GC (Allocation Failure) [PSYoungGen: 516096K->4512K(518656K)] 1007411K->497769K(1042944K), 0.0238737 secs] [Times: user=0.07 sys=0.00, real=0.02 secs] 
2021-05-16T06:56:22.488+0800: 163534.140: [GC (Allocation Failure) [PSYoungGen: 517536K->2720K(518656K)] 1010793K->499406K(1042944K), 0.0206302 secs] [Times: user=0.06 sys=0.00, real=0.02 secs] 
2021-05-16T07:01:40.703+0800: 163852.355: [GC (Allocation Failure) [PSYoungGen: 515744K->4160K(518656K)] 1012430K->502269K(1042944K), 0.0259576 secs] [Times: user=0.07 sys=0.00, real=0.02 secs] 
2021-05-16T07:06:56.258+0800: 164167.910: [GC (Allocation Failure) [PSYoungGen: 517184K->5632K(514560K)] 1015293K->507338K(1038848K), 0.0362872 secs] [Times: user=0.09 sys=0.00, real=0.04 secs] 
2021-05-16T07:12:13.793+0800: 164485.445: [GC (Allocation Failure) [PSYoungGen: 514560K->4512K(516608K)] 1016266K->510821K(1040896K), 0.0325483 secs] [Times: user=0.09 sys=0.00, real=0.03 secs] 
2021-05-16T07:17:38.255+0800: 164809.907: [GC (Allocation Failure) [PSYoungGen: 513440K->3840K(517120K)] 1019749K->513370K(1041408K), 0.0204030 secs] [Times: user=0.06 sys=0.00, real=0.02 secs] 
2021-05-16T07:22:59.710+0800: 165131.362: [GC (Allocation Failure) [PSYoungGen: 513280K->4320K(516608K)] 1022810K->516512K(1040896K), 0.0225546 secs] [Times: user=0.07 sys=0.00, real=0.03 secs] 
2021-05-16T07:28:18.380+0800: 165450.032: [GC (Allocation Failure) [PSYoungGen: 513760K->2240K(517120K)] 1025952K->517653K(1041408K), 0.0240003 secs] [Times: user=0.06 sys=0.00, real=0.03 secs] 
2021-05-16T07:33:38.791+0800: 165770.443: [GC (Allocation Failure) [PSYoungGen: 512192K->3360K(517120K)] 1027605K->519693K(1041408K), 0.0248979 secs] [Times: user=0.07 sys=0.00, real=0.03 secs] 
2021-05-16T07:38:58.513+0800: 166090.165: [GC (Allocation Failure) [PSYoungGen: 513312K->2656K(517632K)] 1029645K->521068K(1041920K), 0.0286634 secs] [Times: user=0.07 sys=0.00, real=0.02 secs] 
2021-05-16T07:44:15.835+0800: 166407.487: [GC (Allocation Failure) [PSYoungGen: 513120K->2272K(517120K)] 1031532K->522107K(1041408K), 0.0221482 secs] [Times: user=0.06 sys=0.00, real=0.02 secs] 
2021-05-16T07:44:15.858+0800: 166407.510: [Full GC (Ergonomics) [PSYoungGen: 2272K->0K(517120K)] [ParOldGen: 519835K->237827K(524288K)] 522107K->237827K(1041408K), [Metaspace: 93630K->93626K(1136640K)], 0.5827909 secs] [Times: user=1.24 sys=0.00, real=0.58 secs] 
2021-05-16T07:49:39.321+0800: 166730.973: [GC (Allocation Failure) [PSYoungGen: 510464K->2528K(517632K)] 748291K->240355K(1041920K), 0.0167958 secs] [Times: user=0.05 sys=0.00, real=0.02 secs] 
2021-05-16T07:54:59.904+0800: 167051.556: [GC (Allocation Failure) [PSYoungGen: 513504K->2624K(517632K)] 751331K->241523K(1041920K), 0.0189544 secs] [Times: user=0.06 sys=0.00, real=0.02 secs] 
2021-05-16T08:00:16.478+0800: 167368.130: [GC (Allocation Failure) [PSYoungGen: 513600K->2912K(518144K)] 752499K->243107K(1042432K), 0.0198064 secs] [Times: user=0.05 sys=0.00, real=0.02 secs] 
2021-05-16T08:05:35.804+0800: 167687.456: [GC (Allocation Failure) [PSYoungGen: 514400K->2656K(517632K)] 754595K->244578K(1041920K), 0.0247271 secs] [Times: user=0.06 sys=0.00, real=0.02 secs] 
2021-05-16T08:10:54.658+0800: 168006.310: [GC (Allocation Failure) [PSYoungGen: 514144K->2976K(518656K)] 756066K->246241K(1042944K), 0.0177248 secs] [Times: user=0.06 sys=0.00, real=0.02 secs] 
2021-05-16T08:16:13.795+0800: 168325.447: [GC (Allocation Failure) [PSYoungGen: 515488K->4000K(518144K)] 758753K->248417K(1042432K), 0.0165980 secs] [Times: user=0.05 sys=0.00, real=0.01 secs] 
2021-05-16T08:21:38.559+0800: 168650.211: [GC (Allocation Failure) [PSYoungGen: 516512K->2400K(518656K)] 760929K->249534K(1042944K), 0.0240030 secs] [Times: user=0.05 sys=0.00, real=0.03 secs] 
2021-05-16T08:26:58.819+0800: 168970.471: [GC (Allocation Failure) [PSYoungGen: 514912K->2336K(518144K)] 762046K->250454K(1042432K), 0.0222208 secs] [Times: user=0.05 sys=0.00, real=0.02 secs] 
2021-05-16T08:32:19.557+0800: 169291.209: [GC (Allocation Failure) [PSYoungGen: 514848K->2304K(518656K)] 762966K->251454K(1042944K), 0.0208917 secs] [Times: user=0.05 sys=0.00, real=0.02 secs] 
2021-05-16T08:37:33.990+0800: 169605.642: [GC (Allocation Failure) [PSYoungGen: 515328K->5600K(518656K)] 764478K->255734K(1042944K), 0.0187616 secs] [Times: user=0.06 sys=0.00, real=0.02 secs] 
2021-05-16T08:42:50.766+0800: 169922.418: [GC (Allocation Failure) [PSYoungGen: 518624K->5088K(515584K)] 768758K->259611K(1039872K), 0.0217730 secs] [Times: user=0.06 sys=0.00, real=0.02 secs] 
2021-05-16T08:48:11.343+0800: 170242.995: [GC (Allocation Failure) [PSYoungGen: 515040K->4288K(517120K)] 769563K->262687K(1041408K), 0.0217412 secs] [Times: user=0.06 sys=0.00, real=0.02 secs] 
2021-05-16T08:53:29.388+0800: 170561.040: [GC (Allocation Failure) [PSYoungGen: 514240K->2624K(517632K)] 772639K->264172K(1041920K), 0.0257551 secs] [Times: user=0.06 sys=0.00, real=0.03 secs] 
2021-05-16T08:58:47.385+0800: 170879.037: [GC (Allocation Failure) [PSYoungGen: 513088K->2496K(517120K)] 774636K->265339K(1041408K), 0.0191754 secs] [Times: user=0.05 sys=0.00, real=0.02 secs] 
2021-05-16T09:04:04.555+0800: 171196.207: [GC (Allocation Failure) [PSYoungGen: 512960K->2272K(517632K)] 775803K->266347K(1041920K), 0.0525482 secs] [Times: user=0.05 sys=0.00, real=0.05 secs] 
2021-05-16T09:09:21.897+0800: 171513.549: [GC (Allocation Failure) [PSYoungGen: 513248K->3840K(517632K)] 777323K->268755K(1041920K), 0.0266609 secs] [Times: user=0.06 sys=0.00, real=0.03 secs] 
2021-05-16T09:14:39.531+0800: 171831.183: [GC (Allocation Failure) [PSYoungGen: 514816K->4096K(517632K)] 779731K->271058K(1041920K), 0.0487412 secs] [Times: user=0.05 sys=0.00, real=0.05 secs] 
2021-05-16T09:19:58.399+0800: 172150.051: [GC (Allocation Failure) [PSYoungGen: 515072K->6624K(517632K)] 782034K->276999K(1041920K), 0.0224926 secs] [Times: user=0.06 sys=0.00, real=0.02 secs] 
2021-05-16T09:25:14.528+0800: 172466.180: [GC (Allocation Failure) [PSYoungGen: 517600K->6336K(512512K)] 787975K->282289K(1036800K), 0.0234453 secs] [Times: user=0.07 sys=0.00, real=0.02 secs] 
2021-05-16T09:30:25.657+0800: 172777.309: [GC (Allocation Failure) [PSYoungGen: 512192K->3232K(515072K)] 788145K->284268K(1039360K), 0.0212245 secs] [Times: user=0.06 sys=0.00, real=0.02 secs] 
2021-05-16T09:35:44.931+0800: 173096.583: [GC (Allocation Failure) [PSYoungGen: 509088K->2720K(515584K)] 790124K->285650K(1039872K), 0.0206605 secs] [Times: user=0.05 sys=0.00, real=0.02 secs] 
2021-05-16T09:40:55.074+0800: 173406.727: [GC (Allocation Failure) [PSYoungGen: 509600K->5568K(515584K)] 792530K->289794K(1039872K), 0.0239808 secs] [Times: user=0.06 sys=0.00, real=0.02 secs] 
2021-05-16T09:46:10.365+0800: 173722.017: [GC (Allocation Failure) [PSYoungGen: 512448K->4288K(516096K)] 796674K->292862K(1040384K), 0.0209757 secs] [Times: user=0.06 sys=0.00, real=0.02 secs] 
2021-05-16T09:51:28.901+0800: 174040.553: [GC (Allocation Failure) [PSYoungGen: 511680K->2336K(515584K)] 800254K->294051K(1039872K), 0.0253877 secs] [Times: user=0.06 sys=0.00, real=0.03 secs] 
2021-05-16T09:56:43.506+0800: 174355.158: [GC (Allocation Failure) [PSYoungGen: 509728K->2784K(516096K)] 801443K->295523K(1040384K), 0.0182048 secs] [Times: user=0.05 sys=0.00, real=0.02 secs] 
2021-05-16T10:02:00.688+0800: 174672.340: [GC (Allocation Failure) [PSYoungGen: 510688K->2592K(516096K)] 803427K->296778K(1040384K), 0.0258572 secs] [Times: user=0.07 sys=0.00, real=0.03 secs] 
2021-05-16T10:07:16.437+0800: 174988.089: [GC (Allocation Failure) [PSYoungGen: 510496K->4800K(516608K)] 804682K->300074K(1040896K), 0.0217025 secs] [Times: user=0.07 sys=0.00, real=0.02 secs] 
2021-05-16T10:12:32.130+0800: 175303.782: [GC (Allocation Failure) [PSYoungGen: 513728K->4416K(516608K)] 809002K->302736K(1040896K), 0.0744195 secs] [Times: user=0.14 sys=0.01, real=0.08 secs] 
2021-05-16T10:17:54.519+0800: 175626.171: [GC (Allocation Failure) [PSYoungGen: 513344K->4416K(516608K)] 811664K->305940K(1040896K), 0.0315267 secs] [Times: user=0.07 sys=0.00, real=0.03 secs] 
2021-05-16T10:23:12.675+0800: 175944.327: [GC (Allocation Failure) [PSYoungGen: 513344K->2336K(516608K)] 814868K->307025K(1040896K), 0.0238837 secs] [Times: user=0.07 sys=0.00, real=0.02 secs] 
2021-05-16T10:28:25.681+0800: 176257.333: [GC (Allocation Failure) [PSYoungGen: 511264K->2560K(517120K)] 815953K->308225K(1041408K), 0.0303625 secs] [Times: user=0.05 sys=0.00, real=0.03 secs] 
2021-05-16T10:33:40.688+0800: 176572.340: [GC (Allocation Failure) [PSYoungGen: 512000K->3488K(516608K)] 817665K->310313K(1040896K), 0.0220122 secs] [Times: user=0.06 sys=0.00, real=0.02 secs] 
2021-05-16T10:38:56.087+0800: 176887.740: [GC (Allocation Failure) [PSYoungGen: 512928K->3616K(517632K)] 819753K->312512K(1041920K), 0.0175488 secs] [Times: user=0.05 sys=0.00, real=0.02 secs] 
2021-05-16T10:44:16.421+0800: 177208.073: [GC (Allocation Failure) [PSYoungGen: 514080K->3008K(517120K)] 822976K->314294K(1041408K), 0.0220061 secs] [Times: user=0.06 sys=0.00, real=0.03 secs] 
2021-05-16T10:49:33.906+0800: 177525.558: [GC (Allocation Failure) [PSYoungGen: 513472K->2208K(517632K)] 824758K->315229K(1041920K), 0.0185746 secs] [Times: user=0.06 sys=0.00, real=0.02 secs] 
2021-05-16T10:54:51.786+0800: 177843.438: [GC (Allocation Failure) [PSYoungGen: 513184K->2400K(517632K)] 826205K->316373K(1041920K), 0.0169247 secs] [Times: user=0.05 sys=0.00, real=0.02 secs] 
2021-05-16T11:00:12.264+0800: 178163.916: [GC (Allocation Failure) [PSYoungGen: 513376K->4096K(517632K)] 827349K->319101K(1041920K), 0.0215751 secs] [Times: user=0.06 sys=0.00, real=0.02 secs] 
2021-05-16T11:05:30.310+0800: 178481.962: [GC (Allocation Failure) [PSYoungGen: 515072K->2272K(517632K)] 830077K->320218K(1041920K), 0.0195959 secs] [Times: user=0.06 sys=0.00, real=0.02 secs] 
2021-05-16T11:10:52.114+0800: 178803.766: [GC (Allocation Failure) [PSYoungGen: 513248K->3104K(518144K)] 831194K->321882K(1042432K), 0.0236253 secs] [Times: user=0.06 sys=0.01, real=0.02 secs] 
2021-05-16T11:16:14.328+0800: 179125.980: [GC (Allocation Failure) [PSYoungGen: 515104K->3264K(518144K)] 833882K->323210K(1042432K), 0.0205375 secs] [Times: user=0.06 sys=0.00, real=0.02 secs] 
2021-05-16T11:21:29.979+0800: 179441.631: [GC (Allocation Failure) [PSYoungGen: 515264K->2336K(518656K)] 835210K->324272K(1042944K), 0.0259946 secs] [Times: user=0.06 sys=0.00, real=0.03 secs] 
2021-05-16T11:26:50.784+0800: 179762.436: [GC (Allocation Failure) [PSYoungGen: 515360K->2816K(518656K)] 837296K->325688K(1042944K), 0.0217111 secs] [Times: user=0.05 sys=0.00, real=0.02 secs] 
2021-05-16T11:32:11.348+0800: 180083.000: [GC (Allocation Failure) [PSYoungGen: 515840K->4800K(517632K)] 838712K->329199K(1041920K), 0.0284578 secs] [Times: user=0.07 sys=0.00, real=0.03 secs] 
2021-05-16T11:37:26.555+0800: 180398.207: [GC (Allocation Failure) [PSYoungGen: 516800K->5824K(518144K)] 841199K->333797K(1042432K), 0.0251410 secs] [Times: user=0.07 sys=0.00, real=0.02 secs] 
2021-05-16T11:42:42.324+0800: 180713.976: [GC (Allocation Failure) [PSYoungGen: 517824K->5728K(516096K)] 845797K->338041K(1040384K), 0.0262842 secs] [Times: user=0.07 sys=0.00, real=0.02 secs] 
2021-05-16T11:48:03.421+0800: 181035.073: [GC (Allocation Failure) [PSYoungGen: 515680K->3200K(517120K)] 847993K->339829K(1041408K), 0.0195992 secs] [Times: user=0.05 sys=0.00, real=0.02 secs] 
2021-05-16T11:53:23.642+0800: 181355.294: [GC (Allocation Failure) [PSYoungGen: 513152K->3072K(517632K)] 849781K->341644K(1041920K), 0.0359524 secs] [Times: user=0.07 sys=0.00, real=0.04 secs] 
2021-05-16T11:58:46.339+0800: 181677.991: [GC (Allocation Failure) [PSYoungGen: 513536K->3840K(517120K)] 852108K->344179K(1041408K), 0.0232796 secs] [Times: user=0.07 sys=0.00, real=0.03 secs] 
2021-05-16T12:04:06.769+0800: 181998.421: [GC (Allocation Failure) [PSYoungGen: 514304K->4352K(517632K)] 854643K->347129K(1041920K), 0.0202215 secs] [Times: user=0.06 sys=0.00, real=0.02 secs] 
2021-05-16T12:09:24.111+0800: 182315.763: [GC (Allocation Failure) [PSYoungGen: 515328K->3616K(517632K)] 858105K->349446K(1041920K), 0.0202011 secs] [Times: user=0.07 sys=0.01, real=0.02 secs] 
2021-05-16T12:14:42.185+0800: 182633.837: [GC (Allocation Failure) [PSYoungGen: 514591K->4128K(518144K)] 860422K->351789K(1042432K), 0.0367293 secs] [Times: user=0.07 sys=0.00, real=0.03 secs] 
2021-05-16T12:20:02.617+0800: 182954.269: [GC (Allocation Failure) [PSYoungGen: 516128K->3232K(518144K)] 863789K->353626K(1042432K), 0.0220927 secs] [Times: user=0.07 sys=0.00, real=0.02 secs] 
2021-05-16T12:25:25.076+0800: 183276.728: [GC (Allocation Failure) [PSYoungGen: 515232K->3200K(518144K)] 865626K->355377K(1042432K), 0.0212874 secs] [Times: user=0.07 sys=0.00, real=0.02 secs] 
2021-05-16T12:30:42.540+0800: 183594.192: [GC (Allocation Failure) [PSYoungGen: 515200K->2304K(518144K)] 867377K->356432K(1042432K), 0.0256874 secs] [Times: user=0.08 sys=0.00, real=0.03 secs] 
2021-05-16T12:35:58.625+0800: 183910.277: [GC (Allocation Failure) [PSYoungGen: 514304K->2784K(518144K)] 868432K->357840K(1042432K), 0.0213624 secs] [Times: user=0.07 sys=0.00, real=0.02 secs] 
2021-05-16T12:41:17.534+0800: 184229.186: [GC (Allocation Failure) [PSYoungGen: 514784K->3424K(518144K)] 869840K->359752K(1042432K), 0.0207675 secs] [Times: user=0.07 sys=0.00, real=0.02 secs] 
2021-05-16T12:46:37.393+0800: 184549.045: [GC (Allocation Failure) [PSYoungGen: 515424K->5344K(517632K)] 871752K->363862K(1041920K), 0.0321376 secs] [Times: user=0.08 sys=0.00, real=0.03 secs] 
2021-05-16T12:51:54.979+0800: 184866.631: [GC (Allocation Failure) [PSYoungGen: 517344K->2368K(518144K)] 875862K->365001K(1042432K), 0.0194884 secs] [Times: user=0.06 sys=0.00, real=0.02 secs] 
2021-05-16T12:57:10.532+0800: 185182.184: [GC (Allocation Failure) [PSYoungGen: 514368K->4096K(518144K)] 877001K->367753K(1042432K), 0.0197696 secs] [Times: user=0.06 sys=0.00, real=0.02 secs] 
2021-05-16T13:02:29.109+0800: 185500.761: [GC (Allocation Failure) [PSYoungGen: 516096K->3008K(518144K)] 879753K->369567K(1042432K), 0.0234066 secs] [Times: user=0.06 sys=0.00, real=0.03 secs] 
2021-05-16T13:07:47.337+0800: 185818.990: [GC (Allocation Failure) [PSYoungGen: 515008K->3840K(518144K)] 881567K->371982K(1042432K), 0.0402711 secs] [Times: user=0.05 sys=0.00, real=0.04 secs] 
2021-05-16T13:13:06.648+0800: 186138.300: [GC (Allocation Failure) [PSYoungGen: 515840K->2336K(518144K)] 883982K->372517K(1042432K), 0.0171774 secs] [Times: user=0.05 sys=0.00, real=0.02 secs] 
2021-05-16T13:18:27.117+0800: 186458.769: [GC (Allocation Failure) [PSYoungGen: 514336K->4416K(518144K)] 884517K->375596K(1042432K), 0.0254152 secs] [Times: user=0.07 sys=0.00, real=0.03 secs] 
2021-05-16T13:23:45.623+0800: 186777.275: [GC (Allocation Failure) [PSYoungGen: 516416K->2304K(518144K)] 887596K->376697K(1042432K), 0.0206961 secs] [Times: user=0.07 sys=0.00, real=0.02 secs] 
2021-05-16T13:29:07.673+0800: 187099.325: [GC (Allocation Failure) [PSYoungGen: 514304K->3488K(518656K)] 888697K->378849K(1042944K), 0.0292620 secs] [Times: user=0.07 sys=0.00, real=0.03 secs] 
2021-05-16T13:34:21.370+0800: 187413.022: [GC (Allocation Failure) [PSYoungGen: 516000K->3264K(518144K)] 891361K->380783K(1042432K), 0.0240761 secs] [Times: user=0.06 sys=0.00, real=0.03 secs] 
2021-05-16T13:39:43.948+0800: 187735.600: [GC (Allocation Failure) [PSYoungGen: 515776K->4096K(518656K)] 893295K->383423K(1042944K), 0.0211720 secs] [Times: user=0.06 sys=0.00, real=0.02 secs] 
2021-05-16T13:45:02.932+0800: 188054.584: [GC (Allocation Failure) [PSYoungGen: 517120K->3712K(518656K)] 896447K->385948K(1042944K), 0.0627811 secs] [Times: user=0.07 sys=0.00, real=0.07 secs] 
2021-05-16T13:50:16.967+0800: 188368.620: [GC (Allocation Failure) [PSYoungGen: 516736K->3104K(518656K)] 898972K->387746K(1042944K), 0.0204730 secs] [Times: user=0.06 sys=0.00, real=0.02 secs] 
2021-05-16T13:55:29.596+0800: 188681.248: [GC (Allocation Failure) [PSYoungGen: 516128K->5056K(518144K)] 900770K->391425K(1042432K), 0.0231997 secs] [Times: user=0.08 sys=0.00, real=0.02 secs] 
2021-05-16T14:00:46.253+0800: 188997.905: [GC (Allocation Failure) [PSYoungGen: 518080K->3264K(518656K)] 904449K->393541K(1042944K), 0.0195493 secs] [Times: user=0.06 sys=0.01, real=0.02 secs] 
2021-05-16T14:06:02.120+0800: 189313.772: [GC (Allocation Failure) [PSYoungGen: 515776K->5024K(518144K)] 906053K->397163K(1042432K), 0.0233729 secs] [Times: user=0.06 sys=0.00, real=0.03 secs] 
2021-05-16T14:11:20.588+0800: 189632.240: [GC (Allocation Failure) [PSYoungGen: 517536K->2528K(518144K)] 909675K->397969K(1042432K), 0.0195444 secs] [Times: user=0.06 sys=0.00, real=0.02 secs] 
2021-05-16T14:16:39.633+0800: 189951.285: [GC (Allocation Failure) [PSYoungGen: 514528K->4992K(518144K)] 909969K->401528K(1042432K), 0.0185328 secs] [Times: user=0.05 sys=0.00, real=0.01 secs] 
2021-05-16T14:21:56.784+0800: 190268.436: [GC (Allocation Failure) [PSYoungGen: 516992K->3232K(518144K)] 913528K->403412K(1042432K), 0.0192464 secs] [Times: user=0.06 sys=0.00, real=0.02 secs] 
2021-05-16T14:27:13.666+0800: 190585.318: [GC (Allocation Failure) [PSYoungGen: 515232K->4800K(517120K)] 915412K->406659K(1041408K), 0.0186910 secs] [Times: user=0.06 sys=0.00, real=0.02 secs] 
2021-05-16T14:32:29.478+0800: 190901.130: [GC (Allocation Failure) [PSYoungGen: 516800K->3648K(518144K)] 918659K->409168K(1042432K), 0.0179872 secs] [Times: user=0.06 sys=0.00, real=0.02 secs] 
2021-05-16T14:37:51.170+0800: 191222.822: [GC (Allocation Failure) [PSYoungGen: 515136K->2752K(517632K)] 920656K->410670K(1041920K), 0.0207582 secs] [Times: user=0.06 sys=0.01, real=0.02 secs] 
2021-05-16T14:43:06.838+0800: 191538.490: [GC (Allocation Failure) [PSYoungGen: 514240K->2720K(518144K)] 922158K->411870K(1042432K), 0.0172031 secs] [Times: user=0.05 sys=0.00, real=0.02 secs] 
2021-05-16T14:48:28.595+0800: 191860.247: [GC (Allocation Failure) [PSYoungGen: 514720K->5472K(517632K)] 923870K->416022K(1041920K), 0.0190011 secs] [Times: user=0.06 sys=0.00, real=0.02 secs] 
2021-05-16T14:53:43.550+0800: 192175.203: [GC (Allocation Failure) [PSYoungGen: 517472K->4576K(517632K)] 928022K->419481K(1041920K), 0.0446105 secs] [Times: user=0.06 sys=0.00, real=0.05 secs] 
2021-05-16T14:59:01.681+0800: 192493.333: [GC (Allocation Failure) [PSYoungGen: 515552K->4704K(517632K)] 930457K->422846K(1041920K), 0.0352276 secs] [Times: user=0.06 sys=0.00, real=0.04 secs] 
2021-05-16T15:04:17.413+0800: 192809.066: [GC (Allocation Failure) [PSYoungGen: 515680K->4480K(517632K)] 933822K->426274K(1041920K), 0.0203519 secs] [Times: user=0.06 sys=0.00, real=0.02 secs] 
2021-05-16T15:09:38.810+0800: 193130.462: [GC (Allocation Failure) [PSYoungGen: 515456K->4160K(517632K)] 937250K->428983K(1041920K), 0.0220843 secs] [Times: user=0.06 sys=0.00, real=0.03 secs] 
2021-05-16T15:14:59.301+0800: 193450.953: [GC (Allocation Failure) [PSYoungGen: 515136K->2208K(517632K)] 939959K->429278K(1041920K), 0.0191076 secs] [Times: user=0.06 sys=0.00, real=0.02 secs] 
2021-05-16T15:20:22.427+0800: 193774.079: [GC (Allocation Failure) [PSYoungGen: 513184K->3232K(517632K)] 940254K->431070K(1041920K), 0.0205580 secs] [Times: user=0.06 sys=0.00, real=0.02 secs] 
2021-05-16T15:25:38.684+0800: 194090.336: [GC (Allocation Failure) [PSYoungGen: 514208K->4480K(517120K)] 942046K->434277K(1041408K), 0.0258210 secs] [Times: user=0.08 sys=0.00, real=0.02 secs] 
2021-05-16T15:30:54.264+0800: 194405.916: [GC (Allocation Failure) [PSYoungGen: 515456K->4736K(517632K)] 945253K->437891K(1041920K), 0.0213304 secs] [Times: user=0.07 sys=0.00, real=0.02 secs] 
2021-05-16T15:36:13.524+0800: 194725.176: [GC (Allocation Failure) [PSYoungGen: 515712K->4704K(517632K)] 948867K->441176K(1041920K), 0.0229454 secs] [Times: user=0.07 sys=0.00, real=0.02 secs] 
2021-05-16T15:41:30.377+0800: 195042.029: [GC (Allocation Failure) [PSYoungGen: 515680K->2528K(517632K)] 952152K->442469K(1041920K), 0.0220914 secs] [Times: user=0.06 sys=0.00, real=0.02 secs] 
2021-05-16T15:46:45.725+0800: 195357.377: [GC (Allocation Failure) [PSYoungGen: 513504K->2304K(517632K)] 953445K->443412K(1041920K), 0.0290490 secs] [Times: user=0.07 sys=0.00, real=0.03 secs] 
2021-05-16T15:52:05.950+0800: 195677.602: [GC (Allocation Failure) [PSYoungGen: 513280K->3552K(517632K)] 954388K->445612K(1041920K), 0.0251150 secs] [Times: user=0.08 sys=0.00, real=0.03 secs] 
2021-05-16T15:57:22.588+0800: 195994.240: [GC (Allocation Failure) [PSYoungGen: 514528K->3744K(518144K)] 956588K->448067K(1042432K), 0.0269890 secs] [Times: user=0.07 sys=0.00, real=0.03 secs] 
2021-05-16T16:02:37.319+0800: 196308.971: [GC (Allocation Failure) [PSYoungGen: 515744K->2240K(518144K)] 960067K->448969K(1042432K), 0.0449751 secs] [Times: user=0.06 sys=0.00, real=0.05 secs] 
2021-05-16T16:07:57.574+0800: 196629.226: [GC (Allocation Failure) [PSYoungGen: 514240K->3936K(518144K)] 960969K->451505K(1042432K), 0.0217060 secs] [Times: user=0.07 sys=0.00, real=0.02 secs] 
2021-05-16T16:13:14.831+0800: 196946.483: [GC (Allocation Failure) [PSYoungGen: 515936K->3680K(518144K)] 963505K->453280K(1042432K), 0.0232493 secs] [Times: user=0.06 sys=0.00, real=0.03 secs] 
2021-05-16T16:18:31.792+0800: 197263.444: [GC (Allocation Failure) [PSYoungGen: 515680K->3456K(518656K)] 965280K->455310K(1042944K), 0.0225748 secs] [Times: user=0.06 sys=0.00, real=0.03 secs] 
2021-05-16T16:23:46.919+0800: 197578.571: [GC (Allocation Failure) [PSYoungGen: 515968K->3488K(518144K)] 967822K->457508K(1042432K), 0.0233471 secs] [Times: user=0.07 sys=0.00, real=0.03 secs] 
2021-05-16T16:29:04.697+0800: 197896.349: [GC (Allocation Failure) [PSYoungGen: 516000K->4576K(518656K)] 970020K->460778K(1042944K), 0.0242400 secs] [Times: user=0.08 sys=0.00, real=0.02 secs] 
2021-05-16T16:34:24.907+0800: 198216.560: [GC (Allocation Failure) [PSYoungGen: 517600K->2720K(518656K)] 973802K->462351K(1042944K), 0.0238129 secs] [Times: user=0.07 sys=0.00, real=0.02 secs] 
2021-05-16T16:39:44.659+0800: 198536.311: [GC (Allocation Failure) [PSYoungGen: 515744K->2400K(518656K)] 975375K->463351K(1042944K), 0.0240992 secs] [Times: user=0.06 sys=0.00, real=0.03 secs] 
2021-05-16T16:45:02.984+0800: 198854.636: [GC (Allocation Failure) [PSYoungGen: 515424K->2784K(518656K)] 976375K->464655K(1042944K), 0.0202707 secs] [Times: user=0.06 sys=0.00, real=0.02 secs] 
2021-05-16T16:50:15.814+0800: 199167.466: [GC (Allocation Failure) [PSYoungGen: 515808K->5600K(515584K)] 977679K->469462K(1039872K), 0.0243246 secs] [Times: user=0.07 sys=0.00, real=0.02 secs] 
2021-05-16T16:55:32.419+0800: 199484.072: [GC (Allocation Failure) [PSYoungGen: 515551K->3456K(517120K)] 979414K->472193K(1041408K), 0.0273930 secs] [Times: user=0.08 sys=0.00, real=0.03 secs] 
2021-05-16T17:00:47.953+0800: 199799.605: [GC (Allocation Failure) [PSYoungGen: 513408K->3200K(517632K)] 982145K->474111K(1041920K), 0.0210853 secs] [Times: user=0.07 sys=0.00, real=0.02 secs] 
2021-05-16T17:06:00.264+0800: 200111.916: [GC (Allocation Failure) [PSYoungGen: 514176K->3680K(517632K)] 985087K->476446K(1041920K), 0.0381251 secs] [Times: user=0.07 sys=0.00, real=0.04 secs] 
2021-05-16T17:11:16.960+0800: 200428.612: [GC (Allocation Failure) [PSYoungGen: 514656K->2528K(518144K)] 987422K->477133K(1042432K), 0.0286821 secs] [Times: user=0.06 sys=0.00, real=0.03 secs] 
2021-05-16T17:16:32.730+0800: 200744.382: [GC (Allocation Failure) [PSYoungGen: 514528K->2752K(518144K)] 989133K->478453K(1042432K), 0.0204126 secs] [Times: user=0.06 sys=0.00, real=0.02 secs] 
2021-05-16T17:21:55.612+0800: 201067.265: [GC (Allocation Failure) [PSYoungGen: 514752K->2464K(518144K)] 990453K->479588K(1042432K), 0.0254010 secs] [Times: user=0.07 sys=0.00, real=0.02 secs] 
2021-05-16T17:27:13.446+0800: 201385.098: [GC (Allocation Failure) [PSYoungGen: 514464K->4096K(518144K)] 991588K->482188K(1042432K), 0.0413341 secs] [Times: user=0.07 sys=0.00, real=0.04 secs] 
2021-05-16T17:32:33.293+0800: 201704.945: [GC (Allocation Failure) [PSYoungGen: 516096K->2944K(518144K)] 994188K->483946K(1042432K), 0.0234151 secs] [Times: user=0.06 sys=0.00, real=0.02 secs] 
2021-05-16T17:37:50.771+0800: 202022.423: [GC (Allocation Failure) [PSYoungGen: 514944K->3840K(518144K)] 995946K->486289K(1042432K), 0.0229721 secs] [Times: user=0.07 sys=0.00, real=0.03 secs] 
2021-05-16T17:43:04.530+0800: 202336.182: [GC (Allocation Failure) [PSYoungGen: 515840K->2240K(518144K)] 998289K->487128K(1042432K), 0.0224046 secs] [Times: user=0.07 sys=0.00, real=0.03 secs] 
2021-05-16T17:48:24.978+0800: 202656.630: [GC (Allocation Failure) [PSYoungGen: 514240K->2400K(518144K)] 999128K->488200K(1042432K), 0.0241537 secs] [Times: user=0.07 sys=0.00, real=0.03 secs] 
2021-05-16T17:53:41.067+0800: 202972.719: [GC (Allocation Failure) [PSYoungGen: 514400K->2880K(518656K)] 1000200K->489648K(1042944K), 0.0262207 secs] [Times: user=0.06 sys=0.00, real=0.03 secs] 
2021-05-16T17:59:00.855+0800: 203292.507: [GC (Allocation Failure) [PSYoungGen: 515904K->2656K(518656K)] 1002672K->490951K(1042944K), 0.0230696 secs] [Times: user=0.07 sys=0.00, real=0.02 secs] 
2021-05-16T18:04:19.129+0800: 203610.781: [GC (Allocation Failure) [PSYoungGen: 515680K->3392K(518656K)] 1003975K->493118K(1042944K), 0.0248453 secs] [Times: user=0.07 sys=0.00, real=0.03 secs] 
2021-05-16T18:09:34.035+0800: 203925.687: [GC (Allocation Failure) [PSYoungGen: 516416K->2976K(518656K)] 1006142K->494837K(1042944K), 0.0210690 secs] [Times: user=0.06 sys=0.00, real=0.02 secs] 
2021-05-16T18:14:55.052+0800: 204246.704: [GC (Allocation Failure) [PSYoungGen: 516000K->2208K(519168K)] 1007861K->495109K(1043456K), 0.0211339 secs] [Times: user=0.06 sys=0.00, real=0.03 secs] 
2021-05-16T18:20:11.676+0800: 204563.328: [GC (Allocation Failure) [PSYoungGen: 516256K->2784K(519168K)] 1009157K->496469K(1043456K), 0.0203896 secs] [Times: user=0.06 sys=0.01, real=0.02 secs] 
2021-05-16T18:25:29.639+0800: 204881.291: [GC (Allocation Failure) [PSYoungGen: 516832K->5088K(517120K)] 1010517K->500564K(1041408K), 0.0216837 secs] [Times: user=0.07 sys=0.00, real=0.02 secs] 
2021-05-16T18:30:49.777+0800: 205201.429: [GC (Allocation Failure) [PSYoungGen: 517088K->3168K(518144K)] 1012564K->502552K(1042432K), 0.0233548 secs] [Times: user=0.07 sys=0.00, real=0.02 secs] 
2021-05-16T18:36:06.760+0800: 205518.412: [GC (Allocation Failure) [PSYoungGen: 515168K->2944K(518144K)] 1014552K->504230K(1042432K), 0.0761628 secs] [Times: user=0.07 sys=0.00, real=0.08 secs] 
2021-05-16T18:41:29.270+0800: 205840.922: [GC (Allocation Failure) [PSYoungGen: 514944K->2368K(518144K)] 1016230K->505166K(1042432K), 0.0318195 secs] [Times: user=0.09 sys=0.00, real=0.03 secs] 
2021-05-16T18:46:49.044+0800: 206160.696: [GC (Allocation Failure) [PSYoungGen: 514368K->2592K(518656K)] 1017166K->506350K(1042944K), 0.0228679 secs] [Times: user=0.07 sys=0.00, real=0.02 secs] 
2021-05-16T18:52:10.717+0800: 206482.369: [GC (Allocation Failure) [PSYoungGen: 515616K->2624K(518656K)] 1019374K->507566K(1042944K), 0.0199233 secs] [Times: user=0.06 sys=0.00, real=0.02 secs] 
2021-05-16T18:57:33.630+0800: 206805.282: [GC (Allocation Failure) [PSYoungGen: 515648K->3168K(518656K)] 1020590K->509373K(1042944K), 0.0281449 secs] [Times: user=0.07 sys=0.00, real=0.03 secs] 
2021-05-16T19:02:54.834+0800: 207126.486: [GC (Allocation Failure) [PSYoungGen: 516192K->2336K(518656K)] 1022397K->510484K(1042944K), 0.0303825 secs] [Times: user=0.08 sys=0.00, real=0.03 secs] 
2021-05-16T19:08:11.944+0800: 207443.596: [GC (Allocation Failure) [PSYoungGen: 515360K->4640K(518144K)] 1023508K->513628K(1042432K), 0.0262905 secs] [Times: user=0.08 sys=0.00, real=0.02 secs] 
2021-05-16T19:13:26.931+0800: 207758.583: [GC (Allocation Failure) [PSYoungGen: 517664K->2624K(518656K)] 1026652K->514570K(1042944K), 0.0311484 secs] [Times: user=0.06 sys=0.00, real=0.04 secs] 
2021-05-16T19:18:47.389+0800: 208079.041: [GC (Allocation Failure) [PSYoungGen: 515648K->4192K(518656K)] 1027594K->517401K(1042944K), 0.0250694 secs] [Times: user=0.07 sys=0.00, real=0.03 secs] 
2021-05-16T19:24:06.649+0800: 208398.301: [GC (Allocation Failure) [PSYoungGen: 517216K->3008K(518656K)] 1030425K->519126K(1042944K), 0.0296209 secs] [Times: user=0.08 sys=0.00, real=0.03 secs] 
2021-05-16T19:29:23.039+0800: 208714.691: [GC (Allocation Failure) [PSYoungGen: 516032K->2816K(518656K)] 1032150K->520621K(1042944K), 0.0232953 secs] [Times: user=0.08 sys=0.00, real=0.03 secs] 
2021-05-16T19:34:41.940+0800: 209033.592: [GC (Allocation Failure) [PSYoungGen: 515840K->3648K(518656K)] 1033645K->522868K(1042944K), 0.0237565 secs] [Times: user=0.07 sys=0.00, real=0.03 secs] 
2021-05-16T19:39:54.511+0800: 209346.163: [GC (Allocation Failure) [PSYoungGen: 516672K->5600K(515584K)] 1035892K->527715K(1039872K), 0.0212058 secs] [Times: user=0.05 sys=0.00, real=0.03 secs] 
2021-05-16T19:39:54.533+0800: 209346.185: [Full GC (Ergonomics) [PSYoungGen: 5600K->0K(515584K)] [ParOldGen: 522115K->246334K(524288K)] 527715K->246334K(1039872K), [Metaspace: 93662K->93662K(1136640K)], 0.4708140 secs] [Times: user=0.99 sys=0.00, real=0.47 secs] 
2021-05-16T19:45:08.569+0800: 209660.221: [GC (Allocation Failure) [PSYoungGen: 509952K->2720K(517120K)] 756286K->249054K(1041408K), 0.0256313 secs] [Times: user=0.06 sys=0.00, real=0.03 secs] 
2021-05-16T19:50:26.118+0800: 209977.770: [GC (Allocation Failure) [PSYoungGen: 512672K->2816K(517632K)] 759006K->250438K(1041920K), 0.0251298 secs] [Times: user=0.07 sys=0.00, real=0.03 secs] 
2021-05-16T19:55:47.757+0800: 210299.409: [GC (Allocation Failure) [PSYoungGen: 513280K->2560K(517120K)] 760902K->251645K(1041408K), 0.0210072 secs] [Times: user=0.06 sys=0.00, real=0.02 secs] 
2021-05-16T20:01:04.308+0800: 210615.960: [GC (Allocation Failure) [PSYoungGen: 513024K->3680K(517632K)] 762109K->253989K(1041920K), 0.0207158 secs] [Times: user=0.06 sys=0.00, real=0.02 secs] 
2021-05-16T20:06:21.110+0800: 210932.762: [GC (Allocation Failure) [PSYoungGen: 514656K->3968K(517632K)] 764965K->256643K(1041920K), 0.0190734 secs] [Times: user=0.06 sys=0.00, real=0.02 secs] 
2021-05-16T20:11:40.251+0800: 211251.903: [GC (Allocation Failure) [PSYoungGen: 514944K->2304K(518144K)] 767619K->257041K(1042432K), 0.0201592 secs] [Times: user=0.05 sys=0.00, real=0.02 secs] 
2021-05-16T20:16:56.122+0800: 211567.774: [GC (Allocation Failure) [PSYoungGen: 513792K->3904K(517632K)] 768529K->259489K(1041920K), 0.0172357 secs] [Times: user=0.05 sys=0.00, real=0.02 secs] 
2021-05-16T20:22:13.451+0800: 211885.103: [GC (Allocation Failure) [PSYoungGen: 515392K->2624K(518144K)] 770977K->260871K(1042432K), 0.0224634 secs] [Times: user=0.07 sys=0.00, real=0.03 secs] 
2021-05-16T20:27:37.604+0800: 212209.256: [GC (Allocation Failure) [PSYoungGen: 514624K->3584K(518144K)] 772871K->263031K(1042432K), 0.0243746 secs] [Times: user=0.06 sys=0.00, real=0.02 secs] 
2021-05-16T20:32:57.209+0800: 212528.861: [GC (Allocation Failure) [PSYoungGen: 515584K->2848K(518656K)] 775031K->264517K(1042944K), 0.0268924 secs] [Times: user=0.07 sys=0.00, real=0.03 secs] 
2021-05-16T20:38:18.264+0800: 212849.916: [GC (Allocation Failure) [PSYoungGen: 515360K->3520K(518144K)] 777029K->266645K(1042432K), 0.0216589 secs] [Times: user=0.05 sys=0.01, real=0.02 secs] 
2021-05-16T20:43:34.020+0800: 213165.672: [GC (Allocation Failure) [PSYoungGen: 516032K->3680K(518656K)] 779157K->269043K(1042944K), 0.0266764 secs] [Times: user=0.06 sys=0.01, real=0.03 secs] 
2021-05-16T20:48:54.101+0800: 213485.753: [GC (Allocation Failure) [PSYoungGen: 516704K->2752K(518656K)] 782067K->270497K(1042944K), 0.0211772 secs] [Times: user=0.06 sys=0.00, real=0.03 secs] 
2021-05-16T20:54:07.896+0800: 213799.548: [GC (Allocation Failure) [PSYoungGen: 515776K->2592K(518656K)] 783521K->271809K(1042944K), 0.0219714 secs] [Times: user=0.06 sys=0.00, real=0.02 secs] 
2021-05-16T20:59:20.615+0800: 214112.268: [GC (Allocation Failure) [PSYoungGen: 515616K->5632K(518656K)] 784833K->277048K(1042944K), 0.0244215 secs] [Times: user=0.08 sys=0.00, real=0.02 secs] 
2021-05-16T21:04:41.168+0800: 214432.820: [GC (Allocation Failure) [PSYoungGen: 518656K->4000K(516608K)] 790072K->280435K(1040896K), 0.0234159 secs] [Times: user=0.07 sys=0.00, real=0.02 secs] 
2021-05-16T21:09:57.077+0800: 214748.729: [GC (Allocation Failure) [PSYoungGen: 514976K->2976K(517632K)] 791411K->281977K(1041920K), 0.0229853 secs] [Times: user=0.07 sys=0.00, real=0.02 secs] 
2021-05-16T21:15:18.673+0800: 215070.325: [GC (Allocation Failure) [PSYoungGen: 513952K->2656K(517632K)] 792953K->282673K(1041920K), 0.0177336 secs] [Times: user=0.05 sys=0.00, real=0.01 secs] 
2021-05-16T21:20:38.233+0800: 215389.885: [GC (Allocation Failure) [PSYoungGen: 513632K->2624K(517632K)] 793649K->283912K(1041920K), 0.0307414 secs] [Times: user=0.06 sys=0.00, real=0.03 secs] 
2021-05-16T21:25:53.363+0800: 215705.015: [GC (Allocation Failure) [PSYoungGen: 513600K->3232K(518144K)] 794888K->285784K(1042432K), 0.0463484 secs] [Times: user=0.06 sys=0.00, real=0.04 secs] 
2021-05-16T21:31:08.839+0800: 216020.491: [GC (Allocation Failure) [PSYoungGen: 515232K->4288K(518144K)] 797784K->288511K(1042432K), 0.0217080 secs] [Times: user=0.06 sys=0.00, real=0.02 secs] 
2021-05-16T21:36:26.076+0800: 216337.728: [GC (Allocation Failure) [PSYoungGen: 516288K->4768K(517120K)] 800511K->291357K(1041408K), 0.0248617 secs] [Times: user=0.08 sys=0.00, real=0.02 secs] 
2021-05-16T21:41:40.513+0800: 216652.165: [GC (Allocation Failure) [PSYoungGen: 515744K->2656K(517632K)] 802333K->292690K(1041920K), 0.0197869 secs] [Times: user=0.05 sys=0.01, real=0.02 secs] 
2021-05-16T21:46:55.603+0800: 216967.255: [GC (Allocation Failure) [PSYoungGen: 513632K->3232K(518144K)] 803666K->294458K(1042432K), 0.0207752 secs] [Times: user=0.06 sys=0.00, real=0.02 secs] 
2021-05-16T21:52:13.458+0800: 217285.110: [GC (Allocation Failure) [PSYoungGen: 515232K->3648K(518144K)] 806458K->296801K(1042432K), 0.0227643 secs] [Times: user=0.07 sys=0.00, real=0.02 secs] 
2021-05-16T21:57:27.818+0800: 217599.470: [GC (Allocation Failure) [PSYoungGen: 515648K->5984K(517120K)] 808801K->301127K(1041408K), 0.0250094 secs] [Times: user=0.06 sys=0.00, real=0.03 secs] 
2021-05-16T22:02:45.769+0800: 217917.421: [GC (Allocation Failure) [PSYoungGen: 516960K->2432K(517632K)] 812103K->302426K(1041920K), 0.0273302 secs] [Times: user=0.08 sys=0.00, real=0.03 secs] 
2021-05-16T22:08:00.028+0800: 218231.680: [GC (Allocation Failure) [PSYoungGen: 513408K->3232K(517632K)] 813402K->304066K(1041920K), 0.0206809 secs] [Times: user=0.06 sys=0.00, real=0.02 secs] 
2021-05-16T22:13:15.151+0800: 218546.803: [GC (Allocation Failure) [PSYoungGen: 514208K->3456K(517632K)] 815042K->305578K(1041920K), 0.0177058 secs] [Times: user=0.06 sys=0.00, real=0.02 secs] 
2021-05-16T22:18:33.111+0800: 218864.763: [GC (Allocation Failure) [PSYoungGen: 514432K->3136K(518144K)] 816554K->307496K(1042432K), 0.0248402 secs] [Times: user=0.04 sys=0.01, real=0.03 secs] 
2021-05-16T22:23:48.768+0800: 219180.421: [GC (Allocation Failure) [PSYoungGen: 515136K->2464K(518144K)] 819496K->308502K(1042432K), 0.0240217 secs] [Times: user=0.06 sys=0.00, real=0.03 secs] 
2021-05-16T22:29:01.086+0800: 219492.738: [GC (Allocation Failure) [PSYoungGen: 514464K->3040K(518656K)] 820502K->310038K(1042944K), 0.0219061 secs] [Times: user=0.07 sys=0.00, real=0.02 secs] 
2021-05-16T22:34:19.289+0800: 219810.941: [GC (Allocation Failure) [PSYoungGen: 515552K->5600K(518144K)] 822550K->314814K(1042432K), 0.0296792 secs] [Times: user=0.07 sys=0.00, real=0.03 secs] 
2021-05-16T22:39:38.989+0800: 220130.641: [GC (Allocation Failure) [PSYoungGen: 518112K->5152K(516096K)] 827326K->318850K(1040384K), 0.0349990 secs] [Times: user=0.08 sys=0.00, real=0.04 secs] 
2021-05-16T22:44:51.833+0800: 220443.485: [GC (Allocation Failure) [PSYoungGen: 515104K->3264K(517120K)] 828802K->320783K(1041408K), 0.0276659 secs] [Times: user=0.06 sys=0.00, real=0.02 secs] 
2021-05-16T22:50:11.220+0800: 220762.872: [GC (Allocation Failure) [PSYoungGen: 513216K->3264K(517120K)] 830735K->322686K(1041408K), 0.0187378 secs] [Times: user=0.05 sys=0.01, real=0.02 secs] 
2021-05-16T22:55:31.820+0800: 221083.472: [GC (Allocation Failure) [PSYoungGen: 513216K->2432K(517120K)] 832638K->323828K(1041408K), 0.0275980 secs] [Times: user=0.04 sys=0.01, real=0.03 secs] 
2021-05-16T23:00:48.747+0800: 221400.399: [GC (Allocation Failure) [PSYoungGen: 512384K->3488K(517632K)] 833780K->325852K(1041920K), 0.0257080 secs] [Times: user=0.08 sys=0.00, real=0.03 secs] 
2021-05-16T23:06:07.208+0800: 221718.860: [GC (Allocation Failure) [PSYoungGen: 513952K->3200K(517120K)] 836316K->327683K(1041408K), 0.0247181 secs] [Times: user=0.06 sys=0.00, real=0.03 secs] 
2021-05-16T23:11:24.470+0800: 222036.122: [GC (Allocation Failure) [PSYoungGen: 513664K->2368K(517632K)] 838147K->328235K(1041920K), 0.0219108 secs] [Times: user=0.06 sys=0.00, real=0.02 secs] 
2021-05-16T23:16:43.899+0800: 222355.551: [GC (Allocation Failure) [PSYoungGen: 513344K->3488K(517632K)] 839211K->330203K(1041920K), 0.0290014 secs] [Times: user=0.07 sys=0.00, real=0.03 secs] 
2021-05-16T23:22:00.280+0800: 222671.932: [GC (Allocation Failure) [PSYoungGen: 514464K->5216K(517120K)] 841179K->334082K(1041408K), 0.0286735 secs] [Times: user=0.07 sys=0.01, real=0.03 secs] 
2021-05-16T23:27:15.109+0800: 222986.761: [GC (Allocation Failure) [PSYoungGen: 516192K->2752K(517632K)] 845058K->335757K(1041920K), 0.0711482 secs] [Times: user=0.12 sys=0.01, real=0.07 secs] 
2021-05-16T23:32:31.488+0800: 223303.140: [GC (Allocation Failure) [PSYoungGen: 513728K->4160K(517632K)] 846733K->338645K(1041920K), 0.0286692 secs] [Times: user=0.05 sys=0.01, real=0.03 secs] 
2021-05-16T23:37:45.906+0800: 223617.558: [GC (Allocation Failure) [PSYoungGen: 515136K->2720K(517632K)] 849621K->340074K(1041920K), 0.0215108 secs] [Times: user=0.06 sys=0.00, real=0.02 secs] 
2021-05-16T23:43:04.619+0800: 223936.271: [GC (Allocation Failure) [PSYoungGen: 513696K->2560K(518144K)] 851050K->341162K(1042432K), 0.0228377 secs] [Times: user=0.05 sys=0.00, real=0.02 secs] 
2021-05-16T23:48:23.206+0800: 224254.858: [GC (Allocation Failure) [PSYoungGen: 514560K->3008K(518144K)] 853162K->342794K(1042432K), 0.0178382 secs] [Times: user=0.05 sys=0.01, real=0.02 secs] 
2021-05-16T23:53:37.317+0800: 224568.969: [GC (Allocation Failure) [PSYoungGen: 515008K->2368K(518144K)] 854794K->343865K(1042432K), 0.0208511 secs] [Times: user=0.04 sys=0.01, real=0.02 secs] 
2021-05-16T23:58:53.700+0800: 224885.352: [GC (Allocation Failure) [PSYoungGen: 514368K->4128K(518144K)] 855865K->346633K(1042432K), 0.0198063 secs] [Times: user=0.04 sys=0.01, real=0.02 secs] 
2021-05-17T00:04:07.303+0800: 225198.955: [GC (Allocation Failure) [PSYoungGen: 516128K->3104K(518656K)] 858633K->348502K(1042944K), 0.0241025 secs] [Times: user=0.08 sys=0.00, real=0.02 secs] 
2021-05-17T00:09:22.917+0800: 225514.569: [GC (Allocation Failure) [PSYoungGen: 515616K->3904K(518144K)] 861014K->350957K(1042432K), 0.0228796 secs] [Times: user=0.06 sys=0.00, real=0.02 secs] 
2021-05-17T00:14:42.298+0800: 225833.950: [GC (Allocation Failure) [PSYoungGen: 516416K->2656K(518656K)] 863469K->351779K(1042944K), 0.0206836 secs] [Times: user=0.07 sys=0.00, real=0.02 secs] 
2021-05-17T00:20:00.013+0800: 226151.665: [GC (Allocation Failure) [PSYoungGen: 515680K->4064K(518656K)] 864803K->354483K(1042944K), 0.0331083 secs] [Times: user=0.05 sys=0.00, real=0.03 secs] 
2021-05-17T00:25:24.327+0800: 226475.979: [GC (Allocation Failure) [PSYoungGen: 517088K->3552K(518656K)] 867507K->356872K(1042944K), 0.0207362 secs] [Times: user=0.07 sys=0.00, real=0.02 secs] 
2021-05-17T00:30:43.810+0800: 226795.462: [GC (Allocation Failure) [PSYoungGen: 516576K->2528K(518656K)] 869896K->358055K(1042944K), 0.0195271 secs] [Times: user=0.05 sys=0.01, real=0.02 secs] 
2021-05-17T00:35:57.762+0800: 227109.414: [GC (Allocation Failure) [PSYoungGen: 515551K->3936K(518656K)] 871078K->360615K(1042944K), 0.0318229 secs] [Times: user=0.08 sys=0.00, real=0.03 secs] 
2021-05-17T00:41:16.893+0800: 227428.545: [GC (Allocation Failure) [PSYoungGen: 516960K->3200K(518656K)] 873639K->362117K(1042944K), 0.0199756 secs] [Times: user=0.07 sys=0.00, real=0.02 secs] 
2021-05-17T00:46:37.221+0800: 227748.873: [GC (Allocation Failure) [PSYoungGen: 516224K->3008K(519168K)] 875141K->363876K(1043456K), 0.0232200 secs] [Times: user=0.07 sys=0.00, real=0.03 secs] 
2021-05-17T00:51:53.827+0800: 228065.479: [GC (Allocation Failure) [PSYoungGen: 516544K->2432K(518656K)] 877412K->365011K(1042944K), 0.0216281 secs] [Times: user=0.06 sys=0.00, real=0.02 secs] 
2021-05-17T00:57:13.237+0800: 228384.889: [GC (Allocation Failure) [PSYoungGen: 515968K->2592K(519168K)] 878547K->366147K(1043456K), 0.0263109 secs] [Times: user=0.06 sys=0.00, real=0.03 secs] 
2021-05-17T01:02:38.020+0800: 228709.672: [GC (Allocation Failure) [PSYoungGen: 516640K->2624K(519168K)] 880195K->367411K(1043456K), 0.0200743 secs] [Times: user=0.06 sys=0.00, real=0.02 secs] 
2021-05-17T01:07:59.308+0800: 229030.960: [GC (Allocation Failure) [PSYoungGen: 516672K->5120K(517120K)] 881459K->371530K(1041408K), 0.0232809 secs] [Times: user=0.08 sys=0.00, real=0.02 secs] 
2021-05-17T01:13:14.645+0800: 229346.297: [GC (Allocation Failure) [PSYoungGen: 517120K->5536K(517632K)] 883530K->375648K(1041920K), 0.0192759 secs] [Times: user=0.05 sys=0.01, real=0.02 secs] 
2021-05-17T01:18:34.139+0800: 229665.791: [GC (Allocation Failure) [PSYoungGen: 517536K->3904K(517632K)] 887648K->377979K(1041920K), 0.0204918 secs] [Times: user=0.06 sys=0.00, real=0.02 secs] 
2021-05-17T01:23:56.560+0800: 229988.212: [GC (Allocation Failure) [PSYoungGen: 514880K->2528K(517632K)] 888955K->379265K(1041920K), 0.0202399 secs] [Times: user=0.06 sys=0.00, real=0.02 secs] 
2021-05-17T01:29:10.986+0800: 230302.638: [GC (Allocation Failure) [PSYoungGen: 513504K->2464K(517632K)] 890241K->380472K(1041920K), 0.0227488 secs] [Times: user=0.06 sys=0.00, real=0.02 secs] 
2021-05-17T01:34:25.738+0800: 230617.390: [GC (Allocation Failure) [PSYoungGen: 513440K->3232K(517632K)] 891448K->382392K(1041920K), 0.0209143 secs] [Times: user=0.06 sys=0.00, real=0.02 secs] 
2021-05-17T01:39:43.354+0800: 230935.006: [GC (Allocation Failure) [PSYoungGen: 514208K->3872K(518144K)] 893368K->384855K(1042432K), 0.0193378 secs] [Times: user=0.06 sys=0.00, real=0.02 secs] 
2021-05-17T01:45:00.945+0800: 231252.597: [GC (Allocation Failure) [PSYoungGen: 515872K->2752K(518144K)] 896855K->386365K(1042432K), 0.0246775 secs] [Times: user=0.05 sys=0.01, real=0.02 secs] 
2021-05-17T01:50:18.772+0800: 231570.424: [GC (Allocation Failure) [PSYoungGen: 514752K->2464K(518144K)] 898365K->387516K(1042432K), 0.0278676 secs] [Times: user=0.06 sys=0.00, real=0.03 secs] 
2021-05-17T01:55:34.438+0800: 231886.090: [GC (Allocation Failure) [PSYoungGen: 514464K->3008K(518144K)] 899516K->389060K(1042432K), 0.0192441 secs] [Times: user=0.05 sys=0.00, real=0.02 secs] 
2021-05-17T02:00:50.322+0800: 232201.974: [GC (Allocation Failure) [PSYoungGen: 515008K->2944K(518656K)] 901060K->390683K(1042944K), 0.0256404 secs] [Times: user=0.07 sys=0.00, real=0.03 secs] 
2021-05-17T02:06:10.426+0800: 232522.078: [GC (Allocation Failure) [PSYoungGen: 515968K->3936K(518656K)] 903707K->393282K(1042944K), 0.0291654 secs] [Times: user=0.07 sys=0.00, real=0.03 secs] 
2021-05-17T02:11:31.714+0800: 232843.366: [GC (Allocation Failure) [PSYoungGen: 516960K->2720K(518656K)] 906306K->394177K(1042944K), 0.0273843 secs] [Times: user=0.07 sys=0.00, real=0.02 secs] 
2021-05-17T02:16:47.035+0800: 233158.687: [GC (Allocation Failure) [PSYoungGen: 515744K->3264K(518656K)] 907201K->396065K(1042944K), 0.0227771 secs] [Times: user=0.07 sys=0.00, real=0.02 secs] 
2021-05-17T02:22:07.710+0800: 233479.362: [GC (Allocation Failure) [PSYoungGen: 516288K->3072K(519168K)] 909089K->397791K(1043456K), 0.0230266 secs] [Times: user=0.06 sys=0.00, real=0.03 secs] 
2021-05-17T02:27:26.354+0800: 233798.006: [GC (Allocation Failure) [PSYoungGen: 517120K->2336K(519168K)] 911839K->398758K(1043456K), 0.0212620 secs] [Times: user=0.06 sys=0.00, real=0.02 secs] 
2021-05-17T02:32:41.537+0800: 234113.189: [GC (Allocation Failure) [PSYoungGen: 516384K->4224K(518144K)] 912806K->401622K(1042432K), 0.0256756 secs] [Times: user=0.07 sys=0.00, real=0.03 secs] 
2021-05-17T02:37:58.786+0800: 234430.439: [GC (Allocation Failure) [PSYoungGen: 517248K->4448K(518656K)] 914646K->404947K(1042944K), 0.0241332 secs] [Times: user=0.08 sys=0.00, real=0.02 secs] 
2021-05-17T02:43:20.192+0800: 234751.844: [GC (Allocation Failure) [PSYoungGen: 517472K->2528K(518656K)] 917971K->406232K(1042944K), 0.0199437 secs] [Times: user=0.07 sys=0.00, real=0.02 secs] 
2021-05-17T02:48:40.284+0800: 235071.936: [GC (Allocation Failure) [PSYoungGen: 515552K->2304K(518656K)] 919256K->407176K(1042944K), 0.0188120 secs] [Times: user=0.05 sys=0.01, real=0.02 secs] 
2021-05-17T02:53:59.076+0800: 235390.728: [GC (Allocation Failure) [PSYoungGen: 515328K->5600K(516608K)] 920200K->411664K(1040896K), 0.0186082 secs] [Times: user=0.06 sys=0.00, real=0.02 secs] 
2021-05-17T02:59:14.283+0800: 235705.935: [GC (Allocation Failure) [PSYoungGen: 516575K->3680K(517632K)] 922640K->414628K(1041920K), 0.0221451 secs] [Times: user=0.06 sys=0.00, real=0.02 secs] 
2021-05-17T03:04:32.449+0800: 236024.101: [GC (Allocation Failure) [PSYoungGen: 514656K->6144K(516608K)] 925604K->419498K(1040896K), 0.0196811 secs] [Times: user=0.06 sys=0.00, real=0.02 secs] 
2021-05-17T03:09:46.688+0800: 236338.340: [GC (Allocation Failure) [PSYoungGen: 516096K->4768K(517120K)] 929450K->423100K(1041408K), 0.0233010 secs] [Times: user=0.07 sys=0.00, real=0.02 secs] 
2021-05-17T03:15:09.609+0800: 236661.261: [GC (Allocation Failure) [PSYoungGen: 514720K->3200K(517120K)] 933052K->424529K(1041408K), 0.0211190 secs] [Times: user=0.05 sys=0.01, real=0.02 secs] 
2021-05-17T03:20:27.651+0800: 236979.303: [GC (Allocation Failure) [PSYoungGen: 513152K->3232K(517120K)] 934481K->426320K(1041408K), 0.0213589 secs] [Times: user=0.07 sys=0.00, real=0.03 secs] 
2021-05-17T03:25:44.948+0800: 237296.600: [GC (Allocation Failure) [PSYoungGen: 513184K->2240K(517632K)] 936272K->427279K(1041920K), 0.0197407 secs] [Times: user=0.06 sys=0.00, real=0.02 secs] 
2021-05-17T03:31:02.684+0800: 237614.336: [GC (Allocation Failure) [PSYoungGen: 513216K->2336K(517632K)] 938255K->428319K(1041920K), 0.0195347 secs] [Times: user=0.06 sys=0.00, real=0.02 secs] 
2021-05-17T03:36:20.891+0800: 237932.543: [GC (Allocation Failure) [PSYoungGen: 513312K->2720K(517632K)] 939295K->429639K(1041920K), 0.0200264 secs] [Times: user=0.05 sys=0.00, real=0.02 secs] 
2021-05-17T03:41:42.182+0800: 238253.834: [GC (Allocation Failure) [PSYoungGen: 513696K->2752K(517632K)] 940615K->430919K(1041920K), 0.0205471 secs] [Times: user=0.04 sys=0.00, real=0.03 secs] 
2021-05-17T03:47:00.053+0800: 238571.705: [GC (Allocation Failure) [PSYoungGen: 513728K->3424K(518144K)] 941895K->433038K(1042432K), 0.0179135 secs] [Times: user=0.05 sys=0.00, real=0.01 secs] 
2021-05-17T03:52:16.564+0800: 238888.216: [GC (Allocation Failure) [PSYoungGen: 515424K->4096K(518144K)] 945038K->435892K(1042432K), 0.0206383 secs] [Times: user=0.06 sys=0.00, real=0.02 secs] 
2021-05-17T03:57:33.454+0800: 239205.106: [GC (Allocation Failure) [PSYoungGen: 516096K->2496K(518144K)] 947892K->437233K(1042432K), 0.0195359 secs] [Times: user=0.06 sys=0.00, real=0.02 secs] 
2021-05-17T04:02:51.227+0800: 239522.880: [GC (Allocation Failure) [PSYoungGen: 514496K->3296K(518144K)] 949233K->439225K(1042432K), 0.0188410 secs] [Times: user=0.04 sys=0.01, real=0.02 secs] 
2021-05-17T04:08:10.630+0800: 239842.282: [GC (Allocation Failure) [PSYoungGen: 515296K->4672K(517632K)] 951225K->442448K(1041920K), 0.0205940 secs] [Times: user=0.06 sys=0.00, real=0.02 secs] 
2021-05-17T04:13:28.090+0800: 240159.742: [GC (Allocation Failure) [PSYoungGen: 516637K->3840K(518144K)] 954413K->444565K(1042432K), 0.0198814 secs] [Times: user=0.06 sys=0.00, real=0.02 secs] 
2021-05-17T04:18:50.646+0800: 240482.298: [GC (Allocation Failure) [PSYoungGen: 515840K->3264K(518656K)] 956565K->446715K(1042944K), 0.0195350 secs] [Times: user=0.04 sys=0.01, real=0.02 secs] 
2021-05-17T04:24:06.019+0800: 240797.671: [GC (Allocation Failure) [PSYoungGen: 515776K->2720K(518144K)] 959227K->448121K(1042432K), 0.0230902 secs] [Times: user=0.06 sys=0.00, real=0.03 secs] 
2021-05-17T04:29:22.919+0800: 241114.571: [GC (Allocation Failure) [PSYoungGen: 515232K->3616K(518656K)] 960633K->450433K(1042944K), 0.0197821 secs] [Times: user=0.05 sys=0.00, real=0.02 secs] 
2021-05-17T04:34:39.386+0800: 241431.038: [GC (Allocation Failure) [PSYoungGen: 516640K->2752K(518656K)] 963457K->451943K(1042944K), 0.0189383 secs] [Times: user=0.06 sys=0.00, real=0.02 secs] 
2021-05-17T04:39:58.485+0800: 241750.137: [GC (Allocation Failure) [PSYoungGen: 515776K->2976K(518656K)] 964967K->453503K(1042944K), 0.0191621 secs] [Times: user=0.06 sys=0.00, real=0.02 secs] 
2021-05-17T04:45:19.070+0800: 242070.722: [GC (Allocation Failure) [PSYoungGen: 516000K->5600K(518656K)] 966527K->457782K(1042944K), 0.0228008 secs] [Times: user=0.07 sys=0.00, real=0.03 secs] 
2021-05-17T04:50:38.150+0800: 242389.802: [GC (Allocation Failure) [PSYoungGen: 518624K->4544K(517632K)] 970806K->461034K(1041920K), 0.0254425 secs] [Times: user=0.06 sys=0.00, real=0.03 secs] 
2021-05-17T04:55:58.540+0800: 242710.192: [GC (Allocation Failure) [PSYoungGen: 516544K->3072K(518144K)] 973034K->462983K(1042432K), 0.0266628 secs] [Times: user=0.06 sys=0.00, real=0.03 secs] 
2021-05-17T05:01:16.000+0800: 243027.652: [GC (Allocation Failure) [PSYoungGen: 515072K->2208K(518144K)] 974983K->463886K(1042432K), 0.0196204 secs] [Times: user=0.05 sys=0.01, real=0.02 secs] 
2021-05-17T05:06:36.540+0800: 243348.192: [GC (Allocation Failure) [PSYoungGen: 514208K->4096K(518144K)] 975886K->466646K(1042432K), 0.0251201 secs] [Times: user=0.08 sys=0.00, real=0.03 secs] 
2021-05-17T05:11:55.841+0800: 243667.493: [GC (Allocation Failure) [PSYoungGen: 516096K->2432K(518144K)] 978646K->467388K(1042432K), 0.0246118 secs] [Times: user=0.06 sys=0.00, real=0.03 secs] 
2021-05-17T05:17:13.525+0800: 243985.177: [GC (Allocation Failure) [PSYoungGen: 514432K->6144K(518144K)] 979388K->473859K(1042432K), 0.0755768 secs] [Times: user=0.07 sys=0.01, real=0.08 secs] 
2021-05-17T05:22:26.793+0800: 244298.445: [GC (Allocation Failure) [PSYoungGen: 518144K->4512K(515072K)] 985859K->478022K(1039360K), 0.0261493 secs] [Times: user=0.07 sys=0.00, real=0.02 secs] 
2021-05-17T05:27:48.713+0800: 244620.365: [GC (Allocation Failure) [PSYoungGen: 513440K->2272K(516608K)] 986950K->478847K(1040896K), 0.0541381 secs] [Times: user=0.05 sys=0.00, real=0.05 secs] 
2021-05-17T05:33:09.881+0800: 244941.533: [GC (Allocation Failure) [PSYoungGen: 511200K->2368K(516608K)] 987775K->479935K(1040896K), 0.0222392 secs] [Times: user=0.06 sys=0.00, real=0.03 secs] 
2021-05-17T05:38:27.000+0800: 245258.652: [GC (Allocation Failure) [PSYoungGen: 511296K->2816K(516608K)] 988863K->481382K(1040896K), 0.0197787 secs] [Times: user=0.06 sys=0.00, real=0.02 secs] 
2021-05-17T05:43:44.782+0800: 245576.434: [GC (Allocation Failure) [PSYoungGen: 511744K->3648K(517120K)] 990310K->483678K(1041408K), 0.0228140 secs] [Times: user=0.07 sys=0.00, real=0.02 secs] 
2021-05-17T05:49:06.928+0800: 245898.580: [GC (Allocation Failure) [PSYoungGen: 513600K->3008K(517120K)] 993630K->484937K(1041408K), 0.0269722 secs] [Times: user=0.07 sys=0.00, real=0.03 secs] 
2021-05-17T05:54:27.204+0800: 246218.856: [GC (Allocation Failure) [PSYoungGen: 512960K->3520K(517632K)] 994889K->487120K(1041920K), 0.0250855 secs] [Times: user=0.07 sys=0.00, real=0.02 secs] 
2021-05-17T05:59:45.704+0800: 246537.356: [GC (Allocation Failure) [PSYoungGen: 514496K->3136K(517632K)] 998096K->488975K(1041920K), 0.0233614 secs] [Times: user=0.07 sys=0.00, real=0.02 secs] 
2021-05-17T06:05:05.923+0800: 246857.575: [GC (Allocation Failure) [PSYoungGen: 514112K->2944K(518144K)] 999951K->490701K(1042432K), 0.0186672 secs] [Times: user=0.06 sys=0.00, real=0.01 secs] 
2021-05-17T06:10:26.078+0800: 247177.730: [GC (Allocation Failure) [PSYoungGen: 514944K->4160K(518144K)] 1002701K->493484K(1042432K), 0.0253229 secs] [Times: user=0.08 sys=0.00, real=0.03 secs] 
2021-05-17T06:15:43.969+0800: 247495.621: [GC (Allocation Failure) [PSYoungGen: 516160K->2816K(518144K)] 1005484K->494554K(1042432K), 0.0254763 secs] [Times: user=0.06 sys=0.00, real=0.03 secs] 
2021-05-17T06:21:02.965+0800: 247814.617: [GC (Allocation Failure) [PSYoungGen: 514816K->2784K(518144K)] 1006554K->496033K(1042432K), 0.0198454 secs] [Times: user=0.07 sys=0.00, real=0.02 secs] 
2021-05-17T06:26:24.953+0800: 248136.605: [GC (Allocation Failure) [PSYoungGen: 514784K->2272K(518656K)] 1008033K->496969K(1042944K), 0.0230718 secs] [Times: user=0.06 sys=0.00, real=0.02 secs] 
2021-05-17T06:31:48.563+0800: 248460.215: [GC (Allocation Failure) [PSYoungGen: 514784K->3008K(518144K)] 1009481K->498641K(1042432K), 0.0227090 secs] [Times: user=0.07 sys=0.00, real=0.02 secs] 
2021-05-17T06:37:05.915+0800: 248777.567: [GC (Allocation Failure) [PSYoungGen: 515520K->3488K(518656K)] 1011153K->500792K(1042944K), 0.0243478 secs] [Times: user=0.08 sys=0.00, real=0.02 secs] 
2021-05-17T06:42:27.371+0800: 249099.023: [GC (Allocation Failure) [PSYoungGen: 516512K->2912K(518656K)] 1013816K->502183K(1042944K), 0.0195163 secs] [Times: user=0.06 sys=0.00, real=0.02 secs] 
2021-05-17T06:47:46.434+0800: 249418.086: [GC (Allocation Failure) [PSYoungGen: 515936K->4160K(518656K)] 1015207K->505070K(1042944K), 0.0225527 secs] [Times: user=0.06 sys=0.00, real=0.02 secs] 
2021-05-17T06:53:07.535+0800: 249739.187: [GC (Allocation Failure) [PSYoungGen: 517184K->3328K(518656K)] 1018094K->507148K(1042944K), 0.0216473 secs] [Times: user=0.06 sys=0.00, real=0.02 secs] 
2021-05-17T06:58:26.661+0800: 250058.313: [GC (Allocation Failure) [PSYoungGen: 516352K->2752K(519168K)] 1020172K->508530K(1043456K), 0.0205890 secs] [Times: user=0.06 sys=0.00, real=0.02 secs] 
2021-05-17T07:03:49.773+0800: 250381.425: [GC (Allocation Failure) [PSYoungGen: 516800K->2368K(519168K)] 1022578K->509578K(1043456K), 0.0222720 secs] [Times: user=0.06 sys=0.00, real=0.02 secs] 
2021-05-17T07:09:03.945+0800: 250695.597: [GC (Allocation Failure) [PSYoungGen: 516416K->5120K(516096K)] 1023626K->515049K(1040384K), 0.0222794 secs] [Times: user=0.08 sys=0.00, real=0.02 secs] 
2021-05-17T07:14:27.069+0800: 251018.721: [GC (Allocation Failure) [PSYoungGen: 516096K->4768K(516096K)] 1026025K->519221K(1040384K), 0.0227476 secs] [Times: user=0.08 sys=0.00, real=0.03 secs] 
2021-05-17T07:19:44.793+0800: 251336.445: [GC (Allocation Failure) [PSYoungGen: 515744K->2368K(517632K)] 1030197K->520433K(1041920K), 0.0193177 secs] [Times: user=0.06 sys=0.00, real=0.02 secs] 
2021-05-17T07:25:00.348+0800: 251652.000: [GC (Allocation Failure) [PSYoungGen: 512832K->2976K(517120K)] 1030897K->521993K(1041408K), 0.0212056 secs] [Times: user=0.06 sys=0.00, real=0.02 secs] 
2021-05-17T07:30:18.039+0800: 251969.691: [GC (Allocation Failure) [PSYoungGen: 513439K->2784K(517632K)] 1032457K->523464K(1041920K), 0.0258234 secs] [Times: user=0.06 sys=0.00, real=0.03 secs] 
2021-05-17T07:30:18.065+0800: 251969.717: [Full GC (Ergonomics) [PSYoungGen: 2784K->0K(517632K)] [ParOldGen: 520680K->235818K(524288K)] 523464K->235818K(1041920K), [Metaspace: 93731K->93731K(1136640K)], 0.4533962 secs] [Times: user=1.03 sys=0.00, real=0.45 secs] 
2021-05-17T07:35:38.020+0800: 252289.673: [GC (Allocation Failure) [PSYoungGen: 510976K->2752K(517632K)] 746794K->238570K(1041920K), 0.0194912 secs] [Times: user=0.04 sys=0.00, real=0.02 secs] 
2021-05-17T07:40:56.809+0800: 252608.461: [GC (Allocation Failure) [PSYoungGen: 513728K->2368K(518144K)] 749546K->239562K(1042432K), 0.0229635 secs] [Times: user=0.07 sys=0.00, real=0.03 secs] 
2021-05-17T07:46:12.540+0800: 252924.192: [GC (Allocation Failure) [PSYoungGen: 514368K->2496K(518144K)] 751562K->240658K(1042432K), 0.0165175 secs] [Times: user=0.04 sys=0.00, real=0.02 secs] 
2021-05-17T07:51:32.012+0800: 253243.664: [GC (Allocation Failure) [PSYoungGen: 514496K->3072K(518144K)] 752658K->242410K(1042432K), 0.0183472 secs] [Times: user=0.06 sys=0.00, real=0.02 secs] 
2021-05-17T07:56:53.032+0800: 253564.684: [GC (Allocation Failure) [PSYoungGen: 515072K->2400K(518144K)] 754410K->243449K(1042432K), 0.0187384 secs] [Times: user=0.06 sys=0.00, real=0.02 secs] 
2021-05-17T08:02:08.374+0800: 253880.026: [GC (Allocation Failure) [PSYoungGen: 514368K->2336K(518656K)] 755417K->244369K(1042944K), 0.0197352 secs] [Times: user=0.05 sys=0.00, real=0.02 secs] 
2021-05-17T08:07:24.239+0800: 254195.891: [GC (Allocation Failure) [PSYoungGen: 515360K->5600K(518656K)] 757393K->249033K(1042944K), 0.0251940 secs] [Times: user=0.07 sys=0.00, real=0.03 secs] 
2021-05-17T08:12:46.212+0800: 254517.864: [GC (Allocation Failure) [PSYoungGen: 518624K->2848K(516608K)] 762057K->250325K(1040896K), 0.0260241 secs] [Times: user=0.07 sys=0.00, real=0.03 secs] 
2021-05-17T08:18:05.216+0800: 254836.868: [GC (Allocation Failure) [PSYoungGen: 513824K->2784K(517632K)] 761301K->251788K(1041920K), 0.0190471 secs] [Times: user=0.06 sys=0.00, real=0.02 secs] 
2021-05-17T08:23:20.695+0800: 255152.348: [GC (Allocation Failure) [PSYoungGen: 513760K->6144K(516608K)] 762764K->256595K(1040896K), 0.0183693 secs] [Times: user=0.04 sys=0.00, real=0.02 secs] 
2021-05-17T08:28:31.659+0800: 255463.311: [GC (Allocation Failure) [PSYoungGen: 516096K->3456K(517120K)] 766547K->258510K(1041408K), 0.0240679 secs] [Times: user=0.07 sys=0.00, real=0.03 secs] 
2021-05-17T08:33:55.613+0800: 255787.265: [GC (Allocation Failure) [PSYoungGen: 513408K->2432K(517632K)] 768462K->259661K(1041920K), 0.0210287 secs] [Times: user=0.06 sys=0.00, real=0.02 secs] 
2021-05-17T08:39:10.722+0800: 256102.374: [GC (Allocation Failure) [PSYoungGen: 512896K->4224K(517120K)] 770125K->262461K(1041408K), 0.0243796 secs] [Times: user=0.07 sys=0.00, real=0.03 secs] 
2021-05-17T08:44:25.953+0800: 256417.605: [GC (Allocation Failure) [PSYoungGen: 514688K->2336K(517632K)] 772925K->263498K(1041920K), 0.0214820 secs] [Times: user=0.06 sys=0.00, real=0.02 secs] 
2021-05-17T08:49:41.931+0800: 256733.583: [GC (Allocation Failure) [PSYoungGen: 513312K->2784K(517632K)] 774474K->264890K(1041920K), 0.0177699 secs] [Times: user=0.04 sys=0.01, real=0.02 secs] 
2021-05-17T08:54:57.890+0800: 257049.542: [GC (Allocation Failure) [PSYoungGen: 513760K->3968K(517632K)] 775866K->267490K(1041920K), 0.0240483 secs] [Times: user=0.08 sys=0.00, real=0.03 secs] 
2021-05-17T09:00:15.075+0800: 257366.727: [GC (Allocation Failure) [PSYoungGen: 514944K->3424K(517632K)] 778466K->269648K(1041920K), 0.0353314 secs] [Times: user=0.08 sys=0.00, real=0.03 secs] 
2021-05-17T09:05:35.612+0800: 257687.264: [GC (Allocation Failure) [PSYoungGen: 514400K->3296K(518144K)] 780624K->271710K(1042432K), 0.0264543 secs] [Times: user=0.05 sys=0.01, real=0.02 secs] 
2021-05-17T09:10:50.927+0800: 258002.579: [GC (Allocation Failure) [PSYoungGen: 515296K->3424K(518144K)] 783710K->273637K(1042432K), 0.0228791 secs] [Times: user=0.07 sys=0.00, real=0.02 secs] 
2021-05-17T09:16:11.768+0800: 258323.420: [GC (Allocation Failure) [PSYoungGen: 515424K->3072K(518656K)] 785637K->274916K(1042944K), 0.0240680 secs] [Times: user=0.06 sys=0.00, real=0.02 secs] 
2021-05-17T09:21:35.284+0800: 258646.936: [GC (Allocation Failure) [PSYoungGen: 516096K->2368K(518656K)] 787940K->275978K(1042944K), 0.0208791 secs] [Times: user=0.07 sys=0.00, real=0.02 secs] 
2021-05-17T09:26:52.540+0800: 258964.192: [GC (Allocation Failure) [PSYoungGen: 515392K->2208K(518656K)] 789002K->276874K(1042944K), 0.0278457 secs] [Times: user=0.07 sys=0.00, real=0.03 secs] 
2021-05-17T09:32:11.992+0800: 259283.644: [GC (Allocation Failure) [PSYoungGen: 515232K->3456K(518656K)] 789898K->279066K(1042944K), 0.0241559 secs] [Times: user=0.08 sys=0.00, real=0.03 secs] 
2021-05-17T09:37:29.041+0800: 259600.693: [GC (Allocation Failure) [PSYoungGen: 516480K->2720K(519168K)] 792090K->280505K(1043456K), 0.0273318 secs] [Times: user=0.08 sys=0.01, real=0.03 secs] 
2021-05-17T09:42:49.517+0800: 259921.169: [GC (Allocation Failure) [PSYoungGen: 516256K->2368K(518656K)] 794041K->281385K(1042944K), 0.0183317 secs] [Times: user=0.05 sys=0.00, real=0.02 secs] 
2021-05-17T09:48:10.233+0800: 260241.886: [GC (Allocation Failure) [PSYoungGen: 515904K->2432K(519168K)] 794921K->282369K(1043456K), 0.0213605 secs] [Times: user=0.06 sys=0.00, real=0.02 secs] 
2021-05-17T09:53:25.769+0800: 260557.421: [GC (Allocation Failure) [PSYoungGen: 516480K->4352K(518656K)] 796417K->285289K(1042944K), 0.0230833 secs] [Times: user=0.07 sys=0.00, real=0.02 secs] 
2021-05-17T09:58:46.191+0800: 260877.843: [GC (Allocation Failure) [PSYoungGen: 518400K->2400K(518656K)] 799337K->286494K(1042944K), 0.0340386 secs] [Times: user=0.07 sys=0.01, real=0.04 secs] 
2021-05-17T10:04:01.912+0800: 261193.564: [GC (Allocation Failure) [PSYoungGen: 515424K->4192K(518656K)] 799518K->289246K(1042944K), 0.0193304 secs] [Times: user=0.05 sys=0.00, real=0.02 secs] 
2021-05-17T10:09:15.648+0800: 261507.300: [GC (Allocation Failure) [PSYoungGen: 517216K->3264K(518656K)] 802270K->291123K(1042944K), 0.0333576 secs] [Times: user=0.05 sys=0.00, real=0.03 secs] 
2021-05-17T10:14:33.106+0800: 261824.758: [GC (Allocation Failure) [PSYoungGen: 516287K->3264K(518656K)] 804146K->292475K(1042944K), 0.0208849 secs] [Times: user=0.06 sys=0.00, real=0.02 secs] 
2021-05-17T10:19:48.695+0800: 262140.347: [GC (Allocation Failure) [PSYoungGen: 516288K->4096K(518144K)] 805499K->295345K(1042432K), 0.0275618 secs] [Times: user=0.08 sys=0.00, real=0.03 secs] 
2021-05-17T10:25:09.085+0800: 262460.737: [GC (Allocation Failure) [PSYoungGen: 517120K->2464K(518656K)] 808369K->296662K(1042944K), 0.0198364 secs] [Times: user=0.06 sys=0.00, real=0.02 secs] 
2021-05-17T10:30:24.411+0800: 262776.063: [GC (Allocation Failure) [PSYoungGen: 515488K->5024K(518144K)] 809686K->300430K(1042432K), 0.0185165 secs] [Times: user=0.05 sys=0.00, real=0.02 secs] 
2021-05-17T10:35:47.049+0800: 263098.701: [GC (Allocation Failure) [PSYoungGen: 518048K->3424K(518656K)] 813454K->302674K(1042944K), 0.0290867 secs] [Times: user=0.07 sys=0.00, real=0.03 secs] 
2021-05-17T10:41:05.585+0800: 263417.237: [GC (Allocation Failure) [PSYoungGen: 516448K->2336K(518656K)] 815698K->303617K(1042944K), 0.0206891 secs] [Times: user=0.04 sys=0.01, real=0.02 secs] 
2021-05-17T10:46:22.726+0800: 263734.378: [GC (Allocation Failure) [PSYoungGen: 515360K->3840K(518656K)] 816641K->306097K(1042944K), 0.0204077 secs] [Times: user=0.06 sys=0.00, real=0.02 secs] 
2021-05-17T10:51:41.528+0800: 264053.180: [GC (Allocation Failure) [PSYoungGen: 516864K->3296K(518656K)] 819121K->308190K(1042944K), 0.0180500 secs] [Times: user=0.06 sys=0.00, real=0.02 secs] 
2021-05-17T10:57:01.959+0800: 264373.611: [GC (Allocation Failure) [PSYoungGen: 516320K->2624K(518656K)] 821214K->309485K(1042944K), 0.0197127 secs] [Times: user=0.06 sys=0.00, real=0.02 secs] 
2021-05-17T11:02:21.438+0800: 264693.090: [GC (Allocation Failure) [PSYoungGen: 515648K->2368K(519168K)] 822509K->310461K(1043456K), 0.0183791 secs] [Times: user=0.04 sys=0.01, real=0.02 secs] 
2021-05-17T11:07:37.926+0800: 265009.578: [GC (Allocation Failure) [PSYoungGen: 516416K->3872K(518144K)] 824509K->312813K(1042432K), 0.0214132 secs] [Times: user=0.06 sys=0.00, real=0.02 secs] 
2021-05-17T11:12:52.508+0800: 265324.160: [GC (Allocation Failure) [PSYoungGen: 517920K->3200K(519168K)] 826861K->314196K(1043456K), 0.0552871 secs] [Times: user=0.06 sys=0.00, real=0.06 secs] 
2021-05-17T11:18:11.531+0800: 265643.183: [GC (Allocation Failure) [PSYoungGen: 516736K->2432K(518656K)] 827732K->315410K(1042944K), 0.0196233 secs] [Times: user=0.05 sys=0.01, real=0.02 secs] 
2021-05-17T11:23:28.344+0800: 265959.996: [GC (Allocation Failure) [PSYoungGen: 515968K->2368K(519168K)] 828946K->316282K(1043456K), 0.0204464 secs] [Times: user=0.06 sys=0.00, real=0.02 secs] 
2021-05-17T11:28:50.034+0800: 266281.686: [GC (Allocation Failure) [PSYoungGen: 516416K->3008K(519168K)] 830330K->317842K(1043456K), 0.0190672 secs] [Times: user=0.06 sys=0.00, real=0.02 secs] 
2021-05-17T11:34:12.671+0800: 266604.323: [GC (Allocation Failure) [PSYoungGen: 517056K->2880K(519680K)] 831890K->319457K(1043968K), 0.0425447 secs] [Times: user=0.06 sys=0.00, real=0.05 secs] 
2021-05-17T11:39:31.191+0800: 266922.843: [GC (Allocation Failure) [PSYoungGen: 517440K->2304K(519168K)] 834017K->320473K(1043456K), 0.0245562 secs] [Times: user=0.06 sys=0.00, real=0.03 secs] 
2021-05-17T11:44:51.691+0800: 267243.343: [GC (Allocation Failure) [PSYoungGen: 516864K->2368K(519680K)] 835033K->321457K(1043968K), 0.0207142 secs] [Times: user=0.06 sys=0.00, real=0.03 secs] 
2021-05-17T11:50:12.138+0800: 267563.790: [GC (Allocation Failure) [PSYoungGen: 517440K->3968K(519168K)] 836529K->324017K(1043456K), 0.0201264 secs] [Times: user=0.06 sys=0.00, real=0.02 secs] 
2021-05-17T11:55:30.995+0800: 267882.647: [GC (Allocation Failure) [PSYoungGen: 519040K->2592K(519168K)] 839089K->325310K(1043456K), 0.0180181 secs] [Times: user=0.05 sys=0.00, real=0.02 secs] 
2021-05-17T12:00:48.743+0800: 268200.395: [GC (Allocation Failure) [PSYoungGen: 516640K->3680K(519168K)] 839358K->327606K(1043456K), 0.0366382 secs] [Times: user=0.07 sys=0.00, real=0.03 secs] 
2021-05-17T12:06:08.362+0800: 268520.014: [GC (Allocation Failure) [PSYoungGen: 517728K->3616K(519168K)] 841654K->329900K(1043456K), 0.0200364 secs] [Times: user=0.06 sys=0.00, real=0.02 secs] 
2021-05-17T12:11:28.152+0800: 268839.804: [GC (Allocation Failure) [PSYoungGen: 517664K->2656K(519168K)] 843948K->330779K(1043456K), 0.0209656 secs] [Times: user=0.05 sys=0.01, real=0.02 secs] 
2021-05-17T12:16:44.954+0800: 269156.606: [GC (Allocation Failure) [PSYoungGen: 516704K->2432K(519168K)] 844827K->331874K(1043456K), 0.0179551 secs] [Times: user=0.05 sys=0.00, real=0.01 secs] 
2021-05-17T12:22:03.239+0800: 269474.891: [GC (Allocation Failure) [PSYoungGen: 516480K->3264K(519168K)] 845922K->333650K(1043456K), 0.0260412 secs] [Times: user=0.07 sys=0.00, real=0.03 secs] 
2021-05-17T12:27:21.310+0800: 269792.962: [GC (Allocation Failure) [PSYoungGen: 517312K->2368K(519680K)] 847698K->334674K(1043968K), 0.0220282 secs] [Times: user=0.04 sys=0.02, real=0.03 secs] 
2021-05-17T12:32:46.044+0800: 270117.696: [GC (Allocation Failure) [PSYoungGen: 517440K->4160K(519680K)] 849746K->337418K(1043968K), 0.0183085 secs] [Times: user=0.05 sys=0.00, real=0.02 secs] 
2021-05-17T12:38:01.944+0800: 270433.596: [GC (Allocation Failure) [PSYoungGen: 519232K->4288K(518656K)] 852490K->340455K(1042944K), 0.0197310 secs] [Times: user=0.06 sys=0.00, real=0.02 secs] 
2021-05-17T12:43:22.652+0800: 270754.304: [GC (Allocation Failure) [PSYoungGen: 518336K->3712K(519168K)] 854503K->342805K(1043456K), 0.0211909 secs] [Times: user=0.07 sys=0.00, real=0.02 secs] 
2021-05-17T12:48:42.953+0800: 271074.605: [GC (Allocation Failure) [PSYoungGen: 517760K->2784K(519168K)] 856853K->344259K(1043456K), 0.0182112 secs] [Times: user=0.05 sys=0.01, real=0.01 secs] 
2021-05-17T12:53:57.598+0800: 271389.250: [GC (Allocation Failure) [PSYoungGen: 516832K->2400K(519168K)] 858307K->345355K(1043456K), 0.0216594 secs] [Times: user=0.06 sys=0.00, real=0.02 secs] 
2021-05-17T12:59:15.910+0800: 271707.562: [GC (Allocation Failure) [PSYoungGen: 516448K->3264K(519168K)] 859403K->347219K(1043456K), 0.0228507 secs] [Times: user=0.08 sys=0.00, real=0.03 secs] 
2021-05-17T13:04:35.092+0800: 272026.744: [GC (Allocation Failure) [PSYoungGen: 517312K->3776K(519168K)] 861267K->349642K(1043456K), 0.0327584 secs] [Times: user=0.07 sys=0.00, real=0.03 secs] 
2021-05-17T13:09:49.765+0800: 272341.417: [GC (Allocation Failure) [PSYoungGen: 517824K->3232K(519168K)] 863690K->351416K(1043456K), 0.0298833 secs] [Times: user=0.08 sys=0.00, real=0.03 secs] 
2021-05-17T13:15:05.231+0800: 272656.883: [GC (Allocation Failure) [PSYoungGen: 517280K->2304K(519168K)] 865464K->351775K(1043456K), 0.0186370 secs] [Times: user=0.06 sys=0.00, real=0.02 secs] 
2021-05-17T13:20:22.474+0800: 272974.126: [GC (Allocation Failure) [PSYoungGen: 516352K->2752K(519168K)] 865823K->353023K(1043456K), 0.0219591 secs] [Times: user=0.07 sys=0.00, real=0.02 secs] 
2021-05-17T13:25:43.882+0800: 273295.534: [GC (Allocation Failure) [PSYoungGen: 516800K->3744K(519168K)] 867071K->355447K(1043456K), 0.0216748 secs] [Times: user=0.06 sys=0.00, real=0.03 secs] 
2021-05-17T13:31:06.677+0800: 273618.329: [GC (Allocation Failure) [PSYoungGen: 517792K->2304K(519168K)] 869495K->356516K(1043456K), 0.0211294 secs] [Times: user=0.06 sys=0.00, real=0.02 secs] 
2021-05-17T13:36:29.057+0800: 273940.709: [GC (Allocation Failure) [PSYoungGen: 516348K->3008K(519168K)] 870561K->358157K(1043456K), 0.0228184 secs] [Times: user=0.07 sys=0.00, real=0.02 secs] 
2021-05-17T13:41:48.610+0800: 274260.262: [GC (Allocation Failure) [PSYoungGen: 517056K->2752K(519680K)] 872205K->359436K(1043968K), 0.0252469 secs] [Times: user=0.06 sys=0.00, real=0.03 secs] 
2021-05-17T13:47:04.210+0800: 274575.862: [GC (Allocation Failure) [PSYoungGen: 517824K->3456K(519680K)] 874508K->361611K(1043968K), 0.0181166 secs] [Times: user=0.05 sys=0.00, real=0.02 secs] 
2021-05-17T13:52:20.687+0800: 274892.339: [GC (Allocation Failure) [PSYoungGen: 518528K->3744K(519680K)] 876683K->364042K(1043968K), 0.0376364 secs] [Times: user=0.08 sys=0.00, real=0.04 secs] 
2021-05-17T13:57:42.705+0800: 275214.357: [GC (Allocation Failure) [PSYoungGen: 518816K->4288K(519680K)] 879114K->367024K(1043968K), 0.0264798 secs] [Times: user=0.08 sys=0.00, real=0.02 secs] 
2021-05-17T14:03:04.113+0800: 275535.765: [GC (Allocation Failure) [PSYoungGen: 519360K->3232K(518656K)] 882096K->369116K(1042944K), 0.0246649 secs] [Times: user=0.07 sys=0.00, real=0.02 secs] 
2021-05-17T14:08:20.702+0800: 275852.354: [GC (Allocation Failure) [PSYoungGen: 517280K->3232K(519168K)] 883164K->370947K(1043456K), 0.0205448 secs] [Times: user=0.06 sys=0.00, real=0.03 secs] 
2021-05-17T14:13:36.777+0800: 276168.429: [GC (Allocation Failure) [PSYoungGen: 517280K->2144K(518656K)] 884995K->371107K(1042944K), 0.0257664 secs] [Times: user=0.07 sys=0.00, real=0.03 secs] 
2021-05-17T14:18:56.891+0800: 276488.543: [GC (Allocation Failure) [PSYoungGen: 516192K->2624K(519168K)] 885155K->372347K(1043456K), 0.0189346 secs] [Times: user=0.06 sys=0.00, real=0.02 secs] 
2021-05-17T14:24:20.024+0800: 276811.676: [GC (Allocation Failure) [PSYoungGen: 516672K->2336K(519680K)] 886395K->373259K(1043968K), 0.0312032 secs] [Times: user=0.05 sys=0.00, real=0.03 secs] 
2021-05-17T14:29:40.299+0800: 277131.951: [GC (Allocation Failure) [PSYoungGen: 517408K->2400K(519680K)] 888331K->374291K(1043968K), 0.0292222 secs] [Times: user=0.07 sys=0.00, real=0.03 secs] 
2021-05-17T14:34:59.918+0800: 277451.570: [GC (Allocation Failure) [PSYoungGen: 517472K->3072K(519680K)] 889363K->375891K(1043968K), 0.0242921 secs] [Times: user=0.07 sys=0.00, real=0.03 secs] 
2021-05-17T14:40:19.371+0800: 277771.023: [GC (Allocation Failure) [PSYoungGen: 518144K->2304K(519680K)] 890963K->376706K(1043968K), 0.0258928 secs] [Times: user=0.07 sys=0.00, real=0.03 secs] 
2021-05-17T14:45:42.154+0800: 278093.806: [GC (Allocation Failure) [PSYoungGen: 517376K->2368K(519680K)] 891778K->377690K(1043968K), 0.0206591 secs] [Times: user=0.05 sys=0.02, real=0.02 secs] 
2021-05-17T14:51:01.839+0800: 278413.491: [GC (Allocation Failure) [PSYoungGen: 517440K->2464K(519680K)] 892762K->378746K(1043968K), 0.0234757 secs] [Times: user=0.08 sys=0.00, real=0.03 secs] 
2021-05-17T14:56:24.662+0800: 278736.314: [GC (Allocation Failure) [PSYoungGen: 517536K->3456K(519680K)] 893818K->380738K(1043968K), 0.0220762 secs] [Times: user=0.06 sys=0.00, real=0.03 secs] 
2021-05-17T15:01:42.770+0800: 279054.423: [GC (Allocation Failure) [PSYoungGen: 518528K->2592K(519680K)] 895810K->382049K(1043968K), 0.0221046 secs] [Times: user=0.06 sys=0.00, real=0.03 secs] 
2021-05-17T15:07:03.019+0800: 279374.671: [GC (Allocation Failure) [PSYoungGen: 517661K->4576K(518656K)] 897118K->385160K(1042944K), 0.0304675 secs] [Times: user=0.09 sys=0.00, real=0.03 secs] 
2021-05-17T15:12:22.412+0800: 279694.064: [GC (Allocation Failure) [PSYoungGen: 518624K->2144K(519168K)] 899208K->385566K(1043456K), 0.0221754 secs] [Times: user=0.08 sys=0.00, real=0.03 secs] 
2021-05-17T15:17:44.248+0800: 280015.900: [GC (Allocation Failure) [PSYoungGen: 516192K->2592K(519680K)] 899614K->386774K(1043968K), 0.0248564 secs] [Times: user=0.05 sys=0.02, real=0.03 secs] 
2021-05-17T15:22:59.943+0800: 280331.595: [GC (Allocation Failure) [PSYoungGen: 517152K->4576K(519168K)] 901334K->390158K(1043456K), 0.0274833 secs] [Times: user=0.07 sys=0.00, real=0.02 secs] 
2021-05-17T15:28:19.982+0800: 280651.634: [GC (Allocation Failure) [PSYoungGen: 519136K->3584K(518144K)] 904718K->392810K(1042432K), 0.0259527 secs] [Times: user=0.07 sys=0.01, real=0.03 secs] 
2021-05-17T15:33:41.381+0800: 280973.033: [GC (Allocation Failure) [PSYoungGen: 516608K->3872K(518656K)] 905834K->395513K(1042944K), 0.0274594 secs] [Times: user=0.07 sys=0.00, real=0.03 secs] 
2021-05-17T15:39:00.576+0800: 281292.228: [GC (Allocation Failure) [PSYoungGen: 516896K->4608K(517632K)] 908537K->398942K(1041920K), 0.0218322 secs] [Times: user=0.06 sys=0.00, real=0.02 secs] 
2021-05-17T15:44:20.294+0800: 281611.946: [GC (Allocation Failure) [PSYoungGen: 516608K->3552K(518144K)] 910942K->401315K(1042432K), 0.0823023 secs] [Times: user=0.07 sys=0.00, real=0.08 secs] 
2021-05-17T15:49:40.234+0800: 281931.886: [GC (Allocation Failure) [PSYoungGen: 515552K->5376K(517632K)] 913315K->405282K(1041920K), 0.0266029 secs] [Times: user=0.07 sys=0.00, real=0.02 secs] 
2021-05-17T15:55:01.416+0800: 282253.068: [GC (Allocation Failure) [PSYoungGen: 517376K->2848K(518144K)] 917282K->407078K(1042432K), 0.0328515 secs] [Times: user=0.08 sys=0.00, real=0.03 secs] 
2021-05-17T16:00:18.525+0800: 282570.177: [GC (Allocation Failure) [PSYoungGen: 514848K->2272K(518144K)] 919078K->408053K(1042432K), 0.0221903 secs] [Times: user=0.06 sys=0.00, real=0.02 secs] 
2021-05-17T16:05:37.478+0800: 282889.130: [GC (Allocation Failure) [PSYoungGen: 514272K->4320K(518144K)] 920053K->411061K(1042432K), 0.0240480 secs] [Times: user=0.06 sys=0.01, real=0.02 secs] 
2021-05-17T16:10:50.765+0800: 283202.417: [GC (Allocation Failure) [PSYoungGen: 516320K->2816K(518144K)] 923061K->412602K(1042432K), 0.0207677 secs] [Times: user=0.06 sys=0.00, real=0.02 secs] 
2021-05-17T16:16:12.920+0800: 283524.572: [GC (Allocation Failure) [PSYoungGen: 514816K->2592K(518144K)] 924602K->413282K(1042432K), 0.0244430 secs] [Times: user=0.07 sys=0.00, real=0.03 secs] 
2021-05-17T16:21:32.304+0800: 283843.956: [GC (Allocation Failure) [PSYoungGen: 514592K->3424K(518656K)] 925282K->415369K(1042944K), 0.0302928 secs] [Times: user=0.07 sys=0.00, real=0.03 secs] 
2021-05-17T16:26:49.621+0800: 284161.273: [GC (Allocation Failure) [PSYoungGen: 515936K->2304K(518144K)] 927881K->416447K(1042432K), 0.0252130 secs] [Times: user=0.07 sys=0.00, real=0.03 secs] 
2021-05-17T16:32:11.764+0800: 284483.416: [GC (Allocation Failure) [PSYoungGen: 514816K->3424K(518656K)] 928959K->418535K(1042944K), 0.0247987 secs] [Times: user=0.06 sys=0.00, real=0.02 secs] 
2021-05-17T16:37:30.663+0800: 284802.315: [GC (Allocation Failure) [PSYoungGen: 516448K->4672K(518144K)] 931559K->421950K(1042432K), 0.0291277 secs] [Times: user=0.06 sys=0.00, real=0.03 secs] 
2021-05-17T16:42:51.320+0800: 285122.972: [GC (Allocation Failure) [PSYoungGen: 517696K->3456K(518656K)] 934974K->423931K(1042944K), 0.0309714 secs] [Times: user=0.08 sys=0.00, real=0.03 secs] 
2021-05-17T16:48:07.351+0800: 285439.003: [GC (Allocation Failure) [PSYoungGen: 515968K->2304K(518144K)] 936443K->424937K(1042432K), 0.0282231 secs] [Times: user=0.07 sys=0.00, real=0.03 secs] 
2021-05-17T16:53:28.610+0800: 285760.262: [GC (Allocation Failure) [PSYoungGen: 514816K->2784K(518656K)] 937449K->426393K(1042944K), 0.0214453 secs] [Times: user=0.07 sys=0.00, real=0.02 secs] 
2021-05-17T16:58:51.658+0800: 286083.310: [GC (Allocation Failure) [PSYoungGen: 515808K->3872K(518656K)] 939417K->428961K(1042944K), 0.0235373 secs] [Times: user=0.08 sys=0.00, real=0.02 secs] 
2021-05-17T17:04:13.552+0800: 286405.204: [GC (Allocation Failure) [PSYoungGen: 516896K->2336K(518656K)] 941985K->430110K(1042944K), 0.0242251 secs] [Times: user=0.07 sys=0.00, real=0.02 secs] 
2021-05-17T17:09:33.224+0800: 286724.876: [GC (Allocation Failure) [PSYoungGen: 515360K->4288K(518656K)] 943134K->432886K(1042944K), 0.0210094 secs] [Times: user=0.07 sys=0.00, real=0.02 secs] 
2021-05-17T17:14:54.290+0800: 287045.942: [GC (Allocation Failure) [PSYoungGen: 517312K->2592K(518656K)] 945910K->433716K(1042944K), 0.0167636 secs] [Times: user=0.05 sys=0.01, real=0.02 secs] 
2021-05-17T17:20:14.950+0800: 287366.602: [GC (Allocation Failure) [PSYoungGen: 515616K->2688K(518656K)] 946740K->435132K(1042944K), 0.0194629 secs] [Times: user=0.06 sys=0.00, real=0.02 secs] 
2021-05-17T17:25:36.213+0800: 287687.865: [GC (Allocation Failure) [PSYoungGen: 515712K->4992K(517632K)] 948156K->438867K(1041920K), 0.0248583 secs] [Times: user=0.06 sys=0.00, real=0.02 secs] 
2021-05-17T17:30:56.239+0800: 288007.891: [GC (Allocation Failure) [PSYoungGen: 516992K->2816K(518144K)] 950867K->440567K(1042432K), 0.0232784 secs] [Times: user=0.07 sys=0.00, real=0.03 secs] 
2021-05-17T17:36:22.067+0800: 288333.719: [GC (Allocation Failure) [PSYoungGen: 514816K->3424K(518656K)] 952567K->442614K(1042944K), 0.0198141 secs] [Times: user=0.06 sys=0.00, real=0.02 secs] 
2021-05-17T17:41:40.680+0800: 288652.332: [GC (Allocation Failure) [PSYoungGen: 516448K->4864K(518144K)] 955638K->446054K(1042432K), 0.0208130 secs] [Times: user=0.07 sys=0.00, real=0.02 secs] 
2021-05-17T17:47:01.420+0800: 288973.072: [GC (Allocation Failure) [PSYoungGen: 517888K->3168K(518656K)] 959078K->448171K(1042944K), 0.0221295 secs] [Times: user=0.04 sys=0.01, real=0.03 secs] 
2021-05-17T17:52:21.684+0800: 289293.336: [GC (Allocation Failure) [PSYoungGen: 515680K->2336K(518144K)] 960683K->449265K(1042432K), 0.0184548 secs] [Times: user=0.05 sys=0.00, real=0.02 secs] 
2021-05-17T17:57:40.499+0800: 289612.151: [GC (Allocation Failure) [PSYoungGen: 514848K->2336K(518656K)] 961777K->450289K(1042944K), 0.0196408 secs] [Times: user=0.05 sys=0.00, real=0.02 secs] 
2021-05-17T18:03:04.012+0800: 289935.664: [GC (Allocation Failure) [PSYoungGen: 515360K->2304K(518656K)] 963313K->451201K(1042944K), 0.0218131 secs] [Times: user=0.06 sys=0.00, real=0.02 secs] 
2021-05-17T18:08:24.642+0800: 290256.294: [GC (Allocation Failure) [PSYoungGen: 515328K->3552K(518656K)] 964225K->453321K(1042944K), 0.0335739 secs] [Times: user=0.07 sys=0.00, real=0.03 secs] 
2021-05-17T18:13:45.981+0800: 290577.633: [GC (Allocation Failure) [PSYoungGen: 516576K->2304K(518656K)] 966345K->453817K(1042944K), 0.0186483 secs] [Times: user=0.06 sys=0.00, real=0.02 secs] 
2021-05-17T18:19:05.967+0800: 290897.619: [GC (Allocation Failure) [PSYoungGen: 515328K->2944K(519168K)] 966841K->455528K(1043456K), 0.0209815 secs] [Times: user=0.06 sys=0.00, real=0.02 secs] 
2021-05-17T18:24:26.032+0800: 291217.684: [GC (Allocation Failure) [PSYoungGen: 516480K->2976K(518656K)] 969064K->457239K(1042944K), 0.0252798 secs] [Times: user=0.06 sys=0.00, real=0.02 secs] 
2021-05-17T18:29:45.634+0800: 291537.286: [GC (Allocation Failure) [PSYoungGen: 516512K->5120K(516096K)] 970775K->461478K(1040384K), 0.0235339 secs] [Times: user=0.08 sys=0.00, real=0.02 secs] 
2021-05-17T18:34:59.129+0800: 291850.781: [GC (Allocation Failure) [PSYoungGen: 516096K->4224K(517632K)] 972454K->465105K(1041920K), 0.0227504 secs] [Times: user=0.06 sys=0.00, real=0.02 secs] 
2021-05-17T18:40:22.428+0800: 292174.080: [GC (Allocation Failure) [PSYoungGen: 515200K->3584K(518144K)] 976081K->467515K(1042432K), 0.0206764 secs] [Times: user=0.06 sys=0.00, real=0.02 secs] 
2021-05-17T18:45:42.279+0800: 292493.931: [GC (Allocation Failure) [PSYoungGen: 515072K->4352K(517632K)] 979003K->470449K(1041920K), 0.0244809 secs] [Times: user=0.06 sys=0.00, real=0.03 secs] 
2021-05-17T18:51:03.518+0800: 292815.170: [GC (Allocation Failure) [PSYoungGen: 515840K->2752K(518144K)] 981937K->471982K(1042432K), 0.0223316 secs] [Times: user=0.07 sys=0.00, real=0.02 secs] 
2021-05-17T18:56:22.092+0800: 293133.744: [GC (Allocation Failure) [PSYoungGen: 514752K->2400K(518144K)] 983982K->473109K(1042432K), 0.0385183 secs] [Times: user=0.07 sys=0.00, real=0.04 secs] 
2021-05-17T19:01:42.096+0800: 293453.748: [GC (Allocation Failure) [PSYoungGen: 514400K->4064K(518144K)] 985109K->475749K(1042432K), 0.0228768 secs] [Times: user=0.07 sys=0.00, real=0.02 secs] 
2021-05-17T19:07:02.174+0800: 293773.826: [GC (Allocation Failure) [PSYoungGen: 516064K->3360K(518144K)] 987749K->477955K(1042432K), 0.0295244 secs] [Times: user=0.07 sys=0.00, real=0.03 secs] 
2021-05-17T19:12:18.855+0800: 294090.507: [GC (Allocation Failure) [PSYoungGen: 515360K->2496K(518144K)] 989955K->478690K(1042432K), 0.0231050 secs] [Times: user=0.07 sys=0.00, real=0.02 secs] 
2021-05-17T19:17:42.301+0800: 294413.953: [GC (Allocation Failure) [PSYoungGen: 514496K->4544K(518144K)] 990690K->481986K(1042432K), 0.0611948 secs] [Times: user=0.10 sys=0.00, real=0.07 secs] 
2021-05-17T19:23:01.342+0800: 294732.994: [GC (Allocation Failure) [PSYoungGen: 516544K->2464K(518144K)] 993986K->483039K(1042432K), 0.0225141 secs] [Times: user=0.04 sys=0.01, real=0.03 secs] 
2021-05-17T19:28:23.938+0800: 295055.590: [GC (Allocation Failure) [PSYoungGen: 514464K->2304K(518144K)] 995039K->484063K(1042432K), 0.0222780 secs] [Times: user=0.06 sys=0.00, real=0.02 secs] 
2021-05-17T19:33:47.921+0800: 295379.573: [GC (Allocation Failure) [PSYoungGen: 514304K->2272K(518144K)] 996063K->485103K(1042432K), 0.0286386 secs] [Times: user=0.06 sys=0.00, real=0.03 secs] 
2021-05-17T19:39:04.446+0800: 295696.098: [GC (Allocation Failure) [PSYoungGen: 514272K->2816K(518144K)] 997103K->486647K(1042432K), 0.0197401 secs] [Times: user=0.06 sys=0.00, real=0.02 secs] 
2021-05-17T19:44:23.456+0800: 296015.108: [GC (Allocation Failure) [PSYoungGen: 514816K->4288K(517632K)] 998647K->489574K(1041920K), 0.0195549 secs] [Times: user=0.07 sys=0.00, real=0.02 secs] 
2021-05-17T19:49:49.557+0800: 296341.209: [GC (Allocation Failure) [PSYoungGen: 516288K->2976K(518144K)] 1001574K->491395K(1042432K), 0.0228645 secs] [Times: user=0.06 sys=0.00, real=0.02 secs] 
2021-05-17T19:55:10.105+0800: 296661.757: [GC (Allocation Failure) [PSYoungGen: 514976K->3424K(518656K)] 1003395K->493522K(1042944K), 0.0277338 secs] [Times: user=0.05 sys=0.00, real=0.03 secs] 
2021-05-17T20:00:25.477+0800: 296977.129: [GC (Allocation Failure) [PSYoungGen: 516448K->3776K(518656K)] 1006546K->496121K(1042944K), 0.0279315 secs] [Times: user=0.06 sys=0.00, real=0.03 secs] 
2021-05-17T20:05:45.960+0800: 297297.613: [GC (Allocation Failure) [PSYoungGen: 516800K->5632K(514560K)] 1009145K->501463K(1038848K), 0.0234802 secs] [Times: user=0.07 sys=0.00, real=0.03 secs] 
2021-05-17T20:11:04.744+0800: 297616.396: [GC (Allocation Failure) [PSYoungGen: 514560K->3136K(516608K)] 1010391K->504425K(1040896K), 0.0212900 secs] [Times: user=0.07 sys=0.00, real=0.02 secs] 
2021-05-17T20:16:23.689+0800: 297935.341: [GC (Allocation Failure) [PSYoungGen: 512064K->2528K(517120K)] 1013353K->505184K(1041408K), 0.0203115 secs] [Times: user=0.07 sys=0.00, real=0.02 secs] 
2021-05-17T20:21:43.067+0800: 298254.719: [GC (Allocation Failure) [PSYoungGen: 512480K->4544K(517120K)] 1015136K->508456K(1041408K), 0.0473666 secs] [Times: user=0.08 sys=0.00, real=0.05 secs] 
2021-05-17T20:27:00.887+0800: 298572.539: [GC (Allocation Failure) [PSYoungGen: 514496K->4672K(517120K)] 1018408K->511973K(1041408K), 0.0190596 secs] [Times: user=0.07 sys=0.00, real=0.02 secs] 
2021-05-17T20:32:23.219+0800: 298894.871: [GC (Allocation Failure) [PSYoungGen: 514622K->2496K(517120K)] 1021923K->513433K(1041408K), 0.0197713 secs] [Times: user=0.06 sys=0.00, real=0.02 secs] 
2021-05-17T20:37:43.816+0800: 299215.468: [GC (Allocation Failure) [PSYoungGen: 512448K->3104K(517120K)] 1023385K->515233K(1041408K), 0.0281992 secs] [Times: user=0.06 sys=0.01, real=0.03 secs] 
2021-05-17T20:43:06.767+0800: 299538.419: [GC (Allocation Failure) [PSYoungGen: 513056K->2240K(517120K)] 1025185K->516120K(1041408K), 0.0263333 secs] [Times: user=0.07 sys=0.00, real=0.03 secs] 
2021-05-17T20:48:29.946+0800: 299861.598: [GC (Allocation Failure) [PSYoungGen: 512192K->2752K(517632K)] 1026072K->517544K(1041920K), 0.0292459 secs] [Times: user=0.07 sys=0.01, real=0.03 secs] 
2021-05-17T20:53:51.817+0800: 300183.469: [GC (Allocation Failure) [PSYoungGen: 513728K->2752K(517632K)] 1028520K->519023K(1041920K), 0.0190552 secs] [Times: user=0.05 sys=0.00, real=0.02 secs] 
2021-05-17T20:59:11.989+0800: 300503.641: [GC (Allocation Failure) [PSYoungGen: 513728K->2272K(517632K)] 1029999K->520055K(1041920K), 0.0209670 secs] [Times: user=0.07 sys=0.00, real=0.02 secs] 
2021-05-17T21:04:32.290+0800: 300823.942: [GC (Allocation Failure) [PSYoungGen: 513248K->2464K(517632K)] 1031031K->521191K(1041920K), 0.0210160 secs] [Times: user=0.06 sys=0.00, real=0.02 secs] 
2021-05-17T21:09:48.493+0800: 301140.145: [GC (Allocation Failure) [PSYoungGen: 513440K->3776K(518144K)] 1032167K->523598K(1042432K), 0.0212560 secs] [Times: user=0.05 sys=0.01, real=0.02 secs] 
2021-05-17T21:09:48.515+0800: 301140.167: [Full GC (Ergonomics) [PSYoungGen: 3776K->0K(518144K)] [ParOldGen: 519822K->229746K(524288K)] 523598K->229746K(1042432K), [Metaspace: 93749K->93749K(1136640K)], 0.4422651 secs] [Times: user=0.97 sys=0.00, real=0.44 secs] 
2021-05-17T21:15:12.265+0800: 301463.917: [GC (Allocation Failure) [PSYoungGen: 512000K->3648K(518144K)] 741746K->233394K(1042432K), 0.0250041 secs] [Times: user=0.06 sys=0.00, real=0.02 secs] 
2021-05-17T21:20:32.733+0800: 301784.385: [GC (Allocation Failure) [PSYoungGen: 515648K->3840K(518144K)] 745394K->235641K(1042432K), 0.0245330 secs] [Times: user=0.07 sys=0.00, real=0.02 secs] 
2021-05-17T21:25:53.576+0800: 302105.228: [GC (Allocation Failure) [PSYoungGen: 515840K->3680K(518144K)] 747641K->238142K(1042432K), 0.0275850 secs] [Times: user=0.08 sys=0.00, real=0.03 secs] 
2021-05-17T21:31:13.407+0800: 302425.059: [GC (Allocation Failure) [PSYoungGen: 515678K->3392K(518656K)] 750141K->240261K(1042944K), 0.0174577 secs] [Times: user=0.06 sys=0.00, real=0.02 secs] 
2021-05-17T21:36:33.669+0800: 302745.321: [GC (Allocation Failure) [PSYoungGen: 515904K->4064K(518144K)] 752773K->243083K(1042432K), 0.0220136 secs] [Times: user=0.05 sys=0.00, real=0.02 secs] 
2021-05-17T21:41:49.616+0800: 303061.268: [GC (Allocation Failure) [PSYoungGen: 516576K->3392K(518656K)] 755595K->245161K(1042944K), 0.0211989 secs] [Times: user=0.07 sys=0.00, real=0.02 secs] 
2021-05-17T21:47:10.259+0800: 303381.911: [GC (Allocation Failure) [PSYoungGen: 516416K->4992K(518144K)] 758185K->248951K(1042432K), 0.0588186 secs] [Times: user=0.12 sys=0.00, real=0.06 secs] 
2021-05-17T21:52:29.844+0800: 303701.496: [GC (Allocation Failure) [PSYoungGen: 518016K->3360K(518656K)] 761975K->251038K(1042944K), 0.0226939 secs] [Times: user=0.06 sys=0.00, real=0.02 secs] 
2021-05-17T21:57:53.929+0800: 304025.581: [GC (Allocation Failure) [PSYoungGen: 515872K->2912K(518144K)] 763550K->252885K(1042432K), 0.0585256 secs] [Times: user=0.06 sys=0.00, real=0.06 secs] 
2021-05-17T22:03:11.119+0800: 304342.771: [GC (Allocation Failure) [PSYoungGen: 515424K->3360K(518656K)] 765397K->255044K(1042944K), 0.0187567 secs] [Times: user=0.06 sys=0.00, real=0.02 secs] 
2021-05-17T22:08:32.554+0800: 304664.206: [GC (Allocation Failure) [PSYoungGen: 516384K->4448K(518656K)] 768068K->258186K(1042944K), 0.0247068 secs] [Times: user=0.07 sys=0.00, real=0.02 secs] 
2021-05-17T22:13:52.922+0800: 304984.575: [GC (Allocation Failure) [PSYoungGen: 517472K->4832K(517632K)] 771210K->261264K(1041920K), 0.0204887 secs] [Times: user=0.06 sys=0.00, real=0.02 secs] 
2021-05-17T22:19:10.527+0800: 305302.179: [GC (Allocation Failure) [PSYoungGen: 516832K->2944K(518144K)] 773264K->263068K(1042432K), 0.0245109 secs] [Times: user=0.07 sys=0.00, real=0.03 secs] 
2021-05-17T22:24:28.792+0800: 305620.444: [GC (Allocation Failure) [PSYoungGen: 514944K->4992K(518144K)] 775068K->266779K(1042432K), 0.0211271 secs] [Times: user=0.07 sys=0.00, real=0.03 secs] 
2021-05-17T22:29:48.028+0800: 305939.680: [GC (Allocation Failure) [PSYoungGen: 516992K->3840K(518144K)] 778779K->269495K(1042432K), 0.0240124 secs] [Times: user=0.07 sys=0.01, real=0.03 secs] 
2021-05-17T22:35:09.256+0800: 306260.908: [GC (Allocation Failure) [PSYoungGen: 515840K->2720K(518144K)] 781495K->271004K(1042432K), 0.0297642 secs] [Times: user=0.07 sys=0.00, real=0.03 secs] 
2021-05-17T22:40:29.282+0800: 306580.934: [GC (Allocation Failure) [PSYoungGen: 514720K->2208K(518144K)] 783004K->271828K(1042432K), 0.0201535 secs] [Times: user=0.05 sys=0.00, real=0.02 secs] 
2021-05-17T22:45:45.336+0800: 306896.988: [GC (Allocation Failure) [PSYoungGen: 514208K->4096K(518144K)] 783828K->274636K(1042432K), 0.0224002 secs] [Times: user=0.06 sys=0.00, real=0.02 secs] 
2021-05-17T22:51:04.600+0800: 307216.252: [GC (Allocation Failure) [PSYoungGen: 516096K->2368K(518144K)] 786636K->275314K(1042432K), 0.0314258 secs] [Times: user=0.06 sys=0.00, real=0.03 secs] 
2021-05-17T22:56:22.997+0800: 307534.649: [GC (Allocation Failure) [PSYoungGen: 514368K->2720K(518144K)] 787314K->276666K(1042432K), 0.0206348 secs] [Times: user=0.05 sys=0.01, real=0.02 secs] 
2021-05-17T23:01:47.365+0800: 307859.017: [GC (Allocation Failure) [PSYoungGen: 514720K->5664K(518144K)] 788666K->281073K(1042432K), 0.0285363 secs] [Times: user=0.07 sys=0.00, real=0.03 secs] 
2021-05-17T23:07:06.632+0800: 308178.284: [GC (Allocation Failure) [PSYoungGen: 517664K->6112K(513024K)] 793073K->285782K(1037312K), 0.0201233 secs] [Times: user=0.06 sys=0.00, real=0.02 secs] 
2021-05-17T23:12:20.718+0800: 308492.370: [GC (Allocation Failure) [PSYoungGen: 512992K->3200K(515584K)] 792662K->287625K(1039872K), 0.0231049 secs] [Times: user=0.07 sys=0.00, real=0.02 secs] 
2021-05-17T23:17:38.766+0800: 308810.418: [GC (Allocation Failure) [PSYoungGen: 510080K->4096K(516096K)] 794505K->290488K(1040384K), 0.0265515 secs] [Times: user=0.06 sys=0.00, real=0.03 secs] 
2021-05-17T23:22:54.362+0800: 309126.014: [GC (Allocation Failure) [PSYoungGen: 511488K->2368K(515584K)] 797880K->291413K(1039872K), 0.0219501 secs] [Times: user=0.07 sys=0.00, real=0.03 secs] 
2021-05-17T23:28:09.948+0800: 309441.600: [GC (Allocation Failure) [PSYoungGen: 509760K->2336K(516096K)] 798805K->292349K(1040384K), 0.0178759 secs] [Times: user=0.06 sys=0.00, real=0.02 secs] 
2021-05-17T23:33:29.187+0800: 309760.839: [GC (Allocation Failure) [PSYoungGen: 510240K->3232K(516096K)] 800253K->294213K(1040384K), 0.0189435 secs] [Times: user=0.06 sys=0.00, real=0.02 secs] 
2021-05-17T23:38:40.818+0800: 310072.470: [GC (Allocation Failure) [PSYoungGen: 511136K->3040K(516608K)] 802117K->295996K(1040896K), 0.0261511 secs] [Times: user=0.07 sys=0.00, real=0.03 secs] 
2021-05-17T23:43:56.765+0800: 310388.417: [GC (Allocation Failure) [PSYoungGen: 511968K->2272K(516608K)] 804924K->296931K(1040896K), 0.0207732 secs] [Times: user=0.05 sys=0.00, real=0.02 secs] 
2021-05-17T23:49:13.559+0800: 310705.211: [GC (Allocation Failure) [PSYoungGen: 511200K->3456K(517120K)] 805859K->299035K(1041408K), 0.0213634 secs] [Times: user=0.06 sys=0.00, real=0.02 secs] 
2021-05-17T23:54:32.366+0800: 311024.018: [GC (Allocation Failure) [PSYoungGen: 513408K->2816K(517120K)] 808987K->300553K(1041408K), 0.0263220 secs] [Times: user=0.07 sys=0.01, real=0.03 secs] 
2021-05-17T23:59:50.592+0800: 311342.244: [GC (Allocation Failure) [PSYoungGen: 512768K->2688K(517632K)] 810505K->301977K(1041920K), 0.0179350 secs] [Times: user=0.05 sys=0.00, real=0.01 secs] 
2021-05-18T00:05:03.641+0800: 311655.293: [GC (Allocation Failure) [PSYoungGen: 513664K->4832K(517632K)] 812953K->305568K(1041920K), 0.0207803 secs] [Times: user=0.06 sys=0.00, real=0.03 secs] 
2021-05-18T00:10:20.222+0800: 311971.874: [GC (Allocation Failure) [PSYoungGen: 515808K->5056K(516608K)] 816544K->309141K(1040896K), 0.0731797 secs] [Times: user=0.05 sys=0.00, real=0.08 secs] 
2021-05-18T00:15:36.378+0800: 312288.030: [GC (Allocation Failure) [PSYoungGen: 515008K->2336K(517120K)] 819093K->309362K(1041408K), 0.0185398 secs] [Times: user=0.06 sys=0.00, real=0.02 secs] 
2021-05-18T00:20:55.524+0800: 312607.176: [GC (Allocation Failure) [PSYoungGen: 512288K->2720K(517632K)] 819314K->310786K(1041920K), 0.0215128 secs] [Times: user=0.06 sys=0.00, real=0.02 secs] 
2021-05-18T00:26:13.054+0800: 312924.706: [GC (Allocation Failure) [PSYoungGen: 513184K->3904K(517120K)] 821250K->313401K(1041408K), 0.0211778 secs] [Times: user=0.06 sys=0.00, real=0.02 secs] 
2021-05-18T00:31:34.961+0800: 313246.613: [GC (Allocation Failure) [PSYoungGen: 514368K->4320K(517632K)] 823865K->316479K(1041920K), 0.0211191 secs] [Times: user=0.05 sys=0.01, real=0.03 secs] 
2021-05-18T00:36:51.193+0800: 313562.845: [GC (Allocation Failure) [PSYoungGen: 515296K->3840K(517632K)] 827455K->319092K(1041920K), 0.0252740 secs] [Times: user=0.08 sys=0.00, real=0.02 secs] 
2021-05-18T00:42:07.681+0800: 313879.333: [GC (Allocation Failure) [PSYoungGen: 514816K->2688K(517632K)] 830068K->320403K(1041920K), 0.0208680 secs] [Times: user=0.06 sys=0.00, real=0.03 secs] 
2021-05-18T00:47:22.238+0800: 314193.890: [GC (Allocation Failure) [PSYoungGen: 513664K->4768K(517632K)] 831379K->323946K(1041920K), 0.0247740 secs] [Times: user=0.08 sys=0.00, real=0.03 secs] 
2021-05-18T00:52:42.784+0800: 314514.436: [GC (Allocation Failure) [PSYoungGen: 515744K->2656K(517632K)] 834922K->325438K(1041920K), 0.0256237 secs] [Times: user=0.07 sys=0.00, real=0.02 secs] 
2021-05-18T00:57:55.729+0800: 314827.381: [GC (Allocation Failure) [PSYoungGen: 513632K->4288K(517632K)] 836414K->328326K(1041920K), 0.0467534 secs] [Times: user=0.06 sys=0.00, real=0.05 secs] 
2021-05-18T01:03:13.800+0800: 315145.452: [GC (Allocation Failure) [PSYoungGen: 515264K->4608K(517632K)] 839302K->331771K(1041920K), 0.0260773 secs] [Times: user=0.08 sys=0.01, real=0.03 secs] 
2021-05-18T01:08:31.466+0800: 315463.118: [GC (Allocation Failure) [PSYoungGen: 515584K->4384K(517632K)] 842747K->334816K(1041920K), 0.0225305 secs] [Times: user=0.07 sys=0.00, real=0.02 secs] 
2021-05-18T01:13:51.545+0800: 315783.197: [GC (Allocation Failure) [PSYoungGen: 515360K->2816K(517632K)] 845792K->335934K(1041920K), 0.0205120 secs] [Times: user=0.06 sys=0.00, real=0.02 secs] 
2021-05-18T01:19:10.250+0800: 316101.903: [GC (Allocation Failure) [PSYoungGen: 513792K->3616K(517632K)] 846910K->338245K(1041920K), 0.0184421 secs] [Times: user=0.06 sys=0.00, real=0.02 secs] 
2021-05-18T01:24:30.551+0800: 316422.203: [GC (Allocation Failure) [PSYoungGen: 514592K->2336K(518144K)] 849221K->339443K(1042432K), 0.0216378 secs] [Times: user=0.07 sys=0.00, real=0.03 secs] 
2021-05-18T01:29:46.273+0800: 316737.925: [GC (Allocation Failure) [PSYoungGen: 514336K->2784K(518144K)] 851443K->340843K(1042432K), 0.0391398 secs] [Times: user=0.07 sys=0.00, real=0.04 secs] 
2021-05-18T01:35:07.650+0800: 317059.302: [GC (Allocation Failure) [PSYoungGen: 514784K->4320K(518144K)] 852843K->343794K(1042432K), 0.0193301 secs] [Times: user=0.07 sys=0.00, real=0.02 secs] 
2021-05-18T01:40:27.417+0800: 317379.069: [GC (Allocation Failure) [PSYoungGen: 516320K->2688K(518144K)] 855794K->345199K(1042432K), 0.0234454 secs] [Times: user=0.07 sys=0.00, real=0.02 secs] 
2021-05-18T01:45:45.717+0800: 317697.369: [GC (Allocation Failure) [PSYoungGen: 514688K->2464K(518144K)] 857199K->346375K(1042432K), 0.0198120 secs] [Times: user=0.06 sys=0.00, real=0.02 secs] 
2021-05-18T01:51:06.606+0800: 318018.258: [GC (Allocation Failure) [PSYoungGen: 514464K->2400K(518144K)] 858375K->347502K(1042432K), 0.0230618 secs] [Times: user=0.07 sys=0.00, real=0.02 secs] 
2021-05-18T01:56:26.466+0800: 318338.118: [GC (Allocation Failure) [PSYoungGen: 514400K->3872K(518144K)] 859502K->349974K(1042432K), 0.0863902 secs] [Times: user=0.08 sys=0.00, real=0.09 secs] 
2021-05-18T02:01:48.301+0800: 318659.954: [GC (Allocation Failure) [PSYoungGen: 515872K->3616K(518144K)] 861974K->352380K(1042432K), 0.0223583 secs] [Times: user=0.07 sys=0.00, real=0.03 secs] 
2021-05-18T02:07:01.601+0800: 318973.253: [GC (Allocation Failure) [PSYoungGen: 515616K->4128K(518656K)] 864380K->355219K(1042944K), 0.0413274 secs] [Times: user=0.08 sys=0.00, real=0.05 secs] 
2021-05-18T02:12:23.089+0800: 319294.741: [GC (Allocation Failure) [PSYoungGen: 517152K->2848K(518656K)] 868243K->356241K(1042944K), 0.0222543 secs] [Times: user=0.07 sys=0.00, real=0.02 secs] 
2021-05-18T02:17:41.201+0800: 319612.853: [GC (Allocation Failure) [PSYoungGen: 515872K->2304K(518656K)] 869265K->357192K(1042944K), 0.0207861 secs] [Times: user=0.06 sys=0.00, real=0.02 secs] 
2021-05-18T02:22:57.031+0800: 319928.683: [GC (Allocation Failure) [PSYoungGen: 515328K->5632K(518656K)] 870216K->365013K(1042944K), 0.0205418 secs] [Times: user=0.07 sys=0.00, real=0.02 secs] 
2021-05-18T02:28:12.346+0800: 320243.998: [GC (Allocation Failure) [PSYoungGen: 518656K->5600K(509440K)] 878037K->370281K(1033728K), 0.0238750 secs] [Times: user=0.07 sys=0.00, real=0.02 secs] 
2021-05-18T02:33:23.231+0800: 320554.883: [GC (Allocation Failure) [PSYoungGen: 509408K->4288K(514048K)] 874089K->373765K(1038336K), 0.0222770 secs] [Times: user=0.07 sys=0.00, real=0.03 secs] 
2021-05-18T02:38:37.047+0800: 320868.699: [GC (Allocation Failure) [PSYoungGen: 508096K->4160K(515072K)] 877573K->376531K(1039360K), 0.0403225 secs] [Times: user=0.08 sys=0.00, real=0.04 secs] 
2021-05-18T02:43:54.569+0800: 321186.221: [GC (Allocation Failure) [PSYoungGen: 509504K->3200K(514560K)] 881875K->378489K(1038848K), 0.0217441 secs] [Times: user=0.07 sys=0.00, real=0.02 secs] 
2021-05-18T02:49:07.017+0800: 321498.669: [GC (Allocation Failure) [PSYoungGen: 508544K->2656K(515072K)] 883833K->379839K(1039360K), 0.0203537 secs] [Times: user=0.06 sys=0.00, real=0.02 secs] 
2021-05-18T02:54:20.516+0800: 321812.168: [GC (Allocation Failure) [PSYoungGen: 508512K->4096K(515072K)] 885695K->382487K(1039360K), 0.0315157 secs] [Times: user=0.07 sys=0.00, real=0.03 secs] 
2021-05-18T02:59:34.564+0800: 322126.216: [GC (Allocation Failure) [PSYoungGen: 509952K->3744K(516096K)] 888343K->384860K(1040384K), 0.0228710 secs] [Times: user=0.06 sys=0.00, real=0.02 secs] 
2021-05-18T03:04:49.240+0800: 322440.892: [GC (Allocation Failure) [PSYoungGen: 511136K->2336K(515584K)] 892252K->385866K(1039872K), 0.0233512 secs] [Times: user=0.07 sys=0.00, real=0.03 secs] 
2021-05-18T03:10:03.078+0800: 322754.730: [GC (Allocation Failure) [PSYoungGen: 509728K->2976K(516096K)] 893258K->387354K(1040384K), 0.0206572 secs] [Times: user=0.05 sys=0.01, real=0.02 secs] 
2021-05-18T03:15:18.021+0800: 323069.673: [GC (Allocation Failure) [PSYoungGen: 510880K->5728K(516096K)] 895258K->391130K(1040384K), 0.0414761 secs] [Times: user=0.08 sys=0.00, real=0.05 secs] 
2021-05-18T03:20:29.962+0800: 323381.614: [GC (Allocation Failure) [PSYoungGen: 513632K->5600K(516096K)] 899034K->395685K(1040384K), 0.0293394 secs] [Times: user=0.08 sys=0.00, real=0.03 secs] 
2021-05-18T03:25:48.543+0800: 323700.195: [GC (Allocation Failure) [PSYoungGen: 513504K->4384K(516096K)] 903589K->398770K(1040384K), 0.0270311 secs] [Times: user=0.08 sys=0.01, real=0.02 secs] 
2021-05-18T03:31:03.360+0800: 324015.012: [GC (Allocation Failure) [PSYoungGen: 512288K->4224K(516608K)] 906674K->401727K(1040896K), 0.0230404 secs] [Times: user=0.07 sys=0.00, real=0.03 secs] 
2021-05-18T03:36:19.124+0800: 324330.776: [GC (Allocation Failure) [PSYoungGen: 512640K->2944K(516096K)] 910143K->403348K(1040384K), 0.0260956 secs] [Times: user=0.07 sys=0.01, real=0.02 secs] 
2021-05-18T03:41:38.951+0800: 324650.603: [GC (Allocation Failure) [PSYoungGen: 511360K->2272K(516608K)] 911764K->404172K(1040896K), 0.0216779 secs] [Times: user=0.06 sys=0.00, real=0.03 secs] 
2021-05-18T03:46:50.474+0800: 324962.126: [GC (Allocation Failure) [PSYoungGen: 511200K->4000K(516608K)] 913100K->406860K(1040896K), 0.0258699 secs] [Times: user=0.07 sys=0.00, real=0.02 secs] 
2021-05-18T03:52:07.809+0800: 325279.461: [GC (Allocation Failure) [PSYoungGen: 512928K->3552K(517120K)] 915788K->409042K(1041408K), 0.0222101 secs] [Times: user=0.07 sys=0.00, real=0.02 secs] 
2021-05-18T03:57:22.839+0800: 325594.491: [GC (Allocation Failure) [PSYoungGen: 513504K->2336K(517120K)] 918994K->410040K(1041408K), 0.0198952 secs] [Times: user=0.06 sys=0.00, real=0.02 secs] 
2021-05-18T04:02:34.455+0800: 325906.107: [GC (Allocation Failure) [PSYoungGen: 512288K->3520K(517632K)] 919992K->412176K(1041920K), 0.0346685 secs] [Times: user=0.08 sys=0.00, real=0.03 secs] 
2021-05-18T04:07:49.900+0800: 326221.552: [GC (Allocation Failure) [PSYoungGen: 513984K->3264K(517120K)] 922640K->413967K(1041408K), 0.0282397 secs] [Times: user=0.08 sys=0.00, real=0.03 secs] 
2021-05-18T04:13:08.755+0800: 326540.407: [GC (Allocation Failure) [PSYoungGen: 513728K->2144K(517632K)] 924431K->414127K(1041920K), 0.0240206 secs] [Times: user=0.07 sys=0.00, real=0.02 secs] 
2021-05-18T04:18:21.071+0800: 326852.723: [GC (Allocation Failure) [PSYoungGen: 513120K->3200K(517632K)] 925103K->415951K(1041920K), 0.0224119 secs] [Times: user=0.07 sys=0.00, real=0.03 secs] 
2021-05-18T04:23:39.652+0800: 327171.304: [GC (Allocation Failure) [PSYoungGen: 514176K->3424K(518144K)] 926927K->418093K(1042432K), 0.0251688 secs] [Times: user=0.08 sys=0.00, real=0.02 secs] 
2021-05-18T04:28:52.089+0800: 327483.741: [GC (Allocation Failure) [PSYoungGen: 515424K->4288K(518144K)] 930093K->420852K(1042432K), 0.0229964 secs] [Times: user=0.06 sys=0.00, real=0.03 secs] 
2021-05-18T04:34:10.222+0800: 327801.874: [GC (Allocation Failure) [PSYoungGen: 516288K->2400K(518144K)] 932852K->421874K(1042432K), 0.0194975 secs] [Times: user=0.06 sys=0.00, real=0.02 secs] 
2021-05-18T04:39:24.726+0800: 328116.378: [GC (Allocation Failure) [PSYoungGen: 514400K->5120K(517632K)] 933874K->425586K(1041920K), 0.0231781 secs] [Times: user=0.05 sys=0.01, real=0.02 secs] 
2021-05-18T04:44:40.970+0800: 328432.622: [GC (Allocation Failure) [PSYoungGen: 517120K->2944K(518144K)] 937586K->427070K(1042432K), 0.0184680 secs] [Times: user=0.06 sys=0.00, real=0.02 secs] 
2021-05-18T04:49:54.766+0800: 328746.418: [GC (Allocation Failure) [PSYoungGen: 514432K->3072K(517632K)] 938558K->428845K(1041920K), 0.0199217 secs] [Times: user=0.05 sys=0.01, real=0.02 secs] 
2021-05-18T04:55:08.679+0800: 329060.331: [GC (Allocation Failure) [PSYoungGen: 514560K->4768K(517120K)] 940333K->432244K(1041408K), 0.0331063 secs] [Times: user=0.06 sys=0.00, real=0.04 secs] 
2021-05-18T05:00:24.851+0800: 329376.503: [GC (Allocation Failure) [PSYoungGen: 515744K->3584K(517632K)] 943220K->434761K(1041920K), 0.0223999 secs] [Times: user=0.05 sys=0.00, real=0.03 secs] 
2021-05-18T05:05:37.288+0800: 329688.940: [GC (Allocation Failure) [PSYoungGen: 514560K->4288K(518144K)] 945737K->437879K(1042432K), 0.0194031 secs] [Times: user=0.07 sys=0.00, real=0.02 secs] 
2021-05-18T05:11:00.946+0800: 330012.598: [GC (Allocation Failure) [PSYoungGen: 516288K->6144K(518144K)] 949879K->445211K(1042432K), 0.0260369 secs] [Times: user=0.09 sys=0.00, real=0.02 secs] 
2021-05-18T05:16:23.897+0800: 330335.549: [GC (Allocation Failure) [PSYoungGen: 518144K->4000K(513024K)] 957211K->449051K(1037312K), 0.0329965 secs] [Times: user=0.06 sys=0.00, real=0.03 secs] 
2021-05-18T05:21:35.884+0800: 330647.536: [GC (Allocation Failure) [PSYoungGen: 510880K->4320K(515584K)] 955931K->452041K(1039872K), 0.0214240 secs] [Times: user=0.07 sys=0.00, real=0.02 secs] 
2021-05-18T05:26:45.622+0800: 330957.274: [GC (Allocation Failure) [PSYoungGen: 511200K->2528K(516096K)] 958921K->453430K(1040384K), 0.0196599 secs] [Times: user=0.06 sys=0.00, real=0.02 secs] 
2021-05-18T05:32:04.129+0800: 331275.781: [GC (Allocation Failure) [PSYoungGen: 510432K->2240K(516096K)] 961334K->454189K(1040384K), 0.0457767 secs] [Times: user=0.07 sys=0.00, real=0.05 secs] 
2021-05-18T05:37:20.970+0800: 331592.622: [GC (Allocation Failure) [PSYoungGen: 510144K->4192K(516608K)] 962093K->457069K(1040896K), 0.0206055 secs] [Times: user=0.06 sys=0.00, real=0.02 secs] 
2021-05-18T05:42:39.400+0800: 331911.052: [GC (Allocation Failure) [PSYoungGen: 512608K->2976K(516096K)] 965485K->458269K(1040384K), 0.0205371 secs] [Times: user=0.06 sys=0.00, real=0.02 secs] 
2021-05-18T05:48:02.812+0800: 332234.464: [GC (Allocation Failure) [PSYoungGen: 511392K->2560K(516608K)] 966685K->459532K(1040896K), 0.0185628 secs] [Times: user=0.06 sys=0.00, real=0.02 secs] 
2021-05-18T05:53:25.771+0800: 332557.423: [GC (Allocation Failure) [PSYoungGen: 511488K->2400K(516608K)] 968460K->460572K(1040896K), 0.0219017 secs] [Times: user=0.07 sys=0.00, real=0.03 secs] 
2021-05-18T05:58:42.989+0800: 332874.641: [GC (Allocation Failure) [PSYoungGen: 511328K->2560K(517120K)] 969500K->461740K(1041408K), 0.0220850 secs] [Times: user=0.07 sys=0.00, real=0.02 secs] 
2021-05-18T06:03:59.621+0800: 333191.273: [GC (Allocation Failure) [PSYoungGen: 512512K->4096K(517120K)] 971692K->464467K(1041408K), 0.0277017 secs] [Times: user=0.05 sys=0.01, real=0.03 secs] 
2021-05-18T06:09:14.936+0800: 333506.588: [GC (Allocation Failure) [PSYoungGen: 514048K->6272K(516096K)] 974419K->469377K(1040384K), 0.0289133 secs] [Times: user=0.07 sys=0.00, real=0.03 secs] 
2021-05-18T06:14:34.452+0800: 333826.104: [GC (Allocation Failure) [PSYoungGen: 515200K->2752K(516608K)] 978305K->470636K(1040896K), 0.0249959 secs] [Times: user=0.07 sys=0.00, real=0.03 secs] 
2021-05-18T06:19:54.795+0800: 334146.447: [GC (Allocation Failure) [PSYoungGen: 511680K->2784K(517120K)] 979564K->472156K(1041408K), 0.0190435 secs] [Times: user=0.05 sys=0.01, real=0.02 secs] 
2021-05-18T06:25:10.407+0800: 334462.059: [GC (Allocation Failure) [PSYoungGen: 512224K->2272K(516608K)] 981596K->473075K(1040896K), 0.0197789 secs] [Times: user=0.06 sys=0.00, real=0.02 secs] 
2021-05-18T06:30:31.769+0800: 334783.421: [GC (Allocation Failure) [PSYoungGen: 511712K->3392K(517120K)] 982515K->475123K(1041408K), 0.0337472 secs] [Times: user=0.06 sys=0.00, real=0.04 secs] 
2021-05-18T06:35:52.344+0800: 335103.996: [GC (Allocation Failure) [PSYoungGen: 513344K->2912K(517120K)] 985075K->476793K(1041408K), 0.0233697 secs] [Times: user=0.07 sys=0.00, real=0.02 secs] 
2021-05-18T06:41:12.918+0800: 335424.570: [GC (Allocation Failure) [PSYoungGen: 512864K->2272K(517632K)] 986745K->477729K(1041920K), 0.0226502 secs] [Times: user=0.06 sys=0.00, real=0.02 secs] 
2021-05-18T06:46:33.400+0800: 335745.052: [GC (Allocation Failure) [PSYoungGen: 513248K->2528K(517632K)] 988705K->478897K(1041920K), 0.0194717 secs] [Times: user=0.06 sys=0.00, real=0.02 secs] 
2021-05-18T06:51:56.913+0800: 336068.565: [GC (Allocation Failure) [PSYoungGen: 513504K->3488K(518144K)] 989873K->481057K(1042432K), 0.0230574 secs] [Times: user=0.06 sys=0.00, real=0.02 secs] 
2021-05-18T06:57:13.317+0800: 336384.969: [GC (Allocation Failure) [PSYoungGen: 514976K->4576K(517632K)] 992545K->484375K(1041920K), 0.0280976 secs] [Times: user=0.07 sys=0.00, real=0.03 secs] 
2021-05-18T07:02:33.876+0800: 336705.528: [GC (Allocation Failure) [PSYoungGen: 516064K->3456K(518144K)] 995863K->486635K(1042432K), 0.0231253 secs] [Times: user=0.06 sys=0.00, real=0.02 secs] 
2021-05-18T07:07:46.565+0800: 337018.217: [GC (Allocation Failure) [PSYoungGen: 514944K->6144K(517632K)] 998123K->495807K(1041920K), 0.0244724 secs] [Times: user=0.08 sys=0.00, real=0.02 secs] 
2021-05-18T07:13:05.288+0800: 337336.940: [GC (Allocation Failure) [PSYoungGen: 517632K->4640K(512512K)] 1007295K->500297K(1036800K), 0.0604323 secs] [Times: user=0.05 sys=0.00, real=0.06 secs] 
2021-05-18T07:18:15.427+0800: 337647.079: [GC (Allocation Failure) [PSYoungGen: 510496K->2208K(515072K)] 1006153K->501453K(1039360K), 0.0352043 secs] [Times: user=0.06 sys=0.00, real=0.04 secs] 
2021-05-18T07:23:35.714+0800: 337967.366: [GC (Allocation Failure) [PSYoungGen: 508064K->2272K(515584K)] 1007309K->502461K(1039872K), 0.0217845 secs] [Times: user=0.04 sys=0.01, real=0.02 secs] 
2021-05-18T07:28:57.093+0800: 338288.745: [GC (Allocation Failure) [PSYoungGen: 509152K->2240K(515584K)] 1009341K->503405K(1039872K), 0.0314727 secs] [Times: user=0.07 sys=0.01, real=0.03 secs] 
2021-05-18T07:34:17.308+0800: 338608.960: [GC (Allocation Failure) [PSYoungGen: 509120K->2720K(516096K)] 1010285K->504877K(1040384K), 0.0208254 secs] [Times: user=0.06 sys=0.00, real=0.02 secs] 
2021-05-18T07:39:35.608+0800: 338927.260: [GC (Allocation Failure) [PSYoungGen: 510112K->5312K(515584K)] 1012269K->508924K(1039872K), 0.0686265 secs] [Times: user=0.07 sys=0.00, real=0.07 secs] 
2021-05-18T07:44:55.735+0800: 339247.387: [GC (Allocation Failure) [PSYoungGen: 512704K->4128K(516096K)] 1016316K->511776K(1040384K), 0.0200797 secs] [Times: user=0.06 sys=0.00, real=0.02 secs] 
2021-05-18T07:50:13.324+0800: 339564.976: [GC (Allocation Failure) [PSYoungGen: 511520K->2784K(515584K)] 1019168K->513446K(1039872K), 0.0207624 secs] [Times: user=0.07 sys=0.00, real=0.02 secs] 
2021-05-18T07:55:34.911+0800: 339886.563: [GC (Allocation Failure) [PSYoungGen: 510176K->2464K(516608K)] 1020838K->514597K(1040896K), 0.0238483 secs] [Times: user=0.06 sys=0.00, real=0.03 secs] 
2021-05-18T08:00:55.416+0800: 340207.068: [GC (Allocation Failure) [PSYoungGen: 510880K->2208K(516096K)] 1023013K->515621K(1040384K), 0.0266974 secs] [Times: user=0.06 sys=0.00, real=0.03 secs] 
2021-05-18T08:06:15.859+0800: 340527.511: [GC (Allocation Failure) [PSYoungGen: 510624K->4512K(516608K)] 1024037K->518765K(1040896K), 0.0193115 secs] [Times: user=0.07 sys=0.00, real=0.02 secs] 
2021-05-18T08:11:41.191+0800: 340852.843: [GC (Allocation Failure) [PSYoungGen: 513440K->3008K(516608K)] 1027693K->520059K(1040896K), 0.0258413 secs] [Times: user=0.06 sys=0.00, real=0.03 secs] 
2021-05-18T08:16:57.197+0800: 341168.850: [GC (Allocation Failure) [PSYoungGen: 511936K->4480K(517120K)] 1028987K->523378K(1041408K), 0.0218123 secs] [Times: user=0.07 sys=0.01, real=0.02 secs] 
2021-05-18T08:16:57.220+0800: 341168.872: [Full GC (Ergonomics) [PSYoungGen: 4480K->0K(517120K)] [ParOldGen: 518898K->256491K(524288K)] 523378K->256491K(1041408K), [Metaspace: 93814K->93814K(1136640K)], 0.4657512 secs] [Times: user=1.07 sys=0.00, real=0.47 secs] 
2021-05-18T08:22:21.877+0800: 341493.529: [GC (Allocation Failure) [PSYoungGen: 509952K->5216K(515584K)] 766443K->261707K(1039872K), 0.0170848 secs] [Times: user=0.05 sys=0.00, real=0.02 secs] 
2021-05-18T08:27:42.766+0800: 341814.418: [GC (Allocation Failure) [PSYoungGen: 515168K->2880K(517120K)] 771659K->263631K(1041408K), 0.0254181 secs] [Times: user=0.06 sys=0.00, real=0.02 secs] 
2021-05-18T08:33:03.371+0800: 342135.023: [GC (Allocation Failure) [PSYoungGen: 512320K->5824K(516608K)] 773071K->268294K(1040896K), 0.0226695 secs] [Times: user=0.04 sys=0.02, real=0.03 secs] 
2021-05-18T08:38:24.817+0800: 342456.469: [GC (Allocation Failure) [PSYoungGen: 515264K->3296K(516608K)] 777734K->270600K(1040896K), 0.0188452 secs] [Times: user=0.05 sys=0.00, real=0.02 secs] 
2021-05-18T08:43:44.320+0800: 342775.972: [GC (Allocation Failure) [PSYoungGen: 512224K->4928K(516608K)] 779528K->274239K(1040896K), 0.0326987 secs] [Times: user=0.07 sys=0.01, real=0.04 secs] 
2021-05-18T08:49:06.096+0800: 343097.748: [GC (Allocation Failure) [PSYoungGen: 513856K->2240K(516608K)] 783167K->275443K(1040896K), 0.0201666 secs] [Times: user=0.06 sys=0.00, real=0.02 secs] 
2021-05-18T08:54:30.388+0800: 343422.040: [GC (Allocation Failure) [PSYoungGen: 511168K->2304K(516608K)] 784371K->276507K(1040896K), 0.0331417 secs] [Times: user=0.09 sys=0.00, real=0.03 secs] 
2021-05-18T08:59:53.219+0800: 343744.872: [GC (Allocation Failure) [PSYoungGen: 511232K->2272K(517120K)] 785435K->277507K(1041408K), 0.0174404 secs] [Times: user=0.05 sys=0.00, real=0.02 secs] 
2021-05-18T09:05:16.452+0800: 344068.104: [GC (Allocation Failure) [PSYoungGen: 511712K->2400K(516608K)] 786947K->278603K(1040896K), 0.0176337 secs] [Times: user=0.04 sys=0.01, real=0.02 secs] 
2021-05-18T09:10:37.102+0800: 344388.754: [GC (Allocation Failure) [PSYoungGen: 511840K->3136K(517632K)] 788043K->280203K(1041920K), 0.0236828 secs] [Times: user=0.04 sys=0.01, real=0.02 secs] 
2021-05-18T09:15:57.354+0800: 344709.006: [GC (Allocation Failure) [PSYoungGen: 513600K->2112K(517120K)] 790667K->280611K(1041408K), 0.0172637 secs] [Times: user=0.04 sys=0.00, real=0.01 secs] 
2021-05-18T09:21:18.132+0800: 345029.784: [GC (Allocation Failure) [PSYoungGen: 512576K->3104K(517632K)] 791075K->282443K(1041920K), 0.0160961 secs] [Times: user=0.05 sys=0.01, real=0.02 secs] 
2021-05-18T09:26:43.482+0800: 345355.134: [GC (Allocation Failure) [PSYoungGen: 514080K->3328K(517632K)] 793419K->284609K(1041920K), 0.0187501 secs] [Times: user=0.04 sys=0.01, real=0.01 secs] 
2021-05-18T09:32:02.055+0800: 345673.707: [GC (Allocation Failure) [PSYoungGen: 514304K->5088K(517120K)] 795585K->288080K(1041408K), 0.0201001 secs] [Times: user=0.05 sys=0.01, real=0.02 secs] 
2021-05-18T09:37:18.222+0800: 345989.874: [GC (Allocation Failure) [PSYoungGen: 516064K->4608K(517632K)] 799056K->291716K(1041920K), 0.0228302 secs] [Times: user=0.08 sys=0.00, real=0.03 secs] 
2021-05-18T09:42:38.818+0800: 346310.470: [GC (Allocation Failure) [PSYoungGen: 515584K->3200K(517632K)] 802692K->293521K(1041920K), 0.0194784 secs] [Times: user=0.06 sys=0.00, real=0.02 secs] 
2021-05-18T09:48:00.845+0800: 346632.497: [GC (Allocation Failure) [PSYoungGen: 514176K->2240K(517632K)] 804497K->294488K(1041920K), 0.0173991 secs] [Times: user=0.05 sys=0.00, real=0.02 secs] 
2021-05-18T09:53:30.597+0800: 346962.249: [GC (Allocation Failure) [PSYoungGen: 513216K->2304K(518144K)] 805464K->295576K(1042432K), 0.0198984 secs] [Times: user=0.04 sys=0.00, real=0.02 secs] 
2021-05-18T09:58:48.748+0800: 347280.400: [GC (Allocation Failure) [PSYoungGen: 513792K->4928K(517632K)] 807064K->299256K(1041920K), 0.0182972 secs] [Times: user=0.05 sys=0.01, real=0.02 secs] 
2021-05-18T10:04:06.459+0800: 347598.111: [GC (Allocation Failure) [PSYoungGen: 516416K->5152K(516608K)] 810744K->303332K(1040896K), 0.0236720 secs] [Times: user=0.07 sys=0.00, real=0.03 secs] 
2021-05-18T10:09:25.912+0800: 347917.564: [GC (Allocation Failure) [PSYoungGen: 515104K->6240K(516608K)] 813284K->308184K(1040896K), 0.0287423 secs] [Times: user=0.09 sys=0.00, real=0.03 secs] 
2021-05-18T10:14:42.638+0800: 348234.290: [GC (Allocation Failure) [PSYoungGen: 516192K->2528K(516608K)] 818136K->309044K(1040896K), 0.0204109 secs] [Times: user=0.06 sys=0.00, real=0.02 secs] 
2021-05-18T10:20:05.158+0800: 348556.810: [GC (Allocation Failure) [PSYoungGen: 511456K->2272K(516608K)] 817972K->310059K(1040896K), 0.0208605 secs] [Times: user=0.06 sys=0.00, real=0.02 secs] 
2021-05-18T10:25:22.701+0800: 348874.353: [GC (Allocation Failure) [PSYoungGen: 511200K->3168K(517120K)] 818987K->311931K(1041408K), 0.0180014 secs] [Times: user=0.05 sys=0.01, real=0.02 secs] 
2021-05-18T10:30:38.940+0800: 349190.593: [GC (Allocation Failure) [PSYoungGen: 512608K->4064K(516608K)] 821371K->314785K(1040896K), 0.0232994 secs] [Times: user=0.04 sys=0.01, real=0.03 secs] 
2021-05-18T10:35:59.350+0800: 349511.002: [GC (Allocation Failure) [PSYoungGen: 513504K->2720K(517632K)] 824225K->316311K(1041920K), 0.0283785 secs] [Times: user=0.06 sys=0.00, real=0.03 secs] 
2021-05-18T10:41:16.267+0800: 349827.919: [GC (Allocation Failure) [PSYoungGen: 513184K->2240K(517120K)] 826775K->317183K(1041408K), 0.0200034 secs] [Times: user=0.05 sys=0.01, real=0.02 secs] 
2021-05-18T10:46:33.012+0800: 350144.665: [GC (Allocation Failure) [PSYoungGen: 512704K->3648K(517632K)] 827647K->319543K(1041920K), 0.0360160 secs] [Times: user=0.06 sys=0.00, real=0.03 secs] 
2021-05-18T10:51:51.296+0800: 350462.948: [GC (Allocation Failure) [PSYoungGen: 514624K->2976K(517632K)] 830519K->321357K(1041920K), 0.0257537 secs] [Times: user=0.06 sys=0.00, real=0.03 secs] 
2021-05-18T10:57:11.753+0800: 350783.405: [GC (Allocation Failure) [PSYoungGen: 513952K->4160K(518144K)] 832333K->324260K(1042432K), 0.0218481 secs] [Times: user=0.06 sys=0.00, real=0.02 secs] 
2021-05-18T11:02:33.084+0800: 351104.736: [GC (Allocation Failure) [PSYoungGen: 516160K->6112K(518144K)] 836260K->329529K(1042432K), 0.0729255 secs] [Times: user=0.07 sys=0.00, real=0.07 secs] 
2021-05-18T11:07:48.342+0800: 351419.994: [GC (Allocation Failure) [PSYoungGen: 518112K->3968K(515072K)] 841529K->332667K(1039360K), 0.0253179 secs] [Times: user=0.08 sys=0.01, real=0.02 secs] 
2021-05-18T11:13:08.845+0800: 351740.497: [GC (Allocation Failure) [PSYoungGen: 512896K->2624K(516608K)] 841595K->333561K(1040896K), 0.0248644 secs] [Times: user=0.07 sys=0.00, real=0.02 secs] 
2021-05-18T11:18:33.417+0800: 352065.069: [GC (Allocation Failure) [PSYoungGen: 511552K->4288K(516608K)] 842489K->336513K(1040896K), 0.0402245 secs] [Times: user=0.07 sys=0.00, real=0.04 secs] 
2021-05-18T11:23:54.336+0800: 352385.988: [GC (Allocation Failure) [PSYoungGen: 513216K->2464K(516608K)] 845441K->337854K(1040896K), 0.0275968 secs] [Times: user=0.06 sys=0.00, real=0.03 secs] 
2021-05-18T11:29:10.398+0800: 352702.050: [GC (Allocation Failure) [PSYoungGen: 511392K->3744K(517120K)] 846782K->340349K(1041408K), 0.0259324 secs] [Times: user=0.06 sys=0.01, real=0.03 secs] 
2021-05-18T11:34:28.633+0800: 353020.285: [GC (Allocation Failure) [PSYoungGen: 513184K->5216K(516608K)] 849789K->344275K(1040896K), 0.0256400 secs] [Times: user=0.07 sys=0.00, real=0.02 secs] 
2021-05-18T11:39:46.364+0800: 353338.016: [GC (Allocation Failure) [PSYoungGen: 514656K->4512K(517120K)] 853715K->347208K(1041408K), 0.0246633 secs] [Times: user=0.06 sys=0.00, real=0.02 secs] 
2021-05-18T11:45:06.499+0800: 353658.151: [GC (Allocation Failure) [PSYoungGen: 514464K->4928K(517120K)] 857160K->351045K(1041408K), 0.0245323 secs] [Times: user=0.06 sys=0.00, real=0.03 secs] 
2021-05-18T11:50:26.255+0800: 353977.907: [GC (Allocation Failure) [PSYoungGen: 514880K->2656K(517120K)] 860997K->352665K(1041408K), 0.0225418 secs] [Times: user=0.03 sys=0.03, real=0.02 secs] 
2021-05-18T11:55:42.471+0800: 354294.123: [GC (Allocation Failure) [PSYoungGen: 512608K->3904K(517120K)] 862617K->355392K(1041408K), 0.0275470 secs] [Times: user=0.07 sys=0.00, real=0.03 secs] 
2021-05-18T12:00:58.852+0800: 354610.504: [GC (Allocation Failure) [PSYoungGen: 513856K->6496K(516096K)] 865344K->360662K(1040384K), 0.0468493 secs] [Times: user=0.06 sys=0.00, real=0.04 secs] 
2021-05-18T12:06:18.768+0800: 354930.420: [GC (Allocation Failure) [PSYoungGen: 515424K->4640K(516608K)] 869590K->364160K(1040896K), 0.0256578 secs] [Times: user=0.08 sys=0.00, real=0.03 secs] 
2021-05-18T12:11:39.199+0800: 355250.851: [GC (Allocation Failure) [PSYoungGen: 513568K->5568K(516608K)] 873088K->368078K(1040896K), 0.0450604 secs] [Times: user=0.07 sys=0.01, real=0.05 secs] 
2021-05-18T12:16:59.186+0800: 355570.838: [GC (Allocation Failure) [PSYoungGen: 514496K->4704K(516608K)] 877006K->371666K(1040896K), 0.0295711 secs] [Times: user=0.07 sys=0.00, real=0.03 secs] 
2021-05-18T12:22:15.486+0800: 355887.138: [GC (Allocation Failure) [PSYoungGen: 513632K->2336K(516608K)] 880594K->372463K(1040896K), 0.0193457 secs] [Times: user=0.06 sys=0.00, real=0.02 secs] 
2021-05-18T12:27:38.950+0800: 356210.602: [GC (Allocation Failure) [PSYoungGen: 511264K->2240K(516608K)] 881391K->373375K(1040896K), 0.0213561 secs] [Times: user=0.07 sys=0.00, real=0.02 secs] 
2021-05-18T12:32:59.445+0800: 356531.097: [GC (Allocation Failure) [PSYoungGen: 511168K->2272K(516608K)] 882303K->374367K(1040896K), 0.0227843 secs] [Times: user=0.07 sys=0.00, real=0.02 secs] 
2021-05-18T12:38:20.502+0800: 356852.154: [GC (Allocation Failure) [PSYoungGen: 511200K->2816K(516608K)] 883295K->375855K(1040896K), 0.0238905 secs] [Times: user=0.03 sys=0.03, real=0.02 secs] 
2021-05-18T12:43:45.998+0800: 357177.650: [GC (Allocation Failure) [PSYoungGen: 511744K->2304K(517120K)] 884783K->376854K(1041408K), 0.0238915 secs] [Times: user=0.07 sys=0.01, real=0.03 secs] 
2021-05-18T12:49:07.912+0800: 357499.564: [GC (Allocation Failure) [PSYoungGen: 512256K->3840K(517120K)] 886806K->379342K(1041408K), 0.0312269 secs] [Times: user=0.07 sys=0.00, real=0.04 secs] 
2021-05-18T12:54:24.772+0800: 357816.424: [GC (Allocation Failure) [PSYoungGen: 513792K->2304K(517120K)] 889294K->380524K(1041408K), 0.0216350 secs] [Times: user=0.06 sys=0.00, real=0.03 secs] 
2021-05-18T12:59:43.919+0800: 358135.572: [GC (Allocation Failure) [PSYoungGen: 512256K->2368K(517120K)] 890476K->381604K(1041408K), 0.0223070 secs] [Times: user=0.07 sys=0.00, real=0.02 secs] 
2021-05-18T13:05:06.596+0800: 358458.248: [GC (Allocation Failure) [PSYoungGen: 512320K->3552K(517632K)] 891556K->383732K(1041920K), 0.0211838 secs] [Times: user=0.07 sys=0.00, real=0.02 secs] 
2021-05-18T13:10:30.029+0800: 358781.681: [GC (Allocation Failure) [PSYoungGen: 514528K->4352K(517632K)] 894708K->386882K(1041920K), 0.0267926 secs] [Times: user=0.07 sys=0.00, real=0.03 secs] 
2021-05-18T13:15:50.725+0800: 359102.377: [GC (Allocation Failure) [PSYoungGen: 515328K->2176K(517632K)] 897858K->387391K(1041920K), 0.0203863 secs] [Times: user=0.06 sys=0.00, real=0.02 secs] 
2021-05-18T13:21:11.806+0800: 359423.458: [GC (Allocation Failure) [PSYoungGen: 513152K->3680K(517632K)] 898367K->389711K(1041920K), 0.0224969 secs] [Times: user=0.06 sys=0.00, real=0.02 secs] 
2021-05-18T13:26:33.298+0800: 359744.950: [GC (Allocation Failure) [PSYoungGen: 514656K->3648K(518144K)] 900687K->392125K(1042432K), 0.0270161 secs] [Times: user=0.08 sys=0.01, real=0.03 secs] 
2021-05-18T13:31:54.966+0800: 360066.618: [GC (Allocation Failure) [PSYoungGen: 515648K->3744K(518144K)] 904125K->394659K(1042432K), 0.0473300 secs] [Times: user=0.07 sys=0.00, real=0.05 secs] 
2021-05-18T13:37:18.193+0800: 360389.845: [GC (Allocation Failure) [PSYoungGen: 515744K->6112K(515072K)] 906659K->399785K(1039360K), 0.0278172 secs] [Times: user=0.08 sys=0.00, real=0.02 secs] 
2021-05-18T13:42:43.959+0800: 360715.611: [GC (Allocation Failure) [PSYoungGen: 515040K->2944K(516608K)] 908713K->401564K(1040896K), 0.0247298 secs] [Times: user=0.06 sys=0.00, real=0.03 secs] 
2021-05-18T13:48:04.259+0800: 361035.911: [GC (Allocation Failure) [PSYoungGen: 511872K->2752K(516608K)] 910492K->403123K(1040896K), 0.0305070 secs] [Times: user=0.06 sys=0.00, real=0.03 secs] 
2021-05-18T13:53:24.968+0800: 361356.620: [GC (Allocation Failure) [PSYoungGen: 511680K->3584K(516608K)] 912051K->405395K(1040896K), 0.0249442 secs] [Times: user=0.08 sys=0.00, real=0.03 secs] 
2021-05-18T13:58:45.476+0800: 361677.128: [GC (Allocation Failure) [PSYoungGen: 512512K->3200K(517120K)] 914323K->407481K(1041408K), 0.0256485 secs] [Times: user=0.07 sys=0.00, real=0.03 secs] 
2021-05-18T14:04:06.109+0800: 361997.761: [GC (Allocation Failure) [PSYoungGen: 513152K->2304K(517120K)] 917433K->408511K(1041408K), 0.0255547 secs] [Times: user=0.08 sys=0.00, real=0.03 secs] 
2021-05-18T14:09:26.475+0800: 362318.127: [GC (Allocation Failure) [PSYoungGen: 512256K->2912K(517632K)] 918463K->409975K(1041920K), 0.0243390 secs] [Times: user=0.07 sys=0.00, real=0.02 secs] 
2021-05-18T14:14:45.641+0800: 362637.293: [GC (Allocation Failure) [PSYoungGen: 513888K->2912K(517632K)] 920951K->411127K(1041920K), 0.0251230 secs] [Times: user=0.07 sys=0.00, real=0.03 secs] 
2021-05-18T14:20:08.393+0800: 362960.045: [GC (Allocation Failure) [PSYoungGen: 513888K->3680K(518144K)] 922103K->413670K(1042432K), 0.0209544 secs] [Times: user=0.06 sys=0.00, real=0.02 secs] 
2021-05-18T14:25:35.787+0800: 363287.439: [GC (Allocation Failure) [PSYoungGen: 515168K->4032K(517632K)] 925158K->416451K(1041920K), 0.0189236 secs] [Times: user=0.05 sys=0.00, real=0.02 secs] 
2021-05-18T14:30:59.502+0800: 363611.154: [GC (Allocation Failure) [PSYoungGen: 515520K->3680K(518144K)] 927939K->419017K(1042432K), 0.0191794 secs] [Times: user=0.06 sys=0.00, real=0.02 secs] 
2021-05-18T14:36:24.918+0800: 363936.570: [GC (Allocation Failure) [PSYoungGen: 515680K->3584K(518144K)] 931017K->421335K(1042432K), 0.0199465 secs] [Times: user=0.06 sys=0.00, real=0.02 secs] 
2021-05-18T14:41:52.059+0800: 364263.711: [GC (Allocation Failure) [PSYoungGen: 515584K->2240K(518656K)] 933335K->422245K(1042944K), 0.0199169 secs] [Times: user=0.06 sys=0.00, real=0.02 secs] 
2021-05-18T14:47:17.148+0800: 364588.800: [GC (Allocation Failure) [PSYoungGen: 515264K->2240K(518656K)] 935269K->423245K(1042944K), 0.0170668 secs] [Times: user=0.05 sys=0.00, real=0.02 secs] 
2021-05-18T14:52:40.292+0800: 364911.944: [GC (Allocation Failure) [PSYoungGen: 515264K->3072K(518656K)] 936269K->425037K(1042944K), 0.0215911 secs] [Times: user=0.06 sys=0.00, real=0.03 secs] 
2021-05-18T14:58:00.937+0800: 365232.589: [GC (Allocation Failure) [PSYoungGen: 516096K->4128K(518656K)] 938061K->427948K(1042944K), 0.0179503 secs] [Times: user=0.06 sys=0.00, real=0.02 secs] 
2021-05-18T15:03:28.046+0800: 365559.698: [GC (Allocation Failure) [PSYoungGen: 517152K->2304K(518656K)] 940972K->429257K(1042944K), 0.0194490 secs] [Times: user=0.05 sys=0.00, real=0.02 secs] 
2021-05-18T15:08:51.692+0800: 365883.344: [GC (Allocation Failure) [PSYoungGen: 515328K->3040K(518656K)] 942281K->430865K(1042944K), 0.0197939 secs] [Times: user=0.05 sys=0.00, real=0.02 secs] 
2021-05-18T15:14:16.265+0800: 366207.917: [GC (Allocation Failure) [PSYoungGen: 516064K->2752K(518656K)] 943889K->431793K(1042944K), 0.0206729 secs] [Times: user=0.06 sys=0.00, real=0.02 secs] 
2021-05-18T15:19:32.578+0800: 366524.230: [GC (Allocation Failure) [PSYoungGen: 515776K->4864K(518656K)] 944817K->435424K(1042944K), 0.0177592 secs] [Times: user=0.05 sys=0.00, real=0.02 secs] 
2021-05-18T15:24:54.092+0800: 366845.744: [GC (Allocation Failure) [PSYoungGen: 517888K->5632K(513536K)] 948448K->440303K(1037824K), 0.0185251 secs] [Times: user=0.06 sys=0.00, real=0.01 secs] 
2021-05-18T15:30:08.539+0800: 367160.191: [GC (Allocation Failure) [PSYoungGen: 513536K->5120K(516096K)] 948207K->445353K(1040384K), 0.0188276 secs] [Times: user=0.06 sys=0.00, real=0.02 secs] 
2021-05-18T15:35:27.305+0800: 367478.957: [GC (Allocation Failure) [PSYoungGen: 513024K->3104K(516608K)] 953257K->447412K(1040896K), 0.0282795 secs] [Times: user=0.06 sys=0.00, real=0.03 secs] 
2021-05-18T15:40:44.462+0800: 367796.114: [GC (Allocation Failure) [PSYoungGen: 511520K->2400K(516096K)] 955828K->448548K(1040384K), 0.0329236 secs] [Times: user=0.06 sys=0.00, real=0.04 secs] 
2021-05-18T15:46:00.468+0800: 368112.120: [GC (Allocation Failure) [PSYoungGen: 510816K->2496K(516608K)] 956964K->449843K(1040896K), 0.0183232 secs] [Times: user=0.05 sys=0.00, real=0.02 secs] 
2021-05-18T15:51:16.585+0800: 368428.237: [GC (Allocation Failure) [PSYoungGen: 511424K->3488K(516608K)] 958771K->452011K(1040896K), 0.0173153 secs] [Times: user=0.05 sys=0.00, real=0.02 secs] 
2021-05-18T15:56:01.777+0800: 368713.429: [GC (Allocation Failure) [PSYoungGen: 512416K->4437K(517120K)] 960939K->455190K(1041408K), 0.0166774 secs] [Times: user=0.02 sys=0.02, real=0.02 secs] 
2021-05-18T16:00:20.460+0800: 368972.112: [GC (Allocation Failure) [PSYoungGen: 514354K->3608K(517120K)] 965108K->457595K(1041408K), 0.0227534 secs] [Times: user=0.07 sys=0.00, real=0.03 secs] 
2021-05-18T16:04:31.372+0800: 369223.024: [GC (Allocation Failure) [PSYoungGen: 513560K->3056K(517632K)] 967547K->459283K(1041920K), 0.0269580 secs] [Times: user=0.07 sys=0.01, real=0.03 secs] 
2021-05-18T16:08:51.743+0800: 369483.395: [GC (Allocation Failure) [PSYoungGen: 513520K->2880K(517120K)] 969747K->460816K(1041408K), 0.0223963 secs] [Times: user=0.05 sys=0.00, real=0.02 secs] 
2021-05-18T16:13:16.830+0800: 369748.482: [GC (Allocation Failure) [PSYoungGen: 513344K->1888K(517632K)] 971280K->461043K(1041920K), 0.0177394 secs] [Times: user=0.05 sys=0.00, real=0.02 secs] 
2021-05-18T16:17:41.904+0800: 370013.556: [GC (Allocation Failure) [PSYoungGen: 512864K->2080K(517632K)] 972019K->461971K(1041920K), 0.0171726 secs] [Times: user=0.03 sys=0.03, real=0.01 secs] 
2021-05-18T16:22:03.040+0800: 370274.692: [GC (Allocation Failure) [PSYoungGen: 513056K->3584K(518144K)] 972947K->464315K(1042432K), 0.0236694 secs] [Times: user=0.06 sys=0.00, real=0.03 secs] 
2021-05-18T16:27:19.450+0800: 370591.102: [GC (Allocation Failure) [PSYoungGen: 515072K->4224K(517632K)] 975803K->467050K(1041920K), 0.0191061 secs] [Times: user=0.06 sys=0.00, real=0.02 secs] 
2021-05-18T16:32:38.852+0800: 370910.504: [GC (Allocation Failure) [PSYoungGen: 515712K->2976K(518144K)] 978538K->468963K(1042432K), 0.0233703 secs] [Times: user=0.06 sys=0.00, real=0.02 secs] 
2021-05-18T16:37:59.021+0800: 371230.673: [GC (Allocation Failure) [PSYoungGen: 514464K->2656K(517632K)] 980451K->470290K(1041920K), 0.0179989 secs] [Times: user=0.03 sys=0.03, real=0.02 secs] 
2021-05-18T16:43:15.035+0800: 371546.687: [GC (Allocation Failure) [PSYoungGen: 514144K->3456K(518656K)] 981778K->472362K(1042944K), 0.0188614 secs] [Times: user=0.06 sys=0.00, real=0.02 secs] 
2021-05-18T16:48:35.508+0800: 371867.160: [GC (Allocation Failure) [PSYoungGen: 515968K->2304K(518144K)] 984874K->473368K(1042432K), 0.0209463 secs] [Times: user=0.06 sys=0.00, real=0.02 secs] 
2021-05-18T16:53:55.522+0800: 372187.174: [GC (Allocation Failure) [PSYoungGen: 514816K->3264K(518656K)] 985880K->475312K(1042944K), 0.0197707 secs] [Times: user=0.06 sys=0.00, real=0.02 secs] 
2021-05-18T16:59:15.790+0800: 372507.442: [GC (Allocation Failure) [PSYoungGen: 516288K->2976K(518656K)] 988336K->477071K(1042944K), 0.0184553 secs] [Times: user=0.03 sys=0.03, real=0.02 secs] 
2021-05-18T17:04:33.347+0800: 372824.999: [GC (Allocation Failure) [PSYoungGen: 516000K->3008K(519168K)] 990095K->478790K(1043456K), 0.0238839 secs] [Times: user=0.07 sys=0.00, real=0.02 secs] 
2021-05-18T17:09:53.153+0800: 373144.805: [GC (Allocation Failure) [PSYoungGen: 516544K->3104K(518656K)] 992326K->480445K(1042944K), 0.0208044 secs] [Times: user=0.07 sys=0.00, real=0.02 secs] 
2021-05-18T17:15:22.385+0800: 373474.037: [GC (Allocation Failure) [PSYoungGen: 516640K->2208K(519168K)] 993981K->480581K(1043456K), 0.0413190 secs] [Times: user=0.06 sys=0.00, real=0.04 secs] 
2021-05-18T17:20:42.597+0800: 373794.249: [GC (Allocation Failure) [PSYoungGen: 516256K->3168K(519168K)] 994629K->482405K(1043456K), 0.0247219 secs] [Times: user=0.05 sys=0.00, real=0.02 secs] 
2021-05-18T17:26:03.974+0800: 374115.626: [GC (Allocation Failure) [PSYoungGen: 517216K->3392K(519168K)] 996453K->484588K(1043456K), 0.0190457 secs] [Times: user=0.06 sys=0.00, real=0.02 secs] 
2021-05-18T17:31:25.682+0800: 374437.334: [GC (Allocation Failure) [PSYoungGen: 517440K->2688K(519168K)] 998636K->486050K(1043456K), 0.0193532 secs] [Times: user=0.07 sys=0.00, real=0.02 secs] 
2021-05-18T17:36:46.535+0800: 374758.187: [GC (Allocation Failure) [PSYoungGen: 516736K->3360K(519680K)] 1000098K->488153K(1043968K), 0.0220088 secs] [Times: user=0.05 sys=0.00, real=0.02 secs] 
2021-05-18T17:42:10.990+0800: 375082.642: [GC (Allocation Failure) [PSYoungGen: 518432K->2304K(519680K)] 1003225K->489128K(1043968K), 0.0181270 secs] [Times: user=0.05 sys=0.00, real=0.02 secs] 
2021-05-18T17:47:34.989+0800: 375406.641: [GC (Allocation Failure) [PSYoungGen: 517376K->2912K(519680K)] 1004200K->490720K(1043968K), 0.0169461 secs] [Times: user=0.05 sys=0.00, real=0.02 secs] 
2021-05-18T17:52:56.840+0800: 375728.492: [GC (Allocation Failure) [PSYoungGen: 517984K->3616K(519680K)] 1005792K->493135K(1043968K), 0.0201037 secs] [Times: user=0.06 sys=0.00, real=0.02 secs] 
2021-05-18T17:58:21.533+0800: 376053.185: [GC (Allocation Failure) [PSYoungGen: 518688K->4512K(518656K)] 1008207K->496494K(1042944K), 0.0211701 secs] [Times: user=0.06 sys=0.00, real=0.02 secs] 
2021-05-18T18:03:42.692+0800: 376374.344: [GC (Allocation Failure) [PSYoungGen: 518560K->2944K(519168K)] 1010542K->498330K(1043456K), 0.0197499 secs] [Times: user=0.06 sys=0.00, real=0.02 secs] 
2021-05-18T18:09:03.212+0800: 376694.864: [GC (Allocation Failure) [PSYoungGen: 516992K->5088K(516096K)] 1012378K->503089K(1040384K), 0.0186911 secs] [Times: user=0.06 sys=0.00, real=0.02 secs] 
2021-05-18T18:14:22.978+0800: 377014.630: [GC (Allocation Failure) [PSYoungGen: 516064K->3360K(517632K)] 1014065K->505565K(1041920K), 0.0209643 secs] [Times: user=0.06 sys=0.00, real=0.02 secs] 
2021-05-18T18:19:43.311+0800: 377334.963: [GC (Allocation Failure) [PSYoungGen: 514336K->2272K(518144K)] 1016541K->506707K(1042432K), 0.0176898 secs] [Times: user=0.05 sys=0.00, real=0.02 secs] 
2021-05-18T18:25:03.963+0800: 377655.615: [GC (Allocation Failure) [PSYoungGen: 514272K->3840K(518144K)] 1018707K->509235K(1042432K), 0.0248963 secs] [Times: user=0.06 sys=0.00, real=0.02 secs] 
2021-05-18T18:30:28.039+0800: 377979.691: [GC (Allocation Failure) [PSYoungGen: 515840K->2880K(518144K)] 1021235K->511025K(1042432K), 0.0189728 secs] [Times: user=0.06 sys=0.00, real=0.02 secs] 
2021-05-18T18:35:49.907+0800: 378301.559: [GC (Allocation Failure) [PSYoungGen: 514880K->3616K(518144K)] 1023025K->513424K(1042432K), 0.0247836 secs] [Times: user=0.06 sys=0.00, real=0.02 secs] 
2021-05-18T18:41:08.376+0800: 378620.028: [GC (Allocation Failure) [PSYoungGen: 515616K->2496K(518656K)] 1025424K->514646K(1042944K), 0.0182671 secs] [Times: user=0.06 sys=0.00, real=0.02 secs] 
2021-05-18T18:46:30.898+0800: 378942.550: [GC (Allocation Failure) [PSYoungGen: 515520K->2976K(518656K)] 1027670K->516326K(1042944K), 0.0210241 secs] [Times: user=0.06 sys=0.00, real=0.02 secs] 
2021-05-18T18:51:52.103+0800: 379263.755: [GC (Allocation Failure) [PSYoungGen: 516000K->3040K(518656K)] 1029350K->518085K(1042944K), 0.0195123 secs] [Times: user=0.02 sys=0.03, real=0.02 secs] 
2021-05-18T18:57:12.516+0800: 379584.168: [GC (Allocation Failure) [PSYoungGen: 516064K->4128K(518656K)] 1031109K->520908K(1042944K), 0.0193234 secs] [Times: user=0.06 sys=0.00, real=0.02 secs] 
2021-05-18T19:02:34.792+0800: 379906.444: [GC (Allocation Failure) [PSYoungGen: 517150K->3091K(518656K)] 1033930K->522781K(1042944K), 0.0219069 secs] [Times: user=0.07 sys=0.00, real=0.02 secs] 
2021-05-18T19:07:55.946+0800: 380227.598: [GC (Allocation Failure) [PSYoungGen: 516115K->3104K(518656K)] 1035805K->524459K(1042944K), 0.0213782 secs] [Times: user=0.06 sys=0.00, real=0.02 secs] 
2021-05-18T19:07:55.968+0800: 380227.620: [Full GC (Ergonomics) [PSYoungGen: 3104K->0K(518656K)] [ParOldGen: 521355K->237801K(524288K)] 524459K->237801K(1042944K), [Metaspace: 94948K->94936K(1136640K)], 0.4812599 secs] [Times: user=1.03 sys=0.00, real=0.48 secs] 
2021-05-18T19:13:18.001+0800: 380549.653: [GC (Allocation Failure) [PSYoungGen: 513024K->3072K(519168K)] 750825K->240873K(1043456K), 0.0193422 secs] [Times: user=0.05 sys=0.00, real=0.02 secs] 
2021-05-18T19:18:38.385+0800: 380870.037: [GC (Allocation Failure) [PSYoungGen: 517120K->2496K(519168K)] 754921K->242088K(1043456K), 0.0186692 secs] [Times: user=0.02 sys=0.03, real=0.02 secs] 
2021-05-18T19:23:59.701+0800: 381191.353: [GC (Allocation Failure) [PSYoungGen: 516544K->2912K(519168K)] 756136K->243704K(1043456K), 0.0196237 secs] [Times: user=0.02 sys=0.03, real=0.02 secs] 
2021-05-18T19:29:25.148+0800: 381516.800: [GC (Allocation Failure) [PSYoungGen: 516960K->3680K(519168K)] 757752K->246143K(1043456K), 0.0167325 secs] [Times: user=0.02 sys=0.02, real=0.02 secs] 
2021-05-18T19:34:53.017+0800: 381844.669: [GC (Allocation Failure) [PSYoungGen: 517728K->4128K(519168K)] 760191K->249061K(1043456K), 0.0170626 secs] [Times: user=0.05 sys=0.00, real=0.02 secs] 
2021-05-18T19:40:15.425+0800: 382167.077: [GC (Allocation Failure) [PSYoungGen: 518176K->2624K(519168K)] 763109K->250522K(1043456K), 0.0174317 secs] [Times: user=0.05 sys=0.00, real=0.02 secs] 
2021-05-18T19:45:39.113+0800: 382490.766: [GC (Allocation Failure) [PSYoungGen: 516672K->2688K(519168K)] 764570K->251826K(1043456K), 0.0185086 secs] [Times: user=0.05 sys=0.00, real=0.02 secs] 
2021-05-18T19:50:59.175+0800: 382810.827: [GC (Allocation Failure) [PSYoungGen: 516736K->2720K(519168K)] 765874K->253322K(1043456K), 0.0166536 secs] [Times: user=0.05 sys=0.00, real=0.01 secs] 
2021-05-18T19:56:17.600+0800: 383129.252: [GC (Allocation Failure) [PSYoungGen: 516768K->3360K(519168K)] 767370K->255409K(1043456K), 0.0190538 secs] [Times: user=0.06 sys=0.00, real=0.02 secs] 
2021-05-18T20:01:42.113+0800: 383453.765: [GC (Allocation Failure) [PSYoungGen: 517408K->3168K(519168K)] 769457K->257392K(1043456K), 0.0190486 secs] [Times: user=0.06 sys=0.00, real=0.02 secs] 
2021-05-18T20:07:03.306+0800: 383774.958: [GC (Allocation Failure) [PSYoungGen: 517216K->4448K(518656K)] 771440K->260527K(1042944K), 0.0194369 secs] [Times: user=0.06 sys=0.00, real=0.02 secs] 
2021-05-18T20:12:26.073+0800: 384097.725: [GC (Allocation Failure) [PSYoungGen: 518496K->2208K(519168K)] 774575K->261021K(1043456K), 0.0182406 secs] [Times: user=0.06 sys=0.00, real=0.01 secs] 
2021-05-18T20:17:48.376+0800: 384420.029: [GC (Allocation Failure) [PSYoungGen: 516256K->2272K(519168K)] 775069K->261925K(1043456K), 0.0181592 secs] [Times: user=0.05 sys=0.00, real=0.02 secs] 
2021-05-18T20:23:09.513+0800: 384741.165: [GC (Allocation Failure) [PSYoungGen: 516320K->2304K(519168K)] 775973K->262917K(1043456K), 0.0188417 secs] [Times: user=0.02 sys=0.03, real=0.01 secs] 
2021-05-18T20:28:30.550+0800: 385062.202: [GC (Allocation Failure) [PSYoungGen: 516352K->2944K(519168K)] 776965K->264517K(1043456K), 0.0194550 secs] [Times: user=0.03 sys=0.03, real=0.02 secs] 
2021-05-18T20:33:48.170+0800: 385379.822: [GC (Allocation Failure) [PSYoungGen: 516992K->3232K(519168K)] 778565K->266484K(1043456K), 0.0154907 secs] [Times: user=0.05 sys=0.00, real=0.02 secs] 
2021-05-18T20:39:05.144+0800: 385696.796: [GC (Allocation Failure) [PSYoungGen: 517280K->2912K(519680K)] 780532K->268163K(1043968K), 0.0268009 secs] [Times: user=0.05 sys=0.00, real=0.02 secs] 
2021-05-18T20:44:35.561+0800: 386027.213: [GC (Allocation Failure) [PSYoungGen: 517984K->2304K(519680K)] 783235K->269034K(1043968K), 0.0208174 secs] [Times: user=0.06 sys=0.00, real=0.02 secs] 
2021-05-18T20:49:53.927+0800: 386345.580: [GC (Allocation Failure) [PSYoungGen: 517376K->3648K(519680K)] 784106K->271346K(1043968K), 0.0184325 secs] [Times: user=0.05 sys=0.00, real=0.02 secs] 
2021-05-18T20:55:11.702+0800: 386663.354: [GC (Allocation Failure) [PSYoungGen: 518720K->4160K(519680K)] 786418K->274265K(1043968K), 0.0501113 secs] [Times: user=0.08 sys=0.01, real=0.05 secs] 
2021-05-18T21:00:33.684+0800: 386985.337: [GC (Allocation Failure) [PSYoungGen: 519232K->2752K(518656K)] 789337K->275862K(1042944K), 0.0184338 secs] [Times: user=0.06 sys=0.00, real=0.02 secs] 
2021-05-18T21:05:53.460+0800: 387305.112: [GC (Allocation Failure) [PSYoungGen: 516800K->3584K(519168K)] 789910K->278141K(1043456K), 0.0336701 secs] [Times: user=0.07 sys=0.00, real=0.04 secs] 
2021-05-18T21:11:18.865+0800: 387630.517: [GC (Allocation Failure) [PSYoungGen: 517630K->3392K(519168K)] 792188K->280068K(1043456K), 0.0199098 secs] [Times: user=0.05 sys=0.00, real=0.02 secs] 
2021-05-18T21:16:42.432+0800: 387954.084: [GC (Allocation Failure) [PSYoungGen: 517440K->3040K(519168K)] 794116K->281354K(1043456K), 0.0161405 secs] [Times: user=0.05 sys=0.00, real=0.01 secs] 
2021-05-18T21:22:10.084+0800: 388281.736: [GC (Allocation Failure) [PSYoungGen: 517088K->2336K(519680K)] 795402K->282393K(1043968K), 0.0194930 secs] [Times: user=0.06 sys=0.00, real=0.02 secs] 
2021-05-18T21:27:30.654+0800: 388602.306: [GC (Allocation Failure) [PSYoungGen: 517408K->2912K(519680K)] 797465K->284029K(1043968K), 0.0178615 secs] [Times: user=0.05 sys=0.00, real=0.02 secs] 
2021-05-18T21:32:55.219+0800: 388926.871: [GC (Allocation Failure) [PSYoungGen: 517984K->2720K(519680K)] 799101K->285548K(1043968K), 0.0198086 secs] [Times: user=0.05 sys=0.00, real=0.02 secs] 
2021-05-18T21:38:21.518+0800: 389253.170: [GC (Allocation Failure) [PSYoungGen: 517792K->3360K(519680K)] 800620K->287611K(1043968K), 0.0186001 secs] [Times: user=0.06 sys=0.00, real=0.02 secs] 
2021-05-18T21:43:42.105+0800: 389573.757: [GC (Allocation Failure) [PSYoungGen: 518432K->4480K(518656K)] 802683K->290738K(1042944K), 0.0174202 secs] [Times: user=0.06 sys=0.00, real=0.02 secs] 
2021-05-18T21:49:04.730+0800: 389896.382: [GC (Allocation Failure) [PSYoungGen: 518528K->3072K(519168K)] 804786K->292727K(1043456K), 0.0187464 secs] [Times: user=0.06 sys=0.00, real=0.02 secs] 
2021-05-18T21:54:27.952+0800: 390219.604: [GC (Allocation Failure) [PSYoungGen: 517120K->2432K(519680K)] 806775K->294054K(1043968K), 0.0165808 secs] [Times: user=0.05 sys=0.00, real=0.01 secs] 
2021-05-18T21:59:51.873+0800: 390543.525: [GC (Allocation Failure) [PSYoungGen: 517504K->4032K(519168K)] 809126K->296901K(1043456K), 0.0175832 secs] [Times: user=0.05 sys=0.00, real=0.01 secs] 
2021-05-18T22:05:10.635+0800: 390862.287: [GC (Allocation Failure) [PSYoungGen: 519101K->3424K(519168K)] 811971K->299227K(1043456K), 0.0202771 secs] [Times: user=0.05 sys=0.00, real=0.02 secs] 
2021-05-18T22:10:29.494+0800: 391181.146: [GC (Allocation Failure) [PSYoungGen: 517472K->4352K(519168K)] 813275K->302233K(1043456K), 0.0192986 secs] [Times: user=0.05 sys=0.00, real=0.02 secs] 
2021-05-18T22:15:59.627+0800: 391511.279: [GC (Allocation Failure) [PSYoungGen: 518400K->2144K(519168K)] 816281K->302686K(1043456K), 0.0257541 secs] [Times: user=0.06 sys=0.00, real=0.03 secs] 
2021-05-18T22:21:20.160+0800: 391831.812: [GC (Allocation Failure) [PSYoungGen: 516192K->4160K(518656K)] 816734K->305550K(1042944K), 0.0277618 secs] [Times: user=0.06 sys=0.00, real=0.03 secs] 
2021-05-18T22:26:43.309+0800: 392154.961: [GC (Allocation Failure) [PSYoungGen: 518208K->3104K(519168K)] 819598K->307515K(1043456K), 0.0165735 secs] [Times: user=0.05 sys=0.00, real=0.02 secs] 
2021-05-18T22:32:06.182+0800: 392477.834: [GC (Allocation Failure) [PSYoungGen: 516640K->2688K(518656K)] 821051K->309050K(1042944K), 0.0227655 secs] [Times: user=0.06 sys=0.00, real=0.03 secs] 
2021-05-18T22:37:30.996+0800: 392802.648: [GC (Allocation Failure) [PSYoungGen: 516224K->3392K(519168K)] 822586K->311201K(1043456K), 0.0165451 secs] [Times: user=0.03 sys=0.02, real=0.02 secs] 
2021-05-18T22:42:50.848+0800: 393122.500: [GC (Allocation Failure) [PSYoungGen: 517440K->2656K(519168K)] 825249K->312464K(1043456K), 0.0170842 secs] [Times: user=0.04 sys=0.00, real=0.02 secs] 
2021-05-18T22:48:17.586+0800: 393449.238: [GC (Allocation Failure) [PSYoungGen: 516704K->2432K(519168K)] 826512K->313687K(1043456K), 0.0222119 secs] [Times: user=0.05 sys=0.00, real=0.02 secs] 
2021-05-18T22:53:43.214+0800: 393774.866: [GC (Allocation Failure) [PSYoungGen: 516480K->2400K(519168K)] 827735K->314863K(1043456K), 0.0233901 secs] [Times: user=0.05 sys=0.00, real=0.02 secs] 
2021-05-18T22:59:12.842+0800: 394104.494: [GC (Allocation Failure) [PSYoungGen: 516448K->2336K(519168K)] 828911K->315823K(1043456K), 0.0177013 secs] [Times: user=0.05 sys=0.00, real=0.02 secs] 
2021-05-18T23:04:39.168+0800: 394430.820: [GC (Allocation Failure) [PSYoungGen: 516383K->2336K(519168K)] 829871K->316799K(1043456K), 0.0188113 secs] [Times: user=0.03 sys=0.03, real=0.02 secs] 
2021-05-18T23:10:08.333+0800: 394759.985: [GC (Allocation Failure) [PSYoungGen: 516384K->3776K(518656K)] 830847K->319127K(1042944K), 0.0190307 secs] [Times: user=0.07 sys=0.00, real=0.01 secs] 
2021-05-18T23:15:31.209+0800: 395082.861: [GC (Allocation Failure) [PSYoungGen: 517824K->2944K(519168K)] 833175K->320302K(1043456K), 0.0284969 secs] [Times: user=0.04 sys=0.00, real=0.03 secs] 
2021-05-18T23:20:56.309+0800: 395407.961: [GC (Allocation Failure) [PSYoungGen: 516992K->2496K(519680K)] 834350K->321660K(1043968K), 0.0167751 secs] [Times: user=0.05 sys=0.00, real=0.02 secs] 
2021-05-18T23:26:16.378+0800: 395728.030: [GC (Allocation Failure) [PSYoungGen: 517568K->3200K(519680K)] 836732K->323604K(1043968K), 0.0166102 secs] [Times: user=0.03 sys=0.02, real=0.02 secs] 
2021-05-18T23:31:42.853+0800: 396054.505: [GC (Allocation Failure) [PSYoungGen: 518272K->3584K(519680K)] 838676K->325899K(1043968K), 0.0188193 secs] [Times: user=0.06 sys=0.00, real=0.01 secs] 
2021-05-18T23:37:07.305+0800: 396378.957: [GC (Allocation Failure) [PSYoungGen: 518656K->4064K(519168K)] 840971K->328809K(1043456K), 0.0206463 secs] [Times: user=0.06 sys=0.00, real=0.02 secs] 
2021-05-18T23:42:31.654+0800: 396703.306: [GC (Allocation Failure) [PSYoungGen: 519136K->2528K(519168K)] 843881K->330039K(1043456K), 0.0170286 secs] [Times: user=0.06 sys=0.00, real=0.01 secs] 
2021-05-18T23:47:57.636+0800: 397029.289: [GC (Allocation Failure) [PSYoungGen: 516576K->2464K(519168K)] 844087K->331191K(1043456K), 0.0214484 secs] [Times: user=0.06 sys=0.00, real=0.02 secs] 
2021-05-18T23:53:20.303+0800: 397351.955: [GC (Allocation Failure) [PSYoungGen: 516512K->2336K(519680K)] 845239K->332286K(1043968K), 0.0181830 secs] [Times: user=0.02 sys=0.03, real=0.01 secs] 
2021-05-18T23:58:39.982+0800: 397671.634: [GC (Allocation Failure) [PSYoungGen: 516896K->4576K(519168K)] 846846K->336118K(1043456K), 0.0234133 secs] [Times: user=0.04 sys=0.00, real=0.02 secs] 
2021-05-19T00:03:53.511+0800: 397985.163: [GC (Allocation Failure) [PSYoungGen: 519136K->3104K(518144K)] 850678K->338730K(1042432K), 0.0245717 secs] [Times: user=0.07 sys=0.00, real=0.03 secs] 
2021-05-19T00:09:11.811+0800: 398303.463: [GC (Allocation Failure) [PSYoungGen: 516128K->4352K(518656K)] 851754K->341657K(1042944K), 0.0215168 secs] [Times: user=0.06 sys=0.00, real=0.03 secs] 
2021-05-19T00:14:30.591+0800: 398622.243: [GC (Allocation Failure) [PSYoungGen: 517376K->5600K(514560K)] 854681K->345752K(1038848K), 0.0203755 secs] [Times: user=0.02 sys=0.03, real=0.02 secs] 
2021-05-19T00:19:45.924+0800: 398937.577: [GC (Allocation Failure) [PSYoungGen: 514528K->7648K(516608K)] 854680K->353318K(1040896K), 0.0228262 secs] [Times: user=0.05 sys=0.00, real=0.02 secs] 
2021-05-19T00:24:58.004+0800: 399249.656: [GC (Allocation Failure) [PSYoungGen: 516576K->7680K(502272K)] 862246K->362976K(1026560K), 0.0188806 secs] [Times: user=0.06 sys=0.00, real=0.02 secs] 
2021-05-19T00:30:02.047+0800: 399553.699: [GC (Allocation Failure) [PSYoungGen: 502272K->8320K(509440K)] 857568K->371536K(1033728K), 0.0398599 secs] [Times: user=0.08 sys=0.01, real=0.04 secs] 
2021-05-19T00:35:16.528+0800: 399868.180: [GC (Allocation Failure) [PSYoungGen: 502912K->3072K(509952K)] 866128K->373056K(1034240K), 0.0227386 secs] [Times: user=0.06 sys=0.00, real=0.02 secs] 
2021-05-19T00:40:27.674+0800: 400179.326: [GC (Allocation Failure) [PSYoungGen: 498176K->2720K(509440K)] 868160K->374455K(1033728K), 0.0255471 secs] [Times: user=0.06 sys=0.00, real=0.02 secs] 
2021-05-19T00:45:38.378+0800: 400490.030: [GC (Allocation Failure) [PSYoungGen: 497824K->4928K(510976K)] 869559K->378127K(1035264K), 0.0213743 secs] [Times: user=0.06 sys=0.00, real=0.02 secs] 
2021-05-19T00:50:52.020+0800: 400803.672: [GC (Allocation Failure) [PSYoungGen: 501568K->4000K(509952K)] 874767K->381051K(1034240K), 0.0190722 secs] [Times: user=0.06 sys=0.00, real=0.02 secs] 
2021-05-19T00:56:06.832+0800: 401118.484: [GC (Allocation Failure) [PSYoungGen: 500640K->3136K(511488K)] 877691K->383104K(1035776K), 0.0261959 secs] [Times: user=0.05 sys=0.00, real=0.03 secs] 
2021-05-19T01:01:19.099+0800: 401430.751: [GC (Allocation Failure) [PSYoungGen: 501824K->4032K(511488K)] 881792K->385983K(1035776K), 0.0167511 secs] [Times: user=0.05 sys=0.00, real=0.02 secs] 
2021-05-19T01:06:29.928+0800: 401741.580: [GC (Allocation Failure) [PSYoungGen: 502720K->4384K(512512K)] 884671K->389148K(1036800K), 0.0200203 secs] [Times: user=0.05 sys=0.00, real=0.02 secs] 
2021-05-19T01:11:45.388+0800: 402057.040: [GC (Allocation Failure) [PSYoungGen: 504608K->2208K(512000K)] 889372K->389557K(1036288K), 0.0245686 secs] [Times: user=0.03 sys=0.03, real=0.03 secs] 
2021-05-19T01:17:04.991+0800: 402376.643: [GC (Allocation Failure) [PSYoungGen: 502432K->2496K(513024K)] 889781K->390685K(1037312K), 0.0181222 secs] [Times: user=0.02 sys=0.03, real=0.02 secs] 
2021-05-19T01:22:17.949+0800: 402689.601: [GC (Allocation Failure) [PSYoungGen: 504256K->4416K(513024K)] 892445K->393813K(1037312K), 0.0173827 secs] [Times: user=0.05 sys=0.00, real=0.02 secs] 
2021-05-19T01:27:31.550+0800: 403003.202: [GC (Allocation Failure) [PSYoungGen: 506176K->4736K(514048K)] 895573K->397498K(1038336K), 0.0202893 secs] [Times: user=0.05 sys=0.00, real=0.02 secs] 
2021-05-19T01:32:51.976+0800: 403323.629: [GC (Allocation Failure) [PSYoungGen: 508544K->3616K(514048K)] 901306K->399999K(1038336K), 0.0197721 secs] [Times: user=0.06 sys=0.00, real=0.02 secs] 
2021-05-19T01:38:07.344+0800: 403638.996: [GC (Allocation Failure) [PSYoungGen: 507424K->4064K(515072K)] 903807K->402869K(1039360K), 0.0190519 secs] [Times: user=0.05 sys=0.00, real=0.02 secs] 
2021-05-19T01:43:27.804+0800: 403959.456: [GC (Allocation Failure) [PSYoungGen: 509408K->2528K(514560K)] 908213K->404043K(1038848K), 0.0223081 secs] [Times: user=0.05 sys=0.00, real=0.02 secs] 
2021-05-19T01:48:43.132+0800: 404274.784: [GC (Allocation Failure) [PSYoungGen: 507872K->2304K(515584K)] 909387K->405002K(1039872K), 0.0185619 secs] [Times: user=0.02 sys=0.03, real=0.02 secs] 
2021-05-19T01:54:01.875+0800: 404593.527: [GC (Allocation Failure) [PSYoungGen: 508672K->3168K(515072K)] 911370K->406858K(1039360K), 0.0192421 secs] [Times: user=0.06 sys=0.00, real=0.02 secs] 
2021-05-19T01:59:24.306+0800: 404915.958: [GC (Allocation Failure) [PSYoungGen: 509536K->2528K(516096K)] 913226K->408193K(1040384K), 0.0199352 secs] [Times: user=0.06 sys=0.00, real=0.02 secs] 
2021-05-19T02:04:44.954+0800: 405236.606: [GC (Allocation Failure) [PSYoungGen: 509920K->2304K(515584K)] 915585K->409169K(1039872K), 0.0218347 secs] [Times: user=0.03 sys=0.03, real=0.02 secs] 
2021-05-19T02:10:03.672+0800: 405555.324: [GC (Allocation Failure) [PSYoungGen: 509696K->4416K(516096K)] 916561K->412153K(1040384K), 0.0199516 secs] [Times: user=0.05 sys=0.00, real=0.02 secs] 
2021-05-19T02:15:24.864+0800: 405876.516: [GC (Allocation Failure) [PSYoungGen: 512320K->3040K(516096K)] 920057K->413047K(1040384K), 0.0238678 secs] [Times: user=0.05 sys=0.00, real=0.02 secs] 
2021-05-19T02:20:45.260+0800: 406196.912: [GC (Allocation Failure) [PSYoungGen: 510944K->2656K(516608K)] 920951K->414446K(1040896K), 0.0208125 secs] [Times: user=0.05 sys=0.00, real=0.02 secs] 
2021-05-19T02:26:08.190+0800: 406519.842: [GC (Allocation Failure) [PSYoungGen: 511584K->2304K(516608K)] 923374K->415549K(1040896K), 0.0163986 secs] [Times: user=0.06 sys=0.00, real=0.02 secs] 
2021-05-19T02:31:26.096+0800: 406837.748: [GC (Allocation Failure) [PSYoungGen: 511232K->4800K(516096K)] 924477K->419037K(1040384K), 0.0243844 secs] [Times: user=0.06 sys=0.00, real=0.02 secs] 
2021-05-19T02:36:43.030+0800: 407154.682: [GC (Allocation Failure) [PSYoungGen: 513728K->4224K(516608K)] 927965K->422057K(1040896K), 0.0209358 secs] [Times: user=0.06 sys=0.00, real=0.02 secs] 
2021-05-19T02:41:58.825+0800: 407470.477: [GC (Allocation Failure) [PSYoungGen: 513147K->4416K(517120K)] 930981K->425247K(1041408K), 0.0228452 secs] [Times: user=0.07 sys=0.00, real=0.02 secs] 
2021-05-19T02:47:18.239+0800: 407789.891: [GC (Allocation Failure) [PSYoungGen: 514368K->3200K(517120K)] 935199K->427412K(1041408K), 0.0242829 secs] [Times: user=0.07 sys=0.00, real=0.03 secs] 
2021-05-19T02:52:35.559+0800: 408107.211: [GC (Allocation Failure) [PSYoungGen: 513152K->2784K(517120K)] 937364K->428923K(1041408K), 0.0192305 secs] [Times: user=0.06 sys=0.00, real=0.02 secs] 
2021-05-19T02:57:54.053+0800: 408425.705: [GC (Allocation Failure) [PSYoungGen: 512736K->2752K(517120K)] 938875K->430378K(1041408K), 0.0219316 secs] [Times: user=0.07 sys=0.00, real=0.02 secs] 
2021-05-19T03:03:13.991+0800: 408745.643: [GC (Allocation Failure) [PSYoungGen: 512704K->3424K(517632K)] 940330K->432497K(1041920K), 0.0233640 secs] [Times: user=0.05 sys=0.00, real=0.03 secs] 
2021-05-19T03:08:35.344+0800: 409066.996: [GC (Allocation Failure) [PSYoungGen: 514400K->3744K(517632K)] 943473K->434895K(1041920K), 0.0311063 secs] [Times: user=0.07 sys=0.00, real=0.03 secs] 
2021-05-19T03:13:54.066+0800: 409385.718: [GC (Allocation Failure) [PSYoungGen: 514720K->3168K(518144K)] 945871K->436055K(1042432K), 0.0346249 secs] [Times: user=0.06 sys=0.00, real=0.03 secs] 
2021-05-19T03:19:11.512+0800: 409703.164: [GC (Allocation Failure) [PSYoungGen: 515168K->4608K(518144K)] 948055K->439493K(1042432K), 0.0286071 secs] [Times: user=0.06 sys=0.00, real=0.03 secs] 
2021-05-19T03:24:29.343+0800: 410020.995: [GC (Allocation Failure) [PSYoungGen: 516608K->4576K(518144K)] 951493K->442795K(1042432K), 0.0369925 secs] [Times: user=0.06 sys=0.00, real=0.03 secs] 
2021-05-19T03:29:52.225+0800: 410343.877: [GC (Allocation Failure) [PSYoungGen: 516576K->2592K(518144K)] 954795K->444215K(1042432K), 0.0254845 secs] [Times: user=0.05 sys=0.00, real=0.02 secs] 
2021-05-19T03:35:07.538+0800: 410659.190: [GC (Allocation Failure) [PSYoungGen: 514592K->2560K(518144K)] 956215K->445439K(1042432K), 0.0366405 secs] [Times: user=0.06 sys=0.00, real=0.04 secs] 
2021-05-19T03:40:25.547+0800: 410977.199: [GC (Allocation Failure) [PSYoungGen: 514560K->2688K(518144K)] 957439K->446775K(1042432K), 0.0213471 secs] [Times: user=0.05 sys=0.00, real=0.02 secs] 
2021-05-19T03:45:44.422+0800: 411296.074: [GC (Allocation Failure) [PSYoungGen: 514688K->3200K(518144K)] 958775K->448519K(1042432K), 0.0172974 secs] [Times: user=0.06 sys=0.00, real=0.02 secs] 
2021-05-19T03:51:05.293+0800: 411616.945: [GC (Allocation Failure) [PSYoungGen: 515200K->2752K(518144K)] 960519K->449997K(1042432K), 0.0234188 secs] [Times: user=0.06 sys=0.00, real=0.02 secs] 
2021-05-19T03:56:26.019+0800: 411937.671: [GC (Allocation Failure) [PSYoungGen: 514752K->4288K(517632K)] 961997K->452989K(1041920K), 0.0204280 secs] [Times: user=0.06 sys=0.00, real=0.02 secs] 
2021-05-19T04:01:46.601+0800: 412258.253: [GC (Allocation Failure) [PSYoungGen: 516288K->4704K(518144K)] 964989K->456602K(1042432K), 0.0206560 secs] [Times: user=0.06 sys=0.00, real=0.02 secs] 
2021-05-19T04:07:00.735+0800: 412572.387: [GC (Allocation Failure) [PSYoungGen: 516704K->4352K(518144K)] 968602K->459575K(1042432K), 0.0275064 secs] [Times: user=0.08 sys=0.00, real=0.03 secs] 
2021-05-19T04:12:19.893+0800: 412891.545: [GC (Allocation Failure) [PSYoungGen: 516352K->3840K(518144K)] 971575K->461565K(1042432K), 0.0420305 secs] [Times: user=0.07 sys=0.00, real=0.04 secs] 
2021-05-19T04:17:43.451+0800: 413215.103: [GC (Allocation Failure) [PSYoungGen: 515840K->2304K(518144K)] 973565K->462571K(1042432K), 0.0187052 secs] [Times: user=0.06 sys=0.00, real=0.02 secs] 
2021-05-19T04:23:02.830+0800: 413534.483: [GC (Allocation Failure) [PSYoungGen: 514304K->2624K(518144K)] 974571K->463859K(1042432K), 0.0192149 secs] [Times: user=0.06 sys=0.00, real=0.02 secs] 
2021-05-19T04:28:24.743+0800: 413856.395: [GC (Allocation Failure) [PSYoungGen: 514624K->2720K(518144K)] 975859K->465194K(1042432K), 0.0169650 secs] [Times: user=0.05 sys=0.00, real=0.01 secs] 
2021-05-19T04:33:44.900+0800: 414176.552: [GC (Allocation Failure) [PSYoungGen: 514720K->3264K(518144K)] 977194K->467186K(1042432K), 0.0216201 secs] [Times: user=0.06 sys=0.00, real=0.03 secs] 
2021-05-19T04:38:59.131+0800: 414490.784: [GC (Allocation Failure) [PSYoungGen: 515264K->4992K(517632K)] 979186K->470832K(1041920K), 0.0169746 secs] [Times: user=0.05 sys=0.00, real=0.02 secs] 
2021-05-19T04:44:13.273+0800: 414804.925: [GC (Allocation Failure) [PSYoungGen: 516992K->3232K(518144K)] 982832K->472765K(1042432K), 0.0195828 secs] [Times: user=0.02 sys=0.02, real=0.02 secs] 
2021-05-19T04:49:30.393+0800: 415122.045: [GC (Allocation Failure) [PSYoungGen: 515232K->2656K(518656K)] 984765K->474075K(1042944K), 0.0228507 secs] [Times: user=0.05 sys=0.00, real=0.02 secs] 
2021-05-19T04:54:46.493+0800: 415438.145: [GC (Allocation Failure) [PSYoungGen: 515168K->3232K(518144K)] 986587K->475883K(1042432K), 0.0180972 secs] [Times: user=0.06 sys=0.00, real=0.01 secs] 
2021-05-19T05:00:02.542+0800: 415754.194: [GC (Allocation Failure) [PSYoungGen: 515744K->2560K(518656K)] 988395K->477186K(1042944K), 0.0190784 secs] [Times: user=0.02 sys=0.03, real=0.02 secs] 
2021-05-19T05:05:26.497+0800: 416078.149: [GC (Allocation Failure) [PSYoungGen: 515584K->2880K(518656K)] 990210K->478706K(1042944K), 0.0224487 secs] [Times: user=0.06 sys=0.00, real=0.02 secs] 
2021-05-19T05:10:36.908+0800: 416388.560: [GC (Allocation Failure) [PSYoungGen: 515904K->5632K(512512K)] 991730K->488518K(1036800K), 0.0279788 secs] [Times: user=0.07 sys=0.00, real=0.03 secs] 
2021-05-19T05:15:51.214+0800: 416702.866: [GC (Allocation Failure) [PSYoungGen: 512512K->8704K(515584K)] 995398K->499564K(1039872K), 0.0196211 secs] [Times: user=0.06 sys=0.00, real=0.02 secs] 
2021-05-19T05:21:02.814+0800: 417014.466: [GC (Allocation Failure) [PSYoungGen: 515584K->4288K(508416K)] 1006444K->503656K(1032704K), 0.0224184 secs] [Times: user=0.03 sys=0.04, real=0.02 secs] 
2021-05-19T05:26:15.770+0800: 417327.422: [GC (Allocation Failure) [PSYoungGen: 504000K->3840K(512000K)] 1003368K->506349K(1036288K), 0.0316082 secs] [Times: user=0.07 sys=0.00, real=0.03 secs] 
2021-05-19T05:31:26.327+0800: 417637.979: [GC (Allocation Failure) [PSYoungGen: 503552K->3136K(512512K)] 1006061K->507955K(1036800K), 0.0206290 secs] [Times: user=0.05 sys=0.00, real=0.02 secs] 
2021-05-19T05:36:44.494+0800: 417956.146: [GC (Allocation Failure) [PSYoungGen: 503872K->3616K(512512K)] 1008691K->510370K(1036800K), 0.0182227 secs] [Times: user=0.06 sys=0.00, real=0.02 secs] 
2021-05-19T05:41:57.153+0800: 418268.805: [GC (Allocation Failure) [PSYoungGen: 504352K->2752K(513536K)] 1011106K->511792K(1037824K), 0.0281517 secs] [Times: user=0.07 sys=0.00, real=0.02 secs] 
2021-05-19T05:47:12.555+0800: 418584.207: [GC (Allocation Failure) [PSYoungGen: 505024K->2272K(513024K)] 1014064K->512264K(1037312K), 0.0204279 secs] [Times: user=0.06 sys=0.00, real=0.02 secs] 
2021-05-19T05:52:33.042+0800: 418904.694: [GC (Allocation Failure) [PSYoungGen: 504544K->2368K(513536K)] 1014536K->513288K(1037824K), 0.0213106 secs] [Times: user=0.06 sys=0.00, real=0.03 secs] 
2021-05-19T05:57:51.973+0800: 419223.625: [GC (Allocation Failure) [PSYoungGen: 505152K->3264K(513536K)] 1016072K->515208K(1037824K), 0.0170879 secs] [Times: user=0.05 sys=0.00, real=0.01 secs] 
2021-05-19T06:03:09.607+0800: 419541.259: [GC (Allocation Failure) [PSYoungGen: 506048K->2240K(514560K)] 1017992K->516135K(1038848K), 0.0173965 secs] [Times: user=0.05 sys=0.00, real=0.02 secs] 
2021-05-19T06:08:29.188+0800: 419860.840: [GC (Allocation Failure) [PSYoungGen: 506560K->4288K(514048K)] 1020455K->519111K(1038336K), 0.0195783 secs] [Times: user=0.06 sys=0.00, real=0.02 secs] 
2021-05-19T06:13:42.264+0800: 420173.916: [GC (Allocation Failure) [PSYoungGen: 508608K->3712K(515584K)] 1023431K->521373K(1039872K), 0.0538973 secs] [Times: user=0.06 sys=0.00, real=0.05 secs] 
2021-05-19T06:19:00.040+0800: 420491.692: [GC (Allocation Failure) [PSYoungGen: 510080K->2240K(515072K)] 1027741K->522219K(1039360K), 0.0228411 secs] [Times: user=0.02 sys=0.03, real=0.03 secs] 
2021-05-19T06:19:00.064+0800: 420491.716: [Full GC (Ergonomics) [PSYoungGen: 2240K->0K(515072K)] [ParOldGen: 519979K->251631K(524288K)] 522219K->251631K(1039360K), [Metaspace: 95000K->94996K(1136640K)], 0.5130398 secs] [Times: user=1.12 sys=0.00, real=0.51 secs] 
2021-05-19T06:24:17.244+0800: 420808.896: [GC (Allocation Failure) [PSYoungGen: 506360K->3136K(516096K)] 757991K->254767K(1040384K), 0.0187078 secs] [Times: user=0.03 sys=0.02, real=0.02 secs] 
2021-05-19T06:29:40.057+0800: 421131.710: [GC (Allocation Failure) [PSYoungGen: 510528K->2560K(515584K)] 762159K->255998K(1039872K), 0.0157624 secs] [Times: user=0.02 sys=0.03, real=0.02 secs] 
2021-05-19T06:34:56.767+0800: 421448.419: [GC (Allocation Failure) [PSYoungGen: 509952K->4832K(516096K)] 763390K->259549K(1040384K), 0.0184420 secs] [Times: user=0.05 sys=0.00, real=0.02 secs] 
2021-05-19T06:40:12.856+0800: 421764.508: [GC (Allocation Failure) [PSYoungGen: 512736K->2560K(516096K)] 767453K->260962K(1040384K), 0.0206668 secs] [Times: user=0.06 sys=0.00, real=0.02 secs] 
2021-05-19T06:45:32.586+0800: 422084.238: [GC (Allocation Failure) [PSYoungGen: 510464K->2304K(516608K)] 768866K->261938K(1040896K), 0.0379639 secs] [Times: user=0.02 sys=0.02, real=0.04 secs] 
2021-05-19T06:50:52.652+0800: 422404.304: [GC (Allocation Failure) [PSYoungGen: 511232K->2368K(516608K)] 770866K->262978K(1040896K), 0.0168259 secs] [Times: user=0.02 sys=0.02, real=0.02 secs] 
2021-05-19T06:56:13.166+0800: 422724.818: [GC (Allocation Failure) [PSYoungGen: 511296K->2304K(517120K)] 771906K->263930K(1041408K), 0.0193631 secs] [Times: user=0.05 sys=0.00, real=0.02 secs] 
2021-05-19T07:01:33.480+0800: 423045.132: [GC (Allocation Failure) [PSYoungGen: 511744K->5248K(516608K)] 773370K->267890K(1040896K), 0.0221838 secs] [Times: user=0.03 sys=0.03, real=0.03 secs] 
2021-05-19T07:06:49.959+0800: 423361.611: [GC (Allocation Failure) [PSYoungGen: 514688K->4800K(516608K)] 777330K->271062K(1040896K), 0.0199989 secs] [Times: user=0.06 sys=0.00, real=0.02 secs] 
2021-05-19T07:12:04.680+0800: 423676.332: [GC (Allocation Failure) [PSYoungGen: 513728K->4064K(516608K)] 779990K->273434K(1040896K), 0.0201298 secs] [Times: user=0.06 sys=0.00, real=0.02 secs] 
2021-05-19T07:17:23.155+0800: 423994.807: [GC (Allocation Failure) [PSYoungGen: 512992K->2688K(517120K)] 782362K->274719K(1041408K), 0.0185891 secs] [Times: user=0.05 sys=0.00, real=0.02 secs] 
2021-05-19T07:22:40.347+0800: 424311.999: [GC (Allocation Failure) [PSYoungGen: 512128K->2336K(516608K)] 784159K->275751K(1040896K), 0.0159076 secs] [Times: user=0.04 sys=0.00, real=0.02 secs] 
2021-05-19T07:27:55.797+0800: 424627.449: [GC (Allocation Failure) [PSYoungGen: 511776K->3840K(517120K)] 785191K->278271K(1041408K), 0.0196743 secs] [Times: user=0.03 sys=0.03, real=0.02 secs] 
2021-05-19T07:33:18.672+0800: 424950.324: [GC (Allocation Failure) [PSYoungGen: 513792K->3232K(517120K)] 788223K->280324K(1041408K), 0.0177257 secs] [Times: user=0.03 sys=0.03, real=0.01 secs] 
2021-05-19T07:38:38.186+0800: 425269.838: [GC (Allocation Failure) [PSYoungGen: 513184K->3968K(517632K)] 790276K->283003K(1041920K), 0.0186337 secs] [Times: user=0.03 sys=0.02, real=0.02 secs] 
2021-05-19T07:44:02.272+0800: 425593.924: [GC (Allocation Failure) [PSYoungGen: 514944K->2944K(517632K)] 793979K->284705K(1041920K), 0.0198101 secs] [Times: user=0.05 sys=0.00, real=0.02 secs] 
2021-05-19T07:49:23.088+0800: 425914.740: [GC (Allocation Failure) [PSYoungGen: 513920K->2432K(518144K)] 795681K->285952K(1042432K), 0.0312446 secs] [Times: user=0.04 sys=0.00, real=0.03 secs] 
2021-05-19T07:54:43.198+0800: 426234.850: [GC (Allocation Failure) [PSYoungGen: 513920K->2304K(517632K)] 797440K->287064K(1041920K), 0.0455787 secs] [Times: user=0.05 sys=0.00, real=0.05 secs] 
2021-05-19T08:00:08.639+0800: 426560.291: [GC (Allocation Failure) [PSYoungGen: 513792K->3296K(518144K)] 798552K->289088K(1042432K), 0.0201982 secs] [Times: user=0.06 sys=0.00, real=0.02 secs] 
2021-05-19T08:05:29.259+0800: 426880.911: [GC (Allocation Failure) [PSYoungGen: 515296K->2400K(518144K)] 801088K->290142K(1042432K), 0.0178312 secs] [Times: user=0.05 sys=0.00, real=0.02 secs] 
2021-05-19T08:10:48.505+0800: 427200.157: [GC (Allocation Failure) [PSYoungGen: 514400K->3392K(518656K)] 802142K->291998K(1042944K), 0.0184866 secs] [Times: user=0.03 sys=0.02, real=0.02 secs] 
2021-05-19T08:16:08.425+0800: 427520.077: [GC (Allocation Failure) [PSYoungGen: 516416K->2432K(518656K)] 805022K->292685K(1042944K), 0.0374707 secs] [Times: user=0.04 sys=0.00, real=0.04 secs] 
2021-05-19T08:21:28.613+0800: 427840.266: [GC (Allocation Failure) [PSYoungGen: 515456K->3648K(518656K)] 805709K->295205K(1042944K), 0.0194446 secs] [Times: user=0.05 sys=0.00, real=0.02 secs] 
2021-05-19T08:26:50.879+0800: 428162.531: [GC (Allocation Failure) [PSYoungGen: 516672K->2752K(518656K)] 808229K->296723K(1042944K), 0.0168359 secs] [Times: user=0.05 sys=0.00, real=0.02 secs] 
2021-05-19T08:32:12.594+0800: 428484.246: [GC (Allocation Failure) [PSYoungGen: 515776K->3520K(518656K)] 809747K->298978K(1042944K), 0.0168790 secs] [Times: user=0.06 sys=0.00, real=0.01 secs] 
2021-05-19T08:37:33.536+0800: 428805.188: [GC (Allocation Failure) [PSYoungGen: 516544K->2976K(518656K)] 812002K->300576K(1042944K), 0.0168482 secs] [Times: user=0.05 sys=0.00, real=0.02 secs] 
2021-05-19T08:42:53.664+0800: 429125.316: [GC (Allocation Failure) [PSYoungGen: 516000K->3584K(519168K)] 813600K->302720K(1043456K), 0.0520902 secs] [Times: user=0.08 sys=0.00, real=0.05 secs] 
2021-05-19T08:48:13.697+0800: 429445.349: [GC (Allocation Failure) [PSYoungGen: 517632K->4242K(518656K)] 816768K->305825K(1042944K), 0.0196494 secs] [Times: user=0.03 sys=0.03, real=0.02 secs] 
2021-05-19T08:53:38.711+0800: 429770.363: [GC (Allocation Failure) [PSYoungGen: 518290K->2784K(519168K)] 819873K->307541K(1043456K), 0.0174963 secs] [Times: user=0.05 sys=0.00, real=0.02 secs] 
2021-05-19T08:58:58.729+0800: 430090.381: [GC (Allocation Failure) [PSYoungGen: 516320K->4064K(518656K)] 821077K->310349K(1042944K), 0.0194449 secs] [Times: user=0.02 sys=0.03, real=0.02 secs] 
2021-05-19T09:04:15.352+0800: 430407.004: [GC (Allocation Failure) [PSYoungGen: 517600K->5632K(514560K)] 823885K->315891K(1038848K), 0.0232094 secs] [Times: user=0.06 sys=0.00, real=0.02 secs] 
2021-05-19T09:09:29.766+0800: 430721.418: [GC (Allocation Failure) [PSYoungGen: 514560K->3968K(516608K)] 824819K->319429K(1040896K), 0.0188776 secs] [Times: user=0.06 sys=0.00, real=0.02 secs] 
2021-05-19T09:14:54.135+0800: 431045.787: [GC (Allocation Failure) [PSYoungGen: 512896K->2016K(517120K)] 828357K->319747K(1041408K), 0.0196790 secs] [Times: user=0.06 sys=0.00, real=0.02 secs] 
2021-05-19T09:20:14.202+0800: 431365.855: [GC (Allocation Failure) [PSYoungGen: 511961K->3360K(517120K)] 829693K->321891K(1041408K), 0.0163416 secs] [Times: user=0.05 sys=0.00, real=0.01 secs] 
2021-05-19T09:25:29.036+0800: 431680.688: [GC (Allocation Failure) [PSYoungGen: 513312K->3232K(517632K)] 831843K->323962K(1041920K), 0.0391023 secs] [Times: user=0.06 sys=0.00, real=0.04 secs] 
2021-05-19T09:30:49.083+0800: 432000.735: [GC (Allocation Failure) [PSYoungGen: 513696K->2848K(517120K)] 834426K->325544K(1041408K), 0.0171647 secs] [Times: user=0.05 sys=0.00, real=0.01 secs] 
2021-05-19T09:36:07.547+0800: 432319.199: [GC (Allocation Failure) [PSYoungGen: 513310K->3232K(517632K)] 836007K->327368K(1041920K), 0.0171797 secs] [Times: user=0.05 sys=0.00, real=0.02 secs] 
2021-05-19T09:41:29.198+0800: 432640.850: [GC (Allocation Failure) [PSYoungGen: 514208K->3621K(517632K)] 838344K->329604K(1041920K), 0.0291914 secs] [Times: user=0.03 sys=0.02, real=0.03 secs] 
2021-05-19T09:45:49.996+0800: 432901.648: [GC (Allocation Failure) [PSYoungGen: 514597K->2559K(518144K)] 840580K->330863K(1042432K), 0.0172688 secs] [Times: user=0.06 sys=0.00, real=0.02 secs] 
2021-05-19T09:50:16.529+0800: 433168.181: [GC (Allocation Failure) [PSYoungGen: 514543K->2200K(518144K)] 842846K->331828K(1042432K), 0.0185443 secs] [Times: user=0.02 sys=0.03, real=0.02 secs] 
2021-05-19T09:55:14.391+0800: 433466.043: [GC (Allocation Failure) [PSYoungGen: 514200K->3232K(518656K)] 843828K->333772K(1042944K), 0.0362965 secs] [Times: user=0.05 sys=0.00, real=0.04 secs] 
2021-05-19T10:00:36.178+0800: 433787.830: [GC (Allocation Failure) [PSYoungGen: 515744K->3872K(518144K)] 846284K->336187K(1042432K), 0.0167342 secs] [Times: user=0.06 sys=0.00, real=0.02 secs] 
2021-05-19T10:05:58.585+0800: 434110.237: [GC (Allocation Failure) [PSYoungGen: 516384K->2304K(518656K)] 848699K->337296K(1042944K), 0.0172357 secs] [Times: user=0.03 sys=0.02, real=0.02 secs] 
2021-05-19T10:11:16.607+0800: 434428.260: [GC (Allocation Failure) [PSYoungGen: 515328K->5600K(518656K)] 850320K->341448K(1042944K), 0.0236266 secs] [Times: user=0.06 sys=0.00, real=0.02 secs] 
2021-05-19T10:16:39.532+0800: 434751.184: [GC (Allocation Failure) [PSYoungGen: 518624K->4320K(516608K)] 854472K->344092K(1040896K), 0.0176260 secs] [Times: user=0.05 sys=0.00, real=0.02 secs] 
2021-05-19T10:21:59.621+0800: 435071.273: [GC (Allocation Failure) [PSYoungGen: 515296K->3968K(517632K)] 855068K->346985K(1041920K), 0.0223764 secs] [Times: user=0.06 sys=0.00, real=0.03 secs] 
2021-05-19T10:27:20.047+0800: 435391.699: [GC (Allocation Failure) [PSYoungGen: 514944K->4224K(518144K)] 857961K->349919K(1042432K), 0.0283278 secs] [Times: user=0.05 sys=0.00, real=0.03 secs] 
2021-05-19T10:32:39.493+0800: 435711.145: [GC (Allocation Failure) [PSYoungGen: 516224K->2272K(518144K)] 861919K->351124K(1042432K), 0.0186832 secs] [Times: user=0.05 sys=0.00, real=0.01 secs] 
2021-05-19T10:38:04.028+0800: 436035.680: [GC (Allocation Failure) [PSYoungGen: 514272K->4224K(518144K)] 863124K->354004K(1042432K), 0.0207480 secs] [Times: user=0.06 sys=0.00, real=0.02 secs] 
2021-05-19T10:43:22.347+0800: 436353.999: [GC (Allocation Failure) [PSYoungGen: 516224K->5056K(517120K)] 866004K->357810K(1041408K), 0.0194780 secs] [Times: user=0.06 sys=0.00, real=0.02 secs] 
2021-05-19T10:48:40.189+0800: 436671.841: [GC (Allocation Failure) [PSYoungGen: 517056K->2528K(517632K)] 869810K->359230K(1041920K), 0.0208563 secs] [Times: user=0.06 sys=0.00, real=0.02 secs] 
2021-05-19T10:53:59.641+0800: 436991.293: [GC (Allocation Failure) [PSYoungGen: 513504K->3104K(517632K)] 870206K->361070K(1041920K), 0.0196133 secs] [Times: user=0.02 sys=0.03, real=0.02 secs] 
2021-05-19T10:59:16.184+0800: 437307.836: [GC (Allocation Failure) [PSYoungGen: 514080K->3424K(518144K)] 872046K->363217K(1042432K), 0.0179997 secs] [Times: user=0.05 sys=0.00, real=0.01 secs] 
2021-05-19T11:04:41.379+0800: 437633.031: [GC (Allocation Failure) [PSYoungGen: 515424K->2976K(518144K)] 875217K->364943K(1042432K), 0.0178845 secs] [Times: user=0.03 sys=0.03, real=0.02 secs] 
2021-05-19T11:10:05.051+0800: 437956.704: [GC (Allocation Failure) [PSYoungGen: 514976K->3264K(518656K)] 876943K->366854K(1042944K), 0.0304968 secs] [Times: user=0.04 sys=0.04, real=0.04 secs] 
2021-05-19T11:15:27.398+0800: 438279.050: [GC (Allocation Failure) [PSYoungGen: 515776K->2144K(518144K)] 879366K->367198K(1042432K), 0.0166731 secs] [Times: user=0.05 sys=0.00, real=0.02 secs] 
2021-05-19T11:20:50.116+0800: 438601.768: [GC (Allocation Failure) [PSYoungGen: 514656K->2368K(518656K)] 879710K->368206K(1042944K), 0.0169262 secs] [Times: user=0.02 sys=0.02, real=0.02 secs] 
2021-05-19T11:26:13.618+0800: 438925.270: [GC (Allocation Failure) [PSYoungGen: 515392K->4320K(517632K)] 881230K->371134K(1041920K), 0.0169414 secs] [Times: user=0.05 sys=0.00, real=0.02 secs] 
2021-05-19T11:31:29.208+0800: 439240.860: [GC (Allocation Failure) [PSYoungGen: 517344K->3840K(518144K)] 884158K->373595K(1042432K), 0.0209269 secs] [Times: user=0.06 sys=0.00, real=0.02 secs] 
2021-05-19T11:36:49.694+0800: 439561.346: [GC (Allocation Failure) [PSYoungGen: 515840K->2816K(518144K)] 885595K->375265K(1042432K), 0.0179768 secs] [Times: user=0.06 sys=0.00, real=0.02 secs] 
2021-05-19T11:42:10.353+0800: 439882.005: [GC (Allocation Failure) [PSYoungGen: 514816K->2272K(518656K)] 887265K->376296K(1042944K), 0.0206337 secs] [Times: user=0.02 sys=0.03, real=0.02 secs] 
2021-05-19T11:47:30.571+0800: 440202.223: [GC (Allocation Failure) [PSYoungGen: 515296K->2368K(518656K)] 889320K->377344K(1042944K), 0.0175648 secs] [Times: user=0.05 sys=0.00, real=0.02 secs] 
2021-05-19T11:52:54.608+0800: 440526.260: [GC (Allocation Failure) [PSYoungGen: 515392K->2784K(518656K)] 890368K->378728K(1042944K), 0.0173947 secs] [Times: user=0.03 sys=0.03, real=0.02 secs] 
2021-05-19T11:58:10.817+0800: 440842.469: [GC (Allocation Failure) [PSYoungGen: 515808K->5600K(518656K)] 891752K->383248K(1042944K), 0.0202556 secs] [Times: user=0.03 sys=0.03, real=0.02 secs] 
2021-05-19T12:03:30.854+0800: 441162.506: [GC (Allocation Failure) [PSYoungGen: 518624K->2720K(516608K)] 896272K->385258K(1040896K), 0.0195514 secs] [Times: user=0.02 sys=0.04, real=0.02 secs] 
2021-05-19T12:08:53.963+0800: 441485.615: [GC (Allocation Failure) [PSYoungGen: 513696K->2784K(517632K)] 896234K->386762K(1041920K), 0.0173575 secs] [Times: user=0.05 sys=0.00, real=0.01 secs] 
2021-05-19T12:14:11.677+0800: 441803.329: [GC (Allocation Failure) [PSYoungGen: 513760K->3488K(518144K)] 897738K->388530K(1042432K), 0.0173413 secs] [Times: user=0.02 sys=0.03, real=0.02 secs] 
2021-05-19T12:19:34.528+0800: 442126.180: [GC (Allocation Failure) [PSYoungGen: 514976K->2208K(517632K)] 900018K->389296K(1041920K), 0.0170331 secs] [Times: user=0.05 sys=0.00, real=0.02 secs] 
2021-05-19T12:24:55.798+0800: 442447.450: [GC (Allocation Failure) [PSYoungGen: 513696K->2816K(518144K)] 900784K->390800K(1042432K), 0.0183151 secs] [Times: user=0.05 sys=0.00, real=0.02 secs] 
2021-05-19T12:30:15.903+0800: 442767.555: [GC (Allocation Failure) [PSYoungGen: 514816K->2304K(518144K)] 902800K->391767K(1042432K), 0.0556019 secs] [Times: user=0.02 sys=0.03, real=0.05 secs] 
2021-05-19T12:35:38.735+0800: 443090.388: [GC (Allocation Failure) [PSYoungGen: 514304K->2336K(518656K)] 903767K->392735K(1042944K), 0.0221284 secs] [Times: user=0.03 sys=0.02, real=0.02 secs] 
2021-05-19T12:41:04.982+0800: 443416.634: [GC (Allocation Failure) [PSYoungGen: 514848K->2880K(518144K)] 905247K->394287K(1042432K), 0.0221910 secs] [Times: user=0.06 sys=0.00, real=0.03 secs] 
2021-05-19T12:46:25.416+0800: 443737.069: [GC (Allocation Failure) [PSYoungGen: 515392K->4704K(517632K)] 906799K->397591K(1041920K), 0.0203668 secs] [Times: user=0.04 sys=0.03, real=0.02 secs] 
2021-05-19T12:51:43.076+0800: 444054.728: [GC (Allocation Failure) [PSYoungGen: 516704K->3648K(518144K)] 909591K->399940K(1042432K), 0.0216851 secs] [Times: user=0.03 sys=0.03, real=0.02 secs] 
2021-05-19T12:57:03.286+0800: 444374.939: [GC (Allocation Failure) [PSYoungGen: 515648K->2368K(518656K)] 911940K->401074K(1042944K), 0.0188175 secs] [Times: user=0.02 sys=0.03, real=0.02 secs] 
2021-05-19T13:02:26.434+0800: 444698.086: [GC (Allocation Failure) [PSYoungGen: 515392K->3424K(518656K)] 914098K->403162K(1042944K), 0.0169914 secs] [Times: user=0.03 sys=0.02, real=0.01 secs] 
2021-05-19T13:07:51.376+0800: 445023.028: [GC (Allocation Failure) [PSYoungGen: 516448K->2752K(518656K)] 916186K->404728K(1042944K), 0.0163825 secs] [Times: user=0.06 sys=0.00, real=0.02 secs] 
2021-05-19T13:13:12.751+0800: 445344.403: [GC (Allocation Failure) [PSYoungGen: 515776K->2880K(518656K)] 917752K->406003K(1042944K), 0.0201287 secs] [Times: user=0.02 sys=0.03, real=0.02 secs] 
2021-05-19T13:18:33.642+0800: 445665.294: [GC (Allocation Failure) [PSYoungGen: 515904K->5088K(516096K)] 919027K->410274K(1040384K), 0.0179605 secs] [Times: user=0.02 sys=0.03, real=0.01 secs] 
2021-05-19T13:23:54.159+0800: 445985.811: [GC (Allocation Failure) [PSYoungGen: 516064K->2880K(517632K)] 921250K->412366K(1041920K), 0.0191892 secs] [Times: user=0.03 sys=0.03, real=0.02 secs] 
2021-05-19T13:29:16.578+0800: 446308.230: [GC (Allocation Failure) [PSYoungGen: 513856K->2560K(518144K)] 923342K->413517K(1042432K), 0.0471249 secs] [Times: user=0.05 sys=0.00, real=0.05 secs] 
2021-05-19T13:34:37.823+0800: 446629.475: [GC (Allocation Failure) [PSYoungGen: 514048K->2304K(517632K)] 925005K->414517K(1041920K), 0.0202117 secs] [Times: user=0.06 sys=0.00, real=0.02 secs] 
2021-05-19T13:40:00.232+0800: 446951.884: [GC (Allocation Failure) [PSYoungGen: 513792K->2784K(518144K)] 926005K->415997K(1042432K), 0.0193102 secs] [Times: user=0.03 sys=0.03, real=0.01 secs] 
2021-05-19T13:45:21.556+0800: 447273.208: [GC (Allocation Failure) [PSYoungGen: 514784K->2496K(518144K)] 927997K->417188K(1042432K), 0.0191798 secs] [Times: user=0.05 sys=0.00, real=0.02 secs] 
2021-05-19T13:50:44.408+0800: 447596.060: [GC (Allocation Failure) [PSYoungGen: 514496K->2528K(518656K)] 929188K->418428K(1042944K), 0.0194052 secs] [Times: user=0.06 sys=0.00, real=0.02 secs] 
2021-05-19T13:56:01.603+0800: 447913.255: [GC (Allocation Failure) [PSYoungGen: 515040K->2496K(518144K)] 930940K->419676K(1042432K), 0.0212145 secs] [Times: user=0.03 sys=0.03, real=0.02 secs] 
2021-05-19T14:01:22.370+0800: 448234.022: [GC (Allocation Failure) [PSYoungGen: 515008K->3424K(518656K)] 932188K->421899K(1042944K), 0.0221120 secs] [Times: user=0.07 sys=0.00, real=0.03 secs] 
2021-05-19T14:06:50.218+0800: 448561.870: [GC (Allocation Failure) [PSYoungGen: 516448K->4192K(518656K)] 934923K->424818K(1042944K), 0.0186007 secs] [Times: user=0.03 sys=0.03, real=0.02 secs] 
2021-05-19T14:12:09.550+0800: 448881.202: [GC (Allocation Failure) [PSYoungGen: 517216K->3040K(518656K)] 937842K->426248K(1042944K), 0.0183383 secs] [Times: user=0.02 sys=0.03, real=0.02 secs] 
2021-05-19T14:17:32.447+0800: 449204.099: [GC (Allocation Failure) [PSYoungGen: 516064K->2912K(518656K)] 939272K->427583K(1042944K), 0.0187361 secs] [Times: user=0.03 sys=0.03, real=0.02 secs] 
2021-05-19T14:22:55.678+0800: 449527.330: [GC (Allocation Failure) [PSYoungGen: 515936K->2752K(519168K)] 940607K->429070K(1043456K), 0.0174376 secs] [Times: user=0.03 sys=0.03, real=0.02 secs] 
2021-05-19T14:28:16.485+0800: 449848.137: [GC (Allocation Failure) [PSYoungGen: 516800K->3328K(519168K)] 943118K->431126K(1043456K), 0.0158449 secs] [Times: user=0.02 sys=0.02, real=0.01 secs] 
2021-05-19T14:33:39.649+0800: 450171.301: [GC (Allocation Failure) [PSYoungGen: 517376K->2432K(519168K)] 945174K->432436K(1043456K), 0.0180787 secs] [Times: user=0.03 sys=0.03, real=0.02 secs] 
2021-05-19T14:39:02.803+0800: 450494.455: [GC (Allocation Failure) [PSYoungGen: 516480K->4480K(518656K)] 946484K->435468K(1042944K), 0.0184353 secs] [Times: user=0.03 sys=0.03, real=0.01 secs] 
2021-05-19T14:44:22.868+0800: 450814.520: [GC (Allocation Failure) [PSYoungGen: 518528K->3616K(518656K)] 949516K->437801K(1042944K), 0.0181480 secs] [Times: user=0.02 sys=0.03, real=0.02 secs] 
2021-05-19T14:49:46.263+0800: 451137.915: [GC (Allocation Failure) [PSYoungGen: 516640K->3648K(518656K)] 950825K->440247K(1042944K), 0.0171901 secs] [Times: user=0.06 sys=0.00, real=0.01 secs] 
2021-05-19T14:55:07.406+0800: 451459.058: [GC (Allocation Failure) [PSYoungGen: 516672K->3904K(518144K)] 953271K->442966K(1042432K), 0.0188836 secs] [Times: user=0.02 sys=0.03, real=0.02 secs] 
2021-05-19T15:00:32.060+0800: 451783.712: [GC (Allocation Failure) [PSYoungGen: 516928K->2944K(518656K)] 955990K->444708K(1042944K), 0.0205644 secs] [Times: user=0.02 sys=0.04, real=0.02 secs] 
2021-05-19T15:05:57.248+0800: 452108.900: [GC (Allocation Failure) [PSYoungGen: 515968K->2976K(519168K)] 957732K->446427K(1043456K), 0.0197028 secs] [Times: user=0.06 sys=0.00, real=0.02 secs] 
2021-05-19T15:11:23.104+0800: 452434.756: [GC (Allocation Failure) [PSYoungGen: 517024K->3104K(519168K)] 960475K->448146K(1043456K), 0.0216651 secs] [Times: user=0.07 sys=0.00, real=0.02 secs] 
2021-05-19T15:16:43.194+0800: 452754.846: [GC (Allocation Failure) [PSYoungGen: 517152K->2976K(519168K)] 962194K->449289K(1043456K), 0.0231904 secs] [Times: user=0.03 sys=0.03, real=0.02 secs] 
2021-05-19T15:21:58.115+0800: 453069.767: [GC (Allocation Failure) [PSYoungGen: 517024K->4288K(519168K)] 963337K->452416K(1043456K), 0.0190476 secs] [Times: user=0.03 sys=0.03, real=0.02 secs] 
2021-05-19T15:27:17.139+0800: 453388.791: [GC (Allocation Failure) [PSYoungGen: 518336K->2528K(519168K)] 966464K->453774K(1043456K), 0.0174417 secs] [Times: user=0.02 sys=0.03, real=0.02 secs] 
2021-05-19T15:32:42.004+0800: 453713.656: [GC (Allocation Failure) [PSYoungGen: 516576K->3456K(519168K)] 967822K->455901K(1043456K), 0.0169913 secs] [Times: user=0.03 sys=0.03, real=0.01 secs] 
2021-05-19T15:38:02.388+0800: 454034.040: [GC (Allocation Failure) [PSYoungGen: 517504K->3328K(519168K)] 969949K->457955K(1043456K), 0.0202385 secs] [Times: user=0.06 sys=0.00, real=0.02 secs] 
2021-05-19T15:43:23.682+0800: 454355.334: [GC (Allocation Failure) [PSYoungGen: 517376K->2272K(519168K)] 972003K->458898K(1043456K), 0.0210294 secs] [Times: user=0.02 sys=0.04, real=0.03 secs] 
2021-05-19T15:48:42.645+0800: 454674.297: [GC (Allocation Failure) [PSYoungGen: 516320K->2336K(519168K)] 972946K->459931K(1043456K), 0.0168413 secs] [Times: user=0.03 sys=0.03, real=0.02 secs] 
2021-05-19T15:53:57.685+0800: 454989.337: [GC (Allocation Failure) [PSYoungGen: 516384K->5088K(519168K)] 973979K->463811K(1043456K), 0.0191511 secs] [Times: user=0.06 sys=0.00, real=0.02 secs] 
2021-05-19T15:59:22.738+0800: 455314.390: [GC (Allocation Failure) [PSYoungGen: 519136K->2880K(518144K)] 977859K->465550K(1042432K), 0.0257456 secs] [Times: user=0.05 sys=0.00, real=0.03 secs] 
2021-05-19T16:04:48.744+0800: 455640.396: [GC (Allocation Failure) [PSYoungGen: 515904K->2368K(518656K)] 978574K->466502K(1042944K), 0.0245391 secs] [Times: user=0.06 sys=0.00, real=0.02 secs] 
2021-05-19T16:10:08.932+0800: 455960.584: [GC (Allocation Failure) [PSYoungGen: 515392K->5024K(517632K)] 979526K->470054K(1041920K), 0.0208191 secs] [Times: user=0.06 sys=0.00, real=0.03 secs] 
2021-05-19T16:15:29.444+0800: 456281.096: [GC (Allocation Failure) [PSYoungGen: 517024K->2912K(518144K)] 982054K->471083K(1042432K), 0.0175301 secs] [Times: user=0.02 sys=0.03, real=0.01 secs] 
2021-05-19T16:20:45.147+0800: 456596.799: [GC (Allocation Failure) [PSYoungGen: 514912K->5432K(517120K)] 983083K->475362K(1041408K), 0.0209278 secs] [Times: user=0.03 sys=0.03, real=0.02 secs] 
2021-05-19T16:26:10.525+0800: 456922.177: [GC (Allocation Failure) [PSYoungGen: 516408K->3360K(517632K)] 986338K->477575K(1041920K), 0.0250118 secs] [Times: user=0.06 sys=0.00, real=0.02 secs] 
2021-05-19T16:31:30.533+0800: 457242.185: [GC (Allocation Failure) [PSYoungGen: 514336K->4928K(517120K)] 988551K->481325K(1041408K), 0.0205101 secs] [Times: user=0.06 sys=0.00, real=0.02 secs] 
2021-05-19T16:36:51.416+0800: 457563.068: [GC (Allocation Failure) [PSYoungGen: 515904K->2944K(517632K)] 992301K->483217K(1041920K), 0.0204144 secs] [Times: user=0.06 sys=0.00, real=0.02 secs] 
2021-05-19T16:42:11.971+0800: 457883.623: [GC (Allocation Failure) [PSYoungGen: 513920K->3552K(518144K)] 994193K->485417K(1042432K), 0.0190312 secs] [Times: user=0.03 sys=0.03, real=0.02 secs] 
2021-05-19T16:47:35.924+0800: 458207.576: [GC (Allocation Failure) [PSYoungGen: 515040K->3552K(517632K)] 996905K->487791K(1041920K), 0.0204494 secs] [Times: user=0.03 sys=0.03, real=0.02 secs] 
2021-05-19T16:52:55.370+0800: 458527.023: [GC (Allocation Failure) [PSYoungGen: 515040K->4064K(518144K)] 999279K->490694K(1042432K), 0.0211433 secs] [Times: user=0.06 sys=0.00, real=0.02 secs] 
2021-05-19T16:58:20.369+0800: 458852.022: [GC (Allocation Failure) [PSYoungGen: 516064K->3360K(518144K)] 1002694K->492979K(1042432K), 0.0183106 secs] [Times: user=0.03 sys=0.04, real=0.02 secs] 
2021-05-19T17:03:43.691+0800: 459175.343: [GC (Allocation Failure) [PSYoungGen: 515360K->2688K(518656K)] 1004979K->494498K(1042944K), 0.0231774 secs] [Times: user=0.06 sys=0.00, real=0.03 secs] 
2021-05-19T17:09:09.065+0800: 459500.717: [GC (Allocation Failure) [PSYoungGen: 515712K->3136K(518656K)] 1007522K->496345K(1042944K), 0.0181366 secs] [Times: user=0.03 sys=0.03, real=0.02 secs] 
2021-05-19T17:14:30.027+0800: 459821.679: [GC (Allocation Failure) [PSYoungGen: 516160K->3392K(518656K)] 1009369K->498168K(1042944K), 0.0194613 secs] [Times: user=0.03 sys=0.03, real=0.02 secs] 
2021-05-19T17:19:58.636+0800: 460150.288: [GC (Allocation Failure) [PSYoungGen: 516414K->3520K(518656K)] 1011190K->500311K(1042944K), 0.0170847 secs] [Times: user=0.03 sys=0.02, real=0.02 secs] 
2021-05-19T17:25:23.268+0800: 460474.920: [GC (Allocation Failure) [PSYoungGen: 516544K->2432K(519168K)] 1013335K->501677K(1043456K), 0.0185486 secs] [Times: user=0.06 sys=0.00, real=0.02 secs] 
2021-05-19T17:30:49.092+0800: 460800.744: [GC (Allocation Failure) [PSYoungGen: 516480K->3840K(519168K)] 1015725K->504301K(1043456K), 0.0503622 secs] [Times: user=0.05 sys=0.00, real=0.06 secs] 
2021-05-19T17:36:13.626+0800: 461125.278: [GC (Allocation Failure) [PSYoungGen: 517888K->5120K(515072K)] 1018349K->508883K(1039360K), 0.0192688 secs] [Times: user=0.06 sys=0.00, real=0.02 secs] 
2021-05-19T17:41:33.803+0800: 461445.456: [GC (Allocation Failure) [PSYoungGen: 515072K->4256K(517120K)] 1018835K->512503K(1041408K), 0.0303555 secs] [Times: user=0.07 sys=0.00, real=0.03 secs] 
2021-05-19T17:46:52.201+0800: 461763.853: [GC (Allocation Failure) [PSYoungGen: 514208K->4640K(517632K)] 1022455K->515805K(1041920K), 0.0223653 secs] [Times: user=0.03 sys=0.03, real=0.03 secs] 
2021-05-19T17:52:12.791+0800: 462084.443: [GC (Allocation Failure) [PSYoungGen: 515616K->2592K(517632K)] 1026781K->517385K(1041920K), 0.0240278 secs] [Times: user=0.06 sys=0.00, real=0.03 secs] 
2021-05-19T17:57:34.038+0800: 462405.690: [GC (Allocation Failure) [PSYoungGen: 513568K->4736K(517632K)] 1028361K->520805K(1041920K), 0.0207237 secs] [Times: user=0.03 sys=0.03, real=0.02 secs] 
2021-05-19T18:02:54.551+0800: 462726.203: [GC (Allocation Failure) [PSYoungGen: 515712K->5536K(516608K)] 1031781K->525061K(1040896K), 0.0247792 secs] [Times: user=0.07 sys=0.00, real=0.03 secs] 
2021-05-19T18:02:54.576+0800: 462726.228: [Full GC (Ergonomics) [PSYoungGen: 5536K->0K(516608K)] [ParOldGen: 519525K->240788K(524288K)] 525061K->240788K(1040896K), [Metaspace: 95183K->95180K(1136640K)], 0.4615063 secs] [Times: user=0.99 sys=0.00, real=0.46 secs] 
2021-05-19T18:08:19.219+0800: 463050.871: [GC (Allocation Failure) [PSYoungGen: 510976K->4160K(517120K)] 751764K->244948K(1041408K), 0.0169695 secs] [Times: user=0.02 sys=0.03, real=0.02 secs] 
2021-05-19T18:13:39.539+0800: 463371.191: [GC (Allocation Failure) [PSYoungGen: 514112K->2592K(517120K)] 754900K->246034K(1041408K), 0.0173300 secs] [Times: user=0.03 sys=0.03, real=0.02 secs] 
2021-05-19T18:19:01.329+0800: 463692.981: [GC (Allocation Failure) [PSYoungGen: 512544K->2208K(517120K)] 755986K->246737K(1041408K), 0.0185761 secs] [Times: user=0.02 sys=0.03, real=0.02 secs] 
2021-05-19T18:24:25.405+0800: 464017.057: [GC (Allocation Failure) [PSYoungGen: 512160K->2208K(517120K)] 756689K->247713K(1041408K), 0.0198313 secs] [Times: user=0.02 sys=0.03, real=0.02 secs] 
2021-05-19T18:29:47.138+0800: 464338.790: [GC (Allocation Failure) [PSYoungGen: 512155K->2528K(517632K)] 757660K->249033K(1041920K), 0.0180711 secs] [Times: user=0.02 sys=0.03, real=0.02 secs] 
2021-05-19T18:35:07.530+0800: 464659.182: [GC (Allocation Failure) [PSYoungGen: 512992K->3840K(517120K)] 759497K->251577K(1041408K), 0.0275667 secs] [Times: user=0.06 sys=0.00, real=0.03 secs] 
2021-05-19T18:40:24.346+0800: 464975.998: [GC (Allocation Failure) [PSYoungGen: 514304K->3968K(517632K)] 762041K->254368K(1041920K), 0.0178471 secs] [Times: user=0.02 sys=0.03, real=0.02 secs] 
2021-05-19T18:45:44.344+0800: 465295.996: [GC (Allocation Failure) [PSYoungGen: 514944K->3648K(517632K)] 765344K->256526K(1041920K), 0.0214252 secs] [Times: user=0.03 sys=0.02, real=0.02 secs] 
2021-05-19T18:51:05.312+0800: 465616.964: [GC (Allocation Failure) [PSYoungGen: 514624K->3008K(518144K)] 767502K->258053K(1042432K), 0.0186864 secs] [Times: user=0.05 sys=0.00, real=0.02 secs] 
2021-05-19T18:56:35.419+0800: 465947.071: [GC (Allocation Failure) [PSYoungGen: 515008K->3296K(518144K)] 770053K->260060K(1042432K), 0.0203109 secs] [Times: user=0.02 sys=0.03, real=0.02 secs] 
2021-05-19T19:01:58.666+0800: 466270.318: [GC (Allocation Failure) [PSYoungGen: 515296K->2240K(518144K)] 772060K->261074K(1042432K), 0.0173614 secs] [Times: user=0.03 sys=0.02, real=0.02 secs] 
2021-05-19T19:07:21.218+0800: 466592.870: [GC (Allocation Failure) [PSYoungGen: 514240K->4896K(518144K)] 773074K->264674K(1042432K), 0.0209621 secs] [Times: user=0.02 sys=0.03, real=0.02 secs] 
2021-05-19T19:12:42.397+0800: 466914.049: [GC (Allocation Failure) [PSYoungGen: 516896K->3648K(518144K)] 776674K->266730K(1042432K), 0.0199360 secs] [Times: user=0.02 sys=0.03, real=0.02 secs] 
2021-05-19T19:18:07.230+0800: 467238.882: [GC (Allocation Failure) [PSYoungGen: 515648K->2208K(518144K)] 778730K->267496K(1042432K), 0.0156141 secs] [Times: user=0.05 sys=0.00, real=0.02 secs] 
2021-05-19T19:23:29.642+0800: 467561.294: [GC (Allocation Failure) [PSYoungGen: 514208K->3168K(518656K)] 779496K->269344K(1042944K), 0.0157847 secs] [Times: user=0.03 sys=0.03, real=0.01 secs] 
2021-05-19T19:28:51.757+0800: 467883.409: [GC (Allocation Failure) [PSYoungGen: 515680K->2368K(518144K)] 781856K->270543K(1042432K), 0.0155239 secs] [Times: user=0.05 sys=0.00, real=0.02 secs] 
2021-05-19T19:34:16.998+0800: 468208.650: [GC (Allocation Failure) [PSYoungGen: 514880K->2624K(518656K)] 783055K->271751K(1042944K), 0.0154783 secs] [Times: user=0.04 sys=0.00, real=0.02 secs] 
2021-05-19T19:39:39.898+0800: 468531.550: [GC (Allocation Failure) [PSYoungGen: 515648K->3072K(518656K)] 784775K->273446K(1042944K), 0.0167427 secs] [Times: user=0.02 sys=0.03, real=0.02 secs] 
2021-05-19T19:45:07.848+0800: 468859.500: [GC (Allocation Failure) [PSYoungGen: 516096K->3424K(518656K)] 786470K->275542K(1042944K), 0.0165310 secs] [Times: user=0.05 sys=0.00, real=0.02 secs] 
2021-05-19T19:50:29.647+0800: 469181.299: [GC (Allocation Failure) [PSYoungGen: 516444K->4704K(518656K)] 788563K->279020K(1042944K), 0.0187604 secs] [Times: user=0.03 sys=0.02, real=0.02 secs] 
2021-05-19T19:55:58.733+0800: 469510.385: [GC (Allocation Failure) [PSYoungGen: 517728K->2752K(518656K)] 792044K->280480K(1042944K), 0.0173607 secs] [Times: user=0.03 sys=0.02, real=0.01 secs] 
2021-05-19T20:01:25.336+0800: 469836.988: [GC (Allocation Failure) [PSYoungGen: 515776K->2976K(518656K)] 793504K->282272K(1042944K), 0.0208472 secs] [Times: user=0.03 sys=0.03, real=0.02 secs] 
2021-05-19T20:06:40.945+0800: 470152.597: [GC (Allocation Failure) [PSYoungGen: 516000K->4672K(518656K)] 795296K->285607K(1042944K), 0.0169071 secs] [Times: user=0.05 sys=0.00, real=0.01 secs] 
2021-05-19T20:12:03.636+0800: 470475.288: [GC (Allocation Failure) [PSYoungGen: 517696K->3232K(518656K)] 798631K->287236K(1042944K), 0.0199915 secs] [Times: user=0.02 sys=0.03, real=0.02 secs] 
2021-05-19T20:17:22.944+0800: 470794.596: [GC (Allocation Failure) [PSYoungGen: 516256K->2976K(518656K)] 800260K->288731K(1042944K), 0.0166318 secs] [Times: user=0.03 sys=0.03, real=0.01 secs] 
2021-05-19T20:22:42.218+0800: 471113.871: [GC (Allocation Failure) [PSYoungGen: 516000K->2496K(518656K)] 801755K->290098K(1042944K), 0.0180725 secs] [Times: user=0.02 sys=0.02, real=0.02 secs] 
2021-05-19T20:28:04.423+0800: 471436.075: [GC (Allocation Failure) [PSYoungGen: 515520K->2848K(519168K)] 803122K->291705K(1043456K), 0.0140736 secs] [Times: user=0.02 sys=0.02, real=0.01 secs] 
2021-05-19T20:33:25.341+0800: 471756.993: [GC (Allocation Failure) [PSYoungGen: 516384K->3168K(518656K)] 805241K->293721K(1042944K), 0.0384551 secs] [Times: user=0.02 sys=0.03, real=0.04 secs] 
2021-05-19T20:38:49.964+0800: 472081.616: [GC (Allocation Failure) [PSYoungGen: 516704K->3552K(519168K)] 807257K->296007K(1043456K), 0.0186133 secs] [Times: user=0.05 sys=0.00, real=0.02 secs] 
2021-05-19T20:44:15.363+0800: 472407.015: [GC (Allocation Failure) [PSYoungGen: 517600K->2528K(519168K)] 810055K->297214K(1043456K), 0.0206073 secs] [Times: user=0.05 sys=0.00, real=0.02 secs] 
2021-05-19T20:49:39.610+0800: 472731.262: [GC (Allocation Failure) [PSYoungGen: 516576K->2496K(519168K)] 811262K->298398K(1043456K), 0.0163416 secs] [Times: user=0.03 sys=0.03, real=0.02 secs] 
2021-05-19T20:55:03.916+0800: 473055.568: [GC (Allocation Failure) [PSYoungGen: 516544K->3424K(519168K)] 812446K->300581K(1043456K), 0.0197793 secs] [Times: user=0.03 sys=0.04, real=0.02 secs] 
2021-05-19T21:00:25.537+0800: 473377.190: [GC (Allocation Failure) [PSYoungGen: 517472K->2432K(519168K)] 814629K->301836K(1043456K), 0.0235511 secs] [Times: user=0.02 sys=0.02, real=0.02 secs] 
2021-05-19T21:05:47.611+0800: 473699.263: [GC (Allocation Failure) [PSYoungGen: 516480K->2528K(519168K)] 815884K->303163K(1043456K), 0.0169466 secs] [Times: user=0.02 sys=0.02, real=0.02 secs] 
2021-05-19T21:11:10.662+0800: 474022.314: [GC (Allocation Failure) [PSYoungGen: 516576K->2912K(519680K)] 817211K->304627K(1043968K), 0.0392518 secs] [Times: user=0.06 sys=0.00, real=0.03 secs] 
2021-05-19T21:16:33.428+0800: 474345.080: [GC (Allocation Failure) [PSYoungGen: 517471K->2880K(519168K)] 819186K->305643K(1043456K), 0.0171850 secs] [Times: user=0.02 sys=0.03, real=0.02 secs] 
2021-05-19T21:21:53.871+0800: 474665.523: [GC (Allocation Failure) [PSYoungGen: 517440K->3232K(519680K)] 820203K->307570K(1043968K), 0.0272336 secs] [Times: user=0.08 sys=0.00, real=0.03 secs] 
2021-05-19T21:27:16.340+0800: 474987.992: [GC (Allocation Failure) [PSYoungGen: 518304K->2880K(519680K)] 822642K->309145K(1043968K), 0.0624971 secs] [Times: user=0.04 sys=0.03, real=0.07 secs] 
2021-05-19T21:32:36.426+0800: 475308.078: [GC (Allocation Failure) [PSYoungGen: 517952K->3776K(519680K)] 824217K->311760K(1043968K), 0.0412783 secs] [Times: user=0.03 sys=0.03, real=0.04 secs] 
2021-05-19T21:38:03.188+0800: 475634.840: [GC (Allocation Failure) [PSYoungGen: 518848K->4000K(519680K)] 826832K->314390K(1043968K), 0.0172317 secs] [Times: user=0.02 sys=0.03, real=0.02 secs] 
2021-05-19T21:43:25.823+0800: 475957.475: [GC (Allocation Failure) [PSYoungGen: 519072K->2720K(519680K)] 829462K->315820K(1043968K), 0.0203771 secs] [Times: user=0.05 sys=0.00, real=0.02 secs] 
2021-05-19T21:48:49.889+0800: 476281.541: [GC (Allocation Failure) [PSYoungGen: 517792K->2560K(519680K)] 830892K->317155K(1043968K), 0.0204680 secs] [Times: user=0.03 sys=0.02, real=0.02 secs] 
2021-05-19T21:54:16.723+0800: 476608.375: [GC (Allocation Failure) [PSYoungGen: 517632K->3200K(519680K)] 832227K->319011K(1043968K), 0.0175011 secs] [Times: user=0.02 sys=0.04, real=0.01 secs] 
2021-05-19T21:59:41.721+0800: 476933.373: [GC (Allocation Failure) [PSYoungGen: 518272K->3424K(519680K)] 834083K->321242K(1043968K), 0.0166899 secs] [Times: user=0.02 sys=0.03, real=0.02 secs] 
2021-05-19T22:05:06.246+0800: 477257.898: [GC (Allocation Failure) [PSYoungGen: 518496K->2688K(519680K)] 836314K->322712K(1043968K), 0.0215524 secs] [Times: user=0.02 sys=0.03, real=0.02 secs] 
2021-05-19T22:10:26.956+0800: 477578.608: [GC (Allocation Failure) [PSYoungGen: 517760K->3840K(519680K)] 837784K->325191K(1043968K), 0.0232081 secs] [Times: user=0.06 sys=0.00, real=0.02 secs] 
2021-05-19T22:15:53.538+0800: 477905.190: [GC (Allocation Failure) [PSYoungGen: 518912K->2336K(519680K)] 840263K->325782K(1043968K), 0.0150287 secs] [Times: user=0.05 sys=0.00, real=0.02 secs] 
2021-05-19T22:21:18.751+0800: 478230.403: [GC (Allocation Failure) [PSYoungGen: 517408K->2304K(519680K)] 840854K->326837K(1043968K), 0.0162845 secs] [Times: user=0.05 sys=0.00, real=0.02 secs] 
2021-05-19T22:26:47.111+0800: 478558.763: [GC (Allocation Failure) [PSYoungGen: 517376K->3104K(519680K)] 841909K->328605K(1043968K), 0.0309190 secs] [Times: user=0.03 sys=0.03, real=0.03 secs] 
2021-05-19T22:32:14.644+0800: 478886.296: [GC (Allocation Failure) [PSYoungGen: 518176K->3744K(519680K)] 843677K->331268K(1043968K), 0.0192281 secs] [Times: user=0.02 sys=0.03, real=0.02 secs] 
2021-05-19T22:37:44.022+0800: 479215.674: [GC (Allocation Failure) [PSYoungGen: 518816K->2656K(519680K)] 846340K->332842K(1043968K), 0.0234817 secs] [Times: user=0.03 sys=0.03, real=0.03 secs] 
2021-05-19T22:43:10.679+0800: 479542.331: [GC (Allocation Failure) [PSYoungGen: 517728K->2688K(519680K)] 847914K->334162K(1043968K), 0.0210030 secs] [Times: user=0.05 sys=0.00, real=0.02 secs] 
2021-05-19T22:48:29.892+0800: 479861.544: [GC (Allocation Failure) [PSYoungGen: 517760K->3168K(519680K)] 849234K->336129K(1043968K), 0.0214589 secs] [Times: user=0.05 sys=0.00, real=0.03 secs] 
2021-05-19T22:53:56.570+0800: 480188.222: [GC (Allocation Failure) [PSYoungGen: 518237K->2400K(519680K)] 851199K->337304K(1043968K), 0.0226715 secs] [Times: user=0.03 sys=0.02, real=0.03 secs] 
2021-05-19T22:59:21.293+0800: 480512.945: [GC (Allocation Failure) [PSYoungGen: 517472K->4608K(517632K)] 852376K->341759K(1041920K), 0.0181669 secs] [Times: user=0.03 sys=0.02, real=0.01 secs] 
2021-05-19T23:04:43.773+0800: 480835.425: [GC (Allocation Failure) [PSYoungGen: 517632K->4512K(517632K)] 854783K->345572K(1041920K), 0.0191307 secs] [Times: user=0.03 sys=0.03, real=0.01 secs] 
2021-05-19T23:10:06.925+0800: 481158.578: [GC (Allocation Failure) [PSYoungGen: 517536K->3488K(518656K)] 858596K->347657K(1042944K), 0.0203288 secs] [Times: user=0.06 sys=0.00, real=0.02 secs] 
2021-05-19T23:15:32.337+0800: 481483.989: [GC (Allocation Failure) [PSYoungGen: 516000K->2496K(518144K)] 860169K->348336K(1042432K), 0.0194964 secs] [Times: user=0.02 sys=0.03, real=0.02 secs] 
2021-05-19T23:20:58.891+0800: 481810.543: [GC (Allocation Failure) [PSYoungGen: 515008K->2944K(518656K)] 860848K->350071K(1042944K), 0.0167103 secs] [Times: user=0.03 sys=0.03, real=0.02 secs] 
2021-05-19T23:26:25.886+0800: 482137.538: [GC (Allocation Failure) [PSYoungGen: 515968K->3392K(518656K)] 863095K->352238K(1042944K), 0.0256779 secs] [Times: user=0.03 sys=0.03, real=0.03 secs] 
2021-05-19T23:31:53.806+0800: 482465.458: [GC (Allocation Failure) [PSYoungGen: 516416K->3296K(519168K)] 865262K->354333K(1043456K), 0.0175465 secs] [Times: user=0.02 sys=0.03, real=0.02 secs] 
2021-05-19T23:37:20.241+0800: 482791.893: [GC (Allocation Failure) [PSYoungGen: 516832K->2688K(518656K)] 867869K->355683K(1042944K), 0.0184297 secs] [Times: user=0.05 sys=0.00, real=0.02 secs] 
2021-05-19T23:42:50.736+0800: 483122.388: [GC (Allocation Failure) [PSYoungGen: 516224K->2848K(519168K)] 869219K->357131K(1043456K), 0.0176849 secs] [Times: user=0.05 sys=0.00, real=0.02 secs] 
2021-05-19T23:48:12.046+0800: 483443.698: [GC (Allocation Failure) [PSYoungGen: 516896K->5088K(519168K)] 871179K->361491K(1043456K), 0.0191286 secs] [Times: user=0.05 sys=0.00, real=0.02 secs] 
2021-05-19T23:53:31.935+0800: 483763.587: [GC (Allocation Failure) [PSYoungGen: 519136K->2720K(517120K)] 875539K->363542K(1041408K), 0.0197795 secs] [Times: user=0.02 sys=0.03, real=0.02 secs] 
2021-05-19T23:58:52.253+0800: 484083.905: [GC (Allocation Failure) [PSYoungGen: 514720K->2240K(518144K)] 875542K->364549K(1042432K), 0.0179375 secs] [Times: user=0.03 sys=0.03, real=0.01 secs] 
2021-05-20T00:04:02.548+0800: 484394.200: [GC (Allocation Failure) [PSYoungGen: 514240K->2464K(518144K)] 876549K->365733K(1042432K), 0.0185609 secs] [Times: user=0.06 sys=0.00, real=0.02 secs] 
2021-05-20T00:09:22.947+0800: 484714.599: [GC (Allocation Failure) [PSYoungGen: 514464K->4224K(518144K)] 877733K->368477K(1042432K), 0.0198669 secs] [Times: user=0.06 sys=0.00, real=0.02 secs] 
2021-05-20T00:14:46.881+0800: 485038.533: [GC (Allocation Failure) [PSYoungGen: 516224K->3360K(518144K)] 880477K->370355K(1042432K), 0.0196997 secs] [Times: user=0.03 sys=0.03, real=0.02 secs] 
2021-05-20T00:20:07.375+0800: 485359.027: [GC (Allocation Failure) [PSYoungGen: 515360K->4832K(518144K)] 882355K->373881K(1042432K), 0.0165455 secs] [Times: user=0.02 sys=0.03, real=0.01 secs] 
2021-05-20T00:25:27.490+0800: 485679.142: [GC (Allocation Failure) [PSYoungGen: 516832K->4384K(518144K)] 885881K->377222K(1042432K), 0.0320668 secs] [Times: user=0.05 sys=0.00, real=0.04 secs] 
2021-05-20T00:30:49.475+0800: 486001.127: [GC (Allocation Failure) [PSYoungGen: 516384K->3584K(518144K)] 889222K->379316K(1042432K), 0.0225925 secs] [Times: user=0.05 sys=0.00, real=0.02 secs] 
2021-05-20T00:36:14.280+0800: 486325.932: [GC (Allocation Failure) [PSYoungGen: 515584K->2272K(518144K)] 891316K->380482K(1042432K), 0.0162829 secs] [Times: user=0.05 sys=0.00, real=0.02 secs] 
2021-05-20T00:41:37.603+0800: 486649.255: [GC (Allocation Failure) [PSYoungGen: 514272K->3104K(518144K)] 892482K->382346K(1042432K), 0.0181403 secs] [Times: user=0.02 sys=0.03, real=0.01 secs] 
2021-05-20T00:46:55.270+0800: 486966.922: [GC (Allocation Failure) [PSYoungGen: 515104K->3008K(518656K)] 894346K->383985K(1042944K), 0.0172024 secs] [Times: user=0.02 sys=0.03, real=0.02 secs] 
2021-05-20T00:52:16.139+0800: 487287.791: [GC (Allocation Failure) [PSYoungGen: 515520K->2976K(518144K)] 896497K->385632K(1042432K), 0.0185551 secs] [Times: user=0.05 sys=0.00, real=0.02 secs] 
2021-05-20T00:57:38.415+0800: 487610.067: [GC (Allocation Failure) [PSYoungGen: 515488K->5632K(515584K)] 898144K->390247K(1039872K), 0.0314878 secs] [Times: user=0.06 sys=0.00, real=0.03 secs] 
2021-05-20T01:02:56.555+0800: 487928.207: [GC (Allocation Failure) [PSYoungGen: 515584K->2642K(517120K)] 900199K->392117K(1041408K), 0.0225573 secs] [Times: user=0.02 sys=0.04, real=0.02 secs] 
2021-05-20T01:08:12.872+0800: 488244.524: [GC (Allocation Failure) [PSYoungGen: 512594K->3424K(517632K)] 902069K->394132K(1041920K), 0.0223111 secs] [Times: user=0.03 sys=0.03, real=0.03 secs] 
2021-05-20T01:13:33.282+0800: 488564.934: [GC (Allocation Failure) [PSYoungGen: 513888K->2848K(517120K)] 904596K->395387K(1041408K), 0.0201232 secs] [Times: user=0.05 sys=0.00, real=0.02 secs] 
2021-05-20T01:18:57.990+0800: 488889.642: [GC (Allocation Failure) [PSYoungGen: 513312K->2880K(518144K)] 905851K->396771K(1042432K), 0.0245605 secs] [Times: user=0.05 sys=0.00, real=0.03 secs] 
2021-05-20T01:24:18.593+0800: 489210.245: [GC (Allocation Failure) [PSYoungGen: 514368K->2944K(517632K)] 908259K->398482K(1041920K), 0.0165228 secs] [Times: user=0.03 sys=0.03, real=0.01 secs] 
2021-05-20T01:29:43.930+0800: 489535.582: [GC (Allocation Failure) [PSYoungGen: 514432K->4064K(518144K)] 909970K->401313K(1042432K), 0.0255728 secs] [Times: user=0.07 sys=0.00, real=0.03 secs] 
2021-05-20T01:35:03.312+0800: 489854.964: [GC (Allocation Failure) [PSYoungGen: 516064K->2976K(518144K)] 913313K->402927K(1042432K), 0.0192072 secs] [Times: user=0.05 sys=0.00, real=0.01 secs] 
2021-05-20T01:40:24.760+0800: 490176.412: [GC (Allocation Failure) [PSYoungGen: 514976K->3488K(518656K)] 914927K->405174K(1042944K), 0.0276243 secs] [Times: user=0.08 sys=0.00, real=0.03 secs] 
2021-05-20T01:45:48.040+0800: 490499.692: [GC (Allocation Failure) [PSYoungGen: 516000K->2720K(518144K)] 917686K->406644K(1042432K), 0.0182162 secs] [Times: user=0.06 sys=0.00, real=0.02 secs] 
2021-05-20T01:51:11.176+0800: 490822.828: [GC (Allocation Failure) [PSYoungGen: 515232K->3392K(518656K)] 919156K->408764K(1042944K), 0.0166175 secs] [Times: user=0.06 sys=0.00, real=0.02 secs] 
2021-05-20T01:56:34.786+0800: 491146.438: [GC (Allocation Failure) [PSYoungGen: 516416K->3872K(518656K)] 921788K->411418K(1042944K), 0.0197227 secs] [Times: user=0.03 sys=0.03, real=0.02 secs] 
2021-05-20T02:01:55.828+0800: 491467.480: [GC (Allocation Failure) [PSYoungGen: 516896K->3968K(518656K)] 924442K->414272K(1042944K), 0.0203410 secs] [Times: user=0.05 sys=0.00, real=0.02 secs] 
2021-05-20T02:07:16.873+0800: 491788.525: [GC (Allocation Failure) [PSYoungGen: 516992K->5408K(518656K)] 927296K->418550K(1042944K), 0.0236367 secs] [Times: user=0.03 sys=0.03, real=0.02 secs] 
2021-05-20T02:12:34.813+0800: 492106.465: [GC (Allocation Failure) [PSYoungGen: 518432K->3008K(517632K)] 931574K->419906K(1041920K), 0.0206369 secs] [Times: user=0.07 sys=0.00, real=0.02 secs] 
2021-05-20T02:18:02.634+0800: 492434.286: [GC (Allocation Failure) [PSYoungGen: 515008K->2176K(518144K)] 931906K->420521K(1042432K), 0.0207423 secs] [Times: user=0.06 sys=0.00, real=0.02 secs] 
2021-05-20T02:23:23.684+0800: 492755.336: [GC (Allocation Failure) [PSYoungGen: 514176K->3616K(518656K)] 932521K->422857K(1042944K), 0.0177914 secs] [Times: user=0.03 sys=0.03, real=0.01 secs] 
2021-05-20T02:28:43.805+0800: 493075.457: [GC (Allocation Failure) [PSYoungGen: 516128K->2208K(518144K)] 935369K->423943K(1042432K), 0.0191213 secs] [Times: user=0.05 sys=0.00, real=0.02 secs] 
2021-05-20T02:34:04.513+0800: 493396.165: [GC (Allocation Failure) [PSYoungGen: 514720K->2240K(518656K)] 936455K->424927K(1042944K), 0.0172036 secs] [Times: user=0.05 sys=0.00, real=0.01 secs] 
2021-05-20T02:39:29.803+0800: 493721.455: [GC (Allocation Failure) [PSYoungGen: 515264K->3104K(518656K)] 937951K->426711K(1042944K), 0.0200381 secs] [Times: user=0.03 sys=0.03, real=0.02 secs] 
2021-05-20T02:44:55.605+0800: 494047.257: [GC (Allocation Failure) [PSYoungGen: 516128K->2560K(518656K)] 939735K->427935K(1042944K), 0.0189349 secs] [Times: user=0.06 sys=0.00, real=0.02 secs] 
2021-05-20T02:50:20.851+0800: 494372.503: [GC (Allocation Failure) [PSYoungGen: 515584K->2272K(518656K)] 940959K->428846K(1042944K), 0.0304290 secs] [Times: user=0.02 sys=0.04, real=0.03 secs] 
2021-05-20T02:55:46.425+0800: 494698.077: [GC (Allocation Failure) [PSYoungGen: 515296K->3488K(518656K)] 941870K->431062K(1042944K), 0.0330295 secs] [Times: user=0.04 sys=0.04, real=0.03 secs] 
2021-05-20T03:01:07.078+0800: 495018.730: [GC (Allocation Failure) [PSYoungGen: 516512K->4544K(518656K)] 944086K->434381K(1042944K), 0.0221255 secs] [Times: user=0.03 sys=0.03, real=0.02 secs] 
2021-05-20T03:06:34.174+0800: 495345.826: [GC (Allocation Failure) [PSYoungGen: 517568K->3456K(518656K)] 947405K->436657K(1042944K), 0.0497551 secs] [Times: user=0.13 sys=0.00, real=0.05 secs] 
2021-05-20T03:11:52.121+0800: 495663.773: [GC (Allocation Failure) [PSYoungGen: 516480K->4576K(518656K)] 949681K->439624K(1042944K), 0.0170629 secs] [Times: user=0.03 sys=0.03, real=0.02 secs] 
2021-05-20T03:17:18.465+0800: 495990.117: [GC (Allocation Failure) [PSYoungGen: 517600K->2464K(518656K)] 952648K->440709K(1042944K), 0.0186883 secs] [Times: user=0.03 sys=0.03, real=0.02 secs] 
2021-05-20T03:22:39.503+0800: 496311.155: [GC (Allocation Failure) [PSYoungGen: 515488K->2208K(518656K)] 953733K->441597K(1042944K), 0.0150991 secs] [Times: user=0.05 sys=0.00, real=0.01 secs] 
2021-05-20T03:27:59.531+0800: 496631.183: [GC (Allocation Failure) [PSYoungGen: 515225K->5600K(516608K)] 954614K->446317K(1040896K), 0.0199996 secs] [Times: user=0.05 sys=0.00, real=0.02 secs] 
2021-05-20T03:33:24.491+0800: 496956.143: [GC (Allocation Failure) [PSYoungGen: 516576K->5888K(517120K)] 957293K->450674K(1041408K), 0.0239922 secs] [Times: user=0.03 sys=0.03, real=0.03 secs] 
2021-05-20T03:38:44.536+0800: 497276.188: [GC (Allocation Failure) [PSYoungGen: 516864K->4224K(517120K)] 961650K->453837K(1041408K), 0.0261066 secs] [Times: user=0.06 sys=0.00, real=0.03 secs] 
2021-05-20T03:44:05.750+0800: 497597.402: [GC (Allocation Failure) [PSYoungGen: 514176K->2304K(517120K)] 963789K->454898K(1041408K), 0.0187111 secs] [Times: user=0.02 sys=0.03, real=0.02 secs] 
2021-05-20T03:49:26.955+0800: 497918.607: [GC (Allocation Failure) [PSYoungGen: 512256K->2976K(517120K)] 964850K->456538K(1041408K), 0.0175026 secs] [Times: user=0.03 sys=0.03, real=0.02 secs] 
2021-05-20T03:54:51.555+0800: 498243.207: [GC (Allocation Failure) [PSYoungGen: 512928K->2368K(517120K)] 966490K->457665K(1041408K), 0.0183527 secs] [Times: user=0.05 sys=0.00, real=0.02 secs] 
2021-05-20T04:00:09.793+0800: 498561.445: [GC (Allocation Failure) [PSYoungGen: 512320K->2272K(517632K)] 967617K->458601K(1041920K), 0.0199714 secs] [Times: user=0.03 sys=0.03, real=0.02 secs] 
2021-05-20T04:05:29.588+0800: 498881.240: [GC (Allocation Failure) [PSYoungGen: 513248K->4512K(517632K)] 969577K->461825K(1041920K), 0.0249862 secs] [Times: user=0.03 sys=0.03, real=0.03 secs] 
2021-05-20T04:10:48.072+0800: 499199.724: [GC (Allocation Failure) [PSYoungGen: 515488K->6240K(515584K)] 972801K->466807K(1039872K), 0.0207732 secs] [Times: user=0.03 sys=0.03, real=0.02 secs] 
2021-05-20T04:16:07.102+0800: 499518.754: [GC (Allocation Failure) [PSYoungGen: 515168K->3456K(516608K)] 975735K->467787K(1040896K), 0.0196136 secs] [Times: user=0.07 sys=0.00, real=0.02 secs] 
2021-05-20T04:21:26.644+0800: 499838.296: [GC (Allocation Failure) [PSYoungGen: 512384K->2912K(517120K)] 976715K->469585K(1041408K), 0.0176330 secs] [Times: user=0.03 sys=0.03, real=0.01 secs] 
2021-05-20T04:26:44.374+0800: 500156.026: [GC (Allocation Failure) [PSYoungGen: 512864K->2304K(517120K)] 979537K->470672K(1041408K), 0.0212174 secs] [Times: user=0.05 sys=0.00, real=0.02 secs] 
2021-05-20T04:32:04.920+0800: 500476.572: [GC (Allocation Failure) [PSYoungGen: 512256K->3712K(517632K)] 980624K->473048K(1041920K), 0.0269160 secs] [Times: user=0.06 sys=0.00, real=0.03 secs] 
2021-05-20T04:37:21.524+0800: 500793.176: [GC (Allocation Failure) [PSYoungGen: 514176K->3168K(517120K)] 983512K->474910K(1041408K), 0.0189232 secs] [Times: user=0.06 sys=0.00, real=0.02 secs] 
2021-05-20T04:42:43.406+0800: 501115.058: [GC (Allocation Failure) [PSYoungGen: 513632K->3168K(518144K)] 985374K->476677K(1042432K), 0.0191420 secs] [Times: user=0.03 sys=0.03, real=0.02 secs] 
2021-05-20T04:48:01.657+0800: 501433.309: [GC (Allocation Failure) [PSYoungGen: 514656K->2784K(517632K)] 988165K->478268K(1041920K), 0.0218953 secs] [Times: user=0.06 sys=0.00, real=0.02 secs] 
2021-05-20T04:53:22.046+0800: 501753.698: [GC (Allocation Failure) [PSYoungGen: 514272K->4640K(518144K)] 989756K->481556K(1042432K), 0.0206241 secs] [Times: user=0.05 sys=0.00, real=0.02 secs] 
2021-05-20T04:58:37.242+0800: 502068.894: [GC (Allocation Failure) [PSYoungGen: 516640K->3712K(518144K)] 993556K->484080K(1042432K), 0.0197709 secs] [Times: user=0.03 sys=0.04, real=0.02 secs] 
2021-05-20T05:03:57.578+0800: 502389.230: [GC (Allocation Failure) [PSYoungGen: 515712K->4096K(518144K)] 996080K->486878K(1042432K), 0.0202888 secs] [Times: user=0.06 sys=0.00, real=0.02 secs] 
2021-05-20T05:08:53.257+0800: 502684.909: [GC (Allocation Failure) [PSYoungGen: 516096K->6144K(518144K)] 998878K->494612K(1042432K), 0.0182175 secs] [Times: user=0.06 sys=0.00, real=0.02 secs] 
2021-05-20T05:13:53.160+0800: 502984.812: [GC (Allocation Failure) [PSYoungGen: 518144K->6144K(505856K)] 1006612K->503082K(1030144K), 0.0202888 secs] [Times: user=0.07 sys=0.00, real=0.02 secs] 
2021-05-20T05:18:33.198+0800: 503264.850: [GC (Allocation Failure) [PSYoungGen: 505856K->6560K(512000K)] 1002794K->509340K(1036288K), 0.0246220 secs] [Times: user=0.03 sys=0.04, real=0.03 secs] 
2021-05-20T05:23:07.598+0800: 503539.250: [GC (Allocation Failure) [PSYoungGen: 506272K->3328K(512512K)] 1009052K->511518K(1036800K), 0.0318961 secs] [Times: user=0.06 sys=0.00, real=0.03 secs] 
2021-05-20T05:27:54.246+0800: 503825.898: [GC (Allocation Failure) [PSYoungGen: 503552K->3200K(512000K)] 1011742K->513288K(1036288K), 0.0211404 secs] [Times: user=0.03 sys=0.03, real=0.02 secs] 
2021-05-20T05:32:41.280+0800: 504112.932: [GC (Allocation Failure) [PSYoungGen: 503424K->4448K(513024K)] 1013512K->516551K(1037312K), 0.0217873 secs] [Times: user=0.03 sys=0.04, real=0.03 secs] 
2021-05-20T05:37:27.631+0800: 504399.283: [GC (Allocation Failure) [PSYoungGen: 505696K->4992K(512512K)] 1017799K->520337K(1036800K), 0.0299585 secs] [Times: user=0.06 sys=0.00, real=0.03 secs] 
2021-05-20T05:42:17.230+0800: 504688.882: [GC (Allocation Failure) [PSYoungGen: 506240K->3072K(514048K)] 1021585K->522214K(1038336K), 0.0337369 secs] [Times: user=0.03 sys=0.03, real=0.04 secs] 
2021-05-20T05:42:17.264+0800: 504688.916: [Full GC (Ergonomics) [PSYoungGen: 3072K->0K(514048K)] [ParOldGen: 519142K->250438K(524288K)] 522214K->250438K(1038336K), [Metaspace: 95192K->95192K(1136640K)], 0.3853015 secs] [Times: user=0.93 sys=0.00, real=0.38 secs] 
2021-05-20T05:47:07.624+0800: 504979.276: [GC (Allocation Failure) [PSYoungGen: 503808K->5344K(514048K)] 754246K->255782K(1038336K), 0.0171396 secs] [Times: user=0.03 sys=0.02, real=0.01 secs] 
2021-05-20T05:51:58.228+0800: 505269.880: [GC (Allocation Failure) [PSYoungGen: 509152K->4640K(514560K)] 759590K->259132K(1038848K), 0.0265083 secs] [Times: user=0.05 sys=0.00, real=0.03 secs] 
2021-05-20T05:56:51.770+0800: 505563.422: [GC (Allocation Failure) [PSYoungGen: 509472K->3072K(514560K)] 763964K->261121K(1038848K), 0.0187848 secs] [Times: user=0.03 sys=0.03, real=0.02 secs] 
2021-05-20T06:01:44.018+0800: 505855.670: [GC (Allocation Failure) [PSYoungGen: 507904K->2336K(515072K)] 765953K->262240K(1039360K), 0.0173428 secs] [Times: user=0.02 sys=0.03, real=0.02 secs] 
2021-05-20T06:06:38.014+0800: 506149.666: [GC (Allocation Failure) [PSYoungGen: 508192K->2720K(515072K)] 768096K->263720K(1039360K), 0.0190618 secs] [Times: user=0.03 sys=0.04, real=0.02 secs] 
2021-05-20T06:11:32.978+0800: 506444.630: [GC (Allocation Failure) [PSYoungGen: 508576K->2592K(515072K)] 769576K->264855K(1039360K), 0.0164886 secs] [Times: user=0.02 sys=0.02, real=0.02 secs] 
2021-05-20T06:16:23.053+0800: 506734.705: [GC (Allocation Failure) [PSYoungGen: 508448K->3392K(515072K)] 770711K->266583K(1039360K), 0.0194778 secs] [Times: user=0.03 sys=0.03, real=0.02 secs] 
2021-05-20T06:21:11.389+0800: 507023.041: [GC (Allocation Failure) [PSYoungGen: 509248K->3168K(516096K)] 772439K->268653K(1040384K), 0.0178937 secs] [Times: user=0.03 sys=0.03, real=0.02 secs] 
2021-05-20T06:26:03.159+0800: 507314.811: [GC (Allocation Failure) [PSYoungGen: 510560K->6720K(514560K)] 776045K->274213K(1038848K), 0.0197604 secs] [Times: user=0.03 sys=0.03, real=0.02 secs] 
2021-05-20T06:30:52.818+0800: 507604.470: [GC (Allocation Failure) [PSYoungGen: 514112K->5376K(515584K)] 781605K->278712K(1039872K), 0.0203187 secs] [Times: user=0.03 sys=0.03, real=0.02 secs] 
2021-05-20T06:35:43.419+0800: 507895.071: [GC (Allocation Failure) [PSYoungGen: 511736K->5216K(515072K)] 785072K->282485K(1039360K), 0.0405939 secs] [Times: user=0.07 sys=0.00, real=0.04 secs] 
2021-05-20T06:40:32.417+0800: 508184.069: [GC (Allocation Failure) [PSYoungGen: 511584K->6112K(514560K)] 788853K->287323K(1038848K), 0.0197457 secs] [Times: user=0.07 sys=0.00, real=0.02 secs] 
2021-05-20T06:45:23.098+0800: 508474.750: [GC (Allocation Failure) [PSYoungGen: 511968K->5536K(515072K)] 793179K->291159K(1039360K), 0.0203138 secs] [Times: user=0.06 sys=0.00, real=0.02 secs] 
2021-05-20T06:50:16.306+0800: 508767.958: [GC (Allocation Failure) [PSYoungGen: 511392K->5856K(515072K)] 797015K->295620K(1039360K), 0.0242634 secs] [Times: user=0.03 sys=0.04, real=0.02 secs] 
2021-05-20T06:55:06.749+0800: 509058.401: [GC (Allocation Failure) [PSYoungGen: 511712K->3680K(515072K)] 801476K->298144K(1039360K), 0.0191375 secs] [Times: user=0.06 sys=0.00, real=0.02 secs] 
2021-05-20T06:59:54.684+0800: 509346.336: [GC (Allocation Failure) [PSYoungGen: 509536K->3200K(515584K)] 804000K->300191K(1039872K), 0.0163935 secs] [Times: user=0.03 sys=0.02, real=0.01 secs] 
2021-05-20T07:04:43.855+0800: 509635.507: [GC (Allocation Failure) [PSYoungGen: 510080K->4562K(515584K)] 807071K->303561K(1039872K), 0.0196692 secs] [Times: user=0.06 sys=0.00, real=0.02 secs] 
2021-05-20T07:09:34.735+0800: 509926.387: [GC (Allocation Failure) [PSYoungGen: 511442K->3264K(516096K)] 810441K->305511K(1040384K), 0.0181912 secs] [Times: user=0.03 sys=0.03, real=0.02 secs] 
2021-05-20T07:14:28.634+0800: 510220.286: [GC (Allocation Failure) [PSYoungGen: 511168K->3328K(516096K)] 813415K->307510K(1040384K), 0.0217774 secs] [Times: user=0.02 sys=0.03, real=0.02 secs] 
2021-05-20T07:19:23.533+0800: 510515.185: [GC (Allocation Failure) [PSYoungGen: 511232K->4352K(516608K)] 815414K->310581K(1040896K), 0.0185725 secs] [Times: user=0.03 sys=0.03, real=0.01 secs] 
2021-05-20T07:24:15.679+0800: 510807.331: [GC (Allocation Failure) [PSYoungGen: 512768K->4480K(516096K)] 818997K->313580K(1040384K), 0.0173375 secs] [Times: user=0.05 sys=0.00, real=0.02 secs] 
2021-05-20T07:29:03.842+0800: 511095.494: [GC (Allocation Failure) [PSYoungGen: 512896K->3424K(517120K)] 821996K->316026K(1041408K), 0.0269197 secs] [Times: user=0.03 sys=0.02, real=0.03 secs] 
2021-05-20T07:33:51.950+0800: 511383.602: [GC (Allocation Failure) [PSYoungGen: 513376K->3904K(517120K)] 825978K->318768K(1041408K), 0.0205103 secs] [Times: user=0.06 sys=0.00, real=0.02 secs] 
2021-05-20T07:38:43.397+0800: 511675.049: [GC (Allocation Failure) [PSYoungGen: 513856K->4448K(517632K)] 828720K->321991K(1041920K), 0.0219633 secs] [Times: user=0.03 sys=0.04, real=0.02 secs] 
2021-05-20T07:43:37.997+0800: 511969.649: [GC (Allocation Failure) [PSYoungGen: 514912K->3392K(517120K)] 832455K->324165K(1041408K), 0.0197889 secs] [Times: user=0.06 sys=0.00, real=0.02 secs] 
2021-05-20T07:48:25.929+0800: 512257.581: [GC (Allocation Failure) [PSYoungGen: 513856K->3744K(517632K)] 834629K->326556K(1041920K), 0.0174075 secs] [Times: user=0.02 sys=0.03, real=0.02 secs] 
2021-05-20T07:53:18.755+0800: 512550.407: [GC (Allocation Failure) [PSYoungGen: 514720K->3648K(517632K)] 837532K->328451K(1041920K), 0.0282370 secs] [Times: user=0.06 sys=0.00, real=0.03 secs] 
2021-05-20T07:58:10.313+0800: 512841.965: [GC (Allocation Failure) [PSYoungGen: 514624K->3072K(517632K)] 839427K->329907K(1041920K), 0.0223716 secs] [Times: user=0.03 sys=0.03, real=0.02 secs] 
2021-05-20T08:03:05.927+0800: 513137.579: [GC (Allocation Failure) [PSYoungGen: 514048K->3232K(517632K)] 840883K->331811K(1041920K), 0.0182633 secs] [Times: user=0.02 sys=0.03, real=0.02 secs] 
2021-05-20T08:07:59.125+0800: 513430.777: [GC (Allocation Failure) [PSYoungGen: 514208K->3296K(518144K)] 842787K->333706K(1042432K), 0.0200227 secs] [Times: user=0.07 sys=0.00, real=0.02 secs] 
2021-05-20T08:12:51.554+0800: 513723.206: [GC (Allocation Failure) [PSYoungGen: 515296K->2304K(518144K)] 845706K->334705K(1042432K), 0.0158786 secs] [Times: user=0.02 sys=0.02, real=0.01 secs] 
2021-05-20T08:17:44.437+0800: 514016.089: [GC (Allocation Failure) [PSYoungGen: 514304K->3296K(518144K)] 846705K->336808K(1042432K), 0.0144108 secs] [Times: user=0.02 sys=0.02, real=0.01 secs] 
2021-05-20T08:22:38.846+0800: 514310.498: [GC (Allocation Failure) [PSYoungGen: 515296K->3584K(518144K)] 848808K->339112K(1042432K), 0.0168822 secs] [Times: user=0.05 sys=0.00, real=0.02 secs] 
2021-05-20T08:27:29.978+0800: 514601.630: [GC (Allocation Failure) [PSYoungGen: 515584K->4128K(518656K)] 851112K->341887K(1042944K), 0.0194809 secs] [Times: user=0.05 sys=0.00, real=0.02 secs] 
2021-05-20T08:32:23.847+0800: 514895.499: [GC (Allocation Failure) [PSYoungGen: 517152K->5600K(518656K)] 854911K->346287K(1042944K), 0.0179315 secs] [Times: user=0.02 sys=0.03, real=0.02 secs] 
2021-05-20T08:37:19.621+0800: 515191.273: [GC (Allocation Failure) [PSYoungGen: 518624K->3776K(515584K)] 859311K->349322K(1039872K), 0.0200192 secs] [Times: user=0.03 sys=0.03, real=0.02 secs] 
2021-05-20T08:42:12.282+0800: 515483.934: [GC (Allocation Failure) [PSYoungGen: 513728K->3968K(517120K)] 859274K->352090K(1041408K), 0.0213191 secs] [Times: user=0.02 sys=0.03, real=0.02 secs] 
2021-05-20T08:47:04.262+0800: 515775.914: [GC (Allocation Failure) [PSYoungGen: 513920K->4256K(517632K)] 862042K->354770K(1041920K), 0.0200046 secs] [Times: user=0.06 sys=0.00, real=0.02 secs] 
2021-05-20T08:51:55.037+0800: 516066.690: [GC (Allocation Failure) [PSYoungGen: 514720K->5344K(517120K)] 865234K->358297K(1041408K), 0.0194755 secs] [Times: user=0.03 sys=0.03, real=0.02 secs] 
2021-05-20T08:56:48.619+0800: 516360.271: [GC (Allocation Failure) [PSYoungGen: 515808K->2912K(517120K)] 868761K->359590K(1041408K), 0.0224362 secs] [Times: user=0.03 sys=0.02, real=0.02 secs] 
2021-05-20T09:01:44.764+0800: 516656.416: [GC (Allocation Failure) [PSYoungGen: 512864K->3648K(517120K)] 869542K->361934K(1041408K), 0.0241516 secs] [Times: user=0.07 sys=0.00, real=0.02 secs] 
2021-05-20T09:06:33.059+0800: 516944.711: [GC (Allocation Failure) [PSYoungGen: 513600K->3008K(517632K)] 871886K->363804K(1041920K), 0.0164613 secs] [Times: user=0.03 sys=0.03, real=0.02 secs] 
2021-05-20T09:11:23.211+0800: 517234.863: [GC (Allocation Failure) [PSYoungGen: 513984K->1952K(517632K)] 874780K->364268K(1041920K), 0.0304171 secs] [Times: user=0.03 sys=0.02, real=0.03 secs] 
2021-05-20T09:16:12.124+0800: 517523.776: [GC (Allocation Failure) [PSYoungGen: 512928K->2592K(517632K)] 875244K->365611K(1041920K), 0.0193257 secs] [Times: user=0.03 sys=0.03, real=0.02 secs] 
2021-05-20T09:21:04.946+0800: 517816.598: [GC (Allocation Failure) [PSYoungGen: 513568K->2624K(517632K)] 876587K->366915K(1041920K), 0.0164781 secs] [Times: user=0.03 sys=0.02, real=0.02 secs] 
2021-05-20T09:25:58.203+0800: 518109.855: [GC (Allocation Failure) [PSYoungGen: 513600K->3520K(518144K)] 877891K->369123K(1042432K), 0.0237069 secs] [Times: user=0.03 sys=0.03, real=0.02 secs] 
2021-05-20T09:30:45.038+0800: 518396.690: [GC (Allocation Failure) [PSYoungGen: 515008K->2336K(517632K)] 880611K->370241K(1041920K), 0.0286094 secs] [Times: user=0.03 sys=0.03, real=0.03 secs] 
2021-05-20T09:35:35.733+0800: 518687.385: [GC (Allocation Failure) [PSYoungGen: 513824K->3360K(518144K)] 881729K->372337K(1042432K), 0.0235057 secs] [Times: user=0.05 sys=0.00, real=0.02 secs] 
2021-05-20T09:40:30.683+0800: 518982.335: [GC (Allocation Failure) [PSYoungGen: 515360K->3840K(518144K)] 884337K->374912K(1042432K), 0.0199521 secs] [Times: user=0.06 sys=0.00, real=0.02 secs] 
2021-05-20T09:45:22.394+0800: 519274.046: [GC (Allocation Failure) [PSYoungGen: 515840K->3584K(518656K)] 886912K->377174K(1042944K), 0.0187363 secs] [Times: user=0.06 sys=0.00, real=0.02 secs] 
2021-05-20T09:50:19.518+0800: 519571.170: [GC (Allocation Failure) [PSYoungGen: 516096K->2720K(518144K)] 889686K->378581K(1042432K), 0.0178982 secs] [Times: user=0.06 sys=0.00, real=0.02 secs] 
2021-05-20T09:55:15.851+0800: 519867.503: [GC (Allocation Failure) [PSYoungGen: 515232K->2784K(518656K)] 891093K->380044K(1042944K), 0.0164505 secs] [Times: user=0.03 sys=0.02, real=0.02 secs] 
2021-05-20T10:00:09.855+0800: 520161.507: [GC (Allocation Failure) [PSYoungGen: 515808K->3264K(518656K)] 893068K->381884K(1042944K), 0.0196611 secs] [Times: user=0.03 sys=0.03, real=0.02 secs] 
2021-05-20T10:04:58.184+0800: 520449.836: [GC (Allocation Failure) [PSYoungGen: 516288K->3648K(519168K)] 894908K->384012K(1043456K), 0.0178701 secs] [Times: user=0.06 sys=0.00, real=0.01 secs] 
2021-05-20T10:09:51.086+0800: 520742.738: [GC (Allocation Failure) [PSYoungGen: 517184K->3456K(518656K)] 897548K->386123K(1042944K), 0.0179939 secs] [Times: user=0.02 sys=0.03, real=0.02 secs] 
2021-05-20T10:14:46.575+0800: 521038.227: [GC (Allocation Failure) [PSYoungGen: 516992K->2112K(519168K)] 899659K->386923K(1043456K), 0.0184961 secs] [Times: user=0.02 sys=0.03, real=0.02 secs] 
2021-05-20T10:19:43.025+0800: 521334.677: [GC (Allocation Failure) [PSYoungGen: 516160K->4128K(518656K)] 900971K->389795K(1042944K), 0.0168176 secs] [Times: user=0.05 sys=0.00, real=0.02 secs] 
2021-05-20T10:24:40.412+0800: 521632.064: [GC (Allocation Failure) [PSYoungGen: 518176K->3392K(519168K)] 903843K->392032K(1043456K), 0.0161239 secs] [Times: user=0.03 sys=0.03, real=0.01 secs] 
2021-05-20T10:29:35.838+0800: 521927.490: [GC (Allocation Failure) [PSYoungGen: 516928K->3200K(518656K)] 905568K->393824K(1042944K), 0.0184674 secs] [Times: user=0.02 sys=0.03, real=0.02 secs] 
2021-05-20T10:34:34.280+0800: 522225.932: [GC (Allocation Failure) [PSYoungGen: 516736K->2528K(519168K)] 907360K->395151K(1043456K), 0.0237310 secs] [Times: user=0.08 sys=0.00, real=0.03 secs] 
2021-05-20T10:39:32.009+0800: 522523.661: [GC (Allocation Failure) [PSYoungGen: 516576K->2720K(519168K)] 909199K->396479K(1043456K), 0.0205989 secs] [Times: user=0.03 sys=0.03, real=0.02 secs] 
2021-05-20T10:44:29.040+0800: 522820.692: [GC (Allocation Failure) [PSYoungGen: 516768K->2624K(519168K)] 910527K->397727K(1043456K), 0.0187653 secs] [Times: user=0.03 sys=0.04, real=0.02 secs] 
2021-05-20T10:49:23.880+0800: 523115.532: [GC (Allocation Failure) [PSYoungGen: 516672K->2560K(519168K)] 911775K->398991K(1043456K), 0.0187300 secs] [Times: user=0.03 sys=0.03, real=0.02 secs] 
2021-05-20T10:54:16.627+0800: 523408.279: [GC (Allocation Failure) [PSYoungGen: 516608K->5088K(517120K)] 913039K->402999K(1041408K), 0.0212060 secs] [Times: user=0.07 sys=0.00, real=0.02 secs] 
2021-05-20T10:59:15.336+0800: 523706.988: [GC (Allocation Failure) [PSYoungGen: 517088K->4768K(518144K)] 914999K->406420K(1042432K), 0.0199074 secs] [Times: user=0.03 sys=0.03, real=0.02 secs] 
2021-05-20T11:04:07.419+0800: 523999.071: [GC (Allocation Failure) [PSYoungGen: 516768K->4032K(518144K)] 918420K->408690K(1042432K), 0.0401569 secs] [Times: user=0.07 sys=0.00, real=0.04 secs] 
2021-05-20T11:08:59.555+0800: 524291.207: [GC (Allocation Failure) [PSYoungGen: 516032K->3968K(518144K)] 920690K->411577K(1042432K), 0.0185011 secs] [Times: user=0.03 sys=0.03, real=0.02 secs] 
2021-05-20T11:13:55.324+0800: 524586.976: [GC (Allocation Failure) [PSYoungGen: 515968K->1952K(518144K)] 923577K->412350K(1042432K), 0.0170511 secs] [Times: user=0.05 sys=0.00, real=0.01 secs] 
2021-05-20T11:18:55.101+0800: 524886.753: [GC (Allocation Failure) [PSYoungGen: 513952K->2912K(518144K)] 924350K->413966K(1042432K), 0.0161279 secs] [Times: user=0.05 sys=0.00, real=0.02 secs] 
2021-05-20T11:23:48.216+0800: 525179.868: [GC (Allocation Failure) [PSYoungGen: 514912K->2784K(518144K)] 925966K->415366K(1042432K), 0.0171654 secs] [Times: user=0.02 sys=0.03, real=0.02 secs] 
2021-05-20T11:28:40.375+0800: 525472.027: [GC (Allocation Failure) [PSYoungGen: 514784K->3744K(518144K)] 927366K->417655K(1042432K), 0.0190784 secs] [Times: user=0.05 sys=0.00, real=0.02 secs] 
2021-05-20T11:33:36.436+0800: 525768.088: [GC (Allocation Failure) [PSYoungGen: 515744K->5152K(517632K)] 929655K->421534K(1041920K), 0.0346314 secs] [Times: user=0.03 sys=0.03, real=0.03 secs] 
2021-05-20T11:38:32.239+0800: 526063.891: [GC (Allocation Failure) [PSYoungGen: 517152K->3648K(518144K)] 933534K->423931K(1042432K), 0.0210223 secs] [Times: user=0.03 sys=0.03, real=0.02 secs] 
2021-05-20T11:43:29.282+0800: 526360.934: [GC (Allocation Failure) [PSYoungGen: 515648K->4128K(518144K)] 935931K->426746K(1042432K), 0.0216318 secs] [Times: user=0.07 sys=0.00, real=0.03 secs] 
2021-05-20T11:48:24.273+0800: 526655.925: [GC (Allocation Failure) [PSYoungGen: 516128K->3584K(518144K)] 938746K->428785K(1042432K), 0.0188725 secs] [Times: user=0.03 sys=0.03, real=0.01 secs] 
2021-05-20T11:53:18.546+0800: 526950.198: [GC (Allocation Failure) [PSYoungGen: 515584K->4288K(518656K)] 940785K->431983K(1042944K), 0.0217029 secs] [Times: user=0.02 sys=0.04, real=0.02 secs] 
2021-05-20T11:58:17.826+0800: 527249.478: [GC (Allocation Failure) [PSYoungGen: 517312K->5216K(518656K)] 945007K->436181K(1042944K), 0.0223613 secs] [Times: user=0.07 sys=0.00, real=0.02 secs] 
2021-05-20T12:03:15.663+0800: 527547.315: [GC (Allocation Failure) [PSYoungGen: 518240K->3488K(517632K)] 949205K->438434K(1041920K), 0.0185515 secs] [Times: user=0.02 sys=0.03, real=0.01 secs] 
2021-05-20T12:08:07.964+0800: 527839.616: [GC (Allocation Failure) [PSYoungGen: 515488K->3520K(518144K)] 950434K->440513K(1042432K), 0.0203202 secs] [Times: user=0.06 sys=0.00, real=0.02 secs] 
2021-05-20T12:13:02.157+0800: 528133.809: [GC (Allocation Failure) [PSYoungGen: 515520K->1984K(518144K)] 952513K->441208K(1042432K), 0.0159363 secs] [Times: user=0.05 sys=0.00, real=0.02 secs] 
2021-05-20T12:17:56.676+0800: 528428.328: [GC (Allocation Failure) [PSYoungGen: 513982K->2816K(518144K)] 953206K->442775K(1042432K), 0.0198644 secs] [Times: user=0.03 sys=0.03, real=0.02 secs] 
2021-05-20T12:22:52.858+0800: 528724.510: [GC (Allocation Failure) [PSYoungGen: 514816K->5152K(518144K)] 954775K->446647K(1042432K), 0.0196381 secs] [Times: user=0.03 sys=0.03, real=0.02 secs] 
2021-05-20T12:27:46.528+0800: 529018.180: [GC (Allocation Failure) [PSYoungGen: 517152K->3616K(518144K)] 958647K->449028K(1042432K), 0.0232509 secs] [Times: user=0.03 sys=0.04, real=0.02 secs] 
2021-05-20T12:32:37.109+0800: 529308.761: [GC (Allocation Failure) [PSYoungGen: 515616K->5888K(517120K)] 961028K->453268K(1041408K), 0.0203546 secs] [Times: user=0.07 sys=0.00, real=0.02 secs] 
2021-05-20T12:37:29.847+0800: 529601.499: [GC (Allocation Failure) [PSYoungGen: 516864K->3680K(517632K)] 964244K->455656K(1041920K), 0.0203992 secs] [Times: user=0.03 sys=0.03, real=0.02 secs] 
2021-05-20T12:42:21.908+0800: 529893.560: [GC (Allocation Failure) [PSYoungGen: 514656K->3072K(517632K)] 966632K->457455K(1041920K), 0.0203554 secs] [Times: user=0.03 sys=0.04, real=0.02 secs] 
2021-05-20T12:47:16.487+0800: 530188.139: [GC (Allocation Failure) [PSYoungGen: 514048K->2656K(517632K)] 968431K->458831K(1041920K), 0.0178166 secs] [Times: user=0.02 sys=0.03, real=0.02 secs] 
2021-05-20T12:52:10.740+0800: 530482.392: [GC (Allocation Failure) [PSYoungGen: 513632K->3520K(518144K)] 969807K->461215K(1042432K), 0.0234154 secs] [Times: user=0.03 sys=0.03, real=0.03 secs] 
2021-05-20T12:57:04.753+0800: 530776.405: [GC (Allocation Failure) [PSYoungGen: 515520K->6112K(518144K)] 973215K->465726K(1042432K), 0.0213969 secs] [Times: user=0.07 sys=0.00, real=0.02 secs] 
2021-05-20T13:01:59.592+0800: 531071.244: [GC (Allocation Failure) [PSYoungGen: 518112K->5536K(515072K)] 977726K->469819K(1039360K), 0.0217199 secs] [Times: user=0.03 sys=0.04, real=0.03 secs] 
2021-05-20T13:06:47.640+0800: 531359.292: [GC (Allocation Failure) [PSYoungGen: 514464K->4416K(516608K)] 978747K->473135K(1040896K), 0.0223351 secs] [Times: user=0.06 sys=0.00, real=0.03 secs] 
2021-05-20T13:11:41.252+0800: 531652.904: [GC (Allocation Failure) [PSYoungGen: 513344K->2304K(516608K)] 982063K->474167K(1040896K), 0.0173815 secs] [Times: user=0.05 sys=0.00, real=0.02 secs] 
2021-05-20T13:16:34.770+0800: 531946.422: [GC (Allocation Failure) [PSYoungGen: 511232K->2720K(516608K)] 983095K->475671K(1040896K), 0.0173893 secs] [Times: user=0.03 sys=0.02, real=0.02 secs] 
2021-05-20T13:21:31.260+0800: 532242.912: [GC (Allocation Failure) [PSYoungGen: 511648K->4224K(517120K)] 984599K->478687K(1041408K), 0.0174285 secs] [Times: user=0.02 sys=0.02, real=0.02 secs] 
2021-05-20T13:26:22.700+0800: 532534.352: [GC (Allocation Failure) [PSYoungGen: 513664K->2720K(516608K)] 988127K->480349K(1040896K), 0.0194393 secs] [Times: user=0.06 sys=0.00, real=0.02 secs] 
2021-05-20T13:31:12.886+0800: 532824.538: [GC (Allocation Failure) [PSYoungGen: 512160K->3744K(517632K)] 989789K->482637K(1041920K), 0.0180059 secs] [Times: user=0.02 sys=0.03, real=0.02 secs] 
2021-05-20T13:36:03.290+0800: 533114.943: [GC (Allocation Failure) [PSYoungGen: 514208K->5664K(517120K)] 993101K->486789K(1041408K), 0.0203884 secs] [Times: user=0.06 sys=0.00, real=0.02 secs] 
2021-05-20T13:40:52.850+0800: 533404.502: [GC (Allocation Failure) [PSYoungGen: 516128K->4416K(517120K)] 997253K->489985K(1041408K), 0.0284831 secs] [Times: user=0.08 sys=0.00, real=0.03 secs] 
2021-05-20T13:45:44.193+0800: 533695.845: [GC (Allocation Failure) [PSYoungGen: 514368K->4224K(517120K)] 999937K->492975K(1041408K), 0.0201728 secs] [Times: user=0.06 sys=0.00, real=0.02 secs] 
2021-05-20T13:50:40.957+0800: 533992.609: [GC (Allocation Failure) [PSYoungGen: 514176K->6656K(512512K)] 1002927K->500413K(1036800K), 0.0229086 secs] [Times: user=0.08 sys=0.00, real=0.02 secs] 
2021-05-20T13:55:31.770+0800: 534283.422: [GC (Allocation Failure) [PSYoungGen: 512512K->4480K(515072K)] 1006269K->504693K(1039360K), 0.0190594 secs] [Times: user=0.06 sys=0.00, real=0.02 secs] 
2021-05-20T14:00:24.026+0800: 534575.678: [GC (Allocation Failure) [PSYoungGen: 510336K->2944K(515072K)] 1010549K->506399K(1039360K), 0.0190184 secs] [Times: user=0.06 sys=0.00, real=0.02 secs] 
2021-05-20T14:05:22.452+0800: 534874.104: [GC (Allocation Failure) [PSYoungGen: 508800K->3456K(515072K)] 1012255K->508423K(1039360K), 0.0193160 secs] [Times: user=0.03 sys=0.03, real=0.02 secs] 
2021-05-20T14:10:10.246+0800: 535161.898: [GC (Allocation Failure) [PSYoungGen: 509312K->5184K(515584K)] 1014279K->512174K(1039872K), 0.0237066 secs] [Times: user=0.06 sys=0.00, real=0.02 secs] 
2021-05-20T14:15:02.857+0800: 535454.509: [GC (Allocation Failure) [PSYoungGen: 512064K->3616K(515584K)] 1019054K->514666K(1039872K), 0.0478195 secs] [Times: user=0.03 sys=0.04, real=0.05 secs] 
2021-05-20T14:19:51.831+0800: 535743.483: [GC (Allocation Failure) [PSYoungGen: 510496K->4576K(516096K)] 1021546K->517944K(1040384K), 0.0229047 secs] [Times: user=0.05 sys=0.00, real=0.03 secs] 
2021-05-20T14:24:41.150+0800: 536032.802: [GC (Allocation Failure) [PSYoungGen: 512480K->4512K(516096K)] 1025848K->521085K(1040384K), 0.0197017 secs] [Times: user=0.03 sys=0.03, real=0.02 secs] 
2021-05-20T14:29:32.969+0800: 536324.621: [GC (Allocation Failure) [PSYoungGen: 512416K->4128K(516608K)] 1028989K->523978K(1040896K), 0.0488553 secs] [Times: user=0.02 sys=0.03, real=0.05 secs] 
2021-05-20T14:29:33.018+0800: 536324.670: [Full GC (Ergonomics) [PSYoungGen: 4128K->0K(516608K)] [ParOldGen: 519850K->264733K(524288K)] 523978K->264733K(1040896K), [Metaspace: 95195K->95195K(1136640K)], 0.5077018 secs] [Times: user=0.97 sys=0.00, real=0.51 secs] 
2021-05-20T14:34:26.734+0800: 536618.386: [GC (Allocation Failure) [PSYoungGen: 508928K->2656K(516608K)] 773661K->267389K(1040896K), 0.0175022 secs] [Times: user=0.02 sys=0.02, real=0.01 secs] 
2021-05-20T14:39:17.049+0800: 536908.701: [GC (Allocation Failure) [PSYoungGen: 511584K->4672K(517120K)] 776317K->270765K(1041408K), 0.0187281 secs] [Times: user=0.03 sys=0.03, real=0.02 secs] 
2021-05-20T14:44:01.361+0800: 537193.014: [GC (Allocation Failure) [PSYoungGen: 514112K->5184K(516608K)] 780205K->274747K(1040896K), 0.0182920 secs] [Times: user=0.06 sys=0.00, real=0.02 secs] 
2021-05-20T14:48:53.069+0800: 537484.721: [GC (Allocation Failure) [PSYoungGen: 514624K->4672K(517120K)] 784187K->278192K(1041408K), 0.0194822 secs] [Times: user=0.02 sys=0.03, real=0.02 secs] 
2021-05-20T14:53:49.628+0800: 537781.280: [GC (Allocation Failure) [PSYoungGen: 514624K->4192K(517120K)] 788144K->280950K(1041408K), 0.0188189 secs] [Times: user=0.03 sys=0.03, real=0.02 secs] 
2021-05-20T14:58:42.644+0800: 538074.296: [GC (Allocation Failure) [PSYoungGen: 514144K->3424K(517120K)] 790902K->283260K(1041408K), 0.0186853 secs] [Times: user=0.06 sys=0.00, real=0.02 secs] 
2021-05-20T15:03:38.150+0800: 538369.802: [GC (Allocation Failure) [PSYoungGen: 513376K->3392K(517120K)] 793212K->285227K(1041408K), 0.0202509 secs] [Times: user=0.06 sys=0.00, real=0.02 secs] 
2021-05-20T15:08:28.548+0800: 538660.200: [GC (Allocation Failure) [PSYoungGen: 513344K->6208K(516608K)] 795179K->290363K(1040896K), 0.0171431 secs] [Times: user=0.02 sys=0.02, real=0.02 secs] 
2021-05-20T15:13:22.333+0800: 538953.985: [GC (Allocation Failure) [PSYoungGen: 516160K->4128K(517120K)] 800315K->292671K(1041408K), 0.0172048 secs] [Times: user=0.05 sys=0.00, real=0.01 secs] 
2021-05-20T15:18:18.291+0800: 539249.943: [GC (Allocation Failure) [PSYoungGen: 514080K->3136K(517120K)] 802623K->294700K(1041408K), 0.0184667 secs] [Times: user=0.05 sys=0.00, real=0.02 secs] 
2021-05-20T15:23:10.625+0800: 539542.277: [GC (Allocation Failure) [PSYoungGen: 513088K->4320K(517120K)] 804652K->297828K(1041408K), 0.0191923 secs] [Times: user=0.06 sys=0.00, real=0.02 secs] 
2021-05-20T15:27:59.786+0800: 539831.438: [GC (Allocation Failure) [PSYoungGen: 514272K->5952K(516608K)] 807780K->302418K(1040896K), 0.0200126 secs] [Times: user=0.03 sys=0.03, real=0.02 secs] 
2021-05-20T15:32:52.715+0800: 540124.367: [GC (Allocation Failure) [PSYoungGen: 515904K->5152K(517120K)] 812370K->306486K(1041408K), 0.0198894 secs] [Times: user=0.07 sys=0.00, real=0.02 secs] 
2021-05-20T15:37:42.982+0800: 540414.634: [GC (Allocation Failure) [PSYoungGen: 515104K->3808K(517120K)] 816438K->309027K(1041408K), 0.0205160 secs] [Times: user=0.03 sys=0.03, real=0.02 secs] 
2021-05-20T15:42:37.404+0800: 540709.056: [GC (Allocation Failure) [PSYoungGen: 513760K->3392K(517120K)] 818979K->310931K(1041408K), 0.0181250 secs] [Times: user=0.02 sys=0.03, real=0.01 secs] 
2021-05-20T15:47:31.477+0800: 541003.130: [GC (Allocation Failure) [PSYoungGen: 513344K->3200K(517120K)] 820883K->312962K(1041408K), 0.0170399 secs] [Times: user=0.05 sys=0.00, real=0.02 secs] 
2021-05-20T15:52:22.638+0800: 541294.290: [GC (Allocation Failure) [PSYoungGen: 513152K->5024K(517120K)] 822914K->316569K(1041408K), 0.0199957 secs] [Times: user=0.03 sys=0.03, real=0.02 secs] 
2021-05-20T15:57:14.763+0800: 541586.415: [GC (Allocation Failure) [PSYoungGen: 514976K->3712K(517632K)] 826521K->319246K(1041920K), 0.0224077 secs] [Times: user=0.02 sys=0.03, real=0.02 secs] 
2021-05-20T16:02:08.197+0800: 541879.849: [GC (Allocation Failure) [PSYoungGen: 514176K->3104K(517120K)] 829710K->321141K(1041408K), 0.0196658 secs] [Times: user=0.05 sys=0.00, real=0.02 secs] 
2021-05-20T16:07:04.469+0800: 542176.121: [GC (Allocation Failure) [PSYoungGen: 513568K->3072K(517632K)] 831605K->323117K(1041920K), 0.0162968 secs] [Times: user=0.05 sys=0.00, real=0.02 secs] 
2021-05-20T16:11:58.789+0800: 542470.441: [GC (Allocation Failure) [PSYoungGen: 514048K->2336K(517632K)] 834093K->323828K(1041920K), 0.0233213 secs] [Times: user=0.02 sys=0.03, real=0.03 secs] 
2021-05-20T16:16:51.516+0800: 542763.168: [GC (Allocation Failure) [PSYoungGen: 513312K->5056K(516608K)] 834804K->327644K(1040896K), 0.0169105 secs] [Times: user=0.05 sys=0.00, real=0.02 secs] 
2021-05-20T16:21:45.174+0800: 543056.826: [GC (Allocation Failure) [PSYoungGen: 515008K->2752K(517120K)] 837596K->329273K(1041408K), 0.0193683 secs] [Times: user=0.03 sys=0.03, real=0.02 secs] 
2021-05-20T16:26:38.926+0800: 543350.578: [GC (Allocation Failure) [PSYoungGen: 512704K->4416K(517632K)] 839225K->332217K(1041920K), 0.0218405 secs] [Times: user=0.02 sys=0.02, real=0.02 secs] 
2021-05-20T16:31:28.305+0800: 543639.957: [GC (Allocation Failure) [PSYoungGen: 514880K->6240K(517120K)] 842681K->337208K(1041408K), 0.0315063 secs] [Times: user=0.08 sys=0.00, real=0.03 secs] 
2021-05-20T16:36:21.055+0800: 543932.707: [GC (Allocation Failure) [PSYoungGen: 516697K->4768K(517120K)] 847666K->340628K(1041408K), 0.0162028 secs] [Times: user=0.03 sys=0.02, real=0.01 secs] 
2021-05-20T16:41:09.693+0800: 544221.345: [GC (Allocation Failure) [PSYoungGen: 514720K->3712K(517120K)] 850580K->343073K(1041408K), 0.0198260 secs] [Times: user=0.03 sys=0.03, real=0.02 secs] 
2021-05-20T16:46:04.581+0800: 544516.233: [GC (Allocation Failure) [PSYoungGen: 513664K->2912K(517120K)] 853025K->344681K(1041408K), 0.0196706 secs] [Times: user=0.03 sys=0.03, real=0.02 secs] 
2021-05-20T16:50:58.824+0800: 544810.476: [GC (Allocation Failure) [PSYoungGen: 512864K->2976K(517120K)] 854633K->346457K(1041408K), 0.0175109 secs] [Times: user=0.03 sys=0.03, real=0.01 secs] 
2021-05-20T16:55:54.378+0800: 545106.030: [GC (Allocation Failure) [PSYoungGen: 512928K->2784K(517120K)] 856409K->348033K(1041408K), 0.0185441 secs] [Times: user=0.02 sys=0.02, real=0.02 secs] 
2021-05-20T17:00:45.806+0800: 545397.458: [GC (Allocation Failure) [PSYoungGen: 512736K->4512K(517120K)] 857985K->351329K(1041408K), 0.0208230 secs] [Times: user=0.06 sys=0.00, real=0.02 secs] 
2021-05-20T17:05:41.218+0800: 545692.870: [GC (Allocation Failure) [PSYoungGen: 514464K->3872K(517632K)] 861281K->353879K(1041920K), 0.0387663 secs] [Times: user=0.09 sys=0.00, real=0.04 secs] 
2021-05-20T17:10:39.487+0800: 545991.139: [GC (Allocation Failure) [PSYoungGen: 514848K->6144K(517632K)] 864855K->358741K(1041920K), 0.0203517 secs] [Times: user=0.03 sys=0.03, real=0.02 secs] 
2021-05-20T17:15:30.316+0800: 546281.968: [GC (Allocation Failure) [PSYoungGen: 517120K->5696K(515584K)] 869717K->362841K(1039872K), 0.0161611 secs] [Times: user=0.02 sys=0.03, real=0.01 secs] 
2021-05-20T17:20:20.800+0800: 546572.452: [GC (Allocation Failure) [PSYoungGen: 514624K->6752K(516096K)] 871769K->368238K(1040384K), 0.0206451 secs] [Times: user=0.07 sys=0.00, real=0.02 secs] 
2021-05-20T17:24:56.151+0800: 546847.803: [GC (Allocation Failure) [PSYoungGen: 515680K->5792K(516096K)] 877166K->372905K(1040384K), 0.0212578 secs] [Times: user=0.06 sys=0.00, real=0.03 secs] 
2021-05-20T17:29:32.801+0800: 547124.453: [GC (Allocation Failure) [PSYoungGen: 513696K->6240K(514560K)] 880809K->377534K(1038848K), 0.0205267 secs] [Times: user=0.06 sys=0.00, real=0.02 secs] 
2021-05-20T17:34:07.334+0800: 547398.986: [GC (Allocation Failure) [PSYoungGen: 514144K->5856K(515584K)] 885438K->381994K(1039872K), 0.0238788 secs] [Times: user=0.04 sys=0.04, real=0.02 secs] 
2021-05-20T17:38:42.420+0800: 547674.072: [GC (Allocation Failure) [PSYoungGen: 512736K->8672K(515584K)] 888874K->389759K(1039872K), 0.0218507 secs] [Times: user=0.07 sys=0.00, real=0.02 secs] 
2021-05-20T17:43:13.241+0800: 547944.893: [GC (Allocation Failure) [PSYoungGen: 515552K->6048K(511488K)] 896639K->394841K(1035776K), 0.0213624 secs] [Times: user=0.07 sys=0.00, real=0.03 secs] 
2021-05-20T17:47:39.885+0800: 548211.537: [GC (Allocation Failure) [PSYoungGen: 508832K->5536K(513536K)] 897625K->399212K(1037824K), 0.0213888 secs] [Times: user=0.06 sys=0.00, real=0.02 secs] 
2021-05-20T17:52:05.668+0800: 548477.320: [GC (Allocation Failure) [PSYoungGen: 508320K->4160K(514048K)] 901996K->402393K(1038336K), 0.0227917 secs] [Times: user=0.06 sys=0.00, real=0.02 secs] 
2021-05-20T17:56:21.139+0800: 548732.791: [GC (Allocation Failure) [PSYoungGen: 507456K->6514K(513536K)] 905689K->407745K(1037824K), 0.0209461 secs] [Times: user=0.06 sys=0.00, real=0.02 secs] 
2021-05-20T18:00:35.665+0800: 548987.317: [GC (Allocation Failure) [PSYoungGen: 509810K->9600K(512000K)] 911041K->415630K(1036288K), 0.0227997 secs] [Times: user=0.06 sys=0.00, real=0.02 secs] 
2021-05-20T18:05:08.962+0800: 549260.614: [GC (Allocation Failure) [PSYoungGen: 511360K->9888K(512000K)] 917390K->423578K(1036288K), 0.0246105 secs] [Times: user=0.04 sys=0.04, real=0.03 secs] 
2021-05-20T18:09:45.521+0800: 549537.174: [GC (Allocation Failure) [PSYoungGen: 511648K->6016K(512512K)] 925338K->427835K(1036800K), 0.0203470 secs] [Times: user=0.07 sys=0.00, real=0.02 secs] 
2021-05-20T18:14:45.123+0800: 549836.775: [GC (Allocation Failure) [PSYoungGen: 506240K->5408K(512000K)] 928059K->431814K(1036288K), 0.0188171 secs] [Times: user=0.05 sys=0.00, real=0.02 secs] 
2021-05-20T18:19:38.844+0800: 550130.496: [GC (Allocation Failure) [PSYoungGen: 505632K->6976K(513024K)] 932038K->437115K(1037312K), 0.0166832 secs] [Times: user=0.05 sys=0.00, real=0.01 secs] 
2021-05-20T18:24:29.176+0800: 550420.828: [GC (Allocation Failure) [PSYoungGen: 508736K->7008K(513024K)] 938875K->442695K(1037312K), 0.0227901 secs] [Times: user=0.03 sys=0.03, real=0.02 secs] 
2021-05-20T18:29:13.185+0800: 550704.837: [GC (Allocation Failure) [PSYoungGen: 508768K->10720K(506368K)] 944455K->452484K(1030656K), 0.0257531 secs] [Times: user=0.04 sys=0.04, real=0.02 secs] 
2021-05-20T18:34:02.341+0800: 550993.993: [GC (Allocation Failure) [PSYoungGen: 506336K->4928K(509952K)] 948100K->455978K(1034240K), 0.0217648 secs] [Times: user=0.04 sys=0.04, real=0.03 secs] 
2021-05-20T18:38:48.522+0800: 551280.174: [GC (Allocation Failure) [PSYoungGen: 500544K->4576K(510464K)] 951594K->459327K(1034752K), 0.0514031 secs] [Times: user=0.08 sys=0.00, real=0.06 secs] 
2021-05-20T18:43:30.295+0800: 551561.947: [GC (Allocation Failure) [PSYoungGen: 500704K->4672K(509952K)] 955455K->462869K(1034240K), 0.0213720 secs] [Times: user=0.03 sys=0.03, real=0.02 secs] 
2021-05-20T18:48:05.999+0800: 551837.651: [GC (Allocation Failure) [PSYoungGen: 500800K->11648K(508416K)] 958997K->473437K(1032704K), 0.0619890 secs] [Times: user=0.04 sys=0.04, real=0.06 secs] 
2021-05-20T18:52:34.035+0800: 552105.687: [GC (Allocation Failure) [PSYoungGen: 506240K->14368K(509440K)] 968029K->484641K(1033728K), 0.0278384 secs] [Times: user=0.04 sys=0.03, real=0.03 secs] 
2021-05-20T18:57:00.795+0800: 552372.447: [GC (Allocation Failure) [PSYoungGen: 508960K->11744K(504320K)] 979233K->492915K(1028608K), 0.0257837 secs] [Times: user=0.08 sys=0.00, real=0.02 secs] 
2021-05-20T19:01:25.616+0800: 552637.268: [GC (Allocation Failure) [PSYoungGen: 501216K->14272K(503808K)] 982387K->503471K(1028096K), 0.0275830 secs] [Times: user=0.08 sys=0.00, real=0.03 secs] 
2021-05-20T19:05:48.783+0800: 552900.435: [GC (Allocation Failure) [PSYoungGen: 503744K->11730K(505856K)] 992943K->511276K(1030144K), 0.0239812 secs] [Times: user=0.07 sys=0.00, real=0.02 secs] 
2021-05-20T19:10:15.317+0800: 553166.969: [GC (Allocation Failure) [PSYoungGen: 499154K->11456K(505856K)] 998700K->520070K(1030144K), 0.0220064 secs] [Times: user=0.03 sys=0.03, real=0.02 secs] 
2021-05-20T19:14:40.821+0800: 553432.473: [GC (Allocation Failure) [PSYoungGen: 498880K->13056K(504832K)] 1007494K->529571K(1029120K), 0.0384954 secs] [Times: user=0.07 sys=0.00, real=0.04 secs] 
2021-05-20T19:14:40.860+0800: 553432.512: [Full GC (Ergonomics) [PSYoungGen: 13056K->0K(504832K)] [ParOldGen: 516515K->299904K(524288K)] 529571K->299904K(1029120K), [Metaspace: 95259K->95259K(1136640K)], 0.6381346 secs] [Times: user=1.09 sys=0.00, real=0.64 secs] 
2021-05-20T19:19:08.378+0800: 553700.030: [GC (Allocation Failure) [PSYoungGen: 486400K->13216K(499712K)] 786304K->313120K(1024000K), 0.0313185 secs] [Times: user=0.08 sys=0.00, real=0.03 secs] 
2021-05-20T19:23:33.861+0800: 553965.513: [GC (Allocation Failure) [PSYoungGen: 499616K->14016K(503808K)] 799520K->324092K(1028096K), 0.0373829 secs] [Times: user=0.10 sys=0.00, real=0.04 secs] 
2021-05-20T19:27:57.592+0800: 554229.244: [GC (Allocation Failure) [PSYoungGen: 498368K->13792K(498176K)] 808444K->334031K(1022464K), 0.0345069 secs] [Times: user=0.09 sys=0.00, real=0.04 secs] 
2021-05-20T19:32:19.031+0800: 554490.683: [GC (Allocation Failure) [PSYoungGen: 498144K->14848K(502784K)] 818383K->346377K(1027072K), 0.0321696 secs] [Times: user=0.04 sys=0.04, real=0.04 secs] 
2021-05-20T19:36:41.732+0800: 554753.384: [GC (Allocation Failure) [PSYoungGen: 497152K->11936K(503296K)] 828681K->353995K(1027584K), 0.0551989 secs] [Times: user=0.08 sys=0.00, real=0.05 secs] 
2021-05-20T19:41:05.226+0800: 555016.878: [GC (Allocation Failure) [PSYoungGen: 494240K->13696K(504320K)] 836299K->364868K(1028608K), 0.0328633 secs] [Times: user=0.04 sys=0.04, real=0.03 secs] 
2021-05-20T19:45:29.582+0800: 555281.234: [GC (Allocation Failure) [PSYoungGen: 498048K->11744K(504320K)] 849220K->373392K(1028608K), 0.0250941 secs] [Times: user=0.04 sys=0.03, real=0.02 secs] 
2021-05-20T19:49:52.797+0800: 555544.449: [GC (Allocation Failure) [PSYoungGen: 496096K->11008K(505344K)] 857744K->380891K(1029632K), 0.0232740 secs] [Times: user=0.07 sys=0.00, real=0.02 secs] 
2021-05-20T19:54:15.868+0800: 555807.520: [GC (Allocation Failure) [PSYoungGen: 496896K->13504K(504832K)] 866779K->392165K(1029120K), 0.0262074 secs] [Times: user=0.08 sys=0.00, real=0.03 secs] 
2021-05-20T19:58:43.362+0800: 556075.014: [GC (Allocation Failure) [PSYoungGen: 499392K->12640K(505856K)] 878053K->401471K(1030144K), 0.0256761 secs] [Times: user=0.03 sys=0.04, real=0.03 secs] 
2021-05-20T20:03:13.866+0800: 556345.518: [GC (Allocation Failure) [PSYoungGen: 499552K->11968K(505344K)] 888383K->409573K(1029632K), 0.0261592 secs] [Times: user=0.09 sys=0.00, real=0.03 secs] 
2021-05-20T20:07:34.371+0800: 556606.023: [GC (Allocation Failure) [PSYoungGen: 498880K->13216K(506368K)] 896485K->420744K(1030656K), 0.0310119 secs] [Times: user=0.04 sys=0.05, real=0.03 secs] 
2021-05-20T20:11:56.805+0800: 556868.457: [GC (Allocation Failure) [PSYoungGen: 501664K->12512K(506368K)] 909192K->428771K(1030656K), 0.0445890 secs] [Times: user=0.03 sys=0.03, real=0.04 secs] 
2021-05-20T20:16:20.350+0800: 557132.002: [GC (Allocation Failure) [PSYoungGen: 500960K->14642K(505856K)] 917219K->439337K(1030144K), 0.0297650 secs] [Times: user=0.04 sys=0.04, real=0.03 secs] 
2021-05-20T20:20:42.266+0800: 557393.918: [GC (Allocation Failure) [PSYoungGen: 503090K->12069K(506368K)] 927785K->446943K(1030656K), 0.0274241 secs] [Times: user=0.04 sys=0.04, real=0.03 secs] 
2021-05-20T20:25:08.359+0800: 557660.011: [GC (Allocation Failure) [PSYoungGen: 500517K->13408K(506880K)] 935391K->457018K(1031168K), 0.0281293 secs] [Times: user=0.03 sys=0.03, real=0.03 secs] 
2021-05-20T20:29:33.898+0800: 557925.550: [GC (Allocation Failure) [PSYoungGen: 502880K->12896K(506880K)] 946490K->466134K(1031168K), 0.0340384 secs] [Times: user=0.08 sys=0.00, real=0.04 secs] 
2021-05-20T20:34:00.051+0800: 558191.703: [GC (Allocation Failure) [PSYoungGen: 502368K->13344K(507392K)] 955606K->476649K(1031680K), 0.0275353 secs] [Times: user=0.04 sys=0.04, real=0.03 secs] 
2021-05-20T20:38:23.435+0800: 558455.087: [GC (Allocation Failure) [PSYoungGen: 503840K->14816K(505344K)] 967145K->487445K(1029632K), 0.0284991 secs] [Times: user=0.04 sys=0.05, real=0.03 secs] 
2021-05-20T20:42:48.152+0800: 558719.804: [GC (Allocation Failure) [PSYoungGen: 505312K->13344K(506880K)] 977941K->497736K(1031168K), 0.0255369 secs] [Times: user=0.04 sys=0.05, real=0.03 secs] 
2021-05-20T20:47:10.968+0800: 558982.620: [GC (Allocation Failure) [PSYoungGen: 502816K->12096K(506880K)] 987208K->507114K(1031168K), 0.0672446 secs] [Times: user=0.07 sys=0.00, real=0.07 secs] 
2021-05-20T20:52:16.726+0800: 559288.378: [GC (Allocation Failure) [PSYoungGen: 501568K->9536K(507392K)] 996586K->514082K(1031680K), 0.0597295 secs] [Times: user=0.04 sys=0.04, real=0.06 secs] 
2021-05-20T20:57:16.869+0800: 559588.522: [GC (Allocation Failure) [PSYoungGen: 500032K->9120K(499712K)] 1004578K->521300K(1024000K), 0.0330283 secs] [Times: user=0.04 sys=0.03, real=0.04 secs] 
2021-05-20T20:57:16.903+0800: 559588.555: [Full GC (Ergonomics) [PSYoungGen: 9120K->0K(499712K)] [ParOldGen: 512180K->295835K(524288K)] 521300K->295835K(1024000K), [Metaspace: 95325K->95325K(1136640K)], 0.6559184 secs] [Times: user=1.14 sys=0.00, real=0.65 secs] 
2021-05-20T21:02:10.623+0800: 559882.275: [GC (Allocation Failure) [PSYoungGen: 490496K->10176K(507392K)] 786331K->306011K(1031680K), 0.0488097 secs] [Times: user=0.03 sys=0.03, real=0.04 secs] 
2021-05-20T21:07:07.171+0800: 560178.823: [GC (Allocation Failure) [PSYoungGen: 500160K->9376K(506880K)] 795995K->313820K(1031168K), 0.0511048 secs] [Times: user=0.03 sys=0.04, real=0.06 secs] 
2021-05-20T21:12:08.429+0800: 560480.081: [GC (Allocation Failure) [PSYoungGen: 499360K->10688K(507904K)] 803804K->321847K(1032192K), 0.0529709 secs] [Times: user=0.04 sys=0.03, real=0.05 secs] 
2021-05-20T21:17:37.405+0800: 560809.057: [GC (Allocation Failure) [PSYoungGen: 501696K->8160K(507392K)] 812855K->327503K(1031680K), 0.0492589 secs] [Times: user=0.04 sys=0.04, real=0.05 secs] 
2021-05-20T21:23:08.889+0800: 561140.541: [GC (Allocation Failure) [PSYoungGen: 499168K->6304K(507392K)] 818511K->332456K(1031680K), 0.0449483 secs] [Times: user=0.06 sys=0.00, real=0.05 secs] 
2021-05-20T21:28:25.947+0800: 561457.599: [GC (Allocation Failure) [PSYoungGen: 496800K->7008K(507392K)] 822952K->337485K(1031680K), 0.0808319 secs] [Times: user=0.08 sys=0.00, real=0.08 secs] 
2021-05-20T21:33:41.441+0800: 561773.093: [GC (Allocation Failure) [PSYoungGen: 497504K->6016K(507392K)] 827981K->342295K(1031680K), 0.0233757 secs] [Times: user=0.06 sys=0.00, real=0.03 secs] 
2021-05-20T21:38:11.829+0800: 562043.481: [GC (Allocation Failure) [PSYoungGen: 496512K->16320K(506880K)] 832791K->356974K(1031168K), 0.0271461 secs] [Times: user=0.04 sys=0.03, real=0.03 secs] 
2021-05-20T21:42:58.745+0800: 562330.397: [GC (Allocation Failure) [PSYoungGen: 506816K->16448K(501760K)] 847470K->368916K(1026048K), 0.0346529 secs] [Times: user=0.05 sys=0.04, real=0.03 secs] 
2021-05-20T21:47:24.480+0800: 562596.132: [GC (Allocation Failure) [PSYoungGen: 500800K->7264K(504320K)] 853268K->371314K(1028608K), 0.0242635 secs] [Times: user=0.04 sys=0.04, real=0.03 secs] 
2021-05-20T21:51:15.639+0800: 562827.291: [GC (Allocation Failure) [PSYoungGen: 491616K->9114K(504832K)] 855666K->379014K(1029120K), 0.0227126 secs] [Times: user=0.07 sys=0.00, real=0.03 secs] 
2021-05-20T21:55:49.826+0800: 563101.478: [GC (Allocation Failure) [PSYoungGen: 493978K->11072K(504320K)] 863878K->388196K(1028608K), 0.0301535 secs] [Times: user=0.08 sys=0.00, real=0.03 secs] 
2021-05-20T22:00:10.345+0800: 563361.998: [GC (Allocation Failure) [PSYoungGen: 495936K->10624K(506368K)] 873060K->396461K(1030656K), 0.0266467 secs] [Times: user=0.04 sys=0.04, real=0.03 secs] 
2021-05-20T22:04:39.999+0800: 563631.651: [GC (Allocation Failure) [PSYoungGen: 498560K->10784K(505856K)] 884397K->404525K(1030144K), 0.0263352 secs] [Times: user=0.08 sys=0.00, real=0.03 secs] 
2021-05-20T22:09:10.611+0800: 563902.263: [GC (Allocation Failure) [PSYoungGen: 498720K->10304K(507392K)] 892461K->412391K(1031680K), 0.0236952 secs] [Times: user=0.07 sys=0.00, real=0.03 secs] 
2021-05-20T22:13:40.184+0800: 564171.836: [GC (Allocation Failure) [PSYoungGen: 500288K->11232K(506880K)] 902375K->421123K(1031168K), 0.0294726 secs] [Times: user=0.08 sys=0.00, real=0.03 secs] 
2021-05-20T22:18:11.875+0800: 564443.527: [GC (Allocation Failure) [PSYoungGen: 501216K->11456K(508416K)] 911107K->430398K(1032704K), 0.0219776 secs] [Times: user=0.07 sys=0.00, real=0.02 secs] 
2021-05-20T22:22:40.379+0800: 564712.031: [GC (Allocation Failure) [PSYoungGen: 503488K->10080K(507904K)] 922430K->438838K(1032192K), 0.0242101 secs] [Times: user=0.03 sys=0.04, real=0.03 secs] 
2021-05-20T22:27:09.299+0800: 564980.951: [GC (Allocation Failure) [PSYoungGen: 502112K->9568K(508928K)] 930870K->446479K(1033216K), 0.0298475 secs] [Times: user=0.08 sys=0.00, real=0.03 secs] 
2021-05-20T22:31:38.746+0800: 565250.398: [GC (Allocation Failure) [PSYoungGen: 502624K->10528K(508416K)] 939535K->455353K(1032704K), 0.0237003 secs] [Times: user=0.08 sys=0.00, real=0.02 secs] 
2021-05-20T22:36:08.717+0800: 565520.369: [GC (Allocation Failure) [PSYoungGen: 503584K->10976K(509440K)] 948409K->464356K(1033728K), 0.0307280 secs] [Times: user=0.09 sys=0.00, real=0.03 secs] 
2021-05-20T22:40:39.681+0800: 565791.333: [GC (Allocation Failure) [PSYoungGen: 505568K->10944K(509440K)] 958948K->472670K(1033728K), 0.0260133 secs] [Times: user=0.08 sys=0.00, real=0.03 secs] 
2021-05-20T22:45:11.437+0800: 566063.089: [GC (Allocation Failure) [PSYoungGen: 505536K->11712K(509952K)] 967262K->481744K(1034240K), 0.0279514 secs] [Times: user=0.04 sys=0.04, real=0.03 secs] 
2021-05-20T22:49:45.587+0800: 566337.239: [GC (Allocation Failure) [PSYoungGen: 507328K->11648K(509952K)] 977360K->490452K(1034240K), 0.0311085 secs] [Times: user=0.07 sys=0.00, real=0.03 secs] 
2021-05-20T22:54:14.088+0800: 566605.740: [GC (Allocation Failure) [PSYoungGen: 507264K->9632K(509952K)] 986068K->498019K(1034240K), 0.0262017 secs] [Times: user=0.08 sys=0.00, real=0.03 secs] 
2021-05-20T22:58:45.946+0800: 566877.598: [GC (Allocation Failure) [PSYoungGen: 505248K->10080K(509952K)] 993635K->507014K(1034240K), 0.0216408 secs] [Times: user=0.03 sys=0.04, real=0.02 secs] 
2021-05-20T23:03:18.266+0800: 567149.918: [GC (Allocation Failure) [PSYoungGen: 505696K->12480K(509952K)] 1002630K->516754K(1034240K), 0.0286583 secs] [Times: user=0.08 sys=0.00, real=0.03 secs] 
2021-05-20T23:07:54.191+0800: 567425.844: [GC (Allocation Failure) [PSYoungGen: 508096K->11520K(509952K)] 1012370K->525229K(1034240K), 0.0340149 secs] [Times: user=0.04 sys=0.04, real=0.04 secs] 
2021-05-20T23:07:54.226+0800: 567425.878: [Full GC (Ergonomics) [PSYoungGen: 11520K->0K(509952K)] [ParOldGen: 513709K->297491K(524288K)] 525229K->297491K(1034240K), [Metaspace: 95407K->95407K(1136640K)], 0.5026769 secs] [Times: user=1.13 sys=0.00, real=0.50 secs] 
2021-05-20T23:12:32.561+0800: 567704.213: [GC (Allocation Failure) [PSYoungGen: 495616K->10816K(510464K)] 793107K->308307K(1034752K), 0.0208160 secs] [Times: user=0.03 sys=0.03, real=0.03 secs] 
2021-05-20T23:17:03.182+0800: 567974.834: [GC (Allocation Failure) [PSYoungGen: 506944K->11072K(509952K)] 804435K->317933K(1034240K), 0.0250161 secs] [Times: user=0.07 sys=0.00, real=0.03 secs] 
2021-05-20T23:21:33.598+0800: 568245.250: [GC (Allocation Failure) [PSYoungGen: 507200K->11744K(510464K)] 814061K->327424K(1034752K), 0.0268317 secs] [Times: user=0.08 sys=0.00, real=0.03 secs] 
2021-05-20T23:26:08.988+0800: 568520.640: [GC (Allocation Failure) [PSYoungGen: 508384K->9984K(510464K)] 824064K->334010K(1034752K), 0.0329494 secs] [Times: user=0.09 sys=0.00, real=0.03 secs] 
2021-05-20T23:30:39.377+0800: 568791.029: [GC (Allocation Failure) [PSYoungGen: 506624K->9952K(510464K)] 830650K->342117K(1034752K), 0.0246964 secs] [Times: user=0.07 sys=0.00, real=0.03 secs] 
2021-05-20T23:35:19.758+0800: 569071.410: [GC (Allocation Failure) [PSYoungGen: 506592K->8096K(510464K)] 838757K->348422K(1034752K), 0.0303159 secs] [Times: user=0.07 sys=0.00, real=0.03 secs] 
2021-05-20T23:39:54.943+0800: 569346.595: [GC (Allocation Failure) [PSYoungGen: 504736K->9152K(510464K)] 845062K->355755K(1034752K), 0.0212577 secs] [Times: user=0.07 sys=0.00, real=0.02 secs] 
2021-05-20T23:44:30.324+0800: 569621.976: [GC (Allocation Failure) [PSYoungGen: 505792K->9696K(510464K)] 852395K->363439K(1034752K), 0.0253538 secs] [Times: user=0.04 sys=0.04, real=0.02 secs] 
2021-05-20T23:49:01.209+0800: 569892.861: [GC (Allocation Failure) [PSYoungGen: 506336K->11424K(510464K)] 860079K->373234K(1034752K), 0.0313268 secs] [Times: user=0.09 sys=0.00, real=0.03 secs] 
2021-05-20T23:53:32.577+0800: 570164.229: [GC (Allocation Failure) [PSYoungGen: 508064K->9760K(510464K)] 869874K->381275K(1034752K), 0.0263912 secs] [Times: user=0.03 sys=0.04, real=0.03 secs] 
2021-05-20T23:58:05.675+0800: 570437.327: [GC (Allocation Failure) [PSYoungGen: 506400K->11392K(509952K)] 877915K->390495K(1034240K), 0.0265419 secs] [Times: user=0.08 sys=0.00, real=0.03 secs] 
2021-05-21T00:02:29.699+0800: 570701.351: [GC (Allocation Failure) [PSYoungGen: 508032K->8352K(510464K)] 887135K->396144K(1034752K), 0.0258806 secs] [Times: user=0.09 sys=0.00, real=0.03 secs] 
2021-05-21T00:07:07.086+0800: 570978.738: [GC (Allocation Failure) [PSYoungGen: 504992K->9152K(510976K)] 892784K->404281K(1035264K), 0.0294244 secs] [Times: user=0.09 sys=0.00, real=0.03 secs] 
2021-05-21T00:11:44.073+0800: 571255.725: [GC (Allocation Failure) [PSYoungGen: 506304K->8896K(510464K)] 901433K->411332K(1034752K), 0.0304762 secs] [Times: user=0.10 sys=0.00, real=0.03 secs] 
2021-05-21T00:16:21.416+0800: 571533.068: [GC (Allocation Failure) [PSYoungGen: 506048K->10368K(510976K)] 908484K->418944K(1035264K), 0.0279684 secs] [Times: user=0.08 sys=0.00, real=0.03 secs] 
2021-05-21T00:20:54.923+0800: 571806.575: [GC (Allocation Failure) [PSYoungGen: 508032K->8864K(510976K)] 916608K->425739K(1035264K), 0.0289318 secs] [Times: user=0.03 sys=0.03, real=0.02 secs] 
2021-05-21T00:25:28.492+0800: 572080.144: [GC (Allocation Failure) [PSYoungGen: 506528K->10912K(510976K)] 923403K->434934K(1035264K), 0.0329087 secs] [Times: user=0.03 sys=0.04, real=0.03 secs] 
2021-05-21T00:29:59.285+0800: 572350.937: [GC (Allocation Failure) [PSYoungGen: 508576K->11840K(509952K)] 932598K->443233K(1034240K), 0.0260740 secs] [Times: user=0.07 sys=0.00, real=0.02 secs] 
2021-05-21T00:34:34.254+0800: 572625.906: [GC (Allocation Failure) [PSYoungGen: 509504K->11552K(510464K)] 940897K->452459K(1034752K), 0.0323053 secs] [Times: user=0.09 sys=0.00, real=0.03 secs] 
2021-05-21T00:39:06.594+0800: 572898.246: [GC (Allocation Failure) [PSYoungGen: 508192K->11456K(510464K)] 949099K->461341K(1034752K), 0.0328751 secs] [Times: user=0.04 sys=0.04, real=0.03 secs] 
2021-05-21T00:43:41.285+0800: 573172.937: [GC (Allocation Failure) [PSYoungGen: 508096K->10784K(510464K)] 957981K->469511K(1034752K), 0.0251049 secs] [Times: user=0.08 sys=0.00, real=0.02 secs] 
2021-05-21T00:48:11.972+0800: 573443.624: [GC (Allocation Failure) [PSYoungGen: 507424K->9152K(510464K)] 966151K->477239K(1034752K), 0.0295279 secs] [Times: user=0.04 sys=0.05, real=0.03 secs] 
2021-05-21T00:52:49.168+0800: 573720.820: [GC (Allocation Failure) [PSYoungGen: 505792K->10144K(510976K)] 973879K->485881K(1035264K), 0.0244038 secs] [Times: user=0.03 sys=0.04, real=0.03 secs] 
2021-05-21T00:57:20.225+0800: 573991.878: [GC (Allocation Failure) [PSYoungGen: 507296K->9408K(510464K)] 983033K->493692K(1034752K), 0.0245283 secs] [Times: user=0.07 sys=0.00, real=0.02 secs] 
2021-05-21T01:01:56.739+0800: 574268.391: [GC (Allocation Failure) [PSYoungGen: 506560K->9600K(510976K)] 990844K->501870K(1035264K), 0.0237057 secs] [Times: user=0.08 sys=0.00, real=0.03 secs] 
2021-05-21T01:06:26.086+0800: 574537.738: [GC (Allocation Failure) [PSYoungGen: 507264K->9824K(510976K)] 999534K->510046K(1035264K), 0.0263144 secs] [Times: user=0.08 sys=0.00, real=0.03 secs] 
2021-05-21T01:10:59.773+0800: 574811.425: [GC (Allocation Failure) [PSYoungGen: 507488K->11104K(511488K)] 1007710K->517710K(1035776K), 0.0231834 secs] [Times: user=0.03 sys=0.04, real=0.02 secs] 
2021-05-21T01:15:33.701+0800: 575085.353: [GC (Allocation Failure) [PSYoungGen: 509792K->10368K(511488K)] 1016398K->525904K(1035776K), 0.0256158 secs] [Times: user=0.03 sys=0.03, real=0.03 secs] 
2021-05-21T01:15:33.727+0800: 575085.379: [Full GC (Ergonomics) [PSYoungGen: 10368K->0K(511488K)] [ParOldGen: 515536K->297239K(524288K)] 525904K->297239K(1035776K), [Metaspace: 95409K->95405K(1136640K)], 0.5269082 secs] [Times: user=1.08 sys=0.00, real=0.53 secs] 
2021-05-21T01:20:11.364+0800: 575363.016: [GC (Allocation Failure) [PSYoungGen: 498688K->10304K(511488K)] 795927K->307543K(1035776K), 0.0478034 secs] [Times: user=0.06 sys=0.00, real=0.04 secs] 
2021-05-21T01:24:46.445+0800: 575638.097: [GC (Allocation Failure) [PSYoungGen: 508992K->11296K(511488K)] 806231K->316994K(1035776K), 0.1071361 secs] [Times: user=0.10 sys=0.00, real=0.11 secs] 
2021-05-21T01:29:17.072+0800: 575908.724: [GC (Allocation Failure) [PSYoungGen: 509984K->10432K(511488K)] 815682K->325813K(1035776K), 0.0246334 secs] [Times: user=0.07 sys=0.00, real=0.03 secs] 
2021-05-21T01:33:50.049+0800: 576181.701: [GC (Allocation Failure) [PSYoungGen: 509120K->9920K(511488K)] 824501K->333576K(1035776K), 0.0224259 secs] [Times: user=0.03 sys=0.04, real=0.02 secs] 
2021-05-21T01:38:25.776+0800: 576457.428: [GC (Allocation Failure) [PSYoungGen: 508608K->12256K(503808K)] 832264K->345116K(1028096K), 0.0296625 secs] [Times: user=0.08 sys=0.00, real=0.03 secs] 
2021-05-21T01:42:57.439+0800: 576729.091: [GC (Allocation Failure) [PSYoungGen: 503776K->9184K(507904K)] 836636K->353005K(1032192K), 0.0241737 secs] [Times: user=0.04 sys=0.03, real=0.03 secs] 
2021-05-21T01:47:24.889+0800: 576996.541: [GC (Allocation Failure) [PSYoungGen: 500704K->10528K(508416K)] 844525K->361224K(1032704K), 0.0221296 secs] [Times: user=0.07 sys=0.00, real=0.02 secs] 
2021-05-21T01:51:49.959+0800: 577261.611: [GC (Allocation Failure) [PSYoungGen: 502560K->11680K(507904K)] 853256K->370203K(1032192K), 0.0342024 secs] [Times: user=0.08 sys=0.00, real=0.04 secs] 
2021-05-21T01:56:16.805+0800: 577528.457: [GC (Allocation Failure) [PSYoungGen: 503712K->12096K(508928K)] 862235K->378805K(1033216K), 0.0270648 secs] [Times: user=0.08 sys=0.00, real=0.02 secs] 
2021-05-21T02:00:47.526+0800: 577799.178: [GC (Allocation Failure) [PSYoungGen: 505152K->12800K(508416K)] 871861K->388664K(1032704K), 0.0270471 secs] [Times: user=0.07 sys=0.00, real=0.03 secs] 
2021-05-21T02:05:21.397+0800: 578073.049: [GC (Allocation Failure) [PSYoungGen: 505856K->9728K(508416K)] 881720K->394760K(1032704K), 0.0235503 secs] [Times: user=0.04 sys=0.03, real=0.02 secs] 
2021-05-21T02:09:45.659+0800: 578337.311: [GC (Allocation Failure) [PSYoungGen: 502272K->11104K(508416K)] 887304K->403339K(1032704K), 0.0258239 secs] [Times: user=0.03 sys=0.03, real=0.03 secs] 
2021-05-21T02:14:13.609+0800: 578605.261: [GC (Allocation Failure) [PSYoungGen: 503648K->8672K(508928K)] 895883K->409388K(1033216K), 0.0206125 secs] [Times: user=0.03 sys=0.03, real=0.02 secs] 
2021-05-21T02:18:43.496+0800: 578875.148: [GC (Allocation Failure) [PSYoungGen: 502240K->13056K(506880K)] 902956K->420009K(1031168K), 0.0297334 secs] [Times: user=0.08 sys=0.00, real=0.03 secs] 
2021-05-21T02:23:17.483+0800: 579149.135: [GC (Allocation Failure) [PSYoungGen: 506624K->11616K(508928K)] 913577K->428699K(1033216K), 0.0517385 secs] [Times: user=0.04 sys=0.03, real=0.05 secs] 
2021-05-21T02:27:50.012+0800: 579421.664: [GC (Allocation Failure) [PSYoungGen: 504672K->10688K(508416K)] 921755K->437076K(1032704K), 0.0300359 secs] [Times: user=0.08 sys=0.00, real=0.03 secs] 
2021-05-21T02:32:19.787+0800: 579691.439: [GC (Allocation Failure) [PSYoungGen: 503744K->11104K(509440K)] 930132K->445094K(1033728K), 0.0389455 secs] [Times: user=0.07 sys=0.00, real=0.04 secs] 
2021-05-21T02:36:51.351+0800: 579963.003: [GC (Allocation Failure) [PSYoungGen: 505696K->11328K(509440K)] 939686K->454089K(1033728K), 0.0326529 secs] [Times: user=0.08 sys=0.00, real=0.04 secs] 
2021-05-21T02:41:28.980+0800: 580240.632: [GC (Allocation Failure) [PSYoungGen: 505920K->11808K(509952K)] 948681K->463188K(1034240K), 0.0379696 secs] [Times: user=0.10 sys=0.00, real=0.04 secs] 
2021-05-21T02:46:02.792+0800: 580514.444: [GC (Allocation Failure) [PSYoungGen: 507424K->9088K(509952K)] 958804K->470044K(1034240K), 0.0525688 secs] [Times: user=0.08 sys=0.00, real=0.06 secs] 
2021-05-21T02:50:36.473+0800: 580788.125: [GC (Allocation Failure) [PSYoungGen: 504704K->10016K(509952K)] 965660K->478079K(1034240K), 0.0220489 secs] [Times: user=0.04 sys=0.04, real=0.02 secs] 
2021-05-21T02:55:12.762+0800: 581064.414: [GC (Allocation Failure) [PSYoungGen: 505632K->8416K(509952K)] 973695K->485113K(1034240K), 0.0248412 secs] [Times: user=0.03 sys=0.03, real=0.03 secs] 
2021-05-21T02:59:47.745+0800: 581339.397: [GC (Allocation Failure) [PSYoungGen: 504032K->12864K(508928K)] 980729K->496677K(1033216K), 0.0517897 secs] [Times: user=0.04 sys=0.05, real=0.05 secs] 
2021-05-21T03:04:20.969+0800: 581612.621: [GC (Allocation Failure) [PSYoungGen: 507456K->9120K(509440K)] 991269K->502616K(1033728K), 0.0229803 secs] [Times: user=0.08 sys=0.00, real=0.02 secs] 
2021-05-21T03:08:50.776+0800: 581882.428: [GC (Allocation Failure) [PSYoungGen: 503712K->7904K(509440K)] 997208K->508803K(1033728K), 0.0245079 secs] [Times: user=0.07 sys=0.00, real=0.02 secs] 
2021-05-21T03:13:26.739+0800: 582158.391: [GC (Allocation Failure) [PSYoungGen: 502496K->10432K(509440K)] 1003395K->517590K(1033728K), 0.0409192 secs] [Times: user=0.07 sys=0.00, real=0.04 secs] 
2021-05-21T03:17:53.572+0800: 582425.224: [GC (Allocation Failure) [PSYoungGen: 505024K->10464K(509952K)] 1012182K->526272K(1034240K), 0.0234421 secs] [Times: user=0.04 sys=0.03, real=0.03 secs] 
2021-05-21T03:17:53.595+0800: 582425.247: [Full GC (Ergonomics) [PSYoungGen: 10464K->0K(509952K)] [ParOldGen: 515808K->298600K(524288K)] 526272K->298600K(1034240K), [Metaspace: 95413K->95409K(1136640K)], 0.5518724 secs] [Times: user=1.25 sys=0.00, real=0.55 secs] 
2021-05-21T03:22:28.389+0800: 582700.041: [GC (Allocation Failure) [PSYoungGen: 495616K->12064K(509952K)] 794216K->310664K(1034240K), 0.0205738 secs] [Times: user=0.06 sys=0.00, real=0.02 secs] 
2021-05-21T03:27:01.896+0800: 582973.548: [GC (Allocation Failure) [PSYoungGen: 507680K->10144K(509952K)] 806280K->318688K(1034240K), 0.0207483 secs] [Times: user=0.03 sys=0.03, real=0.02 secs] 
2021-05-21T03:31:31.063+0800: 583242.715: [GC (Allocation Failure) [PSYoungGen: 505760K->12320K(509952K)] 814304K->328900K(1034240K), 0.0290528 secs] [Times: user=0.03 sys=0.04, real=0.03 secs] 
2021-05-21T03:36:02.019+0800: 583513.671: [GC (Allocation Failure) [PSYoungGen: 507936K->12000K(509952K)] 824516K->338326K(1034240K), 0.0294812 secs] [Times: user=0.08 sys=0.00, real=0.03 secs] 
2021-05-21T03:40:40.356+0800: 583792.008: [GC (Allocation Failure) [PSYoungGen: 507616K->12768K(508416K)] 833942K->348058K(1032704K), 0.0249465 secs] [Times: user=0.08 sys=0.00, real=0.02 secs] 
2021-05-21T03:45:11.836+0800: 584063.488: [GC (Allocation Failure) [PSYoungGen: 508383K->8160K(509440K)] 843674K->353506K(1033728K), 0.0245182 secs] [Times: user=0.07 sys=0.00, real=0.02 secs] 
2021-05-21T03:49:45.167+0800: 584336.819: [GC (Allocation Failure) [PSYoungGen: 502752K->9440K(509440K)] 848098K->361300K(1033728K), 0.0240798 secs] [Times: user=0.06 sys=0.00, real=0.02 secs] 
2021-05-21T03:54:14.193+0800: 584605.845: [GC (Allocation Failure) [PSYoungGen: 504032K->9376K(509440K)] 855892K->367488K(1033728K), 0.0250935 secs] [Times: user=0.08 sys=0.00, real=0.02 secs] 
2021-05-21T03:58:42.243+0800: 584873.895: [GC (Allocation Failure) [PSYoungGen: 503968K->12608K(509440K)] 862080K->378331K(1033728K), 0.0225837 secs] [Times: user=0.06 sys=0.00, real=0.02 secs] 
2021-05-21T04:03:17.338+0800: 585148.990: [GC (Allocation Failure) [PSYoungGen: 507200K->9408K(509440K)] 872923K->384685K(1033728K), 0.0332164 secs] [Times: user=0.04 sys=0.03, real=0.03 secs] 
2021-05-21T04:07:47.354+0800: 585419.006: [GC (Allocation Failure) [PSYoungGen: 504000K->11616K(509440K)] 879277K->394240K(1033728K), 0.0237329 secs] [Times: user=0.04 sys=0.04, real=0.02 secs] 
2021-05-21T04:12:20.586+0800: 585692.238: [GC (Allocation Failure) [PSYoungGen: 506208K->8896K(509440K)] 888832K->401729K(1033728K), 0.0258627 secs] [Times: user=0.03 sys=0.03, real=0.02 secs] 
2021-05-21T04:16:55.903+0800: 585967.555: [GC (Allocation Failure) [PSYoungGen: 503488K->12000K(509440K)] 896321K->412005K(1033728K), 0.0268343 secs] [Times: user=0.07 sys=0.00, real=0.02 secs] 
2021-05-21T04:21:24.560+0800: 586236.212: [GC (Allocation Failure) [PSYoungGen: 506592K->11776K(509440K)] 906597K->421201K(1033728K), 0.0263409 secs] [Times: user=0.08 sys=0.00, real=0.03 secs] 
2021-05-21T04:25:56.801+0800: 586508.453: [GC (Allocation Failure) [PSYoungGen: 506368K->10336K(509440K)] 915793K->429412K(1033728K), 0.0244059 secs] [Times: user=0.04 sys=0.04, real=0.03 secs] 
2021-05-21T04:30:31.987+0800: 586783.639: [GC (Allocation Failure) [PSYoungGen: 504922K->11616K(509952K)] 923998K->438758K(1034240K), 0.0284845 secs] [Times: user=0.08 sys=0.00, real=0.03 secs] 
2021-05-21T04:35:03.320+0800: 587054.972: [GC (Allocation Failure) [PSYoungGen: 506720K->9568K(509440K)] 933862K->446137K(1033728K), 0.0287899 secs] [Times: user=0.07 sys=0.00, real=0.03 secs] 
2021-05-21T04:39:36.518+0800: 587328.170: [GC (Allocation Failure) [PSYoungGen: 504672K->10048K(509952K)] 941241K->454476K(1034240K), 0.0236319 secs] [Times: user=0.08 sys=0.00, real=0.02 secs] 
2021-05-21T04:44:09.341+0800: 587600.993: [GC (Allocation Failure) [PSYoungGen: 505664K->10240K(509952K)] 950092K->462326K(1034240K), 0.0607926 secs] [Times: user=0.07 sys=0.00, real=0.07 secs] 
2021-05-21T04:48:43.944+0800: 587875.596: [GC (Allocation Failure) [PSYoungGen: 505856K->9824K(510464K)] 957942K->469474K(1034752K), 0.0280530 secs] [Times: user=0.04 sys=0.04, real=0.02 secs] 
2021-05-21T04:53:15.838+0800: 588147.490: [GC (Allocation Failure) [PSYoungGen: 506464K->11680K(510464K)] 966114K->479853K(1034752K), 0.0245701 secs] [Times: user=0.08 sys=0.00, real=0.03 secs] 
2021-05-21T04:57:50.548+0800: 588422.200: [GC (Allocation Failure) [PSYoungGen: 508320K->8256K(510464K)] 976493K->486213K(1034752K), 0.0242352 secs] [Times: user=0.04 sys=0.04, real=0.03 secs] 
2021-05-21T05:02:26.372+0800: 588698.024: [GC (Allocation Failure) [PSYoungGen: 504893K->9696K(510464K)] 982851K->494169K(1034752K), 0.0247969 secs] [Times: user=0.04 sys=0.04, real=0.03 secs] 
2021-05-21T05:07:07.287+0800: 588978.939: [GC (Allocation Failure) [PSYoungGen: 506336K->12960K(509440K)] 990809K->505405K(1033728K), 0.0418498 secs] [Times: user=0.09 sys=0.00, real=0.04 secs] 
2021-05-21T05:12:05.460+0800: 589277.112: [GC (Allocation Failure) [PSYoungGen: 508576K->14304K(509952K)] 1001021K->518381K(1034240K), 0.0291678 secs] [Times: user=0.08 sys=0.00, real=0.03 secs] 
2021-05-21T05:17:05.672+0800: 589577.324: [GC (Allocation Failure) [PSYoungGen: 509920K->10624K(499712K)] 1013997K->525759K(1024000K), 0.0827514 secs] [Times: user=0.03 sys=0.04, real=0.08 secs] 
2021-05-21T05:17:05.756+0800: 589577.408: [Full GC (Ergonomics) [PSYoungGen: 10624K->0K(499712K)] [ParOldGen: 515135K->297397K(524288K)] 525759K->297397K(1024000K), [Metaspace: 95439K->95435K(1136640K)], 0.5130208 secs] [Times: user=1.09 sys=0.00, real=0.51 secs] 
2021-05-21T05:21:52.742+0800: 589864.394: [GC (Allocation Failure) [PSYoungGen: 485376K->13184K(504832K)] 782773K->310581K(1029120K), 0.0242588 secs] [Times: user=0.03 sys=0.04, real=0.02 secs] 
2021-05-21T05:26:46.896+0800: 590158.548: [GC (Allocation Failure) [PSYoungGen: 498560K->11520K(505856K)] 795957K->319118K(1030144K), 0.0672509 secs] [Times: user=0.07 sys=0.00, real=0.07 secs] 
2021-05-21T05:31:37.309+0800: 590448.962: [GC (Allocation Failure) [PSYoungGen: 498432K->9120K(505344K)] 806030K->325291K(1029632K), 0.0227816 secs] [Times: user=0.06 sys=0.00, real=0.03 secs] 
2021-05-21T05:36:27.119+0800: 590738.771: [GC (Allocation Failure) [PSYoungGen: 496032K->9984K(506368K)] 812203K->332807K(1030656K), 0.0450838 secs] [Times: user=0.07 sys=0.00, real=0.05 secs] 
2021-05-21T05:41:19.690+0800: 591031.342: [GC (Allocation Failure) [PSYoungGen: 497920K->9792K(505856K)] 820743K->341105K(1030144K), 0.0251971 secs] [Times: user=0.07 sys=0.00, real=0.03 secs] 
2021-05-21T05:46:10.173+0800: 591321.825: [GC (Allocation Failure) [PSYoungGen: 497728K->10816K(506880K)] 829041K->349020K(1031168K), 0.0242366 secs] [Times: user=0.07 sys=0.00, real=0.02 secs] 
2021-05-21T05:51:05.373+0800: 591617.026: [GC (Allocation Failure) [PSYoungGen: 499776K->8256K(506368K)] 837980K->354230K(1030656K), 0.0221291 secs] [Times: user=0.03 sys=0.03, real=0.02 secs] 
2021-05-21T05:56:01.183+0800: 591912.835: [GC (Allocation Failure) [PSYoungGen: 497216K->10208K(507392K)] 843190K->362074K(1031680K), 0.0269594 secs] [Times: user=0.08 sys=0.00, real=0.02 secs] 
2021-05-21T06:01:00.658+0800: 592212.310: [GC (Allocation Failure) [PSYoungGen: 500704K->10208K(507392K)] 852570K->369165K(1031680K), 0.0198310 secs] [Times: user=0.07 sys=0.00, real=0.02 secs] 
2021-05-21T06:05:54.203+0800: 592505.855: [GC (Allocation Failure) [PSYoungGen: 500704K->10240K(508416K)] 859661K->377487K(1032704K), 0.0369228 secs] [Times: user=0.09 sys=0.00, real=0.03 secs] 
2021-05-21T06:10:52.095+0800: 592803.747: [GC (Allocation Failure) [PSYoungGen: 502272K->10496K(507904K)] 869519K->385369K(1032192K), 0.0261277 secs] [Times: user=0.04 sys=0.03, real=0.02 secs] 
2021-05-21T06:15:47.830+0800: 593099.482: [GC (Allocation Failure) [PSYoungGen: 502528K->8512K(508928K)] 877401K->391036K(1033216K), 0.0306763 secs] [Times: user=0.07 sys=0.00, real=0.03 secs] 
2021-05-21T06:20:44.300+0800: 593395.952: [GC (Allocation Failure) [PSYoungGen: 502080K->12256K(508928K)] 884604K->400409K(1033216K), 0.0214165 secs] [Times: user=0.03 sys=0.03, real=0.02 secs] 
2021-05-21T06:25:39.902+0800: 593691.554: [GC (Allocation Failure) [PSYoungGen: 505824K->10400K(508928K)] 893977K->408347K(1033216K), 0.0309950 secs] [Times: user=0.08 sys=0.00, real=0.03 secs] 
2021-05-21T06:30:38.764+0800: 593990.416: [GC (Allocation Failure) [PSYoungGen: 503968K->12512K(508928K)] 901915K->418599K(1033216K), 0.0273637 secs] [Times: user=0.08 sys=0.00, real=0.02 secs] 
2021-05-21T06:35:34.154+0800: 594285.806: [GC (Allocation Failure) [PSYoungGen: 506080K->10080K(508928K)] 912167K->425416K(1033216K), 0.0238710 secs] [Times: user=0.07 sys=0.00, real=0.02 secs] 
2021-05-21T06:40:32.895+0800: 594584.547: [GC (Allocation Failure) [PSYoungGen: 503648K->9408K(508928K)] 918984K->431764K(1033216K), 0.0241974 secs] [Times: user=0.04 sys=0.04, real=0.02 secs] 
2021-05-21T06:45:26.723+0800: 594878.375: [GC (Allocation Failure) [PSYoungGen: 502976K->10880K(509440K)] 925332K->440528K(1033728K), 0.0367502 secs] [Times: user=0.08 sys=0.00, real=0.03 secs] 
2021-05-21T06:50:21.810+0800: 595173.462: [GC (Allocation Failure) [PSYoungGen: 505467K->9856K(509440K)] 935116K->448681K(1033728K), 0.0220508 secs] [Times: user=0.03 sys=0.04, real=0.03 secs] 
2021-05-21T06:55:16.246+0800: 595467.898: [GC (Allocation Failure) [PSYoungGen: 504448K->11584K(509952K)] 943273K->458364K(1034240K), 0.0220794 secs] [Times: user=0.03 sys=0.03, real=0.02 secs] 
2021-05-21T07:00:12.188+0800: 595763.840: [GC (Allocation Failure) [PSYoungGen: 507200K->10656K(509952K)] 953980K->466127K(1034240K), 0.0260310 secs] [Times: user=0.08 sys=0.00, real=0.03 secs] 
2021-05-21T07:05:12.740+0800: 596064.392: [GC (Allocation Failure) [PSYoungGen: 506272K->11378K(510464K)] 961743K->474397K(1034752K), 0.0263626 secs] [Times: user=0.07 sys=0.00, real=0.03 secs] 
2021-05-21T07:10:09.810+0800: 596361.462: [GC (Allocation Failure) [PSYoungGen: 508018K->10784K(510464K)] 971037K->482459K(1034752K), 0.0226529 secs] [Times: user=0.04 sys=0.03, real=0.03 secs] 
2021-05-21T07:15:08.241+0800: 596659.893: [GC (Allocation Failure) [PSYoungGen: 507424K->9632K(510464K)] 979099K->489957K(1034752K), 0.0545584 secs] [Times: user=0.07 sys=0.00, real=0.06 secs] 
2021-05-21T07:20:06.936+0800: 596958.588: [GC (Allocation Failure) [PSYoungGen: 506272K->12896K(509952K)] 986597K->500489K(1034240K), 0.0265256 secs] [Times: user=0.04 sys=0.04, real=0.03 secs] 
2021-05-21T07:25:03.483+0800: 597255.135: [GC (Allocation Failure) [PSYoungGen: 509536K->9312K(509952K)] 997129K->506314K(1034240K), 0.0266346 secs] [Times: user=0.04 sys=0.04, real=0.02 secs] 
2021-05-21T07:29:59.116+0800: 597550.768: [GC (Allocation Failure) [PSYoungGen: 504928K->8992K(509952K)] 1001930K->513435K(1034240K), 0.0231980 secs] [Times: user=0.04 sys=0.04, real=0.02 secs] 
2021-05-21T07:34:55.755+0800: 597847.407: [GC (Allocation Failure) [PSYoungGen: 504608K->11616K(509952K)] 1009051K->522607K(1034240K), 0.0253436 secs] [Times: user=0.04 sys=0.04, real=0.02 secs] 
2021-05-21T07:39:53.219+0800: 598144.871: [GC (Allocation Failure) [PSYoungGen: 507232K->10272K(509952K)] 1018223K->529760K(1034240K), 0.0235786 secs] [Times: user=0.03 sys=0.04, real=0.03 secs] 
2021-05-21T07:39:53.243+0800: 598144.895: [Full GC (Ergonomics) [PSYoungGen: 10272K->0K(509952K)] [ParOldGen: 519488K->300590K(524288K)] 529760K->300590K(1034240K), [Metaspace: 95444K->95440K(1136640K)], 0.5513284 secs] [Times: user=1.10 sys=0.00, real=0.55 secs] 
2021-05-21T07:44:48.268+0800: 598439.920: [GC (Allocation Failure) [PSYoungGen: 495616K->8896K(510464K)] 796206K->309486K(1034752K), 0.0213763 secs] [Times: user=0.05 sys=0.00, real=0.02 secs] 
2021-05-21T07:49:48.822+0800: 598740.474: [GC (Allocation Failure) [PSYoungGen: 505536K->11712K(510464K)] 806126K->319297K(1034752K), 0.0262437 secs] [Times: user=0.04 sys=0.04, real=0.03 secs] 
2021-05-21T07:54:44.895+0800: 599036.548: [GC (Allocation Failure) [PSYoungGen: 508352K->10784K(510464K)] 815937K->327185K(1034752K), 0.0273945 secs] [Times: user=0.03 sys=0.04, real=0.03 secs] 
2021-05-21T07:59:41.182+0800: 599332.834: [GC (Allocation Failure) [PSYoungGen: 507424K->11968K(510464K)] 823825K->335174K(1034752K), 0.0262728 secs] [Times: user=0.08 sys=0.00, real=0.02 secs] 
2021-05-21T08:04:38.147+0800: 599629.799: [GC (Allocation Failure) [PSYoungGen: 508608K->9984K(510464K)] 831814K->342223K(1034752K), 0.0288895 secs] [Times: user=0.03 sys=0.04, real=0.03 secs] 
2021-05-21T08:09:28.700+0800: 599920.352: [GC (Allocation Failure) [PSYoungGen: 506624K->11872K(510464K)] 838863K->351097K(1034752K), 0.0461647 secs] [Times: user=0.06 sys=0.00, real=0.05 secs] 
2021-05-21T08:14:29.124+0800: 600220.776: [GC (Allocation Failure) [PSYoungGen: 508512K->8928K(510464K)] 847737K->356875K(1034752K), 0.0282162 secs] [Times: user=0.07 sys=0.00, real=0.03 secs] 
2021-05-21T08:19:28.612+0800: 600520.264: [GC (Allocation Failure) [PSYoungGen: 505568K->10944K(510464K)] 853515K->365550K(1034752K), 0.0222659 secs] [Times: user=0.04 sys=0.03, real=0.03 secs] 
2021-05-21T08:24:24.216+0800: 600815.868: [GC (Allocation Failure) [PSYoungGen: 507584K->10016K(510464K)] 862190K->373615K(1034752K), 0.0215519 secs] [Times: user=0.06 sys=0.00, real=0.02 secs] 
2021-05-21T08:29:18.976+0800: 601110.628: [GC (Allocation Failure) [PSYoungGen: 506656K->8736K(510464K)] 870255K->379874K(1034752K), 0.0250048 secs] [Times: user=0.04 sys=0.05, real=0.02 secs] 
2021-05-21T08:34:14.522+0800: 601406.174: [GC (Allocation Failure) [PSYoungGen: 505376K->10304K(510976K)] 876514K->388006K(1035264K), 0.0228635 secs] [Times: user=0.03 sys=0.04, real=0.03 secs] 
2021-05-21T08:39:13.511+0800: 601705.163: [GC (Allocation Failure) [PSYoungGen: 507456K->12256K(510464K)] 885158K->398385K(1034752K), 0.0382406 secs] [Times: user=0.07 sys=0.00, real=0.04 secs] 
2021-05-21T08:44:08.994+0800: 602000.646: [GC (Allocation Failure) [PSYoungGen: 509408K->10880K(510464K)] 895537K->406177K(1034752K), 0.0316560 secs] [Times: user=0.09 sys=0.00, real=0.03 secs] 
2021-05-21T08:49:08.316+0800: 602299.968: [GC (Allocation Failure) [PSYoungGen: 507520K->12096K(510464K)] 902817K->414853K(1034752K), 0.0230788 secs] [Times: user=0.07 sys=0.00, real=0.02 secs] 
2021-05-21T08:54:05.238+0800: 602596.890: [GC (Allocation Failure) [PSYoungGen: 508736K->8096K(510464K)] 911493K->420868K(1034752K), 0.0236691 secs] [Times: user=0.08 sys=0.00, real=0.02 secs] 
2021-05-21T08:58:59.009+0800: 602890.661: [GC (Allocation Failure) [PSYoungGen: 504736K->9792K(510464K)] 917508K->428767K(1034752K), 0.0249089 secs] [Times: user=0.07 sys=0.00, real=0.03 secs] 
2021-05-21T09:03:54.548+0800: 603186.200: [GC (Allocation Failure) [PSYoungGen: 506432K->11328K(510464K)] 925407K->437858K(1034752K), 0.0372950 secs] [Times: user=0.07 sys=0.00, real=0.04 secs] 
2021-05-21T09:08:49.585+0800: 603481.237: [GC (Allocation Failure) [PSYoungGen: 507968K->10336K(510464K)] 934498K->444765K(1034752K), 0.0550101 secs] [Times: user=0.04 sys=0.04, real=0.05 secs] 
2021-05-21T09:13:49.241+0800: 603780.893: [GC (Allocation Failure) [PSYoungGen: 506976K->8992K(510976K)] 941405K->451681K(1035264K), 0.0286438 secs] [Times: user=0.08 sys=0.00, real=0.03 secs] 
2021-05-21T09:18:44.631+0800: 604076.283: [GC (Allocation Failure) [PSYoungGen: 506144K->10848K(510464K)] 948833K->460891K(1034752K), 0.0832873 secs] [Times: user=0.10 sys=0.00, real=0.09 secs] 
2021-05-21T09:23:41.705+0800: 604373.357: [GC (Allocation Failure) [PSYoungGen: 508000K->9056K(510976K)] 958043K->468085K(1035264K), 0.0472576 secs] [Times: user=0.07 sys=0.00, real=0.05 secs] 
2021-05-21T09:28:39.416+0800: 604671.068: [GC (Allocation Failure) [PSYoungGen: 506720K->10816K(510976K)] 965749K->476386K(1035264K), 0.0222139 secs] [Times: user=0.03 sys=0.04, real=0.02 secs] 
2021-05-21T09:33:34.922+0800: 604966.574: [GC (Allocation Failure) [PSYoungGen: 508480K->11744K(509952K)] 974050K->485835K(1034240K), 0.0309561 secs] [Times: user=0.04 sys=0.04, real=0.03 secs] 
2021-05-21T09:38:30.585+0800: 605262.237: [GC (Allocation Failure) [PSYoungGen: 508384K->11040K(510464K)] 982475K->493109K(1034752K), 0.0244808 secs] [Times: user=0.07 sys=0.00, real=0.02 secs] 
2021-05-21T09:43:29.887+0800: 605561.539: [GC (Allocation Failure) [PSYoungGen: 507680K->7616K(509952K)] 989749K->498582K(1034240K), 0.0760407 secs] [Times: user=0.08 sys=0.00, real=0.08 secs] 
2021-05-21T09:48:25.851+0800: 605857.503: [GC (Allocation Failure) [PSYoungGen: 504256K->9184K(510464K)] 995222K->506138K(1034752K), 0.0249717 secs] [Times: user=0.07 sys=0.00, real=0.03 secs] 
2021-05-21T09:53:24.282+0800: 606155.934: [GC (Allocation Failure) [PSYoungGen: 505824K->10304K(510976K)] 1002778K->513485K(1035264K), 0.0310406 secs] [Times: user=0.09 sys=0.00, real=0.03 secs] 
2021-05-21T09:58:22.740+0800: 606454.392: [GC (Allocation Failure) [PSYoungGen: 507456K->12736K(510464K)] 1010637K->523217K(1034752K), 0.0303194 secs] [Times: user=0.07 sys=0.00, real=0.03 secs] 
2021-05-21T10:03:15.666+0800: 606747.318: [GC (Allocation Failure) [PSYoungGen: 509888K->12384K(509440K)] 1020369K->532316K(1033728K), 0.0270546 secs] [Times: user=0.07 sys=0.00, real=0.03 secs] 
2021-05-21T10:03:15.694+0800: 606747.346: [Full GC (Ergonomics) [PSYoungGen: 12384K->0K(509440K)] [ParOldGen: 519932K->300749K(524288K)] 532316K->300749K(1033728K), [Metaspace: 95452K->95452K(1136640K)], 0.4610666 secs] [Times: user=0.98 sys=0.00, real=0.46 secs] 
2021-05-21T10:08:11.540+0800: 607043.192: [GC (Allocation Failure) [PSYoungGen: 495616K->11776K(509952K)] 796365K->312525K(1034240K), 0.0214879 secs] [Times: user=0.04 sys=0.03, real=0.02 secs] 
2021-05-21T10:13:09.066+0800: 607340.718: [GC (Allocation Failure) [PSYoungGen: 507392K->10016K(509952K)] 808141K->319408K(1034240K), 0.0232016 secs] [Times: user=0.03 sys=0.03, real=0.02 secs] 
2021-05-21T10:18:01.801+0800: 607633.453: [GC (Allocation Failure) [PSYoungGen: 505632K->12288K(509952K)] 815024K->329062K(1034240K), 0.0316579 secs] [Times: user=0.04 sys=0.05, real=0.04 secs] 
2021-05-21T10:22:59.410+0800: 607931.062: [GC (Allocation Failure) [PSYoungGen: 507904K->11872K(509952K)] 824678K->337839K(1034240K), 0.0289190 secs] [Times: user=0.08 sys=0.00, real=0.03 secs] 
2021-05-21T10:27:54.232+0800: 608225.884: [GC (Allocation Failure) [PSYoungGen: 507488K->10720K(509952K)] 833455K->346306K(1034240K), 0.0355770 secs] [Times: user=0.05 sys=0.06, real=0.03 secs] 
2021-05-21T10:32:52.470+0800: 608524.122: [GC (Allocation Failure) [PSYoungGen: 506336K->12416K(509952K)] 841922K->356157K(1034240K), 0.0289969 secs] [Times: user=0.04 sys=0.04, real=0.03 secs] 
2021-05-21T10:37:45.510+0800: 608817.162: [GC (Allocation Failure) [PSYoungGen: 508032K->12064K(509952K)] 851773K->364504K(1034240K), 0.0270166 secs] [Times: user=0.04 sys=0.04, real=0.03 secs] 
2021-05-21T10:42:39.427+0800: 609111.079: [GC (Allocation Failure) [PSYoungGen: 507680K->10304K(509952K)] 860120K->372784K(1034240K), 0.0275117 secs] [Times: user=0.04 sys=0.04, real=0.03 secs] 
2021-05-21T10:47:35.311+0800: 609406.963: [GC (Allocation Failure) [PSYoungGen: 505920K->10688K(509952K)] 868400K->381657K(1034240K), 0.0254792 secs] [Times: user=0.08 sys=0.00, real=0.03 secs] 
2021-05-21T10:52:31.670+0800: 609703.322: [GC (Allocation Failure) [PSYoungGen: 506304K->11648K(509952K)] 877273K->390596K(1034240K), 0.0273007 secs] [Times: user=0.08 sys=0.00, real=0.03 secs] 
2021-05-21T10:57:23.201+0800: 609994.853: [GC (Allocation Failure) [PSYoungGen: 507264K->9984K(509952K)] 886212K->397454K(1034240K), 0.0237542 secs] [Times: user=0.04 sys=0.03, real=0.03 secs] 
2021-05-21T11:02:20.860+0800: 610292.512: [GC (Allocation Failure) [PSYoungGen: 505600K->10368K(510464K)] 893070K->405959K(1034752K), 0.0278573 secs] [Times: user=0.07 sys=0.00, real=0.03 secs] 
2021-05-21T11:07:12.996+0800: 610584.648: [GC (Allocation Failure) [PSYoungGen: 507008K->11872K(510464K)] 902599K->414324K(1034752K), 0.0248937 secs] [Times: user=0.08 sys=0.00, real=0.02 secs] 
2021-05-21T11:12:10.117+0800: 610881.769: [GC (Allocation Failure) [PSYoungGen: 508512K->9664K(510464K)] 910964K->421806K(1034752K), 0.0238449 secs] [Times: user=0.07 sys=0.00, real=0.02 secs] 
2021-05-21T11:17:02.869+0800: 611174.521: [GC (Allocation Failure) [PSYoungGen: 506304K->11360K(510464K)] 918446K->431136K(1034752K), 0.0249948 secs] [Times: user=0.07 sys=0.00, real=0.03 secs] 
2021-05-21T11:21:55.492+0800: 611467.144: [GC (Allocation Failure) [PSYoungGen: 508000K->9696K(510464K)] 927776K->437706K(1034752K), 0.0214329 secs] [Times: user=0.04 sys=0.04, real=0.03 secs] 
2021-05-21T11:26:50.525+0800: 611762.177: [GC (Allocation Failure) [PSYoungGen: 506336K->10624K(510464K)] 934346K->446915K(1034752K), 0.0314719 secs] [Times: user=0.03 sys=0.04, real=0.03 secs] 
2021-05-21T11:31:48.151+0800: 612059.803: [GC (Allocation Failure) [PSYoungGen: 507264K->11104K(510976K)] 943555K->455205K(1035264K), 0.0316891 secs] [Times: user=0.04 sys=0.03, real=0.04 secs] 
2021-05-21T11:36:44.685+0800: 612356.337: [GC (Allocation Failure) [PSYoungGen: 508768K->11040K(510976K)] 952869K->462696K(1035264K), 0.0261069 secs] [Times: user=0.08 sys=0.00, real=0.02 secs] 
2021-05-21T11:41:46.543+0800: 612658.195: [GC (Allocation Failure) [PSYoungGen: 508704K->11488K(510976K)] 960360K->472066K(1035264K), 0.0227095 secs] [Times: user=0.03 sys=0.04, real=0.02 secs] 
2021-05-21T11:46:42.393+0800: 612954.045: [GC (Allocation Failure) [PSYoungGen: 509152K->12704K(510464K)] 969730K->481517K(1034752K), 0.0308700 secs] [Times: user=0.04 sys=0.04, real=0.03 secs] 
2021-05-21T11:51:36.133+0800: 613247.785: [GC (Allocation Failure) [PSYoungGen: 510368K->11392K(510464K)] 979181K->490542K(1034752K), 0.0269753 secs] [Times: user=0.07 sys=0.00, real=0.02 secs] 
2021-05-21T11:56:33.734+0800: 613545.386: [GC (Allocation Failure) [PSYoungGen: 508025K->12096K(510464K)] 987176K->499344K(1034752K), 0.0257752 secs] [Times: user=0.04 sys=0.04, real=0.02 secs] 
2021-05-21T12:01:29.050+0800: 613840.702: [GC (Allocation Failure) [PSYoungGen: 508736K->10592K(510464K)] 995984K->507521K(1034752K), 0.0286317 secs] [Times: user=0.09 sys=0.00, real=0.03 secs] 
2021-05-21T12:06:23.452+0800: 614135.104: [GC (Allocation Failure) [PSYoungGen: 507232K->9952K(510464K)] 1004161K->515194K(1034752K), 0.0237304 secs] [Times: user=0.07 sys=0.00, real=0.03 secs] 
2021-05-21T12:11:15.930+0800: 614427.582: [GC (Allocation Failure) [PSYoungGen: 506592K->10368K(510976K)] 1011834K->522982K(1035264K), 0.0237151 secs] [Times: user=0.07 sys=0.00, real=0.03 secs] 
2021-05-21T12:16:06.773+0800: 614718.425: [GC (Allocation Failure) [PSYoungGen: 507520K->11200K(510464K)] 1020134K->532058K(1034752K), 0.0412536 secs] [Times: user=0.04 sys=0.03, real=0.04 secs] 
2021-05-21T12:16:06.815+0800: 614718.467: [Full GC (Ergonomics) [PSYoungGen: 11200K->0K(510464K)] [ParOldGen: 520858K->299723K(524288K)] 532058K->299723K(1034752K), [Metaspace: 95452K->95452K(1136640K)], 0.8898158 secs] [Times: user=2.24 sys=0.00, real=0.89 secs] 
2021-05-21T12:21:04.357+0800: 615016.009: [GC (Allocation Failure) [PSYoungGen: 497152K->11456K(510976K)] 796875K->311179K(1035264K), 0.0196116 secs] [Times: user=0.03 sys=0.03, real=0.02 secs] 
2021-05-21T12:26:05.290+0800: 615316.942: [GC (Allocation Failure) [PSYoungGen: 509120K->12256K(510976K)] 808843K->320702K(1035264K), 0.0278284 secs] [Times: user=0.04 sys=0.04, real=0.03 secs] 
2021-05-21T12:31:02.317+0800: 615613.969: [GC (Allocation Failure) [PSYoungGen: 509920K->11392K(510976K)] 818366K->328753K(1035264K), 0.0339327 secs] [Times: user=0.02 sys=0.04, real=0.03 secs] 
2021-05-21T12:35:56.651+0800: 615908.303: [GC (Allocation Failure) [PSYoungGen: 509056K->11168K(510976K)] 826417K->336771K(1035264K), 0.0290903 secs] [Times: user=0.06 sys=0.00, real=0.03 secs] 
2021-05-21T12:40:48.099+0800: 616199.751: [GC (Allocation Failure) [PSYoungGen: 508832K->12384K(510976K)] 834435K->346168K(1035264K), 0.0227188 secs] [Times: user=0.07 sys=0.00, real=0.03 secs] 
2021-05-21T12:45:45.775+0800: 616497.427: [GC (Allocation Failure) [PSYoungGen: 510048K->11200K(510976K)] 843832K->354665K(1035264K), 0.0235009 secs] [Times: user=0.07 sys=0.00, real=0.02 secs] 
2021-05-21T12:50:43.187+0800: 616794.839: [GC (Allocation Failure) [PSYoungGen: 508864K->12288K(510976K)] 852329K->364164K(1035264K), 0.0234755 secs] [Times: user=0.03 sys=0.03, real=0.02 secs] 
2021-05-21T12:55:34.484+0800: 617086.136: [GC (Allocation Failure) [PSYoungGen: 509952K->9312K(507392K)] 861828K->370158K(1031680K), 0.0234044 secs] [Times: user=0.04 sys=0.03, real=0.02 secs] 
2021-05-21T13:00:29.560+0800: 617381.212: [GC (Allocation Failure) [PSYoungGen: 506976K->11616K(510464K)] 867822K->379066K(1034752K), 0.0217008 secs] [Times: user=0.03 sys=0.03, real=0.02 secs] 
2021-05-21T13:05:21.447+0800: 617673.099: [GC (Allocation Failure) [PSYoungGen: 508256K->11922K(510464K)] 875706K->387529K(1034752K), 0.0441503 secs] [Times: user=0.09 sys=0.00, real=0.04 secs] 
2021-05-21T13:10:15.711+0800: 617967.363: [GC (Allocation Failure) [PSYoungGen: 508562K->12416K(510464K)] 884169K->397987K(1034752K), 0.0319301 secs] [Times: user=0.03 sys=0.03, real=0.04 secs] 
2021-05-21T13:15:06.523+0800: 618258.175: [GC (Allocation Failure) [PSYoungGen: 509056K->10176K(510464K)] 894627K->405132K(1034752K), 0.0251390 secs] [Times: user=0.07 sys=0.00, real=0.02 secs] 
2021-05-21T13:20:00.393+0800: 618552.045: [GC (Allocation Failure) [PSYoungGen: 506816K->13344K(509440K)] 901772K->415761K(1033728K), 0.0235226 secs] [Times: user=0.04 sys=0.03, real=0.02 secs] 
2021-05-21T13:24:55.050+0800: 618846.702: [GC (Allocation Failure) [PSYoungGen: 508955K->11008K(509952K)] 911372K->423467K(1034240K), 0.0231013 secs] [Times: user=0.07 sys=0.00, real=0.03 secs] 
2021-05-21T13:29:52.696+0800: 619144.348: [GC (Allocation Failure) [PSYoungGen: 506624K->9824K(509952K)] 919083K->430589K(1034240K), 0.0455537 secs] [Times: user=0.07 sys=0.00, real=0.04 secs] 
2021-05-21T13:34:47.004+0800: 619438.657: [GC (Allocation Failure) [PSYoungGen: 505440K->11808K(509952K)] 926205K->439616K(1034240K), 0.0247211 secs] [Times: user=0.07 sys=0.00, real=0.02 secs] 
2021-05-21T13:39:41.235+0800: 619732.887: [GC (Allocation Failure) [PSYoungGen: 507423K->9984K(509952K)] 935231K->446651K(1034240K), 0.0235303 secs] [Times: user=0.07 sys=0.00, real=0.02 secs] 
2021-05-21T13:44:37.325+0800: 620028.978: [GC (Allocation Failure) [PSYoungGen: 505597K->12960K(509952K)] 942264K->456782K(1034240K), 0.0304066 secs] [Times: user=0.08 sys=0.00, real=0.03 secs] 
2021-05-21T13:49:33.114+0800: 620324.766: [GC (Allocation Failure) [PSYoungGen: 508576K->11872K(509952K)] 952398K->466000K(1034240K), 0.0243175 secs] [Times: user=0.03 sys=0.04, real=0.02 secs] 
2021-05-21T13:54:27.155+0800: 620618.807: [GC (Allocation Failure) [PSYoungGen: 507488K->9984K(509952K)] 961616K->473258K(1034240K), 0.0267833 secs] [Times: user=0.07 sys=0.00, real=0.02 secs] 
2021-05-21T13:59:24.022+0800: 620915.674: [GC (Allocation Failure) [PSYoungGen: 505600K->11904K(509952K)] 968874K->482918K(1034240K), 0.0281384 secs] [Times: user=0.04 sys=0.03, real=0.02 secs] 
2021-05-21T14:04:21.935+0800: 621213.587: [GC (Allocation Failure) [PSYoungGen: 507520K->10336K(509952K)] 978534K->490072K(1034240K), 0.0235348 secs] [Times: user=0.07 sys=0.00, real=0.02 secs] 
2021-05-21T14:09:13.294+0800: 621504.946: [GC (Allocation Failure) [PSYoungGen: 505952K->12480K(509952K)] 985688K->499899K(1034240K), 0.0231278 secs] [Times: user=0.07 sys=0.00, real=0.02 secs] 
2021-05-21T14:14:08.163+0800: 621799.815: [GC (Allocation Failure) [PSYoungGen: 508096K->9888K(509952K)] 995515K->506238K(1034240K), 0.0335315 secs] [Times: user=0.07 sys=0.00, real=0.03 secs] 
2021-05-21T14:19:07.101+0800: 622098.753: [GC (Allocation Failure) [PSYoungGen: 505504K->10240K(509952K)] 1001854K->514240K(1034240K), 0.0247286 secs] [Times: user=0.03 sys=0.03, real=0.03 secs] 
2021-05-21T14:24:00.989+0800: 622392.641: [GC (Allocation Failure) [PSYoungGen: 505856K->12608K(509952K)] 1009856K->523652K(1034240K), 0.0280339 secs] [Times: user=0.07 sys=0.00, real=0.03 secs] 
2021-05-21T14:28:57.491+0800: 622689.143: [GC (Allocation Failure) [PSYoungGen: 508224K->10912K(509952K)] 1019268K->531252K(1034240K), 0.0238919 secs] [Times: user=0.04 sys=0.03, real=0.03 secs] 
2021-05-21T14:28:57.515+0800: 622689.167: [Full GC (Ergonomics) [PSYoungGen: 10912K->0K(509952K)] [ParOldGen: 520340K->299877K(524288K)] 531252K->299877K(1034240K), [Metaspace: 95452K->95452K(1136640K)], 0.4537528 secs] [Times: user=0.97 sys=0.00, real=0.45 secs] 
2021-05-21T14:33:54.103+0800: 622985.755: [GC (Allocation Failure) [PSYoungGen: 495616K->12192K(509952K)] 795493K->312069K(1034240K), 0.0204486 secs] [Times: user=0.03 sys=0.04, real=0.02 secs] 
2021-05-21T14:38:47.134+0800: 623278.786: [GC (Allocation Failure) [PSYoungGen: 507808K->10304K(509952K)] 807685K->320404K(1034240K), 0.0269700 secs] [Times: user=0.03 sys=0.04, real=0.02 secs] 
2021-05-21T14:43:43.611+0800: 623575.263: [GC (Allocation Failure) [PSYoungGen: 505920K->9600K(509952K)] 816020K->327367K(1034240K), 0.0305983 secs] [Times: user=0.03 sys=0.03, real=0.03 secs] 
2021-05-21T14:48:36.564+0800: 623868.216: [GC (Allocation Failure) [PSYoungGen: 505216K->13408K(508928K)] 822983K->338195K(1033216K), 0.0244774 secs] [Times: user=0.07 sys=0.00, real=0.02 secs] 
2021-05-21T14:53:33.435+0800: 624165.087: [GC (Allocation Failure) [PSYoungGen: 508000K->10752K(509440K)] 832787K->345101K(1033728K), 0.0315679 secs] [Times: user=0.06 sys=0.00, real=0.03 secs] 
2021-05-21T14:58:28.443+0800: 624460.095: [GC (Allocation Failure) [PSYoungGen: 505344K->10976K(509952K)] 839693K->353678K(1034240K), 0.0218291 secs] [Times: user=0.06 sys=0.00, real=0.02 secs] 
2021-05-21T15:03:26.854+0800: 624758.506: [GC (Allocation Failure) [PSYoungGen: 506080K->9664K(509440K)] 848782K->360488K(1033728K), 0.0233044 secs] [Times: user=0.03 sys=0.04, real=0.02 secs] 
2021-05-21T15:08:23.181+0800: 625054.833: [GC (Allocation Failure) [PSYoungGen: 504768K->9888K(509952K)] 855592K->367954K(1034240K), 0.0229242 secs] [Times: user=0.07 sys=0.00, real=0.03 secs] 
2021-05-21T15:13:13.810+0800: 625345.462: [GC (Allocation Failure) [PSYoungGen: 505504K->9888K(509952K)] 863570K->374996K(1034240K), 0.0413249 secs] [Times: user=0.06 sys=0.00, real=0.04 secs] 
2021-05-21T15:18:07.779+0800: 625639.432: [GC (Allocation Failure) [PSYoungGen: 505504K->11456K(510464K)] 870612K->383455K(1034752K), 0.0233956 secs] [Times: user=0.03 sys=0.03, real=0.03 secs] 
2021-05-21T15:23:02.954+0800: 625934.606: [GC (Allocation Failure) [PSYoungGen: 507584K->12224K(509952K)] 879583K->392659K(1034240K), 0.0299408 secs] [Times: user=0.07 sys=0.00, real=0.03 secs] 
2021-05-21T15:27:55.859+0800: 626227.511: [GC (Allocation Failure) [PSYoungGen: 508352K->13280K(508928K)] 888787K->402767K(1033216K), 0.0245855 secs] [Times: user=0.04 sys=0.03, real=0.03 secs] 
2021-05-21T15:32:48.654+0800: 626520.306: [GC (Allocation Failure) [PSYoungGen: 507872K->12256K(509440K)] 897359K->411298K(1033728K), 0.0257166 secs] [Times: user=0.07 sys=0.00, real=0.02 secs] 
2021-05-21T15:37:45.694+0800: 626817.346: [GC (Allocation Failure) [PSYoungGen: 506848K->12096K(509440K)] 905890K->420020K(1033728K), 0.0219305 secs] [Times: user=0.03 sys=0.03, real=0.02 secs] 
2021-05-21T15:42:40.278+0800: 627111.930: [GC (Allocation Failure) [PSYoungGen: 506688K->11328K(509440K)] 914612K->427774K(1033728K), 0.0247270 secs] [Times: user=0.07 sys=0.00, real=0.03 secs] 
2021-05-21T15:47:32.629+0800: 627404.281: [GC (Allocation Failure) [PSYoungGen: 505920K->11616K(509952K)] 922366K->437064K(1034240K), 0.0231376 secs] [Times: user=0.07 sys=0.00, real=0.03 secs] 
2021-05-21T15:52:28.133+0800: 627699.785: [GC (Allocation Failure) [PSYoungGen: 507232K->12384K(509952K)] 932680K->446993K(1034240K), 0.0306466 secs] [Times: user=0.03 sys=0.04, real=0.03 secs] 
2021-05-21T15:57:24.683+0800: 627996.335: [GC (Allocation Failure) [PSYoungGen: 508000K->11456K(509952K)] 942609K->454732K(1034240K), 0.0321346 secs] [Times: user=0.09 sys=0.00, real=0.03 secs] 
2021-05-21T16:02:22.926+0800: 628294.578: [GC (Allocation Failure) [PSYoungGen: 507072K->10720K(509952K)] 950348K->462487K(1034240K), 0.0251296 secs] [Times: user=0.04 sys=0.03, real=0.02 secs] 
2021-05-21T16:07:19.721+0800: 628591.373: [GC (Allocation Failure) [PSYoungGen: 506336K->11872K(510464K)] 958103K->471554K(1034752K), 0.0255642 secs] [Times: user=0.08 sys=0.00, real=0.03 secs] 
2021-05-21T16:12:21.267+0800: 628892.919: [GC (Allocation Failure) [PSYoungGen: 508512K->10176K(510464K)] 968194K->479244K(1034752K), 0.0279935 secs] [Times: user=0.07 sys=0.00, real=0.03 secs] 
2021-05-21T16:17:15.463+0800: 629187.115: [GC (Allocation Failure) [PSYoungGen: 506816K->12448K(509440K)] 975884K->489536K(1033728K), 0.0226587 secs] [Times: user=0.03 sys=0.04, real=0.02 secs] 
2021-05-21T16:22:10.829+0800: 629482.481: [GC (Allocation Failure) [PSYoungGen: 508064K->11360K(509952K)] 985152K->497563K(1034240K), 0.0246834 secs] [Times: user=0.07 sys=0.00, real=0.03 secs] 
2021-05-21T16:27:09.886+0800: 629781.538: [GC (Allocation Failure) [PSYoungGen: 506976K->9504K(510464K)] 993179K->504621K(1034752K), 0.0229809 secs] [Times: user=0.03 sys=0.04, real=0.02 secs] 
2021-05-21T16:32:03.146+0800: 630074.798: [GC (Allocation Failure) [PSYoungGen: 506144K->11264K(510464K)] 1001261K->513881K(1034752K), 0.0260265 secs] [Times: user=0.07 sys=0.00, real=0.03 secs] 
2021-05-21T16:37:02.132+0800: 630373.784: [GC (Allocation Failure) [PSYoungGen: 507904K->11072K(510976K)] 1010521K->522828K(1035264K), 0.0268842 secs] [Times: user=0.04 sys=0.04, real=0.02 secs] 
2021-05-21T16:42:01.008+0800: 630672.660: [GC (Allocation Failure) [PSYoungGen: 508224K->12128K(510464K)] 1019980K->532582K(1034752K), 0.0265623 secs] [Times: user=0.08 sys=0.00, real=0.03 secs] 
2021-05-21T16:42:01.035+0800: 630672.687: [Full GC (Ergonomics) [PSYoungGen: 12128K->0K(510464K)] [ParOldGen: 520454K->300282K(524288K)] 532582K->300282K(1034752K), [Metaspace: 95454K->95454K(1136640K)], 0.4481142 secs] [Times: user=0.97 sys=0.00, real=0.45 secs] 
2021-05-21T16:46:58.382+0800: 630970.034: [GC (Allocation Failure) [PSYoungGen: 497152K->9952K(510464K)] 797434K->310234K(1034752K), 0.0367960 secs] [Times: user=0.07 sys=0.00, real=0.04 secs] 
2021-05-21T16:51:55.223+0800: 631266.875: [GC (Allocation Failure) [PSYoungGen: 506592K->12064K(510464K)] 806874K->319773K(1034752K), 0.0323830 secs] [Times: user=0.05 sys=0.04, real=0.03 secs] 
2021-05-21T16:56:53.763+0800: 631565.415: [GC (Allocation Failure) [PSYoungGen: 508704K->12992K(509440K)] 816413K->329191K(1033728K), 0.0345375 secs] [Times: user=0.08 sys=0.00, real=0.03 secs] 
2021-05-21T17:01:45.875+0800: 631857.527: [GC (Allocation Failure) [PSYoungGen: 508608K->12384K(509952K)] 824807K->338273K(1034240K), 0.0271261 secs] [Times: user=0.04 sys=0.03, real=0.03 secs] 
2021-05-21T17:06:44.080+0800: 632155.732: [GC (Allocation Failure) [PSYoungGen: 508000K->11360K(509952K)] 833889K->346620K(1034240K), 0.0330312 secs] [Times: user=0.09 sys=0.00, real=0.04 secs] 
2021-05-21T17:11:43.338+0800: 632454.990: [GC (Allocation Failure) [PSYoungGen: 506976K->14304K(509952K)] 842236K->358032K(1034240K), 0.0306360 secs] [Times: user=0.05 sys=0.04, real=0.03 secs] 
2021-05-21T17:16:40.076+0800: 632751.728: [GC (Allocation Failure) [PSYoungGen: 509920K->8832K(502784K)] 853648K->363542K(1027072K), 0.0281686 secs] [Times: user=0.07 sys=0.00, real=0.03 secs] 
2021-05-21T17:21:27.437+0800: 633039.089: [GC (Allocation Failure) [PSYoungGen: 497280K->10240K(506368K)] 851990K->372097K(1030656K), 0.0225417 secs] [Times: user=0.06 sys=0.00, real=0.02 secs] 
2021-05-21T17:26:16.948+0800: 633328.600: [GC (Allocation Failure) [PSYoungGen: 498688K->11168K(506880K)] 860545K->380485K(1031168K), 0.0266236 secs] [Times: user=0.03 sys=0.04, real=0.03 secs] 
2021-05-21T17:31:10.544+0800: 633622.196: [GC (Allocation Failure) [PSYoungGen: 500128K->11648K(506368K)] 869445K->389376K(1030656K), 0.0863147 secs] [Times: user=0.08 sys=0.00, real=0.08 secs] 
2021-05-21T17:36:00.490+0800: 633912.142: [GC (Allocation Failure) [PSYoungGen: 500608K->10784K(507392K)] 878336K->396538K(1031680K), 0.0376348 secs] [Times: user=0.07 sys=0.00, real=0.04 secs] 
2021-05-21T17:40:52.283+0800: 634203.935: [GC (Allocation Failure) [PSYoungGen: 501280K->11040K(507392K)] 887034K->405123K(1031680K), 0.0300179 secs] [Times: user=0.09 sys=0.00, real=0.03 secs] 
2021-05-21T17:45:44.375+0800: 634496.027: [GC (Allocation Failure) [PSYoungGen: 501536K->13248K(507904K)] 895619K->415166K(1032192K), 0.0271134 secs] [Times: user=0.07 sys=0.00, real=0.03 secs] 
2021-05-21T17:50:39.288+0800: 634790.940: [GC (Allocation Failure) [PSYoungGen: 504768K->9696K(507904K)] 906686K->422182K(1032192K), 0.0232281 secs] [Times: user=0.06 sys=0.00, real=0.02 secs] 
2021-05-21T17:55:30.672+0800: 635082.324: [GC (Allocation Failure) [PSYoungGen: 501216K->10322K(507904K)] 913702K->430325K(1032192K), 0.0247787 secs] [Times: user=0.03 sys=0.04, real=0.03 secs] 
2021-05-21T18:00:23.075+0800: 635374.727: [GC (Allocation Failure) [PSYoungGen: 501842K->10368K(507904K)] 921845K->438376K(1032192K), 0.0253848 secs] [Times: user=0.04 sys=0.04, real=0.02 secs] 
2021-05-21T18:05:13.860+0800: 635665.512: [GC (Allocation Failure) [PSYoungGen: 501888K->11200K(508928K)] 929896K->447419K(1033216K), 0.0274574 secs] [Times: user=0.08 sys=0.00, real=0.03 secs] 
2021-05-21T18:10:01.476+0800: 635953.128: [GC (Allocation Failure) [PSYoungGen: 504256K->10560K(508416K)] 940475K->455923K(1032704K), 0.0283857 secs] [Times: user=0.04 sys=0.05, real=0.03 secs] 
2021-05-21T18:14:55.453+0800: 636247.105: [GC (Allocation Failure) [PSYoungGen: 503616K->10112K(508928K)] 948979K->462734K(1033216K), 0.0301445 secs] [Times: user=0.08 sys=0.00, real=0.03 secs] 
2021-05-21T18:19:50.641+0800: 636542.293: [GC (Allocation Failure) [PSYoungGen: 503680K->12320K(508928K)] 956302K->472482K(1033216K), 0.0276290 secs] [Times: user=0.08 sys=0.00, real=0.03 secs] 
2021-05-21T18:24:47.711+0800: 636839.363: [GC (Allocation Failure) [PSYoungGen: 505888K->11136K(509440K)] 966050K->481117K(1033728K), 0.0232980 secs] [Times: user=0.06 sys=0.00, real=0.03 secs] 
2021-05-21T18:29:41.299+0800: 637132.951: [GC (Allocation Failure) [PSYoungGen: 505216K->11744K(508928K)] 975197K->489937K(1033216K), 0.0253065 secs] [Times: user=0.04 sys=0.03, real=0.03 secs] 
2021-05-21T18:34:36.330+0800: 637427.982: [GC (Allocation Failure) [PSYoungGen: 505824K->12000K(509440K)] 984017K->498357K(1033728K), 0.0256400 secs] [Times: user=0.03 sys=0.03, real=0.03 secs] 
2021-05-21T18:39:29.188+0800: 637720.840: [GC (Allocation Failure) [PSYoungGen: 506592K->9888K(509440K)] 992949K->504750K(1033728K), 0.0269370 secs] [Times: user=0.08 sys=0.00, real=0.03 secs] 
2021-05-21T18:44:28.953+0800: 638020.605: [GC (Allocation Failure) [PSYoungGen: 504480K->11360K(509952K)] 999342K->514033K(1034240K), 0.0278548 secs] [Times: user=0.08 sys=0.00, real=0.02 secs] 
2021-05-21T18:49:23.539+0800: 638315.191: [GC (Allocation Failure) [PSYoungGen: 506464K->11136K(509440K)] 1009137K->522091K(1033728K), 0.0233777 secs] [Times: user=0.03 sys=0.03, real=0.02 secs] 
2021-05-21T18:54:16.961+0800: 638608.613: [GC (Allocation Failure) [PSYoungGen: 506240K->10432K(510464K)] 1017195K->529676K(1034752K), 0.0270477 secs] [Times: user=0.04 sys=0.04, real=0.03 secs] 
2021-05-21T18:54:16.988+0800: 638608.640: [Full GC (Ergonomics) [PSYoungGen: 10432K->0K(510464K)] [ParOldGen: 519244K->298165K(524288K)] 529676K->298165K(1034752K), [Metaspace: 95455K->95455K(1136640K)], 0.5315943 secs] [Times: user=1.14 sys=0.00, real=0.53 secs] 
2021-05-21T18:59:10.862+0800: 638902.514: [GC (Allocation Failure) [PSYoungGen: 496128K->11520K(509952K)] 794293K->309685K(1034240K), 0.0215830 secs] [Times: user=0.03 sys=0.03, real=0.03 secs] 
2021-05-21T19:04:07.120+0800: 639198.772: [GC (Allocation Failure) [PSYoungGen: 507648K->12864K(509440K)] 805813K->319823K(1033728K), 0.0298637 secs] [Times: user=0.07 sys=0.00, real=0.03 secs] 
2021-05-21T19:09:01.701+0800: 639493.353: [GC (Allocation Failure) [PSYoungGen: 508480K->12000K(509952K)] 815439K->328626K(1034240K), 0.0598287 secs] [Times: user=0.10 sys=0.00, real=0.06 secs] 
2021-05-21T19:13:59.624+0800: 639791.276: [GC (Allocation Failure) [PSYoungGen: 507616K->9824K(509952K)] 824242K->334788K(1034240K), 0.0243215 secs] [Times: user=0.07 sys=0.00, real=0.02 secs] 
2021-05-21T19:18:52.143+0800: 640083.795: [GC (Allocation Failure) [PSYoungGen: 505440K->11072K(509952K)] 830404K->343415K(1034240K), 0.0287668 secs] [Times: user=0.07 sys=0.00, real=0.03 secs] 
2021-05-21T19:23:50.508+0800: 640382.160: [GC (Allocation Failure) [PSYoungGen: 506688K->11648K(510464K)] 839031K->352002K(1034752K), 0.0279942 secs] [Times: user=0.04 sys=0.04, real=0.03 secs] 
2021-05-21T19:28:48.606+0800: 640680.258: [GC (Allocation Failure) [PSYoungGen: 508288K->11360K(510464K)] 848642K->360621K(1034752K), 0.0274162 secs] [Times: user=0.07 sys=0.00, real=0.03 secs] 
2021-05-21T19:33:43.270+0800: 640974.922: [GC (Allocation Failure) [PSYoungGen: 508000K->13664K(509440K)] 857261K->370872K(1033728K), 0.0354789 secs] [Times: user=0.04 sys=0.05, real=0.04 secs] 
2021-05-21T19:38:36.949+0800: 641268.601: [GC (Allocation Failure) [PSYoungGen: 509280K->13120K(508928K)] 866488K->379133K(1033216K), 0.0429019 secs] [Times: user=0.04 sys=0.03, real=0.04 secs] 
2021-05-21T19:43:35.078+0800: 641566.730: [GC (Allocation Failure) [PSYoungGen: 508736K->11168K(509952K)] 874749K->387886K(1034240K), 0.0289488 secs] [Times: user=0.04 sys=0.04, real=0.03 secs] 
2021-05-21T19:48:32.159+0800: 641863.811: [GC (Allocation Failure) [PSYoungGen: 506272K->8512K(509440K)] 882990K->392367K(1033728K), 0.0305939 secs] [Times: user=0.03 sys=0.03, real=0.03 secs] 
2021-05-21T19:53:29.874+0800: 642161.526: [GC (Allocation Failure) [PSYoungGen: 503616K->10784K(509952K)] 887471K->401450K(1034240K), 0.0396126 secs] [Times: user=0.09 sys=0.00, real=0.04 secs] 
2021-05-21T19:58:25.580+0800: 642457.232: [GC (Allocation Failure) [PSYoungGen: 505888K->10688K(509440K)] 896554K->410069K(1033728K), 0.0228147 secs] [Times: user=0.07 sys=0.00, real=0.03 secs] 
2021-05-21T20:03:20.827+0800: 642752.479: [GC (Allocation Failure) [PSYoungGen: 505792K->13248K(508928K)] 905173K->419913K(1033216K), 0.0346513 secs] [Times: user=0.04 sys=0.04, real=0.03 secs] 
2021-05-21T20:08:13.870+0800: 643045.522: [GC (Allocation Failure) [PSYoungGen: 507840K->11552K(509440K)] 914505K->427747K(1033728K), 0.0333942 secs] [Times: user=0.04 sys=0.04, real=0.04 secs] 
2021-05-21T20:13:06.690+0800: 643338.342: [GC (Allocation Failure) [PSYoungGen: 506144K->11840K(509952K)] 922339K->436229K(1034240K), 0.0346440 secs] [Times: user=0.08 sys=0.00, real=0.04 secs] 
2021-05-21T20:18:02.149+0800: 643633.801: [GC (Allocation Failure) [PSYoungGen: 507456K->11424K(509952K)] 931845K->444343K(1034240K), 0.0241944 secs] [Times: user=0.03 sys=0.03, real=0.03 secs] 
2021-05-21T20:22:56.513+0800: 643928.165: [GC (Allocation Failure) [PSYoungGen: 507040K->11040K(510464K)] 939959K->452968K(1034752K), 0.0283841 secs] [Times: user=0.04 sys=0.03, real=0.02 secs] 
2021-05-21T20:27:57.926+0800: 644229.578: [GC (Allocation Failure) [PSYoungGen: 507168K->9920K(509952K)] 949096K->459890K(1034240K), 0.0325720 secs] [Times: user=0.07 sys=0.00, real=0.03 secs] 
2021-05-21T20:32:53.347+0800: 644525.000: [GC (Allocation Failure) [PSYoungGen: 506048K->10080K(510464K)] 956018K->467511K(1034752K), 0.0245467 secs] [Times: user=0.07 sys=0.00, real=0.03 secs] 
2021-05-21T20:37:53.785+0800: 644825.437: [GC (Allocation Failure) [PSYoungGen: 506720K->10560K(510464K)] 964151K->475737K(1034752K), 0.0235638 secs] [Times: user=0.08 sys=0.00, real=0.02 secs] 
2021-05-21T20:42:51.622+0800: 645123.274: [GC (Allocation Failure) [PSYoungGen: 507200K->12384K(510464K)] 972377K->484878K(1034752K), 0.0242257 secs] [Times: user=0.03 sys=0.04, real=0.03 secs] 
2021-05-21T20:47:42.951+0800: 645414.603: [GC (Allocation Failure) [PSYoungGen: 509024K->9280K(506368K)] 981518K->491703K(1030656K), 0.0243774 secs] [Times: user=0.03 sys=0.04, real=0.03 secs] 
2021-05-21T20:52:37.767+0800: 645709.419: [GC (Allocation Failure) [PSYoungGen: 505920K->10112K(510464K)] 988343K->499857K(1034752K), 0.0725248 secs] [Times: user=0.08 sys=0.00, real=0.08 secs] 
2021-05-21T20:57:33.285+0800: 646004.937: [GC (Allocation Failure) [PSYoungGen: 506240K->10368K(509952K)] 995985K->507892K(1034240K), 0.0252667 secs] [Times: user=0.08 sys=0.00, real=0.02 secs] 
2021-05-21T21:02:31.129+0800: 646302.781: [GC (Allocation Failure) [PSYoungGen: 506496K->11392K(510464K)] 1004020K->516742K(1034752K), 0.0322892 secs] [Times: user=0.08 sys=0.00, real=0.03 secs] 
2021-05-21T21:07:26.529+0800: 646598.181: [GC (Allocation Failure) [PSYoungGen: 508032K->11744K(510464K)] 1013382K->525449K(1034752K), 0.0282413 secs] [Times: user=0.08 sys=0.00, real=0.03 secs] 
2021-05-21T21:12:24.124+0800: 646895.776: [GC (Allocation Failure) [PSYoungGen: 508384K->12352K(510464K)] 1022089K->534972K(1034752K), 0.0266658 secs] [Times: user=0.04 sys=0.04, real=0.02 secs] 
2021-05-21T21:12:24.151+0800: 646895.803: [Full GC (Ergonomics) [PSYoungGen: 12352K->0K(510464K)] [ParOldGen: 522620K->302843K(524288K)] 534972K->302843K(1034752K), [Metaspace: 95455K->95455K(1136640K)], 0.4872258 secs] [Times: user=1.05 sys=0.00, real=0.49 secs] 
2021-05-21T21:17:21.956+0800: 647193.608: [GC (Allocation Failure) [PSYoungGen: 496640K->10688K(510464K)] 799483K->313531K(1034752K), 0.0212347 secs] [Times: user=0.05 sys=0.00, real=0.02 secs] 
2021-05-21T21:22:22.593+0800: 647494.245: [GC (Allocation Failure) [PSYoungGen: 507328K->9536K(510464K)] 810171K->320844K(1034752K), 0.0278053 secs] [Times: user=0.07 sys=0.00, real=0.02 secs] 
2021-05-21T21:27:17.765+0800: 647789.417: [GC (Allocation Failure) [PSYoungGen: 506176K->9312K(510464K)] 817484K->327215K(1034752K), 0.0288171 secs] [Times: user=0.03 sys=0.04, real=0.03 secs] 
2021-05-21T21:32:16.982+0800: 648088.634: [GC (Allocation Failure) [PSYoungGen: 505952K->9952K(510464K)] 823855K->334954K(1034752K), 0.0293082 secs] [Times: user=0.08 sys=0.00, real=0.02 secs] 
2021-05-21T21:37:13.652+0800: 648385.304: [GC (Allocation Failure) [PSYoungGen: 506592K->11200K(510464K)] 831594K->343092K(1034752K), 0.0285740 secs] [Times: user=0.04 sys=0.04, real=0.02 secs] 
2021-05-21T21:42:09.074+0800: 648680.726: [GC (Allocation Failure) [PSYoungGen: 507840K->11072K(510976K)] 839732K->351246K(1035264K), 0.0228585 secs] [Times: user=0.07 sys=0.00, real=0.02 secs] 
2021-05-21T21:47:07.087+0800: 648978.739: [GC (Allocation Failure) [PSYoungGen: 508224K->12192K(510464K)] 848398K->360456K(1034752K), 0.0278150 secs] [Times: user=0.04 sys=0.04, real=0.03 secs] 
2021-05-21T21:52:06.557+0800: 649278.209: [GC (Allocation Failure) [PSYoungGen: 509344K->8192K(510464K)] 857608K->365728K(1034752K), 0.0272224 secs] [Times: user=0.04 sys=0.04, real=0.03 secs] 
2021-05-21T21:57:03.957+0800: 649575.609: [GC (Allocation Failure) [PSYoungGen: 504832K->8800K(510464K)] 862368K->371813K(1034752K), 0.0260377 secs] [Times: user=0.08 sys=0.00, real=0.03 secs] 
2021-05-21T22:02:02.118+0800: 649873.770: [GC (Allocation Failure) [PSYoungGen: 505440K->11328K(510464K)] 868453K->381577K(1034752K), 0.0246956 secs] [Times: user=0.04 sys=0.03, real=0.03 secs] 
2021-05-21T22:06:56.510+0800: 650168.162: [GC (Allocation Failure) [PSYoungGen: 507968K->11936K(508928K)] 878217K->389884K(1033216K), 0.0302877 secs] [Times: user=0.09 sys=0.00, real=0.03 secs] 
2021-05-21T22:11:54.208+0800: 650465.860: [GC (Allocation Failure) [PSYoungGen: 508576K->9856K(510464K)] 886524K->396639K(1034752K), 0.0241499 secs] [Times: user=0.04 sys=0.04, real=0.03 secs] 
2021-05-21T22:16:53.679+0800: 650765.331: [GC (Allocation Failure) [PSYoungGen: 505984K->9888K(509952K)] 892767K->404649K(1034240K), 0.0226669 secs] [Times: user=0.03 sys=0.04, real=0.03 secs] 
2021-05-21T22:21:53.959+0800: 651065.611: [GC (Allocation Failure) [PSYoungGen: 506016K->10592K(510976K)] 900777K->413627K(1035264K), 0.0252122 secs] [Times: user=0.04 sys=0.04, real=0.03 secs] 
2021-05-21T22:26:51.532+0800: 651363.184: [GC (Allocation Failure) [PSYoungGen: 507744K->9792K(510464K)] 910779K->421796K(1034752K), 0.0235525 secs] [Times: user=0.07 sys=0.00, real=0.03 secs] 
2021-05-21T22:31:49.005+0800: 651660.657: [GC (Allocation Failure) [PSYoungGen: 506944K->10176K(510976K)] 918948K->429975K(1035264K), 0.0503025 secs] [Times: user=0.08 sys=0.00, real=0.05 secs] 
2021-05-21T22:36:44.101+0800: 651955.753: [GC (Allocation Failure) [PSYoungGen: 507840K->10048K(510976K)] 927639K->437905K(1035264K), 0.0219896 secs] [Times: user=0.06 sys=0.00, real=0.03 secs] 
2021-05-21T22:41:42.058+0800: 652253.710: [GC (Allocation Failure) [PSYoungGen: 507712K->9472K(511488K)] 935569K->445627K(1035776K), 0.0226891 secs] [Times: user=0.03 sys=0.03, real=0.02 secs] 
2021-05-21T22:46:39.690+0800: 652551.342: [GC (Allocation Failure) [PSYoungGen: 508160K->11968K(510976K)] 944315K->455501K(1035264K), 0.0446430 secs] [Times: user=0.12 sys=0.00, real=0.05 secs] 
2021-05-21T22:51:34.128+0800: 652845.780: [GC (Allocation Failure) [PSYoungGen: 510656K->11936K(509952K)] 954189K->464113K(1034240K), 0.0648168 secs] [Times: user=0.07 sys=0.00, real=0.07 secs] 
2021-05-21T22:56:25.416+0800: 653137.068: [GC (Allocation Failure) [PSYoungGen: 508576K->12704K(510464K)] 960753K->473629K(1034752K), 0.0267639 secs] [Times: user=0.03 sys=0.04, real=0.03 secs] 
2021-05-21T23:01:25.768+0800: 653437.420: [GC (Allocation Failure) [PSYoungGen: 509344K->12512K(509440K)] 970269K->482145K(1033728K), 0.0405384 secs] [Times: user=0.08 sys=0.00, real=0.04 secs] 
2021-05-21T23:06:14.325+0800: 653725.977: [GC (Allocation Failure) [PSYoungGen: 508128K->12736K(508416K)] 977761K->490933K(1032704K), 0.0617813 secs] [Times: user=0.05 sys=0.05, real=0.06 secs] 
2021-05-21T23:11:12.409+0800: 654024.061: [GC (Allocation Failure) [PSYoungGen: 508352K->9184K(509440K)] 986549K->497076K(1033728K), 0.0237242 secs] [Times: user=0.04 sys=0.04, real=0.03 secs] 
2021-05-21T23:16:09.010+0800: 654320.662: [GC (Allocation Failure) [PSYoungGen: 503776K->9472K(509440K)] 991668K->503639K(1033728K), 0.0285237 secs] [Times: user=0.09 sys=0.00, real=0.03 secs] 
2021-05-21T23:21:03.124+0800: 654614.776: [GC (Allocation Failure) [PSYoungGen: 504064K->12384K(509440K)] 998231K->513659K(1033728K), 0.0247686 secs] [Times: user=0.04 sys=0.04, real=0.02 secs] 
2021-05-21T23:25:58.994+0800: 654910.646: [GC (Allocation Failure) [PSYoungGen: 506976K->10336K(509440K)] 1008251K->520565K(1033728K), 0.0335273 secs] [Times: user=0.04 sys=0.04, real=0.03 secs] 
2021-05-21T23:30:54.343+0800: 655205.995: [GC (Allocation Failure) [PSYoungGen: 504928K->11200K(509952K)] 1015157K->529144K(1034240K), 0.0297564 secs] [Times: user=0.07 sys=0.00, real=0.03 secs] 
2021-05-21T23:30:54.373+0800: 655206.025: [Full GC (Ergonomics) [PSYoungGen: 11200K->0K(509952K)] [ParOldGen: 517944K->294741K(524288K)] 529144K->294741K(1034240K), [Metaspace: 95455K->95451K(1136640K)], 0.4928100 secs] [Times: user=1.03 sys=0.00, real=0.49 secs] 
2021-05-21T23:35:49.663+0800: 655501.323: [GC (Allocation Failure) [PSYoungGen: 495104K->11648K(509440K)] 789845K->306389K(1033728K), 0.0499412 secs] [Times: user=0.05 sys=0.00, real=0.05 secs] 
2021-05-21T23:40:43.329+0800: 655794.981: [GC (Allocation Failure) [PSYoungGen: 506752K->10624K(510464K)] 801493K->314623K(1034752K), 0.0301554 secs] [Times: user=0.08 sys=0.00, real=0.03 secs] 
2021-05-21T23:45:34.222+0800: 656085.874: [GC (Allocation Failure) [PSYoungGen: 506752K->12640K(509952K)] 810751K->324465K(1034240K), 0.0259617 secs] [Times: user=0.08 sys=0.00, real=0.03 secs] 
2021-05-21T23:50:31.463+0800: 656383.115: [GC (Allocation Failure) [PSYoungGen: 508768K->10144K(509952K)] 820593K->331611K(1034240K), 0.0230699 secs] [Times: user=0.03 sys=0.04, real=0.02 secs] 
2021-05-21T23:55:21.858+0800: 656673.510: [GC (Allocation Failure) [PSYoungGen: 505760K->12768K(508416K)] 827227K->341927K(1032704K), 0.0244747 secs] [Times: user=0.07 sys=0.00, real=0.03 secs] 
2021-05-22T00:00:06.666+0800: 656958.318: [GC (Allocation Failure) [PSYoungGen: 508384K->12256K(509440K)] 837543K->350345K(1033728K), 0.0280380 secs] [Times: user=0.08 sys=0.00, real=0.03 secs] 
2021-05-22T00:04:54.205+0800: 657245.858: [GC (Allocation Failure) [PSYoungGen: 506848K->11552K(509440K)] 844937K->358156K(1033728K), 0.0310255 secs] [Times: user=0.04 sys=0.04, real=0.03 secs] 
2021-05-22T00:09:49.805+0800: 657541.458: [GC (Allocation Failure) [PSYoungGen: 506144K->10304K(509952K)] 852748K->365806K(1034240K), 0.0265429 secs] [Times: user=0.03 sys=0.04, real=0.03 secs] 
2021-05-22T00:14:43.433+0800: 657835.085: [GC (Allocation Failure) [PSYoungGen: 505920K->10976K(509952K)] 861422K->373777K(1034240K), 0.0256567 secs] [Times: user=0.03 sys=0.04, real=0.02 secs] 
2021-05-22T00:19:39.025+0800: 658130.677: [GC (Allocation Failure) [PSYoungGen: 506592K->10784K(510464K)] 869393K->381419K(1034752K), 0.0229397 secs] [Times: user=0.07 sys=0.00, real=0.02 secs] 
2021-05-22T00:24:39.147+0800: 658430.799: [GC (Allocation Failure) [PSYoungGen: 506912K->9536K(509952K)] 877547K->388492K(1034240K), 0.0306546 secs] [Times: user=0.08 sys=0.00, real=0.03 secs] 
2021-05-22T00:29:38.032+0800: 658729.684: [GC (Allocation Failure) [PSYoungGen: 505664K->11104K(510464K)] 884620K->396433K(1034752K), 0.0245734 secs] [Times: user=0.07 sys=0.00, real=0.03 secs] 
2021-05-22T00:34:32.090+0800: 659023.742: [GC (Allocation Failure) [PSYoungGen: 507744K->9792K(510464K)] 893073K->403728K(1034752K), 0.0267137 secs] [Times: user=0.03 sys=0.03, real=0.03 secs] 
2021-05-22T00:39:30.310+0800: 659321.962: [GC (Allocation Failure) [PSYoungGen: 506432K->11264K(510976K)] 900368K->411756K(1035264K), 0.0307554 secs] [Times: user=0.08 sys=0.00, real=0.03 secs] 
2021-05-22T00:44:25.522+0800: 659617.174: [GC (Allocation Failure) [PSYoungGen: 508416K->11200K(510464K)] 908908K->420766K(1034752K), 0.0775366 secs] [Times: user=0.04 sys=0.04, real=0.08 secs] 
2021-05-22T00:49:26.158+0800: 659917.810: [GC (Allocation Failure) [PSYoungGen: 508352K->10752K(510976K)] 917918K->429001K(1035264K), 0.0337717 secs] [Times: user=0.09 sys=0.00, real=0.03 secs] 
2021-05-22T00:54:26.538+0800: 660218.190: [GC (Allocation Failure) [PSYoungGen: 508416K->12320K(510976K)] 926665K->438764K(1035264K), 0.0395175 secs] [Times: user=0.06 sys=0.00, real=0.04 secs] 
2021-05-22T00:59:23.516+0800: 660515.168: [GC (Allocation Failure) [PSYoungGen: 509984K->11776K(509952K)] 936428K->447111K(1034240K), 0.0344612 secs] [Times: user=0.04 sys=0.04, real=0.03 secs] 
2021-05-22T01:04:12.238+0800: 660803.890: [GC (Allocation Failure) [PSYoungGen: 508416K->11104K(510464K)] 943751K->454666K(1034752K), 0.0247816 secs] [Times: user=0.07 sys=0.00, real=0.03 secs] 
2021-05-22T01:09:06.645+0800: 661098.297: [GC (Allocation Failure) [PSYoungGen: 507744K->12864K(509952K)] 951306K->465009K(1034240K), 0.0320833 secs] [Times: user=0.05 sys=0.05, real=0.03 secs] 
2021-05-22T01:13:57.560+0800: 661389.212: [GC (Allocation Failure) [PSYoungGen: 509504K->10496K(510464K)] 961649K->470955K(1034752K), 0.0243291 secs] [Times: user=0.03 sys=0.04, real=0.03 secs] 
2021-05-22T01:18:58.277+0800: 661689.929: [GC (Allocation Failure) [PSYoungGen: 507136K->12288K(510464K)] 967595K->479870K(1034752K), 0.0222669 secs] [Times: user=0.04 sys=0.04, real=0.02 secs] 
2021-05-22T01:23:48.602+0800: 661980.254: [GC (Allocation Failure) [PSYoungGen: 508928K->13088K(509952K)] 976510K->489864K(1034240K), 0.0301575 secs] [Times: user=0.09 sys=0.00, real=0.04 secs] 
2021-05-22T01:28:44.398+0800: 662276.051: [GC (Allocation Failure) [PSYoungGen: 509728K->12064K(509952K)] 986504K->498112K(1034240K), 0.0314808 secs] [Times: user=0.08 sys=0.00, real=0.03 secs] 
2021-05-22T01:33:37.431+0800: 662569.083: [GC (Allocation Failure) [PSYoungGen: 507680K->11904K(509952K)] 993728K->505958K(1034240K), 0.0220315 secs] [Times: user=0.04 sys=0.04, real=0.03 secs] 
2021-05-22T01:38:30.861+0800: 662862.513: [GC (Allocation Failure) [PSYoungGen: 507520K->12000K(510464K)] 1001574K->515840K(1034752K), 0.0241228 secs] [Times: user=0.08 sys=0.00, real=0.03 secs] 
2021-05-22T01:43:27.760+0800: 663159.412: [GC (Allocation Failure) [PSYoungGen: 508128K->9696K(509952K)] 1011968K->522976K(1034240K), 0.0270543 secs] [Times: user=0.08 sys=0.00, real=0.03 secs] 
2021-05-22T01:48:21.296+0800: 663452.948: [GC (Allocation Failure) [PSYoungGen: 505824K->11328K(510464K)] 1019104K->530692K(1034752K), 0.0364970 secs] [Times: user=0.03 sys=0.04, real=0.04 secs] 
2021-05-22T01:48:21.333+0800: 663452.985: [Full GC (Ergonomics) [PSYoungGen: 11328K->0K(510464K)] [ParOldGen: 519364K->302305K(524288K)] 530692K->302305K(1034752K), [Metaspace: 95455K->95455K(1136640K)], 0.5995298 secs] [Times: user=1.09 sys=0.00, real=0.60 secs] 
2021-05-22T01:53:16.261+0800: 663747.913: [GC (Allocation Failure) [PSYoungGen: 496128K->11808K(509952K)] 798433K->314113K(1034240K), 0.0290562 secs] [Times: user=0.04 sys=0.04, real=0.03 secs] 
2021-05-22T01:58:16.799+0800: 664048.451: [GC (Allocation Failure) [PSYoungGen: 507936K->10624K(510464K)] 810241K->321244K(1034752K), 0.0373275 secs] [Times: user=0.04 sys=0.06, real=0.04 secs] 
2021-05-22T02:03:10.240+0800: 664341.892: [GC (Allocation Failure) [PSYoungGen: 507264K->12320K(510464K)] 817884K->330982K(1034752K), 0.0286708 secs] [Times: user=0.05 sys=0.05, real=0.03 secs] 
2021-05-22T02:07:59.622+0800: 664631.274: [GC (Allocation Failure) [PSYoungGen: 508960K->13632K(509440K)] 827622K->341970K(1033728K), 0.0265021 secs] [Times: user=0.08 sys=0.00, real=0.03 secs] 
2021-05-22T02:12:51.980+0800: 664923.632: [GC (Allocation Failure) [PSYoungGen: 509248K->12672K(508416K)] 837586K->351283K(1032704K), 0.0283153 secs] [Times: user=0.08 sys=0.00, real=0.03 secs] 
2021-05-22T02:17:44.822+0800: 665216.474: [GC (Allocation Failure) [PSYoungGen: 508286K->10784K(509952K)] 846898K->359325K(1034240K), 0.0317876 secs] [Times: user=0.08 sys=0.00, real=0.04 secs] 
2021-05-22T02:22:45.669+0800: 665517.321: [GC (Allocation Failure) [PSYoungGen: 505888K->9408K(509440K)] 854429K->366454K(1033728K), 0.0295659 secs] [Times: user=0.04 sys=0.04, real=0.03 secs] 
2021-05-22T02:27:42.246+0800: 665813.898: [GC (Allocation Failure) [PSYoungGen: 504512K->11872K(509952K)] 861558K->375794K(1034240K), 0.0311729 secs] [Times: user=0.08 sys=0.00, real=0.03 secs] 
2021-05-22T02:32:39.440+0800: 666111.092: [GC (Allocation Failure) [PSYoungGen: 506976K->10176K(509440K)] 870898K->383522K(1033728K), 0.0359153 secs] [Times: user=0.03 sys=0.04, real=0.04 secs] 
2021-05-22T02:37:32.384+0800: 666404.036: [GC (Allocation Failure) [PSYoungGen: 505280K->10240K(509952K)] 878626K->391781K(1034240K), 0.0217911 secs] [Times: user=0.04 sys=0.04, real=0.02 secs] 
2021-05-22T02:42:29.563+0800: 666701.215: [GC (Allocation Failure) [PSYoungGen: 505856K->10720K(509952K)] 887397K->400808K(1034240K), 0.0290099 secs] [Times: user=0.04 sys=0.04, real=0.03 secs] 
2021-05-22T02:47:25.410+0800: 666997.062: [GC (Allocation Failure) [PSYoungGen: 506336K->11968K(509952K)] 896424K->410027K(1034240K), 0.0279320 secs] [Times: user=0.03 sys=0.04, real=0.03 secs] 
2021-05-22T02:52:26.247+0800: 667297.899: [GC (Allocation Failure) [PSYoungGen: 507584K->8832K(509952K)] 905643K->415931K(1034240K), 0.0250381 secs] [Times: user=0.03 sys=0.04, real=0.03 secs] 
2021-05-22T02:57:18.387+0800: 667590.039: [GC (Allocation Failure) [PSYoungGen: 504448K->13248K(508928K)] 911547K->427191K(1033216K), 0.0318682 secs] [Times: user=0.07 sys=0.00, real=0.03 secs] 
2021-05-22T03:02:09.535+0800: 667881.187: [GC (Allocation Failure) [PSYoungGen: 507840K->10944K(509440K)] 921783K->434745K(1033728K), 0.0233194 secs] [Times: user=0.04 sys=0.04, real=0.02 secs] 
2021-05-22T03:06:59.777+0800: 668171.429: [GC (Allocation Failure) [PSYoungGen: 505536K->13664K(507904K)] 929337K->445517K(1032192K), 0.0337102 secs] [Times: user=0.09 sys=0.00, real=0.03 secs] 
2021-05-22T03:11:50.415+0800: 668462.067: [GC (Allocation Failure) [PSYoungGen: 507232K->12832K(508928K)] 939085K->455415K(1033216K), 0.0361405 secs] [Times: user=0.08 sys=0.00, real=0.03 secs] 
2021-05-22T03:16:45.104+0800: 668756.756: [GC (Allocation Failure) [PSYoungGen: 506400K->9664K(508928K)] 948983K->461963K(1033216K), 0.0271753 secs] [Times: user=0.08 sys=0.00, real=0.02 secs] 
2021-05-22T03:21:40.435+0800: 669052.087: [GC (Allocation Failure) [PSYoungGen: 503232K->11776K(508928K)] 955531K->471102K(1033216K), 0.0256424 secs] [Times: user=0.04 sys=0.04, real=0.02 secs] 
2021-05-22T03:26:35.048+0800: 669346.700: [GC (Allocation Failure) [PSYoungGen: 505344K->11392K(509440K)] 964670K->478922K(1033728K), 0.0337696 secs] [Times: user=0.04 sys=0.04, real=0.03 secs] 
2021-05-22T03:31:32.753+0800: 669644.405: [GC (Allocation Failure) [PSYoungGen: 505984K->11712K(509440K)] 973514K->487637K(1033728K), 0.0272064 secs] [Times: user=0.08 sys=0.00, real=0.02 secs] 
2021-05-22T03:36:28.186+0800: 669939.838: [GC (Allocation Failure) [PSYoungGen: 506304K->13440K(508928K)] 982229K->498768K(1033216K), 0.0690534 secs] [Times: user=0.08 sys=0.00, real=0.07 secs] 
2021-05-22T03:41:19.496+0800: 670231.149: [GC (Allocation Failure) [PSYoungGen: 508032K->12224K(509440K)] 993360K->507179K(1033728K), 0.0275426 secs] [Times: user=0.08 sys=0.00, real=0.03 secs] 
2021-05-22T03:46:14.751+0800: 670526.403: [GC (Allocation Failure) [PSYoungGen: 506816K->9088K(509440K)] 1001771K->514483K(1033728K), 0.0244235 secs] [Times: user=0.04 sys=0.04, real=0.03 secs] 
2021-05-22T03:51:08.769+0800: 670820.421: [GC (Allocation Failure) [PSYoungGen: 503680K->11936K(509440K)] 1009075K->523824K(1033728K), 0.0247416 secs] [Times: user=0.07 sys=0.00, real=0.03 secs] 
2021-05-22T03:56:04.931+0800: 671116.583: [GC (Allocation Failure) [PSYoungGen: 506528K->11104K(509440K)] 1018416K->531644K(1033728K), 0.0264963 secs] [Times: user=0.07 sys=0.00, real=0.03 secs] 
2021-05-22T03:56:04.958+0800: 671116.610: [Full GC (Ergonomics) [PSYoungGen: 11104K->0K(509440K)] [ParOldGen: 520540K->298621K(524288K)] 531644K->298621K(1033728K), [Metaspace: 95455K->95451K(1136640K)], 0.5534801 secs] [Times: user=1.05 sys=0.00, real=0.55 secs] 
2021-05-22T04:00:59.228+0800: 671410.880: [GC (Allocation Failure) [PSYoungGen: 494592K->11168K(509440K)] 793213K->309789K(1033728K), 0.0186266 secs] [Times: user=0.03 sys=0.02, real=0.02 secs] 
2021-05-22T04:05:58.692+0800: 671710.344: [GC (Allocation Failure) [PSYoungGen: 505760K->12384K(509952K)] 804381K->320490K(1034240K), 0.0803073 secs] [Times: user=0.08 sys=0.00, real=0.08 secs] 
2021-05-22T04:10:54.799+0800: 672006.451: [GC (Allocation Failure) [PSYoungGen: 508000K->11808K(509952K)] 816106K->328348K(1034240K), 0.0305638 secs] [Times: user=0.03 sys=0.04, real=0.03 secs] 
2021-05-22T04:15:50.521+0800: 672302.173: [GC (Allocation Failure) [PSYoungGen: 507424K->12352K(509952K)] 823964K->337742K(1034240K), 0.0437833 secs] [Times: user=0.07 sys=0.00, real=0.05 secs] 
2021-05-22T04:20:46.325+0800: 672597.977: [GC (Allocation Failure) [PSYoungGen: 507968K->10464K(509952K)] 833358K->344585K(1034240K), 0.0243059 secs] [Times: user=0.06 sys=0.00, real=0.02 secs] 
2021-05-22T04:25:43.982+0800: 672895.634: [GC (Allocation Failure) [PSYoungGen: 506080K->11872K(509952K)] 840201K->353933K(1034240K), 0.0548862 secs] [Times: user=0.04 sys=0.04, real=0.06 secs] 
2021-05-22T04:30:40.738+0800: 673192.390: [GC (Allocation Failure) [PSYoungGen: 507488K->9152K(509952K)] 849549K->359286K(1034240K), 0.0252197 secs] [Times: user=0.04 sys=0.04, real=0.03 secs] 
2021-05-22T04:35:30.350+0800: 673482.002: [GC (Allocation Failure) [PSYoungGen: 504768K->12576K(509952K)] 854902K->369227K(1034240K), 0.0326543 secs] [Times: user=0.09 sys=0.00, real=0.04 secs] 
2021-05-22T04:40:24.771+0800: 673776.423: [GC (Allocation Failure) [PSYoungGen: 508192K->12640K(508416K)] 864843K->377974K(1032704K), 0.0336119 secs] [Times: user=0.04 sys=0.05, real=0.04 secs] 
2021-05-22T04:45:21.009+0800: 674072.661: [GC (Allocation Failure) [PSYoungGen: 508256K->10304K(509440K)] 873590K->385646K(1033728K), 0.0270816 secs] [Times: user=0.04 sys=0.04, real=0.03 secs] 
2021-05-22T04:50:15.000+0800: 674366.652: [GC (Allocation Failure) [PSYoungGen: 504896K->11040K(509440K)] 880238K->393729K(1033728K), 0.0256429 secs] [Times: user=0.03 sys=0.04, real=0.03 secs] 
2021-05-22T04:55:14.200+0800: 674665.852: [GC (Allocation Failure) [PSYoungGen: 505632K->10784K(509952K)] 888321K->400453K(1034240K), 0.0238865 secs] [Times: user=0.03 sys=0.03, real=0.03 secs] 
2021-05-22T05:00:05.383+0800: 674957.035: [GC (Allocation Failure) [PSYoungGen: 506400K->12192K(509952K)] 896069K->410391K(1034240K), 0.0264241 secs] [Times: user=0.07 sys=0.00, real=0.02 secs] 
2021-05-22T05:04:59.414+0800: 675251.066: [GC (Allocation Failure) [PSYoungGen: 507808K->10688K(509952K)] 906007K->417664K(1034240K), 0.0293728 secs] [Times: user=0.07 sys=0.00, real=0.03 secs] 
2021-05-22T05:09:59.944+0800: 675551.596: [GC (Allocation Failure) [PSYoungGen: 506304K->14304K(509952K)] 913280K->429491K(1034240K), 0.0440616 secs] [Times: user=0.05 sys=0.05, real=0.04 secs] 
2021-05-22T05:14:33.195+0800: 675824.847: [GC (Allocation Failure) [PSYoungGen: 509920K->13088K(502784K)] 925107K->439607K(1027072K), 0.0334158 secs] [Times: user=0.09 sys=0.00, real=0.03 secs] 
2021-05-22T05:19:00.347+0800: 676091.999: [GC (Allocation Failure) [PSYoungGen: 501536K->10912K(506368K)] 928055K->447129K(1030656K), 0.0225358 secs] [Times: user=0.07 sys=0.00, real=0.02 secs] 
2021-05-22T05:23:28.852+0800: 676360.504: [GC (Allocation Failure) [PSYoungGen: 499360K->10976K(506880K)] 935577K->456011K(1031168K), 0.0309076 secs] [Times: user=0.08 sys=0.00, real=0.04 secs] 
2021-05-22T05:27:59.227+0800: 676630.879: [GC (Allocation Failure) [PSYoungGen: 500448K->11072K(506880K)] 945483K->464142K(1031168K), 0.0613636 secs] [Times: user=0.03 sys=0.03, real=0.06 secs] 
2021-05-22T05:32:34.784+0800: 676906.436: [GC (Allocation Failure) [PSYoungGen: 500544K->9984K(507392K)] 953614K->471689K(1031680K), 0.0520178 secs] [Times: user=0.06 sys=0.00, real=0.05 secs] 
2021-05-22T05:37:09.909+0800: 677181.561: [GC (Allocation Failure) [PSYoungGen: 500480K->12736K(507392K)] 962185K->482267K(1031680K), 0.0535778 secs] [Times: user=0.08 sys=0.00, real=0.06 secs] 
2021-05-22T05:41:49.569+0800: 677461.221: [GC (Allocation Failure) [PSYoungGen: 503232K->11872K(507904K)] 972763K->490349K(1032192K), 0.0233678 secs] [Times: user=0.03 sys=0.04, real=0.03 secs] 
2021-05-22T05:46:25.121+0800: 677736.773: [GC (Allocation Failure) [PSYoungGen: 502880K->12896K(507392K)] 981357K->500937K(1031680K), 0.0335576 secs] [Times: user=0.09 sys=0.00, real=0.04 secs] 
2021-05-22T05:51:00.069+0800: 678011.721: [GC (Allocation Failure) [PSYoungGen: 503904K->6944K(506880K)] 991945K->505872K(1031168K), 0.0433278 secs] [Times: user=0.03 sys=0.03, real=0.05 secs] 
2021-05-22T05:55:35.181+0800: 678286.834: [GC (Allocation Failure) [PSYoungGen: 497440K->11200K(507392K)] 996368K->515077K(1031680K), 0.0523405 secs] [Times: user=0.04 sys=0.05, real=0.06 secs] 
2021-05-22T06:00:10.002+0800: 678561.654: [GC (Allocation Failure) [PSYoungGen: 501696K->10176K(508416K)] 1005573K->522774K(1032704K), 0.0294624 secs] [Times: user=0.09 sys=0.00, real=0.03 secs] 
2021-05-22T06:04:45.966+0800: 678837.618: [GC (Allocation Failure) [PSYoungGen: 502208K->13504K(507904K)] 1014806K->532892K(1032192K), 0.0276666 secs] [Times: user=0.03 sys=0.03, real=0.03 secs] 
2021-05-22T06:04:45.994+0800: 678837.646: [Full GC (Ergonomics) [PSYoungGen: 13504K->0K(507904K)] [ParOldGen: 519388K->299619K(524288K)] 532892K->299619K(1032192K), [Metaspace: 95490K->95490K(1136640K)], 0.4975358 secs] [Times: user=0.98 sys=0.00, real=0.49 secs] 
2021-05-22T06:09:24.203+0800: 679115.855: [GC (Allocation Failure) [PSYoungGen: 492032K->9664K(507904K)] 791651K->309283K(1032192K), 0.0258634 secs] [Times: user=0.03 sys=0.04, real=0.02 secs] 
2021-05-22T06:13:57.770+0800: 679389.422: [GC (Allocation Failure) [PSYoungGen: 501184K->9024K(507904K)] 800803K->316414K(1032192K), 0.0265111 secs] [Times: user=0.07 sys=0.00, real=0.03 secs] 
2021-05-22T06:18:31.918+0800: 679663.570: [GC (Allocation Failure) [PSYoungGen: 500544K->13440K(507904K)] 807934K->327794K(1032192K), 0.0302691 secs] [Times: user=0.03 sys=0.03, real=0.03 secs] 
2021-05-22T06:23:05.765+0800: 679937.417: [GC (Allocation Failure) [PSYoungGen: 504960K->10400K(507904K)] 819314K->335148K(1032192K), 0.0232191 secs] [Times: user=0.04 sys=0.04, real=0.02 secs] 
2021-05-22T06:27:43.029+0800: 680214.681: [GC (Allocation Failure) [PSYoungGen: 501920K->11360K(508416K)] 826668K->344085K(1032704K), 0.0238113 secs] [Times: user=0.04 sys=0.03, real=0.03 secs] 
2021-05-22T06:32:19.197+0800: 680490.849: [GC (Allocation Failure) [PSYoungGen: 503392K->11040K(507904K)] 836117K->353151K(1032192K), 0.0214849 secs] [Times: user=0.03 sys=0.03, real=0.02 secs] 
2021-05-22T06:36:49.571+0800: 680761.223: [GC (Allocation Failure) [PSYoungGen: 503072K->11264K(509440K)] 845183K->362042K(1033728K), 0.0216063 secs] [Times: user=0.03 sys=0.04, real=0.03 secs] 
2021-05-22T06:41:30.565+0800: 681042.217: [GC (Allocation Failure) [PSYoungGen: 505344K->9472K(508928K)] 856122K->370339K(1033216K), 0.0214630 secs] [Times: user=0.07 sys=0.00, real=0.02 secs] 
2021-05-22T06:46:06.092+0800: 681317.744: [GC (Allocation Failure) [PSYoungGen: 503552K->12832K(508416K)] 864419K->380912K(1032704K), 0.0351469 secs] [Times: user=0.03 sys=0.04, real=0.03 secs] 
2021-05-22T06:50:43.730+0800: 681595.382: [GC (Allocation Failure) [PSYoungGen: 506400K->11296K(508928K)] 874480K->389234K(1033216K), 0.0266515 secs] [Times: user=0.04 sys=0.04, real=0.03 secs] 
2021-05-22T06:55:20.479+0800: 681872.131: [GC (Allocation Failure) [PSYoungGen: 504864K->10400K(509440K)] 882802K->397276K(1033728K), 0.0252367 secs] [Times: user=0.04 sys=0.05, real=0.03 secs] 
2021-05-22T06:59:56.034+0800: 682147.686: [GC (Allocation Failure) [PSYoungGen: 504992K->10976K(509440K)] 891868K->405376K(1033728K), 0.0463496 secs] [Times: user=0.03 sys=0.03, real=0.04 secs] 
2021-05-22T07:04:32.924+0800: 682424.576: [GC (Allocation Failure) [PSYoungGen: 505568K->12882K(508928K)] 899968K->416645K(1033216K), 0.0274454 secs] [Times: user=0.08 sys=0.00, real=0.02 secs] 
2021-05-22T07:09:07.872+0800: 682699.524: [GC (Allocation Failure) [PSYoungGen: 507474K->10688K(509440K)] 911237K->424791K(1033728K), 0.0314884 secs] [Times: user=0.04 sys=0.04, real=0.04 secs] 
2021-05-22T07:13:43.247+0800: 682974.899: [GC (Allocation Failure) [PSYoungGen: 505280K->14304K(502784K)] 919383K->435819K(1027072K), 0.0333338 secs] [Times: user=0.10 sys=0.00, real=0.03 secs] 
2021-05-22T07:18:16.214+0800: 683247.866: [GC (Allocation Failure) [PSYoungGen: 502752K->10624K(506368K)] 924267K->442436K(1030656K), 0.0698500 secs] [Times: user=0.11 sys=0.00, real=0.07 secs] 
2021-05-22T07:22:50.116+0800: 683521.768: [GC (Allocation Failure) [PSYoungGen: 499072K->11904K(506880K)] 930884K->451807K(1031168K), 0.0761376 secs] [Times: user=0.04 sys=0.05, real=0.08 secs] 
2021-05-22T07:27:23.885+0800: 683795.537: [GC (Allocation Failure) [PSYoungGen: 500864K->9536K(506368K)] 940767K->458808K(1030656K), 0.0255910 secs] [Times: user=0.08 sys=0.00, real=0.02 secs] 
2021-05-22T07:31:52.665+0800: 684064.317: [GC (Allocation Failure) [PSYoungGen: 498496K->11808K(507392K)] 947768K->469330K(1031680K), 0.0311435 secs] [Times: user=0.08 sys=0.00, real=0.03 secs] 
2021-05-22T07:36:26.970+0800: 684338.622: [GC (Allocation Failure) [PSYoungGen: 501792K->10016K(506880K)] 959314K->476963K(1031168K), 0.0335298 secs] [Times: user=0.05 sys=0.05, real=0.04 secs] 
2021-05-22T07:40:55.357+0800: 684607.009: [GC (Allocation Failure) [PSYoungGen: 500000K->12736K(507904K)] 966947K->486704K(1032192K), 0.0370939 secs] [Times: user=0.11 sys=0.00, real=0.04 secs] 
2021-05-22T07:45:30.490+0800: 684882.142: [GC (Allocation Failure) [PSYoungGen: 504256K->11584K(507904K)] 978224K->494898K(1032192K), 0.0275877 secs] [Times: user=0.08 sys=0.00, real=0.03 secs] 
2021-05-22T07:50:05.638+0800: 685157.291: [GC (Allocation Failure) [PSYoungGen: 503104K->9792K(508416K)] 986418K->502826K(1032704K), 0.0254419 secs] [Times: user=0.04 sys=0.04, real=0.03 secs] 
2021-05-22T07:54:40.319+0800: 685431.971: [GC (Allocation Failure) [PSYoungGen: 501824K->9728K(507904K)] 994858K->510509K(1032192K), 0.0342438 secs] [Times: user=0.10 sys=0.00, real=0.04 secs] 
2021-05-22T07:59:14.167+0800: 685705.819: [GC (Allocation Failure) [PSYoungGen: 501760K->9824K(508416K)] 1002541K->518415K(1032704K), 0.0292847 secs] [Times: user=0.03 sys=0.05, real=0.03 secs] 
2021-05-22T08:03:51.456+0800: 685983.108: [GC (Allocation Failure) [PSYoungGen: 502368K->9920K(508416K)] 1010959K->526521K(1032704K), 0.0565370 secs] [Times: user=0.08 sys=0.00, real=0.06 secs] 
2021-05-22T08:03:51.513+0800: 685983.165: [Full GC (Ergonomics) [PSYoungGen: 9920K->0K(508416K)] [ParOldGen: 516601K->295475K(524288K)] 526521K->295475K(1032704K), [Metaspace: 95492K->95492K(1136640K)], 0.5217561 secs] [Times: user=1.07 sys=0.00, real=0.52 secs] 
2021-05-22T08:08:27.693+0800: 686259.345: [GC (Allocation Failure) [PSYoungGen: 492544K->9440K(508928K)] 788019K->304915K(1033216K), 0.0282814 secs] [Times: user=0.04 sys=0.04, real=0.02 secs] 
2021-05-22T08:13:07.021+0800: 686538.673: [GC (Allocation Failure) [PSYoungGen: 503008K->10816K(508928K)] 798483K->314015K(1033216K), 0.1041839 secs] [Times: user=0.08 sys=0.00, real=0.11 secs] 
2021-05-22T08:17:39.281+0800: 686810.934: [GC (Allocation Failure) [PSYoungGen: 504384K->12768K(508416K)] 807583K->324490K(1032704K), 0.0264380 secs] [Times: user=0.07 sys=0.00, real=0.03 secs] 
2021-05-22T08:22:14.987+0800: 687086.639: [GC (Allocation Failure) [PSYoungGen: 506336K->11040K(508928K)] 818058K->331301K(1033216K), 0.0256524 secs] [Times: user=0.07 sys=0.00, real=0.03 secs] 
2021-05-22T08:26:52.239+0800: 687363.891: [GC (Allocation Failure) [PSYoungGen: 504608K->10912K(509440K)] 824869K->339638K(1033728K), 0.0641898 secs] [Times: user=0.08 sys=0.00, real=0.07 secs] 
2021-05-22T08:31:24.616+0800: 687636.268: [GC (Allocation Failure) [PSYoungGen: 505504K->14112K(508928K)] 834230K->351025K(1033216K), 0.0303167 secs] [Times: user=0.07 sys=0.00, real=0.03 secs] 
2021-05-22T08:36:00.384+0800: 687912.036: [GC (Allocation Failure) [PSYoungGen: 508704K->12064K(508928K)] 845617K->358796K(1033216K), 0.0262323 secs] [Times: user=0.09 sys=0.00, real=0.02 secs] 
2021-05-22T08:40:38.129+0800: 688189.781: [GC (Allocation Failure) [PSYoungGen: 505632K->13056K(508928K)] 852364K->369839K(1033216K), 0.0370756 secs] [Times: user=0.04 sys=0.05, real=0.04 secs] 
2021-05-22T08:45:14.137+0800: 688465.789: [GC (Allocation Failure) [PSYoungGen: 506624K->11232K(508928K)] 863407K->378243K(1033216K), 0.0275290 secs] [Times: user=0.04 sys=0.04, real=0.03 secs] 
2021-05-22T08:49:47.509+0800: 688739.161: [GC (Allocation Failure) [PSYoungGen: 504800K->12608K(508928K)] 871811K->388981K(1033216K), 0.0646796 secs] [Times: user=0.10 sys=0.00, real=0.07 secs] 
2021-05-22T08:54:16.635+0800: 689008.287: [GC (Allocation Failure) [PSYoungGen: 506176K->9792K(508928K)] 882549K->396534K(1033216K), 0.0289654 secs] [Times: user=0.09 sys=0.00, real=0.03 secs] 
2021-05-22T08:58:53.258+0800: 689284.910: [GC (Allocation Failure) [PSYoungGen: 503360K->12800K(508928K)] 890102K->406283K(1033216K), 0.0294717 secs] [Times: user=0.08 sys=0.00, real=0.03 secs] 
2021-05-22T09:03:30.211+0800: 689561.863: [GC (Allocation Failure) [PSYoungGen: 506368K->9856K(508928K)] 899851K->413252K(1033216K), 0.0273945 secs] [Times: user=0.09 sys=0.00, real=0.03 secs] 
2021-05-22T09:08:07.935+0800: 689839.587: [GC (Allocation Failure) [PSYoungGen: 503424K->11040K(508928K)] 906820K->422517K(1033216K), 0.0321406 secs] [Times: user=0.04 sys=0.04, real=0.03 secs] 
2021-05-22T09:12:43.267+0800: 690114.919: [GC (Allocation Failure) [PSYoungGen: 504608K->9632K(509440K)] 916085K->430054K(1033728K), 0.0246140 secs] [Times: user=0.04 sys=0.04, real=0.02 secs] 
2021-05-22T09:17:17.960+0800: 690389.612: [GC (Allocation Failure) [PSYoungGen: 504224K->10496K(509440K)] 924646K->438345K(1033728K), 0.0582306 secs] [Times: user=0.04 sys=0.04, real=0.06 secs] 
2021-05-22T09:21:51.961+0800: 690663.614: [GC (Allocation Failure) [PSYoungGen: 505088K->11680K(509440K)] 932937K->447788K(1033728K), 0.0272383 secs] [Times: user=0.03 sys=0.04, real=0.03 secs] 
2021-05-22T09:26:21.456+0800: 690933.108: [GC (Allocation Failure) [PSYoungGen: 506272K->14144K(508928K)] 942380K->458888K(1033216K), 0.0272373 secs] [Times: user=0.04 sys=0.04, real=0.03 secs] 
2021-05-22T09:30:56.203+0800: 691207.855: [GC (Allocation Failure) [PSYoungGen: 508736K->11392K(509440K)] 953480K->467113K(1033728K), 0.0308672 secs] [Times: user=0.09 sys=0.00, real=0.03 secs] 
2021-05-22T09:35:27.643+0800: 691479.295: [GC (Allocation Failure) [PSYoungGen: 505472K->10336K(508928K)] 961193K->475420K(1033216K), 0.0267619 secs] [Times: user=0.03 sys=0.04, real=0.02 secs] 
2021-05-22T09:40:00.086+0800: 691751.738: [GC (Allocation Failure) [PSYoungGen: 504416K->12640K(509440K)] 969500K->485023K(1033728K), 0.0314542 secs] [Times: user=0.08 sys=0.00, real=0.03 secs] 
2021-05-22T09:44:35.580+0800: 692027.232: [GC (Allocation Failure) [PSYoungGen: 507232K->11776K(509440K)] 979615K->493058K(1033728K), 0.0292456 secs] [Times: user=0.09 sys=0.00, real=0.03 secs] 
2021-05-22T09:49:07.738+0800: 692299.390: [GC (Allocation Failure) [PSYoungGen: 506368K->10880K(509440K)] 987650K->501438K(1033728K), 0.0278070 secs] [Times: user=0.04 sys=0.04, real=0.03 secs] 
2021-05-22T09:53:41.363+0800: 692573.015: [GC (Allocation Failure) [PSYoungGen: 505472K->12096K(509440K)] 996030K->511328K(1033728K), 0.0353731 secs] [Times: user=0.08 sys=0.00, real=0.03 secs] 
2021-05-22T09:58:15.016+0800: 692846.668: [GC (Allocation Failure) [PSYoungGen: 506688K->12384K(508928K)] 1005920K->519787K(1033216K), 0.0287471 secs] [Times: user=0.08 sys=0.00, real=0.03 secs] 
2021-05-22T10:02:49.489+0800: 693121.141: [GC (Allocation Failure) [PSYoungGen: 506976K->8768K(509440K)] 1014379K->526083K(1033728K), 0.0236955 secs] [Times: user=0.04 sys=0.04, real=0.03 secs] 
2021-05-22T10:02:49.514+0800: 693121.166: [Full GC (Ergonomics) [PSYoungGen: 8768K->0K(509440K)] [ParOldGen: 517315K->300167K(524288K)] 526083K->300167K(1033728K), [Metaspace: 95492K->95492K(1136640K)], 0.5437759 secs] [Times: user=1.06 sys=0.00, real=0.54 secs] 
2021-05-22T10:07:25.257+0800: 693396.909: [GC (Allocation Failure) [PSYoungGen: 494592K->13280K(508416K)] 794759K->313447K(1032704K), 0.1272976 secs] [Times: user=0.03 sys=0.03, real=0.13 secs] 
2021-05-22T10:11:55.819+0800: 693667.471: [GC (Allocation Failure) [PSYoungGen: 506848K->13760K(507392K)] 807015K->324498K(1031680K), 0.0265927 secs] [Times: user=0.04 sys=0.04, real=0.03 secs] 
2021-05-22T10:16:28.196+0800: 693939.848: [GC (Allocation Failure) [PSYoungGen: 507328K->9728K(508416K)] 818066K->330245K(1032704K), 0.0214674 secs] [Times: user=0.06 sys=0.00, real=0.02 secs] 
2021-05-22T10:21:01.078+0800: 694212.731: [GC (Allocation Failure) [PSYoungGen: 502272K->10176K(508416K)] 822789K->338799K(1032704K), 0.0205701 secs] [Times: user=0.06 sys=0.00, real=0.02 secs] 
2021-05-22T10:25:32.817+0800: 694484.469: [GC (Allocation Failure) [PSYoungGen: 502719K->11616K(508928K)] 831343K->348379K(1033216K), 0.0289257 secs] [Times: user=0.04 sys=0.05, real=0.03 secs] 
2021-05-22T10:30:08.733+0800: 694760.385: [GC (Allocation Failure) [PSYoungGen: 505184K->14368K(508416K)] 841947K->360933K(1032704K), 0.0347127 secs] [Times: user=0.08 sys=0.00, real=0.03 secs] 
2021-05-22T10:34:44.655+0800: 695036.307: [GC (Allocation Failure) [PSYoungGen: 507936K->12160K(508416K)] 854501K->369696K(1032704K), 0.0286382 secs] [Times: user=0.09 sys=0.00, real=0.03 secs] 
2021-05-22T10:39:19.039+0800: 695310.691: [GC (Allocation Failure) [PSYoungGen: 504704K->12768K(508416K)] 862240K->379851K(1032704K), 0.0646499 secs] [Times: user=0.09 sys=0.00, real=0.07 secs] 
2021-05-22T10:43:55.126+0800: 695586.778: [GC (Allocation Failure) [PSYoungGen: 505312K->11488K(508928K)] 872395K->387613K(1033216K), 0.0710972 secs] [Times: user=0.12 sys=0.00, real=0.07 secs] 
2021-05-22T10:48:31.859+0800: 695863.512: [GC (Allocation Failure) [PSYoungGen: 504544K->11136K(508416K)] 880669K->395848K(1032704K), 0.0235381 secs] [Times: user=0.07 sys=0.00, real=0.03 secs] 
2021-05-22T10:53:09.525+0800: 696141.177: [GC (Allocation Failure) [PSYoungGen: 504192K->10336K(508928K)] 888904K->403763K(1033216K), 0.0288451 secs] [Times: user=0.04 sys=0.03, real=0.03 secs] 
2021-05-22T10:57:42.948+0800: 696414.600: [GC (Allocation Failure) [PSYoungGen: 503904K->9792K(508928K)] 897331K->411101K(1033216K), 0.0267128 secs] [Times: user=0.04 sys=0.04, real=0.03 secs] 
2021-05-22T11:02:22.110+0800: 696693.762: [GC (Allocation Failure) [PSYoungGen: 503360K->11104K(509440K)] 904669K->420686K(1033728K), 0.0261717 secs] [Times: user=0.08 sys=0.00, real=0.03 secs] 
2021-05-22T11:06:54.383+0800: 696966.035: [GC (Allocation Failure) [PSYoungGen: 505184K->10688K(508928K)] 914766K->427927K(1033216K), 0.0744988 secs] [Times: user=0.09 sys=0.00, real=0.07 secs] 
2021-05-22T11:11:30.854+0800: 697242.506: [GC (Allocation Failure) [PSYoungGen: 504768K->11328K(509952K)] 922007K->436738K(1034240K), 0.0357804 secs] [Times: user=0.09 sys=0.00, real=0.03 secs] 
2021-05-22T11:16:07.840+0800: 697519.492: [GC (Allocation Failure) [PSYoungGen: 506432K->10496K(509440K)] 931842K->444204K(1033728K), 0.0254373 secs] [Times: user=0.03 sys=0.04, real=0.03 secs] 
2021-05-22T11:20:44.548+0800: 697796.200: [GC (Allocation Failure) [PSYoungGen: 505600K->10272K(509952K)] 939308K->452293K(1034240K), 0.0376448 secs] [Times: user=0.04 sys=0.03, real=0.04 secs] 
2021-05-22T11:25:20.234+0800: 698071.886: [GC (Allocation Failure) [PSYoungGen: 505888K->11104K(509952K)] 947909K->461343K(1034240K), 0.0271376 secs] [Times: user=0.04 sys=0.04, real=0.02 secs] 
2021-05-22T11:29:54.826+0800: 698346.478: [GC (Allocation Failure) [PSYoungGen: 506720K->10208K(510464K)] 956959K->469052K(1034752K), 0.0360104 secs] [Times: user=0.08 sys=0.00, real=0.04 secs] 
2021-05-22T11:34:34.080+0800: 698625.732: [GC (Allocation Failure) [PSYoungGen: 506848K->8160K(510464K)] 965692K->474805K(1034752K), 0.0242488 secs] [Times: user=0.08 sys=0.00, real=0.03 secs] 
2021-05-22T11:39:13.687+0800: 698905.339: [GC (Allocation Failure) [PSYoungGen: 504800K->11328K(510464K)] 971445K->484360K(1034752K), 0.0347447 secs] [Times: user=0.09 sys=0.00, real=0.04 secs] 
2021-05-22T11:43:49.997+0800: 699181.649: [GC (Allocation Failure) [PSYoungGen: 507968K->12256K(508928K)] 981000K->494299K(1033216K), 0.0306047 secs] [Times: user=0.07 sys=0.00, real=0.03 secs] 
2021-05-22T11:48:26.977+0800: 699458.629: [GC (Allocation Failure) [PSYoungGen: 508896K->12192K(509952K)] 990939K->503742K(1034240K), 0.0271824 secs] [Times: user=0.03 sys=0.04, real=0.03 secs] 
2021-05-22T11:53:07.322+0800: 699738.974: [GC (Allocation Failure) [PSYoungGen: 507808K->9248K(509952K)] 999358K->510231K(1034240K), 0.0274668 secs] [Times: user=0.05 sys=0.05, real=0.03 secs] 
2021-05-22T11:57:44.182+0800: 700015.834: [GC (Allocation Failure) [PSYoungGen: 504864K->9536K(509952K)] 1005847K->518153K(1034240K), 0.0280475 secs] [Times: user=0.08 sys=0.00, real=0.03 secs] 
2021-05-22T12:02:19.391+0800: 700291.043: [GC (Allocation Failure) [PSYoungGen: 505152K->9696K(509952K)] 1013769K->525219K(1034240K), 0.0223638 secs] [Times: user=0.07 sys=0.00, real=0.03 secs] 
2021-05-22T12:02:19.414+0800: 700291.066: [Full GC (Ergonomics) [PSYoungGen: 9696K->0K(509952K)] [ParOldGen: 515523K->293852K(524288K)] 525219K->293852K(1034240K), [Metaspace: 95492K->95492K(1136640K)], 0.4088068 secs] [Times: user=0.93 sys=0.00, real=0.41 secs] 
2021-05-22T12:06:56.341+0800: 700567.993: [GC (Allocation Failure) [PSYoungGen: 495616K->11680K(509952K)] 789468K->305532K(1034240K), 0.0235627 secs] [Times: user=0.03 sys=0.04, real=0.03 secs] 
2021-05-22T12:11:28.314+0800: 700839.966: [GC (Allocation Failure) [PSYoungGen: 507296K->12896K(508928K)] 801148K->315718K(1033216K), 0.0298623 secs] [Times: user=0.08 sys=0.00, real=0.03 secs] 
2021-05-22T12:16:02.770+0800: 701114.422: [GC (Allocation Failure) [PSYoungGen: 508512K->9600K(509952K)] 811334K->321208K(1034240K), 0.0306069 secs] [Times: user=0.04 sys=0.04, real=0.03 secs] 
2021-05-22T12:20:36.666+0800: 701388.318: [GC (Allocation Failure) [PSYoungGen: 504704K->8896K(509440K)] 816312K->327186K(1033728K), 0.0221050 secs] [Times: user=0.07 sys=0.00, real=0.02 secs] 
2021-05-22T12:25:12.620+0800: 701664.272: [GC (Allocation Failure) [PSYoungGen: 504000K->9376K(509952K)] 822290K->334861K(1034240K), 0.0267405 secs] [Times: user=0.08 sys=0.00, real=0.03 secs] 
2021-05-22T12:29:49.341+0800: 701940.993: [GC (Allocation Failure) [PSYoungGen: 504992K->11296K(509952K)] 830477K->343873K(1034240K), 0.0254720 secs] [Times: user=0.08 sys=0.00, real=0.03 secs] 
2021-05-22T12:34:26.425+0800: 702218.077: [GC (Allocation Failure) [PSYoungGen: 506912K->8544K(509952K)] 839489K->349874K(1034240K), 0.0281049 secs] [Times: user=0.04 sys=0.04, real=0.03 secs] 
2021-05-22T12:39:01.881+0800: 702493.533: [GC (Allocation Failure) [PSYoungGen: 504160K->10048K(509952K)] 845490K->357360K(1034240K), 0.0243851 secs] [Times: user=0.07 sys=0.00, real=0.03 secs] 
2021-05-22T12:43:35.590+0800: 702767.242: [GC (Allocation Failure) [PSYoungGen: 505664K->9408K(510464K)] 852976K->364418K(1034752K), 0.0221590 secs] [Times: user=0.07 sys=0.00, real=0.03 secs] 
2021-05-22T12:48:11.083+0800: 703042.735: [GC (Allocation Failure) [PSYoungGen: 506048K->12576K(509440K)] 861058K->375556K(1033728K), 0.0264174 secs] [Times: user=0.03 sys=0.05, real=0.02 secs] 
2021-05-22T12:52:47.750+0800: 703319.402: [GC (Allocation Failure) [PSYoungGen: 509216K->11904K(509952K)] 872196K->384455K(1034240K), 0.0276044 secs] [Times: user=0.08 sys=0.00, real=0.03 secs] 
2021-05-22T12:57:23.691+0800: 703595.343: [GC (Allocation Failure) [PSYoungGen: 507520K->11488K(509952K)] 880071K->392993K(1034240K), 0.0278557 secs] [Times: user=0.04 sys=0.04, real=0.03 secs] 
2021-05-22T13:02:00.528+0800: 703872.180: [GC (Allocation Failure) [PSYoungGen: 507104K->10816K(509952K)] 888609K->400803K(1034240K), 0.0236708 secs] [Times: user=0.04 sys=0.04, real=0.02 secs] 
2021-05-22T13:06:36.625+0800: 704148.278: [GC (Allocation Failure) [PSYoungGen: 506432K->8480K(509952K)] 896419K->407236K(1034240K), 0.0300747 secs] [Times: user=0.08 sys=0.00, real=0.03 secs] 
2021-05-22T13:11:16.029+0800: 704427.681: [GC (Allocation Failure) [PSYoungGen: 504096K->13120K(508928K)] 902852K->418195K(1033216K), 0.0452726 secs] [Times: user=0.04 sys=0.04, real=0.05 secs] 
2021-05-22T13:15:54.011+0800: 704705.663: [GC (Allocation Failure) [PSYoungGen: 507712K->8992K(509440K)] 912787K->424228K(1033728K), 0.0240486 secs] [Times: user=0.03 sys=0.04, real=0.03 secs] 
2021-05-22T13:20:25.892+0800: 704977.544: [GC (Allocation Failure) [PSYoungGen: 503584K->10848K(509952K)] 918820K->433454K(1034240K), 0.0792818 secs] [Times: user=0.04 sys=0.04, real=0.08 secs] 
2021-05-22T13:25:02.674+0800: 705254.326: [GC (Allocation Failure) [PSYoungGen: 505952K->10112K(509440K)] 928558K->441624K(1033728K), 0.0298295 secs] [Times: user=0.04 sys=0.05, real=0.03 secs] 
2021-05-22T13:29:40.574+0800: 705532.226: [GC (Allocation Failure) [PSYoungGen: 505216K->11872K(509952K)] 936728K->451611K(1034240K), 0.0316099 secs] [Times: user=0.09 sys=0.00, real=0.03 secs] 
2021-05-22T13:34:16.558+0800: 705808.210: [GC (Allocation Failure) [PSYoungGen: 507488K->10880K(509952K)] 947227K->459852K(1034240K), 0.0291208 secs] [Times: user=0.04 sys=0.05, real=0.03 secs] 
2021-05-22T13:38:52.198+0800: 706083.850: [GC (Allocation Failure) [PSYoungGen: 506496K->12960K(509440K)] 955468K->470583K(1033728K), 0.0356272 secs] [Times: user=0.09 sys=0.00, real=0.04 secs] 
2021-05-22T13:43:31.848+0800: 706363.500: [GC (Allocation Failure) [PSYoungGen: 508576K->12256K(507904K)] 966199K->479337K(1032192K), 0.0339198 secs] [Times: user=0.04 sys=0.05, real=0.04 secs] 
2021-05-22T13:48:09.065+0800: 706640.717: [GC (Allocation Failure) [PSYoungGen: 507872K->11808K(509440K)] 974953K->487332K(1033728K), 0.0273988 secs] [Times: user=0.04 sys=0.04, real=0.03 secs] 
2021-05-22T13:52:45.214+0800: 706916.866: [GC (Allocation Failure) [PSYoungGen: 506400K->12000K(509440K)] 981924K->496917K(1033728K), 0.0268754 secs] [Times: user=0.09 sys=0.00, real=0.02 secs] 
2021-05-22T13:57:19.511+0800: 707191.163: [GC (Allocation Failure) [PSYoungGen: 506592K->11968K(509440K)] 991509K->506696K(1033728K), 0.0260670 secs] [Times: user=0.08 sys=0.00, real=0.03 secs] 
2021-05-22T14:01:59.004+0800: 707470.656: [GC (Allocation Failure) [PSYoungGen: 506560K->10624K(509440K)] 1001288K->515536K(1033728K), 0.0258571 secs] [Times: user=0.04 sys=0.04, real=0.02 secs] 
2021-05-22T14:06:33.346+0800: 707744.998: [GC (Allocation Failure) [PSYoungGen: 505216K->11104K(509952K)] 1010128K->524660K(1034240K), 0.0273540 secs] [Times: user=0.05 sys=0.05, real=0.03 secs] 
2021-05-22T14:06:33.374+0800: 707745.026: [Full GC (Ergonomics) [PSYoungGen: 11104K->0K(509952K)] [ParOldGen: 513556K->297543K(524288K)] 524660K->297543K(1034240K), [Metaspace: 95495K->95495K(1136640K)], 0.4913241 secs] [Times: user=1.09 sys=0.00, real=0.49 secs] 
2021-05-22T14:11:09.196+0800: 708020.849: [GC (Allocation Failure) [PSYoungGen: 495616K->11488K(509952K)] 793159K->309031K(1034240K), 0.0255673 secs] [Times: user=0.03 sys=0.04, real=0.03 secs] 
2021-05-22T14:15:46.124+0800: 708297.776: [GC (Allocation Failure) [PSYoungGen: 507104K->9376K(510464K)] 804647K->316488K(1034752K), 0.0267790 secs] [Times: user=0.08 sys=0.00, real=0.02 secs] 
2021-05-22T14:20:25.702+0800: 708577.354: [GC (Allocation Failure) [PSYoungGen: 506016K->10752K(510464K)] 813128K->324771K(1034752K), 0.0261043 secs] [Times: user=0.03 sys=0.04, real=0.02 secs] 
2021-05-22T14:25:00.553+0800: 708852.205: [GC (Allocation Failure) [PSYoungGen: 507392K->12832K(509440K)] 821411K->333686K(1033728K), 0.0280821 secs] [Times: user=0.07 sys=0.00, real=0.02 secs] 
2021-05-22T14:29:36.179+0800: 709127.831: [GC (Allocation Failure) [PSYoungGen: 508448K->13184K(508928K)] 829302K->342497K(1033216K), 0.0250669 secs] [Times: user=0.08 sys=0.00, real=0.03 secs] 
2021-05-22T14:34:11.508+0800: 709403.160: [GC (Allocation Failure) [PSYoungGen: 508800K->11840K(509952K)] 838113K->351612K(1034240K), 0.0289918 secs] [Times: user=0.04 sys=0.04, real=0.03 secs] 
2021-05-22T14:38:46.648+0800: 709678.300: [GC (Allocation Failure) [PSYoungGen: 506944K->14048K(509440K)] 846716K->363375K(1033728K), 0.0284517 secs] [Times: user=0.04 sys=0.04, real=0.03 secs] 
2021-05-22T14:43:22.275+0800: 709953.927: [GC (Allocation Failure) [PSYoungGen: 509152K->11968K(509440K)] 858479K->372297K(1033728K), 0.0240898 secs] [Times: user=0.07 sys=0.00, real=0.02 secs] 
2021-05-22T14:47:57.079+0800: 710228.731: [GC (Allocation Failure) [PSYoungGen: 506560K->13760K(508416K)] 866889K->383227K(1032704K), 0.0297302 secs] [Times: user=0.08 sys=0.00, real=0.03 secs] 
2021-05-22T14:52:31.955+0800: 710503.607: [GC (Allocation Failure) [PSYoungGen: 508352K->11840K(508928K)] 877819K->391093K(1033216K), 0.0257663 secs] [Times: user=0.08 sys=0.00, real=0.02 secs] 
2021-05-22T14:57:04.638+0800: 710776.290: [GC (Allocation Failure) [PSYoungGen: 505408K->12096K(508928K)] 884661K->400488K(1033216K), 0.0261231 secs] [Times: user=0.08 sys=0.00, real=0.03 secs] 
2021-05-22T15:01:38.812+0800: 711050.464: [GC (Allocation Failure) [PSYoungGen: 505664K->12096K(509440K)] 894056K->409642K(1033728K), 0.0269072 secs] [Times: user=0.04 sys=0.04, real=0.03 secs] 
2021-05-22T15:06:17.258+0800: 711328.911: [GC (Allocation Failure) [PSYoungGen: 506688K->11648K(509440K)] 904234K->417452K(1033728K), 0.0590852 secs] [Times: user=0.03 sys=0.03, real=0.06 secs] 
2021-05-22T15:10:51.391+0800: 711603.043: [GC (Allocation Failure) [PSYoungGen: 506240K->11200K(509952K)] 912044K->426677K(1034240K), 0.0278946 secs] [Times: user=0.09 sys=0.00, real=0.03 secs] 
2021-05-22T15:15:29.559+0800: 711881.211: [GC (Allocation Failure) [PSYoungGen: 506816K->12032K(509952K)] 922293K->436232K(1034240K), 0.0244723 secs] [Times: user=0.07 sys=0.00, real=0.03 secs] 
2021-05-22T15:20:02.461+0800: 712154.113: [GC (Allocation Failure) [PSYoungGen: 507648K->13824K(508928K)] 931848K->446212K(1033216K), 0.0588475 secs] [Times: user=0.04 sys=0.04, real=0.06 secs] 
2021-05-22T15:24:38.852+0800: 712430.504: [GC (Allocation Failure) [PSYoungGen: 508416K->11808K(509440K)] 940804K->455669K(1033728K), 0.0287275 secs] [Times: user=0.04 sys=0.03, real=0.03 secs] 
2021-05-22T15:29:14.299+0800: 712705.951: [GC (Allocation Failure) [PSYoungGen: 506400K->9472K(508928K)] 950261K->461743K(1033216K), 0.0235240 secs] [Times: user=0.07 sys=0.00, real=0.03 secs] 
2021-05-22T15:33:54.104+0800: 712985.756: [GC (Allocation Failure) [PSYoungGen: 504064K->10752K(509440K)] 956335K->470236K(1033728K), 0.0243984 secs] [Times: user=0.07 sys=0.00, real=0.02 secs] 
2021-05-22T15:38:28.028+0800: 713259.680: [GC (Allocation Failure) [PSYoungGen: 505344K->12640K(509440K)] 964828K->481191K(1033728K), 0.0318625 secs] [Times: user=0.04 sys=0.04, real=0.03 secs] 
2021-05-22T15:43:06.847+0800: 713538.499: [GC (Allocation Failure) [PSYoungGen: 507232K->11040K(509440K)] 975783K->489527K(1033728K), 0.0285326 secs] [Times: user=0.08 sys=0.00, real=0.03 secs] 
2021-05-22T15:47:43.993+0800: 713815.645: [GC (Allocation Failure) [PSYoungGen: 505632K->12288K(509952K)] 984119K->498219K(1034240K), 0.0258828 secs] [Times: user=0.03 sys=0.03, real=0.02 secs] 
2021-05-22T15:52:20.029+0800: 714091.681: [GC (Allocation Failure) [PSYoungGen: 507392K->11360K(509440K)] 993323K->506452K(1033728K), 0.0255188 secs] [Times: user=0.04 sys=0.04, real=0.03 secs] 
2021-05-22T15:56:58.082+0800: 714369.734: [GC (Allocation Failure) [PSYoungGen: 506464K->12128K(509952K)] 1001556K->515408K(1034240K), 0.0297337 secs] [Times: user=0.04 sys=0.04, real=0.03 secs] 
2021-05-22T16:01:33.000+0800: 714644.652: [GC (Allocation Failure) [PSYoungGen: 507744K->12576K(509952K)] 1011024K->525490K(1034240K), 0.0250316 secs] [Times: user=0.04 sys=0.04, real=0.03 secs] 
2021-05-22T16:01:33.026+0800: 714644.678: [Full GC (Ergonomics) [PSYoungGen: 12576K->0K(509952K)] [ParOldGen: 512914K->298317K(524288K)] 525490K->298317K(1034240K), [Metaspace: 95495K->95495K(1136640K)], 0.4585014 secs] [Times: user=0.89 sys=0.00, real=0.46 secs] 
2021-05-22T16:06:10.379+0800: 714922.031: [GC (Allocation Failure) [PSYoungGen: 495616K->12480K(509952K)] 793933K->310797K(1034240K), 0.0222594 secs] [Times: user=0.07 sys=0.00, real=0.02 secs] 
2021-05-22T16:10:46.725+0800: 715198.377: [GC (Allocation Failure) [PSYoungGen: 508096K->11040K(509952K)] 806413K->319527K(1034240K), 0.0326266 secs] [Times: user=0.10 sys=0.00, real=0.03 secs] 
2021-05-22T16:15:20.962+0800: 715472.614: [GC (Allocation Failure) [PSYoungGen: 506656K->11712K(509952K)] 815143K->328491K(1034240K), 0.0306110 secs] [Times: user=0.08 sys=0.00, real=0.04 secs] 
2021-05-22T16:19:56.415+0800: 715748.067: [GC (Allocation Failure) [PSYoungGen: 507328K->11008K(509952K)] 824107K->336293K(1034240K), 0.0344292 secs] [Times: user=0.08 sys=0.00, real=0.03 secs] 
2021-05-22T16:24:29.293+0800: 716020.945: [GC (Allocation Failure) [PSYoungGen: 506624K->12800K(509440K)] 831909K->346241K(1033728K), 0.0269971 secs] [Times: user=0.08 sys=0.00, real=0.02 secs] 
2021-05-22T16:29:05.396+0800: 716297.048: [GC (Allocation Failure) [PSYoungGen: 508416K->10848K(509952K)] 841857K->354587K(1034240K), 0.0231324 secs] [Times: user=0.07 sys=0.00, real=0.02 secs] 
2021-05-22T16:33:46.241+0800: 716577.893: [GC (Allocation Failure) [PSYoungGen: 506464K->11232K(510464K)] 850203K->363916K(1034752K), 0.0333466 secs] [Times: user=0.09 sys=0.00, real=0.04 secs] 
2021-05-22T16:38:22.863+0800: 716854.515: [GC (Allocation Failure) [PSYoungGen: 507360K->9856K(509952K)] 860044K->371773K(1034240K), 0.0295859 secs] [Times: user=0.04 sys=0.04, real=0.03 secs] 
2021-05-22T16:42:59.670+0800: 717131.322: [GC (Allocation Failure) [PSYoungGen: 505984K->11360K(510464K)] 867901K->380576K(1034752K), 0.0248165 secs] [Times: user=0.04 sys=0.03, real=0.03 secs] 
2021-05-22T16:47:34.186+0800: 717405.838: [GC (Allocation Failure) [PSYoungGen: 507488K->9376K(509952K)] 876704K->388202K(1034240K), 0.0217209 secs] [Times: user=0.07 sys=0.00, real=0.02 secs] 
2021-05-22T16:52:12.660+0800: 717684.312: [GC (Allocation Failure) [PSYoungGen: 505504K->12960K(509440K)] 884330K->399301K(1033728K), 0.0255132 secs] [Times: user=0.04 sys=0.04, real=0.03 secs] 
2021-05-22T16:56:46.379+0800: 717958.031: [GC (Allocation Failure) [PSYoungGen: 508576K->11392K(509952K)] 894917K->407206K(1034240K), 0.0252175 secs] [Times: user=0.08 sys=0.00, real=0.03 secs] 
2021-05-22T17:01:24.870+0800: 718236.522: [GC (Allocation Failure) [PSYoungGen: 507008K->11680K(510464K)] 902822K->416601K(1034752K), 0.0340469 secs] [Times: user=0.10 sys=0.00, real=0.04 secs] 
2021-05-22T17:06:01.252+0800: 718512.904: [GC (Allocation Failure) [PSYoungGen: 507808K->11328K(509952K)] 912729K->426355K(1034240K), 0.0288241 secs] [Times: user=0.08 sys=0.00, real=0.03 secs] 
2021-05-22T17:10:36.873+0800: 718788.526: [GC (Allocation Failure) [PSYoungGen: 507456K->11872K(510464K)] 922483K->435767K(1034752K), 0.0249058 secs] [Times: user=0.04 sys=0.03, real=0.02 secs] 
2021-05-22T17:15:11.773+0800: 719063.425: [GC (Allocation Failure) [PSYoungGen: 508512K->11328K(510464K)] 932407K->444945K(1034752K), 0.0299471 secs] [Times: user=0.08 sys=0.00, real=0.03 secs] 
2021-05-22T17:19:51.327+0800: 719342.979: [GC (Allocation Failure) [PSYoungGen: 507968K->10560K(510976K)] 941585K->453084K(1035264K), 0.0323420 secs] [Times: user=0.10 sys=0.00, real=0.03 secs] 
2021-05-22T17:24:29.503+0800: 719621.155: [GC (Allocation Failure) [PSYoungGen: 507712K->8448K(510464K)] 950236K->459797K(1034752K), 0.0381430 secs] [Times: user=0.09 sys=0.00, real=0.03 secs] 
2021-05-22T17:29:03.725+0800: 719895.377: [GC (Allocation Failure) [PSYoungGen: 505600K->9824K(510464K)] 956949K->468039K(1034752K), 0.0312542 secs] [Times: user=0.07 sys=0.00, real=0.03 secs] 
2021-05-22T17:33:43.751+0800: 720175.403: [GC (Allocation Failure) [PSYoungGen: 506458K->13152K(509952K)] 964673K->478811K(1034240K), 0.0252434 secs] [Times: user=0.08 sys=0.00, real=0.03 secs] 
2021-05-22T17:38:19.446+0800: 720451.098: [GC (Allocation Failure) [PSYoungGen: 509792K->9760K(509952K)] 975451K->486204K(1034240K), 0.0577133 secs] [Times: user=0.07 sys=0.00, real=0.06 secs] 
2021-05-22T17:42:53.818+0800: 720725.470: [GC (Allocation Failure) [PSYoungGen: 505376K->11072K(509952K)] 981820K->495566K(1034240K), 0.0265240 secs] [Times: user=0.07 sys=0.00, real=0.03 secs] 
2021-05-22T17:47:33.669+0800: 721005.321: [GC (Allocation Failure) [PSYoungGen: 506688K->10592K(510464K)] 991182K->503457K(1034752K), 0.0248843 secs] [Times: user=0.08 sys=0.00, real=0.03 secs] 
2021-05-22T17:52:09.779+0800: 721281.431: [GC (Allocation Failure) [PSYoungGen: 507232K->10016K(510464K)] 1000097K->511570K(1034752K), 0.0436639 secs] [Times: user=0.09 sys=0.00, real=0.05 secs] 
2021-05-22T17:56:46.307+0800: 721557.959: [GC (Allocation Failure) [PSYoungGen: 506656K->10272K(510464K)] 1008210K->519325K(1034752K), 0.0256699 secs] [Times: user=0.03 sys=0.03, real=0.03 secs] 
2021-05-22T18:01:24.877+0800: 721836.529: [GC (Allocation Failure) [PSYoungGen: 506912K->8672K(510464K)] 1015965K->526022K(1034752K), 0.0350243 secs] [Times: user=0.07 sys=0.00, real=0.03 secs] 
2021-05-22T18:01:24.912+0800: 721836.564: [Full GC (Ergonomics) [PSYoungGen: 8672K->0K(510464K)] [ParOldGen: 517350K->295108K(524288K)] 526022K->295108K(1034752K), [Metaspace: 95495K->95495K(1136640K)], 0.4463838 secs] [Times: user=1.00 sys=0.00, real=0.44 secs] 
2021-05-22T18:06:03.742+0800: 722115.394: [GC (Allocation Failure) [PSYoungGen: 496640K->12064K(510464K)] 791748K->307172K(1034752K), 0.0215789 secs] [Times: user=0.06 sys=0.00, real=0.03 secs] 
2021-05-22T18:10:37.078+0800: 722388.730: [GC (Allocation Failure) [PSYoungGen: 508704K->11936K(508928K)] 803812K->316541K(1033216K), 0.0301140 secs] [Times: user=0.03 sys=0.04, real=0.03 secs] 
2021-05-22T18:15:14.882+0800: 722666.535: [GC (Allocation Failure) [PSYoungGen: 508576K->8832K(509952K)] 813181K->322744K(1034240K), 0.0236313 secs] [Times: user=0.03 sys=0.03, real=0.02 secs] 
2021-05-22T18:19:49.855+0800: 722941.507: [GC (Allocation Failure) [PSYoungGen: 504448K->10496K(509952K)] 818360K->331161K(1034240K), 0.0342617 secs] [Times: user=0.06 sys=0.00, real=0.03 secs] 
2021-05-22T18:24:25.246+0800: 723216.898: [GC (Allocation Failure) [PSYoungGen: 506112K->10112K(510464K)] 826777K->338865K(1034752K), 0.0234361 secs] [Times: user=0.03 sys=0.04, real=0.02 secs] 
2021-05-22T18:29:05.564+0800: 723497.216: [GC (Allocation Failure) [PSYoungGen: 506752K->10720K(510464K)] 835505K->347539K(1034752K), 0.0245756 secs] [Times: user=0.07 sys=0.00, real=0.02 secs] 
2021-05-22T18:33:47.474+0800: 723779.126: [GC (Allocation Failure) [PSYoungGen: 507360K->9056K(510976K)] 844179K->353991K(1035264K), 0.0270078 secs] [Times: user=0.04 sys=0.03, real=0.02 secs] 
2021-05-22T18:38:21.322+0800: 724052.974: [GC (Allocation Failure) [PSYoungGen: 506720K->10880K(510976K)] 851655K->363122K(1035264K), 0.0287838 secs] [Times: user=0.07 sys=0.00, real=0.03 secs] 
2021-05-22T18:43:00.992+0800: 724332.644: [GC (Allocation Failure) [PSYoungGen: 508544K->6368K(509952K)] 860786K->366035K(1034240K), 0.0243161 secs] [Times: user=0.04 sys=0.03, real=0.03 secs] 
2021-05-22T18:47:37.182+0800: 724608.834: [GC (Allocation Failure) [PSYoungGen: 503008K->11616K(510464K)] 862675K->375976K(1034752K), 0.0238654 secs] [Times: user=0.07 sys=0.00, real=0.03 secs] 
2021-05-22T18:52:17.352+0800: 724889.004: [GC (Allocation Failure) [PSYoungGen: 508256K->10240K(510464K)] 872616K->384000K(1034752K), 0.0261097 secs] [Times: user=0.03 sys=0.05, real=0.02 secs] 
2021-05-22T18:56:52.737+0800: 725164.389: [GC (Allocation Failure) [PSYoungGen: 506880K->11584K(510464K)] 880640K->393403K(1034752K), 0.0293826 secs] [Times: user=0.07 sys=0.00, real=0.03 secs] 
2021-05-22T19:01:28.028+0800: 725439.680: [GC (Allocation Failure) [PSYoungGen: 508224K->11744K(510464K)] 890043K->402406K(1034752K), 0.0296829 secs] [Times: user=0.08 sys=0.00, real=0.03 secs] 
2021-05-22T19:06:06.270+0800: 725717.922: [GC (Allocation Failure) [PSYoungGen: 508384K->11218K(510464K)] 899046K->411114K(1034752K), 0.0254994 secs] [Times: user=0.08 sys=0.00, real=0.03 secs] 
2021-05-22T19:10:43.705+0800: 725995.357: [GC (Allocation Failure) [PSYoungGen: 507858K->10624K(510464K)] 907754K->418980K(1034752K), 0.0260751 secs] [Times: user=0.02 sys=0.04, real=0.02 secs] 
2021-05-22T19:15:19.042+0800: 726270.694: [GC (Allocation Failure) [PSYoungGen: 507264K->9504K(510464K)] 915620K->426038K(1034752K), 0.0259737 secs] [Times: user=0.04 sys=0.04, real=0.03 secs] 
2021-05-22T19:19:54.375+0800: 726546.027: [GC (Allocation Failure) [PSYoungGen: 506144K->11392K(509952K)] 922678K->435257K(1034240K), 0.0327536 secs] [Times: user=0.03 sys=0.05, real=0.03 secs] 
2021-05-22T19:24:29.798+0800: 726821.450: [GC (Allocation Failure) [PSYoungGen: 508032K->10880K(510464K)] 931897K->443395K(1034752K), 0.0282331 secs] [Times: user=0.03 sys=0.04, real=0.03 secs] 
2021-05-22T19:29:07.228+0800: 727098.880: [GC (Allocation Failure) [PSYoungGen: 507520K->10368K(510976K)] 940035K->451565K(1035264K), 0.0223848 secs] [Times: user=0.03 sys=0.04, real=0.02 secs] 
2021-05-22T19:33:44.969+0800: 727376.621: [GC (Allocation Failure) [PSYoungGen: 508032K->9280K(510976K)] 949229K->458911K(1035264K), 0.0242890 secs] [Times: user=0.03 sys=0.04, real=0.03 secs] 
2021-05-22T19:38:20.802+0800: 727652.454: [GC (Allocation Failure) [PSYoungGen: 506944K->11904K(510976K)] 956575K->468461K(1035264K), 0.0289047 secs] [Times: user=0.04 sys=0.04, real=0.03 secs] 
2021-05-22T19:42:54.109+0800: 727925.761: [GC (Allocation Failure) [PSYoungGen: 509568K->13088K(510976K)] 966125K->478465K(1035264K), 0.0272976 secs] [Times: user=0.04 sys=0.04, real=0.03 secs] 
2021-05-22T19:47:30.191+0800: 728201.843: [GC (Allocation Failure) [PSYoungGen: 510752K->10816K(509952K)] 976129K->486713K(1034240K), 0.0263831 secs] [Times: user=0.03 sys=0.04, real=0.03 secs] 
2021-05-22T19:52:04.858+0800: 728476.510: [GC (Allocation Failure) [PSYoungGen: 507456K->11904K(510464K)] 983353K->495693K(1034752K), 0.0250114 secs] [Times: user=0.08 sys=0.00, real=0.03 secs] 
2021-05-22T19:56:44.927+0800: 728756.579: [GC (Allocation Failure) [PSYoungGen: 508544K->11552K(510464K)] 992333K->505054K(1034752K), 0.0302102 secs] [Times: user=0.09 sys=0.00, real=0.03 secs] 
2021-05-22T20:01:17.762+0800: 729029.415: [GC (Allocation Failure) [PSYoungGen: 508192K->11360K(510464K)] 1001694K->513352K(1034752K), 0.0282899 secs] [Times: user=0.04 sys=0.04, real=0.02 secs] 
2021-05-22T20:05:53.613+0800: 729305.265: [GC (Allocation Failure) [PSYoungGen: 507996K->13792K(502272K)] 1009988K->525380K(1026560K), 0.0321034 secs] [Times: user=0.04 sys=0.04, real=0.03 secs] 
2021-05-22T20:10:27.921+0800: 729579.573: [GC (Allocation Failure) [PSYoungGen: 502240K->11808K(506368K)] 1013828K->534428K(1030656K), 0.0256519 secs] [Times: user=0.03 sys=0.04, real=0.03 secs] 
2021-05-22T20:10:27.947+0800: 729579.599: [Full GC (Ergonomics) [PSYoungGen: 11808K->0K(506368K)] [ParOldGen: 522620K->301287K(524288K)] 534428K->301287K(1030656K), [Metaspace: 95496K->95492K(1136640K)], 0.4895058 secs] [Times: user=1.03 sys=0.00, real=0.49 secs] 
2021-05-22T20:15:03.888+0800: 729855.540: [GC (Allocation Failure) [PSYoungGen: 488448K->11712K(506880K)] 789735K->312999K(1031168K), 0.0256132 secs] [Times: user=0.03 sys=0.03, real=0.03 secs] 
2021-05-22T20:19:39.024+0800: 730130.676: [GC (Allocation Failure) [PSYoungGen: 501184K->12192K(506880K)] 802471K->323106K(1031168K), 0.0252169 secs] [Times: user=0.04 sys=0.04, real=0.02 secs] 
2021-05-22T20:24:14.570+0800: 730406.223: [GC (Allocation Failure) [PSYoungGen: 501657K->9280K(507392K)] 812572K->329164K(1031680K), 0.0340145 secs] [Times: user=0.08 sys=0.00, real=0.04 secs] 
2021-05-22T20:28:51.796+0800: 730683.448: [GC (Allocation Failure) [PSYoungGen: 499776K->9408K(507392K)] 819660K->337102K(1031680K), 0.0293427 secs] [Times: user=0.04 sys=0.05, real=0.03 secs] 
2021-05-22T20:33:28.686+0800: 730960.338: [GC (Allocation Failure) [PSYoungGen: 499904K->9376K(507392K)] 827598K->344640K(1031680K), 0.0379954 secs] [Times: user=0.08 sys=0.00, real=0.04 secs] 
2021-05-22T20:38:05.456+0800: 731237.108: [GC (Allocation Failure) [PSYoungGen: 499872K->10880K(507392K)] 835136K->353428K(1031680K), 0.0276741 secs] [Times: user=0.09 sys=0.00, real=0.03 secs] 
2021-05-22T20:42:36.292+0800: 731507.944: [GC (Allocation Failure) [PSYoungGen: 501376K->11872K(508416K)] 843924K->363574K(1032704K), 0.0300217 secs] [Times: user=0.04 sys=0.04, real=0.04 secs] 
2021-05-22T20:47:13.252+0800: 731784.904: [GC (Allocation Failure) [PSYoungGen: 503904K->12800K(507904K)] 855606K->374034K(1032192K), 0.0325960 secs] [Times: user=0.04 sys=0.05, real=0.04 secs] 
2021-05-22T20:51:48.602+0800: 732060.254: [GC (Allocation Failure) [PSYoungGen: 504832K->12192K(508416K)] 866066K->383971K(1032704K), 0.0313766 secs] [Times: user=0.04 sys=0.05, real=0.04 secs] 
2021-05-22T20:56:23.775+0800: 732335.427: [GC (Allocation Failure) [PSYoungGen: 504736K->9984K(508416K)] 876515K->391700K(1032704K), 0.0253259 secs] [Times: user=0.04 sys=0.03, real=0.02 secs] 
2021-05-22T21:01:02.293+0800: 732613.945: [GC (Allocation Failure) [PSYoungGen: 502528K->11552K(508928K)] 884244K->401247K(1033216K), 0.0288804 secs] [Times: user=0.03 sys=0.05, real=0.03 secs] 
2021-05-22T21:05:39.133+0800: 732890.785: [GC (Allocation Failure) [PSYoungGen: 504608K->9888K(508416K)] 894303K->408584K(1032704K), 0.0280429 secs] [Times: user=0.04 sys=0.04, real=0.02 secs] 
2021-05-22T21:10:13.722+0800: 733165.374: [GC (Allocation Failure) [PSYoungGen: 502944K->8032K(508928K)] 901640K->414808K(1033216K), 0.0304052 secs] [Times: user=0.04 sys=0.04, real=0.03 secs] 
2021-05-22T21:14:53.763+0800: 733445.415: [GC (Allocation Failure) [PSYoungGen: 501600K->9216K(508928K)] 908376K->422060K(1033216K), 0.0229868 secs] [Times: user=0.03 sys=0.03, real=0.02 secs] 
2021-05-22T21:19:28.182+0800: 733719.834: [GC (Allocation Failure) [PSYoungGen: 502784K->11360K(508928K)] 915628K->431111K(1033216K), 0.0239961 secs] [Times: user=0.03 sys=0.03, real=0.03 secs] 
2021-05-22T21:24:04.431+0800: 733996.083: [GC (Allocation Failure) [PSYoungGen: 504928K->10272K(508928K)] 924679K->439121K(1033216K), 0.0295076 secs] [Times: user=0.04 sys=0.05, real=0.03 secs] 
2021-05-22T21:28:39.784+0800: 734271.436: [GC (Allocation Failure) [PSYoungGen: 503840K->11584K(509440K)] 932689K->448172K(1033728K), 0.0299280 secs] [Times: user=0.04 sys=0.05, real=0.03 secs] 
2021-05-22T21:33:20.096+0800: 734551.748: [GC (Allocation Failure) [PSYoungGen: 506176K->11168K(509440K)] 942764K->456879K(1033728K), 0.0285825 secs] [Times: user=0.03 sys=0.04, real=0.03 secs] 
2021-05-22T21:37:55.856+0800: 734827.508: [GC (Allocation Failure) [PSYoungGen: 505760K->9088K(509952K)] 951471K->463289K(1034240K), 0.0264124 secs] [Times: user=0.08 sys=0.00, real=0.03 secs] 
2021-05-22T21:42:34.119+0800: 735105.771: [GC (Allocation Failure) [PSYoungGen: 504704K->12192K(507904K)] 958905K->473205K(1032192K), 0.0281170 secs] [Times: user=0.09 sys=0.00, real=0.03 secs] 
2021-05-22T21:47:10.981+0800: 735382.633: [GC (Allocation Failure) [PSYoungGen: 507808K->12512K(509440K)] 968821K->482415K(1033728K), 0.0409402 secs] [Times: user=0.04 sys=0.05, real=0.05 secs] 
2021-05-22T21:51:50.607+0800: 735662.259: [GC (Allocation Failure) [PSYoungGen: 507104K->9536K(509440K)] 977007K->488970K(1033728K), 0.0296794 secs] [Times: user=0.04 sys=0.04, real=0.03 secs] 
2021-05-22T21:56:26.848+0800: 735938.500: [GC (Allocation Failure) [PSYoungGen: 504128K->9216K(509440K)] 983562K->496659K(1033728K), 0.0287075 secs] [Times: user=0.08 sys=0.00, real=0.03 secs] 
2021-05-22T22:01:06.011+0800: 736217.663: [GC (Allocation Failure) [PSYoungGen: 503808K->8352K(509440K)] 991251K->503166K(1033728K), 0.0236736 secs] [Times: user=0.04 sys=0.04, real=0.03 secs] 
2021-05-22T22:05:42.580+0800: 736494.232: [GC (Allocation Failure) [PSYoungGen: 502944K->12128K(509440K)] 997758K->513553K(1033728K), 0.0272138 secs] [Times: user=0.08 sys=0.00, real=0.03 secs] 
2021-05-22T22:10:17.883+0800: 736769.535: [GC (Allocation Failure) [PSYoungGen: 506720K->13184K(507904K)] 1008145K->523613K(1032192K), 0.0290968 secs] [Times: user=0.03 sys=0.04, real=0.02 secs] 
2021-05-22T22:14:56.119+0800: 737047.771: [GC (Allocation Failure) [PSYoungGen: 507776K->10368K(508928K)] 1018205K->530709K(1033216K), 0.0249565 secs] [Times: user=0.04 sys=0.03, real=0.03 secs] 
2021-05-22T22:14:56.145+0800: 737047.797: [Full GC (Ergonomics) [PSYoungGen: 10368K->0K(508928K)] [ParOldGen: 520341K->296092K(524288K)] 530709K->296092K(1033216K), [Metaspace: 95496K->95492K(1136640K)], 0.5078908 secs] [Times: user=1.08 sys=0.00, real=0.51 secs] 
2021-05-22T22:19:33.511+0800: 737325.163: [GC (Allocation Failure) [PSYoungGen: 493568K->9216K(508928K)] 789660K->305308K(1033216K), 0.0214905 secs] [Times: user=0.02 sys=0.04, real=0.03 secs] 
2021-05-22T22:24:11.197+0800: 737602.849: [GC (Allocation Failure) [PSYoungGen: 502784K->11488K(509440K)] 798876K->315439K(1033728K), 0.0251294 secs] [Times: user=0.06 sys=0.00, real=0.03 secs] 
2021-05-22T22:28:49.165+0800: 737880.817: [GC (Allocation Failure) [PSYoungGen: 506080K->9184K(509440K)] 810031K->321872K(1033728K), 0.0242035 secs] [Times: user=0.04 sys=0.04, real=0.02 secs] 
2021-05-22T22:33:27.672+0800: 738159.324: [GC (Allocation Failure) [PSYoungGen: 503776K->10016K(509952K)] 816464K->330460K(1034240K), 0.0514791 secs] [Times: user=0.07 sys=0.00, real=0.06 secs] 
2021-05-22T22:38:07.932+0800: 738439.584: [GC (Allocation Failure) [PSYoungGen: 505120K->11648K(509440K)] 825564K->339408K(1033728K), 0.0291741 secs] [Times: user=0.04 sys=0.03, real=0.02 secs] 
2021-05-22T22:42:47.066+0800: 738718.718: [GC (Allocation Failure) [PSYoungGen: 506752K->11008K(509952K)] 834512K->347795K(1034240K), 0.0263963 secs] [Times: user=0.07 sys=0.00, real=0.03 secs] 
2021-05-22T22:47:28.260+0800: 738999.912: [GC (Allocation Failure) [PSYoungGen: 506624K->9632K(509952K)] 843411K->355396K(1034240K), 0.0241076 secs] [Times: user=0.04 sys=0.04, real=0.03 secs] 
2021-05-22T22:52:01.445+0800: 739273.098: [GC (Allocation Failure) [PSYoungGen: 505248K->10496K(510464K)] 851012K->364047K(1034752K), 0.0237296 secs] [Times: user=0.03 sys=0.04, real=0.02 secs] 
2021-05-22T22:56:40.414+0800: 739552.066: [GC (Allocation Failure) [PSYoungGen: 506624K->8928K(509952K)] 860175K->370497K(1034240K), 0.0228316 secs] [Times: user=0.06 sys=0.00, real=0.02 secs] 
2021-05-22T23:01:16.644+0800: 739828.296: [GC (Allocation Failure) [PSYoungGen: 505056K->12224K(509440K)] 866625K->380303K(1033728K), 0.0358306 secs] [Times: user=0.08 sys=0.00, real=0.03 secs] 
2021-05-22T23:05:57.001+0800: 740108.653: [GC (Allocation Failure) [PSYoungGen: 507840K->12032K(509952K)] 875919K->389529K(1034240K), 0.0263291 secs] [Times: user=0.07 sys=0.00, real=0.03 secs] 
2021-05-22T23:10:35.120+0800: 740386.772: [GC (Allocation Failure) [PSYoungGen: 507648K->13536K(508928K)] 885145K->400147K(1033216K), 0.0269582 secs] [Times: user=0.04 sys=0.05, real=0.03 secs] 
2021-05-22T23:15:14.180+0800: 740665.832: [GC (Allocation Failure) [PSYoungGen: 508128K->9216K(509440K)] 894739K->406587K(1033728K), 0.0214310 secs] [Times: user=0.03 sys=0.04, real=0.02 secs] 
2021-05-22T23:19:57.649+0800: 740949.302: [GC (Allocation Failure) [PSYoungGen: 503808K->9120K(509440K)] 901179K->414117K(1033728K), 0.0231866 secs] [Times: user=0.03 sys=0.04, real=0.03 secs] 
2021-05-22T23:24:33.480+0800: 741225.132: [GC (Allocation Failure) [PSYoungGen: 503712K->8896K(509440K)] 908709K->421193K(1033728K), 0.0297679 secs] [Times: user=0.03 sys=0.04, real=0.03 secs] 
2021-05-22T23:29:13.793+0800: 741505.445: [GC (Allocation Failure) [PSYoungGen: 503488K->9344K(509952K)] 915785K->428523K(1034240K), 0.0253006 secs] [Times: user=0.03 sys=0.04, real=0.02 secs] 
2021-05-22T23:33:44.806+0800: 741776.458: [GC (Allocation Failure) [PSYoungGen: 504448K->10496K(509440K)] 923627K->437183K(1033728K), 0.0259355 secs] [Times: user=0.07 sys=0.00, real=0.02 secs] 
2021-05-22T23:38:24.844+0800: 742056.496: [GC (Allocation Failure) [PSYoungGen: 505600K->10752K(510464K)] 932287K->445601K(1034752K), 0.0259834 secs] [Times: user=0.04 sys=0.04, real=0.02 secs] 
2021-05-22T23:43:05.090+0800: 742336.742: [GC (Allocation Failure) [PSYoungGen: 506880K->9376K(509952K)] 941729K->453058K(1034240K), 0.0269128 secs] [Times: user=0.08 sys=0.00, real=0.03 secs] 
2021-05-22T23:47:44.132+0800: 742615.784: [GC (Allocation Failure) [PSYoungGen: 505504K->10016K(510464K)] 949186K->460726K(1034752K), 0.0539931 secs] [Times: user=0.11 sys=0.00, real=0.06 secs] 
2021-05-22T23:52:23.588+0800: 742895.240: [GC (Allocation Failure) [PSYoungGen: 506656K->11424K(510464K)] 957366K->470233K(1034752K), 0.1547396 secs] [Times: user=0.05 sys=0.05, real=0.16 secs] 
2021-05-22T23:57:01.622+0800: 743173.274: [GC (Allocation Failure) [PSYoungGen: 508064K->10016K(510976K)] 966873K->477852K(1035264K), 0.0457778 secs] [Times: user=0.10 sys=0.00, real=0.05 secs] 
2021-05-23T00:01:30.076+0800: 743441.728: [GC (Allocation Failure) [PSYoungGen: 507168K->10752K(510464K)] 975004K->486102K(1034752K), 0.0298687 secs] [Times: user=0.04 sys=0.04, real=0.03 secs] 
2021-05-23T00:06:04.950+0800: 743716.602: [GC (Allocation Failure) [PSYoungGen: 507904K->11168K(510976K)] 983254K->494200K(1035264K), 0.0312156 secs] [Times: user=0.04 sys=0.04, real=0.03 secs] 
2021-05-23T00:10:43.050+0800: 743994.702: [GC (Allocation Failure) [PSYoungGen: 508832K->10592K(510976K)] 991864K->502616K(1035264K), 0.0315334 secs] [Times: user=0.08 sys=0.00, real=0.03 secs] 
2021-05-23T00:15:19.875+0800: 744271.527: [GC (Allocation Failure) [PSYoungGen: 508256K->10624K(511488K)] 1000280K->510036K(1035776K), 0.0334220 secs] [Times: user=0.09 sys=0.00, real=0.03 secs] 
2021-05-23T00:19:58.616+0800: 744550.268: [GC (Allocation Failure) [PSYoungGen: 508800K->9600K(510976K)] 1008212K->517565K(1035264K), 0.0282019 secs] [Times: user=0.07 sys=0.00, real=0.03 secs] 
2021-05-23T00:24:38.978+0800: 744830.630: [GC (Allocation Failure) [PSYoungGen: 507776K->9536K(511488K)] 1015741K->524871K(1035776K), 0.0243621 secs] [Times: user=0.08 sys=0.00, real=0.03 secs] 
2021-05-23T00:24:39.003+0800: 744830.655: [Full GC (Ergonomics) [PSYoungGen: 9536K->0K(511488K)] [ParOldGen: 515335K->293591K(524288K)] 524871K->293591K(1035776K), [Metaspace: 95498K->95498K(1136640K)], 0.5618269 secs] [Times: user=1.02 sys=0.00, real=0.56 secs] 
2021-05-23T00:29:19.711+0800: 745111.363: [GC (Allocation Failure) [PSYoungGen: 498688K->11296K(511488K)] 792279K->304887K(1035776K), 0.0209013 secs] [Times: user=0.03 sys=0.03, real=0.02 secs] 
2021-05-23T00:33:59.846+0800: 745391.498: [GC (Allocation Failure) [PSYoungGen: 509984K->9280K(511488K)] 803575K->312734K(1035776K), 0.0339888 secs] [Times: user=0.04 sys=0.05, real=0.03 secs] 
2021-05-23T00:38:39.627+0800: 745671.279: [GC (Allocation Failure) [PSYoungGen: 507968K->8896K(511488K)] 811422K->320168K(1035776K), 0.0237241 secs] [Times: user=0.03 sys=0.03, real=0.02 secs] 
2021-05-23T00:43:15.924+0800: 745947.576: [GC (Allocation Failure) [PSYoungGen: 507584K->10368K(511488K)] 818856K->328531K(1035776K), 0.0259209 secs] [Times: user=0.04 sys=0.03, real=0.02 secs] 
2021-05-23T00:47:52.537+0800: 746224.189: [GC (Allocation Failure) [PSYoungGen: 509056K->7104K(511488K)] 827219K->333556K(1035776K), 0.0274721 secs] [Times: user=0.05 sys=0.05, real=0.03 secs] 
2021-05-23T00:52:32.080+0800: 746503.732: [GC (Allocation Failure) [PSYoungGen: 505792K->9088K(511488K)] 832244K->341408K(1035776K), 0.0334564 secs] [Times: user=0.03 sys=0.04, real=0.04 secs] 
2021-05-23T00:57:11.474+0800: 746783.126: [GC (Allocation Failure) [PSYoungGen: 507776K->10336K(511488K)] 840096K->349756K(1035776K), 0.0277737 secs] [Times: user=0.04 sys=0.04, real=0.02 secs] 
2021-05-23T01:01:48.538+0800: 747060.190: [GC (Allocation Failure) [PSYoungGen: 509024K->9312K(511488K)] 848444K->357237K(1035776K), 0.0257425 secs] [Times: user=0.07 sys=0.00, real=0.03 secs] 
2021-05-23T01:06:18.674+0800: 747330.326: [GC (Allocation Failure) [PSYoungGen: 508000K->7904K(511488K)] 855925K->362751K(1035776K), 0.0271418 secs] [Times: user=0.04 sys=0.04, real=0.02 secs] 
2021-05-23T01:10:55.522+0800: 747607.174: [GC (Allocation Failure) [PSYoungGen: 506592K->12736K(510464K)] 861439K->373486K(1034752K), 0.0332189 secs] [Times: user=0.04 sys=0.04, real=0.04 secs] 
2021-05-23T01:15:34.275+0800: 747885.927: [GC (Allocation Failure) [PSYoungGen: 510400K->10336K(510976K)] 871150K->380761K(1035264K), 0.0226117 secs] [Times: user=0.04 sys=0.04, real=0.02 secs] 
2021-05-23T01:20:10.857+0800: 748162.509: [GC (Allocation Failure) [PSYoungGen: 508000K->12000K(509952K)] 878425K->391202K(1034240K), 0.0212548 secs] [Times: user=0.03 sys=0.04, real=0.02 secs] 
2021-05-23T01:24:51.139+0800: 748442.791: [GC (Allocation Failure) [PSYoungGen: 508640K->8928K(510464K)] 887842K->397748K(1034752K), 0.0235610 secs] [Times: user=0.07 sys=0.00, real=0.03 secs] 
2021-05-23T01:29:34.860+0800: 748726.513: [GC (Allocation Failure) [PSYoungGen: 505568K->11840K(510464K)] 894388K->407409K(1034752K), 0.0572785 secs] [Times: user=0.07 sys=0.00, real=0.06 secs] 
2021-05-23T01:34:12.190+0800: 749003.842: [GC (Allocation Failure) [PSYoungGen: 508480K->10912K(510464K)] 904049K->416764K(1034752K), 0.0226907 secs] [Times: user=0.03 sys=0.03, real=0.03 secs] 
2021-05-23T01:38:51.843+0800: 749283.495: [GC (Allocation Failure) [PSYoungGen: 507552K->12704K(509440K)] 913404K->427230K(1033728K), 0.0230714 secs] [Times: user=0.07 sys=0.00, real=0.02 secs] 
2021-05-23T01:43:31.720+0800: 749563.372: [GC (Allocation Failure) [PSYoungGen: 508320K->11904K(507904K)] 922846K->436359K(1032192K), 0.0243540 secs] [Times: user=0.03 sys=0.04, real=0.03 secs] 
2021-05-23T01:48:02.886+0800: 749834.538: [GC (Allocation Failure) [PSYoungGen: 507520K->13344K(508416K)] 931975K->447090K(1032704K), 0.0272829 secs] [Times: user=0.08 sys=0.00, real=0.03 secs] 
2021-05-23T01:52:42.494+0800: 750114.146: [GC (Allocation Failure) [PSYoungGen: 506912K->9792K(508928K)] 940658K->453148K(1033216K), 0.0273500 secs] [Times: user=0.04 sys=0.03, real=0.02 secs] 
2021-05-23T01:57:23.498+0800: 750395.150: [GC (Allocation Failure) [PSYoungGen: 503360K->9472K(509440K)] 946716K->460600K(1033728K), 0.0229211 secs] [Times: user=0.07 sys=0.00, real=0.02 secs] 
2021-05-23T02:01:58.004+0800: 750669.656: [GC (Allocation Failure) [PSYoungGen: 504064K->10944K(509440K)] 955192K->470098K(1033728K), 0.0281530 secs] [Times: user=0.04 sys=0.03, real=0.03 secs] 
2021-05-23T02:06:34.362+0800: 750946.014: [GC (Allocation Failure) [PSYoungGen: 505536K->9824K(509952K)] 964690K->477491K(1034240K), 0.0263032 secs] [Times: user=0.08 sys=0.00, real=0.03 secs] 
2021-05-23T02:11:13.816+0800: 751225.468: [GC (Allocation Failure) [PSYoungGen: 505440K->8832K(509952K)] 973107K->483735K(1034240K), 0.0217225 secs] [Times: user=0.03 sys=0.03, real=0.02 secs] 
2021-05-23T02:15:45.660+0800: 751497.312: [GC (Allocation Failure) [PSYoungGen: 504448K->8800K(509952K)] 979351K->490834K(1034240K), 0.0353980 secs] [Times: user=0.05 sys=0.05, real=0.04 secs] 
2021-05-23T02:20:24.626+0800: 751776.278: [GC (Allocation Failure) [PSYoungGen: 504416K->11968K(509952K)] 986450K->499934K(1034240K), 0.0274944 secs] [Times: user=0.04 sys=0.04, real=0.03 secs] 
2021-05-23T02:25:00.677+0800: 752052.329: [GC (Allocation Failure) [PSYoungGen: 507584K->11328K(509952K)] 995550K->508640K(1034240K), 0.0291370 secs] [Times: user=0.05 sys=0.05, real=0.03 secs] 
2021-05-23T02:29:33.173+0800: 752324.825: [GC (Allocation Failure) [PSYoungGen: 506944K->10912K(509952K)] 1004256K->517277K(1034240K), 0.0227080 secs] [Times: user=0.08 sys=0.00, real=0.02 secs] 
2021-05-23T02:34:13.779+0800: 752605.431: [GC (Allocation Failure) [PSYoungGen: 506528K->9984K(510464K)] 1012893K->525246K(1034752K), 0.0218965 secs] [Times: user=0.04 sys=0.03, real=0.02 secs] 
2021-05-23T02:34:13.801+0800: 752605.453: [Full GC (Ergonomics) [PSYoungGen: 9984K->0K(510464K)] [ParOldGen: 515262K->296575K(524288K)] 525246K->296575K(1034752K), [Metaspace: 95503K->95500K(1136640K)], 0.4325575 secs] [Times: user=0.94 sys=0.00, real=0.44 secs] 
2021-05-23T02:38:50.769+0800: 752882.421: [GC (Allocation Failure) [PSYoungGen: 496128K->10592K(509952K)] 792703K->307167K(1034240K), 0.0644170 secs] [Times: user=0.03 sys=0.03, real=0.07 secs] 
2021-05-23T02:43:24.377+0800: 753156.029: [GC (Allocation Failure) [PSYoungGen: 506720K->13792K(503296K)] 803295K->318401K(1027584K), 0.0242461 secs] [Times: user=0.03 sys=0.03, real=0.02 secs] 
2021-05-23T02:47:56.904+0800: 753428.556: [GC (Allocation Failure) [PSYoungGen: 503264K->10976K(506880K)] 807873K->327544K(1031168K), 0.0253192 secs] [Times: user=0.04 sys=0.04, real=0.02 secs] 
2021-05-23T02:52:30.104+0800: 753701.756: [GC (Allocation Failure) [PSYoungGen: 500448K->11296K(507904K)] 817016K->336468K(1032192K), 0.0247023 secs] [Times: user=0.04 sys=0.04, real=0.02 secs] 
2021-05-23T02:57:06.693+0800: 753978.345: [GC (Allocation Failure) [PSYoungGen: 502304K->9344K(507392K)] 827476K->343316K(1031680K), 0.0236445 secs] [Times: user=0.04 sys=0.04, real=0.02 secs] 
2021-05-23T03:01:39.610+0800: 754251.262: [GC (Allocation Failure) [PSYoungGen: 500352K->10208K(507904K)] 834324K->351679K(1032192K), 0.0297482 secs] [Times: user=0.07 sys=0.00, real=0.03 secs] 
2021-05-23T03:06:14.661+0800: 754526.313: [GC (Allocation Failure) [PSYoungGen: 501728K->10720K(507904K)] 843199K->360186K(1032192K), 0.0403659 secs] [Times: user=0.04 sys=0.04, real=0.04 secs] 
2021-05-23T03:10:51.219+0800: 754802.871: [GC (Allocation Failure) [PSYoungGen: 502240K->9056K(508416K)] 851706K->367236K(1032704K), 0.0662245 secs] [Times: user=0.07 sys=0.00, real=0.07 secs] 
2021-05-23T03:15:26.916+0800: 755078.568: [GC (Allocation Failure) [PSYoungGen: 501600K->10048K(508416K)] 859780K->374208K(1032704K), 0.0244049 secs] [Times: user=0.03 sys=0.03, real=0.02 secs] 
2021-05-23T03:19:59.806+0800: 755351.458: [GC (Allocation Failure) [PSYoungGen: 502592K->11168K(508928K)] 866752K->383618K(1033216K), 0.0293515 secs] [Times: user=0.03 sys=0.04, real=0.03 secs] 
2021-05-23T03:24:35.534+0800: 755627.186: [GC (Allocation Failure) [PSYoungGen: 504736K->9696K(508928K)] 877186K->391116K(1033216K), 0.0300009 secs] [Times: user=0.03 sys=0.04, real=0.03 secs] 
2021-05-23T03:29:11.873+0800: 755903.525: [GC (Allocation Failure) [PSYoungGen: 503264K->10560K(509952K)] 884684K->399263K(1034240K), 0.0256750 secs] [Times: user=0.08 sys=0.00, real=0.02 secs] 
2021-05-23T03:33:49.957+0800: 756181.609: [GC (Allocation Failure) [PSYoungGen: 505664K->11008K(509440K)] 894367K->409159K(1033728K), 0.0271207 secs] [Times: user=0.04 sys=0.04, real=0.03 secs] 
2021-05-23T03:38:30.032+0800: 756461.685: [GC (Allocation Failure) [PSYoungGen: 506112K->11840K(509952K)] 904263K->417922K(1034240K), 0.0290777 secs] [Times: user=0.04 sys=0.04, real=0.02 secs] 
2021-05-23T03:43:07.320+0800: 756738.972: [GC (Allocation Failure) [PSYoungGen: 507456K->10240K(509952K)] 913538K->425092K(1034240K), 0.0483086 secs] [Times: user=0.04 sys=0.03, real=0.05 secs] 
2021-05-23T03:47:46.733+0800: 757018.385: [GC (Allocation Failure) [PSYoungGen: 505856K->10688K(510464K)] 920708K->432721K(1034752K), 0.0418380 secs] [Times: user=0.03 sys=0.03, real=0.04 secs] 
2021-05-23T03:52:25.136+0800: 757296.788: [GC (Allocation Failure) [PSYoungGen: 506816K->11232K(509952K)] 928849K->441739K(1034240K), 0.0228512 secs] [Times: user=0.03 sys=0.04, real=0.02 secs] 
2021-05-23T03:57:02.831+0800: 757574.483: [GC (Allocation Failure) [PSYoungGen: 507360K->8576K(510464K)] 937867K->447924K(1034752K), 0.0218588 secs] [Times: user=0.03 sys=0.03, real=0.03 secs] 
2021-05-23T04:01:38.078+0800: 757849.730: [GC (Allocation Failure) [PSYoungGen: 505216K->9728K(510464K)] 944564K->456276K(1034752K), 0.0522224 secs] [Times: user=0.04 sys=0.05, real=0.05 secs] 
2021-05-23T04:06:17.918+0800: 758129.571: [GC (Allocation Failure) [PSYoungGen: 506368K->9024K(510464K)] 952916K->462593K(1034752K), 0.0228202 secs] [Times: user=0.07 sys=0.00, real=0.02 secs] 
2021-05-23T04:10:54.400+0800: 758406.052: [GC (Allocation Failure) [PSYoungGen: 505664K->9920K(510464K)] 959233K->471035K(1034752K), 0.0310561 secs] [Times: user=0.04 sys=0.04, real=0.03 secs] 
2021-05-23T04:15:30.493+0800: 758682.145: [GC (Allocation Failure) [PSYoungGen: 506560K->11712K(509952K)] 967675K->479951K(1034240K), 0.0239875 secs] [Times: user=0.07 sys=0.00, real=0.02 secs] 
2021-05-23T04:20:10.162+0800: 758961.814: [GC (Allocation Failure) [PSYoungGen: 508352K->11936K(510464K)] 976591K->488202K(1034752K), 0.0260487 secs] [Times: user=0.03 sys=0.04, real=0.03 secs] 
2021-05-23T04:24:45.194+0800: 759236.846: [GC (Allocation Failure) [PSYoungGen: 508576K->12384K(509440K)] 984842K->497541K(1033728K), 0.0308606 secs] [Times: user=0.04 sys=0.04, real=0.03 secs] 
2021-05-23T04:29:21.535+0800: 759513.187: [GC (Allocation Failure) [PSYoungGen: 508000K->9376K(509952K)] 993157K->504253K(1034240K), 0.0222969 secs] [Times: user=0.07 sys=0.00, real=0.02 secs] 
2021-05-23T04:33:57.219+0800: 759788.871: [GC (Allocation Failure) [PSYoungGen: 504992K->12256K(509952K)] 999869K->514207K(1034240K), 0.0305546 secs] [Times: user=0.08 sys=0.00, real=0.03 secs] 
2021-05-23T04:38:36.320+0800: 760067.972: [GC (Allocation Failure) [PSYoungGen: 507872K->9856K(509952K)] 1009823K->520489K(1034240K), 0.0310622 secs] [Times: user=0.04 sys=0.04, real=0.03 secs] 
2021-05-23T04:43:11.624+0800: 760343.276: [GC (Allocation Failure) [PSYoungGen: 505472K->11168K(509952K)] 1016105K->529533K(1034240K), 0.0260614 secs] [Times: user=0.08 sys=0.00, real=0.02 secs] 
2021-05-23T04:43:11.651+0800: 760343.303: [Full GC (Ergonomics) [PSYoungGen: 11168K->0K(509952K)] [ParOldGen: 518365K->296151K(524288K)] 529533K->296151K(1034240K), [Metaspace: 95503K->95500K(1136640K)], 0.4810081 secs] [Times: user=1.06 sys=0.00, real=0.49 secs] 
2021-05-23T04:47:44.175+0800: 760615.828: [GC (Allocation Failure) [PSYoungGen: 495616K->10880K(509952K)] 791767K->307031K(1034240K), 0.0199500 secs] [Times: user=0.03 sys=0.03, real=0.02 secs] 
2021-05-23T04:52:21.766+0800: 760893.418: [GC (Allocation Failure) [PSYoungGen: 506496K->11744K(510464K)] 802647K->316682K(1034752K), 0.0276617 secs] [Times: user=0.06 sys=0.00, real=0.03 secs] 
2021-05-23T04:57:01.011+0800: 761172.663: [GC (Allocation Failure) [PSYoungGen: 508384K->9984K(510464K)] 813322K->324026K(1034752K), 0.0318057 secs] [Times: user=0.07 sys=0.00, real=0.04 secs] 
2021-05-23T05:01:40.162+0800: 761451.814: [GC (Allocation Failure) [PSYoungGen: 506624K->9632K(510464K)] 820666K->331358K(1034752K), 0.0364103 secs] [Times: user=0.08 sys=0.00, real=0.03 secs] 
2021-05-23T05:06:20.815+0800: 761732.467: [GC (Allocation Failure) [PSYoungGen: 506272K->10592K(510464K)] 827998K->339857K(1034752K), 0.0284013 secs] [Times: user=0.03 sys=0.04, real=0.03 secs] 
2021-05-23T05:11:11.953+0800: 762023.606: [GC (Allocation Failure) [PSYoungGen: 507232K->11808K(509952K)] 836497K->349371K(1034240K), 0.0283884 secs] [Times: user=0.04 sys=0.04, real=0.02 secs] 
2021-05-23T05:16:03.658+0800: 762315.310: [GC (Allocation Failure) [PSYoungGen: 508448K->11808K(510464K)] 846011K->358236K(1034752K), 0.0252915 secs] [Times: user=0.03 sys=0.04, real=0.03 secs] 
2021-05-23T05:20:56.111+0800: 762607.763: [GC (Allocation Failure) [PSYoungGen: 508448K->11584K(510464K)] 854876K->365766K(1034752K), 0.0843261 secs] [Times: user=0.22 sys=0.00, real=0.09 secs] 
2021-05-23T05:25:41.088+0800: 762892.740: [GC (Allocation Failure) [PSYoungGen: 508224K->12704K(509440K)] 862406K->375207K(1033728K), 0.0728846 secs] [Times: user=0.04 sys=0.04, real=0.07 secs] 
2021-05-23T05:30:36.168+0800: 763187.820: [GC (Allocation Failure) [PSYoungGen: 509344K->10752K(510464K)] 871847K->382861K(1034752K), 0.0747851 secs] [Times: user=0.04 sys=0.03, real=0.08 secs] 
2021-05-23T05:35:31.213+0800: 763482.865: [GC (Allocation Failure) [PSYoungGen: 506880K->9952K(509952K)] 878989K->389832K(1034240K), 0.0775364 secs] [Times: user=0.09 sys=0.00, real=0.07 secs] 
2021-05-23T05:40:24.838+0800: 763776.490: [GC (Allocation Failure) [PSYoungGen: 506080K->11264K(510464K)] 885960K->399578K(1034752K), 0.0270815 secs] [Times: user=0.09 sys=0.00, real=0.03 secs] 
2021-05-23T05:45:20.338+0800: 764071.990: [GC (Allocation Failure) [PSYoungGen: 507904K->9152K(510464K)] 896218K->406538K(1034752K), 0.0313906 secs] [Times: user=0.09 sys=0.00, real=0.03 secs] 
2021-05-23T05:50:11.656+0800: 764363.308: [GC (Allocation Failure) [PSYoungGen: 505792K->9568K(510464K)] 903178K->413143K(1034752K), 0.0268360 secs] [Times: user=0.04 sys=0.05, real=0.03 secs] 
2021-05-23T05:55:07.320+0800: 764658.972: [GC (Allocation Failure) [PSYoungGen: 506208K->10592K(510464K)] 909783K->422009K(1034752K), 0.0277220 secs] [Times: user=0.04 sys=0.04, real=0.03 secs] 
2021-05-23T06:00:04.627+0800: 764956.279: [GC (Allocation Failure) [PSYoungGen: 507232K->9632K(510976K)] 918649K->428916K(1035264K), 0.0329867 secs] [Times: user=0.04 sys=0.05, real=0.03 secs] 
2021-05-23T06:05:01.663+0800: 765253.316: [GC (Allocation Failure) [PSYoungGen: 507296K->11456K(510976K)] 926580K->438383K(1035264K), 0.0504720 secs] [Times: user=0.03 sys=0.04, real=0.05 secs] 
2021-05-23T06:09:55.407+0800: 765547.059: [GC (Allocation Failure) [PSYoungGen: 509120K->10368K(510976K)] 936047K->445899K(1035264K), 0.0270688 secs] [Times: user=0.04 sys=0.04, real=0.03 secs] 
2021-05-23T06:14:49.080+0800: 765840.733: [GC (Allocation Failure) [PSYoungGen: 508032K->11232K(510976K)] 943563K->454870K(1035264K), 0.0265447 secs] [Times: user=0.04 sys=0.04, real=0.03 secs] 
2021-05-23T06:19:41.991+0800: 766133.643: [GC (Allocation Failure) [PSYoungGen: 508896K->9088K(510976K)] 952534K->460726K(1035264K), 0.0241535 secs] [Times: user=0.04 sys=0.03, real=0.03 secs] 
2021-05-23T06:24:37.028+0800: 766428.680: [GC (Allocation Failure) [PSYoungGen: 506752K->10624K(510976K)] 958390K->469545K(1035264K), 0.0225052 secs] [Times: user=0.04 sys=0.03, real=0.02 secs] 
2021-05-23T06:29:29.528+0800: 766721.180: [GC (Allocation Failure) [PSYoungGen: 508288K->10016K(511488K)] 967209K->477236K(1035776K), 0.0276909 secs] [Times: user=0.03 sys=0.05, real=0.03 secs] 
2021-05-23T06:34:22.098+0800: 767013.751: [GC (Allocation Failure) [PSYoungGen: 508192K->10048K(510976K)] 975412K->484591K(1035264K), 0.0226766 secs] [Times: user=0.04 sys=0.04, real=0.02 secs] 
2021-05-23T06:39:17.441+0800: 767309.093: [GC (Allocation Failure) [PSYoungGen: 508224K->10400K(511488K)] 982767K->492553K(1035776K), 0.0268750 secs] [Times: user=0.04 sys=0.04, real=0.03 secs] 
2021-05-23T06:44:10.531+0800: 767602.183: [GC (Allocation Failure) [PSYoungGen: 509088K->10496K(511488K)] 991241K->500644K(1035776K), 0.0326604 secs] [Times: user=0.08 sys=0.00, real=0.04 secs] 
2021-05-23T06:49:01.287+0800: 767892.939: [GC (Allocation Failure) [PSYoungGen: 509184K->10400K(512000K)] 999332K->508119K(1036288K), 0.0233767 secs] [Times: user=0.03 sys=0.04, real=0.02 secs] 
2021-05-23T06:53:54.172+0800: 768185.824: [GC (Allocation Failure) [PSYoungGen: 510112K->10240K(512000K)] 1007831K->515730K(1036288K), 0.0231423 secs] [Times: user=0.04 sys=0.03, real=0.03 secs] 
2021-05-23T06:58:47.420+0800: 768479.072: [GC (Allocation Failure) [PSYoungGen: 509952K->11520K(512000K)] 1015442K->525014K(1036288K), 0.0239017 secs] [Times: user=0.04 sys=0.04, real=0.03 secs] 
2021-05-23T07:03:40.094+0800: 768771.746: [GC (Allocation Failure) [PSYoungGen: 511232K->10482K(512000K)] 1024726K->533282K(1036288K), 0.0224992 secs] [Times: user=0.03 sys=0.04, real=0.02 secs] 
2021-05-23T07:03:40.117+0800: 768771.769: [Full GC (Ergonomics) [PSYoungGen: 10482K->0K(512000K)] [ParOldGen: 522800K->301388K(524288K)] 533282K->301388K(1036288K), [Metaspace: 95514K->95511K(1136640K)], 0.5300531 secs] [Times: user=1.12 sys=0.00, real=0.53 secs] 
2021-05-23T07:08:34.063+0800: 769065.715: [GC (Allocation Failure) [PSYoungGen: 499712K->11616K(512000K)] 801100K->313004K(1036288K), 0.0227137 secs] [Times: user=0.03 sys=0.03, real=0.02 secs] 
2021-05-23T07:13:28.009+0800: 769359.661: [GC (Allocation Failure) [PSYoungGen: 511328K->11104K(512000K)] 812716K->321495K(1036288K), 0.0242652 secs] [Times: user=0.07 sys=0.00, real=0.03 secs] 
2021-05-23T07:18:22.632+0800: 769654.284: [GC (Allocation Failure) [PSYoungGen: 510816K->12256K(504832K)] 821207K->330373K(1029120K), 0.0252941 secs] [Times: user=0.03 sys=0.04, real=0.03 secs] 
2021-05-23T07:23:12.550+0800: 769944.202: [GC (Allocation Failure) [PSYoungGen: 504800K->9184K(508416K)] 822917K->337516K(1032704K), 0.0519138 secs] [Times: user=0.03 sys=0.03, real=0.06 secs] 
2021-05-23T07:28:02.754+0800: 770234.406: [GC (Allocation Failure) [PSYoungGen: 501728K->11904K(508928K)] 830060K->347328K(1033216K), 0.0805169 secs] [Times: user=0.03 sys=0.03, real=0.08 secs] 
2021-05-23T07:32:45.901+0800: 770517.553: [GC (Allocation Failure) [PSYoungGen: 504960K->11968K(508416K)] 840384K->355467K(1032704K), 0.0244265 secs] [Times: user=0.04 sys=0.04, real=0.03 secs] 
2021-05-23T07:37:36.459+0800: 770808.111: [GC (Allocation Failure) [PSYoungGen: 505024K->9760K(508928K)] 848523K->362284K(1033216K), 0.0477812 secs] [Times: user=0.03 sys=0.03, real=0.05 secs] 
2021-05-23T07:42:24.494+0800: 771096.146: [GC (Allocation Failure) [PSYoungGen: 503328K->10848K(508928K)] 855852K->370256K(1033216K), 0.0239467 secs] [Times: user=0.07 sys=0.00, real=0.02 secs] 
2021-05-23T07:47:10.874+0800: 771382.526: [GC (Allocation Failure) [PSYoungGen: 504416K->10496K(509440K)] 863824K->378019K(1033728K), 0.0279176 secs] [Times: user=0.04 sys=0.04, real=0.02 secs] 
2021-05-23T07:52:02.579+0800: 771674.231: [GC (Allocation Failure) [PSYoungGen: 505088K->10272K(509440K)] 872611K->385567K(1033728K), 0.0240022 secs] [Times: user=0.07 sys=0.00, real=0.03 secs] 
2021-05-23T07:56:52.745+0800: 771964.397: [GC (Allocation Failure) [PSYoungGen: 504864K->12320K(509440K)] 880159K->395297K(1033728K), 0.0330773 secs] [Times: user=0.04 sys=0.04, real=0.03 secs] 
2021-05-23T08:01:42.999+0800: 772254.651: [GC (Allocation Failure) [PSYoungGen: 506912K->10560K(509440K)] 889889K->402586K(1033728K), 0.0325340 secs] [Times: user=0.09 sys=0.00, real=0.04 secs] 
2021-05-23T08:06:34.602+0800: 772546.254: [GC (Allocation Failure) [PSYoungGen: 505152K->11776K(509952K)] 897178K->411031K(1034240K), 0.0257069 secs] [Times: user=0.03 sys=0.04, real=0.02 secs] 
2021-05-23T08:11:26.362+0800: 772838.014: [GC (Allocation Failure) [PSYoungGen: 507392K->12672K(508416K)] 906647K->420993K(1032704K), 0.0265459 secs] [Times: user=0.04 sys=0.04, real=0.03 secs] 
2021-05-23T08:16:22.482+0800: 773134.134: [GC (Allocation Failure) [PSYoungGen: 508288K->9472K(509440K)] 916609K->427122K(1033728K), 0.0246477 secs] [Times: user=0.07 sys=0.00, real=0.03 secs] 
2021-05-23T08:21:18.448+0800: 773430.100: [GC (Allocation Failure) [PSYoungGen: 504064K->10112K(509440K)] 921714K->434326K(1033728K), 0.0778479 secs] [Times: user=0.04 sys=0.04, real=0.08 secs] 
2021-05-23T08:26:12.804+0800: 773724.456: [GC (Allocation Failure) [PSYoungGen: 504704K->13120K(508928K)] 928918K->445656K(1033216K), 0.0285220 secs] [Times: user=0.04 sys=0.04, real=0.03 secs] 
2021-05-23T08:31:03.164+0800: 774014.816: [GC (Allocation Failure) [PSYoungGen: 507712K->11840K(509440K)] 940248K->453579K(1033728K), 0.0294745 secs] [Times: user=0.08 sys=0.00, real=0.03 secs] 
2021-05-23T08:35:55.840+0800: 774307.492: [GC (Allocation Failure) [PSYoungGen: 506432K->11488K(509440K)] 948171K->461934K(1033728K), 0.0216092 secs] [Times: user=0.03 sys=0.03, real=0.02 secs] 
2021-05-23T08:40:49.803+0800: 774601.455: [GC (Allocation Failure) [PSYoungGen: 506080K->11104K(509440K)] 956526K->471296K(1033728K), 0.0291284 secs] [Times: user=0.03 sys=0.04, real=0.02 secs] 
2021-05-23T08:45:44.175+0800: 774895.827: [GC (Allocation Failure) [PSYoungGen: 505696K->12768K(508928K)] 965888K->481276K(1033216K), 0.0625088 secs] [Times: user=0.08 sys=0.00, real=0.06 secs] 
2021-05-23T08:50:35.371+0800: 775187.023: [GC (Allocation Failure) [PSYoungGen: 507360K->10144K(509440K)] 975868K->488343K(1033728K), 0.0871031 secs] [Times: user=0.04 sys=0.05, real=0.09 secs] 
2021-05-23T08:55:25.862+0800: 775477.514: [GC (Allocation Failure) [PSYoungGen: 504736K->12128K(509952K)] 982935K->498555K(1034240K), 0.0291710 secs] [Times: user=0.04 sys=0.04, real=0.03 secs] 
2021-05-23T09:00:15.504+0800: 775767.156: [GC (Allocation Failure) [PSYoungGen: 507744K->11392K(509952K)] 994171K->507308K(1034240K), 0.0300874 secs] [Times: user=0.05 sys=0.05, real=0.03 secs] 
2021-05-23T09:05:09.372+0800: 776061.024: [GC (Allocation Failure) [PSYoungGen: 507008K->11424K(510464K)] 1002924K->516752K(1034752K), 0.0761806 secs] [Times: user=0.04 sys=0.04, real=0.07 secs] 
2021-05-23T09:10:01.922+0800: 776353.574: [GC (Allocation Failure) [PSYoungGen: 507552K->12608K(509952K)] 1012880K->526154K(1034240K), 0.0236181 secs] [Times: user=0.03 sys=0.04, real=0.03 secs] 
2021-05-23T09:10:01.946+0800: 776353.598: [Full GC (Ergonomics) [PSYoungGen: 12608K->0K(509952K)] [ParOldGen: 513546K->295554K(524288K)] 526154K->295554K(1034240K), [Metaspace: 95514K->95514K(1136640K)], 0.5847789 secs] [Times: user=1.55 sys=0.00, real=0.58 secs] 
2021-05-23T09:14:53.137+0800: 776644.789: [GC (Allocation Failure) [PSYoungGen: 496128K->11136K(510464K)] 791682K->306690K(1034752K), 0.0194329 secs] [Times: user=0.06 sys=0.00, real=0.02 secs] 
2021-05-23T09:19:46.702+0800: 776938.354: [GC (Allocation Failure) [PSYoungGen: 507264K->10624K(509952K)] 802818K->314339K(1034240K), 0.0234450 secs] [Times: user=0.07 sys=0.00, real=0.02 secs] 
2021-05-23T09:24:35.168+0800: 777226.820: [GC (Allocation Failure) [PSYoungGen: 506752K->13024K(509440K)] 810467K->323830K(1033728K), 0.0238510 secs] [Times: user=0.03 sys=0.03, real=0.03 secs] 
2021-05-23T09:29:27.615+0800: 777519.267: [GC (Allocation Failure) [PSYoungGen: 508640K->9664K(509952K)] 819446K->329880K(1034240K), 0.0282457 secs] [Times: user=0.03 sys=0.04, real=0.03 secs] 
2021-05-23T09:34:18.950+0800: 777810.602: [GC (Allocation Failure) [PSYoungGen: 505280K->12256K(509952K)] 825496K->339332K(1034240K), 0.0246202 secs] [Times: user=0.03 sys=0.04, real=0.03 secs] 
2021-05-23T09:39:11.810+0800: 778103.462: [GC (Allocation Failure) [PSYoungGen: 507872K->12096K(509952K)] 834948K->347632K(1034240K), 0.0234171 secs] [Times: user=0.07 sys=0.00, real=0.03 secs] 
2021-05-23T09:44:03.616+0800: 778395.268: [GC (Allocation Failure) [PSYoungGen: 507712K->14304K(500736K)] 843248K->359501K(1025024K), 0.0265524 secs] [Times: user=0.03 sys=0.04, real=0.03 secs] 
2021-05-23T09:48:54.367+0800: 778686.019: [GC (Allocation Failure) [PSYoungGen: 500704K->12672K(505344K)] 845901K->369301K(1029632K), 0.0320342 secs] [Times: user=0.07 sys=0.00, real=0.03 secs] 
2021-05-23T09:53:39.384+0800: 778971.036: [GC (Allocation Failure) [PSYoungGen: 499072K->14272K(505856K)] 855701K->380264K(1030144K), 0.0386518 secs] [Times: user=0.04 sys=0.03, real=0.04 secs] 
2021-05-23T09:58:21.521+0800: 779253.173: [GC (Allocation Failure) [PSYoungGen: 501696K->12832K(505856K)] 867688K->389497K(1030144K), 0.0250608 secs] [Times: user=0.04 sys=0.03, real=0.03 secs] 
2021-05-23T10:03:06.398+0800: 779538.050: [GC (Allocation Failure) [PSYoungGen: 500256K->11616K(506880K)] 876921K->397180K(1031168K), 0.0242178 secs] [Times: user=0.04 sys=0.03, real=0.03 secs] 
2021-05-23T10:07:56.860+0800: 779828.512: [GC (Allocation Failure) [PSYoungGen: 500576K->10432K(506368K)] 886140K->404269K(1030656K), 0.0235518 secs] [Times: user=0.07 sys=0.00, real=0.03 secs] 
2021-05-23T10:12:47.097+0800: 780118.749: [GC (Allocation Failure) [PSYoungGen: 499392K->12192K(507392K)] 893229K->413065K(1031680K), 0.0244996 secs] [Times: user=0.07 sys=0.00, real=0.02 secs] 
2021-05-23T10:17:34.590+0800: 780406.242: [GC (Allocation Failure) [PSYoungGen: 502176K->13600K(506880K)] 903049K->423173K(1031168K), 0.0286282 secs] [Times: user=0.04 sys=0.04, real=0.03 secs] 
2021-05-23T10:22:23.561+0800: 780695.213: [GC (Allocation Failure) [PSYoungGen: 503584K->12320K(507392K)] 913157K->431911K(1031680K), 0.0278231 secs] [Times: user=0.04 sys=0.04, real=0.03 secs] 
2021-05-23T10:27:13.352+0800: 780985.004: [GC (Allocation Failure) [PSYoungGen: 502816K->11584K(507392K)] 922407K->440185K(1031680K), 0.0304543 secs] [Times: user=0.08 sys=0.00, real=0.04 secs] 
2021-05-23T10:32:02.825+0800: 781274.477: [GC (Allocation Failure) [PSYoungGen: 502080K->13120K(507904K)] 930681K->448078K(1032192K), 0.0253760 secs] [Times: user=0.04 sys=0.04, real=0.02 secs] 
2021-05-23T10:36:56.799+0800: 781568.451: [GC (Allocation Failure) [PSYoungGen: 504640K->13056K(507904K)] 939598K->457865K(1032192K), 0.0335584 secs] [Times: user=0.03 sys=0.03, real=0.04 secs] 
2021-05-23T10:41:40.676+0800: 781852.328: [GC (Allocation Failure) [PSYoungGen: 504576K->10560K(507904K)] 949385K->465379K(1032192K), 0.0469872 secs] [Times: user=0.08 sys=0.00, real=0.05 secs] 
2021-05-23T10:46:30.635+0800: 782142.287: [GC (Allocation Failure) [PSYoungGen: 502080K->12416K(507904K)] 956899K->475494K(1032192K), 0.0529714 secs] [Times: user=0.03 sys=0.04, real=0.05 secs] 
2021-05-23T10:51:19.428+0800: 782431.080: [GC (Allocation Failure) [PSYoungGen: 503936K->11712K(508416K)] 967014K->484689K(1032704K), 0.0261413 secs] [Times: user=0.03 sys=0.04, real=0.03 secs] 
2021-05-23T10:56:10.986+0800: 782722.638: [GC (Allocation Failure) [PSYoungGen: 504256K->12704K(508416K)] 977233K->493708K(1032704K), 0.0236346 secs] [Times: user=0.07 sys=0.00, real=0.02 secs] 
2021-05-23T11:01:05.183+0800: 783016.835: [GC (Allocation Failure) [PSYoungGen: 505248K->12800K(508928K)] 986252K->503246K(1033216K), 0.0261461 secs] [Times: user=0.03 sys=0.03, real=0.02 secs] 
2021-05-23T11:06:00.509+0800: 783312.161: [GC (Allocation Failure) [PSYoungGen: 506368K->12864K(508928K)] 996814K->512626K(1033216K), 0.0253755 secs] [Times: user=0.04 sys=0.04, real=0.03 secs] 
2021-05-23T11:10:52.738+0800: 783604.390: [GC (Allocation Failure) [PSYoungGen: 506432K->13920K(508928K)] 1006194K->523028K(1033216K), 0.0290788 secs] [Times: user=0.04 sys=0.04, real=0.03 secs] 
2021-05-23T11:15:45.133+0800: 783896.785: [GC (Allocation Failure) [PSYoungGen: 507488K->10240K(504320K)] 1016596K->529853K(1028608K), 0.0230566 secs] [Times: user=0.03 sys=0.04, real=0.02 secs] 
2021-05-23T11:15:45.157+0800: 783896.809: [Full GC (Ergonomics) [PSYoungGen: 10240K->0K(504320K)] [ParOldGen: 519613K->303136K(524288K)] 529853K->303136K(1028608K), [Metaspace: 95514K->95514K(1136640K)], 0.4579327 secs] [Times: user=1.01 sys=0.00, real=0.46 secs] 
2021-05-23T11:20:36.270+0800: 784187.922: [GC (Allocation Failure) [PSYoungGen: 493568K->11072K(508928K)] 796704K->314208K(1033216K), 0.0204848 secs] [Times: user=0.05 sys=0.00, real=0.02 secs] 
2021-05-23T11:25:22.290+0800: 784473.943: [GC (Allocation Failure) [PSYoungGen: 504128K->12992K(508416K)] 807264K->325666K(1032704K), 0.0264750 secs] [Times: user=0.03 sys=0.04, real=0.03 secs] 
2021-05-23T11:30:17.275+0800: 784768.927: [GC (Allocation Failure) [PSYoungGen: 506048K->11200K(508928K)] 818722K->333789K(1033216K), 0.0225004 secs] [Times: user=0.07 sys=0.00, real=0.02 secs] 
2021-05-23T11:35:01.385+0800: 785053.037: [GC (Allocation Failure) [PSYoungGen: 504768K->13024K(508928K)] 827357K->343872K(1033216K), 0.0348560 secs] [Times: user=0.07 sys=0.00, real=0.03 secs] 
2021-05-23T11:39:53.680+0800: 785345.332: [GC (Allocation Failure) [PSYoungGen: 506592K->12448K(508928K)] 837440K->352529K(1033216K), 0.0294807 secs] [Times: user=0.04 sys=0.04, real=0.03 secs] 
2021-05-23T11:44:51.067+0800: 785642.719: [GC (Allocation Failure) [PSYoungGen: 506016K->11840K(508928K)] 846097K->361051K(1033216K), 0.0248134 secs] [Times: user=0.03 sys=0.03, real=0.03 secs] 
2021-05-23T11:49:43.417+0800: 785935.069: [GC (Allocation Failure) [PSYoungGen: 505408K->13184K(508416K)] 854619K->371048K(1032704K), 0.0292888 secs] [Times: user=0.04 sys=0.04, real=0.03 secs] 
2021-05-23T11:54:34.432+0800: 786226.084: [GC (Allocation Failure) [PSYoungGen: 506752K->11552K(508928K)] 864616K->379322K(1033216K), 0.0325463 secs] [Times: user=0.09 sys=0.00, real=0.04 secs] 
2021-05-23T11:59:27.717+0800: 786519.369: [GC (Allocation Failure) [PSYoungGen: 505120K->11552K(509440K)] 872890K->388147K(1033728K), 0.0278634 secs] [Times: user=0.03 sys=0.04, real=0.03 secs] 
2021-05-23T12:04:15.876+0800: 786807.528: [GC (Allocation Failure) [PSYoungGen: 506144K->10720K(509440K)] 882739K->395709K(1033728K), 0.0273506 secs] [Times: user=0.07 sys=0.00, real=0.03 secs] 
2021-05-23T12:09:10.454+0800: 787102.106: [GC (Allocation Failure) [PSYoungGen: 505312K->14432K(508416K)] 890301K->406688K(1032704K), 0.0285298 secs] [Times: user=0.04 sys=0.04, real=0.03 secs] 
2021-05-23T12:13:57.446+0800: 787389.098: [GC (Allocation Failure) [PSYoungGen: 508000K->13792K(507392K)] 900256K->415643K(1031680K), 0.0242987 secs] [Times: user=0.04 sys=0.04, real=0.02 secs] 
2021-05-23T12:18:46.131+0800: 787677.783: [GC (Allocation Failure) [PSYoungGen: 507360K->10528K(508416K)] 909211K->422491K(1032704K), 0.0235019 secs] [Times: user=0.04 sys=0.03, real=0.03 secs] 
2021-05-23T12:23:40.033+0800: 787971.685: [GC (Allocation Failure) [PSYoungGen: 503072K->11264K(508416K)] 915035K->431524K(1032704K), 0.0232149 secs] [Times: user=0.07 sys=0.00, real=0.02 secs] 
2021-05-23T12:28:30.898+0800: 788262.550: [GC (Allocation Failure) [PSYoungGen: 503808K->10432K(508928K)] 924068K->438983K(1033216K), 0.0264962 secs] [Times: user=0.07 sys=0.00, real=0.03 secs] 
2021-05-23T12:33:17.434+0800: 788549.086: [GC (Allocation Failure) [PSYoungGen: 503488K->14112K(508416K)] 932039K->450341K(1032704K), 0.0286826 secs] [Times: user=0.04 sys=0.04, real=0.03 secs] 
2021-05-23T12:38:08.061+0800: 788839.713: [GC (Allocation Failure) [PSYoungGen: 507168K->11040K(508416K)] 943397K->457006K(1032704K), 0.0284854 secs] [Times: user=0.04 sys=0.04, real=0.03 secs] 
2021-05-23T12:42:58.616+0800: 789130.268: [GC (Allocation Failure) [PSYoungGen: 503584K->11840K(508416K)] 949550K->465240K(1032704K), 0.0238360 secs] [Times: user=0.07 sys=0.00, real=0.02 secs] 
2021-05-23T12:47:47.169+0800: 789418.821: [GC (Allocation Failure) [PSYoungGen: 504384K->13184K(507904K)] 957784K->475363K(1032192K), 0.0269694 secs] [Times: user=0.04 sys=0.04, real=0.03 secs] 
2021-05-23T12:52:33.893+0800: 789705.545: [GC (Allocation Failure) [PSYoungGen: 505728K->14656K(507392K)] 967907K->486199K(1031680K), 0.0448607 secs] [Times: user=0.11 sys=0.00, real=0.04 secs] 
2021-05-23T12:57:24.606+0800: 789996.258: [GC (Allocation Failure) [PSYoungGen: 507200K->11680K(508416K)] 978743K->493849K(1032704K), 0.0353541 secs] [Times: user=0.09 sys=0.00, real=0.03 secs] 
2021-05-23T13:02:17.431+0800: 790289.084: [GC (Allocation Failure) [PSYoungGen: 503712K->13152K(507904K)] 985881K->503518K(1032192K), 0.0512281 secs] [Times: user=0.07 sys=0.00, real=0.06 secs] 
2021-05-23T13:07:04.604+0800: 790576.256: [GC (Allocation Failure) [PSYoungGen: 505184K->11616K(508416K)] 995550K->511855K(1032704K), 0.0303369 secs] [Times: user=0.04 sys=0.04, real=0.03 secs] 
2021-05-23T13:11:55.865+0800: 790867.517: [GC (Allocation Failure) [PSYoungGen: 504155K->12480K(508416K)] 1004395K->519830K(1032704K), 0.0303360 secs] [Times: user=0.08 sys=0.00, real=0.03 secs] 
2021-05-23T13:16:41.029+0800: 791152.681: [GC (Allocation Failure) [PSYoungGen: 505024K->13856K(507904K)] 1012374K->529491K(1032192K), 0.0270116 secs] [Times: user=0.04 sys=0.03, real=0.03 secs] 
2021-05-23T13:16:41.056+0800: 791152.708: [Full GC (Ergonomics) [PSYoungGen: 13856K->0K(507904K)] [ParOldGen: 515635K->299189K(524288K)] 529491K->299189K(1032192K), [Metaspace: 95514K->95514K(1136640K)], 0.4411509 secs] [Times: user=0.95 sys=0.00, real=0.44 secs] 
2021-05-23T13:21:29.640+0800: 791441.292: [GC (Allocation Failure) [PSYoungGen: 492544K->10944K(508416K)] 791733K->310133K(1032704K), 0.0204821 secs] [Times: user=0.06 sys=0.00, real=0.02 secs] 
2021-05-23T13:26:22.561+0800: 791734.213: [GC (Allocation Failure) [PSYoungGen: 503488K->12736K(508928K)] 802677K->320504K(1033216K), 0.0293976 secs] [Times: user=0.04 sys=0.04, real=0.03 secs] 
2021-05-23T13:31:08.205+0800: 792019.857: [GC (Allocation Failure) [PSYoungGen: 505792K->13312K(508416K)] 813560K->329611K(1032704K), 0.0336645 secs] [Times: user=0.04 sys=0.05, real=0.03 secs] 
2021-05-23T13:36:01.715+0800: 792313.367: [GC (Allocation Failure) [PSYoungGen: 506368K->11712K(508928K)] 822667K->337693K(1033216K), 0.0280753 secs] [Times: user=0.04 sys=0.03, real=0.03 secs] 
2021-05-23T13:40:53.826+0800: 792605.478: [GC (Allocation Failure) [PSYoungGen: 504768K->12480K(508416K)] 830749K->347055K(1032704K), 0.0296112 secs] [Times: user=0.05 sys=0.05, real=0.03 secs] 
2021-05-23T13:45:41.710+0800: 792893.362: [GC (Allocation Failure) [PSYoungGen: 505536K->13344K(508928K)] 840111K->356954K(1033216K), 0.0266734 secs] [Times: user=0.03 sys=0.04, real=0.03 secs] 
2021-05-23T13:50:28.406+0800: 793180.058: [GC (Allocation Failure) [PSYoungGen: 506912K->11808K(508928K)] 850522K->365061K(1033216K), 0.0285684 secs] [Times: user=0.04 sys=0.04, real=0.03 secs] 
2021-05-23T13:55:15.678+0800: 793467.330: [GC (Allocation Failure) [PSYoungGen: 505376K->10976K(508928K)] 858629K->373703K(1033216K), 0.0442906 secs] [Times: user=0.04 sys=0.04, real=0.05 secs] 
2021-05-23T14:00:09.209+0800: 793760.862: [GC (Allocation Failure) [PSYoungGen: 504544K->11264K(508928K)] 867271K->381578K(1033216K), 0.0253764 secs] [Times: user=0.04 sys=0.04, real=0.03 secs] 
2021-05-23T14:05:00.232+0800: 794051.884: [GC (Allocation Failure) [PSYoungGen: 504832K->11840K(509440K)] 875146K->391716K(1033728K), 0.0268039 secs] [Times: user=0.04 sys=0.04, real=0.02 secs] 
2021-05-23T14:09:51.115+0800: 794342.767: [GC (Allocation Failure) [PSYoungGen: 506432K->12320K(509440K)] 886308K->400319K(1033728K), 0.0267580 secs] [Times: user=0.07 sys=0.00, real=0.03 secs] 
2021-05-23T14:14:40.530+0800: 794632.182: [GC (Allocation Failure) [PSYoungGen: 506912K->12480K(509952K)] 894911K->408587K(1034240K), 0.0270872 secs] [Times: user=0.04 sys=0.04, real=0.03 secs] 
2021-05-23T14:19:30.599+0800: 794922.251: [GC (Allocation Failure) [PSYoungGen: 507584K->12416K(509440K)] 903691K->417365K(1033728K), 0.0255444 secs] [Times: user=0.08 sys=0.00, real=0.03 secs] 
2021-05-23T14:24:21.316+0800: 795212.968: [GC (Allocation Failure) [PSYoungGen: 507520K->13312K(508928K)] 912469K->426441K(1033216K), 0.0276539 secs] [Times: user=0.04 sys=0.04, real=0.03 secs] 
2021-05-23T14:29:13.714+0800: 795505.366: [GC (Allocation Failure) [PSYoungGen: 507904K->11328K(509440K)] 921033K->434394K(1033728K), 0.0389342 secs] [Times: user=0.04 sys=0.04, real=0.04 secs] 
2021-05-23T14:34:02.044+0800: 795793.696: [GC (Allocation Failure) [PSYoungGen: 505920K->13312K(509440K)] 928986K->444708K(1033728K), 0.0334399 secs] [Times: user=0.04 sys=0.05, real=0.03 secs] 
2021-05-23T14:38:53.347+0800: 796084.999: [GC (Allocation Failure) [PSYoungGen: 507904K->11072K(509440K)] 939300K->451509K(1033728K), 0.0275749 secs] [Times: user=0.04 sys=0.04, real=0.03 secs] 
2021-05-23T14:43:42.838+0800: 796374.490: [GC (Allocation Failure) [PSYoungGen: 505664K->11200K(509440K)] 946101K->459511K(1033728K), 0.0275318 secs] [Times: user=0.04 sys=0.04, real=0.03 secs] 
2021-05-23T14:48:33.665+0800: 796665.317: [GC (Allocation Failure) [PSYoungGen: 505792K->9888K(509440K)] 954103K->466987K(1033728K), 0.0271426 secs] [Times: user=0.03 sys=0.05, real=0.03 secs] 
2021-05-23T14:53:29.175+0800: 796960.827: [GC (Allocation Failure) [PSYoungGen: 504480K->10592K(509440K)] 961579K->475773K(1033728K), 0.0401068 secs] [Times: user=0.03 sys=0.04, real=0.04 secs] 
2021-05-23T14:58:22.582+0800: 797254.234: [GC (Allocation Failure) [PSYoungGen: 505184K->10784K(509440K)] 970365K->484374K(1033728K), 0.0240485 secs] [Times: user=0.03 sys=0.03, real=0.03 secs] 
2021-05-23T15:03:14.977+0800: 797546.630: [GC (Allocation Failure) [PSYoungGen: 505376K->9984K(509440K)] 978966K->491487K(1033728K), 0.0288239 secs] [Times: user=0.10 sys=0.00, real=0.03 secs] 
2021-05-23T15:08:07.756+0800: 797839.408: [GC (Allocation Failure) [PSYoungGen: 504576K->9952K(509440K)] 986079K->499321K(1033728K), 0.0996294 secs] [Times: user=0.04 sys=0.04, real=0.11 secs] 
2021-05-23T15:13:00.152+0800: 798131.804: [GC (Allocation Failure) [PSYoungGen: 504544K->9408K(509440K)] 993913K->506005K(1033728K), 0.0236114 secs] [Times: user=0.03 sys=0.04, real=0.02 secs] 
2021-05-23T15:17:50.778+0800: 798422.430: [GC (Allocation Failure) [PSYoungGen: 504000K->11040K(509440K)] 1000597K->515264K(1033728K), 0.0265634 secs] [Times: user=0.04 sys=0.03, real=0.03 secs] 
2021-05-23T15:22:41.174+0800: 798712.826: [GC (Allocation Failure) [PSYoungGen: 505632K->9792K(509952K)] 1009856K->522514K(1034240K), 0.0427276 secs] [Times: user=0.11 sys=0.00, real=0.04 secs] 
2021-05-23T15:27:32.771+0800: 799004.423: [GC (Allocation Failure) [PSYoungGen: 505408K->9696K(509952K)] 1018130K->529796K(1034240K), 0.0293905 secs] [Times: user=0.09 sys=0.00, real=0.03 secs] 
2021-05-23T15:27:32.801+0800: 799004.453: [Full GC (Ergonomics) [PSYoungGen: 9696K->0K(509952K)] [ParOldGen: 520100K->299484K(524288K)] 529796K->299484K(1034240K), [Metaspace: 95514K->95511K(1136640K)], 0.5973448 secs] [Times: user=1.27 sys=0.00, real=0.60 secs] 
2021-05-23T15:32:31.955+0800: 799303.608: [GC (Allocation Failure) [PSYoungGen: 495616K->9984K(510464K)] 795100K->309468K(1034752K), 0.0263103 secs] [Times: user=0.03 sys=0.04, real=0.02 secs] 
2021-05-23T15:37:18.212+0800: 799589.864: [GC (Allocation Failure) [PSYoungGen: 506112K->13216K(509440K)] 805596K->320408K(1033728K), 0.0270154 secs] [Times: user=0.04 sys=0.03, real=0.03 secs] 
2021-05-23T15:42:12.689+0800: 799884.341: [GC (Allocation Failure) [PSYoungGen: 509344K->11744K(509440K)] 816536K->327995K(1033728K), 0.0262430 secs] [Times: user=0.03 sys=0.04, real=0.03 secs] 
2021-05-23T15:47:08.620+0800: 800180.272: [GC (Allocation Failure) [PSYoungGen: 506336K->10688K(509440K)] 822587K->335278K(1033728K), 0.0289285 secs] [Times: user=0.04 sys=0.04, real=0.03 secs] 
2021-05-23T15:52:03.478+0800: 800475.130: [GC (Allocation Failure) [PSYoungGen: 505280K->11136K(510464K)] 829870K->344009K(1034752K), 0.0225578 secs] [Times: user=0.03 sys=0.03, real=0.02 secs] 
2021-05-23T15:57:03.323+0800: 800774.975: [GC (Allocation Failure) [PSYoungGen: 507264K->9504K(509952K)] 840137K->351651K(1034240K), 0.0234136 secs] [Times: user=0.07 sys=0.00, real=0.02 secs] 
2021-05-23T16:01:55.154+0800: 801066.806: [GC (Allocation Failure) [PSYoungGen: 505632K->9600K(510464K)] 847779K->358910K(1034752K), 0.0253906 secs] [Times: user=0.04 sys=0.04, real=0.02 secs] 
2021-05-23T16:06:49.525+0800: 801361.177: [GC (Allocation Failure) [PSYoungGen: 506240K->12384K(509440K)] 855550K->368970K(1033728K), 0.0360334 secs] [Times: user=0.04 sys=0.04, real=0.03 secs] 
2021-05-23T16:11:44.945+0800: 801656.597: [GC (Allocation Failure) [PSYoungGen: 509024K->9376K(509952K)] 865610K->375748K(1034240K), 0.1091918 secs] [Times: user=0.03 sys=0.04, real=0.11 secs] 
2021-05-23T16:16:38.869+0800: 801950.521: [GC (Allocation Failure) [PSYoungGen: 504992K->10528K(509952K)] 871364K->383399K(1034240K), 0.0339238 secs] [Times: user=0.03 sys=0.03, real=0.04 secs] 
2021-05-23T16:21:30.999+0800: 802242.651: [GC (Allocation Failure) [PSYoungGen: 506144K->11360K(510464K)] 879015K->391994K(1034752K), 0.0287253 secs] [Times: user=0.08 sys=0.00, real=0.03 secs] 
2021-05-23T16:26:21.656+0800: 802533.308: [GC (Allocation Failure) [PSYoungGen: 508000K->10624K(510464K)] 888634K->399309K(1034752K), 0.0258559 secs] [Times: user=0.04 sys=0.04, real=0.03 secs] 
2021-05-23T16:31:21.744+0800: 802833.396: [GC (Allocation Failure) [PSYoungGen: 507264K->7296K(510464K)] 895949K->403733K(1034752K), 0.0251937 secs] [Times: user=0.08 sys=0.00, real=0.02 secs] 
2021-05-23T16:36:17.588+0800: 803129.240: [GC (Allocation Failure) [PSYoungGen: 503936K->10720K(510464K)] 900373K->411938K(1034752K), 0.0244492 secs] [Times: user=0.07 sys=0.00, real=0.03 secs] 
2021-05-23T16:41:17.231+0800: 803428.883: [GC (Allocation Failure) [PSYoungGen: 507360K->10304K(510976K)] 908578K->419845K(1035264K), 0.0269002 secs] [Times: user=0.08 sys=0.00, real=0.03 secs] 
2021-05-23T16:46:08.092+0800: 803719.744: [GC (Allocation Failure) [PSYoungGen: 507456K->11328K(510464K)] 916997K->428281K(1034752K), 0.0253502 secs] [Times: user=0.08 sys=0.00, real=0.03 secs] 
2021-05-23T16:51:01.555+0800: 804013.207: [GC (Allocation Failure) [PSYoungGen: 508480K->9824K(510976K)] 925433K->436035K(1035264K), 0.0226325 secs] [Times: user=0.07 sys=0.00, real=0.02 secs] 
2021-05-23T16:55:58.609+0800: 804310.261: [GC (Allocation Failure) [PSYoungGen: 507488K->10720K(510976K)] 933699K->444510K(1035264K), 0.0299271 secs] [Times: user=0.07 sys=0.00, real=0.03 secs] 
2021-05-23T17:00:58.976+0800: 804610.628: [GC (Allocation Failure) [PSYoungGen: 508384K->10592K(511488K)] 942174K->451545K(1035776K), 0.0319483 secs] [Times: user=0.03 sys=0.04, real=0.03 secs] 
2021-05-23T17:05:50.176+0800: 804901.828: [GC (Allocation Failure) [PSYoungGen: 508768K->10976K(510976K)] 949721K->460419K(1035264K), 0.0279595 secs] [Times: user=0.08 sys=0.00, real=0.03 secs] 
2021-05-23T17:10:41.576+0800: 805193.228: [GC (Allocation Failure) [PSYoungGen: 509152K->11872K(510464K)] 958595K->469071K(1034752K), 0.0286256 secs] [Times: user=0.04 sys=0.05, real=0.03 secs] 
2021-05-23T17:15:35.651+0800: 805487.303: [GC (Allocation Failure) [PSYoungGen: 509536K->10144K(510976K)] 966735K->476287K(1035264K), 0.0482338 secs] [Times: user=0.06 sys=0.00, real=0.05 secs] 
2021-05-23T17:20:30.727+0800: 805782.379: [GC (Allocation Failure) [PSYoungGen: 507808K->12672K(509952K)] 973951K->486267K(1034240K), 0.0536692 secs] [Times: user=0.04 sys=0.04, real=0.05 secs] 
2021-05-23T17:25:26.073+0800: 806077.725: [GC (Allocation Failure) [PSYoungGen: 509312K->11136K(510464K)] 982907K->495124K(1034752K), 0.0276827 secs] [Times: user=0.08 sys=0.00, real=0.02 secs] 
2021-05-23T17:30:20.515+0800: 806372.167: [GC (Allocation Failure) [PSYoungGen: 507776K->12224K(509952K)] 991764K->504735K(1034240K), 0.0283680 secs] [Times: user=0.04 sys=0.04, real=0.03 secs] 
2021-05-23T17:35:15.981+0800: 806667.633: [GC (Allocation Failure) [PSYoungGen: 508864K->10176K(510464K)] 1001375K->511504K(1034752K), 0.0721091 secs] [Times: user=0.09 sys=0.00, real=0.08 secs] 
2021-05-23T17:40:08.978+0800: 806960.630: [GC (Allocation Failure) [PSYoungGen: 506816K->13408K(509440K)] 1008144K->522123K(1033728K), 0.0305631 secs] [Times: user=0.05 sys=0.05, real=0.03 secs] 
2021-05-23T17:45:02.636+0800: 807254.288: [GC (Allocation Failure) [PSYoungGen: 509024K->9056K(509952K)] 1017739K->527868K(1034240K), 0.0379572 secs] [Times: user=0.04 sys=0.05, real=0.04 secs] 
2021-05-23T17:45:02.674+0800: 807254.326: [Full GC (Ergonomics) [PSYoungGen: 9056K->0K(509952K)] [ParOldGen: 518812K->296279K(524288K)] 527868K->296279K(1034240K), [Metaspace: 95514K->95514K(1136640K)], 0.5670140 secs] [Times: user=1.23 sys=0.00, real=0.56 secs] 
2021-05-23T17:49:55.356+0800: 807547.008: [GC (Allocation Failure) [PSYoungGen: 495616K->11488K(509952K)] 791895K->307767K(1034240K), 0.0224642 secs] [Times: user=0.07 sys=0.00, real=0.02 secs] 
2021-05-23T17:54:43.758+0800: 807835.410: [GC (Allocation Failure) [PSYoungGen: 507104K->12928K(508928K)] 803383K->318745K(1033216K), 0.0313974 secs] [Times: user=0.04 sys=0.03, real=0.03 secs] 
2021-05-23T17:59:39.431+0800: 808131.083: [GC (Allocation Failure) [PSYoungGen: 508544K->9120K(509440K)] 814361K->324459K(1033728K), 0.0373159 secs] [Times: user=0.05 sys=0.04, real=0.04 secs] 
2021-05-23T18:04:31.399+0800: 808423.052: [GC (Allocation Failure) [PSYoungGen: 503712K->10464K(509440K)] 819051K->332982K(1033728K), 0.0254634 secs] [Times: user=0.08 sys=0.00, real=0.03 secs] 
2021-05-23T18:09:21.393+0800: 808713.045: [GC (Allocation Failure) [PSYoungGen: 505056K->12928K(508928K)] 827574K->343225K(1033216K), 0.0564698 secs] [Times: user=0.04 sys=0.03, real=0.05 secs] 
2021-05-23T18:14:12.534+0800: 809004.186: [GC (Allocation Failure) [PSYoungGen: 507520K->8672K(509440K)] 837817K->348154K(1033728K), 0.0240060 secs] [Times: user=0.03 sys=0.04, real=0.02 secs] 
2021-05-23T18:19:05.341+0800: 809296.993: [GC (Allocation Failure) [PSYoungGen: 503264K->10816K(509952K)] 842746K->356550K(1034240K), 0.0232991 secs] [Times: user=0.07 sys=0.00, real=0.03 secs] 
2021-05-23T18:23:55.990+0800: 809587.642: [GC (Allocation Failure) [PSYoungGen: 505920K->11200K(509440K)] 851654K->364977K(1033728K), 0.0246268 secs] [Times: user=0.04 sys=0.04, real=0.03 secs] 
2021-05-23T18:28:49.481+0800: 809881.133: [GC (Allocation Failure) [PSYoungGen: 506304K->11744K(509952K)] 860081K->373556K(1034240K), 0.0248122 secs] [Times: user=0.04 sys=0.04, real=0.03 secs] 
2021-05-23T18:33:39.395+0800: 810171.047: [GC (Allocation Failure) [PSYoungGen: 507360K->11904K(509952K)] 869172K->382494K(1034240K), 0.0277324 secs] [Times: user=0.02 sys=0.03, real=0.03 secs] 
2021-05-23T18:38:32.623+0800: 810464.276: [GC (Allocation Failure) [PSYoungGen: 507520K->9312K(509952K)] 878110K->389030K(1034240K), 0.0340223 secs] [Times: user=0.05 sys=0.06, real=0.03 secs] 
2021-05-23T18:43:25.223+0800: 810756.875: [GC (Allocation Failure) [PSYoungGen: 504928K->9280K(509952K)] 884646K->396456K(1034240K), 0.0241754 secs] [Times: user=0.03 sys=0.04, real=0.02 secs] 
2021-05-23T18:48:18.402+0800: 811050.054: [GC (Allocation Failure) [PSYoungGen: 504896K->11392K(509952K)] 892072K->405979K(1034240K), 0.0294019 secs] [Times: user=0.09 sys=0.00, real=0.03 secs] 
2021-05-23T18:53:12.023+0800: 811343.675: [GC (Allocation Failure) [PSYoungGen: 507008K->7904K(509952K)] 901595K->411988K(1034240K), 0.0248116 secs] [Times: user=0.04 sys=0.04, real=0.02 secs] 
2021-05-23T18:57:59.349+0800: 811631.001: [GC (Allocation Failure) [PSYoungGen: 503520K->13408K(507904K)] 907604K->423481K(1032192K), 0.0413631 secs] [Times: user=0.04 sys=0.05, real=0.04 secs] 
2021-05-23T19:02:52.006+0800: 811923.658: [GC (Allocation Failure) [PSYoungGen: 506976K->10354K(508928K)] 917049K->429886K(1033216K), 0.0295871 secs] [Times: user=0.08 sys=0.00, real=0.03 secs] 
2021-05-23T19:07:44.141+0800: 812215.793: [GC (Allocation Failure) [PSYoungGen: 503922K->9664K(509440K)] 923454K->437614K(1033728K), 0.0300379 secs] [Times: user=0.05 sys=0.04, real=0.03 secs] 
2021-05-23T19:12:31.779+0800: 812503.431: [GC (Allocation Failure) [PSYoungGen: 504256K->10368K(509440K)] 932206K->444961K(1033728K), 0.0325702 secs] [Times: user=0.08 sys=0.00, real=0.03 secs] 
2021-05-23T19:17:23.642+0800: 812795.294: [GC (Allocation Failure) [PSYoungGen: 504960K->10240K(510464K)] 939553K->452755K(1034752K), 0.0241150 secs] [Times: user=0.03 sys=0.03, real=0.02 secs] 
2021-05-23T19:22:13.623+0800: 813085.275: [GC (Allocation Failure) [PSYoungGen: 506368K->12992K(509952K)] 948883K->462534K(1034240K), 0.0239919 secs] [Times: user=0.04 sys=0.04, real=0.02 secs] 
2021-05-23T19:27:05.588+0800: 813377.240: [GC (Allocation Failure) [PSYoungGen: 509120K->9216K(509952K)] 958662K->469407K(1034240K), 0.0264772 secs] [Times: user=0.04 sys=0.04, real=0.03 secs] 
2021-05-23T19:31:57.301+0800: 813668.953: [GC (Allocation Failure) [PSYoungGen: 504832K->9568K(509952K)] 965023K->477209K(1034240K), 0.0263194 secs] [Times: user=0.04 sys=0.04, real=0.03 secs] 
2021-05-23T19:36:43.441+0800: 813955.093: [GC (Allocation Failure) [PSYoungGen: 505184K->10304K(510464K)] 972825K->484837K(1034752K), 0.0294005 secs] [Times: user=0.09 sys=0.00, real=0.03 secs] 
2021-05-23T19:41:32.715+0800: 814244.367: [GC (Allocation Failure) [PSYoungGen: 506432K->8768K(509952K)] 980965K->490998K(1034240K), 0.0281215 secs] [Times: user=0.04 sys=0.04, real=0.03 secs] 
2021-05-23T19:46:27.293+0800: 814538.945: [GC (Allocation Failure) [PSYoungGen: 504896K->11040K(510464K)] 987126K->499754K(1034752K), 0.0588902 secs] [Times: user=0.04 sys=0.04, real=0.05 secs] 
2021-05-23T19:51:18.451+0800: 814830.103: [GC (Allocation Failure) [PSYoungGen: 507680K->10272K(510464K)] 996394K->507092K(1034752K), 0.0320621 secs] [Times: user=0.04 sys=0.05, real=0.04 secs] 
2021-05-23T19:56:08.121+0800: 815119.773: [GC (Allocation Failure) [PSYoungGen: 506912K->8800K(510464K)] 1003732K->512520K(1034752K), 0.0237523 secs] [Times: user=0.03 sys=0.03, real=0.03 secs] 
2021-05-23T20:01:06.445+0800: 815418.097: [GC (Allocation Failure) [PSYoungGen: 505440K->7136K(510464K)] 1009160K->518066K(1034752K), 0.0220679 secs] [Times: user=0.03 sys=0.04, real=0.02 secs] 
2021-05-23T20:05:53.420+0800: 815705.072: [GC (Allocation Failure) [PSYoungGen: 503776K->11008K(510464K)] 1014706K->527614K(1034752K), 0.0264347 secs] [Times: user=0.04 sys=0.04, real=0.03 secs] 
2021-05-23T20:05:53.447+0800: 815705.099: [Full GC (Ergonomics) [PSYoungGen: 11008K->0K(510464K)] [ParOldGen: 516606K->296844K(524288K)] 527614K->296844K(1034752K), [Metaspace: 95514K->95514K(1136640K)], 0.4365861 secs] [Times: user=1.03 sys=0.00, real=0.44 secs] 
2021-05-23T20:10:45.019+0800: 815996.671: [GC (Allocation Failure) [PSYoungGen: 496640K->11328K(510464K)] 793484K->308172K(1034752K), 0.0231369 secs] [Times: user=0.06 sys=0.00, real=0.02 secs] 
2021-05-23T20:15:40.405+0800: 816292.057: [GC (Allocation Failure) [PSYoungGen: 507968K->9856K(510464K)] 804812K->315040K(1034752K), 0.0270142 secs] [Times: user=0.07 sys=0.00, real=0.02 secs] 
2021-05-23T20:20:30.792+0800: 816582.444: [GC (Allocation Failure) [PSYoungGen: 506496K->10304K(510464K)] 811680K->322547K(1034752K), 0.0333741 secs] [Times: user=0.08 sys=0.00, real=0.03 secs] 
2021-05-23T20:25:23.191+0800: 816874.843: [GC (Allocation Failure) [PSYoungGen: 506944K->10464K(510976K)] 819187K->330982K(1035264K), 0.0220021 secs] [Times: user=0.03 sys=0.03, real=0.03 secs] 
2021-05-23T20:30:15.411+0800: 817167.063: [GC (Allocation Failure) [PSYoungGen: 508128K->11712K(510976K)] 828646K->340969K(1035264K), 0.0275357 secs] [Times: user=0.04 sys=0.04, real=0.03 secs] 
2021-05-23T20:35:07.828+0800: 817459.480: [GC (Allocation Failure) [PSYoungGen: 509376K->10112K(510976K)] 838633K->348209K(1035264K), 0.0395846 secs] [Times: user=0.08 sys=0.00, real=0.04 secs] 
2021-05-23T20:39:58.943+0800: 817750.595: [GC (Allocation Failure) [PSYoungGen: 507776K->11712K(510976K)] 845873K->357883K(1035264K), 0.0425124 secs] [Times: user=0.05 sys=0.05, real=0.04 secs] 
2021-05-23T20:44:54.587+0800: 818046.239: [GC (Allocation Failure) [PSYoungGen: 509376K->9408K(510976K)] 855547K->364997K(1035264K), 0.0246941 secs] [Times: user=0.04 sys=0.03, real=0.03 secs] 
2021-05-23T20:49:53.095+0800: 818344.747: [GC (Allocation Failure) [PSYoungGen: 507072K->12064K(509952K)] 862661K->374937K(1034240K), 0.0595790 secs] [Times: user=0.08 sys=0.00, real=0.06 secs] 
2021-05-23T20:54:43.567+0800: 818635.219: [GC (Allocation Failure) [PSYoungGen: 509728K->11488K(510464K)] 872601K->383796K(1034752K), 0.0314489 secs] [Times: user=0.04 sys=0.04, real=0.03 secs] 
2021-05-23T20:59:39.178+0800: 818930.830: [GC (Allocation Failure) [PSYoungGen: 508128K->11296K(510464K)] 880436K->392189K(1034752K), 0.0241492 secs] [Times: user=0.04 sys=0.04, real=0.02 secs] 
2021-05-23T21:04:34.298+0800: 819225.950: [GC (Allocation Failure) [PSYoungGen: 507936K->11200K(510464K)] 888829K->400695K(1034752K), 0.0294207 secs] [Times: user=0.03 sys=0.04, real=0.03 secs] 
2021-05-23T21:09:27.525+0800: 819519.177: [GC (Allocation Failure) [PSYoungGen: 507840K->10816K(510464K)] 897335K->407819K(1034752K), 0.0317515 secs] [Times: user=0.09 sys=0.00, real=0.03 secs] 
2021-05-23T21:14:23.289+0800: 819814.941: [GC (Allocation Failure) [PSYoungGen: 507456K->11936K(509952K)] 904459K->415966K(1034240K), 0.0519120 secs] [Times: user=0.07 sys=0.00, real=0.05 secs] 
2021-05-23T21:19:19.515+0800: 820111.167: [GC (Allocation Failure) [PSYoungGen: 508576K->9984K(510464K)] 912606K->422750K(1034752K), 0.0247130 secs] [Times: user=0.04 sys=0.05, real=0.02 secs] 
2021-05-23T21:24:16.133+0800: 820407.785: [GC (Allocation Failure) [PSYoungGen: 506624K->10752K(510976K)] 919390K->430601K(1035264K), 0.0236971 secs] [Times: user=0.04 sys=0.04, real=0.02 secs] 
2021-05-23T21:29:11.165+0800: 820702.817: [GC (Allocation Failure) [PSYoungGen: 508416K->11456K(510976K)] 928265K->439667K(1035264K), 0.0331026 secs] [Times: user=0.03 sys=0.05, real=0.03 secs] 
2021-05-23T21:34:06.991+0800: 820998.643: [GC (Allocation Failure) [PSYoungGen: 509120K->10208K(510976K)] 937331K->446973K(1035264K), 0.0289857 secs] [Times: user=0.04 sys=0.04, real=0.03 secs] 
2021-05-23T21:38:59.935+0800: 821291.587: [GC (Allocation Failure) [PSYoungGen: 507872K->12352K(510976K)] 944637K->456464K(1035264K), 0.0244438 secs] [Times: user=0.04 sys=0.04, real=0.02 secs] 
2021-05-23T21:43:52.486+0800: 821584.138: [GC (Allocation Failure) [PSYoungGen: 510016K->12480K(509952K)] 954128K->465627K(1034240K), 0.0285563 secs] [Times: user=0.04 sys=0.05, real=0.03 secs] 
2021-05-23T21:48:43.685+0800: 821875.337: [GC (Allocation Failure) [PSYoungGen: 509120K->9056K(510464K)] 962267K->472283K(1034752K), 0.0541725 secs] [Times: user=0.03 sys=0.04, real=0.05 secs] 
2021-05-23T21:53:38.245+0800: 822169.897: [GC (Allocation Failure) [PSYoungGen: 505696K->8384K(509440K)] 968923K->477460K(1033728K), 0.0237799 secs] [Times: user=0.04 sys=0.04, real=0.02 secs] 
2021-05-23T21:58:31.546+0800: 822463.198: [GC (Allocation Failure) [PSYoungGen: 504000K->11648K(509952K)] 973076K->487864K(1034240K), 0.0282586 secs] [Times: user=0.08 sys=0.00, real=0.03 secs] 
2021-05-23T22:03:24.720+0800: 822756.372: [GC (Allocation Failure) [PSYoungGen: 507264K->11552K(509952K)] 983480K->496491K(1034240K), 0.0311958 secs] [Times: user=0.04 sys=0.03, real=0.03 secs] 
2021-05-23T22:08:18.967+0800: 823050.619: [GC (Allocation Failure) [PSYoungGen: 507168K->9568K(509952K)] 992107K->503693K(1034240K), 0.0494160 secs] [Times: user=0.07 sys=0.00, real=0.05 secs] 
2021-05-23T22:13:12.219+0800: 823343.871: [GC (Allocation Failure) [PSYoungGen: 505184K->9280K(510464K)] 999309K->510401K(1034752K), 0.0240056 secs] [Times: user=0.04 sys=0.04, real=0.03 secs] 
2021-05-23T22:18:04.985+0800: 823636.637: [GC (Allocation Failure) [PSYoungGen: 505920K->11360K(510464K)] 1007041K->519420K(1034752K), 0.0272504 secs] [Times: user=0.03 sys=0.04, real=0.03 secs] 
2021-05-23T22:22:54.578+0800: 823926.230: [GC (Allocation Failure) [PSYoungGen: 508000K->10272K(510464K)] 1016060K->526837K(1034752K), 0.0297032 secs] [Times: user=0.07 sys=0.00, real=0.03 secs] 
2021-05-23T22:22:54.608+0800: 823926.260: [Full GC (Ergonomics) [PSYoungGen: 10272K->0K(510464K)] [ParOldGen: 516565K->298611K(524288K)] 526837K->298611K(1034752K), [Metaspace: 95514K->95511K(1136640K)], 0.4756493 secs] [Times: user=1.05 sys=0.00, real=0.48 secs] 
2021-05-23T22:27:49.145+0800: 824220.797: [GC (Allocation Failure) [PSYoungGen: 496640K->11040K(510464K)] 795251K->309651K(1034752K), 0.1103858 secs] [Times: user=0.07 sys=0.00, real=0.11 secs] 
2021-05-23T22:32:38.979+0800: 824510.631: [GC (Allocation Failure) [PSYoungGen: 507680K->12352K(510464K)] 806291K->320246K(1034752K), 0.0291523 secs] [Times: user=0.03 sys=0.04, real=0.03 secs] 
2021-05-23T22:37:30.522+0800: 824802.174: [GC (Allocation Failure) [PSYoungGen: 508992K->10656K(510464K)] 816886K->328567K(1034752K), 0.0246474 secs] [Times: user=0.08 sys=0.00, real=0.03 secs] 
2021-05-23T22:42:23.301+0800: 825094.953: [GC (Allocation Failure) [PSYoungGen: 507296K->12896K(509440K)] 825207K->338858K(1033728K), 0.0353147 secs] [Times: user=0.10 sys=0.00, real=0.04 secs] 
2021-05-23T22:47:14.524+0800: 825386.176: [GC (Allocation Failure) [PSYoungGen: 508512K->11520K(509952K)] 834474K->346910K(1034240K), 0.0225821 secs] [Times: user=0.04 sys=0.03, real=0.02 secs] 
2021-05-23T22:52:05.272+0800: 825676.924: [GC (Allocation Failure) [PSYoungGen: 507136K->13056K(509952K)] 842526K->357370K(1034240K), 0.0323603 secs] [Times: user=0.09 sys=0.00, real=0.04 secs] 
2021-05-23T22:56:54.640+0800: 825966.292: [GC (Allocation Failure) [PSYoungGen: 508672K->13056K(508928K)] 852986K->366309K(1033216K), 0.0271931 secs] [Times: user=0.08 sys=0.00, real=0.03 secs] 
2021-05-23T23:01:50.653+0800: 826262.305: [GC (Allocation Failure) [PSYoungGen: 508672K->9792K(509440K)] 861925K->373438K(1033728K), 0.0268860 secs] [Times: user=0.07 sys=0.00, real=0.02 secs] 
2021-05-23T23:06:37.995+0800: 826549.647: [GC (Allocation Failure) [PSYoungGen: 504384K->12224K(509440K)] 868030K->384160K(1033728K), 0.0323924 secs] [Times: user=0.09 sys=0.00, real=0.03 secs] 
2021-05-23T23:11:29.128+0800: 826840.780: [GC (Allocation Failure) [PSYoungGen: 506816K->9920K(509440K)] 878752K->390219K(1033728K), 0.0304967 secs] [Times: user=0.03 sys=0.03, real=0.03 secs] 
2021-05-23T23:16:19.857+0800: 827131.509: [GC (Allocation Failure) [PSYoungGen: 504512K->8896K(509440K)] 884811K->396189K(1033728K), 0.0218167 secs] [Times: user=0.03 sys=0.03, real=0.02 secs] 
2021-05-23T23:21:09.962+0800: 827421.614: [GC (Allocation Failure) [PSYoungGen: 503488K->9856K(509440K)] 890781K->403760K(1033728K), 0.0249452 secs] [Times: user=0.03 sys=0.04, real=0.02 secs] 
2021-05-23T23:26:04.991+0800: 827716.643: [GC (Allocation Failure) [PSYoungGen: 504448K->11296K(509440K)] 898352K->412803K(1033728K), 0.0270098 secs] [Times: user=0.03 sys=0.04, real=0.03 secs] 
2021-05-23T23:30:58.522+0800: 828010.174: [GC (Allocation Failure) [PSYoungGen: 505888K->9920K(509952K)] 907395K->420029K(1034240K), 0.0250927 secs] [Times: user=0.08 sys=0.00, real=0.02 secs] 
2021-05-23T23:35:56.025+0800: 828307.677: [GC (Allocation Failure) [PSYoungGen: 505536K->11776K(509952K)] 915645K->429457K(1034240K), 0.0324939 secs] [Times: user=0.04 sys=0.05, real=0.03 secs] 
2021-05-23T23:40:50.646+0800: 828602.298: [GC (Allocation Failure) [PSYoungGen: 507392K->13024K(508928K)] 925073K->439652K(1033216K), 0.0310852 secs] [Times: user=0.04 sys=0.05, real=0.03 secs] 
2021-05-23T23:45:46.047+0800: 828897.699: [GC (Allocation Failure) [PSYoungGen: 507616K->10208K(509440K)] 934244K->446846K(1033728K), 0.0232752 secs] [Times: user=0.07 sys=0.00, real=0.02 secs] 
2021-05-23T23:50:38.206+0800: 829189.858: [GC (Allocation Failure) [PSYoungGen: 504800K->10080K(509952K)] 941438K->454368K(1034240K), 0.0289514 secs] [Times: user=0.04 sys=0.04, real=0.03 secs] 
2021-05-23T23:55:30.285+0800: 829481.937: [GC (Allocation Failure) [PSYoungGen: 505184K->10784K(509440K)] 949472K->462235K(1033728K), 0.0463610 secs] [Times: user=0.03 sys=0.04, real=0.04 secs] 
2021-05-24T00:00:10.415+0800: 829762.067: [GC (Allocation Failure) [PSYoungGen: 505888K->10336K(510464K)] 957339K->469661K(1034752K), 0.0695812 secs] [Times: user=0.04 sys=0.04, real=0.07 secs] 
2021-05-24T00:04:58.086+0800: 830049.738: [GC (Allocation Failure) [PSYoungGen: 506464K->10912K(509952K)] 965789K->478695K(1034240K), 0.0367046 secs] [Times: user=0.05 sys=0.06, real=0.04 secs] 
2021-05-24T00:09:48.724+0800: 830340.376: [GC (Allocation Failure) [PSYoungGen: 507040K->12960K(509440K)] 974823K->488618K(1033728K), 0.0281186 secs] [Times: user=0.09 sys=0.00, real=0.03 secs] 
2021-05-24T00:14:43.413+0800: 830635.065: [GC (Allocation Failure) [PSYoungGen: 508575K->9856K(509952K)] 984233K->494356K(1034240K), 0.0310138 secs] [Times: user=0.08 sys=0.00, real=0.03 secs] 
2021-05-24T00:19:35.017+0800: 830926.669: [GC (Allocation Failure) [PSYoungGen: 505472K->11104K(510464K)] 989972K->503255K(1034752K), 0.0262764 secs] [Times: user=0.04 sys=0.04, real=0.03 secs] 
2021-05-24T00:24:29.044+0800: 831220.696: [GC (Allocation Failure) [PSYoungGen: 507232K->12640K(509952K)] 999383K->513258K(1034240K), 0.0279240 secs] [Times: user=0.04 sys=0.04, real=0.03 secs] 
2021-05-24T00:29:21.804+0800: 831513.456: [GC (Allocation Failure) [PSYoungGen: 508768K->12576K(509952K)] 1009386K->523069K(1034240K), 0.0306553 secs] [Times: user=0.09 sys=0.00, real=0.03 secs] 
2021-05-24T00:34:15.820+0800: 831807.472: [GC (Allocation Failure) [PSYoungGen: 508192K->13216K(508928K)] 1018685K->532896K(1033216K), 0.0263061 secs] [Times: user=0.04 sys=0.04, real=0.03 secs] 
2021-05-24T00:34:15.847+0800: 831807.499: [Full GC (Ergonomics) [PSYoungGen: 13216K->0K(508928K)] [ParOldGen: 519680K->302899K(524288K)] 532896K->302899K(1033216K), [Metaspace: 95517K->95517K(1136640K)], 0.4443479 secs] [Times: user=0.99 sys=0.00, real=0.44 secs] 
2021-05-24T00:39:10.607+0800: 832102.259: [GC (Allocation Failure) [PSYoungGen: 495616K->12096K(509440K)] 798515K->314995K(1033728K), 0.0228277 secs] [Times: user=0.04 sys=0.03, real=0.02 secs] 
2021-05-24T00:43:58.636+0800: 832390.289: [GC (Allocation Failure) [PSYoungGen: 506688K->11296K(509440K)] 809587K->323350K(1033728K), 0.0266162 secs] [Times: user=0.04 sys=0.05, real=0.03 secs] 
2021-05-24T00:48:53.859+0800: 832685.511: [GC (Allocation Failure) [PSYoungGen: 505888K->10528K(509952K)] 817942K->331152K(1034240K), 0.0325675 secs] [Times: user=0.04 sys=0.04, real=0.03 secs] 
2021-05-24T00:53:46.325+0800: 832977.977: [GC (Allocation Failure) [PSYoungGen: 506144K->13152K(508928K)] 826768K->342106K(1033216K), 0.0254489 secs] [Times: user=0.03 sys=0.03, real=0.02 secs] 
2021-05-24T00:58:39.256+0800: 833270.908: [GC (Allocation Failure) [PSYoungGen: 508763K->10720K(509440K)] 837717K->349173K(1033728K), 0.0313064 secs] [Times: user=0.03 sys=0.04, real=0.03 secs] 
2021-05-24T01:03:31.957+0800: 833563.609: [GC (Allocation Failure) [PSYoungGen: 505312K->10368K(509440K)] 843765K->356377K(1033728K), 0.0247392 secs] [Times: user=0.03 sys=0.04, real=0.02 secs] 
2021-05-24T01:08:23.550+0800: 833855.202: [GC (Allocation Failure) [PSYoungGen: 504960K->9696K(509952K)] 850969K->364379K(1034240K), 0.0256352 secs] [Times: user=0.07 sys=0.00, real=0.03 secs] 
2021-05-24T01:13:16.344+0800: 834147.996: [GC (Allocation Failure) [PSYoungGen: 505312K->10976K(509952K)] 859995K->372199K(1034240K), 0.0361582 secs] [Times: user=0.05 sys=0.05, real=0.03 secs] 
2021-05-24T01:18:09.510+0800: 834441.162: [GC (Allocation Failure) [PSYoungGen: 506592K->10752K(509952K)] 867815K->380274K(1034240K), 0.0299012 secs] [Times: user=0.04 sys=0.04, real=0.03 secs] 
2021-05-24T01:23:00.365+0800: 834732.017: [GC (Allocation Failure) [PSYoungGen: 506368K->10208K(509952K)] 875890K->388196K(1034240K), 0.0245921 secs] [Times: user=0.03 sys=0.04, real=0.02 secs] 
2021-05-24T01:27:52.681+0800: 835024.333: [GC (Allocation Failure) [PSYoungGen: 505824K->12064K(509440K)] 883812K->397639K(1033728K), 0.0370270 secs] [Times: user=0.08 sys=0.00, real=0.04 secs] 
2021-05-24T01:32:40.637+0800: 835312.289: [GC (Allocation Failure) [PSYoungGen: 507680K->12960K(509952K)] 893255K->407506K(1034240K), 0.0310099 secs] [Times: user=0.09 sys=0.00, real=0.03 secs] 
2021-05-24T01:37:35.482+0800: 835607.134: [GC (Allocation Failure) [PSYoungGen: 508576K->10240K(509952K)] 903122K->414563K(1034240K), 0.0281390 secs] [Times: user=0.04 sys=0.04, real=0.03 secs] 
2021-05-24T01:42:25.386+0800: 835897.038: [GC (Allocation Failure) [PSYoungGen: 505856K->12288K(509952K)] 910179K->423767K(1034240K), 0.0287536 secs] [Times: user=0.08 sys=0.00, real=0.03 secs] 
2021-05-24T01:47:16.755+0800: 836188.407: [GC (Allocation Failure) [PSYoungGen: 507904K->10016K(509952K)] 919383K->431280K(1034240K), 0.0218805 secs] [Times: user=0.03 sys=0.04, real=0.02 secs] 
2021-05-24T01:52:07.204+0800: 836478.856: [GC (Allocation Failure) [PSYoungGen: 505630K->11136K(509952K)] 926894K->439563K(1034240K), 0.0268739 secs] [Times: user=0.03 sys=0.04, real=0.02 secs] 
2021-05-24T01:57:01.898+0800: 836773.550: [GC (Allocation Failure) [PSYoungGen: 506752K->11744K(510464K)] 935179K->449429K(1034752K), 0.0557090 secs] [Times: user=0.07 sys=0.00, real=0.06 secs] 
2021-05-24T02:01:59.862+0800: 837071.514: [GC (Allocation Failure) [PSYoungGen: 507872K->10752K(509952K)] 945557K->456392K(1034240K), 0.0280211 secs] [Times: user=0.09 sys=0.00, real=0.03 secs] 
2021-05-24T02:06:51.642+0800: 837363.294: [GC (Allocation Failure) [PSYoungGen: 506880K->10432K(510464K)] 952520K->464195K(1034752K), 0.0269863 secs] [Times: user=0.04 sys=0.04, real=0.02 secs] 
2021-05-24T02:11:49.050+0800: 837660.702: [GC (Allocation Failure) [PSYoungGen: 507072K->13280K(509952K)] 960835K->474517K(1034240K), 0.0266813 secs] [Times: user=0.08 sys=0.00, real=0.03 secs] 
2021-05-24T02:16:44.659+0800: 837956.311: [GC (Allocation Failure) [PSYoungGen: 509920K->9792K(509952K)] 971157K->480335K(1034240K), 0.0443655 secs] [Times: user=0.03 sys=0.04, real=0.05 secs] 
2021-05-24T02:21:37.287+0800: 838248.939: [GC (Allocation Failure) [PSYoungGen: 505408K->9856K(509952K)] 975951K->488217K(1034240K), 0.0647426 secs] [Times: user=0.04 sys=0.03, real=0.06 secs] 
2021-05-24T02:26:29.637+0800: 838541.289: [GC (Allocation Failure) [PSYoungGen: 505472K->11328K(510464K)] 983833K->497555K(1034752K), 0.0332988 secs] [Times: user=0.03 sys=0.05, real=0.03 secs] 
2021-05-24T02:31:23.438+0800: 838835.090: [GC (Allocation Failure) [PSYoungGen: 507456K->11072K(509952K)] 993683K->506341K(1034240K), 0.0256064 secs] [Times: user=0.04 sys=0.04, real=0.03 secs] 
2021-05-24T02:36:14.882+0800: 839126.534: [GC (Allocation Failure) [PSYoungGen: 507200K->12800K(509440K)] 1002469K->516305K(1033728K), 0.0337924 secs] [Times: user=0.04 sys=0.04, real=0.03 secs] 
2021-05-24T02:41:09.787+0800: 839421.439: [GC (Allocation Failure) [PSYoungGen: 508416K->11360K(509952K)] 1011921K->525243K(1034240K), 0.0292890 secs] [Times: user=0.04 sys=0.04, real=0.03 secs] 
2021-05-24T02:41:09.817+0800: 839421.469: [Full GC (Ergonomics) [PSYoungGen: 11360K->0K(509952K)] [ParOldGen: 513883K->292758K(524288K)] 525243K->292758K(1034240K), [Metaspace: 95517K->95517K(1136640K)], 0.4120142 secs] [Times: user=0.91 sys=0.00, real=0.41 secs] 
2021-05-24T02:46:05.565+0800: 839717.217: [GC (Allocation Failure) [PSYoungGen: 495616K->10752K(510464K)] 788374K->303510K(1034752K), 0.0180313 secs] [Times: user=0.02 sys=0.02, real=0.02 secs] 
2021-05-24T02:51:00.417+0800: 840012.069: [GC (Allocation Failure) [PSYoungGen: 507392K->9504K(510464K)] 800150K->311748K(1034752K), 0.0232365 secs] [Times: user=0.04 sys=0.04, real=0.02 secs] 
2021-05-24T02:55:50.446+0800: 840302.099: [GC (Allocation Failure) [PSYoungGen: 506144K->9440K(510464K)] 808388K->318352K(1034752K), 0.0215235 secs] [Times: user=0.07 sys=0.00, real=0.02 secs] 
2021-05-24T03:00:43.303+0800: 840594.955: [GC (Allocation Failure) [PSYoungGen: 506080K->10688K(510464K)] 814992K->326794K(1034752K), 0.0228970 secs] [Times: user=0.07 sys=0.00, real=0.02 secs] 
2021-05-24T03:05:34.612+0800: 840886.264: [GC (Allocation Failure) [PSYoungGen: 507328K->12352K(510464K)] 823434K->336718K(1034752K), 0.0263381 secs] [Times: user=0.03 sys=0.04, real=0.03 secs] 
2021-05-24T03:10:23.679+0800: 841175.331: [GC (Allocation Failure) [PSYoungGen: 508992K->10176K(510464K)] 833358K->344718K(1034752K), 0.0328998 secs] [Times: user=0.05 sys=0.05, real=0.03 secs] 
2021-05-24T03:15:18.378+0800: 841470.030: [GC (Allocation Failure) [PSYoungGen: 506816K->10816K(510976K)] 841358K->352585K(1035264K), 0.0636622 secs] [Times: user=0.03 sys=0.03, real=0.06 secs] 
2021-05-24T03:20:10.637+0800: 841762.289: [GC (Allocation Failure) [PSYoungGen: 507968K->8800K(510464K)] 849737K->358794K(1034752K), 0.0315768 secs] [Times: user=0.08 sys=0.00, real=0.03 secs] 
2021-05-24T03:25:07.656+0800: 842059.308: [GC (Allocation Failure) [PSYoungGen: 505952K->9408K(510464K)] 855946K->366573K(1034752K), 0.0284391 secs] [Times: user=0.04 sys=0.04, real=0.03 secs] 
2021-05-24T03:29:55.318+0800: 842346.970: [GC (Allocation Failure) [PSYoungGen: 506048K->11520K(510464K)] 863213K->376202K(1034752K), 0.0285338 secs] [Times: user=0.08 sys=0.00, real=0.03 secs] 
2021-05-24T03:34:46.232+0800: 842637.884: [GC (Allocation Failure) [PSYoungGen: 508160K->10688K(510976K)] 872842K->384125K(1035264K), 0.0288947 secs] [Times: user=0.08 sys=0.00, real=0.03 secs] 
2021-05-24T03:39:40.592+0800: 842932.244: [GC (Allocation Failure) [PSYoungGen: 507840K->11264K(510464K)] 881277K->392952K(1034752K), 0.0290956 secs] [Times: user=0.09 sys=0.00, real=0.03 secs] 
2021-05-24T03:44:31.720+0800: 843223.373: [GC (Allocation Failure) [PSYoungGen: 508416K->11680K(510976K)] 890104K->401467K(1035264K), 0.0351902 secs] [Times: user=0.04 sys=0.05, real=0.04 secs] 
2021-05-24T03:49:24.471+0800: 843516.123: [GC (Allocation Failure) [PSYoungGen: 509344K->10688K(510976K)] 899131K->408775K(1035264K), 0.0293768 secs] [Times: user=0.05 sys=0.05, real=0.03 secs] 
2021-05-24T03:54:22.614+0800: 843814.266: [GC (Allocation Failure) [PSYoungGen: 508352K->9248K(510976K)] 906439K->415833K(1035264K), 0.0246775 secs] [Times: user=0.08 sys=0.00, real=0.02 secs] 
2021-05-24T03:59:16.205+0800: 844107.857: [GC (Allocation Failure) [PSYoungGen: 506912K->12032K(509952K)] 913497K->425742K(1034240K), 0.0353113 secs] [Times: user=0.08 sys=0.00, real=0.03 secs] 
2021-05-24T04:04:08.494+0800: 844400.146: [GC (Allocation Failure) [PSYoungGen: 509696K->9952K(510976K)] 923406K->433911K(1035264K), 0.0321732 secs] [Times: user=0.05 sys=0.05, real=0.03 secs] 
2021-05-24T04:08:59.137+0800: 844690.789: [GC (Allocation Failure) [PSYoungGen: 507104K->11360K(510464K)] 931063K->442378K(1034752K), 0.0518682 secs] [Times: user=0.05 sys=0.05, real=0.05 secs] 
2021-05-24T04:13:50.047+0800: 844981.699: [GC (Allocation Failure) [PSYoungGen: 508512K->12960K(509952K)] 939530K->452701K(1034240K), 0.0294223 secs] [Times: user=0.05 sys=0.04, real=0.03 secs] 
2021-05-24T04:18:42.808+0800: 845274.460: [GC (Allocation Failure) [PSYoungGen: 509600K->10240K(510464K)] 949341K->459511K(1034752K), 0.0230769 secs] [Times: user=0.03 sys=0.04, real=0.02 secs] 
2021-05-24T04:23:40.842+0800: 845572.495: [GC (Allocation Failure) [PSYoungGen: 506880K->10464K(510464K)] 956151K->468193K(1034752K), 0.0239825 secs] [Times: user=0.04 sys=0.04, real=0.02 secs] 
2021-05-24T04:28:36.464+0800: 845868.116: [GC (Allocation Failure) [PSYoungGen: 507104K->10016K(510464K)] 964833K->475780K(1034752K), 0.0237896 secs] [Times: user=0.04 sys=0.04, real=0.02 secs] 
2021-05-24T04:33:30.771+0800: 846162.423: [GC (Allocation Failure) [PSYoungGen: 506656K->11488K(510464K)] 972420K->484879K(1034752K), 0.0255897 secs] [Times: user=0.04 sys=0.05, real=0.03 secs] 
2021-05-24T04:38:24.161+0800: 846455.813: [GC (Allocation Failure) [PSYoungGen: 508128K->11456K(510464K)] 981519K->493099K(1034752K), 0.0777236 secs] [Times: user=0.05 sys=0.05, real=0.08 secs] 
2021-05-24T04:43:13.449+0800: 846745.101: [GC (Allocation Failure) [PSYoungGen: 508096K->12096K(509952K)] 989739K->502014K(1034240K), 0.0293669 secs] [Times: user=0.09 sys=0.00, real=0.03 secs] 
2021-05-24T04:48:09.306+0800: 847040.958: [GC (Allocation Failure) [PSYoungGen: 508736K->11328K(510464K)] 998654K->511015K(1034752K), 0.0402100 secs] [Times: user=0.03 sys=0.04, real=0.04 secs] 
2021-05-24T04:53:02.504+0800: 847334.156: [GC (Allocation Failure) [PSYoungGen: 507968K->11040K(510976K)] 1007655K->519250K(1035264K), 0.0273920 secs] [Times: user=0.04 sys=0.04, real=0.02 secs] 
2021-05-24T04:57:59.310+0800: 847630.962: [GC (Allocation Failure) [PSYoungGen: 508192K->12288K(510464K)] 1016402K->528565K(1034752K), 0.0275582 secs] [Times: user=0.08 sys=0.00, real=0.03 secs] 
2021-05-24T04:57:59.338+0800: 847630.990: [Full GC (Ergonomics) [PSYoungGen: 12288K->0K(510464K)] [ParOldGen: 516277K->303430K(524288K)] 528565K->303430K(1034752K), [Metaspace: 95517K->95517K(1136640K)], 0.5590194 secs] [Times: user=1.08 sys=0.00, real=0.56 secs] 
2021-05-24T05:02:49.868+0800: 847921.520: [GC (Allocation Failure) [PSYoungGen: 497152K->13440K(509440K)] 800582K->316870K(1033728K), 0.0239712 secs] [Times: user=0.03 sys=0.04, real=0.02 secs] 
2021-05-24T05:07:50.015+0800: 848221.668: [GC (Allocation Failure) [PSYoungGen: 509056K->12608K(509952K)] 812486K->326568K(1034240K), 0.0396898 secs] [Times: user=0.05 sys=0.05, real=0.04 secs] 
2021-05-24T05:12:44.236+0800: 848515.888: [GC (Allocation Failure) [PSYoungGen: 508224K->12096K(509952K)] 822184K->334543K(1034240K), 0.0383144 secs] [Times: user=0.04 sys=0.04, real=0.04 secs] 
2021-05-24T05:17:39.763+0800: 848811.415: [GC (Allocation Failure) [PSYoungGen: 507712K->11968K(509952K)] 830159K->344169K(1034240K), 0.0345415 secs] [Times: user=0.08 sys=0.00, real=0.03 secs] 
2021-05-24T05:22:29.430+0800: 849101.082: [GC (Allocation Failure) [PSYoungGen: 507584K->12320K(509952K)] 839785K->352732K(1034240K), 0.0370074 secs] [Times: user=0.04 sys=0.04, real=0.04 secs] 
2021-05-24T05:27:19.455+0800: 849391.107: [GC (Allocation Failure) [PSYoungGen: 507936K->13568K(509440K)] 848348K->363454K(1033728K), 0.0326735 secs] [Times: user=0.04 sys=0.04, real=0.03 secs] 
2021-05-24T05:32:12.296+0800: 849683.948: [GC (Allocation Failure) [PSYoungGen: 509184K->14816K(500224K)] 859070K->375220K(1024512K), 0.0288194 secs] [Times: user=0.09 sys=0.00, real=0.03 secs] 
2021-05-24T05:37:02.580+0800: 849974.232: [GC (Allocation Failure) [PSYoungGen: 500192K->12992K(504832K)] 860596K->384494K(1029120K), 0.0362830 secs] [Times: user=0.04 sys=0.05, real=0.04 secs] 
2021-05-24T05:41:43.795+0800: 850255.447: [GC (Allocation Failure) [PSYoungGen: 498367K->15168K(505344K)] 869870K->395539K(1029632K), 0.0247472 secs] [Times: user=0.07 sys=0.00, real=0.02 secs] 
2021-05-24T05:46:32.753+0800: 850544.405: [GC (Allocation Failure) [PSYoungGen: 501568K->14336K(505344K)] 881939K->405687K(1029632K), 0.0262599 secs] [Times: user=0.04 sys=0.04, real=0.02 secs] 
2021-05-24T05:51:19.755+0800: 850831.407: [GC (Allocation Failure) [PSYoungGen: 500736K->11648K(505344K)] 892087K->414026K(1029632K), 0.0432477 secs] [Times: user=0.06 sys=0.00, real=0.04 secs] 
2021-05-24T05:56:08.046+0800: 851119.698: [GC (Allocation Failure) [PSYoungGen: 498048K->14336K(505344K)] 900426K->425582K(1029632K), 0.0285748 secs] [Times: user=0.08 sys=0.00, real=0.03 secs] 
2021-05-24T06:00:59.361+0800: 851411.013: [GC (Allocation Failure) [PSYoungGen: 500736K->12768K(505856K)] 911982K->433920K(1030144K), 0.0383767 secs] [Times: user=0.05 sys=0.04, real=0.04 secs] 
2021-05-24T06:05:49.728+0800: 851701.380: [GC (Allocation Failure) [PSYoungGen: 500192K->13312K(505856K)] 921344K->443587K(1030144K), 0.0257172 secs] [Times: user=0.03 sys=0.04, real=0.03 secs] 
2021-05-24T06:10:44.058+0800: 851995.711: [GC (Allocation Failure) [PSYoungGen: 500736K->12448K(506880K)] 931011K->451525K(1031168K), 0.0280437 secs] [Times: user=0.04 sys=0.04, real=0.03 secs] 
2021-05-24T06:15:30.504+0800: 852282.156: [GC (Allocation Failure) [PSYoungGen: 501408K->10400K(506368K)] 940485K->458960K(1030656K), 0.0256328 secs] [Times: user=0.08 sys=0.00, real=0.02 secs] 
2021-05-24T06:20:16.386+0800: 852568.038: [GC (Allocation Failure) [PSYoungGen: 499360K->13632K(506880K)] 947920K->469180K(1031168K), 0.0265228 secs] [Times: user=0.03 sys=0.04, real=0.03 secs] 
2021-05-24T06:25:10.329+0800: 852861.981: [GC (Allocation Failure) [PSYoungGen: 503104K->13856K(506880K)] 958652K->479998K(1031168K), 0.1167073 secs] [Times: user=0.05 sys=0.05, real=0.12 secs] 
2021-05-24T06:29:57.742+0800: 853149.394: [GC (Allocation Failure) [PSYoungGen: 503328K->12768K(507392K)] 969470K->487987K(1031680K), 0.0328749 secs] [Times: user=0.05 sys=0.04, real=0.04 secs] 
2021-05-24T06:34:48.409+0800: 853440.061: [GC (Allocation Failure) [PSYoungGen: 502752K->15104K(506880K)] 977971K->500135K(1031168K), 0.0321596 secs] [Times: user=0.04 sys=0.04, real=0.03 secs] 
2021-05-24T06:39:40.627+0800: 853732.279: [GC (Allocation Failure) [PSYoungGen: 505088K->13952K(506880K)] 990119K->508394K(1031168K), 0.0265411 secs] [Times: user=0.04 sys=0.04, real=0.03 secs] 
2021-05-24T06:44:27.979+0800: 854019.631: [GC (Allocation Failure) [PSYoungGen: 503424K->11968K(506880K)] 997866K->516426K(1031168K), 0.0349317 secs] [Times: user=0.05 sys=0.04, real=0.04 secs] 
2021-05-24T06:49:16.077+0800: 854307.729: [GC (Allocation Failure) [PSYoungGen: 501440K->15952K(505344K)] 1005898K->527656K(1029632K), 0.0297656 secs] [Times: user=0.05 sys=0.04, real=0.03 secs] 
2021-05-24T06:54:07.337+0800: 854598.989: [GC (Allocation Failure) [PSYoungGen: 504400K->13856K(506368K)] 1016104K->537082K(1030656K), 0.0289249 secs] [Times: user=0.04 sys=0.04, real=0.03 secs] 
2021-05-24T06:54:07.366+0800: 854599.019: [Full GC (Ergonomics) [PSYoungGen: 13856K->0K(506368K)] [ParOldGen: 523226K->306147K(524288K)] 537082K->306147K(1030656K), [Metaspace: 95542K->95542K(1136640K)], 0.4610569 secs] [Times: user=0.94 sys=0.01, real=0.46 secs] 
2021-05-24T06:58:57.850+0800: 854889.502: [GC (Allocation Failure) [PSYoungGen: 488448K->13216K(507392K)] 794595K->319363K(1031680K), 0.0214290 secs] [Times: user=0.06 sys=0.00, real=0.02 secs] 
2021-05-24T07:03:48.238+0800: 855179.890: [GC (Allocation Failure) [PSYoungGen: 503200K->13394K(506880K)] 809347K->330160K(1031168K), 0.0258942 secs] [Times: user=0.04 sys=0.04, real=0.03 secs] 
2021-05-24T07:08:36.488+0800: 855468.140: [GC (Allocation Failure) [PSYoungGen: 503378K->12608K(507392K)] 820144K->339185K(1031680K), 0.0286556 secs] [Times: user=0.08 sys=0.00, real=0.03 secs] 
2021-05-24T07:13:26.410+0800: 855758.062: [GC (Allocation Failure) [PSYoungGen: 503104K->12128K(507392K)] 829681K->346949K(1031680K), 0.0244593 secs] [Times: user=0.04 sys=0.03, real=0.03 secs] 
2021-05-24T07:18:16.146+0800: 856047.798: [GC (Allocation Failure) [PSYoungGen: 502624K->14080K(507904K)] 837445K->357648K(1032192K), 0.0423349 secs] [Times: user=0.03 sys=0.03, real=0.04 secs] 
2021-05-24T07:23:08.659+0800: 856340.311: [GC (Allocation Failure) [PSYoungGen: 505600K->13664K(507904K)] 849168K->367714K(1032192K), 0.0281842 secs] [Times: user=0.08 sys=0.00, real=0.03 secs] 
2021-05-24T07:27:56.483+0800: 856628.135: [GC (Allocation Failure) [PSYoungGen: 505184K->15104K(506880K)] 859234K->378581K(1031168K), 0.0220386 secs] [Times: user=0.07 sys=0.00, real=0.02 secs] 
2021-05-24T07:32:47.314+0800: 856918.966: [GC (Allocation Failure) [PSYoungGen: 505600K->13984K(507392K)] 869077K->388255K(1031680K), 0.0251434 secs] [Times: user=0.04 sys=0.04, real=0.02 secs] 
2021-05-24T07:37:38.119+0800: 857209.771: [GC (Allocation Failure) [PSYoungGen: 504480K->14400K(507904K)] 878751K->398468K(1032192K), 0.0304546 secs] [Times: user=0.03 sys=0.03, real=0.03 secs] 
2021-05-24T07:42:26.366+0800: 857498.018: [GC (Allocation Failure) [PSYoungGen: 505920K->12128K(507904K)] 889988K->406374K(1032192K), 0.0276400 secs] [Times: user=0.04 sys=0.04, real=0.03 secs] 
2021-05-24T07:47:18.609+0800: 857790.262: [GC (Allocation Failure) [PSYoungGen: 503648K->12672K(507904K)] 897894K->415665K(1032192K), 0.0297559 secs] [Times: user=0.03 sys=0.04, real=0.03 secs] 
2021-05-24T07:52:11.769+0800: 858083.421: [GC (Allocation Failure) [PSYoungGen: 504192K->12224K(507904K)] 907185K->424405K(1032192K), 0.0351924 secs] [Times: user=0.04 sys=0.04, real=0.04 secs] 
2021-05-24T07:57:03.170+0800: 858374.822: [GC (Allocation Failure) [PSYoungGen: 503744K->13600K(507904K)] 915925K->435672K(1032192K), 0.0269141 secs] [Times: user=0.04 sys=0.04, real=0.03 secs] 
2021-05-24T08:01:54.910+0800: 858666.562: [GC (Allocation Failure) [PSYoungGen: 505120K->13120K(507904K)] 927192K->445283K(1032192K), 0.0276996 secs] [Times: user=0.04 sys=0.03, real=0.03 secs] 
2021-05-24T08:06:47.026+0800: 858958.678: [GC (Allocation Failure) [PSYoungGen: 504640K->12576K(508416K)] 936803K->454021K(1032704K), 0.0284021 secs] [Times: user=0.04 sys=0.04, real=0.03 secs] 
2021-05-24T08:11:35.780+0800: 859247.433: [GC (Allocation Failure) [PSYoungGen: 505120K->12960K(508416K)] 946565K->463057K(1032704K), 0.0262218 secs] [Times: user=0.07 sys=0.00, real=0.03 secs] 
2021-05-24T08:16:26.034+0800: 859537.686: [GC (Allocation Failure) [PSYoungGen: 505504K->13760K(508416K)] 955601K->471940K(1032704K), 0.0278692 secs] [Times: user=0.08 sys=0.00, real=0.02 secs] 
2021-05-24T08:21:19.958+0800: 859831.610: [GC (Allocation Failure) [PSYoungGen: 506304K->12640K(508416K)] 964484K->480197K(1032704K), 0.0262964 secs] [Times: user=0.07 sys=0.00, real=0.03 secs] 
2021-05-24T08:26:10.076+0800: 860121.728: [GC (Allocation Failure) [PSYoungGen: 505184K->12576K(508928K)] 972741K->488664K(1033216K), 0.0328921 secs] [Times: user=0.04 sys=0.04, real=0.03 secs] 
2021-05-24T08:30:53.463+0800: 860405.115: [GC (Allocation Failure) [PSYoungGen: 506144K->12864K(508928K)] 982232K->497684K(1033216K), 0.0243037 secs] [Times: user=0.03 sys=0.04, real=0.02 secs] 
2021-05-24T08:35:37.449+0800: 860689.101: [GC (Allocation Failure) [PSYoungGen: 506432K->12288K(508928K)] 991252K->507414K(1033216K), 0.0274250 secs] [Times: user=0.03 sys=0.03, real=0.03 secs] 
2021-05-24T08:40:22.936+0800: 860974.588: [GC (Allocation Failure) [PSYoungGen: 505856K->12128K(508928K)] 1000982K->516224K(1033216K), 0.0285763 secs] [Times: user=0.05 sys=0.04, real=0.03 secs] 
2021-05-24T08:45:17.176+0800: 861268.828: [GC (Allocation Failure) [PSYoungGen: 505696K->10848K(508928K)] 1009792K->524130K(1033216K), 0.0291269 secs] [Times: user=0.04 sys=0.04, real=0.03 secs] 
2021-05-24T08:50:08.557+0800: 861560.209: [GC (Allocation Failure) [PSYoungGen: 504416K->13152K(508928K)] 1017698K->533223K(1033216K), 0.0278791 secs] [Times: user=0.07 sys=0.00, real=0.03 secs] 
2021-05-24T08:50:08.586+0800: 861560.238: [Full GC (Ergonomics) [PSYoungGen: 13152K->0K(508928K)] [ParOldGen: 520071K->300846K(524288K)] 533223K->300846K(1033216K), [Metaspace: 95544K->95540K(1136640K)], 0.4545430 secs] [Times: user=0.99 sys=0.00, real=0.45 secs] 
2021-05-24T08:55:10.032+0800: 861861.684: [GC (Allocation Failure) [PSYoungGen: 493568K->13920K(508928K)] 794414K->314766K(1033216K), 0.0436784 secs] [Times: user=0.04 sys=0.05, real=0.05 secs] 
2021-05-24T09:00:01.080+0800: 862152.733: [GC (Allocation Failure) [PSYoungGen: 507488K->15296K(508928K)] 808334K->326527K(1033216K), 0.0504090 secs] [Times: user=0.04 sys=0.04, real=0.05 secs] 
2021-05-24T09:04:51.918+0800: 862443.570: [GC (Allocation Failure) [PSYoungGen: 508864K->11808K(507904K)] 820095K->334031K(1032192K), 0.0304074 secs] [Times: user=0.05 sys=0.05, real=0.03 secs] 
2021-05-24T09:09:42.037+0800: 862733.689: [GC (Allocation Failure) [PSYoungGen: 504352K->11712K(508416K)] 826575K->342658K(1032704K), 0.0255158 secs] [Times: user=0.07 sys=0.00, real=0.03 secs] 
2021-05-24T09:14:32.099+0800: 863023.751: [GC (Allocation Failure) [PSYoungGen: 504256K->13888K(508416K)] 835202K->353311K(1032704K), 0.0231349 secs] [Times: user=0.03 sys=0.03, real=0.02 secs] 
2021-05-24T09:19:22.315+0800: 863313.967: [GC (Allocation Failure) [PSYoungGen: 506432K->13536K(508416K)] 845855K->362929K(1032704K), 0.0245891 secs] [Times: user=0.03 sys=0.03, real=0.02 secs] 
2021-05-24T09:24:17.672+0800: 863609.324: [GC (Allocation Failure) [PSYoungGen: 506080K->12000K(508416K)] 855473K->371845K(1032704K), 0.0506411 secs] [Times: user=0.10 sys=0.00, real=0.06 secs] 
2021-05-24T09:29:08.127+0800: 863899.779: [GC (Allocation Failure) [PSYoungGen: 504544K->12384K(508416K)] 864389K->382167K(1032704K), 0.0629208 secs] [Times: user=0.08 sys=0.00, real=0.06 secs] 
2021-05-24T09:33:56.536+0800: 864188.188: [GC (Allocation Failure) [PSYoungGen: 504928K->12032K(508416K)] 874711K->391033K(1032704K), 0.0384913 secs] [Times: user=0.10 sys=0.00, real=0.04 secs] 
2021-05-24T09:38:46.697+0800: 864478.349: [GC (Allocation Failure) [PSYoungGen: 504576K->11744K(508416K)] 883577K->399877K(1032704K), 0.0385122 secs] [Times: user=0.03 sys=0.05, real=0.04 secs] 
2021-05-24T09:43:39.107+0800: 864770.759: [GC (Allocation Failure) [PSYoungGen: 504288K->13152K(508928K)] 892421K->410457K(1033216K), 0.0270148 secs] [Times: user=0.04 sys=0.04, real=0.03 secs] 
2021-05-24T09:48:28.535+0800: 865060.187: [GC (Allocation Failure) [PSYoungGen: 506720K->11328K(508928K)] 904025K->417907K(1033216K), 0.0251312 secs] [Times: user=0.03 sys=0.04, real=0.02 secs] 
2021-05-24T09:53:19.729+0800: 865351.381: [GC (Allocation Failure) [PSYoungGen: 504896K->13088K(508928K)] 911475K->426888K(1033216K), 0.0264609 secs] [Times: user=0.08 sys=0.00, real=0.03 secs] 
2021-05-24T09:58:08.612+0800: 865640.264: [GC (Allocation Failure) [PSYoungGen: 506656K->12864K(508928K)] 920456K->436627K(1033216K), 0.0407015 secs] [Times: user=0.03 sys=0.04, real=0.05 secs] 
2021-05-24T10:02:59.339+0800: 865930.991: [GC (Allocation Failure) [PSYoungGen: 506432K->11552K(508928K)] 930195K->444277K(1033216K), 0.0239664 secs] [Times: user=0.04 sys=0.04, real=0.03 secs] 
2021-05-24T10:07:51.169+0800: 866222.821: [GC (Allocation Failure) [PSYoungGen: 505120K->11616K(508928K)] 937845K->453097K(1033216K), 0.0253989 secs] [Times: user=0.07 sys=0.00, real=0.03 secs] 
2021-05-24T10:12:44.188+0800: 866515.840: [GC (Allocation Failure) [PSYoungGen: 505184K->13408K(508416K)] 946665K->462717K(1032704K), 0.0278991 secs] [Times: user=0.04 sys=0.03, real=0.03 secs] 
2021-05-24T10:17:29.631+0800: 866801.284: [GC (Allocation Failure) [PSYoungGen: 506976K->14432K(508416K)] 956285K->472103K(1032704K), 0.0403588 secs] [Times: user=0.03 sys=0.04, real=0.04 secs] 
2021-05-24T10:22:18.739+0800: 867090.391: [GC (Allocation Failure) [PSYoungGen: 508000K->12928K(508928K)] 965671K->480841K(1033216K), 0.0286983 secs] [Times: user=0.09 sys=0.00, real=0.03 secs] 
2021-05-24T10:27:12.767+0800: 867384.419: [GC (Allocation Failure) [PSYoungGen: 505984K->11616K(508416K)] 973897K->489388K(1032704K), 0.0305817 secs] [Times: user=0.09 sys=0.00, real=0.03 secs] 
2021-05-24T10:32:03.135+0800: 867674.787: [GC (Allocation Failure) [PSYoungGen: 504666K->11616K(508928K)] 982438K->498646K(1033216K), 0.0289326 secs] [Times: user=0.03 sys=0.04, real=0.03 secs] 
2021-05-24T10:36:49.197+0800: 867960.849: [GC (Allocation Failure) [PSYoungGen: 505184K->10944K(508928K)] 992214K->506520K(1033216K), 0.0244379 secs] [Times: user=0.04 sys=0.04, real=0.02 secs] 
2021-05-24T10:41:40.171+0800: 868251.823: [GC (Allocation Failure) [PSYoungGen: 504512K->10240K(508928K)] 1000088K->513746K(1033216K), 0.0271272 secs] [Times: user=0.03 sys=0.03, real=0.03 secs] 
2021-05-24T10:46:35.310+0800: 868546.962: [GC (Allocation Failure) [PSYoungGen: 503808K->11040K(508928K)] 1007314K->522301K(1033216K), 0.0319410 secs] [Times: user=0.09 sys=0.00, real=0.03 secs] 
2021-05-24T10:51:26.135+0800: 868837.787: [GC (Allocation Failure) [PSYoungGen: 504608K->13664K(507904K)] 1015869K->533721K(1032192K), 0.0326157 secs] [Times: user=0.10 sys=0.00, real=0.03 secs] 
2021-05-24T10:51:26.168+0800: 868837.820: [Full GC (Ergonomics) [PSYoungGen: 13664K->0K(507904K)] [ParOldGen: 520057K->304455K(524288K)] 533721K->304455K(1032192K), [Metaspace: 95544K->95544K(1136640K)], 0.4587110 secs] [Times: user=1.02 sys=0.00, real=0.46 secs] 
2021-05-24T10:56:10.926+0800: 869122.578: [GC (Allocation Failure) [PSYoungGen: 492544K->13056K(508416K)] 796999K->317511K(1032704K), 0.0215469 secs] [Times: user=0.07 sys=0.00, real=0.02 secs] 
2021-05-24T11:01:02.453+0800: 869414.105: [GC (Allocation Failure) [PSYoungGen: 505600K->11008K(508928K)] 810055K->326432K(1033216K), 0.0297825 secs] [Times: user=0.04 sys=0.04, real=0.03 secs] 
2021-05-24T11:05:49.632+0800: 869701.284: [GC (Allocation Failure) [PSYoungGen: 504064K->13696K(508416K)] 819488K->337340K(1032704K), 0.0324354 secs] [Times: user=0.04 sys=0.05, real=0.04 secs] 
2021-05-24T11:10:35.308+0800: 869986.960: [GC (Allocation Failure) [PSYoungGen: 506752K->12896K(508416K)] 830396K->344816K(1032704K), 0.0351107 secs] [Times: user=0.09 sys=0.00, real=0.04 secs] 
2021-05-24T11:15:26.992+0800: 870278.644: [GC (Allocation Failure) [PSYoungGen: 505440K->12896K(508416K)] 837360K->354266K(1032704K), 0.0309098 secs] [Times: user=0.05 sys=0.05, real=0.04 secs] 
2021-05-24T11:20:17.311+0800: 870568.963: [GC (Allocation Failure) [PSYoungGen: 505440K->10688K(508928K)] 846810K->361029K(1033216K), 0.0298674 secs] [Times: user=0.09 sys=0.00, real=0.03 secs] 
2021-05-24T11:25:09.204+0800: 870860.856: [GC (Allocation Failure) [PSYoungGen: 504256K->12192K(508928K)] 854597K->370864K(1033216K), 0.0329891 secs] [Times: user=0.09 sys=0.00, real=0.03 secs] 
2021-05-24T11:30:02.545+0800: 871154.197: [GC (Allocation Failure) [PSYoungGen: 505760K->13760K(508928K)] 864432K->381155K(1033216K), 0.0309525 secs] [Times: user=0.08 sys=0.00, real=0.03 secs] 
2021-05-24T11:34:54.983+0800: 871446.635: [GC (Allocation Failure) [PSYoungGen: 507328K->10048K(503808K)] 874723K->387475K(1028096K), 0.0378596 secs] [Times: user=0.04 sys=0.04, real=0.03 secs] 
2021-05-24T11:39:45.121+0800: 871736.773: [GC (Allocation Failure) [PSYoungGen: 503616K->11488K(508928K)] 881043K->396470K(1033216K), 0.0272323 secs] [Times: user=0.08 sys=0.00, real=0.03 secs] 
2021-05-24T11:44:28.884+0800: 872020.536: [GC (Allocation Failure) [PSYoungGen: 504544K->11680K(508416K)] 889526K->405264K(1032704K), 0.0273922 secs] [Times: user=0.04 sys=0.04, real=0.02 secs] 
2021-05-24T11:48:17.512+0800: 872249.164: [GC (Allocation Failure) [PSYoungGen: 504736K->9309K(508928K)] 898320K->411064K(1033216K), 0.0339739 secs] [Times: user=0.04 sys=0.04, real=0.03 secs] 
2021-05-24T11:52:20.556+0800: 872492.209: [GC (Allocation Failure) [PSYoungGen: 502877K->10784K(508928K)] 904632K->420110K(1033216K), 0.0347397 secs] [Times: user=0.05 sys=0.05, real=0.03 secs] 
2021-05-24T11:57:06.147+0800: 872777.800: [GC (Allocation Failure) [PSYoungGen: 504352K->10912K(509440K)] 913678K->428030K(1033728K), 0.0277379 secs] [Times: user=0.04 sys=0.04, real=0.03 secs] 
2021-05-24T12:01:55.426+0800: 873067.078: [GC (Allocation Failure) [PSYoungGen: 504992K->12736K(508928K)] 922110K->438352K(1033216K), 0.0431526 secs] [Times: user=0.04 sys=0.04, real=0.04 secs] 
2021-05-24T12:06:40.685+0800: 873352.337: [GC (Allocation Failure) [PSYoungGen: 506816K->13312K(508928K)] 932432K->448659K(1033216K), 0.0296185 secs] [Times: user=0.04 sys=0.04, real=0.03 secs] 
2021-05-24T12:11:30.327+0800: 873641.979: [GC (Allocation Failure) [PSYoungGen: 506880K->14624K(508416K)] 942227K->458359K(1032704K), 0.0641446 secs] [Times: user=0.07 sys=0.06, real=0.06 secs] 
2021-05-24T12:16:15.549+0800: 873927.201: [GC (Allocation Failure) [PSYoungGen: 508192K->13056K(508416K)] 951927K->468137K(1032704K), 0.0322332 secs] [Times: user=0.04 sys=0.04, real=0.03 secs] 
2021-05-24T12:21:05.222+0800: 874216.874: [GC (Allocation Failure) [PSYoungGen: 505600K->12320K(508416K)] 960681K->477219K(1032704K), 0.0269160 secs] [Times: user=0.04 sys=0.04, real=0.03 secs] 
2021-05-24T12:25:53.710+0800: 874505.362: [GC (Allocation Failure) [PSYoungGen: 504864K->13632K(508416K)] 969763K->486886K(1032704K), 0.0284099 secs] [Times: user=0.08 sys=0.00, real=0.03 secs] 
2021-05-24T12:30:40.773+0800: 874792.425: [GC (Allocation Failure) [PSYoungGen: 506176K->15328K(507904K)] 979430K->497906K(1032192K), 0.0282253 secs] [Times: user=0.03 sys=0.04, real=0.02 secs] 
2021-05-24T12:35:26.913+0800: 875078.565: [GC (Allocation Failure) [PSYoungGen: 507872K->13056K(507904K)] 990450K->505654K(1032192K), 0.0297464 secs] [Times: user=0.04 sys=0.05, real=0.03 secs] 
2021-05-24T12:40:12.569+0800: 875364.221: [GC (Allocation Failure) [PSYoungGen: 504576K->12384K(507904K)] 997174K->514849K(1032192K), 0.0278859 secs] [Times: user=0.03 sys=0.04, real=0.03 secs] 
2021-05-24T12:44:57.290+0800: 875648.942: [GC (Allocation Failure) [PSYoungGen: 503904K->13632K(507904K)] 1006369K->525037K(1032192K), 0.0334538 secs] [Times: user=0.09 sys=0.00, real=0.04 secs] 
2021-05-24T12:49:41.969+0800: 875933.621: [GC (Allocation Failure) [PSYoungGen: 505152K->12544K(507904K)] 1016557K->533175K(1032192K), 0.0256839 secs] [Times: user=0.04 sys=0.04, real=0.03 secs] 
2021-05-24T12:49:41.995+0800: 875933.648: [Full GC (Ergonomics) [PSYoungGen: 12544K->0K(507904K)] [ParOldGen: 520631K->300486K(524288K)] 533175K->300486K(1032192K), [Metaspace: 95563K->95563K(1136640K)], 0.4320861 secs] [Times: user=0.98 sys=0.00, real=0.43 secs] 
2021-05-24T12:54:30.918+0800: 876222.570: [GC (Allocation Failure) [PSYoungGen: 491520K->12608K(508416K)] 792006K->313094K(1032704K), 0.0409456 secs] [Times: user=0.02 sys=0.03, real=0.04 secs] 
2021-05-24T12:59:15.997+0800: 876507.649: [GC (Allocation Failure) [PSYoungGen: 505152K->15264K(507904K)] 805638K->325529K(1032192K), 0.0610830 secs] [Times: user=0.05 sys=0.04, real=0.06 secs] 
2021-05-24T13:04:04.579+0800: 876796.231: [GC (Allocation Failure) [PSYoungGen: 507808K->14304K(507904K)] 818073K->334852K(1032192K), 0.1455429 secs] [Times: user=0.04 sys=0.04, real=0.15 secs] 
2021-05-24T13:08:52.444+0800: 877084.096: [GC (Allocation Failure) [PSYoungGen: 505824K->12416K(507904K)] 826372K->342960K(1032192K), 0.0279663 secs] [Times: user=0.04 sys=0.04, real=0.02 secs] 
2021-05-24T13:13:39.213+0800: 877370.865: [GC (Allocation Failure) [PSYoungGen: 503936K->12032K(507904K)] 834480K->351364K(1032192K), 0.0269385 secs] [Times: user=0.03 sys=0.04, real=0.02 secs] 
2021-05-24T13:18:28.835+0800: 877660.487: [GC (Allocation Failure) [PSYoungGen: 503552K->12128K(507904K)] 842884K->360383K(1032192K), 0.0258057 secs] [Times: user=0.04 sys=0.04, real=0.02 secs] 
2021-05-24T13:23:17.449+0800: 877949.101: [GC (Allocation Failure) [PSYoungGen: 503648K->13312K(508416K)] 851903K->370249K(1032704K), 0.0270693 secs] [Times: user=0.06 sys=0.00, real=0.03 secs] 
2021-05-24T13:28:10.873+0800: 878242.525: [GC (Allocation Failure) [PSYoungGen: 505856K->13248K(508416K)] 862793K->378645K(1032704K), 0.0262094 secs] [Times: user=0.04 sys=0.04, real=0.02 secs] 
2021-05-24T13:33:00.002+0800: 878531.654: [GC (Allocation Failure) [PSYoungGen: 505792K->14240K(508416K)] 871189K->389288K(1032704K), 0.0330529 secs] [Times: user=0.05 sys=0.04, real=0.04 secs] 
2021-05-24T13:37:48.689+0800: 878820.341: [GC (Allocation Failure) [PSYoungGen: 506784K->10656K(508416K)] 881832K->395402K(1032704K), 0.0288460 secs] [Times: user=0.09 sys=0.00, real=0.03 secs] 
2021-05-24T13:42:38.817+0800: 879110.469: [GC (Allocation Failure) [PSYoungGen: 503200K->13984K(507392K)] 887946K->406342K(1031680K), 0.0266532 secs] [Times: user=0.04 sys=0.04, real=0.03 secs] 
2021-05-24T13:47:29.450+0800: 879401.102: [GC (Allocation Failure) [PSYoungGen: 505504K->10496K(507904K)] 897862K->413040K(1032192K), 0.0308079 secs] [Times: user=0.05 sys=0.05, real=0.03 secs] 
2021-05-24T13:52:16.029+0800: 879687.681: [GC (Allocation Failure) [PSYoungGen: 502016K->11936K(507904K)] 904560K->422850K(1032192K), 0.0240722 secs] [Times: user=0.03 sys=0.04, real=0.03 secs] 
2021-05-24T13:57:05.247+0800: 879976.899: [GC (Allocation Failure) [PSYoungGen: 503456K->12384K(507904K)] 914370K->432422K(1032192K), 0.0330636 secs] [Times: user=0.07 sys=0.00, real=0.03 secs] 
2021-05-24T14:01:54.713+0800: 880266.365: [GC (Allocation Failure) [PSYoungGen: 503904K->11360K(508416K)] 923942K->440384K(1032704K), 0.0238102 secs] [Times: user=0.03 sys=0.04, real=0.02 secs] 
2021-05-24T14:06:41.041+0800: 880552.693: [GC (Allocation Failure) [PSYoungGen: 503904K->13152K(508416K)] 932928K->450091K(1032704K), 0.0329738 secs] [Times: user=0.04 sys=0.04, real=0.04 secs] 
2021-05-24T14:11:31.191+0800: 880842.843: [GC (Allocation Failure) [PSYoungGen: 505696K->13408K(508416K)] 942635K->459254K(1032704K), 0.0269504 secs] [Times: user=0.04 sys=0.04, real=0.03 secs] 
2021-05-24T14:16:21.848+0800: 881133.500: [GC (Allocation Failure) [PSYoungGen: 505952K->13952K(508416K)] 951798K->469210K(1032704K), 0.0298787 secs] [Times: user=0.04 sys=0.04, real=0.03 secs] 
2021-05-24T14:21:10.728+0800: 881422.380: [GC (Allocation Failure) [PSYoungGen: 506496K->12992K(508416K)] 961754K->478618K(1032704K), 0.0469368 secs] [Times: user=0.05 sys=0.05, real=0.05 secs] 
2021-05-24T14:25:57.730+0800: 881709.383: [GC (Allocation Failure) [PSYoungGen: 505536K->12320K(508416K)] 971162K->486949K(1032704K), 0.0287943 secs] [Times: user=0.04 sys=0.04, real=0.03 secs] 
2021-05-24T14:30:48.535+0800: 882000.187: [GC (Allocation Failure) [PSYoungGen: 504864K->12704K(508928K)] 979493K->496504K(1033216K), 0.0266019 secs] [Times: user=0.04 sys=0.04, real=0.02 secs] 
2021-05-24T14:35:38.572+0800: 882290.224: [GC (Allocation Failure) [PSYoungGen: 506272K->11104K(508928K)] 990072K->503658K(1033216K), 0.0265859 secs] [Times: user=0.03 sys=0.04, real=0.02 secs] 
2021-05-24T14:40:30.154+0800: 882581.806: [GC (Allocation Failure) [PSYoungGen: 504672K->11968K(508928K)] 997226K->512773K(1033216K), 0.0272644 secs] [Times: user=0.08 sys=0.00, real=0.02 secs] 
2021-05-24T14:45:18.571+0800: 882870.223: [GC (Allocation Failure) [PSYoungGen: 505536K->13152K(508928K)] 1006341K->523000K(1033216K), 0.0295742 secs] [Times: user=0.09 sys=0.00, real=0.03 secs] 
2021-05-24T14:50:03.951+0800: 883155.603: [GC (Allocation Failure) [PSYoungGen: 506720K->10560K(508928K)] 1016568K->530994K(1033216K), 0.0247683 secs] [Times: user=0.04 sys=0.04, real=0.03 secs] 
2021-05-24T14:50:03.976+0800: 883155.628: [Full GC (Ergonomics) [PSYoungGen: 10560K->0K(508928K)] [ParOldGen: 520434K->302946K(524288K)] 530994K->302946K(1033216K), [Metaspace: 95567K->95567K(1136640K)], 0.4794874 secs] [Times: user=1.05 sys=0.00, real=0.48 secs] 
2021-05-24T14:54:53.313+0800: 883444.965: [GC (Allocation Failure) [PSYoungGen: 493568K->12832K(508928K)] 796514K->315778K(1033216K), 0.0229779 secs] [Times: user=0.03 sys=0.03, real=0.02 secs] 
2021-05-24T14:59:45.997+0800: 883737.649: [GC (Allocation Failure) [PSYoungGen: 506400K->12832K(509440K)] 809346K->326445K(1033728K), 0.0369374 secs] [Times: user=0.05 sys=0.04, real=0.04 secs] 
2021-05-24T15:04:32.648+0800: 884024.300: [GC (Allocation Failure) [PSYoungGen: 506912K->11328K(508928K)] 820525K->334152K(1033216K), 0.0318144 secs] [Times: user=0.04 sys=0.04, real=0.03 secs] 
2021-05-24T15:09:22.220+0800: 884313.872: [GC (Allocation Failure) [PSYoungGen: 505408K->13856K(508416K)] 828232K->344236K(1032704K), 0.0332942 secs] [Times: user=0.05 sys=0.05, real=0.04 secs] 
2021-05-24T15:14:14.564+0800: 884606.216: [GC (Allocation Failure) [PSYoungGen: 507424K->12512K(508928K)] 837804K->352815K(1033216K), 0.0295022 secs] [Times: user=0.04 sys=0.05, real=0.03 secs] 
2021-05-24T15:19:01.547+0800: 884893.199: [GC (Allocation Failure) [PSYoungGen: 506080K->12768K(509440K)] 846383K->361419K(1033728K), 0.0277899 secs] [Times: user=0.07 sys=0.00, real=0.03 secs] 
2021-05-24T15:23:47.963+0800: 885179.615: [GC (Allocation Failure) [PSYoungGen: 506848K->14688K(508928K)] 855499K->373094K(1033216K), 0.0370144 secs] [Times: user=0.04 sys=0.05, real=0.03 secs] 
2021-05-24T15:28:35.369+0800: 885467.021: [GC (Allocation Failure) [PSYoungGen: 508768K->13664K(507904K)] 867174K->382778K(1032192K), 0.0249858 secs] [Times: user=0.04 sys=0.04, real=0.03 secs] 
2021-05-24T15:33:22.350+0800: 885754.002: [GC (Allocation Failure) [PSYoungGen: 506208K->12448K(508416K)] 875322K->391908K(1032704K), 0.0412657 secs] [Times: user=0.05 sys=0.05, real=0.04 secs] 
2021-05-24T15:38:09.737+0800: 886041.389: [GC (Allocation Failure) [PSYoungGen: 504992K->12000K(508928K)] 884452K->401429K(1033216K), 0.0258428 secs] [Times: user=0.04 sys=0.03, real=0.03 secs] 
2021-05-24T15:43:00.422+0800: 886332.074: [GC (Allocation Failure) [PSYoungGen: 505568K->13056K(508928K)] 894997K->410745K(1033216K), 0.0330762 secs] [Times: user=0.04 sys=0.05, real=0.04 secs] 
2021-05-24T15:47:53.626+0800: 886625.278: [GC (Allocation Failure) [PSYoungGen: 506624K->12768K(509440K)] 904313K->421083K(1033728K), 0.0281879 secs] [Times: user=0.04 sys=0.04, real=0.03 secs] 
2021-05-24T15:52:44.840+0800: 886916.492: [GC (Allocation Failure) [PSYoungGen: 506848K->10816K(508928K)] 915163K->429069K(1033216K), 0.0352969 secs] [Times: user=0.05 sys=0.05, real=0.04 secs] 
2021-05-24T15:57:34.497+0800: 887206.149: [GC (Allocation Failure) [PSYoungGen: 504896K->12256K(509440K)] 923149K->438663K(1033728K), 0.0336092 secs] [Times: user=0.04 sys=0.05, real=0.03 secs] 
2021-05-24T16:02:24.057+0800: 887495.709: [GC (Allocation Failure) [PSYoungGen: 506336K->12832K(508928K)] 932743K->448265K(1033216K), 0.0303275 secs] [Times: user=0.05 sys=0.04, real=0.03 secs] 
2021-05-24T16:07:16.367+0800: 887788.019: [GC (Allocation Failure) [PSYoungGen: 506912K->13088K(509440K)] 942345K->458274K(1033728K), 0.0275622 secs] [Times: user=0.09 sys=0.00, real=0.03 secs] 
2021-05-24T16:12:13.909+0800: 888085.561: [GC (Allocation Failure) [PSYoungGen: 507680K->11616K(509440K)] 952866K->466629K(1033728K), 0.0271845 secs] [Times: user=0.04 sys=0.04, real=0.03 secs] 
2021-05-24T16:17:06.699+0800: 888378.351: [GC (Allocation Failure) [PSYoungGen: 506208K->11104K(509440K)] 961221K->474232K(1033728K), 0.0272450 secs] [Times: user=0.03 sys=0.04, real=0.03 secs] 
2021-05-24T16:21:54.392+0800: 888666.044: [GC (Allocation Failure) [PSYoungGen: 505696K->12000K(509440K)] 968824K->484018K(1033728K), 0.0273445 secs] [Times: user=0.08 sys=0.00, real=0.02 secs] 
2021-05-24T16:26:44.464+0800: 888956.116: [GC (Allocation Failure) [PSYoungGen: 506592K->14240K(508416K)] 978610K->495430K(1032704K), 0.0262093 secs] [Times: user=0.03 sys=0.04, real=0.02 secs] 
2021-05-24T16:31:34.728+0800: 889246.380: [GC (Allocation Failure) [PSYoungGen: 507808K->10912K(508928K)] 988998K->502047K(1033216K), 0.0287630 secs] [Times: user=0.05 sys=0.05, real=0.03 secs] 
2021-05-24T16:36:21.241+0800: 889532.893: [GC (Allocation Failure) [PSYoungGen: 504480K->13184K(508928K)] 995615K->512948K(1033216K), 0.0283595 secs] [Times: user=0.04 sys=0.04, real=0.03 secs] 
2021-05-24T16:41:09.009+0800: 889820.661: [GC (Allocation Failure) [PSYoungGen: 506752K->12192K(508928K)] 1006516K->521342K(1033216K), 0.0341330 secs] [Times: user=0.03 sys=0.04, real=0.04 secs] 
2021-05-24T16:45:58.765+0800: 890110.417: [GC (Allocation Failure) [PSYoungGen: 505760K->13984K(508416K)] 1014910K->533090K(1032704K), 0.0340785 secs] [Times: user=0.04 sys=0.05, real=0.03 secs] 
2021-05-24T16:45:58.800+0800: 890110.452: [Full GC (Ergonomics) [PSYoungGen: 13984K->0K(508416K)] [ParOldGen: 519106K->304969K(524288K)] 533090K->304969K(1032704K), [Metaspace: 95570K->95570K(1136640K)], 0.4801403 secs] [Times: user=0.99 sys=0.00, real=0.48 secs] 
2021-05-24T16:50:54.010+0800: 890405.662: [GC (Allocation Failure) [PSYoungGen: 493568K->12416K(508928K)] 798537K->317385K(1033216K), 0.0204737 secs] [Times: user=0.02 sys=0.03, real=0.02 secs] 
2021-05-24T16:55:40.127+0800: 890691.779: [GC (Allocation Failure) [PSYoungGen: 505984K->13664K(508928K)] 810953K->328458K(1033216K), 0.0317325 secs] [Times: user=0.08 sys=0.00, real=0.03 secs] 
2021-05-24T17:00:34.115+0800: 890985.767: [GC (Allocation Failure) [PSYoungGen: 507232K->11616K(508928K)] 822026K->336387K(1033216K), 0.0534867 secs] [Times: user=0.07 sys=0.00, real=0.05 secs] 
2021-05-24T17:05:30.423+0800: 891282.075: [GC (Allocation Failure) [PSYoungGen: 505184K->13056K(508928K)] 829955K->345800K(1033216K), 0.0278319 secs] [Times: user=0.04 sys=0.04, real=0.02 secs] 
2021-05-24T17:10:24.629+0800: 891576.281: [GC (Allocation Failure) [PSYoungGen: 506624K->11168K(508928K)] 839368K->353641K(1033216K), 0.0280219 secs] [Times: user=0.04 sys=0.04, real=0.03 secs] 
2021-05-24T17:15:14.664+0800: 891866.316: [GC (Allocation Failure) [PSYoungGen: 504736K->12032K(509440K)] 847209K->363076K(1033728K), 0.0380189 secs] [Times: user=0.03 sys=0.04, real=0.03 secs] 
2021-05-24T17:20:06.520+0800: 892158.172: [GC (Allocation Failure) [PSYoungGen: 506112K->13376K(508928K)] 857156K->372823K(1033216K), 0.0266695 secs] [Times: user=0.03 sys=0.04, real=0.03 secs] 
2021-05-24T17:24:57.821+0800: 892449.474: [GC (Allocation Failure) [PSYoungGen: 507456K->12480K(509440K)] 866903K->381873K(1033728K), 0.0290138 secs] [Times: user=0.04 sys=0.04, real=0.03 secs] 
2021-05-24T17:29:47.295+0800: 892738.947: [GC (Allocation Failure) [PSYoungGen: 506560K->12384K(508928K)] 875953K->390548K(1033216K), 0.0284438 secs] [Times: user=0.04 sys=0.05, real=0.03 secs] 
2021-05-24T17:34:38.368+0800: 893030.020: [GC (Allocation Failure) [PSYoungGen: 506464K->11520K(509440K)] 884628K->399212K(1033728K), 0.0288619 secs] [Times: user=0.03 sys=0.04, real=0.03 secs] 
2021-05-24T17:39:24.382+0800: 893316.034: [GC (Allocation Failure) [PSYoungGen: 506112K->10688K(509440K)] 893804K->406631K(1033728K), 0.0249378 secs] [Times: user=0.03 sys=0.04, real=0.02 secs] 
2021-05-24T17:44:13.829+0800: 893605.481: [GC (Allocation Failure) [PSYoungGen: 505280K->13664K(509440K)] 901223K->417827K(1033728K), 0.0286920 secs] [Times: user=0.08 sys=0.00, real=0.03 secs] 
2021-05-24T17:49:04.561+0800: 893896.213: [GC (Allocation Failure) [PSYoungGen: 508256K->14304K(508928K)] 912419K->428420K(1033216K), 0.0383893 secs] [Times: user=0.05 sys=0.05, real=0.04 secs] 
2021-05-24T17:53:59.249+0800: 894190.901: [GC (Allocation Failure) [PSYoungGen: 508896K->10976K(508928K)] 923012K->434404K(1033216K), 0.0315018 secs] [Times: user=0.09 sys=0.00, real=0.03 secs] 
2021-05-24T17:58:48.875+0800: 894480.527: [GC (Allocation Failure) [PSYoungGen: 504544K->9856K(503808K)] 927972K->440208K(1028096K), 0.0241926 secs] [Times: user=0.07 sys=0.00, real=0.02 secs] 
2021-05-24T18:03:44.485+0800: 894776.137: [GC (Allocation Failure) [PSYoungGen: 503424K->9600K(508416K)] 933776K->448600K(1032704K), 0.0281596 secs] [Times: user=0.03 sys=0.04, real=0.03 secs] 
2021-05-24T18:08:35.694+0800: 895067.346: [GC (Allocation Failure) [PSYoungGen: 502144K->11424K(508416K)] 941144K->458585K(1032704K), 0.0266086 secs] [Times: user=0.04 sys=0.04, real=0.02 secs] 
2021-05-24T18:13:26.205+0800: 895357.857: [GC (Allocation Failure) [PSYoungGen: 503968K->11648K(508928K)] 951129K->467139K(1033216K), 0.0244672 secs] [Times: user=0.04 sys=0.03, real=0.02 secs] 
2021-05-24T18:18:17.653+0800: 895649.305: [GC (Allocation Failure) [PSYoungGen: 505216K->10912K(508928K)] 960707K->474958K(1033216K), 0.0241087 secs] [Times: user=0.03 sys=0.03, real=0.02 secs] 
2021-05-24T18:23:10.682+0800: 895942.334: [GC (Allocation Failure) [PSYoungGen: 504480K->11328K(509440K)] 968526K->482810K(1033728K), 0.0223627 secs] [Times: user=0.03 sys=0.04, real=0.03 secs] 
2021-05-24T18:28:01.618+0800: 896233.270: [GC (Allocation Failure) [PSYoungGen: 505920K->12320K(509440K)] 977402K->493213K(1033728K), 0.0314238 secs] [Times: user=0.05 sys=0.05, real=0.03 secs] 
2021-05-24T18:32:52.531+0800: 896524.183: [GC (Allocation Failure) [PSYoungGen: 506912K->8512K(509440K)] 987805K->498670K(1033728K), 0.0223351 secs] [Times: user=0.03 sys=0.04, real=0.03 secs] 
2021-05-24T18:37:45.357+0800: 896817.009: [GC (Allocation Failure) [PSYoungGen: 503104K->12320K(509440K)] 993262K->508713K(1033728K), 0.0234294 secs] [Times: user=0.04 sys=0.03, real=0.02 secs] 
2021-05-24T18:42:38.860+0800: 897110.512: [GC (Allocation Failure) [PSYoungGen: 506912K->10880K(509440K)] 1003305K->516307K(1033728K), 0.0332171 secs] [Times: user=0.04 sys=0.04, real=0.04 secs] 
2021-05-24T18:47:33.202+0800: 897404.854: [GC (Allocation Failure) [PSYoungGen: 505472K->9856K(509440K)] 1010899K->523477K(1033728K), 0.0249371 secs] [Times: user=0.04 sys=0.04, real=0.02 secs] 
2021-05-24T18:52:29.017+0800: 897700.669: [GC (Allocation Failure) [PSYoungGen: 504448K->10944K(509952K)] 1018069K->532278K(1034240K), 0.0297720 secs] [Times: user=0.03 sys=0.03, real=0.03 secs] 
2021-05-24T18:52:29.047+0800: 897700.699: [Full GC (Ergonomics) [PSYoungGen: 10944K->0K(509952K)] [ParOldGen: 521334K->297651K(524288K)] 532278K->297651K(1034240K), [Metaspace: 95570K->95570K(1136640K)], 0.4717435 secs] [Times: user=1.03 sys=0.00, real=0.47 secs] 
2021-05-24T18:57:22.415+0800: 897994.067: [GC (Allocation Failure) [PSYoungGen: 495104K->12000K(509440K)] 792755K->309651K(1033728K), 0.0212865 secs] [Times: user=0.03 sys=0.03, real=0.02 secs] 
2021-05-24T19:02:15.550+0800: 898287.202: [GC (Allocation Failure) [PSYoungGen: 507104K->10656K(509952K)] 804755K->316950K(1034240K), 0.0399413 secs] [Times: user=0.03 sys=0.03, real=0.04 secs] 
2021-05-24T19:07:10.706+0800: 898582.358: [GC (Allocation Failure) [PSYoungGen: 506272K->8128K(509952K)] 812566K->322791K(1034240K), 0.0230864 secs] [Times: user=0.03 sys=0.04, real=0.02 secs] 
2021-05-24T19:11:58.914+0800: 898870.566: [GC (Allocation Failure) [PSYoungGen: 503744K->11424K(509952K)] 818407K->331959K(1034240K), 0.0255389 secs] [Times: user=0.03 sys=0.04, real=0.02 secs] 
2021-05-24T19:16:51.539+0800: 899163.191: [GC (Allocation Failure) [PSYoungGen: 507040K->12608K(508416K)] 827575K->341404K(1032704K), 0.0347717 secs] [Times: user=0.03 sys=0.04, real=0.04 secs] 
2021-05-24T19:21:41.899+0800: 899453.551: [GC (Allocation Failure) [PSYoungGen: 508224K->11520K(509952K)] 837020K->349229K(1034240K), 0.0258675 secs] [Times: user=0.03 sys=0.04, real=0.03 secs] 
2021-05-24T19:26:37.274+0800: 899748.926: [GC (Allocation Failure) [PSYoungGen: 506624K->9984K(509440K)] 844333K->356695K(1033728K), 0.0224295 secs] [Times: user=0.04 sys=0.03, real=0.02 secs] 
2021-05-24T19:31:32.630+0800: 900044.282: [GC (Allocation Failure) [PSYoungGen: 505088K->9568K(509952K)] 851799K->363977K(1034240K), 0.0227863 secs] [Times: user=0.04 sys=0.04, real=0.03 secs] 
2021-05-24T19:36:25.819+0800: 900337.471: [GC (Allocation Failure) [PSYoungGen: 505184K->10400K(509952K)] 859593K->372180K(1034240K), 0.0232850 secs] [Times: user=0.04 sys=0.04, real=0.02 secs] 
2021-05-24T19:41:22.953+0800: 900634.605: [GC (Allocation Failure) [PSYoungGen: 506016K->12480K(509952K)] 867796K->382054K(1034240K), 0.0245305 secs] [Times: user=0.04 sys=0.04, real=0.02 secs] 
2021-05-24T19:46:17.508+0800: 900929.160: [GC (Allocation Failure) [PSYoungGen: 508096K->8480K(509952K)] 877670K->387129K(1034240K), 0.0212368 secs] [Times: user=0.03 sys=0.04, real=0.02 secs] 
2021-05-24T19:51:11.196+0800: 901222.848: [GC (Allocation Failure) [PSYoungGen: 504096K->10144K(509952K)] 882745K->395539K(1034240K), 0.0250781 secs] [Times: user=0.06 sys=0.00, real=0.02 secs] 
2021-05-24T19:56:06.280+0800: 901517.932: [GC (Allocation Failure) [PSYoungGen: 505760K->9056K(509952K)] 891155K->402341K(1034240K), 0.0246409 secs] [Times: user=0.04 sys=0.03, real=0.03 secs] 
2021-05-24T20:01:04.118+0800: 901815.770: [GC (Allocation Failure) [PSYoungGen: 504672K->11296K(509952K)] 897957K->410993K(1034240K), 0.0234109 secs] [Times: user=0.03 sys=0.04, real=0.02 secs] 
2021-05-24T20:05:55.105+0800: 902106.757: [GC (Allocation Failure) [PSYoungGen: 506912K->12192K(509952K)] 906609K->419971K(1034240K), 0.0260649 secs] [Times: user=0.04 sys=0.04, real=0.02 secs] 
2021-05-24T20:10:44.457+0800: 902396.109: [GC (Allocation Failure) [PSYoungGen: 507808K->12256K(508928K)] 915587K->429184K(1033216K), 0.0246747 secs] [Times: user=0.04 sys=0.03, real=0.02 secs] 
2021-05-24T20:15:34.181+0800: 902685.833: [GC (Allocation Failure) [PSYoungGen: 506848K->10528K(509440K)] 923776K->436881K(1033728K), 0.0238227 secs] [Times: user=0.03 sys=0.04, real=0.03 secs] 
2021-05-24T20:20:21.792+0800: 902973.444: [GC (Allocation Failure) [PSYoungGen: 505120K->11296K(509952K)] 931473K->445901K(1034240K), 0.0248246 secs] [Times: user=0.03 sys=0.03, real=0.02 secs] 
2021-05-24T20:25:16.748+0800: 903268.400: [GC (Allocation Failure) [PSYoungGen: 506912K->12032K(509952K)] 941517K->455640K(1034240K), 0.0245387 secs] [Times: user=0.03 sys=0.04, real=0.03 secs] 
2021-05-24T20:30:11.608+0800: 903563.260: [GC (Allocation Failure) [PSYoungGen: 507648K->10016K(509952K)] 951256K->463105K(1034240K), 0.0254573 secs] [Times: user=0.04 sys=0.04, real=0.03 secs] 
2021-05-24T20:35:03.089+0800: 903854.741: [GC (Allocation Failure) [PSYoungGen: 505632K->11488K(509952K)] 958721K->471708K(1034240K), 0.0245531 secs] [Times: user=0.03 sys=0.03, real=0.03 secs] 
2021-05-24T20:39:56.596+0800: 904148.248: [GC (Allocation Failure) [PSYoungGen: 507104K->9184K(509440K)] 967324K->477757K(1033728K), 0.0377202 secs] [Times: user=0.04 sys=0.04, real=0.04 secs] 
2021-05-24T20:44:53.687+0800: 904445.339: [GC (Allocation Failure) [PSYoungGen: 504800K->11264K(509952K)] 973373K->487071K(1034240K), 0.0248902 secs] [Times: user=0.04 sys=0.03, real=0.02 secs] 
2021-05-24T20:49:43.727+0800: 904735.379: [GC (Allocation Failure) [PSYoungGen: 506880K->8832K(510464K)] 982687K->493552K(1034752K), 0.0276379 secs] [Times: user=0.03 sys=0.04, real=0.03 secs] 
2021-05-24T20:54:31.850+0800: 905023.502: [GC (Allocation Failure) [PSYoungGen: 505472K->8960K(510464K)] 990192K->501042K(1034752K), 0.0224656 secs] [Times: user=0.07 sys=0.00, real=0.03 secs] 
2021-05-24T20:59:29.442+0800: 905321.094: [GC (Allocation Failure) [PSYoungGen: 505600K->11072K(510464K)] 997682K->510572K(1034752K), 0.0293027 secs] [Times: user=0.03 sys=0.04, real=0.03 secs] 
2021-05-24T21:04:25.423+0800: 905617.075: [GC (Allocation Failure) [PSYoungGen: 507712K->10496K(510464K)] 1007212K->518357K(1034752K), 0.0497635 secs] [Times: user=0.04 sys=0.05, real=0.05 secs] 
2021-05-24T21:09:16.979+0800: 905908.631: [GC (Allocation Failure) [PSYoungGen: 507136K->11872K(510464K)] 1014997K->527353K(1034752K), 0.0271565 secs] [Times: user=0.04 sys=0.04, real=0.03 secs] 
2021-05-24T21:09:17.007+0800: 905908.659: [Full GC (Ergonomics) [PSYoungGen: 11872K->0K(510464K)] [ParOldGen: 515481K->298614K(524288K)] 527353K->298614K(1034752K), [Metaspace: 95570K->95566K(1136640K)], 0.4981198 secs] [Times: user=1.05 sys=0.00, real=0.50 secs] 
2021-05-24T21:14:07.075+0800: 906198.727: [GC (Allocation Failure) [PSYoungGen: 496640K->10176K(510464K)] 795254K->308790K(1034752K), 0.0220488 secs] [Times: user=0.06 sys=0.00, real=0.02 secs] 
2021-05-24T21:19:03.111+0800: 906494.763: [GC (Allocation Failure) [PSYoungGen: 506816K->9600K(510976K)] 805430K->316287K(1035264K), 0.0273823 secs] [Times: user=0.08 sys=0.00, real=0.03 secs] 
2021-05-24T21:23:56.921+0800: 906788.573: [GC (Allocation Failure) [PSYoungGen: 506752K->12800K(510464K)] 813439K->325804K(1034752K), 0.0314469 secs] [Times: user=0.04 sys=0.04, real=0.04 secs] 
2021-05-24T21:28:52.165+0800: 907083.817: [GC (Allocation Failure) [PSYoungGen: 509952K->9824K(510464K)] 822956K->332396K(1034752K), 0.0338160 secs] [Times: user=0.04 sys=0.04, real=0.03 secs] 
2021-05-24T21:33:06.876+0800: 907338.528: [GC (Allocation Failure) [PSYoungGen: 506177K->11775K(510464K)] 828749K->341860K(1034752K), 0.0246527 secs] [Times: user=0.04 sys=0.03, real=0.02 secs] 
2021-05-24T21:34:06.965+0800: 907398.617: [GC (Allocation Failure) [PSYoungGen: 507659K->4439K(508416K)] 837744K->342849K(1032704K), 0.0247921 secs] [Times: user=0.03 sys=0.03, real=0.02 secs] 
2021-05-24T21:35:11.354+0800: 907463.006: [GC (Allocation Failure) [PSYoungGen: 498325K->3008K(497664K)] 836734K->344457K(1021952K), 0.0171226 secs] [Times: user=0.02 sys=0.03, real=0.01 secs] 
2021-05-24T21:36:19.274+0800: 907530.926: [GC (Allocation Failure) [PSYoungGen: 497355K->4768K(507904K)] 838804K->348207K(1032192K), 0.0163987 secs] [Times: user=0.02 sys=0.03, real=0.01 secs] 
2021-05-24T21:37:24.222+0800: 907595.875: [GC (Allocation Failure) [PSYoungGen: 496529K->4678K(508416K)] 839969K->352321K(1032704K), 0.0656937 secs] [Times: user=0.02 sys=0.02, real=0.06 secs] 
2021-05-24T21:38:29.444+0800: 907661.096: [GC (Allocation Failure) [PSYoungGen: 496505K->3776K(508416K)] 844147K->354502K(1032704K), 0.0220832 secs] [Times: user=0.02 sys=0.02, real=0.02 secs] 
2021-05-24T21:39:37.604+0800: 907729.256: [GC (Allocation Failure) [PSYoungGen: 495731K->3040K(508416K)] 846458K->356723K(1032704K), 0.0386637 secs] [Times: user=0.02 sys=0.02, real=0.04 secs] 
2021-05-24T21:40:40.172+0800: 907791.824: [GC (Allocation Failure) [PSYoungGen: 495241K->4256K(508416K)] 848924K->360193K(1032704K), 0.0203535 secs] [Times: user=0.05 sys=0.00, real=0.03 secs] 
2021-05-24T21:41:47.831+0800: 907859.483: [GC (Allocation Failure) [PSYoungGen: 496800K->3456K(508416K)] 852737K->362917K(1032704K), 0.0178303 secs] [Times: user=0.03 sys=0.03, real=0.02 secs] 
2021-05-24T21:42:53.805+0800: 907925.457: [GC (Allocation Failure) [PSYoungGen: 495233K->4230K(508928K)] 854695K->366425K(1033216K), 0.0192681 secs] [Times: user=0.03 sys=0.03, real=0.02 secs] 
2021-05-24T21:43:58.099+0800: 907989.751: [GC (Allocation Failure) [PSYoungGen: 497095K->4096K(508928K)] 859290K->368759K(1033216K), 0.0277783 secs] [Times: user=0.03 sys=0.04, real=0.03 secs] 
2021-05-24T21:45:06.414+0800: 908058.066: [GC (Allocation Failure) [PSYoungGen: 497107K->5446K(509952K)] 861771K->373618K(1034240K), 0.0160642 secs] [Times: user=0.02 sys=0.03, real=0.01 secs] 
2021-05-24T21:46:10.398+0800: 908122.050: [GC (Allocation Failure) [PSYoungGen: 499637K->3942K(509440K)] 867809K->376037K(1033728K), 0.0145179 secs] [Times: user=0.02 sys=0.03, real=0.02 secs] 
2021-05-24T21:47:18.031+0800: 908189.683: [GC (Allocation Failure) [PSYoungGen: 498277K->3712K(510976K)] 870371K->378036K(1035264K), 0.0175184 secs] [Times: user=0.03 sys=0.02, real=0.02 secs] 
2021-05-24T21:48:25.410+0800: 908257.062: [GC (Allocation Failure) [PSYoungGen: 500043K->4288K(510464K)] 874367K->381624K(1034752K), 0.0153478 secs] [Times: user=0.02 sys=0.02, real=0.02 secs] 
2021-05-24T21:49:31.182+0800: 908322.834: [GC (Allocation Failure) [PSYoungGen: 500816K->3488K(511488K)] 878152K->384515K(1035776K), 0.0407756 secs] [Times: user=0.01 sys=0.01, real=0.05 secs] 
2021-05-24T21:50:38.714+0800: 908390.366: [GC (Allocation Failure) [PSYoungGen: 502176K->2848K(511488K)] 883203K->386608K(1035776K), 0.0162001 secs] [Times: user=0.02 sys=0.03, real=0.01 secs] 
2021-05-24T21:51:44.289+0800: 908455.941: [GC (Allocation Failure) [PSYoungGen: 501427K->4678K(512512K)] 885187K->390437K(1036800K), 0.0138600 secs] [Times: user=0.02 sys=0.02, real=0.02 secs] 
2021-05-24T21:55:42.268+0800: 908693.920: [GC (Allocation Failure) [PSYoungGen: 504902K->8672K(512000K)] 890661K->397355K(1036288K), 0.0246154 secs] [Times: user=0.03 sys=0.03, real=0.03 secs] 
2021-05-24T22:00:39.702+0800: 908991.354: [GC (Allocation Failure) [PSYoungGen: 508896K->9824K(509952K)] 897579K->404926K(1034240K), 0.0281728 secs] [Times: user=0.03 sys=0.04, real=0.03 secs] 
2021-05-24T22:05:36.444+0800: 909288.096: [GC (Allocation Failure) [PSYoungGen: 507488K->11616K(509440K)] 902590K->414353K(1033728K), 0.0266968 secs] [Times: user=0.08 sys=0.00, real=0.02 secs] 
2021-05-24T22:10:32.753+0800: 909584.405: [GC (Allocation Failure) [PSYoungGen: 509280K->10816K(508416K)] 912017K->422457K(1032704K), 0.0282148 secs] [Times: user=0.04 sys=0.04, real=0.02 secs] 
2021-05-24T22:15:25.735+0800: 909877.387: [GC (Allocation Failure) [PSYoungGen: 504384K->9920K(503808K)] 916025K->428709K(1028096K), 0.0239391 secs] [Times: user=0.03 sys=0.04, real=0.02 secs] 
2021-05-24T22:20:21.045+0800: 910172.697: [GC (Allocation Failure) [PSYoungGen: 503488K->8160K(508928K)] 922277K->434519K(1033216K), 0.0264927 secs] [Times: user=0.04 sys=0.03, real=0.02 secs] 
2021-05-24T22:25:09.624+0800: 910461.276: [GC (Allocation Failure) [PSYoungGen: 501216K->11072K(508416K)] 927575K->443273K(1032704K), 0.0317679 secs] [Times: user=0.03 sys=0.04, real=0.03 secs] 
2021-05-24T22:30:05.852+0800: 910757.504: [GC (Allocation Failure) [PSYoungGen: 504126K->11392K(507392K)] 936328K->451420K(1031680K), 0.0251016 secs] [Times: user=0.04 sys=0.04, real=0.03 secs] 
2021-05-24T22:34:58.184+0800: 911049.836: [GC (Allocation Failure) [PSYoungGen: 502912K->10400K(507904K)] 942940K->458765K(1032192K), 0.0253748 secs] [Times: user=0.04 sys=0.03, real=0.02 secs] 
2021-05-24T22:39:53.176+0800: 911344.828: [GC (Allocation Failure) [PSYoungGen: 501920K->10464K(507904K)] 950285K->466935K(1032192K), 0.0215944 secs] [Times: user=0.03 sys=0.03, real=0.02 secs] 
2021-05-24T22:44:46.095+0800: 911637.747: [GC (Allocation Failure) [PSYoungGen: 501984K->12160K(503808K)] 958455K->476707K(1028096K), 0.0255171 secs] [Times: user=0.04 sys=0.04, real=0.02 secs] 
2021-05-24T22:49:36.463+0800: 911928.115: [GC (Allocation Failure) [PSYoungGen: 503680K->11488K(506368K)] 968227K->484853K(1030656K), 0.0257249 secs] [Times: user=0.04 sys=0.04, real=0.02 secs] 
2021-05-24T22:54:28.888+0800: 912220.540: [GC (Allocation Failure) [PSYoungGen: 500960K->9536K(506880K)] 974325K->492119K(1031168K), 0.0231841 secs] [Times: user=0.04 sys=0.04, real=0.02 secs] 
2021-05-24T22:59:19.089+0800: 912510.741: [GC (Allocation Failure) [PSYoungGen: 499008K->12864K(506368K)] 981591K->502316K(1030656K), 0.0245280 secs] [Times: user=0.04 sys=0.03, real=0.03 secs] 
2021-05-24T23:04:13.239+0800: 912804.891: [GC (Allocation Failure) [PSYoungGen: 502336K->10976K(506880K)] 991788K->509924K(1031168K), 0.0646513 secs] [Times: user=0.04 sys=0.05, real=0.07 secs] 
2021-05-24T23:09:03.579+0800: 913095.231: [GC (Allocation Failure) [PSYoungGen: 500448K->11360K(507392K)] 999396K->518167K(1031680K), 0.0276134 secs] [Times: user=0.04 sys=0.04, real=0.03 secs] 
2021-05-24T23:13:55.309+0800: 913386.961: [GC (Allocation Failure) [PSYoungGen: 501856K->10656K(507392K)] 1008663K->526136K(1031680K), 0.0255362 secs] [Times: user=0.04 sys=0.04, real=0.03 secs] 
2021-05-24T23:13:55.335+0800: 913386.987: [Full GC (Ergonomics) [PSYoungGen: 10656K->0K(507392K)] [ParOldGen: 515480K->295872K(524288K)] 526136K->295872K(1031680K), [Metaspace: 96514K->96514K(1138688K)], 0.4606269 secs] [Times: user=1.06 sys=0.00, real=0.46 secs] 
2021-05-24T23:18:46.775+0800: 913678.427: [GC (Allocation Failure) [PSYoungGen: 490496K->11456K(507904K)] 786368K->307328K(1032192K), 0.0254115 secs] [Times: user=0.02 sys=0.03, real=0.02 secs] 
2021-05-24T23:23:42.568+0800: 913974.220: [GC (Allocation Failure) [PSYoungGen: 502976K->10816K(507904K)] 798848K->316296K(1032192K), 0.0240604 secs] [Times: user=0.03 sys=0.03, real=0.03 secs] 
2021-05-24T23:28:38.378+0800: 914270.030: [GC (Allocation Failure) [PSYoungGen: 502336K->10304K(508416K)] 807816K->324107K(1032704K), 0.0243672 secs] [Times: user=0.04 sys=0.03, real=0.03 secs] 
2021-05-24T23:33:31.453+0800: 914563.105: [GC (Allocation Failure) [PSYoungGen: 502336K->8416K(507904K)] 816139K->330220K(1032192K), 0.0310531 secs] [Times: user=0.04 sys=0.04, real=0.03 secs] 
2021-05-24T23:38:26.963+0800: 914858.615: [GC (Allocation Failure) [PSYoungGen: 500448K->10368K(509440K)] 822252K->338921K(1033728K), 0.0267499 secs] [Times: user=0.07 sys=0.00, real=0.02 secs] 
2021-05-24T23:43:23.207+0800: 915154.859: [GC (Allocation Failure) [PSYoungGen: 504448K->11840K(508928K)] 833001K->349203K(1033216K), 0.0279623 secs] [Times: user=0.04 sys=0.03, real=0.03 secs] 
2021-05-24T23:48:18.358+0800: 915450.010: [GC (Allocation Failure) [PSYoungGen: 505920K->8928K(509440K)] 843283K->355101K(1033728K), 0.0207807 secs] [Times: user=0.06 sys=0.00, real=0.02 secs] 
2021-05-24T23:53:13.037+0800: 915744.689: [GC (Allocation Failure) [PSYoungGen: 503008K->10688K(508928K)] 849181K->363713K(1033216K), 0.0332793 secs] [Times: user=0.04 sys=0.03, real=0.03 secs] 
2021-05-24T23:58:01.959+0800: 916033.611: [GC (Allocation Failure) [PSYoungGen: 504768K->11040K(509440K)] 857793K->372381K(1033728K), 0.0240093 secs] [Times: user=0.04 sys=0.03, real=0.03 secs] 
2021-05-25T00:02:42.088+0800: 916313.740: [GC (Allocation Failure) [PSYoungGen: 505632K->11456K(509440K)] 866973K->381975K(1033728K), 0.0230557 secs] [Times: user=0.04 sys=0.03, real=0.02 secs] 
2021-05-25T00:07:31.629+0800: 916603.281: [GC (Allocation Failure) [PSYoungGen: 506048K->12768K(508416K)] 876567K->392586K(1032704K), 0.0233464 secs] [Times: user=0.03 sys=0.04, real=0.03 secs] 
2021-05-25T00:12:20.103+0800: 916891.755: [GC (Allocation Failure) [PSYoungGen: 506336K->8608K(508928K)] 886154K->398460K(1033216K), 0.0225868 secs] [Times: user=0.03 sys=0.04, real=0.02 secs] 
2021-05-25T00:17:15.898+0800: 917187.550: [GC (Allocation Failure) [PSYoungGen: 502176K->10944K(509440K)] 892028K->406961K(1033728K), 0.0328089 secs] [Times: user=0.03 sys=0.04, real=0.03 secs] 
2021-05-25T00:22:06.387+0800: 917478.039: [GC (Allocation Failure) [PSYoungGen: 505536K->11264K(509440K)] 901553K->414571K(1033728K), 0.0216564 secs] [Times: user=0.03 sys=0.04, real=0.02 secs] 
2021-05-25T00:27:02.818+0800: 917774.470: [GC (Allocation Failure) [PSYoungGen: 505856K->10880K(509952K)] 909163K->422965K(1034240K), 0.0227912 secs] [Times: user=0.03 sys=0.03, real=0.02 secs] 
2021-05-25T00:31:53.015+0800: 918064.667: [GC (Allocation Failure) [PSYoungGen: 505984K->10336K(509440K)] 918069K->430791K(1033728K), 0.0245969 secs] [Times: user=0.04 sys=0.03, real=0.02 secs] 
2021-05-25T00:36:49.365+0800: 918361.017: [GC (Allocation Failure) [PSYoungGen: 505440K->11488K(509952K)] 925895K->439289K(1034240K), 0.0251082 secs] [Times: user=0.03 sys=0.04, real=0.02 secs] 
2021-05-25T00:41:39.519+0800: 918651.171: [GC (Allocation Failure) [PSYoungGen: 507104K->11392K(509952K)] 934905K->447532K(1034240K), 0.0237020 secs] [Times: user=0.03 sys=0.03, real=0.03 secs] 
2021-05-25T00:46:33.766+0800: 918945.418: [GC (Allocation Failure) [PSYoungGen: 507008K->11296K(510464K)] 943148K->456070K(1034752K), 0.0248088 secs] [Times: user=0.07 sys=0.00, real=0.02 secs] 
2021-05-25T00:51:24.519+0800: 919236.171: [GC (Allocation Failure) [PSYoungGen: 507424K->11168K(509952K)] 952198K->463840K(1034240K), 0.0234563 secs] [Times: user=0.03 sys=0.03, real=0.03 secs] 
2021-05-25T00:56:18.926+0800: 919530.578: [GC (Allocation Failure) [PSYoungGen: 507296K->9984K(510464K)] 959968K->471033K(1034752K), 0.0249048 secs] [Times: user=0.03 sys=0.03, real=0.02 secs] 
2021-05-25T01:01:14.189+0800: 919825.841: [GC (Allocation Failure) [PSYoungGen: 506624K->9568K(510464K)] 967673K->478197K(1034752K), 0.0225739 secs] [Times: user=0.04 sys=0.03, real=0.02 secs] 
2021-05-25T01:06:02.521+0800: 920114.173: [GC (Allocation Failure) [PSYoungGen: 506208K->11272K(510464K)] 974837K->486985K(1034752K), 0.0225925 secs] [Times: user=0.03 sys=0.04, real=0.03 secs] 
2021-05-25T01:10:59.796+0800: 920411.448: [GC (Allocation Failure) [PSYoungGen: 507912K->10400K(510464K)] 983625K->495015K(1034752K), 0.0241233 secs] [Times: user=0.07 sys=0.00, real=0.02 secs] 
2021-05-25T01:15:51.827+0800: 920703.479: [GC (Allocation Failure) [PSYoungGen: 507040K->9696K(510976K)] 991655K->502945K(1035264K), 0.0253584 secs] [Times: user=0.04 sys=0.03, real=0.03 secs] 
2021-05-25T01:20:48.201+0800: 920999.854: [GC (Allocation Failure) [PSYoungGen: 507360K->11104K(510976K)] 1000609K->511581K(1035264K), 0.0236820 secs] [Times: user=0.03 sys=0.03, real=0.03 secs] 
2021-05-25T01:25:44.769+0800: 921296.421: [GC (Allocation Failure) [PSYoungGen: 508768K->10400K(511488K)] 1009245K->519711K(1035776K), 0.0213961 secs] [Times: user=0.07 sys=0.00, real=0.02 secs] 
2021-05-25T01:30:39.235+0800: 921590.887: [GC (Allocation Failure) [PSYoungGen: 508576K->9184K(510976K)] 1017887K->527273K(1035264K), 0.0239265 secs] [Times: user=0.04 sys=0.04, real=0.02 secs] 
2021-05-25T01:30:39.259+0800: 921590.911: [Full GC (Ergonomics) [PSYoungGen: 9184K->0K(510976K)] [ParOldGen: 518089K->302006K(524288K)] 527273K->302006K(1035264K), [Metaspace: 96515K->96515K(1138688K)], 0.5227232 secs] [Times: user=1.12 sys=0.00, real=0.53 secs] 
2021-05-25T01:35:34.488+0800: 921886.140: [GC (Allocation Failure) [PSYoungGen: 498176K->12672K(509952K)] 800182K->314678K(1034240K), 0.0204607 secs] [Times: user=0.03 sys=0.03, real=0.02 secs] 
2021-05-25T01:40:27.208+0800: 922178.860: [GC (Allocation Failure) [PSYoungGen: 509312K->11392K(510464K)] 811318K->323958K(1034752K), 0.0224482 secs] [Times: user=0.04 sys=0.04, real=0.02 secs] 
2021-05-25T01:45:22.488+0800: 922474.140: [GC (Allocation Failure) [PSYoungGen: 508032K->10112K(510976K)] 820598K->331567K(1035264K), 0.0238825 secs] [Times: user=0.07 sys=0.00, real=0.03 secs] 
2021-05-25T01:50:15.345+0800: 922766.997: [GC (Allocation Failure) [PSYoungGen: 507264K->11936K(510464K)] 828719K->341180K(1034752K), 0.0314289 secs] [Times: user=0.04 sys=0.03, real=0.03 secs] 
2021-05-25T01:55:09.444+0800: 923061.096: [GC (Allocation Failure) [PSYoungGen: 509088K->8736K(510464K)] 838332K->347539K(1034752K), 0.0231134 secs] [Times: user=0.04 sys=0.04, real=0.02 secs] 
2021-05-25T01:59:59.691+0800: 923351.343: [GC (Allocation Failure) [PSYoungGen: 505376K->10368K(510464K)] 844179K->356047K(1034752K), 0.0259777 secs] [Times: user=0.03 sys=0.04, real=0.03 secs] 
2021-05-25T02:04:54.022+0800: 923645.674: [GC (Allocation Failure) [PSYoungGen: 507008K->13056K(508928K)] 852687K->366971K(1033216K), 0.0256191 secs] [Times: user=0.03 sys=0.04, real=0.03 secs] 
2021-05-25T02:09:44.263+0800: 923935.915: [GC (Allocation Failure) [PSYoungGen: 508672K->11968K(509952K)] 862587K->374838K(1034240K), 0.0246135 secs] [Times: user=0.07 sys=0.00, real=0.02 secs] 
2021-05-25T02:14:39.622+0800: 924231.274: [GC (Allocation Failure) [PSYoungGen: 507584K->9376K(509952K)] 870454K->381406K(1034240K), 0.0238670 secs] [Times: user=0.03 sys=0.03, real=0.02 secs] 
2021-05-25T02:19:34.971+0800: 924526.623: [GC (Allocation Failure) [PSYoungGen: 504992K->10048K(509952K)] 877022K->388888K(1034240K), 0.0229159 secs] [Times: user=0.02 sys=0.03, real=0.03 secs] 
2021-05-25T02:24:30.880+0800: 924822.532: [GC (Allocation Failure) [PSYoungGen: 505664K->12096K(509440K)] 884504K->397701K(1033728K), 0.0462805 secs] [Times: user=0.07 sys=0.00, real=0.05 secs] 
2021-05-25T02:29:25.048+0800: 925116.700: [GC (Allocation Failure) [PSYoungGen: 507712K->12640K(508416K)] 893317K->406752K(1032704K), 0.0236102 secs] [Times: user=0.03 sys=0.03, real=0.03 secs] 
2021-05-25T02:34:16.731+0800: 925408.383: [GC (Allocation Failure) [PSYoungGen: 508256K->11456K(509952K)] 902368K->416016K(1034240K), 0.0273588 secs] [Times: user=0.04 sys=0.04, real=0.03 secs] 
2021-05-25T02:39:11.826+0800: 925703.478: [GC (Allocation Failure) [PSYoungGen: 506560K->10592K(509440K)] 911120K->423133K(1033728K), 0.0227233 secs] [Times: user=0.04 sys=0.03, real=0.02 secs] 
2021-05-25T02:44:01.142+0800: 925992.794: [GC (Allocation Failure) [PSYoungGen: 505696K->11872K(509952K)] 918237K->432991K(1034240K), 0.0405386 secs] [Times: user=0.03 sys=0.03, real=0.05 secs] 
2021-05-25T02:48:53.795+0800: 926285.447: [GC (Allocation Failure) [PSYoungGen: 507488K->10720K(509952K)] 928607K->439961K(1034240K), 0.0299940 secs] [Times: user=0.07 sys=0.00, real=0.03 secs] 
2021-05-25T02:53:43.925+0800: 926575.577: [GC (Allocation Failure) [PSYoungGen: 506336K->11680K(510464K)] 935577K->449235K(1034752K), 0.0252555 secs] [Times: user=0.04 sys=0.04, real=0.02 secs] 
2021-05-25T02:58:36.213+0800: 926867.865: [GC (Allocation Failure) [PSYoungGen: 508320K->9696K(510464K)] 945875K->455852K(1034752K), 0.0577259 secs] [Times: user=0.05 sys=0.05, real=0.05 secs] 
2021-05-25T03:03:26.417+0800: 927158.070: [GC (Allocation Failure) [PSYoungGen: 506336K->12288K(509440K)] 952492K->465026K(1033728K), 0.0575614 secs] [Times: user=0.04 sys=0.03, real=0.06 secs] 
2021-05-25T03:08:18.446+0800: 927450.098: [GC (Allocation Failure) [PSYoungGen: 507904K->12288K(509952K)] 960642K->474083K(1034240K), 0.0250868 secs] [Times: user=0.08 sys=0.00, real=0.02 secs] 
2021-05-25T03:13:12.354+0800: 927744.007: [GC (Allocation Failure) [PSYoungGen: 507904K->12928K(508928K)] 969699K->483903K(1033216K), 0.0234588 secs] [Times: user=0.07 sys=0.00, real=0.02 secs] 
2021-05-25T03:18:03.001+0800: 928034.653: [GC (Allocation Failure) [PSYoungGen: 507520K->11456K(509440K)] 978495K->492255K(1033728K), 0.0260201 secs] [Times: user=0.04 sys=0.03, real=0.03 secs] 
2021-05-25T03:22:54.741+0800: 928326.393: [GC (Allocation Failure) [PSYoungGen: 506048K->11648K(509952K)] 986847K->500641K(1034240K), 0.0235464 secs] [Times: user=0.04 sys=0.04, real=0.03 secs] 
2021-05-25T03:27:45.831+0800: 928617.483: [GC (Allocation Failure) [PSYoungGen: 507264K->11424K(509952K)] 996257K->509179K(1034240K), 0.0292310 secs] [Times: user=0.04 sys=0.05, real=0.03 secs] 
2021-05-25T03:32:37.386+0800: 928909.038: [GC (Allocation Failure) [PSYoungGen: 507040K->11360K(510464K)] 1004795K->517655K(1034752K), 0.0309498 secs] [Times: user=0.09 sys=0.00, real=0.03 secs] 
2021-05-25T03:37:27.027+0800: 929198.679: [GC (Allocation Failure) [PSYoungGen: 508000K->11936K(510464K)] 1014295K->526257K(1034752K), 0.0261814 secs] [Times: user=0.07 sys=0.00, real=0.03 secs] 
2021-05-25T03:37:27.054+0800: 929198.706: [Full GC (Ergonomics) [PSYoungGen: 11936K->0K(510464K)] [ParOldGen: 514321K->298441K(524288K)] 526257K->298441K(1034752K), [Metaspace: 96515K->96515K(1138688K)], 0.4155365 secs] [Times: user=0.95 sys=0.00, real=0.41 secs] 
2021-05-25T03:42:22.020+0800: 929493.672: [GC (Allocation Failure) [PSYoungGen: 496640K->11296K(510976K)] 795081K->309737K(1035264K), 0.0574074 secs] [Times: user=0.03 sys=0.03, real=0.06 secs] 
2021-05-25T03:47:14.925+0800: 929786.577: [GC (Allocation Failure) [PSYoungGen: 508448K->11456K(510464K)] 806889K->318588K(1034752K), 0.0269890 secs] [Times: user=0.03 sys=0.03, real=0.02 secs] 
2021-05-25T03:52:09.970+0800: 930081.622: [GC (Allocation Failure) [PSYoungGen: 508608K->11360K(510976K)] 815740K->326367K(1035264K), 0.0258889 secs] [Times: user=0.03 sys=0.04, real=0.03 secs] 
2021-05-25T03:57:02.260+0800: 930373.912: [GC (Allocation Failure) [PSYoungGen: 509024K->8896K(510976K)] 824031K->332465K(1035264K), 0.0418624 secs] [Times: user=0.03 sys=0.04, real=0.04 secs] 
2021-05-25T04:01:54.530+0800: 930666.182: [GC (Allocation Failure) [PSYoungGen: 506560K->9632K(510976K)] 830129K->339907K(1035264K), 0.0483621 secs] [Times: user=0.02 sys=0.04, real=0.05 secs] 
2021-05-25T04:06:51.086+0800: 930962.738: [GC (Allocation Failure) [PSYoungGen: 507296K->9600K(507392K)] 837571K->347149K(1031680K), 0.0299719 secs] [Times: user=0.04 sys=0.04, real=0.03 secs] 
2021-05-25T04:11:41.502+0800: 931253.154: [GC (Allocation Failure) [PSYoungGen: 507264K->12480K(510464K)] 844813K->357050K(1034752K), 0.0255702 secs] [Times: user=0.04 sys=0.04, real=0.03 secs] 
2021-05-25T04:16:33.922+0800: 931545.574: [GC (Allocation Failure) [PSYoungGen: 509120K->10432K(510464K)] 853690K->364100K(1034752K), 0.0235301 secs] [Times: user=0.04 sys=0.04, real=0.02 secs] 
2021-05-25T04:21:22.609+0800: 931834.261: [GC (Allocation Failure) [PSYoungGen: 507072K->11040K(510976K)] 860740K->372541K(1035264K), 0.0196760 secs] [Times: user=0.02 sys=0.03, real=0.02 secs] 
2021-05-25T04:26:19.178+0800: 932130.830: [GC (Allocation Failure) [PSYoungGen: 508192K->9952K(510464K)] 869693K->379511K(1034752K), 0.0258607 secs] [Times: user=0.03 sys=0.05, real=0.03 secs] 
2021-05-25T04:31:11.728+0800: 932423.380: [GC (Allocation Failure) [PSYoungGen: 507104K->11104K(510976K)] 876663K->388529K(1035264K), 0.0278535 secs] [Times: user=0.03 sys=0.04, real=0.03 secs] 
2021-05-25T04:36:07.511+0800: 932719.164: [GC (Allocation Failure) [PSYoungGen: 508768K->9728K(510976K)] 886193K->395531K(1035264K), 0.0224443 secs] [Times: user=0.03 sys=0.03, real=0.03 secs] 
2021-05-25T04:41:02.677+0800: 933014.329: [GC (Allocation Failure) [PSYoungGen: 507392K->12192K(509952K)] 893195K->406485K(1034240K), 0.0770741 secs] [Times: user=0.06 sys=0.07, real=0.08 secs] 
2021-05-25T04:45:53.437+0800: 933305.089: [GC (Allocation Failure) [PSYoungGen: 508832K->12704K(510464K)] 903125K->415841K(1034752K), 0.0313717 secs] [Times: user=0.04 sys=0.05, real=0.03 secs] 
2021-05-25T04:50:46.407+0800: 933598.059: [GC (Allocation Failure) [PSYoungGen: 509344K->11616K(510464K)] 912481K->424026K(1034752K), 0.0254469 secs] [Times: user=0.03 sys=0.04, real=0.03 secs] 
2021-05-25T04:55:39.159+0800: 933890.811: [GC (Allocation Failure) [PSYoungGen: 508256K->12576K(509440K)] 920666K->432727K(1033728K), 0.0291400 secs] [Times: user=0.04 sys=0.04, real=0.03 secs] 
2021-05-25T05:00:31.765+0800: 934183.417: [GC (Allocation Failure) [PSYoungGen: 509216K->12480K(509952K)] 929367K->442289K(1034240K), 0.0282631 secs] [Times: user=0.08 sys=0.00, real=0.03 secs] 
2021-05-25T05:05:18.184+0800: 934469.836: [GC (Allocation Failure) [PSYoungGen: 508096K->13120K(508928K)] 937905K->450860K(1033216K), 0.0541687 secs] [Times: user=0.04 sys=0.05, real=0.05 secs] 
2021-05-25T05:10:06.012+0800: 934757.664: [GC (Allocation Failure) [PSYoungGen: 508736K->13568K(508416K)] 946476K->461244K(1032704K), 0.0331466 secs] [Times: user=0.04 sys=0.05, real=0.04 secs] 
2021-05-25T05:14:51.314+0800: 935042.966: [GC (Allocation Failure) [PSYoungGen: 507136K->12864K(508928K)] 954812K->469305K(1033216K), 0.0322044 secs] [Times: user=0.03 sys=0.04, real=0.03 secs] 
2021-05-25T05:19:33.427+0800: 935325.079: [GC (Allocation Failure) [PSYoungGen: 506432K->14912K(507904K)] 962873K->479844K(1032192K), 0.0241095 secs] [Times: user=0.04 sys=0.04, real=0.02 secs] 
2021-05-25T05:24:15.057+0800: 935606.709: [GC (Allocation Failure) [PSYoungGen: 507456K->12576K(508416K)] 972388K->487878K(1032704K), 0.0250513 secs] [Times: user=0.04 sys=0.03, real=0.02 secs] 
2021-05-25T05:29:00.125+0800: 935891.777: [GC (Allocation Failure) [PSYoungGen: 505114K->15840K(499200K)] 980417K->501534K(1023488K), 0.0314808 secs] [Times: user=0.05 sys=0.04, real=0.03 secs] 
2021-05-25T05:33:37.839+0800: 936169.491: [GC (Allocation Failure) [PSYoungGen: 499168K->14752K(503808K)] 984862K->510145K(1028096K), 0.0375001 secs] [Times: user=0.04 sys=0.05, real=0.04 secs] 
2021-05-25T05:38:23.341+0800: 936454.993: [GC (Allocation Failure) [PSYoungGen: 498080K->12064K(504320K)] 993473K->518638K(1028608K), 0.0258064 secs] [Times: user=0.04 sys=0.05, real=0.03 secs] 
2021-05-25T05:43:06.909+0800: 936738.561: [GC (Allocation Failure) [PSYoungGen: 495904K->12608K(503808K)] 1002478K->528186K(1028096K), 0.0375123 secs] [Times: user=0.04 sys=0.06, real=0.04 secs] 
2021-05-25T05:43:06.947+0800: 936738.599: [Full GC (Ergonomics) [PSYoungGen: 12608K->0K(503808K)] [ParOldGen: 515578K->301858K(524288K)] 528186K->301858K(1028096K), [Metaspace: 96528K->96528K(1138688K)], 0.7364187 secs] [Times: user=1.92 sys=0.00, real=0.74 secs] 
2021-05-25T05:47:54.562+0800: 937026.214: [GC (Allocation Failure) [PSYoungGen: 483840K->13312K(505344K)] 785698K->315170K(1029632K), 0.0541938 secs] [Times: user=0.10 sys=0.00, real=0.06 secs] 
2021-05-25T05:52:39.923+0800: 937311.575: [GC (Allocation Failure) [PSYoungGen: 499200K->11648K(504832K)] 801058K->324571K(1029120K), 0.0550502 secs] [Times: user=0.08 sys=0.00, real=0.05 secs] 
2021-05-25T05:57:24.963+0800: 937596.615: [GC (Allocation Failure) [PSYoungGen: 497536K->12384K(505856K)] 810459K->334637K(1030144K), 0.0270163 secs] [Times: user=0.04 sys=0.04, real=0.02 secs] 
2021-05-25T06:02:05.609+0800: 937877.261: [GC (Allocation Failure) [PSYoungGen: 499296K->13696K(505344K)] 821549K->345872K(1029632K), 0.0399112 secs] [Times: user=0.04 sys=0.05, real=0.04 secs] 
2021-05-25T06:06:50.677+0800: 938162.329: [GC (Allocation Failure) [PSYoungGen: 500608K->12832K(506368K)] 832784K->353844K(1030656K), 0.0353876 secs] [Times: user=0.04 sys=0.05, real=0.04 secs] 
2021-05-25T06:11:32.027+0800: 938443.679: [GC (Allocation Failure) [PSYoungGen: 501280K->13632K(506368K)] 842292K->364456K(1030656K), 0.0293035 secs] [Times: user=0.09 sys=0.00, real=0.03 secs] 
2021-05-25T06:16:17.590+0800: 938729.242: [GC (Allocation Failure) [PSYoungGen: 502080K->12160K(506880K)] 852904K->372946K(1031168K), 0.0371233 secs] [Times: user=0.04 sys=0.03, real=0.04 secs] 
2021-05-25T06:20:58.761+0800: 939010.413: [GC (Allocation Failure) [PSYoungGen: 501632K->11648K(506880K)] 862418K->381390K(1031168K), 0.0956993 secs] [Times: user=0.03 sys=0.04, real=0.10 secs] 
2021-05-25T06:25:43.189+0800: 939294.841: [GC (Allocation Failure) [PSYoungGen: 501120K->14176K(506368K)] 870862K->392266K(1030656K), 0.0294672 secs] [Times: user=0.04 sys=0.04, real=0.03 secs] 
2021-05-25T06:30:32.625+0800: 939584.277: [GC (Allocation Failure) [PSYoungGen: 503647K->11488K(506880K)] 881737K->399363K(1031168K), 0.0306699 secs] [Times: user=0.04 sys=0.04, real=0.03 secs] 
2021-05-25T06:35:13.501+0800: 939865.153: [GC (Allocation Failure) [PSYoungGen: 500960K->12960K(507392K)] 888835K->408487K(1031680K), 0.0720215 secs] [Times: user=0.06 sys=0.07, real=0.08 secs] 
2021-05-25T06:39:58.717+0800: 940150.369: [GC (Allocation Failure) [PSYoungGen: 503456K->11904K(507392K)] 898983K->417640K(1031680K), 0.0288683 secs] [Times: user=0.04 sys=0.03, real=0.03 secs] 
2021-05-25T06:44:44.040+0800: 940435.692: [GC (Allocation Failure) [PSYoungGen: 502400K->13344K(507904K)] 908136K->426925K(1032192K), 0.0259520 secs] [Times: user=0.04 sys=0.04, real=0.03 secs] 
2021-05-25T06:49:29.430+0800: 940721.082: [GC (Allocation Failure) [PSYoungGen: 504864K->12512K(507904K)] 918445K->435632K(1032192K), 0.0253230 secs] [Times: user=0.04 sys=0.04, real=0.03 secs] 
2021-05-25T06:54:19.681+0800: 941011.333: [GC (Allocation Failure) [PSYoungGen: 504032K->10400K(507392K)] 927152K->442500K(1031680K), 0.0241009 secs] [Times: user=0.03 sys=0.03, real=0.03 secs] 
2021-05-25T06:59:02.751+0800: 941294.403: [GC (Allocation Failure) [PSYoungGen: 501920K->13248K(507904K)] 934020K->454030K(1032192K), 0.0248460 secs] [Times: user=0.04 sys=0.04, real=0.03 secs] 
2021-05-25T07:03:41.159+0800: 941572.811: [GC (Allocation Failure) [PSYoungGen: 504768K->13160K(508416K)] 945550K->464112K(1032704K), 0.0324804 secs] [Times: user=0.03 sys=0.04, real=0.03 secs] 
2021-05-25T07:08:26.791+0800: 941858.443: [GC (Allocation Failure) [PSYoungGen: 505704K->12320K(508416K)] 956656K->473842K(1032704K), 0.0235782 secs] [Times: user=0.04 sys=0.04, real=0.03 secs] 
2021-05-25T07:13:16.794+0800: 942148.446: [GC (Allocation Failure) [PSYoungGen: 504864K->12672K(508928K)] 966386K->482974K(1033216K), 0.0313532 secs] [Times: user=0.03 sys=0.04, real=0.03 secs] 
2021-05-25T07:18:04.842+0800: 942436.494: [GC (Allocation Failure) [PSYoungGen: 505728K->11968K(508416K)] 976030K->491234K(1032704K), 0.0227148 secs] [Times: user=0.03 sys=0.03, real=0.02 secs] 
2021-05-25T07:22:58.014+0800: 942729.666: [GC (Allocation Failure) [PSYoungGen: 505024K->12352K(508928K)] 984290K->499700K(1033216K), 0.0268259 secs] [Times: user=0.04 sys=0.04, real=0.02 secs] 
2021-05-25T07:27:45.627+0800: 943017.280: [GC (Allocation Failure) [PSYoungGen: 505920K->12960K(508928K)] 993268K->509654K(1033216K), 0.0250367 secs] [Times: user=0.03 sys=0.03, real=0.03 secs] 
2021-05-25T07:32:34.888+0800: 943306.540: [GC (Allocation Failure) [PSYoungGen: 506528K->11008K(509440K)] 1003222K->517055K(1033728K), 0.0515155 secs] [Times: user=0.03 sys=0.03, real=0.05 secs] 
2021-05-25T07:37:24.051+0800: 943595.703: [GC (Allocation Failure) [PSYoungGen: 505600K->12896K(509440K)] 1011647K->527314K(1033728K), 0.0245656 secs] [Times: user=0.04 sys=0.04, real=0.03 secs] 
2021-05-25T07:37:24.076+0800: 943595.728: [Full GC (Ergonomics) [PSYoungGen: 12896K->0K(509440K)] [ParOldGen: 514418K->300680K(524288K)] 527314K->300680K(1033728K), [Metaspace: 96528K->96528K(1138688K)], 0.4192732 secs] [Times: user=0.97 sys=0.00, real=0.42 secs] 
2021-05-25T07:42:10.303+0800: 943881.955: [GC (Allocation Failure) [PSYoungGen: 494592K->14240K(508416K)] 795272K->314920K(1032704K), 0.0251717 secs] [Times: user=0.03 sys=0.03, real=0.02 secs] 
2021-05-25T07:47:00.057+0800: 944171.709: [GC (Allocation Failure) [PSYoungGen: 507808K->12736K(508928K)] 808488K->323809K(1033216K), 0.0317373 secs] [Times: user=0.04 sys=0.04, real=0.03 secs] 
2021-05-25T07:51:46.809+0800: 944458.461: [GC (Allocation Failure) [PSYoungGen: 506304K->11264K(508928K)] 817377K->331419K(1033216K), 0.0222287 secs] [Times: user=0.03 sys=0.04, real=0.02 secs] 
2021-05-25T07:56:31.956+0800: 944743.608: [GC (Allocation Failure) [PSYoungGen: 504832K->12384K(508928K)] 824987K->340934K(1033216K), 0.0432341 secs] [Times: user=0.04 sys=0.04, real=0.04 secs] 
2021-05-25T08:01:12.873+0800: 945024.525: [GC (Allocation Failure) [PSYoungGen: 505952K->10816K(509440K)] 834502K->348617K(1033728K), 0.0241659 secs] [Times: user=0.07 sys=0.00, real=0.02 secs] 
2021-05-25T08:05:58.573+0800: 945310.225: [GC (Allocation Failure) [PSYoungGen: 505408K->14816K(509440K)] 843209K->360782K(1033728K), 0.0309861 secs] [Times: user=0.05 sys=0.05, real=0.03 secs] 
2021-05-25T08:10:47.055+0800: 945598.707: [GC (Allocation Failure) [PSYoungGen: 509408K->12032K(502272K)] 855374K->369312K(1026560K), 0.0258553 secs] [Times: user=0.04 sys=0.04, real=0.02 secs] 
2021-05-25T08:15:30.597+0800: 945882.249: [GC (Allocation Failure) [PSYoungGen: 499456K->12544K(505856K)] 856736K->378666K(1030144K), 0.0320768 secs] [Times: user=0.04 sys=0.04, real=0.03 secs] 
2021-05-25T08:20:12.824+0800: 946164.476: [GC (Allocation Failure) [PSYoungGen: 499968K->12928K(506368K)] 866090K->386926K(1030656K), 0.0331174 secs] [Times: user=0.05 sys=0.05, real=0.03 secs] 
2021-05-25T08:24:53.312+0800: 946444.964: [GC (Allocation Failure) [PSYoungGen: 501376K->11072K(506368K)] 875374K->394416K(1030656K), 0.0271748 secs] [Times: user=0.04 sys=0.04, real=0.02 secs] 
2021-05-25T08:29:38.901+0800: 946730.553: [GC (Allocation Failure) [PSYoungGen: 499520K->11328K(506880K)] 882864K->402747K(1031168K), 0.0224357 secs] [Times: user=0.03 sys=0.04, real=0.03 secs] 
2021-05-25T08:34:22.799+0800: 947014.451: [GC (Allocation Failure) [PSYoungGen: 500800K->11072K(506880K)] 892219K->410838K(1031168K), 0.0240943 secs] [Times: user=0.03 sys=0.03, real=0.03 secs] 
2021-05-25T08:39:03.497+0800: 947295.150: [GC (Allocation Failure) [PSYoungGen: 500544K->12064K(507392K)] 900310K->419827K(1031680K), 0.0250244 secs] [Times: user=0.04 sys=0.04, real=0.03 secs] 
2021-05-25T08:43:46.741+0800: 947578.393: [GC (Allocation Failure) [PSYoungGen: 502048K->13056K(506880K)] 909811K->430526K(1031168K), 0.0240905 secs] [Times: user=0.03 sys=0.04, real=0.03 secs] 
2021-05-25T08:48:31.083+0800: 947862.735: [GC (Allocation Failure) [PSYoungGen: 503040K->9768K(507392K)] 920510K->437143K(1031680K), 0.0726246 secs] [Times: user=0.13 sys=0.12, real=0.07 secs] 
2021-05-25T08:53:07.359+0800: 948139.011: [GC (Allocation Failure) [PSYoungGen: 500264K->13088K(507392K)] 927639K->447515K(1031680K), 0.0302595 secs] [Times: user=0.04 sys=0.04, real=0.03 secs] 
2021-05-25T08:57:54.001+0800: 948425.653: [GC (Allocation Failure) [PSYoungGen: 503584K->13632K(507392K)] 938011K->457566K(1031680K), 0.0295199 secs] [Times: user=0.05 sys=0.04, real=0.03 secs] 
2021-05-25T09:02:41.997+0800: 948713.649: [GC (Allocation Failure) [PSYoungGen: 504128K->11520K(507392K)] 948062K->465015K(1031680K), 0.0242218 secs] [Times: user=0.08 sys=0.00, real=0.02 secs] 
2021-05-25T09:07:24.739+0800: 948996.391: [GC (Allocation Failure) [PSYoungGen: 502016K->12544K(507904K)] 955511K->475433K(1032192K), 0.0283267 secs] [Times: user=0.08 sys=0.00, real=0.03 secs] 
2021-05-25T09:12:08.339+0800: 949279.991: [GC (Allocation Failure) [PSYoungGen: 504064K->11712K(507904K)] 966953K->483586K(1032192K), 0.0302223 secs] [Times: user=0.04 sys=0.05, real=0.03 secs] 
2021-05-25T09:16:58.387+0800: 949570.039: [GC (Allocation Failure) [PSYoungGen: 503232K->8864K(507392K)] 975106K->488924K(1031680K), 0.0302488 secs] [Times: user=0.04 sys=0.04, real=0.03 secs] 
2021-05-25T09:21:39.379+0800: 949851.031: [GC (Allocation Failure) [PSYoungGen: 500384K->12096K(507904K)] 980444K->498514K(1032192K), 0.0431943 secs] [Times: user=0.03 sys=0.03, real=0.05 secs] 
2021-05-25T09:26:25.670+0800: 950137.322: [GC (Allocation Failure) [PSYoungGen: 503616K->12800K(508416K)] 990034K->508190K(1032704K), 0.0286303 secs] [Times: user=0.04 sys=0.04, real=0.03 secs] 
2021-05-25T09:31:13.068+0800: 950424.720: [GC (Allocation Failure) [PSYoungGen: 505344K->12352K(508416K)] 1000734K->517873K(1032704K), 0.0234189 secs] [Times: user=0.03 sys=0.04, real=0.02 secs] 
2021-05-25T09:36:05.662+0800: 950717.314: [GC (Allocation Failure) [PSYoungGen: 504896K->11968K(508928K)] 1010417K->526586K(1033216K), 0.0261404 secs] [Times: user=0.04 sys=0.04, real=0.02 secs] 
2021-05-25T09:36:05.689+0800: 950717.341: [Full GC (Ergonomics) [PSYoungGen: 11968K->0K(508928K)] [ParOldGen: 514618K->300772K(524288K)] 526586K->300772K(1033216K), [Metaspace: 96528K->96528K(1138688K)], 0.4205478 secs] [Times: user=0.92 sys=0.00, real=0.42 secs] 
2021-05-25T09:40:51.610+0800: 951003.262: [GC (Allocation Failure) [PSYoungGen: 493568K->12704K(508928K)] 794340K->313476K(1033216K), 0.0202186 secs] [Times: user=0.03 sys=0.03, real=0.02 secs] 
2021-05-25T09:45:41.915+0800: 951293.567: [GC (Allocation Failure) [PSYoungGen: 506272K->11008K(509440K)] 807044K->321996K(1033728K), 0.0254001 secs] [Times: user=0.04 sys=0.03, real=0.02 secs] 
2021-05-25T09:50:28.405+0800: 951580.057: [GC (Allocation Failure) [PSYoungGen: 505088K->11360K(508928K)] 816076K->330767K(1033216K), 0.0219051 secs] [Times: user=0.03 sys=0.03, real=0.02 secs] 
2021-05-25T09:55:17.542+0800: 951869.195: [GC (Allocation Failure) [PSYoungGen: 505440K->10784K(509440K)] 824847K->339155K(1033728K), 0.0235813 secs] [Times: user=0.03 sys=0.03, real=0.02 secs] 
2021-05-25T10:00:02.418+0800: 952154.070: [GC (Allocation Failure) [PSYoungGen: 505376K->11776K(509440K)] 833747K->348255K(1033728K), 0.0398433 secs] [Times: user=0.02 sys=0.03, real=0.04 secs] 
2021-05-25T10:04:55.631+0800: 952447.283: [GC (Allocation Failure) [PSYoungGen: 506368K->10464K(509440K)] 842847K->355679K(1033728K), 0.0853294 secs] [Times: user=0.02 sys=0.03, real=0.09 secs] 
2021-05-25T10:09:43.110+0800: 952734.762: [GC (Allocation Failure) [PSYoungGen: 505056K->10400K(509440K)] 850271K->362626K(1033728K), 0.0229604 secs] [Times: user=0.04 sys=0.03, real=0.03 secs] 
2021-05-25T10:14:32.328+0800: 953023.980: [GC (Allocation Failure) [PSYoungGen: 504992K->9632K(508928K)] 857218K->370284K(1033216K), 0.0229897 secs] [Times: user=0.03 sys=0.03, real=0.02 secs] 
2021-05-25T10:19:21.657+0800: 953313.309: [GC (Allocation Failure) [PSYoungGen: 504224K->10400K(509440K)] 864876K->378294K(1033728K), 0.0217651 secs] [Times: user=0.06 sys=0.00, real=0.02 secs] 
2021-05-25T10:24:10.839+0800: 953602.491: [GC (Allocation Failure) [PSYoungGen: 504992K->10176K(509952K)] 872886K->386176K(1034240K), 0.0222938 secs] [Times: user=0.03 sys=0.04, real=0.02 secs] 
2021-05-25T10:28:57.859+0800: 953889.511: [GC (Allocation Failure) [PSYoungGen: 505792K->11488K(509952K)] 881792K->395636K(1034240K), 0.0254289 secs] [Times: user=0.04 sys=0.04, real=0.03 secs] 
2021-05-25T10:33:47.329+0800: 954178.981: [GC (Allocation Failure) [PSYoungGen: 507104K->9472K(509952K)] 891252K->402230K(1034240K), 0.0426643 secs] [Times: user=0.03 sys=0.03, real=0.04 secs] 
2021-05-25T10:38:40.316+0800: 954471.968: [GC (Allocation Failure) [PSYoungGen: 505088K->8800K(509952K)] 897846K->408801K(1034240K), 0.0241080 secs] [Times: user=0.03 sys=0.04, real=0.02 secs] 
2021-05-25T10:43:28.481+0800: 954760.133: [GC (Allocation Failure) [PSYoungGen: 504416K->11456K(509952K)] 904417K->417773K(1034240K), 0.0289349 secs] [Times: user=0.04 sys=0.03, real=0.03 secs] 
2021-05-25T10:48:17.642+0800: 955049.294: [GC (Allocation Failure) [PSYoungGen: 507072K->10144K(509952K)] 913389K->424966K(1034240K), 0.0238312 secs] [Times: user=0.03 sys=0.04, real=0.02 secs] 
2021-05-25T10:53:06.390+0800: 955338.043: [GC (Allocation Failure) [PSYoungGen: 505760K->10880K(510464K)] 920582K->432010K(1034752K), 0.0295638 secs] [Times: user=0.03 sys=0.05, real=0.03 secs] 
2021-05-25T10:57:56.219+0800: 955627.871: [GC (Allocation Failure) [PSYoungGen: 507520K->10144K(510464K)] 928650K->439938K(1034752K), 0.0242556 secs] [Times: user=0.04 sys=0.03, real=0.03 secs] 
2021-05-25T11:02:44.570+0800: 955916.222: [GC (Allocation Failure) [PSYoungGen: 506784K->9984K(510976K)] 936578K->447917K(1035264K), 0.0415928 secs] [Times: user=0.04 sys=0.04, real=0.05 secs] 
2021-05-25T11:07:36.965+0800: 956208.617: [GC (Allocation Failure) [PSYoungGen: 507136K->11040K(510464K)] 945069K->455745K(1034752K), 0.0331464 secs] [Times: user=0.04 sys=0.05, real=0.03 secs] 
2021-05-25T11:12:28.340+0800: 956499.992: [GC (Allocation Failure) [PSYoungGen: 508192K->9856K(510976K)] 952897K->462635K(1035264K), 0.0282236 secs] [Times: user=0.05 sys=0.04, real=0.03 secs] 
2021-05-25T11:17:18.887+0800: 956790.539: [GC (Allocation Failure) [PSYoungGen: 507520K->10944K(510976K)] 960299K->471987K(1035264K), 0.0253542 secs] [Times: user=0.04 sys=0.04, real=0.03 secs] 
2021-05-25T11:22:09.009+0800: 957080.661: [GC (Allocation Failure) [PSYoungGen: 508608K->11296K(510976K)] 969651K->479813K(1035264K), 0.0398965 secs] [Times: user=0.04 sys=0.05, real=0.04 secs] 
2021-05-25T11:26:59.167+0800: 957370.819: [GC (Allocation Failure) [PSYoungGen: 508898K->10336K(510976K)] 977415K->487480K(1035264K), 0.0236613 secs] [Times: user=0.03 sys=0.04, real=0.02 secs] 
2021-05-25T11:31:52.770+0800: 957664.422: [GC (Allocation Failure) [PSYoungGen: 508000K->11168K(511488K)] 985144K->496738K(1035776K), 0.0231981 secs] [Times: user=0.07 sys=0.00, real=0.03 secs] 
2021-05-25T11:36:44.792+0800: 957956.444: [GC (Allocation Failure) [PSYoungGen: 509856K->10240K(511488K)] 995426K->504700K(1035776K), 0.0285634 secs] [Times: user=0.04 sys=0.04, real=0.03 secs] 
2021-05-25T11:41:38.125+0800: 958249.777: [GC (Allocation Failure) [PSYoungGen: 508928K->9760K(511488K)] 1003388K->511679K(1035776K), 0.0634055 secs] [Times: user=0.04 sys=0.04, real=0.06 secs] 
2021-05-25T11:46:30.647+0800: 958542.299: [GC (Allocation Failure) [PSYoungGen: 508448K->10912K(511488K)] 1010367K->519930K(1035776K), 0.0229084 secs] [Times: user=0.04 sys=0.04, real=0.02 secs] 
2021-05-25T11:51:24.758+0800: 958836.410: [GC (Allocation Failure) [PSYoungGen: 509600K->8800K(511488K)] 1018618K->527219K(1035776K), 0.0255797 secs] [Times: user=0.08 sys=0.00, real=0.03 secs] 
2021-05-25T11:51:24.784+0800: 958836.436: [Full GC (Ergonomics) [PSYoungGen: 8800K->0K(511488K)] [ParOldGen: 518419K->296179K(524288K)] 527219K->296179K(1035776K), [Metaspace: 96531K->96531K(1138688K)], 0.4934984 secs] [Times: user=1.11 sys=0.00, real=0.49 secs] 
2021-05-25T11:56:17.100+0800: 959128.752: [GC (Allocation Failure) [PSYoungGen: 498688K->10816K(511488K)] 794867K->306995K(1035776K), 0.0196619 secs] [Times: user=0.03 sys=0.03, real=0.02 secs] 
2021-05-25T12:01:05.566+0800: 959417.218: [GC (Allocation Failure) [PSYoungGen: 509504K->11936K(510464K)] 805683K->317053K(1034752K), 0.0299195 secs] [Times: user=0.04 sys=0.04, real=0.03 secs] 
2021-05-25T12:05:54.404+0800: 959706.056: [GC (Allocation Failure) [PSYoungGen: 509598K->10592K(510976K)] 814716K->324552K(1035264K), 0.0319641 secs] [Times: user=0.03 sys=0.04, real=0.03 secs] 
2021-05-25T12:10:47.595+0800: 959999.247: [GC (Allocation Failure) [PSYoungGen: 508256K->10464K(511488K)] 822216K->331833K(1035776K), 0.0261440 secs] [Times: user=0.04 sys=0.04, real=0.02 secs] 
2021-05-25T12:15:37.987+0800: 960289.639: [GC (Allocation Failure) [PSYoungGen: 509152K->11136K(511488K)] 830521K->340243K(1035776K), 0.0257208 secs] [Times: user=0.04 sys=0.03, real=0.03 secs] 
2021-05-25T12:20:26.257+0800: 960577.909: [GC (Allocation Failure) [PSYoungGen: 509824K->11040K(511488K)] 838931K->348086K(1035776K), 0.0392662 secs] [Times: user=0.04 sys=0.05, real=0.04 secs] 
2021-05-25T12:25:13.162+0800: 960864.814: [GC (Allocation Failure) [PSYoungGen: 509728K->10336K(511488K)] 846774K->355121K(1035776K), 0.0255219 secs] [Times: user=0.08 sys=0.00, real=0.02 secs] 
2021-05-25T12:30:04.181+0800: 961155.833: [GC (Allocation Failure) [PSYoungGen: 509024K->11680K(511488K)] 853809K->364211K(1035776K), 0.0503306 secs] [Times: user=0.03 sys=0.03, real=0.05 secs] 
2021-05-25T12:35:03.404+0800: 961455.056: [GC (Allocation Failure) [PSYoungGen: 510368K->11840K(511488K)] 862899K->372541K(1035776K), 0.0245638 secs] [Times: user=0.03 sys=0.04, real=0.02 secs] 
2021-05-25T12:39:51.038+0800: 961742.690: [GC (Allocation Failure) [PSYoungGen: 510528K->11104K(511488K)] 871229K->380944K(1035776K), 0.0328475 secs] [Times: user=0.05 sys=0.06, real=0.03 secs] 
2021-05-25T12:44:39.275+0800: 962030.927: [GC (Allocation Failure) [PSYoungGen: 509792K->12768K(511488K)] 879632K->391898K(1035776K), 0.0307101 secs] [Times: user=0.04 sys=0.04, real=0.03 secs] 
2021-05-25T12:49:29.789+0800: 962321.441: [GC (Allocation Failure) [PSYoungGen: 511456K->10208K(503296K)] 890586K->399747K(1027584K), 0.0297236 secs] [Times: user=0.05 sys=0.04, real=0.03 secs] 
2021-05-25T12:54:12.714+0800: 962604.366: [GC (Allocation Failure) [PSYoungGen: 500704K->13728K(507392K)] 890243K->410879K(1031680K), 0.0342761 secs] [Times: user=0.04 sys=0.05, real=0.03 secs] 
2021-05-25T12:59:01.089+0800: 962892.741: [GC (Allocation Failure) [PSYoungGen: 504224K->8480K(507392K)] 901375K->415688K(1031680K), 0.0343468 secs] [Times: user=0.05 sys=0.06, real=0.04 secs] 
2021-05-25T13:03:39.626+0800: 963171.279: [GC (Allocation Failure) [PSYoungGen: 498976K->11656K(507392K)] 906184K->425309K(1031680K), 0.0286156 secs] [Times: user=0.04 sys=0.04, real=0.03 secs] 
2021-05-25T13:08:29.208+0800: 963460.860: [GC (Allocation Failure) [PSYoungGen: 502152K->11488K(507904K)] 915805K->434159K(1032192K), 0.0282536 secs] [Times: user=0.08 sys=0.00, real=0.03 secs] 
2021-05-25T13:13:20.931+0800: 963752.583: [GC (Allocation Failure) [PSYoungGen: 503008K->10592K(507904K)] 925679K->442129K(1032192K), 0.0289117 secs] [Times: user=0.04 sys=0.04, real=0.03 secs] 
2021-05-25T13:18:13.082+0800: 964044.734: [GC (Allocation Failure) [PSYoungGen: 502112K->9344K(508416K)] 933649K->449250K(1032704K), 0.0302413 secs] [Times: user=0.04 sys=0.04, real=0.04 secs] 
2021-05-25T13:22:59.048+0800: 964330.700: [GC (Allocation Failure) [PSYoungGen: 501888K->12000K(508416K)] 941794K->459086K(1032704K), 0.0333783 secs] [Times: user=0.04 sys=0.04, real=0.03 secs] 
2021-05-25T13:27:45.399+0800: 964617.051: [GC (Allocation Failure) [PSYoungGen: 504544K->11392K(508928K)] 951630K->467592K(1033216K), 0.0320704 secs] [Times: user=0.10 sys=0.00, real=0.03 secs] 
2021-05-25T13:32:35.057+0800: 964906.709: [GC (Allocation Failure) [PSYoungGen: 504448K->14400K(508416K)] 960648K->479180K(1032704K), 0.0323329 secs] [Times: user=0.05 sys=0.05, real=0.03 secs] 
2021-05-25T13:37:24.830+0800: 965196.482: [GC (Allocation Failure) [PSYoungGen: 507456K->11712K(508416K)] 972236K->487174K(1032704K), 0.0320760 secs] [Times: user=0.04 sys=0.04, real=0.04 secs] 
2021-05-25T13:42:06.336+0800: 965477.988: [GC (Allocation Failure) [PSYoungGen: 504256K->9728K(508416K)] 979718K->494917K(1032704K), 0.0307419 secs] [Times: user=0.04 sys=0.04, real=0.03 secs] 
2021-05-25T13:46:54.589+0800: 965766.241: [GC (Allocation Failure) [PSYoungGen: 502272K->11264K(508928K)] 987461K->504215K(1033216K), 0.0269188 secs] [Times: user=0.03 sys=0.04, real=0.03 secs] 
2021-05-25T13:51:39.684+0800: 966051.336: [GC (Allocation Failure) [PSYoungGen: 504832K->10880K(508928K)] 997783K->511963K(1033216K), 0.0266966 secs] [Times: user=0.04 sys=0.04, real=0.02 secs] 
2021-05-25T13:56:24.782+0800: 966336.434: [GC (Allocation Failure) [PSYoungGen: 504448K->10208K(509440K)] 1005531K->519115K(1033728K), 0.0306258 secs] [Times: user=0.08 sys=0.00, real=0.03 secs] 
2021-05-25T14:01:12.548+0800: 966624.200: [GC (Allocation Failure) [PSYoungGen: 504800K->9504K(509440K)] 1013707K->525901K(1033728K), 0.0273469 secs] [Times: user=0.04 sys=0.05, real=0.03 secs] 
2021-05-25T14:01:12.576+0800: 966624.228: [Full GC (Ergonomics) [PSYoungGen: 9504K->0K(509440K)] [ParOldGen: 516397K->301087K(524288K)] 525901K->301087K(1033728K), [Metaspace: 96531K->96531K(1138688K)], 0.4851925 secs] [Times: user=1.07 sys=0.00, real=0.48 secs] 
2021-05-25T14:06:00.471+0800: 966912.123: [GC (Allocation Failure) [PSYoungGen: 494592K->11680K(509440K)] 795679K->312767K(1033728K), 0.0254865 secs] [Times: user=0.07 sys=0.00, real=0.03 secs] 
2021-05-25T14:10:45.778+0800: 967197.430: [GC (Allocation Failure) [PSYoungGen: 506272K->10240K(509440K)] 807359K->320273K(1033728K), 0.0300706 secs] [Times: user=0.04 sys=0.04, real=0.03 secs] 
2021-05-25T14:15:29.759+0800: 967481.411: [GC (Allocation Failure) [PSYoungGen: 504832K->12416K(508928K)] 814865K->329931K(1033216K), 0.0279167 secs] [Times: user=0.04 sys=0.04, real=0.03 secs] 
2021-05-25T14:20:16.515+0800: 967768.167: [GC (Allocation Failure) [PSYoungGen: 507008K->10560K(509440K)] 824523K->337412K(1033728K), 0.0270369 secs] [Times: user=0.03 sys=0.04, real=0.03 secs] 
2021-05-25T14:25:01.926+0800: 968053.578: [GC (Allocation Failure) [PSYoungGen: 505152K->10720K(509952K)] 832004K->345527K(1034240K), 0.0284620 secs] [Times: user=0.03 sys=0.04, real=0.03 secs] 
2021-05-25T14:29:49.639+0800: 968341.291: [GC (Allocation Failure) [PSYoungGen: 506336K->8384K(509952K)] 841143K->351409K(1034240K), 0.0268579 secs] [Times: user=0.07 sys=0.00, real=0.03 secs] 
2021-05-25T14:34:34.842+0800: 968626.494: [GC (Allocation Failure) [PSYoungGen: 504000K->10368K(509952K)] 847025K->359877K(1034240K), 0.0281774 secs] [Times: user=0.04 sys=0.04, real=0.03 secs] 
2021-05-25T14:39:23.177+0800: 968914.829: [GC (Allocation Failure) [PSYoungGen: 505984K->9600K(509952K)] 855493K->366855K(1034240K), 0.0296624 secs] [Times: user=0.08 sys=0.00, real=0.03 secs] 
2021-05-25T14:44:08.596+0800: 969200.248: [GC (Allocation Failure) [PSYoungGen: 505216K->12448K(509440K)] 862471K->377434K(1033728K), 0.0449182 secs] [Times: user=0.05 sys=0.05, real=0.04 secs] 
2021-05-25T14:48:57.122+0800: 969488.774: [GC (Allocation Failure) [PSYoungGen: 508064K->11584K(509952K)] 873050K->384725K(1034240K), 0.0278240 secs] [Times: user=0.04 sys=0.04, real=0.03 secs] 
2021-05-25T14:53:49.377+0800: 969781.029: [GC (Allocation Failure) [PSYoungGen: 507200K->12480K(508928K)] 880341K->394424K(1033216K), 0.0328032 secs] [Times: user=0.04 sys=0.04, real=0.03 secs] 
2021-05-25T14:58:40.799+0800: 970072.451: [GC (Allocation Failure) [PSYoungGen: 507072K->9600K(509440K)] 889016K->401378K(1033728K), 0.0254521 secs] [Times: user=0.04 sys=0.03, real=0.03 secs] 
2021-05-25T15:03:33.206+0800: 970364.858: [GC (Allocation Failure) [PSYoungGen: 504192K->9632K(509952K)] 895970K->409140K(1034240K), 0.0282760 secs] [Times: user=0.04 sys=0.05, real=0.03 secs] 
2021-05-25T15:08:21.360+0800: 970653.012: [GC (Allocation Failure) [PSYoungGen: 505248K->11776K(509952K)] 904756K->418087K(1034240K), 0.0456137 secs] [Times: user=0.04 sys=0.04, real=0.05 secs] 
2021-05-25T15:13:10.698+0800: 970942.350: [GC (Allocation Failure) [PSYoungGen: 507392K->10112K(509952K)] 913703K->425192K(1034240K), 0.0448708 secs] [Times: user=0.04 sys=0.04, real=0.05 secs] 
2021-05-25T15:17:55.554+0800: 971227.206: [GC (Allocation Failure) [PSYoungGen: 505728K->11648K(509952K)] 920808K->433997K(1034240K), 0.0286166 secs] [Times: user=0.04 sys=0.04, real=0.03 secs] 
2021-05-25T15:22:42.111+0800: 971513.763: [GC (Allocation Failure) [PSYoungGen: 507264K->13024K(508928K)] 929613K->443688K(1033216K), 0.0435474 secs] [Times: user=0.11 sys=0.00, real=0.05 secs] 
2021-05-25T15:27:31.906+0800: 971803.558: [GC (Allocation Failure) [PSYoungGen: 507616K->12160K(509440K)] 938280K->451962K(1033728K), 0.0298748 secs] [Times: user=0.04 sys=0.04, real=0.03 secs] 
2021-05-25T15:32:18.634+0800: 972090.286: [GC (Allocation Failure) [PSYoungGen: 506752K->11936K(509440K)] 946554K->460589K(1033728K), 0.0263002 secs] [Times: user=0.04 sys=0.03, real=0.02 secs] 
2021-05-25T15:37:04.435+0800: 972376.087: [GC (Allocation Failure) [PSYoungGen: 506528K->10624K(509440K)] 955181K->467808K(1033728K), 0.0272705 secs] [Times: user=0.04 sys=0.04, real=0.02 secs] 
2021-05-25T15:42:00.337+0800: 972671.989: [GC (Allocation Failure) [PSYoungGen: 505216K->13472K(508928K)] 962400K->479043K(1033216K), 0.0349252 secs] [Times: user=0.04 sys=0.04, real=0.03 secs] 
2021-05-25T15:46:52.737+0800: 972964.389: [GC (Allocation Failure) [PSYoungGen: 508064K->8512K(503296K)] 973635K->484531K(1027584K), 0.0326592 secs] [Times: user=0.04 sys=0.05, real=0.03 secs] 
2021-05-25T15:51:52.419+0800: 973264.071: [GC (Allocation Failure) [PSYoungGen: 503104K->13312K(507904K)] 979123K->494904K(1032192K), 0.0305078 secs] [Times: user=0.04 sys=0.04, real=0.03 secs] 
2021-05-25T15:56:45.270+0800: 973556.922: [GC (Allocation Failure) [PSYoungGen: 505856K->11936K(508416K)] 987448K->502929K(1032704K), 0.0243951 secs] [Times: user=0.04 sys=0.04, real=0.03 secs] 
2021-05-25T16:01:34.431+0800: 973846.084: [GC (Allocation Failure) [PSYoungGen: 504480K->12256K(508928K)] 995473K->511868K(1033216K), 0.0274527 secs] [Times: user=0.04 sys=0.04, real=0.03 secs] 
2021-05-25T16:06:18.498+0800: 974130.150: [GC (Allocation Failure) [PSYoungGen: 505824K->12512K(508928K)] 1005436K->521414K(1033216K), 0.0241751 secs] [Times: user=0.04 sys=0.04, real=0.03 secs] 
2021-05-25T16:11:06.369+0800: 974418.021: [GC (Allocation Failure) [PSYoungGen: 506080K->9152K(508928K)] 1014982K->527760K(1033216K), 0.0555005 secs] [Times: user=0.04 sys=0.05, real=0.06 secs] 
2021-05-25T16:11:06.425+0800: 974418.077: [Full GC (Ergonomics) [PSYoungGen: 9152K->0K(508928K)] [ParOldGen: 518608K->298333K(524288K)] 527760K->298333K(1033216K), [Metaspace: 96532K->96532K(1138688K)], 0.5396572 secs] [Times: user=1.14 sys=0.00, real=0.54 secs] 
2021-05-25T16:15:55.533+0800: 974707.186: [GC (Allocation Failure) [PSYoungGen: 493568K->11168K(508928K)] 791901K->309501K(1033216K), 0.0196794 secs] [Times: user=0.06 sys=0.00, real=0.02 secs] 
2021-05-25T16:20:46.339+0800: 974997.991: [GC (Allocation Failure) [PSYoungGen: 504736K->9152K(508416K)] 803069K->316718K(1032704K), 0.0272519 secs] [Times: user=0.04 sys=0.04, real=0.03 secs] 
2021-05-25T16:25:33.182+0800: 975284.834: [GC (Allocation Failure) [PSYoungGen: 502720K->11168K(508928K)] 810286K->325259K(1033216K), 0.0228125 secs] [Times: user=0.03 sys=0.03, real=0.02 secs] 
2021-05-25T16:30:17.288+0800: 975568.941: [GC (Allocation Failure) [PSYoungGen: 504736K->9216K(509440K)] 818827K->332707K(1033728K), 0.0320069 secs] [Times: user=0.04 sys=0.04, real=0.03 secs] 
2021-05-25T16:35:10.619+0800: 975862.271: [GC (Allocation Failure) [PSYoungGen: 503808K->10432K(509440K)] 827299K->340878K(1033728K), 0.0372279 secs] [Times: user=0.04 sys=0.05, real=0.04 secs] 
2021-05-25T16:39:57.691+0800: 976149.343: [GC (Allocation Failure) [PSYoungGen: 505024K->11168K(509952K)] 835470K->349097K(1034240K), 0.0302986 secs] [Times: user=0.03 sys=0.04, real=0.03 secs] 
2021-05-25T16:44:47.400+0800: 976439.052: [GC (Allocation Failure) [PSYoungGen: 506784K->12224K(509952K)] 844713K->359043K(1034240K), 0.0334953 secs] [Times: user=0.08 sys=0.00, real=0.04 secs] 
2021-05-25T16:49:33.454+0800: 976725.106: [GC (Allocation Failure) [PSYoungGen: 507840K->12192K(509952K)] 854659K->367406K(1034240K), 0.0282327 secs] [Times: user=0.03 sys=0.04, real=0.03 secs] 
2021-05-25T16:54:25.698+0800: 977017.350: [GC (Allocation Failure) [PSYoungGen: 507808K->10752K(509952K)] 863022K->374800K(1034240K), 0.0264242 secs] [Times: user=0.04 sys=0.03, real=0.03 secs] 
2021-05-25T16:59:17.629+0800: 977309.281: [GC (Allocation Failure) [PSYoungGen: 506368K->11200K(510464K)] 870416K->383946K(1034752K), 0.0235723 secs] [Times: user=0.03 sys=0.03, real=0.03 secs] 
2021-05-25T17:04:04.490+0800: 977596.142: [GC (Allocation Failure) [PSYoungGen: 507328K->12896K(509952K)] 880074K->394206K(1034240K), 0.0321578 secs] [Times: user=0.04 sys=0.05, real=0.04 secs] 
2021-05-25T17:08:54.781+0800: 977886.433: [GC (Allocation Failure) [PSYoungGen: 509024K->10816K(509952K)] 890334K->402902K(1034240K), 0.0285671 secs] [Times: user=0.04 sys=0.04, real=0.03 secs] 
2021-05-25T17:13:40.202+0800: 978171.854: [GC (Allocation Failure) [PSYoungGen: 506432K->11840K(509952K)] 898518K->411609K(1034240K), 0.0386435 secs] [Times: user=0.03 sys=0.04, real=0.04 secs] 
2021-05-25T17:18:28.386+0800: 978460.038: [GC (Allocation Failure) [PSYoungGen: 507456K->10496K(510464K)] 907225K->419267K(1034752K), 0.0241901 secs] [Times: user=0.03 sys=0.04, real=0.02 secs] 
2021-05-25T17:23:17.993+0800: 978749.645: [GC (Allocation Failure) [PSYoungGen: 506624K->9984K(509952K)] 915395K->427148K(1034240K), 0.0830775 secs] [Times: user=0.03 sys=0.03, real=0.08 secs] 
2021-05-25T17:28:07.230+0800: 979038.882: [GC (Allocation Failure) [PSYoungGen: 506112K->10496K(510464K)] 923276K->434647K(1034752K), 0.0691946 secs] [Times: user=0.03 sys=0.03, real=0.07 secs] 
2021-05-25T17:32:56.642+0800: 979328.294: [GC (Allocation Failure) [PSYoungGen: 507136K->9440K(510464K)] 931287K->441160K(1034752K), 0.0466506 secs] [Times: user=0.04 sys=0.04, real=0.04 secs] 
2021-05-25T17:37:42.125+0800: 979613.777: [GC (Allocation Failure) [PSYoungGen: 506080K->10976K(510464K)] 937800K->450010K(1034752K), 0.0289734 secs] [Times: user=0.05 sys=0.04, real=0.03 secs] 
2021-05-25T17:42:32.494+0800: 979904.146: [GC (Allocation Failure) [PSYoungGen: 507616K->9568K(510464K)] 946650K->457067K(1034752K), 0.0294779 secs] [Times: user=0.04 sys=0.04, real=0.03 secs] 
2021-05-25T17:47:18.690+0800: 980190.342: [GC (Allocation Failure) [PSYoungGen: 506208K->11840K(510464K)] 953707K->465904K(1034752K), 0.0256636 secs] [Times: user=0.04 sys=0.04, real=0.03 secs] 
2021-05-25T17:52:09.750+0800: 980481.402: [GC (Allocation Failure) [PSYoungGen: 508480K->9696K(510464K)] 962544K->473105K(1034752K), 0.0251170 secs] [Times: user=0.03 sys=0.04, real=0.03 secs] 
2021-05-25T17:56:58.156+0800: 980769.808: [GC (Allocation Failure) [PSYoungGen: 506336K->9856K(510976K)] 969745K->480724K(1035264K), 0.0282344 secs] [Times: user=0.04 sys=0.03, real=0.03 secs] 
2021-05-25T18:01:47.887+0800: 981059.539: [GC (Allocation Failure) [PSYoungGen: 507008K->12480K(510464K)] 977876K->489848K(1034752K), 0.0248214 secs] [Times: user=0.04 sys=0.04, real=0.02 secs] 
2021-05-25T18:06:37.686+0800: 981349.338: [GC (Allocation Failure) [PSYoungGen: 509632K->9408K(510464K)] 987000K->496992K(1034752K), 0.0509469 secs] [Times: user=0.04 sys=0.04, real=0.05 secs] 
2021-05-25T18:11:27.000+0800: 981638.652: [GC (Allocation Failure) [PSYoungGen: 506048K->10688K(510464K)] 993632K->504899K(1034752K), 0.0292981 secs] [Times: user=0.03 sys=0.04, real=0.03 secs] 
2021-05-25T18:16:16.506+0800: 981928.158: [GC (Allocation Failure) [PSYoungGen: 507328K->9440K(510464K)] 1001539K->511445K(1034752K), 0.0214253 secs] [Times: user=0.03 sys=0.04, real=0.02 secs] 
2021-05-25T18:21:05.987+0800: 982217.639: [GC (Allocation Failure) [PSYoungGen: 506080K->9248K(510464K)] 1008085K->518471K(1034752K), 0.0257882 secs] [Times: user=0.04 sys=0.04, real=0.03 secs] 
2021-05-25T18:26:00.703+0800: 982512.355: [GC (Allocation Failure) [PSYoungGen: 505888K->10176K(510976K)] 1015111K->526458K(1035264K), 0.0249010 secs] [Times: user=0.04 sys=0.03, real=0.02 secs] 
2021-05-25T18:26:00.728+0800: 982512.380: [Full GC (Ergonomics) [PSYoungGen: 10176K->0K(510976K)] [ParOldGen: 516282K->298367K(524288K)] 526458K->298367K(1035264K), [Metaspace: 96532K->96528K(1138688K)], 0.5028217 secs] [Times: user=1.05 sys=0.00, real=0.50 secs] 
2021-05-25T18:30:51.620+0800: 982803.272: [GC (Allocation Failure) [PSYoungGen: 497664K->11232K(510976K)] 796031K->309599K(1035264K), 0.0227937 secs] [Times: user=0.02 sys=0.04, real=0.03 secs] 
2021-05-25T18:35:45.470+0800: 983097.122: [GC (Allocation Failure) [PSYoungGen: 508896K->8448K(510976K)] 807263K->316375K(1035264K), 0.0272856 secs] [Times: user=0.03 sys=0.04, real=0.03 secs] 
2021-05-25T18:40:38.532+0800: 983390.184: [GC (Allocation Failure) [PSYoungGen: 506112K->8768K(510976K)] 814039K->323745K(1035264K), 0.0440071 secs] [Times: user=0.04 sys=0.03, real=0.05 secs] 
2021-05-25T18:45:31.342+0800: 983682.994: [GC (Allocation Failure) [PSYoungGen: 506432K->10528K(510976K)] 821409K->331581K(1035264K), 0.0217131 secs] [Times: user=0.03 sys=0.04, real=0.03 secs] 
2021-05-25T18:50:22.464+0800: 983974.116: [GC (Allocation Failure) [PSYoungGen: 508192K->8256K(510976K)] 829245K->338333K(1035264K), 0.0211907 secs] [Times: user=0.03 sys=0.04, real=0.02 secs] 
2021-05-25T18:55:13.626+0800: 984265.278: [GC (Allocation Failure) [PSYoungGen: 505920K->8704K(510976K)] 835997K->345568K(1035264K), 0.0257967 secs] [Times: user=0.03 sys=0.03, real=0.02 secs] 
2021-05-25T19:00:05.291+0800: 984556.943: [GC (Allocation Failure) [PSYoungGen: 506368K->10464K(510976K)] 843232K->353163K(1035264K), 0.0245237 secs] [Times: user=0.04 sys=0.05, real=0.03 secs] 
2021-05-25T19:04:52.973+0800: 984844.625: [GC (Allocation Failure) [PSYoungGen: 508128K->12680K(509952K)] 850827K->363519K(1034240K), 0.0339022 secs] [Times: user=0.03 sys=0.04, real=0.03 secs] 
2021-05-25T19:09:42.105+0800: 985133.757: [GC (Allocation Failure) [PSYoungGen: 509320K->12096K(508928K)] 860159K->372904K(1033216K), 0.0352028 secs] [Times: user=0.10 sys=0.00, real=0.03 secs] 
2021-05-25T19:14:34.948+0800: 985426.600: [GC (Allocation Failure) [PSYoungGen: 508736K->12064K(509952K)] 869544K->380316K(1034240K), 0.0260730 secs] [Times: user=0.04 sys=0.04, real=0.03 secs] 
2021-05-25T19:19:27.257+0800: 985718.909: [GC (Allocation Failure) [PSYoungGen: 507680K->9984K(509952K)] 875932K->387573K(1034240K), 0.0688440 secs] [Times: user=0.03 sys=0.02, real=0.07 secs] 
2021-05-25T19:24:19.140+0800: 986010.792: [GC (Allocation Failure) [PSYoungGen: 505600K->10528K(510464K)] 883189K->395999K(1034752K), 0.0247562 secs] [Times: user=0.03 sys=0.04, real=0.03 secs] 
2021-05-25T19:29:05.632+0800: 986297.284: [GC (Allocation Failure) [PSYoungGen: 506656K->9184K(509952K)] 892127K->402825K(1034240K), 0.0251724 secs] [Times: user=0.04 sys=0.04, real=0.03 secs] 
2021-05-25T19:33:58.620+0800: 986590.272: [GC (Allocation Failure) [PSYoungGen: 505312K->10496K(510976K)] 898953K->410677K(1035264K), 0.0255597 secs] [Times: user=0.04 sys=0.04, real=0.03 secs] 
2021-05-25T19:38:45.239+0800: 986876.891: [GC (Allocation Failure) [PSYoungGen: 507648K->11136K(510464K)] 907829K->418424K(1034752K), 0.0346911 secs] [Times: user=0.04 sys=0.03, real=0.04 secs] 
2021-05-25T19:43:37.371+0800: 987169.023: [GC (Allocation Failure) [PSYoungGen: 508288K->10688K(510976K)] 915576K->426011K(1035264K), 0.0229574 secs] [Times: user=0.04 sys=0.03, real=0.03 secs] 
2021-05-25T19:48:27.742+0800: 987459.394: [GC (Allocation Failure) [PSYoungGen: 508352K->12256K(509952K)] 923675K->436037K(1034240K), 0.0267331 secs] [Times: user=0.03 sys=0.04, real=0.03 secs] 
2021-05-25T19:53:22.675+0800: 987754.327: [GC (Allocation Failure) [PSYoungGen: 509920K->8384K(510464K)] 933701K->441429K(1034752K), 0.0247571 secs] [Times: user=0.04 sys=0.04, real=0.02 secs] 
2021-05-25T19:58:14.095+0800: 988045.747: [GC (Allocation Failure) [PSYoungGen: 505024K->9920K(510464K)] 938069K->449975K(1034752K), 0.0723413 secs] [Times: user=0.12 sys=0.11, real=0.07 secs] 
2021-05-25T20:03:04.275+0800: 988335.927: [GC (Allocation Failure) [PSYoungGen: 506560K->11328K(510464K)] 946615K->459066K(1034752K), 0.0420139 secs] [Times: user=0.03 sys=0.03, real=0.04 secs] 
2021-05-25T20:07:56.100+0800: 988627.753: [GC (Allocation Failure) [PSYoungGen: 507960K->13216K(509952K)] 955699K->469860K(1034240K), 0.0255724 secs] [Times: user=0.03 sys=0.04, real=0.03 secs] 
2021-05-25T20:12:47.857+0800: 988919.509: [GC (Allocation Failure) [PSYoungGen: 509856K->9408K(509952K)] 966500K->475949K(1034240K), 0.0229369 secs] [Times: user=0.03 sys=0.04, real=0.02 secs] 
2021-05-25T20:17:39.220+0800: 989210.872: [GC (Allocation Failure) [PSYoungGen: 505024K->11936K(509952K)] 971565K->485578K(1034240K), 0.0258971 secs] [Times: user=0.04 sys=0.04, real=0.03 secs] 
2021-05-25T20:22:35.288+0800: 989506.940: [GC (Allocation Failure) [PSYoungGen: 507552K->9600K(509952K)] 981194K->492818K(1034240K), 0.0314532 secs] [Times: user=0.03 sys=0.04, real=0.03 secs] 
2021-05-25T20:27:24.200+0800: 989795.852: [GC (Allocation Failure) [PSYoungGen: 505216K->10496K(509952K)] 988434K->500996K(1034240K), 0.0207588 secs] [Times: user=0.03 sys=0.03, real=0.02 secs] 
2021-05-25T20:32:13.507+0800: 990085.159: [GC (Allocation Failure) [PSYoungGen: 506112K->10432K(510464K)] 996612K->508950K(1034752K), 0.0230019 secs] [Times: user=0.03 sys=0.04, real=0.02 secs] 
2021-05-25T20:37:01.370+0800: 990373.022: [GC (Allocation Failure) [PSYoungGen: 507072K->12640K(509440K)] 1005590K->519234K(1033728K), 0.0331334 secs] [Times: user=0.04 sys=0.04, real=0.04 secs] 
2021-05-25T20:41:51.765+0800: 990663.417: [GC (Allocation Failure) [PSYoungGen: 509280K->12480K(509952K)] 1015874K->527948K(1034240K), 0.0367110 secs] [Times: user=0.04 sys=0.05, real=0.03 secs] 
2021-05-25T20:41:51.802+0800: 990663.454: [Full GC (Ergonomics) [PSYoungGen: 12480K->0K(509952K)] [ParOldGen: 515468K->299987K(524288K)] 527948K->299987K(1034240K), [Metaspace: 96531K->96531K(1138688K)], 0.4537655 secs] [Times: user=0.99 sys=0.00, real=0.46 secs] 
2021-05-25T20:46:37.104+0800: 990948.756: [GC (Allocation Failure) [PSYoungGen: 495616K->13024K(508928K)] 795603K->313011K(1033216K), 0.0257932 secs] [Times: user=0.02 sys=0.04, real=0.02 secs] 
2021-05-25T20:51:27.512+0800: 991239.164: [GC (Allocation Failure) [PSYoungGen: 508640K->10144K(509440K)] 808627K->321356K(1033728K), 0.0228794 secs] [Times: user=0.04 sys=0.04, real=0.02 secs] 
2021-05-25T20:56:15.751+0800: 991527.403: [GC (Allocation Failure) [PSYoungGen: 504736K->10528K(509440K)] 815948K->330197K(1033728K), 0.0465948 secs] [Times: user=0.04 sys=0.04, real=0.05 secs] 
2021-05-25T21:01:04.061+0800: 991815.713: [GC (Allocation Failure) [PSYoungGen: 505120K->10272K(509952K)] 824789K->338646K(1034240K), 0.0259007 secs] [Times: user=0.04 sys=0.04, real=0.03 secs] 
2021-05-25T21:05:54.049+0800: 992105.701: [GC (Allocation Failure) [PSYoungGen: 505888K->10272K(509952K)] 834262K->346601K(1034240K), 0.0269572 secs] [Times: user=0.03 sys=0.04, real=0.03 secs] 
2021-05-25T21:10:41.331+0800: 992392.983: [GC (Allocation Failure) [PSYoungGen: 505888K->10720K(510464K)] 842217K->353900K(1034752K), 0.0345188 secs] [Times: user=0.05 sys=0.05, real=0.04 secs] 
2021-05-25T21:15:34.840+0800: 992686.492: [GC (Allocation Failure) [PSYoungGen: 506848K->10048K(509952K)] 850028K->360735K(1034240K), 0.0268081 secs] [Times: user=0.04 sys=0.03, real=0.03 secs] 
2021-05-25T21:20:22.012+0800: 992973.664: [GC (Allocation Failure) [PSYoungGen: 506176K->10720K(510976K)] 856863K->368712K(1035264K), 0.0235926 secs] [Times: user=0.03 sys=0.04, real=0.02 secs] 
2021-05-25T21:25:16.879+0800: 993268.531: [GC (Allocation Failure) [PSYoungGen: 507872K->8768K(510464K)] 865864K->375163K(1034752K), 0.0230177 secs] [Times: user=0.04 sys=0.04, real=0.03 secs] 
2021-05-25T21:30:02.472+0800: 993554.124: [GC (Allocation Failure) [PSYoungGen: 505920K->10720K(510976K)] 872315K->384558K(1035264K), 0.0232130 secs] [Times: user=0.04 sys=0.04, real=0.02 secs] 
2021-05-25T21:34:49.762+0800: 993841.414: [GC (Allocation Failure) [PSYoungGen: 508384K->11392K(510976K)] 882222K->393577K(1035264K), 0.0288164 secs] [Times: user=0.04 sys=0.04, real=0.02 secs] 
2021-05-25T21:39:43.120+0800: 994134.772: [GC (Allocation Failure) [PSYoungGen: 509056K->6816K(509952K)] 891241K->397529K(1034240K), 0.0236374 secs] [Times: user=0.04 sys=0.04, real=0.03 secs] 
2021-05-25T21:44:31.248+0800: 994422.900: [GC (Allocation Failure) [PSYoungGen: 503456K->11552K(510464K)] 894169K->407229K(1034752K), 0.0291831 secs] [Times: user=0.04 sys=0.03, real=0.03 secs] 
2021-05-25T21:49:22.363+0800: 994714.015: [GC (Allocation Failure) [PSYoungGen: 508192K->10496K(510464K)] 903869K->415032K(1034752K), 0.0246404 secs] [Times: user=0.04 sys=0.04, real=0.02 secs] 
2021-05-25T21:54:10.242+0800: 995001.894: [GC (Allocation Failure) [PSYoungGen: 507136K->11840K(510464K)] 911672K->424004K(1034752K), 0.0556921 secs] [Times: user=0.03 sys=0.04, real=0.06 secs] 
2021-05-25T21:58:57.821+0800: 995289.473: [GC (Allocation Failure) [PSYoungGen: 508480K->8736K(510464K)] 920644K->430325K(1034752K), 0.0315071 secs] [Times: user=0.03 sys=0.04, real=0.04 secs] 
2021-05-25T22:03:48.250+0800: 995579.902: [GC (Allocation Failure) [PSYoungGen: 505376K->10752K(510464K)] 926965K->438624K(1034752K), 0.0246801 secs] [Times: user=0.03 sys=0.04, real=0.03 secs] 
2021-05-25T22:08:37.285+0800: 995868.937: [GC (Allocation Failure) [PSYoungGen: 507392K->10688K(510976K)] 935264K->446114K(1035264K), 0.0250447 secs] [Times: user=0.04 sys=0.04, real=0.02 secs] 
2021-05-25T22:13:23.962+0800: 996155.614: [GC (Allocation Failure) [PSYoungGen: 507840K->11168K(510464K)] 943266K->454124K(1034752K), 0.0255540 secs] [Times: user=0.04 sys=0.04, real=0.03 secs] 
2021-05-25T22:18:12.549+0800: 996444.201: [GC (Allocation Failure) [PSYoungGen: 508320K->9664K(510976K)] 951276K->461173K(1035264K), 0.0225825 secs] [Times: user=0.04 sys=0.03, real=0.02 secs] 
2021-05-25T22:22:59.066+0800: 996730.718: [GC (Allocation Failure) [PSYoungGen: 507328K->11104K(510976K)] 958837K->470735K(1035264K), 0.0258783 secs] [Times: user=0.04 sys=0.04, real=0.02 secs] 
2021-05-25T22:27:45.631+0800: 997017.283: [GC (Allocation Failure) [PSYoungGen: 508768K->10240K(510976K)] 968399K->477857K(1035264K), 0.0247508 secs] [Times: user=0.03 sys=0.03, real=0.03 secs] 
2021-05-25T22:32:33.703+0800: 997305.355: [GC (Allocation Failure) [PSYoungGen: 507904K->11360K(510976K)] 975521K->486397K(1035264K), 0.0214182 secs] [Times: user=0.04 sys=0.03, real=0.02 secs] 
2021-05-25T22:37:21.743+0800: 997593.395: [GC (Allocation Failure) [PSYoungGen: 509024K->11968K(510976K)] 984061K->496023K(1035264K), 0.0268462 secs] [Times: user=0.03 sys=0.04, real=0.02 secs] 
2021-05-25T22:42:15.763+0800: 997887.415: [GC (Allocation Failure) [PSYoungGen: 509632K->8800K(510976K)] 993687K->502814K(1035264K), 0.0708120 secs] [Times: user=0.05 sys=0.05, real=0.07 secs] 
2021-05-25T22:47:04.404+0800: 998176.056: [GC (Allocation Failure) [PSYoungGen: 506464K->13280K(503808K)] 1000478K->514932K(1028096K), 0.0301308 secs] [Times: user=0.04 sys=0.04, real=0.03 secs] 
2021-05-25T22:51:50.491+0800: 998462.143: [GC (Allocation Failure) [PSYoungGen: 503776K->12000K(507392K)] 1005428K->524397K(1031680K), 0.0268002 secs] [Times: user=0.04 sys=0.05, real=0.03 secs] 
2021-05-25T22:56:33.147+0800: 998744.799: [GC (Allocation Failure) [PSYoungGen: 502496K->9664K(507904K)] 1014893K->530934K(1032192K), 0.0297205 secs] [Times: user=0.04 sys=0.04, real=0.03 secs] 
2021-05-25T22:56:33.177+0800: 998744.829: [Full GC (Ergonomics) [PSYoungGen: 9664K->0K(507904K)] [ParOldGen: 521270K->300640K(524288K)] 530934K->300640K(1032192K), [Metaspace: 96557K->96557K(1138688K)], 0.4636272 secs] [Times: user=1.03 sys=0.00, real=0.46 secs] 
2021-05-25T23:01:15.995+0800: 999027.647: [GC (Allocation Failure) [PSYoungGen: 491008K->11776K(507392K)] 791648K->312416K(1031680K), 0.0697456 secs] [Times: user=0.07 sys=0.00, real=0.07 secs] 
2021-05-25T23:05:59.368+0800: 999311.020: [GC (Allocation Failure) [PSYoungGen: 502784K->11776K(508416K)] 803424K->321609K(1032704K), 0.0251123 secs] [Times: user=0.03 sys=0.04, real=0.03 secs] 
2021-05-25T23:10:47.118+0800: 999598.770: [GC (Allocation Failure) [PSYoungGen: 503808K->11616K(507904K)] 813641K->329548K(1032192K), 0.0245202 secs] [Times: user=0.03 sys=0.04, real=0.03 secs] 
2021-05-25T23:15:37.948+0800: 999889.600: [GC (Allocation Failure) [PSYoungGen: 503648K->12608K(508928K)] 821580K->338726K(1033216K), 0.0241974 secs] [Times: user=0.03 sys=0.04, real=0.03 secs] 
2021-05-25T23:20:21.095+0800: 1000172.747: [GC (Allocation Failure) [PSYoungGen: 506176K->11616K(508928K)] 832294K->346855K(1033216K), 0.0256093 secs] [Times: user=0.03 sys=0.04, real=0.02 secs] 
2021-05-25T23:25:07.524+0800: 1000459.176: [GC (Allocation Failure) [PSYoungGen: 505184K->12032K(509440K)] 840423K->356315K(1033728K), 0.0252587 secs] [Times: user=0.03 sys=0.04, real=0.02 secs] 
2021-05-25T23:29:53.656+0800: 1000745.308: [GC (Allocation Failure) [PSYoungGen: 506112K->10752K(508928K)] 850395K->364109K(1033216K), 0.0250458 secs] [Times: user=0.04 sys=0.03, real=0.02 secs] 
2021-05-25T23:34:41.181+0800: 1001032.833: [GC (Allocation Failure) [PSYoungGen: 504832K->8896K(509440K)] 858189K->370816K(1033728K), 0.0234329 secs] [Times: user=0.04 sys=0.04, real=0.03 secs] 
2021-05-25T23:39:30.278+0800: 1001321.930: [GC (Allocation Failure) [PSYoungGen: 503488K->7968K(502784K)] 865408K->376883K(1027072K), 0.0295295 secs] [Times: user=0.05 sys=0.04, real=0.03 secs] 
2021-05-25T23:44:14.058+0800: 1001605.710: [GC (Allocation Failure) [PSYoungGen: 502560K->11840K(508928K)] 871475K->386863K(1033216K), 0.0280544 secs] [Times: user=0.04 sys=0.04, real=0.03 secs] 
2021-05-25T23:49:05.233+0800: 1001896.885: [GC (Allocation Failure) [PSYoungGen: 505408K->11552K(508928K)] 880431K->395265K(1033216K), 0.0347626 secs] [Times: user=0.05 sys=0.06, real=0.03 secs] 
2021-05-25T23:53:53.937+0800: 1002185.589: [GC (Allocation Failure) [PSYoungGen: 505120K->10528K(509440K)] 888833K->402804K(1033728K), 0.0305212 secs] [Times: user=0.04 sys=0.04, real=0.03 secs] 
2021-05-25T23:58:40.986+0800: 1002472.638: [GC (Allocation Failure) [PSYoungGen: 505120K->11456K(509440K)] 897396K->411440K(1033728K), 0.0359915 secs] [Times: user=0.04 sys=0.05, real=0.04 secs] 
2021-05-26T00:03:16.715+0800: 1002748.367: [GC (Allocation Failure) [PSYoungGen: 506048K->9952K(509952K)] 906032K->418849K(1034240K), 0.0340889 secs] [Times: user=0.04 sys=0.04, real=0.03 secs] 
2021-05-26T00:08:03.793+0800: 1003035.445: [GC (Allocation Failure) [PSYoungGen: 505568K->11424K(509952K)] 914465K->428092K(1034240K), 0.0322257 secs] [Times: user=0.05 sys=0.05, real=0.03 secs] 
2021-05-26T00:12:46.839+0800: 1003318.492: [GC (Allocation Failure) [PSYoungGen: 507040K->12576K(509952K)] 923708K->437702K(1034240K), 0.0268029 secs] [Times: user=0.04 sys=0.04, real=0.03 secs] 
2021-05-26T00:17:36.900+0800: 1003608.552: [GC (Allocation Failure) [PSYoungGen: 508192K->12384K(508416K)] 933318K->446305K(1032704K), 0.0296053 secs] [Times: user=0.04 sys=0.04, real=0.03 secs] 
2021-05-26T00:22:29.457+0800: 1003901.109: [GC (Allocation Failure) [PSYoungGen: 508000K->9952K(509952K)] 941921K->452898K(1034240K), 0.0212787 secs] [Times: user=0.06 sys=0.00, real=0.02 secs] 
2021-05-26T00:27:19.272+0800: 1004190.924: [GC (Allocation Failure) [PSYoungGen: 505056K->11488K(509440K)] 948002K->462452K(1033728K), 0.0255062 secs] [Times: user=0.04 sys=0.04, real=0.02 secs] 
2021-05-26T00:32:08.440+0800: 1004480.092: [GC (Allocation Failure) [PSYoungGen: 506592K->9728K(509952K)] 957556K->469111K(1034240K), 0.0258316 secs] [Times: user=0.04 sys=0.04, real=0.03 secs] 
2021-05-26T00:36:56.758+0800: 1004768.410: [GC (Allocation Failure) [PSYoungGen: 505344K->12672K(508416K)] 964727K->479914K(1032704K), 0.0341568 secs] [Times: user=0.05 sys=0.05, real=0.04 secs] 
2021-05-26T00:41:44.645+0800: 1005056.297: [GC (Allocation Failure) [PSYoungGen: 508288K->10656K(509952K)] 975530K->487574K(1034240K), 0.0277254 secs] [Times: user=0.03 sys=0.04, real=0.03 secs] 
2021-05-26T00:46:32.808+0800: 1005344.460: [GC (Allocation Failure) [PSYoungGen: 505760K->10816K(509440K)] 982678K->496233K(1033728K), 0.0282682 secs] [Times: user=0.04 sys=0.04, real=0.03 secs] 
2021-05-26T00:51:20.670+0800: 1005632.322: [GC (Allocation Failure) [PSYoungGen: 505920K->10592K(510464K)] 991337K->503731K(1034752K), 0.0239313 secs] [Times: user=0.03 sys=0.04, real=0.03 secs] 
2021-05-26T00:56:10.996+0800: 1005922.648: [GC (Allocation Failure) [PSYoungGen: 506720K->10368K(509952K)] 999859K->511901K(1034240K), 0.0294875 secs] [Times: user=0.04 sys=0.05, real=0.03 secs] 
2021-05-26T01:00:58.710+0800: 1006210.362: [GC (Allocation Failure) [PSYoungGen: 506496K->10720K(510464K)] 1008029K->520702K(1034752K), 0.0369868 secs] [Times: user=0.06 sys=0.05, real=0.04 secs] 
2021-05-26T01:05:39.467+0800: 1006491.119: [GC (Allocation Failure) [PSYoungGen: 507360K->12104K(510464K)] 1017342K->529841K(1034752K), 0.0300077 secs] [Times: user=0.04 sys=0.05, real=0.03 secs] 
2021-05-26T01:05:39.498+0800: 1006491.150: [Full GC (Ergonomics) [PSYoungGen: 12104K->0K(510464K)] [ParOldGen: 517737K->300430K(524288K)] 529841K->300430K(1034752K), [Metaspace: 96558K->96558K(1138688K)], 0.4756292 secs] [Times: user=1.01 sys=0.00, real=0.48 secs] 
2021-05-26T01:10:26.597+0800: 1006778.249: [GC (Allocation Failure) [PSYoungGen: 496640K->13280K(509440K)] 797070K->313710K(1033728K), 0.0244448 secs] [Times: user=0.03 sys=0.03, real=0.02 secs] 
2021-05-26T01:15:10.784+0800: 1007062.436: [GC (Allocation Failure) [PSYoungGen: 508896K->10720K(509952K)] 809326K->320391K(1034240K), 0.0316546 secs] [Times: user=0.04 sys=0.04, real=0.03 secs] 
2021-05-26T01:19:57.765+0800: 1007349.417: [GC (Allocation Failure) [PSYoungGen: 506336K->10144K(509952K)] 816007K->327691K(1034240K), 0.0361065 secs] [Times: user=0.04 sys=0.05, real=0.03 secs] 
2021-05-26T01:24:46.177+0800: 1007637.829: [GC (Allocation Failure) [PSYoungGen: 505760K->11008K(509952K)] 823307K->336005K(1034240K), 0.0323367 secs] [Times: user=0.03 sys=0.03, real=0.03 secs] 
2021-05-26T01:29:33.284+0800: 1007924.936: [GC (Allocation Failure) [PSYoungGen: 506624K->11360K(510464K)] 831621K->344831K(1034752K), 0.0465804 secs] [Times: user=0.08 sys=0.00, real=0.04 secs] 
2021-05-26T01:34:22.503+0800: 1008214.155: [GC (Allocation Failure) [PSYoungGen: 508000K->11584K(510464K)] 841471K->353411K(1034752K), 0.0298171 secs] [Times: user=0.04 sys=0.05, real=0.03 secs] 
2021-05-26T01:39:13.093+0800: 1008504.745: [GC (Allocation Failure) [PSYoungGen: 508224K->11072K(510976K)] 850051K->361293K(1035264K), 0.0284619 secs] [Times: user=0.04 sys=0.04, real=0.02 secs] 
2021-05-26T01:44:05.627+0800: 1008797.279: [GC (Allocation Failure) [PSYoungGen: 508224K->11776K(510464K)] 858445K->370191K(1034752K), 0.0266881 secs] [Times: user=0.09 sys=0.00, real=0.03 secs] 
2021-05-26T01:48:57.793+0800: 1009089.445: [GC (Allocation Failure) [PSYoungGen: 508928K->12288K(509952K)] 867343K->379842K(1034240K), 0.0315055 secs] [Times: user=0.04 sys=0.04, real=0.03 secs] 
2021-05-26T01:53:44.224+0800: 1009375.876: [GC (Allocation Failure) [PSYoungGen: 508928K->12064K(510464K)] 876482K->389109K(1034752K), 0.0295335 secs] [Times: user=0.04 sys=0.04, real=0.03 secs] 
2021-05-26T01:58:35.732+0800: 1009667.384: [GC (Allocation Failure) [PSYoungGen: 508704K->9920K(510464K)] 885749K->396660K(1034752K), 0.0249815 secs] [Times: user=0.04 sys=0.04, real=0.03 secs] 
2021-05-26T02:03:20.087+0800: 1009951.739: [GC (Allocation Failure) [PSYoungGen: 506560K->10976K(510464K)] 893300K->405631K(1034752K), 0.0268584 secs] [Times: user=0.04 sys=0.04, real=0.03 secs] 
2021-05-26T02:08:08.654+0800: 1010240.306: [GC (Allocation Failure) [PSYoungGen: 507616K->10560K(510976K)] 902271K->413882K(1035264K), 0.0289932 secs] [Times: user=0.04 sys=0.03, real=0.03 secs] 
2021-05-26T02:13:00.749+0800: 1010532.401: [GC (Allocation Failure) [PSYoungGen: 507712K->9728K(510464K)] 911034K->421036K(1034752K), 0.0233863 secs] [Times: user=0.04 sys=0.04, real=0.03 secs] 
2021-05-26T02:17:44.964+0800: 1010816.616: [GC (Allocation Failure) [PSYoungGen: 506880K->12320K(509952K)] 918188K->430846K(1034240K), 0.0324990 secs] [Times: user=0.04 sys=0.05, real=0.03 secs] 
2021-05-26T02:22:28.655+0800: 1011100.307: [GC (Allocation Failure) [PSYoungGen: 508960K->11168K(510464K)] 927486K->438489K(1034752K), 0.0561965 secs] [Times: user=0.04 sys=0.04, real=0.05 secs] 
2021-05-26T02:27:11.206+0800: 1011382.858: [GC (Allocation Failure) [PSYoungGen: 507808K->13248K(508928K)] 935129K->449171K(1033216K), 0.0290929 secs] [Times: user=0.04 sys=0.05, real=0.03 secs] 
2021-05-26T02:31:58.849+0800: 1011670.501: [GC (Allocation Failure) [PSYoungGen: 508864K->9632K(509952K)] 944787K->455628K(1034240K), 0.0270802 secs] [Times: user=0.04 sys=0.04, real=0.03 secs] 
2021-05-26T02:36:46.172+0800: 1011957.824: [GC (Allocation Failure) [PSYoungGen: 505248K->10464K(510464K)] 951244K->463727K(1034752K), 0.0267801 secs] [Times: user=0.04 sys=0.04, real=0.03 secs] 
2021-05-26T02:41:33.727+0800: 1012245.380: [GC (Allocation Failure) [PSYoungGen: 506592K->13088K(509952K)] 959855K->473931K(1034240K), 0.0392709 secs] [Times: user=0.04 sys=0.04, real=0.04 secs] 
2021-05-26T02:46:23.491+0800: 1012535.143: [GC (Allocation Failure) [PSYoungGen: 509216K->11936K(509952K)] 970059K->482483K(1034240K), 0.0286972 secs] [Times: user=0.04 sys=0.05, real=0.03 secs] 
2021-05-26T02:51:09.270+0800: 1012820.922: [GC (Allocation Failure) [PSYoungGen: 507552K->11584K(509952K)] 978099K->490381K(1034240K), 0.0333842 secs] [Times: user=0.05 sys=0.04, real=0.04 secs] 
2021-05-26T02:55:55.736+0800: 1013107.388: [GC (Allocation Failure) [PSYoungGen: 507200K->11488K(510464K)] 985997K->499072K(1034752K), 0.0338641 secs] [Times: user=0.09 sys=0.00, real=0.03 secs] 
2021-05-26T03:00:44.005+0800: 1013395.657: [GC (Allocation Failure) [PSYoungGen: 507616K->13792K(509952K)] 995200K->509524K(1034240K), 0.0460961 secs] [Times: user=0.04 sys=0.04, real=0.05 secs] 
2021-05-26T03:05:32.171+0800: 1013683.823: [GC (Allocation Failure) [PSYoungGen: 509920K->9760K(503808K)] 1005652K->515798K(1028096K), 0.0301960 secs] [Times: user=0.05 sys=0.05, real=0.03 secs] 
2021-05-26T03:10:18.056+0800: 1013969.708: [GC (Allocation Failure) [PSYoungGen: 499232K->10880K(506880K)] 1005270K->524577K(1031168K), 0.0369922 secs] [Times: user=0.05 sys=0.04, real=0.04 secs] 
2021-05-26T03:10:18.094+0800: 1013969.746: [Full GC (Ergonomics) [PSYoungGen: 10880K->0K(506880K)] [ParOldGen: 513697K->298159K(524288K)] 524577K->298159K(1031168K), [Metaspace: 96558K->96558K(1138688K)], 0.5675899 secs] [Times: user=1.20 sys=0.00, real=0.56 secs] 
2021-05-26T03:14:59.236+0800: 1014250.888: [GC (Allocation Failure) [PSYoungGen: 489472K->12576K(507392K)] 787631K->310735K(1031680K), 0.0524515 secs] [Times: user=0.07 sys=0.00, real=0.05 secs] 
2021-05-26T03:19:45.738+0800: 1014537.390: [GC (Allocation Failure) [PSYoungGen: 502560K->8096K(506880K)] 800719K->316577K(1031168K), 0.0239483 secs] [Times: user=0.04 sys=0.04, real=0.02 secs] 
2021-05-26T03:24:29.576+0800: 1014821.228: [GC (Allocation Failure) [PSYoungGen: 498080K->12032K(507392K)] 806561K->326446K(1031680K), 0.0307244 secs] [Times: user=0.04 sys=0.04, real=0.03 secs] 
2021-05-26T03:29:12.478+0800: 1015104.130: [GC (Allocation Failure) [PSYoungGen: 502016K->10304K(506880K)] 816430K->333568K(1031168K), 0.0319206 secs] [Times: user=0.04 sys=0.06, real=0.03 secs] 
2021-05-26T03:34:03.237+0800: 1015394.889: [GC (Allocation Failure) [PSYoungGen: 500288K->7488K(506880K)] 823552K->339480K(1031168K), 0.0357849 secs] [Times: user=0.03 sys=0.03, real=0.04 secs] 
2021-05-26T03:38:48.703+0800: 1015680.355: [GC (Allocation Failure) [PSYoungGen: 497982K->9440K(507392K)] 829975K->347045K(1031680K), 0.0292940 secs] [Times: user=0.04 sys=0.04, real=0.03 secs] 
2021-05-26T03:43:33.333+0800: 1015964.985: [GC (Allocation Failure) [PSYoungGen: 499936K->10272K(507904K)] 837541K->354896K(1032192K), 0.0246145 secs] [Times: user=0.03 sys=0.04, real=0.02 secs] 
2021-05-26T03:48:23.932+0800: 1016255.584: [GC (Allocation Failure) [PSYoungGen: 501792K->12864K(507904K)] 846416K->365451K(1032192K), 0.0377433 secs] [Times: user=0.05 sys=0.05, real=0.04 secs] 
2021-05-26T03:53:09.676+0800: 1016541.328: [GC (Allocation Failure) [PSYoungGen: 504384K->12768K(507904K)] 856971K->373774K(1032192K), 0.0331313 secs] [Times: user=0.05 sys=0.05, real=0.03 secs] 
2021-05-26T03:57:54.654+0800: 1016826.306: [GC (Allocation Failure) [PSYoungGen: 504288K->12576K(507904K)] 865294K->382463K(1032192K), 0.0270901 secs] [Times: user=0.04 sys=0.04, real=0.02 secs] 
2021-05-26T04:02:39.129+0800: 1017110.781: [GC (Allocation Failure) [PSYoungGen: 504096K->10720K(508416K)] 873983K->389186K(1032704K), 0.0263568 secs] [Times: user=0.08 sys=0.00, real=0.03 secs] 
2021-05-26T04:07:25.177+0800: 1017396.829: [GC (Allocation Failure) [PSYoungGen: 502752K->10528K(507904K)] 881218K->396989K(1032192K), 0.0350821 secs] [Times: user=0.03 sys=0.03, real=0.03 secs] 
2021-05-26T04:12:09.617+0800: 1017681.269: [GC (Allocation Failure) [PSYoungGen: 502560K->11456K(508928K)] 889021K->405503K(1033216K), 0.0277257 secs] [Times: user=0.07 sys=0.00, real=0.03 secs] 
2021-05-26T04:16:55.093+0800: 1017966.745: [GC (Allocation Failure) [PSYoungGen: 504512K->13120K(508416K)] 898559K->415793K(1032704K), 0.0793747 secs] [Times: user=0.07 sys=0.07, real=0.08 secs] 
2021-05-26T04:21:41.035+0800: 1018252.687: [GC (Allocation Failure) [PSYoungGen: 506176K->11840K(508928K)] 908849K->423555K(1033216K), 0.0273979 secs] [Times: user=0.04 sys=0.04, real=0.03 secs] 
2021-05-26T04:26:30.956+0800: 1018542.608: [GC (Allocation Failure) [PSYoungGen: 504896K->12128K(508416K)] 916611K->433390K(1032704K), 0.0307647 secs] [Times: user=0.04 sys=0.05, real=0.03 secs] 
2021-05-26T04:31:20.764+0800: 1018832.416: [GC (Allocation Failure) [PSYoungGen: 505184K->11392K(509440K)] 926446K->441591K(1033728K), 0.0336610 secs] [Times: user=0.04 sys=0.04, real=0.03 secs] 
2021-05-26T04:36:08.678+0800: 1019120.330: [GC (Allocation Failure) [PSYoungGen: 505472K->10720K(508928K)] 935671K->450025K(1033216K), 0.0292016 secs] [Times: user=0.08 sys=0.00, real=0.03 secs] 
2021-05-26T04:40:52.858+0800: 1019404.510: [GC (Allocation Failure) [PSYoungGen: 504800K->11808K(509440K)] 944105K->458988K(1033728K), 0.0254346 secs] [Times: user=0.04 sys=0.04, real=0.03 secs] 
2021-05-26T04:45:38.237+0800: 1019689.890: [GC (Allocation Failure) [PSYoungGen: 506400K->12032K(509440K)] 953580K->468295K(1033728K), 0.0268278 secs] [Times: user=0.04 sys=0.04, real=0.03 secs] 
2021-05-26T04:50:22.228+0800: 1019973.880: [GC (Allocation Failure) [PSYoungGen: 506624K->12768K(508928K)] 962887K->477379K(1033216K), 0.0245709 secs] [Times: user=0.08 sys=0.00, real=0.03 secs] 
2021-05-26T04:55:09.537+0800: 1020261.189: [GC (Allocation Failure) [PSYoungGen: 507360K->13056K(509440K)] 971971K->487158K(1033728K), 0.0308728 secs] [Times: user=0.04 sys=0.04, real=0.03 secs] 
2021-05-26T04:59:57.823+0800: 1020549.475: [GC (Allocation Failure) [PSYoungGen: 507648K->10880K(509440K)] 981750K->495310K(1033728K), 0.0266571 secs] [Times: user=0.07 sys=0.00, real=0.02 secs] 
2021-05-26T05:04:46.026+0800: 1020837.678: [GC (Allocation Failure) [PSYoungGen: 505472K->12448K(509440K)] 989902K->504529K(1033728K), 0.0253855 secs] [Times: user=0.04 sys=0.04, real=0.02 secs] 
2021-05-26T05:09:33.287+0800: 1021124.939: [GC (Allocation Failure) [PSYoungGen: 507040K->13536K(508416K)] 999121K->514717K(1032704K), 0.0303800 secs] [Times: user=0.04 sys=0.04, real=0.03 secs] 
2021-05-26T05:14:18.738+0800: 1021410.390: [GC (Allocation Failure) [PSYoungGen: 507104K->11744K(508928K)] 1008285K->523500K(1033216K), 0.0240602 secs] [Times: user=0.08 sys=0.00, real=0.03 secs] 
2021-05-26T05:18:57.173+0800: 1021688.825: [GC (Allocation Failure) [PSYoungGen: 505312K->8960K(508416K)] 1017068K->530582K(1032704K), 0.0239766 secs] [Times: user=0.03 sys=0.03, real=0.02 secs] 
2021-05-26T05:18:57.197+0800: 1021688.849: [Full GC (Ergonomics) [PSYoungGen: 8960K->0K(508416K)] [ParOldGen: 521622K->302926K(524288K)] 530582K->302926K(1032704K), [Metaspace: 96564K->96564K(1138688K)], 0.4387388 secs] [Times: user=1.00 sys=0.00, real=0.44 secs] 
2021-05-26T05:23:33.419+0800: 1021965.071: [GC (Allocation Failure) [PSYoungGen: 493568K->12064K(508928K)] 796494K->314990K(1033216K), 0.0625773 secs] [Times: user=0.03 sys=0.03, real=0.06 secs] 
2021-05-26T05:28:17.429+0800: 1022249.081: [GC (Allocation Failure) [PSYoungGen: 505632K->11488K(509440K)] 808558K->324036K(1033728K), 0.0263024 secs] [Times: user=0.04 sys=0.04, real=0.03 secs] 
2021-05-26T05:32:56.883+0800: 1022528.535: [GC (Allocation Failure) [PSYoungGen: 506080K->10656K(509440K)] 818628K->331230K(1033728K), 0.0234095 secs] [Times: user=0.03 sys=0.03, real=0.02 secs] 
2021-05-26T05:37:40.207+0800: 1022811.859: [GC (Allocation Failure) [PSYoungGen: 505248K->11968K(509952K)] 825822K->340367K(1034240K), 0.0278242 secs] [Times: user=0.04 sys=0.04, real=0.03 secs] 
2021-05-26T05:42:27.428+0800: 1023099.080: [GC (Allocation Failure) [PSYoungGen: 507072K->11296K(509440K)] 835471K->348190K(1033728K), 0.0253797 secs] [Times: user=0.04 sys=0.04, real=0.03 secs] 
2021-05-26T05:47:13.762+0800: 1023385.414: [GC (Allocation Failure) [PSYoungGen: 506400K->12064K(509952K)] 843294K->357200K(1034240K), 0.0665083 secs] [Times: user=0.04 sys=0.04, real=0.07 secs] 
2021-05-26T05:51:57.979+0800: 1023669.631: [GC (Allocation Failure) [PSYoungGen: 507680K->9344K(509952K)] 852816K->364098K(1034240K), 0.0273173 secs] [Times: user=0.04 sys=0.03, real=0.03 secs] 
2021-05-26T05:56:37.921+0800: 1023949.573: [GC (Allocation Failure) [PSYoungGen: 504960K->11456K(509952K)] 859714K->374004K(1034240K), 0.0267648 secs] [Times: user=0.04 sys=0.04, real=0.03 secs] 
2021-05-26T06:01:23.703+0800: 1024235.355: [GC (Allocation Failure) [PSYoungGen: 507072K->10208K(509952K)] 869620K->381230K(1034240K), 0.0229757 secs] [Times: user=0.04 sys=0.04, real=0.02 secs] 
2021-05-26T06:06:10.683+0800: 1024522.335: [GC (Allocation Failure) [PSYoungGen: 505824K->6144K(508416K)] 876846K->385231K(1032704K), 0.0215396 secs] [Times: user=0.03 sys=0.04, real=0.02 secs] 
2021-05-26T06:10:56.224+0800: 1024807.876: [GC (Allocation Failure) [PSYoungGen: 500736K->10688K(509440K)] 879823K->394165K(1033728K), 0.0213154 secs] [Times: user=0.03 sys=0.04, real=0.02 secs] 
2021-05-26T06:15:40.048+0800: 1025091.700: [GC (Allocation Failure) [PSYoungGen: 505280K->11232K(509952K)] 888757K->403271K(1034240K), 0.0239321 secs] [Times: user=0.03 sys=0.04, real=0.02 secs] 
2021-05-26T06:20:22.713+0800: 1025374.365: [GC (Allocation Failure) [PSYoungGen: 506848K->9984K(509952K)] 898887K->410048K(1034240K), 0.0304540 secs] [Times: user=0.05 sys=0.05, real=0.03 secs] 
2021-05-26T06:25:08.634+0800: 1025660.286: [GC (Allocation Failure) [PSYoungGen: 505600K->11648K(510464K)] 905664K->419891K(1034752K), 0.0418275 secs] [Times: user=0.04 sys=0.04, real=0.04 secs] 
2021-05-26T06:29:53.304+0800: 1025944.956: [GC (Allocation Failure) [PSYoungGen: 508288K->10720K(510464K)] 916531K->427901K(1034752K), 0.0311273 secs] [Times: user=0.03 sys=0.04, real=0.03 secs] 
2021-05-26T06:34:38.758+0800: 1026230.410: [GC (Allocation Failure) [PSYoungGen: 507360K->12256K(510464K)] 924541K->437864K(1034752K), 0.0705648 secs] [Times: user=0.05 sys=0.05, real=0.07 secs] 
2021-05-26T06:39:21.947+0800: 1026513.600: [GC (Allocation Failure) [PSYoungGen: 508896K->10688K(510464K)] 934504K->446209K(1034752K), 0.0260160 secs] [Times: user=0.04 sys=0.04, real=0.03 secs] 
2021-05-26T06:44:06.749+0800: 1026798.401: [GC (Allocation Failure) [PSYoungGen: 507328K->8160K(510464K)] 942849K->452010K(1034752K), 0.0246407 secs] [Times: user=0.04 sys=0.04, real=0.03 secs] 
2021-05-26T06:48:55.251+0800: 1027086.903: [GC (Allocation Failure) [PSYoungGen: 504800K->8352K(505344K)] 948650K->458788K(1029632K), 0.0302621 secs] [Times: user=0.04 sys=0.04, real=0.03 secs] 
2021-05-26T06:53:40.521+0800: 1027372.173: [GC (Allocation Failure) [PSYoungGen: 504992K->8704K(510464K)] 955428K->466270K(1034752K), 0.0250744 secs] [Times: user=0.03 sys=0.04, real=0.03 secs] 
2021-05-26T06:58:20.895+0800: 1027652.547: [GC (Allocation Failure) [PSYoungGen: 504832K->10432K(509952K)] 962398K->474755K(1034240K), 0.0265908 secs] [Times: user=0.03 sys=0.03, real=0.02 secs] 
2021-05-26T07:03:00.462+0800: 1027932.114: [GC (Allocation Failure) [PSYoungGen: 506560K->10664K(510464K)] 970883K->482997K(1034752K), 0.0249922 secs] [Times: user=0.03 sys=0.03, real=0.03 secs] 
2021-05-26T07:07:47.133+0800: 1028218.785: [GC (Allocation Failure) [PSYoungGen: 507304K->12224K(510464K)] 979637K->491817K(1034752K), 0.0292417 secs] [Times: user=0.07 sys=0.00, real=0.03 secs] 
2021-05-26T07:12:31.300+0800: 1028502.952: [GC (Allocation Failure) [PSYoungGen: 508864K->10272K(510464K)] 988457K->499018K(1034752K), 0.0235712 secs] [Times: user=0.04 sys=0.04, real=0.03 secs] 
2021-05-26T07:17:13.133+0800: 1028784.785: [GC (Allocation Failure) [PSYoungGen: 506912K->7456K(510464K)] 995658K->503715K(1034752K), 0.0405020 secs] [Times: user=0.03 sys=0.03, real=0.04 secs] 
2021-05-26T07:21:54.988+0800: 1029066.640: [GC (Allocation Failure) [PSYoungGen: 504096K->10464K(510464K)] 1000355K->512319K(1034752K), 0.0235336 secs] [Times: user=0.04 sys=0.04, real=0.02 secs] 
2021-05-26T07:26:38.081+0800: 1029349.733: [GC (Allocation Failure) [PSYoungGen: 507104K->10496K(510464K)] 1008959K->520315K(1034752K), 0.0245506 secs] [Times: user=0.04 sys=0.04, real=0.03 secs] 
2021-05-26T07:31:21.699+0800: 1029633.351: [GC (Allocation Failure) [PSYoungGen: 507136K->9248K(510976K)] 1016955K->527108K(1035264K), 0.0279061 secs] [Times: user=0.03 sys=0.03, real=0.03 secs] 
2021-05-26T07:31:21.727+0800: 1029633.379: [Full GC (Ergonomics) [PSYoungGen: 9248K->0K(510976K)] [ParOldGen: 517860K->296073K(524288K)] 527108K->296073K(1035264K), [Metaspace: 96566K->96566K(1138688K)], 0.4043212 secs] [Times: user=0.92 sys=0.00, real=0.40 secs] 
2021-05-26T07:36:07.785+0800: 1029919.437: [GC (Allocation Failure) [PSYoungGen: 497664K->11936K(509952K)] 793737K->308009K(1034240K), 0.0197765 secs] [Times: user=0.03 sys=0.03, real=0.02 secs] 
2021-05-26T07:40:50.176+0800: 1030201.828: [GC (Allocation Failure) [PSYoungGen: 509600K->10272K(510976K)] 805673K->315780K(1035264K), 0.0675663 secs] [Times: user=0.04 sys=0.04, real=0.07 secs] 
2021-05-26T07:45:36.504+0800: 1030488.156: [GC (Allocation Failure) [PSYoungGen: 507424K->11168K(510464K)] 812932K->324223K(1034752K), 0.0326317 secs] [Times: user=0.08 sys=0.00, real=0.03 secs] 
2021-05-26T07:50:19.908+0800: 1030771.560: [GC (Allocation Failure) [PSYoungGen: 508320K->10944K(510976K)] 821375K->332897K(1035264K), 0.0273036 secs] [Times: user=0.05 sys=0.04, real=0.03 secs] 
2021-05-26T07:55:04.908+0800: 1031056.560: [GC (Allocation Failure) [PSYoungGen: 508608K->9152K(510976K)] 830561K->338372K(1035264K), 0.0216551 secs] [Times: user=0.04 sys=0.03, real=0.02 secs] 
2021-05-26T07:59:46.898+0800: 1031338.550: [GC (Allocation Failure) [PSYoungGen: 506816K->11488K(510976K)] 836036K->348334K(1035264K), 0.0287181 secs] [Times: user=0.03 sys=0.03, real=0.03 secs] 
2021-05-26T08:04:27.000+0800: 1031618.652: [GC (Allocation Failure) [PSYoungGen: 509152K->11616K(509440K)] 845998K->356802K(1033728K), 0.0260695 secs] [Times: user=0.04 sys=0.04, real=0.03 secs] 
2021-05-26T08:09:11.728+0800: 1031903.380: [GC (Allocation Failure) [PSYoungGen: 509280K->10848K(510976K)] 854466K->365819K(1035264K), 0.0274758 secs] [Times: user=0.04 sys=0.04, real=0.03 secs] 
2021-05-26T08:13:56.593+0800: 1032188.245: [GC (Allocation Failure) [PSYoungGen: 508000K->11840K(510464K)] 862971K->375566K(1034752K), 0.0228800 secs] [Times: user=0.03 sys=0.04, real=0.02 secs] 
2021-05-26T08:18:43.685+0800: 1032475.337: [GC (Allocation Failure) [PSYoungGen: 508992K->9504K(510464K)] 872718K->382430K(1034752K), 0.0413785 secs] [Times: user=0.03 sys=0.03, real=0.04 secs] 
2021-05-26T08:23:28.803+0800: 1032760.455: [GC (Allocation Failure) [PSYoungGen: 506144K->9888K(510464K)] 879070K->389625K(1034752K), 0.0320397 secs] [Times: user=0.03 sys=0.03, real=0.03 secs] 
2021-05-26T08:28:12.839+0800: 1033044.492: [GC (Allocation Failure) [PSYoungGen: 506528K->10720K(510976K)] 886265K->398172K(1035264K), 0.0255226 secs] [Times: user=0.03 sys=0.04, real=0.03 secs] 
2021-05-26T08:32:55.210+0800: 1033326.862: [GC (Allocation Failure) [PSYoungGen: 508384K->11968K(510976K)] 895836K->408111K(1035264K), 0.0324234 secs] [Times: user=0.08 sys=0.00, real=0.04 secs] 
2021-05-26T08:37:35.834+0800: 1033607.486: [GC (Allocation Failure) [PSYoungGen: 509632K->12384K(509952K)] 905775K->417802K(1034240K), 0.0577094 secs] [Times: user=0.08 sys=0.00, real=0.05 secs] 
2021-05-26T08:42:15.562+0800: 1033887.214: [GC (Allocation Failure) [PSYoungGen: 509024K->9728K(510464K)] 914442K->425561K(1034752K), 0.0429560 secs] [Times: user=0.04 sys=0.04, real=0.05 secs] 
2021-05-26T08:46:44.862+0800: 1034156.514: [GC (Allocation Failure) [PSYoungGen: 506368K->9096K(510464K)] 922201K->432748K(1034752K), 0.0264661 secs] [Times: user=0.04 sys=0.04, real=0.03 secs] 
2021-05-26T08:51:29.080+0800: 1034440.732: [GC (Allocation Failure) [PSYoungGen: 505736K->10720K(510464K)] 929388K->440992K(1034752K), 0.0267482 secs] [Times: user=0.04 sys=0.04, real=0.03 secs] 
2021-05-26T08:56:11.670+0800: 1034723.322: [GC (Allocation Failure) [PSYoungGen: 507360K->11936K(509952K)] 937632K->449460K(1034240K), 0.0260411 secs] [Times: user=0.04 sys=0.04, real=0.03 secs] 
2021-05-26T09:00:53.979+0800: 1035005.631: [GC (Allocation Failure) [PSYoungGen: 508576K->11296K(510464K)] 946100K->457533K(1034752K), 0.0268960 secs] [Times: user=0.04 sys=0.04, real=0.03 secs] 
2021-05-26T09:05:32.618+0800: 1035284.270: [GC (Allocation Failure) [PSYoungGen: 507936K->9856K(510464K)] 954173K->465326K(1034752K), 0.0223666 secs] [Times: user=0.04 sys=0.03, real=0.02 secs] 
2021-05-26T09:10:14.886+0800: 1035566.538: [GC (Allocation Failure) [PSYoungGen: 506496K->10208K(510464K)] 961966K->472881K(1034752K), 0.0305058 secs] [Times: user=0.04 sys=0.05, real=0.03 secs] 
2021-05-26T09:14:58.418+0800: 1035850.070: [GC (Allocation Failure) [PSYoungGen: 506848K->8800K(510976K)] 969521K->479116K(1035264K), 0.0223298 secs] [Times: user=0.03 sys=0.03, real=0.02 secs] 
2021-05-26T09:19:43.104+0800: 1036134.756: [GC (Allocation Failure) [PSYoungGen: 506464K->9312K(510976K)] 976780K->486199K(1035264K), 0.0214806 secs] [Times: user=0.03 sys=0.03, real=0.02 secs] 
2021-05-26T09:24:24.489+0800: 1036416.141: [GC (Allocation Failure) [PSYoungGen: 506976K->10912K(510976K)] 983863K->495011K(1035264K), 0.0240689 secs] [Times: user=0.03 sys=0.04, real=0.03 secs] 
2021-05-26T09:29:03.360+0800: 1036695.012: [GC (Allocation Failure) [PSYoungGen: 508576K->9728K(510976K)] 992675K->501829K(1035264K), 0.0249705 secs] [Times: user=0.03 sys=0.03, real=0.03 secs] 
2021-05-26T09:33:47.702+0800: 1036979.354: [GC (Allocation Failure) [PSYoungGen: 507392K->11616K(510976K)] 999493K->510289K(1035264K), 0.0273319 secs] [Times: user=0.04 sys=0.04, real=0.03 secs] 
2021-05-26T09:38:35.853+0800: 1037267.505: [GC (Allocation Failure) [PSYoungGen: 509280K->11040K(510976K)] 1007953K->517420K(1035264K), 0.0239277 secs] [Times: user=0.03 sys=0.03, real=0.02 secs] 
2021-05-26T09:43:19.502+0800: 1037551.154: [GC (Allocation Failure) [PSYoungGen: 508704K->9344K(510976K)] 1015084K->524685K(1035264K), 0.0256755 secs] [Times: user=0.04 sys=0.03, real=0.03 secs] 
2021-05-26T09:43:19.528+0800: 1037551.180: [Full GC (Ergonomics) [PSYoungGen: 9344K->0K(510976K)] [ParOldGen: 515341K->299983K(524288K)] 524685K->299983K(1035264K), [Metaspace: 96571K->96571K(1138688K)], 0.4925150 secs] [Times: user=1.02 sys=0.00, real=0.49 secs] 
2021-05-26T09:48:05.587+0800: 1037837.239: [GC (Allocation Failure) [PSYoungGen: 497664K->10976K(510976K)] 797647K->310959K(1035264K), 0.0239637 secs] [Times: user=0.07 sys=0.00, real=0.02 secs] 
2021-05-26T09:52:48.549+0800: 1038120.202: [GC (Allocation Failure) [PSYoungGen: 508640K->13024K(509952K)] 808623K->321850K(1034240K), 0.0287565 secs] [Times: user=0.04 sys=0.04, real=0.03 secs] 
2021-05-26T09:57:34.298+0800: 1038405.950: [GC (Allocation Failure) [PSYoungGen: 509664K->8192K(510464K)] 818490K->327393K(1034752K), 0.0286516 secs] [Times: user=0.09 sys=0.00, real=0.03 secs] 
2021-05-26T10:02:16.278+0800: 1038687.930: [GC (Allocation Failure) [PSYoungGen: 504832K->9408K(510464K)] 824033K->335747K(1034752K), 0.0293078 secs] [Times: user=0.03 sys=0.04, real=0.03 secs] 
2021-05-26T10:06:58.598+0800: 1038970.250: [GC (Allocation Failure) [PSYoungGen: 506048K->10208K(510464K)] 832387K->343676K(1034752K), 0.0300931 secs] [Times: user=0.05 sys=0.04, real=0.03 secs] 
2021-05-26T10:11:41.463+0800: 1039253.115: [GC (Allocation Failure) [PSYoungGen: 506848K->10400K(510976K)] 840316K->352007K(1035264K), 0.0590445 secs] [Times: user=0.08 sys=0.00, real=0.05 secs] 
2021-05-26T10:16:26.677+0800: 1039538.329: [GC (Allocation Failure) [PSYoungGen: 507552K->7424K(510464K)] 849159K->356593K(1034752K), 0.0228957 secs] [Times: user=0.03 sys=0.04, real=0.02 secs] 
2021-05-26T10:21:10.607+0800: 1039822.260: [GC (Allocation Failure) [PSYoungGen: 504576K->10144K(510976K)] 853745K->364909K(1035264K), 0.0323818 secs] [Times: user=0.04 sys=0.04, real=0.03 secs] 
2021-05-26T10:25:50.518+0800: 1040102.170: [GC (Allocation Failure) [PSYoungGen: 507808K->12704K(510464K)] 862573K->376112K(1034752K), 0.0226751 secs] [Times: user=0.03 sys=0.04, real=0.02 secs] 
2021-05-26T10:30:29.388+0800: 1040381.040: [GC (Allocation Failure) [PSYoungGen: 510368K->12800K(509440K)] 873776K->385115K(1033728K), 0.0326729 secs] [Times: user=0.05 sys=0.04, real=0.03 secs] 
2021-05-26T10:35:07.600+0800: 1040659.252: [GC (Allocation Failure) [PSYoungGen: 508416K->11712K(509952K)] 880731K->393837K(1034240K), 0.0314980 secs] [Times: user=0.03 sys=0.04, real=0.03 secs] 
2021-05-26T10:39:50.069+0800: 1040941.721: [GC (Allocation Failure) [PSYoungGen: 507328K->10496K(509952K)] 889453K->401998K(1034240K), 0.0352029 secs] [Times: user=0.04 sys=0.05, real=0.04 secs] 
2021-05-26T10:44:35.504+0800: 1041227.156: [GC (Allocation Failure) [PSYoungGen: 506112K->9504K(509952K)] 897614K->409009K(1034240K), 0.0306575 secs] [Times: user=0.04 sys=0.05, real=0.03 secs] 
2021-05-26T10:49:17.487+0800: 1041509.140: [GC (Allocation Failure) [PSYoungGen: 505120K->9216K(510464K)] 904625K->415964K(1034752K), 0.0752121 secs] [Times: user=0.03 sys=0.04, real=0.08 secs] 
2021-05-26T10:54:04.075+0800: 1041795.727: [GC (Allocation Failure) [PSYoungGen: 505344K->7968K(509952K)] 912092K->422184K(1034240K), 0.0245658 secs] [Times: user=0.03 sys=0.04, real=0.02 secs] 
2021-05-26T10:58:47.117+0800: 1042078.769: [GC (Allocation Failure) [PSYoungGen: 504096K->10944K(510464K)] 918312K->431339K(1034752K), 0.0645153 secs] [Times: user=0.03 sys=0.04, real=0.06 secs] 
2021-05-26T11:03:32.099+0800: 1042363.751: [GC (Allocation Failure) [PSYoungGen: 507072K->11040K(509952K)] 927467K->439661K(1034240K), 0.0284271 secs] [Times: user=0.04 sys=0.04, real=0.03 secs] 
2021-05-26T11:08:16.062+0800: 1042647.714: [GC (Allocation Failure) [PSYoungGen: 507168K->9696K(510464K)] 935789K->447356K(1034752K), 0.0235765 secs] [Times: user=0.08 sys=0.00, real=0.03 secs] 
2021-05-26T11:12:57.844+0800: 1042929.496: [GC (Allocation Failure) [PSYoungGen: 506336K->9440K(510464K)] 943996K->454240K(1034752K), 0.0291288 secs] [Times: user=0.04 sys=0.04, real=0.03 secs] 
2021-05-26T11:17:42.476+0800: 1043214.128: [GC (Allocation Failure) [PSYoungGen: 506080K->10048K(510976K)] 950880K->462651K(1035264K), 0.0251805 secs] [Times: user=0.03 sys=0.04, real=0.02 secs] 
2021-05-26T11:22:23.509+0800: 1043495.161: [GC (Allocation Failure) [PSYoungGen: 507712K->10208K(510976K)] 960315K->470518K(1035264K), 0.0270246 secs] [Times: user=0.08 sys=0.00, real=0.03 secs] 
2021-05-26T11:27:06.951+0800: 1043778.603: [GC (Allocation Failure) [PSYoungGen: 507872K->8736K(511488K)] 968182K->477567K(1035776K), 0.0284902 secs] [Times: user=0.08 sys=0.00, real=0.03 secs] 
2021-05-26T11:31:51.526+0800: 1044063.178: [GC (Allocation Failure) [PSYoungGen: 507424K->11520K(510464K)] 976255K->487482K(1034752K), 0.0276418 secs] [Times: user=0.03 sys=0.04, real=0.03 secs] 
2021-05-26T11:36:30.015+0800: 1044341.667: [GC (Allocation Failure) [PSYoungGen: 510208K->10048K(511488K)] 986170K->494140K(1035776K), 0.0363199 secs] [Times: user=0.04 sys=0.04, real=0.03 secs] 
2021-05-26T11:41:15.220+0800: 1044626.872: [GC (Allocation Failure) [PSYoungGen: 508224K->11232K(510976K)] 992316K->503015K(1035264K), 0.0356824 secs] [Times: user=0.05 sys=0.04, real=0.04 secs] 
2021-05-26T11:45:55.773+0800: 1044907.425: [GC (Allocation Failure) [PSYoungGen: 509408K->11552K(510976K)] 1001191K->511841K(1035264K), 0.0373404 secs] [Times: user=0.04 sys=0.05, real=0.03 secs] 
2021-05-26T11:50:38.354+0800: 1045190.007: [GC (Allocation Failure) [PSYoungGen: 509216K->7904K(510976K)] 1009505K->517904K(1035264K), 0.0255389 secs] [Times: user=0.04 sys=0.04, real=0.02 secs] 
2021-05-26T11:55:21.354+0800: 1045473.006: [GC (Allocation Failure) [PSYoungGen: 505568K->9792K(510976K)] 1015568K->525829K(1035264K), 0.0242795 secs] [Times: user=0.04 sys=0.04, real=0.02 secs] 
2021-05-26T11:55:21.379+0800: 1045473.031: [Full GC (Ergonomics) [PSYoungGen: 9792K->0K(510976K)] [ParOldGen: 516037K->296843K(524288K)] 525829K->296843K(1035264K), [Metaspace: 96574K->96574K(1138688K)], 0.4796919 secs] [Times: user=1.04 sys=0.00, real=0.48 secs] 
2021-05-26T12:00:02.969+0800: 1045754.621: [GC (Allocation Failure) [PSYoungGen: 497664K->11616K(510976K)] 794507K->308459K(1035264K), 0.0301819 secs] [Times: user=0.03 sys=0.03, real=0.03 secs] 
2021-05-26T12:04:46.502+0800: 1046038.154: [GC (Allocation Failure) [PSYoungGen: 509280K->10720K(510976K)] 806123K->316102K(1035264K), 0.0285681 secs] [Times: user=0.03 sys=0.04, real=0.03 secs] 
2021-05-26T12:09:30.651+0800: 1046322.303: [GC (Allocation Failure) [PSYoungGen: 508384K->13120K(510976K)] 813766K->326586K(1035264K), 0.0355538 secs] [Times: user=0.05 sys=0.05, real=0.04 secs] 
2021-05-26T12:14:13.003+0800: 1046604.655: [GC (Allocation Failure) [PSYoungGen: 510784K->11168K(509952K)] 824250K->335420K(1034240K), 0.0578644 secs] [Times: user=0.03 sys=0.03, real=0.05 secs] 
2021-05-26T12:18:53.786+0800: 1046885.438: [GC (Allocation Failure) [PSYoungGen: 507808K->10464K(510464K)] 832060K->342878K(1034752K), 0.0228098 secs] [Times: user=0.03 sys=0.03, real=0.02 secs] 
2021-05-26T12:23:36.362+0800: 1047168.014: [GC (Allocation Failure) [PSYoungGen: 507104K->10912K(510976K)] 839518K->351535K(1035264K), 0.0210940 secs] [Times: user=0.03 sys=0.04, real=0.02 secs] 
2021-05-26T12:28:19.906+0800: 1047451.558: [GC (Allocation Failure) [PSYoungGen: 508064K->10400K(510464K)] 848687K->359674K(1034752K), 0.0256272 secs] [Times: user=0.08 sys=0.00, real=0.02 secs] 
2021-05-26T12:33:03.746+0800: 1047735.398: [GC (Allocation Failure) [PSYoungGen: 507552K->9248K(510976K)] 856826K->367931K(1035264K), 0.0237510 secs] [Times: user=0.04 sys=0.04, real=0.02 secs] 
2021-05-26T12:37:50.157+0800: 1048021.809: [GC (Allocation Failure) [PSYoungGen: 506912K->9568K(510976K)] 865595K->375773K(1035264K), 0.0437443 secs] [Times: user=0.04 sys=0.05, real=0.04 secs] 
2021-05-26T12:42:32.867+0800: 1048304.520: [GC (Allocation Failure) [PSYoungGen: 507232K->10656K(510976K)] 873437K->384121K(1035264K), 0.0237122 secs] [Times: user=0.03 sys=0.04, real=0.02 secs] 
2021-05-26T12:47:15.487+0800: 1048587.139: [GC (Allocation Failure) [PSYoungGen: 508320K->10848K(510976K)] 881785K->393243K(1035264K), 0.0276193 secs] [Times: user=0.04 sys=0.04, real=0.03 secs] 
2021-05-26T12:51:57.069+0800: 1048868.721: [GC (Allocation Failure) [PSYoungGen: 508512K->10464K(511488K)] 890907K->401348K(1035776K), 0.0288016 secs] [Times: user=0.04 sys=0.04, real=0.03 secs] 
2021-05-26T12:56:38.427+0800: 1049150.079: [GC (Allocation Failure) [PSYoungGen: 509152K->9632K(511488K)] 900036K->408463K(1035776K), 0.0318147 secs] [Times: user=0.03 sys=0.03, real=0.03 secs] 
2021-05-26T13:01:21.619+0800: 1049433.271: [GC (Allocation Failure) [PSYoungGen: 508320K->12000K(510464K)] 907151K->418074K(1034752K), 0.0292975 secs] [Times: user=0.04 sys=0.04, real=0.03 secs] 
2021-05-26T13:05:59.111+0800: 1049710.764: [GC (Allocation Failure) [PSYoungGen: 509664K->9384K(510976K)] 915738K->424738K(1035264K), 0.0262995 secs] [Times: user=0.04 sys=0.04, real=0.03 secs] 
2021-05-26T13:10:41.594+0800: 1049993.246: [GC (Allocation Failure) [PSYoungGen: 507048K->12256K(510976K)] 922402K->434406K(1035264K), 0.0553502 secs] [Times: user=0.05 sys=0.05, real=0.05 secs] 
2021-05-26T13:15:22.651+0800: 1050274.303: [GC (Allocation Failure) [PSYoungGen: 509920K->7968K(505856K)] 932070K->439950K(1030144K), 0.0276092 secs] [Times: user=0.04 sys=0.04, real=0.03 secs] 
2021-05-26T13:20:03.455+0800: 1050555.107: [GC (Allocation Failure) [PSYoungGen: 505632K->10208K(510976K)] 937614K->448337K(1035264K), 0.0245910 secs] [Times: user=0.07 sys=0.00, real=0.02 secs] 
2021-05-26T13:24:42.227+0800: 1050833.879: [GC (Allocation Failure) [PSYoungGen: 507360K->9984K(510464K)] 945489K->456060K(1034752K), 0.0245747 secs] [Times: user=0.03 sys=0.03, real=0.02 secs] 
2021-05-26T13:29:23.973+0800: 1051115.625: [GC (Allocation Failure) [PSYoungGen: 507136K->9152K(510976K)] 953212K->462511K(1035264K), 0.0231562 secs] [Times: user=0.04 sys=0.04, real=0.02 secs] 
2021-05-26T13:34:06.348+0800: 1051398.000: [GC (Allocation Failure) [PSYoungGen: 506816K->9984K(510976K)] 960175K->470409K(1035264K), 0.0256070 secs] [Times: user=0.04 sys=0.04, real=0.03 secs] 
2021-05-26T13:38:45.875+0800: 1051677.527: [GC (Allocation Failure) [PSYoungGen: 507648K->10336K(511488K)] 968073K->478948K(1035776K), 0.0255288 secs] [Times: user=0.04 sys=0.04, real=0.02 secs] 
2021-05-26T13:43:30.720+0800: 1051962.372: [GC (Allocation Failure) [PSYoungGen: 509024K->11616K(511488K)] 977636K->488383K(1035776K), 0.0268900 secs] [Times: user=0.03 sys=0.04, real=0.03 secs] 
2021-05-26T13:48:13.058+0800: 1052244.710: [GC (Allocation Failure) [PSYoungGen: 510304K->9760K(511488K)] 987071K->495457K(1035776K), 0.0236189 secs] [Times: user=0.08 sys=0.00, real=0.02 secs] 
2021-05-26T13:52:59.713+0800: 1052531.365: [GC (Allocation Failure) [PSYoungGen: 508448K->10624K(511488K)] 994145K->504189K(1035776K), 0.0241234 secs] [Times: user=0.04 sys=0.03, real=0.02 secs] 
2021-05-26T13:57:44.099+0800: 1052815.751: [GC (Allocation Failure) [PSYoungGen: 509312K->12192K(510464K)] 1002877K->513736K(1034752K), 0.0643272 secs] [Times: user=0.03 sys=0.04, real=0.07 secs] 
2021-05-26T14:02:27.145+0800: 1053098.797: [GC (Allocation Failure) [PSYoungGen: 509856K->9696K(510976K)] 1011400K->520849K(1035264K), 0.0282420 secs] [Times: user=0.08 sys=0.00, real=0.03 secs] 
2021-05-26T14:07:11.252+0800: 1053382.904: [GC (Allocation Failure) [PSYoungGen: 507360K->10432K(511488K)] 1018513K->529485K(1035776K), 0.0244992 secs] [Times: user=0.03 sys=0.04, real=0.03 secs] 
2021-05-26T14:07:11.277+0800: 1053382.929: [Full GC (Ergonomics) [PSYoungGen: 10432K->0K(511488K)] [ParOldGen: 519053K->305256K(524288K)] 529485K->305256K(1035776K), [Metaspace: 96574K->96570K(1138688K)], 0.5056438 secs] [Times: user=1.04 sys=0.00, real=0.51 secs] 
2021-05-26T14:11:54.258+0800: 1053665.910: [GC (Allocation Failure) [PSYoungGen: 498176K->10816K(510976K)] 803432K->316072K(1035264K), 0.0283100 secs] [Times: user=0.03 sys=0.03, real=0.03 secs] 
2021-05-26T14:16:36.525+0800: 1053948.177: [GC (Allocation Failure) [PSYoungGen: 508992K->11456K(511488K)] 814248K->324854K(1035776K), 0.0241948 secs] [Times: user=0.03 sys=0.04, real=0.02 secs] 
2021-05-26T14:21:20.655+0800: 1054232.307: [GC (Allocation Failure) [PSYoungGen: 510144K->9856K(511488K)] 823542K->332175K(1035776K), 0.0226073 secs] [Times: user=0.04 sys=0.03, real=0.02 secs] 
2021-05-26T14:25:59.484+0800: 1054511.136: [GC (Allocation Failure) [PSYoungGen: 508544K->9248K(511488K)] 830863K->339130K(1035776K), 0.0207545 secs] [Times: user=0.03 sys=0.03, real=0.02 secs] 
2021-05-26T14:30:43.523+0800: 1054795.175: [GC (Allocation Failure) [PSYoungGen: 507936K->7296K(506368K)] 837818K->344748K(1030656K), 0.0223861 secs] [Times: user=0.03 sys=0.04, real=0.02 secs] 
2021-05-26T14:35:24.634+0800: 1055076.286: [GC (Allocation Failure) [PSYoungGen: 505984K->9088K(511488K)] 843436K->351735K(1035776K), 0.0234125 secs] [Times: user=0.03 sys=0.04, real=0.02 secs] 
2021-05-26T14:40:08.430+0800: 1055360.082: [GC (Allocation Failure) [PSYoungGen: 507264K->9600K(510976K)] 849911K->359746K(1035264K), 0.0225954 secs] [Times: user=0.07 sys=0.00, real=0.03 secs] 
2021-05-26T14:44:48.177+0800: 1055639.829: [GC (Allocation Failure) [PSYoungGen: 507776K->11168K(511488K)] 857922K->369565K(1035776K), 0.0241093 secs] [Times: user=0.03 sys=0.03, real=0.02 secs] 
2021-05-26T14:49:31.088+0800: 1055922.740: [GC (Allocation Failure) [PSYoungGen: 509856K->10368K(511488K)] 868253K->377615K(1035776K), 0.0812157 secs] [Times: user=0.15 sys=0.14, real=0.08 secs] 
2021-05-26T14:54:12.376+0800: 1056204.028: [GC (Allocation Failure) [PSYoungGen: 509056K->9824K(511488K)] 876303K->385658K(1035776K), 0.0334509 secs] [Times: user=0.03 sys=0.04, real=0.03 secs] 
2021-05-26T14:58:55.888+0800: 1056487.540: [GC (Allocation Failure) [PSYoungGen: 508512K->12032K(510976K)] 884346K->395814K(1035264K), 0.0396976 secs] [Times: user=0.04 sys=0.05, real=0.04 secs] 
2021-05-26T15:03:37.277+0800: 1056768.929: [GC (Allocation Failure) [PSYoungGen: 510720K->11008K(510976K)] 894502K->404207K(1035264K), 0.0308464 secs] [Times: user=0.04 sys=0.05, real=0.03 secs] 
2021-05-26T15:08:25.505+0800: 1057057.157: [GC (Allocation Failure) [PSYoungGen: 508672K->11712K(510976K)] 901871K->413328K(1035264K), 0.0453667 secs] [Times: user=0.09 sys=0.00, real=0.04 secs] 
2021-05-26T15:13:08.060+0800: 1057339.712: [GC (Allocation Failure) [PSYoungGen: 509376K->11840K(509952K)] 910992K->422083K(1034240K), 0.0258131 secs] [Times: user=0.04 sys=0.04, real=0.03 secs] 
2021-05-26T15:17:51.216+0800: 1057622.868: [GC (Allocation Failure) [PSYoungGen: 508480K->9760K(510464K)] 918723K->428647K(1034752K), 0.0236805 secs] [Times: user=0.03 sys=0.04, real=0.02 secs] 
2021-05-26T15:22:33.805+0800: 1057905.457: [GC (Allocation Failure) [PSYoungGen: 506400K->12000K(509952K)] 925287K->438369K(1034240K), 0.0238391 secs] [Times: user=0.04 sys=0.04, real=0.02 secs] 
2021-05-26T15:27:15.182+0800: 1058186.834: [GC (Allocation Failure) [PSYoungGen: 508640K->9824K(510464K)] 935009K->445450K(1034752K), 0.0271650 secs] [Times: user=0.04 sys=0.04, real=0.03 secs] 
2021-05-26T15:31:55.132+0800: 1058466.784: [GC (Allocation Failure) [PSYoungGen: 506464K->10784K(510976K)] 942090K->453421K(1035264K), 0.0589921 secs] [Times: user=0.03 sys=0.04, real=0.06 secs] 
2021-05-26T15:36:33.897+0800: 1058745.549: [GC (Allocation Failure) [PSYoungGen: 507936K->7296K(510464K)] 950573K->458446K(1034752K), 0.0276915 secs] [Times: user=0.03 sys=0.04, real=0.03 secs] 
2021-05-26T15:41:17.083+0800: 1059028.735: [GC (Allocation Failure) [PSYoungGen: 504448K->10784K(510464K)] 955598K->467435K(1034752K), 0.0345795 secs] [Times: user=0.05 sys=0.06, real=0.03 secs] 
2021-05-26T15:45:55.940+0800: 1059307.592: [GC (Allocation Failure) [PSYoungGen: 507422K->9024K(510464K)] 964074K->474484K(1034752K), 0.0598045 secs] [Times: user=0.04 sys=0.04, real=0.06 secs] 
2021-05-26T15:50:34.141+0800: 1059585.793: [GC (Allocation Failure) [PSYoungGen: 505664K->12672K(508928K)] 971124K->485081K(1033216K), 0.0360378 secs] [Times: user=0.04 sys=0.06, real=0.04 secs] 
2021-05-26T15:55:14.607+0800: 1059866.259: [GC (Allocation Failure) [PSYoungGen: 508288K->8896K(509952K)] 980697K->491487K(1034240K), 0.0371428 secs] [Times: user=0.03 sys=0.04, real=0.04 secs] 
2021-05-26T15:59:54.572+0800: 1060146.224: [GC (Allocation Failure) [PSYoungGen: 504512K->10432K(510464K)] 987103K->499595K(1034752K), 0.0308572 secs] [Times: user=0.03 sys=0.04, real=0.03 secs] 
2021-05-26T16:04:42.491+0800: 1060434.143: [GC (Allocation Failure) [PSYoungGen: 507072K->10496K(510464K)] 996235K->507799K(1034752K), 0.0275162 secs] [Times: user=0.07 sys=0.00, real=0.03 secs] 
2021-05-26T16:09:26.022+0800: 1060717.674: [GC (Allocation Failure) [PSYoungGen: 507136K->10624K(510976K)] 1004439K->515872K(1035264K), 0.0243993 secs] [Times: user=0.03 sys=0.04, real=0.03 secs] 
2021-05-26T16:14:07.128+0800: 1060998.780: [GC (Allocation Failure) [PSYoungGen: 508288K->10336K(510976K)] 1013536K->524185K(1035264K), 0.0264677 secs] [Times: user=0.07 sys=0.00, real=0.03 secs] 
2021-05-26T16:14:07.155+0800: 1060998.807: [Full GC (Ergonomics) [PSYoungGen: 10336K->0K(510976K)] [ParOldGen: 513849K->292780K(524288K)] 524185K->292780K(1035264K), [Metaspace: 96597K->96597K(1138688K)], 0.4748802 secs] [Times: user=1.05 sys=0.00, real=0.47 secs] 
2021-05-26T16:18:45.915+0800: 1061277.567: [GC (Allocation Failure) [PSYoungGen: 497664K->11040K(510976K)] 790444K->303820K(1035264K), 0.0200336 secs] [Times: user=0.04 sys=0.03, real=0.02 secs] 
2021-05-26T16:23:26.313+0800: 1061557.965: [GC (Allocation Failure) [PSYoungGen: 508704K->10528K(510976K)] 801484K->312549K(1035264K), 0.0378765 secs] [Times: user=0.04 sys=0.04, real=0.03 secs] 
2021-05-26T16:28:08.732+0800: 1061840.385: [GC (Allocation Failure) [PSYoungGen: 508192K->12096K(510464K)] 810213K->322273K(1034752K), 0.0460566 secs] [Times: user=0.07 sys=0.00, real=0.04 secs] 
2021-05-26T16:32:49.163+0800: 1062120.815: [GC (Allocation Failure) [PSYoungGen: 509760K->9152K(510976K)] 819937K->328817K(1035264K), 0.0295659 secs] [Times: user=0.08 sys=0.00, real=0.03 secs] 
2021-05-26T16:37:29.947+0800: 1062401.599: [GC (Allocation Failure) [PSYoungGen: 506816K->10560K(510976K)] 826481K->337252K(1035264K), 0.0253828 secs] [Times: user=0.03 sys=0.04, real=0.03 secs] 
2021-05-26T16:42:13.380+0800: 1062685.032: [GC (Allocation Failure) [PSYoungGen: 508224K->10912K(510976K)] 834916K->345606K(1035264K), 0.0268638 secs] [Times: user=0.03 sys=0.04, real=0.03 secs] 
2021-05-26T16:46:55.960+0800: 1062967.612: [GC (Allocation Failure) [PSYoungGen: 508576K->9696K(511488K)] 843270K->352832K(1035776K), 0.0480531 secs] [Times: user=0.03 sys=0.03, real=0.05 secs] 
2021-05-26T16:51:36.220+0800: 1063247.872: [GC (Allocation Failure) [PSYoungGen: 508384K->9600K(511488K)] 851520K->359578K(1035776K), 0.0266754 secs] [Times: user=0.04 sys=0.04, real=0.03 secs] 
2021-05-26T16:56:19.752+0800: 1063531.404: [GC (Allocation Failure) [PSYoungGen: 508288K->10144K(511488K)] 858266K->367589K(1035776K), 0.0354291 secs] [Times: user=0.09 sys=0.00, real=0.03 secs] 
2021-05-26T17:01:01.229+0800: 1063812.881: [GC (Allocation Failure) [PSYoungGen: 508832K->11424K(511488K)] 866277K->377598K(1035776K), 0.0306582 secs] [Times: user=0.04 sys=0.05, real=0.03 secs] 
2021-05-26T17:05:44.073+0800: 1064095.725: [GC (Allocation Failure) [PSYoungGen: 510112K->8352K(511488K)] 876286K->383559K(1035776K), 0.0312243 secs] [Times: user=0.09 sys=0.00, real=0.03 secs] 
2021-05-26T17:10:26.420+0800: 1064378.072: [GC (Allocation Failure) [PSYoungGen: 507040K->12256K(510976K)] 882247K->394139K(1035264K), 0.0327329 secs] [Times: user=0.05 sys=0.05, real=0.04 secs] 
2021-05-26T17:15:11.371+0800: 1064663.024: [GC (Allocation Failure) [PSYoungGen: 510944K->9312K(510976K)] 892827K->400333K(1035264K), 0.0242376 secs] [Times: user=0.03 sys=0.03, real=0.03 secs] 
2021-05-26T17:19:53.760+0800: 1064945.412: [GC (Allocation Failure) [PSYoungGen: 506976K->9056K(510976K)] 897997K->407789K(1035264K), 0.0265112 secs] [Times: user=0.04 sys=0.04, real=0.03 secs] 
2021-05-26T17:24:34.449+0800: 1065226.101: [GC (Allocation Failure) [PSYoungGen: 506720K->11968K(509952K)] 905453K->416937K(1034240K), 0.0294886 secs] [Times: user=0.04 sys=0.04, real=0.03 secs] 
2021-05-26T17:29:16.762+0800: 1065508.414: [GC (Allocation Failure) [PSYoungGen: 508608K->9760K(510464K)] 913577K->423577K(1034752K), 0.0231032 secs] [Times: user=0.04 sys=0.04, real=0.02 secs] 
2021-05-26T17:33:57.813+0800: 1065789.465: [GC (Allocation Failure) [PSYoungGen: 506400K->11520K(509952K)] 920217K->432958K(1034240K), 0.0252929 secs] [Times: user=0.04 sys=0.04, real=0.02 secs] 
2021-05-26T17:38:40.810+0800: 1066072.462: [GC (Allocation Failure) [PSYoungGen: 508160K->9472K(510464K)] 929598K->439560K(1034752K), 0.0330119 secs] [Times: user=0.04 sys=0.05, real=0.04 secs] 
2021-05-26T17:43:23.562+0800: 1066355.214: [GC (Allocation Failure) [PSYoungGen: 506112K->11040K(510976K)] 936200K->448155K(1035264K), 0.0282413 secs] [Times: user=0.04 sys=0.04, real=0.03 secs] 
2021-05-26T17:48:05.383+0800: 1066637.035: [GC (Allocation Failure) [PSYoungGen: 508704K->11008K(510976K)] 945819K->456566K(1035264K), 0.0297889 secs] [Times: user=0.04 sys=0.04, real=0.03 secs] 
2021-05-26T17:52:49.083+0800: 1066920.735: [GC (Allocation Failure) [PSYoungGen: 508672K->10432K(510976K)] 954230K->465400K(1035264K), 0.0361985 secs] [Times: user=0.09 sys=0.00, real=0.03 secs] 
2021-05-26T17:57:26.728+0800: 1067198.380: [GC (Allocation Failure) [PSYoungGen: 508096K->12000K(510976K)] 963064K->473971K(1035264K), 0.0260612 secs] [Times: user=0.04 sys=0.04, real=0.03 secs] 
2021-05-26T18:02:06.932+0800: 1067478.584: [GC (Allocation Failure) [PSYoungGen: 509664K->9504K(510976K)] 971635K->480861K(1035264K), 0.0253259 secs] [Times: user=0.04 sys=0.04, real=0.03 secs] 
2021-05-26T18:06:46.937+0800: 1067758.589: [GC (Allocation Failure) [PSYoungGen: 507168K->11648K(509440K)] 978525K->490626K(1033728K), 0.0438636 secs] [Times: user=0.07 sys=0.00, real=0.04 secs] 
2021-05-26T18:11:29.477+0800: 1068041.129: [GC (Allocation Failure) [PSYoungGen: 509312K->9152K(510976K)] 988290K->497915K(1035264K), 0.0260342 secs] [Times: user=0.07 sys=0.00, real=0.03 secs] 
2021-05-26T18:16:14.008+0800: 1068325.661: [GC (Allocation Failure) [PSYoungGen: 506304K->9696K(510464K)] 995067K->505334K(1034752K), 0.0253978 secs] [Times: user=0.04 sys=0.04, real=0.03 secs] 
2021-05-26T18:20:52.928+0800: 1068604.580: [GC (Allocation Failure) [PSYoungGen: 506848K->11680K(509952K)] 1002486K->514809K(1034240K), 0.0260570 secs] [Times: user=0.03 sys=0.03, real=0.03 secs] 
2021-05-26T18:25:40.538+0800: 1068892.190: [GC (Allocation Failure) [PSYoungGen: 508320K->10432K(510464K)] 1011449K->522739K(1034752K), 0.0276219 secs] [Times: user=0.08 sys=0.00, real=0.03 secs] 
2021-05-26T18:30:22.556+0800: 1069174.208: [GC (Allocation Failure) [PSYoungGen: 507071K->11008K(510976K)] 1019378K->530806K(1035264K), 0.0333172 secs] [Times: user=0.05 sys=0.05, real=0.03 secs] 
2021-05-26T18:30:22.590+0800: 1069174.242: [Full GC (Ergonomics) [PSYoungGen: 11008K->0K(510976K)] [ParOldGen: 519798K->306425K(524288K)] 530806K->306425K(1035264K), [Metaspace: 96597K->96594K(1138688K)], 0.4864735 secs] [Times: user=1.02 sys=0.00, real=0.49 secs] 
2021-05-26T18:35:06.515+0800: 1069458.167: [GC (Allocation Failure) [PSYoungGen: 497663K->11232K(510976K)] 804088K->317657K(1035264K), 0.0231236 secs] [Times: user=0.03 sys=0.03, real=0.02 secs] 
2021-05-26T18:39:49.627+0800: 1069741.279: [GC (Allocation Failure) [PSYoungGen: 508896K->11104K(510976K)] 815321K->326311K(1035264K), 0.0293266 secs] [Times: user=0.08 sys=0.00, real=0.03 secs] 
2021-05-26T18:44:30.838+0800: 1070022.490: [GC (Allocation Failure) [PSYoungGen: 508768K->12032K(510976K)] 823975K->335674K(1035264K), 0.0245123 secs] [Times: user=0.04 sys=0.04, real=0.03 secs] 
2021-05-26T18:49:09.183+0800: 1070300.835: [GC (Allocation Failure) [PSYoungGen: 509696K->9664K(510976K)] 833338K->342987K(1035264K), 0.0292121 secs] [Times: user=0.04 sys=0.04, real=0.03 secs] 
2021-05-26T18:53:50.581+0800: 1070582.233: [GC (Allocation Failure) [PSYoungGen: 507328K->9728K(510976K)] 840651K->349926K(1035264K), 0.0252902 secs] [Times: user=0.04 sys=0.04, real=0.03 secs] 
2021-05-26T18:58:31.129+0800: 1070862.781: [GC (Allocation Failure) [PSYoungGen: 507392K->13024K(509952K)] 847590K->360826K(1034240K), 0.0278458 secs] [Times: user=0.08 sys=0.00, real=0.03 secs] 
2021-05-26T19:03:07.703+0800: 1071139.355: [GC (Allocation Failure) [PSYoungGen: 509664K->9992K(510464K)] 857466K->367675K(1034752K), 0.0365699 secs] [Times: user=0.05 sys=0.04, real=0.03 secs] 
2021-05-26T19:07:51.950+0800: 1071423.602: [GC (Allocation Failure) [PSYoungGen: 506632K->13760K(508416K)] 864315K->379784K(1032704K), 0.0265225 secs] [Times: user=0.04 sys=0.04, real=0.03 secs] 
2021-05-26T19:12:31.176+0800: 1071702.828: [GC (Allocation Failure) [PSYoungGen: 508352K->10144K(509440K)] 874376K->387129K(1033728K), 0.0274379 secs] [Times: user=0.04 sys=0.05, real=0.03 secs] 
2021-05-26T19:17:12.459+0800: 1071984.111: [GC (Allocation Failure) [PSYoungGen: 504736K->10528K(509952K)] 881721K->395604K(1034240K), 0.0240572 secs] [Times: user=0.04 sys=0.04, real=0.03 secs] 
2021-05-26T19:21:54.418+0800: 1072266.070: [GC (Allocation Failure) [PSYoungGen: 506144K->12288K(509952K)] 891220K->406045K(1034240K), 0.0304355 secs] [Times: user=0.05 sys=0.05, real=0.03 secs] 
2021-05-26T19:26:37.622+0800: 1072549.274: [GC (Allocation Failure) [PSYoungGen: 507899K->10848K(509952K)] 901657K->414781K(1034240K), 0.0297983 secs] [Times: user=0.05 sys=0.04, real=0.03 secs] 
2021-05-26T19:31:21.820+0800: 1072833.472: [GC (Allocation Failure) [PSYoungGen: 506464K->11616K(509952K)] 910397K->423704K(1034240K), 0.0250355 secs] [Times: user=0.07 sys=0.00, real=0.03 secs] 
2021-05-26T19:36:01.965+0800: 1073113.617: [GC (Allocation Failure) [PSYoungGen: 507232K->11040K(510464K)] 919320K->432581K(1034752K), 0.0267577 secs] [Times: user=0.04 sys=0.04, real=0.02 secs] 
2021-05-26T19:40:45.015+0800: 1073396.667: [GC (Allocation Failure) [PSYoungGen: 507168K->10592K(509952K)] 928709K->441286K(1034240K), 0.0268323 secs] [Times: user=0.08 sys=0.00, real=0.02 secs] 
2021-05-26T19:45:28.887+0800: 1073680.539: [GC (Allocation Failure) [PSYoungGen: 506720K->12000K(510464K)] 937414K->451214K(1034752K), 0.0279357 secs] [Times: user=0.04 sys=0.04, real=0.03 secs] 
2021-05-26T19:50:09.340+0800: 1073960.993: [GC (Allocation Failure) [PSYoungGen: 508640K->11936K(510464K)] 947854K->459730K(1034752K), 0.0266698 secs] [Times: user=0.04 sys=0.04, real=0.03 secs] 
2021-05-26T19:54:53.128+0800: 1074244.780: [GC (Allocation Failure) [PSYoungGen: 508576K->9888K(510464K)] 956370K->465892K(1034752K), 0.0473475 secs] [Times: user=0.05 sys=0.05, real=0.05 secs] 
2021-05-26T19:59:30.881+0800: 1074522.533: [GC (Allocation Failure) [PSYoungGen: 506528K->10048K(510464K)] 962532K->474022K(1034752K), 0.0243805 secs] [Times: user=0.08 sys=0.00, real=0.03 secs] 
2021-05-26T20:04:11.227+0800: 1074802.879: [GC (Allocation Failure) [PSYoungGen: 506688K->10496K(510464K)] 970662K->482680K(1034752K), 0.0249428 secs] [Times: user=0.04 sys=0.04, real=0.03 secs] 
2021-05-26T20:08:55.025+0800: 1075086.677: [GC (Allocation Failure) [PSYoungGen: 507136K->11488K(510464K)] 979320K->491130K(1034752K), 0.0250443 secs] [Times: user=0.08 sys=0.00, real=0.02 secs] 
2021-05-26T20:13:36.925+0800: 1075368.577: [GC (Allocation Failure) [PSYoungGen: 508128K->11520K(510976K)] 987770K->500731K(1035264K), 0.0260175 secs] [Times: user=0.03 sys=0.04, real=0.02 secs] 
2021-05-26T20:18:16.636+0800: 1075648.288: [GC (Allocation Failure) [PSYoungGen: 509184K->11136K(510976K)] 998395K->509637K(1035264K), 0.0255495 secs] [Times: user=0.04 sys=0.04, real=0.02 secs] 
2021-05-26T20:22:58.563+0800: 1075930.215: [GC (Allocation Failure) [PSYoungGen: 508800K->11072K(510976K)] 1007301K->518007K(1035264K), 0.0345610 secs] [Times: user=0.03 sys=0.04, real=0.03 secs] 
2021-05-26T20:27:43.406+0800: 1076215.058: [GC (Allocation Failure) [PSYoungGen: 508736K->8864K(510976K)] 1015671K->525176K(1035264K), 0.0240965 secs] [Times: user=0.04 sys=0.04, real=0.02 secs] 
2021-05-26T20:27:43.430+0800: 1076215.082: [Full GC (Ergonomics) [PSYoungGen: 8864K->0K(510976K)] [ParOldGen: 516312K->294365K(524288K)] 525176K->294365K(1035264K), [Metaspace: 96597K->96594K(1138688K)], 0.4999921 secs] [Times: user=1.06 sys=0.00, real=0.50 secs] 
2021-05-26T20:32:24.156+0800: 1076495.808: [GC (Allocation Failure) [PSYoungGen: 497664K->10272K(510976K)] 792029K->304637K(1035264K), 0.0231165 secs] [Times: user=0.02 sys=0.03, real=0.02 secs] 
2021-05-26T20:37:09.311+0800: 1076780.963: [GC (Allocation Failure) [PSYoungGen: 507935K->9856K(510976K)] 802301K->311864K(1035264K), 0.0303060 secs] [Times: user=0.04 sys=0.04, real=0.03 secs] 
2021-05-26T20:41:51.277+0800: 1077062.930: [GC (Allocation Failure) [PSYoungGen: 507520K->10112K(511488K)] 809528K->319194K(1035776K), 0.0298941 secs] [Times: user=0.03 sys=0.04, real=0.03 secs] 
2021-05-26T20:46:33.763+0800: 1077345.415: [GC (Allocation Failure) [PSYoungGen: 508288K->12480K(510976K)] 817370K->329597K(1035264K), 0.0687136 secs] [Times: user=0.05 sys=0.05, real=0.06 secs] 
2021-05-26T20:51:17.065+0800: 1077628.717: [GC (Allocation Failure) [PSYoungGen: 510656K->10048K(510976K)] 827773K->336990K(1035264K), 0.0419007 secs] [Times: user=0.11 sys=0.00, real=0.04 secs] 
2021-05-26T20:55:57.466+0800: 1077909.118: [GC (Allocation Failure) [PSYoungGen: 507712K->10656K(510976K)] 834654K->345353K(1035264K), 0.0276885 secs] [Times: user=0.04 sys=0.05, real=0.03 secs] 
2021-05-26T21:00:39.895+0800: 1078191.547: [GC (Allocation Failure) [PSYoungGen: 508320K->9056K(510976K)] 843017K->352706K(1035264K), 0.0283338 secs] [Times: user=0.04 sys=0.05, real=0.03 secs] 
2021-05-26T21:05:21.602+0800: 1078473.255: [GC (Allocation Failure) [PSYoungGen: 506720K->8608K(510976K)] 850370K->359510K(1035264K), 0.0260588 secs] [Times: user=0.04 sys=0.03, real=0.02 secs] 
2021-05-26T21:10:05.002+0800: 1078756.654: [GC (Allocation Failure) [PSYoungGen: 506272K->12032K(509952K)] 857174K->369147K(1034240K), 0.0324450 secs] [Times: user=0.03 sys=0.04, real=0.03 secs] 
2021-05-26T21:14:46.863+0800: 1079038.515: [GC (Allocation Failure) [PSYoungGen: 508672K->8672K(510464K)] 865787K->375356K(1034752K), 0.0240681 secs] [Times: user=0.04 sys=0.04, real=0.02 secs] 
2021-05-26T21:19:24.132+0800: 1079315.784: [GC (Allocation Failure) [PSYoungGen: 505312K->12544K(509440K)] 871996K->385800K(1033728K), 0.0297885 secs] [Times: user=0.03 sys=0.03, real=0.03 secs] 
2021-05-26T21:24:02.563+0800: 1079594.215: [GC (Allocation Failure) [PSYoungGen: 508160K->10976K(509952K)] 881416K->394344K(1034240K), 0.0232479 secs] [Times: user=0.03 sys=0.04, real=0.02 secs] 
2021-05-26T21:28:42.711+0800: 1079874.363: [GC (Allocation Failure) [PSYoungGen: 506592K->10720K(510464K)] 889960K->401788K(1034752K), 0.0277594 secs] [Times: user=0.04 sys=0.05, real=0.03 secs] 
2021-05-26T21:33:24.587+0800: 1080156.239: [GC (Allocation Failure) [PSYoungGen: 507360K->9664K(510464K)] 898428K->409253K(1034752K), 0.0279710 secs] [Times: user=0.04 sys=0.04, real=0.03 secs] 
2021-05-26T21:38:05.683+0800: 1080437.335: [GC (Allocation Failure) [PSYoungGen: 506304K->11264K(510464K)] 905893K->418336K(1034752K), 0.0290551 secs] [Times: user=0.04 sys=0.04, real=0.03 secs] 
2021-05-26T21:42:49.309+0800: 1080720.961: [GC (Allocation Failure) [PSYoungGen: 507904K->11712K(510464K)] 914976K->427915K(1034752K), 0.0342380 secs] [Times: user=0.04 sys=0.05, real=0.04 secs] 
2021-05-26T21:47:31.581+0800: 1081003.233: [GC (Allocation Failure) [PSYoungGen: 508352K->11808K(510464K)] 924555K->437342K(1034752K), 0.0239865 secs] [Times: user=0.04 sys=0.03, real=0.03 secs] 
2021-05-26T21:52:16.961+0800: 1081288.613: [GC (Allocation Failure) [PSYoungGen: 508448K->11328K(510464K)] 933982K->446610K(1034752K), 0.0233175 secs] [Times: user=0.04 sys=0.04, real=0.03 secs] 
2021-05-26T21:57:02.338+0800: 1081573.990: [GC (Allocation Failure) [PSYoungGen: 507968K->11456K(510464K)] 943250K->455126K(1034752K), 0.0287267 secs] [Times: user=0.03 sys=0.05, real=0.03 secs] 
2021-05-26T22:01:44.642+0800: 1081856.294: [GC (Allocation Failure) [PSYoungGen: 508096K->11584K(510464K)] 951766K->463401K(1034752K), 0.0436718 secs] [Times: user=0.04 sys=0.04, real=0.05 secs] 
2021-05-26T22:06:28.161+0800: 1082139.813: [GC (Allocation Failure) [PSYoungGen: 508224K->11648K(510464K)] 960041K->472403K(1034752K), 0.0288086 secs] [Times: user=0.04 sys=0.04, real=0.03 secs] 
2021-05-26T22:11:09.980+0800: 1082421.632: [GC (Allocation Failure) [PSYoungGen: 508288K->10464K(510464K)] 969043K->479559K(1034752K), 0.0253872 secs] [Times: user=0.03 sys=0.04, real=0.03 secs] 
2021-05-26T22:15:49.392+0800: 1082701.044: [GC (Allocation Failure) [PSYoungGen: 507104K->10304K(510976K)] 976199K->487162K(1035264K), 0.0260238 secs] [Times: user=0.03 sys=0.04, real=0.03 secs] 
2021-05-26T22:20:29.357+0800: 1082981.009: [GC (Allocation Failure) [PSYoungGen: 507456K->8992K(510464K)] 984314K->494170K(1034752K), 0.0257809 secs] [Times: user=0.03 sys=0.03, real=0.03 secs] 
2021-05-26T22:25:12.828+0800: 1083264.480: [GC (Allocation Failure) [PSYoungGen: 506144K->12192K(509952K)] 991322K->505325K(1034240K), 0.0304682 secs] [Times: user=0.03 sys=0.05, real=0.03 secs] 
2021-05-26T22:29:55.063+0800: 1083546.715: [GC (Allocation Failure) [PSYoungGen: 508832K->11264K(510464K)] 1001965K->513465K(1034752K), 0.0253338 secs] [Times: user=0.03 sys=0.04, real=0.02 secs] 
2021-05-26T22:34:38.544+0800: 1083830.197: [GC (Allocation Failure) [PSYoungGen: 507904K->11072K(510976K)] 1010105K->523169K(1035264K), 0.0394787 secs] [Times: user=0.04 sys=0.04, real=0.04 secs] 
2021-05-26T22:39:20.549+0800: 1084112.201: [GC (Allocation Failure) [PSYoungGen: 508224K->10240K(510464K)] 1020321K->530524K(1034752K), 0.0251053 secs] [Times: user=0.04 sys=0.03, real=0.03 secs] 
2021-05-26T22:39:20.574+0800: 1084112.226: [Full GC (Ergonomics) [PSYoungGen: 10240K->0K(510464K)] [ParOldGen: 520284K->306495K(524288K)] 530524K->306495K(1034752K), [Metaspace: 96606K->96591K(1138688K)], 0.5355911 secs] [Times: user=1.12 sys=0.00, real=0.53 secs] 
2021-05-26T22:44:01.598+0800: 1084393.250: [GC (Allocation Failure) [PSYoungGen: 497152K->11360K(510976K)] 803647K->317855K(1035264K), 0.0273406 secs] [Times: user=0.03 sys=0.04, real=0.03 secs] 
2021-05-26T22:48:38.549+0800: 1084670.201: [GC (Allocation Failure) [PSYoungGen: 509024K->12960K(510976K)] 815519K->329207K(1035264K), 0.0255666 secs] [Times: user=0.04 sys=0.04, real=0.03 secs] 
2021-05-26T22:53:22.375+0800: 1084954.027: [GC (Allocation Failure) [PSYoungGen: 510624K->12640K(508928K)] 826871K->337947K(1033216K), 0.0366727 secs] [Times: user=0.04 sys=0.04, real=0.03 secs] 
2021-05-26T22:58:03.646+0800: 1085235.298: [GC (Allocation Failure) [PSYoungGen: 508256K->8832K(509952K)] 833563K->344212K(1034240K), 0.0243260 secs] [Times: user=0.04 sys=0.04, real=0.02 secs] 
2021-05-26T23:02:45.216+0800: 1085516.868: [GC (Allocation Failure) [PSYoungGen: 504448K->11808K(509952K)] 839828K->353952K(1034240K), 0.0278288 secs] [Times: user=0.04 sys=0.04, real=0.03 secs] 
2021-05-26T23:07:25.749+0800: 1085797.401: [GC (Allocation Failure) [PSYoungGen: 507424K->11840K(509952K)] 849568K->362690K(1034240K), 0.0248488 secs] [Times: user=0.04 sys=0.04, real=0.03 secs] 
2021-05-26T23:12:08.950+0800: 1086080.602: [GC (Allocation Failure) [PSYoungGen: 507456K->8320K(509952K)] 858306K->369017K(1034240K), 0.0265045 secs] [Times: user=0.04 sys=0.04, real=0.03 secs] 
2021-05-26T23:16:51.239+0800: 1086362.891: [GC (Allocation Failure) [PSYoungGen: 503936K->8544K(509952K)] 864633K->375364K(1034240K), 0.0263610 secs] [Times: user=0.04 sys=0.04, real=0.03 secs] 
2021-05-26T23:21:29.682+0800: 1086641.334: [GC (Allocation Failure) [PSYoungGen: 504160K->12128K(508928K)] 870980K->385201K(1033216K), 0.0292148 secs] [Times: user=0.04 sys=0.04, real=0.03 secs] 
2021-05-26T23:26:09.860+0800: 1086921.513: [GC (Allocation Failure) [PSYoungGen: 506720K->10336K(509440K)] 879793K->394009K(1033728K), 0.0304188 secs] [Times: user=0.04 sys=0.05, real=0.03 secs] 
2021-05-26T23:30:50.453+0800: 1087202.105: [GC (Allocation Failure) [PSYoungGen: 504928K->11584K(509952K)] 888601K->402996K(1034240K), 0.0269882 secs] [Times: user=0.03 sys=0.04, real=0.02 secs] 
2021-05-26T23:35:30.779+0800: 1087482.431: [GC (Allocation Failure) [PSYoungGen: 507200K->10976K(509952K)] 898612K->411502K(1034240K), 0.0352339 secs] [Times: user=0.09 sys=0.00, real=0.04 secs] 
2021-05-26T23:40:14.323+0800: 1087765.975: [GC (Allocation Failure) [PSYoungGen: 506592K->10176K(510464K)] 907118K->419153K(1034752K), 0.0253733 secs] [Times: user=0.04 sys=0.04, real=0.02 secs] 
2021-05-26T23:44:56.184+0800: 1088047.836: [GC (Allocation Failure) [PSYoungGen: 506304K->10496K(509952K)] 915281K->427251K(1034240K), 0.0274682 secs] [Times: user=0.04 sys=0.04, real=0.02 secs] 
2021-05-26T23:49:35.173+0800: 1088326.825: [GC (Allocation Failure) [PSYoungGen: 506624K->10496K(510976K)] 923379K->435925K(1035264K), 0.0249080 secs] [Times: user=0.03 sys=0.03, real=0.02 secs] 
2021-05-26T23:54:15.979+0800: 1088607.631: [GC (Allocation Failure) [PSYoungGen: 507648K->10528K(510464K)] 933077K->444088K(1034752K), 0.0240473 secs] [Times: user=0.04 sys=0.03, real=0.03 secs] 
2021-05-26T23:58:57.748+0800: 1088889.400: [GC (Allocation Failure) [PSYoungGen: 507680K->8416K(510976K)] 941240K->450034K(1035264K), 0.0230465 secs] [Times: user=0.08 sys=0.00, real=0.02 secs] 
2021-05-27T00:03:28.084+0800: 1089159.736: [GC (Allocation Failure) [PSYoungGen: 506080K->11328K(510976K)] 947698K->459207K(1035264K), 0.0712956 secs] [Times: user=0.03 sys=0.03, real=0.07 secs] 
2021-05-27T00:08:06.057+0800: 1089437.709: [GC (Allocation Failure) [PSYoungGen: 508992K->9952K(510976K)] 956871K->467326K(1035264K), 0.0386940 secs] [Times: user=0.04 sys=0.04, real=0.05 secs] 
2021-05-27T00:12:47.918+0800: 1089719.570: [GC (Allocation Failure) [PSYoungGen: 507616K->10720K(510976K)] 964990K->476009K(1035264K), 0.0300154 secs] [Times: user=0.05 sys=0.04, real=0.03 secs] 
2021-05-27T00:17:31.654+0800: 1090003.306: [GC (Allocation Failure) [PSYoungGen: 508384K->10560K(511488K)] 973673K->483995K(1035776K), 0.0261362 secs] [Times: user=0.04 sys=0.04, real=0.02 secs] 
2021-05-27T00:22:17.187+0800: 1090288.839: [GC (Allocation Failure) [PSYoungGen: 508736K->10944K(510976K)] 982171K->491678K(1035264K), 0.0324604 secs] [Times: user=0.05 sys=0.05, real=0.03 secs] 
2021-05-27T00:27:01.371+0800: 1090573.023: [GC (Allocation Failure) [PSYoungGen: 509120K->10176K(511488K)] 989854K->499424K(1035776K), 0.0334969 secs] [Times: user=0.04 sys=0.04, real=0.04 secs] 
2021-05-27T00:31:45.543+0800: 1090857.195: [GC (Allocation Failure) [PSYoungGen: 508864K->8512K(511488K)] 998112K->506034K(1035776K), 0.0272043 secs] [Times: user=0.04 sys=0.03, real=0.02 secs] 
2021-05-27T00:36:25.525+0800: 1091137.177: [GC (Allocation Failure) [PSYoungGen: 507200K->11424K(511488K)] 1004722K->514975K(1035776K), 0.0242426 secs] [Times: user=0.04 sys=0.04, real=0.02 secs] 
2021-05-27T00:41:10.982+0800: 1091422.634: [GC (Allocation Failure) [PSYoungGen: 510112K->8928K(507904K)] 1013663K->522167K(1032192K), 0.0304204 secs] [Times: user=0.05 sys=0.05, real=0.03 secs] 
2021-05-27T00:45:54.455+0800: 1091706.107: [GC (Allocation Failure) [PSYoungGen: 507616K->9504K(511488K)] 1020855K->529186K(1035776K), 0.0337947 secs] [Times: user=0.05 sys=0.05, real=0.03 secs] 
2021-05-27T00:45:54.489+0800: 1091706.141: [Full GC (Ergonomics) [PSYoungGen: 9504K->0K(511488K)] [ParOldGen: 519682K->294369K(524288K)] 529186K->294369K(1035776K), [Metaspace: 96598K->96598K(1138688K)], 0.5239663 secs] [Times: user=1.15 sys=0.00, real=0.53 secs] 
2021-05-27T00:50:36.754+0800: 1091988.406: [GC (Allocation Failure) [PSYoungGen: 498176K->11168K(510976K)] 792545K->305537K(1035264K), 0.0222814 secs] [Times: user=0.03 sys=0.04, real=0.02 secs] 
2021-05-27T00:55:17.090+0800: 1092268.743: [GC (Allocation Failure) [PSYoungGen: 509344K->11296K(510464K)] 803713K->314892K(1034752K), 0.0279706 secs] [Times: user=0.05 sys=0.04, real=0.03 secs] 
2021-05-27T00:59:59.184+0800: 1092550.836: [GC (Allocation Failure) [PSYoungGen: 508960K->11584K(510976K)] 812556K->323607K(1035264K), 0.0242659 secs] [Times: user=0.07 sys=0.00, real=0.02 secs] 
2021-05-27T01:04:35.469+0800: 1092827.121: [GC (Allocation Failure) [PSYoungGen: 509248K->9832K(510976K)] 821271K->331497K(1035264K), 0.0267926 secs] [Times: user=0.03 sys=0.04, real=0.03 secs] 
2021-05-27T01:09:17.848+0800: 1093109.500: [GC (Allocation Failure) [PSYoungGen: 507496K->12032K(510976K)] 829161K->340686K(1035264K), 0.0242179 secs] [Times: user=0.03 sys=0.04, real=0.03 secs] 
2021-05-27T01:14:01.461+0800: 1093393.113: [GC (Allocation Failure) [PSYoungGen: 509696K->10688K(510976K)] 838350K->348462K(1035264K), 0.0274937 secs] [Times: user=0.04 sys=0.04, real=0.03 secs] 
2021-05-27T01:18:44.133+0800: 1093675.785: [GC (Allocation Failure) [PSYoungGen: 508352K->10272K(510976K)] 846126K->355258K(1035264K), 0.0240764 secs] [Times: user=0.03 sys=0.04, real=0.02 secs] 
2021-05-27T01:23:27.223+0800: 1093958.875: [GC (Allocation Failure) [PSYoungGen: 507936K->9344K(510976K)] 852922K->362299K(1035264K), 0.0260210 secs] [Times: user=0.04 sys=0.04, real=0.02 secs] 
2021-05-27T01:28:10.547+0800: 1094242.199: [GC (Allocation Failure) [PSYoungGen: 507008K->10432K(510976K)] 859963K->370949K(1035264K), 0.0275124 secs] [Times: user=0.08 sys=0.00, real=0.03 secs] 
2021-05-27T01:32:53.330+0800: 1094524.983: [GC (Allocation Failure) [PSYoungGen: 508096K->7904K(510464K)] 868613K->376455K(1034752K), 0.0312637 secs] [Times: user=0.09 sys=0.00, real=0.03 secs] 
2021-05-27T01:37:37.100+0800: 1094808.752: [GC (Allocation Failure) [PSYoungGen: 505568K->10272K(510976K)] 874119K->384674K(1035264K), 0.0297282 secs] [Times: user=0.04 sys=0.04, real=0.03 secs] 
2021-05-27T01:42:20.968+0800: 1095092.620: [GC (Allocation Failure) [PSYoungGen: 507936K->12192K(510464K)] 882338K->393646K(1034752K), 0.0255975 secs] [Times: user=0.04 sys=0.04, real=0.03 secs] 
2021-05-27T01:47:05.473+0800: 1095377.125: [GC (Allocation Failure) [PSYoungGen: 509856K->9408K(510976K)] 891310K->400055K(1035264K), 0.0247075 secs] [Times: user=0.03 sys=0.04, real=0.02 secs] 
2021-05-27T01:51:49.618+0800: 1095661.270: [GC (Allocation Failure) [PSYoungGen: 507072K->9216K(510976K)] 897719K->406906K(1035264K), 0.0276158 secs] [Times: user=0.04 sys=0.04, real=0.03 secs] 
2021-05-27T01:56:35.037+0800: 1095946.690: [GC (Allocation Failure) [PSYoungGen: 506880K->9952K(510976K)] 904570K->414924K(1035264K), 0.0262480 secs] [Times: user=0.03 sys=0.03, real=0.03 secs] 
2021-05-27T02:01:18.073+0800: 1096229.725: [GC (Allocation Failure) [PSYoungGen: 507616K->8256K(511488K)] 912588K->421277K(1035776K), 0.0308177 secs] [Times: user=0.03 sys=0.04, real=0.03 secs] 
2021-05-27T02:06:06.969+0800: 1096518.621: [GC (Allocation Failure) [PSYoungGen: 506944K->11552K(510464K)] 919965K->431162K(1034752K), 0.0275223 secs] [Times: user=0.05 sys=0.05, real=0.03 secs] 
2021-05-27T02:10:49.912+0800: 1096801.564: [GC (Allocation Failure) [PSYoungGen: 510240K->11776K(509952K)] 929850K->440684K(1034240K), 0.0300659 secs] [Times: user=0.03 sys=0.04, real=0.04 secs] 
2021-05-27T02:15:33.555+0800: 1097085.207: [GC (Allocation Failure) [PSYoungGen: 508416K->8672K(510464K)] 937324K->446676K(1034752K), 0.0258904 secs] [Times: user=0.04 sys=0.04, real=0.02 secs] 
2021-05-27T02:20:12.634+0800: 1097364.286: [GC (Allocation Failure) [PSYoungGen: 505312K->10784K(510976K)] 943316K->454688K(1035264K), 0.0225416 secs] [Times: user=0.07 sys=0.00, real=0.02 secs] 
2021-05-27T02:24:57.039+0800: 1097648.691: [GC (Allocation Failure) [PSYoungGen: 507936K->9504K(510464K)] 951840K->462042K(1034752K), 0.0272254 secs] [Times: user=0.09 sys=0.00, real=0.03 secs] 
2021-05-27T02:29:40.699+0800: 1097932.351: [GC (Allocation Failure) [PSYoungGen: 506656K->11040K(510976K)] 959194K->471589K(1035264K), 0.0232793 secs] [Times: user=0.07 sys=0.00, real=0.03 secs] 
2021-05-27T02:34:27.109+0800: 1098218.761: [GC (Allocation Failure) [PSYoungGen: 508704K->9376K(510976K)] 969253K->478862K(1035264K), 0.0242913 secs] [Times: user=0.03 sys=0.04, real=0.03 secs] 
2021-05-27T02:39:07.088+0800: 1098498.740: [GC (Allocation Failure) [PSYoungGen: 507040K->11744K(510976K)] 976526K->487826K(1035264K), 0.0307684 secs] [Times: user=0.04 sys=0.04, real=0.03 secs] 
2021-05-27T02:43:47.827+0800: 1098779.479: [GC (Allocation Failure) [PSYoungGen: 509408K->12224K(509952K)] 985490K->497243K(1034240K), 0.0300852 secs] [Times: user=0.04 sys=0.04, real=0.03 secs] 
2021-05-27T02:48:32.336+0800: 1099063.988: [GC (Allocation Failure) [PSYoungGen: 509888K->8768K(510464K)] 994907K->503267K(1034752K), 0.0252140 secs] [Times: user=0.04 sys=0.04, real=0.02 secs] 
2021-05-27T02:53:13.532+0800: 1099345.184: [GC (Allocation Failure) [PSYoungGen: 505408K->11744K(508416K)] 999907K->513247K(1032704K), 0.0297641 secs] [Times: user=0.04 sys=0.04, real=0.03 secs] 
2021-05-27T02:57:58.924+0800: 1099630.576: [GC (Allocation Failure) [PSYoungGen: 508384K->9312K(510464K)] 1009887K->519968K(1034752K), 0.0262336 secs] [Times: user=0.04 sys=0.04, real=0.02 secs] 
2021-05-27T03:02:38.441+0800: 1099910.093: [GC (Allocation Failure) [PSYoungGen: 505440K->12416K(509952K)] 1016096K->529420K(1034240K), 0.0380739 secs] [Times: user=0.04 sys=0.03, real=0.04 secs] 
2021-05-27T03:02:38.479+0800: 1099910.131: [Full GC (Ergonomics) [PSYoungGen: 12416K->0K(509952K)] [ParOldGen: 517004K->303384K(524288K)] 529420K->303384K(1034240K), [Metaspace: 96598K->96598K(1138688K)], 0.5718020 secs] [Times: user=1.53 sys=0.00, real=0.57 secs] 
2021-05-27T03:07:19.356+0800: 1100191.008: [GC (Allocation Failure) [PSYoungGen: 496128K->12448K(508928K)] 799512K->315832K(1033216K), 0.0316769 secs] [Times: user=0.04 sys=0.04, real=0.03 secs] 
2021-05-27T03:11:59.398+0800: 1100471.050: [GC (Allocation Failure) [PSYoungGen: 507040K->10144K(509440K)] 810424K->323370K(1033728K), 0.0448302 secs] [Times: user=0.03 sys=0.04, real=0.05 secs] 
2021-05-27T03:16:41.434+0800: 1100753.086: [GC (Allocation Failure) [PSYoungGen: 504736K->7936K(509952K)] 817962K->328869K(1034240K), 0.0224769 secs] [Times: user=0.07 sys=0.00, real=0.02 secs] 
2021-05-27T03:21:25.053+0800: 1101036.705: [GC (Allocation Failure) [PSYoungGen: 503552K->11360K(509952K)] 824485K->338361K(1034240K), 0.0275839 secs] [Times: user=0.04 sys=0.03, real=0.02 secs] 
2021-05-27T03:26:07.009+0800: 1101318.662: [GC (Allocation Failure) [PSYoungGen: 506976K->10944K(509952K)] 833977K->346588K(1034240K), 0.0274589 secs] [Times: user=0.04 sys=0.04, real=0.03 secs] 
2021-05-27T03:30:46.319+0800: 1101597.971: [GC (Allocation Failure) [PSYoungGen: 506560K->11328K(509952K)] 842204K->355694K(1034240K), 0.0274418 secs] [Times: user=0.09 sys=0.00, real=0.03 secs] 
2021-05-27T03:35:32.218+0800: 1101883.870: [GC (Allocation Failure) [PSYoungGen: 506944K->10720K(510464K)] 851310K->363520K(1034752K), 0.0292066 secs] [Times: user=0.08 sys=0.00, real=0.03 secs] 
2021-05-27T03:40:14.174+0800: 1102165.826: [GC (Allocation Failure) [PSYoungGen: 506848K->10592K(509952K)] 859648K->371465K(1034240K), 0.0310836 secs] [Times: user=0.04 sys=0.04, real=0.03 secs] 
2021-05-27T03:44:52.868+0800: 1102444.520: [GC (Allocation Failure) [PSYoungGen: 506720K->11040K(510976K)] 867593K->379628K(1035264K), 0.0241039 secs] [Times: user=0.04 sys=0.03, real=0.02 secs] 
2021-05-27T03:49:39.984+0800: 1102731.636: [GC (Allocation Failure) [PSYoungGen: 508192K->9408K(510464K)] 876780K->387103K(1034752K), 0.0485622 secs] [Times: user=0.04 sys=0.04, real=0.05 secs] 
2021-05-27T03:54:18.860+0800: 1103010.512: [GC (Allocation Failure) [PSYoungGen: 506560K->12384K(509952K)] 884255K->397354K(1034240K), 0.0234940 secs] [Times: user=0.04 sys=0.04, real=0.03 secs] 
2021-05-27T03:58:59.172+0800: 1103290.824: [GC (Allocation Failure) [PSYoungGen: 509024K->10976K(510464K)] 893994K->404836K(1034752K), 0.0535269 secs] [Times: user=0.04 sys=0.04, real=0.05 secs] 
2021-05-27T04:03:39.784+0800: 1103571.436: [GC (Allocation Failure) [PSYoungGen: 507616K->9504K(510464K)] 901476K->412341K(1034752K), 0.0261314 secs] [Times: user=0.04 sys=0.04, real=0.02 secs] 
2021-05-27T04:08:21.304+0800: 1103852.956: [GC (Allocation Failure) [PSYoungGen: 506144K->10752K(510464K)] 908981K->421295K(1034752K), 0.0270607 secs] [Times: user=0.04 sys=0.04, real=0.02 secs] 
2021-05-27T04:12:59.890+0800: 1104131.542: [GC (Allocation Failure) [PSYoungGen: 507392K->8736K(510976K)] 917935K->426977K(1035264K), 0.0268325 secs] [Times: user=0.04 sys=0.04, real=0.03 secs] 
2021-05-27T04:17:40.523+0800: 1104412.175: [GC (Allocation Failure) [PSYoungGen: 506400K->8768K(510976K)] 924641K->433676K(1035264K), 0.0401847 secs] [Times: user=0.03 sys=0.04, real=0.04 secs] 
2021-05-27T04:22:23.317+0800: 1104694.969: [GC (Allocation Failure) [PSYoungGen: 506432K->10816K(510976K)] 931340K->442079K(1035264K), 0.0271708 secs] [Times: user=0.04 sys=0.04, real=0.03 secs] 
2021-05-27T04:27:09.819+0800: 1104981.471: [GC (Allocation Failure) [PSYoungGen: 508480K->9440K(510976K)] 939743K->449936K(1035264K), 0.0258853 secs] [Times: user=0.04 sys=0.03, real=0.03 secs] 
2021-05-27T04:31:55.772+0800: 1105267.424: [GC (Allocation Failure) [PSYoungGen: 507104K->11200K(510976K)] 947600K->459427K(1035264K), 0.0297711 secs] [Times: user=0.09 sys=0.00, real=0.03 secs] 
2021-05-27T04:36:40.639+0800: 1105552.291: [GC (Allocation Failure) [PSYoungGen: 508864K->9888K(510976K)] 957091K->466589K(1035264K), 0.0574800 secs] [Times: user=0.04 sys=0.04, real=0.06 secs] 
2021-05-27T04:41:21.806+0800: 1105833.458: [GC (Allocation Failure) [PSYoungGen: 507552K->11968K(510976K)] 964253K->476121K(1035264K), 0.0351725 secs] [Times: user=0.04 sys=0.04, real=0.03 secs] 
2021-05-27T04:45:57.971+0800: 1106109.623: [GC (Allocation Failure) [PSYoungGen: 509632K->9952K(510976K)] 973785K->483338K(1035264K), 0.0274466 secs] [Times: user=0.04 sys=0.04, real=0.03 secs] 
2021-05-27T04:50:41.210+0800: 1106392.863: [GC (Allocation Failure) [PSYoungGen: 507616K->11872K(509952K)] 981002K->491868K(1034240K), 0.0361137 secs] [Times: user=0.05 sys=0.05, real=0.04 secs] 
2021-05-27T04:55:25.357+0800: 1106677.009: [GC (Allocation Failure) [PSYoungGen: 508512K->10048K(510464K)] 988508K->498069K(1034752K), 0.0268252 secs] [Times: user=0.04 sys=0.04, real=0.03 secs] 
2021-05-27T05:00:09.475+0800: 1106961.127: [GC (Allocation Failure) [PSYoungGen: 506647K->10816K(510976K)] 994669K->506145K(1035264K), 0.0254511 secs] [Times: user=0.08 sys=0.00, real=0.02 secs] 
2021-05-27T05:04:48.634+0800: 1107240.287: [GC (Allocation Failure) [PSYoungGen: 508480K->11776K(510976K)] 1003809K->515563K(1035264K), 0.0319780 secs] [Times: user=0.04 sys=0.04, real=0.03 secs] 
2021-05-27T05:09:40.070+0800: 1107531.722: [GC (Allocation Failure) [PSYoungGen: 509440K->13280K(502784K)] 1013227K->526157K(1027072K), 0.0390448 secs] [Times: user=0.11 sys=0.00, real=0.04 secs] 
2021-05-27T05:14:29.421+0800: 1107821.073: [GC (Allocation Failure) [PSYoungGen: 502752K->13504K(506880K)] 1015629K->537312K(1031168K), 0.0566493 secs] [Times: user=0.05 sys=0.05, real=0.06 secs] 
2021-05-27T05:14:29.478+0800: 1107821.130: [Full GC (Ergonomics) [PSYoungGen: 13504K->0K(506880K)] [ParOldGen: 523808K->303960K(524288K)] 537312K->303960K(1031168K), [Metaspace: 96614K->96614K(1138688K)], 0.5815166 secs] [Times: user=1.20 sys=0.00, real=0.58 secs] 
2021-05-27T05:19:21.983+0800: 1108113.635: [GC (Allocation Failure) [PSYoungGen: 489472K->15040K(504832K)] 793432K->319000K(1029120K), 0.0302648 secs] [Times: user=0.04 sys=0.04, real=0.03 secs] 
2021-05-27T05:24:05.291+0800: 1108396.943: [GC (Allocation Failure) [PSYoungGen: 502464K->11104K(505856K)] 806424K->326953K(1030144K), 0.0272560 secs] [Times: user=0.04 sys=0.04, real=0.03 secs] 
2021-05-27T05:28:57.021+0800: 1108688.673: [GC (Allocation Failure) [PSYoungGen: 498528K->12000K(506880K)] 814377K->335734K(1031168K), 0.0290037 secs] [Times: user=0.03 sys=0.04, real=0.03 secs] 
2021-05-27T05:33:47.259+0800: 1108978.912: [GC (Allocation Failure) [PSYoungGen: 500960K->11104K(506368K)] 824694K->344980K(1030656K), 0.0378878 secs] [Times: user=0.05 sys=0.05, real=0.04 secs] 
2021-05-27T05:38:34.503+0800: 1109266.155: [GC (Allocation Failure) [PSYoungGen: 500064K->12288K(507904K)] 833940K->353960K(1032192K), 0.0532183 secs] [Times: user=0.04 sys=0.05, real=0.05 secs] 
2021-05-27T05:43:27.143+0800: 1109558.795: [GC (Allocation Failure) [PSYoungGen: 503296K->12256K(507392K)] 844968K->363658K(1031680K), 0.0289851 secs] [Times: user=0.04 sys=0.04, real=0.02 secs] 
2021-05-27T05:48:15.251+0800: 1109846.903: [GC (Allocation Failure) [PSYoungGen: 503264K->10464K(507904K)] 854666K->370724K(1032192K), 0.0344784 secs] [Times: user=0.10 sys=0.00, real=0.04 secs] 
2021-05-27T05:53:05.672+0800: 1110137.324: [GC (Allocation Failure) [PSYoungGen: 501984K->12768K(507904K)] 862244K->381327K(1032192K), 0.0280330 secs] [Times: user=0.04 sys=0.04, real=0.03 secs] 
2021-05-27T05:57:58.125+0800: 1110429.777: [GC (Allocation Failure) [PSYoungGen: 504288K->12480K(508416K)] 872847K->388842K(1032704K), 0.0237934 secs] [Times: user=0.04 sys=0.03, real=0.02 secs] 
2021-05-27T06:02:49.718+0800: 1110721.370: [GC (Allocation Failure) [PSYoungGen: 505024K->11808K(508416K)] 881386K->396724K(1032704K), 0.0282225 secs] [Times: user=0.08 sys=0.00, real=0.03 secs] 
2021-05-27T06:07:39.201+0800: 1111010.853: [GC (Allocation Failure) [PSYoungGen: 504352K->12832K(508928K)] 889268K->406527K(1033216K), 0.0339764 secs] [Times: user=0.05 sys=0.05, real=0.04 secs] 
2021-05-27T06:12:29.367+0800: 1111301.019: [GC (Allocation Failure) [PSYoungGen: 506400K->10720K(508928K)] 900095K->413008K(1033216K), 0.0368574 secs] [Times: user=0.04 sys=0.04, real=0.04 secs] 
2021-05-27T06:17:19.226+0800: 1111590.878: [GC (Allocation Failure) [PSYoungGen: 504288K->12064K(508928K)] 906576K->421796K(1033216K), 0.0819300 secs] [Times: user=0.04 sys=0.04, real=0.08 secs] 
2021-05-27T06:22:13.347+0800: 1111884.999: [GC (Allocation Failure) [PSYoungGen: 505632K->11168K(508928K)] 915364K->429230K(1033216K), 0.0311717 secs] [Times: user=0.04 sys=0.05, real=0.03 secs] 
2021-05-27T06:27:00.984+0800: 1112172.636: [GC (Allocation Failure) [PSYoungGen: 504736K->9888K(509440K)] 922798K->436368K(1033728K), 0.0269836 secs] [Times: user=0.04 sys=0.04, real=0.02 secs] 
2021-05-27T06:31:49.483+0800: 1112461.135: [GC (Allocation Failure) [PSYoungGen: 504480K->14816K(509440K)] 930960K->449437K(1033728K), 0.0631527 secs] [Times: user=0.04 sys=0.04, real=0.07 secs] 
2021-05-27T06:36:38.711+0800: 1112750.363: [GC (Allocation Failure) [PSYoungGen: 509407K->10272K(501248K)] 944029K->456014K(1025536K), 0.0325160 secs] [Times: user=0.04 sys=0.05, real=0.04 secs] 
2021-05-27T06:41:24.731+0800: 1113036.383: [GC (Allocation Failure) [PSYoungGen: 496672K->11680K(505344K)] 942414K->466137K(1029632K), 0.0360812 secs] [Times: user=0.04 sys=0.04, real=0.04 secs] 
2021-05-27T06:46:12.241+0800: 1113323.893: [GC (Allocation Failure) [PSYoungGen: 498080K->13024K(506368K)] 952537K->475709K(1030656K), 0.0297237 secs] [Times: user=0.04 sys=0.05, real=0.03 secs] 
2021-05-27T06:51:00.555+0800: 1113612.207: [GC (Allocation Failure) [PSYoungGen: 500960K->12384K(505856K)] 963645K->484279K(1030144K), 0.0255147 secs] [Times: user=0.04 sys=0.04, real=0.02 secs] 
2021-05-27T06:55:49.251+0800: 1113900.903: [GC (Allocation Failure) [PSYoungGen: 500320K->10976K(506880K)] 972215K->491354K(1031168K), 0.0261282 secs] [Times: user=0.04 sys=0.04, real=0.03 secs] 
2021-05-27T07:00:33.477+0800: 1114185.129: [GC (Allocation Failure) [PSYoungGen: 500448K->13184K(506880K)] 980826K->501885K(1031168K), 0.0290421 secs] [Times: user=0.03 sys=0.04, real=0.03 secs] 
2021-05-27T07:05:18.089+0800: 1114469.741: [GC (Allocation Failure) [PSYoungGen: 502656K->13480K(507392K)] 991357K->511793K(1031680K), 0.0807534 secs] [Times: user=0.13 sys=0.14, real=0.08 secs] 
2021-05-27T07:10:09.491+0800: 1114761.143: [GC (Allocation Failure) [PSYoungGen: 503976K->10912K(507392K)] 1002289K->518931K(1031680K), 0.0297678 secs] [Times: user=0.09 sys=0.00, real=0.03 secs] 
2021-05-27T07:15:00.628+0800: 1115052.280: [GC (Allocation Failure) [PSYoungGen: 501408K->11200K(507392K)] 1009427K->527685K(1031680K), 0.0316243 secs] [Times: user=0.08 sys=0.00, real=0.03 secs] 
2021-05-27T07:15:00.661+0800: 1115052.313: [Full GC (Ergonomics) [PSYoungGen: 11200K->0K(507392K)] [ParOldGen: 516485K->300835K(524288K)] 527685K->300835K(1031680K), [Metaspace: 96614K->96614K(1138688K)], 0.5310796 secs] [Times: user=1.18 sys=0.00, real=0.53 secs] 
2021-05-27T07:19:51.584+0800: 1115343.236: [GC (Allocation Failure) [PSYoungGen: 490496K->12032K(507392K)] 791331K->312867K(1031680K), 0.0244816 secs] [Times: user=0.07 sys=0.00, real=0.02 secs] 
2021-05-27T07:24:39.218+0800: 1115630.870: [GC (Allocation Failure) [PSYoungGen: 502528K->13376K(507904K)] 803363K->324181K(1032192K), 0.0282064 secs] [Times: user=0.04 sys=0.04, real=0.03 secs] 
2021-05-27T07:29:26.134+0800: 1115917.787: [GC (Allocation Failure) [PSYoungGen: 504896K->12224K(507904K)] 815701K->332790K(1032192K), 0.0329536 secs] [Times: user=0.04 sys=0.04, real=0.03 secs] 
2021-05-27T07:34:16.348+0800: 1116208.001: [GC (Allocation Failure) [PSYoungGen: 503744K->12000K(508416K)] 824310K->340771K(1032704K), 0.0275272 secs] [Times: user=0.04 sys=0.04, real=0.03 secs] 
2021-05-27T07:39:02.175+0800: 1116493.827: [GC (Allocation Failure) [PSYoungGen: 504544K->13920K(508416K)] 833315K->352071K(1032704K), 0.0403584 secs] [Times: user=0.04 sys=0.05, real=0.04 secs] 
2021-05-27T07:43:55.521+0800: 1116787.173: [GC (Allocation Failure) [PSYoungGen: 506464K->12448K(508416K)] 844615K->360529K(1032704K), 0.0322437 secs] [Times: user=0.04 sys=0.05, real=0.04 secs] 
2021-05-27T07:48:45.625+0800: 1117077.277: [GC (Allocation Failure) [PSYoungGen: 504992K->12608K(508416K)] 853073K->369605K(1032704K), 0.0198141 secs] [Times: user=0.03 sys=0.03, real=0.02 secs] 
2021-05-27T07:53:32.711+0800: 1117364.363: [GC (Allocation Failure) [PSYoungGen: 505152K->13920K(507904K)] 862149K->380226K(1032192K), 0.0313754 secs] [Times: user=0.04 sys=0.04, real=0.04 secs] 
2021-05-27T07:58:24.767+0800: 1117656.419: [GC (Allocation Failure) [PSYoungGen: 506464K->13792K(508416K)] 872770K->390189K(1032704K), 0.0261903 secs] [Times: user=0.03 sys=0.04, real=0.03 secs] 
2021-05-27T08:03:18.631+0800: 1117950.283: [GC (Allocation Failure) [PSYoungGen: 506336K->13504K(508416K)] 882733K->399992K(1032704K), 0.0327676 secs] [Times: user=0.05 sys=0.04, real=0.04 secs] 
2021-05-27T08:08:03.176+0800: 1118234.828: [GC (Allocation Failure) [PSYoungGen: 506048K->14880K(507904K)] 892536K->410292K(1032192K), 0.0371121 secs] [Times: user=0.05 sys=0.06, real=0.04 secs] 
2021-05-27T08:12:51.152+0800: 1118522.804: [GC (Allocation Failure) [PSYoungGen: 507424K->13664K(507904K)] 902836K->418416K(1032192K), 0.0291719 secs] [Times: user=0.05 sys=0.04, real=0.02 secs] 
2021-05-27T08:17:42.080+0800: 1118813.732: [GC (Allocation Failure) [PSYoungGen: 505184K->12128K(507904K)] 909936K->426651K(1032192K), 0.0602102 secs] [Times: user=0.08 sys=0.09, real=0.06 secs] 
2021-05-27T08:22:31.164+0800: 1119102.816: [GC (Allocation Failure) [PSYoungGen: 503648K->12224K(508416K)] 918171K->435549K(1032704K), 0.0321826 secs] [Times: user=0.09 sys=0.00, real=0.03 secs] 
2021-05-27T08:27:20.683+0800: 1119392.335: [GC (Allocation Failure) [PSYoungGen: 504768K->11648K(508416K)] 928093K->444455K(1032704K), 0.0318598 secs] [Times: user=0.05 sys=0.04, real=0.03 secs] 
2021-05-27T08:32:11.271+0800: 1119682.923: [GC (Allocation Failure) [PSYoungGen: 504192K->13824K(508416K)] 936999K->454419K(1032704K), 0.0309927 secs] [Times: user=0.05 sys=0.05, real=0.03 secs] 
2021-05-27T08:36:57.281+0800: 1119968.933: [GC (Allocation Failure) [PSYoungGen: 506368K->11808K(508416K)] 946963K->462340K(1032704K), 0.0293259 secs] [Times: user=0.05 sys=0.05, real=0.03 secs] 
2021-05-27T08:41:47.045+0800: 1120258.697: [GC (Allocation Failure) [PSYoungGen: 504352K->13888K(508416K)] 954884K->473807K(1032704K), 0.0317697 secs] [Times: user=0.05 sys=0.04, real=0.03 secs] 
2021-05-27T08:46:32.178+0800: 1120543.830: [GC (Allocation Failure) [PSYoungGen: 506432K->12832K(508416K)] 966351K->482536K(1032704K), 0.0384250 secs] [Times: user=0.05 sys=0.05, real=0.04 secs] 
2021-05-27T08:51:18.207+0800: 1120829.859: [GC (Allocation Failure) [PSYoungGen: 505376K->11776K(508416K)] 975080K->491332K(1032704K), 0.0326439 secs] [Times: user=0.09 sys=0.00, real=0.03 secs] 
2021-05-27T08:56:00.531+0800: 1121112.183: [GC (Allocation Failure) [PSYoungGen: 504320K->13664K(508416K)] 983876K->502407K(1032704K), 0.0370219 secs] [Times: user=0.05 sys=0.05, real=0.04 secs] 
2021-05-27T09:00:46.843+0800: 1121398.495: [GC (Allocation Failure) [PSYoungGen: 506208K->11840K(508416K)] 994951K->510443K(1032704K), 0.0341309 secs] [Times: user=0.04 sys=0.04, real=0.03 secs] 
2021-05-27T09:05:39.918+0800: 1121691.570: [GC (Allocation Failure) [PSYoungGen: 504384K->13664K(508416K)] 1002987K->521253K(1032704K), 0.0308119 secs] [Times: user=0.04 sys=0.05, real=0.03 secs] 
2021-05-27T09:10:29.207+0800: 1121980.859: [GC (Allocation Failure) [PSYoungGen: 506208K->11808K(508416K)] 1013797K->528480K(1032704K), 0.0300781 secs] [Times: user=0.05 sys=0.05, real=0.03 secs] 
2021-05-27T09:10:29.238+0800: 1121980.890: [Full GC (Ergonomics) [PSYoungGen: 11808K->0K(508416K)] [ParOldGen: 516672K->306114K(524288K)] 528480K->306114K(1032704K), [Metaspace: 96614K->96614K(1138688K)], 0.5499531 secs] [Times: user=1.17 sys=0.00, real=0.55 secs] 
2021-05-27T09:15:16.863+0800: 1122268.515: [GC (Allocation Failure) [PSYoungGen: 492544K->12096K(508416K)] 798658K->318210K(1032704K), 0.0715019 secs] [Times: user=0.03 sys=0.03, real=0.07 secs] 
2021-05-27T09:20:02.053+0800: 1122553.705: [GC (Allocation Failure) [PSYoungGen: 504640K->12256K(508928K)] 810754K->327805K(1033216K), 0.0322913 secs] [Times: user=0.04 sys=0.04, real=0.03 secs] 
2021-05-27T09:24:51.925+0800: 1122843.577: [GC (Allocation Failure) [PSYoungGen: 505824K->12992K(508928K)] 821373K->337272K(1033216K), 0.0318329 secs] [Times: user=0.04 sys=0.05, real=0.03 secs] 
2021-05-27T09:29:37.253+0800: 1123128.905: [GC (Allocation Failure) [PSYoungGen: 506560K->14368K(508928K)] 830840K->347372K(1033216K), 0.0411051 secs] [Times: user=0.04 sys=0.05, real=0.04 secs] 
2021-05-27T09:34:24.016+0800: 1123415.668: [GC (Allocation Failure) [PSYoungGen: 507936K->12768K(508928K)] 840940K->355911K(1033216K), 0.0312355 secs] [Times: user=0.04 sys=0.05, real=0.03 secs] 
2021-05-27T09:39:14.766+0800: 1123706.418: [GC (Allocation Failure) [PSYoungGen: 506336K->11232K(508928K)] 849479K->364040K(1033216K), 0.0263698 secs] [Times: user=0.04 sys=0.04, real=0.03 secs] 
2021-05-27T09:44:05.180+0800: 1123996.832: [GC (Allocation Failure) [PSYoungGen: 504800K->14176K(507904K)] 857608K->374038K(1032192K), 0.0285074 secs] [Times: user=0.04 sys=0.04, real=0.03 secs] 
2021-05-27T09:49:13.385+0800: 1124305.037: [GC (Allocation Failure) [PSYoungGen: 507744K->5184K(506368K)] 867606K->376265K(1030656K), 0.0283806 secs] [Times: user=0.08 sys=0.00, real=0.03 secs] 
2021-05-27T09:54:19.373+0800: 1124611.025: [GC (Allocation Failure) [PSYoungGen: 495680K->4768K(495616K)] 866761K->379566K(1019904K), 0.0258736 secs] [Times: user=0.03 sys=0.04, real=0.02 secs] 
2021-05-27T09:59:29.955+0800: 1124921.607: [GC (Allocation Failure) [PSYoungGen: 495264K->8352K(506880K)] 870062K->386261K(1031168K), 0.0261120 secs] [Times: user=0.07 sys=0.00, real=0.02 secs] 
2021-05-27T10:04:27.117+0800: 1125218.769: [GC (Allocation Failure) [PSYoungGen: 497824K->12960K(506880K)] 875733K->396819K(1031168K), 0.0295515 secs] [Times: user=0.04 sys=0.04, real=0.03 secs] 
2021-05-27T10:09:20.561+0800: 1125512.213: [GC (Allocation Failure) [PSYoungGen: 502432K->17376K(495616K)] 886291K->411921K(1019904K), 0.0410758 secs] [Times: user=0.04 sys=0.05, real=0.05 secs] 
2021-05-27T10:14:17.735+0800: 1125809.387: [GC (Allocation Failure) [PSYoungGen: 495584K->12704K(501248K)] 890129K->418532K(1025536K), 0.0310918 secs] [Times: user=0.04 sys=0.04, real=0.03 secs] 
2021-05-27T10:19:12.735+0800: 1126104.387: [GC (Allocation Failure) [PSYoungGen: 490912K->9792K(502272K)] 896740K->425652K(1026560K), 0.0248221 secs] [Times: user=0.04 sys=0.04, real=0.02 secs] 
2021-05-27T10:24:03.116+0800: 1126394.768: [GC (Allocation Failure) [PSYoungGen: 490048K->18976K(499712K)] 905908K->441459K(1024000K), 0.0403138 secs] [Times: user=0.04 sys=0.05, real=0.04 secs] 
2021-05-27T10:28:50.973+0800: 1126682.625: [GC (Allocation Failure) [PSYoungGen: 499232K->18304K(499712K)] 921715K->452089K(1024000K), 0.0303268 secs] [Times: user=0.04 sys=0.04, real=0.03 secs] 
2021-05-27T10:33:39.642+0800: 1126971.294: [GC (Allocation Failure) [PSYoungGen: 494464K->14240K(500224K)] 928249K->459772K(1024512K), 0.0402770 secs] [Times: user=0.05 sys=0.05, real=0.05 secs] 
2021-05-27T10:38:18.413+0800: 1127250.065: [GC (Allocation Failure) [PSYoungGen: 490394K->15584K(501248K)] 935926K->472166K(1025536K), 0.0339071 secs] [Times: user=0.04 sys=0.04, real=0.03 secs] 
2021-05-27T10:43:07.816+0800: 1127539.468: [GC (Allocation Failure) [PSYoungGen: 493280K->15840K(500736K)] 949862K->482573K(1025024K), 0.0335838 secs] [Times: user=0.05 sys=0.05, real=0.03 secs] 
2021-05-27T10:48:02.453+0800: 1127834.105: [GC (Allocation Failure) [PSYoungGen: 493536K->16704K(501248K)] 960269K->495154K(1025536K), 0.0296359 secs] [Times: user=0.04 sys=0.04, real=0.03 secs] 
2021-05-27T10:52:52.845+0800: 1128124.497: [GC (Allocation Failure) [PSYoungGen: 494912K->14528K(501248K)] 973362K->504220K(1025536K), 0.0297261 secs] [Times: user=0.04 sys=0.04, real=0.03 secs] 
2021-05-27T10:57:42.709+0800: 1128414.361: [GC (Allocation Failure) [PSYoungGen: 492736K->16640K(501248K)] 982428K->515857K(1025536K), 0.0417127 secs] [Times: user=0.09 sys=0.00, real=0.04 secs] 
2021-05-27T11:02:36.965+0800: 1128708.617: [GC (Allocation Failure) [PSYoungGen: 495872K->13952K(501760K)] 995089K->524715K(1026048K), 0.0320110 secs] [Times: user=0.09 sys=0.00, real=0.03 secs] 
2021-05-27T11:02:36.998+0800: 1128708.650: [Full GC (Ergonomics) [PSYoungGen: 13952K->0K(501760K)] [ParOldGen: 510763K->299347K(524288K)] 524715K->299347K(1026048K), [Metaspace: 96638K->96638K(1138688K)], 0.4399839 secs] [Times: user=0.97 sys=0.00, real=0.44 secs] 
2021-05-27T11:07:32.242+0800: 1129003.894: [GC (Allocation Failure) [PSYoungGen: 479232K->15808K(502784K)] 778579K->315155K(1027072K), 0.0406046 secs] [Times: user=0.04 sys=0.05, real=0.04 secs] 
2021-05-27T11:12:27.315+0800: 1129298.967: [GC (Allocation Failure) [PSYoungGen: 497088K->13824K(502784K)] 796435K->324187K(1027072K), 0.0384135 secs] [Times: user=0.04 sys=0.06, real=0.04 secs] 
2021-05-27T11:17:20.598+0800: 1129592.250: [GC (Allocation Failure) [PSYoungGen: 495104K->16800K(503296K)] 805467K->336208K(1027584K), 0.0324150 secs] [Times: user=0.04 sys=0.04, real=0.03 secs] 
2021-05-27T11:22:17.536+0800: 1129889.188: [GC (Allocation Failure) [PSYoungGen: 499104K->16544K(503296K)] 818512K->345958K(1027584K), 0.0311121 secs] [Times: user=0.04 sys=0.05, real=0.03 secs] 
2021-05-27T11:27:09.053+0800: 1130180.705: [GC (Allocation Failure) [PSYoungGen: 498848K->15104K(503808K)] 828262K->355384K(1028096K), 0.0229718 secs] [Times: user=0.04 sys=0.03, real=0.02 secs] 
2021-05-27T11:32:03.172+0800: 1130474.825: [GC (Allocation Failure) [PSYoungGen: 497920K->13792K(503296K)] 838200K->364572K(1027584K), 0.0282746 secs] [Times: user=0.04 sys=0.04, real=0.02 secs] 
2021-05-27T11:36:58.392+0800: 1130770.044: [GC (Allocation Failure) [PSYoungGen: 496608K->13888K(504320K)] 847388K->374327K(1028608K), 0.0325895 secs] [Times: user=0.10 sys=0.00, real=0.04 secs] 
2021-05-27T11:41:38.926+0800: 1131050.578: [GC (Allocation Failure) [PSYoungGen: 497728K->10560K(503808K)] 858167K->381935K(1028096K), 0.0246849 secs] [Times: user=0.07 sys=0.00, real=0.02 secs] 
2021-05-27T11:46:33.323+0800: 1131344.975: [GC (Allocation Failure) [PSYoungGen: 494400K->7488K(502272K)] 865775K->387319K(1026560K), 0.0217650 secs] [Times: user=0.03 sys=0.03, real=0.02 secs] 
2021-05-27T11:51:14.399+0800: 1131626.051: [GC (Allocation Failure) [PSYoungGen: 489792K->10400K(503296K)] 869623K->395771K(1027584K), 0.0365317 secs] [Times: user=0.03 sys=0.03, real=0.04 secs] 
2021-05-27T11:56:04.495+0800: 1131916.147: [GC (Allocation Failure) [PSYoungGen: 492704K->11104K(503808K)] 878075K->403791K(1028096K), 0.0314854 secs] [Times: user=0.03 sys=0.04, real=0.03 secs] 
2021-05-27T12:01:01.039+0800: 1132212.691: [GC (Allocation Failure) [PSYoungGen: 494432K->5888K(489472K)] 887119K->407781K(1013760K), 0.0291839 secs] [Times: user=0.04 sys=0.03, real=0.03 secs] 
2021-05-27T12:05:58.180+0800: 1132509.832: [GC (Allocation Failure) [PSYoungGen: 489216K->4576K(502272K)] 891109K->410690K(1026560K), 0.0201641 secs] [Times: user=0.04 sys=0.03, real=0.02 secs] 
2021-05-27T12:10:50.165+0800: 1132801.817: [GC (Allocation Failure) [PSYoungGen: 485856K->4992K(502784K)] 891970K->414430K(1027072K), 0.0204669 secs] [Times: user=0.03 sys=0.03, real=0.02 secs] 
2021-05-27T12:15:49.446+0800: 1133101.098: [GC (Allocation Failure) [PSYoungGen: 486272K->5024K(502784K)] 895710K->417581K(1027072K), 0.0187723 secs] [Times: user=0.06 sys=0.00, real=0.02 secs] 
2021-05-27T12:20:48.259+0800: 1133399.911: [GC (Allocation Failure) [PSYoungGen: 486304K->4608K(502784K)] 898861K->420977K(1027072K), 0.0200340 secs] [Times: user=0.03 sys=0.04, real=0.02 secs] 
2021-05-27T12:25:40.790+0800: 1133692.442: [GC (Allocation Failure) [PSYoungGen: 485888K->5344K(503296K)] 902257K->425095K(1027584K), 0.0214919 secs] [Times: user=0.03 sys=0.03, real=0.02 secs] 
2021-05-27T12:30:37.407+0800: 1133989.059: [GC (Allocation Failure) [PSYoungGen: 487136K->8192K(502784K)] 906887K->431828K(1027072K), 0.0237253 secs] [Times: user=0.03 sys=0.03, real=0.02 secs] 
2021-05-27T12:35:29.726+0800: 1134281.378: [GC (Allocation Failure) [PSYoungGen: 489984K->5920K(504832K)] 913620K->436318K(1029120K), 0.0466719 secs] [Times: user=0.06 sys=0.00, real=0.05 secs] 
2021-05-27T12:40:25.049+0800: 1134576.701: [GC (Allocation Failure) [PSYoungGen: 490784K->6816K(504320K)] 921182K->441587K(1028608K), 0.0207397 secs] [Times: user=0.03 sys=0.03, real=0.02 secs] 
2021-05-27T12:45:19.101+0800: 1134870.753: [GC (Allocation Failure) [PSYoungGen: 491680K->6624K(505856K)] 926451K->446733K(1030144K), 0.0221220 secs] [Times: user=0.06 sys=0.00, real=0.03 secs] 
2021-05-27T12:50:15.296+0800: 1135166.948: [GC (Allocation Failure) [PSYoungGen: 493536K->3584K(505344K)] 933645K->448368K(1029632K), 0.0248805 secs] [Times: user=0.07 sys=0.00, real=0.02 secs] 
2021-05-27T12:55:10.359+0800: 1135462.011: [GC (Allocation Failure) [PSYoungGen: 490496K->3552K(506368K)] 935280K->450559K(1030656K), 0.0195149 secs] [Times: user=0.03 sys=0.03, real=0.02 secs] 
2021-05-27T13:00:07.640+0800: 1135759.293: [GC (Allocation Failure) [PSYoungGen: 492000K->3776K(506368K)] 939007K->453029K(1030656K), 0.0183723 secs] [Times: user=0.03 sys=0.03, real=0.02 secs] 
2021-05-27T13:04:58.412+0800: 1136050.064: [GC (Allocation Failure) [PSYoungGen: 492224K->5832K(507392K)] 941477K->457572K(1031680K), 0.0216638 secs] [Times: user=0.03 sys=0.04, real=0.02 secs] 
2021-05-27T13:09:59.360+0800: 1136351.012: [GC (Allocation Failure) [PSYoungGen: 495816K->4448K(506880K)] 947556K->460568K(1031168K), 0.0201923 secs] [Times: user=0.04 sys=0.03, real=0.02 secs] 
2021-05-27T13:14:57.927+0800: 1136649.579: [GC (Allocation Failure) [PSYoungGen: 494432K->3712K(508416K)] 950552K->462478K(1032704K), 0.0291725 secs] [Times: user=0.03 sys=0.04, real=0.03 secs] 
2021-05-27T13:19:55.768+0800: 1136947.420: [GC (Allocation Failure) [PSYoungGen: 495744K->6112K(507904K)] 954510K->467037K(1032192K), 0.0219121 secs] [Times: user=0.02 sys=0.04, real=0.02 secs] 
2021-05-27T13:24:52.297+0800: 1137243.949: [GC (Allocation Failure) [PSYoungGen: 498144K->8576K(509440K)] 959069K->474256K(1033728K), 0.0239219 secs] [Times: user=0.04 sys=0.03, real=0.02 secs] 
2021-05-27T13:29:53.141+0800: 1137544.794: [GC (Allocation Failure) [PSYoungGen: 503168K->7968K(509440K)] 968848K->479322K(1033728K), 0.0265435 secs] [Times: user=0.04 sys=0.04, real=0.03 secs] 
2021-05-27T13:34:54.478+0800: 1137846.130: [GC (Allocation Failure) [PSYoungGen: 502560K->3520K(509952K)] 973914K->480716K(1034240K), 0.0203340 secs] [Times: user=0.03 sys=0.03, real=0.02 secs] 
2021-05-27T13:39:51.054+0800: 1138142.706: [GC (Allocation Failure) [PSYoungGen: 498624K->10528K(505856K)] 975820K->489978K(1030144K), 0.0206866 secs] [Times: user=0.03 sys=0.03, real=0.02 secs] 
2021-05-27T13:44:52.585+0800: 1138444.237: [GC (Allocation Failure) [PSYoungGen: 505632K->5056K(509440K)] 985082K->493767K(1033728K), 0.0244709 secs] [Times: user=0.03 sys=0.03, real=0.02 secs] 
2021-05-27T13:49:44.334+0800: 1138735.986: [GC (Allocation Failure) [PSYoungGen: 499136K->4896K(508928K)] 987847K->497038K(1033216K), 0.0219018 secs] [Times: user=0.03 sys=0.04, real=0.02 secs] 
2021-05-27T13:54:46.586+0800: 1139038.238: [GC (Allocation Failure) [PSYoungGen: 498976K->4864K(510464K)] 991118K->500530K(1034752K), 0.0266801 secs] [Times: user=0.07 sys=0.00, real=0.03 secs] 
2021-05-27T13:59:48.194+0800: 1139339.846: [GC (Allocation Failure) [PSYoungGen: 500992K->4704K(509952K)] 996658K->503824K(1034240K), 0.0198920 secs] [Times: user=0.03 sys=0.03, real=0.02 secs] 
2021-05-27T14:04:49.015+0800: 1139640.667: [GC (Allocation Failure) [PSYoungGen: 500832K->9472K(509952K)] 999952K->511997K(1034240K), 0.0218908 secs] [Times: user=0.04 sys=0.04, real=0.02 secs] 
2021-05-27T14:09:51.129+0800: 1139942.781: [GC (Allocation Failure) [PSYoungGen: 506112K->10176K(506880K)] 1008637K->520735K(1031168K), 0.0240408 secs] [Times: user=0.04 sys=0.04, real=0.03 secs] 
2021-05-27T14:14:50.812+0800: 1140242.464: [GC (Allocation Failure) [PSYoungGen: 506816K->4256K(509952K)] 1017375K->523102K(1034240K), 0.0701599 secs] [Times: user=0.03 sys=0.03, real=0.07 secs] 
2021-05-27T14:14:50.882+0800: 1140242.534: [Full GC (Ergonomics) [PSYoungGen: 4256K->0K(509952K)] [ParOldGen: 518846K->288203K(524288K)] 523102K->288203K(1034240K), [Metaspace: 96662K->96658K(1138688K)], 0.5084168 secs] [Times: user=1.06 sys=0.00, real=0.50 secs] 
2021-05-27T14:19:52.419+0800: 1140544.071: [GC (Allocation Failure) [PSYoungGen: 495616K->7008K(509952K)] 783819K->295211K(1034240K), 0.0191892 secs] [Times: user=0.02 sys=0.03, real=0.02 secs] 
2021-05-27T14:24:54.810+0800: 1140846.462: [GC (Allocation Failure) [PSYoungGen: 502624K->4320K(510976K)] 790827K->298277K(1035264K), 0.0254271 secs] [Times: user=0.02 sys=0.04, real=0.03 secs] 
2021-05-27T14:29:57.921+0800: 1141149.573: [GC (Allocation Failure) [PSYoungGen: 501472K->3360K(510464K)] 795429K->300107K(1034752K), 0.0179866 secs] [Times: user=0.02 sys=0.03, real=0.02 secs] 
2021-05-27T14:35:04.385+0800: 1141456.038: [GC (Allocation Failure) [PSYoungGen: 500512K->4928K(511488K)] 797259K->303665K(1035776K), 0.0193554 secs] [Times: user=0.03 sys=0.04, real=0.02 secs] 
2021-05-27T14:40:05.910+0800: 1141757.562: [GC (Allocation Failure) [PSYoungGen: 503104K->7456K(510976K)] 801841K->309894K(1035264K), 0.0237591 secs] [Times: user=0.03 sys=0.03, real=0.03 secs] 
2021-05-27T14:45:04.493+0800: 1142056.145: [GC (Allocation Failure) [PSYoungGen: 505632K->9600K(510464K)] 808070K->317810K(1034752K), 0.0239622 secs] [Times: user=0.04 sys=0.04, real=0.02 secs] 
2021-05-27T14:50:09.972+0800: 1142361.624: [GC (Allocation Failure) [PSYoungGen: 507264K->5056K(510976K)] 815474K->321569K(1035264K), 0.0319751 secs] [Times: user=0.03 sys=0.03, real=0.04 secs] 
2021-05-27T14:55:14.290+0800: 1142665.942: [GC (Allocation Failure) [PSYoungGen: 502720K->5056K(512000K)] 819233K->325477K(1036288K), 0.0210384 secs] [Times: user=0.02 sys=0.03, real=0.02 secs] 
2021-05-27T15:00:24.071+0800: 1142975.723: [GC (Allocation Failure) [PSYoungGen: 504256K->5120K(511488K)] 824677K->329266K(1035776K), 0.0196769 secs] [Times: user=0.03 sys=0.03, real=0.02 secs] 
2021-05-27T15:05:26.393+0800: 1143278.045: [GC (Allocation Failure) [PSYoungGen: 504320K->5568K(512512K)] 828466K->333399K(1036800K), 0.0719984 secs] [Times: user=0.03 sys=0.03, real=0.07 secs] 
2021-05-27T15:10:25.078+0800: 1143576.730: [GC (Allocation Failure) [PSYoungGen: 505792K->11744K(512000K)] 833623K->343500K(1036288K), 0.0757147 secs] [Times: user=0.07 sys=0.07, real=0.08 secs] 
2021-05-27T15:15:32.475+0800: 1143884.127: [GC (Allocation Failure) [PSYoungGen: 511968K->3424K(507904K)] 843724K->344929K(1032192K), 0.0306169 secs] [Times: user=0.04 sys=0.04, real=0.03 secs] 
2021-05-27T15:20:35.893+0800: 1144187.545: [GC (Allocation Failure) [PSYoungGen: 499040K->3744K(509952K)] 840545K->347095K(1034240K), 0.0232347 secs] [Times: user=0.03 sys=0.03, real=0.02 secs] 
2021-05-27T15:25:41.106+0800: 1144492.758: [GC (Allocation Failure) [PSYoungGen: 499360K->5056K(510464K)] 842711K->350790K(1034752K), 0.0220330 secs] [Times: user=0.06 sys=0.00, real=0.02 secs] 
2021-05-27T15:30:41.313+0800: 1144792.965: [GC (Allocation Failure) [PSYoungGen: 501184K->8192K(509952K)] 846918K->357380K(1034240K), 0.0340423 secs] [Times: user=0.04 sys=0.05, real=0.03 secs] 
2021-05-27T15:35:37.268+0800: 1145088.920: [GC (Allocation Failure) [PSYoungGen: 504320K->7584K(510976K)] 853508K->362830K(1035264K), 0.0236043 secs] [Times: user=0.04 sys=0.04, real=0.02 secs] 
2021-05-27T15:40:40.258+0800: 1145391.910: [GC (Allocation Failure) [PSYoungGen: 504736K->5184K(510464K)] 859982K->366791K(1034752K), 0.0222164 secs] [Times: user=0.03 sys=0.03, real=0.02 secs] 
2021-05-27T15:45:40.938+0800: 1145692.590: [GC (Allocation Failure) [PSYoungGen: 502336K->5440K(512000K)] 863943K->370979K(1036288K), 0.0229947 secs] [Times: user=0.03 sys=0.03, real=0.02 secs] 
2021-05-27T15:50:44.184+0800: 1145995.836: [GC (Allocation Failure) [PSYoungGen: 504640K->6464K(511488K)] 870179K->375720K(1035776K), 0.0292600 secs] [Times: user=0.04 sys=0.04, real=0.03 secs] 
2021-05-27T15:55:51.504+0800: 1146303.156: [GC (Allocation Failure) [PSYoungGen: 505664K->5536K(512512K)] 874920K->380099K(1036800K), 0.0261675 secs] [Times: user=0.04 sys=0.04, real=0.02 secs] 
2021-05-27T16:00:57.601+0800: 1146609.253: [GC (Allocation Failure) [PSYoungGen: 506272K->5984K(512512K)] 880835K->384784K(1036800K), 0.0296900 secs] [Times: user=0.09 sys=0.00, real=0.03 secs] 
2021-05-27T16:05:58.509+0800: 1146910.161: [GC (Allocation Failure) [PSYoungGen: 506720K->7968K(513024K)] 885520K->391380K(1037312K), 0.0273054 secs] [Times: user=0.03 sys=0.04, real=0.03 secs] 
2021-05-27T16:11:08.066+0800: 1147219.718: [GC (Allocation Failure) [PSYoungGen: 509727K->4896K(513024K)] 893140K->394542K(1037312K), 0.0265015 secs] [Times: user=0.03 sys=0.04, real=0.03 secs] 
2021-05-27T16:16:13.264+0800: 1147524.916: [GC (Allocation Failure) [PSYoungGen: 506656K->4576K(513536K)] 896302K->397187K(1037824K), 0.0223119 secs] [Times: user=0.03 sys=0.03, real=0.02 secs] 
2021-05-27T16:21:14.213+0800: 1147825.865: [GC (Allocation Failure) [PSYoungGen: 506848K->4864K(513024K)] 899459K->400568K(1037312K), 0.0200472 secs] [Times: user=0.03 sys=0.03, real=0.02 secs] 
2021-05-27T16:26:22.079+0800: 1148133.731: [GC (Allocation Failure) [PSYoungGen: 507136K->5632K(514048K)] 902840K->404533K(1038336K), 0.0200654 secs] [Times: user=0.06 sys=0.00, real=0.02 secs] 
2021-05-27T16:31:28.996+0800: 1148440.648: [GC (Allocation Failure) [PSYoungGen: 508928K->7712K(513536K)] 907829K->411057K(1037824K), 0.0214783 secs] [Times: user=0.03 sys=0.04, real=0.02 secs] 
2021-05-27T16:36:35.302+0800: 1148746.954: [GC (Allocation Failure) [PSYoungGen: 511008K->9632K(512512K)] 914353K->419477K(1036800K), 0.0222707 secs] [Times: user=0.04 sys=0.04, real=0.02 secs] 
2021-05-27T16:41:37.611+0800: 1149049.263: [GC (Allocation Failure) [PSYoungGen: 511392K->8224K(510464K)] 921237K->425255K(1034752K), 0.0232726 secs] [Times: user=0.03 sys=0.04, real=0.03 secs] 
2021-05-27T16:46:40.200+0800: 1149351.852: [GC (Allocation Failure) [PSYoungGen: 509984K->7296K(513024K)] 927015K->430928K(1037312K), 0.0234031 secs] [Times: user=0.03 sys=0.03, real=0.03 secs] 
2021-05-27T16:51:41.592+0800: 1149653.244: [GC (Allocation Failure) [PSYoungGen: 508544K->8712K(512512K)] 932176K->437979K(1036800K), 0.0255759 secs] [Times: user=0.04 sys=0.04, real=0.03 secs] 
2021-05-27T16:58:34.689+0800: 1150066.342: [GC (Allocation Failure) [PSYoungGen: 509960K->11776K(496128K)] 939227K->459322K(1020416K), 0.0259113 secs] [Times: user=0.04 sys=0.05, real=0.03 secs] 
2021-05-27T17:05:11.585+0800: 1150463.237: [GC (Allocation Failure) [PSYoungGen: 496128K->19936K(504320K)] 943674K->481633K(1028608K), 0.0363966 secs] [Times: user=0.09 sys=0.00, real=0.03 secs] 
2021-05-27T17:11:29.507+0800: 1150841.160: [GC (Allocation Failure) [PSYoungGen: 504288K->19936K(474624K)] 965985K->496389K(998912K), 0.0713269 secs] [Times: user=0.06 sys=0.06, real=0.07 secs] 
2021-05-27T17:16:14.427+0800: 1151126.079: [GC (Allocation Failure) [PSYoungGen: 474592K->8896K(489472K)] 951045K->497628K(1013760K), 0.0238206 secs] [Times: user=0.03 sys=0.05, real=0.02 secs] 
2021-05-27T17:20:53.064+0800: 1151404.716: [GC (Allocation Failure) [PSYoungGen: 463552K->6624K(491520K)] 952284K->502997K(1015808K), 0.0371721 secs] [Times: user=0.04 sys=0.04, real=0.03 secs] 
2021-05-27T17:25:37.879+0800: 1151689.531: [GC (Allocation Failure) [PSYoungGen: 464352K->5024K(490496K)] 960725K->506720K(1014784K), 0.0206158 secs] [Times: user=0.03 sys=0.03, real=0.02 secs] 
2021-05-27T17:30:23.280+0800: 1151974.932: [GC (Allocation Failure) [PSYoungGen: 462752K->5696K(493056K)] 964448K->511092K(1017344K), 0.0592524 secs] [Times: user=0.03 sys=0.03, real=0.06 secs] 
2021-05-27T17:35:10.984+0800: 1152262.636: [GC (Allocation Failure) [PSYoungGen: 466487K->6240K(492032K)] 971884K->516287K(1016320K), 0.0235657 secs] [Times: user=0.06 sys=0.00, real=0.02 secs] 
2021-05-27T17:35:11.008+0800: 1152262.660: [Full GC (Ergonomics) [PSYoungGen: 6240K->0K(492032K)] [ParOldGen: 510047K->288931K(524288K)] 516287K->288931K(1016320K), [Metaspace: 96663K->96663K(1138688K)], 0.4583914 secs] [Times: user=1.01 sys=0.00, real=0.46 secs] 
2021-05-27T17:40:23.319+0800: 1152574.971: [GC (Allocation Failure) [PSYoungGen: 460800K->10880K(496128K)] 749731K->299811K(1020416K), 0.0557370 secs] [Times: user=0.02 sys=0.03, real=0.06 secs] 
2021-05-27T17:45:17.634+0800: 1152869.286: [GC (Allocation Failure) [PSYoungGen: 476800K->8224K(494080K)] 765731K->306403K(1018368K), 0.0269228 secs] [Times: user=0.04 sys=0.04, real=0.02 secs] 
2021-05-27T17:49:46.375+0800: 1153138.027: [GC (Allocation Failure) [PSYoungGen: 474144K->12448K(498176K)] 772323K->316833K(1022464K), 0.0228048 secs] [Times: user=0.03 sys=0.04, real=0.02 secs] 
2021-05-27T17:54:23.417+0800: 1153415.069: [GC (Allocation Failure) [PSYoungGen: 483488K->6560K(497152K)] 787873K->320846K(1021440K), 0.0225730 secs] [Times: user=0.07 sys=0.00, real=0.02 secs] 
2021-05-27T17:58:58.948+0800: 1153690.600: [GC (Allocation Failure) [PSYoungGen: 477600K->7200K(499712K)] 791886K->326754K(1024000K), 0.0268404 secs] [Times: user=0.04 sys=0.04, real=0.03 secs] 
2021-05-27T18:03:35.611+0800: 1153967.263: [GC (Allocation Failure) [PSYoungGen: 481824K->8256K(499200K)] 801378K->333797K(1023488K), 0.0220671 secs] [Times: user=0.03 sys=0.04, real=0.03 secs] 
2021-05-27T18:08:15.433+0800: 1154247.085: [GC (Allocation Failure) [PSYoungGen: 482880K->7488K(501760K)] 808421K->339487K(1026048K), 0.0202939 secs] [Times: user=0.03 sys=0.03, real=0.02 secs] 
2021-05-27T18:12:55.207+0800: 1154526.859: [GC (Allocation Failure) [PSYoungGen: 486208K->8192K(501248K)] 818207K->346378K(1025536K), 0.0305377 secs] [Times: user=0.10 sys=0.00, real=0.03 secs] 
2021-05-27T18:17:35.604+0800: 1154807.256: [GC (Allocation Failure) [PSYoungGen: 486912K->10304K(503808K)] 825098K->354542K(1028096K), 0.0329400 secs] [Times: user=0.04 sys=0.05, real=0.03 secs] 
2021-05-27T18:22:19.570+0800: 1155091.222: [GC (Allocation Failure) [PSYoungGen: 492608K->6944K(502784K)] 836846K->359174K(1027072K), 0.0286187 secs] [Times: user=0.04 sys=0.03, real=0.03 secs] 
2021-05-27T18:26:56.507+0800: 1155368.159: [GC (Allocation Failure) [PSYoungGen: 489248K->11904K(504320K)] 841478K->369010K(1028608K), 0.0360801 secs] [Times: user=0.04 sys=0.05, real=0.04 secs] 
2021-05-27T18:31:42.989+0800: 1155654.641: [GC (Allocation Failure) [PSYoungGen: 496256K->8416K(504320K)] 853362K->374586K(1028608K), 0.0289825 secs] [Times: user=0.04 sys=0.04, real=0.03 secs] 
2021-05-27T18:37:03.476+0800: 1155975.128: [GC (Allocation Failure) [PSYoungGen: 492768K->17504K(501248K)] 858938K->390502K(1025536K), 0.0466181 secs] [Times: user=0.05 sys=0.05, real=0.05 secs] 
2021-05-27T18:41:52.109+0800: 1156263.761: [GC (Allocation Failure) [PSYoungGen: 499808K->19872K(502272K)] 872806K->404148K(1026560K), 0.0471196 secs] [Times: user=0.05 sys=0.06, real=0.05 secs] 
2021-05-27T18:46:41.817+0800: 1156553.469: [GC (Allocation Failure) [PSYoungGen: 502176K->16896K(497152K)] 886452K->412730K(1021440K), 0.0354401 secs] [Times: user=0.04 sys=0.05, real=0.04 secs] 
2021-05-27T18:51:24.247+0800: 1156835.899: [GC (Allocation Failure) [PSYoungGen: 492032K->15872K(499712K)] 887866K->422309K(1024000K), 0.0341138 secs] [Times: user=0.08 sys=0.00, real=0.03 secs] 
2021-05-27T18:56:04.415+0800: 1157116.067: [GC (Allocation Failure) [PSYoungGen: 491008K->19200K(496640K)] 897445K->434612K(1020928K), 0.0562283 secs] [Times: user=0.04 sys=0.05, real=0.05 secs] 
2021-05-27T19:00:48.868+0800: 1157400.520: [GC (Allocation Failure) [PSYoungGen: 491264K->17728K(489984K)] 906676K->444536K(1014272K), 0.0315823 secs] [Times: user=0.04 sys=0.04, real=0.03 secs] 
2021-05-27T19:05:25.179+0800: 1157676.831: [GC (Allocation Failure) [PSYoungGen: 489792K->18728K(496640K)] 916600K->456964K(1020928K), 0.0311021 secs] [Times: user=0.03 sys=0.04, real=0.03 secs] 
2021-05-27T19:10:04.305+0800: 1157955.957: [GC (Allocation Failure) [PSYoungGen: 488744K->16384K(497152K)] 926980K->465080K(1021440K), 0.0326723 secs] [Times: user=0.04 sys=0.05, real=0.03 secs] 
2021-05-27T19:14:39.815+0800: 1158231.467: [GC (Allocation Failure) [PSYoungGen: 486400K->19424K(495616K)] 935096K->478734K(1019904K), 0.0398756 secs] [Times: user=0.04 sys=0.05, real=0.04 secs] 
2021-05-27T19:19:19.733+0800: 1158511.385: [GC (Allocation Failure) [PSYoungGen: 488416K->20160K(489472K)] 947726K->491010K(1013760K), 0.0481623 secs] [Times: user=0.04 sys=0.04, real=0.04 secs] 
2021-05-27T19:23:58.709+0800: 1158790.361: [GC (Allocation Failure) [PSYoungGen: 489152K->17568K(496128K)] 960002K->497808K(1020416K), 0.0358676 secs] [Times: user=0.04 sys=0.05, real=0.04 secs] 
2021-05-27T19:28:38.278+0800: 1159069.930: [GC (Allocation Failure) [PSYoungGen: 485536K->16480K(496128K)] 965776K->507125K(1020416K), 0.0321077 secs] [Times: user=0.08 sys=0.00, real=0.03 secs] 
2021-05-27T19:33:16.367+0800: 1159348.019: [GC (Allocation Failure) [PSYoungGen: 484448K->19104K(497152K)] 975093K->520186K(1021440K), 0.0356294 secs] [Times: user=0.09 sys=0.00, real=0.04 secs] 
2021-05-27T19:38:00.862+0800: 1159632.515: [GC (Allocation Failure) [PSYoungGen: 489120K->17920K(497152K)] 990202K->530265K(1021440K), 0.0339995 secs] [Times: user=0.04 sys=0.05, real=0.03 secs] 
2021-05-27T19:38:00.897+0800: 1159632.549: [Full GC (Ergonomics) [PSYoungGen: 17920K->0K(497152K)] [ParOldGen: 512345K->320274K(524288K)] 530265K->320274K(1021440K), [Metaspace: 96752K->96748K(1138688K)], 0.5314570 secs] [Times: user=1.19 sys=0.00, real=0.53 secs] 
2021-05-27T19:42:36.940+0800: 1159908.592: [GC (Allocation Failure) [PSYoungGen: 470016K->19328K(497152K)] 790290K->339602K(1021440K), 0.0285454 secs] [Times: user=0.04 sys=0.04, real=0.03 secs] 
2021-05-27T19:47:19.788+0800: 1160191.440: [GC (Allocation Failure) [PSYoungGen: 489344K->16384K(497152K)] 809618K->348559K(1021440K), 0.0299556 secs] [Times: user=0.04 sys=0.04, real=0.03 secs] 
2021-05-27T19:52:00.228+0800: 1160471.880: [GC (Allocation Failure) [PSYoungGen: 486400K->20192K(497152K)] 818575K->361693K(1021440K), 0.0474250 secs] [Times: user=0.04 sys=0.05, real=0.05 secs] 
2021-05-27T19:56:44.870+0800: 1160756.522: [GC (Allocation Failure) [PSYoungGen: 491232K->16832K(497664K)] 832733K->369210K(1021952K), 0.0641038 secs] [Times: user=0.10 sys=0.00, real=0.07 secs] 
2021-05-27T20:01:25.560+0800: 1161037.212: [GC (Allocation Failure) [PSYoungGen: 487872K->16384K(499712K)] 840250K->380390K(1024000K), 0.0280743 secs] [Times: user=0.08 sys=0.00, real=0.03 secs] 
2021-05-27T20:06:08.871+0800: 1161320.523: [GC (Allocation Failure) [PSYoungGen: 490496K->17664K(498688K)] 854502K->392763K(1022976K), 0.0573365 secs] [Times: user=0.05 sys=0.05, real=0.06 secs] 
2021-05-27T20:10:51.795+0800: 1161603.447: [GC (Allocation Failure) [PSYoungGen: 491776K->17536K(500224K)] 866875K->402634K(1024512K), 0.0288672 secs] [Times: user=0.04 sys=0.05, real=0.03 secs] 
2021-05-27T20:15:36.850+0800: 1161888.502: [GC (Allocation Failure) [PSYoungGen: 493696K->18592K(500224K)] 878794K->415023K(1024512K), 0.0343760 secs] [Times: user=0.04 sys=0.04, real=0.04 secs] 
2021-05-27T20:20:20.203+0800: 1162171.855: [GC (Allocation Failure) [PSYoungGen: 494752K->19488K(499712K)] 891183K->425973K(1024000K), 0.0344695 secs] [Times: user=0.04 sys=0.05, real=0.03 secs] 
2021-05-27T20:25:06.027+0800: 1162457.679: [GC (Allocation Failure) [PSYoungGen: 495648K->20288K(496640K)] 902133K->439140K(1020928K), 0.0323037 secs] [Times: user=0.04 sys=0.04, real=0.03 secs] 
2021-05-27T20:29:50.870+0800: 1162742.522: [GC (Allocation Failure) [PSYoungGen: 496448K->16512K(500224K)] 915300K->448762K(1024512K), 0.0840439 secs] [Times: user=0.05 sys=0.04, real=0.09 secs] 
2021-05-27T20:34:34.970+0800: 1163026.622: [GC (Allocation Failure) [PSYoungGen: 492160K->17792K(499712K)] 924410K->460046K(1024000K), 0.0327412 secs] [Times: user=0.04 sys=0.05, real=0.04 secs] 
2021-05-27T20:39:16.483+0800: 1163308.135: [GC (Allocation Failure) [PSYoungGen: 493440K->18880K(500736K)] 935694K->470851K(1025024K), 0.0327886 secs] [Times: user=0.04 sys=0.04, real=0.03 secs] 
2021-05-27T20:44:01.485+0800: 1163593.137: [GC (Allocation Failure) [PSYoungGen: 496064K->19040K(500736K)] 948035K->482097K(1025024K), 0.0322161 secs] [Times: user=0.04 sys=0.04, real=0.03 secs] 
2021-05-27T20:48:44.723+0800: 1163876.375: [GC (Allocation Failure) [PSYoungGen: 496224K->19456K(500736K)] 959281K->493671K(1025024K), 0.0457302 secs] [Times: user=0.11 sys=0.00, real=0.04 secs] 
2021-05-27T20:53:29.789+0800: 1164161.441: [GC (Allocation Failure) [PSYoungGen: 496640K->18048K(500736K)] 970855K->503412K(1025024K), 0.0317071 secs] [Times: user=0.08 sys=0.00, real=0.03 secs] 
2021-05-27T20:58:15.470+0800: 1164447.122: [GC (Allocation Failure) [PSYoungGen: 495232K->17920K(501760K)] 980596K->513327K(1026048K), 0.0329094 secs] [Times: user=0.04 sys=0.04, real=0.04 secs] 
2021-05-27T21:03:00.859+0800: 1164732.511: [GC (Allocation Failure) [PSYoungGen: 496640K->18688K(501248K)] 992047K->524021K(1025536K), 0.0328550 secs] [Times: user=0.08 sys=0.00, real=0.04 secs] 
2021-05-27T21:07:46.701+0800: 1165018.353: [GC (Allocation Failure) [PSYoungGen: 497408K->18720K(502272K)] 1002741K->533964K(1026560K), 0.0334985 secs] [Times: user=0.04 sys=0.04, real=0.04 secs] 
2021-05-27T21:07:46.735+0800: 1165018.387: [Full GC (Ergonomics) [PSYoungGen: 18720K->0K(502272K)] [ParOldGen: 515244K->305180K(524288K)] 533964K->305180K(1026560K), [Metaspace: 96754K->96750K(1138688K)], 0.4647439 secs] [Times: user=1.06 sys=0.00, real=0.46 secs] 
2021-05-27T21:12:32.442+0800: 1165304.094: [GC (Allocation Failure) [PSYoungGen: 479744K->16896K(501760K)] 784924K->322076K(1026048K), 0.0285194 secs] [Times: user=0.03 sys=0.04, real=0.02 secs] 
2021-05-27T21:17:20.470+0800: 1165592.122: [GC (Allocation Failure) [PSYoungGen: 496633K->16960K(502272K)] 801813K->332184K(1026560K), 0.0333893 secs] [Times: user=0.04 sys=0.04, real=0.04 secs] 
2021-05-27T21:22:05.051+0800: 1165876.703: [GC (Allocation Failure) [PSYoungGen: 497216K->19744K(502272K)] 812440K->344703K(1026560K), 0.0377737 secs] [Times: user=0.04 sys=0.05, real=0.04 secs] 
2021-05-27T21:26:51.307+0800: 1166162.959: [GC (Allocation Failure) [PSYoungGen: 500000K->18976K(502272K)] 824959K->355470K(1026560K), 0.0315482 secs] [Times: user=0.04 sys=0.04, real=0.03 secs] 
2021-05-27T21:31:37.623+0800: 1166449.275: [GC (Allocation Failure) [PSYoungGen: 499232K->18912K(502272K)] 835726K->366939K(1026560K), 0.0323756 secs] [Times: user=0.03 sys=0.05, real=0.03 secs] 
2021-05-27T21:36:20.910+0800: 1166732.562: [GC (Allocation Failure) [PSYoungGen: 499168K->19200K(502272K)] 847195K->378729K(1026560K), 0.0305840 secs] [Times: user=0.03 sys=0.04, real=0.03 secs] 
2021-05-27T21:41:07.995+0800: 1167019.647: [GC (Allocation Failure) [PSYoungGen: 499456K->19360K(502272K)] 858985K->390199K(1026560K), 0.0409065 secs] [Times: user=0.04 sys=0.06, real=0.04 secs] 
2021-05-27T21:45:52.508+0800: 1167304.160: [GC (Allocation Failure) [PSYoungGen: 499616K->19904K(502272K)] 870455K->401782K(1026560K), 0.0357309 secs] [Times: user=0.03 sys=0.04, real=0.04 secs] 
2021-05-27T21:50:35.257+0800: 1167586.909: [GC (Allocation Failure) [PSYoungGen: 500160K->19872K(500224K)] 882038K->412698K(1024512K), 0.0397252 secs] [Times: user=0.05 sys=0.05, real=0.04 secs] 
2021-05-27T21:55:23.834+0800: 1167875.486: [GC (Allocation Failure) [PSYoungGen: 500128K->17440K(502272K)] 892954K->421984K(1026560K), 0.0286454 secs] [Times: user=0.04 sys=0.04, real=0.03 secs] 
2021-05-27T22:00:08.889+0800: 1168160.541: [GC (Allocation Failure) [PSYoungGen: 497184K->17056K(501760K)] 901728K->433229K(1026048K), 0.0308898 secs] [Times: user=0.04 sys=0.04, real=0.03 secs] 
2021-05-27T22:04:54.738+0800: 1168446.390: [GC (Allocation Failure) [PSYoungGen: 496800K->17216K(502272K)] 912973K->444754K(1026560K), 0.0332268 secs] [Times: user=0.04 sys=0.04, real=0.03 secs] 
2021-05-27T22:09:37.631+0800: 1168729.283: [GC (Allocation Failure) [PSYoungGen: 497472K->18080K(502272K)] 925010K->456199K(1026560K), 0.0328165 secs] [Times: user=0.05 sys=0.05, real=0.04 secs] 
2021-05-27T22:14:18.049+0800: 1169009.702: [GC (Allocation Failure) [PSYoungGen: 498336K->20704K(500736K)] 936455K->470118K(1025024K), 0.0333787 secs] [Times: user=0.04 sys=0.05, real=0.04 secs] 
2021-05-27T22:19:02.742+0800: 1169294.394: [GC (Allocation Failure) [PSYoungGen: 499936K->18880K(501760K)] 949350K->480420K(1026048K), 0.0308035 secs] [Times: user=0.04 sys=0.04, real=0.03 secs] 
2021-05-27T22:23:42.966+0800: 1169574.618: [GC (Allocation Failure) [PSYoungGen: 498112K->17504K(502272K)] 959652K->491055K(1026560K), 0.0373511 secs] [Times: user=0.04 sys=0.04, real=0.04 secs] 
2021-05-27T22:28:27.004+0800: 1169858.656: [GC (Allocation Failure) [PSYoungGen: 497760K->18592K(502272K)] 971311K->501613K(1026560K), 0.0298252 secs] [Times: user=0.04 sys=0.04, real=0.03 secs] 
2021-05-27T22:33:08.225+0800: 1170139.877: [GC (Allocation Failure) [PSYoungGen: 498848K->18688K(502784K)] 981869K->513354K(1027072K), 0.0344050 secs] [Times: user=0.04 sys=0.05, real=0.03 secs] 
2021-05-27T22:37:54.182+0800: 1170425.834: [GC (Allocation Failure) [PSYoungGen: 499968K->17536K(502784K)] 994634K->523495K(1027072K), 0.0361094 secs] [Times: user=0.06 sys=0.05, real=0.04 secs] 
2021-05-27T22:42:42.991+0800: 1170714.643: [GC (Allocation Failure) [PSYoungGen: 498815K->19584K(502784K)] 1004775K->536653K(1027072K), 0.0597989 secs] [Times: user=0.05 sys=0.06, real=0.06 secs] 
2021-05-27T22:42:43.051+0800: 1170714.703: [Full GC (Ergonomics) [PSYoungGen: 19584K->0K(502784K)] [ParOldGen: 517069K->317581K(524288K)] 536653K->317581K(1027072K), [Metaspace: 96756K->96752K(1138688K)], 0.4432528 secs] [Times: user=1.01 sys=0.00, real=0.45 secs] 
2021-05-27T22:47:25.401+0800: 1170997.053: [GC (Allocation Failure) [PSYoungGen: 481280K->18080K(502784K)] 798861K->335661K(1027072K), 0.0373838 secs] [Times: user=0.04 sys=0.05, real=0.04 secs] 
2021-05-27T22:52:11.078+0800: 1171282.730: [GC (Allocation Failure) [PSYoungGen: 499360K->17888K(503296K)] 816941K->346856K(1027584K), 0.0364199 secs] [Times: user=0.04 sys=0.05, real=0.04 secs] 
2021-05-27T22:56:54.118+0800: 1171565.770: [GC (Allocation Failure) [PSYoungGen: 499680K->19488K(502784K)] 828648K->358398K(1027072K), 0.0298420 secs] [Times: user=0.04 sys=0.04, real=0.03 secs] 
2021-05-27T23:01:39.474+0800: 1171851.126: [GC (Allocation Failure) [PSYoungGen: 501280K->17184K(502784K)] 840190K->367946K(1027072K), 0.0307121 secs] [Times: user=0.04 sys=0.04, real=0.03 secs] 
2021-05-27T23:06:13.838+0800: 1172125.490: [GC (Allocation Failure) [PSYoungGen: 498464K->19390K(502784K)] 849226K->379206K(1027072K), 0.0359656 secs] [Times: user=0.03 sys=0.04, real=0.04 secs] 
2021-05-27T23:10:51.862+0800: 1172403.514: [GC (Allocation Failure) [PSYoungGen: 500670K->19360K(502784K)] 860486K->390394K(1027072K), 0.0334348 secs] [Times: user=0.09 sys=0.00, real=0.04 secs] 
2021-05-27T23:12:18.415+0800: 1172490.067: [GC (Allocation Failure) [PSYoungGen: 499880K->9621K(491008K)] 870915K->392847K(1015296K), 0.0259060 secs] [Times: user=0.03 sys=0.04, real=0.02 secs] 
2021-05-27T23:13:20.297+0800: 1172551.949: [GC (Allocation Failure) [PSYoungGen: 490633K->4736K(497664K)] 873858K->395443K(1021952K), 0.0261407 secs] [Times: user=0.03 sys=0.03, real=0.03 secs] 
2021-05-27T23:14:23.865+0800: 1172615.517: [GC (Allocation Failure) [PSYoungGen: 479872K->4928K(480256K)] 870579K->399688K(1004544K), 0.0501336 secs] [Times: user=0.02 sys=0.02, real=0.05 secs] 
2021-05-27T23:15:28.788+0800: 1172680.440: [GC (Allocation Failure) [PSYoungGen: 479849K->4448K(496640K)] 874609K->403355K(1020928K), 0.0158165 secs] [Times: user=0.02 sys=0.03, real=0.02 secs] 
2021-05-27T23:16:31.513+0800: 1172743.165: [GC (Allocation Failure) [PSYoungGen: 475488K->6432K(497664K)] 874395K->409078K(1021952K), 0.0185749 secs] [Times: user=0.03 sys=0.03, real=0.02 secs] 
2021-05-27T23:17:34.065+0800: 1172805.717: [GC (Allocation Failure) [PSYoungGen: 477255K->4807K(497664K)] 879902K->413366K(1021952K), 0.0194712 secs] [Times: user=0.05 sys=0.00, real=0.02 secs] 
2021-05-27T23:18:35.547+0800: 1172867.199: [GC (Allocation Failure) [PSYoungGen: 475323K->3808K(497664K)] 883882K->415524K(1021952K), 0.0154275 secs] [Times: user=0.04 sys=0.00, real=0.02 secs] 
2021-05-27T23:19:36.738+0800: 1172928.390: [GC (Allocation Failure) [PSYoungGen: 474848K->5248K(497664K)] 886564K->420136K(1021952K), 0.0176734 secs] [Times: user=0.02 sys=0.02, real=0.02 secs] 
2021-05-27T23:20:39.649+0800: 1172991.301: [GC (Allocation Failure) [PSYoungGen: 476288K->6144K(497664K)] 891176K->425659K(1021952K), 0.0178833 secs] [Times: user=0.03 sys=0.03, real=0.02 secs] 
2021-05-27T23:21:43.808+0800: 1173055.460: [GC (Allocation Failure) [PSYoungGen: 476594K->5095K(499200K)] 896109K->430219K(1023488K), 0.0158866 secs] [Times: user=0.04 sys=0.00, real=0.02 secs] 
2021-05-27T23:25:27.434+0800: 1173279.086: [GC (Allocation Failure) [PSYoungGen: 478695K->14464K(498688K)] 903819K->442898K(1022976K), 0.0344622 secs] [Times: user=0.03 sys=0.03, real=0.03 secs] 
2021-05-27T23:30:04.049+0800: 1173555.702: [GC (Allocation Failure) [PSYoungGen: 488064K->17728K(496128K)] 916498K->455679K(1020416K), 0.0333025 secs] [Times: user=0.04 sys=0.05, real=0.04 secs] 
2021-05-27T23:34:43.928+0800: 1173835.580: [GC (Allocation Failure) [PSYoungGen: 488768K->19232K(490496K)] 926719K->467596K(1014784K), 0.0335739 secs] [Times: user=0.04 sys=0.04, real=0.03 secs] 
2021-05-27T23:39:23.740+0800: 1174115.392: [GC (Allocation Failure) [PSYoungGen: 490272K->17024K(496128K)] 938636K->475545K(1020416K), 0.0385038 secs] [Times: user=0.07 sys=0.00, real=0.04 secs] 
2021-05-27T23:44:00.312+0800: 1174391.964: [GC (Allocation Failure) [PSYoungGen: 484992K->19488K(487936K)] 943513K->487950K(1012224K), 0.0318456 secs] [Times: user=0.04 sys=0.04, real=0.04 secs] 
2021-05-27T23:48:35.689+0800: 1174667.341: [GC (Allocation Failure) [PSYoungGen: 487456K->18240K(494080K)] 955918K->497210K(1018368K), 0.0375780 secs] [Times: user=0.10 sys=0.00, real=0.04 secs] 
2021-05-27T23:53:11.114+0800: 1174942.766: [GC (Allocation Failure) [PSYoungGen: 483136K->15776K(494592K)] 962106K->505863K(1018880K), 0.0340585 secs] [Times: user=0.04 sys=0.05, real=0.03 secs] 
2021-05-27T23:57:48.577+0800: 1175220.229: [GC (Allocation Failure) [PSYoungGen: 480672K->18560K(494592K)] 970759K->518836K(1018880K), 0.0395738 secs] [Times: user=0.04 sys=0.04, real=0.04 secs] 
2021-05-28T00:02:04.373+0800: 1175476.026: [GC (Allocation Failure) [PSYoungGen: 484480K->17632K(495104K)] 984756K->528082K(1019392K), 0.0494582 secs] [Times: user=0.04 sys=0.05, real=0.05 secs] 
2021-05-28T00:02:04.424+0800: 1175476.076: [Full GC (Ergonomics) [PSYoungGen: 17632K->0K(495104K)] [ParOldGen: 510450K->299290K(524288K)] 528082K->299290K(1019392K), [Metaspace: 96764K->96764K(1138688K)], 0.4167976 secs] [Times: user=0.99 sys=0.00, real=0.41 secs] 
2021-05-28T00:06:34.957+0800: 1175746.609: [GC (Allocation Failure) [PSYoungGen: 465920K->18080K(495616K)] 765210K->317370K(1019904K), 0.0259465 secs] [Times: user=0.03 sys=0.03, real=0.03 secs] 
2021-05-28T00:11:10.035+0800: 1176021.687: [GC (Allocation Failure) [PSYoungGen: 485024K->17088K(495616K)] 784314K->330772K(1019904K), 0.0333955 secs] [Times: user=0.05 sys=0.05, real=0.03 secs] 
2021-05-28T00:12:42.213+0800: 1176113.865: [GC (Allocation Failure) [PSYoungGen: 483100K->10180K(496640K)] 796784K->335395K(1020928K), 0.0208335 secs] [Times: user=0.03 sys=0.03, real=0.02 secs] 
2021-05-28T00:13:45.525+0800: 1176177.177: [GC (Allocation Failure) [PSYoungGen: 477847K->5735K(496128K)] 803062K->338446K(1020416K), 0.0171926 secs] [Times: user=0.03 sys=0.03, real=0.02 secs] 
2021-05-28T00:14:39.523+0800: 1176231.175: [GC (Allocation Failure) [PSYoungGen: 473817K->7928K(496640K)] 806528K->344771K(1020928K), 0.0154088 secs] [Times: user=0.02 sys=0.02, real=0.01 secs] 
2021-05-28T00:15:39.728+0800: 1176291.380: [GC (Allocation Failure) [PSYoungGen: 476054K->4800K(496128K)] 812897K->347074K(1020416K), 0.0159822 secs] [Times: user=0.03 sys=0.02, real=0.02 secs] 
2021-05-28T00:16:43.316+0800: 1176354.968: [GC (Allocation Failure) [PSYoungGen: 472738K->5920K(497152K)] 815012K->352349K(1021440K), 0.0197944 secs] [Times: user=0.03 sys=0.03, real=0.02 secs] 
2021-05-28T00:17:47.293+0800: 1176418.945: [GC (Allocation Failure) [PSYoungGen: 475424K->4544K(496640K)] 821853K->356343K(1020928K), 0.0222175 secs] [Times: user=0.02 sys=0.03, real=0.02 secs] 
2021-05-28T00:18:50.940+0800: 1176482.592: [GC (Allocation Failure) [PSYoungGen: 473818K->6855K(498176K)] 825618K->362260K(1022464K), 0.0153444 secs] [Times: user=0.02 sys=0.02, real=0.02 secs] 
2021-05-28T00:19:53.069+0800: 1176544.721: [GC (Allocation Failure) [PSYoungGen: 477895K->4096K(497152K)] 833300K->364846K(1021440K), 0.0187188 secs] [Times: user=0.02 sys=0.02, real=0.02 secs] 
2021-05-28T00:20:54.996+0800: 1176606.649: [GC (Allocation Failure) [PSYoungGen: 475136K->5920K(499712K)] 835886K->370004K(1024000K), 0.0167539 secs] [Times: user=0.02 sys=0.02, real=0.02 secs] 
2021-05-28T00:21:57.432+0800: 1176669.084: [GC (Allocation Failure) [PSYoungGen: 480032K->4800K(498688K)] 844116K->374221K(1022976K), 0.0236905 secs] [Times: user=0.03 sys=0.03, real=0.03 secs] 
2021-05-28T00:26:24.166+0800: 1176935.818: [GC (Allocation Failure) [PSYoungGen: 478912K->17600K(497152K)] 848333K->390988K(1021440K), 0.0372752 secs] [Times: user=0.04 sys=0.04, real=0.04 secs] 
2021-05-28T00:31:05.234+0800: 1177216.886: [GC (Allocation Failure) [PSYoungGen: 490688K->17536K(491008K)] 864076K->401056K(1015296K), 0.0379273 secs] [Times: user=0.09 sys=0.00, real=0.04 secs] 
2021-05-28T00:35:44.459+0800: 1177496.111: [GC (Allocation Failure) [PSYoungGen: 490624K->14976K(497152K)] 874144K->409149K(1021440K), 0.0279224 secs] [Times: user=0.03 sys=0.04, real=0.03 secs] 
2021-05-28T00:40:24.651+0800: 1177776.303: [GC (Allocation Failure) [PSYoungGen: 484992K->17312K(487424K)] 879165K->421289K(1011712K), 0.0320980 secs] [Times: user=0.08 sys=0.00, real=0.04 secs] 
2021-05-28T00:44:55.377+0800: 1178047.029: [GC (Allocation Failure) [PSYoungGen: 487328K->19136K(494592K)] 891305K->433286K(1018880K), 0.0360743 secs] [Times: user=0.05 sys=0.05, real=0.04 secs] 
2021-05-28T00:49:28.913+0800: 1178320.565: [GC (Allocation Failure) [PSYoungGen: 486080K->16192K(495616K)] 900230K->441499K(1019904K), 0.0301457 secs] [Times: user=0.04 sys=0.04, real=0.03 secs] 
2021-05-28T00:54:01.842+0800: 1178593.494: [GC (Allocation Failure) [PSYoungGen: 483136K->18240K(494592K)] 908443K->454161K(1018880K), 0.0398865 secs] [Times: user=0.04 sys=0.03, real=0.04 secs] 
2021-05-28T00:58:38.524+0800: 1178870.176: [GC (Allocation Failure) [PSYoungGen: 484160K->16480K(495104K)] 920081K->464197K(1019392K), 0.0507797 secs] [Times: user=0.04 sys=0.04, real=0.05 secs] 
2021-05-28T01:03:06.588+0800: 1179138.240: [GC (Allocation Failure) [PSYoungGen: 482400K->18344K(494592K)] 930117K->477387K(1018880K), 0.0291192 secs] [Times: user=0.04 sys=0.04, real=0.03 secs] 
2021-05-28T01:07:42.776+0800: 1179414.428: [GC (Allocation Failure) [PSYoungGen: 484264K->16576K(495104K)] 943307K->487209K(1019392K), 0.0301057 secs] [Times: user=0.04 sys=0.04, real=0.03 secs] 
2021-05-28T01:12:16.335+0800: 1179687.988: [GC (Allocation Failure) [PSYoungGen: 482496K->18400K(495104K)] 953129K->498735K(1019392K), 0.0388503 secs] [Times: user=0.10 sys=0.00, real=0.04 secs] 
2021-05-28T01:16:49.342+0800: 1179960.994: [GC (Allocation Failure) [PSYoungGen: 485344K->17856K(495616K)] 965679K->508803K(1019904K), 0.0310731 secs] [Times: user=0.04 sys=0.04, real=0.04 secs] 
2021-05-28T01:21:27.118+0800: 1180238.770: [GC (Allocation Failure) [PSYoungGen: 484800K->17792K(496128K)] 975747K->519649K(1020416K), 0.0332473 secs] [Times: user=0.04 sys=0.05, real=0.03 secs] 
2021-05-28T01:26:05.210+0800: 1180516.863: [GC (Allocation Failure) [PSYoungGen: 485760K->18464K(496128K)] 987617K->530238K(1020416K), 0.0460521 secs] [Times: user=0.04 sys=0.04, real=0.05 secs] 
2021-05-28T01:26:05.257+0800: 1180516.909: [Full GC (Ergonomics) [PSYoungGen: 18464K->0K(496128K)] [ParOldGen: 511774K->315388K(524288K)] 530238K->315388K(1020416K), [Metaspace: 96773K->96773K(1138688K)], 0.4563525 secs] [Times: user=1.09 sys=0.00, real=0.46 secs] 
2021-05-28T01:30:41.031+0800: 1180792.683: [GC (Allocation Failure) [PSYoungGen: 467968K->18304K(496640K)] 783356K->333692K(1020928K), 0.0570681 secs] [Times: user=0.03 sys=0.03, real=0.06 secs] 
2021-05-28T01:35:18.012+0800: 1181069.664: [GC (Allocation Failure) [PSYoungGen: 487296K->17920K(496640K)] 802684K->345248K(1020928K), 0.0317930 secs] [Times: user=0.04 sys=0.04, real=0.03 secs] 
2021-05-28T01:39:54.816+0800: 1181346.468: [GC (Allocation Failure) [PSYoungGen: 486912K->18304K(497152K)] 814240K->356902K(1021440K), 0.0375463 secs] [Times: user=0.05 sys=0.06, real=0.04 secs] 
2021-05-28T01:44:34.109+0800: 1181625.761: [GC (Allocation Failure) [PSYoungGen: 488320K->17888K(497152K)] 826918K->367732K(1021440K), 0.0296298 secs] [Times: user=0.04 sys=0.05, real=0.03 secs] 
2021-05-28T01:49:12.233+0800: 1181903.885: [GC (Allocation Failure) [PSYoungGen: 487904K->17152K(498688K)] 837748K->379368K(1022976K), 0.0339351 secs] [Times: user=0.04 sys=0.04, real=0.03 secs] 
2021-05-28T01:53:52.156+0800: 1182183.808: [GC (Allocation Failure) [PSYoungGen: 489216K->20096K(497664K)] 851432K->392254K(1021952K), 0.0484920 secs] [Times: user=0.11 sys=0.00, real=0.05 secs] 
2021-05-28T01:58:32.357+0800: 1182464.009: [GC (Allocation Failure) [PSYoungGen: 492160K->19072K(498176K)] 864318K->402963K(1022464K), 0.0379273 secs] [Times: user=0.05 sys=0.05, real=0.04 secs] 
2021-05-28T02:03:11.671+0800: 1182743.323: [GC (Allocation Failure) [PSYoungGen: 491136K->17408K(498176K)] 875027K->411929K(1022464K), 0.0404522 secs] [Times: user=0.05 sys=0.06, real=0.04 secs] 
2021-05-28T02:07:47.873+0800: 1183019.525: [GC (Allocation Failure) [PSYoungGen: 489472K->19328K(499200K)] 883993K->424805K(1023488K), 0.0362894 secs] [Times: user=0.05 sys=0.05, real=0.03 secs] 
2021-05-28T02:12:26.854+0800: 1183298.506: [GC (Allocation Failure) [PSYoungGen: 493437K->17728K(499200K)] 898915K->433602K(1023488K), 0.0301873 secs] [Times: user=0.05 sys=0.05, real=0.03 secs] 
2021-05-28T02:17:06.903+0800: 1183578.555: [GC (Allocation Failure) [PSYoungGen: 491840K->17696K(500224K)] 907714K->445357K(1024512K), 0.1162533 secs] [Times: user=0.04 sys=0.05, real=0.12 secs] 
2021-05-28T02:21:47.660+0800: 1183859.312: [GC (Allocation Failure) [PSYoungGen: 493344K->19616K(499712K)] 921005K->458202K(1024000K), 0.0443628 secs] [Times: user=0.04 sys=0.05, real=0.05 secs] 
2021-05-28T02:26:26.038+0800: 1184137.690: [GC (Allocation Failure) [PSYoungGen: 495264K->16128K(500224K)] 933850K->465359K(1024512K), 0.0432721 secs] [Times: user=0.10 sys=0.00, real=0.04 secs] 
2021-05-28T02:31:08.665+0800: 1184420.317: [GC (Allocation Failure) [PSYoungGen: 492288K->16256K(500224K)] 941519K->474940K(1024512K), 0.0302976 secs] [Times: user=0.04 sys=0.04, real=0.03 secs] 
2021-05-28T02:35:45.919+0800: 1184697.571: [GC (Allocation Failure) [PSYoungGen: 492416K->18368K(501248K)] 951100K->487729K(1025536K), 0.0314188 secs] [Times: user=0.04 sys=0.05, real=0.03 secs] 
2021-05-28T02:40:29.250+0800: 1184980.902: [GC (Allocation Failure) [PSYoungGen: 496064K->19296K(500736K)] 965425K->500847K(1025024K), 0.0337676 secs] [Times: user=0.04 sys=0.04, real=0.04 secs] 
2021-05-28T02:45:07.550+0800: 1185259.202: [GC (Allocation Failure) [PSYoungGen: 496992K->17920K(501248K)] 978543K->511268K(1025536K), 0.0259933 secs] [Times: user=0.03 sys=0.04, real=0.03 secs] 
2021-05-28T02:49:54.048+0800: 1185545.700: [GC (Allocation Failure) [PSYoungGen: 495616K->18464K(500736K)] 988964K->521948K(1025024K), 0.0344256 secs] [Times: user=0.04 sys=0.04, real=0.04 secs] 
2021-05-28T02:54:34.747+0800: 1185826.399: [GC (Allocation Failure) [PSYoungGen: 496160K->19328K(500736K)] 999644K->533698K(1025024K), 0.0442742 secs] [Times: user=0.11 sys=0.00, real=0.04 secs] 
2021-05-28T02:54:34.792+0800: 1185826.445: [Full GC (Ergonomics) [PSYoungGen: 19328K->0K(500736K)] [ParOldGen: 514370K->312769K(524288K)] 533698K->312769K(1025024K), [Metaspace: 96773K->96773K(1138688K)], 0.5675756 secs] [Times: user=1.14 sys=0.00, real=0.56 secs] 
2021-05-28T02:59:19.603+0800: 1186111.255: [GC (Allocation Failure) [PSYoungGen: 478208K->17280K(501248K)] 790977K->330049K(1025536K), 0.0299116 secs] [Times: user=0.04 sys=0.05, real=0.03 secs] 
2021-05-28T03:04:01.697+0800: 1186393.349: [GC (Allocation Failure) [PSYoungGen: 495488K->18368K(502272K)] 808257K->342606K(1026560K), 0.0335539 secs] [Times: user=0.09 sys=0.00, real=0.03 secs] 
2021-05-28T03:08:41.513+0800: 1186673.165: [GC (Allocation Failure) [PSYoungGen: 498112K->19008K(501760K)] 822350K->354787K(1026048K), 0.0409733 secs] [Times: user=0.05 sys=0.05, real=0.04 secs] 
2021-05-28T03:13:24.178+0800: 1186955.830: [GC (Allocation Failure) [PSYoungGen: 498752K->18432K(502272K)] 834531K->365567K(1026560K), 0.0340682 secs] [Times: user=0.05 sys=0.04, real=0.04 secs] 
2021-05-28T03:18:08.121+0800: 1187239.773: [GC (Allocation Failure) [PSYoungGen: 498688K->19904K(500224K)] 845823K->377669K(1024512K), 0.0971422 secs] [Times: user=0.05 sys=0.05, real=0.10 secs] 
2021-05-28T03:22:51.325+0800: 1187522.977: [GC (Allocation Failure) [PSYoungGen: 500152K->18336K(502272K)] 857918K->387266K(1026560K), 0.0406911 secs] [Times: user=0.04 sys=0.05, real=0.04 secs] 
2021-05-28T03:27:35.770+0800: 1187807.422: [GC (Allocation Failure) [PSYoungGen: 498080K->18656K(501760K)] 867010K->397336K(1026048K), 0.0320701 secs] [Times: user=0.04 sys=0.05, real=0.04 secs] 
2021-05-28T03:32:16.687+0800: 1188088.339: [GC (Allocation Failure) [PSYoungGen: 498400K->21472K(492544K)] 877080K->411334K(1016832K), 0.0564700 secs] [Times: user=0.04 sys=0.05, real=0.06 secs] 
2021-05-28T03:36:55.698+0800: 1188367.350: [GC (Allocation Failure) [PSYoungGen: 492512K->18880K(497664K)] 882374K->421148K(1021952K), 0.0409336 secs] [Times: user=0.06 sys=0.05, real=0.04 secs] 
2021-05-28T03:41:33.709+0800: 1188645.361: [GC (Allocation Failure) [PSYoungGen: 489920K->19840K(498688K)] 892188K->433154K(1022976K), 0.0514111 secs] [Times: user=0.04 sys=0.04, real=0.05 secs] 
2021-05-28T03:46:14.662+0800: 1188926.314: [GC (Allocation Failure) [PSYoungGen: 492416K->17920K(498176K)] 905730K->442272K(1022464K), 0.0285354 secs] [Times: user=0.03 sys=0.04, real=0.03 secs] 
2021-05-28T03:50:52.643+0800: 1189204.295: [GC (Allocation Failure) [PSYoungGen: 490496K->18272K(499200K)] 914848K->454213K(1023488K), 0.0390182 secs] [Times: user=0.05 sys=0.05, real=0.04 secs] 
2021-05-28T03:55:32.615+0800: 1189484.267: [GC (Allocation Failure) [PSYoungGen: 491872K->14112K(498688K)] 927813K->460560K(1022976K), 0.0304136 secs] [Times: user=0.04 sys=0.04, real=0.03 secs] 
2021-05-28T04:00:09.191+0800: 1189760.843: [GC (Allocation Failure) [PSYoungGen: 487712K->19968K(499200K)] 934160K->474767K(1023488K), 0.0475944 secs] [Times: user=0.04 sys=0.05, real=0.05 secs] 
2021-05-28T04:04:44.847+0800: 1190036.499: [GC (Allocation Failure) [PSYoungGen: 493568K->20608K(498688K)] 948367K->486476K(1022976K), 0.0446550 secs] [Times: user=0.06 sys=0.05, real=0.04 secs] 
2021-05-28T04:09:22.728+0800: 1190314.380: [GC (Allocation Failure) [PSYoungGen: 494208K->19424K(499712K)] 960076K->496666K(1024000K), 0.0361445 secs] [Times: user=0.05 sys=0.05, real=0.04 secs] 
2021-05-28T04:14:00.245+0800: 1190591.897: [GC (Allocation Failure) [PSYoungGen: 494048K->19168K(499200K)] 971290K->508201K(1023488K), 0.0395918 secs] [Times: user=0.10 sys=0.00, real=0.04 secs] 
2021-05-28T04:18:39.457+0800: 1190871.109: [GC (Allocation Failure) [PSYoungGen: 493792K->18848K(500736K)] 982825K->519127K(1025024K), 0.0353034 secs] [Times: user=0.04 sys=0.05, real=0.04 secs] 
2021-05-28T04:23:20.847+0800: 1191152.499: [GC (Allocation Failure) [PSYoungGen: 495520K->17792K(500224K)] 995799K->529524K(1024512K), 0.0543447 secs] [Times: user=0.11 sys=0.00, real=0.05 secs] 
2021-05-28T04:23:20.902+0800: 1191152.554: [Full GC (Ergonomics) [PSYoungGen: 17792K->0K(500224K)] [ParOldGen: 511732K->309178K(524288K)] 529524K->309178K(1024512K), [Metaspace: 96773K->96773K(1138688K)], 0.5174886 secs] [Times: user=1.08 sys=0.00, real=0.52 secs] 
2021-05-28T04:28:02.656+0800: 1191434.308: [GC (Allocation Failure) [PSYoungGen: 476672K->19456K(501248K)] 785850K->328634K(1025536K), 0.0311596 secs] [Times: user=0.08 sys=0.00, real=0.03 secs] 
2021-05-28T04:32:46.608+0800: 1191718.260: [GC (Allocation Failure) [PSYoungGen: 497152K->16832K(500736K)] 806330K->338268K(1025024K), 0.0430335 secs] [Times: user=0.11 sys=0.00, real=0.04 secs] 
2021-05-28T04:37:24.767+0800: 1191996.419: [GC (Allocation Failure) [PSYoungGen: 494528K->18880K(501248K)] 815964K->350883K(1025536K), 0.0561478 secs] [Times: user=0.05 sys=0.05, real=0.06 secs] 
2021-05-28T04:42:08.056+0800: 1192279.708: [GC (Allocation Failure) [PSYoungGen: 497088K->20544K(501248K)] 829091K->364033K(1025536K), 0.0575007 secs] [Times: user=0.12 sys=0.00, real=0.06 secs] 
2021-05-28T04:46:49.782+0800: 1192561.434: [GC (Allocation Failure) [PSYoungGen: 498752K->21024K(500224K)] 842241K->375792K(1024512K), 0.0395977 secs] [Times: user=0.05 sys=0.05, real=0.04 secs] 
2021-05-28T04:51:30.140+0800: 1192841.792: [GC (Allocation Failure) [PSYoungGen: 498208K->19456K(500736K)] 852976K->385990K(1025024K), 0.0351584 secs] [Times: user=0.10 sys=0.00, real=0.04 secs] 
2021-05-28T04:56:14.510+0800: 1193126.162: [GC (Allocation Failure) [PSYoungGen: 496638K->19264K(501248K)] 863172K->398234K(1025536K), 0.0327881 secs] [Times: user=0.05 sys=0.04, real=0.04 secs] 
2021-05-28T05:00:55.312+0800: 1193406.964: [GC (Allocation Failure) [PSYoungGen: 497472K->16800K(501248K)] 876442K->406920K(1025536K), 0.0341351 secs] [Times: user=0.05 sys=0.05, real=0.04 secs] 
2021-05-28T05:05:37.792+0800: 1193689.444: [GC (Allocation Failure) [PSYoungGen: 495008K->18624K(501760K)] 885128K->418005K(1026048K), 0.0813385 secs] [Times: user=0.05 sys=0.05, real=0.09 secs] 
2021-05-28T05:10:19.794+0800: 1193971.446: [GC (Allocation Failure) [PSYoungGen: 497344K->18208K(501248K)] 896725K->428834K(1025536K), 0.0338210 secs] [Times: user=0.08 sys=0.00, real=0.03 secs] 
2021-05-28T05:15:00.741+0800: 1194252.393: [GC (Allocation Failure) [PSYoungGen: 496928K->17504K(501760K)] 907554K->439463K(1026048K), 0.0511265 secs] [Times: user=0.04 sys=0.04, real=0.06 secs] 
2021-05-28T05:19:45.682+0800: 1194537.334: [GC (Allocation Failure) [PSYoungGen: 496736K->20096K(501760K)] 918695K->453253K(1026048K), 0.0748369 secs] [Times: user=0.05 sys=0.05, real=0.08 secs] 
2021-05-28T05:24:26.707+0800: 1194818.359: [GC (Allocation Failure) [PSYoungGen: 499328K->18400K(502272K)] 932485K->461698K(1026560K), 0.0334827 secs] [Times: user=0.04 sys=0.05, real=0.03 secs] 
2021-05-28T05:29:12.481+0800: 1195104.133: [GC (Allocation Failure) [PSYoungGen: 498144K->18400K(501760K)] 941442K->474166K(1026048K), 0.0384040 secs] [Times: user=0.05 sys=0.05, real=0.04 secs] 
2021-05-28T05:33:56.011+0800: 1195387.663: [GC (Allocation Failure) [PSYoungGen: 498144K->14336K(501248K)] 953910K->481963K(1025536K), 0.0553053 secs] [Times: user=0.05 sys=0.05, real=0.06 secs] 
2021-05-28T05:38:40.129+0800: 1195671.781: [GC (Allocation Failure) [PSYoungGen: 493568K->19648K(501760K)] 961195K->495569K(1026048K), 0.0370132 secs] [Times: user=0.05 sys=0.05, real=0.04 secs] 
2021-05-28T05:43:21.314+0800: 1195952.966: [GC (Allocation Failure) [PSYoungGen: 498880K->18464K(502272K)] 974801K->505990K(1026560K), 0.0377860 secs] [Times: user=0.05 sys=0.05, real=0.03 secs] 
2021-05-28T05:48:03.919+0800: 1196235.571: [GC (Allocation Failure) [PSYoungGen: 498208K->17888K(501760K)] 985734K->516307K(1026048K), 0.0387630 secs] [Times: user=0.04 sys=0.05, real=0.04 secs] 
2021-05-28T05:52:46.468+0800: 1196518.120: [GC (Allocation Failure) [PSYoungGen: 497632K->18656K(502784K)] 996051K->528295K(1027072K), 0.0343449 secs] [Times: user=0.05 sys=0.04, real=0.04 secs] 
2021-05-28T05:57:31.712+0800: 1196803.364: [GC (Allocation Failure) [PSYoungGen: 499424K->17760K(502272K)] 1009063K->538500K(1026560K), 0.0328978 secs] [Times: user=0.05 sys=0.05, real=0.03 secs] 
2021-05-28T05:57:31.746+0800: 1196803.398: [Full GC (Ergonomics) [PSYoungGen: 17760K->0K(502272K)] [ParOldGen: 520740K->319197K(524288K)] 538500K->319197K(1026560K), [Metaspace: 96773K->96773K(1138688K)], 0.4988659 secs] [Times: user=1.09 sys=0.00, real=0.50 secs] 
2021-05-28T06:02:12.649+0800: 1197084.301: [GC (Allocation Failure) [PSYoungGen: 480768K->18560K(502784K)] 799965K->337757K(1027072K), 0.0298056 secs] [Times: user=0.04 sys=0.05, real=0.03 secs] 
2021-05-28T06:06:56.268+0800: 1197367.920: [GC (Allocation Failure) [PSYoungGen: 499840K->20128K(502784K)] 819037K->352562K(1027072K), 0.0397754 secs] [Times: user=0.05 sys=0.05, real=0.04 secs] 
2021-05-28T06:11:41.729+0800: 1197653.381: [GC (Allocation Failure) [PSYoungGen: 501408K->19328K(502784K)] 833842K->363111K(1027072K), 0.0859188 secs] [Times: user=0.06 sys=0.07, real=0.09 secs] 
2021-05-28T06:16:24.622+0800: 1197936.274: [GC (Allocation Failure) [PSYoungGen: 500608K->18048K(502784K)] 844391K->372365K(1027072K), 0.0348844 secs] [Times: user=0.05 sys=0.05, real=0.03 secs] 
2021-05-28T06:21:12.063+0800: 1198223.715: [GC (Allocation Failure) [PSYoungGen: 499328K->19968K(502784K)] 853645K->384867K(1027072K), 0.0639950 secs] [Times: user=0.05 sys=0.07, real=0.06 secs] 
2021-05-28T06:25:54.509+0800: 1198506.161: [GC (Allocation Failure) [PSYoungGen: 501248K->19648K(501248K)] 866147K->394937K(1025536K), 0.0817012 secs] [Times: user=0.05 sys=0.05, real=0.08 secs] 
2021-05-28T06:30:41.977+0800: 1198793.629: [GC (Allocation Failure) [PSYoungGen: 500928K->19712K(502272K)] 876217K->406093K(1026560K), 0.0462950 secs] [Times: user=0.06 sys=0.05, real=0.05 secs] 
2021-05-28T06:35:23.961+0800: 1199075.613: [GC (Allocation Failure) [PSYoungGen: 499968K->18752K(502272K)] 886349K->415834K(1026560K), 0.0312214 secs] [Times: user=0.04 sys=0.05, real=0.04 secs] 
2021-05-28T06:40:07.606+0800: 1199359.258: [GC (Allocation Failure) [PSYoungGen: 499008K->16896K(502784K)] 896090K->426726K(1027072K), 0.0443647 secs] [Times: user=0.10 sys=0.00, real=0.04 secs] 
2021-05-28T06:44:54.305+0800: 1199645.957: [GC (Allocation Failure) [PSYoungGen: 498176K->17248K(502784K)] 908006K->437515K(1027072K), 0.0312940 secs] [Times: user=0.05 sys=0.04, real=0.03 secs] 
2021-05-28T06:49:37.419+0800: 1199929.071: [GC (Allocation Failure) [PSYoungGen: 498528K->20608K(501760K)] 918795K->450850K(1026048K), 0.0789422 secs] [Times: user=0.04 sys=0.05, real=0.08 secs] 
2021-05-28T06:54:21.034+0800: 1200212.686: [GC (Allocation Failure) [PSYoungGen: 500864K->14848K(495616K)] 931106K->457389K(1019904K), 0.0316170 secs] [Times: user=0.05 sys=0.05, real=0.03 secs] 
2021-05-28T06:59:04.959+0800: 1200496.611: [GC (Allocation Failure) [PSYoungGen: 495104K->18240K(502272K)] 937645K->471922K(1026560K), 0.0933265 secs] [Times: user=0.05 sys=0.06, real=0.10 secs] 
2021-05-28T07:03:40.055+0800: 1200771.707: [GC (Allocation Failure) [PSYoungGen: 497984K->15624K(501760K)] 951666K->479351K(1026048K), 0.0718279 secs] [Times: user=0.06 sys=0.05, real=0.07 secs] 
2021-05-28T07:08:28.216+0800: 1201059.868: [GC (Allocation Failure) [PSYoungGen: 495368K->18464K(502272K)] 959095K->492004K(1026560K), 0.0421651 secs] [Times: user=0.05 sys=0.05, real=0.04 secs] 
2021-05-28T07:13:12.819+0800: 1201344.471: [GC (Allocation Failure) [PSYoungGen: 498720K->17472K(502272K)] 972260K->501417K(1026560K), 0.0700108 secs] [Times: user=0.04 sys=0.05, real=0.07 secs] 
2021-05-28T07:17:55.071+0800: 1201626.723: [GC (Allocation Failure) [PSYoungGen: 497728K->18432K(502784K)] 981673K->512639K(1027072K), 0.0456941 secs] [Times: user=0.06 sys=0.06, real=0.05 secs] 
2021-05-28T07:22:36.783+0800: 1201908.435: [GC (Allocation Failure) [PSYoungGen: 499712K->19200K(502784K)] 993919K->523821K(1027072K), 0.0456738 secs] [Times: user=0.09 sys=0.00, real=0.04 secs] 
2021-05-28T07:27:21.524+0800: 1202193.176: [GC (Allocation Failure) [PSYoungGen: 500480K->17216K(502784K)] 1005101K->532714K(1027072K), 0.0385807 secs] [Times: user=0.05 sys=0.04, real=0.04 secs] 
2021-05-28T07:27:21.563+0800: 1202193.215: [Full GC (Ergonomics) [PSYoungGen: 17216K->0K(502784K)] [ParOldGen: 515498K->307151K(524288K)] 532714K->307151K(1027072K), [Metaspace: 96773K->96773K(1138688K)], 0.5392580 secs] [Times: user=1.19 sys=0.00, real=0.54 secs] 
2021-05-28T07:32:04.862+0800: 1202476.514: [GC (Allocation Failure) [PSYoungGen: 481280K->18848K(502784K)] 788431K->325999K(1027072K), 0.0348381 secs] [Times: user=0.09 sys=0.00, real=0.03 secs] 
2021-05-28T07:36:47.487+0800: 1202759.139: [GC (Allocation Failure) [PSYoungGen: 500128K->18912K(502784K)] 807279K->338377K(1027072K), 0.0353804 secs] [Times: user=0.05 sys=0.05, real=0.04 secs] 
2021-05-28T07:41:27.256+0800: 1203038.908: [GC (Allocation Failure) [PSYoungGen: 500192K->17312K(502784K)] 819657K->348519K(1027072K), 0.0332249 secs] [Times: user=0.03 sys=0.04, real=0.03 secs] 
2021-05-28T07:46:13.618+0800: 1203325.270: [GC (Allocation Failure) [PSYoungGen: 498592K->19648K(502784K)] 829799K->361932K(1027072K), 0.0298521 secs] [Times: user=0.04 sys=0.03, real=0.03 secs] 
2021-05-28T07:50:59.744+0800: 1203611.396: [GC (Allocation Failure) [PSYoungGen: 500923K->17856K(502784K)] 843208K->371082K(1027072K), 0.0307246 secs] [Times: user=0.04 sys=0.04, real=0.03 secs] 
2021-05-28T07:55:43.709+0800: 1203895.361: [GC (Allocation Failure) [PSYoungGen: 499136K->18752K(503296K)] 852362K->382399K(1027584K), 0.0790405 secs] [Times: user=0.05 sys=0.06, real=0.08 secs] 
2021-05-28T08:00:23.802+0800: 1204175.454: [GC (Allocation Failure) [PSYoungGen: 500544K->20128K(502784K)] 864191K->393678K(1027072K), 0.0384336 secs] [Times: user=0.04 sys=0.05, real=0.03 secs] 
2021-05-28T08:05:13.833+0800: 1204465.485: [GC (Allocation Failure) [PSYoungGen: 501920K->17664K(502784K)] 875470K->403050K(1027072K), 0.1119154 secs] [Times: user=0.05 sys=0.06, real=0.11 secs] 
2021-05-28T08:09:55.393+0800: 1204747.045: [GC (Allocation Failure) [PSYoungGen: 498944K->21376K(502784K)] 884330K->415519K(1027072K), 0.0408224 secs] [Times: user=0.10 sys=0.00, real=0.04 secs] 
2021-05-28T08:14:39.801+0800: 1205031.453: [GC (Allocation Failure) [PSYoungGen: 502656K->17312K(501760K)] 896799K->421460K(1026048K), 0.0346979 secs] [Times: user=0.04 sys=0.04, real=0.04 secs] 
2021-05-28T08:19:24.287+0800: 1205315.939: [GC (Allocation Failure) [PSYoungGen: 497568K->19392K(502272K)] 901716K->433898K(1026560K), 0.0313749 secs] [Times: user=0.04 sys=0.05, real=0.03 secs] 
2021-05-28T08:24:06.155+0800: 1205597.807: [GC (Allocation Failure) [PSYoungGen: 499648K->17920K(502272K)] 914154K->444032K(1026560K), 0.0569281 secs] [Times: user=0.04 sys=0.05, real=0.05 secs] 
2021-05-28T08:28:49.241+0800: 1205880.893: [GC (Allocation Failure) [PSYoungGen: 498176K->19456K(502272K)] 924288K->456150K(1026560K), 0.1038509 secs] [Times: user=0.04 sys=0.04, real=0.11 secs] 
2021-05-28T08:33:28.568+0800: 1206160.220: [GC (Allocation Failure) [PSYoungGen: 499710K->18112K(502272K)] 936404K->465580K(1026560K), 0.0627432 secs] [Times: user=0.04 sys=0.04, real=0.06 secs] 
2021-05-28T08:38:10.184+0800: 1206441.836: [GC (Allocation Failure) [PSYoungGen: 498368K->20512K(502272K)] 945836K->479178K(1026560K), 0.0346565 secs] [Times: user=0.04 sys=0.04, real=0.03 secs] 
2021-05-28T08:42:51.521+0800: 1206723.173: [GC (Allocation Failure) [PSYoungGen: 500768K->18816K(502272K)] 959434K->489302K(1026560K), 0.0503066 secs] [Times: user=0.05 sys=0.05, real=0.05 secs] 
2021-05-28T08:47:36.794+0800: 1207008.446: [GC (Allocation Failure) [PSYoungGen: 499072K->16960K(502272K)] 969558K->496491K(1026560K), 0.0358556 secs] [Times: user=0.05 sys=0.05, real=0.03 secs] 
2021-05-28T08:52:23.973+0800: 1207295.625: [GC (Allocation Failure) [PSYoungGen: 497216K->19104K(502272K)] 976747K->508424K(1026560K), 0.0328231 secs] [Times: user=0.04 sys=0.04, real=0.03 secs] 
2021-05-28T08:57:09.308+0800: 1207580.960: [GC (Allocation Failure) [PSYoungGen: 499360K->19360K(502272K)] 988680K->520607K(1026560K), 0.0288405 secs] [Times: user=0.04 sys=0.04, real=0.03 secs] 
2021-05-28T09:01:49.126+0800: 1207860.778: [GC (Allocation Failure) [PSYoungGen: 499616K->17280K(502784K)] 1000863K->530906K(1027072K), 0.0324019 secs] [Times: user=0.05 sys=0.05, real=0.03 secs] 
2021-05-28T09:01:49.159+0800: 1207860.811: [Full GC (Ergonomics) [PSYoungGen: 17280K->0K(502784K)] [ParOldGen: 513626K->314693K(524288K)] 530906K->314693K(1027072K), [Metaspace: 96773K->96770K(1138688K)], 0.4303565 secs] [Times: user=0.97 sys=0.00, real=0.43 secs] 
2021-05-28T09:06:28.341+0800: 1208139.993: [GC (Allocation Failure) [PSYoungGen: 481280K->19936K(501248K)] 795973K->334629K(1025536K), 0.0294172 secs] [Times: user=0.03 sys=0.04, real=0.03 secs] 
2021-05-28T09:11:10.179+0800: 1208421.831: [GC (Allocation Failure) [PSYoungGen: 501216K->19456K(502272K)] 815909K->345922K(1026560K), 0.0309577 secs] [Times: user=0.04 sys=0.04, real=0.03 secs] 
2021-05-28T09:15:40.373+0800: 1208692.025: [GC (Allocation Failure) [PSYoungGen: 499707K->17664K(502272K)] 826173K->355094K(1026560K), 0.0313903 secs] [Times: user=0.04 sys=0.04, real=0.03 secs] 
2021-05-28T09:20:11.890+0800: 1208963.542: [GC (Allocation Failure) [PSYoungGen: 497920K->17280K(502272K)] 835350K->364918K(1026560K), 0.0286249 secs] [Times: user=0.08 sys=0.00, real=0.03 secs] 
2021-05-28T09:24:45.925+0800: 1209237.577: [GC (Allocation Failure) [PSYoungGen: 497536K->17600K(502272K)] 845174K->375859K(1026560K), 0.0303601 secs] [Times: user=0.08 sys=0.00, real=0.03 secs] 
2021-05-28T09:29:17.690+0800: 1209509.342: [GC (Allocation Failure) [PSYoungGen: 497856K->16352K(502784K)] 856115K->385696K(1027072K), 0.0324450 secs] [Times: user=0.04 sys=0.05, real=0.04 secs] 
2021-05-28T09:33:49.445+0800: 1209781.097: [GC (Allocation Failure) [PSYoungGen: 497632K->18464K(502784K)] 866976K->398237K(1027072K), 0.0326003 secs] [Times: user=0.04 sys=0.04, real=0.03 secs] 
2021-05-28T09:38:23.457+0800: 1210055.109: [GC (Allocation Failure) [PSYoungGen: 499744K->20960K(501760K)] 879517K->411275K(1026048K), 0.0319430 secs] [Times: user=0.05 sys=0.04, real=0.03 secs] 
2021-05-28T09:43:01.367+0800: 1210333.019: [GC (Allocation Failure) [PSYoungGen: 501216K->17152K(502272K)] 891531K->419272K(1026560K), 0.0333568 secs] [Times: user=0.04 sys=0.05, real=0.03 secs] 
2021-05-28T09:47:41.761+0800: 1210613.413: [GC (Allocation Failure) [PSYoungGen: 497408K->18848K(502272K)] 899528K->431236K(1026560K), 0.0372320 secs] [Times: user=0.04 sys=0.04, real=0.04 secs] 
2021-05-28T09:52:20.791+0800: 1210892.443: [GC (Allocation Failure) [PSYoungGen: 499104K->17728K(502272K)] 911492K->440531K(1026560K), 0.0307792 secs] [Times: user=0.04 sys=0.04, real=0.03 secs] 
2021-05-28T09:53:16.428+0800: 1210948.080: [GC (Allocation Failure) [PSYoungGen: 497984K->9187K(499712K)] 920787K->443963K(1024000K), 0.0206603 secs] [Times: user=0.03 sys=0.03, real=0.02 secs] 
2021-05-28T09:54:18.573+0800: 1211010.225: [GC (Allocation Failure) [PSYoungGen: 486539K->4544K(482816K)] 921315K->446228K(1007104K), 0.0182305 secs] [Times: user=0.03 sys=0.03, real=0.01 secs] 
2021-05-28T09:55:20.256+0800: 1211071.908: [GC (Allocation Failure) [PSYoungGen: 482752K->3936K(496640K)] 924436K->449535K(1020928K), 0.0144175 secs] [Times: user=0.02 sys=0.03, real=0.01 secs] 
2021-05-28T09:56:22.852+0800: 1211134.504: [GC (Allocation Failure) [PSYoungGen: 475209K->6407K(498176K)] 920809K->455235K(1022464K), 0.0164878 secs] [Times: user=0.02 sys=0.03, real=0.01 secs] 
2021-05-28T09:57:26.202+0800: 1211197.854: [GC (Allocation Failure) [PSYoungGen: 478471K->5696K(497152K)] 927299K->459405K(1021440K), 0.0190073 secs] [Times: user=0.02 sys=0.03, real=0.02 secs] 
2021-05-28T09:58:30.358+0800: 1211262.010: [GC (Allocation Failure) [PSYoungGen: 476736K->4992K(497664K)] 930445K->463847K(1021952K), 0.0200014 secs] [Times: user=0.06 sys=0.00, real=0.02 secs] 
2021-05-28T09:59:34.033+0800: 1211325.685: [GC (Allocation Failure) [PSYoungGen: 475888K->5024K(497664K)] 934744K->468258K(1021952K), 0.0198821 secs] [Times: user=0.03 sys=0.03, real=0.02 secs] 
2021-05-28T10:00:34.515+0800: 1211386.167: [GC (Allocation Failure) [PSYoungGen: 476064K->4231K(497664K)] 939298K->471916K(1021952K), 0.0305139 secs] [Times: user=0.02 sys=0.02, real=0.03 secs] 
2021-05-28T10:01:37.396+0800: 1211449.048: [GC (Allocation Failure) [PSYoungGen: 475271K->3296K(498176K)] 942956K->473425K(1022464K), 0.0201722 secs] [Times: user=0.05 sys=0.00, real=0.02 secs] 
2021-05-28T10:02:41.632+0800: 1211513.284: [GC (Allocation Failure) [PSYoungGen: 474784K->2944K(498176K)] 944913K->475574K(1022464K), 0.0216340 secs] [Times: user=0.03 sys=0.02, real=0.03 secs] 
2021-05-28T10:03:46.297+0800: 1211577.949: [GC (Allocation Failure) [PSYoungGen: 474435K->2560K(499200K)] 947065K->477220K(1023488K), 0.0178338 secs] [Times: user=0.02 sys=0.02, real=0.02 secs] 
2021-05-28T10:04:49.658+0800: 1211641.310: [GC (Allocation Failure) [PSYoungGen: 475597K->1696K(498688K)] 950257K->478122K(1022976K), 0.0187570 secs] [Times: user=0.02 sys=0.03, real=0.02 secs] 
2021-05-28T10:05:51.511+0800: 1211703.163: [GC (Allocation Failure) [PSYoungGen: 474553K->2208K(500224K)] 950979K->479401K(1024512K), 0.0177573 secs] [Times: user=0.03 sys=0.02, real=0.02 secs] 
2021-05-28T10:06:56.082+0800: 1211767.734: [GC (Allocation Failure) [PSYoungGen: 476644K->2791K(499200K)] 953837K->481247K(1023488K), 0.0623054 secs] [Times: user=0.11 sys=0.11, real=0.07 secs] 
2021-05-28T10:08:01.257+0800: 1211832.909: [GC (Allocation Failure) [PSYoungGen: 477927K->2112K(501760K)] 956383K->481543K(1026048K), 0.0877619 secs] [Times: user=0.02 sys=0.03, real=0.09 secs] 
2021-05-28T10:09:04.398+0800: 1211896.050: [GC (Allocation Failure) [PSYoungGen: 480170K->3784K(500736K)] 959601K->484462K(1025024K), 0.0192859 secs] [Times: user=0.02 sys=0.02, real=0.02 secs] 
2021-05-28T10:10:05.434+0800: 1211957.086: [GC (Allocation Failure) [PSYoungGen: 481988K->4768K(504320K)] 962666K->488372K(1028608K), 0.0228400 secs] [Times: user=0.03 sys=0.04, real=0.02 secs] 
2021-05-28T10:11:10.209+0800: 1212021.862: [GC (Allocation Failure) [PSYoungGen: 487186K->4640K(502784K)] 970790K->492375K(1027072K), 0.0188811 secs] [Times: user=0.02 sys=0.03, real=0.02 secs] 
2021-05-28T10:12:19.721+0800: 1212091.373: [GC (Allocation Failure) [PSYoungGen: 486794K->3591K(505856K)] 974530K->495267K(1030144K), 0.0213813 secs] [Times: user=0.03 sys=0.03, real=0.03 secs] 
2021-05-28T10:13:28.035+0800: 1212159.687: [GC (Allocation Failure) [PSYoungGen: 490424K->4256K(505344K)] 982099K->497841K(1029632K), 0.0400693 secs] [Times: user=0.03 sys=0.03, real=0.04 secs] 
2021-05-28T10:14:34.807+0800: 1212226.460: [GC (Allocation Failure) [PSYoungGen: 491168K->4160K(507904K)] 984753K->501382K(1032192K), 0.0193655 secs] [Times: user=0.03 sys=0.02, real=0.02 secs] 
2021-05-28T10:15:38.542+0800: 1212290.194: [GC (Allocation Failure) [PSYoungGen: 494656K->5056K(506880K)] 991878K->505714K(1031168K), 0.0229297 secs] [Times: user=0.06 sys=0.00, real=0.02 secs] 
2021-05-28T10:16:48.128+0800: 1212359.780: [GC (Allocation Failure) [PSYoungGen: 495552K->3424K(509440K)] 996210K->508540K(1033728K), 0.0802323 secs] [Times: user=0.04 sys=0.04, real=0.08 secs] 
2021-05-28T10:17:52.631+0800: 1212424.283: [GC (Allocation Failure) [PSYoungGen: 496866K->4608K(508928K)] 1001983K->512218K(1033216K), 0.0171706 secs] [Times: user=0.02 sys=0.03, real=0.02 secs] 
2021-05-28T10:19:02.305+0800: 1212493.957: [GC (Allocation Failure) [PSYoungGen: 498529K->3040K(510976K)] 1006139K->514573K(1035264K), 0.0189522 secs] [Times: user=0.03 sys=0.03, real=0.02 secs] 
2021-05-28T10:20:06.900+0800: 1212558.552: [GC (Allocation Failure) [PSYoungGen: 500192K->6528K(510464K)] 1011725K->520355K(1034752K), 0.0195205 secs] [Times: user=0.02 sys=0.04, real=0.02 secs] 
2021-05-28T10:21:16.496+0800: 1212628.148: [GC (Allocation Failure) [PSYoungGen: 503680K->5184K(512000K)] 1017507K->525029K(1036288K), 0.0211064 secs] [Times: user=0.03 sys=0.03, real=0.02 secs] 
2021-05-28T10:21:16.518+0800: 1212628.170: [Full GC (Ergonomics) [PSYoungGen: 5184K->0K(512000K)] [ParOldGen: 519845K->298925K(524288K)] 525029K->298925K(1036288K), [Metaspace: 96846K->96838K(1138688K)], 0.5250379 secs] [Times: user=1.12 sys=0.00, real=0.53 secs] 
2021-05-28T10:23:44.222+0800: 1212775.874: [GC (Allocation Failure) [PSYoungGen: 498688K->10176K(508928K)] 797613K->309109K(1033216K), 0.0233279 secs] [Times: user=0.03 sys=0.04, real=0.02 secs] 
2021-05-28T10:29:04.651+0800: 1213096.303: [GC (Allocation Failure) [PSYoungGen: 508864K->13792K(494080K)] 807797K->329550K(1018368K), 0.0511817 secs] [Times: user=0.05 sys=0.06, real=0.06 secs] 
2021-05-28T10:34:10.156+0800: 1213401.808: [GC (Allocation Failure) [PSYoungGen: 494048K->20096K(500736K)] 809806K->346899K(1025024K), 0.0377564 secs] [Times: user=0.04 sys=0.04, real=0.04 secs] 
2021-05-28T10:39:20.564+0800: 1213712.216: [GC (Allocation Failure) [PSYoungGen: 500352K->17280K(494592K)] 827155K->355920K(1018880K), 0.0352447 secs] [Times: user=0.09 sys=0.00, real=0.03 secs] 
2021-05-28T10:44:22.520+0800: 1214014.172: [GC (Allocation Failure) [PSYoungGen: 488320K->19808K(491008K)] 826960K->367279K(1015296K), 0.0533917 secs] [Times: user=0.05 sys=0.05, real=0.06 secs] 
2021-05-28T10:49:31.472+0800: 1214323.124: [GC (Allocation Failure) [PSYoungGen: 490848K->17056K(494592K)] 838319K->377092K(1018880K), 0.0435243 secs] [Times: user=0.04 sys=0.06, real=0.05 secs] 
2021-05-28T10:54:31.922+0800: 1214623.574: [GC (Allocation Failure) [PSYoungGen: 482976K->17824K(483840K)] 843012K->388865K(1008128K), 0.0418018 secs] [Times: user=0.04 sys=0.05, real=0.05 secs] 
2021-05-28T10:59:37.417+0800: 1214929.069: [GC (Allocation Failure) [PSYoungGen: 483744K->16832K(494592K)] 854785K->398542K(1018880K), 0.0349268 secs] [Times: user=0.04 sys=0.05, real=0.03 secs] 
2021-05-28T11:04:41.715+0800: 1215233.367: [GC (Allocation Failure) [PSYoungGen: 481728K->18912K(483840K)] 863438K->410828K(1008128K), 0.0311108 secs] [Times: user=0.04 sys=0.04, real=0.03 secs] 
2021-05-28T11:09:38.383+0800: 1215530.035: [GC (Allocation Failure) [PSYoungGen: 483808K->17632K(494080K)] 875724K->421104K(1018368K), 0.0318127 secs] [Times: user=0.04 sys=0.04, real=0.03 secs] 
2021-05-28T11:14:44.000+0800: 1215835.652: [GC (Allocation Failure) [PSYoungGen: 481504K->17280K(494080K)] 884976K->431709K(1018368K), 0.0653584 secs] [Times: user=0.05 sys=0.04, real=0.07 secs] 
2021-05-28T11:19:44.526+0800: 1216136.178: [GC (Allocation Failure) [PSYoungGen: 481152K->19840K(493568K)] 895581K->444611K(1017856K), 0.0344735 secs] [Times: user=0.05 sys=0.04, real=0.03 secs] 
2021-05-28T11:24:45.182+0800: 1216436.834: [GC (Allocation Failure) [PSYoungGen: 483712K->16448K(494080K)] 908483K->453022K(1018368K), 0.0369312 secs] [Times: user=0.04 sys=0.05, real=0.04 secs] 
2021-05-28T11:26:07.978+0800: 1216519.630: [GC (Allocation Failure) [PSYoungGen: 480162K->7580K(495104K)] 916737K->454482K(1019392K), 0.0303391 secs] [Times: user=0.03 sys=0.03, real=0.03 secs] 
2021-05-28T11:27:09.769+0800: 1216581.421: [GC (Allocation Failure) [PSYoungGen: 472974K->4832K(494592K)] 919876K->458119K(1018880K), 0.0184687 secs] [Times: user=0.02 sys=0.03, real=0.02 secs] 
2021-05-28T11:28:13.709+0800: 1216645.361: [GC (Allocation Failure) [PSYoungGen: 470092K->5600K(495104K)] 923379K->463050K(1019392K), 0.0252707 secs] [Times: user=0.03 sys=0.03, real=0.03 secs] 
2021-05-28T11:29:18.925+0800: 1216710.577: [GC (Allocation Failure) [PSYoungGen: 471395K->3648K(495104K)] 928846K->466253K(1019392K), 0.0184630 secs] [Times: user=0.03 sys=0.03, real=0.02 secs] 
2021-05-28T11:30:22.027+0800: 1216773.679: [GC (Allocation Failure) [PSYoungGen: 469568K->5856K(496128K)] 932173K->471178K(1020416K), 0.0203346 secs] [Times: user=0.02 sys=0.03, real=0.02 secs] 
2021-05-28T11:31:23.504+0800: 1216835.156: [GC (Allocation Failure) [PSYoungGen: 471908K->6216K(495104K)] 937231K->476900K(1019392K), 0.0249957 secs] [Times: user=0.03 sys=0.03, real=0.02 secs] 
2021-05-28T11:32:26.058+0800: 1216897.710: [GC (Allocation Failure) [PSYoungGen: 473160K->4768K(497664K)] 943844K->480126K(1021952K), 0.0325718 secs] [Times: user=0.05 sys=0.00, real=0.03 secs] 
2021-05-28T11:33:31.288+0800: 1216962.940: [GC (Allocation Failure) [PSYoungGen: 475296K->3104K(497152K)] 950654K->482585K(1021440K), 0.0214910 secs] [Times: user=0.02 sys=0.03, real=0.02 secs] 
2021-05-28T11:34:37.418+0800: 1217029.070: [GC (Allocation Failure) [PSYoungGen: 473632K->2656K(498688K)] 953113K->484143K(1022976K), 0.0163802 secs] [Times: user=0.02 sys=0.03, real=0.02 secs] 
2021-05-28T11:35:39.036+0800: 1217090.688: [GC (Allocation Failure) [PSYoungGen: 474920K->5608K(498176K)] 956408K->488814K(1022464K), 0.0245855 secs] [Times: user=0.02 sys=0.02, real=0.02 secs] 
2021-05-28T11:36:44.015+0800: 1217155.667: [GC (Allocation Failure) [PSYoungGen: 477413K->4840K(500736K)] 960620K->492017K(1025024K), 0.0160923 secs] [Times: user=0.03 sys=0.02, real=0.01 secs] 
2021-05-28T11:37:50.601+0800: 1217222.253: [GC (Allocation Failure) [PSYoungGen: 480751K->6344K(499712K)] 967929K->496733K(1024000K), 0.0166757 secs] [Times: user=0.05 sys=0.00, real=0.02 secs] 
2021-05-28T11:38:53.956+0800: 1217285.608: [GC (Allocation Failure) [PSYoungGen: 481763K->6312K(503296K)] 972152K->501328K(1027584K), 0.0199435 secs] [Times: user=0.03 sys=0.03, real=0.02 secs] 
2021-05-28T11:39:58.438+0800: 1217350.090: [GC (Allocation Failure) [PSYoungGen: 487592K->6400K(502272K)] 982608K->506115K(1026560K), 0.0204214 secs] [Times: user=0.06 sys=0.00, real=0.02 secs] 
2021-05-28T11:41:06.315+0800: 1217417.967: [GC (Allocation Failure) [PSYoungGen: 486732K->5320K(505344K)] 986448K->510868K(1029632K), 0.0190877 secs] [Times: user=0.03 sys=0.02, real=0.02 secs] 
2021-05-28T11:42:09.328+0800: 1217480.980: [GC (Allocation Failure) [PSYoungGen: 490207K->6248K(504320K)] 995756K->515241K(1028608K), 0.0200524 secs] [Times: user=0.02 sys=0.02, real=0.02 secs] 
2021-05-28T11:43:16.551+0800: 1217548.203: [GC (Allocation Failure) [PSYoungGen: 490750K->5096K(506880K)] 999743K->518779K(1031168K), 0.0200331 secs] [Times: user=0.03 sys=0.02, real=0.02 secs] 
2021-05-28T11:43:16.572+0800: 1217548.224: [Full GC (Ergonomics) [PSYoungGen: 5096K->0K(506880K)] [ParOldGen: 513683K->305444K(524288K)] 518779K->305444K(1031168K), [Metaspace: 96861K->96861K(1138688K)], 0.5208112 secs] [Times: user=1.08 sys=0.00, real=0.53 secs] 
2021-05-28T11:44:24.176+0800: 1217615.828: [GC (Allocation Failure) [PSYoungGen: 488781K->8688K(506368K)] 794225K->314132K(1030656K), 0.0176413 secs] [Times: user=0.02 sys=0.02, real=0.02 secs] 
2021-05-28T11:45:28.478+0800: 1217680.130: [GC (Allocation Failure) [PSYoungGen: 497648K->3808K(507904K)] 803092K->316445K(1032192K), 0.0201854 secs] [Times: user=0.03 sys=0.03, real=0.02 secs] 
2021-05-28T11:46:37.864+0800: 1217749.516: [GC (Allocation Failure) [PSYoungGen: 493864K->6216K(507392K)] 806502K->321881K(1031680K), 0.0195247 secs] [Times: user=0.03 sys=0.03, real=0.02 secs] 
2021-05-28T11:47:41.944+0800: 1217813.596: [GC (Allocation Failure) [PSYoungGen: 496352K->5992K(509440K)] 812018K->326324K(1033728K), 0.0180338 secs] [Times: user=0.02 sys=0.02, real=0.02 secs] 
2021-05-28T11:48:49.692+0800: 1217881.344: [GC (Allocation Failure) [PSYoungGen: 499560K->5792K(508416K)] 819892K->330527K(1032704K), 0.0187470 secs] [Times: user=0.02 sys=0.03, real=0.02 secs] 
2021-05-28T11:49:54.763+0800: 1217946.415: [GC (Allocation Failure) [PSYoungGen: 498403K->4904K(510464K)] 823138K->334825K(1034752K), 0.0182469 secs] [Times: user=0.02 sys=0.02, real=0.01 secs] 
2021-05-28T11:51:03.262+0800: 1218014.914: [GC (Allocation Failure) [PSYoungGen: 501032K->5248K(509952K)] 830953K->338375K(1034240K), 0.0293640 secs] [Times: user=0.05 sys=0.00, real=0.02 secs] 
2021-05-28T11:52:37.856+0800: 1218109.508: [GC (Allocation Failure) [PSYoungGen: 501372K->8608K(510976K)] 834499K->346307K(1035264K), 0.0210679 secs] [Times: user=0.03 sys=0.03, real=0.02 secs] 
2021-05-28T11:57:54.306+0800: 1218425.958: [GC (Allocation Failure) [PSYoungGen: 506272K->13280K(510976K)] 843971K->364195K(1035264K), 0.0392553 secs] [Times: user=0.05 sys=0.05, real=0.04 secs] 
2021-05-28T12:03:18.146+0800: 1218749.799: [GC (Allocation Failure) [PSYoungGen: 510944K->13280K(484352K)] 861859K->379497K(1008640K), 0.0565701 secs] [Times: user=0.05 sys=0.04, real=0.06 secs] 
2021-05-28T12:08:20.662+0800: 1219052.314: [GC (Allocation Failure) [PSYoungGen: 484320K->18592K(489984K)] 850537K->394694K(1014272K), 0.0458692 secs] [Times: user=0.04 sys=0.05, real=0.05 secs] 
2021-05-28T12:13:23.750+0800: 1219355.402: [GC (Allocation Failure) [PSYoungGen: 489632K->17504K(495104K)] 865734K->405636K(1019392K), 0.0361518 secs] [Times: user=0.04 sys=0.04, real=0.04 secs] 
2021-05-28T12:18:23.725+0800: 1219655.377: [GC (Allocation Failure) [PSYoungGen: 484448K->20256K(487424K)] 872580K->419530K(1011712K), 0.0345961 secs] [Times: user=0.05 sys=0.05, real=0.03 secs] 
2021-05-28T12:23:21.778+0800: 1219953.430: [GC (Allocation Failure) [PSYoungGen: 487200K->18208K(494080K)] 886474K->429928K(1018368K), 0.0390617 secs] [Times: user=0.05 sys=0.05, real=0.04 secs] 
2021-05-28T12:28:21.540+0800: 1220253.192: [GC (Allocation Failure) [PSYoungGen: 482080K->17664K(494080K)] 893800K->440132K(1018368K), 0.0454399 secs] [Times: user=0.04 sys=0.04, real=0.05 secs] 
2021-05-28T12:33:22.072+0800: 1220553.724: [GC (Allocation Failure) [PSYoungGen: 481536K->16192K(494592K)] 904004K->449176K(1018880K), 0.0277247 secs] [Times: user=0.08 sys=0.00, real=0.02 secs] 
2021-05-28T12:38:22.038+0800: 1220853.690: [GC (Allocation Failure) [PSYoungGen: 480576K->17664K(494080K)] 913560K->461364K(1018368K), 0.0359188 secs] [Times: user=0.04 sys=0.04, real=0.04 secs] 
2021-05-28T12:43:19.574+0800: 1221151.226: [GC (Allocation Failure) [PSYoungGen: 482048K->17792K(495104K)] 925748K->472488K(1019392K), 0.0411576 secs] [Times: user=0.05 sys=0.04, real=0.04 secs] 
2021-05-28T12:48:18.920+0800: 1221450.572: [GC (Allocation Failure) [PSYoungGen: 483712K->17376K(495104K)] 938408K->482414K(1019392K), 0.0666200 secs] [Times: user=0.05 sys=0.05, real=0.07 secs] 
2021-05-28T12:53:19.775+0800: 1221751.427: [GC (Allocation Failure) [PSYoungGen: 483296K->17440K(496128K)] 948334K->492724K(1020416K), 0.0317373 secs] [Times: user=0.08 sys=0.00, real=0.03 secs] 
2021-05-28T12:58:19.442+0800: 1222051.094: [GC (Allocation Failure) [PSYoungGen: 484896K->19040K(495616K)] 960180K->505321K(1019904K), 0.0397445 secs] [Times: user=0.04 sys=0.04, real=0.04 secs] 
2021-05-28T13:03:14.636+0800: 1222346.288: [GC (Allocation Failure) [PSYoungGen: 486496K->19432K(495104K)] 972777K->516552K(1019392K), 0.0371466 secs] [Times: user=0.04 sys=0.05, real=0.04 secs] 
2021-05-28T13:08:16.114+0800: 1222647.766: [GC (Allocation Failure) [PSYoungGen: 486376K->17344K(495616K)] 983496K->525571K(1019904K), 0.0298627 secs] [Times: user=0.04 sys=0.04, real=0.03 secs] 
2021-05-28T13:08:16.144+0800: 1222647.797: [Full GC (Ergonomics) [PSYoungGen: 17344K->0K(495616K)] [ParOldGen: 508227K->303674K(524288K)] 525571K->303674K(1019904K), [Metaspace: 96875K->96875K(1138688K)], 0.4994837 secs] [Times: user=1.13 sys=0.00, real=0.50 secs] 
2021-05-28T13:13:16.053+0800: 1222947.705: [GC (Allocation Failure) [PSYoungGen: 466944K->17664K(497152K)] 770618K->321338K(1021440K), 0.0885753 secs] [Times: user=0.05 sys=0.05, real=0.09 secs] 
2021-05-28T13:18:15.827+0800: 1223247.479: [GC (Allocation Failure) [PSYoungGen: 487168K->18784K(496640K)] 790842K->334087K(1020928K), 0.0306262 secs] [Times: user=0.04 sys=0.04, real=0.03 secs] 
2021-05-28T13:23:14.759+0800: 1223546.411: [GC (Allocation Failure) [PSYoungGen: 488288K->16096K(498176K)] 803591K->342994K(1022464K), 0.0339312 secs] [Times: user=0.04 sys=0.04, real=0.04 secs] 
2021-05-28T13:28:16.266+0800: 1223847.918: [GC (Allocation Failure) [PSYoungGen: 487136K->19680K(497152K)] 814034K->356801K(1021440K), 0.0872215 secs] [Times: user=0.06 sys=0.06, real=0.09 secs] 
2021-05-28T13:33:16.983+0800: 1224148.635: [GC (Allocation Failure) [PSYoungGen: 490720K->19232K(498176K)] 827841K->368158K(1022464K), 0.0385233 secs] [Times: user=0.04 sys=0.06, real=0.03 secs] 
2021-05-28T13:38:16.386+0800: 1224448.038: [GC (Allocation Failure) [PSYoungGen: 490784K->16672K(497664K)] 839710K->377419K(1021952K), 0.0536115 secs] [Times: user=0.05 sys=0.05, real=0.05 secs] 
2021-05-28T13:43:19.949+0800: 1224751.601: [GC (Allocation Failure) [PSYoungGen: 488224K->18144K(499200K)] 848971K->389984K(1023488K), 0.0372667 secs] [Times: user=0.05 sys=0.05, real=0.04 secs] 
2021-05-28T13:48:22.568+0800: 1225054.220: [GC (Allocation Failure) [PSYoungGen: 491744K->19264K(498688K)] 863584K->401022K(1022976K), 0.0400190 secs] [Times: user=0.05 sys=0.05, real=0.04 secs] 
2021-05-28T13:53:29.973+0800: 1225361.625: [GC (Allocation Failure) [PSYoungGen: 492864K->16832K(499712K)] 874622K->410466K(1024000K), 0.0290535 secs] [Times: user=0.04 sys=0.04, real=0.03 secs] 
2021-05-28T13:58:35.314+0800: 1225666.966: [GC (Allocation Failure) [PSYoungGen: 491456K->18048K(499200K)] 885090K->423079K(1023488K), 0.0324382 secs] [Times: user=0.05 sys=0.04, real=0.03 secs] 
2021-05-28T14:03:45.307+0800: 1225976.959: [GC (Allocation Failure) [PSYoungGen: 492672K->18336K(500736K)] 897703K->434069K(1025024K), 0.0436006 secs] [Times: user=0.05 sys=0.05, real=0.04 secs] 
2021-05-28T14:08:49.049+0800: 1226280.701: [GC (Allocation Failure) [PSYoungGen: 495008K->21280K(498176K)] 910741K->447810K(1022464K), 0.0376501 secs] [Times: user=0.04 sys=0.05, real=0.04 secs] 
2021-05-28T14:13:55.390+0800: 1226587.042: [GC (Allocation Failure) [PSYoungGen: 497952K->17312K(500224K)] 924482K->456487K(1024512K), 0.0318529 secs] [Times: user=0.03 sys=0.05, real=0.04 secs] 
2021-05-28T14:19:00.561+0800: 1226892.213: [GC (Allocation Failure) [PSYoungGen: 492960K->20928K(499712K)] 932135K->470222K(1024000K), 0.0358358 secs] [Times: user=0.05 sys=0.05, real=0.04 secs] 
2021-05-28T14:24:09.507+0800: 1227201.159: [GC (Allocation Failure) [PSYoungGen: 496576K->17760K(500224K)] 945870K->479459K(1024512K), 0.0391704 secs] [Times: user=0.05 sys=0.05, real=0.04 secs] 
2021-05-28T14:29:11.922+0800: 1227503.574: [GC (Allocation Failure) [PSYoungGen: 493408K->19520K(499712K)] 955107K->492089K(1024000K), 0.0401613 secs] [Times: user=0.05 sys=0.05, real=0.05 secs] 
2021-05-28T14:34:15.580+0800: 1227807.232: [GC (Allocation Failure) [PSYoungGen: 495168K->17088K(500736K)] 967737K->500021K(1025024K), 0.0271152 secs] [Times: user=0.03 sys=0.04, real=0.03 secs] 
2021-05-28T14:39:20.829+0800: 1228112.481: [GC (Allocation Failure) [PSYoungGen: 493760K->20256K(500224K)] 976693K->514145K(1024512K), 0.0364991 secs] [Times: user=0.04 sys=0.04, real=0.04 secs] 
2021-05-28T14:44:25.919+0800: 1228417.571: [GC (Allocation Failure) [PSYoungGen: 496928K->17120K(500736K)] 990817K->522300K(1025024K), 0.0360641 secs] [Times: user=0.05 sys=0.05, real=0.04 secs] 
2021-05-28T14:49:34.759+0800: 1228726.411: [GC (Allocation Failure) [PSYoungGen: 493792K->16480K(500224K)] 998972K->532456K(1024512K), 0.0358745 secs] [Times: user=0.05 sys=0.05, real=0.04 secs] 
2021-05-28T14:49:34.796+0800: 1228726.448: [Full GC (Ergonomics) [PSYoungGen: 16480K->0K(500224K)] [ParOldGen: 515976K->318897K(524288K)] 532456K->318897K(1024512K), [Metaspace: 96875K->96875K(1138688K)], 0.5597736 secs] [Times: user=1.19 sys=0.00, real=0.56 secs] 
2021-05-28T14:54:40.171+0800: 1229031.823: [GC (Allocation Failure) [PSYoungGen: 476672K->19168K(501248K)] 795569K->338065K(1025536K), 0.0279639 secs] [Times: user=0.03 sys=0.04, real=0.03 secs] 
2021-05-28T14:59:49.740+0800: 1229341.392: [GC (Allocation Failure) [PSYoungGen: 496864K->18112K(500736K)] 815761K->347759K(1025024K), 0.0467656 secs] [Times: user=0.05 sys=0.04, real=0.05 secs] 
2021-05-28T15:04:50.975+0800: 1229642.627: [GC (Allocation Failure) [PSYoungGen: 495808K->21024K(499712K)] 825455K->362501K(1024000K), 0.0341934 secs] [Times: user=0.04 sys=0.04, real=0.03 secs] 
2021-05-28T15:09:56.999+0800: 1229948.651: [GC (Allocation Failure) [PSYoungGen: 498208K->19328K(500736K)] 839685K->372235K(1025024K), 0.0329570 secs] [Times: user=0.09 sys=0.00, real=0.04 secs] 
2021-05-28T15:14:56.435+0800: 1230248.087: [GC (Allocation Failure) [PSYoungGen: 496512K->18016K(501248K)] 849419K->383103K(1025536K), 0.0350691 secs] [Times: user=0.04 sys=0.04, real=0.03 secs] 
2021-05-28T15:20:02.178+0800: 1230553.830: [GC (Allocation Failure) [PSYoungGen: 496224K->18400K(501248K)] 861311K->394827K(1025536K), 0.0399863 secs] [Times: user=0.05 sys=0.05, real=0.04 secs] 
2021-05-28T15:25:11.608+0800: 1230863.260: [GC (Allocation Failure) [PSYoungGen: 496608K->16928K(501760K)] 873035K->403401K(1026048K), 0.0366621 secs] [Times: user=0.04 sys=0.04, real=0.04 secs] 
2021-05-28T15:27:06.911+0800: 1230978.563: [GC (Allocation Failure) [PSYoungGen: 496160K->12116K(491520K)] 882633K->409639K(1015808K), 0.0238521 secs] [Times: user=0.04 sys=0.04, real=0.03 secs] 
2021-05-28T15:27:58.544+0800: 1231030.196: [GC (Allocation Failure) [PSYoungGen: 490011K->5213K(498176K)] 887535K->411661K(1022464K), 0.0205756 secs] [Times: user=0.03 sys=0.03, real=0.02 secs] 
2021-05-28T15:28:47.749+0800: 1231079.401: [GC (Allocation Failure) [PSYoungGen: 479994K->6781K(482304K)] 886442K->416322K(1006592K), 0.0174038 secs] [Times: user=0.03 sys=0.03, real=0.02 secs] 
2021-05-28T15:29:34.702+0800: 1231126.354: [GC (Allocation Failure) [PSYoungGen: 480880K->4288K(496640K)] 890421K->418711K(1020928K), 0.0161309 secs] [Times: user=0.03 sys=0.02, real=0.02 secs] 
2021-05-28T15:30:25.234+0800: 1231176.886: [GC (Allocation Failure) [PSYoungGen: 475121K->4256K(475648K)] 889545K->422283K(999936K), 0.0152059 secs] [Times: user=0.02 sys=0.02, real=0.01 secs] 
2021-05-28T15:31:15.341+0800: 1231226.993: [GC (Allocation Failure) [PSYoungGen: 474200K->4512K(497152K)] 892227K->426142K(1021440K), 0.0216365 secs] [Times: user=0.02 sys=0.02, real=0.03 secs] 
2021-05-28T15:32:03.372+0800: 1231275.024: [GC (Allocation Failure) [PSYoungGen: 474302K->4256K(497152K)] 895933K->429762K(1021440K), 0.0528009 secs] [Times: user=0.03 sys=0.03, real=0.06 secs] 
2021-05-28T15:32:50.148+0800: 1231321.800: [GC (Allocation Failure) [PSYoungGen: 473471K->4317K(497664K)] 898977K->433459K(1021952K), 0.0189782 secs] [Times: user=0.02 sys=0.02, real=0.02 secs] 
2021-05-28T15:33:40.624+0800: 1231372.276: [GC (Allocation Failure) [PSYoungGen: 473648K->4957K(497152K)] 902789K->436265K(1021440K), 0.0161416 secs] [Times: user=0.02 sys=0.03, real=0.01 secs] 
2021-05-28T15:34:30.514+0800: 1231422.166: [GC (Allocation Failure) [PSYoungGen: 474341K->4893K(498688K)] 905648K->439157K(1022976K), 0.0164268 secs] [Times: user=0.03 sys=0.02, real=0.01 secs] 
2021-05-28T15:35:18.764+0800: 1231470.416: [GC (Allocation Failure) [PSYoungGen: 477248K->3933K(498176K)] 911512K->441097K(1022464K), 0.0156529 secs] [Times: user=0.02 sys=0.02, real=0.01 secs] 
2021-05-28T15:36:07.032+0800: 1231518.684: [GC (Allocation Failure) [PSYoungGen: 475843K->5885K(500224K)] 913007K->444751K(1024512K), 0.0156046 secs] [Times: user=0.02 sys=0.02, real=0.01 secs] 
2021-05-28T15:36:58.523+0800: 1231570.175: [GC (Allocation Failure) [PSYoungGen: 479930K->3648K(499200K)] 918796K->446421K(1023488K), 0.0189966 secs] [Times: user=0.02 sys=0.02, real=0.01 secs] 
2021-05-28T15:37:47.858+0800: 1231619.510: [GC (Allocation Failure) [PSYoungGen: 478782K->4704K(501760K)] 921556K->450393K(1026048K), 0.0207665 secs] [Times: user=0.02 sys=0.02, real=0.02 secs] 
2021-05-28T15:38:34.961+0800: 1231666.613: [GC (Allocation Failure) [PSYoungGen: 481726K->5181K(500736K)] 927415K->455018K(1025024K), 0.0165826 secs] [Times: user=0.02 sys=0.03, real=0.02 secs] 
2021-05-28T15:39:26.528+0800: 1231718.180: [GC (Allocation Failure) [PSYoungGen: 482945K->6333K(503808K)] 932782K->459398K(1028096K), 0.0224687 secs] [Times: user=0.02 sys=0.03, real=0.02 secs] 
2021-05-28T15:40:16.814+0800: 1231768.466: [GC (Allocation Failure) [PSYoungGen: 488637K->4288K(502784K)] 941702K->461731K(1027072K), 0.0487977 secs] [Times: user=0.03 sys=0.03, real=0.05 secs] 
2021-05-28T15:41:05.086+0800: 1231816.738: [GC (Allocation Failure) [PSYoungGen: 485576K->4320K(505344K)] 943019K->465367K(1029632K), 0.0147389 secs] [Times: user=0.05 sys=0.00, real=0.01 secs] 
2021-05-28T15:41:56.062+0800: 1231867.714: [GC (Allocation Failure) [PSYoungGen: 489696K->5597K(504320K)] 950743K->470360K(1028608K), 0.0186262 secs] [Times: user=0.02 sys=0.03, real=0.02 secs] 
2021-05-28T15:42:46.547+0800: 1231918.199: [GC (Allocation Failure) [PSYoungGen: 490973K->4064K(506880K)] 955736K->472461K(1031168K), 0.0151324 secs] [Times: user=0.02 sys=0.02, real=0.02 secs] 
2021-05-28T15:43:34.977+0800: 1231966.629: [GC (Allocation Failure) [PSYoungGen: 493024K->3936K(506368K)] 961421K->475722K(1030656K), 0.0143444 secs] [Times: user=0.02 sys=0.03, real=0.01 secs] 
2021-05-28T15:44:26.359+0800: 1232018.011: [GC (Allocation Failure) [PSYoungGen: 492896K->4864K(508416K)] 964682K->480037K(1032704K), 0.0193580 secs] [Times: user=0.03 sys=0.02, real=0.02 secs] 
2021-05-28T15:45:17.351+0800: 1232069.003: [GC (Allocation Failure) [PSYoungGen: 496384K->5597K(507392K)] 971557K->485015K(1031680K), 0.0174353 secs] [Times: user=0.02 sys=0.02, real=0.02 secs] 
2021-05-28T15:46:06.986+0800: 1232118.638: [GC (Allocation Failure) [PSYoungGen: 497117K->3808K(509440K)] 976535K->486853K(1033728K), 0.0189433 secs] [Times: user=0.02 sys=0.02, real=0.02 secs] 
2021-05-28T15:47:00.276+0800: 1232171.928: [GC (Allocation Failure) [PSYoungGen: 497888K->2688K(508928K)] 980933K->488929K(1033216K), 0.0139850 secs] [Times: user=0.03 sys=0.02, real=0.01 secs] 
2021-05-28T15:47:49.744+0800: 1232221.396: [GC (Allocation Failure) [PSYoungGen: 496768K->3808K(510464K)] 983009K->491999K(1034752K), 0.0139601 secs] [Times: user=0.02 sys=0.03, real=0.01 secs] 
2021-05-28T15:48:39.720+0800: 1232271.372: [GC (Allocation Failure) [PSYoungGen: 499936K->3680K(509952K)] 988127K->495019K(1034240K), 0.0151703 secs] [Times: user=0.03 sys=0.03, real=0.02 secs] 
2021-05-28T15:49:31.237+0800: 1232322.889: [GC (Allocation Failure) [PSYoungGen: 499808K->4768K(512000K)] 991147K->499000K(1036288K), 0.0139790 secs] [Times: user=0.02 sys=0.02, real=0.01 secs] 
2021-05-28T15:50:20.673+0800: 1232372.325: [GC (Allocation Failure) [PSYoungGen: 502781K->5629K(510976K)] 997013K->504024K(1035264K), 0.0157745 secs] [Times: user=0.02 sys=0.03, real=0.01 secs] 
2021-05-28T15:51:15.164+0800: 1232426.816: [GC (Allocation Failure) [PSYoungGen: 504128K->6493K(512512K)] 1002523K->508508K(1036800K), 0.0149262 secs] [Times: user=0.02 sys=0.03, real=0.01 secs] 
2021-05-28T15:52:32.245+0800: 1232503.897: [GC (Allocation Failure) [PSYoungGen: 507229K->7936K(508928K)] 1009244K->514529K(1033216K), 0.0177110 secs] [Times: user=0.06 sys=0.00, real=0.02 secs] 
2021-05-28T15:57:50.628+0800: 1232822.280: [GC (Allocation Failure) [PSYoungGen: 508672K->12288K(498688K)] 1015265K->531950K(1022976K), 0.0327771 secs] [Times: user=0.04 sys=0.05, real=0.03 secs] 
2021-05-28T15:57:50.662+0800: 1232822.314: [Full GC (Ergonomics) [PSYoungGen: 12288K->0K(498688K)] [ParOldGen: 519662K->303274K(524288K)] 531950K->303274K(1022976K), [Metaspace: 96891K->96891K(1138688K)], 0.8133423 secs] [Times: user=2.06 sys=0.00, real=0.82 secs] 
2021-05-28T16:03:00.474+0800: 1233132.126: [GC (Allocation Failure) [PSYoungGen: 486400K->18816K(505344K)] 789674K->322090K(1029632K), 0.0394164 secs] [Times: user=0.05 sys=0.04, real=0.04 secs] 
2021-05-28T16:08:08.939+0800: 1233440.591: [GC (Allocation Failure) [PSYoungGen: 505216K->18912K(484864K)] 808490K->334502K(1009152K), 0.0710683 secs] [Times: user=0.04 sys=0.05, real=0.07 secs] 
2021-05-28T16:13:03.070+0800: 1233734.722: [GC (Allocation Failure) [PSYoungGen: 484832K->18560K(484864K)] 800422K->344324K(1009152K), 0.0555202 secs] [Times: user=0.07 sys=0.08, real=0.06 secs] 
2021-05-28T16:17:57.264+0800: 1234028.916: [GC (Allocation Failure) [PSYoungGen: 484480K->20000K(492032K)] 810244K->357626K(1016320K), 0.0353529 secs] [Times: user=0.05 sys=0.04, real=0.03 secs] 
2021-05-28T16:22:56.918+0800: 1234328.570: [GC (Allocation Failure) [PSYoungGen: 481824K->17504K(493056K)] 819450K->365576K(1017344K), 0.0332706 secs] [Times: user=0.04 sys=0.04, real=0.03 secs] 
2021-05-28T16:27:52.646+0800: 1234624.298: [GC (Allocation Failure) [PSYoungGen: 479328K->19904K(492032K)] 827400K->378430K(1016320K), 0.0820935 secs] [Times: user=0.04 sys=0.05, real=0.08 secs] 
2021-05-28T16:32:48.332+0800: 1234919.984: [GC (Allocation Failure) [PSYoungGen: 480704K->18240K(492544K)] 839230K->388441K(1016832K), 0.0380922 secs] [Times: user=0.05 sys=0.05, real=0.04 secs] 
2021-05-28T16:37:47.920+0800: 1235219.572: [GC (Allocation Failure) [PSYoungGen: 479040K->16672K(493056K)] 849241K->396831K(1017344K), 0.0449811 secs] [Times: user=0.04 sys=0.05, real=0.05 secs] 
2021-05-28T16:42:40.182+0800: 1235511.834: [GC (Allocation Failure) [PSYoungGen: 477984K->18368K(492544K)] 858143K->408572K(1016832K), 0.0322923 secs] [Times: user=0.04 sys=0.04, real=0.04 secs] 
2021-05-28T16:47:38.490+0800: 1235810.142: [GC (Allocation Failure) [PSYoungGen: 479680K->17472K(494080K)] 869884K->418161K(1018368K), 0.0298432 secs] [Times: user=0.04 sys=0.04, real=0.03 secs] 
2021-05-28T16:52:34.856+0800: 1236106.508: [GC (Allocation Failure) [PSYoungGen: 480832K->16352K(493568K)] 881521K->428647K(1017856K), 0.0312243 secs] [Times: user=0.09 sys=0.00, real=0.03 secs] 
2021-05-28T16:57:36.393+0800: 1236408.045: [GC (Allocation Failure) [PSYoungGen: 479712K->20192K(494080K)] 892007K->441925K(1018368K), 0.0303512 secs] [Times: user=0.04 sys=0.04, real=0.03 secs] 
2021-05-28T17:02:34.914+0800: 1236706.566: [GC (Allocation Failure) [PSYoungGen: 485088K->18112K(494592K)] 906821K->451674K(1018880K), 0.0757850 secs] [Times: user=0.04 sys=0.04, real=0.07 secs] 
2021-05-28T17:07:35.703+0800: 1237007.355: [GC (Allocation Failure) [PSYoungGen: 483008K->18848K(495104K)] 916570K->463784K(1019392K), 0.0347692 secs] [Times: user=0.08 sys=0.00, real=0.03 secs] 
2021-05-28T17:12:32.266+0800: 1237303.918: [GC (Allocation Failure) [PSYoungGen: 484768K->19392K(495104K)] 929704K->475167K(1019392K), 0.0353004 secs] [Times: user=0.05 sys=0.05, real=0.03 secs] 
2021-05-28T17:17:26.889+0800: 1237598.541: [GC (Allocation Failure) [PSYoungGen: 485312K->18208K(496128K)] 941087K->485476K(1020416K), 0.0317705 secs] [Times: user=0.04 sys=0.04, real=0.03 secs] 
2021-05-28T17:22:27.250+0800: 1237898.902: [GC (Allocation Failure) [PSYoungGen: 485664K->20192K(495616K)] 952932K->497465K(1019904K), 0.0328959 secs] [Times: user=0.08 sys=0.00, real=0.04 secs] 
2021-05-28T17:27:23.730+0800: 1238195.382: [GC (Allocation Failure) [PSYoungGen: 487648K->19616K(496128K)] 964921K->507150K(1020416K), 0.0415565 secs] [Times: user=0.10 sys=0.00, real=0.04 secs] 
2021-05-28T17:32:23.928+0800: 1238495.580: [GC (Allocation Failure) [PSYoungGen: 487072K->17888K(495616K)] 974606K->516355K(1019904K), 0.0333148 secs] [Times: user=0.04 sys=0.04, real=0.03 secs] 
2021-05-28T17:37:24.304+0800: 1238795.956: [GC (Allocation Failure) [PSYoungGen: 485344K->17248K(497664K)] 983811K->526192K(1021952K), 0.0353625 secs] [Times: user=0.04 sys=0.04, real=0.03 secs] 
2021-05-28T17:37:24.339+0800: 1238795.991: [Full GC (Ergonomics) [PSYoungGen: 17248K->0K(497664K)] [ParOldGen: 508944K->317855K(524288K)] 526192K->317855K(1021952K), [Metaspace: 96891K->96891K(1138688K)], 0.4670604 secs] [Times: user=1.05 sys=0.00, real=0.47 secs] 
2021-05-28T17:42:27.133+0800: 1239098.785: [GC (Allocation Failure) [PSYoungGen: 470016K->19840K(496640K)] 787871K->337695K(1020928K), 0.0293269 secs] [Times: user=0.04 sys=0.04, real=0.02 secs] 
2021-05-28T17:47:25.018+0800: 1239396.670: [GC (Allocation Failure) [PSYoungGen: 489856K->19168K(498176K)] 807711K->348108K(1022464K), 0.0368174 secs] [Times: user=0.04 sys=0.04, real=0.04 secs] 
2021-05-28T17:52:25.389+0800: 1239697.041: [GC (Allocation Failure) [PSYoungGen: 490720K->17632K(497664K)] 819660K->358001K(1021952K), 0.0363085 secs] [Times: user=0.04 sys=0.04, real=0.04 secs] 
2021-05-28T17:57:28.188+0800: 1239999.840: [GC (Allocation Failure) [PSYoungGen: 489184K->19168K(499200K)] 829553K->370638K(1023488K), 0.0367285 secs] [Times: user=0.05 sys=0.05, real=0.04 secs] 
2021-05-28T18:02:34.260+0800: 1240305.912: [GC (Allocation Failure) [PSYoungGen: 492768K->16448K(498688K)] 844238K->379746K(1022976K), 0.0413612 secs] [Times: user=0.05 sys=0.05, real=0.04 secs] 
2021-05-28T18:07:34.343+0800: 1240605.995: [GC (Allocation Failure) [PSYoungGen: 490048K->17504K(500224K)] 853346K->391559K(1024512K), 0.0380778 secs] [Times: user=0.05 sys=0.05, real=0.03 secs] 
2021-05-28T18:12:34.820+0800: 1240906.472: [GC (Allocation Failure) [PSYoungGen: 493152K->19488K(499712K)] 867207K->404861K(1024000K), 0.0420402 secs] [Times: user=0.05 sys=0.05, real=0.04 secs] 
2021-05-28T18:17:33.886+0800: 1241205.538: [GC (Allocation Failure) [PSYoungGen: 495136K->22144K(498176K)] 880509K->418020K(1022464K), 0.0406235 secs] [Times: user=0.05 sys=0.05, real=0.04 secs] 
2021-05-28T18:22:34.287+0800: 1241505.939: [GC (Allocation Failure) [PSYoungGen: 496256K->19136K(499200K)] 892132K->428064K(1023488K), 0.0364367 secs] [Times: user=0.05 sys=0.04, real=0.04 secs] 
2021-05-28T18:27:32.456+0800: 1241804.108: [GC (Allocation Failure) [PSYoungGen: 493248K->19904K(499712K)] 902176K->439742K(1024000K), 0.0323274 secs] [Times: user=0.04 sys=0.05, real=0.03 secs] 
2021-05-28T18:32:36.162+0800: 1242107.814: [GC (Allocation Failure) [PSYoungGen: 495040K->18688K(499712K)] 914878K->450260K(1024000K), 0.0329982 secs] [Times: user=0.04 sys=0.04, real=0.03 secs] 
2021-05-28T18:37:38.686+0800: 1242410.339: [GC (Allocation Failure) [PSYoungGen: 493824K->17760K(500736K)] 925396K->462530K(1025024K), 0.0291947 secs] [Times: user=0.04 sys=0.04, real=0.03 secs] 
2021-05-28T18:42:42.904+0800: 1242714.556: [GC (Allocation Failure) [PSYoungGen: 494432K->19712K(500224K)] 939202K->475575K(1024512K), 0.0300129 secs] [Times: user=0.04 sys=0.04, real=0.03 secs] 
2021-05-28T18:47:44.174+0800: 1243015.826: [GC (Allocation Failure) [PSYoungGen: 496384K->18912K(500736K)] 952247K->486797K(1025024K), 0.0309564 secs] [Times: user=0.05 sys=0.04, real=0.03 secs] 
2021-05-28T18:52:43.665+0800: 1243315.317: [GC (Allocation Failure) [PSYoungGen: 496096K->18432K(500736K)] 963981K->498210K(1025024K), 0.0318706 secs] [Times: user=0.09 sys=0.00, real=0.03 secs] 
2021-05-28T18:57:45.116+0800: 1243616.768: [GC (Allocation Failure) [PSYoungGen: 495616K->21120K(500224K)] 975394K->512024K(1024512K), 0.0390993 secs] [Times: user=0.04 sys=0.04, real=0.04 secs] 
2021-05-28T19:02:44.593+0800: 1243916.245: [GC (Allocation Failure) [PSYoungGen: 498304K->19914K(500736K)] 989208K->521719K(1025024K), 0.0358109 secs] [Times: user=0.04 sys=0.06, real=0.03 secs] 
2021-05-28T19:07:48.917+0800: 1244220.569: [GC (Allocation Failure) [PSYoungGen: 497098K->18784K(501248K)] 998903K->532644K(1025536K), 0.0329278 secs] [Times: user=0.09 sys=0.00, real=0.03 secs] 
2021-05-28T19:07:48.951+0800: 1244220.603: [Full GC (Ergonomics) [PSYoungGen: 18784K->0K(501248K)] [ParOldGen: 513860K->312303K(524288K)] 532644K->312303K(1025536K), [Metaspace: 96891K->96891K(1138688K)], 0.4138940 secs] [Times: user=0.95 sys=0.00, real=0.42 secs] 
2021-05-28T19:12:46.117+0800: 1244517.769: [GC (Allocation Failure) [PSYoungGen: 477696K->22400K(500224K)] 789999K->334703K(1024512K), 0.0304724 secs] [Times: user=0.04 sys=0.04, real=0.03 secs] 
2021-05-28T19:17:51.167+0800: 1244822.819: [GC (Allocation Failure) [PSYoungGen: 500096K->19456K(500736K)] 812399K->345499K(1025024K), 0.0317151 secs] [Times: user=0.04 sys=0.04, real=0.03 secs] 
2021-05-28T19:22:54.905+0800: 1245126.558: [GC (Allocation Failure) [PSYoungGen: 496128K->19712K(500224K)] 822171K->355714K(1024512K), 0.0318402 secs] [Times: user=0.07 sys=0.00, real=0.03 secs] 
2021-05-28T19:27:58.307+0800: 1245429.959: [GC (Allocation Failure) [PSYoungGen: 496384K->19872K(501248K)] 832386K->366823K(1025536K), 0.0327393 secs] [Times: user=0.03 sys=0.05, real=0.03 secs] 
2021-05-28T19:33:01.404+0800: 1245733.057: [GC (Allocation Failure) [PSYoungGen: 498080K->18816K(501248K)] 845031K->376181K(1025536K), 0.0347021 secs] [Times: user=0.04 sys=0.04, real=0.03 secs] 
2021-05-28T19:38:07.483+0800: 1246039.135: [GC (Allocation Failure) [PSYoungGen: 497024K->19488K(501760K)] 854389K->388443K(1026048K), 0.0392745 secs] [Times: user=0.05 sys=0.05, real=0.04 secs] 
2021-05-28T19:43:20.735+0800: 1246352.387: [GC (Allocation Failure) [PSYoungGen: 498208K->18368K(501248K)] 867163K->398880K(1025536K), 0.0303967 secs] [Times: user=0.04 sys=0.04, real=0.03 secs] 
2021-05-28T19:48:28.371+0800: 1246660.024: [GC (Allocation Failure) [PSYoungGen: 497088K->16672K(501760K)] 877600K->408932K(1026048K), 0.0308693 secs] [Times: user=0.04 sys=0.04, real=0.04 secs] 
2021-05-28T19:53:32.814+0800: 1246964.466: [GC (Allocation Failure) [PSYoungGen: 495904K->19360K(501760K)] 888164K->421178K(1026048K), 0.0326776 secs] [Times: user=0.04 sys=0.04, real=0.03 secs] 
2021-05-28T19:58:39.142+0800: 1247270.794: [GC (Allocation Failure) [PSYoungGen: 498592K->18336K(502272K)] 900410K->431759K(1026560K), 0.0307284 secs] [Times: user=0.04 sys=0.05, real=0.04 secs] 
2021-05-28T20:03:45.929+0800: 1247577.581: [GC (Allocation Failure) [PSYoungGen: 498080K->19200K(501760K)] 911503K->443724K(1026048K), 0.0521180 secs] [Times: user=0.08 sys=0.00, real=0.05 secs] 
2021-05-28T20:08:51.073+0800: 1247882.725: [GC (Allocation Failure) [PSYoungGen: 498944K->19520K(502272K)] 923468K->455137K(1026560K), 0.0767999 secs] [Times: user=0.09 sys=0.00, real=0.07 secs] 
2021-05-28T20:13:57.047+0800: 1248188.699: [GC (Allocation Failure) [PSYoungGen: 499776K->18720K(502272K)] 935393K->466191K(1026560K), 0.0327830 secs] [Times: user=0.04 sys=0.04, real=0.03 secs] 
2021-05-28T20:19:02.079+0800: 1248493.731: [GC (Allocation Failure) [PSYoungGen: 498976K->19712K(502784K)] 946447K->478508K(1027072K), 0.0326656 secs] [Times: user=0.05 sys=0.04, real=0.03 secs] 
2021-05-28T20:24:11.064+0800: 1248802.716: [GC (Allocation Failure) [PSYoungGen: 500992K->16288K(497664K)] 959788K->487752K(1021952K), 0.0355210 secs] [Times: user=0.04 sys=0.04, real=0.03 secs] 
2021-05-28T20:29:17.992+0800: 1249109.644: [GC (Allocation Failure) [PSYoungGen: 497568K->18240K(502272K)] 969032K->500877K(1026560K), 0.0727737 secs] [Times: user=0.05 sys=0.05, real=0.08 secs] 
2021-05-28T20:34:24.739+0800: 1249416.391: [GC (Allocation Failure) [PSYoungGen: 498496K->19232K(502272K)] 981133K->513027K(1026560K), 0.0393855 secs] [Times: user=0.04 sys=0.04, real=0.04 secs] 
2021-05-28T20:39:31.506+0800: 1249723.158: [GC (Allocation Failure) [PSYoungGen: 499488K->18336K(502784K)] 993283K->523697K(1027072K), 0.0518293 secs] [Times: user=0.04 sys=0.04, real=0.05 secs] 
2021-05-28T20:44:41.317+0800: 1250032.969: [GC (Allocation Failure) [PSYoungGen: 499616K->18432K(502784K)] 1004977K->535206K(1027072K), 0.0317118 secs] [Times: user=0.04 sys=0.05, real=0.03 secs] 
2021-05-28T20:44:41.349+0800: 1250033.001: [Full GC (Ergonomics) [PSYoungGen: 18432K->0K(502784K)] [ParOldGen: 516774K->318082K(524288K)] 535206K->318082K(1027072K), [Metaspace: 96891K->96891K(1138688K)], 0.4254328 secs] [Times: user=0.93 sys=0.00, real=0.43 secs] 
2021-05-28T20:49:46.853+0800: 1250338.505: [GC (Allocation Failure) [PSYoungGen: 481280K->19072K(503296K)] 799362K->337154K(1027584K), 0.0269523 secs] [Times: user=0.03 sys=0.04, real=0.02 secs] 
2021-05-28T20:54:54.891+0800: 1250646.543: [GC (Allocation Failure) [PSYoungGen: 500864K->15776K(502784K)] 818946K->347379K(1027072K), 0.0339779 secs] [Times: user=0.08 sys=0.00, real=0.04 secs] 
2021-05-28T21:00:01.003+0800: 1250952.655: [GC (Allocation Failure) [PSYoungGen: 497568K->16576K(502784K)] 829171K->358872K(1027072K), 0.0344201 secs] [Times: user=0.04 sys=0.03, real=0.03 secs] 
2021-05-28T21:05:09.263+0800: 1251260.915: [GC (Allocation Failure) [PSYoungGen: 497856K->19936K(501248K)] 840152K->372525K(1025536K), 0.0357276 secs] [Times: user=0.04 sys=0.05, real=0.03 secs] 
2021-05-28T21:10:14.653+0800: 1251566.305: [GC (Allocation Failure) [PSYoungGen: 501216K->21984K(493056K)] 853805K->384994K(1017344K), 0.0374201 secs] [Times: user=0.05 sys=0.05, real=0.03 secs] 
2021-05-28T21:15:19.656+0800: 1251871.308: [GC (Allocation Failure) [PSYoungGen: 493024K->17472K(497664K)] 856034K->392311K(1021952K), 0.0293850 secs] [Times: user=0.08 sys=0.00, real=0.03 secs] 
2021-05-28T21:20:21.777+0800: 1252173.429: [GC (Allocation Failure) [PSYoungGen: 488512K->17696K(498176K)] 863351K->404221K(1022464K), 0.0353693 secs] [Times: user=0.03 sys=0.04, real=0.04 secs] 
2021-05-28T21:25:20.944+0800: 1252472.597: [GC (Allocation Failure) [PSYoungGen: 489248K->17088K(497664K)] 875773K->416442K(1021952K), 0.0302828 secs] [Times: user=0.07 sys=0.00, real=0.03 secs] 
2021-05-28T21:30:21.151+0800: 1252772.803: [GC (Allocation Failure) [PSYoungGen: 488640K->21920K(497664K)] 887994K->431177K(1021952K), 0.0360281 secs] [Times: user=0.04 sys=0.04, real=0.04 secs] 
2021-05-28T21:35:21.490+0800: 1253073.142: [GC (Allocation Failure) [PSYoungGen: 493984K->18400K(498176K)] 903241K->440198K(1022464K), 0.0293948 secs] [Times: user=0.04 sys=0.04, real=0.03 secs] 
2021-05-28T21:40:23.434+0800: 1253375.086: [GC (Allocation Failure) [PSYoungGen: 490464K->16800K(498688K)] 912262K->450195K(1022976K), 0.0281653 secs] [Times: user=0.08 sys=0.00, real=0.03 secs] 
2021-05-28T21:45:27.301+0800: 1253678.953: [GC (Allocation Failure) [PSYoungGen: 489888K->16032K(498688K)] 923283K->460415K(1022976K), 0.0722648 secs] [Times: user=0.04 sys=0.04, real=0.08 secs] 
2021-05-28T21:50:27.433+0800: 1253979.085: [GC (Allocation Failure) [PSYoungGen: 489114K->20000K(499200K)] 933498K->473686K(1023488K), 0.0330459 secs] [Times: user=0.05 sys=0.04, real=0.03 secs] 
2021-05-28T21:55:33.095+0800: 1254284.747: [GC (Allocation Failure) [PSYoungGen: 493600K->16480K(498688K)] 947286K->482489K(1022976K), 0.0313870 secs] [Times: user=0.04 sys=0.04, real=0.03 secs] 
2021-05-28T22:00:37.586+0800: 1254589.238: [GC (Allocation Failure) [PSYoungGen: 490080K->15936K(499200K)] 956089K->491349K(1023488K), 0.0311281 secs] [Times: user=0.03 sys=0.04, real=0.03 secs] 
2021-05-28T22:05:40.425+0800: 1254892.077: [GC (Allocation Failure) [PSYoungGen: 490048K->15776K(499200K)] 965461K->501120K(1023488K), 0.0309410 secs] [Times: user=0.04 sys=0.05, real=0.03 secs] 
2021-05-28T22:10:44.496+0800: 1255196.148: [GC (Allocation Failure) [PSYoungGen: 489888K->15648K(499712K)] 975232K->510932K(1024000K), 0.0290560 secs] [Times: user=0.03 sys=0.03, real=0.03 secs] 
2021-05-28T22:15:43.003+0800: 1255494.655: [GC (Allocation Failure) [PSYoungGen: 490784K->19936K(499712K)] 986068K->525371K(1024000K), 0.0332526 secs] [Times: user=0.04 sys=0.04, real=0.03 secs] 
2021-05-28T22:20:43.005+0800: 1255794.657: [GC (Allocation Failure) [PSYoungGen: 495072K->23008K(497664K)] 1000507K->538770K(1021952K), 0.0471286 secs] [Times: user=0.11 sys=0.00, real=0.05 secs] 
2021-05-28T22:20:43.053+0800: 1255794.705: [Full GC (Ergonomics) [PSYoungGen: 23008K->0K(497664K)] [ParOldGen: 515762K->314675K(524288K)] 538770K->314675K(1021952K), [Metaspace: 96891K->96888K(1138688K)], 0.6565794 secs] [Times: user=1.35 sys=0.00, real=0.65 secs] 
2021-05-28T22:25:45.451+0800: 1256097.103: [GC (Allocation Failure) [PSYoungGen: 473088K->18144K(498688K)] 787763K->332819K(1022976K), 0.0314030 secs] [Times: user=0.09 sys=0.00, real=0.04 secs] 
2021-05-28T22:30:47.952+0800: 1256399.604: [GC (Allocation Failure) [PSYoungGen: 491232K->18368K(499712K)] 805907K->346238K(1024000K), 0.0670889 secs] [Times: user=0.10 sys=0.00, real=0.07 secs] 
2021-05-28T22:35:45.737+0800: 1256697.389: [GC (Allocation Failure) [PSYoungGen: 492992K->22304K(497152K)] 820862K->361022K(1021440K), 0.0435060 secs] [Times: user=0.05 sys=0.05, real=0.04 secs] 
2021-05-28T22:40:48.702+0800: 1257000.354: [GC (Allocation Failure) [PSYoungGen: 496928K->17888K(499200K)] 835646K->367979K(1023488K), 0.0295081 secs] [Times: user=0.04 sys=0.04, real=0.03 secs] 
2021-05-28T22:45:47.748+0800: 1257299.400: [GC (Allocation Failure) [PSYoungGen: 491488K->21888K(498688K)] 841579K->382649K(1022976K), 0.0390823 secs] [Times: user=0.10 sys=0.00, real=0.04 secs] 
2021-05-28T22:50:50.074+0800: 1257601.726: [GC (Allocation Failure) [PSYoungGen: 495488K->20512K(498688K)] 856249K->392839K(1022976K), 0.0367167 secs] [Times: user=0.04 sys=0.04, real=0.03 secs] 
2021-05-28T22:55:53.141+0800: 1257904.793: [GC (Allocation Failure) [PSYoungGen: 493600K->19840K(498688K)] 865927K->403540K(1022976K), 0.0345329 secs] [Times: user=0.04 sys=0.05, real=0.04 secs] 
2021-05-28T23:00:59.193+0800: 1258210.845: [GC (Allocation Failure) [PSYoungGen: 492928K->17824K(499712K)] 876628K->413192K(1024000K), 0.0426752 secs] [Times: user=0.04 sys=0.04, real=0.04 secs] 
2021-05-28T23:06:03.524+0800: 1258515.176: [GC (Allocation Failure) [PSYoungGen: 492448K->18848K(499200K)] 887816K->424190K(1023488K), 0.0345590 secs] [Times: user=0.04 sys=0.04, real=0.03 secs] 
2021-05-28T23:11:03.586+0800: 1258815.238: [GC (Allocation Failure) [PSYoungGen: 493472K->18816K(500224K)] 898814K->435659K(1024512K), 0.0348313 secs] [Times: user=0.05 sys=0.05, real=0.03 secs] 
2021-05-28T23:16:09.356+0800: 1259121.008: [GC (Allocation Failure) [PSYoungGen: 494976K->14368K(500224K)] 911819K->442694K(1024512K), 0.0311656 secs] [Times: user=0.04 sys=0.04, real=0.03 secs] 
2021-05-28T23:21:10.122+0800: 1259421.774: [GC (Allocation Failure) [PSYoungGen: 490528K->17792K(500736K)] 918854K->455194K(1025024K), 0.0327459 secs] [Times: user=0.04 sys=0.04, real=0.04 secs] 
2021-05-28T23:26:14.429+0800: 1259726.081: [GC (Allocation Failure) [PSYoungGen: 494464K->18880K(500224K)] 931866K->466471K(1024512K), 0.0302439 secs] [Times: user=0.04 sys=0.04, real=0.03 secs] 
2021-05-28T23:31:18.143+0800: 1260029.795: [GC (Allocation Failure) [PSYoungGen: 495552K->18720K(501248K)] 943143K->477653K(1025536K), 0.0400228 secs] [Times: user=0.05 sys=0.06, real=0.04 secs] 
2021-05-28T23:36:23.364+0800: 1260335.016: [GC (Allocation Failure) [PSYoungGen: 496416K->20000K(500736K)] 955349K->489218K(1025024K), 0.0457939 secs] [Times: user=0.11 sys=0.00, real=0.04 secs] 
2021-05-28T23:41:26.834+0800: 1260638.486: [GC (Allocation Failure) [PSYoungGen: 497696K->20032K(501248K)] 966914K->501511K(1025536K), 0.0407178 secs] [Times: user=0.05 sys=0.06, real=0.04 secs] 
2021-05-28T23:46:30.763+0800: 1260942.415: [GC (Allocation Failure) [PSYoungGen: 498240K->20736K(499200K)] 979719K->513518K(1023488K), 0.0644744 secs] [Times: user=0.11 sys=0.00, real=0.06 secs] 
2021-05-28T23:51:37.565+0800: 1261249.217: [GC (Allocation Failure) [PSYoungGen: 498944K->21632K(499712K)] 991726K->526012K(1024000K), 0.0501370 secs] [Times: user=0.04 sys=0.05, real=0.05 secs] 
2021-05-28T23:56:43.834+0800: 1261555.487: [GC (Allocation Failure) [PSYoungGen: 497792K->17056K(500224K)] 1002172K->533737K(1024512K), 0.0311066 secs] [Times: user=0.04 sys=0.04, real=0.03 secs] 
2021-05-28T23:56:43.866+0800: 1261555.518: [Full GC (Ergonomics) [PSYoungGen: 17056K->0K(500224K)] [ParOldGen: 516681K->311955K(524288K)] 533737K->311955K(1024512K), [Metaspace: 96891K->96891K(1138688K)], 0.5268897 secs] [Times: user=1.15 sys=0.00, real=0.53 secs] 
2021-05-29T00:01:39.368+0800: 1261851.020: [GC (Allocation Failure) [PSYoungGen: 476160K->14912K(500224K)] 788115K->326867K(1024512K), 0.0308852 secs] [Times: user=0.03 sys=0.03, real=0.03 secs] 
2021-05-29T00:06:44.312+0800: 1262155.964: [GC (Allocation Failure) [PSYoungGen: 491072K->19104K(500224K)] 803027K->342191K(1024512K), 0.0628945 secs] [Times: user=0.04 sys=0.04, real=0.07 secs] 
2021-05-29T00:11:48.079+0800: 1262459.731: [GC (Allocation Failure) [PSYoungGen: 495264K->19072K(500736K)] 818351K->353220K(1025024K), 0.0342202 secs] [Times: user=0.05 sys=0.05, real=0.04 secs] 
2021-05-29T00:16:53.683+0800: 1262765.335: [GC (Allocation Failure) [PSYoungGen: 495736K->18080K(500224K)] 829885K->364225K(1024512K), 0.0300543 secs] [Times: user=0.04 sys=0.04, real=0.03 secs] 
2021-05-29T00:21:59.247+0800: 1263070.899: [GC (Allocation Failure) [PSYoungGen: 494752K->19296K(501248K)] 840897K->376903K(1025536K), 0.0317626 secs] [Times: user=0.03 sys=0.04, real=0.03 secs] 
2021-05-29T00:27:04.043+0800: 1263375.695: [GC (Allocation Failure) [PSYoungGen: 497504K->19936K(501248K)] 855111K->388884K(1025536K), 0.0364486 secs] [Times: user=0.09 sys=0.00, real=0.03 secs] 
2021-05-29T00:32:09.229+0800: 1263680.881: [GC (Allocation Failure) [PSYoungGen: 498144K->19168K(501760K)] 867092K->399521K(1026048K), 0.0332527 secs] [Times: user=0.04 sys=0.04, real=0.04 secs] 
2021-05-29T00:37:22.434+0800: 1263994.086: [GC (Allocation Failure) [PSYoungGen: 497888K->16704K(501248K)] 878241K->408253K(1025536K), 0.0359792 secs] [Times: user=0.04 sys=0.06, real=0.03 secs] 
2021-05-29T00:42:31.199+0800: 1264302.851: [GC (Allocation Failure) [PSYoungGen: 495424K->18336K(501760K)] 886973K->419690K(1026048K), 0.0365449 secs] [Times: user=0.04 sys=0.04, real=0.04 secs] 
2021-05-29T00:47:35.004+0800: 1264606.656: [GC (Allocation Failure) [PSYoungGen: 497560K->19296K(501760K)] 898915K->431824K(1026048K), 0.0318692 secs] [Times: user=0.05 sys=0.04, real=0.03 secs] 
2021-05-29T00:52:43.455+0800: 1264915.107: [GC (Allocation Failure) [PSYoungGen: 498528K->18528K(502272K)] 911056K->443413K(1026560K), 0.0389336 secs] [Times: user=0.04 sys=0.04, real=0.04 secs] 
2021-05-29T00:57:53.834+0800: 1265225.487: [GC (Allocation Failure) [PSYoungGen: 498272K->20352K(501760K)] 923157K->454515K(1026048K), 0.0317326 secs] [Times: user=0.04 sys=0.04, real=0.03 secs] 
2021-05-29T01:02:52.981+0800: 1265524.633: [GC (Allocation Failure) [PSYoungGen: 500096K->17994K(502272K)] 934259K->465032K(1026560K), 0.0322188 secs] [Times: user=0.04 sys=0.04, real=0.04 secs] 
2021-05-29T01:07:57.147+0800: 1265828.799: [GC (Allocation Failure) [PSYoungGen: 497738K->18304K(501760K)] 944776K->475574K(1026048K), 0.0824684 secs] [Times: user=0.11 sys=0.00, real=0.08 secs] 
2021-05-29T01:13:05.434+0800: 1266137.087: [GC (Allocation Failure) [PSYoungGen: 498048K->15360K(502272K)] 955318K->483617K(1026560K), 0.0423821 secs] [Times: user=0.04 sys=0.05, real=0.04 secs] 
2021-05-29T01:18:09.282+0800: 1266440.934: [GC (Allocation Failure) [PSYoungGen: 495616K->20032K(500736K)] 963873K->498621K(1025024K), 0.0417956 secs] [Times: user=0.05 sys=0.05, real=0.04 secs] 
2021-05-29T01:23:16.840+0800: 1266748.492: [GC (Allocation Failure) [PSYoungGen: 500288K->18912K(502272K)] 978877K->507724K(1026560K), 0.0344975 secs] [Times: user=0.04 sys=0.04, real=0.04 secs] 
2021-05-29T01:28:27.524+0800: 1267059.176: [GC (Allocation Failure) [PSYoungGen: 498656K->18336K(501760K)] 987468K->520208K(1026048K), 0.0436538 secs] [Times: user=0.11 sys=0.00, real=0.04 secs] 
2021-05-29T01:33:34.160+0800: 1267365.812: [GC (Allocation Failure) [PSYoungGen: 498080K->19488K(502272K)] 999952K->532214K(1026560K), 0.0320589 secs] [Times: user=0.04 sys=0.04, real=0.04 secs] 
2021-05-29T01:33:34.193+0800: 1267365.845: [Full GC (Ergonomics) [PSYoungGen: 19488K->0K(502272K)] [ParOldGen: 512726K->314775K(524288K)] 532214K->314775K(1026560K), [Metaspace: 96891K->96891K(1138688K)], 0.5410591 secs] [Times: user=1.15 sys=0.00, real=0.54 secs] 
2021-05-29T01:38:44.278+0800: 1267675.930: [GC (Allocation Failure) [PSYoungGen: 480256K->19968K(502272K)] 795031K->334743K(1026560K), 0.0384676 secs] [Times: user=0.03 sys=0.04, real=0.04 secs] 
2021-05-29T01:43:51.284+0800: 1267982.936: [GC (Allocation Failure) [PSYoungGen: 500224K->19968K(502272K)] 814999K->347467K(1026560K), 0.0388771 secs] [Times: user=0.05 sys=0.05, real=0.04 secs] 
2021-05-29T01:49:01.394+0800: 1268293.046: [GC (Allocation Failure) [PSYoungGen: 500224K->17216K(502272K)] 827723K->356287K(1026560K), 0.0378090 secs] [Times: user=0.09 sys=0.00, real=0.04 secs] 
2021-05-29T01:54:10.518+0800: 1268602.170: [GC (Allocation Failure) [PSYoungGen: 497472K->20000K(501248K)] 836543K->369869K(1025536K), 0.0310148 secs] [Times: user=0.04 sys=0.05, real=0.03 secs] 
2021-05-29T01:59:16.548+0800: 1268908.200: [GC (Allocation Failure) [PSYoungGen: 499232K->17728K(501760K)] 849101K->379827K(1026048K), 0.0301918 secs] [Times: user=0.05 sys=0.04, real=0.03 secs] 
2021-05-29T02:04:26.591+0800: 1269218.243: [GC (Allocation Failure) [PSYoungGen: 496960K->20064K(501248K)] 859059K->392648K(1025536K), 0.0355462 secs] [Times: user=0.04 sys=0.05, real=0.04 secs] 
2021-05-29T02:09:31.684+0800: 1269523.336: [GC (Allocation Failure) [PSYoungGen: 499296K->19840K(501760K)] 871880K->403022K(1026048K), 0.0415549 secs] [Times: user=0.04 sys=0.05, real=0.04 secs] 
2021-05-29T02:14:41.507+0800: 1269833.159: [GC (Allocation Failure) [PSYoungGen: 499072K->18592K(502272K)] 882254K->412916K(1026560K), 0.0464238 secs] [Times: user=0.04 sys=0.04, real=0.05 secs] 
2021-05-29T02:19:51.280+0800: 1270142.932: [GC (Allocation Failure) [PSYoungGen: 498336K->16448K(501760K)] 892660K->423200K(1026048K), 0.0349903 secs] [Times: user=0.04 sys=0.04, real=0.04 secs] 
2021-05-29T02:25:00.535+0800: 1270452.187: [GC (Allocation Failure) [PSYoungGen: 496192K->16672K(501760K)] 902944K->433605K(1026048K), 0.0367596 secs] [Times: user=0.04 sys=0.05, real=0.04 secs] 
2021-05-29T02:30:07.169+0800: 1270758.821: [GC (Allocation Failure) [PSYoungGen: 495904K->18240K(501760K)] 912837K->446586K(1026048K), 0.0379132 secs] [Times: user=0.04 sys=0.04, real=0.04 secs] 
2021-05-29T02:35:14.519+0800: 1271066.171: [GC (Allocation Failure) [PSYoungGen: 497472K->17152K(502272K)] 925818K->457399K(1026560K), 0.0332752 secs] [Times: user=0.04 sys=0.04, real=0.04 secs] 
2021-05-29T02:40:16.928+0800: 1271368.580: [GC (Allocation Failure) [PSYoungGen: 497408K->21984K(502272K)] 937655K->473189K(1026560K), 0.1018417 secs] [Times: user=0.05 sys=0.05, real=0.10 secs] 
2021-05-29T02:45:27.036+0800: 1271678.688: [GC (Allocation Failure) [PSYoungGen: 502240K->18784K(493056K)] 953445K->482120K(1017344K), 0.0730317 secs] [Times: user=0.04 sys=0.05, real=0.07 secs] 
2021-05-29T02:50:28.708+0800: 1271980.360: [GC (Allocation Failure) [PSYoungGen: 489824K->17408K(497664K)] 953160K->491348K(1021952K), 0.0333633 secs] [Times: user=0.04 sys=0.05, real=0.03 secs] 
2021-05-29T02:55:29.035+0800: 1272280.687: [GC (Allocation Failure) [PSYoungGen: 488448K->17600K(498688K)] 962388K->502057K(1022976K), 0.0806876 secs] [Times: user=0.04 sys=0.04, real=0.08 secs] 
2021-05-29T03:00:32.420+0800: 1272584.072: [GC (Allocation Failure) [PSYoungGen: 490176K->16192K(498176K)] 974633K->512238K(1022464K), 0.0430346 secs] [Times: user=0.04 sys=0.03, real=0.05 secs] 
2021-05-29T03:05:35.243+0800: 1272886.895: [GC (Allocation Failure) [PSYoungGen: 488768K->19936K(498688K)] 984814K->526252K(1022976K), 0.0439912 secs] [Times: user=0.04 sys=0.05, real=0.04 secs] 
2021-05-29T03:10:37.614+0800: 1273189.266: [GC (Allocation Failure) [PSYoungGen: 493024K->20768K(498688K)] 999340K->538329K(1022976K), 0.0420169 secs] [Times: user=0.05 sys=0.05, real=0.04 secs] 
2021-05-29T03:10:37.657+0800: 1273189.309: [Full GC (Ergonomics) [PSYoungGen: 20768K->0K(498688K)] [ParOldGen: 517561K->314112K(524288K)] 538329K->314112K(1022976K), [Metaspace: 96891K->96891K(1138688K)], 0.5105373 secs] [Times: user=1.17 sys=0.00, real=0.51 secs] 
2021-05-29T03:15:42.004+0800: 1273493.656: [GC (Allocation Failure) [PSYoungGen: 473088K->17216K(499200K)] 787200K->331328K(1023488K), 0.0334000 secs] [Times: user=0.04 sys=0.03, real=0.03 secs] 
2021-05-29T03:20:44.909+0800: 1273796.561: [GC (Allocation Failure) [PSYoungGen: 490816K->18592K(498688K)] 804928K->343948K(1022976K), 0.0336869 secs] [Times: user=0.05 sys=0.04, real=0.04 secs] 
2021-05-29T03:25:48.842+0800: 1274100.494: [GC (Allocation Failure) [PSYoungGen: 492192K->17248K(499712K)] 817548K->355167K(1024000K), 0.0303826 secs] [Times: user=0.04 sys=0.04, real=0.04 secs] 
2021-05-29T03:30:57.869+0800: 1274409.521: [GC (Allocation Failure) [PSYoungGen: 492384K->17504K(499712K)] 830303K->365739K(1024000K), 0.0818320 secs] [Times: user=0.05 sys=0.05, real=0.08 secs] 
2021-05-29T03:36:03.549+0800: 1274715.201: [GC (Allocation Failure) [PSYoungGen: 492640K->17952K(500736K)] 840875K->376704K(1025024K), 0.0341446 secs] [Times: user=0.04 sys=0.04, real=0.04 secs] 
2021-05-29T03:41:09.538+0800: 1275021.190: [GC (Allocation Failure) [PSYoungGen: 494624K->18240K(500224K)] 853376K->387966K(1024512K), 0.0451650 secs] [Times: user=0.04 sys=0.04, real=0.05 secs] 
2021-05-29T03:46:18.230+0800: 1275329.882: [GC (Allocation Failure) [PSYoungGen: 494912K->18112K(501248K)] 864638K->397843K(1025536K), 0.0331191 secs] [Times: user=0.04 sys=0.03, real=0.04 secs] 
2021-05-29T03:51:27.592+0800: 1275639.244: [GC (Allocation Failure) [PSYoungGen: 495808K->16800K(500736K)] 875539K->407335K(1025024K), 0.0595229 secs] [Times: user=0.04 sys=0.04, real=0.06 secs] 
2021-05-29T03:56:32.949+0800: 1275944.601: [GC (Allocation Failure) [PSYoungGen: 494496K->18176K(501760K)] 885031K->419420K(1026048K), 0.0422885 secs] [Times: user=0.09 sys=0.00, real=0.04 secs] 
2021-05-29T04:01:37.795+0800: 1276249.447: [GC (Allocation Failure) [PSYoungGen: 496896K->18752K(501248K)] 898140K->431000K(1025536K), 0.0337521 secs] [Times: user=0.05 sys=0.05, real=0.03 secs] 
2021-05-29T04:06:45.362+0800: 1276557.015: [GC (Allocation Failure) [PSYoungGen: 497472K->19168K(502272K)] 909720K->442813K(1026560K), 0.0612024 secs] [Times: user=0.05 sys=0.04, real=0.06 secs] 
2021-05-29T04:11:52.948+0800: 1276864.600: [GC (Allocation Failure) [PSYoungGen: 499424K->20544K(501248K)] 923069K->455243K(1025536K), 0.0416443 secs] [Times: user=0.05 sys=0.05, real=0.04 secs] 
2021-05-29T04:16:58.670+0800: 1277170.322: [GC (Allocation Failure) [PSYoungGen: 500800K->18336K(502272K)] 935499K->464752K(1026560K), 0.0769410 secs] [Times: user=0.04 sys=0.05, real=0.08 secs] 
2021-05-29T04:22:06.976+0800: 1277478.628: [GC (Allocation Failure) [PSYoungGen: 498080K->19840K(501760K)] 944496K->476318K(1026048K), 0.0335820 secs] [Times: user=0.05 sys=0.05, real=0.03 secs] 
2021-05-29T04:27:17.426+0800: 1277789.078: [GC (Allocation Failure) [PSYoungGen: 499584K->17760K(502272K)] 956062K->486739K(1026560K), 0.0334427 secs] [Times: user=0.05 sys=0.05, real=0.03 secs] 
2021-05-29T04:32:25.445+0800: 1278097.097: [GC (Allocation Failure) [PSYoungGen: 497504K->16768K(501760K)] 966483K->496535K(1026048K), 0.0308210 secs] [Times: user=0.09 sys=0.00, real=0.03 secs] 
2021-05-29T04:37:33.103+0800: 1278404.755: [GC (Allocation Failure) [PSYoungGen: 496512K->17856K(502272K)] 976279K->508363K(1026560K), 0.0336219 secs] [Times: user=0.05 sys=0.04, real=0.03 secs] 
2021-05-29T04:42:36.070+0800: 1278707.722: [GC (Allocation Failure) [PSYoungGen: 498112K->17472K(502272K)] 988619K->518464K(1026560K), 0.0591535 secs] [Times: user=0.09 sys=0.00, real=0.06 secs] 
2021-05-29T04:47:41.254+0800: 1279012.906: [GC (Allocation Failure) [PSYoungGen: 497728K->20288K(502272K)] 998720K->531958K(1026560K), 0.0336099 secs] [Times: user=0.04 sys=0.04, real=0.03 secs] 
2021-05-29T04:52:50.684+0800: 1279322.336: [GC (Allocation Failure) --[PSYoungGen: 500544K->500544K(502272K)] 1012214K->1024827K(1026560K), 0.2908062 secs] [Times: user=0.35 sys=0.00, real=0.29 secs] 
2021-05-29T04:52:50.975+0800: 1279322.627: [Full GC (Ergonomics) [PSYoungGen: 500544K->0K(502272K)] [ParOldGen: 524283K->317593K(524288K)] 1024827K->317593K(1026560K), [Metaspace: 96891K->96891K(1138688K)], 0.4639602 secs] [Times: user=0.95 sys=0.03, real=0.46 secs] 
2021-05-29T04:58:02.650+0800: 1279634.302: [GC (Allocation Failure) [PSYoungGen: 480256K->20288K(500736K)] 797849K->337881K(1025024K), 0.0414245 secs] [Times: user=0.03 sys=0.04, real=0.04 secs] 
2021-05-29T05:03:12.488+0800: 1279944.140: [GC (Allocation Failure) [PSYoungGen: 500544K->19200K(501760K)] 818137K->351030K(1026048K), 0.0307478 secs] [Times: user=0.04 sys=0.04, real=0.03 secs] 
2021-05-29T05:08:21.072+0800: 1280252.724: [GC (Allocation Failure) [PSYoungGen: 498432K->17856K(501760K)] 830262K->362290K(1026048K), 0.0613073 secs] [Times: user=0.04 sys=0.05, real=0.07 secs] 
2021-05-29T05:13:24.707+0800: 1280556.359: [GC (Allocation Failure) [PSYoungGen: 497088K->19456K(502272K)] 841522K->373046K(1026560K), 0.0743861 secs] [Times: user=0.05 sys=0.05, real=0.07 secs] 
2021-05-29T05:18:32.231+0800: 1280863.883: [GC (Allocation Failure) [PSYoungGen: 499712K->18400K(502272K)] 853302K->383812K(1026560K), 0.0303406 secs] [Times: user=0.08 sys=0.00, real=0.03 secs] 
2021-05-29T05:23:38.426+0800: 1281170.078: [GC (Allocation Failure) [PSYoungGen: 498656K->18080K(502784K)] 864068K->395058K(1027072K), 0.0349382 secs] [Times: user=0.04 sys=0.05, real=0.03 secs] 
2021-05-29T05:28:44.166+0800: 1281475.818: [GC (Allocation Failure) [PSYoungGen: 498848K->21472K(502272K)] 875826K->408873K(1026560K), 0.0431860 secs] [Times: user=0.05 sys=0.05, real=0.04 secs] 
2021-05-29T05:33:48.721+0800: 1281780.373: [GC (Allocation Failure) [PSYoungGen: 502240K->20384K(494080K)] 889641K->419599K(1018368K), 0.0367001 secs] [Times: user=0.09 sys=0.00, real=0.04 secs] 
2021-05-29T05:38:55.988+0800: 1282087.640: [GC (Allocation Failure) [PSYoungGen: 492448K->16992K(498176K)] 891663K->428075K(1022464K), 0.0331414 secs] [Times: user=0.04 sys=0.04, real=0.03 secs] 
2021-05-29T05:43:58.435+0800: 1282390.087: [GC (Allocation Failure) [PSYoungGen: 489056K->17408K(498688K)] 900139K->439394K(1022976K), 0.0325936 secs] [Times: user=0.07 sys=0.00, real=0.03 secs] 
2021-05-29T05:48:56.892+0800: 1282688.544: [GC (Allocation Failure) [PSYoungGen: 490496K->19200K(498688K)] 912482K->451408K(1022976K), 0.0359790 secs] [Times: user=0.05 sys=0.05, real=0.04 secs] 
2021-05-29T05:54:00.608+0800: 1282992.260: [GC (Allocation Failure) [PSYoungGen: 492288K->16672K(499200K)] 924496K->460548K(1023488K), 0.0642777 secs] [Times: user=0.09 sys=0.00, real=0.07 secs] 
2021-05-29T05:59:07.131+0800: 1283298.783: [GC (Allocation Failure) [PSYoungGen: 490784K->17952K(499200K)] 934660K->473704K(1023488K), 0.0329340 secs] [Times: user=0.04 sys=0.04, real=0.04 secs] 
2021-05-29T06:04:14.961+0800: 1283606.613: [GC (Allocation Failure) [PSYoungGen: 492064K->18528K(500224K)] 947816K->484997K(1024512K), 0.0311391 secs] [Times: user=0.04 sys=0.05, real=0.04 secs] 
2021-05-29T06:09:17.641+0800: 1283909.293: [GC (Allocation Failure) [PSYoungGen: 494176K->19808K(499712K)] 960645K->497979K(1024000K), 0.0610670 secs] [Times: user=0.06 sys=0.06, real=0.06 secs] 
2021-05-29T06:14:23.926+0800: 1284215.578: [GC (Allocation Failure) [PSYoungGen: 495456K->18336K(500736K)] 973627K->508639K(1025024K), 0.0375270 secs] [Times: user=0.04 sys=0.04, real=0.04 secs] 
2021-05-29T06:19:28.436+0800: 1284520.088: [GC (Allocation Failure) [PSYoungGen: 495008K->19392K(500224K)] 985311K->520278K(1024512K), 0.0353300 secs] [Times: user=0.04 sys=0.04, real=0.03 secs] 
2021-05-29T06:24:36.071+0800: 1284827.723: [GC (Allocation Failure) [PSYoungGen: 496064K->17568K(501248K)] 996950K->529298K(1025536K), 0.0445392 secs] [Times: user=0.04 sys=0.04, real=0.05 secs] 
2021-05-29T06:24:36.116+0800: 1284827.768: [Full GC (Ergonomics) [PSYoungGen: 17568K->0K(501248K)] [ParOldGen: 511730K->305031K(524288K)] 529298K->305031K(1025536K), [Metaspace: 96891K->96891K(1138688K)], 0.4784218 secs] [Times: user=1.08 sys=0.00, real=0.48 secs] 
2021-05-29T06:29:43.004+0800: 1285134.656: [GC (Allocation Failure) [PSYoungGen: 477696K->19360K(500736K)] 782727K->324391K(1025024K), 0.0306835 secs] [Times: user=0.08 sys=0.00, real=0.03 secs] 
2021-05-29T06:34:49.273+0800: 1285440.925: [GC (Allocation Failure) [PSYoungGen: 497056K->16640K(501248K)] 802087K->335601K(1025536K), 0.0306829 secs] [Times: user=0.08 sys=0.00, real=0.03 secs] 
2021-05-29T06:39:57.145+0800: 1285748.797: [GC (Allocation Failure) [PSYoungGen: 494848K->20000K(501248K)] 813809K->348904K(1025536K), 0.0378004 secs] [Times: user=0.05 sys=0.05, real=0.04 secs] 
2021-05-29T06:45:09.001+0800: 1286060.653: [GC (Allocation Failure) [PSYoungGen: 498208K->19072K(501760K)] 827112K->359094K(1026048K), 0.0355740 secs] [Times: user=0.08 sys=0.00, real=0.04 secs] 
2021-05-29T06:50:15.460+0800: 1286367.112: [GC (Allocation Failure) [PSYoungGen: 497792K->20384K(501248K)] 837814K->371804K(1025536K), 0.0360790 secs] [Times: user=0.05 sys=0.04, real=0.04 secs] 
2021-05-29T06:55:23.404+0800: 1286675.056: [GC (Allocation Failure) [PSYoungGen: 499104K->16864K(501248K)] 850524K->379658K(1025536K), 0.0674905 secs] [Times: user=0.05 sys=0.05, real=0.06 secs] 
2021-05-29T07:00:31.812+0800: 1286983.464: [GC (Allocation Failure) [PSYoungGen: 495072K->16416K(501248K)] 857866K->390437K(1025536K), 0.0315229 secs] [Times: user=0.04 sys=0.04, real=0.04 secs] 
2021-05-29T07:05:28.140+0800: 1287279.792: [GC (Allocation Failure) [PSYoungGen: 494624K->18762K(501760K)] 868645K->402412K(1026048K), 0.0313134 secs] [Times: user=0.03 sys=0.04, real=0.03 secs] 
2021-05-29T07:10:32.796+0800: 1287584.448: [GC (Allocation Failure) [PSYoungGen: 497482K->19328K(501248K)] 881132K->414170K(1025536K), 0.0363138 secs] [Times: user=0.04 sys=0.04, real=0.04 secs] 
2021-05-29T07:15:41.819+0800: 1287893.471: [GC (Allocation Failure) [PSYoungGen: 498048K->19552K(501760K)] 892890K->425711K(1026048K), 0.0337445 secs] [Times: user=0.04 sys=0.04, real=0.04 secs] 
2021-05-29T07:20:49.371+0800: 1288201.023: [GC (Allocation Failure) [PSYoungGen: 498784K->20704K(500224K)] 904943K->437598K(1024512K), 0.0337919 secs] [Times: user=0.04 sys=0.04, real=0.04 secs] 
2021-05-29T07:25:52.651+0800: 1288504.304: [GC (Allocation Failure) [PSYoungGen: 499936K->19200K(501760K)] 916830K->447162K(1026048K), 0.0253577 secs] [Times: user=0.03 sys=0.03, real=0.03 secs] 
2021-05-29T07:30:57.758+0800: 1288809.410: [GC (Allocation Failure) [PSYoungGen: 497920K->20896K(501248K)] 925882K->459720K(1025536K), 0.0336865 secs] [Times: user=0.05 sys=0.05, real=0.03 secs] 
2021-05-29T07:36:02.734+0800: 1289114.386: [GC (Allocation Failure) [PSYoungGen: 499616K->18144K(501248K)] 938440K->468766K(1025536K), 0.0404255 secs] [Times: user=0.04 sys=0.04, real=0.04 secs] 
2021-05-29T07:41:04.203+0800: 1289415.855: [GC (Allocation Failure) [PSYoungGen: 496352K->18272K(501248K)] 946974K->480437K(1025536K), 0.0618689 secs] [Times: user=0.04 sys=0.04, real=0.06 secs] 
2021-05-29T07:46:10.068+0800: 1289721.720: [GC (Allocation Failure) [PSYoungGen: 496480K->19936K(501760K)] 958645K->492098K(1026048K), 0.0321653 secs] [Times: user=0.05 sys=0.05, real=0.03 secs] 
2021-05-29T07:51:17.758+0800: 1290029.410: [GC (Allocation Failure) [PSYoungGen: 499168K->18272K(501760K)] 971330K->503207K(1026048K), 0.0312831 secs] [Times: user=0.05 sys=0.04, real=0.03 secs] 
2021-05-29T07:56:22.821+0800: 1290334.473: [GC (Allocation Failure) [PSYoungGen: 497504K->18592K(502272K)] 982439K->515286K(1026560K), 0.0326470 secs] [Times: user=0.05 sys=0.04, real=0.04 secs] 
2021-05-29T08:01:28.150+0800: 1290639.802: [GC (Allocation Failure) [PSYoungGen: 498336K->17664K(501760K)] 995030K->525940K(1026048K), 0.0490373 secs] [Times: user=0.05 sys=0.05, real=0.05 secs] 
2021-05-29T08:06:33.310+0800: 1290944.962: [GC (Allocation Failure) [PSYoungGen: 497408K->18208K(502272K)] 1005684K->538306K(1026560K), 0.0305881 secs] [Times: user=0.04 sys=0.04, real=0.03 secs] 
2021-05-29T08:06:33.341+0800: 1290944.993: [Full GC (Ergonomics) [PSYoungGen: 18208K->0K(502272K)] [ParOldGen: 520098K->323991K(524288K)] 538306K->323991K(1026560K), [Metaspace: 96891K->96891K(1138688K)], 0.4701072 secs] [Times: user=0.98 sys=0.00, real=0.47 secs] 
2021-05-29T08:11:42.996+0800: 1291254.648: [GC (Allocation Failure) [PSYoungGen: 480256K->17120K(502272K)] 804247K->341111K(1026560K), 0.0301632 secs] [Times: user=0.03 sys=0.04, real=0.03 secs] 
2021-05-29T08:16:48.018+0800: 1291559.670: [GC (Allocation Failure) [PSYoungGen: 497376K->17984K(502784K)] 821367K->353058K(1027072K), 0.0324041 secs] [Times: user=0.04 sys=0.04, real=0.03 secs] 
2021-05-29T08:21:57.663+0800: 1291869.315: [GC (Allocation Failure) [PSYoungGen: 498752K->16096K(502272K)] 833826K->361845K(1026560K), 0.0390422 secs] [Times: user=0.04 sys=0.04, real=0.04 secs] 
2021-05-29T08:27:10.042+0800: 1292181.694: [GC (Allocation Failure) [PSYoungGen: 496864K->17216K(502784K)] 842613K->373195K(1027072K), 0.0522960 secs] [Times: user=0.08 sys=0.00, real=0.05 secs] 
2021-05-29T08:32:22.861+0800: 1292494.513: [GC (Allocation Failure) [PSYoungGen: 497984K->17280K(502272K)] 853963K->382376K(1026560K), 0.0407777 secs] [Times: user=0.10 sys=0.00, real=0.05 secs] 
2021-05-29T08:37:29.793+0800: 1292801.445: [GC (Allocation Failure) [PSYoungGen: 498048K->19296K(502784K)] 863144K->393958K(1027072K), 0.0339568 secs] [Times: user=0.08 sys=0.00, real=0.03 secs] 
2021-05-29T08:42:40.478+0800: 1293112.130: [GC (Allocation Failure) [PSYoungGen: 500576K->17152K(502784K)] 875238K->402778K(1027072K), 0.0286121 secs] [Times: user=0.04 sys=0.04, real=0.03 secs] 
2021-05-29T08:47:49.527+0800: 1293421.179: [GC (Allocation Failure) [PSYoungGen: 498432K->21312K(500736K)] 884058K->417848K(1025024K), 0.0330449 secs] [Times: user=0.04 sys=0.04, real=0.03 secs] 
2021-05-29T08:52:55.431+0800: 1293727.083: [GC (Allocation Failure) [PSYoungGen: 500544K->20192K(501760K)] 897080K->427732K(1026048K), 0.0742536 secs] [Times: user=0.04 sys=0.04, real=0.08 secs] 
2021-05-29T08:58:04.875+0800: 1294036.527: [GC (Allocation Failure) [PSYoungGen: 499424K->17312K(501760K)] 906964K->435793K(1026048K), 0.0305178 secs] [Times: user=0.04 sys=0.04, real=0.03 secs] 
2021-05-29T09:03:11.984+0800: 1294343.636: [GC (Allocation Failure) [PSYoungGen: 496544K->18752K(501760K)] 915025K->447902K(1026048K), 0.0682900 secs] [Times: user=0.05 sys=0.05, real=0.07 secs] 
2021-05-29T09:08:21.479+0800: 1294653.131: [GC (Allocation Failure) [PSYoungGen: 497984K->17920K(502272K)] 927134K->458531K(1026560K), 0.0328476 secs] [Times: user=0.05 sys=0.04, real=0.03 secs] 
2021-05-29T09:13:24.290+0800: 1294955.942: [GC (Allocation Failure) [PSYoungGen: 498176K->16800K(502272K)] 938787K->468846K(1026560K), 0.0333356 secs] [Times: user=0.04 sys=0.04, real=0.04 secs] 
2021-05-29T09:18:34.380+0800: 1295266.032: [GC (Allocation Failure) [PSYoungGen: 497056K->17664K(502784K)] 949102K->480227K(1027072K), 0.0408035 secs] [Times: user=0.07 sys=0.00, real=0.04 secs] 
2021-05-29T09:23:39.064+0800: 1295570.716: [GC (Allocation Failure) [PSYoungGen: 498432K->18944K(502272K)] 960995K->492441K(1026560K), 0.0307179 secs] [Times: user=0.04 sys=0.04, real=0.03 secs] 
2021-05-29T09:28:46.603+0800: 1295878.255: [GC (Allocation Failure) [PSYoungGen: 499712K->16256K(502784K)] 973209K->500572K(1027072K), 0.0299356 secs] [Times: user=0.08 sys=0.00, real=0.03 secs] 
2021-05-29T09:33:59.675+0800: 1296191.327: [GC (Allocation Failure) [PSYoungGen: 497536K->17536K(502784K)] 981852K->512129K(1027072K), 0.0425004 secs] [Times: user=0.09 sys=0.00, real=0.04 secs] 
2021-05-29T09:39:09.741+0800: 1296501.393: [GC (Allocation Failure) [PSYoungGen: 498816K->18496K(502784K)] 993409K->523566K(1027072K), 0.0313768 secs] [Times: user=0.04 sys=0.04, real=0.04 secs] 
2021-05-29T09:44:16.292+0800: 1296807.944: [GC (Allocation Failure) [PSYoungGen: 499776K->17600K(502784K)] 1004846K->534052K(1027072K), 0.0686863 secs] [Times: user=0.04 sys=0.04, real=0.07 secs] 
2021-05-29T09:44:16.361+0800: 1296808.013: [Full GC (Ergonomics) [PSYoungGen: 17600K->0K(502784K)] [ParOldGen: 516452K->302888K(524288K)] 534052K->302888K(1027072K), [Metaspace: 96891K->96888K(1138688K)], 0.4657423 secs] [Times: user=1.02 sys=0.00, real=0.47 secs] 
2021-05-29T09:49:24.666+0800: 1297116.318: [GC (Allocation Failure) [PSYoungGen: 481280K->17856K(503296K)] 784168K->320744K(1027584K), 0.0238386 secs] [Times: user=0.04 sys=0.04, real=0.02 secs] 
2021-05-29T09:54:34.917+0800: 1297426.569: [GC (Allocation Failure) [PSYoungGen: 500160K->18688K(503296K)] 803048K->337072K(1027584K), 0.0598072 secs] [Times: user=0.04 sys=0.05, real=0.06 secs] 
2021-05-29T09:59:42.147+0800: 1297733.799: [GC (Allocation Failure) [PSYoungGen: 500992K->18368K(503808K)] 819376K->347437K(1028096K), 0.0344004 secs] [Times: user=0.04 sys=0.04, real=0.03 secs] 
2021-05-29T10:04:50.724+0800: 1298042.376: [GC (Allocation Failure) [PSYoungGen: 501184K->18624K(503296K)] 830253K->357435K(1027584K), 0.0367135 secs] [Times: user=0.04 sys=0.04, real=0.03 secs] 
2021-05-29T10:09:56.312+0800: 1298347.964: [GC (Allocation Failure) [PSYoungGen: 501440K->20448K(494592K)] 840251K->369145K(1018880K), 0.0409604 secs] [Times: user=0.04 sys=0.05, real=0.04 secs] 
2021-05-29T10:14:59.090+0800: 1298650.742: [GC (Allocation Failure) [PSYoungGen: 494560K->17600K(499200K)] 843257K->378567K(1023488K), 0.0333425 secs] [Times: user=0.05 sys=0.04, real=0.04 secs] 
2021-05-29T10:20:02.186+0800: 1298953.838: [GC (Allocation Failure) [PSYoungGen: 491712K->15232K(498688K)] 852679K->387138K(1022976K), 0.0555219 secs] [Times: user=0.04 sys=0.04, real=0.05 secs] 
2021-05-29T10:25:11.210+0800: 1299262.862: [GC (Allocation Failure) [PSYoungGen: 489344K->16224K(499200K)] 861250K->399316K(1023488K), 0.0455659 secs] [Times: user=0.05 sys=0.05, real=0.05 secs] 
2021-05-29T10:30:21.430+0800: 1299573.082: [GC (Allocation Failure) [PSYoungGen: 490336K->14048K(498688K)] 873428K->408144K(1022976K), 0.0316342 secs] [Times: user=0.09 sys=0.00, real=0.03 secs] 
2021-05-29T10:35:25.685+0800: 1299877.337: [GC (Allocation Failure) [PSYoungGen: 488160K->19552K(499200K)] 882256K->422543K(1023488K), 0.0322062 secs] [Times: user=0.03 sys=0.05, real=0.03 secs] 
2021-05-29T10:40:29.817+0800: 1300181.469: [GC (Allocation Failure) [PSYoungGen: 493664K->17408K(500224K)] 896655K->432235K(1024512K), 0.0314032 secs] [Times: user=0.05 sys=0.05, real=0.03 secs] 
2021-05-29T10:45:37.093+0800: 1300488.745: [GC (Allocation Failure) [PSYoungGen: 493056K->17088K(499712K)] 907883K->442927K(1024000K), 0.0294458 secs] [Times: user=0.04 sys=0.05, real=0.03 secs] 
2021-05-29T10:50:40.863+0800: 1300792.515: [GC (Allocation Failure) [PSYoungGen: 492736K->17056K(500736K)] 918575K->454100K(1025024K), 0.0467679 secs] [Times: user=0.05 sys=0.04, real=0.04 secs] 
2021-05-29T10:55:45.818+0800: 1301097.470: [GC (Allocation Failure) [PSYoungGen: 493728K->17696K(500224K)] 930772K->465371K(1024512K), 0.0987906 secs] [Times: user=0.06 sys=0.05, real=0.10 secs] 
2021-05-29T11:00:48.823+0800: 1301400.475: [GC (Allocation Failure) [PSYoungGen: 494368K->20256K(500224K)] 942043K->479104K(1024512K), 0.0355378 secs] [Times: user=0.05 sys=0.05, real=0.03 secs] 
2021-05-29T11:05:55.556+0800: 1301707.208: [GC (Allocation Failure) [PSYoungGen: 497440K->19712K(500736K)] 956288K->489253K(1025024K), 0.0355912 secs] [Times: user=0.05 sys=0.05, real=0.03 secs] 
2021-05-29T11:11:00.962+0800: 1302012.614: [GC (Allocation Failure) [PSYoungGen: 496896K->17120K(501248K)] 966437K->498945K(1025536K), 0.0413394 secs] [Times: user=0.06 sys=0.06, real=0.04 secs] 
2021-05-29T11:16:08.416+0800: 1302320.068: [GC (Allocation Failure) [PSYoungGen: 494816K->17376K(500736K)] 976641K->510270K(1025024K), 0.0312543 secs] [Times: user=0.03 sys=0.04, real=0.03 secs] 
2021-05-29T11:21:16.336+0800: 1302627.988: [GC (Allocation Failure) [PSYoungGen: 495072K->17056K(501760K)] 987966K->520828K(1026048K), 0.0389140 secs] [Times: user=0.08 sys=0.00, real=0.04 secs] 
2021-05-29T11:26:19.917+0800: 1302931.569: [GC (Allocation Failure) [PSYoungGen: 495776K->18976K(501248K)] 999548K->533217K(1025536K), 0.0336039 secs] [Times: user=0.05 sys=0.04, real=0.03 secs] 
2021-05-29T11:26:19.951+0800: 1302931.603: [Full GC (Ergonomics) [PSYoungGen: 18976K->0K(501248K)] [ParOldGen: 514241K->318625K(524288K)] 533217K->318625K(1025536K), [Metaspace: 96891K->96891K(1138688K)], 0.4473477 secs] [Times: user=1.01 sys=0.00, real=0.45 secs] 
2021-05-29T11:31:22.641+0800: 1303234.293: [GC (Allocation Failure) [PSYoungGen: 478720K->19264K(501760K)] 797345K->337890K(1026048K), 0.0317837 secs] [Times: user=0.03 sys=0.04, real=0.04 secs] 
2021-05-29T11:36:31.510+0800: 1303543.162: [GC (Allocation Failure) [PSYoungGen: 498496K->18688K(501760K)] 817122K->352148K(1026048K), 0.0621758 secs] [Times: user=0.04 sys=0.04, real=0.06 secs] 
2021-05-29T11:41:36.629+0800: 1303848.281: [GC (Allocation Failure) [PSYoungGen: 497920K->18112K(502272K)] 831380K->362331K(1026560K), 0.0776398 secs] [Times: user=0.03 sys=0.05, real=0.08 secs] 
2021-05-29T11:46:39.108+0800: 1304150.760: [GC (Allocation Failure) [PSYoungGen: 497856K->21344K(501760K)] 842075K->376608K(1026048K), 0.0331670 secs] [Times: user=0.04 sys=0.05, real=0.03 secs] 
2021-05-29T11:51:42.103+0800: 1304453.755: [GC (Allocation Failure) [PSYoungGen: 501088K->20128K(500736K)] 856352K->387686K(1025024K), 0.0315413 secs] [Times: user=0.04 sys=0.04, real=0.03 secs] 
2021-05-29T11:56:43.525+0800: 1304755.177: [GC (Allocation Failure) [PSYoungGen: 498336K->17216K(501248K)] 865894K->397640K(1025536K), 0.0342152 secs] [Times: user=0.04 sys=0.04, real=0.03 secs] 
2021-05-29T12:01:47.150+0800: 1305058.802: [GC (Allocation Failure) [PSYoungGen: 495416K->18272K(501760K)] 875840K->407782K(1026048K), 0.0313739 secs] [Times: user=0.04 sys=0.04, real=0.03 secs] 
2021-05-29T12:06:48.410+0800: 1305360.063: [GC (Allocation Failure) [PSYoungGen: 496992K->20096K(501248K)] 886502K->420059K(1025536K), 0.0606017 secs] [Times: user=0.04 sys=0.05, real=0.06 secs] 
2021-05-29T12:11:50.912+0800: 1305662.564: [GC (Allocation Failure) [PSYoungGen: 498816K->20192K(500736K)] 898779K->430568K(1025024K), 0.0404563 secs] [Times: user=0.05 sys=0.06, real=0.04 secs] 
2021-05-29T12:16:56.338+0800: 1305967.990: [GC (Allocation Failure) [PSYoungGen: 498400K->16352K(501248K)] 908776K->438693K(1025536K), 0.0332508 secs] [Times: user=0.05 sys=0.04, real=0.03 secs] 
2021-05-29T12:22:01.690+0800: 1306273.342: [GC (Allocation Failure) [PSYoungGen: 494560K->19488K(501248K)] 916901K->451482K(1025536K), 0.0431846 secs] [Times: user=0.05 sys=0.05, real=0.05 secs] 
2021-05-29T12:27:06.472+0800: 1306578.124: [GC (Allocation Failure) [PSYoungGen: 497696K->19136K(501248K)] 929690K->462550K(1025536K), 0.0346146 secs] [Times: user=0.05 sys=0.04, real=0.03 secs] 
2021-05-29T12:32:15.880+0800: 1306887.532: [GC (Allocation Failure) [PSYoungGen: 497344K->16640K(501760K)] 940758K->470971K(1026048K), 0.0281774 secs] [Times: user=0.04 sys=0.04, real=0.03 secs] 
2021-05-29T12:37:22.305+0800: 1307193.957: [GC (Allocation Failure) [PSYoungGen: 495872K->15680K(501760K)] 950203K->480552K(1026048K), 0.0296952 secs] [Times: user=0.08 sys=0.00, real=0.03 secs] 
2021-05-29T12:42:30.828+0800: 1307502.480: [GC (Allocation Failure) [PSYoungGen: 494912K->17184K(501760K)] 959784K->491790K(1026048K), 0.0306238 secs] [Times: user=0.04 sys=0.04, real=0.03 secs] 
2021-05-29T12:47:33.680+0800: 1307805.332: [GC (Allocation Failure) [PSYoungGen: 496416K->18848K(501760K)] 971022K->504418K(1026048K), 0.0310284 secs] [Times: user=0.03 sys=0.04, real=0.03 secs] 
2021-05-29T12:52:40.548+0800: 1308112.200: [GC (Allocation Failure) [PSYoungGen: 498080K->18400K(502272K)] 983650K->514503K(1026560K), 0.0335419 secs] [Times: user=0.04 sys=0.05, real=0.03 secs] 
2021-05-29T12:57:44.464+0800: 1308416.116: [GC (Allocation Failure) [PSYoungGen: 498144K->19776K(501760K)] 994247K->527299K(1026048K), 0.0461227 secs] [Times: user=0.05 sys=0.05, real=0.04 secs] 
2021-05-29T13:02:44.095+0800: 1308715.747: [GC (Allocation Failure) [PSYoungGen: 499520K->17354K(502272K)] 1007043K->537194K(1026560K), 0.0288780 secs] [Times: user=0.04 sys=0.04, real=0.03 secs] 
2021-05-29T13:02:44.124+0800: 1308715.777: [Full GC (Ergonomics) [PSYoungGen: 17354K->0K(502272K)] [ParOldGen: 519840K->309312K(524288K)] 537194K->309312K(1026560K), [Metaspace: 96891K->96891K(1138688K)], 0.4829679 secs] [Times: user=1.04 sys=0.00, real=0.48 secs] 
2021-05-29T13:07:51.350+0800: 1309023.002: [GC (Allocation Failure) [PSYoungGen: 480256K->16992K(502272K)] 789568K->326304K(1026560K), 0.0259950 secs] [Times: user=0.04 sys=0.04, real=0.03 secs] 
2021-05-29T13:12:54.848+0800: 1309326.500: [GC (Allocation Failure) [PSYoungGen: 497248K->18912K(502272K)] 806560K->340452K(1026560K), 0.0397814 secs] [Times: user=0.05 sys=0.05, real=0.04 secs] 
2021-05-29T13:18:05.210+0800: 1309636.862: [GC (Allocation Failure) [PSYoungGen: 499168K->16736K(502272K)] 820708K->349222K(1026560K), 0.0348795 secs] [Times: user=0.04 sys=0.04, real=0.04 secs] 
2021-05-29T13:23:10.272+0800: 1309941.924: [GC (Allocation Failure) [PSYoungGen: 496992K->20384K(501760K)] 829478K->362660K(1026048K), 0.0510482 secs] [Times: user=0.06 sys=0.06, real=0.06 secs] 
2021-05-29T13:28:16.131+0800: 1310247.783: [GC (Allocation Failure) [PSYoungGen: 500640K->19552K(500224K)] 842916K->372963K(1024512K), 0.0332578 secs] [Times: user=0.09 sys=0.00, real=0.04 secs] 
2021-05-29T13:33:22.302+0800: 1310553.954: [GC (Allocation Failure) [PSYoungGen: 499808K->19232K(501760K)] 853219K->384232K(1026048K), 0.0386763 secs] [Times: user=0.05 sys=0.05, real=0.04 secs] 
2021-05-29T13:38:24.620+0800: 1310856.272: [GC (Allocation Failure) [PSYoungGen: 498464K->18400K(501760K)] 863464K->394958K(1026048K), 0.0261018 secs] [Times: user=0.04 sys=0.04, real=0.03 secs] 
2021-05-29T13:43:28.610+0800: 1311160.262: [GC (Allocation Failure) [PSYoungGen: 497632K->20096K(502272K)] 874190K->408923K(1026560K), 0.0337485 secs] [Times: user=0.04 sys=0.05, real=0.04 secs] 
2021-05-29T13:48:37.891+0800: 1311469.543: [GC (Allocation Failure) [PSYoungGen: 500352K->14400K(495104K)] 889179K->414765K(1019392K), 0.0308026 secs] [Times: user=0.04 sys=0.05, real=0.04 secs] 
2021-05-29T13:53:43.795+0800: 1311775.447: [GC (Allocation Failure) [PSYoungGen: 494656K->17408K(501760K)] 895021K->427595K(1026048K), 0.0282406 secs] [Times: user=0.04 sys=0.04, real=0.03 secs] 
2021-05-29T13:58:48.991+0800: 1312080.643: [GC (Allocation Failure) [PSYoungGen: 496640K->21760K(501248K)] 906827K->443080K(1025536K), 0.0359367 secs] [Times: user=0.04 sys=0.04, real=0.04 secs] 
2021-05-29T14:03:55.275+0800: 1312386.927: [GC (Allocation Failure) [PSYoungGen: 500992K->17856K(501248K)] 922312K->450758K(1025536K), 0.0432525 secs] [Times: user=0.04 sys=0.04, real=0.04 secs] 
2021-05-29T14:09:02.254+0800: 1312693.906: [GC (Allocation Failure) [PSYoungGen: 496064K->18176K(501248K)] 928966K->462179K(1025536K), 0.0300885 secs] [Times: user=0.04 sys=0.04, real=0.03 secs] 
2021-05-29T14:14:10.084+0800: 1313001.736: [GC (Allocation Failure) [PSYoungGen: 496384K->18272K(502272K)] 940387K->473072K(1026560K), 0.0313245 secs] [Times: user=0.04 sys=0.04, real=0.03 secs] 
2021-05-29T14:19:19.066+0800: 1313310.718: [GC (Allocation Failure) [PSYoungGen: 498016K->17824K(501760K)] 952816K->483882K(1026048K), 0.0302837 secs] [Times: user=0.04 sys=0.04, real=0.03 secs] 
2021-05-29T14:24:25.575+0800: 1313617.227: [GC (Allocation Failure) [PSYoungGen: 497568K->20064K(502272K)] 963626K->495992K(1026560K), 0.0360710 secs] [Times: user=0.04 sys=0.04, real=0.03 secs] 
2021-05-29T14:29:31.284+0800: 1313922.936: [GC (Allocation Failure) [PSYoungGen: 500320K->18464K(502272K)] 976248K->506755K(1026560K), 0.0310036 secs] [Times: user=0.04 sys=0.04, real=0.03 secs] 
2021-05-29T14:34:39.454+0800: 1314231.106: [GC (Allocation Failure) [PSYoungGen: 498720K->15936K(502272K)] 987011K->514289K(1026560K), 0.0288171 secs] [Times: user=0.04 sys=0.04, real=0.03 secs] 
2021-05-29T14:39:49.450+0800: 1314541.102: [GC (Allocation Failure) [PSYoungGen: 496192K->19936K(500224K)] 994545K->529422K(1024512K), 0.0311018 secs] [Times: user=0.08 sys=0.00, real=0.03 secs] 
2021-05-29T14:44:56.964+0800: 1314848.616: [GC (Allocation Failure) [PSYoungGen: 500192K->18624K(502272K)] 1009678K->540596K(1026560K), 0.0376611 secs] [Times: user=0.11 sys=0.00, real=0.03 secs] 
2021-05-29T14:44:57.002+0800: 1314848.654: [Full GC (Ergonomics) [PSYoungGen: 18624K->0K(502272K)] [ParOldGen: 521972K->320147K(524288K)] 540596K->320147K(1026560K), [Metaspace: 96891K->96891K(1138688K)], 0.6139782 secs] [Times: user=1.26 sys=0.00, real=0.61 secs] 
2021-05-29T14:50:03.574+0800: 1315155.226: [GC (Allocation Failure) [PSYoungGen: 479744K->19072K(501760K)] 799891K->339219K(1026048K), 0.0322989 secs] [Times: user=0.03 sys=0.05, real=0.03 secs] 
2021-05-29T14:55:11.738+0800: 1315463.390: [GC (Allocation Failure) [PSYoungGen: 498816K->17536K(502272K)] 818963K->352349K(1026560K), 0.0434003 secs] [Times: user=0.05 sys=0.05, real=0.04 secs] 
2021-05-29T15:00:15.360+0800: 1315767.012: [GC (Allocation Failure) [PSYoungGen: 497792K->19424K(502272K)] 832605K->365099K(1026560K), 0.0376112 secs] [Times: user=0.04 sys=0.06, real=0.04 secs] 
2021-05-29T15:05:24.923+0800: 1316076.575: [GC (Allocation Failure) [PSYoungGen: 499680K->18432K(502784K)] 845355K->376039K(1027072K), 0.0499976 secs] [Times: user=0.04 sys=0.05, real=0.05 secs] 
2021-05-29T15:10:36.234+0800: 1316387.886: [GC (Allocation Failure) [PSYoungGen: 499200K->17376K(502272K)] 856807K->386594K(1026560K), 0.0623470 secs] [Times: user=0.04 sys=0.04, real=0.06 secs] 
2021-05-29T15:15:44.254+0800: 1316695.906: [GC (Allocation Failure) [PSYoungGen: 498144K->18016K(503296K)] 867362K->398520K(1027584K), 0.0307780 secs] [Times: user=0.04 sys=0.05, real=0.03 secs] 
2021-05-29T15:20:50.167+0800: 1317001.819: [GC (Allocation Failure) [PSYoungGen: 499808K->18688K(502784K)] 880312K->410269K(1027072K), 0.0414106 secs] [Times: user=0.05 sys=0.05, real=0.04 secs] 
2021-05-29T15:25:57.690+0800: 1317309.343: [GC (Allocation Failure) [PSYoungGen: 500480K->19456K(503296K)] 892061K->422274K(1027584K), 0.0375686 secs] [Times: user=0.04 sys=0.05, real=0.04 secs] 
2021-05-29T15:31:05.220+0800: 1317616.872: [GC (Allocation Failure) [PSYoungGen: 501760K->18272K(503296K)] 904578K->432656K(1027584K), 0.0665706 secs] [Times: user=0.05 sys=0.05, real=0.07 secs] 
2021-05-29T15:36:12.113+0800: 1317923.765: [GC (Allocation Failure) [PSYoungGen: 500576K->18944K(503296K)] 914960K->444687K(1027584K), 0.0342535 secs] [Times: user=0.09 sys=0.00, real=0.03 secs] 
2021-05-29T15:41:17.773+0800: 1318229.425: [GC (Allocation Failure) [PSYoungGen: 501248K->20032K(502784K)] 926991K->455965K(1027072K), 0.0336258 secs] [Times: user=0.05 sys=0.05, real=0.03 secs] 
2021-05-29T15:46:28.217+0800: 1318539.869: [GC (Allocation Failure) [PSYoungGen: 502336K->18400K(503296K)] 938269K->466402K(1027584K), 0.0347785 secs] [Times: user=0.09 sys=0.00, real=0.03 secs] 
2021-05-29T15:51:34.194+0800: 1318845.846: [GC (Allocation Failure) [PSYoungGen: 500192K->17312K(502784K)] 948194K->477903K(1027072K), 0.0388808 secs] [Times: user=0.05 sys=0.05, real=0.04 secs] 
2021-05-29T15:56:43.701+0800: 1319155.353: [GC (Allocation Failure) [PSYoungGen: 499104K->18752K(503296K)] 959695K->490005K(1027584K), 0.0292692 secs] [Times: user=0.04 sys=0.04, real=0.03 secs] 
2021-05-29T16:01:51.789+0800: 1319463.441: [GC (Allocation Failure) [PSYoungGen: 501056K->14592K(497152K)] 972309K->497544K(1021440K), 0.0291379 secs] [Times: user=0.03 sys=0.03, real=0.03 secs] 
2021-05-29T16:07:04.127+0800: 1319775.779: [GC (Allocation Failure) [PSYoungGen: 496896K->19136K(502784K)] 979848K->511237K(1027072K), 0.0319031 secs] [Times: user=0.05 sys=0.05, real=0.03 secs] 
2021-05-29T16:12:12.895+0800: 1320084.547: [GC (Allocation Failure) [PSYoungGen: 500416K->18560K(502784K)] 992517K->521940K(1027072K), 0.0314237 secs] [Times: user=0.04 sys=0.04, real=0.03 secs] 
2021-05-29T16:17:20.501+0800: 1320392.153: [GC (Allocation Failure) [PSYoungGen: 499840K->21472K(492544K)] 1003220K->536675K(1016832K), 0.0413002 secs] [Times: user=0.04 sys=0.05, real=0.05 secs] 
2021-05-29T16:17:20.543+0800: 1320392.195: [Full GC (Ergonomics) [PSYoungGen: 21472K->0K(492544K)] [ParOldGen: 515203K->311270K(524288K)] 536675K->311270K(1016832K), [Metaspace: 96891K->96891K(1138688K)], 0.5286845 secs] [Times: user=1.04 sys=0.00, real=0.52 secs] 
2021-05-29T16:22:20.255+0800: 1320691.907: [GC (Allocation Failure) [PSYoungGen: 471040K->21056K(497664K)] 782310K->332326K(1021952K), 0.0304266 secs] [Times: user=0.04 sys=0.04, real=0.03 secs] 
2021-05-29T16:27:21.295+0800: 1320992.947: [GC (Allocation Failure) [PSYoungGen: 492096K->18848K(498176K)] 803366K->343752K(1022464K), 0.0316871 secs] [Times: user=0.03 sys=0.04, real=0.03 secs] 
2021-05-29T16:32:25.416+0800: 1321297.068: [GC (Allocation Failure) [PSYoungGen: 490400K->18048K(497664K)] 815304K->355198K(1021952K), 0.0285099 secs] [Times: user=0.08 sys=0.00, real=0.03 secs] 
2021-05-29T16:37:29.831+0800: 1321601.483: [GC (Allocation Failure) [PSYoungGen: 489600K->19040K(499200K)] 826750K->367077K(1023488K), 0.0285645 secs] [Times: user=0.03 sys=0.04, real=0.03 secs] 
2021-05-29T16:42:30.183+0800: 1321901.835: [GC (Allocation Failure) [PSYoungGen: 492639K->17248K(498688K)] 840677K->376961K(1022976K), 0.0354622 secs] [Times: user=0.04 sys=0.04, real=0.03 secs] 
2021-05-29T16:47:31.071+0800: 1322202.723: [GC (Allocation Failure) [PSYoungGen: 490848K->20768K(499200K)] 850561K->389775K(1023488K), 0.0430061 secs] [Times: user=0.05 sys=0.05, real=0.05 secs] 
2021-05-29T16:52:37.749+0800: 1322509.401: [GC (Allocation Failure) [PSYoungGen: 494880K->18976K(499200K)] 863887K->399164K(1023488K), 0.0504812 secs] [Times: user=0.04 sys=0.04, real=0.05 secs] 
2021-05-29T16:57:40.843+0800: 1322812.495: [GC (Allocation Failure) [PSYoungGen: 493088K->21504K(498688K)] 873276K->412370K(1022976K), 0.0332766 secs] [Times: user=0.04 sys=0.04, real=0.03 secs] 
2021-05-29T17:02:44.267+0800: 1323115.919: [GC (Allocation Failure) [PSYoungGen: 495616K->18816K(499200K)] 886482K->421471K(1023488K), 0.0318845 secs] [Times: user=0.04 sys=0.05, real=0.03 secs] 
2021-05-29T17:07:47.950+0800: 1323419.602: [GC (Allocation Failure) [PSYoungGen: 492928K->20000K(500224K)] 895583K->433565K(1024512K), 0.0629453 secs] [Times: user=0.08 sys=0.00, real=0.07 secs] 
2021-05-29T17:12:54.297+0800: 1323725.949: [GC (Allocation Failure) [PSYoungGen: 495648K->19872K(499712K)] 909213K->444322K(1024000K), 0.0323809 secs] [Times: user=0.04 sys=0.05, real=0.03 secs] 
2021-05-29T17:18:00.645+0800: 1324032.297: [GC (Allocation Failure) [PSYoungGen: 495520K->15936K(500224K)] 919970K->451438K(1024512K), 0.0281366 secs] [Times: user=0.04 sys=0.04, real=0.03 secs] 
2021-05-29T17:23:07.018+0800: 1324338.670: [GC (Allocation Failure) [PSYoungGen: 492096K->18240K(500224K)] 927598K->464491K(1024512K), 0.0344035 secs] [Times: user=0.04 sys=0.04, real=0.04 secs] 
2021-05-29T17:28:13.995+0800: 1324645.647: [GC (Allocation Failure) [PSYoungGen: 494400K->17888K(500736K)] 940651K->474440K(1025024K), 0.0307617 secs] [Times: user=0.04 sys=0.04, real=0.03 secs] 
2021-05-29T17:33:23.661+0800: 1324955.313: [GC (Allocation Failure) [PSYoungGen: 494560K->16224K(500224K)] 951112K->483686K(1024512K), 0.0291941 secs] [Times: user=0.04 sys=0.05, real=0.03 secs] 
2021-05-29T17:38:27.204+0800: 1325258.857: [GC (Allocation Failure) [PSYoungGen: 492896K->20224K(500736K)] 960358K->498419K(1025024K), 0.0325714 secs] [Times: user=0.04 sys=0.04, real=0.03 secs] 
2021-05-29T17:43:33.502+0800: 1325565.154: [GC (Allocation Failure) [PSYoungGen: 497408K->16928K(500736K)] 975603K->507376K(1025024K), 0.0542553 secs] [Times: user=0.09 sys=0.00, real=0.06 secs] 
2021-05-29T17:48:38.540+0800: 1325870.192: [GC (Allocation Failure) [PSYoungGen: 494112K->19552K(500736K)] 984560K->520639K(1025024K), 0.0477661 secs] [Times: user=0.04 sys=0.05, real=0.05 secs] 
2021-05-29T17:53:45.885+0800: 1326177.537: [GC (Allocation Failure) [PSYoungGen: 496736K->16160K(500736K)] 997823K->528939K(1025024K), 0.0313425 secs] [Times: user=0.04 sys=0.04, real=0.03 secs] 
2021-05-29T17:53:45.917+0800: 1326177.569: [Full GC (Ergonomics) [PSYoungGen: 16160K->0K(500736K)] [ParOldGen: 512779K->309145K(524288K)] 528939K->309145K(1025024K), [Metaspace: 96891K->96891K(1138688K)], 0.4281221 secs] [Times: user=0.98 sys=0.00, real=0.43 secs] 
2021-05-29T17:58:55.430+0800: 1326487.082: [GC (Allocation Failure) [PSYoungGen: 477184K->18496K(501248K)] 786329K->327641K(1025536K), 0.0319302 secs] [Times: user=0.04 sys=0.05, real=0.04 secs] 
2021-05-29T18:03:59.422+0800: 1326791.075: [GC (Allocation Failure) [PSYoungGen: 496192K->18656K(500736K)] 805337K->341661K(1025024K), 0.0324510 secs] [Times: user=0.08 sys=0.00, real=0.03 secs] 
2021-05-29T18:09:11.241+0800: 1327102.893: [GC (Allocation Failure) [PSYoungGen: 496352K->18400K(502272K)] 819357K->351818K(1026560K), 0.0408196 secs] [Times: user=0.09 sys=0.00, real=0.04 secs] 
2021-05-29T18:14:12.656+0800: 1327404.308: [GC (Allocation Failure) [PSYoungGen: 498144K->17536K(501760K)] 831562K->361991K(1026048K), 0.0749836 secs] [Times: user=0.05 sys=0.06, real=0.07 secs] 
2021-05-29T18:19:17.823+0800: 1327709.475: [GC (Allocation Failure) [PSYoungGen: 497280K->17088K(502272K)] 841735K->373044K(1026560K), 0.0307338 secs] [Times: user=0.05 sys=0.05, real=0.03 secs] 
2021-05-29T18:24:29.054+0800: 1328020.706: [GC (Allocation Failure) [PSYoungGen: 497344K->19904K(502272K)] 853300K->387955K(1026560K), 0.0529162 secs] [Times: user=0.06 sys=0.07, real=0.05 secs] 
2021-05-29T18:29:41.450+0800: 1328333.102: [GC (Allocation Failure) [PSYoungGen: 500160K->19776K(501248K)] 868211K->400144K(1025536K), 0.0351009 secs] [Times: user=0.04 sys=0.04, real=0.04 secs] 
2021-05-29T18:34:51.804+0800: 1328643.456: [GC (Allocation Failure) [PSYoungGen: 499008K->17344K(501760K)] 879376K->409211K(1026048K), 0.0304599 secs] [Times: user=0.04 sys=0.04, real=0.03 secs] 
2021-05-29T18:40:02.175+0800: 1328953.827: [GC (Allocation Failure) [PSYoungGen: 496576K->19008K(502272K)] 888443K->421089K(1026560K), 0.0431671 secs] [Times: user=0.05 sys=0.05, real=0.04 secs] 
2021-05-29T18:45:09.379+0800: 1329261.031: [GC (Allocation Failure) [PSYoungGen: 499264K->19584K(502272K)] 901345K->432831K(1026560K), 0.0685810 secs] [Times: user=0.09 sys=0.00, real=0.07 secs] 
2021-05-29T18:50:20.286+0800: 1329571.938: [GC (Allocation Failure) [PSYoungGen: 499840K->16000K(502272K)] 913087K->441388K(1026560K), 0.0284062 secs] [Times: user=0.08 sys=0.00, real=0.03 secs] 
2021-05-29T18:55:28.466+0800: 1329880.118: [GC (Allocation Failure) [PSYoungGen: 496256K->18432K(502272K)] 921644K->454274K(1026560K), 0.0388581 secs] [Times: user=0.05 sys=0.06, real=0.04 secs] 
2021-05-29T19:00:36.245+0800: 1330187.897: [GC (Allocation Failure) [PSYoungGen: 498688K->19456K(502272K)] 934530K->466031K(1026560K), 0.0385950 secs] [Times: user=0.04 sys=0.05, real=0.04 secs] 
2021-05-29T19:05:37.960+0800: 1330489.612: [GC (Allocation Failure) [PSYoungGen: 499712K->18474K(502272K)] 946287K->476206K(1026560K), 0.0371968 secs] [Times: user=0.04 sys=0.05, real=0.04 secs] 
2021-05-29T19:10:43.806+0800: 1330795.458: [GC (Allocation Failure) [PSYoungGen: 498730K->19648K(501760K)] 956462K->488116K(1026048K), 0.0339257 secs] [Times: user=0.04 sys=0.05, real=0.03 secs] 
2021-05-29T19:15:57.044+0800: 1331108.696: [GC (Allocation Failure) [PSYoungGen: 499904K->18944K(502272K)] 968372K->498954K(1026560K), 0.0376002 secs] [Times: user=0.09 sys=0.00, real=0.03 secs] 
2021-05-29T19:21:01.111+0800: 1331412.763: [GC (Allocation Failure) [PSYoungGen: 499200K->20992K(501760K)] 979210K->512158K(1026048K), 0.0373405 secs] [Times: user=0.09 sys=0.00, real=0.04 secs] 
2021-05-29T19:26:08.766+0800: 1331720.418: [GC (Allocation Failure) [PSYoungGen: 501248K->20096K(500736K)] 992414K->523810K(1025024K), 0.0479337 secs] [Times: user=0.05 sys=0.05, real=0.05 secs] 
2021-05-29T19:31:18.308+0800: 1332029.960: [GC (Allocation Failure) [PSYoungGen: 500352K->18272K(502272K)] 1004066K->532864K(1026560K), 0.0444566 secs] [Times: user=0.05 sys=0.05, real=0.05 secs] 
2021-05-29T19:31:18.353+0800: 1332030.005: [Full GC (Ergonomics) [PSYoungGen: 18272K->0K(502272K)] [ParOldGen: 514592K->315712K(524288K)] 532864K->315712K(1026560K), [Metaspace: 96896K->96896K(1138688K)], 0.5634966 secs] [Times: user=1.15 sys=0.00, real=0.56 secs] 
2021-05-29T19:36:30.202+0800: 1332341.854: [GC (Allocation Failure) [PSYoungGen: 479744K->18784K(501760K)] 795456K->334496K(1026048K), 0.0466505 secs] [Times: user=0.05 sys=0.05, real=0.05 secs] 
2021-05-29T19:41:36.926+0800: 1332648.578: [GC (Allocation Failure) [PSYoungGen: 498528K->19552K(502272K)] 814240K->347547K(1026560K), 0.0328874 secs] [Times: user=0.04 sys=0.05, real=0.03 secs] 
2021-05-29T19:46:39.231+0800: 1332950.883: [GC (Allocation Failure) [PSYoungGen: 499808K->18528K(502272K)] 827803K->358289K(1026560K), 0.0306100 secs] [Times: user=0.05 sys=0.04, real=0.03 secs] 
2021-05-29T19:51:45.517+0800: 1333257.169: [GC (Allocation Failure) [PSYoungGen: 498784K->19104K(502784K)] 838545K->370398K(1027072K), 0.0302662 secs] [Times: user=0.04 sys=0.04, real=0.03 secs] 
2021-05-29T19:56:58.036+0800: 1333569.688: [GC (Allocation Failure) [PSYoungGen: 500384K->14400K(496128K)] 851678K->378170K(1020416K), 0.0301455 secs] [Times: user=0.03 sys=0.05, real=0.03 secs] 
2021-05-29T20:02:08.440+0800: 1333880.092: [GC (Allocation Failure) [PSYoungGen: 495680K->18912K(502272K)] 859450K->393215K(1026560K), 0.0306609 secs] [Times: user=0.04 sys=0.04, real=0.03 secs] 
2021-05-29T20:07:12.221+0800: 1334183.873: [GC (Allocation Failure) [PSYoungGen: 499168K->18656K(502272K)] 873471K->403821K(1026560K), 0.0307935 secs] [Times: user=0.08 sys=0.00, real=0.03 secs] 
2021-05-29T20:12:21.545+0800: 1334493.197: [GC (Allocation Failure) [PSYoungGen: 498912K->17696K(502784K)] 884077K->413971K(1027072K), 0.0287867 secs] [Times: user=0.04 sys=0.04, real=0.03 secs] 
2021-05-29T20:17:29.505+0800: 1334801.157: [GC (Allocation Failure) [PSYoungGen: 498976K->19648K(502784K)] 895251K->427647K(1027072K), 0.0331773 secs] [Times: user=0.04 sys=0.04, real=0.03 secs] 
2021-05-29T20:22:33.189+0800: 1335104.842: [GC (Allocation Failure) [PSYoungGen: 500928K->18848K(502784K)] 908927K->438675K(1027072K), 0.0310304 secs] [Times: user=0.09 sys=0.00, real=0.03 secs] 
2021-05-29T20:27:40.791+0800: 1335412.443: [GC (Allocation Failure) [PSYoungGen: 500128K->18304K(502784K)] 919955K->449720K(1027072K), 0.0342237 secs] [Times: user=0.04 sys=0.05, real=0.04 secs] 
2021-05-29T20:32:48.462+0800: 1335720.114: [GC (Allocation Failure) [PSYoungGen: 499584K->15904K(502272K)] 931000K->457628K(1026560K), 0.0452422 secs] [Times: user=0.10 sys=0.00, real=0.04 secs] 
2021-05-29T20:37:56.623+0800: 1336028.275: [GC (Allocation Failure) [PSYoungGen: 497184K->15584K(502784K)] 938908K->467577K(1027072K), 0.0356933 secs] [Times: user=0.04 sys=0.05, real=0.03 secs] 
2021-05-29T20:43:06.974+0800: 1336338.626: [GC (Allocation Failure) [PSYoungGen: 496864K->16544K(502784K)] 948857K->479293K(1027072K), 0.0418513 secs] [Times: user=0.05 sys=0.06, real=0.04 secs] 
2021-05-29T20:48:15.135+0800: 1336646.787: [GC (Allocation Failure) [PSYoungGen: 497824K->18368K(502784K)] 960573K->491410K(1027072K), 0.0334713 secs] [Times: user=0.04 sys=0.04, real=0.03 secs] 
2021-05-29T20:53:25.180+0800: 1336956.832: [GC (Allocation Failure) [PSYoungGen: 499648K->18432K(502784K)] 972690K->501551K(1027072K), 0.0315334 secs] [Times: user=0.05 sys=0.05, real=0.03 secs] 
2021-05-29T20:58:35.155+0800: 1337266.807: [GC (Allocation Failure) [PSYoungGen: 499712K->20416K(501760K)] 982831K->513780K(1026048K), 0.0249879 secs] [Times: user=0.03 sys=0.05, real=0.02 secs] 
2021-05-29T21:03:45.252+0800: 1337576.904: [GC (Allocation Failure) [PSYoungGen: 501696K->17056K(502784K)] 995060K->523417K(1027072K), 0.0346966 secs] [Times: user=0.05 sys=0.04, real=0.04 secs] 
2021-05-29T21:08:53.929+0800: 1337885.581: [GC (Allocation Failure) [PSYoungGen: 497824K->16928K(502272K)] 1004185K->533774K(1026560K), 0.0328280 secs] [Times: user=0.04 sys=0.05, real=0.03 secs] 
2021-05-29T21:08:53.962+0800: 1337885.614: [Full GC (Ergonomics) [PSYoungGen: 16928K->0K(502272K)] [ParOldGen: 516846K->308867K(524288K)] 533774K->308867K(1026560K), [Metaspace: 96896K->96896K(1138688K)], 0.4978115 secs] [Times: user=1.09 sys=0.00, real=0.50 secs] 
2021-05-29T21:14:01.711+0800: 1338193.363: [GC (Allocation Failure) [PSYoungGen: 480768K->18208K(502784K)] 789635K->327075K(1027072K), 0.0365834 secs] [Times: user=0.04 sys=0.05, real=0.04 secs] 
2021-05-29T21:19:12.135+0800: 1338503.787: [GC (Allocation Failure) [PSYoungGen: 499488K->19968K(502784K)] 808355K->340568K(1027072K), 0.0348464 secs] [Times: user=0.04 sys=0.05, real=0.03 secs] 
2021-05-29T21:24:21.220+0800: 1338812.872: [GC (Allocation Failure) [PSYoungGen: 501248K->19296K(501760K)] 821848K->352484K(1026048K), 0.0385914 secs] [Times: user=0.10 sys=0.00, real=0.04 secs] 
2021-05-29T21:29:30.495+0800: 1339122.147: [GC (Allocation Failure) [PSYoungGen: 499552K->17824K(502272K)] 832740K->362696K(1026560K), 0.0429893 secs] [Times: user=0.05 sys=0.04, real=0.04 secs] 
2021-05-29T21:34:37.513+0800: 1339429.165: [GC (Allocation Failure) [PSYoungGen: 498080K->19936K(501760K)] 842952K->376430K(1026048K), 0.0415737 secs] [Times: user=0.04 sys=0.04, real=0.04 secs] 
2021-05-29T21:39:45.614+0800: 1339737.266: [GC (Allocation Failure) [PSYoungGen: 500192K->19168K(502272K)] 856686K->386933K(1026560K), 0.0380975 secs] [Times: user=0.05 sys=0.06, real=0.03 secs] 
2021-05-29T21:44:56.406+0800: 1340048.058: [GC (Allocation Failure) [PSYoungGen: 499424K->17824K(502784K)] 867189K->397745K(1027072K), 0.0348617 secs] [Times: user=0.04 sys=0.04, real=0.03 secs] 
2021-05-29T21:50:04.467+0800: 1340356.119: [GC (Allocation Failure) [PSYoungGen: 498592K->18976K(502272K)] 878513K->409189K(1026560K), 0.0363028 secs] [Times: user=0.04 sys=0.05, real=0.04 secs] 
2021-05-29T21:55:13.940+0800: 1340665.592: [GC (Allocation Failure) [PSYoungGen: 499744K->20512K(501760K)] 889957K->422603K(1026048K), 0.0361792 secs] [Times: user=0.04 sys=0.04, real=0.04 secs] 
2021-05-29T22:00:22.633+0800: 1340974.285: [GC (Allocation Failure) [PSYoungGen: 500768K->17440K(502272K)] 902859K->430975K(1026560K), 0.0331538 secs] [Times: user=0.05 sys=0.04, real=0.03 secs] 
2021-05-29T22:05:37.198+0800: 1341288.850: [GC (Allocation Failure) [PSYoungGen: 497696K->15360K(502272K)] 911231K->438979K(1026560K), 0.0470045 secs] [Times: user=0.04 sys=0.04, real=0.05 secs] 
2021-05-29T22:10:48.239+0800: 1341599.891: [GC (Allocation Failure) [PSYoungGen: 495616K->17088K(502272K)] 919235K->450616K(1026560K), 0.0325454 secs] [Times: user=0.04 sys=0.04, real=0.03 secs] 
2021-05-29T22:15:56.464+0800: 1341908.116: [GC (Allocation Failure) [PSYoungGen: 497344K->19488K(502272K)] 930872K->463261K(1026560K), 0.0395593 secs] [Times: user=0.09 sys=0.00, real=0.04 secs] 
2021-05-29T22:21:06.229+0800: 1342217.882: [GC (Allocation Failure) [PSYoungGen: 499744K->20160K(500736K)] 943517K->475026K(1025024K), 0.0342585 secs] [Times: user=0.05 sys=0.04, real=0.04 secs] 
2021-05-29T22:26:17.632+0800: 1342529.284: [GC (Allocation Failure) [PSYoungGen: 500416K->15616K(501760K)] 955282K->483502K(1026048K), 0.0380733 secs] [Times: user=0.04 sys=0.05, real=0.04 secs] 
2021-05-29T22:31:31.929+0800: 1342843.581: [GC (Allocation Failure) [PSYoungGen: 494848K->16480K(501760K)] 962734K->495052K(1026048K), 0.0360708 secs] [Times: user=0.06 sys=0.05, real=0.04 secs] 
2021-05-29T22:36:42.297+0800: 1343153.949: [GC (Allocation Failure) [PSYoungGen: 495712K->15104K(501760K)] 974284K->506382K(1026048K), 0.0377335 secs] [Times: user=0.04 sys=0.04, real=0.04 secs] 
2021-05-29T22:41:50.772+0800: 1343462.424: [GC (Allocation Failure) [PSYoungGen: 494336K->19424K(501760K)] 985614K->520260K(1026048K), 0.0391116 secs] [Times: user=0.06 sys=0.05, real=0.04 secs] 
2021-05-29T22:46:54.361+0800: 1343766.013: [GC (Allocation Failure) [PSYoungGen: 498656K->21248K(499712K)] 999492K->533395K(1024000K), 0.0356578 secs] [Times: user=0.05 sys=0.05, real=0.04 secs] 
2021-05-29T22:46:54.397+0800: 1343766.050: [Full GC (Ergonomics) [PSYoungGen: 21248K->0K(499712K)] [ParOldGen: 512147K->317002K(524288K)] 533395K->317002K(1024000K), [Metaspace: 96896K->96896K(1138688K)], 0.4058686 secs] [Times: user=0.91 sys=0.00, real=0.41 secs] 
2021-05-29T22:52:01.736+0800: 1344073.388: [GC (Allocation Failure) [PSYoungGen: 477184K->18240K(500736K)] 794186K->335242K(1025024K), 0.0319761 secs] [Times: user=0.04 sys=0.04, real=0.03 secs] 
2021-05-29T22:57:06.765+0800: 1344378.417: [GC (Allocation Failure) [PSYoungGen: 495424K->17504K(501760K)] 812426K->345767K(1026048K), 0.0395890 secs] [Times: user=0.08 sys=0.00, real=0.04 secs] 
2021-05-29T23:02:12.487+0800: 1344684.139: [GC (Allocation Failure) [PSYoungGen: 496224K->18272K(501248K)] 824487K->358235K(1025536K), 0.0372435 secs] [Times: user=0.09 sys=0.00, real=0.04 secs] 
2021-05-29T23:07:21.422+0800: 1344993.074: [GC (Allocation Failure) [PSYoungGen: 496992K->17888K(502272K)] 836955K->369888K(1026560K), 0.0422883 secs] [Times: user=0.10 sys=0.00, real=0.05 secs] 
2021-05-29T23:12:31.978+0800: 1345303.630: [GC (Allocation Failure) [PSYoungGen: 497632K->11072K(491008K)] 849632K->374048K(1015296K), 0.0356910 secs] [Times: user=0.05 sys=0.05, real=0.04 secs] 
2021-05-29T23:17:37.693+0800: 1345609.345: [GC (Allocation Failure) [PSYoungGen: 490816K->19488K(501248K)] 853792K->390269K(1025536K), 0.0330192 secs] [Times: user=0.04 sys=0.05, real=0.03 secs] 
2021-05-29T23:22:42.229+0800: 1345913.881: [GC (Allocation Failure) [PSYoungGen: 497696K->20960K(499200K)] 868477K->402771K(1023488K), 0.0495308 secs] [Times: user=0.07 sys=0.06, real=0.05 secs] 
2021-05-29T23:27:49.551+0800: 1346221.203: [GC (Allocation Failure) [PSYoungGen: 499168K->19392K(500736K)] 880979K->412914K(1025024K), 0.0322660 secs] [Times: user=0.04 sys=0.04, real=0.04 secs] 
2021-05-29T23:32:52.777+0800: 1346524.429: [GC (Allocation Failure) [PSYoungGen: 496576K->16544K(500736K)] 890098K->422052K(1025024K), 0.0344373 secs] [Times: user=0.09 sys=0.00, real=0.03 secs] 
2021-05-29T23:37:58.120+0800: 1346829.772: [GC (Allocation Failure) [PSYoungGen: 493728K->17440K(501248K)] 899236K->433480K(1025536K), 0.0381591 secs] [Times: user=0.04 sys=0.05, real=0.04 secs] 
2021-05-29T23:43:02.853+0800: 1347134.505: [GC (Allocation Failure) [PSYoungGen: 495136K->17568K(500736K)] 911176K->444478K(1025024K), 0.0336173 secs] [Times: user=0.04 sys=0.04, real=0.03 secs] 
2021-05-29T23:48:09.411+0800: 1347441.063: [GC (Allocation Failure) [PSYoungGen: 495264K->16960K(501760K)] 922174K->455778K(1026048K), 0.0362584 secs] [Times: user=0.05 sys=0.05, real=0.04 secs] 
2021-05-29T23:53:15.836+0800: 1347747.488: [GC (Allocation Failure) [PSYoungGen: 496192K->18560K(501760K)] 935010K->468182K(1026048K), 0.0321610 secs] [Times: user=0.04 sys=0.04, real=0.03 secs] 
2021-05-29T23:58:19.515+0800: 1348051.167: [GC (Allocation Failure) [PSYoungGen: 497792K->18112K(502272K)] 947414K->479500K(1026560K), 0.0352341 secs] [Times: user=0.09 sys=0.00, real=0.03 secs] 
2021-05-30T00:03:11.724+0800: 1348343.376: [GC (Allocation Failure) [PSYoungGen: 498368K->16832K(502272K)] 959756K->489239K(1026560K), 0.0354981 secs] [Times: user=0.05 sys=0.05, real=0.03 secs] 
2021-05-30T00:08:15.263+0800: 1348646.915: [GC (Allocation Failure) [PSYoungGen: 497088K->19008K(502784K)] 969495K->501878K(1027072K), 0.0332190 secs] [Times: user=0.05 sys=0.05, real=0.03 secs] 
2021-05-30T00:13:23.882+0800: 1348955.534: [GC (Allocation Failure) [PSYoungGen: 500288K->19872K(501248K)] 983158K->514764K(1025536K), 0.0408584 secs] [Times: user=0.11 sys=0.00, real=0.04 secs] 
2021-05-30T00:18:32.924+0800: 1349264.576: [GC (Allocation Failure) [PSYoungGen: 501152K->14688K(501248K)] 996044K->521992K(1025536K), 0.0511800 secs] [Times: user=0.04 sys=0.04, real=0.05 secs] 
2021-05-30T00:23:33.101+0800: 1349564.753: [GC (Allocation Failure) [PSYoungGen: 493920K->19616K(501760K)] 1001224K->536485K(1026048K), 0.0371308 secs] [Times: user=0.04 sys=0.05, real=0.04 secs] 
2021-05-30T00:23:33.138+0800: 1349564.790: [Full GC (Ergonomics) [PSYoungGen: 19616K->0K(501760K)] [ParOldGen: 516869K->311051K(524288K)] 536485K->311051K(1026048K), [Metaspace: 96903K->96903K(1138688K)], 0.4941908 secs] [Times: user=1.06 sys=0.00, real=0.50 secs] 
2021-05-30T00:28:39.730+0800: 1349871.382: [GC (Allocation Failure) [PSYoungGen: 479232K->15488K(501760K)] 790283K->326539K(1026048K), 0.0313670 secs] [Times: user=0.03 sys=0.04, real=0.03 secs] 
2021-05-30T00:33:46.426+0800: 1350178.078: [GC (Allocation Failure) [PSYoungGen: 494720K->17888K(501760K)] 805771K->337760K(1026048K), 0.0339034 secs] [Times: user=0.08 sys=0.00, real=0.03 secs] 
2021-05-30T00:38:53.078+0800: 1350484.730: [GC (Allocation Failure) [PSYoungGen: 497120K->17856K(502272K)] 816992K->348932K(1026560K), 0.0309512 secs] [Times: user=0.04 sys=0.04, real=0.03 secs] 
2021-05-30T00:44:03.420+0800: 1350795.072: [GC (Allocation Failure) [PSYoungGen: 498105K->15648K(502272K)] 829182K->357753K(1026560K), 0.0834853 secs] [Times: user=0.11 sys=0.00, real=0.09 secs] 
2021-05-30T00:49:13.445+0800: 1351105.097: [GC (Allocation Failure) [PSYoungGen: 495904K->20320K(501248K)] 838009K->372831K(1025536K), 0.0350463 secs] [Times: user=0.04 sys=0.05, real=0.03 secs] 
2021-05-30T00:54:18.170+0800: 1351409.822: [GC (Allocation Failure) [PSYoungGen: 499552K->18048K(501760K)] 852063K->383125K(1026048K), 0.0636712 secs] [Times: user=0.06 sys=0.07, real=0.07 secs] 
2021-05-30T00:59:24.898+0800: 1351716.550: [GC (Allocation Failure) [PSYoungGen: 497280K->16864K(502272K)] 862357K->392115K(1026560K), 0.0296127 secs] [Times: user=0.04 sys=0.04, real=0.03 secs] 
2021-05-30T01:04:20.035+0800: 1352011.687: [GC (Allocation Failure) [PSYoungGen: 497120K->16394K(502272K)] 872371K->403537K(1026560K), 0.0268010 secs] [Times: user=0.04 sys=0.04, real=0.03 secs] 
2021-05-30T01:09:29.781+0800: 1352321.433: [GC (Allocation Failure) [PSYoungGen: 496650K->15232K(502784K)] 883793K->413917K(1027072K), 0.0756866 secs] [Times: user=0.11 sys=0.00, real=0.08 secs] 
2021-05-30T01:14:38.855+0800: 1352630.507: [GC (Allocation Failure) [PSYoungGen: 496512K->16352K(502784K)] 895197K->425338K(1027072K), 0.0462001 secs] [Times: user=0.04 sys=0.04, real=0.04 secs] 
2021-05-30T01:19:46.841+0800: 1352938.493: [GC (Allocation Failure) [PSYoungGen: 497632K->19456K(501760K)] 906618K->438607K(1026048K), 0.0370827 secs] [Times: user=0.05 sys=0.05, real=0.04 secs] 
2021-05-30T01:24:51.281+0800: 1353242.933: [GC (Allocation Failure) [PSYoungGen: 499712K->18368K(502272K)] 918863K->449205K(1026560K), 0.0327586 secs] [Times: user=0.04 sys=0.04, real=0.04 secs] 
2021-05-30T01:30:02.732+0800: 1353554.384: [GC (Allocation Failure) [PSYoungGen: 498624K->17696K(502784K)] 929461K->459713K(1027072K), 0.0315949 secs] [Times: user=0.08 sys=0.00, real=0.04 secs] 
2021-05-30T01:35:12.178+0800: 1353863.830: [GC (Allocation Failure) [PSYoungGen: 498464K->17312K(502272K)] 940481K->471069K(1026560K), 0.0313187 secs] [Times: user=0.04 sys=0.04, real=0.03 secs] 
2021-05-30T01:40:22.728+0800: 1354174.380: [GC (Allocation Failure) [PSYoungGen: 498080K->18016K(503296K)] 951837K->481731K(1027584K), 0.0311848 secs] [Times: user=0.04 sys=0.04, real=0.03 secs] 
2021-05-30T01:45:27.871+0800: 1354479.523: [GC (Allocation Failure) [PSYoungGen: 500320K->19040K(503296K)] 964035K->493225K(1027584K), 0.0344833 secs] [Times: user=0.04 sys=0.05, real=0.04 secs] 
2021-05-30T01:50:34.758+0800: 1354786.410: [GC (Allocation Failure) [PSYoungGen: 501344K->16032K(503296K)] 975529K->501053K(1027584K), 0.0284048 secs] [Times: user=0.03 sys=0.04, real=0.03 secs] 
2021-05-30T01:55:41.743+0800: 1355093.395: [GC (Allocation Failure) [PSYoungGen: 498336K->19328K(501760K)] 983357K->515506K(1026048K), 0.0311082 secs] [Times: user=0.04 sys=0.04, real=0.03 secs] 
2021-05-30T02:00:49.656+0800: 1355401.308: [GC (Allocation Failure) [PSYoungGen: 501632K->19072K(502784K)] 997810K->526007K(1027072K), 0.1109998 secs] [Times: user=0.11 sys=0.00, real=0.11 secs] 
2021-05-30T02:05:58.048+0800: 1355709.700: [GC (Allocation Failure) [PSYoungGen: 500352K->16224K(502784K)] 1007287K->533227K(1027072K), 0.0407108 secs] [Times: user=0.05 sys=0.05, real=0.04 secs] 
2021-05-30T02:05:58.089+0800: 1355709.741: [Full GC (Ergonomics) [PSYoungGen: 16224K->0K(502784K)] [ParOldGen: 517003K->312493K(524288K)] 533227K->312493K(1027072K), [Metaspace: 96905K->96905K(1138688K)], 0.5557472 secs] [Times: user=1.27 sys=0.00, real=0.56 secs] 
2021-05-30T02:11:00.397+0800: 1356012.049: [GC (Allocation Failure) [PSYoungGen: 481280K->21472K(500736K)] 793773K->334117K(1025024K), 0.0319910 secs] [Times: user=0.04 sys=0.04, real=0.03 secs] 
2021-05-30T02:16:08.279+0800: 1356319.931: [GC (Allocation Failure) [PSYoungGen: 500704K->16832K(501760K)] 813349K->343404K(1026048K), 0.0329617 secs] [Times: user=0.05 sys=0.04, real=0.03 secs] 
2021-05-30T02:21:13.547+0800: 1356625.199: [GC (Allocation Failure) [PSYoungGen: 496064K->18432K(502272K)] 822636K->355433K(1026560K), 0.0347203 secs] [Times: user=0.04 sys=0.05, real=0.03 secs] 
2021-05-30T02:26:21.433+0800: 1356933.085: [GC (Allocation Failure) [PSYoungGen: 498176K->15392K(501760K)] 835177K->364029K(1026048K), 0.0273119 secs] [Times: user=0.04 sys=0.04, real=0.02 secs] 
2021-05-30T02:31:30.141+0800: 1357241.793: [GC (Allocation Failure) [PSYoungGen: 495136K->16960K(502272K)] 843773K->376338K(1026560K), 0.0750939 secs] [Times: user=0.09 sys=0.00, real=0.08 secs] 
2021-05-30T02:36:36.368+0800: 1357548.020: [GC (Allocation Failure) [PSYoungGen: 497216K->17504K(502272K)] 856594K->388055K(1026560K), 0.0386230 secs] [Times: user=0.04 sys=0.04, real=0.04 secs] 
2021-05-30T02:41:44.537+0800: 1357856.189: [GC (Allocation Failure) [PSYoungGen: 497760K->19840K(501760K)] 868311K->400574K(1026048K), 0.0388944 secs] [Times: user=0.04 sys=0.04, real=0.04 secs] 
2021-05-30T02:46:51.549+0800: 1358163.201: [GC (Allocation Failure) [PSYoungGen: 500096K->17984K(502272K)] 880830K->410170K(1026560K), 0.0570661 secs] [Times: user=0.04 sys=0.04, real=0.06 secs] 
2021-05-30T02:51:57.984+0800: 1358469.636: [GC (Allocation Failure) [PSYoungGen: 498240K->19616K(501760K)] 890426K->423703K(1026048K), 0.0365687 secs] [Times: user=0.04 sys=0.05, real=0.03 secs] 
2021-05-30T02:57:03.051+0800: 1358774.703: [GC (Allocation Failure) [PSYoungGen: 499872K->20448K(500736K)] 903959K->436588K(1025024K), 0.0355935 secs] [Times: user=0.03 sys=0.04, real=0.04 secs] 
2021-05-30T03:02:13.446+0800: 1359085.098: [GC (Allocation Failure) [PSYoungGen: 500704K->17216K(502272K)] 916844K->445162K(1026560K), 0.0298923 secs] [Times: user=0.04 sys=0.04, real=0.03 secs] 
2021-05-30T03:07:21.450+0800: 1359393.102: [GC (Allocation Failure) [PSYoungGen: 496960K->17440K(501760K)] 924906K->456735K(1026048K), 0.0429089 secs] [Times: user=0.05 sys=0.06, real=0.05 secs] 
2021-05-30T03:12:26.315+0800: 1359697.967: [GC (Allocation Failure) [PSYoungGen: 497184K->19648K(502272K)] 936479K->468804K(1026560K), 0.0323483 secs] [Times: user=0.08 sys=0.00, real=0.03 secs] 
2021-05-30T03:17:34.032+0800: 1360005.684: [GC (Allocation Failure) [PSYoungGen: 499904K->16832K(502272K)] 949060K->476745K(1026560K), 0.0297306 secs] [Times: user=0.04 sys=0.04, real=0.03 secs] 
2021-05-30T03:22:44.121+0800: 1360315.773: [GC (Allocation Failure) [PSYoungGen: 497088K->16032K(502272K)] 957001K->486629K(1026560K), 0.0287304 secs] [Times: user=0.04 sys=0.04, real=0.03 secs] 
2021-05-30T03:27:54.350+0800: 1360626.002: [GC (Allocation Failure) [PSYoungGen: 496288K->18912K(502272K)] 966885K->499938K(1026560K), 0.0378513 secs] [Times: user=0.04 sys=0.04, real=0.04 secs] 
2021-05-30T03:32:59.172+0800: 1360930.824: [GC (Allocation Failure) [PSYoungGen: 499168K->17984K(502784K)] 980194K->510641K(1027072K), 0.0394648 secs] [Times: user=0.04 sys=0.04, real=0.03 secs] 
2021-05-30T03:38:04.399+0800: 1361236.051: [GC (Allocation Failure) [PSYoungGen: 498752K->21472K(502272K)] 991409K->525023K(1026560K), 0.0366515 secs] [Times: user=0.04 sys=0.04, real=0.04 secs] 
2021-05-30T03:43:16.677+0800: 1361548.329: [GC (Allocation Failure) [PSYoungGen: 502240K->17568K(494080K)] 1005791K->532220K(1018368K), 0.0300442 secs] [Times: user=0.04 sys=0.04, real=0.03 secs] 
2021-05-30T03:43:16.708+0800: 1361548.360: [Full GC (Ergonomics) [PSYoungGen: 17568K->0K(494080K)] [ParOldGen: 514652K->310948K(524288K)] 532220K->310948K(1018368K), [Metaspace: 96905K->96905K(1138688K)], 0.4717561 secs] [Times: user=1.00 sys=0.00, real=0.47 secs] 
2021-05-30T03:48:16.345+0800: 1361847.997: [GC (Allocation Failure) [PSYoungGen: 472064K->16320K(498176K)] 783012K->327268K(1022464K), 0.0250474 secs] [Times: user=0.03 sys=0.04, real=0.02 secs] 
2021-05-30T03:53:20.727+0800: 1362152.379: [GC (Allocation Failure) [PSYoungGen: 488384K->15072K(498176K)] 799332K->337564K(1022464K), 0.0294183 secs] [Times: user=0.09 sys=0.00, real=0.03 secs] 
2021-05-30T03:58:22.345+0800: 1362453.997: [GC (Allocation Failure) [PSYoungGen: 487136K->16000K(498176K)] 809628K->348073K(1022464K), 0.0314638 secs] [Times: user=0.08 sys=0.00, real=0.03 secs] 
2021-05-30T04:03:30.252+0800: 1362761.904: [GC (Allocation Failure) [PSYoungGen: 488064K->18400K(499200K)] 820137K->361390K(1023488K), 0.0286038 secs] [Times: user=0.04 sys=0.05, real=0.02 secs] 
2021-05-30T04:08:33.988+0800: 1363065.640: [GC (Allocation Failure) [PSYoungGen: 492000K->17760K(498688K)] 834990K->371483K(1022976K), 0.0331404 secs] [Times: user=0.04 sys=0.04, real=0.03 secs] 
2021-05-30T04:13:37.465+0800: 1363369.117: [GC (Allocation Failure) [PSYoungGen: 491360K->19488K(499712K)] 845083K->384992K(1024000K), 0.0327328 secs] [Times: user=0.04 sys=0.05, real=0.03 secs] 
2021-05-30T04:18:42.204+0800: 1363673.856: [GC (Allocation Failure) [PSYoungGen: 494624K->18304K(499712K)] 860128K->395909K(1024000K), 0.1100548 secs] [Times: user=0.05 sys=0.05, real=0.11 secs] 
2021-05-30T04:23:47.633+0800: 1363979.285: [GC (Allocation Failure) [PSYoungGen: 493440K->19744K(500224K)] 871045K->408507K(1024512K), 0.0335218 secs] [Times: user=0.04 sys=0.04, real=0.03 secs] 
2021-05-30T04:28:56.492+0800: 1364288.144: [GC (Allocation Failure) [PSYoungGen: 495904K->15648K(500224K)] 884667K->415647K(1024512K), 0.0292145 secs] [Times: user=0.03 sys=0.04, real=0.03 secs] 
2021-05-30T04:33:59.091+0800: 1364590.743: [GC (Allocation Failure) [PSYoungGen: 491808K->19104K(500736K)] 891807K->428869K(1025024K), 0.0492778 secs] [Times: user=0.04 sys=0.05, real=0.05 secs] 
2021-05-30T04:39:06.342+0800: 1364897.994: [GC (Allocation Failure) [PSYoungGen: 496288K->15552K(500736K)] 906053K->436312K(1025024K), 0.0278275 secs] [Times: user=0.03 sys=0.04, real=0.02 secs] 
2021-05-30T04:44:14.006+0800: 1365205.658: [GC (Allocation Failure) [PSYoungGen: 492736K->17760K(501248K)] 913496K->448125K(1025536K), 0.0318957 secs] [Times: user=0.04 sys=0.04, real=0.03 secs] 
2021-05-30T04:49:21.594+0800: 1365513.246: [GC (Allocation Failure) [PSYoungGen: 495456K->18176K(500736K)] 925821K->459514K(1025024K), 0.0300816 secs] [Times: user=0.04 sys=0.04, real=0.03 secs] 
2021-05-30T04:54:28.581+0800: 1365820.233: [GC (Allocation Failure) [PSYoungGen: 495872K->16032K(501760K)] 937210K->468654K(1026048K), 0.0347104 secs] [Times: user=0.04 sys=0.05, real=0.04 secs] 
2021-05-30T04:59:37.158+0800: 1366128.810: [GC (Allocation Failure) [PSYoungGen: 495264K->17856K(501760K)] 947886K->479709K(1026048K), 0.0439606 secs] [Times: user=0.05 sys=0.06, real=0.05 secs] 
2021-05-30T05:04:45.232+0800: 1366436.884: [GC (Allocation Failure) [PSYoungGen: 497088K->17440K(502272K)] 958941K->491161K(1026560K), 0.0344143 secs] [Times: user=0.04 sys=0.04, real=0.04 secs] 
2021-05-30T05:09:52.136+0800: 1366743.788: [GC (Allocation Failure) [PSYoungGen: 497696K->20320K(500736K)] 971417K->503998K(1025024K), 0.0339036 secs] [Times: user=0.04 sys=0.05, real=0.03 secs] 
2021-05-30T05:14:58.028+0800: 1367049.680: [GC (Allocation Failure) [PSYoungGen: 500576K->19552K(501760K)] 984254K->513707K(1026048K), 0.0421264 secs] [Times: user=0.04 sys=0.05, real=0.04 secs] 
2021-05-30T05:20:04.223+0800: 1367355.875: [GC (Allocation Failure) [PSYoungGen: 498784K->18624K(501760K)] 992939K->525040K(1026048K), 0.0507947 secs] [Times: user=0.08 sys=0.00, real=0.05 secs] 
2021-05-30T05:25:13.443+0800: 1367665.095: [GC (Allocation Failure) [PSYoungGen: 497856K->19104K(502272K)] 1004272K->535877K(1026560K), 0.0716655 secs] [Times: user=0.04 sys=0.05, real=0.07 secs] 
2021-05-30T05:25:13.515+0800: 1367665.167: [Full GC (Ergonomics) [PSYoungGen: 19104K->0K(502272K)] [ParOldGen: 516773K->316552K(524288K)] 535877K->316552K(1026560K), [Metaspace: 96905K->96905K(1138688K)], 0.5219725 secs] [Times: user=1.11 sys=0.00, real=0.52 secs] 
2021-05-30T05:30:21.020+0800: 1367972.672: [GC (Allocation Failure) [PSYoungGen: 480256K->18592K(502272K)] 796808K->335144K(1026560K), 0.0322757 secs] [Times: user=0.04 sys=0.04, real=0.04 secs] 
2021-05-30T05:35:33.699+0800: 1368285.351: [GC (Allocation Failure) [PSYoungGen: 498848K->17376K(502272K)] 815400K->346413K(1026560K), 0.0399851 secs] [Times: user=0.05 sys=0.06, real=0.04 secs] 
2021-05-30T05:40:38.674+0800: 1368590.326: [GC (Allocation Failure) [PSYoungGen: 497632K->18912K(502272K)] 826669K->358898K(1026560K), 0.0780946 secs] [Times: user=0.04 sys=0.04, real=0.07 secs] 
2021-05-30T05:45:46.719+0800: 1368898.371: [GC (Allocation Failure) [PSYoungGen: 499168K->19136K(502784K)] 839154K->370393K(1027072K), 0.0338485 secs] [Times: user=0.05 sys=0.04, real=0.04 secs] 
2021-05-30T05:50:51.530+0800: 1369203.182: [GC (Allocation Failure) [PSYoungGen: 500416K->18944K(502784K)] 851673K->381390K(1027072K), 0.0320487 secs] [Times: user=0.04 sys=0.04, real=0.03 secs] 
2021-05-30T05:56:00.196+0800: 1369511.848: [GC (Allocation Failure) [PSYoungGen: 500224K->20480K(501760K)] 862670K->394253K(1026048K), 0.0517205 secs] [Times: user=0.06 sys=0.06, real=0.05 secs] 
2021-05-30T06:01:09.045+0800: 1369820.697: [GC (Allocation Failure) [PSYoungGen: 500736K->18400K(502272K)] 874509K->403587K(1026560K), 0.0979244 secs] [Times: user=0.06 sys=0.06, real=0.10 secs] 
2021-05-30T06:06:13.716+0800: 1370125.368: [GC (Allocation Failure) [PSYoungGen: 498656K->18528K(502784K)] 883843K->414175K(1027072K), 0.0288030 secs] [Times: user=0.04 sys=0.04, real=0.03 secs] 
2021-05-30T06:11:18.672+0800: 1370430.324: [GC (Allocation Failure) [PSYoungGen: 499296K->17856K(502272K)] 894943K->425051K(1026560K), 0.0336422 secs] [Times: user=0.05 sys=0.05, real=0.04 secs] 
2021-05-30T06:16:25.280+0800: 1370736.932: [GC (Allocation Failure) [PSYoungGen: 498624K->17728K(502784K)] 905819K->436145K(1027072K), 0.0438776 secs] [Times: user=0.04 sys=0.05, real=0.05 secs] 
2021-05-30T06:21:37.462+0800: 1371049.114: [GC (Allocation Failure) [PSYoungGen: 499008K->18784K(502784K)] 917425K->448365K(1027072K), 0.0458310 secs] [Times: user=0.05 sys=0.05, real=0.04 secs] 
2021-05-30T06:26:44.739+0800: 1371356.391: [GC (Allocation Failure) [PSYoungGen: 500064K->19520K(502272K)] 929645K->459979K(1026560K), 0.0339397 secs] [Times: user=0.09 sys=0.00, real=0.04 secs] 
2021-05-30T06:31:51.517+0800: 1371663.169: [GC (Allocation Failure) [PSYoungGen: 500800K->17984K(502784K)] 941259K->471184K(1027072K), 0.0303838 secs] [Times: user=0.04 sys=0.04, real=0.03 secs] 
2021-05-30T06:36:59.885+0800: 1371971.537: [GC (Allocation Failure) [PSYoungGen: 499264K->19904K(502272K)] 952464K->484230K(1026560K), 0.0374158 secs] [Times: user=0.04 sys=0.05, real=0.04 secs] 
2021-05-30T06:42:14.385+0800: 1372286.037: [GC (Allocation Failure) [PSYoungGen: 501184K->16512K(502784K)] 965510K->493705K(1027072K), 0.0326924 secs] [Times: user=0.04 sys=0.05, real=0.03 secs] 
2021-05-30T06:47:24.786+0800: 1372596.438: [GC (Allocation Failure) [PSYoungGen: 497792K->14912K(501760K)] 974985K->501950K(1026048K), 0.0678359 secs] [Times: user=0.09 sys=0.00, real=0.07 secs] 
2021-05-30T06:52:27.969+0800: 1372899.621: [GC (Allocation Failure) [PSYoungGen: 495168K->17632K(502272K)] 982206K->515258K(1026560K), 0.0382798 secs] [Times: user=0.04 sys=0.04, real=0.04 secs] 
2021-05-30T06:57:33.970+0800: 1373205.622: [GC (Allocation Failure) [PSYoungGen: 497888K->18976K(502784K)] 995514K->526808K(1027072K), 0.0320620 secs] [Times: user=0.04 sys=0.04, real=0.03 secs] 
2021-05-30T07:02:34.859+0800: 1373506.511: [GC (Allocation Failure) [PSYoungGen: 500022K->18622K(502784K)] 1007854K->537605K(1027072K), 0.0349197 secs] [Times: user=0.04 sys=0.05, real=0.04 secs] 
2021-05-30T07:02:34.894+0800: 1373506.546: [Full GC (Ergonomics) [PSYoungGen: 18622K->0K(502784K)] [ParOldGen: 518982K->312908K(524288K)] 537605K->312908K(1027072K), [Metaspace: 96905K->96905K(1138688K)], 0.5402455 secs] [Times: user=1.18 sys=0.00, real=0.54 secs] 
2021-05-30T07:07:43.957+0800: 1373815.609: [GC (Allocation Failure) [PSYoungGen: 481280K->18912K(502784K)] 794188K->331820K(1027072K), 0.0332697 secs] [Times: user=0.03 sys=0.04, real=0.03 secs] 
2021-05-30T07:12:49.612+0800: 1374121.264: [GC (Allocation Failure) [PSYoungGen: 500192K->19072K(502784K)] 813100K->343265K(1027072K), 0.0358555 secs] [Times: user=0.09 sys=0.00, real=0.04 secs] 
2021-05-30T07:18:00.997+0800: 1374432.649: [GC (Allocation Failure) [PSYoungGen: 500352K->18240K(503296K)] 824545K->353269K(1027584K), 0.0431747 secs] [Times: user=0.05 sys=0.04, real=0.04 secs] 
2021-05-30T07:23:12.324+0800: 1374743.976: [GC (Allocation Failure) [PSYoungGen: 500032K->19392K(502784K)] 835061K->364651K(1027072K), 0.0357215 secs] [Times: user=0.10 sys=0.00, real=0.03 secs] 
2021-05-30T07:28:22.427+0800: 1375054.079: [GC (Allocation Failure) [PSYoungGen: 501184K->19168K(502784K)] 846443K->375864K(1027072K), 0.0395232 secs] [Times: user=0.04 sys=0.05, real=0.04 secs] 
2021-05-30T07:33:34.966+0800: 1375366.618: [GC (Allocation Failure) [PSYoungGen: 500448K->15904K(502784K)] 857144K->384739K(1027072K), 0.0382963 secs] [Times: user=0.04 sys=0.04, real=0.04 secs] 
2021-05-30T07:38:44.955+0800: 1375676.607: [GC (Allocation Failure) [PSYoungGen: 497184K->20224K(501760K)] 866019K->399490K(1026048K), 0.0350487 secs] [Times: user=0.04 sys=0.04, real=0.03 secs] 
2021-05-30T07:43:50.371+0800: 1375982.023: [GC (Allocation Failure) [PSYoungGen: 500480K->21760K(502272K)] 879746K->412320K(1026560K), 0.0334532 secs] [Times: user=0.05 sys=0.05, real=0.04 secs] 
2021-05-30T07:48:56.918+0800: 1376288.570: [GC (Allocation Failure) [PSYoungGen: 502016K->19552K(501248K)] 892576K->422869K(1025536K), 0.0666312 secs] [Times: user=0.08 sys=0.00, real=0.07 secs] 
2021-05-30T07:54:01.248+0800: 1376592.901: [GC (Allocation Failure) [PSYoungGen: 498784K->17536K(501760K)] 902101K->431241K(1026048K), 0.0337739 secs] [Times: user=0.04 sys=0.05, real=0.04 secs] 
2021-05-30T07:59:14.386+0800: 1376906.038: [GC (Allocation Failure) [PSYoungGen: 496768K->14720K(500736K)] 910473K->440380K(1025024K), 0.0312077 secs] [Times: user=0.04 sys=0.04, real=0.03 secs] 
2021-05-30T08:04:15.797+0800: 1377207.449: [GC (Allocation Failure) [PSYoungGen: 492928K->19712K(501248K)] 918588K->455409K(1025536K), 0.0323894 secs] [Times: user=0.04 sys=0.04, real=0.03 secs] 
2021-05-30T08:09:22.051+0800: 1377513.703: [GC (Allocation Failure) [PSYoungGen: 497920K->15840K(501248K)] 933617K->462724K(1025536K), 0.0382765 secs] [Times: user=0.09 sys=0.00, real=0.04 secs] 
2021-05-30T08:14:20.034+0800: 1377811.686: [GC (Allocation Failure) [PSYoungGen: 494048K->18048K(501248K)] 940932K->475705K(1025536K), 0.0357375 secs] [Times: user=0.04 sys=0.04, real=0.03 secs] 
2021-05-30T08:19:26.692+0800: 1378118.344: [GC (Allocation Failure) [PSYoungGen: 496256K->17984K(502272K)] 953913K->486388K(1026560K), 0.0365956 secs] [Times: user=0.05 sys=0.04, real=0.04 secs] 
2021-05-30T08:24:34.076+0800: 1378425.728: [GC (Allocation Failure) [PSYoungGen: 497728K->17472K(501760K)] 966132K->495970K(1026048K), 0.0343806 secs] [Times: user=0.05 sys=0.06, real=0.03 secs] 
2021-05-30T08:29:39.977+0800: 1378731.629: [GC (Allocation Failure) [PSYoungGen: 497216K->20896K(501248K)] 975714K->510544K(1025536K), 0.0418744 secs] [Times: user=0.04 sys=0.05, real=0.04 secs] 
2021-05-30T08:34:48.152+0800: 1379039.804: [GC (Allocation Failure) [PSYoungGen: 500126K->19328K(501760K)] 989775K->520086K(1026048K), 0.0311041 secs] [Times: user=0.04 sys=0.04, real=0.03 secs] 
2021-05-30T08:39:55.939+0800: 1379347.591: [GC (Allocation Failure) [PSYoungGen: 498560K->17984K(502272K)] 999318K->531043K(1026560K), 0.0314387 secs] [Times: user=0.04 sys=0.05, real=0.03 secs] 
2021-05-30T08:39:55.971+0800: 1379347.623: [Full GC (Ergonomics) [PSYoungGen: 17984K->0K(502272K)] [ParOldGen: 513059K->312281K(524288K)] 531043K->312281K(1026560K), [Metaspace: 96905K->96905K(1138688K)], 0.4837891 secs] [Times: user=1.03 sys=0.00, real=0.49 secs] 
2021-05-30T08:45:05.977+0800: 1379657.629: [GC (Allocation Failure) [PSYoungGen: 479744K->19712K(501760K)] 792025K->331993K(1026048K), 0.0493294 secs] [Times: user=0.04 sys=0.03, real=0.05 secs] 
2021-05-30T08:50:14.514+0800: 1379966.166: [GC (Allocation Failure) [PSYoungGen: 499456K->17536K(502272K)] 811737K->342076K(1026560K), 0.0346725 secs] [Times: user=0.04 sys=0.05, real=0.03 secs] 
2021-05-30T08:55:22.602+0800: 1380274.254: [GC (Allocation Failure) [PSYoungGen: 497280K->17696K(501760K)] 821820K->354031K(1026048K), 0.0315169 secs] [Times: user=0.05 sys=0.05, real=0.04 secs] 
2021-05-30T09:00:34.378+0800: 1380586.031: [GC (Allocation Failure) [PSYoungGen: 497440K->17632K(502272K)] 833775K->364421K(1026560K), 0.0533394 secs] [Times: user=0.04 sys=0.04, real=0.05 secs] 
2021-05-30T09:05:40.126+0800: 1380891.778: [GC (Allocation Failure) [PSYoungGen: 497888K->20320K(502272K)] 844677K->378843K(1026560K), 0.0567165 secs] [Times: user=0.10 sys=0.00, real=0.06 secs] 
2021-05-30T09:10:46.044+0800: 1381197.696: [GC (Allocation Failure) [PSYoungGen: 500531K->19904K(501248K)] 859055K->390472K(1025536K), 0.0349633 secs] [Times: user=0.05 sys=0.04, real=0.03 secs] 
2021-05-30T09:15:49.047+0800: 1381500.699: [GC (Allocation Failure) [PSYoungGen: 499136K->19552K(501760K)] 869704K->402444K(1026048K), 0.0353599 secs] [Times: user=0.04 sys=0.04, real=0.04 secs] 
2021-05-30T09:20:56.498+0800: 1381808.150: [GC (Allocation Failure) [PSYoungGen: 498784K->20288K(501760K)] 881676K->414403K(1026048K), 0.0473863 secs] [Times: user=0.04 sys=0.05, real=0.05 secs] 
2021-05-30T09:26:02.734+0800: 1382114.386: [GC (Allocation Failure) [PSYoungGen: 499520K->17888K(501760K)] 893635K->424296K(1026048K), 0.0315721 secs] [Times: user=0.08 sys=0.00, real=0.03 secs] 
2021-05-30T09:31:08.094+0800: 1382419.746: [GC (Allocation Failure) [PSYoungGen: 497120K->19488K(501760K)] 903528K->436412K(1026048K), 0.0382667 secs] [Times: user=0.04 sys=0.05, real=0.04 secs] 
2021-05-30T09:36:16.108+0800: 1382727.761: [GC (Allocation Failure) [PSYoungGen: 498720K->15616K(501760K)] 915644K->443536K(1026048K), 0.0280622 secs] [Times: user=0.04 sys=0.04, real=0.03 secs] 
2021-05-30T09:41:21.121+0800: 1383032.774: [GC (Allocation Failure) [PSYoungGen: 494848K->17472K(501760K)] 922768K->455637K(1026048K), 0.0320415 secs] [Times: user=0.04 sys=0.05, real=0.04 secs] 
2021-05-30T09:46:28.018+0800: 1383339.670: [GC (Allocation Failure) [PSYoungGen: 496704K->17568K(501760K)] 934869K->465691K(1026048K), 0.0290157 secs] [Times: user=0.04 sys=0.05, real=0.03 secs] 
2021-05-30T09:51:34.922+0800: 1383646.574: [GC (Allocation Failure) [PSYoungGen: 496800K->17984K(502272K)] 944923K->478727K(1026560K), 0.0334238 secs] [Times: user=0.04 sys=0.05, real=0.03 secs] 
2021-05-30T09:56:46.837+0800: 1383958.489: [GC (Allocation Failure) [PSYoungGen: 498240K->17312K(502272K)] 958983K->488957K(1026560K), 0.0342969 secs] [Times: user=0.04 sys=0.04, real=0.03 secs] 
2021-05-30T10:01:50.568+0800: 1384262.220: [GC (Allocation Failure) [PSYoungGen: 497568K->17664K(502784K)] 969213K->499642K(1027072K), 0.0351295 secs] [Times: user=0.09 sys=0.00, real=0.04 secs] 
2021-05-30T10:06:59.157+0800: 1384570.809: [GC (Allocation Failure) [PSYoungGen: 498944K->16288K(502784K)] 980922K->508526K(1027072K), 0.0470010 secs] [Times: user=0.05 sys=0.05, real=0.05 secs] 
2021-05-30T10:12:04.958+0800: 1384876.610: [GC (Allocation Failure) [PSYoungGen: 497568K->19680K(501760K)] 989806K->521205K(1026048K), 0.0355062 secs] [Times: user=0.05 sys=0.04, real=0.04 secs] 
2021-05-30T10:17:09.321+0800: 1385180.973: [GC (Allocation Failure) [PSYoungGen: 499936K->15808K(502272K)] 1001461K->528039K(1026560K), 0.0371044 secs] [Times: user=0.05 sys=0.05, real=0.04 secs] 
2021-05-30T10:17:09.358+0800: 1385181.010: [Full GC (Ergonomics) [PSYoungGen: 15808K->0K(502272K)] [ParOldGen: 512231K->307854K(524288K)] 528039K->307854K(1026560K), [Metaspace: 96905K->96905K(1138688K)], 0.5208538 secs] [Times: user=1.07 sys=0.00, real=0.52 secs] 
2021-05-30T10:22:17.387+0800: 1385489.039: [GC (Allocation Failure) [PSYoungGen: 480256K->17632K(502784K)] 788110K->325486K(1027072K), 0.0351772 secs] [Times: user=0.04 sys=0.04, real=0.04 secs] 
2021-05-30T10:27:27.519+0800: 1385799.171: [GC (Allocation Failure) [PSYoungGen: 498400K->16224K(502272K)] 806254K->335249K(1026560K), 0.0377335 secs] [Times: user=0.04 sys=0.04, real=0.04 secs] 
2021-05-30T10:32:41.229+0800: 1386112.881: [GC (Allocation Failure) [PSYoungGen: 496992K->19328K(502784K)] 816017K->349263K(1027072K), 0.0380062 secs] [Times: user=0.04 sys=0.05, real=0.04 secs] 
2021-05-30T10:37:51.882+0800: 1386423.534: [GC (Allocation Failure) [PSYoungGen: 500608K->18560K(502784K)] 830543K->360820K(1027072K), 0.0355108 secs] [Times: user=0.04 sys=0.05, real=0.03 secs] 
2021-05-30T10:43:00.766+0800: 1386732.418: [GC (Allocation Failure) [PSYoungGen: 499840K->18560K(502784K)] 842100K->371760K(1027072K), 0.0324363 secs] [Times: user=0.04 sys=0.04, real=0.03 secs] 
2021-05-30T10:48:09.207+0800: 1387040.859: [GC (Allocation Failure) [PSYoungGen: 499840K->16512K(502784K)] 853040K->380701K(1027072K), 0.0298487 secs] [Times: user=0.04 sys=0.04, real=0.03 secs] 
2021-05-30T10:53:16.479+0800: 1387348.131: [GC (Allocation Failure) [PSYoungGen: 497792K->19680K(501760K)] 861981K->395507K(1026048K), 0.0389902 secs] [Times: user=0.05 sys=0.05, real=0.04 secs] 
2021-05-30T10:58:23.836+0800: 1387655.488: [GC (Allocation Failure) [PSYoungGen: 499936K->15616K(502272K)] 875763K->402198K(1026560K), 0.0307943 secs] [Times: user=0.04 sys=0.04, real=0.03 secs] 
2021-05-30T11:03:27.753+0800: 1387959.405: [GC (Allocation Failure) [PSYoungGen: 495872K->19584K(502272K)] 882454K->416931K(1026560K), 0.0401522 secs] [Times: user=0.10 sys=0.00, real=0.04 secs] 
2021-05-30T11:08:29.441+0800: 1388261.093: [GC (Allocation Failure) [PSYoungGen: 499840K->18592K(502272K)] 897187K->427320K(1026560K), 0.0385800 secs] [Times: user=0.05 sys=0.05, real=0.04 secs] 
2021-05-30T11:13:32.853+0800: 1388564.505: [GC (Allocation Failure) [PSYoungGen: 498848K->19168K(502272K)] 907576K->439253K(1026560K), 0.0366416 secs] [Times: user=0.04 sys=0.05, real=0.03 secs] 
2021-05-30T11:18:33.168+0800: 1388864.820: [GC (Allocation Failure) [PSYoungGen: 499424K->19808K(502272K)] 919509K->450555K(1026560K), 0.0396405 secs] [Times: user=0.05 sys=0.05, real=0.04 secs] 
2021-05-30T11:23:42.894+0800: 1389174.546: [GC (Allocation Failure) [PSYoungGen: 500064K->18304K(502272K)] 930811K->459752K(1026560K), 0.0350716 secs] [Times: user=0.04 sys=0.05, real=0.03 secs] 
2021-05-30T11:28:50.853+0800: 1389482.505: [GC (Allocation Failure) [PSYoungGen: 498560K->17376K(502272K)] 940008K->469318K(1026560K), 0.0304996 secs] [Times: user=0.04 sys=0.04, real=0.03 secs] 
2021-05-30T11:33:58.269+0800: 1389789.921: [GC (Allocation Failure) [PSYoungGen: 497632K->17216K(502784K)] 949574K->481313K(1027072K), 0.0323962 secs] [Times: user=0.04 sys=0.04, real=0.03 secs] 
2021-05-30T11:39:04.774+0800: 1390096.426: [GC (Allocation Failure) [PSYoungGen: 498496K->18144K(502784K)] 962593K->492069K(1027072K), 0.0370920 secs] [Times: user=0.05 sys=0.05, real=0.03 secs] 
2021-05-30T11:44:13.503+0800: 1390405.155: [GC (Allocation Failure) [PSYoungGen: 499424K->15200K(502784K)] 973349K->500464K(1027072K), 0.0358275 secs] [Times: user=0.04 sys=0.05, real=0.03 secs] 
2021-05-30T11:49:21.744+0800: 1390713.396: [GC (Allocation Failure) [PSYoungGen: 496480K->17664K(502784K)] 981744K->512270K(1027072K), 0.0330052 secs] [Times: user=0.05 sys=0.05, real=0.03 secs] 
2021-05-30T11:54:28.665+0800: 1391020.317: [GC (Allocation Failure) [PSYoungGen: 498944K->20032K(502272K)] 993550K->524868K(1026560K), 0.0406413 secs] [Times: user=0.05 sys=0.06, real=0.04 secs] 
2021-05-30T11:59:38.724+0800: 1391330.376: [GC (Allocation Failure) [PSYoungGen: 501312K->18944K(502784K)] 1006148K->535794K(1027072K), 0.0379325 secs] [Times: user=0.05 sys=0.05, real=0.04 secs] 
2021-05-30T11:59:38.763+0800: 1391330.415: [Full GC (Ergonomics) [PSYoungGen: 18944K->0K(502784K)] [ParOldGen: 516850K->318468K(524288K)] 535794K->318468K(1027072K), [Metaspace: 96905K->96905K(1138688K)], 0.4516618 secs] [Times: user=1.01 sys=0.00, real=0.45 secs] 
2021-05-30T12:04:45.190+0800: 1391636.842: [GC (Allocation Failure) [PSYoungGen: 481280K->17984K(502784K)] 799748K->336452K(1027072K), 0.0306086 secs] [Times: user=0.03 sys=0.04, real=0.03 secs] 
2021-05-30T12:09:55.109+0800: 1391946.761: [GC (Allocation Failure) [PSYoungGen: 499264K->17760K(502784K)] 817732K->348545K(1027072K), 0.0346880 secs] [Times: user=0.05 sys=0.05, real=0.04 secs] 
2021-05-30T12:15:01.369+0800: 1392253.021: [GC (Allocation Failure) [PSYoungGen: 499040K->18112K(503296K)] 829825K->359398K(1027584K), 0.0346514 secs] [Times: user=0.04 sys=0.04, real=0.04 secs] 
2021-05-30T12:20:09.605+0800: 1392561.257: [GC (Allocation Failure) [PSYoungGen: 500416K->18272K(503296K)] 841702K->370140K(1027584K), 0.0342396 secs] [Times: user=0.03 sys=0.05, real=0.03 secs] 
2021-05-30T12:25:16.585+0800: 1392868.237: [GC (Allocation Failure) [PSYoungGen: 500576K->19072K(502784K)] 852444K->382017K(1027072K), 0.0656189 secs] [Times: user=0.05 sys=0.06, real=0.06 secs] 
2021-05-30T12:30:26.667+0800: 1393178.319: [GC (Allocation Failure) [PSYoungGen: 501376K->19904K(503296K)] 864321K->394190K(1027584K), 0.0596530 secs] [Times: user=0.05 sys=0.05, real=0.06 secs] 
2021-05-30T12:35:34.783+0800: 1393486.435: [GC (Allocation Failure) [PSYoungGen: 502208K->19488K(502272K)] 876494K->405444K(1026560K), 0.0365169 secs] [Times: user=0.08 sys=0.00, real=0.03 secs] 
2021-05-30T12:40:44.851+0800: 1393796.504: [GC (Allocation Failure) [PSYoungGen: 500768K->19328K(502784K)] 886724K->417569K(1027072K), 0.0303201 secs] [Times: user=0.04 sys=0.04, real=0.03 secs] 
2021-05-30T12:45:52.878+0800: 1394104.530: [GC (Allocation Failure) [PSYoungGen: 500608K->18304K(503296K)] 898849K->427695K(1027584K), 0.0317194 secs] [Times: user=0.04 sys=0.04, real=0.03 secs] 
2021-05-30T12:51:00.264+0800: 1394411.916: [GC (Allocation Failure) [PSYoungGen: 500096K->18016K(502784K)] 909487K->438498K(1027072K), 0.0290003 secs] [Times: user=0.04 sys=0.04, real=0.03 secs] 
2021-05-30T12:56:07.126+0800: 1394718.778: [GC (Allocation Failure) [PSYoungGen: 499808K->19392K(503296K)] 920290K->451471K(1027584K), 0.0587657 secs] [Times: user=0.04 sys=0.05, real=0.06 secs] 
2021-05-30T13:01:16.973+0800: 1395028.625: [GC (Allocation Failure) [PSYoungGen: 501696K->18592K(503296K)] 933775K->462229K(1027584K), 0.0349020 secs] [Times: user=0.05 sys=0.05, real=0.03 secs] 
2021-05-30T13:06:17.361+0800: 1395329.013: [GC (Allocation Failure) [PSYoungGen: 500896K->16778K(503296K)] 944533K->470956K(1027584K), 0.0314017 secs] [Times: user=0.04 sys=0.04, real=0.04 secs] 
2021-05-30T13:11:24.169+0800: 1395635.821: [GC (Allocation Failure) [PSYoungGen: 499082K->19616K(503296K)] 953260K->484856K(1027584K), 0.0370142 secs] [Times: user=0.05 sys=0.05, real=0.04 secs] 
2021-05-30T13:16:30.527+0800: 1395942.179: [GC (Allocation Failure) [PSYoungGen: 501920K->20224K(502272K)] 967160K->496517K(1026560K), 0.0400731 secs] [Times: user=0.05 sys=0.04, real=0.04 secs] 
2021-05-30T13:21:35.888+0800: 1396247.540: [GC (Allocation Failure) [PSYoungGen: 501504K->16576K(502784K)] 977797K->504977K(1027072K), 0.0357985 secs] [Times: user=0.05 sys=0.05, real=0.04 secs] 
2021-05-30T13:26:41.316+0800: 1396552.968: [GC (Allocation Failure) [PSYoungGen: 497856K->18912K(502784K)] 986257K->518631K(1027072K), 0.0343504 secs] [Times: user=0.05 sys=0.04, real=0.03 secs] 
2021-05-30T13:31:46.798+0800: 1396858.450: [GC (Allocation Failure) [PSYoungGen: 500192K->18496K(502784K)] 999911K->528892K(1027072K), 0.0371347 secs] [Times: user=0.10 sys=0.00, real=0.04 secs] 
2021-05-30T13:36:51.395+0800: 1397163.047: [GC (Allocation Failure) [PSYoungGen: 499776K->17984K(503296K)] 1010172K->540952K(1027584K), 0.0284359 secs] [Times: user=0.04 sys=0.05, real=0.03 secs] 
2021-05-30T13:36:51.424+0800: 1397163.076: [Full GC (Ergonomics) [PSYoungGen: 17984K->0K(503296K)] [ParOldGen: 522968K->314739K(524288K)] 540952K->314739K(1027584K), [Metaspace: 96905K->96905K(1138688K)], 0.4829373 secs] [Times: user=1.06 sys=0.00, real=0.48 secs] 
2021-05-30T13:41:59.416+0800: 1397471.068: [GC (Allocation Failure) [PSYoungGen: 481792K->18496K(502784K)] 796531K->333235K(1027072K), 0.0459009 secs] [Times: user=0.04 sys=0.04, real=0.04 secs] 
2021-05-30T13:47:09.101+0800: 1397780.753: [GC (Allocation Failure) [PSYoungGen: 500288K->20288K(502272K)] 815027K->346320K(1026560K), 0.0338248 secs] [Times: user=0.05 sys=0.04, real=0.04 secs] 
2021-05-30T13:52:20.048+0800: 1398091.700: [GC (Allocation Failure) [PSYoungGen: 501568K->16992K(502784K)] 827600K->355004K(1027072K), 0.0298212 secs] [Times: user=0.04 sys=0.04, real=0.03 secs] 
2021-05-30T13:57:31.424+0800: 1398403.076: [GC (Allocation Failure) [PSYoungGen: 498272K->17344K(502784K)] 836284K->366752K(1027072K), 0.0355509 secs] [Times: user=0.04 sys=0.05, real=0.03 secs] 
2021-05-30T14:02:37.022+0800: 1398708.674: [GC (Allocation Failure) [PSYoungGen: 498624K->15424K(502784K)] 848032K->375420K(1027072K), 0.0320960 secs] [Times: user=0.04 sys=0.04, real=0.04 secs] 
2021-05-30T14:07:44.845+0800: 1399016.497: [GC (Allocation Failure) [PSYoungGen: 496704K->17184K(502784K)] 856700K->385987K(1027072K), 0.0297178 secs] [Times: user=0.08 sys=0.00, real=0.03 secs] 
2021-05-30T14:12:50.611+0800: 1399322.263: [GC (Allocation Failure) [PSYoungGen: 498461K->19008K(502784K)] 867265K->398999K(1027072K), 0.0374806 secs] [Times: user=0.06 sys=0.06, real=0.04 secs] 
2021-05-30T14:18:01.093+0800: 1399632.745: [GC (Allocation Failure) [PSYoungGen: 500288K->18784K(502784K)] 880279K->410284K(1027072K), 0.0326766 secs] [Times: user=0.04 sys=0.05, real=0.03 secs] 
2021-05-30T14:23:07.034+0800: 1399938.686: [GC (Allocation Failure) [PSYoungGen: 500064K->19904K(502784K)] 891564K->422385K(1027072K), 0.0352207 secs] [Times: user=0.04 sys=0.05, real=0.03 secs] 
2021-05-30T14:28:14.104+0800: 1400245.756: [GC (Allocation Failure) [PSYoungGen: 501184K->18944K(502784K)] 903665K->432134K(1027072K), 0.0357988 secs] [Times: user=0.05 sys=0.05, real=0.03 secs] 
2021-05-30T14:33:23.165+0800: 1400554.818: [GC (Allocation Failure) [PSYoungGen: 500224K->17280K(502784K)] 913414K->443289K(1027072K), 0.0383920 secs] [Times: user=0.05 sys=0.05, real=0.04 secs] 
2021-05-30T14:38:32.928+0800: 1400864.580: [GC (Allocation Failure) [PSYoungGen: 498560K->20704K(501760K)] 924569K->456055K(1026048K), 0.0344247 secs] [Times: user=0.04 sys=0.04, real=0.04 secs] 
2021-05-30T14:43:36.742+0800: 1401168.394: [GC (Allocation Failure) [PSYoungGen: 500953K->18688K(502272K)] 936305K->465380K(1026560K), 0.0331260 secs] [Times: user=0.09 sys=0.00, real=0.04 secs] 
2021-05-30T14:48:45.797+0800: 1401477.449: [GC (Allocation Failure) [PSYoungGen: 498944K->17184K(502272K)] 945636K->474801K(1026560K), 0.0306390 secs] [Times: user=0.04 sys=0.04, real=0.03 secs] 
2021-05-30T14:53:52.827+0800: 1401784.479: [GC (Allocation Failure) [PSYoungGen: 497440K->16416K(502272K)] 955057K->484893K(1026560K), 0.0323490 secs] [Times: user=0.09 sys=0.00, real=0.03 secs] 
2021-05-30T14:58:58.832+0800: 1402090.484: [GC (Allocation Failure) [PSYoungGen: 496672K->18560K(502784K)] 965149K->498131K(1027072K), 0.0308875 secs] [Times: user=0.08 sys=0.00, real=0.03 secs] 
2021-05-30T15:04:05.443+0800: 1402397.095: [GC (Allocation Failure) [PSYoungGen: 499328K->19392K(502272K)] 978899K->511248K(1026560K), 0.0342193 secs] [Times: user=0.05 sys=0.04, real=0.03 secs] 
2021-05-30T15:09:12.989+0800: 1402704.641: [GC (Allocation Failure) [PSYoungGen: 500160K->17312K(502784K)] 992016K->520355K(1027072K), 0.0465679 secs] [Times: user=0.05 sys=0.05, real=0.05 secs] 
2021-05-30T15:14:18.161+0800: 1403009.813: [GC (Allocation Failure) [PSYoungGen: 498592K->17184K(502784K)] 1001635K->530497K(1027072K), 0.0313085 secs] [Times: user=0.04 sys=0.05, real=0.04 secs] 
2021-05-30T15:14:18.192+0800: 1403009.845: [Full GC (Ergonomics) [PSYoungGen: 17184K->0K(502784K)] [ParOldGen: 513313K->308390K(524288K)] 530497K->308390K(1027072K), [Metaspace: 96905K->96905K(1138688K)], 0.5397562 secs] [Times: user=1.03 sys=0.00, real=0.54 secs] 
2021-05-30T15:19:29.296+0800: 1403320.948: [GC (Allocation Failure) [PSYoungGen: 481280K->20512K(501760K)] 789670K->328902K(1026048K), 0.0396117 secs] [Times: user=0.04 sys=0.04, real=0.04 secs] 
2021-05-30T15:24:34.533+0800: 1403626.185: [GC (Allocation Failure) [PSYoungGen: 500768K->15488K(502272K)] 809158K->337646K(1026560K), 0.0587322 secs] [Times: user=0.04 sys=0.05, real=0.05 secs] 
2021-05-30T15:29:41.962+0800: 1403933.614: [GC (Allocation Failure) [PSYoungGen: 495744K->17184K(502272K)] 817902K->349498K(1026560K), 0.0283290 secs] [Times: user=0.08 sys=0.00, real=0.03 secs] 
2021-05-30T15:34:47.741+0800: 1404239.393: [GC (Allocation Failure) [PSYoungGen: 497440K->18656K(502272K)] 829754K->360951K(1026560K), 0.0292316 secs] [Times: user=0.04 sys=0.04, real=0.03 secs] 
2021-05-30T15:39:55.081+0800: 1404546.733: [GC (Allocation Failure) [PSYoungGen: 498912K->19328K(502272K)] 841207K->373925K(1026560K), 0.0286320 secs] [Times: user=0.04 sys=0.04, real=0.03 secs] 
2021-05-30T15:44:57.273+0800: 1404848.925: [GC (Allocation Failure) [PSYoungGen: 499584K->18176K(502272K)] 854181K->383482K(1026560K), 0.0372693 secs] [Times: user=0.09 sys=0.00, real=0.03 secs] 
2021-05-30T15:50:06.035+0800: 1405157.687: [GC (Allocation Failure) [PSYoungGen: 498432K->19264K(502784K)] 863738K->396088K(1027072K), 0.0353144 secs] [Times: user=0.05 sys=0.05, real=0.03 secs] 
2021-05-30T15:55:13.045+0800: 1405464.698: [GC (Allocation Failure) [PSYoungGen: 500544K->17312K(502784K)] 877368K->405590K(1027072K), 0.0441468 secs] [Times: user=0.09 sys=0.00, real=0.04 secs] 
2021-05-30T16:00:19.872+0800: 1405771.524: [GC (Allocation Failure) [PSYoungGen: 498592K->17696K(502784K)] 886870K->415971K(1027072K), 0.0308498 secs] [Times: user=0.04 sys=0.04, real=0.04 secs] 
2021-05-30T16:05:27.987+0800: 1406079.639: [GC (Allocation Failure) [PSYoungGen: 498976K->15200K(502784K)] 897251K->424919K(1027072K), 0.0301507 secs] [Times: user=0.04 sys=0.04, real=0.04 secs] 
2021-05-30T16:10:34.922+0800: 1406386.574: [GC (Allocation Failure) [PSYoungGen: 496480K->20128K(501760K)] 906199K->439733K(1026048K), 0.0348574 secs] [Times: user=0.04 sys=0.05, real=0.04 secs] 
2021-05-30T16:15:42.634+0800: 1406694.286: [GC (Allocation Failure) [PSYoungGen: 500384K->20000K(500736K)] 919989K->450435K(1025024K), 0.0304736 secs] [Times: user=0.04 sys=0.04, real=0.03 secs] 
2021-05-30T16:20:50.693+0800: 1407002.345: [GC (Allocation Failure) [PSYoungGen: 500256K->17600K(502272K)] 930691K->460656K(1026560K), 0.0304406 secs] [Times: user=0.04 sys=0.04, real=0.03 secs] 
2021-05-30T16:25:57.912+0800: 1407309.564: [GC (Allocation Failure) [PSYoungGen: 497344K->19392K(501760K)] 940400K->473863K(1026048K), 0.0297673 secs] [Times: user=0.04 sys=0.04, real=0.03 secs] 
2021-05-30T16:31:00.618+0800: 1407612.270: [GC (Allocation Failure) [PSYoungGen: 499136K->18848K(502272K)] 953607K->485148K(1026560K), 0.0479658 secs] [Times: user=0.04 sys=0.04, real=0.05 secs] 
2021-05-30T16:36:07.037+0800: 1407918.689: [GC (Allocation Failure) [PSYoungGen: 499104K->18368K(502272K)] 965404K->495378K(1026560K), 0.0316896 secs] [Times: user=0.08 sys=0.00, real=0.03 secs] 
2021-05-30T16:41:12.160+0800: 1408223.812: [GC (Allocation Failure) [PSYoungGen: 498624K->18048K(502784K)] 975634K->505063K(1027072K), 0.0324431 secs] [Times: user=0.08 sys=0.00, real=0.04 secs] 
2021-05-30T16:46:15.961+0800: 1408527.613: [GC (Allocation Failure) [PSYoungGen: 499328K->18592K(502784K)] 986343K->516379K(1027072K), 0.0378080 secs] [Times: user=0.09 sys=0.00, real=0.04 secs] 
2021-05-30T16:51:25.511+0800: 1408837.163: [GC (Allocation Failure) [PSYoungGen: 499872K->15040K(502272K)] 997659K->524503K(1026560K), 0.0285722 secs] [Times: user=0.04 sys=0.04, real=0.03 secs] 
2021-05-30T16:56:37.299+0800: 1409148.951: [GC (Allocation Failure) [PSYoungGen: 496320K->20064K(501760K)] 1005783K->539356K(1026048K), 0.0314144 secs] [Times: user=0.04 sys=0.04, real=0.03 secs] 
2021-05-30T16:56:37.331+0800: 1409148.983: [Full GC (Ergonomics) [PSYoungGen: 20064K->0K(501760K)] [ParOldGen: 519292K->320330K(524288K)] 539356K->320330K(1026048K), [Metaspace: 96905K->96905K(1138688K)], 0.4991910 secs] [Times: user=1.06 sys=0.00, real=0.50 secs] 
2021-05-30T17:01:48.540+0800: 1409460.192: [GC (Allocation Failure) [PSYoungGen: 481280K->17952K(502784K)] 801610K->338282K(1027072K), 0.0265275 secs] [Times: user=0.03 sys=0.04, real=0.03 secs] 
2021-05-30T17:07:01.254+0800: 1409772.906: [GC (Allocation Failure) [PSYoungGen: 498719K->17056K(502272K)] 819050K->349807K(1026560K), 0.0611566 secs] [Times: user=0.04 sys=0.04, real=0.06 secs] 
2021-05-30T17:12:05.383+0800: 1410077.035: [GC (Allocation Failure) [PSYoungGen: 497824K->21472K(491520K)] 830575K->366661K(1015808K), 0.0360055 secs] [Times: user=0.08 sys=0.00, real=0.03 secs] 
2021-05-30T17:17:07.221+0800: 1410378.873: [GC (Allocation Failure) [PSYoungGen: 491488K->20704K(497152K)] 836677K->379027K(1021440K), 0.0325408 secs] [Times: user=0.09 sys=0.00, real=0.04 secs] 
2021-05-30T17:22:13.564+0800: 1410685.216: [GC (Allocation Failure) [PSYoungGen: 490720K->16928K(497664K)] 849043K->387015K(1021952K), 0.0314775 secs] [Times: user=0.04 sys=0.04, real=0.03 secs] 
2021-05-30T17:27:15.876+0800: 1410987.528: [GC (Allocation Failure) [PSYoungGen: 487968K->17632K(497664K)] 858055K->398884K(1021952K), 0.0308711 secs] [Times: user=0.04 sys=0.04, real=0.03 secs] 
2021-05-30T17:32:20.758+0800: 1411292.410: [GC (Allocation Failure) [PSYoungGen: 488672K->16896K(498176K)] 869924K->410327K(1022464K), 0.0305392 secs] [Times: user=0.04 sys=0.04, real=0.03 secs] 
2021-05-30T17:37:22.449+0800: 1411594.101: [GC (Allocation Failure) [PSYoungGen: 488960K->19200K(498176K)] 882391K->422597K(1022464K), 0.0312897 secs] [Times: user=0.04 sys=0.05, real=0.03 secs] 
2021-05-30T17:42:25.940+0800: 1411897.592: [GC (Allocation Failure) [PSYoungGen: 491264K->18880K(499712K)] 894661K->435290K(1024000K), 0.0397655 secs] [Times: user=0.05 sys=0.04, real=0.04 secs] 
2021-05-30T17:47:28.770+0800: 1412200.422: [GC (Allocation Failure) [PSYoungGen: 493504K->19360K(499200K)] 909914K->446911K(1023488K), 0.0417065 secs] [Times: user=0.06 sys=0.05, real=0.04 secs] 
2021-05-30T17:52:34.047+0800: 1412505.699: [GC (Allocation Failure) [PSYoungGen: 493984K->18144K(500224K)] 921535K->458083K(1024512K), 0.0343690 secs] [Times: user=0.04 sys=0.05, real=0.03 secs] 
2021-05-30T17:57:43.798+0800: 1412815.450: [GC (Allocation Failure) [PSYoungGen: 493792K->17248K(499712K)] 933731K->467688K(1024000K), 0.0385224 secs] [Times: user=0.04 sys=0.05, real=0.04 secs] 
2021-05-30T18:02:48.458+0800: 1413120.110: [GC (Allocation Failure) [PSYoungGen: 492896K->19616K(500736K)] 943336K->480294K(1025024K), 0.0346184 secs] [Times: user=0.04 sys=0.05, real=0.04 secs] 
2021-05-30T18:07:54.000+0800: 1413425.652: [GC (Allocation Failure) [PSYoungGen: 496288K->21440K(500224K)] 956966K->493212K(1024512K), 0.0362614 secs] [Times: user=0.09 sys=0.00, real=0.04 secs] 
2021-05-30T18:12:55.907+0800: 1413727.559: [GC (Allocation Failure) [PSYoungGen: 498112K->18880K(500736K)] 969884K->501569K(1025024K), 0.0390887 secs] [Times: user=0.04 sys=0.04, real=0.04 secs] 
2021-05-30T18:18:04.159+0800: 1414035.811: [GC (Allocation Failure) [PSYoungGen: 495552K->17120K(500224K)] 978241K->510908K(1024512K), 0.0526830 secs] [Times: user=0.04 sys=0.04, real=0.06 secs] 
2021-05-30T18:23:11.847+0800: 1414343.499: [GC (Allocation Failure) [PSYoungGen: 493792K->17792K(500736K)] 987580K->521169K(1025024K), 0.0368243 secs] [Times: user=0.10 sys=0.00, real=0.04 secs] 
2021-05-30T18:28:21.045+0800: 1414652.697: [GC (Allocation Failure) [PSYoungGen: 494976K->18752K(500736K)] 998353K->534037K(1025024K), 0.0314938 secs] [Times: user=0.04 sys=0.05, real=0.03 secs] 
2021-05-30T18:28:21.077+0800: 1414652.729: [Full GC (Ergonomics) [PSYoungGen: 18752K->0K(500736K)] [ParOldGen: 515285K->306708K(524288K)] 534037K->306708K(1025024K), [Metaspace: 96905K->96905K(1138688K)], 0.4840600 secs] [Times: user=1.05 sys=0.00, real=0.48 secs] 
2021-05-30T18:33:27.453+0800: 1414959.105: [GC (Allocation Failure) [PSYoungGen: 477184K->19008K(501760K)] 783892K->325716K(1026048K), 0.0729968 secs] [Times: user=0.04 sys=0.04, real=0.07 secs] 
2021-05-30T18:38:37.551+0800: 1415269.203: [GC (Allocation Failure) [PSYoungGen: 497728K->18240K(501248K)] 804436K->337038K(1025536K), 0.0743655 secs] [Times: user=0.04 sys=0.05, real=0.08 secs] 
2021-05-30T18:43:44.480+0800: 1415576.132: [GC (Allocation Failure) [PSYoungGen: 496960K->18560K(502272K)] 815758K->347131K(1026560K), 0.0349099 secs] [Times: user=0.04 sys=0.04, real=0.04 secs] 
2021-05-30T18:48:53.683+0800: 1415885.336: [GC (Allocation Failure) [PSYoungGen: 498304K->20224K(501760K)] 826875K->359705K(1026048K), 0.0444204 secs] [Times: user=0.04 sys=0.05, real=0.04 secs] 
2021-05-30T18:54:02.792+0800: 1416194.444: [GC (Allocation Failure) [PSYoungGen: 499968K->15552K(501760K)] 839449K->367094K(1026048K), 0.0454870 secs] [Times: user=0.04 sys=0.04, real=0.04 secs] 
2021-05-30T18:59:07.836+0800: 1416499.488: [GC (Allocation Failure) [PSYoungGen: 494784K->18816K(501760K)] 846326K->381044K(1026048K), 0.0609396 secs] [Times: user=0.04 sys=0.04, real=0.06 secs] 
2021-05-30T19:04:09.950+0800: 1416801.602: [GC (Allocation Failure) [PSYoungGen: 498048K->17258K(502272K)] 860276K->391532K(1026560K), 0.0307411 secs] [Times: user=0.04 sys=0.05, real=0.03 secs] 
2021-05-30T19:09:20.372+0800: 1417112.024: [GC (Allocation Failure) [PSYoungGen: 497002K->16512K(501760K)] 871276K->402614K(1026048K), 0.0352878 secs] [Times: user=0.04 sys=0.04, real=0.04 secs] 
2021-05-30T19:14:31.225+0800: 1417422.877: [GC (Allocation Failure) [PSYoungGen: 496256K->17024K(502272K)] 882358K->413412K(1026560K), 0.0390143 secs] [Times: user=0.05 sys=0.06, real=0.04 secs] 
2021-05-30T19:19:41.881+0800: 1417733.533: [GC (Allocation Failure) [PSYoungGen: 497280K->15328K(502272K)] 893668K->422361K(1026560K), 0.0714119 secs] [Times: user=0.05 sys=0.05, real=0.08 secs] 
2021-05-30T19:24:47.986+0800: 1418039.638: [GC (Allocation Failure) [PSYoungGen: 495584K->20544K(501248K)] 902617K->436598K(1025536K), 0.0351727 secs] [Times: user=0.04 sys=0.04, real=0.03 secs] 
2021-05-30T19:29:57.589+0800: 1418349.241: [GC (Allocation Failure) [PSYoungGen: 499776K->18496K(501760K)] 915830K->446387K(1026048K), 0.0364226 secs] [Times: user=0.05 sys=0.04, real=0.04 secs] 
2021-05-30T19:35:04.883+0800: 1418656.535: [GC (Allocation Failure) [PSYoungGen: 497728K->16256K(501760K)] 925619K->456005K(1026048K), 0.0327121 secs] [Times: user=0.03 sys=0.04, real=0.03 secs] 
2021-05-30T19:40:15.182+0800: 1418966.834: [GC (Allocation Failure) [PSYoungGen: 495488K->20096K(501760K)] 935237K->470035K(1026048K), 0.0435423 secs] [Times: user=0.04 sys=0.05, real=0.05 secs] 
2021-05-30T19:45:22.409+0800: 1419274.061: [GC (Allocation Failure) [PSYoungGen: 499328K->17984K(501760K)] 949267K->479391K(1026048K), 0.0344495 secs] [Times: user=0.05 sys=0.05, real=0.04 secs] 
2021-05-30T19:50:28.049+0800: 1419579.701: [GC (Allocation Failure) [PSYoungGen: 497216K->17760K(501760K)] 958623K->491004K(1026048K), 0.0342642 secs] [Times: user=0.04 sys=0.05, real=0.04 secs] 
2021-05-30T19:55:33.471+0800: 1419885.123: [GC (Allocation Failure) [PSYoungGen: 496992K->21056K(501248K)] 970236K->505073K(1025536K), 0.0373261 secs] [Times: user=0.09 sys=0.00, real=0.04 secs] 
2021-05-30T20:00:41.556+0800: 1420193.208: [GC (Allocation Failure) [PSYoungGen: 500288K->18816K(501760K)] 984305K->514438K(1026048K), 0.0344808 secs] [Times: user=0.04 sys=0.05, real=0.03 secs] 
2021-05-30T20:05:52.038+0800: 1420503.690: [GC (Allocation Failure) [PSYoungGen: 498048K->16416K(501760K)] 993670K->523403K(1026048K), 0.0340136 secs] [Times: user=0.05 sys=0.04, real=0.03 secs] 
2021-05-30T20:10:57.207+0800: 1420808.859: [GC (Allocation Failure) [PSYoungGen: 495648K->19904K(501760K)] 1002635K->537937K(1026048K), 0.0332796 secs] [Times: user=0.04 sys=0.05, real=0.03 secs] 
2021-05-30T20:10:57.240+0800: 1420808.892: [Full GC (Ergonomics) [PSYoungGen: 19904K->0K(501760K)] [ParOldGen: 518033K->319626K(524288K)] 537937K->319626K(1026048K), [Metaspace: 96905K->96905K(1138688K)], 0.5298736 secs] [Times: user=1.11 sys=0.00, real=0.53 secs] 
2021-05-30T20:16:01.642+0800: 1421113.294: [GC (Allocation Failure) [PSYoungGen: 479232K->19936K(500736K)] 798858K->339562K(1025024K), 0.0313527 secs] [Times: user=0.08 sys=0.00, real=0.04 secs] 
2021-05-30T20:21:08.695+0800: 1421420.348: [GC (Allocation Failure) [PSYoungGen: 498144K->19136K(501248K)] 817770K->349829K(1025536K), 0.0348448 secs] [Times: user=0.10 sys=0.00, real=0.03 secs] 
2021-05-30T20:26:16.241+0800: 1421727.893: [GC (Allocation Failure) [PSYoungGen: 497344K->17376K(501760K)] 828037K->359682K(1026048K), 0.0350255 secs] [Times: user=0.10 sys=0.00, real=0.04 secs] 
2021-05-30T20:31:17.435+0800: 1422029.087: [GC (Allocation Failure) [PSYoungGen: 496608K->20064K(501760K)] 838914K->372151K(1026048K), 0.0325311 secs] [Times: user=0.04 sys=0.04, real=0.03 secs] 
2021-05-30T20:36:27.673+0800: 1422339.325: [GC (Allocation Failure) [PSYoungGen: 499296K->17248K(501760K)] 851383K->381020K(1026048K), 0.0341047 secs] [Times: user=0.09 sys=0.00, real=0.03 secs] 
2021-05-30T20:41:33.485+0800: 1422645.137: [GC (Allocation Failure) [PSYoungGen: 496480K->18144K(501760K)] 860252K->393490K(1026048K), 0.0292181 secs] [Times: user=0.04 sys=0.04, real=0.03 secs] 
2021-05-30T20:46:37.752+0800: 1422949.404: [GC (Allocation Failure) [PSYoungGen: 497376K->18912K(502272K)] 872722K->406079K(1026560K), 0.0343139 secs] [Times: user=0.03 sys=0.05, real=0.04 secs] 
2021-05-30T20:51:45.283+0800: 1423256.935: [GC (Allocation Failure) [PSYoungGen: 499168K->18560K(502272K)] 886335K->417404K(1026560K), 0.0303577 secs] [Times: user=0.04 sys=0.05, real=0.03 secs] 
2021-05-30T20:56:53.596+0800: 1423565.248: [GC (Allocation Failure) [PSYoungGen: 498812K->18624K(502784K)] 897657K->428106K(1027072K), 0.0404870 secs] [Times: user=0.05 sys=0.06, real=0.04 secs] 
2021-05-30T21:02:04.046+0800: 1423875.698: [GC (Allocation Failure) [PSYoungGen: 499904K->18272K(502784K)] 909386K->439183K(1027072K), 0.0335786 secs] [Times: user=0.05 sys=0.05, real=0.03 secs] 
2021-05-30T21:07:09.429+0800: 1424181.081: [GC (Allocation Failure) [PSYoungGen: 499552K->16128K(502272K)] 920463K->446549K(1026560K), 0.0328230 secs] [Times: user=0.04 sys=0.04, real=0.03 secs] 
2021-05-30T21:12:16.851+0800: 1424488.504: [GC (Allocation Failure) [PSYoungGen: 497408K->19776K(502784K)] 927829K->460667K(1027072K), 0.0405796 secs] [Times: user=0.05 sys=0.05, real=0.05 secs] 
2021-05-30T21:17:25.267+0800: 1424796.919: [GC (Allocation Failure) [PSYoungGen: 501056K->16000K(501760K)] 941947K->468878K(1026048K), 0.0331866 secs] [Times: user=0.08 sys=0.00, real=0.03 secs] 
2021-05-30T21:22:35.252+0800: 1425106.904: [GC (Allocation Failure) [PSYoungGen: 496256K->19296K(502272K)] 949134K->482564K(1026560K), 0.0328670 secs] [Times: user=0.04 sys=0.04, real=0.04 secs] 
2021-05-30T21:27:45.438+0800: 1425417.090: [GC (Allocation Failure) [PSYoungGen: 499552K->15840K(502272K)] 962820K->491671K(1026560K), 0.0400190 secs] [Times: user=0.04 sys=0.04, real=0.04 secs] 
2021-05-30T21:32:51.486+0800: 1425723.138: [GC (Allocation Failure) [PSYoungGen: 496096K->18592K(502272K)] 971927K->504869K(1026560K), 0.0327911 secs] [Times: user=0.09 sys=0.00, real=0.03 secs] 
2021-05-30T21:37:58.711+0800: 1426030.363: [GC (Allocation Failure) [PSYoungGen: 498848K->17216K(502784K)] 985125K->514698K(1027072K), 0.0357433 secs] [Times: user=0.04 sys=0.04, real=0.04 secs] 
2021-05-30T21:43:06.783+0800: 1426338.435: [GC (Allocation Failure) [PSYoungGen: 497984K->15808K(502272K)] 995466K->524317K(1026560K), 0.0298446 secs] [Times: user=0.04 sys=0.05, real=0.03 secs] 
2021-05-30T21:48:13.974+0800: 1426645.626: [GC (Allocation Failure) [PSYoungGen: 496576K->16480K(502784K)] 1005085K->535883K(1027072K), 0.0287448 secs] [Times: user=0.04 sys=0.05, real=0.03 secs] 
2021-05-30T21:48:14.003+0800: 1426645.655: [Full GC (Ergonomics) [PSYoungGen: 16480K->0K(502784K)] [ParOldGen: 519403K->307606K(524288K)] 535883K->307606K(1027072K), [Metaspace: 96907K->96903K(1138688K)], 0.5903747 secs] [Times: user=1.16 sys=0.00, real=0.59 secs] 
2021-05-30T21:53:23.063+0800: 1426954.716: [GC (Allocation Failure) [PSYoungGen: 481280K->17664K(502784K)] 788886K->325270K(1027072K), 0.0407802 secs] [Times: user=0.03 sys=0.04, real=0.04 secs] 
2021-05-30T21:58:35.497+0800: 1427267.149: [GC (Allocation Failure) [PSYoungGen: 498944K->16864K(503296K)] 806550K->336175K(1027584K), 0.0696434 secs] [Times: user=0.10 sys=0.00, real=0.07 secs] 
2021-05-30T22:03:43.427+0800: 1427575.079: [GC (Allocation Failure) [PSYoungGen: 499168K->18112K(503296K)] 818479K->346742K(1027584K), 0.0407498 secs] [Times: user=0.05 sys=0.05, real=0.04 secs] 
2021-05-30T22:08:52.082+0800: 1427883.734: [GC (Allocation Failure) [PSYoungGen: 500416K->19552K(502272K)] 829046K->357908K(1026560K), 0.0394204 secs] [Times: user=0.09 sys=0.00, real=0.04 secs] 
2021-05-30T22:14:01.983+0800: 1428193.635: [GC (Allocation Failure) [PSYoungGen: 500832K->18784K(502784K)] 839188K->369433K(1027072K), 0.0357171 secs] [Times: user=0.05 sys=0.04, real=0.03 secs] 
2021-05-30T22:19:06.799+0800: 1428498.451: [GC (Allocation Failure) [PSYoungGen: 500064K->20384K(501760K)] 850713K->380920K(1026048K), 0.0361661 secs] [Times: user=0.04 sys=0.05, real=0.04 secs] 
2021-05-30T22:24:14.968+0800: 1428806.620: [GC (Allocation Failure) [PSYoungGen: 500640K->16704K(502272K)] 861176K->388907K(1026560K), 0.0331213 secs] [Times: user=0.05 sys=0.05, real=0.03 secs] 
2021-05-30T22:29:20.060+0800: 1429111.712: [GC (Allocation Failure) [PSYoungGen: 496960K->19552K(502272K)] 869163K->402025K(1026560K), 0.0363651 secs] [Times: user=0.04 sys=0.05, real=0.04 secs] 
2021-05-30T22:34:27.249+0800: 1429418.901: [GC (Allocation Failure) [PSYoungGen: 499808K->16928K(502272K)] 882281K->410550K(1026560K), 0.0413934 secs] [Times: user=0.05 sys=0.05, real=0.04 secs] 
2021-05-30T22:39:32.343+0800: 1429723.995: [GC (Allocation Failure) [PSYoungGen: 497184K->20288K(501248K)] 890806K->424148K(1025536K), 0.0374350 secs] [Times: user=0.09 sys=0.00, real=0.03 secs] 
2021-05-30T22:44:39.194+0800: 1430030.846: [GC (Allocation Failure) [PSYoungGen: 499520K->19072K(501760K)] 903380K->434585K(1026048K), 0.0411129 secs] [Times: user=0.05 sys=0.05, real=0.04 secs] 
2021-05-30T22:49:42.609+0800: 1430334.262: [GC (Allocation Failure) [PSYoungGen: 498304K->17120K(502272K)] 913817K->445181K(1026560K), 0.0398607 secs] [Times: user=0.08 sys=0.00, real=0.04 secs] 
2021-05-30T22:54:51.081+0800: 1430642.733: [GC (Allocation Failure) [PSYoungGen: 497376K->19456K(502272K)] 925437K->459124K(1026560K), 0.0341601 secs] [Times: user=0.04 sys=0.04, real=0.04 secs] 
2021-05-30T22:59:58.927+0800: 1430950.580: [GC (Allocation Failure) [PSYoungGen: 499712K->18144K(502272K)] 939380K->469161K(1026560K), 0.0329739 secs] [Times: user=0.04 sys=0.04, real=0.03 secs] 
2021-05-30T23:05:09.857+0800: 1431261.509: [GC (Allocation Failure) [PSYoungGen: 498400K->16896K(502272K)] 949417K->478901K(1026560K), 0.0371945 secs] [Times: user=0.10 sys=0.00, real=0.04 secs] 
2021-05-30T23:10:17.368+0800: 1431569.020: [GC (Allocation Failure) [PSYoungGen: 497152K->17184K(502784K)] 959157K->489850K(1027072K), 0.0365580 secs] [Times: user=0.05 sys=0.05, real=0.04 secs] 
2021-05-30T23:15:24.564+0800: 1431876.216: [GC (Allocation Failure) [PSYoungGen: 497952K->16672K(502272K)] 970618K->501014K(1026560K), 0.0321576 secs] [Times: user=0.04 sys=0.05, real=0.03 secs] 
2021-05-30T23:20:31.609+0800: 1432183.261: [GC (Allocation Failure) [PSYoungGen: 497440K->18432K(502784K)] 981782K->512675K(1027072K), 0.0433751 secs] [Times: user=0.04 sys=0.05, real=0.05 secs] 
2021-05-30T23:25:39.717+0800: 1432491.369: [GC (Allocation Failure) [PSYoungGen: 499712K->17984K(502784K)] 993955K->522880K(1027072K), 0.0371135 secs] [Times: user=0.05 sys=0.05, real=0.04 secs] 
2021-05-30T23:30:45.837+0800: 1432797.489: [GC (Allocation Failure) [PSYoungGen: 499264K->17216K(503296K)] 1004160K->533092K(1027584K), 0.0328679 secs] [Times: user=0.04 sys=0.04, real=0.03 secs] 
2021-05-30T23:30:45.870+0800: 1432797.522: [Full GC (Ergonomics) [PSYoungGen: 17216K->0K(503296K)] [ParOldGen: 515876K->315796K(524288K)] 533092K->315796K(1027584K), [Metaspace: 96906K->96906K(1138688K)], 0.4472317 secs] [Times: user=1.04 sys=0.00, real=0.45 secs] 
2021-05-30T23:35:57.515+0800: 1433109.167: [GC (Allocation Failure) [PSYoungGen: 482304K->18208K(503296K)] 798100K->334004K(1027584K), 0.0270645 secs] [Times: user=0.04 sys=0.04, real=0.03 secs] 
2021-05-30T23:41:00.821+0800: 1433412.473: [GC (Allocation Failure) [PSYoungGen: 500512K->19040K(503296K)] 816308K->348774K(1027584K), 0.0408313 secs] [Times: user=0.04 sys=0.05, real=0.04 secs] 
2021-05-30T23:46:11.366+0800: 1433723.018: [GC (Allocation Failure) [PSYoungGen: 501344K->16320K(503296K)] 831078K->357738K(1027584K), 0.0316831 secs] [Times: user=0.04 sys=0.04, real=0.03 secs] 
2021-05-30T23:51:22.559+0800: 1434034.211: [GC (Allocation Failure) [PSYoungGen: 498624K->15616K(503296K)] 840042K->368054K(1027584K), 0.0330382 secs] [Times: user=0.04 sys=0.05, real=0.03 secs] 
2021-05-30T23:56:30.581+0800: 1434342.233: [GC (Allocation Failure) [PSYoungGen: 497920K->19232K(501760K)] 850358K->382141K(1026048K), 0.0329253 secs] [Times: user=0.04 sys=0.04, real=0.04 secs] 
2021-05-31T00:01:23.470+0800: 1434635.122: [GC (Allocation Failure) [PSYoungGen: 501536K->20032K(501760K)] 864445K->394723K(1026048K), 0.0356951 secs] [Times: user=0.04 sys=0.05, real=0.04 secs] 
2021-05-31T00:06:25.459+0800: 1434937.111: [GC (Allocation Failure) [PSYoungGen: 500288K->20160K(502272K)] 874979K->406319K(1026560K), 0.0359064 secs] [Times: user=0.04 sys=0.05, real=0.04 secs] 
2021-05-31T00:11:34.729+0800: 1435246.381: [GC (Allocation Failure) [PSYoungGen: 500416K->20768K(500224K)] 886575K->418437K(1024512K), 0.0317938 secs] [Times: user=0.04 sys=0.04, real=0.03 secs] 
2021-05-31T00:16:39.242+0800: 1435550.894: [GC (Allocation Failure) [PSYoungGen: 498976K->15520K(501248K)] 896645K->425680K(1025536K), 0.0293425 secs] [Times: user=0.05 sys=0.04, real=0.03 secs] 
2021-05-31T00:21:45.400+0800: 1435857.052: [GC (Allocation Failure) [PSYoungGen: 493728K->19840K(501248K)] 903888K->439981K(1025536K), 0.0309794 secs] [Times: user=0.09 sys=0.00, real=0.03 secs] 
2021-05-31T00:26:53.056+0800: 1436164.708: [GC (Allocation Failure) [PSYoungGen: 498048K->16224K(501248K)] 918189K->447978K(1025536K), 0.0364303 secs] [Times: user=0.04 sys=0.04, real=0.04 secs] 
2021-05-31T00:31:56.523+0800: 1436468.175: [GC (Allocation Failure) [PSYoungGen: 494432K->20512K(500224K)] 926186K->462902K(1024512K), 0.0812018 secs] [Times: user=0.04 sys=0.04, real=0.08 secs] 
2021-05-31T00:37:03.975+0800: 1436775.627: [GC (Allocation Failure) [PSYoungGen: 497696K->17728K(500736K)] 940086K->471706K(1025024K), 0.0476360 secs] [Times: user=0.05 sys=0.05, real=0.05 secs] 
2021-05-31T00:42:08.904+0800: 1437080.556: [GC (Allocation Failure) [PSYoungGen: 494912K->16928K(501248K)] 948890K->482248K(1025536K), 0.0297695 secs] [Times: user=0.04 sys=0.04, real=0.03 secs] 
2021-05-31T00:47:16.766+0800: 1437388.418: [GC (Allocation Failure) [PSYoungGen: 495136K->17088K(501248K)] 960456K->493148K(1025536K), 0.0761062 secs] [Times: user=0.04 sys=0.05, real=0.08 secs] 
2021-05-31T00:52:22.903+0800: 1437694.555: [GC (Allocation Failure) [PSYoungGen: 495296K->17344K(501760K)] 971356K->504080K(1026048K), 0.0354629 secs] [Times: user=0.05 sys=0.04, real=0.03 secs] 
2021-05-31T00:57:28.237+0800: 1437999.889: [GC (Allocation Failure) [PSYoungGen: 496576K->20064K(501760K)] 983312K->518085K(1026048K), 0.0452303 secs] [Times: user=0.04 sys=0.04, real=0.04 secs] 
2021-05-31T01:02:34.796+0800: 1438306.448: [GC (Allocation Failure) [PSYoungGen: 499295K->19263K(501760K)] 997317K->528843K(1026048K), 0.0337226 secs] [Times: user=0.04 sys=0.05, real=0.03 secs] 
2021-05-31T01:07:35.907+0800: 1438607.559: [GC (Allocation Failure) [PSYoungGen: 498495K->16970K(501760K)] 1008075K->539299K(1026048K), 0.0285771 secs] [Times: user=0.04 sys=0.04, real=0.03 secs] 
2021-05-31T01:07:35.936+0800: 1438607.588: [Full GC (Ergonomics) [PSYoungGen: 16970K->0K(501760K)] [ParOldGen: 522328K->313845K(524288K)] 539299K->313845K(1026048K), [Metaspace: 96907K->96907K(1138688K)], 0.4536241 secs] [Times: user=1.03 sys=0.00, real=0.45 secs] 
2021-05-31T01:12:42.875+0800: 1438914.527: [GC (Allocation Failure) [PSYoungGen: 479232K->18080K(502272K)] 793077K->331925K(1026560K), 0.0272194 secs] [Times: user=0.04 sys=0.04, real=0.03 secs] 
2021-05-31T01:17:51.127+0800: 1439222.779: [GC (Allocation Failure) [PSYoungGen: 497824K->16832K(501760K)] 811669K->342335K(1026048K), 0.0296994 secs] [Times: user=0.08 sys=0.00, real=0.03 secs] 
2021-05-31T01:22:57.453+0800: 1439529.106: [GC (Allocation Failure) [PSYoungGen: 496576K->21056K(501248K)] 822079K->355998K(1025536K), 0.0342977 secs] [Times: user=0.04 sys=0.05, real=0.03 secs] 
2021-05-31T01:28:03.837+0800: 1439835.489: [GC (Allocation Failure) [PSYoungGen: 500288K->15936K(501760K)] 835230K->362346K(1026048K), 0.0267045 secs] [Times: user=0.04 sys=0.04, real=0.03 secs] 
2021-05-31T01:33:09.704+0800: 1440141.356: [GC (Allocation Failure) [PSYoungGen: 495168K->19584K(500736K)] 841578K->376278K(1025024K), 0.0316289 secs] [Times: user=0.04 sys=0.05, real=0.03 secs] 
2021-05-31T01:38:15.424+0800: 1440447.076: [GC (Allocation Failure) [PSYoungGen: 497792K->18528K(501248K)] 854486K->386171K(1025536K), 0.0326855 secs] [Times: user=0.04 sys=0.05, real=0.03 secs] 
2021-05-31T01:43:16.081+0800: 1440747.733: [GC (Allocation Failure) [PSYoungGen: 496736K->19840K(501760K)] 864379K->398554K(1026048K), 0.0320164 secs] [Times: user=0.05 sys=0.05, real=0.04 secs] 
2021-05-31T01:48:20.039+0800: 1441051.691: [GC (Allocation Failure) [PSYoungGen: 499072K->18976K(501760K)] 877786K->409024K(1026048K), 0.0366031 secs] [Times: user=0.04 sys=0.04, real=0.04 secs] 
2021-05-31T01:53:24.855+0800: 1441356.507: [GC (Allocation Failure) [PSYoungGen: 498208K->20000K(501760K)] 888256K->422357K(1026048K), 0.0311936 secs] [Times: user=0.09 sys=0.00, real=0.03 secs] 
2021-05-31T01:58:34.369+0800: 1441666.021: [GC (Allocation Failure) [PSYoungGen: 499208K->16608K(501760K)] 901566K->431041K(1026048K), 0.0302121 secs] [Times: user=0.04 sys=0.05, real=0.03 secs] 
2021-05-31T02:03:38.174+0800: 1441969.826: [GC (Allocation Failure) [PSYoungGen: 495840K->16128K(501760K)] 910273K->442477K(1026048K), 0.0359251 secs] [Times: user=0.04 sys=0.05, real=0.03 secs] 
2021-05-31T02:08:44.581+0800: 1442276.233: [GC (Allocation Failure) [PSYoungGen: 495360K->18656K(501760K)] 921709K->455002K(1026048K), 0.0434034 secs] [Times: user=0.05 sys=0.05, real=0.05 secs] 
2021-05-31T02:13:48.868+0800: 1442580.520: [GC (Allocation Failure) [PSYoungGen: 497888K->18496K(502272K)] 934234K->465567K(1026560K), 0.0349655 secs] [Times: user=0.05 sys=0.05, real=0.04 secs] 
2021-05-31T02:18:56.430+0800: 1442888.082: [GC (Allocation Failure) [PSYoungGen: 498240K->17440K(501760K)] 945311K->476093K(1026048K), 0.0365969 secs] [Times: user=0.03 sys=0.04, real=0.04 secs] 
2021-05-31T02:24:08.740+0800: 1443200.392: [GC (Allocation Failure) [PSYoungGen: 497184K->17504K(502784K)] 955837K->487895K(1027072K), 0.0411535 secs] [Times: user=0.05 sys=0.04, real=0.04 secs] 
2021-05-31T02:29:13.547+0800: 1443505.199: [GC (Allocation Failure) [PSYoungGen: 498272K->20096K(502272K)] 968663K->500525K(1026560K), 0.0914288 secs] [Times: user=0.06 sys=0.06, real=0.09 secs] 
2021-05-31T02:34:16.371+0800: 1443808.023: [GC (Allocation Failure) [PSYoungGen: 500864K->21504K(500224K)] 981293K->513916K(1024512K), 0.0379881 secs] [Times: user=0.04 sys=0.05, real=0.04 secs] 
2021-05-31T02:39:17.210+0800: 1444108.862: [GC (Allocation Failure) [PSYoungGen: 499712K->20576K(501248K)] 992124K->525521K(1025536K), 0.0475491 secs] [Times: user=0.06 sys=0.06, real=0.05 secs] 
2021-05-31T02:44:24.881+0800: 1444416.533: [GC (Allocation Failure) [PSYoungGen: 498784K->17280K(501248K)] 1003729K->533982K(1025536K), 0.0413082 secs] [Times: user=0.10 sys=0.00, real=0.05 secs] 
2021-05-31T02:44:24.923+0800: 1444416.575: [Full GC (Ergonomics) [PSYoungGen: 17280K->0K(501248K)] [ParOldGen: 516702K->312280K(524288K)] 533982K->312280K(1025536K), [Metaspace: 96907K->96903K(1138688K)], 0.4969113 secs] [Times: user=1.01 sys=0.00, real=0.49 secs] 
2021-05-31T02:49:27.394+0800: 1444719.046: [GC (Allocation Failure) [PSYoungGen: 478208K->19392K(501248K)] 790488K->331672K(1025536K), 0.0294325 secs] [Times: user=0.04 sys=0.04, real=0.03 secs] 
2021-05-31T02:54:34.314+0800: 1445025.966: [GC (Allocation Failure) [PSYoungGen: 497600K->19776K(501248K)] 809880K->345284K(1025536K), 0.0341704 secs] [Times: user=0.04 sys=0.05, real=0.03 secs] 
2021-05-31T02:59:42.235+0800: 1445333.887: [GC (Allocation Failure) [PSYoungGen: 497984K->17152K(501248K)] 823492K->354968K(1025536K), 0.0363366 secs] [Times: user=0.05 sys=0.05, real=0.03 secs] 
2021-05-31T03:04:47.168+0800: 1445638.820: [GC (Allocation Failure) [PSYoungGen: 495360K->17088K(501760K)] 833176K->365149K(1026048K), 0.0359282 secs] [Times: user=0.05 sys=0.05, real=0.04 secs] 
2021-05-31T03:09:49.069+0800: 1445940.721: [GC (Allocation Failure) [PSYoungGen: 495808K->20896K(501248K)] 843869K->378612K(1025536K), 0.0353716 secs] [Times: user=0.10 sys=0.00, real=0.04 secs] 
2021-05-31T03:14:52.279+0800: 1446243.931: [GC (Allocation Failure) [PSYoungGen: 499616K->18560K(501248K)] 857332K->389650K(1025536K), 0.0357963 secs] [Times: user=0.04 sys=0.05, real=0.04 secs] 
2021-05-31T03:20:01.544+0800: 1446553.196: [GC (Allocation Failure) [PSYoungGen: 496768K->15648K(501248K)] 867858K->398589K(1025536K), 0.0339853 secs] [Times: user=0.05 sys=0.05, real=0.03 secs] 
2021-05-31T03:25:04.680+0800: 1446856.332: [GC (Allocation Failure) [PSYoungGen: 493856K->19456K(501248K)] 876797K->412091K(1025536K), 0.0384865 secs] [Times: user=0.05 sys=0.05, real=0.04 secs] 
2021-05-31T03:30:10.159+0800: 1447161.811: [GC (Allocation Failure) [PSYoungGen: 497664K->17184K(501248K)] 890299K->421824K(1025536K), 0.0338942 secs] [Times: user=0.05 sys=0.05, real=0.04 secs] 
2021-05-31T03:35:13.435+0800: 1447465.087: [GC (Allocation Failure) [PSYoungGen: 495392K->19424K(501760K)] 900032K->434822K(1026048K), 0.0336776 secs] [Times: user=0.04 sys=0.04, real=0.03 secs] 
2021-05-31T03:40:27.127+0800: 1447778.779: [GC (Allocation Failure) [PSYoungGen: 498656K->15392K(495104K)] 914054K->441097K(1019392K), 0.0281674 secs] [Times: user=0.05 sys=0.05, real=0.03 secs] 
2021-05-31T03:45:31.076+0800: 1448082.728: [GC (Allocation Failure) [PSYoungGen: 494624K->16416K(501760K)] 920329K->452524K(1026048K), 0.0780443 secs] [Times: user=0.04 sys=0.04, real=0.08 secs] 
2021-05-31T03:50:38.405+0800: 1448390.057: [GC (Allocation Failure) [PSYoungGen: 495136K->18336K(501248K)] 931244K->463490K(1025536K), 0.0296556 secs] [Times: user=0.04 sys=0.04, real=0.03 secs] 
2021-05-31T03:55:51.900+0800: 1448703.552: [GC (Allocation Failure) [PSYoungGen: 497056K->14784K(501760K)] 942210K->471293K(1026048K), 0.0396214 secs] [Times: user=0.06 sys=0.05, real=0.04 secs] 
2021-05-31T04:00:58.429+0800: 1449010.081: [GC (Allocation Failure) [PSYoungGen: 494016K->17888K(501760K)] 950525K->483514K(1026048K), 0.0289490 secs] [Times: user=0.08 sys=0.00, real=0.03 secs] 
2021-05-31T04:06:09.555+0800: 1449321.207: [GC (Allocation Failure) [PSYoungGen: 497120K->18560K(502272K)] 962746K->494424K(1026560K), 0.0304465 secs] [Times: user=0.04 sys=0.04, real=0.03 secs] 
2021-05-31T04:11:11.499+0800: 1449623.151: [GC (Allocation Failure) [PSYoungGen: 498816K->21152K(501760K)] 974680K->508269K(1026048K), 0.0600344 secs] [Times: user=0.05 sys=0.05, real=0.06 secs] 
2021-05-31T04:16:17.338+0800: 1449928.990: [GC (Allocation Failure) [PSYoungGen: 501408K->19424K(500736K)] 988525K->518058K(1025024K), 0.0300151 secs] [Times: user=0.04 sys=0.05, real=0.03 secs] 
2021-05-31T04:21:22.281+0800: 1450233.933: [GC (Allocation Failure) [PSYoungGen: 497632K->16480K(501248K)] 996266K->525559K(1025536K), 0.0321426 secs] [Times: user=0.05 sys=0.04, real=0.04 secs] 
2021-05-31T04:26:27.960+0800: 1450539.612: [GC (Allocation Failure) [PSYoungGen: 494688K->18592K(501760K)] 1003767K->538698K(1026048K), 0.0359822 secs] [Times: user=0.05 sys=0.05, real=0.04 secs] 
2021-05-31T04:26:27.996+0800: 1450539.648: [Full GC (Ergonomics) [PSYoungGen: 18592K->0K(501760K)] [ParOldGen: 520106K->316063K(524288K)] 538698K->316063K(1026048K), [Metaspace: 96907K->96907K(1138688K)], 0.5372975 secs] [Times: user=1.11 sys=0.00, real=0.54 secs] 
2021-05-31T04:31:37.157+0800: 1450848.809: [GC (Allocation Failure) [PSYoungGen: 479232K->18752K(501760K)] 795295K->334815K(1026048K), 0.0283546 secs] [Times: user=0.04 sys=0.04, real=0.03 secs] 
2021-05-31T04:36:46.683+0800: 1451158.335: [GC (Allocation Failure) [PSYoungGen: 497984K->19744K(501760K)] 814047K->347355K(1026048K), 0.0363230 secs] [Times: user=0.04 sys=0.04, real=0.03 secs] 
2021-05-31T04:41:48.079+0800: 1451459.731: [GC (Allocation Failure) [PSYoungGen: 498976K->21536K(501248K)] 826587K->359943K(1025536K), 0.0352313 secs] [Times: user=0.08 sys=0.00, real=0.04 secs] 
2021-05-31T04:46:57.702+0800: 1451769.354: [GC (Allocation Failure) [PSYoungGen: 500768K->18816K(501248K)] 839175K->368109K(1025536K), 0.0358771 secs] [Times: user=0.03 sys=0.05, real=0.04 secs] 
2021-05-31T04:52:06.206+0800: 1452077.858: [GC (Allocation Failure) [PSYoungGen: 497024K->19008K(501248K)] 846317K->380434K(1025536K), 0.0316912 secs] [Times: user=0.03 sys=0.04, real=0.03 secs] 
2021-05-31T04:57:13.662+0800: 1452385.314: [GC (Allocation Failure) [PSYoungGen: 497213K->17504K(501760K)] 858639K->388774K(1026048K), 0.0304612 secs] [Times: user=0.04 sys=0.04, real=0.04 secs] 
2021-05-31T05:02:20.941+0800: 1452692.593: [GC (Allocation Failure) [PSYoungGen: 496736K->14784K(501760K)] 868006K->396681K(1026048K), 0.0272204 secs] [Times: user=0.04 sys=0.04, real=0.03 secs] 
2021-05-31T05:07:30.476+0800: 1453002.128: [GC (Allocation Failure) [PSYoungGen: 494016K->18400K(501760K)] 875913K->410726K(1026048K), 0.0315418 secs] [Times: user=0.05 sys=0.04, real=0.03 secs] 
2021-05-31T05:12:39.407+0800: 1453311.059: [GC (Allocation Failure) [PSYoungGen: 497632K->19648K(501760K)] 889958K->423843K(1026048K), 0.0358491 secs] [Times: user=0.08 sys=0.00, real=0.04 secs] 
2021-05-31T05:17:47.843+0800: 1453619.495: [GC (Allocation Failure) [PSYoungGen: 498880K->17536K(501760K)] 903075K->432944K(1026048K), 0.0768795 secs] [Times: user=0.04 sys=0.04, real=0.07 secs] 
2021-05-31T05:22:56.997+0800: 1453928.650: [GC (Allocation Failure) [PSYoungGen: 496768K->17920K(501760K)] 912176K->444987K(1026048K), 0.0413786 secs] [Times: user=0.05 sys=0.05, real=0.04 secs] 
2021-05-31T05:28:06.343+0800: 1454237.995: [GC (Allocation Failure) [PSYoungGen: 497146K->18528K(502784K)] 924213K->455967K(1027072K), 0.0335088 secs] [Times: user=0.04 sys=0.05, real=0.03 secs] 
2021-05-31T05:33:11.832+0800: 1454543.484: [GC (Allocation Failure) [PSYoungGen: 499296K->17824K(502272K)] 936735K->466356K(1026560K), 0.0381843 secs] [Times: user=0.05 sys=0.05, real=0.04 secs] 
2021-05-31T05:38:15.757+0800: 1454847.409: [GC (Allocation Failure) [PSYoungGen: 498592K->20064K(501760K)] 947124K->479753K(1026048K), 0.0311875 secs] [Times: user=0.04 sys=0.05, real=0.03 secs] 
2021-05-31T05:43:23.342+0800: 1455154.994: [GC (Allocation Failure) [PSYoungGen: 500320K->15968K(502272K)] 960009K->489373K(1026560K), 0.0752641 secs] [Times: user=0.04 sys=0.04, real=0.07 secs] 
2021-05-31T05:48:28.347+0800: 1455459.999: [GC (Allocation Failure) [PSYoungGen: 496224K->20032K(501248K)] 969629K->503514K(1025536K), 0.0331899 secs] [Times: user=0.04 sys=0.04, real=0.03 secs] 
2021-05-31T05:53:35.624+0800: 1455767.276: [GC (Allocation Failure) [PSYoungGen: 499264K->19296K(501760K)] 982746K->515240K(1026048K), 0.0330068 secs] [Times: user=0.04 sys=0.05, real=0.03 secs] 
2021-05-31T05:58:40.718+0800: 1456072.370: [GC (Allocation Failure) [PSYoungGen: 498528K->19040K(502272K)] 994472K->526373K(1026560K), 0.0286829 secs] [Times: user=0.04 sys=0.04, real=0.03 secs] 
2021-05-31T06:03:44.344+0800: 1456375.996: [GC (Allocation Failure) [PSYoungGen: 499296K->18752K(502272K)] 1006629K->538578K(1026560K), 0.0303918 secs] [Times: user=0.04 sys=0.04, real=0.03 secs] 
2021-05-31T06:03:44.375+0800: 1456376.027: [Full GC (Ergonomics) [PSYoungGen: 18752K->0K(502272K)] [ParOldGen: 519826K->314809K(524288K)] 538578K->314809K(1026560K), [Metaspace: 96907K->96907K(1138688K)], 0.4125637 secs] [Times: user=0.93 sys=0.00, real=0.41 secs] 
2021-05-31T06:08:55.041+0800: 1456686.693: [GC (Allocation Failure) [PSYoungGen: 480256K->21600K(501248K)] 795065K->336409K(1025536K), 0.0408256 secs] [Times: user=0.04 sys=0.04, real=0.05 secs] 
2021-05-31T06:13:58.911+0800: 1456990.563: [GC (Allocation Failure) [PSYoungGen: 500832K->21312K(500736K)] 815641K->349524K(1025024K), 0.0354860 secs] [Times: user=0.05 sys=0.04, real=0.04 secs] 
2021-05-31T06:19:07.570+0800: 1457299.222: [GC (Allocation Failure) [PSYoungGen: 500544K->18720K(501248K)] 828756K->359162K(1025536K), 0.0318617 secs] [Times: user=0.04 sys=0.04, real=0.03 secs] 
2021-05-31T06:24:14.087+0800: 1457605.739: [GC (Allocation Failure) [PSYoungGen: 496928K->17856K(501248K)] 837370K->369239K(1025536K), 0.0393707 secs] [Times: user=0.05 sys=0.05, real=0.04 secs] 
2021-05-31T06:29:18.975+0800: 1457910.627: [GC (Allocation Failure) [PSYoungGen: 496064K->19936K(500736K)] 847447K->381412K(1025024K), 0.0320786 secs] [Times: user=0.04 sys=0.04, real=0.03 secs] 
2021-05-31T06:34:22.113+0800: 1458213.765: [GC (Allocation Failure) [PSYoungGen: 498144K->17472K(501248K)] 859620K->390608K(1025536K), 0.0307661 secs] [Times: user=0.09 sys=0.00, real=0.03 secs] 
2021-05-31T06:39:29.009+0800: 1458520.661: [GC (Allocation Failure) [PSYoungGen: 495680K->17472K(501760K)] 868816K->402429K(1026048K), 0.0314824 secs] [Times: user=0.04 sys=0.04, real=0.03 secs] 
2021-05-31T06:44:38.277+0800: 1458829.929: [GC (Allocation Failure) [PSYoungGen: 496704K->20544K(500224K)] 881661K->415036K(1024512K), 0.0351776 secs] [Times: user=0.04 sys=0.04, real=0.03 secs] 
2021-05-31T06:49:42.810+0800: 1459134.462: [GC (Allocation Failure) [PSYoungGen: 499776K->22048K(500224K)] 894268K->427451K(1024512K), 0.0349996 secs] [Times: user=0.04 sys=0.04, real=0.04 secs] 
2021-05-31T06:54:46.566+0800: 1459438.218: [GC (Allocation Failure) [PSYoungGen: 499232K->21568K(499200K)] 904635K->439433K(1023488K), 0.0409070 secs] [Times: user=0.06 sys=0.06, real=0.04 secs] 
2021-05-31T06:59:53.705+0800: 1459745.357: [GC (Allocation Failure) [PSYoungGen: 498752K->19616K(500736K)] 916617K->449086K(1025024K), 0.0563736 secs] [Times: user=0.04 sys=0.04, real=0.05 secs] 
2021-05-31T07:04:53.817+0800: 1460045.469: [GC (Allocation Failure) [PSYoungGen: 496288K->19370K(500224K)] 925758K->459718K(1024512K), 0.0526670 secs] [Times: user=0.04 sys=0.04, real=0.05 secs] 
2021-05-31T07:09:58.381+0800: 1460350.033: [GC (Allocation Failure) [PSYoungGen: 496042K->17344K(500736K)] 936390K->469946K(1025024K), 0.0330326 secs] [Times: user=0.04 sys=0.04, real=0.04 secs] 
2021-05-31T07:15:06.646+0800: 1460658.299: [GC (Allocation Failure) [PSYoungGen: 494528K->18144K(500736K)] 947130K->481479K(1025024K), 0.0537210 secs] [Times: user=0.04 sys=0.05, real=0.05 secs] 
2021-05-31T07:20:10.278+0800: 1460961.930: [GC (Allocation Failure) [PSYoungGen: 495328K->17600K(501248K)] 958663K->492298K(1025536K), 0.0349774 secs] [Times: user=0.04 sys=0.05, real=0.04 secs] 
2021-05-31T07:25:17.832+0800: 1461269.484: [GC (Allocation Failure) [PSYoungGen: 495808K->17632K(501248K)] 970506K->502248K(1025536K), 0.0349049 secs] [Times: user=0.05 sys=0.04, real=0.04 secs] 
2021-05-31T07:30:23.472+0800: 1461575.124: [GC (Allocation Failure) [PSYoungGen: 495840K->19296K(501760K)] 980456K->515556K(1026048K), 0.0319778 secs] [Times: user=0.08 sys=0.00, real=0.03 secs] 
2021-05-31T07:35:27.602+0800: 1461879.254: [GC (Allocation Failure) [PSYoungGen: 498016K->18240K(501248K)] 994276K->524986K(1025536K), 0.0388150 secs] [Times: user=0.05 sys=0.05, real=0.04 secs] 
2021-05-31T07:40:30.351+0800: 1462182.003: [GC (Allocation Failure) [PSYoungGen: 496960K->18048K(502272K)] 1003706K->536407K(1026560K), 0.0426078 secs] [Times: user=0.06 sys=0.06, real=0.05 secs] 
2021-05-31T07:40:30.394+0800: 1462182.046: [Full GC (Ergonomics) [PSYoungGen: 18048K->0K(502272K)] [ParOldGen: 518359K->312924K(524288K)] 536407K->312924K(1026560K), [Metaspace: 96907K->96903K(1138688K)], 0.5571595 secs] [Times: user=1.16 sys=0.00, real=0.55 secs] 
2021-05-31T07:45:35.434+0800: 1462487.086: [GC (Allocation Failure) [PSYoungGen: 479744K->19520K(501760K)] 792668K->332444K(1026048K), 0.0304564 secs] [Times: user=0.03 sys=0.04, real=0.03 secs] 
2021-05-31T07:50:45.457+0800: 1462797.109: [GC (Allocation Failure) [PSYoungGen: 499264K->18560K(502272K)] 812188K->344656K(1026560K), 0.0770059 secs] [Times: user=0.04 sys=0.04, real=0.08 secs] 
2021-05-31T07:55:51.810+0800: 1463103.462: [GC (Allocation Failure) [PSYoungGen: 498816K->18624K(502272K)] 824912K->356004K(1026560K), 0.0302589 secs] [Times: user=0.04 sys=0.04, real=0.03 secs] 
2021-05-31T08:00:58.623+0800: 1463410.275: [GC (Allocation Failure) [PSYoungGen: 498878K->17792K(502784K)] 836259K->366314K(1027072K), 0.0294981 secs] [Times: user=0.04 sys=0.04, real=0.03 secs] 
2021-05-31T08:06:06.227+0800: 1463717.879: [GC (Allocation Failure) [PSYoungGen: 499072K->18944K(502784K)] 847594K->378631K(1027072K), 0.0405453 secs] [Times: user=0.10 sys=0.00, real=0.04 secs] 
2021-05-31T08:11:10.932+0800: 1464022.584: [GC (Allocation Failure) [PSYoungGen: 500224K->17184K(502784K)] 859911K->387716K(1027072K), 0.0469195 secs] [Times: user=0.04 sys=0.04, real=0.05 secs] 
2021-05-31T08:16:15.883+0800: 1464327.535: [GC (Allocation Failure) [PSYoungGen: 498464K->17696K(502784K)] 868996K->398626K(1027072K), 0.0359285 secs] [Times: user=0.04 sys=0.05, real=0.03 secs] 
2021-05-31T08:21:27.532+0800: 1464639.184: [GC (Allocation Failure) [PSYoungGen: 498976K->17216K(502784K)] 879906K->408984K(1027072K), 0.0339368 secs] [Times: user=0.04 sys=0.04, real=0.04 secs] 
2021-05-31T08:26:38.834+0800: 1464950.486: [GC (Allocation Failure) [PSYoungGen: 498496K->18304K(502784K)] 890264K->421036K(1027072K), 0.0409967 secs] [Times: user=0.04 sys=0.04, real=0.04 secs] 
2021-05-31T08:31:48.335+0800: 1465259.987: [GC (Allocation Failure) [PSYoungGen: 499584K->18176K(503296K)] 902316K->432601K(1027584K), 0.0335096 secs] [Times: user=0.04 sys=0.04, real=0.03 secs] 
2021-05-31T08:36:57.806+0800: 1465569.458: [GC (Allocation Failure) [PSYoungGen: 500480K->19968K(503296K)] 914905K->443766K(1027584K), 0.0378659 secs] [Times: user=0.05 sys=0.05, real=0.04 secs] 
2021-05-31T08:42:05.455+0800: 1465877.107: [GC (Allocation Failure) [PSYoungGen: 502272K->17440K(503296K)] 926070K->454459K(1027584K), 0.0456715 secs] [Times: user=0.04 sys=0.05, real=0.04 secs] 
2021-05-31T08:47:14.117+0800: 1466185.769: [GC (Allocation Failure) [PSYoungGen: 499744K->19488K(502272K)] 936763K->467393K(1026560K), 0.0331024 secs] [Times: user=0.04 sys=0.05, real=0.03 secs] 
2021-05-31T08:52:26.760+0800: 1466498.412: [GC (Allocation Failure) [PSYoungGen: 501792K->17696K(503296K)] 949697K->477927K(1027584K), 0.0445920 secs] [Times: user=0.06 sys=0.06, real=0.05 secs] 
2021-05-31T08:57:36.582+0800: 1466808.234: [GC (Allocation Failure) [PSYoungGen: 499488K->17984K(502784K)] 959719K->490386K(1027072K), 0.0477902 secs] [Times: user=0.04 sys=0.04, real=0.05 secs] 
2021-05-31T09:02:51.431+0800: 1467123.083: [GC (Allocation Failure) [PSYoungGen: 499776K->17248K(503296K)] 972178K->500470K(1027584K), 0.0338265 secs] [Times: user=0.04 sys=0.04, real=0.04 secs] 
2021-05-31T09:07:57.220+0800: 1467428.872: [GC (Allocation Failure) [PSYoungGen: 499552K->20960K(503296K)] 982774K->514901K(1027584K), 0.0351834 secs] [Times: user=0.04 sys=0.05, real=0.04 secs] 
2021-05-31T09:13:03.848+0800: 1467735.500: [GC (Allocation Failure) [PSYoungGen: 503264K->16832K(494080K)] 997205K->523400K(1018368K), 0.0392452 secs] [Times: user=0.05 sys=0.05, real=0.04 secs] 
2021-05-31T09:18:05.067+0800: 1468036.719: [GC (Allocation Failure) [PSYoungGen: 489920K->20128K(498688K)] 996488K->536918K(1022976K), 0.0348517 secs] [Times: user=0.09 sys=0.00, real=0.04 secs] 
2021-05-31T09:18:05.103+0800: 1468036.755: [Full GC (Ergonomics) [PSYoungGen: 20128K->0K(498688K)] [ParOldGen: 516790K->314357K(524288K)] 536918K->314357K(1022976K), [Metaspace: 96907K->96907K(1138688K)], 0.4329397 secs] [Times: user=1.03 sys=0.00, real=0.43 secs] 
2021-05-31T09:23:12.247+0800: 1468343.899: [GC (Allocation Failure) [PSYoungGen: 473088K->19232K(499712K)] 787445K->333589K(1024000K), 0.0248068 secs] [Times: user=0.03 sys=0.04, real=0.03 secs] 
2021-05-31T09:28:16.847+0800: 1468648.499: [GC (Allocation Failure) [PSYoungGen: 493856K->16704K(499200K)] 808213K->344535K(1023488K), 0.0335751 secs] [Times: user=0.04 sys=0.04, real=0.03 secs] 
2021-05-31T09:33:22.060+0800: 1468953.712: [GC (Allocation Failure) [PSYoungGen: 491328K->16352K(499712K)] 819159K->355084K(1024000K), 0.0494272 secs] [Times: user=0.04 sys=0.04, real=0.05 secs] 
2021-05-31T09:38:23.451+0800: 1469255.103: [GC (Allocation Failure) [PSYoungGen: 491488K->20544K(499712K)] 830220K->369330K(1024000K), 0.0336797 secs] [Times: user=0.04 sys=0.04, real=0.04 secs] 
2021-05-31T09:43:26.286+0800: 1469557.938: [GC (Allocation Failure) [PSYoungGen: 495680K->21664K(498688K)] 844466K->381024K(1022976K), 0.0394354 secs] [Times: user=0.04 sys=0.05, real=0.04 secs] 
2021-05-31T09:48:28.482+0800: 1469860.134: [GC (Allocation Failure) [PSYoungGen: 495776K->18304K(499200K)] 855136K->389469K(1023488K), 0.0313801 secs] [Times: user=0.09 sys=0.00, real=0.03 secs] 
2021-05-31T09:53:24.106+0800: 1470155.758: [GC (Allocation Failure) [PSYoungGen: 492416K->17248K(499712K)] 863581K->400192K(1024000K), 0.0299494 secs] [Times: user=0.04 sys=0.04, real=0.03 secs] 
2021-05-31T09:58:29.450+0800: 1470461.102: [GC (Allocation Failure) [PSYoungGen: 492384K->17952K(499712K)] 875328K->411133K(1024000K), 0.0306586 secs] [Times: user=0.03 sys=0.05, real=0.03 secs] 
2021-05-31T10:03:34.509+0800: 1470766.161: [GC (Allocation Failure) [PSYoungGen: 493088K->19008K(500736K)] 886269K->423346K(1025024K), 0.0320536 secs] [Times: user=0.04 sys=0.04, real=0.03 secs] 
2021-05-31T10:08:37.773+0800: 1471069.425: [GC (Allocation Failure) [PSYoungGen: 495680K->20576K(500224K)] 900018K->434593K(1024512K), 0.0345558 secs] [Times: user=0.04 sys=0.04, real=0.03 secs] 
2021-05-31T10:13:44.485+0800: 1471376.137: [GC (Allocation Failure) [PSYoungGen: 497248K->20224K(500224K)] 911265K->446758K(1024512K), 0.0348391 secs] [Times: user=0.05 sys=0.05, real=0.03 secs] 
2021-05-31T10:18:50.547+0800: 1471682.199: [GC (Allocation Failure) [PSYoungGen: 496380K->16512K(500224K)] 922914K->455697K(1024512K), 0.0325267 secs] [Times: user=0.04 sys=0.04, real=0.03 secs] 
2021-05-31T10:23:55.963+0800: 1471987.615: [GC (Allocation Failure) [PSYoungGen: 492672K->16096K(500224K)] 931857K->465372K(1024512K), 0.0341319 secs] [Times: user=0.04 sys=0.05, real=0.03 secs] 
2021-05-31T10:29:02.543+0800: 1472294.195: [GC (Allocation Failure) [PSYoungGen: 492256K->17856K(500224K)] 941532K->477873K(1024512K), 0.0283923 secs] [Times: user=0.04 sys=0.04, real=0.02 secs] 
2021-05-31T10:34:09.518+0800: 1472601.170: [GC (Allocation Failure) [PSYoungGen: 494016K->18240K(501248K)] 954033K->489213K(1025536K), 0.0314612 secs] [Times: user=0.04 sys=0.04, real=0.03 secs] 
2021-05-31T10:39:14.826+0800: 1472906.478: [GC (Allocation Failure) [PSYoungGen: 495936K->16576K(500736K)] 966909K->498986K(1025024K), 0.0296241 secs] [Times: user=0.04 sys=0.04, real=0.03 secs] 
2021-05-31T10:44:19.572+0800: 1473211.224: [GC (Allocation Failure) [PSYoungGen: 494272K->20480K(500224K)] 976682K->513040K(1024512K), 0.0296423 secs] [Times: user=0.04 sys=0.04, real=0.03 secs] 
2021-05-31T10:49:21.269+0800: 1473512.921: [GC (Allocation Failure) [PSYoungGen: 497664K->19360K(500736K)] 990224K->524245K(1025024K), 0.0308502 secs] [Times: user=0.05 sys=0.04, real=0.03 secs] 
2021-05-31T10:54:24.692+0800: 1473816.344: [GC (Allocation Failure) [PSYoungGen: 496544K->17856K(501248K)] 1001429K->535785K(1025536K), 0.0290694 secs] [Times: user=0.04 sys=0.05, real=0.02 secs] 
2021-05-31T10:54:24.722+0800: 1473816.374: [Full GC (Ergonomics) [PSYoungGen: 17856K->0K(501248K)] [ParOldGen: 517929K->313588K(524288K)] 535785K->313588K(1025536K), [Metaspace: 96907K->96907K(1138688K)], 0.4131576 secs] [Times: user=0.93 sys=0.00, real=0.42 secs] 
2021-05-31T10:59:29.495+0800: 1474121.147: [GC (Allocation Failure) [PSYoungGen: 478208K->19328K(501248K)] 791796K->332916K(1025536K), 0.0451220 secs] [Times: user=0.03 sys=0.04, real=0.04 secs] 
2021-05-31T11:04:33.403+0800: 1474425.055: [GC (Allocation Failure) [PSYoungGen: 497536K->19328K(501760K)] 811124K->346806K(1026048K), 0.0316830 secs] [Times: user=0.04 sys=0.05, real=0.03 secs] 
2021-05-31T11:09:42.616+0800: 1474734.268: [GC (Allocation Failure) [PSYoungGen: 498560K->19520K(501760K)] 826038K->358162K(1026048K), 0.0358696 secs] [Times: user=0.04 sys=0.04, real=0.03 secs] 
2021-05-31T11:14:48.327+0800: 1475039.979: [GC (Allocation Failure) [PSYoungGen: 498752K->17056K(501760K)] 837394K->366623K(1026048K), 0.0324358 secs] [Times: user=0.04 sys=0.04, real=0.03 secs] 
2021-05-31T11:19:53.862+0800: 1475345.514: [GC (Allocation Failure) [PSYoungGen: 496288K->19424K(501760K)] 845855K->379660K(1026048K), 0.0304542 secs] [Times: user=0.04 sys=0.04, real=0.04 secs] 
2021-05-31T11:24:59.051+0800: 1475650.703: [GC (Allocation Failure) [PSYoungGen: 498656K->19584K(501760K)] 858892K->391082K(1026048K), 0.0334556 secs] [Times: user=0.04 sys=0.04, real=0.04 secs] 
2021-05-31T11:30:03.754+0800: 1475955.406: [GC (Allocation Failure) [PSYoungGen: 498816K->18784K(501760K)] 870314K->402064K(1026048K), 0.0536602 secs] [Times: user=0.04 sys=0.04, real=0.05 secs] 
2021-05-31T11:35:07.993+0800: 1476259.645: [GC (Allocation Failure) [PSYoungGen: 498016K->17952K(502272K)] 881296K->413293K(1026560K), 0.0305233 secs] [Times: user=0.05 sys=0.04, real=0.03 secs] 
2021-05-31T11:40:13.137+0800: 1476564.789: [GC (Allocation Failure) [PSYoungGen: 498208K->18848K(502272K)] 893549K->425330K(1026560K), 0.0750952 secs] [Times: user=0.04 sys=0.05, real=0.08 secs] 
2021-05-31T11:45:23.930+0800: 1476875.582: [GC (Allocation Failure) [PSYoungGen: 499104K->18208K(502784K)] 905586K->436350K(1027072K), 0.0574257 secs] [Times: user=0.05 sys=0.04, real=0.06 secs] 
2021-05-31T11:50:25.001+0800: 1477176.653: [GC (Allocation Failure) [PSYoungGen: 499488K->20512K(502272K)] 917630K->449548K(1026560K), 0.0460011 secs] [Times: user=0.04 sys=0.04, real=0.05 secs] 
2021-05-31T11:55:28.898+0800: 1477480.550: [GC (Allocation Failure) [PSYoungGen: 501792K->17024K(502272K)] 930828K->457730K(1026560K), 0.0332774 secs] [Times: user=0.04 sys=0.05, real=0.03 secs] 
2021-05-31T12:00:34.269+0800: 1477785.921: [GC (Allocation Failure) [PSYoungGen: 497280K->16224K(502272K)] 937986K->468885K(1026560K), 0.0551072 secs] [Times: user=0.03 sys=0.04, real=0.06 secs] 
2021-05-31T12:05:39.249+0800: 1478090.901: [GC (Allocation Failure) [PSYoungGen: 496480K->18720K(502272K)] 949141K->481178K(1026560K), 0.0364093 secs] [Times: user=0.04 sys=0.05, real=0.04 secs] 
2021-05-31T12:10:44.711+0800: 1478396.364: [GC (Allocation Failure) [PSYoungGen: 498976K->17376K(502272K)] 961434K->491630K(1026560K), 0.0283864 secs] [Times: user=0.04 sys=0.05, real=0.03 secs] 
2021-05-31T12:15:45.769+0800: 1478697.422: [GC (Allocation Failure) [PSYoungGen: 497632K->20256K(501760K)] 971886K->505549K(1026048K), 0.0359657 secs] [Times: user=0.04 sys=0.04, real=0.04 secs] 
2021-05-31T12:20:52.994+0800: 1479004.646: [GC (Allocation Failure) [PSYoungGen: 500512K->16064K(502272K)] 985805K->513247K(1026560K), 0.0328841 secs] [Times: user=0.04 sys=0.04, real=0.03 secs] 
2021-05-31T12:26:03.629+0800: 1479315.281: [GC (Allocation Failure) [PSYoungGen: 496320K->19744K(501248K)] 993503K->525390K(1025536K), 0.0321533 secs] [Times: user=0.04 sys=0.04, real=0.03 secs] 
2021-05-31T12:31:11.964+0800: 1479623.616: [GC (Allocation Failure) [PSYoungGen: 498976K->17376K(501760K)] 1004622K->535763K(1026048K), 0.0352021 secs] [Times: user=0.05 sys=0.05, real=0.03 secs] 
2021-05-31T12:31:11.999+0800: 1479623.651: [Full GC (Ergonomics) [PSYoungGen: 17376K->0K(501760K)] [ParOldGen: 518387K->313540K(524288K)] 535763K->313540K(1026048K), [Metaspace: 96907K->96907K(1138688K)], 0.4585186 secs] [Times: user=1.02 sys=0.00, real=0.46 secs] 
2021-05-31T12:36:19.630+0800: 1479931.282: [GC (Allocation Failure) [PSYoungGen: 479232K->17920K(502272K)] 792772K->331460K(1026560K), 0.0291349 secs] [Times: user=0.04 sys=0.04, real=0.03 secs] 
2021-05-31T12:41:24.117+0800: 1480235.769: [GC (Allocation Failure) [PSYoungGen: 498176K->20608K(501248K)] 811716K->345857K(1025536K), 0.0342071 secs] [Times: user=0.04 sys=0.05, real=0.03 secs] 
2021-05-31T12:46:29.651+0800: 1480541.303: [GC (Allocation Failure) [PSYoungGen: 500864K->19072K(502272K)] 826113K->355525K(1026560K), 0.0352128 secs] [Times: user=0.03 sys=0.04, real=0.04 secs] 
2021-05-31T12:51:38.352+0800: 1480850.004: [GC (Allocation Failure) [PSYoungGen: 498816K->17632K(501760K)] 835269K->364802K(1026048K), 0.0323871 secs] [Times: user=0.04 sys=0.04, real=0.04 secs] 
2021-05-31T12:56:45.620+0800: 1481157.272: [GC (Allocation Failure) [PSYoungGen: 497376K->17728K(502272K)] 844546K->374559K(1026560K), 0.0287668 secs] [Times: user=0.04 sys=0.04, real=0.03 secs] 
2021-05-31T13:01:58.117+0800: 1481469.769: [GC (Allocation Failure) [PSYoungGen: 497984K->19776K(502272K)] 854815K->387028K(1026560K), 0.0339286 secs] [Times: user=0.04 sys=0.04, real=0.03 secs] 
2021-05-31T13:06:58.582+0800: 1481770.234: [GC (Allocation Failure) [PSYoungGen: 500030K->18762K(502272K)] 867283K->398611K(1026560K), 0.0324487 secs] [Times: user=0.08 sys=0.00, real=0.04 secs] 
2021-05-31T13:12:04.047+0800: 1482075.699: [GC (Allocation Failure) [PSYoungGen: 499018K->20736K(501248K)] 878867K->411393K(1025536K), 0.0344100 secs] [Times: user=0.04 sys=0.05, real=0.03 secs] 
2021-05-31T13:17:11.554+0800: 1482383.206: [GC (Allocation Failure) [PSYoungGen: 500992K->18752K(502272K)] 891649K->420239K(1026560K), 0.0290002 secs] [Times: user=0.04 sys=0.04, real=0.03 secs] 
2021-05-31T13:22:17.599+0800: 1482689.252: [GC (Allocation Failure) [PSYoungGen: 498496K->17408K(501760K)] 899983K->430570K(1026048K), 0.0408252 secs] [Times: user=0.04 sys=0.04, real=0.04 secs] 
2021-05-31T13:27:21.020+0800: 1482992.672: [GC (Allocation Failure) [PSYoungGen: 497152K->20512K(501248K)] 910314K->443409K(1025536K), 0.0346285 secs] [Times: user=0.04 sys=0.03, real=0.04 secs] 
2021-05-31T13:32:28.762+0800: 1483300.414: [GC (Allocation Failure) [PSYoungGen: 499744K->18080K(501760K)] 922641K->453701K(1026048K), 0.0339879 secs] [Times: user=0.04 sys=0.04, real=0.04 secs] 
2021-05-31T13:37:34.322+0800: 1483605.974: [GC (Allocation Failure) [PSYoungGen: 497312K->18592K(502272K)] 932933K->466640K(1026560K), 0.0414542 secs] [Times: user=0.04 sys=0.04, real=0.05 secs] 
2021-05-31T13:42:40.574+0800: 1483912.226: [GC (Allocation Failure) [PSYoungGen: 498848K->15744K(502272K)] 946896K->475676K(1026560K), 0.0450565 secs] [Times: user=0.05 sys=0.05, real=0.04 secs] 
2021-05-31T13:47:46.840+0800: 1484218.492: [GC (Allocation Failure) [PSYoungGen: 496000K->19552K(502272K)] 955932K->489458K(1026560K), 0.0321353 secs] [Times: user=0.09 sys=0.00, real=0.03 secs] 
2021-05-31T13:52:55.684+0800: 1484527.336: [GC (Allocation Failure) [PSYoungGen: 499808K->17056K(502272K)] 969714K->499390K(1026560K), 0.0300942 secs] [Times: user=0.04 sys=0.04, real=0.03 secs] 
2021-05-31T13:58:05.560+0800: 1484837.212: [GC (Allocation Failure) [PSYoungGen: 497312K->20416K(501248K)] 979646K->514084K(1025536K), 0.0323235 secs] [Times: user=0.04 sys=0.04, real=0.04 secs] 
2021-05-31T14:03:12.628+0800: 1485144.280: [GC (Allocation Failure) [PSYoungGen: 499648K->18880K(501760K)] 993316K->523698K(1026048K), 0.0360615 secs] [Times: user=0.05 sys=0.05, real=0.04 secs] 
2021-05-31T14:08:22.019+0800: 1485453.671: [GC (Allocation Failure) [PSYoungGen: 498112K->16864K(502272K)] 1002930K->532606K(1026560K), 0.0315148 secs] [Times: user=0.05 sys=0.04, real=0.03 secs] 
2021-05-31T14:08:22.051+0800: 1485453.703: [Full GC (Ergonomics) [PSYoungGen: 16864K->0K(502272K)] [ParOldGen: 515742K->311963K(524288K)] 532606K->311963K(1026560K), [Metaspace: 96912K->96908K(1138688K)], 0.4720305 secs] [Times: user=1.02 sys=0.00, real=0.48 secs] 
2021-05-31T14:13:34.307+0800: 1485765.959: [GC (Allocation Failure) [PSYoungGen: 480256K->18560K(502272K)] 792219K->330523K(1026560K), 0.0272761 secs] [Times: user=0.03 sys=0.04, real=0.03 secs] 
2021-05-31T14:18:43.308+0800: 1486074.960: [GC (Allocation Failure) [PSYoungGen: 498816K->17888K(502784K)] 810779K->343334K(1027072K), 0.0311664 secs] [Times: user=0.05 sys=0.04, real=0.03 secs] 
2021-05-31T14:23:50.821+0800: 1486382.473: [GC (Allocation Failure) [PSYoungGen: 498656K->21472K(502272K)] 824102K->359300K(1026560K), 0.0414007 secs] [Times: user=0.04 sys=0.04, real=0.05 secs] 
2021-05-31T14:28:58.192+0800: 1486689.844: [GC (Allocation Failure) [PSYoungGen: 502240K->19552K(493056K)] 840068K->370362K(1017344K), 0.0281150 secs] [Times: user=0.04 sys=0.04, real=0.02 secs] 
2021-05-31T14:34:02.546+0800: 1486994.198: [GC (Allocation Failure) [PSYoungGen: 490592K->19584K(497664K)] 841402K->382129K(1021952K), 0.0296296 secs] [Times: user=0.07 sys=0.00, real=0.03 secs] 
2021-05-31T14:38:59.882+0800: 1487291.534: [GC (Allocation Failure) [PSYoungGen: 490624K->16672K(498688K)] 853169K->392355K(1022976K), 0.0309405 secs] [Times: user=0.04 sys=0.04, real=0.04 secs] 
2021-05-31T14:44:01.111+0800: 1487592.763: [GC (Allocation Failure) [PSYoungGen: 489248K->18848K(498176K)] 864931K->404312K(1022464K), 0.1007810 secs] [Times: user=0.05 sys=0.05, real=0.11 secs] 
2021-05-31T14:49:06.302+0800: 1487897.954: [GC (Allocation Failure) [PSYoungGen: 491424K->16832K(499200K)] 876888K->413115K(1023488K), 0.0350507 secs] [Times: user=0.04 sys=0.05, real=0.04 secs] 
2021-05-31T14:54:10.351+0800: 1488202.003: [GC (Allocation Failure) [PSYoungGen: 490432K->21312K(498688K)] 886715K->428953K(1022976K), 0.0330609 secs] [Times: user=0.04 sys=0.05, real=0.04 secs] 
2021-05-31T14:59:15.453+0800: 1488507.105: [GC (Allocation Failure) [PSYoungGen: 494912K->18400K(499200K)] 902553K->437328K(1023488K), 0.0335248 secs] [Times: user=0.03 sys=0.04, real=0.03 secs] 
2021-05-31T15:04:25.763+0800: 1488817.415: [GC (Allocation Failure) [PSYoungGen: 492000K->17216K(498688K)] 910928K->447882K(1022976K), 0.0307436 secs] [Times: user=0.04 sys=0.05, real=0.03 secs] 
2021-05-31T15:09:27.817+0800: 1489119.469: [GC (Allocation Failure) [PSYoungGen: 490816K->19104K(500224K)] 921482K->459480K(1024512K), 0.0311067 secs] [Times: user=0.04 sys=0.04, real=0.03 secs] 
2021-05-31T15:14:32.185+0800: 1489423.837: [GC (Allocation Failure) [PSYoungGen: 494240K->18240K(499200K)] 934616K->470670K(1023488K), 0.0277883 secs] [Times: user=0.04 sys=0.04, real=0.03 secs] 
2021-05-31T15:19:39.973+0800: 1489731.625: [GC (Allocation Failure) [PSYoungGen: 493376K->15840K(500224K)] 945806K->480793K(1024512K), 0.0384656 secs] [Times: user=0.04 sys=0.05, real=0.03 secs] 
2021-05-31T15:24:46.800+0800: 1490038.452: [GC (Allocation Failure) [PSYoungGen: 492000K->17536K(500224K)] 956953K->491361K(1024512K), 0.0348969 secs] [Times: user=0.04 sys=0.04, real=0.04 secs] 
2021-05-31T15:29:51.836+0800: 1490343.488: [GC (Allocation Failure) [PSYoungGen: 493696K->19104K(500736K)] 967521K->503926K(1025024K), 0.0336892 secs] [Times: user=0.04 sys=0.05, real=0.03 secs] 
2021-05-31T15:35:00.022+0800: 1490651.674: [GC (Allocation Failure) [PSYoungGen: 496288K->17472K(500736K)] 981110K->513458K(1025024K), 0.0324512 secs] [Times: user=0.05 sys=0.04, real=0.03 secs] 
2021-05-31T15:40:03.639+0800: 1490955.291: [GC (Allocation Failure) [PSYoungGen: 494656K->18592K(501760K)] 990642K->525287K(1026048K), 0.0325282 secs] [Times: user=0.04 sys=0.04, real=0.04 secs] 
2021-05-31T15:45:10.006+0800: 1491261.658: [GC (Allocation Failure) [PSYoungGen: 497312K->18368K(501248K)] 1004007K->537164K(1025536K), 0.0303318 secs] [Times: user=0.04 sys=0.04, real=0.03 secs] 
2021-05-31T15:45:10.037+0800: 1491261.689: [Full GC (Ergonomics) [PSYoungGen: 18368K->0K(501248K)] [ParOldGen: 518796K->316134K(524288K)] 537164K->316134K(1025536K), [Metaspace: 96912K->96912K(1138688K)], 0.4189641 secs] [Times: user=0.95 sys=0.00, real=0.42 secs] 
2021-05-31T15:50:17.160+0800: 1491568.812: [GC (Allocation Failure) [PSYoungGen: 478720K->18112K(502272K)] 794854K->334246K(1026560K), 0.0372847 secs] [Times: user=0.04 sys=0.03, real=0.04 secs] 
2021-05-31T15:55:16.438+0800: 1491868.090: [GC (Allocation Failure) [PSYoungGen: 497856K->21216K(501760K)] 813990K->349875K(1026048K), 0.0316843 secs] [Times: user=0.04 sys=0.05, real=0.03 secs] 
2021-05-31T16:00:24.809+0800: 1492176.461: [GC (Allocation Failure) [PSYoungGen: 500960K->14816K(500736K)] 829619K->356486K(1025024K), 0.0318045 secs] [Times: user=0.07 sys=0.00, real=0.03 secs] 
2021-05-31T16:05:31.987+0800: 1492483.639: [GC (Allocation Failure) [PSYoungGen: 493024K->19360K(501248K)] 834694K->370372K(1025536K), 0.0379638 secs] [Times: user=0.04 sys=0.05, real=0.04 secs] 
2021-05-31T16:10:39.236+0800: 1492790.888: [GC (Allocation Failure) [PSYoungGen: 497568K->21376K(500224K)] 848580K->383920K(1024512K), 0.0339599 secs] [Times: user=0.04 sys=0.04, real=0.03 secs] 
2021-05-31T16:15:45.797+0800: 1493097.449: [GC (Allocation Failure) [PSYoungGen: 498560K->19488K(500736K)] 861104K->394054K(1025024K), 0.0338603 secs] [Times: user=0.05 sys=0.04, real=0.03 secs] 
2021-05-31T16:20:50.181+0800: 1493401.834: [GC (Allocation Failure) [PSYoungGen: 496672K->17984K(501248K)] 871238K->403068K(1025536K), 0.0383616 secs] [Times: user=0.10 sys=0.00, real=0.04 secs] 
2021-05-31T16:25:55.872+0800: 1493707.524: [GC (Allocation Failure) [PSYoungGen: 495680K->19168K(500736K)] 880764K->414849K(1025024K), 0.0426361 secs] [Times: user=0.05 sys=0.05, real=0.04 secs] 
2021-05-31T16:31:02.718+0800: 1494014.370: [GC (Allocation Failure) [PSYoungGen: 496864K->18752K(501760K)] 892545K->425358K(1026048K), 0.0741146 secs] [Times: user=0.05 sys=0.05, real=0.08 secs] 
2021-05-31T16:36:08.814+0800: 1494320.466: [GC (Allocation Failure) [PSYoungGen: 497472K->21216K(501248K)] 904078K->439892K(1025536K), 0.0423009 secs] [Times: user=0.05 sys=0.05, real=0.04 secs] 
2021-05-31T16:41:17.369+0800: 1494629.021: [GC (Allocation Failure) [PSYoungGen: 499936K->17632K(501248K)] 918612K->448888K(1025536K), 0.0285355 secs] [Times: user=0.04 sys=0.04, real=0.03 secs] 
2021-05-31T16:46:28.025+0800: 1494939.677: [GC (Allocation Failure) [PSYoungGen: 495840K->17696K(501248K)] 927096K->459893K(1025536K), 0.0276265 secs] [Times: user=0.08 sys=0.00, real=0.03 secs] 
2021-05-31T16:51:33.792+0800: 1495245.445: [GC (Allocation Failure) [PSYoungGen: 495904K->18816K(501760K)] 938101K->471482K(1026048K), 0.0492568 secs] [Times: user=0.05 sys=0.06, real=0.04 secs] 
2021-05-31T16:56:44.189+0800: 1495555.841: [GC (Allocation Failure) [PSYoungGen: 498048K->18112K(501760K)] 950714K->481960K(1026048K), 0.0389032 secs] [Times: user=0.03 sys=0.05, real=0.04 secs] 
2021-05-31T17:01:48.345+0800: 1495859.997: [GC (Allocation Failure) [PSYoungGen: 497344K->20096K(501248K)] 961192K->493911K(1025536K), 0.0351444 secs] [Times: user=0.04 sys=0.04, real=0.03 secs] 
2021-05-31T17:06:57.634+0800: 1496169.286: [GC (Allocation Failure) [PSYoungGen: 499328K->18688K(501760K)] 973143K->504882K(1026048K), 0.0367167 secs] [Times: user=0.05 sys=0.05, real=0.03 secs] 
2021-05-31T17:12:00.574+0800: 1496472.226: [GC (Allocation Failure) [PSYoungGen: 497920K->17952K(502272K)] 984114K->515100K(1026560K), 0.0423359 secs] [Times: user=0.05 sys=0.05, real=0.04 secs] 
2021-05-31T17:17:07.275+0800: 1496778.927: [GC (Allocation Failure) [PSYoungGen: 498208K->21824K(502272K)] 995356K->529250K(1026560K), 0.0344235 secs] [Times: user=0.05 sys=0.05, real=0.03 secs] 
2021-05-31T17:22:16.231+0800: 1497087.884: [GC (Allocation Failure) [PSYoungGen: 502080K->19008K(501248K)] 1009506K->538856K(1025536K), 0.0409828 secs] [Times: user=0.05 sys=0.05, real=0.05 secs] 
2021-05-31T17:22:16.273+0800: 1497087.925: [Full GC (Ergonomics) [PSYoungGen: 19008K->0K(501248K)] [ParOldGen: 519848K->316199K(524288K)] 538856K->316199K(1025536K), [Metaspace: 96912K->96912K(1138688K)], 0.5292529 secs] [Times: user=1.13 sys=0.00, real=0.53 secs] 
2021-05-31T17:27:18.894+0800: 1497390.546: [GC (Allocation Failure) [PSYoungGen: 479232K->21856K(501248K)] 795431K->338055K(1025536K), 0.0589498 secs] [Times: user=0.04 sys=0.04, real=0.06 secs] 
2021-05-31T17:32:23.869+0800: 1497695.521: [GC (Allocation Failure) [PSYoungGen: 501088K->17568K(501248K)] 817287K->347234K(1025536K), 0.0334640 secs] [Times: user=0.05 sys=0.04, real=0.04 secs] 
2021-05-31T17:37:24.596+0800: 1497996.248: [GC (Allocation Failure) [PSYoungGen: 495776K->19616K(501248K)] 825442K->359904K(1025536K), 0.0372257 secs] [Times: user=0.05 sys=0.05, real=0.04 secs] 
2021-05-31T17:42:29.001+0800: 1498300.653: [GC (Allocation Failure) [PSYoungGen: 497824K->18176K(501760K)] 838112K->369901K(1026048K), 0.0318343 secs] [Times: user=0.05 sys=0.05, real=0.04 secs] 
2021-05-31T17:47:29.300+0800: 1498600.952: [GC (Allocation Failure) [PSYoungGen: 496896K->20096K(501248K)] 848621K->383642K(1025536K), 0.0377886 secs] [Times: user=0.05 sys=0.05, real=0.04 secs] 
2021-05-31T17:52:38.540+0800: 1498910.192: [GC (Allocation Failure) [PSYoungGen: 498816K->17472K(501760K)] 862362K->392911K(1026048K), 0.0306156 secs] [Times: user=0.04 sys=0.04, real=0.03 secs] 
2021-05-31T17:57:43.884+0800: 1499215.536: [GC (Allocation Failure) [PSYoungGen: 496704K->18688K(501760K)] 872143K->405508K(1026048K), 0.0372620 secs] [Times: user=0.05 sys=0.04, real=0.03 secs] 
2021-05-31T18:02:49.395+0800: 1499521.047: [GC (Allocation Failure) [PSYoungGen: 497920K->20896K(500736K)] 884740K->417466K(1025024K), 0.0730237 secs] [Times: user=0.04 sys=0.04, real=0.07 secs] 
2021-05-31T18:07:54.720+0800: 1499826.372: [GC (Allocation Failure) [PSYoungGen: 499104K->17600K(501248K)] 895674K->426384K(1025536K), 0.0367161 secs] [Times: user=0.05 sys=0.05, real=0.04 secs] 
2021-05-31T18:12:51.939+0800: 1500123.591: [GC (Allocation Failure) [PSYoungGen: 495808K->20672K(500736K)] 904592K->440102K(1025024K), 0.0405065 secs] [Times: user=0.05 sys=0.05, real=0.04 secs] 
2021-05-31T18:17:55.422+0800: 1500427.074: [GC (Allocation Failure) [PSYoungGen: 498880K->19392K(501248K)] 918310K->450891K(1025536K), 0.0449394 secs] [Times: user=0.05 sys=0.05, real=0.04 secs] 
2021-05-31T18:22:58.408+0800: 1500730.060: [GC (Allocation Failure) [PSYoungGen: 497600K->19712K(501760K)] 929099K->462482K(1026048K), 0.0385030 secs] [Times: user=0.05 sys=0.05, real=0.04 secs] 
2021-05-31T18:28:06.216+0800: 1501037.868: [GC (Allocation Failure) [PSYoungGen: 498944K->17824K(501760K)] 941714K->471998K(1026048K), 0.0332310 secs] [Times: user=0.09 sys=0.00, real=0.03 secs] 
2021-05-31T18:33:06.590+0800: 1501338.242: [GC (Allocation Failure) [PSYoungGen: 497056K->20640K(501760K)] 951230K->483923K(1026048K), 0.0356204 secs] [Times: user=0.04 sys=0.04, real=0.04 secs] 
2021-05-31T18:38:12.023+0800: 1501643.675: [GC (Allocation Failure) [PSYoungGen: 499872K->17600K(501760K)] 963155K->492559K(1026048K), 0.0366493 secs] [Times: user=0.04 sys=0.04, real=0.03 secs] 
2021-05-31T18:43:17.426+0800: 1501949.078: [GC (Allocation Failure) [PSYoungGen: 496832K->18784K(501760K)] 971791K->502821K(1026048K), 0.0291913 secs] [Times: user=0.04 sys=0.04, real=0.03 secs] 
2021-05-31T18:48:19.943+0800: 1502251.595: [GC (Allocation Failure) [PSYoungGen: 498016K->19840K(501760K)] 982053K->515313K(1026048K), 0.0331025 secs] [Times: user=0.04 sys=0.05, real=0.03 secs] 
2021-05-31T18:53:20.393+0800: 1502552.045: [GC (Allocation Failure) [PSYoungGen: 499072K->19680K(501760K)] 994545K->526342K(1026048K), 0.0317892 secs] [Times: user=0.04 sys=0.05, real=0.03 secs] 
2021-05-31T18:58:26.732+0800: 1502858.384: [GC (Allocation Failure) [PSYoungGen: 498912K->17472K(501760K)] 1005574K->536627K(1026048K), 0.0300249 secs] [Times: user=0.04 sys=0.05, real=0.04 secs] 
2021-05-31T18:58:26.762+0800: 1502858.414: [Full GC (Ergonomics) [PSYoungGen: 17472K->0K(501760K)] [ParOldGen: 519155K->312100K(524288K)] 536627K->312100K(1026048K), [Metaspace: 96912K->96908K(1138688K)], 0.5495081 secs] [Times: user=1.15 sys=0.00, real=0.55 secs] 
2021-05-31T19:03:30.328+0800: 1503161.980: [GC (Allocation Failure) [PSYoungGen: 479232K->19242K(502272K)] 791332K->331342K(1026560K), 0.0305432 secs] [Times: user=0.04 sys=0.04, real=0.03 secs] 
2021-05-31T19:08:41.379+0800: 1503473.031: [GC (Allocation Failure) [PSYoungGen: 498986K->17024K(501760K)] 811086K->341845K(1026048K), 0.0366513 secs] [Times: user=0.04 sys=0.05, real=0.04 secs] 
2021-05-31T19:13:50.053+0800: 1503781.705: [GC (Allocation Failure) [PSYoungGen: 496768K->16032K(501248K)] 821589K->351440K(1025536K), 0.0271826 secs] [Times: user=0.03 sys=0.04, real=0.02 secs] 
2021-05-31T19:19:00.490+0800: 1504092.142: [GC (Allocation Failure) [PSYoungGen: 495264K->18688K(501760K)] 830672K->364550K(1026048K), 0.1327103 secs] [Times: user=0.04 sys=0.05, real=0.14 secs] 
2021-05-31T19:24:06.216+0800: 1504397.868: [GC (Allocation Failure) [PSYoungGen: 497920K->18688K(502784K)] 843782K->376580K(1027072K), 0.0291935 secs] [Times: user=0.04 sys=0.04, real=0.03 secs] 
2021-05-31T19:29:15.595+0800: 1504707.247: [GC (Allocation Failure) [PSYoungGen: 499456K->19648K(502272K)] 857348K->388753K(1026560K), 0.0742818 secs] [Times: user=0.04 sys=0.04, real=0.07 secs] 
2021-05-31T19:34:21.682+0800: 1505013.335: [GC (Allocation Failure) [PSYoungGen: 500416K->19456K(502272K)] 869521K->399501K(1026560K), 0.0389376 secs] [Times: user=0.04 sys=0.04, real=0.03 secs] 
2021-05-31T19:39:25.712+0800: 1505317.364: [GC (Allocation Failure) [PSYoungGen: 499712K->19872K(502272K)] 879757K->409892K(1026560K), 0.0423203 secs] [Times: user=0.04 sys=0.04, real=0.05 secs] 
2021-05-31T19:44:32.405+0800: 1505624.057: [GC (Allocation Failure) [PSYoungGen: 500128K->17408K(502272K)] 890148K->417904K(1026560K), 0.0305930 secs] [Times: user=0.04 sys=0.04, real=0.03 secs] 
2021-05-31T19:49:39.633+0800: 1505931.285: [GC (Allocation Failure) [PSYoungGen: 497664K->20000K(502272K)] 898160K->431414K(1026560K), 0.0321370 secs] [Times: user=0.04 sys=0.05, real=0.03 secs] 
2021-05-31T19:54:46.657+0800: 1506238.309: [GC (Allocation Failure) [PSYoungGen: 500256K->19424K(502272K)] 911670K->442228K(1026560K), 0.0341144 secs] [Times: user=0.05 sys=0.04, real=0.03 secs] 
2021-05-31T19:59:55.480+0800: 1506547.132: [GC (Allocation Failure) [PSYoungGen: 499680K->17216K(502272K)] 922484K->451711K(1026560K), 0.0322879 secs] [Times: user=0.03 sys=0.04, real=0.04 secs] 
2021-05-31T20:04:58.916+0800: 1506850.568: [GC (Allocation Failure) [PSYoungGen: 497472K->20288K(501248K)] 931967K->464718K(1025536K), 0.0316228 secs] [Times: user=0.08 sys=0.00, real=0.03 secs] 
2021-05-31T20:10:02.832+0800: 1507154.484: [GC (Allocation Failure) [PSYoungGen: 499520K->20640K(501760K)] 943950K->476819K(1026048K), 0.0334188 secs] [Times: user=0.05 sys=0.05, real=0.03 secs] 
2021-05-31T20:15:11.396+0800: 1507463.048: [GC (Allocation Failure) [PSYoungGen: 499872K->17440K(501760K)] 956051K->485440K(1026048K), 0.0353675 secs] [Times: user=0.04 sys=0.03, real=0.03 secs] 
2021-05-31T20:20:19.947+0800: 1507771.599: [GC (Allocation Failure) [PSYoungGen: 496672K->19104K(501760K)] 964672K->496797K(1026048K), 0.0353370 secs] [Times: user=0.04 sys=0.04, real=0.04 secs] 
2021-05-31T20:25:26.232+0800: 1508077.884: [GC (Allocation Failure) [PSYoungGen: 498336K->18112K(502272K)] 976029K->507090K(1026560K), 0.0289757 secs] [Times: user=0.04 sys=0.04, real=0.03 secs] 
2021-05-31T20:30:35.721+0800: 1508387.373: [GC (Allocation Failure) [PSYoungGen: 497856K->18368K(501760K)] 986834K->518086K(1026048K), 0.0337216 secs] [Times: user=0.04 sys=0.05, real=0.04 secs] 
2021-05-31T20:35:36.594+0800: 1508688.247: [GC (Allocation Failure) [PSYoungGen: 498112K->20576K(501248K)] 997830K->530339K(1025536K), 0.0337165 secs] [Times: user=0.04 sys=0.04, real=0.03 secs] 
2021-05-31T20:40:41.033+0800: 1508992.685: [GC (Allocation Failure) [PSYoungGen: 499808K->19232K(501760K)] 1009571K->540569K(1026048K), 0.0301082 secs] [Times: user=0.04 sys=0.04, real=0.03 secs] 
2021-05-31T20:40:41.064+0800: 1508992.716: [Full GC (Ergonomics) [PSYoungGen: 19232K->0K(501760K)] [ParOldGen: 521337K->320081K(524288K)] 540569K->320081K(1026048K), [Metaspace: 96912K->96912K(1138688K)], 0.5037808 secs] [Times: user=1.04 sys=0.00, real=0.50 secs] 
2021-05-31T20:45:49.832+0800: 1509301.484: [GC (Allocation Failure) [PSYoungGen: 479232K->18336K(502272K)] 799313K->338417K(1026560K), 0.0330403 secs] [Times: user=0.03 sys=0.03, real=0.04 secs] 
2021-05-31T20:50:56.927+0800: 1509608.579: [GC (Allocation Failure) [PSYoungGen: 498592K->19488K(502272K)] 818673K->352044K(1026560K), 0.0655643 secs] [Times: user=0.04 sys=0.04, real=0.07 secs] 
2021-05-31T20:56:03.499+0800: 1509915.151: [GC (Allocation Failure) [PSYoungGen: 499744K->17344K(502272K)] 832300K->361641K(1026560K), 0.0311404 secs] [Times: user=0.04 sys=0.04, real=0.03 secs] 
2021-05-31T21:01:11.045+0800: 1510222.697: [GC (Allocation Failure) [PSYoungGen: 497600K->19104K(502272K)] 841897K->374432K(1026560K), 0.0278824 secs] [Times: user=0.04 sys=0.04, real=0.03 secs] 
2021-05-31T21:06:16.401+0800: 1510528.053: [GC (Allocation Failure) [PSYoungGen: 499360K->17216K(502784K)] 854688K->384939K(1027072K), 0.0332105 secs] [Times: user=0.04 sys=0.04, real=0.04 secs] 
2021-05-31T21:11:22.215+0800: 1510833.867: [GC (Allocation Failure) [PSYoungGen: 498496K->18048K(502784K)] 866219K->395418K(1027072K), 0.0627573 secs] [Times: user=0.03 sys=0.03, real=0.06 secs] 
2021-05-31T21:16:29.052+0800: 1511140.704: [GC (Allocation Failure) [PSYoungGen: 499328K->18592K(502784K)] 876698K->407015K(1027072K), 0.0312401 secs] [Times: user=0.04 sys=0.04, real=0.03 secs] 
2021-05-31T21:21:39.629+0800: 1511451.281: [GC (Allocation Failure) [PSYoungGen: 499872K->17568K(502784K)] 888295K->417980K(1027072K), 0.0368578 secs] [Times: user=0.04 sys=0.04, real=0.04 secs] 
2021-05-31T21:26:49.371+0800: 1511761.023: [GC (Allocation Failure) [PSYoungGen: 498848K->20960K(493056K)] 899260K->432204K(1017344K), 0.0331857 secs] [Times: user=0.03 sys=0.04, real=0.04 secs] 
2021-05-31T21:31:53.849+0800: 1512065.501: [GC (Allocation Failure) [PSYoungGen: 493024K->18880K(498176K)] 904268K->442209K(1022464K), 0.0301116 secs] [Times: user=0.04 sys=0.04, real=0.03 secs] 
2021-05-31T21:36:57.592+0800: 1512369.244: [GC (Allocation Failure) [PSYoungGen: 490944K->18528K(499200K)] 914273K->453231K(1023488K), 0.0501075 secs] [Times: user=0.04 sys=0.05, real=0.05 secs] 
2021-05-31T21:42:02.669+0800: 1512674.321: [GC (Allocation Failure) [PSYoungGen: 492128K->16064K(498688K)] 926831K->461955K(1022976K), 0.0382505 secs] [Times: user=0.08 sys=0.00, real=0.04 secs] 
2021-05-31T21:47:11.846+0800: 1512983.498: [GC (Allocation Failure) [PSYoungGen: 489664K->18368K(499712K)] 935555K->475392K(1024000K), 0.0566360 secs] [Times: user=0.04 sys=0.04, real=0.06 secs] 
2021-05-31T21:52:16.020+0800: 1513287.672: [GC (Allocation Failure) [PSYoungGen: 492992K->18240K(499200K)] 950016K->487429K(1023488K), 0.0313795 secs] [Times: user=0.04 sys=0.04, real=0.03 secs] 
2021-05-31T21:57:22.740+0800: 1513594.393: [GC (Allocation Failure) [PSYoungGen: 492864K->19648K(500224K)] 962053K->500410K(1024512K), 0.0375573 secs] [Times: user=0.05 sys=0.05, real=0.04 secs] 
2021-05-31T22:02:28.100+0800: 1513899.752: [GC (Allocation Failure) [PSYoungGen: 495296K->18144K(499712K)] 976058K->510984K(1024000K), 0.0322796 secs] [Times: user=0.04 sys=0.05, real=0.04 secs] 
2021-05-31T22:07:33.806+0800: 1514205.458: [GC (Allocation Failure) [PSYoungGen: 493792K->19104K(500736K)] 986632K->521599K(1025024K), 0.0336193 secs] [Times: user=0.04 sys=0.04, real=0.03 secs] 
2021-05-31T22:12:38.970+0800: 1514510.622: [GC (Allocation Failure) [PSYoungGen: 495776K->17152K(500224K)] 998271K->531331K(1024512K), 0.0300693 secs] [Times: user=0.05 sys=0.05, real=0.03 secs] 
2021-05-31T22:12:39.000+0800: 1514510.652: [Full GC (Ergonomics) [PSYoungGen: 17152K->0K(500224K)] [ParOldGen: 514179K->304290K(524288K)] 531331K->304290K(1024512K), [Metaspace: 96912K->96912K(1138688K)], 0.4175380 secs] [Times: user=1.00 sys=0.00, real=0.42 secs] 
2021-05-31T22:17:44.911+0800: 1514816.564: [GC (Allocation Failure) [PSYoungGen: 476672K->17824K(501248K)] 780962K->322114K(1025536K), 0.0242129 secs] [Times: user=0.04 sys=0.03, real=0.03 secs] 
2021-05-31T22:22:48.730+0800: 1515120.382: [GC (Allocation Failure) [PSYoungGen: 495520K->19328K(500736K)] 799810K->336167K(1025024K), 0.0365557 secs] [Times: user=0.10 sys=0.00, real=0.04 secs] 
2021-05-31T22:27:55.682+0800: 1515427.334: [GC (Allocation Failure) [PSYoungGen: 497024K->19936K(501248K)] 813863K->348565K(1025536K), 0.0363113 secs] [Times: user=0.04 sys=0.05, real=0.04 secs] 
2021-05-31T22:33:04.656+0800: 1515736.308: [GC (Allocation Failure) [PSYoungGen: 498144K->17472K(501248K)] 826773K->357002K(1025536K), 0.0266340 secs] [Times: user=0.07 sys=0.00, real=0.03 secs] 
2021-05-31T22:38:15.881+0800: 1516047.533: [GC (Allocation Failure) [PSYoungGen: 495680K->16672K(501760K)] 835210K->367932K(1026048K), 0.0324774 secs] [Times: user=0.04 sys=0.04, real=0.04 secs] 
2021-05-31T22:43:27.132+0800: 1516358.784: [GC (Allocation Failure) [PSYoungGen: 495904K->17728K(501760K)] 847164K->377611K(1026048K), 0.0301108 secs] [Times: user=0.03 sys=0.03, real=0.03 secs] 
2021-05-31T22:48:35.084+0800: 1516666.736: [GC (Allocation Failure) [PSYoungGen: 496960K->19456K(501760K)] 856843K->388704K(1026048K), 0.0344161 secs] [Times: user=0.04 sys=0.05, real=0.03 secs] 
2021-05-31T22:53:43.714+0800: 1516975.367: [GC (Allocation Failure) [PSYoungGen: 498688K->20032K(501760K)] 867936K->402061K(1026048K), 0.0611567 secs] [Times: user=0.04 sys=0.04, real=0.06 secs] 
2021-05-31T22:58:52.031+0800: 1517283.683: [GC (Allocation Failure) [PSYoungGen: 499264K->18336K(501760K)] 881293K->411755K(1026048K), 0.0282466 secs] [Times: user=0.08 sys=0.00, real=0.03 secs] 
2021-05-31T23:04:02.616+0800: 1517594.268: [GC (Allocation Failure) [PSYoungGen: 497568K->17408K(501760K)] 890987K->422829K(1026048K), 0.0316284 secs] [Times: user=0.05 sys=0.04, real=0.03 secs] 
2021-05-31T23:09:09.292+0800: 1517900.944: [GC (Allocation Failure) [PSYoungGen: 496640K->19008K(502272K)] 902061K->435074K(1026560K), 0.0310397 secs] [Times: user=0.04 sys=0.04, real=0.04 secs] 
2021-05-31T23:14:16.107+0800: 1518207.759: [GC (Allocation Failure) [PSYoungGen: 499264K->19232K(502272K)] 915330K->446936K(1026560K), 0.0345675 secs] [Times: user=0.04 sys=0.04, real=0.03 secs] 
2021-05-31T23:19:19.150+0800: 1518510.802: [GC (Allocation Failure) [PSYoungGen: 499488K->21984K(492032K)] 927192K->461790K(1016320K), 0.0315273 secs] [Times: user=0.05 sys=0.04, real=0.03 secs] 
2021-05-31T23:23:59.073+0800: 1518790.725: [GC (Allocation Failure) [PSYoungGen: 492000K->14720K(484864K)] 931806K->467815K(1009152K), 0.0279642 secs] [Times: user=0.04 sys=0.05, real=0.02 secs] 
2021-05-31T23:28:49.048+0800: 1519080.700: [GC (Allocation Failure) [PSYoungGen: 484736K->7808K(494592K)] 937831K->471254K(1018880K), 0.0587948 secs] [Times: user=0.04 sys=0.03, real=0.06 secs] 
2021-05-31T23:33:35.709+0800: 1519367.362: [GC (Allocation Failure) [PSYoungGen: 474752K->5952K(473088K)] 938198K->475495K(997376K), 0.0219700 secs] [Times: user=0.04 sys=0.03, real=0.02 secs] 
2021-05-31T23:38:19.158+0800: 1519650.810: [GC (Allocation Failure) [PSYoungGen: 472896K->8032K(494080K)] 942439K->481668K(1018368K), 0.0408325 secs] [Times: user=0.04 sys=0.03, real=0.04 secs] 
2021-05-31T23:43:02.030+0800: 1519933.682: [GC (Allocation Failure) [PSYoungGen: 471904K->7072K(471040K)] 945540K->486456K(995328K), 0.0244690 secs] [Times: user=0.03 sys=0.04, real=0.03 secs] 
2021-05-31T23:47:44.702+0800: 1520216.354: [GC (Allocation Failure) [PSYoungGen: 470944K->8992K(494080K)] 950328K->493861K(1018368K), 0.0232066 secs] [Times: user=0.04 sys=0.03, real=0.03 secs] 
2021-05-31T23:52:29.288+0800: 1520500.940: [GC (Allocation Failure) [PSYoungGen: 472352K->8160K(493568K)] 957221K->499614K(1017856K), 0.0225904 secs] [Times: user=0.03 sys=0.03, real=0.02 secs] 
2021-05-31T23:57:11.837+0800: 1520783.489: [GC (Allocation Failure) [PSYoungGen: 471520K->6848K(495104K)] 962974K->503602K(1019392K), 0.0201853 secs] [Times: user=0.04 sys=0.04, real=0.02 secs] 
2021-06-01T00:01:44.090+0800: 1521055.742: [GC (Allocation Failure) [PSYoungGen: 472256K->8320K(494592K)] 969010K->510886K(1018880K), 0.0214072 secs] [Times: user=0.03 sys=0.04, real=0.02 secs] 
2021-06-01T00:06:29.209+0800: 1521340.861: [GC (Allocation Failure) [PSYoungGen: 473728K->6752K(496128K)] 976294K->516327K(1020416K), 0.0241220 secs] [Times: user=0.03 sys=0.04, real=0.03 secs] 
2021-06-01T00:06:29.233+0800: 1521340.885: [Full GC (Ergonomics) [PSYoungGen: 6752K->0K(496128K)] [ParOldGen: 509575K->299808K(524288K)] 516327K->299808K(1020416K), [Metaspace: 96918K->96918K(1138688K)], 0.5236214 secs] [Times: user=1.05 sys=0.00, real=0.52 secs] 
2021-06-01T00:11:14.646+0800: 1521626.298: [GC (Allocation Failure) [PSYoungGen: 467456K->8544K(495616K)] 767264K->308352K(1019904K), 0.0213013 secs] [Times: user=0.04 sys=0.03, real=0.02 secs] 
2021-06-01T00:15:58.842+0800: 1521910.494: [GC (Allocation Failure) [PSYoungGen: 476000K->9824K(498176K)] 775808K->315669K(1022464K), 0.0247547 secs] [Times: user=0.04 sys=0.03, real=0.03 secs] 
2021-06-01T00:20:44.928+0800: 1522196.580: [GC (Allocation Failure) [PSYoungGen: 480864K->7008K(497152K)] 786709K->320982K(1021440K), 0.0227867 secs] [Times: user=0.03 sys=0.04, real=0.02 secs] 
2021-06-01T00:25:32.381+0800: 1522484.033: [GC (Allocation Failure) [PSYoungGen: 478048K->10944K(500224K)] 792022K->330162K(1024512K), 0.0228782 secs] [Times: user=0.03 sys=0.03, real=0.03 secs] 
2021-06-01T00:30:25.840+0800: 1522777.492: [GC (Allocation Failure) [PSYoungGen: 485568K->6144K(498688K)] 804786K->334273K(1022976K), 0.0220212 secs] [Times: user=0.03 sys=0.03, real=0.02 secs] 
2021-06-01T00:35:18.319+0800: 1523069.971: [GC (Allocation Failure) [PSYoungGen: 480768K->9184K(501760K)] 808897K->341925K(1026048K), 0.0227768 secs] [Times: user=0.07 sys=0.00, real=0.03 secs] 
2021-06-01T00:40:09.949+0800: 1523361.601: [GC (Allocation Failure) [PSYoungGen: 487392K->8288K(500736K)] 820133K->348415K(1025024K), 0.0519153 secs] [Times: user=0.03 sys=0.03, real=0.05 secs] 
2021-06-01T00:44:57.787+0800: 1523649.439: [GC (Allocation Failure) [PSYoungGen: 486496K->7360K(503296K)] 826623K->354219K(1027584K), 0.0248643 secs] [Times: user=0.02 sys=0.03, real=0.03 secs] 
2021-06-01T00:49:51.284+0800: 1523942.936: [GC (Allocation Failure) [PSYoungGen: 488640K->8384K(502272K)] 835499K->361061K(1026560K), 0.0265972 secs] [Times: user=0.04 sys=0.04, real=0.02 secs] 
2021-06-01T00:54:48.985+0800: 1524240.637: [GC (Allocation Failure) [PSYoungGen: 489664K->8832K(504832K)] 842341K->368040K(1029120K), 0.0211632 secs] [Times: user=0.04 sys=0.04, real=0.02 secs] 
2021-06-01T00:59:45.429+0800: 1524537.081: [GC (Allocation Failure) [PSYoungGen: 493184K->7808K(503808K)] 852392K->374009K(1028096K), 0.0229911 secs] [Times: user=0.04 sys=0.04, real=0.03 secs] 
2021-06-01T01:04:32.206+0800: 1524823.858: [GC (Allocation Failure) [PSYoungGen: 492160K->7690K(505856K)] 858361K->380662K(1030144K), 0.0220222 secs] [Times: user=0.03 sys=0.04, real=0.02 secs] 
2021-06-01T01:09:32.867+0800: 1525124.519: [GC (Allocation Failure) [PSYoungGen: 494602K->9024K(505344K)] 867574K->387673K(1029632K), 0.0239558 secs] [Times: user=0.03 sys=0.04, real=0.02 secs] 
2021-06-01T01:14:28.171+0800: 1525419.823: [GC (Allocation Failure) [PSYoungGen: 495936K->12192K(505856K)] 874585K->397565K(1030144K), 0.0253269 secs] [Times: user=0.04 sys=0.04, real=0.03 secs] 
2021-06-01T01:19:21.699+0800: 1525713.351: [GC (Allocation Failure) [PSYoungGen: 500640K->10944K(506368K)] 886013K->405496K(1030656K), 0.0215261 secs] [Times: user=0.04 sys=0.04, real=0.02 secs] 
2021-06-01T01:24:23.745+0800: 1526015.397: [GC (Allocation Failure) [PSYoungGen: 499392K->6432K(506880K)] 893944K->409846K(1031168K), 0.0220634 secs] [Times: user=0.03 sys=0.04, real=0.02 secs] 
2021-06-01T01:29:20.867+0800: 1526312.519: [GC (Allocation Failure) [PSYoungGen: 495904K->8768K(506880K)] 899318K->417577K(1031168K), 0.0302720 secs] [Times: user=0.03 sys=0.03, real=0.03 secs] 
2021-06-01T01:34:16.642+0800: 1526608.294: [GC (Allocation Failure) [PSYoungGen: 498240K->8768K(508416K)] 907049K->424524K(1032704K), 0.0246508 secs] [Times: user=0.03 sys=0.03, real=0.02 secs] 
2021-06-01T01:39:14.877+0800: 1526906.529: [GC (Allocation Failure) [PSYoungGen: 500288K->6816K(507392K)] 916044K->429094K(1031680K), 0.0198972 secs] [Times: user=0.03 sys=0.03, real=0.02 secs] 
2021-06-01T01:44:13.125+0800: 1527204.777: [GC (Allocation Failure) [PSYoungGen: 498336K->7616K(508928K)] 920614K->434985K(1033216K), 0.0202926 secs] [Times: user=0.03 sys=0.03, real=0.02 secs] 
2021-06-01T01:49:14.668+0800: 1527506.320: [GC (Allocation Failure) [PSYoungGen: 500672K->7744K(508416K)] 928041K->441204K(1032704K), 0.0221761 secs] [Times: user=0.03 sys=0.04, real=0.02 secs] 
2021-06-01T01:54:09.732+0800: 1527801.384: [GC (Allocation Failure) [PSYoungGen: 500800K->10784K(508416K)] 934260K->449761K(1032704K), 0.0232960 secs] [Times: user=0.07 sys=0.00, real=0.02 secs] 
2021-06-01T01:59:10.617+0800: 1528102.269: [GC (Allocation Failure) [PSYoungGen: 504352K->10272K(508928K)] 943329K->457914K(1033216K), 0.0355534 secs] [Times: user=0.04 sys=0.03, real=0.04 secs] 
2021-06-01T02:04:08.523+0800: 1528400.175: [GC (Allocation Failure) [PSYoungGen: 503840K->6688K(509440K)] 951482K->461850K(1033728K), 0.0285337 secs] [Times: user=0.08 sys=0.00, real=0.02 secs] 
2021-06-01T02:09:08.904+0800: 1528700.556: [GC (Allocation Failure) [PSYoungGen: 501280K->8256K(509440K)] 956442K->468942K(1033728K), 0.0241313 secs] [Times: user=0.03 sys=0.04, real=0.02 secs] 
2021-06-01T02:14:05.746+0800: 1528997.398: [GC (Allocation Failure) [PSYoungGen: 502848K->9408K(510464K)] 963534K->476329K(1034752K), 0.0237220 secs] [Times: user=0.03 sys=0.04, real=0.02 secs] 
2021-06-01T02:19:06.496+0800: 1529298.148: [GC (Allocation Failure) [PSYoungGen: 505536K->8032K(509952K)] 972457K->481459K(1034240K), 0.0216843 secs] [Times: user=0.03 sys=0.04, real=0.02 secs] 
2021-06-01T02:24:09.232+0800: 1529600.884: [GC (Allocation Failure) [PSYoungGen: 504160K->9216K(510976K)] 977587K->489230K(1035264K), 0.0236099 secs] [Times: user=0.04 sys=0.04, real=0.02 secs] 
2021-06-01T02:29:11.921+0800: 1529903.573: [GC (Allocation Failure) [PSYoungGen: 506368K->7936K(510464K)] 986382K->495463K(1034752K), 0.0220449 secs] [Times: user=0.03 sys=0.03, real=0.03 secs] 
2021-06-01T02:34:16.552+0800: 1530208.204: [GC (Allocation Failure) [PSYoungGen: 505088K->8608K(511488K)] 992615K->502627K(1035776K), 0.0470282 secs] [Times: user=0.04 sys=0.04, real=0.04 secs] 
2021-06-01T02:39:21.707+0800: 1530513.359: [GC (Allocation Failure) [PSYoungGen: 506784K->8384K(510976K)] 1000803K->509349K(1035264K), 0.0314067 secs] [Times: user=0.04 sys=0.04, real=0.03 secs] 
2021-06-01T02:44:26.860+0800: 1530818.512: [GC (Allocation Failure) [PSYoungGen: 506560K->8736K(512000K)] 1007525K->515968K(1036288K), 0.0239964 secs] [Times: user=0.03 sys=0.03, real=0.03 secs] 
2021-06-01T02:49:33.776+0800: 1531125.428: [GC (Allocation Failure) [PSYoungGen: 508448K->8864K(512000K)] 1015680K->522938K(1036288K), 0.0381460 secs] [Times: user=0.04 sys=0.03, real=0.04 secs] 
2021-06-01T02:54:36.943+0800: 1531428.595: [GC (Allocation Failure) [PSYoungGen: 508576K->7968K(512512K)] 1022650K->528582K(1036800K), 0.0356771 secs] [Times: user=0.07 sys=0.00, real=0.03 secs] 
2021-06-01T02:54:36.979+0800: 1531428.631: [Full GC (Ergonomics) [PSYoungGen: 7968K->0K(512512K)] [ParOldGen: 520614K->301355K(524288K)] 528582K->301355K(1036800K), [Metaspace: 96918K->96914K(1138688K)], 0.4436840 secs] [Times: user=0.95 sys=0.00, real=0.45 secs] 
2021-06-01T02:59:42.865+0800: 1531734.517: [GC (Allocation Failure) [PSYoungGen: 500736K->8544K(512512K)] 802091K->309899K(1036800K), 0.0190773 secs] [Times: user=0.03 sys=0.03, real=0.02 secs] 
2021-06-01T03:04:52.199+0800: 1532043.851: [GC (Allocation Failure) [PSYoungGen: 509280K->6880K(513024K)] 810635K->314862K(1037312K), 0.0204449 secs] [Times: user=0.03 sys=0.03, real=0.02 secs] 
2021-06-01T03:09:58.515+0800: 1532350.167: [GC (Allocation Failure) [PSYoungGen: 508640K->9216K(513024K)] 816622K->321987K(1037312K), 0.0240843 secs] [Times: user=0.04 sys=0.04, real=0.02 secs] 
2021-06-01T03:15:01.569+0800: 1532653.221: [GC (Allocation Failure) [PSYoungGen: 510976K->9344K(513024K)] 823747K->329541K(1037312K), 0.0246990 secs] [Times: user=0.03 sys=0.03, real=0.03 secs] 
2021-06-01T03:20:02.332+0800: 1532953.984: [GC (Allocation Failure) [PSYoungGen: 511104K->10208K(512000K)] 831301K->336514K(1036288K), 0.0507425 secs] [Times: user=0.03 sys=0.05, real=0.06 secs] 
2021-06-01T03:25:04.658+0800: 1533256.310: [GC (Allocation Failure) [PSYoungGen: 511968K->8832K(512512K)] 838274K->342979K(1036800K), 0.0302810 secs] [Times: user=0.04 sys=0.04, real=0.03 secs] 
2021-06-01T03:30:08.517+0800: 1533560.169: [GC (Allocation Failure) [PSYoungGen: 509568K->8128K(512512K)] 843715K->349109K(1036800K), 0.0249010 secs] [Times: user=0.03 sys=0.04, real=0.03 secs] 
2021-06-01T03:35:17.080+0800: 1533868.732: [GC (Allocation Failure) [PSYoungGen: 508864K->8128K(513024K)] 849845K->355383K(1037312K), 0.0235438 secs] [Times: user=0.03 sys=0.04, real=0.03 secs] 
2021-06-01T03:40:20.036+0800: 1534171.688: [GC (Allocation Failure) [PSYoungGen: 509888K->8672K(513024K)] 857143K->362450K(1037312K), 0.0283292 secs] [Times: user=0.04 sys=0.04, real=0.03 secs] 
2021-06-01T03:45:20.398+0800: 1534472.050: [GC (Allocation Failure) [PSYoungGen: 510432K->9440K(513024K)] 864210K->369509K(1037312K), 0.0228045 secs] [Times: user=0.03 sys=0.04, real=0.02 secs] 
2021-06-01T03:50:24.261+0800: 1534775.913: [GC (Allocation Failure) [PSYoungGen: 511200K->5632K(513024K)] 871269K->373438K(1037312K), 0.0208399 secs] [Times: user=0.03 sys=0.03, real=0.03 secs] 
2021-06-01T03:55:26.939+0800: 1535078.591: [GC (Allocation Failure) [PSYoungGen: 507392K->10688K(512000K)] 875198K->382491K(1036288K), 0.0292579 secs] [Times: user=0.03 sys=0.04, real=0.03 secs] 
2021-06-01T04:00:32.079+0800: 1535383.731: [GC (Allocation Failure) [PSYoungGen: 511424K->8224K(512512K)] 883227K->387772K(1036800K), 0.0229519 secs] [Times: user=0.03 sys=0.04, real=0.02 secs] 
2021-06-01T04:05:34.482+0800: 1535686.134: [GC (Allocation Failure) [PSYoungGen: 508960K->11360K(511488K)] 888508K->397662K(1035776K), 0.0291087 secs] [Times: user=0.04 sys=0.04, real=0.03 secs] 
2021-06-01T04:10:37.129+0800: 1535988.781: [GC (Allocation Failure) [PSYoungGen: 511064K->7872K(512000K)] 897366K->402527K(1036288K), 0.0294119 secs] [Times: user=0.05 sys=0.04, real=0.03 secs] 
2021-06-01T04:15:40.199+0800: 1536291.851: [GC (Allocation Failure) [PSYoungGen: 507584K->6624K(512000K)] 902239K->407164K(1036288K), 0.0278323 secs] [Times: user=0.03 sys=0.05, real=0.03 secs] 
2021-06-01T04:20:48.135+0800: 1536599.787: [GC (Allocation Failure) [PSYoungGen: 506336K->5248K(505344K)] 906876K->410815K(1029632K), 0.0286712 secs] [Times: user=0.04 sys=0.04, real=0.03 secs] 
2021-06-01T04:25:49.486+0800: 1536901.138: [GC (Allocation Failure) [PSYoungGen: 504960K->7968K(512000K)] 910527K->417132K(1036288K), 0.0235509 secs] [Times: user=0.03 sys=0.03, real=0.02 secs] 
2021-06-01T04:30:50.524+0800: 1537202.176: [GC (Allocation Failure) [PSYoungGen: 507168K->9760K(511488K)] 916332K->425119K(1035776K), 0.0284016 secs] [Times: user=0.04 sys=0.03, real=0.03 secs] 
2021-06-01T04:35:57.749+0800: 1537509.401: [GC (Allocation Failure) [PSYoungGen: 508960K->7264K(512000K)] 924319K->430640K(1036288K), 0.0366647 secs] [Times: user=0.04 sys=0.04, real=0.04 secs] 
2021-06-01T04:41:02.468+0800: 1537814.120: [GC (Allocation Failure) [PSYoungGen: 506976K->8704K(512000K)] 930352K->437380K(1036288K), 0.0352091 secs] [Times: user=0.05 sys=0.06, real=0.04 secs] 
2021-06-01T04:46:07.629+0800: 1538119.281: [GC (Allocation Failure) [PSYoungGen: 508416K->8224K(512512K)] 937092K->443501K(1036800K), 0.0266961 secs] [Times: user=0.04 sys=0.04, real=0.03 secs] 
2021-06-01T04:51:13.381+0800: 1538425.033: [GC (Allocation Failure) [PSYoungGen: 508960K->9568K(512512K)] 944237K->451328K(1036800K), 0.0676701 secs] [Times: user=0.04 sys=0.04, real=0.07 secs] 
2021-06-01T04:56:19.757+0800: 1538731.409: [GC (Allocation Failure) [PSYoungGen: 510304K->7712K(512512K)] 952064K->456570K(1036800K), 0.0281665 secs] [Times: user=0.03 sys=0.04, real=0.03 secs] 
2021-06-01T05:01:21.933+0800: 1539033.585: [GC (Allocation Failure) [PSYoungGen: 508448K->8832K(512512K)] 957306K->464189K(1036800K), 0.0229542 secs] [Times: user=0.03 sys=0.04, real=0.02 secs] 
2021-06-01T05:06:28.779+0800: 1539340.431: [GC (Allocation Failure) [PSYoungGen: 509568K->10048K(512512K)] 964925K->471633K(1036800K), 0.0261543 secs] [Times: user=0.04 sys=0.04, real=0.03 secs] 
2021-06-01T05:11:37.559+0800: 1539649.211: [GC (Allocation Failure) [PSYoungGen: 510784K->7360K(512512K)] 972369K->477089K(1036800K), 0.0221853 secs] [Times: user=0.03 sys=0.03, real=0.02 secs] 
2021-06-01T05:16:40.729+0800: 1539952.382: [GC (Allocation Failure) [PSYoungGen: 508096K->6880K(512512K)] 977825K->482317K(1036800K), 0.0250556 secs] [Times: user=0.03 sys=0.04, real=0.03 secs] 
2021-06-01T05:21:43.826+0800: 1540255.478: [GC (Allocation Failure) [PSYoungGen: 507616K->11744K(512512K)] 983053K->493802K(1036800K), 0.0629919 secs] [Times: user=0.03 sys=0.03, real=0.06 secs] 
2021-06-01T05:26:49.827+0800: 1540561.479: [GC (Allocation Failure) [PSYoungGen: 512480K->9568K(506368K)] 994538K->501603K(1030656K), 0.0514133 secs] [Times: user=0.03 sys=0.03, real=0.05 secs] 
2021-06-01T05:31:54.051+0800: 1540865.703: [GC (Allocation Failure) [PSYoungGen: 504160K->8608K(509440K)] 996195K->508541K(1033728K), 0.0785657 secs] [Times: user=0.04 sys=0.05, real=0.08 secs] 
2021-06-01T05:36:55.385+0800: 1541167.037: [GC (Allocation Failure) [PSYoungGen: 503200K->7840K(510464K)] 1003133K->514870K(1034752K), 0.0223250 secs] [Times: user=0.04 sys=0.04, real=0.02 secs] 
2021-06-01T05:42:02.268+0800: 1541473.920: [GC (Allocation Failure) [PSYoungGen: 503968K->7104K(509952K)] 1010998K->520361K(1034240K), 0.0229084 secs] [Times: user=0.07 sys=0.00, real=0.02 secs] 
2021-06-01T05:47:07.876+0800: 1541779.528: [GC (Allocation Failure) [PSYoungGen: 503232K->9440K(510464K)] 1016489K->528269K(1034752K), 0.0309526 secs] [Times: user=0.08 sys=0.00, real=0.03 secs] 
2021-06-01T05:47:07.908+0800: 1541779.560: [Full GC (Ergonomics) [PSYoungGen: 9440K->0K(510464K)] [ParOldGen: 518829K->299302K(524288K)] 528269K->299302K(1034752K), [Metaspace: 96918K->96918K(1138688K)], 0.4073050 secs] [Times: user=0.94 sys=0.00, real=0.41 secs] 
2021-06-01T05:52:11.754+0800: 1542083.406: [GC (Allocation Failure) [PSYoungGen: 496640K->8224K(510464K)] 795942K->307526K(1034752K), 0.0182677 secs] [Times: user=0.03 sys=0.03, real=0.01 secs] 
2021-06-01T05:57:14.589+0800: 1542386.241: [GC (Allocation Failure) [PSYoungGen: 504864K->9664K(510976K)] 804166K->316136K(1035264K), 0.0259729 secs] [Times: user=0.04 sys=0.04, real=0.03 secs] 
2021-06-01T06:02:18.839+0800: 1542690.491: [GC (Allocation Failure) [PSYoungGen: 507328K->8544K(510976K)] 813800K->322651K(1035264K), 0.0206566 secs] [Times: user=0.03 sys=0.03, real=0.02 secs] 
2021-06-01T06:07:19.733+0800: 1542991.385: [GC (Allocation Failure) [PSYoungGen: 506208K->9632K(511488K)] 820315K->330430K(1035776K), 0.0203893 secs] [Times: user=0.03 sys=0.03, real=0.02 secs] 
2021-06-01T06:12:29.760+0800: 1543301.412: [GC (Allocation Failure) [PSYoungGen: 508320K->7808K(511488K)] 829118K->336566K(1035776K), 0.0255019 secs] [Times: user=0.03 sys=0.03, real=0.03 secs] 
2021-06-01T06:17:34.710+0800: 1543606.362: [GC (Allocation Failure) [PSYoungGen: 506496K->8000K(512000K)] 835254K->343035K(1036288K), 0.0693536 secs] [Times: user=0.05 sys=0.05, real=0.07 secs] 
2021-06-01T06:22:41.243+0800: 1543912.895: [GC (Allocation Failure) [PSYoungGen: 507200K->7712K(511488K)] 842235K->349533K(1035776K), 0.0360057 secs] [Times: user=0.03 sys=0.04, real=0.03 secs] 
2021-06-01T06:27:45.658+0800: 1544217.311: [GC (Allocation Failure) [PSYoungGen: 506912K->9696K(512000K)] 848733K->357633K(1036288K), 0.0296498 secs] [Times: user=0.05 sys=0.05, real=0.03 secs] 
2021-06-01T06:32:54.936+0800: 1544526.588: [GC (Allocation Failure) [PSYoungGen: 509408K->8704K(512000K)] 857345K->364339K(1036288K), 0.0390356 secs] [Times: user=0.08 sys=0.00, real=0.04 secs] 
2021-06-01T06:38:04.979+0800: 1544836.631: [GC (Allocation Failure) [PSYoungGen: 508414K->7552K(512512K)] 864049K->369957K(1036800K), 0.0602144 secs] [Times: user=0.04 sys=0.05, real=0.06 secs] 
2021-06-01T06:43:10.057+0800: 1545141.709: [GC (Allocation Failure) [PSYoungGen: 508288K->8704K(512512K)] 870693K->377439K(1036800K), 0.0801410 secs] [Times: user=0.05 sys=0.06, real=0.08 secs] 
2021-06-01T06:48:15.276+0800: 1545446.928: [GC (Allocation Failure) [PSYoungGen: 509440K->9184K(512512K)] 878175K->384937K(1036800K), 0.0282420 secs] [Times: user=0.04 sys=0.04, real=0.03 secs] 
2021-06-01T06:53:21.523+0800: 1545753.175: [GC (Allocation Failure) [PSYoungGen: 509920K->7616K(512512K)] 885673K->390388K(1036800K), 0.0767048 secs] [Times: user=0.04 sys=0.04, real=0.07 secs] 
2021-06-01T06:58:25.419+0800: 1546057.071: [GC (Allocation Failure) [PSYoungGen: 508352K->10400K(512000K)] 891124K->398952K(1036288K), 0.0642523 secs] [Times: user=0.03 sys=0.04, real=0.07 secs] 
2021-06-01T07:03:25.421+0800: 1546357.074: [GC (Allocation Failure) [PSYoungGen: 511136K->7658K(512512K)] 899688K->404283K(1036800K), 0.0326321 secs] [Times: user=0.04 sys=0.04, real=0.04 secs] 
2021-06-01T07:08:33.115+0800: 1546664.767: [GC (Allocation Failure) [PSYoungGen: 508394K->7936K(512512K)] 905019K->410679K(1036800K), 0.0249024 secs] [Times: user=0.03 sys=0.04, real=0.02 secs] 
2021-06-01T07:13:35.621+0800: 1546967.274: [GC (Allocation Failure) [PSYoungGen: 508672K->9824K(512512K)] 911415K->418795K(1036800K), 0.0325765 secs] [Times: user=0.03 sys=0.05, real=0.04 secs] 
2021-06-01T07:18:40.743+0800: 1547272.395: [GC (Allocation Failure) [PSYoungGen: 510560K->8864K(512512K)] 919531K->425605K(1036800K), 0.0332497 secs] [Times: user=0.07 sys=0.00, real=0.03 secs] 
2021-06-01T07:23:45.471+0800: 1547577.123: [GC (Allocation Failure) [PSYoungGen: 509600K->9600K(512512K)] 926341K->433119K(1036800K), 0.0491207 secs] [Times: user=0.04 sys=0.04, real=0.05 secs] 
2021-06-01T07:28:49.365+0800: 1547881.017: [GC (Allocation Failure) [PSYoungGen: 510274K->10880K(511488K)] 933794K->442498K(1035776K), 0.0309090 secs] [Times: user=0.05 sys=0.04, real=0.03 secs] 
2021-06-01T07:33:50.680+0800: 1548182.332: [GC (Allocation Failure) [PSYoungGen: 510592K->9024K(512000K)] 942210K->448780K(1036288K), 0.0483219 secs] [Times: user=0.04 sys=0.04, real=0.05 secs] 
2021-06-01T07:38:53.522+0800: 1548485.174: [GC (Allocation Failure) [PSYoungGen: 508736K->11616K(510464K)] 948492K->458225K(1034752K), 0.0316898 secs] [Times: user=0.04 sys=0.05, real=0.04 secs] 
2021-06-01T07:43:55.854+0800: 1548787.506: [GC (Allocation Failure) [PSYoungGen: 510304K->8576K(511488K)] 956913K->463578K(1035776K), 0.0295824 secs] [Times: user=0.04 sys=0.04, real=0.03 secs] 
2021-06-01T07:48:57.919+0800: 1549089.571: [GC (Allocation Failure) [PSYoungGen: 507263K->9600K(512000K)] 962266K->470838K(1036288K), 0.0286220 secs] [Times: user=0.05 sys=0.04, real=0.03 secs] 
2021-06-01T07:54:02.890+0800: 1549394.542: [GC (Allocation Failure) [PSYoungGen: 509312K->9120K(512000K)] 970550K->478288K(1036288K), 0.0242501 secs] [Times: user=0.03 sys=0.04, real=0.03 secs] 
2021-06-01T07:59:06.123+0800: 1549697.775: [GC (Allocation Failure) [PSYoungGen: 508832K->8736K(512512K)] 978000K->485138K(1036800K), 0.0783225 secs] [Times: user=0.04 sys=0.04, real=0.07 secs] 
2021-06-01T08:04:11.831+0800: 1550003.483: [GC (Allocation Failure) [PSYoungGen: 509472K->8352K(512512K)] 985874K->491725K(1036800K), 0.0270918 secs] [Times: user=0.03 sys=0.04, real=0.03 secs] 
2021-06-01T08:09:18.276+0800: 1550309.928: [GC (Allocation Failure) [PSYoungGen: 509088K->8416K(512512K)] 992461K->498016K(1036800K), 0.0289695 secs] [Times: user=0.04 sys=0.04, real=0.03 secs] 
2021-06-01T08:14:23.689+0800: 1550615.341: [GC (Allocation Failure) [PSYoungGen: 509152K->6400K(512512K)] 998752K->502068K(1036800K), 0.0241097 secs] [Times: user=0.04 sys=0.04, real=0.03 secs] 
2021-06-01T08:19:24.261+0800: 1550915.913: [GC (Allocation Failure) [PSYoungGen: 507136K->8448K(512512K)] 1002804K->508735K(1036800K), 0.0275525 secs] [Times: user=0.04 sys=0.04, real=0.03 secs] 
2021-06-01T08:24:26.671+0800: 1551218.323: [GC (Allocation Failure) [PSYoungGen: 509184K->8544K(512512K)] 1009471K->514275K(1036800K), 0.0240582 secs] [Times: user=0.04 sys=0.04, real=0.03 secs] 
2021-06-01T08:29:31.701+0800: 1551523.353: [GC (Allocation Failure) [PSYoungGen: 509280K->9312K(513024K)] 1015011K->522045K(1037312K), 0.0293001 secs] [Times: user=0.04 sys=0.04, real=0.03 secs] 
2021-06-01T08:34:40.347+0800: 1551831.999: [GC (Allocation Failure) [PSYoungGen: 511072K->8256K(513024K)] 1023805K->528424K(1037312K), 0.0298113 secs] [Times: user=0.05 sys=0.05, real=0.03 secs] 
2021-06-01T08:34:40.377+0800: 1551832.029: [Full GC (Ergonomics) [PSYoungGen: 8256K->0K(513024K)] [ParOldGen: 520168K->303084K(524288K)] 528424K->303084K(1037312K), [Metaspace: 96918K->96918K(1138688K)], 0.6068964 secs] [Times: user=1.23 sys=0.00, real=0.61 secs] 
2021-06-01T08:39:44.472+0800: 1552136.124: [GC (Allocation Failure) [PSYoungGen: 501760K->8192K(513024K)] 804844K->311277K(1037312K), 0.0214646 secs] [Times: user=0.02 sys=0.03, real=0.03 secs] 
2021-06-01T08:44:51.945+0800: 1552443.597: [GC (Allocation Failure) [PSYoungGen: 509952K->7808K(513024K)] 813037K->317335K(1037312K), 0.0330935 secs] [Times: user=0.04 sys=0.04, real=0.03 secs] 
2021-06-01T08:49:52.415+0800: 1552744.067: [GC (Allocation Failure) [PSYoungGen: 509568K->7456K(513536K)] 819095K->323089K(1037824K), 0.0274449 secs] [Times: user=0.08 sys=0.00, real=0.03 secs] 
2021-06-01T08:54:59.584+0800: 1553051.236: [GC (Allocation Failure) [PSYoungGen: 510240K->7744K(513536K)] 825873K->329189K(1037824K), 0.0271317 secs] [Times: user=0.09 sys=0.00, real=0.02 secs] 
2021-06-01T09:00:06.441+0800: 1553358.093: [GC (Allocation Failure) [PSYoungGen: 510528K->10208K(512512K)] 831973K->337697K(1036800K), 0.0330985 secs] [Times: user=0.08 sys=0.00, real=0.04 secs] 
2021-06-01T09:05:11.004+0800: 1553662.656: [GC (Allocation Failure) [PSYoungGen: 511968K->8448K(513024K)] 839457K->344067K(1037312K), 0.0252298 secs] [Times: user=0.04 sys=0.04, real=0.02 secs] 
2021-06-01T09:10:15.643+0800: 1553967.295: [GC (Allocation Failure) [PSYoungGen: 510208K->11232K(505856K)] 845827K->354624K(1030144K), 0.0310447 secs] [Times: user=0.04 sys=0.04, real=0.03 secs] 
2021-06-01T09:15:09.440+0800: 1554261.092: [GC (Allocation Failure) [PSYoungGen: 505824K->11904K(509440K)] 849216K->363874K(1033728K), 0.0249112 secs] [Times: user=0.04 sys=0.04, real=0.03 secs] 
2021-06-01T09:19:50.998+0800: 1554542.650: [GC (Allocation Failure) [PSYoungGen: 506496K->13792K(507392K)] 858466K->374021K(1031680K), 0.0287686 secs] [Times: user=0.04 sys=0.04, real=0.03 secs] 
2021-06-01T09:24:36.122+0800: 1554827.774: [GC (Allocation Failure) [PSYoungGen: 506336K->11392K(508416K)] 866565K->381789K(1032704K), 0.0288996 secs] [Times: user=0.03 sys=0.05, real=0.02 secs] 
2021-06-01T09:29:11.375+0800: 1555103.027: [GC (Allocation Failure) [PSYoungGen: 503936K->14080K(506368K)] 874333K->391826K(1030656K), 0.0334282 secs] [Times: user=0.10 sys=0.00, real=0.03 secs] 
2021-06-01T09:33:52.150+0800: 1555383.802: [GC (Allocation Failure) [PSYoungGen: 504576K->11104K(507392K)] 882322K->398100K(1031680K), 0.0347669 secs] [Times: user=0.05 sys=0.05, real=0.04 secs] 
2021-06-01T09:38:27.778+0800: 1555659.430: [GC (Allocation Failure) [PSYoungGen: 501600K->11008K(508416K)] 888596K->406295K(1032704K), 0.0321556 secs] [Times: user=0.03 sys=0.04, real=0.03 secs] 
2021-06-01T09:42:49.888+0800: 1555921.540: [GC (Allocation Failure) [PSYoungGen: 503040K->10016K(507904K)] 898327K->414304K(1032192K), 0.0289766 secs] [Times: user=0.04 sys=0.04, real=0.03 secs] 
2021-06-01T09:47:20.146+0800: 1556191.798: [GC (Allocation Failure) [PSYoungGen: 502048K->7968K(508928K)] 906336K->420154K(1033216K), 0.0298198 secs] [Times: user=0.03 sys=0.04, real=0.03 secs] 
2021-06-01T09:51:56.884+0800: 1556468.536: [GC (Allocation Failure) [PSYoungGen: 501536K->8352K(508928K)] 913722K->426949K(1033216K), 0.0245602 secs] [Times: user=0.04 sys=0.04, real=0.02 secs] 
2021-06-01T09:56:27.789+0800: 1556739.441: [GC (Allocation Failure) [PSYoungGen: 501920K->10240K(509440K)] 920517K->434929K(1033728K), 0.0247362 secs] [Times: user=0.04 sys=0.04, real=0.03 secs] 
2021-06-01T10:01:02.865+0800: 1557014.517: [GC (Allocation Failure) [PSYoungGen: 504320K->7072K(508928K)] 929009K->440105K(1033216K), 0.0269414 secs] [Times: user=0.04 sys=0.04, real=0.03 secs] 
2021-06-01T10:05:38.082+0800: 1557289.734: [GC (Allocation Failure) [PSYoungGen: 501152K->9696K(509952K)] 934185K->448213K(1034240K), 0.0249087 secs] [Times: user=0.08 sys=0.00, real=0.03 secs] 
2021-06-01T10:10:15.035+0800: 1557566.687: [GC (Allocation Failure) [PSYoungGen: 504800K->11232K(509440K)] 943317K->456600K(1033728K), 0.0252289 secs] [Times: user=0.04 sys=0.03, real=0.02 secs] 
2021-06-01T10:14:51.122+0800: 1557842.774: [GC (Allocation Failure) [PSYoungGen: 506336K->10560K(509952K)] 951704K->463723K(1034240K), 0.0251509 secs] [Times: user=0.03 sys=0.05, real=0.03 secs] 
2021-06-01T10:19:27.047+0800: 1558118.699: [GC (Allocation Failure) [PSYoungGen: 505664K->8064K(509440K)] 958827K->469092K(1033728K), 0.0289490 secs] [Times: user=0.04 sys=0.05, real=0.03 secs] 
2021-06-01T10:24:00.049+0800: 1558391.701: [GC (Allocation Failure) [PSYoungGen: 503168K->9536K(510464K)] 964196K->476534K(1034752K), 0.0279029 secs] [Times: user=0.03 sys=0.04, real=0.03 secs] 
2021-06-01T10:28:36.361+0800: 1558668.013: [GC (Allocation Failure) [PSYoungGen: 505664K->9888K(509952K)] 972662K->483745K(1034240K), 0.0290846 secs] [Times: user=0.04 sys=0.04, real=0.03 secs] 
2021-06-01T10:33:11.286+0800: 1558942.938: [GC (Allocation Failure) [PSYoungGen: 506016K->9440K(510976K)] 979873K->491756K(1035264K), 0.0285921 secs] [Times: user=0.09 sys=0.00, real=0.03 secs] 
2021-06-01T10:37:46.355+0800: 1559218.007: [GC (Allocation Failure) [PSYoungGen: 506592K->11968K(510464K)] 988908K->502095K(1034752K), 0.0351908 secs] [Times: user=0.04 sys=0.04, real=0.03 secs] 
2021-06-01T10:42:22.462+0800: 1559494.115: [GC (Allocation Failure) [PSYoungGen: 509120K->9504K(510976K)] 999247K->507898K(1035264K), 0.0339283 secs] [Times: user=0.04 sys=0.03, real=0.03 secs] 
2021-06-01T10:46:59.871+0800: 1559771.523: [GC (Allocation Failure) [PSYoungGen: 506656K->9952K(510464K)] 1005050K->516459K(1034752K), 0.0306352 secs] [Times: user=0.04 sys=0.05, real=0.03 secs] 
2021-06-01T10:51:33.422+0800: 1560045.074: [GC (Allocation Failure) [PSYoungGen: 507104K->10656K(510976K)] 1013611K->523944K(1035264K), 0.0198956 secs] [Times: user=0.03 sys=0.04, real=0.02 secs] 
2021-06-01T10:55:58.671+0800: 1560310.323: [GC (Allocation Failure) [PSYoungGen: 508320K->10336K(510976K)] 1021608K->531780K(1035264K), 0.0249837 secs] [Times: user=0.04 sys=0.04, real=0.03 secs] 
2021-06-01T10:55:58.696+0800: 1560310.348: [Full GC (Ergonomics) [PSYoungGen: 10336K->0K(510976K)] [ParOldGen: 521444K->305936K(524288K)] 531780K->305936K(1035264K), [Metaspace: 96979K->96979K(1138688K)], 0.5111473 secs] [Times: user=1.08 sys=0.00, real=0.51 secs] 
2021-06-01T11:00:23.098+0800: 1560574.750: [GC (Allocation Failure) [PSYoungGen: 497664K->12640K(509440K)] 803600K->318576K(1033728K), 0.0220227 secs] [Times: user=0.03 sys=0.03, real=0.02 secs] 
2021-06-01T11:04:48.365+0800: 1560840.017: [GC (Allocation Failure) [PSYoungGen: 509280K->12032K(510464K)] 815216K->327729K(1034752K), 0.0249890 secs] [Times: user=0.03 sys=0.04, real=0.02 secs] 
2021-06-01T11:09:11.629+0800: 1561103.281: [GC (Allocation Failure) [PSYoungGen: 508672K->11840K(509440K)] 824369K->335748K(1033728K), 0.0256840 secs] [Times: user=0.04 sys=0.04, real=0.03 secs] 
2021-06-01T11:13:32.517+0800: 1561364.169: [GC (Allocation Failure) [PSYoungGen: 507456K->10304K(509952K)] 831364K->342631K(1034240K), 0.0253301 secs] [Times: user=0.03 sys=0.03, real=0.03 secs] 
2021-06-01T11:17:59.437+0800: 1561631.089: [GC (Allocation Failure) [PSYoungGen: 505920K->10496K(510464K)] 838247K->350945K(1034752K), 0.0230129 secs] [Times: user=0.03 sys=0.03, real=0.02 secs] 
2021-06-01T11:22:20.560+0800: 1561892.212: [GC (Allocation Failure) [PSYoungGen: 507136K->9984K(510464K)] 847585K->358395K(1034752K), 0.0264065 secs] [Times: user=0.03 sys=0.03, real=0.03 secs] 
2021-06-01T11:26:43.873+0800: 1562155.525: [GC (Allocation Failure) [PSYoungGen: 506624K->11712K(509952K)] 855035K->367647K(1034240K), 0.0580817 secs] [Times: user=0.04 sys=0.03, real=0.05 secs] 
2021-06-01T11:31:08.596+0800: 1562420.248: [GC (Allocation Failure) [PSYoungGen: 508352K->8704K(510464K)] 864287K->373648K(1034752K), 0.0236839 secs] [Times: user=0.03 sys=0.04, real=0.02 secs] 
2021-06-01T11:35:34.219+0800: 1562685.871: [GC (Allocation Failure) [PSYoungGen: 505344K->8416K(510464K)] 870288K->380035K(1034752K), 0.0322814 secs] [Times: user=0.03 sys=0.04, real=0.03 secs] 
2021-06-01T11:39:55.080+0800: 1562946.732: [GC (Allocation Failure) [PSYoungGen: 505056K->11264K(510464K)] 876675K->388976K(1034752K), 0.0240680 secs] [Times: user=0.03 sys=0.04, real=0.03 secs] 
2021-06-01T11:44:18.539+0800: 1563210.191: [GC (Allocation Failure) [PSYoungGen: 507904K->11744K(510464K)] 885616K->398122K(1034752K), 0.0246522 secs] [Times: user=0.03 sys=0.04, real=0.03 secs] 
2021-06-01T11:48:45.129+0800: 1563476.781: [GC (Allocation Failure) [PSYoungGen: 508384K->11200K(510464K)] 894762K->406116K(1034752K), 0.0230854 secs] [Times: user=0.03 sys=0.04, real=0.02 secs] 
2021-06-01T11:53:04.539+0800: 1563736.191: [GC (Allocation Failure) [PSYoungGen: 507840K->11520K(510464K)] 902756K->415384K(1034752K), 0.0262562 secs] [Times: user=0.03 sys=0.03, real=0.03 secs] 
2021-06-01T11:57:29.492+0800: 1564001.144: [GC (Allocation Failure) [PSYoungGen: 508160K->10496K(510464K)] 912024K->423283K(1034752K), 0.0265943 secs] [Times: user=0.03 sys=0.04, real=0.03 secs] 
2021-06-01T12:01:51.808+0800: 1564263.460: [GC (Allocation Failure) [PSYoungGen: 507129K->11488K(510464K)] 919916K->432180K(1034752K), 0.0245457 secs] [Times: user=0.04 sys=0.04, real=0.03 secs] 
2021-06-01T12:06:16.273+0800: 1564527.925: [GC (Allocation Failure) [PSYoungGen: 508128K->8928K(510464K)] 928820K->438180K(1034752K), 0.0246508 secs] [Times: user=0.03 sys=0.03, real=0.02 secs] 
2021-06-01T12:10:41.826+0800: 1564793.478: [GC (Allocation Failure) [PSYoungGen: 505568K->9792K(510464K)] 934820K->445768K(1034752K), 0.0301409 secs] [Times: user=0.04 sys=0.04, real=0.03 secs] 
2021-06-01T12:15:00.985+0800: 1565052.637: [GC (Allocation Failure) [PSYoungGen: 506432K->8256K(510464K)] 942408K->452028K(1034752K), 0.0269206 secs] [Times: user=0.04 sys=0.04, real=0.02 secs] 
2021-06-01T12:19:27.211+0800: 1565318.863: [GC (Allocation Failure) [PSYoungGen: 504896K->9472K(510976K)] 948668K->458887K(1035264K), 0.0271497 secs] [Times: user=0.04 sys=0.04, real=0.03 secs] 
2021-06-01T12:23:56.003+0800: 1565587.655: [GC (Allocation Failure) [PSYoungGen: 506624K->12800K(510464K)] 956039K->469730K(1034752K), 0.0373092 secs] [Times: user=0.05 sys=0.05, real=0.03 secs] 
2021-06-01T12:28:18.073+0800: 1565849.725: [GC (Allocation Failure) [PSYoungGen: 509952K->12768K(508416K)] 966882K->479074K(1032704K), 0.0281789 secs] [Times: user=0.05 sys=0.04, real=0.02 secs] 
2021-06-01T12:32:36.748+0800: 1566108.400: [GC (Allocation Failure) [PSYoungGen: 507360K->12448K(509440K)] 973666K->488596K(1033728K), 0.0274729 secs] [Times: user=0.04 sys=0.04, real=0.03 secs] 
2021-06-01T12:37:00.011+0800: 1566371.663: [GC (Allocation Failure) [PSYoungGen: 507040K->11520K(509440K)] 983188K->496127K(1033728K), 0.0387113 secs] [Times: user=0.04 sys=0.05, real=0.04 secs] 
2021-06-01T12:41:21.922+0800: 1566633.574: [GC (Allocation Failure) [PSYoungGen: 506112K->9856K(509440K)] 990719K->503193K(1033728K), 0.0243022 secs] [Times: user=0.04 sys=0.04, real=0.03 secs] 
2021-06-01T12:45:45.246+0800: 1566896.898: [GC (Allocation Failure) [PSYoungGen: 504448K->11296K(509952K)] 997785K->512731K(1034240K), 0.0950622 secs] [Times: user=0.05 sys=0.05, real=0.09 secs] 
2021-06-01T12:50:07.473+0800: 1567159.125: [GC (Allocation Failure) [PSYoungGen: 506400K->12288K(509440K)] 1007835K->521797K(1033728K), 0.0276596 secs] [Times: user=0.04 sys=0.04, real=0.02 secs] 
2021-06-01T12:54:28.582+0800: 1567420.234: [GC (Allocation Failure) [PSYoungGen: 507392K->8608K(509440K)] 1016901K->527501K(1033728K), 0.0242219 secs] [Times: user=0.08 sys=0.00, real=0.03 secs] 
2021-06-01T12:54:28.606+0800: 1567420.259: [Full GC (Ergonomics) [PSYoungGen: 8608K->0K(509440K)] [ParOldGen: 518893K->305448K(524288K)] 527501K->305448K(1033728K), [Metaspace: 96981K->96981K(1138688K)], 0.5287597 secs] [Times: user=1.14 sys=0.00, real=0.53 secs] 
2021-06-01T12:58:49.347+0800: 1567680.999: [GC (Allocation Failure) [PSYoungGen: 494592K->10592K(509440K)] 800040K->316040K(1033728K), 0.0281992 secs] [Times: user=0.06 sys=0.00, real=0.03 secs] 
2021-06-01T13:03:04.081+0800: 1567935.733: [GC (Allocation Failure) [PSYoungGen: 505184K->11210K(509952K)] 810632K->325006K(1034240K), 0.0518097 secs] [Times: user=0.04 sys=0.04, real=0.06 secs] 
2021-06-01T13:07:24.770+0800: 1568196.422: [GC (Allocation Failure) [PSYoungGen: 506826K->10592K(509952K)] 820622K->333520K(1034240K), 0.0292822 secs] [Times: user=0.04 sys=0.04, real=0.03 secs] 
2021-06-01T13:11:50.470+0800: 1568462.122: [GC (Allocation Failure) [PSYoungGen: 506208K->13792K(502272K)] 829136K->344620K(1026560K), 0.0266896 secs] [Times: user=0.03 sys=0.05, real=0.03 secs] 
2021-06-01T13:16:05.898+0800: 1568717.550: [GC (Allocation Failure) [PSYoungGen: 502240K->11488K(506368K)] 833068K->352428K(1030656K), 0.0536343 secs] [Times: user=0.04 sys=0.04, real=0.05 secs] 
2021-06-01T13:20:29.284+0800: 1568980.936: [GC (Allocation Failure) [PSYoungGen: 499936K->6496K(506880K)] 840876K->356531K(1031168K), 0.0267159 secs] [Times: user=0.04 sys=0.04, real=0.02 secs] 
2021-06-01T13:24:46.920+0800: 1569238.572: [GC (Allocation Failure) [PSYoungGen: 495968K->12960K(506880K)] 846003K->367465K(1031168K), 0.0354132 secs] [Times: user=0.04 sys=0.05, real=0.04 secs] 
2021-06-01T13:29:02.502+0800: 1569494.154: [GC (Allocation Failure) [PSYoungGen: 502432K->11072K(507392K)] 856937K->375428K(1031680K), 0.0468981 secs] [Times: user=0.04 sys=0.05, real=0.05 secs] 
2021-06-01T13:33:19.038+0800: 1569750.690: [GC (Allocation Failure) [PSYoungGen: 501056K->12160K(506880K)] 865412K->385701K(1031168K), 0.0448795 secs] [Times: user=0.05 sys=0.05, real=0.05 secs] 
2021-06-01T13:37:38.677+0800: 1570010.329: [GC (Allocation Failure) [PSYoungGen: 502144K->10272K(507904K)] 875685K->392641K(1032192K), 0.0296555 secs] [Times: user=0.04 sys=0.05, real=0.03 secs] 
2021-06-01T13:41:58.225+0800: 1570269.877: [GC (Allocation Failure) [PSYoungGen: 501280K->14080K(507392K)] 883649K->404870K(1031680K), 0.0273236 secs] [Times: user=0.04 sys=0.04, real=0.03 secs] 
2021-06-01T13:46:19.578+0800: 1570531.230: [GC (Allocation Failure) [PSYoungGen: 505088K->6912K(506368K)] 895878K->408299K(1030656K), 0.0260400 secs] [Times: user=0.03 sys=0.04, real=0.03 secs] 
2021-06-01T13:50:36.953+0800: 1570788.605: [GC (Allocation Failure) [PSYoungGen: 496384K->10752K(506880K)] 897771K->416879K(1031168K), 0.0259316 secs] [Times: user=0.03 sys=0.04, real=0.02 secs] 
2021-06-01T13:54:55.897+0800: 1571047.549: [GC (Allocation Failure) [PSYoungGen: 500224K->9952K(507904K)] 906351K->424265K(1032192K), 0.0310515 secs] [Times: user=0.04 sys=0.05, real=0.03 secs] 
2021-06-01T13:59:13.365+0800: 1571305.017: [GC (Allocation Failure) [PSYoungGen: 500960K->13504K(507392K)] 915273K->434845K(1031680K), 0.0251993 secs] [Times: user=0.04 sys=0.04, real=0.02 secs] 
2021-06-01T14:03:31.100+0800: 1571562.752: [GC (Allocation Failure) [PSYoungGen: 504512K->11200K(507904K)] 925853K->442687K(1032192K), 0.0251375 secs] [Times: user=0.04 sys=0.04, real=0.03 secs] 
2021-06-01T14:07:51.409+0800: 1571823.061: [GC (Allocation Failure) [PSYoungGen: 502208K->10464K(507392K)] 933695K->451104K(1031680K), 0.0342205 secs] [Times: user=0.10 sys=0.00, real=0.04 secs] 
2021-06-01T14:12:11.437+0800: 1572083.089: [GC (Allocation Failure) [PSYoungGen: 501472K->10720K(508928K)] 942112K->458707K(1033216K), 0.0280266 secs] [Times: user=0.03 sys=0.04, real=0.03 secs] 
2021-06-01T14:16:30.995+0800: 1572342.647: [GC (Allocation Failure) [PSYoungGen: 503776K->9536K(508416K)] 951763K->465948K(1032704K), 0.0244755 secs] [Times: user=0.03 sys=0.04, real=0.02 secs] 
2021-06-01T14:20:46.244+0800: 1572597.896: [GC (Allocation Failure) [PSYoungGen: 502592K->11168K(508928K)] 959004K->474400K(1033216K), 0.0262745 secs] [Times: user=0.03 sys=0.04, real=0.02 secs] 
2021-06-01T14:25:06.572+0800: 1572858.224: [GC (Allocation Failure) [PSYoungGen: 504736K->10496K(508928K)] 967968K->481739K(1033216K), 0.0341802 secs] [Times: user=0.05 sys=0.06, real=0.04 secs] 
2021-06-01T14:29:30.466+0800: 1573122.118: [GC (Allocation Failure) [PSYoungGen: 504064K->11488K(509440K)] 975307K->490743K(1033728K), 0.0302819 secs] [Times: user=0.04 sys=0.04, real=0.03 secs] 
2021-06-01T14:33:49.519+0800: 1573381.171: [GC (Allocation Failure) [PSYoungGen: 506080K->11712K(509440K)] 985335K->499642K(1033728K), 0.0318377 secs] [Times: user=0.05 sys=0.05, real=0.03 secs] 
2021-06-01T14:38:11.845+0800: 1573643.497: [GC (Allocation Failure) [PSYoungGen: 506304K->12288K(508928K)] 994234K->508955K(1033216K), 0.0274223 secs] [Times: user=0.04 sys=0.04, real=0.03 secs] 
2021-06-01T14:42:30.473+0800: 1573902.125: [GC (Allocation Failure) [PSYoungGen: 506880K->12576K(509440K)] 1003547K->518076K(1033728K), 0.0305265 secs] [Times: user=0.04 sys=0.05, real=0.03 secs] 
2021-06-01T14:46:53.532+0800: 1574165.184: [GC (Allocation Failure) [PSYoungGen: 507168K->9760K(509440K)] 1012668K->524253K(1033728K), 0.0314139 secs] [Times: user=0.04 sys=0.04, real=0.03 secs] 
2021-06-01T14:46:53.564+0800: 1574165.216: [Full GC (Ergonomics) [PSYoungGen: 9760K->0K(509440K)] [ParOldGen: 514493K->303753K(524288K)] 524253K->303753K(1033728K), [Metaspace: 96981K->96977K(1138688K)], 0.5193875 secs] [Times: user=1.09 sys=0.00, real=0.52 secs] 
2021-06-01T14:51:09.448+0800: 1574421.100: [GC (Allocation Failure) [PSYoungGen: 494592K->12096K(509440K)] 798345K->315849K(1033728K), 0.0263143 secs] [Times: user=0.04 sys=0.04, real=0.03 secs] 
2021-06-01T14:55:37.956+0800: 1574689.608: [GC (Allocation Failure) [PSYoungGen: 506681K->10784K(509952K)] 810434K->324658K(1034240K), 0.0278647 secs] [Times: user=0.04 sys=0.05, real=0.03 secs] 
2021-06-01T14:59:55.140+0800: 1574946.792: [GC (Allocation Failure) [PSYoungGen: 505888K->11968K(509440K)] 819762K->334341K(1033728K), 0.0280754 secs] [Times: user=0.04 sys=0.04, real=0.03 secs] 
2021-06-01T15:04:15.526+0800: 1575207.178: [GC (Allocation Failure) [PSYoungGen: 507072K->11840K(509952K)] 829445K->343359K(1034240K), 0.0289762 secs] [Times: user=0.04 sys=0.05, real=0.03 secs] 
2021-06-01T15:08:35.927+0800: 1575467.579: [GC (Allocation Failure) [PSYoungGen: 507456K->13056K(508928K)] 838975K->352980K(1033216K), 0.0295162 secs] [Times: user=0.04 sys=0.04, real=0.03 secs] 
2021-06-01T15:12:56.644+0800: 1575728.296: [GC (Allocation Failure) [PSYoungGen: 508672K->12096K(509440K)] 848596K->361823K(1033728K), 0.0285898 secs] [Times: user=0.04 sys=0.05, real=0.03 secs] 
2021-06-01T15:17:17.725+0800: 1575989.377: [GC (Allocation Failure) [PSYoungGen: 506688K->10752K(509440K)] 856415K->369769K(1033728K), 0.0645131 secs] [Times: user=0.04 sys=0.04, real=0.06 secs] 
2021-06-01T15:21:40.820+0800: 1576252.472: [GC (Allocation Failure) [PSYoungGen: 505344K->10656K(509952K)] 864361K->378083K(1034240K), 0.0318784 secs] [Times: user=0.05 sys=0.05, real=0.03 secs] 
2021-06-01T15:26:02.212+0800: 1576513.864: [GC (Allocation Failure) [PSYoungGen: 506272K->10624K(509952K)] 873699K->385614K(1034240K), 0.0337396 secs] [Times: user=0.04 sys=0.04, real=0.03 secs] 
2021-06-01T15:30:23.552+0800: 1576775.204: [GC (Allocation Failure) [PSYoungGen: 506240K->9344K(509952K)] 881230K->392526K(1034240K), 0.0547170 secs] [Times: user=0.04 sys=0.04, real=0.05 secs] 
2021-06-01T15:34:47.247+0800: 1577038.899: [GC (Allocation Failure) [PSYoungGen: 504960K->11296K(509952K)] 888142K->401730K(1034240K), 0.0256819 secs] [Times: user=0.04 sys=0.04, real=0.03 secs] 
2021-06-01T15:39:08.362+0800: 1577300.014: [GC (Allocation Failure) [PSYoungGen: 506912K->13216K(508928K)] 897346K->411862K(1033216K), 0.0322594 secs] [Times: user=0.04 sys=0.04, real=0.03 secs] 
2021-06-01T15:43:28.922+0800: 1577560.574: [GC (Allocation Failure) [PSYoungGen: 507808K->8544K(509440K)] 906454K->417174K(1033728K), 0.0259367 secs] [Times: user=0.04 sys=0.04, real=0.03 secs] 
2021-06-01T15:47:48.982+0800: 1577820.634: [GC (Allocation Failure) [PSYoungGen: 503136K->6208K(508416K)] 911766K->421823K(1032704K), 0.0229406 secs] [Times: user=0.04 sys=0.04, real=0.02 secs] 
2021-06-01T15:52:14.116+0800: 1578085.768: [GC (Allocation Failure) [PSYoungGen: 499776K->8096K(508928K)] 915391K->428268K(1033216K), 0.0247625 secs] [Times: user=0.03 sys=0.04, real=0.02 secs] 
2021-06-01T15:56:37.064+0800: 1578348.716: [GC (Allocation Failure) [PSYoungGen: 501664K->11744K(508928K)] 921836K->437864K(1033216K), 0.0325099 secs] [Times: user=0.05 sys=0.04, real=0.03 secs] 
2021-06-01T16:00:59.248+0800: 1578610.900: [GC (Allocation Failure) [PSYoungGen: 505312K->10016K(508928K)] 931432K->444882K(1033216K), 0.0232357 secs] [Times: user=0.03 sys=0.04, real=0.02 secs] 
2021-06-01T16:05:19.222+0800: 1578870.874: [GC (Allocation Failure) [PSYoungGen: 503584K->12544K(508416K)] 938450K->454686K(1032704K), 0.0264014 secs] [Times: user=0.03 sys=0.04, real=0.02 secs] 
2021-06-01T16:09:40.860+0800: 1579132.512: [GC (Allocation Failure) [PSYoungGen: 506112K->9472K(508928K)] 948254K->461439K(1033216K), 0.0220412 secs] [Times: user=0.03 sys=0.04, real=0.03 secs] 
2021-06-01T16:14:06.292+0800: 1579397.944: [GC (Allocation Failure) [PSYoungGen: 503040K->6048K(508416K)] 955007K->465975K(1032704K), 0.0260720 secs] [Times: user=0.03 sys=0.03, real=0.03 secs] 
2021-06-01T16:18:28.983+0800: 1579660.635: [GC (Allocation Failure) [PSYoungGen: 499616K->7072K(508928K)] 959543K->471300K(1033216K), 0.0423152 secs] [Times: user=0.03 sys=0.04, real=0.05 secs] 
2021-06-01T16:22:50.770+0800: 1579922.422: [GC (Allocation Failure) [PSYoungGen: 500640K->6848K(508928K)] 964868K->476791K(1033216K), 0.0222083 secs] [Times: user=0.04 sys=0.03, real=0.03 secs] 
2021-06-01T16:27:14.403+0800: 1580186.055: [GC (Allocation Failure) [PSYoungGen: 500416K->10528K(508928K)] 970359K->485652K(1033216K), 0.0264303 secs] [Times: user=0.07 sys=0.00, real=0.02 secs] 
2021-06-01T16:31:34.312+0800: 1580445.964: [GC (Allocation Failure) [PSYoungGen: 504096K->8960K(509440K)] 979220K->492325K(1033728K), 0.0283008 secs] [Times: user=0.04 sys=0.04, real=0.03 secs] 
2021-06-01T16:35:56.126+0800: 1580707.778: [GC (Allocation Failure) [PSYoungGen: 503040K->11200K(508928K)] 986405K->501304K(1033216K), 0.0331516 secs] [Times: user=0.04 sys=0.05, real=0.03 secs] 
2021-06-01T16:40:19.030+0800: 1580970.682: [GC (Allocation Failure) [PSYoungGen: 505280K->7552K(509440K)] 995384K->505777K(1033728K), 0.0298081 secs] [Times: user=0.09 sys=0.00, real=0.03 secs] 
2021-06-01T16:44:39.906+0800: 1581231.558: [GC (Allocation Failure) [PSYoungGen: 502144K->7392K(509440K)] 1000369K->511109K(1033728K), 0.0384507 secs] [Times: user=0.04 sys=0.04, real=0.04 secs] 
2021-06-01T16:49:04.715+0800: 1581496.367: [GC (Allocation Failure) [PSYoungGen: 501984K->7680K(509952K)] 1005701K->517368K(1034240K), 0.0249250 secs] [Times: user=0.04 sys=0.04, real=0.02 secs] 
2021-06-01T16:53:25.163+0800: 1581756.815: [GC (Allocation Failure) [PSYoungGen: 502784K->8960K(509440K)] 1012472K->524157K(1033728K), 0.0285317 secs] [Times: user=0.04 sys=0.05, real=0.02 secs] 
2021-06-01T16:53:25.192+0800: 1581756.844: [Full GC (Ergonomics) [PSYoungGen: 8960K->0K(509440K)] [ParOldGen: 515197K->301208K(524288K)] 524157K->301208K(1033728K), [Metaspace: 96981K->96981K(1138688K)], 0.5170210 secs] [Times: user=1.12 sys=0.00, real=0.52 secs] 
2021-06-01T16:57:45.259+0800: 1582016.911: [GC (Allocation Failure) [PSYoungGen: 495104K->10720K(510464K)] 796312K->311928K(1034752K), 0.0392380 secs] [Times: user=0.03 sys=0.04, real=0.04 secs] 
2021-06-01T17:02:06.858+0800: 1582278.510: [GC (Allocation Failure) [PSYoungGen: 507360K->11136K(507904K)] 808568K->319839K(1032192K), 0.0322798 secs] [Times: user=0.05 sys=0.05, real=0.03 secs] 
2021-06-01T17:06:27.514+0800: 1582539.166: [GC (Allocation Failure) [PSYoungGen: 507776K->7680K(509952K)] 816479K->325175K(1034240K), 0.0283968 secs] [Times: user=0.04 sys=0.04, real=0.03 secs] 
2021-06-01T17:10:48.665+0800: 1582800.317: [GC (Allocation Failure) [PSYoungGen: 503296K->6944K(509952K)] 820791K->330506K(1034240K), 0.0372590 secs] [Times: user=0.03 sys=0.04, real=0.04 secs] 
2021-06-01T17:15:06.245+0800: 1583057.898: [GC (Allocation Failure) [PSYoungGen: 502560K->9216K(510464K)] 826122K->337758K(1034752K), 0.0277055 secs] [Times: user=0.04 sys=0.05, real=0.03 secs] 
2021-06-01T17:19:30.518+0800: 1583322.170: [GC (Allocation Failure) [PSYoungGen: 505856K->7904K(510464K)] 834398K->343025K(1034752K), 0.0276910 secs] [Times: user=0.04 sys=0.04, real=0.03 secs] 
2021-06-01T17:23:51.650+0800: 1583583.302: [GC (Allocation Failure) [PSYoungGen: 504544K->4224K(509952K)] 839665K->346353K(1034240K), 0.0240858 secs] [Times: user=0.04 sys=0.04, real=0.03 secs] 
2021-06-01T17:28:15.856+0800: 1583847.508: [GC (Allocation Failure) [PSYoungGen: 500864K->7424K(510464K)] 842993K->352391K(1034752K), 0.0220462 secs] [Times: user=0.03 sys=0.04, real=0.02 secs] 
2021-06-01T17:32:37.568+0800: 1584109.220: [GC (Allocation Failure) [PSYoungGen: 504064K->8576K(511488K)] 849031K->359482K(1035776K), 0.0245713 secs] [Times: user=0.04 sys=0.04, real=0.03 secs] 
2021-06-01T17:37:04.332+0800: 1584375.984: [GC (Allocation Failure) [PSYoungGen: 506752K->7232K(510976K)] 857658K->365037K(1035264K), 0.0247930 secs] [Times: user=0.03 sys=0.04, real=0.03 secs] 
2021-06-01T17:41:31.057+0800: 1584642.709: [GC (Allocation Failure) [PSYoungGen: 505408K->9760K(511488K)] 863213K->373041K(1035776K), 0.0346304 secs] [Times: user=0.04 sys=0.04, real=0.03 secs] 
2021-06-01T17:45:53.555+0800: 1584905.207: [GC (Allocation Failure) [PSYoungGen: 508448K->8320K(511488K)] 871729K->378779K(1035776K), 0.0275883 secs] [Times: user=0.04 sys=0.04, real=0.03 secs] 
2021-06-01T17:50:20.514+0800: 1585172.166: [GC (Allocation Failure) [PSYoungGen: 507008K->4288K(510976K)] 877467K->381515K(1035264K), 0.0421968 secs] [Times: user=0.04 sys=0.04, real=0.04 secs] 
2021-06-01T17:54:45.480+0800: 1585437.132: [GC (Allocation Failure) [PSYoungGen: 502976K->9632K(511488K)] 880203K->389618K(1035776K), 0.0263616 secs] [Times: user=0.03 sys=0.04, real=0.03 secs] 
2021-06-01T17:59:06.358+0800: 1585698.010: [GC (Allocation Failure) [PSYoungGen: 508320K->10464K(510464K)] 888306K->398452K(1034752K), 0.0435035 secs] [Times: user=0.04 sys=0.04, real=0.04 secs] 
2021-06-01T18:03:29.772+0800: 1585961.424: [GC (Allocation Failure) [PSYoungGen: 508128K->7392K(510976K)] 896116K->402743K(1035264K), 0.0342712 secs] [Times: user=0.04 sys=0.04, real=0.04 secs] 
2021-06-01T18:07:52.144+0800: 1586223.796: [GC (Allocation Failure) [PSYoungGen: 505056K->11200K(509952K)] 900407K->411724K(1034240K), 0.0478687 secs] [Times: user=0.04 sys=0.04, real=0.05 secs] 
2021-06-01T18:12:11.945+0800: 1586483.597: [GC (Allocation Failure) [PSYoungGen: 507840K->11040K(507904K)] 908364K->420174K(1032192K), 0.0274057 secs] [Times: user=0.04 sys=0.04, real=0.03 secs] 
2021-06-01T18:16:35.061+0800: 1586746.713: [GC (Allocation Failure) [PSYoungGen: 507680K->12672K(508928K)] 916814K->430257K(1033216K), 0.0336537 secs] [Times: user=0.04 sys=0.05, real=0.04 secs] 
2021-06-01T18:20:53.417+0800: 1587005.069: [GC (Allocation Failure) [PSYoungGen: 507264K->8352K(509440K)] 924849K->436207K(1033728K), 0.0279004 secs] [Times: user=0.04 sys=0.04, real=0.03 secs] 
2021-06-01T18:25:12.027+0800: 1587263.679: [GC (Allocation Failure) [PSYoungGen: 502944K->10944K(509440K)] 930799K->445356K(1033728K), 0.0244738 secs] [Times: user=0.04 sys=0.04, real=0.02 secs] 
2021-06-01T18:29:36.969+0800: 1587528.621: [GC (Allocation Failure) [PSYoungGen: 505536K->5824K(509440K)] 939948K->448876K(1033728K), 0.0254279 secs] [Times: user=0.04 sys=0.04, real=0.03 secs] 
2021-06-01T18:34:01.304+0800: 1587792.956: [GC (Allocation Failure) [PSYoungGen: 500416K->6368K(509440K)] 943468K->453279K(1033728K), 0.0265198 secs] [Times: user=0.03 sys=0.04, real=0.02 secs] 
2021-06-01T18:38:22.785+0800: 1588054.437: [GC (Allocation Failure) [PSYoungGen: 500960K->4896K(509440K)] 947871K->456364K(1033728K), 0.0224590 secs] [Times: user=0.03 sys=0.04, real=0.02 secs] 
2021-06-01T18:42:43.635+0800: 1588315.287: [GC (Allocation Failure) [PSYoungGen: 499488K->11072K(508416K)] 950956K->466082K(1032704K), 0.0235619 secs] [Times: user=0.07 sys=0.00, real=0.02 secs] 
2021-06-01T18:47:00.110+0800: 1588571.762: [GC (Allocation Failure) [PSYoungGen: 504640K->13888K(507904K)] 959650K->477566K(1032192K), 0.0340830 secs] [Times: user=0.04 sys=0.05, real=0.04 secs] 
2021-06-01T18:51:23.599+0800: 1588835.252: [GC (Allocation Failure) [PSYoungGen: 507456K->8320K(508416K)] 971134K->481477K(1032704K), 0.0257225 secs] [Times: user=0.04 sys=0.03, real=0.03 secs] 
2021-06-01T18:55:47.412+0800: 1589099.064: [GC (Allocation Failure) [PSYoungGen: 500352K->6560K(507904K)] 973509K->486544K(1032192K), 0.0241248 secs] [Times: user=0.03 sys=0.04, real=0.02 secs] 
2021-06-01T19:00:11.418+0800: 1589363.070: [GC (Allocation Failure) [PSYoungGen: 498592K->6784K(508928K)] 978576K->491980K(1033216K), 0.0259327 secs] [Times: user=0.04 sys=0.04, real=0.03 secs] 
2021-06-01T19:04:29.464+0800: 1589621.116: [GC (Allocation Failure) [PSYoungGen: 499840K->5034K(508416K)] 985036K->495839K(1032704K), 0.0230701 secs] [Times: user=0.04 sys=0.04, real=0.02 secs] 
2021-06-01T19:08:48.953+0800: 1589880.605: [GC (Allocation Failure) [PSYoungGen: 498090K->9376K(509440K)] 988895K->503957K(1033728K), 0.0257973 secs] [Times: user=0.03 sys=0.03, real=0.02 secs] 
2021-06-01T19:13:12.406+0800: 1590144.058: [GC (Allocation Failure) [PSYoungGen: 503456K->9632K(508928K)] 998037K->511449K(1033216K), 0.0290262 secs] [Times: user=0.04 sys=0.04, real=0.03 secs] 
2021-06-01T19:17:32.810+0800: 1590404.462: [GC (Allocation Failure) [PSYoungGen: 503711K->10848K(508416K)] 1005528K->519950K(1032704K), 0.0310445 secs] [Times: user=0.05 sys=0.05, real=0.03 secs] 
2021-06-01T19:21:55.289+0800: 1590666.941: [GC (Allocation Failure) [PSYoungGen: 504416K->10208K(508928K)] 1013518K->527969K(1033216K), 0.0669107 secs] [Times: user=0.10 sys=0.00, real=0.07 secs] 
2021-06-01T19:21:55.356+0800: 1590667.008: [Full GC (Ergonomics) [PSYoungGen: 10208K->0K(508928K)] [ParOldGen: 517761K->303415K(524288K)] 527969K->303415K(1033216K), [Metaspace: 96981K->96981K(1138688K)], 0.5608391 secs] [Times: user=1.15 sys=0.00, real=0.56 secs] 
2021-06-01T19:26:20.288+0800: 1590931.941: [GC (Allocation Failure) [PSYoungGen: 493568K->10112K(509440K)] 796983K->313527K(1033728K), 0.0445428 secs] [Times: user=0.04 sys=0.05, real=0.05 secs] 
2021-06-01T19:30:39.821+0800: 1591191.473: [GC (Allocation Failure) [PSYoungGen: 504704K->10496K(509440K)] 808119K->321562K(1033728K), 0.0272488 secs] [Times: user=0.04 sys=0.04, real=0.03 secs] 
2021-06-01T19:35:02.096+0800: 1591453.748: [GC (Allocation Failure) [PSYoungGen: 505088K->9600K(509952K)] 816154K->329381K(1034240K), 0.0271100 secs] [Times: user=0.04 sys=0.05, real=0.03 secs] 
2021-06-01T19:39:25.462+0800: 1591717.114: [GC (Allocation Failure) [PSYoungGen: 504704K->9600K(509440K)] 824485K->336224K(1033728K), 0.0256368 secs] [Times: user=0.04 sys=0.03, real=0.03 secs] 
2021-06-01T19:43:48.226+0800: 1591979.878: [GC (Allocation Failure) [PSYoungGen: 504704K->7328K(510464K)] 831328K->341393K(1034752K), 0.0279747 secs] [Times: user=0.04 sys=0.04, real=0.03 secs] 
2021-06-01T19:48:11.111+0800: 1592242.763: [GC (Allocation Failure) [PSYoungGen: 503456K->9184K(509952K)] 837521K->348996K(1034240K), 0.0277195 secs] [Times: user=0.05 sys=0.05, real=0.03 secs] 
2021-06-01T19:52:36.354+0800: 1592508.006: [GC (Allocation Failure) [PSYoungGen: 505312K->7616K(510976K)] 845124K->353935K(1035264K), 0.0278043 secs] [Times: user=0.03 sys=0.04, real=0.03 secs] 
2021-06-01T19:56:57.456+0800: 1592769.108: [GC (Allocation Failure) [PSYoungGen: 504768K->9152K(510464K)] 851087K->361483K(1034752K), 0.0274989 secs] [Times: user=0.04 sys=0.04, real=0.03 secs] 
2021-06-01T20:01:19.537+0800: 1593031.189: [GC (Allocation Failure) [PSYoungGen: 506304K->9952K(510976K)] 858635K->369420K(1035264K), 0.0255371 secs] [Times: user=0.03 sys=0.04, real=0.03 secs] 
2021-06-01T20:05:44.991+0800: 1593296.643: [GC (Allocation Failure) [PSYoungGen: 507616K->9216K(510976K)] 867084K->376160K(1035264K), 0.0264157 secs] [Times: user=0.03 sys=0.04, real=0.03 secs] 
2021-06-01T20:10:10.017+0800: 1593561.669: [GC (Allocation Failure) [PSYoungGen: 506880K->10272K(511488K)] 873824K->384522K(1035776K), 0.0252376 secs] [Times: user=0.04 sys=0.03, real=0.03 secs] 
2021-06-01T20:14:35.367+0800: 1593827.019: [GC (Allocation Failure) [PSYoungGen: 508960K->12768K(511488K)] 883210K->395246K(1035776K), 0.0367472 secs] [Times: user=0.05 sys=0.05, real=0.04 secs] 
2021-06-01T20:18:58.773+0800: 1594090.425: [GC (Allocation Failure) [PSYoungGen: 511456K->9792K(504320K)] 893934K->401425K(1028608K), 0.0367305 secs] [Times: user=0.04 sys=0.05, real=0.03 secs] 
2021-06-01T20:23:16.869+0800: 1594348.521: [GC (Allocation Failure) [PSYoungGen: 501312K->9984K(507904K)] 892945K->409155K(1032192K), 0.0283802 secs] [Times: user=0.04 sys=0.05, real=0.03 secs] 
2021-06-01T20:27:33.906+0800: 1594605.558: [GC (Allocation Failure) [PSYoungGen: 501504K->11776K(508416K)] 900675K->418757K(1032704K), 0.0379479 secs] [Times: user=0.05 sys=0.04, real=0.04 secs] 
2021-06-01T20:31:57.253+0800: 1594868.905: [GC (Allocation Failure) [PSYoungGen: 504320K->8288K(508416K)] 911301K->424022K(1032704K), 0.0270915 secs] [Times: user=0.08 sys=0.00, real=0.02 secs] 
2021-06-01T20:36:22.573+0800: 1595134.225: [GC (Allocation Failure) [PSYoungGen: 500832K->6752K(508416K)] 916566K->428800K(1032704K), 0.0237612 secs] [Times: user=0.04 sys=0.04, real=0.02 secs] 
2021-06-01T20:40:44.182+0800: 1595395.834: [GC (Allocation Failure) [PSYoungGen: 499296K->9536K(508416K)] 921344K->436819K(1032704K), 0.0336323 secs] [Times: user=0.07 sys=0.00, real=0.03 secs] 
2021-06-01T20:45:04.987+0800: 1595656.639: [GC (Allocation Failure) [PSYoungGen: 502074K->9760K(509440K)] 929358K->443055K(1033728K), 0.0253749 secs] [Times: user=0.04 sys=0.04, real=0.03 secs] 
2021-06-01T20:49:28.310+0800: 1595919.962: [GC (Allocation Failure) [PSYoungGen: 503840K->9280K(508928K)] 937135K->450184K(1033216K), 0.0274891 secs] [Times: user=0.04 sys=0.03, real=0.03 secs] 
2021-06-01T20:53:52.162+0800: 1596183.814: [GC (Allocation Failure) [PSYoungGen: 503360K->10240K(509952K)] 944264K->458819K(1034240K), 0.0286609 secs] [Times: user=0.04 sys=0.03, real=0.03 secs] 
2021-06-01T20:58:13.526+0800: 1596445.178: [GC (Allocation Failure) [PSYoungGen: 505856K->9984K(509952K)] 954435K->466134K(1034240K), 0.0277112 secs] [Times: user=0.04 sys=0.04, real=0.03 secs] 
2021-06-01T21:02:34.811+0800: 1596706.463: [GC (Allocation Failure) [PSYoungGen: 505600K->10080K(510976K)] 961750K->473137K(1035264K), 0.0238621 secs] [Times: user=0.07 sys=0.00, real=0.03 secs] 
2021-06-01T21:07:03.638+0800: 1596975.290: [GC (Allocation Failure) [PSYoungGen: 507232K->8416K(510464K)] 970289K->479978K(1034752K), 0.0219065 secs] [Times: user=0.04 sys=0.04, real=0.02 secs] 
2021-06-01T21:11:30.669+0800: 1597242.321: [GC (Allocation Failure) [PSYoungGen: 505568K->4000K(509952K)] 977130K->482714K(1034240K), 0.0246587 secs] [Times: user=0.04 sys=0.04, real=0.03 secs] 
2021-06-01T21:16:00.801+0800: 1597512.453: [GC (Allocation Failure) [PSYoungGen: 500640K->7936K(510464K)] 979354K->488769K(1034752K), 0.0232261 secs] [Times: user=0.03 sys=0.04, real=0.03 secs] 
2021-06-01T21:20:25.660+0800: 1597777.312: [GC (Allocation Failure) [PSYoungGen: 504576K->10400K(510464K)] 985409K->497613K(1034752K), 0.0332896 secs] [Times: user=0.05 sys=0.05, real=0.04 secs] 
2021-06-01T21:24:53.642+0800: 1598045.294: [GC (Allocation Failure) [PSYoungGen: 507040K->10656K(510464K)] 994253K->505369K(1034752K), 0.0522243 secs] [Times: user=0.04 sys=0.04, real=0.05 secs] 
2021-06-01T21:29:15.835+0800: 1598307.487: [GC (Allocation Failure) [PSYoungGen: 507296K->10112K(510464K)] 1002009K->512675K(1034752K), 0.0284171 secs] [Times: user=0.04 sys=0.04, real=0.03 secs] 
2021-06-01T21:33:40.040+0800: 1598571.692: [GC (Allocation Failure) [PSYoungGen: 506752K->10624K(510464K)] 1009315K->521901K(1034752K), 0.0248160 secs] [Times: user=0.04 sys=0.04, real=0.03 secs] 
2021-06-01T21:38:01.741+0800: 1598833.393: [GC (Allocation Failure) [PSYoungGen: 507264K->9184K(510976K)] 1018541K->528712K(1035264K), 0.0270490 secs] [Times: user=0.04 sys=0.04, real=0.03 secs] 
2021-06-01T21:38:01.768+0800: 1598833.420: [Full GC (Ergonomics) [PSYoungGen: 9184K->0K(510976K)] [ParOldGen: 519528K->304070K(524288K)] 528712K->304070K(1035264K), [Metaspace: 96981K->96981K(1138688K)], 0.4971681 secs] [Times: user=0.99 sys=0.00, real=0.50 secs] 
2021-06-01T21:42:28.398+0800: 1599100.050: [GC (Allocation Failure) [PSYoungGen: 497152K->11552K(510464K)] 801222K->315622K(1034752K), 0.0268489 secs] [Times: user=0.04 sys=0.03, real=0.03 secs] 
2021-06-01T21:46:55.133+0800: 1599366.785: [GC (Allocation Failure) [PSYoungGen: 508704K->10848K(510464K)] 812774K->323647K(1034752K), 0.0246513 secs] [Times: user=0.03 sys=0.04, real=0.02 secs] 
2021-06-01T21:51:16.718+0800: 1599628.370: [GC (Allocation Failure) [PSYoungGen: 507488K->10816K(510464K)] 820287K->332329K(1034752K), 0.0630686 secs] [Times: user=0.05 sys=0.04, real=0.06 secs] 
2021-06-01T21:55:42.916+0800: 1599894.569: [GC (Allocation Failure) [PSYoungGen: 507456K->9056K(510464K)] 828969K->338122K(1034752K), 0.0485929 secs] [Times: user=0.08 sys=0.00, real=0.05 secs] 
2021-06-01T22:00:07.819+0800: 1600159.471: [GC (Allocation Failure) [PSYoungGen: 505696K->8096K(510464K)] 834762K->343860K(1034752K), 0.0237311 secs] [Times: user=0.03 sys=0.03, real=0.03 secs] 
2021-06-01T22:04:28.919+0800: 1600420.571: [GC (Allocation Failure) [PSYoungGen: 504736K->8608K(510976K)] 840500K->351255K(1035264K), 0.0305728 secs] [Times: user=0.05 sys=0.05, real=0.03 secs] 
2021-06-01T22:08:52.939+0800: 1600684.591: [GC (Allocation Failure) [PSYoungGen: 505760K->10464K(510464K)] 848407K->359939K(1034752K), 0.0237873 secs] [Times: user=0.03 sys=0.03, real=0.03 secs] 
2021-06-01T22:13:15.047+0800: 1600946.699: [GC (Allocation Failure) [PSYoungGen: 507616K->9984K(510976K)] 857091K->367084K(1035264K), 0.0308034 secs] [Times: user=0.04 sys=0.04, real=0.03 secs] 
2021-06-01T22:17:40.753+0800: 1601212.405: [GC (Allocation Failure) [PSYoungGen: 507648K->8832K(510976K)] 864748K->373086K(1035264K), 0.0208409 secs] [Times: user=0.03 sys=0.03, real=0.02 secs] 
2021-06-01T22:22:09.351+0800: 1601481.003: [GC (Allocation Failure) [PSYoungGen: 506496K->6272K(510464K)] 870750K->378352K(1034752K), 0.0438558 secs] [Times: user=0.04 sys=0.04, real=0.05 secs] 
2021-06-01T22:26:30.925+0800: 1601742.577: [GC (Allocation Failure) [PSYoungGen: 503936K->10560K(510976K)] 876016K->387310K(1035264K), 0.0498285 secs] [Times: user=0.04 sys=0.03, real=0.05 secs] 
2021-06-01T22:30:55.811+0800: 1602007.463: [GC (Allocation Failure) [PSYoungGen: 508224K->10176K(510976K)] 884974K->394465K(1035264K), 0.0346870 secs] [Times: user=0.03 sys=0.05, real=0.04 secs] 
2021-06-01T22:35:21.256+0800: 1602272.908: [GC (Allocation Failure) [PSYoungGen: 507840K->9536K(510976K)] 892129K->402425K(1035264K), 0.0325806 secs] [Times: user=0.04 sys=0.04, real=0.03 secs] 
2021-06-01T22:39:46.268+0800: 1602537.920: [GC (Allocation Failure) [PSYoungGen: 507200K->11104K(510464K)] 900089K->410782K(1034752K), 0.0302647 secs] [Times: user=0.04 sys=0.05, real=0.03 secs] 
2021-06-01T22:44:07.788+0800: 1602799.440: [GC (Allocation Failure) [PSYoungGen: 508768K->10944K(510976K)] 908446K->418920K(1035264K), 0.0307242 secs] [Times: user=0.04 sys=0.04, real=0.03 secs] 
2021-06-01T22:48:28.998+0800: 1603060.650: [GC (Allocation Failure) [PSYoungGen: 508608K->9568K(510976K)] 916584K->426074K(1035264K), 0.0276611 secs] [Times: user=0.04 sys=0.05, real=0.03 secs] 
2021-06-01T22:52:53.929+0800: 1603325.581: [GC (Allocation Failure) [PSYoungGen: 507232K->6528K(510976K)] 923738K->430499K(1035264K), 0.0210890 secs] [Times: user=0.04 sys=0.04, real=0.02 secs] 
2021-06-01T22:57:18.723+0800: 1603590.375: [GC (Allocation Failure) [PSYoungGen: 504192K->8512K(510976K)] 928163K->437807K(1035264K), 0.0212921 secs] [Times: user=0.04 sys=0.03, real=0.02 secs] 
2021-06-01T23:01:47.475+0800: 1603859.127: [GC (Allocation Failure) [PSYoungGen: 506176K->7136K(510976K)] 935471K->443888K(1035264K), 0.0228100 secs] [Times: user=0.03 sys=0.03, real=0.02 secs] 
2021-06-01T23:06:13.624+0800: 1604125.277: [GC (Allocation Failure) [PSYoungGen: 504800K->5632K(510976K)] 941552K->447675K(1035264K), 0.0277804 secs] [Times: user=0.03 sys=0.03, real=0.03 secs] 
2021-06-01T23:10:36.799+0800: 1604388.451: [GC (Allocation Failure) [PSYoungGen: 503296K->7584K(510976K)] 945339K->453600K(1035264K), 0.0218170 secs] [Times: user=0.03 sys=0.04, real=0.02 secs] 
2021-06-01T23:15:01.321+0800: 1604652.973: [GC (Allocation Failure) [PSYoungGen: 505248K->9344K(511488K)] 951264K->461060K(1035776K), 0.0261586 secs] [Times: user=0.03 sys=0.04, real=0.03 secs] 
2021-06-01T23:19:26.875+0800: 1604918.527: [GC (Allocation Failure) [PSYoungGen: 507520K->8224K(510976K)] 959236K->467588K(1035264K), 0.0294709 secs] [Times: user=0.04 sys=0.04, real=0.03 secs] 
2021-06-01T23:23:50.420+0800: 1605182.072: [GC (Allocation Failure) [PSYoungGen: 506400K->9760K(511488K)] 965764K->475511K(1035776K), 0.0513411 secs] [Times: user=0.03 sys=0.04, real=0.05 secs] 
2021-06-01T23:28:17.830+0800: 1605449.482: [GC (Allocation Failure) [PSYoungGen: 508448K->6432K(511488K)] 974199K->480071K(1035776K), 0.0269589 secs] [Times: user=0.05 sys=0.04, real=0.03 secs] 
2021-06-01T23:32:46.157+0800: 1605717.810: [GC (Allocation Failure) [PSYoungGen: 505120K->5568K(511488K)] 978759K->484499K(1035776K), 0.0242996 secs] [Times: user=0.04 sys=0.04, real=0.02 secs] 
2021-06-01T23:37:11.019+0800: 1605982.671: [GC (Allocation Failure) [PSYoungGen: 504256K->7808K(511488K)] 983187K->491040K(1035776K), 0.0287536 secs] [Times: user=0.03 sys=0.05, real=0.03 secs] 
2021-06-01T23:41:36.758+0800: 1606248.410: [GC (Allocation Failure) [PSYoungGen: 506496K->8704K(512000K)] 989728K->498299K(1036288K), 0.0281004 secs] [Times: user=0.04 sys=0.04, real=0.03 secs] 
2021-06-01T23:46:03.838+0800: 1606515.490: [GC (Allocation Failure) [PSYoungGen: 508416K->7104K(512000K)] 998011K->502958K(1036288K), 0.0283771 secs] [Times: user=0.04 sys=0.04, real=0.03 secs] 
2021-06-01T23:50:29.948+0800: 1606781.600: [GC (Allocation Failure) [PSYoungGen: 506816K->8128K(512512K)] 1002670K->509560K(1036800K), 0.0383088 secs] [Times: user=0.05 sys=0.05, real=0.04 secs] 
2021-06-01T23:54:58.772+0800: 1607050.424: [GC (Allocation Failure) [PSYoungGen: 508352K->6336K(512000K)] 1009784K->514036K(1036288K), 0.0233497 secs] [Times: user=0.03 sys=0.03, real=0.03 secs] 
2021-06-01T23:59:22.904+0800: 1607314.556: [GC (Allocation Failure) [PSYoungGen: 506560K->11456K(510464K)] 1014260K->523681K(1034752K), 0.0249591 secs] [Times: user=0.03 sys=0.03, real=0.02 secs] 
2021-06-02T00:03:38.424+0800: 1607570.076: [GC (Allocation Failure) [PSYoungGen: 510144K->7712K(511488K)] 1022369K->528609K(1035776K), 0.0248220 secs] [Times: user=0.04 sys=0.04, real=0.02 secs] 
2021-06-02T00:03:38.449+0800: 1607570.101: [Full GC (Ergonomics) [PSYoungGen: 7712K->0K(511488K)] [ParOldGen: 520897K->300993K(524288K)] 528609K->300993K(1035776K), [Metaspace: 96981K->96981K(1138688K)], 0.4742385 secs] [Times: user=1.06 sys=0.00, real=0.48 secs] 
2021-06-02T00:08:02.664+0800: 1607834.316: [GC (Allocation Failure) [PSYoungGen: 498688K->10816K(510976K)] 799681K->311809K(1035264K), 0.0272413 secs] [Times: user=0.04 sys=0.03, real=0.02 secs] 
2021-06-02T00:12:23.730+0800: 1608095.382: [GC (Allocation Failure) [PSYoungGen: 509504K->12672K(511488K)] 810497K->321827K(1035776K), 0.0351439 secs] [Times: user=0.05 sys=0.05, real=0.04 secs] 
2021-06-02T00:16:54.230+0800: 1608365.882: [GC (Allocation Failure) [PSYoungGen: 511360K->11328K(508416K)] 820515K->329549K(1032704K), 0.0698789 secs] [Times: user=0.05 sys=0.05, real=0.07 secs] 
2021-06-02T00:21:18.006+0800: 1608629.658: [GC (Allocation Failure) [PSYoungGen: 506944K->8896K(509952K)] 825165K->335486K(1034240K), 0.0284044 secs] [Times: user=0.04 sys=0.04, real=0.03 secs] 
2021-06-02T00:25:45.085+0800: 1608896.737: [GC (Allocation Failure) [PSYoungGen: 504512K->6080K(510464K)] 831102K->339352K(1034752K), 0.0251951 secs] [Times: user=0.04 sys=0.04, real=0.02 secs] 
2021-06-02T00:30:13.100+0800: 1609164.753: [GC (Allocation Failure) [PSYoungGen: 502720K->9024K(510464K)] 835992K->346636K(1034752K), 0.0265510 secs] [Times: user=0.04 sys=0.05, real=0.03 secs] 
2021-06-02T00:34:37.235+0800: 1609428.887: [GC (Allocation Failure) [PSYoungGen: 505664K->10048K(510464K)] 843276K->354296K(1034752K), 0.0282171 secs] [Times: user=0.05 sys=0.04, real=0.03 secs] 
2021-06-02T00:39:02.496+0800: 1609694.148: [GC (Allocation Failure) [PSYoungGen: 506688K->9728K(510464K)] 850936K->361546K(1034752K), 0.0254455 secs] [Times: user=0.04 sys=0.04, real=0.03 secs] 
2021-06-02T00:43:22.472+0800: 1609954.124: [GC (Allocation Failure) [PSYoungGen: 506368K->5920K(510976K)] 858186K->365827K(1035264K), 0.0228308 secs] [Times: user=0.03 sys=0.03, real=0.03 secs] 
2021-06-02T00:47:47.464+0800: 1610219.116: [GC (Allocation Failure) [PSYoungGen: 503584K->8064K(510976K)] 863491K->372472K(1035264K), 0.0295763 secs] [Times: user=0.04 sys=0.04, real=0.03 secs] 
2021-06-02T00:52:09.913+0800: 1610481.565: [GC (Allocation Failure) [PSYoungGen: 505728K->10208K(510976K)] 870136K->380540K(1035264K), 0.0256058 secs] [Times: user=0.04 sys=0.04, real=0.02 secs] 
2021-06-02T00:56:34.382+0800: 1610746.034: [GC (Allocation Failure) [PSYoungGen: 507872K->11424K(509440K)] 878204K->389801K(1033728K), 0.0311225 secs] [Times: user=0.04 sys=0.04, real=0.03 secs] 
2021-06-02T01:00:56.232+0800: 1611007.884: [GC (Allocation Failure) [PSYoungGen: 509088K->11744K(509440K)] 887465K->399235K(1033728K), 0.0281112 secs] [Times: user=0.04 sys=0.04, real=0.03 secs] 
2021-06-02T01:05:13.021+0800: 1611264.673: [GC (Allocation Failure) [PSYoungGen: 507360K->11178K(506880K)] 894851K->408205K(1031168K), 0.0306825 secs] [Times: user=0.04 sys=0.05, real=0.03 secs] 
2021-06-02T01:09:33.940+0800: 1611525.592: [GC (Allocation Failure) [PSYoungGen: 506794K->11936K(509440K)] 903821K->416625K(1033728K), 0.0359113 secs] [Times: user=0.08 sys=0.00, real=0.04 secs] 
2021-06-02T01:13:54.831+0800: 1611786.483: [GC (Allocation Failure) [PSYoungGen: 506528K->9056K(509440K)] 911217K->422849K(1033728K), 0.0274874 secs] [Times: user=0.04 sys=0.04, real=0.03 secs] 
2021-06-02T01:18:17.155+0800: 1612048.807: [GC (Allocation Failure) [PSYoungGen: 503648K->9920K(509952K)] 917441K->430565K(1034240K), 0.0471776 secs] [Times: user=0.04 sys=0.03, real=0.04 secs] 
2021-06-02T01:22:41.432+0800: 1612313.084: [GC (Allocation Failure) [PSYoungGen: 505024K->9984K(509440K)] 925669K->438375K(1033728K), 0.0296808 secs] [Times: user=0.05 sys=0.04, real=0.04 secs] 
2021-06-02T01:27:06.157+0800: 1612577.809: [GC (Allocation Failure) [PSYoungGen: 505088K->12064K(509440K)] 933479K->447547K(1033728K), 0.0288818 secs] [Times: user=0.04 sys=0.04, real=0.03 secs] 
2021-06-02T01:31:26.699+0800: 1612838.351: [GC (Allocation Failure) [PSYoungGen: 507680K->11968K(507904K)] 943163K->455886K(1032192K), 0.0371757 secs] [Times: user=0.04 sys=0.04, real=0.04 secs] 
2021-06-02T01:35:47.734+0800: 1613099.386: [GC (Allocation Failure) [PSYoungGen: 507584K->11680K(509440K)] 951502K->464824K(1033728K), 0.0281467 secs] [Times: user=0.04 sys=0.04, real=0.03 secs] 
2021-06-02T01:40:09.510+0800: 1613361.162: [GC (Allocation Failure) [PSYoungGen: 506272K->11392K(509440K)] 959416K->473195K(1033728K), 0.0320493 secs] [Times: user=0.04 sys=0.04, real=0.04 secs] 
2021-06-02T01:44:31.436+0800: 1613623.088: [GC (Allocation Failure) [PSYoungGen: 505984K->9920K(509952K)] 967787K->481116K(1034240K), 0.0296744 secs] [Times: user=0.09 sys=0.00, real=0.03 secs] 
2021-06-02T01:48:54.614+0800: 1613886.266: [GC (Allocation Failure) [PSYoungGen: 505024K->9536K(509440K)] 976220K->489093K(1033728K), 0.0274796 secs] [Times: user=0.04 sys=0.04, real=0.02 secs] 
2021-06-02T01:53:15.145+0800: 1614146.797: [GC (Allocation Failure) [PSYoungGen: 504640K->11136K(509952K)] 984197K->497927K(1034240K), 0.0280701 secs] [Times: user=0.04 sys=0.05, real=0.03 secs] 
2021-06-02T01:57:38.731+0800: 1614410.383: [GC (Allocation Failure) [PSYoungGen: 506752K->11904K(509952K)] 993543K->506459K(1034240K), 0.0274115 secs] [Times: user=0.04 sys=0.05, real=0.03 secs] 
2021-06-02T02:02:04.390+0800: 1614676.042: [GC (Allocation Failure) [PSYoungGen: 507520K->10688K(509952K)] 1002075K->514422K(1034240K), 0.0258783 secs] [Times: user=0.04 sys=0.05, real=0.03 secs] 
2021-06-02T02:06:28.059+0800: 1614939.711: [GC (Allocation Failure) [PSYoungGen: 506304K->11776K(509952K)] 1010038K->524456K(1034240K), 0.0607321 secs] [Times: user=0.04 sys=0.04, real=0.06 secs] 
2021-06-02T02:10:45.275+0800: 1615196.927: [GC (Allocation Failure) [PSYoungGen: 507392K->11776K(509952K)] 1020072K->532226K(1034240K), 0.0292464 secs] [Times: user=0.09 sys=0.00, real=0.03 secs] 
2021-06-02T02:10:45.305+0800: 1615196.957: [Full GC (Ergonomics) [PSYoungGen: 11776K->0K(509952K)] [ParOldGen: 520450K->310657K(524288K)] 532226K->310657K(1034240K), [Metaspace: 96982K->96982K(1138688K)], 0.5561645 secs] [Times: user=1.17 sys=0.00, real=0.55 secs] 
2021-06-02T02:15:05.173+0800: 1615456.825: [GC (Allocation Failure) [PSYoungGen: 495616K->12992K(508928K)] 806273K->323649K(1033216K), 0.0335082 secs] [Times: user=0.04 sys=0.03, real=0.03 secs] 
2021-06-02T02:19:26.618+0800: 1615718.270: [GC (Allocation Failure) [PSYoungGen: 508608K->12224K(509440K)] 819265K->333195K(1033728K), 0.0293608 secs] [Times: user=0.05 sys=0.04, real=0.03 secs] 
2021-06-02T02:23:46.617+0800: 1615978.269: [GC (Allocation Failure) [PSYoungGen: 506810K->12544K(509440K)] 827781K->343278K(1033728K), 0.0293382 secs] [Times: user=0.03 sys=0.04, real=0.03 secs] 
2021-06-02T02:28:08.627+0800: 1616240.279: [GC (Allocation Failure) [PSYoungGen: 507136K->12928K(508416K)] 837870K->352506K(1032704K), 0.0868550 secs] [Times: user=0.03 sys=0.04, real=0.09 secs] 
2021-06-02T02:32:28.712+0800: 1616500.364: [GC (Allocation Failure) [PSYoungGen: 506496K->11168K(508928K)] 846074K->359500K(1033216K), 0.0529272 secs] [Times: user=0.03 sys=0.04, real=0.06 secs] 
2021-06-02T02:36:52.304+0800: 1616763.956: [GC (Allocation Failure) [PSYoungGen: 504736K->8384K(508416K)] 853068K->365045K(1032704K), 0.0254537 secs] [Times: user=0.03 sys=0.04, real=0.02 secs] 
2021-06-02T02:41:15.786+0800: 1617027.438: [GC (Allocation Failure) [PSYoungGen: 501952K->8672K(508928K)] 858613K->371241K(1033216K), 0.0263375 secs] [Times: user=0.03 sys=0.03, real=0.03 secs] 
2021-06-02T02:45:36.703+0800: 1617288.355: [GC (Allocation Failure) [PSYoungGen: 502240K->11072K(509440K)] 864809K->380571K(1033728K), 0.0286091 secs] [Times: user=0.04 sys=0.04, real=0.02 secs] 
2021-06-02T02:50:01.163+0800: 1617552.815: [GC (Allocation Failure) [PSYoungGen: 505152K->7936K(508928K)] 874651K->386507K(1033216K), 0.0310846 secs] [Times: user=0.05 sys=0.04, real=0.03 secs] 
2021-06-02T02:54:22.198+0800: 1617813.850: [GC (Allocation Failure) [PSYoungGen: 502016K->10848K(509440K)] 880587K->395856K(1033728K), 0.0286496 secs] [Times: user=0.04 sys=0.05, real=0.03 secs] 
2021-06-02T02:58:48.125+0800: 1618079.777: [GC (Allocation Failure) [PSYoungGen: 505440K->9056K(509440K)] 890448K->402299K(1033728K), 0.0247688 secs] [Times: user=0.04 sys=0.04, real=0.02 secs] 
2021-06-02T03:03:10.142+0800: 1618341.794: [GC (Allocation Failure) [PSYoungGen: 503648K->8416K(509952K)] 896891K->409171K(1034240K), 0.0312184 secs] [Times: user=0.04 sys=0.04, real=0.04 secs] 
2021-06-02T03:07:34.759+0800: 1618606.411: [GC (Allocation Failure) [PSYoungGen: 504032K->7584K(509952K)] 904787K->414973K(1034240K), 0.0283868 secs] [Times: user=0.03 sys=0.04, real=0.03 secs] 
2021-06-02T03:11:55.799+0800: 1618867.451: [GC (Allocation Failure) [PSYoungGen: 503200K->12256K(508928K)] 910589K->425090K(1033216K), 0.0671429 secs] [Times: user=0.04 sys=0.05, real=0.07 secs] 
2021-06-02T03:16:18.315+0800: 1619129.967: [GC (Allocation Failure) [PSYoungGen: 506848K->10784K(509440K)] 919682K->432948K(1033728K), 0.0349906 secs] [Times: user=0.05 sys=0.05, real=0.03 secs] 
2021-06-02T03:20:44.565+0800: 1619396.217: [GC (Allocation Failure) [PSYoungGen: 505376K->6816K(509440K)] 927540K->437403K(1033728K), 0.0276688 secs] [Times: user=0.03 sys=0.04, real=0.03 secs] 
2021-06-02T03:25:05.066+0800: 1619656.718: [GC (Allocation Failure) [PSYoungGen: 501408K->9568K(509440K)] 931995K->445623K(1033728K), 0.0295525 secs] [Times: user=0.04 sys=0.04, real=0.03 secs] 
2021-06-02T03:29:30.740+0800: 1619922.392: [GC (Allocation Failure) [PSYoungGen: 504160K->9408K(509952K)] 940215K->452570K(1034240K), 0.0258582 secs] [Times: user=0.04 sys=0.04, real=0.03 secs] 
2021-06-02T03:33:50.684+0800: 1620182.336: [GC (Allocation Failure) [PSYoungGen: 505024K->10144K(509952K)] 948186K->461070K(1034240K), 0.0257369 secs] [Times: user=0.04 sys=0.04, real=0.02 secs] 
2021-06-02T03:38:16.716+0800: 1620448.368: [GC (Allocation Failure) [PSYoungGen: 505760K->9984K(510976K)] 956686K->468688K(1035264K), 0.0284007 secs] [Times: user=0.05 sys=0.05, real=0.03 secs] 
2021-06-02T03:42:38.676+0800: 1620710.328: [GC (Allocation Failure) [PSYoungGen: 507136K->9600K(510464K)] 965840K->475730K(1034752K), 0.0284860 secs] [Times: user=0.04 sys=0.04, real=0.03 secs] 
2021-06-02T03:47:01.229+0800: 1620972.881: [GC (Allocation Failure) [PSYoungGen: 506752K->8320K(510976K)] 972882K->481604K(1035264K), 0.0251442 secs] [Times: user=0.04 sys=0.03, real=0.03 secs] 
2021-06-02T03:51:23.340+0800: 1621234.992: [GC (Allocation Failure) [PSYoungGen: 505984K->10304K(510976K)] 979268K->490184K(1035264K), 0.0268140 secs] [Times: user=0.03 sys=0.04, real=0.03 secs] 
2021-06-02T03:55:47.422+0800: 1621499.074: [GC (Allocation Failure) [PSYoungGen: 507968K->9824K(511488K)] 987848K->497411K(1035776K), 0.0535161 secs] [Times: user=0.03 sys=0.04, real=0.06 secs] 
2021-06-02T04:00:08.270+0800: 1621759.922: [GC (Allocation Failure) [PSYoungGen: 508000K->11264K(510976K)] 995587K->507286K(1035264K), 0.0301202 secs] [Times: user=0.04 sys=0.04, real=0.03 secs] 
2021-06-02T04:04:32.298+0800: 1622023.950: [GC (Allocation Failure) [PSYoungGen: 509440K->8672K(511488K)] 1005462K->512736K(1035776K), 0.0254267 secs] [Times: user=0.04 sys=0.04, real=0.03 secs] 
2021-06-02T04:08:54.846+0800: 1622286.498: [GC (Allocation Failure) [PSYoungGen: 506848K->11488K(510976K)] 1010912K->522395K(1035264K), 0.0281300 secs] [Times: user=0.04 sys=0.05, real=0.03 secs] 
2021-06-02T04:13:16.424+0800: 1622548.076: [GC (Allocation Failure) [PSYoungGen: 509664K->10048K(511488K)] 1020571K->529870K(1035776K), 0.0280659 secs] [Times: user=0.04 sys=0.04, real=0.03 secs] 
2021-06-02T04:13:16.453+0800: 1622548.105: [Full GC (Ergonomics) [PSYoungGen: 10048K->0K(511488K)] [ParOldGen: 519822K->301784K(524288K)] 529870K->301784K(1035776K), [Metaspace: 96982K->96982K(1138688K)], 0.5297096 secs] [Times: user=1.13 sys=0.00, real=0.53 secs] 
2021-06-02T04:17:40.684+0800: 1622812.336: [GC (Allocation Failure) [PSYoungGen: 498176K->11360K(510976K)] 799960K->313144K(1035264K), 0.0961870 secs] [Times: user=0.04 sys=0.04, real=0.09 secs] 
2021-06-02T04:22:05.173+0800: 1623076.825: [GC (Allocation Failure) [PSYoungGen: 509536K->11776K(509952K)] 811320K->322715K(1034240K), 0.0296346 secs] [Times: user=0.04 sys=0.05, real=0.03 secs] 
2021-06-02T04:26:30.859+0800: 1623342.511: [GC (Allocation Failure) [PSYoungGen: 508416K->6368K(510464K)] 819355K->326441K(1034752K), 0.0836678 secs] [Times: user=0.05 sys=0.04, real=0.09 secs] 
2021-06-02T04:30:53.568+0800: 1623605.220: [GC (Allocation Failure) [PSYoungGen: 503008K->7872K(510464K)] 823081K->332797K(1034752K), 0.0270751 secs] [Times: user=0.04 sys=0.04, real=0.03 secs] 
2021-06-02T04:35:18.913+0800: 1623870.565: [GC (Allocation Failure) [PSYoungGen: 504512K->7200K(510464K)] 829437K->338504K(1034752K), 0.0264696 secs] [Times: user=0.04 sys=0.05, real=0.02 secs] 
2021-06-02T04:39:41.946+0800: 1624133.598: [GC (Allocation Failure) [PSYoungGen: 503840K->9440K(510976K)] 835144K->346228K(1035264K), 0.0225002 secs] [Times: user=0.07 sys=0.00, real=0.02 secs] 
2021-06-02T04:44:04.900+0800: 1624396.552: [GC (Allocation Failure) [PSYoungGen: 506592K->7840K(510464K)] 843380K->352293K(1034752K), 0.0523934 secs] [Times: user=0.04 sys=0.04, real=0.06 secs] 
2021-06-02T04:48:31.332+0800: 1624662.984: [GC (Allocation Failure) [PSYoungGen: 504992K->5152K(509952K)] 849445K->355655K(1034240K), 0.0942132 secs] [Times: user=0.03 sys=0.03, real=0.10 secs] 
2021-06-02T04:52:56.214+0800: 1624927.866: [GC (Allocation Failure) [PSYoungGen: 501792K->7520K(510464K)] 852295K->361653K(1034752K), 0.0263437 secs] [Times: user=0.03 sys=0.03, real=0.02 secs] 
2021-06-02T04:57:18.636+0800: 1625190.288: [GC (Allocation Failure) [PSYoungGen: 504160K->9728K(510976K)] 858293K->370026K(1035264K), 0.0403801 secs] [Times: user=0.04 sys=0.03, real=0.04 secs] 
2021-06-02T05:01:41.148+0800: 1625452.800: [GC (Allocation Failure) [PSYoungGen: 507349K->10624K(508416K)] 867647K->378092K(1032704K), 0.0537568 secs] [Times: user=0.04 sys=0.04, real=0.06 secs] 
2021-06-02T05:06:05.469+0800: 1625717.121: [GC (Allocation Failure) [PSYoungGen: 508288K->7296K(510976K)] 875756K->383124K(1035264K), 0.0283406 secs] [Times: user=0.04 sys=0.04, real=0.03 secs] 
2021-06-02T05:10:32.170+0800: 1625983.822: [GC (Allocation Failure) [PSYoungGen: 504448K->10176K(510464K)] 880276K->391918K(1034752K), 0.0238354 secs] [Times: user=0.04 sys=0.03, real=0.03 secs] 
2021-06-02T05:14:57.626+0800: 1626249.278: [GC (Allocation Failure) [PSYoungGen: 507328K->6528K(510976K)] 889070K->395657K(1035264K), 0.0238871 secs] [Times: user=0.03 sys=0.04, real=0.02 secs] 
2021-06-02T05:19:24.162+0800: 1626515.814: [GC (Allocation Failure) [PSYoungGen: 504192K->8064K(510976K)] 893321K->402181K(1035264K), 0.0677452 secs] [Times: user=0.04 sys=0.04, real=0.07 secs] 
2021-06-02T05:23:48.616+0800: 1626780.268: [GC (Allocation Failure) [PSYoungGen: 505728K->7392K(511488K)] 899845K->408599K(1035776K), 0.0219084 secs] [Times: user=0.04 sys=0.03, real=0.02 secs] 
2021-06-02T05:28:14.234+0800: 1627045.886: [GC (Allocation Failure) [PSYoungGen: 505568K->8096K(510976K)] 906775K->415281K(1035264K), 0.0265280 secs] [Times: user=0.04 sys=0.04, real=0.02 secs] 
2021-06-02T05:32:42.668+0800: 1627314.320: [GC (Allocation Failure) [PSYoungGen: 506272K->7648K(512000K)] 913457K->420773K(1036288K), 0.0260012 secs] [Times: user=0.04 sys=0.04, real=0.03 secs] 
2021-06-02T05:37:05.819+0800: 1627577.471: [GC (Allocation Failure) [PSYoungGen: 506848K->7200K(511488K)] 919973K->426752K(1035776K), 0.0256491 secs] [Times: user=0.03 sys=0.04, real=0.03 secs] 
2021-06-02T05:41:31.389+0800: 1627843.041: [GC (Allocation Failure) [PSYoungGen: 506400K->6688K(512000K)] 925952K->432234K(1036288K), 0.0249847 secs] [Times: user=0.03 sys=0.04, real=0.03 secs] 
2021-06-02T05:45:57.015+0800: 1628108.667: [GC (Allocation Failure) [PSYoungGen: 506400K->6304K(512000K)] 931946K->436926K(1036288K), 0.0269896 secs] [Times: user=0.04 sys=0.05, real=0.03 secs] 
2021-06-02T05:50:21.432+0800: 1628373.084: [GC (Allocation Failure) [PSYoungGen: 506016K->6944K(512512K)] 936638K->442114K(1036800K), 0.0313109 secs] [Times: user=0.04 sys=0.04, real=0.04 secs] 
2021-06-02T05:54:44.900+0800: 1628636.552: [GC (Allocation Failure) [PSYoungGen: 507168K->7712K(512000K)] 942338K->448478K(1036288K), 0.0300180 secs] [Times: user=0.04 sys=0.03, real=0.03 secs] 
2021-06-02T05:59:13.728+0800: 1628905.380: [GC (Allocation Failure) [PSYoungGen: 507936K->7264K(513024K)] 948702K->453985K(1037312K), 0.0273095 secs] [Times: user=0.03 sys=0.05, real=0.03 secs] 
2021-06-02T06:03:41.701+0800: 1629173.353: [GC (Allocation Failure) [PSYoungGen: 509024K->7168K(513024K)] 955745K->459939K(1037312K), 0.0238608 secs] [Times: user=0.04 sys=0.04, real=0.03 secs] 
2021-06-02T06:08:02.801+0800: 1629434.453: [GC (Allocation Failure) [PSYoungGen: 508928K->10752K(512000K)] 961699K->468928K(1036288K), 0.0290323 secs] [Times: user=0.04 sys=0.04, real=0.03 secs] 
2021-06-02T06:12:29.514+0800: 1629701.166: [GC (Allocation Failure) [PSYoungGen: 511488K->8416K(512512K)] 969664K->474999K(1036800K), 0.0270057 secs] [Times: user=0.04 sys=0.04, real=0.02 secs] 
2021-06-02T06:16:58.144+0800: 1629969.796: [GC (Allocation Failure) [PSYoungGen: 509152K->6336K(512512K)] 975735K->479689K(1036800K), 0.0401941 secs] [Times: user=0.04 sys=0.04, real=0.04 secs] 
2021-06-02T06:21:24.752+0800: 1630236.404: [GC (Allocation Failure) [PSYoungGen: 507072K->5504K(512512K)] 980425K->483877K(1036800K), 0.0236189 secs] [Times: user=0.03 sys=0.04, real=0.03 secs] 
2021-06-02T06:25:46.854+0800: 1630498.506: [GC (Allocation Failure) [PSYoungGen: 506240K->9504K(512512K)] 984613K->491859K(1036800K), 0.0284749 secs] [Times: user=0.04 sys=0.04, real=0.03 secs] 
2021-06-02T06:30:10.578+0800: 1630762.230: [GC (Allocation Failure) [PSYoungGen: 510240K->5472K(512512K)] 992595K->495547K(1036800K), 0.0650217 secs] [Times: user=0.04 sys=0.04, real=0.07 secs] 
2021-06-02T06:34:35.516+0800: 1631027.169: [GC (Allocation Failure) [PSYoungGen: 506208K->10080K(511488K)] 996283K->504153K(1035776K), 0.0301472 secs] [Times: user=0.03 sys=0.03, real=0.03 secs] 
2021-06-02T06:39:04.613+0800: 1631296.265: [GC (Allocation Failure) [PSYoungGen: 509792K->6592K(512000K)] 1003865K->508785K(1036288K), 0.0294199 secs] [Times: user=0.03 sys=0.05, real=0.03 secs] 
2021-06-02T06:43:30.034+0800: 1631561.686: [GC (Allocation Failure) [PSYoungGen: 506304K->6496K(512000K)] 1008497K->513973K(1036288K), 0.0274138 secs] [Times: user=0.04 sys=0.04, real=0.02 secs] 
2021-06-02T06:47:55.320+0800: 1631826.972: [GC (Allocation Failure) [PSYoungGen: 506208K->6752K(512000K)] 1013685K->519559K(1036288K), 0.0264608 secs] [Times: user=0.04 sys=0.05, real=0.03 secs] 
2021-06-02T06:52:20.904+0800: 1632092.556: [GC (Allocation Failure) [PSYoungGen: 506464K->9216K(512512K)] 1019271K->527507K(1036800K), 0.0280452 secs] [Times: user=0.04 sys=0.04, real=0.02 secs] 
2021-06-02T06:52:20.932+0800: 1632092.584: [Full GC (Ergonomics) [PSYoungGen: 9216K->0K(512512K)] [ParOldGen: 518291K->299304K(524288K)] 527507K->299304K(1036800K), [Metaspace: 96982K->96982K(1138688K)], 0.5984318 secs] [Times: user=1.15 sys=0.00, real=0.59 secs] 
2021-06-02T06:56:46.167+0800: 1632357.819: [GC (Allocation Failure) [PSYoungGen: 500736K->9216K(510464K)] 800040K->308520K(1034752K), 0.0263157 secs] [Times: user=0.03 sys=0.03, real=0.03 secs] 
2021-06-02T07:01:13.138+0800: 1632624.790: [GC (Allocation Failure) [PSYoungGen: 509952K->6400K(512512K)] 809256K->312963K(1036800K), 0.0269514 secs] [Times: user=0.04 sys=0.05, real=0.03 secs] 
2021-06-02T07:05:35.872+0800: 1632887.524: [GC (Allocation Failure) [PSYoungGen: 506624K->7338K(512000K)] 813187K->318689K(1036288K), 0.0241093 secs] [Times: user=0.04 sys=0.04, real=0.02 secs] 
2021-06-02T07:10:01.301+0800: 1633152.953: [GC (Allocation Failure) [PSYoungGen: 507562K->8544K(512512K)] 818913K->325517K(1036800K), 0.0577359 secs] [Times: user=0.03 sys=0.04, real=0.06 secs] 
2021-06-02T07:14:26.411+0800: 1633418.063: [GC (Allocation Failure) [PSYoungGen: 509280K->10944K(512000K)] 826253K->334392K(1036288K), 0.0759051 secs] [Times: user=0.05 sys=0.04, real=0.08 secs] 
2021-06-02T07:18:51.437+0800: 1633683.089: [GC (Allocation Failure) [PSYoungGen: 511680K->9824K(510976K)] 835128K->341067K(1035264K), 0.0761103 secs] [Times: user=0.03 sys=0.05, real=0.08 secs] 
2021-06-02T07:23:13.203+0800: 1633944.855: [GC (Allocation Failure) [PSYoungGen: 508512K->6816K(511488K)] 839755K->346457K(1035776K), 0.0243135 secs] [Times: user=0.04 sys=0.04, real=0.02 secs] 
2021-06-02T07:27:38.092+0800: 1634209.744: [GC (Allocation Failure) [PSYoungGen: 505504K->6400K(512000K)] 845145K->351485K(1036288K), 0.0271644 secs] [Times: user=0.03 sys=0.04, real=0.02 secs] 
2021-06-02T07:32:03.814+0800: 1634475.466: [GC (Allocation Failure) [PSYoungGen: 506112K->8768K(512000K)] 851197K->358594K(1036288K), 0.0522793 secs] [Times: user=0.03 sys=0.04, real=0.05 secs] 
2021-06-02T07:36:25.572+0800: 1634737.224: [GC (Allocation Failure) [PSYoungGen: 508480K->9152K(512000K)] 858306K->366016K(1036288K), 0.0301697 secs] [Times: user=0.04 sys=0.04, real=0.03 secs] 
2021-06-02T07:40:52.481+0800: 1635004.133: [GC (Allocation Failure) [PSYoungGen: 508864K->8160K(512000K)] 865728K->372369K(1036288K), 0.0280295 secs] [Times: user=0.04 sys=0.04, real=0.03 secs] 
2021-06-02T07:45:18.512+0800: 1635270.164: [GC (Allocation Failure) [PSYoungGen: 507872K->9440K(511488K)] 872081K->379405K(1035776K), 0.0263950 secs] [Times: user=0.04 sys=0.05, real=0.03 secs] 
2021-06-02T07:49:43.055+0800: 1635534.707: [GC (Allocation Failure) [PSYoungGen: 509152K->6016K(512000K)] 879117K->383693K(1036288K), 0.0283020 secs] [Times: user=0.04 sys=0.04, real=0.03 secs] 
2021-06-02T07:54:10.754+0800: 1635802.406: [GC (Allocation Failure) [PSYoungGen: 505728K->7584K(512512K)] 883405K->389626K(1036800K), 0.0243098 secs] [Times: user=0.04 sys=0.04, real=0.02 secs] 
2021-06-02T07:58:37.043+0800: 1636068.695: [GC (Allocation Failure) [PSYoungGen: 507808K->9984K(512000K)] 889850K->397789K(1036288K), 0.0262371 secs] [Times: user=0.03 sys=0.04, real=0.02 secs] 
2021-06-02T08:03:03.037+0800: 1636334.690: [GC (Allocation Failure) [PSYoungGen: 510208K->6592K(512000K)] 898013K->402373K(1036288K), 0.0245799 secs] [Times: user=0.03 sys=0.05, real=0.03 secs] 
2021-06-02T08:07:29.304+0800: 1636600.956: [GC (Allocation Failure) [PSYoungGen: 506304K->8256K(512000K)] 902085K->409327K(1036288K), 0.0258610 secs] [Times: user=0.04 sys=0.04, real=0.02 secs] 
2021-06-02T08:11:53.261+0800: 1636864.913: [GC (Allocation Failure) [PSYoungGen: 507968K->10528K(511488K)] 909039K->417292K(1035776K), 0.0249794 secs] [Times: user=0.04 sys=0.04, real=0.03 secs] 
2021-06-02T08:16:17.520+0800: 1637129.172: [GC (Allocation Failure) [PSYoungGen: 510240K->10816K(510976K)] 917004K->425534K(1035264K), 0.0489803 secs] [Times: user=0.04 sys=0.04, real=0.05 secs] 
2021-06-02T08:20:41.284+0800: 1637392.936: [GC (Allocation Failure) [PSYoungGen: 510528K->8032K(511488K)] 925246K->432062K(1035776K), 0.0270441 secs] [Times: user=0.04 sys=0.04, real=0.02 secs] 
2021-06-02T08:25:11.022+0800: 1637662.674: [GC (Allocation Failure) [PSYoungGen: 506720K->5088K(511488K)] 930750K->434880K(1035776K), 0.0247687 secs] [Times: user=0.03 sys=0.03, real=0.02 secs] 
2021-06-02T08:29:37.679+0800: 1637929.332: [GC (Allocation Failure) [PSYoungGen: 503776K->8224K(512000K)] 933568K->441646K(1036288K), 0.0260052 secs] [Times: user=0.04 sys=0.03, real=0.03 secs] 
2021-06-02T08:34:02.321+0800: 1638193.973: [GC (Allocation Failure) [PSYoungGen: 507424K->10176K(511488K)] 940846K->449530K(1035776K), 0.0333830 secs] [Times: user=0.04 sys=0.04, real=0.04 secs] 
2021-06-02T08:38:24.689+0800: 1638456.341: [GC (Allocation Failure) [PSYoungGen: 509376K->10592K(510464K)] 948730K->457694K(1034752K), 0.0273865 secs] [Times: user=0.04 sys=0.04, real=0.03 secs] 
2021-06-02T08:42:47.883+0800: 1638719.535: [GC (Allocation Failure) [PSYoungGen: 508249K->8352K(510976K)] 955351K->463744K(1035264K), 0.0246483 secs] [Times: user=0.03 sys=0.04, real=0.02 secs] 
2021-06-02T08:47:11.305+0800: 1638982.957: [GC (Allocation Failure) [PSYoungGen: 506016K->5760K(511488K)] 961408K->467929K(1035776K), 0.0259052 secs] [Times: user=0.04 sys=0.04, real=0.02 secs] 
2021-06-02T08:51:31.575+0800: 1639243.227: [GC (Allocation Failure) [PSYoungGen: 504448K->7840K(511488K)] 966617K->473806K(1035776K), 0.0276615 secs] [Times: user=0.03 sys=0.04, real=0.03 secs] 
2021-06-02T08:55:52.512+0800: 1639504.164: [GC (Allocation Failure) [PSYoungGen: 506528K->7648K(512000K)] 972494K->479929K(1036288K), 0.0251756 secs] [Times: user=0.03 sys=0.03, real=0.02 secs] 
2021-06-02T09:00:17.880+0800: 1639769.532: [GC (Allocation Failure) [PSYoungGen: 507360K->9472K(512000K)] 979641K->487878K(1036288K), 0.0290655 secs] [Times: user=0.03 sys=0.04, real=0.03 secs] 
2021-06-02T09:04:40.136+0800: 1640031.788: [GC (Allocation Failure) [PSYoungGen: 509184K->11584K(509952K)] 987590K->497761K(1034240K), 0.0287549 secs] [Times: user=0.04 sys=0.05, real=0.03 secs] 
2021-06-02T09:09:03.411+0800: 1640295.063: [GC (Allocation Failure) [PSYoungGen: 509248K->10272K(510976K)] 995425K->506245K(1035264K), 0.0665986 secs] [Times: user=0.04 sys=0.04, real=0.07 secs] 
2021-06-02T09:13:26.390+0800: 1640558.042: [GC (Allocation Failure) [PSYoungGen: 507936K->11744K(509952K)] 1003909K->516254K(1034240K), 0.0343244 secs] [Times: user=0.04 sys=0.04, real=0.04 secs] 
2021-06-02T09:17:53.632+0800: 1640825.284: [GC (Allocation Failure) [PSYoungGen: 508384K->6784K(510464K)] 1012894K->519454K(1034752K), 0.0279422 secs] [Times: user=0.03 sys=0.04, real=0.03 secs] 
2021-06-02T09:22:16.122+0800: 1641087.774: [GC (Allocation Failure) [PSYoungGen: 503424K->8384K(510976K)] 1016094K->526483K(1035264K), 0.0250305 secs] [Times: user=0.03 sys=0.04, real=0.03 secs] 
2021-06-02T09:22:16.147+0800: 1641087.799: [Full GC (Ergonomics) [PSYoungGen: 8384K->0K(510976K)] [ParOldGen: 518099K->303243K(524288K)] 526483K->303243K(1035264K), [Metaspace: 96983K->96983K(1138688K)], 0.6336394 secs] [Times: user=1.44 sys=0.00, real=0.63 secs] 
2021-06-02T09:26:42.210+0800: 1641353.862: [GC (Allocation Failure) [PSYoungGen: 497152K->8320K(510464K)] 800395K->311563K(1034752K), 0.0282357 secs] [Times: user=0.03 sys=0.03, real=0.03 secs] 
2021-06-02T09:31:03.872+0800: 1641615.524: [GC (Allocation Failure) [PSYoungGen: 505472K->10688K(510976K)] 808715K->320695K(1035264K), 0.0273232 secs] [Times: user=0.04 sys=0.04, real=0.03 secs] 
2021-06-02T09:35:25.928+0800: 1641877.580: [GC (Allocation Failure) [PSYoungGen: 508352K->11456K(509440K)] 818359K->329953K(1033728K), 0.0460197 secs] [Times: user=0.05 sys=0.05, real=0.05 secs] 
2021-06-02T09:39:48.291+0800: 1642139.943: [GC (Allocation Failure) [PSYoungGen: 509120K->8128K(510464K)] 827617K->335897K(1034752K), 0.0333452 secs] [Times: user=0.04 sys=0.04, real=0.04 secs] 
2021-06-02T09:44:13.654+0800: 1642405.306: [GC (Allocation Failure) [PSYoungGen: 504768K->7104K(510464K)] 832537K->340836K(1034752K), 0.0305815 secs] [Times: user=0.04 sys=0.04, real=0.03 secs] 
2021-06-02T09:48:32.821+0800: 1642664.473: [GC (Allocation Failure) [PSYoungGen: 503744K->9728K(510976K)] 837476K->349184K(1035264K), 0.0367590 secs] [Times: user=0.05 sys=0.05, real=0.04 secs] 
2021-06-02T09:52:54.547+0800: 1642926.199: [GC (Allocation Failure) [PSYoungGen: 506880K->10400K(510464K)] 846336K->357619K(1034752K), 0.0302851 secs] [Times: user=0.04 sys=0.03, real=0.03 secs] 
2021-06-02T09:57:16.507+0800: 1643188.159: [GC (Allocation Failure) [PSYoungGen: 507552K->12320K(508928K)] 854771K->367583K(1033216K), 0.0319521 secs] [Times: user=0.04 sys=0.05, real=0.03 secs] 
2021-06-02T10:01:39.432+0800: 1643451.085: [GC (Allocation Failure) [PSYoungGen: 507936K->9888K(509952K)] 863199K->374593K(1034240K), 0.0310139 secs] [Times: user=0.05 sys=0.04, real=0.03 secs] 
2021-06-02T10:06:01.206+0800: 1643712.858: [GC (Allocation Failure) [PSYoungGen: 505504K->9600K(510464K)] 870209K->381930K(1034752K), 0.0272227 secs] [Times: user=0.04 sys=0.04, real=0.03 secs] 
2021-06-02T10:10:24.770+0800: 1643976.422: [GC (Allocation Failure) [PSYoungGen: 506240K->8608K(510464K)] 878570K->387588K(1034752K), 0.0430678 secs] [Times: user=0.04 sys=0.03, real=0.05 secs] 
2021-06-02T10:14:47.488+0800: 1644239.140: [GC (Allocation Failure) [PSYoungGen: 505248K->9312K(511488K)] 884228K->394974K(1035776K), 0.0566917 secs] [Times: user=0.04 sys=0.04, real=0.06 secs] 
2021-06-02T10:19:09.596+0800: 1644501.248: [GC (Allocation Failure) [PSYoungGen: 507488K->9088K(510976K)] 893150K->400642K(1035264K), 0.0270017 secs] [Times: user=0.04 sys=0.04, real=0.03 secs] 
2021-06-02T10:23:34.737+0800: 1644766.389: [GC (Allocation Failure) [PSYoungGen: 507264K->10144K(511488K)] 898818K->408580K(1035776K), 0.0281111 secs] [Times: user=0.04 sys=0.04, real=0.03 secs] 
2021-06-02T10:27:57.516+0800: 1645029.168: [GC (Allocation Failure) [PSYoungGen: 508832K->11360K(510464K)] 907268K->417560K(1034752K), 0.0295750 secs] [Times: user=0.07 sys=0.00, real=0.03 secs] 
2021-06-02T10:32:18.829+0800: 1645290.481: [GC (Allocation Failure) [PSYoungGen: 510048K->12896K(509952K)] 916248K->426564K(1034240K), 0.0260582 secs] [Times: user=0.03 sys=0.04, real=0.03 secs] 
2021-06-02T10:36:40.093+0800: 1645551.745: [GC (Allocation Failure) [PSYoungGen: 509536K->7872K(510464K)] 923204K->430651K(1034752K), 0.0339834 secs] [Times: user=0.08 sys=0.00, real=0.03 secs] 
2021-06-02T10:41:00.132+0800: 1645811.784: [GC (Allocation Failure) [PSYoungGen: 504512K->8864K(510464K)] 927291K->438031K(1034752K), 0.0278085 secs] [Times: user=0.03 sys=0.04, real=0.03 secs] 
2021-06-02T10:45:23.354+0800: 1646075.006: [GC (Allocation Failure) [PSYoungGen: 505504K->10560K(510464K)] 934671K->445930K(1034752K), 0.0253412 secs] [Times: user=0.03 sys=0.03, real=0.02 secs] 
2021-06-02T10:49:45.061+0800: 1646336.714: [GC (Allocation Failure) [PSYoungGen: 507200K->12640K(509440K)] 942570K->455518K(1033728K), 0.0271099 secs] [Times: user=0.03 sys=0.04, real=0.03 secs] 
2021-06-02T10:54:05.370+0800: 1646597.022: [GC (Allocation Failure) [PSYoungGen: 508256K->11904K(507904K)] 951134K->465015K(1032192K), 0.0282132 secs] [Times: user=0.04 sys=0.03, real=0.03 secs] 
2021-06-02T10:58:26.472+0800: 1646858.124: [GC (Allocation Failure) [PSYoungGen: 507520K->11296K(509440K)] 960631K->473067K(1033728K), 0.0315031 secs] [Times: user=0.04 sys=0.05, real=0.04 secs] 
2021-06-02T11:02:48.865+0800: 1647120.517: [GC (Allocation Failure) [PSYoungGen: 505888K->13408K(508416K)] 967659K->483422K(1032704K), 0.0417955 secs] [Times: user=0.05 sys=0.04, real=0.04 secs] 
2021-06-02T11:07:04.494+0800: 1647376.146: [GC (Allocation Failure) [PSYoungGen: 508000K->14624K(506880K)] 978014K->492842K(1031168K), 0.0360279 secs] [Times: user=0.05 sys=0.05, real=0.03 secs] 
2021-06-02T11:11:21.958+0800: 1647633.610: [GC (Allocation Failure) [PSYoungGen: 506144K->15392K(507392K)] 984362K->503285K(1031680K), 0.0281857 secs] [Times: user=0.04 sys=0.04, real=0.03 secs] 
2021-06-02T11:15:40.353+0800: 1647892.005: [GC (Allocation Failure) [PSYoungGen: 506912K->11136K(507392K)] 994805K->509057K(1031680K), 0.0326156 secs] [Times: user=0.04 sys=0.04, real=0.03 secs] 
2021-06-02T11:19:58.549+0800: 1648150.201: [GC (Allocation Failure) [PSYoungGen: 501632K->10560K(507392K)] 999553K->517273K(1031680K), 0.0596797 secs] [Times: user=0.04 sys=0.05, real=0.06 secs] 
2021-06-02T11:24:14.309+0800: 1648405.961: [GC (Allocation Failure) [PSYoungGen: 501056K->12480K(507904K)] 1007769K->526902K(1032192K), 0.0242362 secs] [Times: user=0.03 sys=0.03, real=0.03 secs] 
2021-06-02T11:24:14.334+0800: 1648405.986: [Full GC (Ergonomics) [PSYoungGen: 12480K->0K(507904K)] [ParOldGen: 514422K->307007K(524288K)] 526902K->307007K(1032192K), [Metaspace: 96983K->96983K(1138688K)], 0.4630610 secs] [Times: user=1.04 sys=0.00, real=0.46 secs] 
2021-06-02T11:28:32.571+0800: 1648664.223: [GC (Allocation Failure) [PSYoungGen: 491520K->11520K(507904K)] 798527K->318527K(1032192K), 0.0227709 secs] [Times: user=0.03 sys=0.04, real=0.03 secs] 
2021-06-02T11:32:48.766+0800: 1648920.418: [GC (Allocation Failure) [PSYoungGen: 503040K->13088K(507392K)] 810047K->329378K(1031680K), 0.1031732 secs] [Times: user=0.04 sys=0.05, real=0.10 secs] 
2021-06-02T11:37:05.362+0800: 1649177.014: [GC (Allocation Failure) [PSYoungGen: 504608K->11680K(507904K)] 820898K->337140K(1032192K), 0.0268993 secs] [Times: user=0.04 sys=0.05, real=0.03 secs] 
2021-06-02T11:41:25.386+0800: 1649437.038: [GC (Allocation Failure) [PSYoungGen: 503200K->10304K(508416K)] 828660K->344773K(1032704K), 0.0302458 secs] [Times: user=0.04 sys=0.05, real=0.03 secs] 
2021-06-02T11:45:43.378+0800: 1649695.030: [GC (Allocation Failure) [PSYoungGen: 502848K->11200K(508416K)] 837317K->353928K(1032704K), 0.0283641 secs] [Times: user=0.04 sys=0.04, real=0.03 secs] 
2021-06-02T11:50:04.083+0800: 1649955.735: [GC (Allocation Failure) [PSYoungGen: 503744K->13728K(507904K)] 846472K->364459K(1032192K), 0.0488724 secs] [Times: user=0.04 sys=0.04, real=0.04 secs] 
2021-06-02T11:54:21.562+0800: 1650213.214: [GC (Allocation Failure) [PSYoungGen: 506272K->12640K(508416K)] 857003K->373926K(1032704K), 0.0692023 secs] [Times: user=0.04 sys=0.04, real=0.07 secs] 
2021-06-02T11:58:43.809+0800: 1650475.461: [GC (Allocation Failure) [PSYoungGen: 505184K->9600K(508416K)] 866470K->380878K(1032704K), 0.0252821 secs] [Times: user=0.04 sys=0.04, real=0.03 secs] 
2021-06-02T12:03:05.187+0800: 1650736.839: [GC (Allocation Failure) [PSYoungGen: 502144K->8640K(508416K)] 873422K->387808K(1032704K), 0.0247851 secs] [Times: user=0.04 sys=0.04, real=0.03 secs] 
2021-06-02T12:07:27.174+0800: 1650998.826: [GC (Allocation Failure) [PSYoungGen: 501184K->7872K(508416K)] 880352K->393603K(1032704K), 0.0571388 secs] [Times: user=0.08 sys=0.00, real=0.05 secs] 
2021-06-02T12:11:50.291+0800: 1651261.943: [GC (Allocation Failure) [PSYoungGen: 500416K->9056K(508416K)] 886147K->400550K(1032704K), 0.0242638 secs] [Times: user=0.03 sys=0.04, real=0.03 secs] 
2021-06-02T12:16:09.326+0800: 1651520.978: [GC (Allocation Failure) [PSYoungGen: 501600K->8352K(508416K)] 893094K->406519K(1032704K), 0.0303587 secs] [Times: user=0.04 sys=0.05, real=0.03 secs] 
2021-06-02T12:20:28.565+0800: 1651780.217: [GC (Allocation Failure) [PSYoungGen: 500896K->8960K(508416K)] 899063K->413817K(1032704K), 0.0235191 secs] [Times: user=0.07 sys=0.00, real=0.02 secs] 
2021-06-02T12:24:51.409+0800: 1652043.061: [GC (Allocation Failure) [PSYoungGen: 501504K->9024K(508928K)] 906361K->420795K(1033216K), 0.0243313 secs] [Times: user=0.04 sys=0.04, real=0.03 secs] 
2021-06-02T12:29:12.076+0800: 1652303.728: [GC (Allocation Failure) [PSYoungGen: 502592K->7840K(508928K)] 914363K->425614K(1033216K), 0.0251552 secs] [Times: user=0.07 sys=0.00, real=0.02 secs] 
2021-06-02T12:33:33.820+0800: 1652565.472: [GC (Allocation Failure) [PSYoungGen: 501408K->6656K(508928K)] 919182K->430640K(1033216K), 0.0221150 secs] [Times: user=0.04 sys=0.03, real=0.03 secs] 
2021-06-02T12:37:51.949+0800: 1652823.601: [GC (Allocation Failure) [PSYoungGen: 500224K->8032K(508928K)] 924208K->437547K(1033216K), 0.0219493 secs] [Times: user=0.03 sys=0.03, real=0.02 secs] 
2021-06-02T12:42:12.568+0800: 1653084.220: [GC (Allocation Failure) [PSYoungGen: 501600K->9120K(509952K)] 931115K->444822K(1034240K), 0.0425599 secs] [Times: user=0.04 sys=0.04, real=0.04 secs] 
2021-06-02T12:46:35.652+0800: 1653347.304: [GC (Allocation Failure) [PSYoungGen: 504224K->9824K(509440K)] 939926K->452641K(1033728K), 0.0301327 secs] [Times: user=0.04 sys=0.04, real=0.03 secs] 
2021-06-02T12:51:01.350+0800: 1653613.002: [GC (Allocation Failure) [PSYoungGen: 504928K->7616K(510464K)] 947745K->458491K(1034752K), 0.0263958 secs] [Times: user=0.03 sys=0.04, real=0.03 secs] 
2021-06-02T12:55:25.109+0800: 1653876.761: [GC (Allocation Failure) [PSYoungGen: 503744K->9696K(509952K)] 954619K->467063K(1034240K), 0.0759061 secs] [Times: user=0.03 sys=0.04, real=0.08 secs] 
2021-06-02T12:59:50.832+0800: 1654142.484: [GC (Allocation Failure) [PSYoungGen: 505824K->8960K(510976K)] 963191K->474809K(1035264K), 0.0262133 secs] [Times: user=0.04 sys=0.04, real=0.02 secs] 
2021-06-02T13:04:08.058+0800: 1654399.710: [GC (Allocation Failure) [PSYoungGen: 506112K->7594K(510464K)] 971961K->480421K(1034752K), 0.0646726 secs] [Times: user=0.04 sys=0.04, real=0.07 secs] 
2021-06-02T13:08:31.167+0800: 1654662.819: [GC (Allocation Failure) [PSYoungGen: 504746K->11072K(509952K)] 977573K->489521K(1034240K), 0.0255640 secs] [Times: user=0.04 sys=0.04, real=0.03 secs] 
2021-06-02T13:12:53.165+0800: 1654924.817: [GC (Allocation Failure) [PSYoungGen: 507712K->12224K(508928K)] 986161K->498987K(1033216K), 0.0457809 secs] [Times: user=0.04 sys=0.04, real=0.05 secs] 
2021-06-02T13:17:18.315+0800: 1655189.967: [GC (Allocation Failure) [PSYoungGen: 508864K->11712K(508928K)] 995627K->507838K(1033216K), 0.0372898 secs] [Times: user=0.04 sys=0.04, real=0.04 secs] 
2021-06-02T13:21:43.925+0800: 1655455.577: [GC (Allocation Failure) [PSYoungGen: 506304K->7200K(509440K)] 1002430K->511927K(1033728K), 0.0238376 secs] [Times: user=0.03 sys=0.04, real=0.02 secs] 
2021-06-02T13:26:07.492+0800: 1655719.144: [GC (Allocation Failure) [PSYoungGen: 501792K->7904K(509952K)] 1006519K->517858K(1034240K), 0.0367981 secs] [Times: user=0.03 sys=0.06, real=0.03 secs] 
2021-06-02T13:30:32.478+0800: 1655984.130: [GC (Allocation Failure) [PSYoungGen: 503008K->7808K(509440K)] 1012962K->524229K(1033728K), 0.0237248 secs] [Times: user=0.04 sys=0.03, real=0.02 secs] 
2021-06-02T13:30:32.502+0800: 1655984.154: [Full GC (Ergonomics) [PSYoungGen: 7808K->0K(509440K)] [ParOldGen: 516421K->298359K(524288K)] 524229K->298359K(1033728K), [Metaspace: 96983K->96979K(1138688K)], 0.5406780 secs] [Times: user=1.14 sys=0.00, real=0.54 secs] 
2021-06-02T13:34:56.572+0800: 1656248.224: [GC (Allocation Failure) [PSYoungGen: 495104K->8224K(510464K)] 793463K->306583K(1034752K), 0.0206583 secs] [Times: user=0.03 sys=0.04, real=0.03 secs] 
2021-06-02T13:39:18.563+0800: 1656510.215: [GC (Allocation Failure) [PSYoungGen: 504352K->10624K(509952K)] 802711K->314500K(1034240K), 0.0230595 secs] [Times: user=0.04 sys=0.04, real=0.02 secs] 
2021-06-02T13:43:47.039+0800: 1656778.691: [GC (Allocation Failure) [PSYoungGen: 506752K->10432K(510464K)] 810628K->322399K(1034752K), 0.0215821 secs] [Times: user=0.03 sys=0.03, real=0.02 secs] 
2021-06-02T13:48:12.370+0800: 1657044.022: [GC (Allocation Failure) [PSYoungGen: 507072K->5600K(502272K)] 819039K->325758K(1026560K), 0.0265261 secs] [Times: user=0.04 sys=0.03, real=0.03 secs] 
2021-06-02T13:52:35.322+0800: 1657306.974: [GC (Allocation Failure) [PSYoungGen: 502240K->6688K(509952K)] 822398K->330651K(1034240K), 0.0280919 secs] [Times: user=0.04 sys=0.04, real=0.02 secs] 
2021-06-02T13:56:58.474+0800: 1657570.126: [GC (Allocation Failure) [PSYoungGen: 502304K->6656K(509952K)] 826267K->335999K(1034240K), 0.0276067 secs] [Times: user=0.03 sys=0.04, real=0.02 secs] 
2021-06-02T14:01:21.120+0800: 1657832.772: [GC (Allocation Failure) [PSYoungGen: 502272K->10336K(509440K)] 831615K->344829K(1033728K), 0.0280283 secs] [Times: user=0.04 sys=0.04, real=0.03 secs] 
2021-06-02T14:05:43.520+0800: 1658095.172: [GC (Allocation Failure) [PSYoungGen: 505952K->11232K(509952K)] 840445K->353905K(1034240K), 0.0280317 secs] [Times: user=0.04 sys=0.04, real=0.03 secs] 
2021-06-02T14:10:07.077+0800: 1658358.729: [GC (Allocation Failure) [PSYoungGen: 506848K->10144K(509952K)] 849521K->360709K(1034240K), 0.0249415 secs] [Times: user=0.04 sys=0.03, real=0.02 secs] 
2021-06-02T14:14:28.859+0800: 1658620.512: [GC (Allocation Failure) [PSYoungGen: 505760K->10816K(509952K)] 856325K->368984K(1034240K), 0.0344175 secs] [Times: user=0.04 sys=0.04, real=0.04 secs] 
2021-06-02T14:18:54.219+0800: 1658885.871: [GC (Allocation Failure) [PSYoungGen: 506432K->5248K(508928K)] 864600K->372597K(1033216K), 0.0263811 secs] [Times: user=0.03 sys=0.04, real=0.03 secs] 
2021-06-02T14:23:13.609+0800: 1659145.261: [GC (Allocation Failure) [PSYoungGen: 499840K->8480K(509440K)] 867189K->379642K(1033728K), 0.0228357 secs] [Times: user=0.03 sys=0.04, real=0.02 secs] 
2021-06-02T14:27:34.530+0800: 1659406.182: [GC (Allocation Failure) [PSYoungGen: 503072K->7072K(510464K)] 874234K->385380K(1034752K), 0.0200024 secs] [Times: user=0.03 sys=0.04, real=0.02 secs] 
2021-06-02T14:31:59.220+0800: 1659670.872: [GC (Allocation Failure) [PSYoungGen: 503200K->9856K(509952K)] 881508K->393632K(1034240K), 0.0263811 secs] [Times: user=0.04 sys=0.03, real=0.03 secs] 
2021-06-02T14:36:25.461+0800: 1659937.113: [GC (Allocation Failure) [PSYoungGen: 505982K->8640K(510976K)] 889758K->400003K(1035264K), 0.0380855 secs] [Times: user=0.04 sys=0.04, real=0.04 secs] 
2021-06-02T14:40:44.129+0800: 1660195.781: [GC (Allocation Failure) [PSYoungGen: 505792K->10656K(510464K)] 897155K->408903K(1034752K), 0.0276602 secs] [Times: user=0.03 sys=0.04, real=0.03 secs] 
2021-06-02T14:45:06.475+0800: 1660458.127: [GC (Allocation Failure) [PSYoungGen: 507808K->7968K(510976K)] 906055K->413529K(1035264K), 0.0222777 secs] [Times: user=0.03 sys=0.03, real=0.02 secs] 
2021-06-02T14:49:30.211+0800: 1660721.863: [GC (Allocation Failure) [PSYoungGen: 505120K->7232K(510464K)] 910681K->419683K(1034752K), 0.0226045 secs] [Times: user=0.03 sys=0.04, real=0.03 secs] 
2021-06-02T14:53:52.451+0800: 1660984.103: [GC (Allocation Failure) [PSYoungGen: 504384K->8288K(511488K)] 916835K->426071K(1035776K), 0.0232282 secs] [Times: user=0.04 sys=0.04, real=0.03 secs] 
2021-06-02T14:58:17.305+0800: 1661248.957: [GC (Allocation Failure) [PSYoungGen: 506464K->9984K(510976K)] 924247K->434186K(1035264K), 0.0599652 secs] [Times: user=0.04 sys=0.04, real=0.06 secs] 
2021-06-02T15:02:40.189+0800: 1661511.841: [GC (Allocation Failure) [PSYoungGen: 508160K->10208K(510464K)] 932362K->441758K(1034752K), 0.0268539 secs] [Times: user=0.04 sys=0.04, real=0.03 secs] 
2021-06-02T15:06:59.850+0800: 1661771.502: [GC (Allocation Failure) [PSYoungGen: 507872K->11136K(510976K)] 939422K->451247K(1035264K), 0.0282369 secs] [Times: user=0.03 sys=0.04, real=0.03 secs] 
2021-06-02T15:11:20.350+0800: 1662032.002: [GC (Allocation Failure) [PSYoungGen: 508800K->12288K(508928K)] 948911K->460466K(1033216K), 0.0628367 secs] [Times: user=0.04 sys=0.04, real=0.07 secs] 
2021-06-02T15:15:42.618+0800: 1662294.270: [GC (Allocation Failure) [PSYoungGen: 507904K->12768K(508416K)] 956082K->470031K(1032704K), 0.0575854 secs] [Times: user=0.04 sys=0.03, real=0.06 secs] 
2021-06-02T15:20:08.036+0800: 1662559.688: [GC (Allocation Failure) [PSYoungGen: 508384K->8224K(509440K)] 965647K->475454K(1033728K), 0.0231558 secs] [Times: user=0.04 sys=0.04, real=0.02 secs] 
2021-06-02T15:24:35.192+0800: 1662826.845: [GC (Allocation Failure) [PSYoungGen: 502816K->8288K(509440K)] 970046K->481722K(1033728K), 0.0237568 secs] [Times: user=0.03 sys=0.03, real=0.02 secs] 
2021-06-02T15:28:59.698+0800: 1663091.350: [GC (Allocation Failure) [PSYoungGen: 502880K->6048K(508928K)] 976314K->486490K(1033216K), 0.0264823 secs] [Times: user=0.03 sys=0.05, real=0.03 secs] 
2021-06-02T15:33:22.194+0800: 1663353.847: [GC (Allocation Failure) [PSYoungGen: 500640K->9600K(509440K)] 981082K->494519K(1033728K), 0.0247303 secs] [Times: user=0.03 sys=0.04, real=0.02 secs] 
2021-06-02T15:37:45.686+0800: 1663617.338: [GC (Allocation Failure) [PSYoungGen: 504192K->10976K(509952K)] 989111K->502756K(1034240K), 0.0306762 secs] [Times: user=0.03 sys=0.03, real=0.03 secs] 
2021-06-02T15:42:06.436+0800: 1663878.089: [GC (Allocation Failure) [PSYoungGen: 506592K->11200K(506880K)] 998372K->511183K(1031168K), 0.0259814 secs] [Times: user=0.04 sys=0.04, real=0.03 secs] 
2021-06-02T15:46:31.919+0800: 1664143.571: [GC (Allocation Failure) [PSYoungGen: 506816K->6880K(509440K)] 1006799K->516284K(1033728K), 0.0235761 secs] [Times: user=0.03 sys=0.03, real=0.03 secs] 
2021-06-02T15:50:57.333+0800: 1664408.985: [GC (Allocation Failure) [PSYoungGen: 501472K->6592K(509440K)] 1010876K->521480K(1033728K), 0.0348383 secs] [Times: user=0.03 sys=0.03, real=0.03 secs] 
2021-06-02T15:50:57.368+0800: 1664409.020: [Full GC (Ergonomics) [PSYoungGen: 6592K->0K(509440K)] [ParOldGen: 514888K->301656K(524288K)] 521480K->301656K(1033728K), [Metaspace: 96982K->96982K(1138688K)], 0.4954294 secs] [Times: user=1.08 sys=0.00, real=0.50 secs] 
2021-06-02T15:55:21.300+0800: 1664672.952: [GC (Allocation Failure) [PSYoungGen: 494592K->8928K(509952K)] 796248K->310584K(1034240K), 0.0248456 secs] [Times: user=0.02 sys=0.03, real=0.03 secs] 
2021-06-02T15:59:43.327+0800: 1664934.979: [GC (Allocation Failure) [PSYoungGen: 504032K->9600K(509440K)] 805688K->318283K(1033728K), 0.0580967 secs] [Times: user=0.03 sys=0.04, real=0.06 secs] 
2021-06-02T16:04:06.289+0800: 1665197.941: [GC (Allocation Failure) [PSYoungGen: 504704K->11584K(509440K)] 813387K->328333K(1033728K), 0.0294420 secs] [Times: user=0.04 sys=0.04, real=0.03 secs] 
2021-06-02T16:08:26.394+0800: 1665458.046: [GC (Allocation Failure) [PSYoungGen: 507200K->10720K(509952K)] 823949K->336863K(1034240K), 0.0234361 secs] [Times: user=0.03 sys=0.04, real=0.02 secs] 
2021-06-02T16:12:48.205+0800: 1665719.857: [GC (Allocation Failure) [PSYoungGen: 506336K->9568K(510464K)] 832479K->343745K(1034752K), 0.0419541 secs] [Times: user=0.04 sys=0.04, real=0.04 secs] 
2021-06-02T16:17:10.899+0800: 1665982.551: [GC (Allocation Failure) [PSYoungGen: 505696K->9760K(509952K)] 839873K->351611K(1034240K), 0.0221777 secs] [Times: user=0.03 sys=0.03, real=0.02 secs] 
2021-06-02T16:21:35.906+0800: 1666247.558: [GC (Allocation Failure) [PSYoungGen: 505888K->10624K(510464K)] 847739K->359653K(1034752K), 0.0419643 secs] [Times: user=0.07 sys=0.00, real=0.04 secs] 
2021-06-02T16:25:59.630+0800: 1666511.282: [GC (Allocation Failure) [PSYoungGen: 507264K->8320K(510464K)] 856293K->365516K(1034752K), 0.0243103 secs] [Times: user=0.04 sys=0.04, real=0.03 secs] 
2021-06-02T16:30:25.231+0800: 1666776.883: [GC (Allocation Failure) [PSYoungGen: 504960K->9472K(510976K)] 862156K->373414K(1035264K), 0.0255321 secs] [Times: user=0.03 sys=0.04, real=0.03 secs] 
2021-06-02T16:34:51.628+0800: 1667043.281: [GC (Allocation Failure) [PSYoungGen: 507136K->8064K(510976K)] 871078K->378641K(1035264K), 0.0247776 secs] [Times: user=0.04 sys=0.04, real=0.03 secs] 
2021-06-02T16:39:16.200+0800: 1667307.852: [GC (Allocation Failure) [PSYoungGen: 505728K->8064K(511488K)] 876305K->385331K(1035776K), 0.0287015 secs] [Times: user=0.04 sys=0.04, real=0.03 secs] 
2021-06-02T16:43:41.126+0800: 1667572.778: [GC (Allocation Failure) [PSYoungGen: 506752K->9856K(511488K)] 884019K->393192K(1035776K), 0.0274269 secs] [Times: user=0.04 sys=0.04, real=0.03 secs] 
2021-06-02T16:48:04.982+0800: 1667836.634: [GC (Allocation Failure) [PSYoungGen: 508544K->11200K(510464K)] 891880K->401643K(1034752K), 0.0301739 secs] [Times: user=0.05 sys=0.04, real=0.03 secs] 
2021-06-02T16:52:27.949+0800: 1668099.602: [GC (Allocation Failure) [PSYoungGen: 508864K->12768K(510464K)] 899307K->410262K(1034752K), 0.0300689 secs] [Times: user=0.05 sys=0.05, real=0.03 secs] 
2021-06-02T16:56:47.610+0800: 1668359.262: [GC (Allocation Failure) [PSYoungGen: 510432K->12384K(508416K)] 907926K->419888K(1032704K), 0.0436070 secs] [Times: user=0.05 sys=0.04, real=0.05 secs] 
2021-06-02T17:01:14.586+0800: 1668626.238: [GC (Allocation Failure) [PSYoungGen: 506976K->3744K(498688K)] 914480K->420908K(1022976K), 0.0462818 secs] [Times: user=0.08 sys=0.00, real=0.05 secs] 
2021-06-02T17:05:38.269+0800: 1668889.921: [GC (Allocation Failure) [PSYoungGen: 498336K->5920K(508928K)] 915500K->425514K(1033216K), 0.0237801 secs] [Times: user=0.04 sys=0.04, real=0.03 secs] 
2021-06-02T17:10:00.153+0800: 1669151.805: [GC (Allocation Failure) [PSYoungGen: 499488K->8768K(508928K)] 919082K->432815K(1033216K), 0.0379943 secs] [Times: user=0.05 sys=0.06, real=0.03 secs] 
2021-06-02T17:14:19.760+0800: 1669411.412: [GC (Allocation Failure) [PSYoungGen: 502336K->10752K(509440K)] 926383K->441475K(1033728K), 0.0695541 secs] [Times: user=0.04 sys=0.05, real=0.07 secs] 
2021-06-02T17:18:42.807+0800: 1669674.459: [GC (Allocation Failure) [PSYoungGen: 505344K->11488K(506368K)] 936067K->449990K(1030656K), 0.0274361 secs] [Times: user=0.04 sys=0.04, real=0.03 secs] 
2021-06-02T17:23:07.049+0800: 1669938.701: [GC (Allocation Failure) [PSYoungGen: 506080K->9056K(509440K)] 944582K->456071K(1033728K), 0.0248890 secs] [Times: user=0.07 sys=0.00, real=0.03 secs] 
2021-06-02T17:27:27.627+0800: 1670199.279: [GC (Allocation Failure) [PSYoungGen: 503136K->11072K(508928K)] 950151K->465202K(1033216K), 0.0225839 secs] [Times: user=0.07 sys=0.00, real=0.02 secs] 
2021-06-02T17:31:47.875+0800: 1670459.527: [GC (Allocation Failure) [PSYoungGen: 505152K->9568K(509952K)] 959282K->472203K(1034240K), 0.0250281 secs] [Times: user=0.03 sys=0.04, real=0.02 secs] 
2021-06-02T17:36:12.747+0800: 1670724.399: [GC (Allocation Failure) [PSYoungGen: 504672K->7776K(509440K)] 967307K->478155K(1033728K), 0.0275420 secs] [Times: user=0.04 sys=0.03, real=0.03 secs] 
2021-06-02T17:40:33.979+0800: 1670985.631: [GC (Allocation Failure) [PSYoungGen: 502880K->6784K(509952K)] 973259K->483335K(1034240K), 0.0212383 secs] [Times: user=0.04 sys=0.03, real=0.02 secs] 
2021-06-02T17:44:58.330+0800: 1671249.982: [GC (Allocation Failure) [PSYoungGen: 502400K->7968K(509952K)] 978951K->489986K(1034240K), 0.0233316 secs] [Times: user=0.03 sys=0.04, real=0.03 secs] 
2021-06-02T17:49:19.875+0800: 1671511.527: [GC (Allocation Failure) [PSYoungGen: 503584K->11136K(509440K)] 985602K->499574K(1033728K), 0.0232888 secs] [Times: user=0.04 sys=0.03, real=0.02 secs] 
2021-06-02T17:53:41.872+0800: 1671773.524: [GC (Allocation Failure) [PSYoungGen: 506752K->12960K(508928K)] 995190K->510090K(1033216K), 0.0285683 secs] [Times: user=0.04 sys=0.05, real=0.03 secs] 
2021-06-02T17:58:06.107+0800: 1672037.759: [GC (Allocation Failure) [PSYoungGen: 508576K->8480K(509440K)] 1005706K->515138K(1033728K), 0.0243999 secs] [Times: user=0.03 sys=0.04, real=0.02 secs] 
2021-06-02T18:02:30.560+0800: 1672302.212: [GC (Allocation Failure) [PSYoungGen: 503072K->5184K(509440K)] 1009730K->517629K(1033728K), 0.0230421 secs] [Times: user=0.02 sys=0.03, real=0.03 secs] 
2021-06-02T18:06:56.217+0800: 1672567.869: [GC (Allocation Failure) [PSYoungGen: 499776K->8736K(509952K)] 1012221K->524986K(1034240K), 0.0237114 secs] [Times: user=0.04 sys=0.04, real=0.02 secs] 
2021-06-02T18:06:56.241+0800: 1672567.893: [Full GC (Ergonomics) [PSYoungGen: 8736K->0K(509952K)] [ParOldGen: 516250K->302356K(524288K)] 524986K->302356K(1034240K), [Metaspace: 96982K->96982K(1138688K)], 0.5321123 secs] [Times: user=1.15 sys=0.00, real=0.54 secs] 
2021-06-02T18:11:17.134+0800: 1672828.786: [GC (Allocation Failure) [PSYoungGen: 495104K->9280K(509440K)] 797460K->311636K(1033728K), 0.0200477 secs] [Times: user=0.04 sys=0.04, real=0.02 secs] 
2021-06-02T18:15:43.256+0800: 1673094.908: [GC (Allocation Failure) [PSYoungGen: 504384K->4896K(509440K)] 806740K->314612K(1033728K), 0.0224499 secs] [Times: user=0.03 sys=0.03, real=0.02 secs] 
2021-06-02T18:20:07.772+0800: 1673359.424: [GC (Allocation Failure) [PSYoungGen: 500512K->9632K(509952K)] 810228K->322442K(1034240K), 0.0246070 secs] [Times: user=0.07 sys=0.00, real=0.03 secs] 
2021-06-02T18:24:35.741+0800: 1673627.393: [GC (Allocation Failure) [PSYoungGen: 505248K->11680K(508928K)] 818058K->331590K(1033216K), 0.0546327 secs] [Times: user=0.03 sys=0.04, real=0.06 secs] 
2021-06-02T18:28:58.079+0800: 1673889.731: [GC (Allocation Failure) [PSYoungGen: 506272K->10688K(509440K)] 826182K->339006K(1033728K), 0.0284701 secs] [Times: user=0.08 sys=0.00, real=0.03 secs] 
2021-06-02T18:33:21.997+0800: 1674153.649: [GC (Allocation Failure) [PSYoungGen: 505280K->8096K(509952K)] 833598K->344526K(1034240K), 0.0232243 secs] [Times: user=0.03 sys=0.04, real=0.02 secs] 
2021-06-02T18:37:48.690+0800: 1674420.342: [GC (Allocation Failure) [PSYoungGen: 503200K->5504K(509440K)] 839630K->348695K(1033728K), 0.0248632 secs] [Times: user=0.07 sys=0.00, real=0.03 secs] 
2021-06-02T18:42:13.868+0800: 1674685.520: [GC (Allocation Failure) [PSYoungGen: 500608K->10048K(509952K)] 843799K->357509K(1034240K), 0.0255497 secs] [Times: user=0.02 sys=0.03, real=0.03 secs] 
2021-06-02T18:46:34.369+0800: 1674946.021: [GC (Allocation Failure) [PSYoungGen: 505664K->8096K(509952K)] 853125K->363902K(1034240K), 0.0212697 secs] [Times: user=0.07 sys=0.00, real=0.02 secs] 
2021-06-02T18:50:58.169+0800: 1675209.821: [GC (Allocation Failure) [PSYoungGen: 503712K->6464K(510464K)] 859518K->369184K(1034752K), 0.0205143 secs] [Times: user=0.03 sys=0.04, real=0.02 secs] 
2021-06-02T18:55:19.786+0800: 1675471.438: [GC (Allocation Failure) [PSYoungGen: 503104K->7808K(510464K)] 865824K->375714K(1034752K), 0.0228194 secs] [Times: user=0.04 sys=0.04, real=0.02 secs] 
2021-06-02T18:59:41.201+0800: 1675732.853: [GC (Allocation Failure) [PSYoungGen: 504448K->10240K(509952K)] 872354K->384046K(1034240K), 0.0276437 secs] [Times: user=0.04 sys=0.04, real=0.03 secs] 
2021-06-02T19:03:54.332+0800: 1675985.984: [GC (Allocation Failure) [PSYoungGen: 506880K->10986K(507904K)] 880686K->393443K(1032192K), 0.0217463 secs] [Times: user=0.04 sys=0.03, real=0.03 secs] 
2021-06-02T19:08:19.581+0800: 1676251.233: [GC (Allocation Failure) [PSYoungGen: 507626K->7456K(510464K)] 890083K->399459K(1034752K), 0.0245565 secs] [Times: user=0.03 sys=0.04, real=0.03 secs] 
2021-06-02T19:12:44.969+0800: 1676516.621: [GC (Allocation Failure) [PSYoungGen: 503584K->6048K(509952K)] 895587K->403622K(1034240K), 0.0227784 secs] [Times: user=0.04 sys=0.04, real=0.02 secs] 
2021-06-02T19:17:10.251+0800: 1676781.903: [GC (Allocation Failure) [PSYoungGen: 502176K->6560K(510464K)] 899750K->408514K(1034752K), 0.0234225 secs] [Times: user=0.03 sys=0.03, real=0.03 secs] 
2021-06-02T19:21:32.633+0800: 1677044.285: [GC (Allocation Failure) [PSYoungGen: 503200K->8832K(510464K)] 905154K->416022K(1034752K), 0.0228806 secs] [Times: user=0.03 sys=0.03, real=0.02 secs] 
2021-06-02T19:25:59.309+0800: 1677310.961: [GC (Allocation Failure) [PSYoungGen: 505472K->5760K(510976K)] 912662K->420080K(1035264K), 0.0324827 secs] [Times: user=0.03 sys=0.04, real=0.03 secs] 
2021-06-02T19:30:24.567+0800: 1677576.220: [GC (Allocation Failure) [PSYoungGen: 503424K->7808K(510976K)] 917744K->426437K(1035264K), 0.0229182 secs] [Times: user=0.03 sys=0.03, real=0.02 secs] 
2021-06-02T19:34:46.446+0800: 1677838.098: [GC (Allocation Failure) [PSYoungGen: 505472K->8832K(511488K)] 924101K->433337K(1035776K), 0.0220077 secs] [Times: user=0.03 sys=0.04, real=0.02 secs] 
2021-06-02T19:39:07.026+0800: 1678098.678: [GC (Allocation Failure) [PSYoungGen: 507520K->10176K(511488K)] 932025K->442012K(1035776K), 0.0270601 secs] [Times: user=0.03 sys=0.04, real=0.03 secs] 
2021-06-02T19:43:29.747+0800: 1678361.399: [GC (Allocation Failure) [PSYoungGen: 508864K->10368K(510464K)] 940700K->449744K(1034752K), 0.0274366 secs] [Times: user=0.04 sys=0.03, real=0.03 secs] 
2021-06-02T19:47:53.679+0800: 1678625.331: [GC (Allocation Failure) [PSYoungGen: 508032K->7040K(510976K)] 947408K->454808K(1035264K), 0.0232604 secs] [Times: user=0.03 sys=0.04, real=0.03 secs] 
2021-06-02T19:52:18.302+0800: 1678889.954: [GC (Allocation Failure) [PSYoungGen: 504704K->8192K(511488K)] 952472K->461490K(1035776K), 0.0263002 secs] [Times: user=0.03 sys=0.04, real=0.03 secs] 
2021-06-02T19:56:45.993+0800: 1679157.645: [GC (Allocation Failure) [PSYoungGen: 506368K->6816K(510976K)] 959666K->466198K(1035264K), 0.0220928 secs] [Times: user=0.04 sys=0.03, real=0.02 secs] 
2021-06-02T20:01:12.182+0800: 1679423.834: [GC (Allocation Failure) [PSYoungGen: 504992K->6688K(512000K)] 964374K->470889K(1036288K), 0.0221218 secs] [Times: user=0.03 sys=0.03, real=0.02 secs] 
2021-06-02T20:05:41.857+0800: 1679693.509: [GC (Allocation Failure) [PSYoungGen: 505888K->4480K(511488K)] 970089K->474004K(1035776K), 0.0210744 secs] [Times: user=0.04 sys=0.03, real=0.02 secs] 
2021-06-02T20:10:07.972+0800: 1679959.624: [GC (Allocation Failure) [PSYoungGen: 503680K->6752K(512000K)] 973204K->479337K(1036288K), 0.0200174 secs] [Times: user=0.03 sys=0.03, real=0.02 secs] 
2021-06-02T20:14:32.601+0800: 1680224.253: [GC (Allocation Failure) [PSYoungGen: 505952K->7936K(511488K)] 978537K->485326K(1035776K), 0.0222610 secs] [Times: user=0.04 sys=0.04, real=0.03 secs] 
2021-06-02T20:18:55.045+0800: 1680486.698: [GC (Allocation Failure) [PSYoungGen: 507136K->11744K(505344K)] 984526K->495202K(1029632K), 0.0263905 secs] [Times: user=0.03 sys=0.04, real=0.02 secs] 
2021-06-02T20:23:15.536+0800: 1680747.188: [GC (Allocation Failure) [PSYoungGen: 505312K->8992K(508928K)] 988770K->501442K(1033216K), 0.0285697 secs] [Times: user=0.08 sys=0.00, real=0.03 secs] 
2021-06-02T20:27:35.880+0800: 1681007.532: [GC (Allocation Failure) [PSYoungGen: 502560K->7904K(509952K)] 995010K->506820K(1034240K), 0.0236154 secs] [Times: user=0.03 sys=0.03, real=0.03 secs] 
2021-06-02T20:32:00.219+0800: 1681271.871: [GC (Allocation Failure) [PSYoungGen: 503008K->7040K(509440K)] 1001924K->512174K(1033728K), 0.0241141 secs] [Times: user=0.04 sys=0.04, real=0.03 secs] 
2021-06-02T20:36:25.152+0800: 1681536.804: [GC (Allocation Failure) [PSYoungGen: 502144K->5856K(510464K)] 1007278K->516297K(1034752K), 0.0245514 secs] [Times: user=0.04 sys=0.04, real=0.02 secs] 
2021-06-02T20:40:46.823+0800: 1681798.475: [GC (Allocation Failure) [PSYoungGen: 501984K->4928K(509952K)] 1012425K->518973K(1034240K), 0.0229372 secs] [Times: user=0.03 sys=0.03, real=0.02 secs] 
2021-06-02T20:45:08.401+0800: 1682060.053: [GC (Allocation Failure) [PSYoungGen: 501056K->6560K(510464K)] 1015101K->524234K(1034752K), 0.0250454 secs] [Times: user=0.03 sys=0.04, real=0.03 secs] 
2021-06-02T20:45:08.427+0800: 1682060.079: [Full GC (Ergonomics) [PSYoungGen: 6560K->0K(510464K)] [ParOldGen: 517674K->295206K(524288K)] 524234K->295206K(1034752K), [Metaspace: 96984K->96984K(1138688K)], 0.4888665 secs] [Times: user=1.07 sys=0.00, real=0.49 secs] 
2021-06-02T20:49:30.760+0800: 1682322.412: [GC (Allocation Failure) [PSYoungGen: 496640K->6752K(510464K)] 791846K->301958K(1034752K), 0.0207854 secs] [Times: user=0.02 sys=0.04, real=0.02 secs] 
2021-06-02T20:53:55.816+0800: 1682587.468: [GC (Allocation Failure) [PSYoungGen: 503392K->9248K(510976K)] 798598K->309855K(1035264K), 0.0250633 secs] [Times: user=0.03 sys=0.04, real=0.02 secs] 
2021-06-02T20:58:18.656+0800: 1682850.308: [GC (Allocation Failure) [PSYoungGen: 506911K->9344K(510976K)] 807518K->317105K(1035264K), 0.0366438 secs] [Times: user=0.03 sys=0.03, real=0.04 secs] 
2021-06-02T21:02:48.548+0800: 1683120.200: [GC (Allocation Failure) [PSYoungGen: 507008K->6880K(511488K)] 814769K->322226K(1035776K), 0.0212648 secs] [Times: user=0.03 sys=0.03, real=0.02 secs] 
2021-06-02T21:07:13.858+0800: 1683385.510: [GC (Allocation Failure) [PSYoungGen: 505056K->6112K(510976K)] 820402K->327317K(1035264K), 0.0209969 secs] [Times: user=0.03 sys=0.03, real=0.02 secs] 
2021-06-02T21:11:39.172+0800: 1683650.824: [GC (Allocation Failure) [PSYoungGen: 504288K->8640K(511488K)] 825493K->334250K(1035776K), 0.0209965 secs] [Times: user=0.04 sys=0.03, real=0.03 secs] 
2021-06-02T21:16:03.235+0800: 1683914.887: [GC (Allocation Failure) [PSYoungGen: 507328K->8064K(511488K)] 832938K->339653K(1035776K), 0.0226234 secs] [Times: user=0.03 sys=0.03, real=0.02 secs] 
2021-06-02T21:20:29.828+0800: 1684181.480: [GC (Allocation Failure) [PSYoungGen: 506752K->6112K(512000K)] 838341K->343655K(1036288K), 0.0245581 secs] [Times: user=0.03 sys=0.03, real=0.03 secs] 
2021-06-02T21:24:56.395+0800: 1684448.047: [GC (Allocation Failure) [PSYoungGen: 505824K->7296K(512000K)] 843367K->349611K(1036288K), 0.0603490 secs] [Times: user=0.03 sys=0.03, real=0.06 secs] 
2021-06-02T21:29:19.751+0800: 1684711.403: [GC (Allocation Failure) [PSYoungGen: 507008K->7168K(513024K)] 849323K->355463K(1037312K), 0.0229367 secs] [Times: user=0.02 sys=0.03, real=0.03 secs] 
2021-06-02T21:33:41.021+0800: 1684972.673: [GC (Allocation Failure) [PSYoungGen: 508416K->11232K(512512K)] 856711K->366259K(1036800K), 0.0228763 secs] [Times: user=0.04 sys=0.04, real=0.03 secs] 
2021-06-02T21:38:06.369+0800: 1685238.021: [GC (Allocation Failure) [PSYoungGen: 512480K->7392K(507392K)] 867507K->372195K(1031680K), 0.0259281 secs] [Times: user=0.04 sys=0.03, real=0.03 secs] 
2021-06-02T21:42:31.764+0800: 1685503.416: [GC (Allocation Failure) [PSYoungGen: 503008K->7008K(509952K)] 867811K->377533K(1034240K), 0.0247755 secs] [Times: user=0.03 sys=0.04, real=0.02 secs] 
2021-06-02T21:46:54.198+0800: 1685765.850: [GC (Allocation Failure) [PSYoungGen: 502624K->5632K(509952K)] 873149K->381512K(1034240K), 0.0232430 secs] [Times: user=0.03 sys=0.03, real=0.02 secs] 
2021-06-02T21:51:17.455+0800: 1686029.108: [GC (Allocation Failure) [PSYoungGen: 501248K->9728K(509952K)] 877128K->389900K(1034240K), 0.0260314 secs] [Times: user=0.03 sys=0.03, real=0.02 secs] 
2021-06-02T21:55:41.208+0800: 1686292.860: [GC (Allocation Failure) [PSYoungGen: 505344K->7872K(510464K)] 885516K->395271K(1034752K), 0.0239685 secs] [Times: user=0.04 sys=0.03, real=0.03 secs] 
2021-06-02T22:00:03.100+0800: 1686554.752: [GC (Allocation Failure) [PSYoungGen: 504000K->8320K(509952K)] 891399K->401937K(1034240K), 0.0248579 secs] [Times: user=0.04 sys=0.04, real=0.03 secs] 
2021-06-02T22:04:24.239+0800: 1686815.891: [GC (Allocation Failure) [PSYoungGen: 504448K->11296K(509952K)] 898065K->411534K(1034240K), 0.0242578 secs] [Times: user=0.03 sys=0.03, real=0.03 secs] 
2021-06-02T22:08:48.740+0800: 1687080.392: [GC (Allocation Failure) [PSYoungGen: 507936K->9984K(510464K)] 908174K->418232K(1034752K), 0.0268011 secs] [Times: user=0.03 sys=0.04, real=0.03 secs] 
2021-06-02T22:13:12.005+0800: 1687343.657: [GC (Allocation Failure) [PSYoungGen: 506624K->12256K(508416K)] 914872K->428204K(1032704K), 0.0279531 secs] [Times: user=0.04 sys=0.05, real=0.03 secs] 
2021-06-02T22:17:33.202+0800: 1687604.854: [GC (Allocation Failure) [PSYoungGen: 506848K->10944K(509440K)] 922796K->435982K(1033728K), 0.0236363 secs] [Times: user=0.07 sys=0.00, real=0.03 secs] 
2021-06-02T22:21:58.705+0800: 1687870.357: [GC (Allocation Failure) [PSYoungGen: 505536K->8064K(509952K)] 930574K->441351K(1034240K), 0.0292430 secs] [Times: user=0.04 sys=0.04, real=0.03 secs] 
2021-06-02T22:26:21.278+0800: 1688132.930: [GC (Allocation Failure) [PSYoungGen: 503168K->8672K(509440K)] 936455K->447435K(1033728K), 0.0264365 secs] [Times: user=0.04 sys=0.04, real=0.03 secs] 
2021-06-02T22:30:46.957+0800: 1688398.609: [GC (Allocation Failure) [PSYoungGen: 503776K->5920K(509952K)] 942539K->451853K(1034240K), 0.0242076 secs] [Times: user=0.04 sys=0.04, real=0.02 secs] 
2021-06-02T22:35:11.040+0800: 1688662.692: [GC (Allocation Failure) [PSYoungGen: 501536K->6560K(509952K)] 947469K->456809K(1034240K), 0.0270646 secs] [Times: user=0.03 sys=0.05, real=0.03 secs] 
2021-06-02T22:39:36.303+0800: 1688927.955: [GC (Allocation Failure) [PSYoungGen: 502176K->8768K(510464K)] 952425K->463781K(1034752K), 0.0220056 secs] [Times: user=0.03 sys=0.04, real=0.02 secs] 
2021-06-02T22:43:59.188+0800: 1689190.840: [GC (Allocation Failure) [PSYoungGen: 505408K->10528K(510464K)] 960421K->472928K(1034752K), 0.0311303 secs] [Times: user=0.03 sys=0.04, real=0.03 secs] 
2021-06-02T22:48:21.960+0800: 1689453.612: [GC (Allocation Failure) [PSYoungGen: 507168K->12384K(508416K)] 969568K->482979K(1032704K), 0.0294815 secs] [Times: user=0.03 sys=0.05, real=0.03 secs] 
2021-06-02T22:52:43.558+0800: 1689715.210: [GC (Allocation Failure) [PSYoungGen: 506976K->10080K(509440K)] 977571K->489900K(1033728K), 0.0288474 secs] [Times: user=0.04 sys=0.05, real=0.03 secs] 
2021-06-02T22:57:08.266+0800: 1689979.918: [GC (Allocation Failure) [PSYoungGen: 504672K->6976K(509952K)] 984492K->494573K(1034240K), 0.0244444 secs] [Times: user=0.03 sys=0.04, real=0.02 secs] 
2021-06-02T23:01:35.935+0800: 1690247.587: [GC (Allocation Failure) [PSYoungGen: 502592K->8480K(509952K)] 990189K->501345K(1034240K), 0.0222571 secs] [Times: user=0.04 sys=0.03, real=0.02 secs] 
2021-06-02T23:05:58.087+0800: 1690509.739: [GC (Allocation Failure) [PSYoungGen: 504096K->9376K(510464K)] 996961K->508962K(1034752K), 0.0573916 secs] [Times: user=0.03 sys=0.04, real=0.06 secs] 
2021-06-02T23:10:18.990+0800: 1690770.642: [GC (Allocation Failure) [PSYoungGen: 506016K->8960K(510464K)] 1005602K->515699K(1034752K), 0.0233493 secs] [Times: user=0.03 sys=0.04, real=0.03 secs] 
2021-06-02T23:14:44.854+0800: 1691036.506: [GC (Allocation Failure) [PSYoungGen: 505600K->6624K(510976K)] 1012339K->520454K(1035264K), 0.0225365 secs] [Times: user=0.08 sys=0.00, real=0.02 secs] 
2021-06-02T23:19:09.994+0800: 1691301.646: [GC (Allocation Failure) [PSYoungGen: 504288K->8480K(510976K)] 1018118K->526819K(1035264K), 0.0510835 secs] [Times: user=0.03 sys=0.03, real=0.05 secs] 
2021-06-02T23:19:10.046+0800: 1691301.698: [Full GC (Ergonomics) [PSYoungGen: 8480K->0K(510976K)] [ParOldGen: 518339K->304931K(524288K)] 526819K->304931K(1035264K), [Metaspace: 96984K->96980K(1138688K)], 0.5322840 secs] [Times: user=1.07 sys=0.00, real=0.53 secs] 
2021-06-02T23:23:32.561+0800: 1691564.213: [GC (Allocation Failure) [PSYoungGen: 497664K->12096K(509440K)] 802595K->317027K(1033728K), 0.0228181 secs] [Times: user=0.02 sys=0.03, real=0.03 secs] 
2021-06-02T23:27:58.873+0800: 1691830.525: [GC (Allocation Failure) [PSYoungGen: 508736K->10496K(510464K)] 813667K->324213K(1034752K), 0.0232134 secs] [Times: user=0.04 sys=0.04, real=0.02 secs] 
2021-06-02T23:32:21.754+0800: 1692093.406: [GC (Allocation Failure) [PSYoungGen: 507136K->12256K(509440K)] 820853K->333560K(1033728K), 0.0234707 secs] [Times: user=0.04 sys=0.04, real=0.02 secs] 
2021-06-02T23:36:44.047+0800: 1692355.699: [GC (Allocation Failure) [PSYoungGen: 507872K->9088K(509952K)] 829176K->340447K(1034240K), 0.0249108 secs] [Times: user=0.07 sys=0.00, real=0.02 secs] 
2021-06-02T23:41:06.110+0800: 1692617.762: [GC (Allocation Failure) [PSYoungGen: 504704K->6816K(509952K)] 836063K->345321K(1034240K), 0.0204300 secs] [Times: user=0.03 sys=0.04, real=0.02 secs] 
2021-06-02T23:45:31.438+0800: 1692883.090: [GC (Allocation Failure) [PSYoungGen: 502432K->6272K(509952K)] 840937K->349572K(1034240K), 0.0221792 secs] [Times: user=0.03 sys=0.04, real=0.02 secs] 
2021-06-02T23:49:53.701+0800: 1693145.353: [GC (Allocation Failure) [PSYoungGen: 501888K->8960K(510464K)] 845188K->357049K(1034752K), 0.0240891 secs] [Times: user=0.03 sys=0.04, real=0.03 secs] 
2021-06-02T23:54:19.146+0800: 1693410.798: [GC (Allocation Failure) [PSYoungGen: 505088K->7712K(509952K)] 853177K->362540K(1034240K), 0.0233227 secs] [Times: user=0.03 sys=0.04, real=0.02 secs] 
2021-06-02T23:58:43.728+0800: 1693675.380: [GC (Allocation Failure) [PSYoungGen: 503840K->6752K(510976K)] 858668K->367535K(1035264K), 0.0211016 secs] [Times: user=0.03 sys=0.03, real=0.02 secs] 
2021-06-03T00:02:56.702+0800: 1693928.354: [GC (Allocation Failure) [PSYoungGen: 504416K->7456K(510976K)] 865199K->373818K(1035264K), 0.0233762 secs] [Times: user=0.03 sys=0.04, real=0.03 secs] 
2021-06-03T00:07:20.596+0800: 1694192.248: [GC (Allocation Failure) [PSYoungGen: 505120K->10688K(510976K)] 871482K->382983K(1035264K), 0.0579688 secs] [Times: user=0.03 sys=0.04, real=0.06 secs] 
2021-06-03T00:11:43.478+0800: 1694455.130: [GC (Allocation Failure) [PSYoungGen: 508352K->11328K(509440K)] 880647K->392272K(1033728K), 0.0277731 secs] [Times: user=0.03 sys=0.03, real=0.03 secs] 
2021-06-03T00:16:04.739+0800: 1694716.391: [GC (Allocation Failure) [PSYoungGen: 508992K->10720K(509440K)] 889936K->398947K(1033728K), 0.0262377 secs] [Times: user=0.04 sys=0.04, real=0.03 secs] 
2021-06-03T00:20:29.988+0800: 1694981.640: [GC (Allocation Failure) [PSYoungGen: 506336K->6176K(509952K)] 894563K->402555K(1034240K), 0.0291502 secs] [Times: user=0.05 sys=0.05, real=0.03 secs] 
2021-06-03T00:24:56.172+0800: 1695247.824: [GC (Allocation Failure) [PSYoungGen: 501791K->4864K(509952K)] 898170K->406270K(1034240K), 0.0199843 secs] [Times: user=0.03 sys=0.03, real=0.03 secs] 
2021-06-03T00:29:23.499+0800: 1695515.151: [GC (Allocation Failure) [PSYoungGen: 500480K->8384K(509952K)] 901886K->413396K(1034240K), 0.0205330 secs] [Times: user=0.03 sys=0.04, real=0.02 secs] 
2021-06-03T00:33:49.678+0800: 1695781.330: [GC (Allocation Failure) [PSYoungGen: 504000K->6656K(510464K)] 909012K->418133K(1034752K), 0.0188683 secs] [Times: user=0.03 sys=0.03, real=0.02 secs] 
2021-06-03T00:38:16.673+0800: 1696048.325: [GC (Allocation Failure) [PSYoungGen: 503296K->8800K(510464K)] 914773K->425569K(1034752K), 0.0202501 secs] [Times: user=0.03 sys=0.03, real=0.02 secs] 
2021-06-03T00:42:43.232+0800: 1696314.884: [GC (Allocation Failure) [PSYoungGen: 505440K->9056K(510976K)] 922209K->432724K(1035264K), 0.0224817 secs] [Times: user=0.03 sys=0.04, real=0.03 secs] 
2021-06-03T00:47:09.455+0800: 1696581.107: [GC (Allocation Failure) [PSYoungGen: 506720K->11808K(509952K)] 930388K->441825K(1034240K), 0.0254409 secs] [Times: user=0.04 sys=0.04, real=0.02 secs] 
2021-06-03T00:51:31.805+0800: 1696843.457: [GC (Allocation Failure) [PSYoungGen: 509472K->9984K(510464K)] 939489K->449858K(1034752K), 0.0219616 secs] [Times: user=0.03 sys=0.04, real=0.02 secs] 
2021-06-03T00:55:53.727+0800: 1697105.379: [GC (Allocation Failure) [PSYoungGen: 506624K->9664K(510464K)] 946498K->457700K(1034752K), 0.0239965 secs] [Times: user=0.04 sys=0.04, real=0.02 secs] 
2021-06-03T01:00:14.695+0800: 1697366.347: [GC (Allocation Failure) [PSYoungGen: 506304K->8992K(510976K)] 954340K->464309K(1035264K), 0.0236498 secs] [Times: user=0.04 sys=0.04, real=0.02 secs] 
2021-06-03T01:04:30.066+0800: 1697621.718: [GC (Allocation Failure) [PSYoungGen: 506144K->7978K(510464K)] 961461K->469458K(1034752K), 0.0336507 secs] [Times: user=0.04 sys=0.03, real=0.03 secs] 
2021-06-03T01:08:52.976+0800: 1697884.628: [GC (Allocation Failure) [PSYoungGen: 505130K->8352K(511488K)] 966610K->475454K(1035776K), 0.0271809 secs] [Times: user=0.03 sys=0.04, real=0.03 secs] 
2021-06-03T01:13:15.606+0800: 1698147.258: [GC (Allocation Failure) [PSYoungGen: 507040K->10240K(511488K)] 974142K->484063K(1035776K), 0.0281128 secs] [Times: user=0.03 sys=0.04, real=0.03 secs] 
2021-06-03T01:17:42.216+0800: 1698413.868: [GC (Allocation Failure) [PSYoungGen: 508928K->4928K(510464K)] 982751K->486488K(1034752K), 0.0235371 secs] [Times: user=0.04 sys=0.03, real=0.02 secs] 
2021-06-03T01:22:07.923+0800: 1698679.575: [GC (Allocation Failure) [PSYoungGen: 502592K->9152K(510976K)] 984152K->494477K(1035264K), 0.0211063 secs] [Times: user=0.03 sys=0.04, real=0.02 secs] 
2021-06-03T01:26:33.618+0800: 1698945.270: [GC (Allocation Failure) [PSYoungGen: 506816K->10656K(510464K)] 992141K->503111K(1034752K), 0.0237789 secs] [Times: user=0.04 sys=0.04, real=0.02 secs] 
2021-06-03T01:30:55.993+0800: 1699207.646: [GC (Allocation Failure) [PSYoungGen: 508320K->10496K(510976K)] 1000775K->511282K(1035264K), 0.0617614 secs] [Times: user=0.04 sys=0.04, real=0.06 secs] 
2021-06-03T01:35:16.791+0800: 1699468.443: [GC (Allocation Failure) [PSYoungGen: 508160K->8448K(510976K)] 1008946K->517459K(1035264K), 0.0235706 secs] [Times: user=0.07 sys=0.00, real=0.03 secs] 
2021-06-03T01:39:44.233+0800: 1699735.885: [GC (Allocation Failure) [PSYoungGen: 506112K->9408K(510976K)] 1015123K->525158K(1035264K), 0.0238952 secs] [Times: user=0.03 sys=0.03, real=0.02 secs] 
2021-06-03T01:39:44.257+0800: 1699735.909: [Full GC (Ergonomics) [PSYoungGen: 9408K->0K(510976K)] [ParOldGen: 515750K->299359K(524288K)] 525158K->299359K(1035264K), [Metaspace: 96984K->96984K(1138688K)], 0.4993245 secs] [Times: user=1.05 sys=0.00, real=0.50 secs] 
2021-06-03T01:44:07.375+0800: 1699999.027: [GC (Allocation Failure) [PSYoungGen: 497664K->9536K(511488K)] 797023K->308895K(1035776K), 0.0195498 secs] [Times: user=0.03 sys=0.03, real=0.02 secs] 
2021-06-03T01:48:33.532+0800: 1700265.184: [GC (Allocation Failure) [PSYoungGen: 508224K->10400K(511488K)] 807583K->316337K(1035776K), 0.0233270 secs] [Times: user=0.03 sys=0.04, real=0.03 secs] 
2021-06-03T01:52:56.577+0800: 1700528.229: [GC (Allocation Failure) [PSYoungGen: 509088K->10144K(511488K)] 815025K->323923K(1035776K), 0.0226943 secs] [Times: user=0.03 sys=0.04, real=0.02 secs] 
2021-06-03T01:57:22.137+0800: 1700793.789: [GC (Allocation Failure) [PSYoungGen: 508832K->8864K(511488K)] 822611K->330759K(1035776K), 0.0223367 secs] [Times: user=0.03 sys=0.03, real=0.02 secs] 
2021-06-03T02:01:49.676+0800: 1701061.328: [GC (Allocation Failure) [PSYoungGen: 507552K->10784K(511488K)] 829447K->339747K(1035776K), 0.0257663 secs] [Times: user=0.03 sys=0.04, real=0.03 secs] 
2021-06-03T02:06:13.134+0800: 1701324.786: [GC (Allocation Failure) [PSYoungGen: 509472K->10176K(511488K)] 838435K->347141K(1035776K), 0.0299580 secs] [Times: user=0.03 sys=0.04, real=0.03 secs] 
2021-06-03T02:10:43.181+0800: 1701594.833: [GC (Allocation Failure) [PSYoungGen: 508864K->7840K(511488K)] 845829K->353078K(1035776K), 0.0207777 secs] [Times: user=0.03 sys=0.03, real=0.03 secs] 
2021-06-03T02:15:05.651+0800: 1701857.303: [GC (Allocation Failure) [PSYoungGen: 506528K->9696K(511488K)] 851766K->361145K(1035776K), 0.0212745 secs] [Times: user=0.03 sys=0.03, real=0.03 secs] 
2021-06-03T02:19:28.630+0800: 1702120.282: [GC (Allocation Failure) [PSYoungGen: 508384K->8480K(512000K)] 859833K->367452K(1036288K), 0.0214398 secs] [Times: user=0.03 sys=0.03, real=0.02 secs] 
2021-06-03T02:23:54.109+0800: 1702385.761: [GC (Allocation Failure) [PSYoungGen: 507680K->9632K(511488K)] 866652K->375230K(1035776K), 0.0224211 secs] [Times: user=0.03 sys=0.03, real=0.02 secs] 
2021-06-03T02:28:14.771+0800: 1702646.423: [GC (Allocation Failure) [PSYoungGen: 508832K->8896K(512000K)] 874430K->381114K(1036288K), 0.0238844 secs] [Times: user=0.03 sys=0.04, real=0.03 secs] 
2021-06-03T02:32:36.881+0800: 1702908.533: [GC (Allocation Failure) [PSYoungGen: 508608K->11296K(511488K)] 880826K->390302K(1035776K), 0.0721480 secs] [Times: user=0.04 sys=0.04, real=0.08 secs] 
2021-06-03T02:37:00.601+0800: 1703172.253: [GC (Allocation Failure) [PSYoungGen: 511008K->12512K(510464K)] 890014K->399907K(1034752K), 0.0347167 secs] [Times: user=0.04 sys=0.05, real=0.04 secs] 
2021-06-03T02:41:20.545+0800: 1703432.197: [GC (Allocation Failure) [PSYoungGen: 510176K->10560K(510976K)] 897571K->407435K(1035264K), 0.0258844 secs] [Times: user=0.04 sys=0.04, real=0.02 secs] 
2021-06-03T02:45:42.051+0800: 1703693.703: [GC (Allocation Failure) [PSYoungGen: 508224K->11424K(509952K)] 905099K->416621K(1034240K), 0.0345753 secs] [Times: user=0.04 sys=0.04, real=0.04 secs] 
2021-06-03T02:50:02.185+0800: 1703953.837: [GC (Allocation Failure) [PSYoungGen: 508064K->13696K(510464K)] 913261K->426346K(1034752K), 0.1102703 secs] [Times: user=0.05 sys=0.06, real=0.11 secs] 
2021-06-03T02:54:22.030+0800: 1704213.682: [GC (Allocation Failure) [PSYoungGen: 510336K->10208K(509440K)] 922986K->432627K(1033728K), 0.0656483 secs] [Times: user=0.06 sys=0.06, real=0.07 secs] 
2021-06-03T02:58:42.559+0800: 1704474.211: [GC (Allocation Failure) [PSYoungGen: 505824K->13536K(509440K)] 928243K->443679K(1033728K), 0.0284100 secs] [Times: user=0.04 sys=0.04, real=0.03 secs] 
2021-06-03T03:03:06.885+0800: 1704738.537: [GC (Allocation Failure) [PSYoungGen: 509152K->13472K(507392K)] 939295K->453931K(1031680K), 0.0750116 secs] [Times: user=0.05 sys=0.05, real=0.07 secs] 
2021-06-03T03:07:29.852+0800: 1705001.504: [GC (Allocation Failure) [PSYoungGen: 506016K->10400K(508416K)] 946475K->460036K(1032704K), 0.0275651 secs] [Times: user=0.04 sys=0.04, real=0.03 secs] 
2021-06-03T03:11:51.380+0800: 1705263.032: [GC (Allocation Failure) [PSYoungGen: 502944K->11808K(508928K)] 952580K->469216K(1033216K), 0.0288760 secs] [Times: user=0.04 sys=0.03, real=0.03 secs] 
2021-06-03T03:16:07.459+0800: 1705519.111: [GC (Allocation Failure) [PSYoungGen: 505376K->15328K(508928K)] 962784K->481644K(1033216K), 0.0279119 secs] [Times: user=0.08 sys=0.00, real=0.03 secs] 
2021-06-03T03:20:29.453+0800: 1705781.105: [GC (Allocation Failure) [PSYoungGen: 508896K->10592K(500736K)] 975212K->488189K(1025024K), 0.0247147 secs] [Times: user=0.03 sys=0.04, real=0.02 secs] 
2021-06-03T03:24:47.385+0800: 1706039.037: [GC (Allocation Failure) [PSYoungGen: 495968K->11808K(504832K)] 973565K->497122K(1029120K), 0.0283330 secs] [Times: user=0.04 sys=0.04, real=0.03 secs] 
2021-06-03T03:28:59.766+0800: 1706291.418: [GC (Allocation Failure) [PSYoungGen: 497184K->12128K(506368K)] 982498K->506691K(1030656K), 0.0299138 secs] [Times: user=0.04 sys=0.05, real=0.03 secs] 
2021-06-03T03:33:15.256+0800: 1706546.908: [GC (Allocation Failure) [PSYoungGen: 499552K->11104K(505344K)] 994115K->514023K(1029632K), 0.0240117 secs] [Times: user=0.04 sys=0.04, real=0.02 secs] 
2021-06-03T03:37:30.558+0800: 1706802.210: [GC (Allocation Failure) [PSYoungGen: 498528K->11264K(506880K)] 1001447K->523369K(1031168K), 0.0325389 secs] [Times: user=0.04 sys=0.04, real=0.03 secs] 
2021-06-03T03:41:48.544+0800: 1707060.196: [GC (Allocation Failure) [PSYoungGen: 500224K->13504K(506368K)] 1012329K->533022K(1030656K), 0.0675566 secs] [Times: user=0.04 sys=0.04, real=0.06 secs] 
2021-06-03T03:41:48.612+0800: 1707060.264: [Full GC (Ergonomics) [PSYoungGen: 13504K->0K(506368K)] [ParOldGen: 519518K->315147K(524288K)] 533022K->315147K(1030656K), [Metaspace: 96985K->96985K(1138688K)], 0.5984809 secs] [Times: user=1.12 sys=0.00, real=0.60 secs] 
2021-06-03T03:46:08.649+0800: 1707320.301: [GC (Allocation Failure) [PSYoungGen: 488960K->12800K(507392K)] 804107K->327947K(1031680K), 0.0614578 secs] [Times: user=0.03 sys=0.04, real=0.06 secs] 
2021-06-03T03:50:25.304+0800: 1707576.956: [GC (Allocation Failure) [PSYoungGen: 502784K->13632K(506880K)] 817931K->338678K(1031168K), 0.0279909 secs] [Times: user=0.09 sys=0.00, real=0.02 secs] 
2021-06-03T03:54:44.871+0800: 1707836.523: [GC (Allocation Failure) [PSYoungGen: 503614K->11712K(507392K)] 828661K->347023K(1031680K), 0.0294952 secs] [Times: user=0.04 sys=0.05, real=0.03 secs] 
2021-06-03T03:59:01.347+0800: 1708092.999: [GC (Allocation Failure) [PSYoungGen: 501696K->13120K(506880K)] 837007K->356738K(1031168K), 0.0287203 secs] [Times: user=0.04 sys=0.04, real=0.03 secs] 
2021-06-03T04:03:19.527+0800: 1708351.179: [GC (Allocation Failure) [PSYoungGen: 503104K->10464K(507904K)] 846722K->364418K(1032192K), 0.0251187 secs] [Times: user=0.04 sys=0.04, real=0.03 secs] 
2021-06-03T04:07:39.513+0800: 1708611.165: [GC (Allocation Failure) [PSYoungGen: 501472K->13536K(507392K)] 855426K->375182K(1031680K), 0.0714618 secs] [Times: user=0.04 sys=0.05, real=0.07 secs] 
2021-06-03T04:11:58.831+0800: 1708870.483: [GC (Allocation Failure) [PSYoungGen: 504544K->13856K(507392K)] 866190K->384633K(1031680K), 0.0397766 secs] [Times: user=0.05 sys=0.05, real=0.04 secs] 
2021-06-03T04:16:18.208+0800: 1709129.860: [GC (Allocation Failure) [PSYoungGen: 504352K->11648K(507392K)] 875129K->392155K(1031680K), 0.0292172 secs] [Times: user=0.04 sys=0.04, real=0.03 secs] 
2021-06-03T04:20:34.278+0800: 1709385.930: [GC (Allocation Failure) [PSYoungGen: 502144K->14656K(506880K)] 882651K->403815K(1031168K), 0.0306917 secs] [Times: user=0.04 sys=0.04, real=0.03 secs] 
2021-06-03T04:24:53.837+0800: 1709645.489: [GC (Allocation Failure) [PSYoungGen: 505152K->13888K(507392K)] 894311K->413617K(1031680K), 0.0334025 secs] [Times: user=0.04 sys=0.04, real=0.03 secs] 
2021-06-03T04:29:14.360+0800: 1709906.012: [GC (Allocation Failure) [PSYoungGen: 504384K->11648K(507392K)] 904113K->420747K(1031680K), 0.0578689 secs] [Times: user=0.04 sys=0.04, real=0.06 secs] 
2021-06-03T04:33:34.384+0800: 1710166.036: [GC (Allocation Failure) [PSYoungGen: 502144K->12096K(507392K)] 911243K->429733K(1031680K), 0.0733605 secs] [Times: user=0.08 sys=0.00, real=0.07 secs] 
2021-06-03T04:37:58.497+0800: 1710430.149: [GC (Allocation Failure) [PSYoungGen: 502592K->9088K(506880K)] 920229K->435726K(1031168K), 0.0321947 secs] [Times: user=0.05 sys=0.05, real=0.03 secs] 
2021-06-03T04:42:19.586+0800: 1710691.238: [GC (Allocation Failure) [PSYoungGen: 499584K->9728K(507392K)] 926222K->443712K(1031680K), 0.0611215 secs] [Times: user=0.04 sys=0.04, real=0.06 secs] 
2021-06-03T04:46:36.720+0800: 1710948.372: [GC (Allocation Failure) [PSYoungGen: 500224K->13472K(507392K)] 934208K->453923K(1031680K), 0.0297209 secs] [Times: user=0.04 sys=0.05, real=0.03 secs] 
2021-06-03T04:50:53.951+0800: 1711205.603: [GC (Allocation Failure) [PSYoungGen: 503968K->11584K(507392K)] 944419K->461964K(1031680K), 0.0833825 secs] [Times: user=0.04 sys=0.04, real=0.09 secs] 
2021-06-03T04:55:13.999+0800: 1711465.651: [GC (Allocation Failure) [PSYoungGen: 502080K->7776K(506880K)] 952460K->467300K(1031168K), 0.0234074 secs] [Times: user=0.03 sys=0.03, real=0.03 secs] 
2021-06-03T04:59:32.850+0800: 1711724.502: [GC (Allocation Failure) [PSYoungGen: 498272K->10048K(507392K)] 957796K->475295K(1031680K), 0.0371216 secs] [Times: user=0.03 sys=0.04, real=0.04 secs] 
2021-06-03T05:03:52.846+0800: 1711984.498: [GC (Allocation Failure) [PSYoungGen: 500544K->9920K(507904K)] 965791K->483250K(1032192K), 0.0288989 secs] [Times: user=0.04 sys=0.05, real=0.03 secs] 
2021-06-03T05:08:13.961+0800: 1712245.614: [GC (Allocation Failure) [PSYoungGen: 501440K->10432K(507904K)] 974770K->491347K(1032192K), 0.0304716 secs] [Times: user=0.09 sys=0.00, real=0.04 secs] 
2021-06-03T05:12:34.614+0800: 1712506.266: [GC (Allocation Failure) [PSYoungGen: 501952K->10432K(508416K)] 982867K->499149K(1032704K), 0.0281195 secs] [Times: user=0.05 sys=0.04, real=0.03 secs] 
2021-06-03T05:16:51.180+0800: 1712762.832: [GC (Allocation Failure) [PSYoungGen: 502976K->9312K(508416K)] 991693K->505966K(1032704K), 0.0282730 secs] [Times: user=0.03 sys=0.03, real=0.03 secs] 
2021-06-03T05:21:09.508+0800: 1713021.160: [GC (Allocation Failure) [PSYoungGen: 501856K->10880K(508928K)] 998510K->514688K(1033216K), 0.0359175 secs] [Times: user=0.05 sys=0.05, real=0.04 secs] 
2021-06-03T05:25:28.354+0800: 1713280.006: [GC (Allocation Failure) [PSYoungGen: 504448K->10368K(508928K)] 1008256K->522587K(1033216K), 0.0325103 secs] [Times: user=0.09 sys=0.00, real=0.03 secs] 
2021-06-03T05:29:51.326+0800: 1713542.978: [GC (Allocation Failure) [PSYoungGen: 503936K->9568K(509440K)] 1016155K->529405K(1033728K), 0.0292714 secs] [Times: user=0.03 sys=0.04, real=0.03 secs] 
2021-06-03T05:29:51.356+0800: 1713543.008: [Full GC (Ergonomics) [PSYoungGen: 9568K->0K(509440K)] [ParOldGen: 519837K->301581K(524288K)] 529405K->301581K(1033728K), [Metaspace: 96985K->96985K(1138688K)], 0.5085149 secs] [Times: user=1.12 sys=0.00, real=0.51 secs] 
2021-06-03T05:34:15.629+0800: 1713807.281: [GC (Allocation Failure) [PSYoungGen: 494592K->12608K(509440K)] 796173K->314189K(1033728K), 0.0246014 secs] [Times: user=0.03 sys=0.03, real=0.03 secs] 
2021-06-03T05:38:32.663+0800: 1714064.315: [GC (Allocation Failure) [PSYoungGen: 507200K->8480K(509440K)] 808781K->320173K(1033728K), 0.0239078 secs] [Times: user=0.04 sys=0.04, real=0.02 secs] 
2021-06-03T05:42:57.985+0800: 1714329.637: [GC (Allocation Failure) [PSYoungGen: 503072K->12032K(506880K)] 814765K->330273K(1031168K), 0.0244386 secs] [Times: user=0.03 sys=0.04, real=0.02 secs] 
2021-06-03T05:47:25.454+0800: 1714597.106: [GC (Allocation Failure) [PSYoungGen: 506624K->8160K(508928K)] 824865K->335721K(1033216K), 0.0247865 secs] [Times: user=0.04 sys=0.04, real=0.02 secs] 
2021-06-03T05:51:41.713+0800: 1714853.365: [GC (Allocation Failure) [PSYoungGen: 501728K->12736K(508928K)] 829289K->345926K(1033216K), 0.0298298 secs] [Times: user=0.04 sys=0.04, real=0.03 secs] 
2021-06-03T05:56:00.989+0800: 1715112.641: [GC (Allocation Failure) [PSYoungGen: 506304K->10944K(508928K)] 839494K->353704K(1033216K), 0.0294761 secs] [Times: user=0.04 sys=0.04, real=0.03 secs] 
2021-06-03T06:00:20.174+0800: 1715371.826: [GC (Allocation Failure) [PSYoungGen: 504512K->12736K(508928K)] 847272K->363699K(1033216K), 0.0318658 secs] [Times: user=0.04 sys=0.04, real=0.03 secs] 
2021-06-03T06:04:40.377+0800: 1715632.029: [GC (Allocation Failure) [PSYoungGen: 506304K->14272K(506880K)] 857267K->374622K(1031168K), 0.0343643 secs] [Times: user=0.05 sys=0.05, real=0.03 secs] 
2021-06-03T06:09:03.451+0800: 1715895.103: [GC (Allocation Failure) [PSYoungGen: 505792K->10432K(507904K)] 866142K->381646K(1032192K), 0.0329210 secs] [Times: user=0.05 sys=0.04, real=0.04 secs] 
2021-06-03T06:13:22.245+0800: 1716153.897: [GC (Allocation Failure) [PSYoungGen: 501952K->9184K(508416K)] 873166K->388384K(1032704K), 0.0268475 secs] [Times: user=0.04 sys=0.04, real=0.03 secs] 
2021-06-03T06:17:44.028+0800: 1716415.680: [GC (Allocation Failure) [PSYoungGen: 501728K->8704K(508416K)] 880928K->394156K(1032704K), 0.0217048 secs] [Times: user=0.03 sys=0.04, real=0.02 secs] 
2021-06-03T06:22:01.845+0800: 1716673.497: [GC (Allocation Failure) [PSYoungGen: 501248K->11968K(508416K)] 886700K->404231K(1032704K), 0.0741657 secs] [Times: user=0.04 sys=0.03, real=0.07 secs] 
2021-06-03T06:26:19.130+0800: 1716930.782: [GC (Allocation Failure) [PSYoungGen: 504512K->9120K(508416K)] 896775K->410632K(1032704K), 0.0264277 secs] [Times: user=0.04 sys=0.04, real=0.03 secs] 
2021-06-03T06:30:40.253+0800: 1717191.905: [GC (Allocation Failure) [PSYoungGen: 501664K->12704K(507904K)] 903176K->420588K(1032192K), 0.0266771 secs] [Times: user=0.04 sys=0.04, real=0.02 secs] 
2021-06-03T06:35:04.037+0800: 1717455.689: [GC (Allocation Failure) [PSYoungGen: 505248K->11488K(508416K)] 913132K->428047K(1032704K), 0.0253423 secs] [Times: user=0.03 sys=0.04, real=0.03 secs] 
2021-06-03T06:39:26.034+0800: 1717717.686: [GC (Allocation Failure) [PSYoungGen: 504024K->12544K(507904K)] 920583K->437578K(1032192K), 0.0514878 secs] [Times: user=0.03 sys=0.04, real=0.05 secs] 
2021-06-03T06:43:46.995+0800: 1717978.647: [GC (Allocation Failure) [PSYoungGen: 505088K->9792K(508416K)] 930122K->443780K(1032704K), 0.0609162 secs] [Times: user=0.04 sys=0.03, real=0.06 secs] 
2021-06-03T06:48:07.252+0800: 1718238.904: [GC (Allocation Failure) [PSYoungGen: 502336K->10208K(508928K)] 936324K->451295K(1033216K), 0.0422744 secs] [Times: user=0.03 sys=0.04, real=0.05 secs] 
2021-06-03T06:52:28.509+0800: 1718500.161: [GC (Allocation Failure) [PSYoungGen: 503776K->11616K(508928K)] 944863K->460082K(1033216K), 0.0279902 secs] [Times: user=0.05 sys=0.04, real=0.03 secs] 
2021-06-03T06:56:49.158+0800: 1718760.810: [GC (Allocation Failure) [PSYoungGen: 505184K->12640K(508416K)] 953650K->468972K(1032704K), 0.0276637 secs] [Times: user=0.04 sys=0.03, real=0.03 secs] 
2021-06-03T07:01:09.437+0800: 1719021.089: [GC (Allocation Failure) [PSYoungGen: 506208K->9760K(508928K)] 962540K->474799K(1033216K), 0.0265249 secs] [Times: user=0.04 sys=0.04, real=0.03 secs] 
2021-06-03T07:05:21.048+0800: 1719272.700: [GC (Allocation Failure) [PSYoungGen: 503328K->11562K(509440K)] 968367K->484419K(1033728K), 0.0278330 secs] [Times: user=0.04 sys=0.04, real=0.03 secs] 
2021-06-03T07:09:42.742+0800: 1719534.394: [GC (Allocation Failure) [PSYoungGen: 505642K->13408K(508928K)] 978499K->494551K(1033216K), 0.0264215 secs] [Times: user=0.08 sys=0.00, real=0.03 secs] 
2021-06-03T07:14:05.632+0800: 1719797.284: [GC (Allocation Failure) [PSYoungGen: 507488K->12352K(508928K)] 988631K->503107K(1033216K), 0.0265405 secs] [Times: user=0.04 sys=0.04, real=0.02 secs] 
2021-06-03T07:18:22.684+0800: 1720054.336: [GC (Allocation Failure) [PSYoungGen: 505920K->11968K(508928K)] 996675K->511366K(1033216K), 0.1046597 secs] [Times: user=0.04 sys=0.04, real=0.10 secs] 
2021-06-03T07:22:46.708+0800: 1720318.360: [GC (Allocation Failure) [PSYoungGen: 505536K->11264K(509440K)] 1004934K->520296K(1033728K), 0.0301001 secs] [Times: user=0.04 sys=0.04, real=0.03 secs] 
2021-06-03T07:27:07.229+0800: 1720578.881: [GC (Allocation Failure) [PSYoungGen: 505344K->11616K(508928K)] 1014376K->529130K(1033216K), 0.0267063 secs] [Times: user=0.03 sys=0.04, real=0.03 secs] 
2021-06-03T07:27:07.257+0800: 1720578.909: [Full GC (Ergonomics) [PSYoungGen: 11616K->0K(508928K)] [ParOldGen: 517514K->310938K(524288K)] 529130K->310938K(1033216K), [Metaspace: 96985K->96985K(1138688K)], 0.5182181 secs] [Times: user=1.17 sys=0.00, real=0.52 secs] 
2021-06-03T07:31:30.187+0800: 1720841.839: [GC (Allocation Failure) [PSYoungGen: 494080K->13952K(508416K)] 805018K->324890K(1032704K), 0.0309633 secs] [Times: user=0.08 sys=0.00, real=0.03 secs] 
2021-06-03T07:35:48.287+0800: 1721099.939: [GC (Allocation Failure) [PSYoungGen: 507520K->13824K(507904K)] 818458K->334763K(1032192K), 0.0212067 secs] [Times: user=0.03 sys=0.03, real=0.02 secs] 
2021-06-03T07:40:13.082+0800: 1721364.734: [GC (Allocation Failure) [PSYoungGen: 507392K->9536K(508416K)] 828331K->340797K(1032704K), 0.0219989 secs] [Times: user=0.03 sys=0.03, real=0.03 secs] 
2021-06-03T07:44:29.552+0800: 1721621.204: [GC (Allocation Failure) [PSYoungGen: 502080K->13536K(508416K)] 833341K->351649K(1032704K), 0.0276169 secs] [Times: user=0.03 sys=0.03, real=0.03 secs] 
2021-06-03T07:48:49.677+0800: 1721881.329: [GC (Allocation Failure) [PSYoungGen: 506080K->9024K(507392K)] 844193K->356849K(1031680K), 0.0285539 secs] [Times: user=0.03 sys=0.04, real=0.03 secs] 
2021-06-03T07:53:12.815+0800: 1722144.467: [GC (Allocation Failure) [PSYoungGen: 500544K->10208K(507904K)] 848369K->365540K(1032192K), 0.0280942 secs] [Times: user=0.04 sys=0.04, real=0.03 secs] 
2021-06-03T07:57:33.486+0800: 1722405.138: [GC (Allocation Failure) [PSYoungGen: 501728K->10688K(508416K)] 857060K->374337K(1032704K), 0.0324613 secs] [Times: user=0.03 sys=0.04, real=0.03 secs] 
2021-06-03T08:01:53.987+0800: 1722665.639: [GC (Allocation Failure) [PSYoungGen: 503232K->13184K(508416K)] 866881K->385283K(1032704K), 0.0308542 secs] [Times: user=0.03 sys=0.04, real=0.03 secs] 
2021-06-03T08:06:14.309+0800: 1722925.961: [GC (Allocation Failure) [PSYoungGen: 505728K->13152K(507392K)] 877827K->395071K(1031680K), 0.0266633 secs] [Times: user=0.03 sys=0.04, real=0.03 secs] 
2021-06-03T08:10:37.323+0800: 1723188.975: [GC (Allocation Failure) [PSYoungGen: 504672K->11136K(507904K)] 886591K->402951K(1032192K), 0.0273140 secs] [Times: user=0.03 sys=0.04, real=0.02 secs] 
2021-06-03T08:14:59.115+0800: 1723450.767: [GC (Allocation Failure) [PSYoungGen: 502656K->10944K(508928K)] 894471K->410322K(1033216K), 0.0267409 secs] [Times: user=0.08 sys=0.00, real=0.02 secs] 
2021-06-03T08:19:18.863+0800: 1723710.515: [GC (Allocation Failure) [PSYoungGen: 504000K->11520K(508416K)] 903378K->419086K(1032704K), 0.0485120 secs] [Times: user=0.03 sys=0.04, real=0.04 secs] 
2021-06-03T08:23:39.400+0800: 1723971.052: [GC (Allocation Failure) [PSYoungGen: 504576K->14784K(507904K)] 912142K->430675K(1032192K), 0.0274236 secs] [Times: user=0.04 sys=0.04, real=0.03 secs] 
2021-06-03T08:27:59.221+0800: 1724230.873: [GC (Allocation Failure) [PSYoungGen: 507328K->12128K(508416K)] 923219K->438565K(1032704K), 0.0748457 secs] [Times: user=0.03 sys=0.04, real=0.08 secs] 
2021-06-03T08:32:20.624+0800: 1724492.276: [GC (Allocation Failure) [PSYoungGen: 504672K->8768K(508416K)] 931109K->444847K(1032704K), 0.0245410 secs] [Times: user=0.03 sys=0.03, real=0.02 secs] 
2021-06-03T08:36:47.537+0800: 1724759.189: [GC (Allocation Failure) [PSYoungGen: 501312K->9888K(508416K)] 937391K->453074K(1032704K), 0.0241820 secs] [Times: user=0.04 sys=0.03, real=0.02 secs] 
2021-06-03T08:41:07.528+0800: 1725019.180: [GC (Allocation Failure) [PSYoungGen: 502432K->10624K(508928K)] 945618K->462308K(1033216K), 0.0240143 secs] [Times: user=0.03 sys=0.03, real=0.03 secs] 
2021-06-03T08:45:26.608+0800: 1725278.260: [GC (Allocation Failure) [PSYoungGen: 503680K->13184K(508416K)] 955364K->473136K(1032704K), 0.0267227 secs] [Times: user=0.03 sys=0.03, real=0.03 secs] 
2021-06-03T08:49:48.245+0800: 1725539.897: [GC (Allocation Failure) [PSYoungGen: 506240K->9248K(508416K)] 966192K->478641K(1032704K), 0.0276375 secs] [Times: user=0.04 sys=0.04, real=0.03 secs] 
2021-06-03T08:54:09.680+0800: 1725801.332: [GC (Allocation Failure) [PSYoungGen: 501792K->12000K(508416K)] 971185K->489044K(1032704K), 0.0664948 secs] [Times: user=0.03 sys=0.05, real=0.07 secs] 
2021-06-03T08:58:33.095+0800: 1726064.747: [GC (Allocation Failure) [PSYoungGen: 504544K->7456K(508416K)] 981588K->493108K(1032704K), 0.0223578 secs] [Times: user=0.03 sys=0.04, real=0.02 secs] 
2021-06-03T09:02:49.476+0800: 1726321.128: [GC (Allocation Failure) [PSYoungGen: 500000K->11168K(508416K)] 985652K->502714K(1032704K), 0.0248683 secs] [Times: user=0.03 sys=0.04, real=0.02 secs] 
2021-06-03T09:07:09.906+0800: 1726581.558: [GC (Allocation Failure) [PSYoungGen: 503712K->11104K(508928K)] 995258K->510452K(1033216K), 0.0423814 secs] [Times: user=0.03 sys=0.04, real=0.04 secs] 
2021-06-03T09:11:30.533+0800: 1726842.185: [GC (Allocation Failure) [PSYoungGen: 504672K->11296K(508928K)] 1004020K->519365K(1033216K), 0.0256661 secs] [Times: user=0.07 sys=0.00, real=0.02 secs] 
2021-06-03T09:15:46.396+0800: 1727098.048: [GC (Allocation Failure) [PSYoungGen: 504864K->10240K(509440K)] 1012933K->526575K(1033728K), 0.0252781 secs] [Times: user=0.04 sys=0.04, real=0.02 secs] 
2021-06-03T09:15:46.422+0800: 1727098.074: [Full GC (Ergonomics) [PSYoungGen: 10240K->0K(509440K)] [ParOldGen: 516335K->301160K(524288K)] 526575K->301160K(1033728K), [Metaspace: 96985K->96981K(1138688K)], 0.5148793 secs] [Times: user=1.10 sys=0.00, real=0.52 secs] 
2021-06-03T09:20:09.994+0800: 1727361.646: [GC (Allocation Failure) [PSYoungGen: 494592K->10816K(509440K)] 795752K->311976K(1033728K), 0.0196671 secs] [Times: user=0.03 sys=0.03, real=0.02 secs] 
2021-06-03T09:24:35.345+0800: 1727626.997: [GC (Allocation Failure) [PSYoungGen: 505408K->6912K(508928K)] 806568K->317854K(1033216K), 0.0231708 secs] [Times: user=0.03 sys=0.03, real=0.02 secs] 
2021-06-03T09:28:59.391+0800: 1727891.043: [GC (Allocation Failure) [PSYoungGen: 501504K->8992K(509440K)] 812446K->325163K(1033728K), 0.0228614 secs] [Times: user=0.03 sys=0.03, real=0.03 secs] 
2021-06-03T09:33:20.405+0800: 1728152.057: [GC (Allocation Failure) [PSYoungGen: 503584K->10848K(509952K)] 819755K->334278K(1034240K), 0.0347108 secs] [Times: user=0.03 sys=0.04, real=0.03 secs] 
2021-06-03T09:37:43.910+0800: 1728415.562: [GC (Allocation Failure) [PSYoungGen: 506464K->10144K(509952K)] 829894K->341936K(1034240K), 0.0242767 secs] [Times: user=0.04 sys=0.04, real=0.03 secs] 
2021-06-03T09:42:04.100+0800: 1728675.752: [GC (Allocation Failure) [PSYoungGen: 505760K->8288K(510464K)] 837552K->348616K(1034752K), 0.0199665 secs] [Times: user=0.03 sys=0.03, real=0.02 secs] 
2021-06-03T09:46:28.969+0800: 1728940.621: [GC (Allocation Failure) [PSYoungGen: 504928K->7520K(504320K)] 845256K->354044K(1028608K), 0.0218945 secs] [Times: user=0.04 sys=0.04, real=0.02 secs] 
2021-06-03T09:50:53.261+0800: 1729204.913: [GC (Allocation Failure) [PSYoungGen: 504160K->7776K(509952K)] 850684K->360751K(1034240K), 0.0231053 secs] [Times: user=0.07 sys=0.00, real=0.03 secs] 
2021-06-03T09:55:17.875+0800: 1729469.527: [GC (Allocation Failure) [PSYoungGen: 503392K->8352K(509952K)] 856367K->367649K(1034240K), 0.0314780 secs] [Times: user=0.04 sys=0.04, real=0.03 secs] 
2021-06-03T09:59:36.026+0800: 1729727.678: [GC (Allocation Failure) [PSYoungGen: 503968K->8896K(510464K)] 863265K->374836K(1034752K), 0.0842089 secs] [Times: user=0.06 sys=0.06, real=0.08 secs] 
2021-06-03T10:04:00.382+0800: 1729992.034: [GC (Allocation Failure) [PSYoungGen: 505536K->8512K(510464K)] 871476K->381166K(1034752K), 0.0283219 secs] [Times: user=0.04 sys=0.04, real=0.02 secs] 
2021-06-03T10:08:24.450+0800: 1730256.102: [GC (Allocation Failure) [PSYoungGen: 505152K->10912K(509952K)] 877806K->389898K(1034240K), 0.0240098 secs] [Times: user=0.04 sys=0.04, real=0.03 secs] 
2021-06-03T10:12:42.533+0800: 1730514.185: [GC (Allocation Failure) [PSYoungGen: 507552K->12736K(509440K)] 886538K->399223K(1033728K), 0.0277532 secs] [Times: user=0.04 sys=0.04, real=0.02 secs] 
2021-06-03T10:17:07.170+0800: 1730778.822: [GC (Allocation Failure) [PSYoungGen: 509376K->6368K(509952K)] 895863K->402006K(1034240K), 0.0235751 secs] [Times: user=0.04 sys=0.04, real=0.03 secs] 
2021-06-03T10:21:33.448+0800: 1731045.100: [GC (Allocation Failure) [PSYoungGen: 501984K->6592K(509952K)] 897622K->406794K(1034240K), 0.0201810 secs] [Times: user=0.03 sys=0.03, real=0.02 secs] 
2021-06-03T10:25:56.446+0800: 1731308.098: [GC (Allocation Failure) [PSYoungGen: 502208K->5280K(508928K)] 902410K->410749K(1033216K), 0.0536305 secs] [Times: user=0.05 sys=0.04, real=0.05 secs] 
2021-06-03T10:30:20.686+0800: 1731572.338: [GC (Allocation Failure) [PSYoungGen: 499872K->9888K(509440K)] 905341K->419450K(1033728K), 0.0217361 secs] [Times: user=0.03 sys=0.03, real=0.02 secs] 
2021-06-03T10:34:42.960+0800: 1731834.612: [GC (Allocation Failure) [PSYoungGen: 504480K->11744K(508928K)] 914042K->429239K(1033216K), 0.0260205 secs] [Times: user=0.04 sys=0.04, real=0.03 secs] 
2021-06-03T10:39:05.101+0800: 1732096.753: [GC (Allocation Failure) [PSYoungGen: 506336K->12064K(506880K)] 923831K->438760K(1031168K), 0.0290747 secs] [Times: user=0.04 sys=0.04, real=0.03 secs] 
2021-06-03T10:43:27.532+0800: 1732359.184: [GC (Allocation Failure) [PSYoungGen: 506656K->9536K(509440K)] 933352K->445258K(1033728K), 0.0276994 secs] [Times: user=0.04 sys=0.04, real=0.03 secs] 
2021-06-03T10:47:50.033+0800: 1732621.685: [GC (Allocation Failure) [PSYoungGen: 503616K->7264K(508928K)] 939338K->449892K(1033216K), 0.0231586 secs] [Times: user=0.03 sys=0.04, real=0.02 secs] 
2021-06-03T10:52:08.620+0800: 1732880.272: [GC (Allocation Failure) [PSYoungGen: 501344K->9312K(509952K)] 943972K->457152K(1034240K), 0.0245592 secs] [Times: user=0.07 sys=0.00, real=0.03 secs] 
2021-06-03T10:56:30.109+0800: 1733141.761: [GC (Allocation Failure) [PSYoungGen: 504416K->8032K(509440K)] 952256K->463842K(1033728K), 0.0223580 secs] [Times: user=0.04 sys=0.03, real=0.02 secs] 
2021-06-03T11:00:49.994+0800: 1733401.646: [GC (Allocation Failure) [PSYoungGen: 503135K->10752K(509440K)] 958945K->472686K(1033728K), 0.0303437 secs] [Times: user=0.04 sys=0.04, real=0.03 secs] 
2021-06-03T11:05:11.511+0800: 1733663.164: [GC (Allocation Failure) [PSYoungGen: 506368K->9184K(509952K)] 968302K->478665K(1034240K), 0.0235545 secs] [Times: user=0.03 sys=0.04, real=0.03 secs] 
2021-06-03T11:09:34.145+0800: 1733925.797: [GC (Allocation Failure) [PSYoungGen: 504800K->10624K(510464K)] 974281K->487635K(1034752K), 0.0312957 secs] [Times: user=0.04 sys=0.04, real=0.03 secs] 
2021-06-03T11:14:00.745+0800: 1734192.398: [GC (Allocation Failure) [PSYoungGen: 507264K->6656K(510464K)] 984275K->490917K(1034752K), 0.0220861 secs] [Times: user=0.04 sys=0.04, real=0.02 secs] 
2021-06-03T11:18:27.290+0800: 1734458.942: [GC (Allocation Failure) [PSYoungGen: 503296K->7424K(510464K)] 987557K->496617K(1034752K), 0.0258045 secs] [Times: user=0.03 sys=0.04, real=0.03 secs] 
2021-06-03T11:22:52.758+0800: 1734724.410: [GC (Allocation Failure) [PSYoungGen: 504064K->8512K(510464K)] 993257K->503222K(1034752K), 0.0289031 secs] [Times: user=0.08 sys=0.00, real=0.03 secs] 
2021-06-03T11:27:20.412+0800: 1734992.064: [GC (Allocation Failure) [PSYoungGen: 505152K->7744K(510976K)] 999862K->510095K(1035264K), 0.0242006 secs] [Times: user=0.04 sys=0.04, real=0.03 secs] 
2021-06-03T11:31:46.965+0800: 1735258.617: [GC (Allocation Failure) [PSYoungGen: 505408K->7456K(510976K)] 1007759K->516049K(1035264K), 0.0215141 secs] [Times: user=0.03 sys=0.04, real=0.02 secs] 
2021-06-03T11:36:13.019+0800: 1735524.671: [GC (Allocation Failure) [PSYoungGen: 505120K->7200K(511488K)] 1013713K->521756K(1035776K), 0.0392185 secs] [Times: user=0.03 sys=0.02, real=0.04 secs] 
2021-06-03T11:40:39.011+0800: 1735790.663: [GC (Allocation Failure) [PSYoungGen: 505888K->8384K(511488K)] 1020444K->528361K(1035776K), 0.0279550 secs] [Times: user=0.04 sys=0.04, real=0.03 secs] 
2021-06-03T11:40:39.039+0800: 1735790.691: [Full GC (Ergonomics) [PSYoungGen: 8384K->0K(511488K)] [ParOldGen: 519977K->303665K(524288K)] 528361K->303665K(1035776K), [Metaspace: 96985K->96981K(1138688K)], 0.5772002 secs] [Times: user=1.23 sys=0.00, real=0.58 secs] 
2021-06-03T11:45:07.247+0800: 1736058.899: [GC (Allocation Failure) [PSYoungGen: 498688K->8672K(512000K)] 802353K->312337K(1036288K), 0.0268414 secs] [Times: user=0.08 sys=0.00, real=0.03 secs] 
2021-06-03T11:49:31.376+0800: 1736323.028: [GC (Allocation Failure) [PSYoungGen: 508384K->12256K(512000K)] 812049K->322221K(1036288K), 0.0353812 secs] [Times: user=0.11 sys=0.00, real=0.03 secs] 
2021-06-03T11:53:56.808+0800: 1736588.460: [GC (Allocation Failure) [PSYoungGen: 511968K->12256K(501760K)] 821933K->331752K(1026048K), 0.0395348 secs] [Times: user=0.05 sys=0.06, real=0.04 secs] 
2021-06-03T11:58:13.466+0800: 1736845.118: [GC (Allocation Failure) [PSYoungGen: 501728K->10752K(506880K)] 821224K->339251K(1031168K), 0.0281354 secs] [Times: user=0.08 sys=0.00, real=0.03 secs] 
2021-06-03T12:02:33.198+0800: 1737104.850: [GC (Allocation Failure) [PSYoungGen: 500224K->9408K(507904K)] 828723K->344975K(1032192K), 0.0260405 secs] [Times: user=0.04 sys=0.04, real=0.03 secs] 
2021-06-03T12:06:55.198+0800: 1737366.850: [GC (Allocation Failure) [PSYoungGen: 500416K->8128K(507392K)] 835983K->351320K(1031680K), 0.0275993 secs] [Times: user=0.04 sys=0.04, real=0.03 secs] 
2021-06-03T12:11:15.540+0800: 1737627.192: [GC (Allocation Failure) [PSYoungGen: 499136K->7296K(508416K)] 842328K->357153K(1032704K), 0.0259761 secs] [Times: user=0.04 sys=0.04, real=0.03 secs] 
2021-06-03T12:15:36.968+0800: 1737888.620: [GC (Allocation Failure) [PSYoungGen: 499328K->6848K(507904K)] 849185K->361949K(1032192K), 0.0307730 secs] [Times: user=0.03 sys=0.04, real=0.04 secs] 
2021-06-03T12:20:00.149+0800: 1738151.801: [GC (Allocation Failure) [PSYoungGen: 498880K->7456K(508416K)] 853981K->367561K(1032704K), 0.0288564 secs] [Times: user=0.04 sys=0.05, real=0.03 secs] 
2021-06-03T12:24:20.638+0800: 1738412.290: [GC (Allocation Failure) [PSYoungGen: 500000K->8384K(508416K)] 860105K->374731K(1032704K), 0.0371959 secs] [Times: user=0.04 sys=0.04, real=0.04 secs] 
2021-06-03T12:28:43.587+0800: 1738675.239: [GC (Allocation Failure) [PSYoungGen: 500928K->6016K(508928K)] 867275K->378836K(1033216K), 0.0258964 secs] [Times: user=0.03 sys=0.04, real=0.03 secs] 
2021-06-03T12:33:05.957+0800: 1738937.609: [GC (Allocation Failure) [PSYoungGen: 499584K->6720K(508928K)] 872404K->383856K(1033216K), 0.0222898 secs] [Times: user=0.04 sys=0.03, real=0.02 secs] 
2021-06-03T12:37:29.032+0800: 1739200.684: [GC (Allocation Failure) [PSYoungGen: 500288K->9056K(509952K)] 877424K->390926K(1034240K), 0.0252825 secs] [Times: user=0.03 sys=0.04, real=0.03 secs] 
2021-06-03T12:41:50.322+0800: 1739461.974: [GC (Allocation Failure) [PSYoungGen: 504160K->12576K(507904K)] 886030K->401097K(1032192K), 0.0278216 secs] [Times: user=0.04 sys=0.04, real=0.03 secs] 
2021-06-03T12:46:16.365+0800: 1739728.017: [GC (Allocation Failure) [PSYoungGen: 507680K->12096K(507904K)] 896201K->409906K(1032192K), 0.0249894 secs] [Times: user=0.04 sys=0.04, real=0.02 secs] 
2021-06-03T12:50:34.020+0800: 1739985.672: [GC (Allocation Failure) [PSYoungGen: 504640K->10912K(508416K)] 902450K->418395K(1032704K), 0.0280571 secs] [Times: user=0.03 sys=0.04, real=0.03 secs] 
2021-06-03T12:54:54.416+0800: 1740246.068: [GC (Allocation Failure) [PSYoungGen: 503456K->9920K(508928K)] 910939K->425302K(1033216K), 0.0502184 secs] [Times: user=0.04 sys=0.04, real=0.05 secs] 
2021-06-03T12:59:19.494+0800: 1740511.146: [GC (Allocation Failure) [PSYoungGen: 502976K->6240K(508416K)] 918358K->428359K(1032704K), 0.0868940 secs] [Times: user=0.03 sys=0.03, real=0.08 secs] 
2021-06-03T13:03:37.498+0800: 1740769.150: [GC (Allocation Failure) [PSYoungGen: 499296K->5802K(508928K)] 921415K->433013K(1033216K), 0.0229678 secs] [Times: user=0.03 sys=0.03, real=0.02 secs] 
2021-06-03T13:07:59.745+0800: 1741031.397: [GC (Allocation Failure) [PSYoungGen: 499370K->7872K(508928K)] 926581K->439490K(1033216K), 0.0557956 secs] [Times: user=0.03 sys=0.03, real=0.05 secs] 
2021-06-03T13:12:24.807+0800: 1741296.459: [GC (Allocation Failure) [PSYoungGen: 501440K->9088K(509952K)] 933058K->446638K(1034240K), 0.0368063 secs] [Times: user=0.03 sys=0.04, real=0.04 secs] 
2021-06-03T13:16:49.826+0800: 1741561.478: [GC (Allocation Failure) [PSYoungGen: 504192K->9856K(509440K)] 941742K->453673K(1033728K), 0.0339485 secs] [Times: user=0.04 sys=0.03, real=0.03 secs] 
2021-06-03T13:21:19.962+0800: 1741831.614: [GC (Allocation Failure) [PSYoungGen: 504960K->6272K(509952K)] 948777K->458481K(1034240K), 0.0807993 secs] [Times: user=0.03 sys=0.03, real=0.09 secs] 
2021-06-03T13:25:42.983+0800: 1742094.635: [GC (Allocation Failure) [PSYoungGen: 501888K->10112K(509952K)] 954097K->466853K(1034240K), 0.0318164 secs] [Times: user=0.04 sys=0.04, real=0.03 secs] 
2021-06-03T13:30:10.273+0800: 1742361.925: [GC (Allocation Failure) [PSYoungGen: 505728K->7008K(510464K)] 962469K->471910K(1034752K), 0.0271629 secs] [Times: user=0.04 sys=0.03, real=0.02 secs] 
2021-06-03T13:34:32.533+0800: 1742624.185: [GC (Allocation Failure) [PSYoungGen: 503136K->10048K(509952K)] 968038K->480858K(1034240K), 0.0316129 secs] [Times: user=0.04 sys=0.04, real=0.03 secs] 
2021-06-03T13:38:55.982+0800: 1742887.634: [GC (Allocation Failure) [PSYoungGen: 506176K->10240K(509440K)] 976986K->488915K(1033728K), 0.0258072 secs] [Times: user=0.03 sys=0.05, real=0.03 secs] 
2021-06-03T13:43:20.508+0800: 1743152.160: [GC (Allocation Failure) [PSYoungGen: 505856K->10496K(509952K)] 984531K->497166K(1034240K), 0.0260556 secs] [Times: user=0.04 sys=0.04, real=0.03 secs] 
2021-06-03T13:47:40.611+0800: 1743412.263: [GC (Allocation Failure) [PSYoungGen: 506112K->11872K(508928K)] 992782K->506802K(1033216K), 0.0290094 secs] [Times: user=0.04 sys=0.04, real=0.03 secs] 
2021-06-03T13:52:03.358+0800: 1743675.010: [GC (Allocation Failure) [PSYoungGen: 506464K->10240K(509440K)] 1001394K->513907K(1033728K), 0.0281591 secs] [Times: user=0.04 sys=0.05, real=0.03 secs] 
2021-06-03T13:56:25.838+0800: 1743937.490: [GC (Allocation Failure) [PSYoungGen: 504832K->8672K(509952K)] 1008499K->519605K(1034240K), 0.0241244 secs] [Times: user=0.03 sys=0.04, real=0.03 secs] 
2021-06-03T14:00:52.078+0800: 1744203.730: [GC (Allocation Failure) [PSYoungGen: 504288K->6752K(509952K)] 1015221K->524383K(1034240K), 0.0221436 secs] [Times: user=0.03 sys=0.04, real=0.02 secs] 
2021-06-03T14:00:52.101+0800: 1744203.753: [Full GC (Ergonomics) [PSYoungGen: 6752K->0K(509952K)] [ParOldGen: 517631K->298951K(524288K)] 524383K->298951K(1034240K), [Metaspace: 96985K->96985K(1138688K)], 0.4347487 secs] [Times: user=0.98 sys=0.00, real=0.44 secs] 
2021-06-03T14:05:16.672+0800: 1744468.324: [GC (Allocation Failure) [PSYoungGen: 495616K->6336K(509952K)] 794567K->305287K(1034240K), 0.0177909 secs] [Times: user=0.02 sys=0.03, real=0.02 secs] 
2021-06-03T14:09:39.786+0800: 1744731.438: [GC (Allocation Failure) [PSYoungGen: 501952K->10080K(509952K)] 800903K->314028K(1034240K), 0.0219881 secs] [Times: user=0.03 sys=0.04, real=0.02 secs] 
2021-06-03T14:14:02.462+0800: 1744994.114: [GC (Allocation Failure) [PSYoungGen: 505696K->8800K(510464K)] 809644K->320246K(1034752K), 0.0245219 secs] [Times: user=0.07 sys=0.00, real=0.03 secs] 
2021-06-03T14:18:26.103+0800: 1745257.755: [GC (Allocation Failure) [PSYoungGen: 504928K->11168K(509952K)] 816374K->329146K(1034240K), 0.0229636 secs] [Times: user=0.03 sys=0.04, real=0.02 secs] 
2021-06-03T14:22:47.590+0800: 1745519.242: [GC (Allocation Failure) [PSYoungGen: 507296K->6112K(509440K)] 825274K->332978K(1033728K), 0.0222305 secs] [Times: user=0.07 sys=0.00, real=0.02 secs] 
2021-06-03T14:27:10.168+0800: 1745781.820: [GC (Allocation Failure) [PSYoungGen: 501728K->6048K(509952K)] 828594K->337646K(1034240K), 0.0213770 secs] [Times: user=0.04 sys=0.03, real=0.02 secs] 
2021-06-03T14:31:31.896+0800: 1746043.548: [GC (Allocation Failure) [PSYoungGen: 501664K->9664K(510464K)] 833262K->345394K(1034752K), 0.0228235 secs] [Times: user=0.04 sys=0.04, real=0.02 secs] 
2021-06-03T14:35:55.429+0800: 1746307.081: [GC (Allocation Failure) [PSYoungGen: 506304K->11104K(507904K)] 842034K->355093K(1032192K), 0.0252332 secs] [Times: user=0.04 sys=0.04, real=0.03 secs] 
2021-06-03T14:40:16.585+0800: 1746568.237: [GC (Allocation Failure) [PSYoungGen: 507744K->11968K(508928K)] 851733K->364624K(1033216K), 0.0289502 secs] [Times: user=0.04 sys=0.04, real=0.03 secs] 
2021-06-03T14:44:37.782+0800: 1746829.434: [GC (Allocation Failure) [PSYoungGen: 506560K->12736K(507392K)] 859216K->372923K(1031680K), 0.0248870 secs] [Times: user=0.03 sys=0.03, real=0.03 secs] 
2021-06-03T14:48:59.306+0800: 1747090.958: [GC (Allocation Failure) [PSYoungGen: 507328K->10080K(508928K)] 867515K->379516K(1033216K), 0.0498722 secs] [Times: user=0.03 sys=0.03, real=0.05 secs] 
2021-06-03T14:53:20.603+0800: 1747352.255: [GC (Allocation Failure) [PSYoungGen: 503136K->8192K(508416K)] 872572K->385021K(1032704K), 0.0241080 secs] [Times: user=0.04 sys=0.04, real=0.02 secs] 
2021-06-03T14:57:41.841+0800: 1747613.493: [GC (Allocation Failure) [PSYoungGen: 501248K->8640K(509440K)] 878077K->391777K(1033728K), 0.0259133 secs] [Times: user=0.07 sys=0.00, real=0.03 secs] 
2021-06-03T15:02:03.746+0800: 1747875.398: [GC (Allocation Failure) [PSYoungGen: 503232K->8512K(509440K)] 886369K->397867K(1033728K), 0.0248061 secs] [Times: user=0.03 sys=0.04, real=0.02 secs] 
2021-06-03T15:06:22.784+0800: 1748134.436: [GC (Allocation Failure) [PSYoungGen: 503104K->9760K(510464K)] 892459K->405558K(1034752K), 0.0251034 secs] [Times: user=0.04 sys=0.03, real=0.02 secs] 
2021-06-03T15:10:46.862+0800: 1748398.514: [GC (Allocation Failure) [PSYoungGen: 505888K->9856K(509952K)] 901686K->413161K(1034240K), 0.0446524 secs] [Times: user=0.04 sys=0.03, real=0.05 secs] 
2021-06-03T15:15:07.166+0800: 1748658.818: [GC (Allocation Failure) [PSYoungGen: 505984K->12384K(509440K)] 909289K->422037K(1033728K), 0.0347737 secs] [Times: user=0.03 sys=0.04, real=0.03 secs] 
2021-06-03T15:19:31.038+0800: 1748922.690: [GC (Allocation Failure) [PSYoungGen: 508000K->9856K(509952K)] 917653K->429669K(1034240K), 0.0379271 secs] [Times: user=0.05 sys=0.05, real=0.04 secs] 
2021-06-03T15:23:56.012+0800: 1749187.664: [GC (Allocation Failure) [PSYoungGen: 505472K->9824K(510464K)] 925285K->436920K(1034752K), 0.0249823 secs] [Times: user=0.03 sys=0.04, real=0.02 secs] 
2021-06-03T15:28:15.488+0800: 1749447.140: [GC (Allocation Failure) [PSYoungGen: 506464K->10272K(510464K)] 933560K->445643K(1034752K), 0.0217668 secs] [Times: user=0.04 sys=0.04, real=0.02 secs] 
2021-06-03T15:32:41.727+0800: 1749713.379: [GC (Allocation Failure) [PSYoungGen: 506912K->8448K(510976K)] 942283K->452100K(1035264K), 0.0270557 secs] [Times: user=0.04 sys=0.04, real=0.03 secs] 
2021-06-03T15:37:02.420+0800: 1749974.072: [GC (Allocation Failure) [PSYoungGen: 506112K->12224K(509952K)] 949764K->462288K(1034240K), 0.0538617 secs] [Times: user=0.03 sys=0.04, real=0.06 secs] 
2021-06-03T15:41:24.691+0800: 1750236.343: [GC (Allocation Failure) [PSYoungGen: 509888K->10464K(510464K)] 959952K->470664K(1034752K), 0.0228019 secs] [Times: user=0.04 sys=0.03, real=0.03 secs] 
2021-06-03T15:45:47.616+0800: 1750499.268: [GC (Allocation Failure) [PSYoungGen: 507104K->10592K(510464K)] 967304K->478627K(1034752K), 0.0302539 secs] [Times: user=0.04 sys=0.04, real=0.03 secs] 
2021-06-03T15:50:09.589+0800: 1750761.241: [GC (Allocation Failure) [PSYoungGen: 507232K->8576K(510464K)] 975267K->484724K(1034752K), 0.0233971 secs] [Times: user=0.04 sys=0.03, real=0.03 secs] 
2021-06-03T15:54:35.233+0800: 1751026.885: [GC (Allocation Failure) [PSYoungGen: 505216K->7232K(510464K)] 981364K->490119K(1034752K), 0.0243150 secs] [Times: user=0.03 sys=0.03, real=0.02 secs] 
2021-06-03T15:59:02.811+0800: 1751294.463: [GC (Allocation Failure) [PSYoungGen: 503864K->8384K(510976K)] 986752K->497033K(1035264K), 0.0247866 secs] [Times: user=0.03 sys=0.04, real=0.03 secs] 
2021-06-03T16:03:24.503+0800: 1751556.155: [GC (Allocation Failure) [PSYoungGen: 505536K->9120K(510464K)] 994185K->504700K(1034752K), 0.0227349 secs] [Times: user=0.03 sys=0.04, real=0.02 secs] 
2021-06-03T16:07:49.827+0800: 1751821.479: [GC (Allocation Failure) [PSYoungGen: 506272K->10592K(510976K)] 1001852K->512976K(1035264K), 0.0311208 secs] [Times: user=0.04 sys=0.05, real=0.03 secs] 
2021-06-03T16:12:11.518+0800: 1752083.170: [GC (Allocation Failure) [PSYoungGen: 508256K->9024K(510976K)] 1010640K->519545K(1035264K), 0.0361716 secs] [Times: user=0.04 sys=0.04, real=0.04 secs] 
2021-06-03T16:16:35.777+0800: 1752347.429: [GC (Allocation Failure) [PSYoungGen: 506688K->9952K(511488K)] 1017209K->526293K(1035776K), 0.0264259 secs] [Times: user=0.04 sys=0.04, real=0.03 secs] 
2021-06-03T16:16:35.804+0800: 1752347.456: [Full GC (Ergonomics) [PSYoungGen: 9952K->0K(511488K)] [ParOldGen: 516341K->306442K(524288K)] 526293K->306442K(1035776K), [Metaspace: 96985K->96985K(1138688K)], 0.5333267 secs] [Times: user=1.15 sys=0.00, real=0.53 secs] 
2021-06-03T16:21:00.228+0800: 1752611.880: [GC (Allocation Failure) [PSYoungGen: 498688K->8256K(511488K)] 805130K->314698K(1035776K), 0.0264478 secs] [Times: user=0.07 sys=0.00, real=0.03 secs] 
2021-06-03T16:25:22.779+0800: 1752874.431: [GC (Allocation Failure) [PSYoungGen: 506944K->9216K(512000K)] 813386K->322390K(1036288K), 0.0335650 secs] [Times: user=0.03 sys=0.04, real=0.04 secs] 
2021-06-03T16:29:47.566+0800: 1753139.218: [GC (Allocation Failure) [PSYoungGen: 508416K->8480K(511488K)] 821590K->328159K(1035776K), 0.0234365 secs] [Times: user=0.04 sys=0.03, real=0.02 secs] 
2021-06-03T16:34:16.879+0800: 1753408.531: [GC (Allocation Failure) [PSYoungGen: 507680K->7232K(512000K)] 827359K->333872K(1036288K), 0.0245698 secs] [Times: user=0.03 sys=0.04, real=0.03 secs] 
2021-06-03T16:38:41.878+0800: 1753673.530: [GC (Allocation Failure) [PSYoungGen: 506944K->10784K(510976K)] 833584K->342853K(1035264K), 0.0228002 secs] [Times: user=0.04 sys=0.03, real=0.02 secs] 
2021-06-03T16:43:06.536+0800: 1753938.188: [GC (Allocation Failure) [PSYoungGen: 510496K->12640K(509440K)] 842565K->352744K(1033728K), 0.0253249 secs] [Times: user=0.08 sys=0.00, real=0.02 secs] 
2021-06-03T16:47:29.719+0800: 1754201.371: [GC (Allocation Failure) [PSYoungGen: 509280K->11552K(510464K)] 849384K->361995K(1034752K), 0.0258502 secs] [Times: user=0.07 sys=0.00, real=0.03 secs] 
2021-06-03T16:51:52.180+0800: 1754463.832: [GC (Allocation Failure) [PSYoungGen: 508192K->11872K(509440K)] 858635K->371653K(1033728K), 0.0302996 secs] [Times: user=0.04 sys=0.04, real=0.03 secs] 
2021-06-03T16:56:15.812+0800: 1754727.464: [GC (Allocation Failure) [PSYoungGen: 507488K->7200K(509952K)] 867269K->376181K(1034240K), 0.0531441 secs] [Times: user=0.04 sys=0.04, real=0.06 secs] 
2021-06-03T17:00:41.423+0800: 1754993.075: [GC (Allocation Failure) [PSYoungGen: 502816K->7168K(509952K)] 871797K->381879K(1034240K), 0.0383850 secs] [Times: user=0.05 sys=0.04, real=0.03 secs] 
2021-06-03T17:05:06.496+0800: 1755258.149: [GC (Allocation Failure) [PSYoungGen: 502784K->8960K(509952K)] 877495K->389211K(1034240K), 0.0293434 secs] [Times: user=0.04 sys=0.04, real=0.03 secs] 
2021-06-03T17:09:28.976+0800: 1755520.628: [GC (Allocation Failure) [PSYoungGen: 504576K->8000K(510464K)] 884827K->395316K(1034752K), 0.0268330 secs] [Times: user=0.04 sys=0.04, real=0.03 secs] 
2021-06-03T17:13:47.250+0800: 1755778.902: [GC (Allocation Failure) [PSYoungGen: 504640K->9536K(510464K)] 891956K->403120K(1034752K), 0.0285863 secs] [Times: user=0.04 sys=0.03, real=0.03 secs] 
2021-06-03T17:18:10.572+0800: 1756042.224: [GC (Allocation Failure) [PSYoungGen: 506176K->9632K(510976K)] 899760K->409501K(1035264K), 0.0249460 secs] [Times: user=0.04 sys=0.04, real=0.02 secs] 
2021-06-03T17:22:34.739+0800: 1756306.391: [GC (Allocation Failure) [PSYoungGen: 507296K->11424K(509440K)] 907165K->418678K(1033728K), 0.0301320 secs] [Times: user=0.03 sys=0.03, real=0.03 secs] 
2021-06-03T17:26:55.063+0800: 1756566.715: [GC (Allocation Failure) [PSYoungGen: 509088K->12352K(509440K)] 916342K->427370K(1033728K), 0.0322462 secs] [Times: user=0.05 sys=0.06, real=0.03 secs] 
2021-06-03T17:31:11.412+0800: 1756823.064: [GC (Allocation Failure) [PSYoungGen: 507968K->9600K(509952K)] 922986K->434355K(1034240K), 0.0231126 secs] [Times: user=0.03 sys=0.04, real=0.02 secs] 
2021-06-03T17:35:27.228+0800: 1757078.880: [GC (Allocation Failure) [PSYoungGen: 505216K->12000K(509440K)] 929971K->444014K(1033728K), 0.0289376 secs] [Times: user=0.09 sys=0.00, real=0.03 secs] 
2021-06-03T17:39:44.524+0800: 1757336.176: [GC (Allocation Failure) [PSYoungGen: 507616K->14304K(509952K)] 939630K->461380K(1034240K), 0.0332891 secs] [Times: user=0.04 sys=0.04, real=0.03 secs] 
2021-06-03T17:44:01.352+0800: 1757593.004: [GC (Allocation Failure) [PSYoungGen: 509920K->14304K(484352K)] 956996K->477216K(1008640K), 0.0349813 secs] [Times: user=0.04 sys=0.05, real=0.04 secs] 
2021-06-03T17:48:09.659+0800: 1757841.311: [GC (Allocation Failure) [PSYoungGen: 484320K->14912K(497152K)] 947232K->488826K(1021440K), 0.0300503 secs] [Times: user=0.04 sys=0.04, real=0.03 secs] 
2021-06-03T17:52:12.783+0800: 1758084.435: [GC (Allocation Failure) [PSYoungGen: 484928K->16384K(498688K)] 958842K->500360K(1022976K), 0.0343218 secs] [Times: user=0.08 sys=0.00, real=0.03 secs] 
2021-06-03T17:56:18.202+0800: 1758329.854: [GC (Allocation Failure) [PSYoungGen: 488960K->18848K(491520K)] 972936K->512900K(1015808K), 0.0343965 secs] [Times: user=0.03 sys=0.05, real=0.04 secs] 
2021-06-03T18:00:27.616+0800: 1758579.268: [GC (Allocation Failure) [PSYoungGen: 491424K->14816K(499200K)] 985476K->519542K(1023488K), 0.0324808 secs] [Times: user=0.04 sys=0.04, real=0.03 secs] 
2021-06-03T18:04:37.258+0800: 1758828.910: [GC (Allocation Failure) [PSYoungGen: 487392K->13760K(497664K)] 992118K->527540K(1021952K), 0.0241477 secs] [Times: user=0.03 sys=0.04, real=0.03 secs] 
2021-06-03T18:04:37.283+0800: 1758828.935: [Full GC (Ergonomics) [PSYoungGen: 13760K->0K(497664K)] [ParOldGen: 513780K->299872K(524288K)] 527540K->299872K(1021952K), [Metaspace: 96986K->96982K(1138688K)], 0.5056428 secs] [Times: user=1.10 sys=0.00, real=0.50 secs] 
2021-06-03T18:08:44.816+0800: 1759076.468: [GC (Allocation Failure) [PSYoungGen: 472576K->15008K(500736K)] 772448K->314880K(1025024K), 0.0255310 secs] [Times: user=0.04 sys=0.03, real=0.02 secs] 
2021-06-03T18:12:49.912+0800: 1759321.564: [GC (Allocation Failure) [PSYoungGen: 491168K->18784K(499712K)] 791040K->329629K(1024000K), 0.0864202 secs] [Times: user=0.05 sys=0.04, real=0.09 secs] 
2021-06-03T18:16:59.011+0800: 1759570.663: [GC (Allocation Failure) [PSYoungGen: 494944K->18272K(499200K)] 805789K->340249K(1023488K), 0.0325524 secs] [Times: user=0.04 sys=0.04, real=0.04 secs] 
2021-06-03T18:21:05.396+0800: 1759817.048: [GC (Allocation Failure) [PSYoungGen: 493408K->17856K(499712K)] 815385K->351311K(1024000K), 0.0382901 secs] [Times: user=0.05 sys=0.05, real=0.04 secs] 
2021-06-03T18:25:14.956+0800: 1760066.608: [GC (Allocation Failure) [PSYoungGen: 492992K->18048K(499712K)] 826447K->361643K(1024000K), 0.0330977 secs] [Times: user=0.04 sys=0.04, real=0.03 secs] 
2021-06-03T18:29:26.651+0800: 1760318.303: [GC (Allocation Failure) [PSYoungGen: 493184K->16384K(499712K)] 836779K->371142K(1024000K), 0.0310655 secs] [Times: user=0.04 sys=0.05, real=0.03 secs] 
2021-06-03T18:33:36.343+0800: 1760567.995: [GC (Allocation Failure) [PSYoungGen: 491518K->14208K(500736K)] 846276K->379162K(1025024K), 0.0281667 secs] [Times: user=0.04 sys=0.04, real=0.02 secs] 
2021-06-03T18:37:41.591+0800: 1760813.243: [GC (Allocation Failure) [PSYoungGen: 490880K->18816K(500224K)] 855834K->394398K(1024512K), 0.0326266 secs] [Times: user=0.04 sys=0.05, real=0.04 secs] 
2021-06-03T18:41:51.528+0800: 1761063.180: [GC (Allocation Failure) [PSYoungGen: 495488K->17408K(500736K)] 871070K->405155K(1025024K), 0.0296811 secs] [Times: user=0.03 sys=0.04, real=0.03 secs] 
2021-06-03T18:45:56.724+0800: 1761308.376: [GC (Allocation Failure) [PSYoungGen: 494080K->18400K(500224K)] 881827K->417016K(1024512K), 0.0331996 secs] [Times: user=0.04 sys=0.05, real=0.03 secs] 
2021-06-03T18:50:04.455+0800: 1761556.107: [GC (Allocation Failure) [PSYoungGen: 495072K->16544K(501248K)] 893688K->426492K(1025536K), 0.0294782 secs] [Times: user=0.03 sys=0.04, real=0.03 secs] 
2021-06-03T18:54:12.463+0800: 1761804.115: [GC (Allocation Failure) [PSYoungGen: 494240K->15680K(500736K)] 904188K->436344K(1025024K), 0.0277717 secs] [Times: user=0.04 sys=0.04, real=0.02 secs] 
2021-06-03T18:58:23.787+0800: 1762055.439: [GC (Allocation Failure) [PSYoungGen: 493376K->15776K(502272K)] 914040K->447780K(1026560K), 0.0266218 secs] [Times: user=0.03 sys=0.04, real=0.03 secs] 
2021-06-03T19:02:34.807+0800: 1762306.460: [GC (Allocation Failure) [PSYoungGen: 495464K->17172K(501760K)] 927469K->460069K(1026048K), 0.0339064 secs] [Times: user=0.09 sys=0.00, real=0.03 secs] 
2021-06-03T19:06:39.577+0800: 1762551.229: [GC (Allocation Failure) [PSYoungGen: 496916K->21194K(500224K)] 939813K->474440K(1024512K), 0.0409019 secs] [Times: user=0.05 sys=0.05, real=0.04 secs] 
2021-06-03T19:10:49.308+0800: 1762800.960: [GC (Allocation Failure) [PSYoungGen: 499402K->20672K(499200K)] 952648K->485230K(1023488K), 0.0331401 secs] [Times: user=0.04 sys=0.05, real=0.03 secs] 
2021-06-03T19:14:58.951+0800: 1763050.603: [GC (Allocation Failure) [PSYoungGen: 498880K->15232K(500736K)] 963438K->492568K(1025024K), 0.0275221 secs] [Times: user=0.04 sys=0.04, real=0.03 secs] 
2021-06-03T19:19:09.746+0800: 1763301.398: [GC (Allocation Failure) [PSYoungGen: 491904K->18112K(500224K)] 969240K->506092K(1024512K), 0.0389505 secs] [Times: user=0.04 sys=0.06, real=0.04 secs] 
2021-06-03T19:23:18.072+0800: 1763549.724: [GC (Allocation Failure) [PSYoungGen: 494784K->15808K(501248K)] 982764K->514616K(1025536K), 0.0441443 secs] [Times: user=0.04 sys=0.05, real=0.05 secs] 
2021-06-03T19:27:28.969+0800: 1763800.621: [GC (Allocation Failure) [PSYoungGen: 493504K->13568K(500736K)] 992312K->522418K(1025024K), 0.0294756 secs] [Times: user=0.04 sys=0.04, real=0.03 secs] 
2021-06-03T19:31:37.119+0800: 1764048.771: [GC (Allocation Failure) [PSYoungGen: 491264K->15552K(501760K)] 1000114K->534423K(1026048K), 0.0275166 secs] [Times: user=0.03 sys=0.04, real=0.03 secs] 
2021-06-03T19:31:37.147+0800: 1764048.799: [Full GC (Ergonomics) [PSYoungGen: 15552K->0K(501760K)] [ParOldGen: 518871K->326436K(524288K)] 534423K->326436K(1026048K), [Metaspace: 96986K->96986K(1138688K)], 0.4893163 secs] [Times: user=1.08 sys=0.00, real=0.49 secs] 
2021-06-03T19:35:46.883+0800: 1764298.535: [GC (Allocation Failure) [PSYoungGen: 478720K->20320K(499200K)] 805156K->346756K(1023488K), 0.0401062 secs] [Times: user=0.04 sys=0.05, real=0.04 secs] 
2021-06-03T19:39:56.960+0800: 1764548.612: [GC (Allocation Failure) [PSYoungGen: 499040K->17952K(501248K)] 825476K->357537K(1025536K), 0.0556321 secs] [Times: user=0.04 sys=0.04, real=0.06 secs] 
2021-06-03T19:44:06.726+0800: 1764798.378: [GC (Allocation Failure) [PSYoungGen: 495648K->20928K(498688K)] 835233K->372254K(1022976K), 0.0985628 secs] [Times: user=0.04 sys=0.04, real=0.10 secs] 
2021-06-03T19:48:14.270+0800: 1765045.922: [GC (Allocation Failure) [PSYoungGen: 498624K->17216K(500736K)] 849950K->381352K(1025024K), 0.0295256 secs] [Times: user=0.04 sys=0.04, real=0.03 secs] 
2021-06-03T19:52:17.363+0800: 1765289.015: [GC (Allocation Failure) [PSYoungGen: 493888K->20224K(500224K)] 858024K->395295K(1024512K), 0.0297597 secs] [Times: user=0.03 sys=0.04, real=0.03 secs] 
2021-06-03T19:56:24.442+0800: 1765536.094: [GC (Allocation Failure) [PSYoungGen: 496896K->20320K(500224K)] 871967K->408069K(1024512K), 0.0328485 secs] [Times: user=0.04 sys=0.05, real=0.04 secs] 
2021-06-03T20:00:39.199+0800: 1765790.851: [GC (Allocation Failure) [PSYoungGen: 496480K->12256K(488448K)] 884229K->411693K(1012736K), 0.0258749 secs] [Times: user=0.04 sys=0.04, real=0.03 secs] 
2021-06-03T20:04:44.711+0800: 1766036.363: [GC (Allocation Failure) [PSYoungGen: 488416K->19488K(499712K)] 887853K->427035K(1024000K), 0.0318404 secs] [Times: user=0.08 sys=0.00, real=0.04 secs] 
2021-06-03T20:08:50.560+0800: 1766282.212: [GC (Allocation Failure) [PSYoungGen: 494624K->18272K(499712K)] 902171K->436640K(1024000K), 0.0304848 secs] [Times: user=0.04 sys=0.05, real=0.03 secs] 
2021-06-03T20:12:57.806+0800: 1766529.458: [GC (Allocation Failure) [PSYoungGen: 493408K->18464K(500224K)] 911776K->447156K(1024512K), 0.0423356 secs] [Times: user=0.05 sys=0.05, real=0.04 secs] 
2021-06-03T20:17:09.321+0800: 1766780.973: [GC (Allocation Failure) [PSYoungGen: 494624K->16384K(500224K)] 923316K->456256K(1024512K), 0.0377407 secs] [Times: user=0.05 sys=0.05, real=0.04 secs] 
2021-06-03T20:21:15.239+0800: 1767026.891: [GC (Allocation Failure) [PSYoungGen: 492544K->18016K(501248K)] 932416K->469893K(1025536K), 0.0404288 secs] [Times: user=0.05 sys=0.05, real=0.04 secs] 
2021-06-03T20:25:26.357+0800: 1767278.009: [GC (Allocation Failure) [PSYoungGen: 495712K->16224K(500736K)] 947589K->479896K(1025024K), 0.0331517 secs] [Times: user=0.04 sys=0.04, real=0.03 secs] 
2021-06-03T20:29:38.094+0800: 1767529.746: [GC (Allocation Failure) [PSYoungGen: 493920K->17664K(501760K)] 957592K->491037K(1026048K), 0.0435292 secs] [Times: user=0.03 sys=0.04, real=0.04 secs] 
2021-06-03T20:33:49.233+0800: 1767780.885: [GC (Allocation Failure) [PSYoungGen: 496384K->20480K(501248K)] 969757K->504427K(1025536K), 0.0472697 secs] [Times: user=0.04 sys=0.04, real=0.04 secs] 
2021-06-03T20:37:59.503+0800: 1768031.155: [GC (Allocation Failure) [PSYoungGen: 499200K->18304K(501760K)] 983147K->514031K(1026048K), 0.0409603 secs] [Times: user=0.05 sys=0.05, real=0.04 secs] 
2021-06-03T20:42:11.603+0800: 1768283.255: [GC (Allocation Failure) [PSYoungGen: 497024K->16672K(501248K)] 992751K->523651K(1025536K), 0.0373335 secs] [Times: user=0.05 sys=0.05, real=0.03 secs] 
2021-06-03T20:46:23.375+0800: 1768535.027: [GC (Allocation Failure) [PSYoungGen: 495392K->17792K(502272K)] 1002371K->536367K(1026560K), 0.0456059 secs] [Times: user=0.05 sys=0.05, real=0.04 secs] 
2021-06-03T20:46:23.421+0800: 1768535.073: [Full GC (Ergonomics) [PSYoungGen: 17792K->0K(502272K)] [ParOldGen: 518575K->306717K(524288K)] 536367K->306717K(1026560K), [Metaspace: 96986K->96986K(1138688K)], 0.5178041 secs] [Times: user=1.13 sys=0.00, real=0.52 secs] 
2021-06-03T20:50:32.075+0800: 1768783.727: [GC (Allocation Failure) [PSYoungGen: 479744K->14720K(501760K)] 786461K->321437K(1026048K), 0.0266345 secs] [Times: user=0.03 sys=0.03, real=0.03 secs] 
2021-06-03T20:54:43.530+0800: 1769035.182: [GC (Allocation Failure) [PSYoungGen: 494464K->18784K(502272K)] 801181K->335603K(1026560K), 0.0406774 secs] [Times: user=0.04 sys=0.05, real=0.04 secs] 
2021-06-03T20:58:50.627+0800: 1769282.279: [GC (Allocation Failure) [PSYoungGen: 499040K->17408K(502272K)] 815859K->345472K(1026560K), 0.0279557 secs] [Times: user=0.04 sys=0.05, real=0.03 secs] 
2021-06-03T21:02:59.971+0800: 1769531.623: [GC (Allocation Failure) [PSYoungGen: 497664K->14944K(502272K)] 825728K->355602K(1026560K), 0.0374238 secs] [Times: user=0.04 sys=0.05, real=0.04 secs] 
2021-06-03T21:07:10.905+0800: 1769782.557: [GC (Allocation Failure) [PSYoungGen: 495200K->17440K(502272K)] 835858K->368215K(1026560K), 0.0445738 secs] [Times: user=0.05 sys=0.05, real=0.04 secs] 
2021-06-03T21:11:22.992+0800: 1770034.644: [GC (Allocation Failure) [PSYoungGen: 497696K->17568K(503296K)] 848471K->378931K(1027584K), 0.0375250 secs] [Times: user=0.05 sys=0.05, real=0.04 secs] 
2021-06-03T21:15:33.281+0800: 1770284.934: [GC (Allocation Failure) [PSYoungGen: 499360K->16128K(502784K)] 860723K->387648K(1027072K), 0.0289039 secs] [Times: user=0.04 sys=0.05, real=0.03 secs] 
2021-06-03T21:19:44.912+0800: 1770536.564: [GC (Allocation Failure) [PSYoungGen: 497920K->18016K(503296K)] 869440K->399221K(1027584K), 0.0626133 secs] [Times: user=0.05 sys=0.05, real=0.07 secs] 
2021-06-03T21:23:57.883+0800: 1770789.535: [GC (Allocation Failure) [PSYoungGen: 500320K->12704K(495104K)] 881525K->405791K(1019392K), 0.0298654 secs] [Times: user=0.04 sys=0.04, real=0.03 secs] 
2021-06-03T21:28:08.648+0800: 1771040.300: [GC (Allocation Failure) [PSYoungGen: 495008K->17504K(503296K)] 888095K->419333K(1027584K), 0.0696060 secs] [Times: user=0.05 sys=0.04, real=0.07 secs] 
2021-06-03T21:32:20.797+0800: 1771292.449: [GC (Allocation Failure) [PSYoungGen: 499296K->15552K(502784K)] 901125K->429168K(1027072K), 0.0377571 secs] [Times: user=0.04 sys=0.05, real=0.04 secs] 
2021-06-03T21:36:32.784+0800: 1771544.436: [GC (Allocation Failure) [PSYoungGen: 497344K->14688K(503296K)] 910960K->438827K(1027584K), 0.0311779 secs] [Times: user=0.03 sys=0.04, real=0.03 secs] 
2021-06-03T21:40:43.321+0800: 1771794.973: [GC (Allocation Failure) [PSYoungGen: 496992K->20512K(503296K)] 921131K->454490K(1027584K), 0.0304254 secs] [Times: user=0.04 sys=0.04, real=0.03 secs] 
2021-06-03T21:44:54.686+0800: 1772046.338: [GC (Allocation Failure) [PSYoungGen: 502816K->16800K(502272K)] 936794K->463246K(1026560K), 0.0394963 secs] [Times: user=0.05 sys=0.04, real=0.04 secs] 
2021-06-03T21:49:06.388+0800: 1772298.040: [GC (Allocation Failure) [PSYoungGen: 498080K->19136K(500736K)] 944526K->476195K(1025024K), 0.0328725 secs] [Times: user=0.04 sys=0.04, real=0.03 secs] 
2021-06-03T21:53:19.083+0800: 1772550.735: [GC (Allocation Failure) [PSYoungGen: 500416K->18080K(502272K)] 957475K->486407K(1026560K), 0.0540664 secs] [Times: user=0.08 sys=0.00, real=0.05 secs] 
2021-06-03T21:57:31.029+0800: 1772802.681: [GC (Allocation Failure) [PSYoungGen: 498336K->17504K(502272K)] 966663K->498188K(1026560K), 0.0437266 secs] [Times: user=0.05 sys=0.06, real=0.05 secs] 
2021-06-03T22:01:42.989+0800: 1773054.641: [GC (Allocation Failure) [PSYoungGen: 497760K->17952K(502784K)] 978444K->509232K(1027072K), 0.0323159 secs] [Times: user=0.04 sys=0.04, real=0.03 secs] 
2021-06-03T22:05:53.307+0800: 1773304.959: [GC (Allocation Failure) [PSYoungGen: 499232K->13920K(502784K)] 990512K->517507K(1027072K), 0.0270601 secs] [Times: user=0.03 sys=0.04, real=0.03 secs] 
2021-06-03T22:10:05.182+0800: 1773556.834: [GC (Allocation Failure) [PSYoungGen: 495200K->15264K(502784K)] 998787K->528342K(1027072K), 0.0288106 secs] [Times: user=0.08 sys=0.00, real=0.02 secs] 
2021-06-03T22:10:05.212+0800: 1773556.864: [Full GC (Ergonomics) [PSYoungGen: 15264K->0K(502784K)] [ParOldGen: 513078K->315140K(524288K)] 528342K->315140K(1027072K), [Metaspace: 96986K->96986K(1138688K)], 0.4826626 secs] [Times: user=1.04 sys=0.00, real=0.49 secs] 
2021-06-03T22:14:15.227+0800: 1773806.879: [GC (Allocation Failure) [PSYoungGen: 481280K->15936K(502784K)] 796420K->331076K(1027072K), 0.0312039 secs] [Times: user=0.03 sys=0.03, real=0.03 secs] 
2021-06-03T22:18:25.703+0800: 1774057.355: [GC (Allocation Failure) [PSYoungGen: 497216K->19008K(502272K)] 812356K->345965K(1026560K), 0.0301127 secs] [Times: user=0.04 sys=0.04, real=0.03 secs] 
2021-06-03T22:22:35.350+0800: 1774307.002: [GC (Allocation Failure) [PSYoungGen: 500288K->16736K(502784K)] 827245K->355466K(1027072K), 0.0279839 secs] [Times: user=0.03 sys=0.04, real=0.03 secs] 
2021-06-03T22:26:43.761+0800: 1774555.413: [GC (Allocation Failure) [PSYoungGen: 498016K->19712K(501248K)] 836746K->368960K(1025536K), 0.0292083 secs] [Times: user=0.04 sys=0.04, real=0.03 secs] 
2021-06-03T22:30:50.454+0800: 1774802.106: [GC (Allocation Failure) [PSYoungGen: 499968K->17024K(502272K)] 849216K->378788K(1026560K), 0.0284496 secs] [Times: user=0.03 sys=0.05, real=0.03 secs] 
2021-06-03T22:34:59.962+0800: 1775051.614: [GC (Allocation Failure) [PSYoungGen: 497280K->20832K(500736K)] 859044K->394226K(1025024K), 0.0368772 secs] [Times: user=0.04 sys=0.06, real=0.04 secs] 
2021-06-03T22:39:05.632+0800: 1775297.284: [GC (Allocation Failure) [PSYoungGen: 500064K->20640K(500224K)] 873458K->405720K(1024512K), 0.0352904 secs] [Times: user=0.04 sys=0.05, real=0.04 secs] 
2021-06-03T22:43:14.718+0800: 1775546.370: [GC (Allocation Failure) [PSYoungGen: 499872K->17152K(501760K)] 884952K->414220K(1026048K), 0.0282926 secs] [Times: user=0.04 sys=0.04, real=0.03 secs] 
2021-06-03T22:47:21.305+0800: 1775792.957: [GC (Allocation Failure) [PSYoungGen: 495872K->18816K(501248K)] 892940K->427130K(1025536K), 0.0708562 secs] [Times: user=0.05 sys=0.05, real=0.07 secs] 
2021-06-03T22:51:30.773+0800: 1776042.425: [GC (Allocation Failure) [PSYoungGen: 497536K->20384K(500736K)] 905850K->439888K(1025024K), 0.0431039 secs] [Times: user=0.05 sys=0.05, real=0.04 secs] 
2021-06-03T22:55:36.084+0800: 1776287.736: [GC (Allocation Failure) [PSYoungGen: 498592K->20096K(498688K)] 918096K->452085K(1022976K), 0.0427259 secs] [Times: user=0.04 sys=0.05, real=0.04 secs] 
2021-06-03T22:59:44.855+0800: 1776536.507: [GC (Allocation Failure) [PSYoungGen: 498304K->20032K(500736K)] 930293K->463459K(1025024K), 0.0359991 secs] [Times: user=0.04 sys=0.04, real=0.03 secs] 
2021-06-03T23:03:52.504+0800: 1776784.156: [GC (Allocation Failure) [PSYoungGen: 497216K->19296K(500736K)] 940643K->473746K(1025024K), 0.0324200 secs] [Times: user=0.04 sys=0.04, real=0.03 secs] 
2021-06-03T23:08:00.151+0800: 1777031.803: [GC (Allocation Failure) [PSYoungGen: 496480K->19328K(501248K)] 950930K->484343K(1025536K), 0.0299929 secs] [Times: user=0.04 sys=0.04, real=0.03 secs] 
2021-06-03T23:12:06.752+0800: 1777278.404: [GC (Allocation Failure) [PSYoungGen: 497536K->21024K(499712K)] 962551K->498003K(1024000K), 0.0904229 secs] [Times: user=0.04 sys=0.05, real=0.10 secs] 
2021-06-03T23:16:15.957+0800: 1777527.609: [GC (Allocation Failure) [PSYoungGen: 499205K->18080K(501248K)] 976184K->508280K(1025536K), 0.0311751 secs] [Times: user=0.04 sys=0.04, real=0.03 secs] 
2021-06-03T23:20:21.724+0800: 1777773.376: [GC (Allocation Failure) [PSYoungGen: 495776K->21888K(499712K)] 985976K->522839K(1024000K), 0.0399137 secs] [Times: user=0.04 sys=0.05, real=0.04 secs] 
2021-06-03T23:24:33.959+0800: 1778025.611: [GC (Allocation Failure) [PSYoungGen: 499584K->16544K(500224K)] 1000535K->529460K(1024512K), 0.0298550 secs] [Times: user=0.04 sys=0.04, real=0.03 secs] 
2021-06-03T23:24:33.990+0800: 1778025.642: [Full GC (Ergonomics) [PSYoungGen: 16544K->0K(500224K)] [ParOldGen: 512916K->310071K(524288K)] 529460K->310071K(1024512K), [Metaspace: 96986K->96986K(1138688K)], 0.4605882 secs] [Times: user=0.52 sys=0.51, real=0.46 secs] 
2021-06-03T23:28:42.468+0800: 1778274.120: [GC (Allocation Failure) [PSYoungGen: 476160K->20864K(500224K)] 786231K->330935K(1024512K), 0.0310348 secs] [Times: user=0.04 sys=0.03, real=0.03 secs] 
2021-06-03T23:32:47.556+0800: 1778519.208: [GC (Allocation Failure) [PSYoungGen: 497024K->20192K(500224K)] 807095K->342972K(1024512K), 0.0322599 secs] [Times: user=0.04 sys=0.04, real=0.03 secs] 
2021-06-03T23:36:57.107+0800: 1778768.759: [GC (Allocation Failure) [PSYoungGen: 496352K->15456K(500224K)] 819132K->350055K(1024512K), 0.0690364 secs] [Times: user=0.04 sys=0.05, real=0.07 secs] 
2021-06-03T23:41:02.617+0800: 1779014.269: [GC (Allocation Failure) [PSYoungGen: 491616K->18880K(500224K)] 826215K->363396K(1024512K), 0.0338742 secs] [Times: user=0.04 sys=0.04, real=0.03 secs] 
2021-06-03T23:45:13.639+0800: 1779265.291: [GC (Allocation Failure) [PSYoungGen: 495040K->16032K(500224K)] 839556K->372736K(1024512K), 0.0304860 secs] [Times: user=0.04 sys=0.04, real=0.03 secs] 
2021-06-03T23:49:23.580+0800: 1779515.233: [GC (Allocation Failure) [PSYoungGen: 492192K->14240K(499712K)] 848896K->381156K(1024000K), 0.0257074 secs] [Times: user=0.07 sys=0.00, real=0.03 secs] 
2021-06-03T23:53:32.409+0800: 1779764.061: [GC (Allocation Failure) [PSYoungGen: 490400K->16896K(500224K)] 857316K->393473K(1024512K), 0.0719888 secs] [Times: user=0.03 sys=0.04, real=0.07 secs] 
2021-06-03T23:57:42.393+0800: 1780014.045: [GC (Allocation Failure) [PSYoungGen: 493056K->18272K(501248K)] 869633K->405589K(1025536K), 0.0376638 secs] [Times: user=0.04 sys=0.04, real=0.03 secs] 
2021-06-04T00:01:41.387+0800: 1780253.039: [GC (Allocation Failure) [PSYoungGen: 495968K->18592K(500736K)] 883285K->417666K(1025024K), 0.0304459 secs] [Times: user=0.04 sys=0.04, real=0.03 secs] 
2021-06-04T00:05:48.018+0800: 1780499.671: [GC (Allocation Failure) [PSYoungGen: 496288K->16768K(501760K)] 895362K->426702K(1026048K), 0.0274935 secs] [Times: user=0.04 sys=0.04, real=0.03 secs] 
2021-06-04T00:09:55.506+0800: 1780747.158: [GC (Allocation Failure) [PSYoungGen: 495488K->18112K(501248K)] 905422K->439947K(1025536K), 0.0357038 secs] [Times: user=0.04 sys=0.05, real=0.03 secs] 
2021-06-04T00:14:01.754+0800: 1780993.406: [GC (Allocation Failure) [PSYoungGen: 496832K->13952K(501760K)] 918667K->447533K(1026048K), 0.0681612 secs] [Times: user=0.05 sys=0.04, real=0.06 secs] 
2021-06-04T00:18:12.806+0800: 1781244.458: [GC (Allocation Failure) [PSYoungGen: 493184K->17728K(501760K)] 926765K->461410K(1026048K), 0.0301659 secs] [Times: user=0.04 sys=0.03, real=0.03 secs] 
2021-06-04T00:22:21.379+0800: 1781493.031: [GC (Allocation Failure) [PSYoungGen: 496960K->17664K(502272K)] 940642K->473095K(1026560K), 0.0281863 secs] [Times: user=0.04 sys=0.04, real=0.03 secs] 
2021-06-04T00:26:35.055+0800: 1781746.707: [GC (Allocation Failure) [PSYoungGen: 497920K->18112K(502272K)] 953351K->485500K(1026560K), 0.0304591 secs] [Times: user=0.04 sys=0.04, real=0.03 secs] 
2021-06-04T00:30:43.551+0800: 1781995.203: [GC (Allocation Failure) [PSYoungGen: 498368K->17248K(502784K)] 965756K->496146K(1027072K), 0.0384745 secs] [Times: user=0.09 sys=0.00, real=0.04 secs] 
2021-06-04T00:34:52.545+0800: 1782244.197: [GC (Allocation Failure) [PSYoungGen: 498528K->17408K(502784K)] 977426K->508053K(1027072K), 0.0333111 secs] [Times: user=0.04 sys=0.04, real=0.03 secs] 
2021-06-04T00:39:02.299+0800: 1782493.951: [GC (Allocation Failure) [PSYoungGen: 498688K->17472K(503808K)] 989333K->518514K(1028096K), 0.0745229 secs] [Times: user=0.05 sys=0.05, real=0.08 secs] 
2021-06-04T00:43:11.264+0800: 1782742.917: [GC (Allocation Failure) [PSYoungGen: 500288K->17120K(503296K)] 1001330K->529365K(1027584K), 0.0330230 secs] [Times: user=0.04 sys=0.04, real=0.03 secs] 
2021-06-04T00:43:11.298+0800: 1782742.950: [Full GC (Ergonomics) [PSYoungGen: 17120K->0K(503296K)] [ParOldGen: 512245K->314344K(524288K)] 529365K->314344K(1027584K), [Metaspace: 96990K->96990K(1138688K)], 0.4594693 secs] [Times: user=1.01 sys=0.00, real=0.46 secs] 
2021-06-04T00:47:21.401+0800: 1782993.053: [GC (Allocation Failure) [PSYoungGen: 482816K->14016K(502784K)] 797160K->328360K(1027072K), 0.0230053 secs] [Times: user=0.03 sys=0.04, real=0.03 secs] 
2021-06-04T00:51:28.836+0800: 1783240.488: [GC (Allocation Failure) [PSYoungGen: 496320K->17536K(503296K)] 810664K->342668K(1027584K), 0.0469888 secs] [Times: user=0.10 sys=0.00, real=0.05 secs] 
2021-06-04T00:55:40.877+0800: 1783492.530: [GC (Allocation Failure) [PSYoungGen: 499840K->17856K(503808K)] 824972K->355272K(1028096K), 0.0375768 secs] [Times: user=0.05 sys=0.05, real=0.04 secs] 
2021-06-04T00:59:57.665+0800: 1783749.317: [GC (Allocation Failure) [PSYoungGen: 501184K->16256K(503808K)] 838600K->365189K(1028096K), 0.0315418 secs] [Times: user=0.04 sys=0.04, real=0.03 secs] 
2021-06-04T01:03:58.454+0800: 1783990.106: [GC (Allocation Failure) [PSYoungGen: 499584K->17418K(504320K)] 848517K->377292K(1028608K), 0.0278784 secs] [Times: user=0.04 sys=0.04, real=0.03 secs] 
2021-06-04T01:08:13.785+0800: 1784245.437: [GC (Allocation Failure) [PSYoungGen: 501258K->16896K(503808K)] 861132K->388456K(1028096K), 0.0283245 secs] [Times: user=0.03 sys=0.04, real=0.03 secs] 
2021-06-04T01:12:21.271+0800: 1784492.923: [GC (Allocation Failure) [PSYoungGen: 500736K->19936K(495104K)] 872296K->401478K(1019392K), 0.0347882 secs] [Times: user=0.04 sys=0.04, real=0.04 secs] 
2021-06-04T01:16:30.480+0800: 1784742.132: [GC (Allocation Failure) [PSYoungGen: 495072K->15616K(499712K)] 876614K->408562K(1024000K), 0.0296170 secs] [Times: user=0.04 sys=0.04, real=0.03 secs] 
2021-06-04T01:20:39.968+0800: 1784991.620: [GC (Allocation Failure) [PSYoungGen: 490752K->17440K(500224K)] 883698K->421062K(1024512K), 0.0334173 secs] [Times: user=0.04 sys=0.04, real=0.03 secs] 
2021-06-04T01:24:44.470+0800: 1785236.122: [GC (Allocation Failure) [PSYoungGen: 493088K->19584K(499712K)] 896710K->432651K(1024000K), 0.0622843 secs] [Times: user=0.03 sys=0.04, real=0.07 secs] 
2021-06-04T01:28:52.182+0800: 1785483.834: [GC (Allocation Failure) [PSYoungGen: 495232K->18368K(500736K)] 908299K->442704K(1025024K), 0.0299561 secs] [Times: user=0.04 sys=0.04, real=0.03 secs] 
2021-06-04T01:32:59.858+0800: 1785731.510: [GC (Allocation Failure) [PSYoungGen: 495040K->17184K(500224K)] 919376K->453174K(1024512K), 0.0343787 secs] [Times: user=0.04 sys=0.04, real=0.04 secs] 
2021-06-04T01:37:09.690+0800: 1785981.342: [GC (Allocation Failure) [PSYoungGen: 493856K->20288K(500224K)] 929846K->466852K(1024512K), 0.0945776 secs] [Times: user=0.04 sys=0.04, real=0.10 secs] 
2021-06-04T01:41:19.904+0800: 1786231.556: [GC (Allocation Failure) [PSYoungGen: 497472K->18432K(500736K)] 944036K->477176K(1025024K), 0.0830443 secs] [Times: user=0.04 sys=0.04, real=0.08 secs] 
2021-06-04T01:45:27.106+0800: 1786478.758: [GC (Allocation Failure) [PSYoungGen: 495616K->19424K(501248K)] 954360K->489454K(1025536K), 0.0363535 secs] [Times: user=0.05 sys=0.04, real=0.04 secs] 
2021-06-04T01:49:38.520+0800: 1786730.172: [GC (Allocation Failure) [PSYoungGen: 497632K->17408K(501248K)] 967662K->499257K(1025536K), 0.0401088 secs] [Times: user=0.05 sys=0.05, real=0.04 secs] 
2021-06-04T01:53:51.711+0800: 1786983.363: [GC (Allocation Failure) [PSYoungGen: 495616K->17472K(501760K)] 977465K->511077K(1026048K), 0.0676215 secs] [Times: user=0.05 sys=0.05, real=0.07 secs] 
2021-06-04T01:58:05.238+0800: 1787236.891: [GC (Allocation Failure) [PSYoungGen: 496704K->17440K(501760K)] 990309K->522010K(1026048K), 0.0699315 secs] [Times: user=0.09 sys=0.00, real=0.07 secs] 
2021-06-04T02:02:15.386+0800: 1787487.038: [GC (Allocation Failure) [PSYoungGen: 496672K->18112K(502272K)] 1001242K->533566K(1026560K), 0.0582731 secs] [Times: user=0.04 sys=0.04, real=0.06 secs] 
2021-06-04T02:02:15.445+0800: 1787487.097: [Full GC (Ergonomics) [PSYoungGen: 18112K->0K(502272K)] [ParOldGen: 515454K->314591K(524288K)] 533566K->314591K(1026560K), [Metaspace: 96992K->96992K(1138688K)], 0.5640191 secs] [Times: user=0.53 sys=0.52, real=0.56 secs] 
2021-06-04T02:06:25.675+0800: 1787737.327: [GC (Allocation Failure) [PSYoungGen: 480256K->18752K(502272K)] 794847K->333343K(1026560K), 0.0287949 secs] [Times: user=0.04 sys=0.04, real=0.03 secs] 
2021-06-04T02:10:35.002+0800: 1787986.654: [GC (Allocation Failure) [PSYoungGen: 499008K->20864K(500736K)] 813599K->346740K(1025024K), 0.0406670 secs] [Times: user=0.05 sys=0.05, real=0.05 secs] 
2021-06-04T02:14:41.523+0800: 1788233.175: [GC (Allocation Failure) [PSYoungGen: 500096K->18912K(501760K)] 825972K->356777K(1026048K), 0.0310638 secs] [Times: user=0.04 sys=0.04, real=0.03 secs] 
2021-06-04T02:18:53.711+0800: 1788485.363: [GC (Allocation Failure) [PSYoungGen: 498144K->17120K(502272K)] 836009K->365614K(1026560K), 0.0367061 secs] [Times: user=0.05 sys=0.05, real=0.04 secs] 
2021-06-04T02:23:04.089+0800: 1788735.741: [GC (Allocation Failure) [PSYoungGen: 497376K->18656K(502272K)] 845870K->377698K(1026560K), 0.0300578 secs] [Times: user=0.04 sys=0.04, real=0.03 secs] 
2021-06-04T02:27:13.677+0800: 1788985.329: [GC (Allocation Failure) [PSYoungGen: 498912K->17600K(502784K)] 857954K->387695K(1027072K), 0.0288058 secs] [Times: user=0.04 sys=0.04, real=0.03 secs] 
2021-06-04T02:31:26.318+0800: 1789237.970: [GC (Allocation Failure) [PSYoungGen: 498368K->20640K(502272K)] 868463K->401132K(1026560K), 0.0360249 secs] [Times: user=0.04 sys=0.05, real=0.04 secs] 
2021-06-04T02:35:41.323+0800: 1789492.975: [GC (Allocation Failure) [PSYoungGen: 501408K->16576K(502272K)] 881900K->407826K(1026560K), 0.0291871 secs] [Times: user=0.03 sys=0.03, real=0.03 secs] 
2021-06-04T02:39:48.878+0800: 1789740.530: [GC (Allocation Failure) [PSYoungGen: 496832K->21984K(502272K)] 888082K->423823K(1026560K), 0.0366893 secs] [Times: user=0.04 sys=0.05, real=0.04 secs] 
2021-06-04T02:43:58.858+0800: 1789990.510: [GC (Allocation Failure) [PSYoungGen: 502240K->20128K(493056K)] 904079K->433909K(1017344K), 0.0326259 secs] [Times: user=0.05 sys=0.04, real=0.03 secs] 
2021-06-04T02:48:04.883+0800: 1790236.535: [GC (Allocation Failure) [PSYoungGen: 491168K->15584K(497664K)] 904949K->441633K(1021952K), 0.0327593 secs] [Times: user=0.04 sys=0.05, real=0.03 secs] 
2021-06-04T02:52:14.946+0800: 1790486.598: [GC (Allocation Failure) [PSYoungGen: 486624K->17984K(498176K)] 912673K->454589K(1022464K), 0.0337296 secs] [Times: user=0.04 sys=0.05, real=0.03 secs] 
2021-06-04T02:56:23.643+0800: 1790735.295: [GC (Allocation Failure) [PSYoungGen: 489536K->17024K(497664K)] 926141K->465146K(1021952K), 0.0322747 secs] [Times: user=0.04 sys=0.05, real=0.03 secs] 
2021-06-04T03:00:31.069+0800: 1790982.721: [GC (Allocation Failure) [PSYoungGen: 488576K->14592K(497664K)] 936698K->473431K(1021952K), 0.0326284 secs] [Times: user=0.03 sys=0.05, real=0.03 secs] 
2021-06-04T03:04:34.332+0800: 1791225.984: [GC (Allocation Failure) [PSYoungGen: 486656K->20992K(498176K)] 945495K->489827K(1022464K), 0.0386883 secs] [Times: user=0.05 sys=0.04, real=0.04 secs] 
2021-06-04T03:08:38.545+0800: 1791470.197: [GC (Allocation Failure) [PSYoungGen: 493056K->19392K(498688K)] 961891K->500706K(1022976K), 0.0401931 secs] [Times: user=0.05 sys=0.04, real=0.04 secs] 
2021-06-04T03:12:45.009+0800: 1791716.661: [GC (Allocation Failure) [PSYoungGen: 491968K->17696K(498176K)] 973282K->511703K(1022464K), 0.0309449 secs] [Times: user=0.04 sys=0.04, real=0.03 secs] 
2021-06-04T03:16:47.303+0800: 1791958.955: [GC (Allocation Failure) [PSYoungGen: 490272K->18560K(499712K)] 984279K->524548K(1024000K), 0.0729276 secs] [Times: user=0.04 sys=0.03, real=0.07 secs] 
2021-06-04T03:20:52.030+0800: 1792203.682: [GC (Allocation Failure) [PSYoungGen: 493184K->19168K(499200K)] 999172K->535690K(1023488K), 0.0345619 secs] [Times: user=0.05 sys=0.05, real=0.04 secs] 
2021-06-04T03:20:52.065+0800: 1792203.718: [Full GC (Ergonomics) [PSYoungGen: 19168K->0K(499200K)] [ParOldGen: 516522K->315970K(524288K)] 535690K->315970K(1023488K), [Metaspace: 96993K->96993K(1138688K)], 0.6477566 secs] [Times: user=0.53 sys=0.52, real=0.65 secs] 
2021-06-04T03:24:53.025+0800: 1792444.677: [GC (Allocation Failure) [PSYoungGen: 474624K->17344K(500224K)] 790594K->333314K(1024512K), 0.0278658 secs] [Times: user=0.02 sys=0.02, real=0.03 secs] 
2021-06-04T03:29:03.096+0800: 1792694.748: [GC (Allocation Failure) [PSYoungGen: 493504K->19200K(500224K)] 809474K->346944K(1024512K), 0.0332848 secs] [Times: user=0.05 sys=0.04, real=0.03 secs] 
2021-06-04T03:33:12.015+0800: 1792943.667: [GC (Allocation Failure) [PSYoungGen: 495360K->20032K(500736K)] 823104K->359116K(1025024K), 0.0377437 secs] [Times: user=0.04 sys=0.05, real=0.04 secs] 
2021-06-04T03:37:18.329+0800: 1793189.981: [GC (Allocation Failure) [PSYoungGen: 497216K->15488K(500736K)] 836300K->365712K(1025024K), 0.0388402 secs] [Times: user=0.04 sys=0.03, real=0.04 secs] 
2021-06-04T03:41:28.359+0800: 1793440.011: [GC (Allocation Failure) [PSYoungGen: 492672K->16576K(500736K)] 842896K->377101K(1025024K), 0.0317790 secs] [Times: user=0.04 sys=0.04, real=0.03 secs] 
2021-06-04T03:45:42.229+0800: 1793693.881: [GC (Allocation Failure) [PSYoungGen: 493760K->16128K(500736K)] 854285K->388249K(1025024K), 0.0320965 secs] [Times: user=0.04 sys=0.05, real=0.03 secs] 
2021-06-04T03:49:47.562+0800: 1793939.214: [GC (Allocation Failure) [PSYoungGen: 493312K->19840K(500736K)] 865433K->402063K(1025024K), 0.0323198 secs] [Times: user=0.05 sys=0.04, real=0.04 secs] 
2021-06-04T03:53:54.298+0800: 1794185.950: [GC (Allocation Failure) [PSYoungGen: 497024K->19680K(500736K)] 879247K->413156K(1025024K), 0.0323881 secs] [Times: user=0.04 sys=0.05, real=0.03 secs] 
2021-06-04T03:58:03.742+0800: 1794435.395: [GC (Allocation Failure) [PSYoungGen: 496864K->17248K(500736K)] 890340K->422977K(1025024K), 0.0580907 secs] [Times: user=0.04 sys=0.05, real=0.05 secs] 
2021-06-04T04:02:11.925+0800: 1794683.577: [GC (Allocation Failure) [PSYoungGen: 494432K->16608K(500736K)] 900161K->433069K(1025024K), 0.0303565 secs] [Times: user=0.04 sys=0.04, real=0.03 secs] 
2021-06-04T04:06:17.984+0800: 1794929.636: [GC (Allocation Failure) [PSYoungGen: 493792K->22400K(499200K)] 910253K->448452K(1023488K), 0.0398440 secs] [Times: user=0.05 sys=0.05, real=0.04 secs] 
2021-06-04T04:10:26.776+0800: 1795178.428: [GC (Allocation Failure) [PSYoungGen: 498560K->20000K(500224K)] 924612K->459010K(1024512K), 0.0718171 secs] [Times: user=0.07 sys=0.07, real=0.07 secs] 
2021-06-04T04:14:35.470+0800: 1795427.122: [GC (Allocation Failure) [PSYoungGen: 496160K->16256K(500224K)] 935170K->466606K(1024512K), 0.0286146 secs] [Times: user=0.04 sys=0.04, real=0.03 secs] 
2021-06-04T04:18:47.201+0800: 1795678.853: [GC (Allocation Failure) [PSYoungGen: 492416K->19104K(500224K)] 942766K->479987K(1024512K), 0.0333107 secs] [Times: user=0.05 sys=0.04, real=0.04 secs] 
2021-06-04T04:22:54.059+0800: 1795925.711: [GC (Allocation Failure) [PSYoungGen: 495264K->20512K(500224K)] 956147K->493809K(1024512K), 0.0395395 secs] [Times: user=0.05 sys=0.05, real=0.04 secs] 
2021-06-04T04:26:59.306+0800: 1796170.958: [GC (Allocation Failure) [PSYoungGen: 496672K->19968K(500224K)] 969969K->504175K(1024512K), 0.0400636 secs] [Times: user=0.04 sys=0.06, real=0.04 secs] 
2021-06-04T04:31:06.736+0800: 1796418.388: [GC (Allocation Failure) [PSYoungGen: 496128K->19872K(500224K)] 980335K->515973K(1024512K), 0.0427593 secs] [Times: user=0.06 sys=0.05, real=0.04 secs] 
2021-06-04T04:35:12.567+0800: 1796664.219: [GC (Allocation Failure) [PSYoungGen: 496032K->17888K(500224K)] 992133K->525683K(1024512K), 0.0383518 secs] [Times: user=0.04 sys=0.05, real=0.04 secs] 
2021-06-04T04:39:15.790+0800: 1796907.442: [GC (Allocation Failure) [PSYoungGen: 494048K->21568K(499712K)] 1001843K->539122K(1024000K), 0.0457080 secs] [Times: user=0.05 sys=0.06, real=0.05 secs] 
2021-06-04T04:39:15.836+0800: 1796907.488: [Full GC (Ergonomics) [PSYoungGen: 21568K->0K(499712K)] [ParOldGen: 517554K->318800K(524288K)] 539122K->318800K(1024000K), [Metaspace: 96993K->96993K(1138688K)], 0.5944981 secs] [Times: user=1.25 sys=0.00, real=0.59 secs] 
2021-06-04T04:43:22.026+0800: 1797153.678: [GC (Allocation Failure) [PSYoungGen: 476160K->20928K(497152K)] 794960K->339728K(1021440K), 0.0333766 secs] [Times: user=0.04 sys=0.04, real=0.03 secs] 
2021-06-04T04:47:27.105+0800: 1797398.757: [GC (Allocation Failure) [PSYoungGen: 497088K->18368K(500224K)] 815888K->351210K(1024512K), 0.0354400 secs] [Times: user=0.05 sys=0.05, real=0.03 secs] 
2021-06-04T04:51:30.703+0800: 1797642.355: [GC (Allocation Failure) [PSYoungGen: 494016K->20032K(499712K)] 826858K->364175K(1024000K), 0.0395630 secs] [Times: user=0.05 sys=0.05, real=0.04 secs] 
2021-06-04T04:55:37.945+0800: 1797889.597: [GC (Allocation Failure) [PSYoungGen: 495680K->16576K(500224K)] 839823K->371443K(1024512K), 0.0431089 secs] [Times: user=0.04 sys=0.04, real=0.04 secs] 
2021-06-04T04:59:45.308+0800: 1798136.960: [GC (Allocation Failure) [PSYoungGen: 492736K->19200K(500224K)] 847603K->384663K(1024512K), 0.0396051 secs] [Times: user=0.05 sys=0.05, real=0.04 secs] 
2021-06-04T05:03:53.697+0800: 1798385.349: [GC (Allocation Failure) [PSYoungGen: 495358K->17760K(500736K)] 860822K->393758K(1025024K), 0.0902434 secs] [Times: user=0.04 sys=0.04, real=0.09 secs] 
2021-06-04T05:07:58.782+0800: 1798630.434: [GC (Allocation Failure) [PSYoungGen: 494944K->20032K(500736K)] 870942K->407307K(1025024K), 0.0803218 secs] [Times: user=0.05 sys=0.04, real=0.09 secs] 
2021-06-04T05:12:05.318+0800: 1798876.971: [GC (Allocation Failure) [PSYoungGen: 497163K->18208K(501248K)] 884438K->415744K(1025536K), 0.0624710 secs] [Times: user=0.04 sys=0.05, real=0.06 secs] 
2021-06-04T05:16:13.991+0800: 1799125.643: [GC (Allocation Failure) [PSYoungGen: 495904K->17920K(500736K)] 893440K->426005K(1025024K), 0.1401872 secs] [Times: user=0.04 sys=0.04, real=0.14 secs] 
2021-06-04T05:20:20.637+0800: 1799372.289: [GC (Allocation Failure) [PSYoungGen: 495616K->19360K(501760K)] 903701K->439434K(1026048K), 0.0401622 secs] [Times: user=0.05 sys=0.06, real=0.04 secs] 
2021-06-04T05:24:28.261+0800: 1799619.913: [GC (Allocation Failure) [PSYoungGen: 498080K->19872K(501248K)] 918154K->451479K(1025536K), 0.0484990 secs] [Times: user=0.05 sys=0.05, real=0.05 secs] 
2021-06-04T05:28:38.439+0800: 1799870.091: [GC (Allocation Failure) [PSYoungGen: 498592K->17280K(501760K)] 930199K->460236K(1026048K), 0.0350105 secs] [Times: user=0.05 sys=0.05, real=0.04 secs] 
2021-06-04T05:32:48.856+0800: 1800120.508: [GC (Allocation Failure) [PSYoungGen: 496512K->18688K(501760K)] 939468K->472368K(1026048K), 0.0387810 secs] [Times: user=0.04 sys=0.05, real=0.04 secs] 
2021-06-04T05:36:58.219+0800: 1800369.871: [GC (Allocation Failure) [PSYoungGen: 497920K->18240K(502272K)] 951600K->482093K(1026560K), 0.0401854 secs] [Times: user=0.06 sys=0.05, real=0.04 secs] 
2021-06-04T05:41:06.684+0800: 1800618.336: [GC (Allocation Failure) [PSYoungGen: 497984K->18688K(501760K)] 961837K->494218K(1026048K), 0.0375782 secs] [Times: user=0.05 sys=0.04, real=0.03 secs] 
2021-06-04T05:45:15.262+0800: 1800866.914: [GC (Allocation Failure) [PSYoungGen: 498432K->16832K(501760K)] 973962K->503949K(1026048K), 0.0714910 secs] [Times: user=0.04 sys=0.05, real=0.07 secs] 
2021-06-04T05:49:16.379+0800: 1801108.031: [GC (Allocation Failure) [PSYoungGen: 497088K->21952K(502272K)] 984205K->519580K(1026560K), 0.0369361 secs] [Times: user=0.04 sys=0.05, real=0.04 secs] 
2021-06-04T05:53:25.451+0800: 1801357.103: [GC (Allocation Failure) [PSYoungGen: 502208K->17088K(501248K)] 999836K->527785K(1025536K), 0.0917013 secs] [Times: user=0.04 sys=0.04, real=0.10 secs] 
2021-06-04T05:57:31.531+0800: 1801603.183: [GC (Allocation Failure) [PSYoungGen: 496320K->22048K(501760K)] 1007017K->543568K(1026048K), 0.0378926 secs] [Times: user=0.04 sys=0.04, real=0.04 secs] 
2021-06-04T05:57:31.569+0800: 1801603.221: [Full GC (Ergonomics) [PSYoungGen: 22048K->0K(501760K)] [ParOldGen: 521520K->317725K(524288K)] 543568K->317725K(1026048K), [Metaspace: 96993K->96989K(1138688K)], 0.5115412 secs] [Times: user=1.07 sys=0.00, real=0.51 secs] 
2021-06-04T06:01:38.738+0800: 1801850.390: [GC (Allocation Failure) [PSYoungGen: 479232K->20608K(499712K)] 796957K->338333K(1024000K), 0.0422400 secs] [Times: user=0.04 sys=0.04, real=0.04 secs] 
2021-06-04T06:05:48.240+0800: 1802099.892: [GC (Allocation Failure) [PSYoungGen: 497792K->20384K(500736K)] 815517K->348578K(1025024K), 0.0602482 secs] [Times: user=0.05 sys=0.05, real=0.06 secs] 
2021-06-04T06:09:55.066+0800: 1802346.718: [GC (Allocation Failure) [PSYoungGen: 497568K->18688K(500736K)] 825762K->359655K(1025024K), 0.0377725 secs] [Times: user=0.04 sys=0.05, real=0.04 secs] 
2021-06-04T06:14:00.538+0800: 1802592.190: [GC (Allocation Failure) [PSYoungGen: 495872K->19424K(500736K)] 836839K->372429K(1025024K), 0.0534984 secs] [Times: user=0.05 sys=0.07, real=0.05 secs] 
2021-06-04T06:18:06.478+0800: 1802838.130: [GC (Allocation Failure) [PSYoungGen: 496608K->20128K(501248K)] 849613K->385442K(1025536K), 0.0390290 secs] [Times: user=0.04 sys=0.04, real=0.04 secs] 
2021-06-04T06:22:16.791+0800: 1803088.443: [GC (Allocation Failure) [PSYoungGen: 498336K->20352K(501248K)] 863650K->396424K(1025536K), 0.0392687 secs] [Times: user=0.04 sys=0.05, real=0.04 secs] 
2021-06-04T06:26:22.413+0800: 1803334.065: [GC (Allocation Failure) [PSYoungGen: 498560K->19904K(501248K)] 874632K->406333K(1025536K), 0.0931045 secs] [Times: user=0.06 sys=0.06, real=0.10 secs] 
2021-06-04T06:30:32.936+0800: 1803584.588: [GC (Allocation Failure) [PSYoungGen: 498112K->17088K(501248K)] 884541K->415336K(1025536K), 0.0368685 secs] [Times: user=0.05 sys=0.05, real=0.04 secs] 
2021-06-04T06:34:42.444+0800: 1803834.096: [GC (Allocation Failure) [PSYoungGen: 495296K->18400K(501248K)] 893544K->426990K(1025536K), 0.0362016 secs] [Times: user=0.04 sys=0.04, real=0.03 secs] 
2021-06-04T06:38:51.545+0800: 1804083.197: [GC (Allocation Failure) [PSYoungGen: 496608K->21056K(501248K)] 905198K->439052K(1025536K), 0.0357998 secs] [Times: user=0.04 sys=0.04, real=0.03 secs] 
2021-06-04T06:43:00.597+0800: 1804332.249: [GC (Allocation Failure) [PSYoungGen: 499264K->15712K(500224K)] 917260K->443943K(1024512K), 0.0316271 secs] [Times: user=0.04 sys=0.05, real=0.03 secs] 
2021-06-04T06:47:07.688+0800: 1804579.340: [GC (Allocation Failure) [PSYoungGen: 492896K->19040K(500736K)] 921127K->456763K(1025024K), 0.0381531 secs] [Times: user=0.04 sys=0.05, real=0.05 secs] 
2021-06-04T06:51:12.899+0800: 1804824.551: [GC (Allocation Failure) [PSYoungGen: 496224K->18816K(501760K)] 933947K->467585K(1026048K), 0.1008342 secs] [Times: user=0.06 sys=0.05, real=0.10 secs] 
2021-06-04T06:55:20.348+0800: 1805072.000: [GC (Allocation Failure) [PSYoungGen: 497536K->20224K(501248K)] 946305K->479662K(1025536K), 0.0313631 secs] [Times: user=0.03 sys=0.04, real=0.03 secs] 
2021-06-04T06:59:26.476+0800: 1805318.128: [GC (Allocation Failure) [PSYoungGen: 498944K->18624K(501760K)] 958382K->490003K(1026048K), 0.0307329 secs] [Times: user=0.04 sys=0.04, real=0.03 secs] 
2021-06-04T07:03:23.234+0800: 1805554.886: [GC (Allocation Failure) [PSYoungGen: 497344K->17706K(501248K)] 968723K->499986K(1025536K), 0.0347207 secs] [Times: user=0.04 sys=0.05, real=0.03 secs] 
2021-06-04T07:07:33.707+0800: 1805805.359: [GC (Allocation Failure) [PSYoungGen: 496398K->18240K(502272K)] 978678K->511758K(1026560K), 0.0412770 secs] [Times: user=0.05 sys=0.05, real=0.04 secs] 
2021-06-04T07:11:43.134+0800: 1806054.786: [GC (Allocation Failure) [PSYoungGen: 497984K->15104K(501760K)] 991502K->519137K(1026048K), 0.0301064 secs] [Times: user=0.04 sys=0.04, real=0.03 secs] 
2021-06-04T07:15:51.186+0800: 1806302.838: [GC (Allocation Failure) [PSYoungGen: 494848K->22048K(499712K)] 998881K->537023K(1024000K), 0.0373775 secs] [Times: user=0.05 sys=0.05, real=0.04 secs] 
2021-06-04T07:15:51.224+0800: 1806302.876: [Full GC (Ergonomics) [PSYoungGen: 22048K->0K(499712K)] [ParOldGen: 514975K->315172K(524288K)] 537023K->315172K(1024000K), [Metaspace: 96996K->96996K(1138688K)], 0.4887106 secs] [Times: user=0.54 sys=0.53, real=0.49 secs] 
2021-06-04T07:20:00.605+0800: 1806552.257: [GC (Allocation Failure) [PSYoungGen: 477184K->18144K(500736K)] 792356K->333316K(1025024K), 0.0320676 secs] [Times: user=0.04 sys=0.04, real=0.03 secs] 
2021-06-04T07:24:08.580+0800: 1806800.232: [GC (Allocation Failure) [PSYoungGen: 495328K->21344K(500224K)] 810500K->347945K(1024512K), 0.0559128 secs] [Times: user=0.05 sys=0.05, real=0.06 secs] 
2021-06-04T07:28:19.450+0800: 1807051.103: [GC (Allocation Failure) [PSYoungGen: 498528K->20128K(500736K)] 825129K->358693K(1025024K), 0.0375877 secs] [Times: user=0.04 sys=0.05, real=0.04 secs] 
2021-06-04T07:32:29.631+0800: 1807301.283: [GC (Allocation Failure) [PSYoungGen: 497312K->19424K(500736K)] 835877K->368987K(1025024K), 0.0488536 secs] [Times: user=0.06 sys=0.05, real=0.05 secs] 
2021-06-04T07:36:37.941+0800: 1807549.593: [GC (Allocation Failure) [PSYoungGen: 496608K->15648K(500736K)] 846171K->377239K(1025024K), 0.0303130 secs] [Times: user=0.08 sys=0.00, real=0.03 secs] 
2021-06-04T07:40:41.562+0800: 1807793.214: [GC (Allocation Failure) [PSYoungGen: 492832K->20864K(499712K)] 854423K->392796K(1024000K), 0.0377738 secs] [Times: user=0.05 sys=0.05, real=0.04 secs] 
2021-06-04T07:44:49.090+0800: 1808040.742: [GC (Allocation Failure) [PSYoungGen: 497024K->20096K(500224K)] 868956K->404689K(1024512K), 0.0942080 secs] [Times: user=0.04 sys=0.04, real=0.10 secs] 
2021-06-04T07:48:55.428+0800: 1808287.080: [GC (Allocation Failure) [PSYoungGen: 496256K->19168K(500736K)] 880849K->414535K(1025024K), 0.0353934 secs] [Times: user=0.03 sys=0.04, real=0.04 secs] 
2021-06-04T07:53:04.188+0800: 1808535.840: [GC (Allocation Failure) [PSYoungGen: 495840K->20160K(500224K)] 891207K->426245K(1024512K), 0.0363333 secs] [Times: user=0.05 sys=0.04, real=0.04 secs] 
2021-06-04T07:57:09.680+0800: 1808781.332: [GC (Allocation Failure) [PSYoungGen: 496832K->21216K(500736K)] 902917K->438898K(1025024K), 0.0330842 secs] [Times: user=0.04 sys=0.04, real=0.04 secs] 
2021-06-04T08:01:19.512+0800: 1809031.164: [GC (Allocation Failure) [PSYoungGen: 498400K->18656K(500736K)] 916082K->448039K(1025024K), 0.0402772 secs] [Times: user=0.03 sys=0.03, real=0.05 secs] 
2021-06-04T08:05:24.547+0800: 1809276.199: [GC (Allocation Failure) [PSYoungGen: 495840K->19072K(501248K)] 925223K->459996K(1025536K), 0.1072105 secs] [Times: user=0.08 sys=0.00, real=0.11 secs] 
2021-06-04T08:09:32.215+0800: 1809523.867: [GC (Allocation Failure) [PSYoungGen: 496768K->20544K(500736K)] 937692K->471426K(1025024K), 0.0342411 secs] [Times: user=0.04 sys=0.04, real=0.03 secs] 
2021-06-04T08:13:36.006+0800: 1809767.658: [GC (Allocation Failure) [PSYoungGen: 498235K->19328K(501248K)] 949117K->482374K(1025536K), 0.0413732 secs] [Times: user=0.04 sys=0.04, real=0.04 secs] 
2021-06-04T08:17:43.986+0800: 1810015.638: [GC (Allocation Failure) [PSYoungGen: 497536K->19808K(501248K)] 960582K->493763K(1025536K), 0.0284566 secs] [Times: user=0.04 sys=0.04, real=0.03 secs] 
2021-06-04T08:21:50.532+0800: 1810262.184: [GC (Allocation Failure) [PSYoungGen: 498016K->18464K(501760K)] 971971K->504535K(1026048K), 0.0304045 secs] [Times: user=0.04 sys=0.04, real=0.03 secs] 
2021-06-04T08:26:02.677+0800: 1810514.329: [GC (Allocation Failure) [PSYoungGen: 497696K->14592K(494080K)] 983767K->511043K(1018368K), 0.0283742 secs] [Times: user=0.04 sys=0.04, real=0.03 secs] 
2021-06-04T08:30:10.742+0800: 1810762.394: [GC (Allocation Failure) [PSYoungGen: 493824K->19200K(501248K)] 990275K->525431K(1025536K), 0.0947549 secs] [Times: user=0.04 sys=0.04, real=0.10 secs] 
2021-06-04T08:34:20.118+0800: 1811011.770: [GC (Allocation Failure) [PSYoungGen: 497408K->17152K(501248K)] 1003639K->534147K(1025536K), 0.0316867 secs] [Times: user=0.05 sys=0.04, real=0.03 secs] 
2021-06-04T08:34:20.150+0800: 1811011.802: [Full GC (Ergonomics) [PSYoungGen: 17152K->0K(501248K)] [ParOldGen: 516995K->314170K(524288K)] 534147K->314170K(1025536K), [Metaspace: 96996K->96996K(1138688K)], 0.4901235 secs] [Times: user=0.54 sys=0.53, real=0.49 secs] 
2021-06-04T08:38:28.702+0800: 1811260.354: [GC (Allocation Failure) [PSYoungGen: 478208K->17984K(501760K)] 792378K->332154K(1026048K), 0.0264431 secs] [Times: user=0.04 sys=0.04, real=0.02 secs] 
2021-06-04T08:42:40.957+0800: 1811512.609: [GC (Allocation Failure) [PSYoungGen: 497216K->19200K(501760K)] 811386K->345981K(1026048K), 0.0341708 secs] [Times: user=0.04 sys=0.04, real=0.03 secs] 
2021-06-04T08:46:51.027+0800: 1811762.679: [GC (Allocation Failure) [PSYoungGen: 498432K->16416K(501760K)] 825213K->355257K(1026048K), 0.0638470 secs] [Times: user=0.04 sys=0.04, real=0.06 secs] 
2021-06-04T08:50:51.114+0800: 1812002.766: [GC (Allocation Failure) [PSYoungGen: 495648K->17216K(501760K)] 834489K->366732K(1026048K), 0.0673353 secs] [Times: user=0.04 sys=0.04, real=0.06 secs] 
2021-06-04T08:54:59.402+0800: 1812251.054: [GC (Allocation Failure) [PSYoungGen: 496448K->18496K(502272K)] 845964K->378371K(1026560K), 0.0339304 secs] [Times: user=0.04 sys=0.05, real=0.04 secs] 
2021-06-04T08:59:10.025+0800: 1812501.677: [GC (Allocation Failure) [PSYoungGen: 498752K->17152K(502272K)] 858627K->389310K(1026560K), 0.0282743 secs] [Times: user=0.04 sys=0.04, real=0.03 secs] 
2021-06-04T09:03:22.633+0800: 1812754.285: [GC (Allocation Failure) [PSYoungGen: 497408K->18304K(502784K)] 869566K->401091K(1027072K), 0.0305209 secs] [Times: user=0.03 sys=0.04, real=0.03 secs] 
2021-06-04T09:07:37.208+0800: 1813008.860: [GC (Allocation Failure) [PSYoungGen: 499072K->15648K(502272K)] 881859K->409263K(1026560K), 0.0274907 secs] [Times: user=0.03 sys=0.04, real=0.03 secs] 
2021-06-04T09:11:48.092+0800: 1813259.744: [GC (Allocation Failure) [PSYoungGen: 496416K->20064K(501760K)] 890031K->424333K(1026048K), 0.0309867 secs] [Times: user=0.05 sys=0.04, real=0.04 secs] 
2021-06-04T09:15:57.765+0800: 1813509.417: [GC (Allocation Failure) [PSYoungGen: 500320K->17056K(502272K)] 904589K->432376K(1026560K), 0.0280161 secs] [Times: user=0.04 sys=0.04, real=0.03 secs] 
2021-06-04T09:20:09.900+0800: 1813761.552: [GC (Allocation Failure) [PSYoungGen: 497312K->20352K(501248K)] 912632K->446556K(1025536K), 0.0371748 secs] [Times: user=0.04 sys=0.04, real=0.04 secs] 
2021-06-04T09:24:19.929+0800: 1814011.582: [GC (Allocation Failure) [PSYoungGen: 499584K->17920K(501760K)] 925788K->456530K(1026048K), 0.0811088 secs] [Times: user=0.04 sys=0.04, real=0.08 secs] 
2021-06-04T09:28:29.772+0800: 1814261.424: [GC (Allocation Failure) [PSYoungGen: 497152K->15936K(502272K)] 935762K->465646K(1026560K), 0.0331488 secs] [Times: user=0.04 sys=0.05, real=0.03 secs] 
2021-06-04T09:32:36.781+0800: 1814508.433: [GC (Allocation Failure) [PSYoungGen: 496192K->21472K(501760K)] 945902K->481307K(1026048K), 0.0324101 secs] [Times: user=0.04 sys=0.04, real=0.04 secs] 
2021-06-04T09:36:47.108+0800: 1814758.760: [GC (Allocation Failure) [PSYoungGen: 501728K->14208K(500736K)] 961563K->486358K(1025024K), 0.0291144 secs] [Times: user=0.04 sys=0.05, real=0.03 secs] 
2021-06-04T09:40:57.678+0800: 1815009.330: [GC (Allocation Failure) [PSYoungGen: 492416K->18176K(501248K)] 964566K->499370K(1025536K), 0.0358236 secs] [Times: user=0.05 sys=0.05, real=0.04 secs] 
2021-06-04T09:45:07.317+0800: 1815258.969: [GC (Allocation Failure) [PSYoungGen: 496378K->17920K(501760K)] 977572K->510631K(1026048K), 0.0499940 secs] [Times: user=0.04 sys=0.04, real=0.05 secs] 
2021-06-04T09:49:21.928+0800: 1815513.580: [GC (Allocation Failure) [PSYoungGen: 496640K->15008K(501248K)] 989351K->519585K(1025536K), 0.0282300 secs] [Times: user=0.03 sys=0.04, real=0.03 secs] 
2021-06-04T09:53:33.841+0800: 1815765.493: [GC (Allocation Failure) [PSYoungGen: 493728K->14880K(501760K)] 998305K->528925K(1026048K), 0.0274966 secs] [Times: user=0.04 sys=0.04, real=0.03 secs] 
2021-06-04T09:53:33.869+0800: 1815765.521: [Full GC (Ergonomics) [PSYoungGen: 14880K->0K(501760K)] [ParOldGen: 514045K->309231K(524288K)] 528925K->309231K(1026048K), [Metaspace: 96996K->96992K(1138688K)], 0.4853357 secs] [Times: user=1.04 sys=0.00, real=0.49 secs] 
2021-06-04T09:57:44.676+0800: 1816016.328: [GC (Allocation Failure) [PSYoungGen: 479232K->18176K(501760K)] 788463K->327407K(1026048K), 0.0249886 secs] [Times: user=0.04 sys=0.04, real=0.02 secs] 
2021-06-04T10:01:56.353+0800: 1816268.005: [GC (Allocation Failure) [PSYoungGen: 497408K->15584K(502272K)] 806639K->338503K(1026560K), 0.0284028 secs] [Times: user=0.04 sys=0.04, real=0.02 secs] 
2021-06-04T10:06:06.907+0800: 1816518.559: [GC (Allocation Failure) [PSYoungGen: 495328K->16384K(501760K)] 818247K->350164K(1026048K), 0.0282323 secs] [Times: user=0.05 sys=0.04, real=0.03 secs] 
2021-06-04T10:10:15.043+0800: 1816766.695: [GC (Allocation Failure) [PSYoungGen: 496128K->18464K(502272K)] 829908K->362776K(1026560K), 0.0308936 secs] [Times: user=0.04 sys=0.04, real=0.03 secs] 
2021-06-04T10:14:25.308+0800: 1817016.960: [GC (Allocation Failure) [PSYoungGen: 498720K->17504K(502272K)] 843032K->373189K(1026560K), 0.0304860 secs] [Times: user=0.03 sys=0.04, real=0.03 secs] 
2021-06-04T10:18:35.921+0800: 1817267.573: [GC (Allocation Failure) [PSYoungGen: 497760K->19936K(501760K)] 853445K->385851K(1026048K), 0.0328826 secs] [Times: user=0.04 sys=0.04, real=0.04 secs] 
2021-06-04T10:22:46.793+0800: 1817518.445: [GC (Allocation Failure) [PSYoungGen: 500192K->16832K(502272K)] 866107K->395432K(1026560K), 0.0353282 secs] [Times: user=0.04 sys=0.04, real=0.03 secs] 
2021-06-04T10:26:56.049+0800: 1817767.701: [GC (Allocation Failure) [PSYoungGen: 497088K->19584K(502272K)] 875688K->409390K(1026560K), 0.0310382 secs] [Times: user=0.04 sys=0.04, real=0.03 secs] 
2021-06-04T10:31:03.383+0800: 1818015.035: [GC (Allocation Failure) [PSYoungGen: 499840K->18720K(502272K)] 889646K->419842K(1026560K), 0.0331930 secs] [Times: user=0.04 sys=0.04, real=0.03 secs] 
2021-06-04T10:35:13.072+0800: 1818264.724: [GC (Allocation Failure) [PSYoungGen: 498976K->19040K(502272K)] 900098K->430689K(1026560K), 0.0308435 secs] [Times: user=0.04 sys=0.04, real=0.04 secs] 
2021-06-04T10:39:23.107+0800: 1818514.759: [GC (Allocation Failure) [PSYoungGen: 499296K->18848K(502272K)] 910945K->441541K(1026560K), 0.0307186 secs] [Times: user=0.04 sys=0.05, real=0.03 secs] 
2021-06-04T10:43:38.578+0800: 1818770.230: [GC (Allocation Failure) [PSYoungGen: 499104K->10208K(500224K)] 921797K->444893K(1024512K), 0.0773368 secs] [Times: user=0.03 sys=0.04, real=0.08 secs] 
2021-06-04T10:47:48.896+0800: 1819020.548: [GC (Allocation Failure) [PSYoungGen: 488416K->17216K(501248K)] 923101K->459409K(1025536K), 0.0309169 secs] [Times: user=0.04 sys=0.04, real=0.03 secs] 
2021-06-04T10:52:01.696+0800: 1819273.348: [GC (Allocation Failure) [PSYoungGen: 495424K->13344K(501760K)] 937617K->467294K(1026048K), 0.0537367 secs] [Times: user=0.04 sys=0.05, real=0.05 secs] 
2021-06-04T10:56:11.780+0800: 1819523.432: [GC (Allocation Failure) [PSYoungGen: 492576K->18848K(498176K)] 946526K->483523K(1022464K), 0.0605520 secs] [Times: user=0.04 sys=0.05, real=0.06 secs] 
2021-06-04T11:00:19.065+0800: 1819770.717: [GC (Allocation Failure) [PSYoungGen: 498080K->21408K(499200K)] 962755K->496577K(1023488K), 0.0322715 secs] [Times: user=0.05 sys=0.04, real=0.03 secs] 
2021-06-04T11:04:26.321+0800: 1820017.973: [GC (Allocation Failure) [PSYoungGen: 497568K->19456K(500224K)] 972737K->505486K(1024512K), 0.0352146 secs] [Times: user=0.05 sys=0.04, real=0.04 secs] 
2021-06-04T11:08:35.333+0800: 1820266.986: [GC (Allocation Failure) [PSYoungGen: 495616K->15232K(500224K)] 981646K->513273K(1024512K), 0.0279448 secs] [Times: user=0.04 sys=0.04, real=0.02 secs] 
2021-06-04T11:12:41.735+0800: 1820513.387: [GC (Allocation Failure) [PSYoungGen: 491392K->18496K(500224K)] 989433K->525719K(1024512K), 0.0320759 secs] [Times: user=0.04 sys=0.04, real=0.03 secs] 
2021-06-04T11:16:46.503+0800: 1820758.155: [GC (Allocation Failure) [PSYoungGen: 494656K->18976K(500736K)] 1001879K->537270K(1025024K), 0.0331726 secs] [Times: user=0.08 sys=0.00, real=0.03 secs] 
2021-06-04T11:16:46.537+0800: 1820758.189: [Full GC (Ergonomics) [PSYoungGen: 18976K->0K(500736K)] [ParOldGen: 518294K->320970K(524288K)] 537270K->320970K(1025024K), [Metaspace: 96996K->96996K(1138688K)], 0.4588507 secs] [Times: user=1.02 sys=0.00, real=0.46 secs] 
2021-06-04T11:20:49.840+0800: 1821001.492: [GC (Allocation Failure) [PSYoungGen: 477184K->20416K(497664K)] 798154K->341386K(1021952K), 0.0529408 secs] [Times: user=0.04 sys=0.04, real=0.06 secs] 
2021-06-04T11:24:59.300+0800: 1821250.952: [GC (Allocation Failure) [PSYoungGen: 497600K->20736K(499200K)] 818570K->355383K(1023488K), 0.0347467 secs] [Times: user=0.05 sys=0.05, real=0.04 secs] 
2021-06-04T11:29:04.560+0800: 1821496.212: [GC (Allocation Failure) [PSYoungGen: 495872K->17056K(499712K)] 830519K->364331K(1024000K), 0.0305210 secs] [Times: user=0.08 sys=0.00, real=0.03 secs] 
2021-06-04T11:33:14.302+0800: 1821745.954: [GC (Allocation Failure) [PSYoungGen: 492192K->17856K(500736K)] 839467K->375264K(1025024K), 0.0314298 secs] [Times: user=0.04 sys=0.04, real=0.03 secs] 
2021-06-04T11:37:21.053+0800: 1821992.705: [GC (Allocation Failure) [PSYoungGen: 494528K->16992K(500224K)] 851936K->383988K(1024512K), 0.0280206 secs] [Times: user=0.04 sys=0.04, real=0.02 secs] 
2021-06-04T11:41:26.047+0800: 1822237.699: [GC (Allocation Failure) [PSYoungGen: 493664K->19520K(501248K)] 860660K->397258K(1025536K), 0.0377373 secs] [Times: user=0.04 sys=0.05, real=0.04 secs] 
2021-06-04T11:45:35.882+0800: 1822487.534: [GC (Allocation Failure) [PSYoungGen: 497728K->20480K(499200K)] 875466K->408688K(1023488K), 0.0370773 secs] [Times: user=0.04 sys=0.04, real=0.04 secs] 
2021-06-04T11:49:45.465+0800: 1822737.117: [GC (Allocation Failure) [PSYoungGen: 498688K->18528K(501248K)] 886896K->418973K(1025536K), 0.0306011 secs] [Times: user=0.03 sys=0.04, real=0.03 secs] 
2021-06-04T11:53:52.964+0800: 1822984.616: [GC (Allocation Failure) [PSYoungGen: 496224K->17920K(500736K)] 896669K->430297K(1025024K), 0.0587589 secs] [Times: user=0.04 sys=0.03, real=0.06 secs] 
2021-06-04T11:58:01.323+0800: 1823232.976: [GC (Allocation Failure) [PSYoungGen: 495616K->19648K(501248K)] 907993K->443286K(1025536K), 0.0360877 secs] [Times: user=0.04 sys=0.04, real=0.03 secs] 
2021-06-04T12:02:08.010+0800: 1823479.662: [GC (Allocation Failure) [PSYoungGen: 497856K->21216K(499712K)] 921494K->455933K(1024000K), 0.0534432 secs] [Times: user=0.05 sys=0.06, real=0.06 secs] 
2021-06-04T12:06:18.023+0800: 1823729.675: [GC (Allocation Failure) [PSYoungGen: 499424K->19040K(501248K)] 934141K->467298K(1025536K), 0.0778154 secs] [Times: user=0.07 sys=0.07, real=0.07 secs] 
2021-06-04T12:10:31.221+0800: 1823982.873: [GC (Allocation Failure) [PSYoungGen: 496736K->18112K(500736K)] 944994K->478023K(1025024K), 0.0378549 secs] [Times: user=0.05 sys=0.06, real=0.04 secs] 
2021-06-04T12:14:42.177+0800: 1824233.829: [GC (Allocation Failure) [PSYoungGen: 495808K->16928K(501760K)] 955719K->487476K(1026048K), 0.0335925 secs] [Times: user=0.05 sys=0.05, real=0.03 secs] 
2021-06-04T12:18:53.171+0800: 1824484.823: [GC (Allocation Failure) [PSYoungGen: 495648K->17920K(501248K)] 966196K->499912K(1025536K), 0.0346464 secs] [Times: user=0.05 sys=0.04, real=0.04 secs] 
2021-06-04T12:23:16.075+0800: 1824747.728: [GC (Allocation Failure) [PSYoungGen: 496640K->17536K(502272K)] 978632K->509670K(1026560K), 0.1009107 secs] [Times: user=0.06 sys=0.05, real=0.10 secs] 
2021-06-04T12:27:27.087+0800: 1824998.739: [GC (Allocation Failure) [PSYoungGen: 497280K->19648K(501760K)] 989414K->524035K(1026048K), 0.0384250 secs] [Times: user=0.05 sys=0.05, real=0.04 secs] 
2021-06-04T12:31:36.239+0800: 1825247.891: [GC (Allocation Failure) [PSYoungGen: 499392K->18176K(502272K)] 1003779K->534497K(1026560K), 0.0766758 secs] [Times: user=0.04 sys=0.04, real=0.08 secs] 
2021-06-04T12:31:36.316+0800: 1825247.968: [Full GC (Ergonomics) [PSYoungGen: 18176K->0K(502272K)] [ParOldGen: 516321K->309133K(524288K)] 534497K->309133K(1026560K), [Metaspace: 96996K->96996K(1138688K)], 0.4623562 secs] [Times: user=0.52 sys=0.52, real=0.46 secs] 
2021-06-04T12:35:45.928+0800: 1825497.580: [GC (Allocation Failure) [PSYoungGen: 479744K->21984K(501760K)] 788877K->331997K(1026048K), 0.0371230 secs] [Times: user=0.03 sys=0.04, real=0.04 secs] 
2021-06-04T12:39:58.984+0800: 1825750.636: [GC (Allocation Failure) [PSYoungGen: 501728K->18176K(500736K)] 811741K->342447K(1025024K), 0.0414446 secs] [Times: user=0.04 sys=0.04, real=0.04 secs] 
2021-06-04T12:44:06.696+0800: 1825998.348: [GC (Allocation Failure) [PSYoungGen: 496384K->19008K(501248K)] 820655K->353868K(1025536K), 0.0388386 secs] [Times: user=0.04 sys=0.05, real=0.04 secs] 
2021-06-04T12:48:14.502+0800: 1826246.154: [GC (Allocation Failure) [PSYoungGen: 497216K->18880K(501760K)] 832076K->365033K(1026048K), 0.0384663 secs] [Times: user=0.04 sys=0.06, real=0.04 secs] 
2021-06-04T12:52:26.178+0800: 1826497.830: [GC (Allocation Failure) [PSYoungGen: 498112K->17216K(501760K)] 844265K->373950K(1026048K), 0.0373512 secs] [Times: user=0.05 sys=0.04, real=0.04 secs] 
2021-06-04T12:56:33.732+0800: 1826745.384: [GC (Allocation Failure) [PSYoungGen: 496448K->20000K(501760K)] 853182K->386253K(1026048K), 0.0413475 secs] [Times: user=0.04 sys=0.05, real=0.04 secs] 
2021-06-04T13:00:40.287+0800: 1826991.939: [GC (Allocation Failure) [PSYoungGen: 499232K->21056K(500736K)] 865485K->399332K(1025024K), 0.0374467 secs] [Times: user=0.04 sys=0.05, real=0.04 secs] 
2021-06-04T13:04:42.233+0800: 1827233.885: [GC (Allocation Failure) [PSYoungGen: 500288K->17258K(501248K)] 878564K->407523K(1025536K), 0.0291787 secs] [Times: user=0.04 sys=0.04, real=0.03 secs] 
2021-06-04T13:08:52.102+0800: 1827483.754: [GC (Allocation Failure) [PSYoungGen: 495466K->18880K(501248K)] 885731K->419881K(1025536K), 0.0636453 secs] [Times: user=0.04 sys=0.05, real=0.07 secs] 
2021-06-04T13:13:00.141+0800: 1827731.793: [GC (Allocation Failure) [PSYoungGen: 497088K->21248K(500736K)] 898089K->434135K(1025024K), 0.0344972 secs] [Times: user=0.04 sys=0.04, real=0.04 secs] 
2021-06-04T13:17:07.481+0800: 1827979.133: [GC (Allocation Failure) [PSYoungGen: 499456K->19616K(501248K)] 912343K->443765K(1025536K), 0.0323789 secs] [Times: user=0.05 sys=0.04, real=0.04 secs] 
2021-06-04T13:21:14.645+0800: 1828226.297: [GC (Allocation Failure) [PSYoungGen: 497824K->19200K(501760K)] 921973K->454579K(1026048K), 0.0632170 secs] [Times: user=0.04 sys=0.05, real=0.06 secs] 
2021-06-04T13:25:20.761+0800: 1828472.413: [GC (Allocation Failure) [PSYoungGen: 497920K->21536K(501248K)] 933299K->468531K(1025536K), 0.0410286 secs] [Times: user=0.05 sys=0.05, real=0.05 secs] 
2021-06-04T13:29:29.184+0800: 1828720.836: [GC (Allocation Failure) [PSYoungGen: 500256K->18496K(501248K)] 947251K->476976K(1025536K), 0.0520430 secs] [Times: user=0.05 sys=0.06, real=0.05 secs] 
2021-06-04T13:33:36.692+0800: 1828968.344: [GC (Allocation Failure) [PSYoungGen: 496704K->18688K(501248K)] 955184K->488822K(1025536K), 0.0313185 secs] [Times: user=0.04 sys=0.05, real=0.03 secs] 
2021-06-04T13:37:42.621+0800: 1829214.273: [GC (Allocation Failure) [PSYoungGen: 496896K->18112K(501760K)] 967030K->499779K(1026048K), 0.0309612 secs] [Times: user=0.03 sys=0.05, real=0.04 secs] 
2021-06-04T13:41:49.789+0800: 1829461.441: [GC (Allocation Failure) [PSYoungGen: 497344K->20096K(501760K)] 979011K->512320K(1026048K), 0.0426493 secs] [Times: user=0.04 sys=0.06, real=0.04 secs] 
2021-06-04T13:45:55.406+0800: 1829707.058: [GC (Allocation Failure) [PSYoungGen: 499328K->18080K(501760K)] 991552K->521597K(1026048K), 0.0353721 secs] [Times: user=0.04 sys=0.04, real=0.03 secs] 
2021-06-04T13:50:07.228+0800: 1829958.880: [GC (Allocation Failure) [PSYoungGen: 497312K->17568K(501760K)] 1000829K->532193K(1026048K), 0.0347882 secs] [Times: user=0.09 sys=0.00, real=0.04 secs] 
2021-06-04T13:50:07.264+0800: 1829958.916: [Full GC (Ergonomics) [PSYoungGen: 17568K->0K(501760K)] [ParOldGen: 514625K->316595K(524288K)] 532193K->316595K(1026048K), [Metaspace: 96996K->96992K(1138688K)], 0.5354455 secs] [Times: user=1.21 sys=0.00, real=0.53 secs] 
2021-06-04T13:54:16.183+0800: 1830207.835: [GC (Allocation Failure) [PSYoungGen: 479232K->17216K(501760K)] 795827K->333811K(1026048K), 0.0486312 secs] [Times: user=0.04 sys=0.04, real=0.04 secs] 
2021-06-04T13:58:26.178+0800: 1830457.830: [GC (Allocation Failure) [PSYoungGen: 496448K->19104K(501760K)] 813043K->346744K(1026048K), 0.0337314 secs] [Times: user=0.04 sys=0.04, real=0.03 secs] 
2021-06-04T14:02:32.237+0800: 1830703.889: [GC (Allocation Failure) [PSYoungGen: 498336K->17728K(502272K)] 825976K->356111K(1026560K), 0.0276496 secs] [Times: user=0.03 sys=0.04, real=0.03 secs] 
2021-06-04T14:06:41.186+0800: 1830952.838: [GC (Allocation Failure) [PSYoungGen: 497984K->19328K(502272K)] 836367K->368700K(1026560K), 0.0321691 secs] [Times: user=0.04 sys=0.05, real=0.03 secs] 
2021-06-04T14:10:48.809+0800: 1831200.461: [GC (Allocation Failure) [PSYoungGen: 499576K->20480K(501248K)] 848948K->379843K(1025536K), 0.0299281 secs] [Times: user=0.04 sys=0.04, real=0.03 secs] 
2021-06-04T14:14:53.149+0800: 1831444.801: [GC (Allocation Failure) [PSYoungGen: 499712K->19872K(501760K)] 859075K->390736K(1026048K), 0.0322281 secs] [Times: user=0.03 sys=0.04, real=0.03 secs] 
2021-06-04T14:19:03.647+0800: 1831695.299: [GC (Allocation Failure) [PSYoungGen: 499104K->17792K(502272K)] 869968K->399526K(1026560K), 0.0889035 secs] [Times: user=0.04 sys=0.05, real=0.09 secs] 
2021-06-04T14:23:11.303+0800: 1831942.955: [GC (Allocation Failure) [PSYoungGen: 497536K->18240K(501760K)] 879270K->410611K(1026048K), 0.0316730 secs] [Times: user=0.04 sys=0.03, real=0.03 secs] 
2021-06-04T14:27:19.436+0800: 1832191.088: [GC (Allocation Failure) [PSYoungGen: 497984K->17504K(502272K)] 890355K->418880K(1026560K), 0.0392399 secs] [Times: user=0.03 sys=0.03, real=0.04 secs] 
2021-06-04T14:31:34.180+0800: 1832445.832: [GC (Allocation Failure) [PSYoungGen: 497760K->18304K(502272K)] 899136K->429597K(1026560K), 0.0303976 secs] [Times: user=0.04 sys=0.04, real=0.03 secs] 
2021-06-04T14:35:39.731+0800: 1832691.383: [GC (Allocation Failure) [PSYoungGen: 498560K->19648K(502272K)] 909853K->441220K(1026560K), 0.0513849 secs] [Times: user=0.06 sys=0.06, real=0.06 secs] 
2021-06-04T14:39:46.060+0800: 1832937.712: [GC (Allocation Failure) [PSYoungGen: 499904K->20000K(502272K)] 921476K->453434K(1026560K), 0.0331232 secs] [Times: user=0.04 sys=0.05, real=0.04 secs] 
2021-06-04T14:43:57.433+0800: 1833189.085: [GC (Allocation Failure) [PSYoungGen: 500256K->18496K(502272K)] 933690K->463152K(1026560K), 0.0291122 secs] [Times: user=0.04 sys=0.04, real=0.03 secs] 
2021-06-04T14:48:06.090+0800: 1833437.742: [GC (Allocation Failure) [PSYoungGen: 498752K->18976K(502272K)] 943408K->474677K(1026560K), 0.0292143 secs] [Times: user=0.03 sys=0.04, real=0.04 secs] 
2021-06-04T14:52:18.108+0800: 1833689.773: [GC (Allocation Failure) [PSYoungGen: 499232K->18848K(502784K)] 954933K->486884K(1027072K), 0.0612248 secs] [Times: user=0.04 sys=0.05, real=0.06 secs] 
2021-06-04T14:56:28.165+0800: 1833939.817: [GC (Allocation Failure) [PSYoungGen: 500128K->16576K(502784K)] 968164K->496602K(1027072K), 0.0379011 secs] [Times: user=0.05 sys=0.05, real=0.04 secs] 
2021-06-04T15:00:39.502+0800: 1834191.154: [GC (Allocation Failure) [PSYoungGen: 497856K->20032K(502784K)] 977882K->511519K(1027072K), 0.0309285 secs] [Times: user=0.04 sys=0.04, real=0.03 secs] 
2021-06-04T15:04:54.688+0800: 1834446.340: [GC (Allocation Failure) [PSYoungGen: 501312K->17024K(498688K)] 992799K->520092K(1022976K), 0.0865596 secs] [Times: user=0.04 sys=0.05, real=0.09 secs] 
2021-06-04T15:09:04.796+0800: 1834696.448: [GC (Allocation Failure) [PSYoungGen: 498304K->18944K(502784K)] 1001372K->531130K(1027072K), 0.0400892 secs] [Times: user=0.03 sys=0.04, real=0.04 secs] 
2021-06-04T15:09:04.836+0800: 1834696.488: [Full GC (Ergonomics) [PSYoungGen: 18944K->0K(502784K)] [ParOldGen: 512186K->309559K(524288K)] 531130K->309559K(1027072K), [Metaspace: 96996K->96996K(1138688K)], 0.4856904 secs] [Times: user=1.06 sys=0.00, real=0.49 secs] 
2021-06-04T15:13:12.725+0800: 1834944.377: [GC (Allocation Failure) [PSYoungGen: 480768K->19008K(502272K)] 790327K->328567K(1026560K), 0.0318628 secs] [Times: user=0.03 sys=0.04, real=0.03 secs] 
2021-06-04T15:17:21.087+0800: 1835192.739: [GC (Allocation Failure) [PSYoungGen: 499776K->18944K(502784K)] 809335K->341155K(1027072K), 0.0286379 secs] [Times: user=0.04 sys=0.04, real=0.03 secs] 
2021-06-04T15:21:33.300+0800: 1835444.952: [GC (Allocation Failure) [PSYoungGen: 500224K->17920K(502784K)] 822435K->351841K(1027072K), 0.0340390 secs] [Times: user=0.08 sys=0.00, real=0.04 secs] 
2021-06-04T15:25:45.612+0800: 1835697.264: [GC (Allocation Failure) [PSYoungGen: 499200K->17888K(503296K)] 833121K->363416K(1027584K), 0.0312523 secs] [Times: user=0.05 sys=0.05, real=0.04 secs] 
2021-06-04T15:29:57.323+0800: 1835948.975: [GC (Allocation Failure) [PSYoungGen: 500192K->17632K(503296K)] 845720K->374382K(1027584K), 0.0308567 secs] [Times: user=0.03 sys=0.04, real=0.03 secs] 
2021-06-04T15:34:09.226+0800: 1836200.878: [GC (Allocation Failure) [PSYoungGen: 499936K->18848K(503296K)] 856686K->387531K(1027584K), 0.0347434 secs] [Times: user=0.03 sys=0.04, real=0.03 secs] 
2021-06-04T15:38:19.552+0800: 1836451.204: [GC (Allocation Failure) [PSYoungGen: 501152K->17184K(503296K)] 869835K->396504K(1027584K), 0.0472996 secs] [Times: user=0.06 sys=0.07, real=0.04 secs] 
2021-06-04T15:42:34.861+0800: 1836706.514: [GC (Allocation Failure) [PSYoungGen: 499488K->18400K(503808K)] 878808K->408316K(1028096K), 0.0355931 secs] [Times: user=0.04 sys=0.05, real=0.04 secs] 
2021-06-04T15:46:47.146+0800: 1836958.798: [GC (Allocation Failure) [PSYoungGen: 501216K->18496K(503296K)] 891132K->418755K(1027584K), 0.0311623 secs] [Times: user=0.04 sys=0.04, real=0.03 secs] 
2021-06-04T15:50:57.104+0800: 1837208.756: [GC (Allocation Failure) [PSYoungGen: 501312K->20224K(502784K)] 901571K->430994K(1027072K), 0.0722354 secs] [Times: user=0.05 sys=0.05, real=0.07 secs] 
2021-06-04T15:55:05.840+0800: 1837457.492: [GC (Allocation Failure) [PSYoungGen: 502528K->17376K(503296K)] 913298K->439679K(1027584K), 0.0593008 secs] [Times: user=0.04 sys=0.05, real=0.06 secs] 
2021-06-04T15:59:21.193+0800: 1837712.845: [GC (Allocation Failure) [PSYoungGen: 499680K->19744K(502272K)] 921983K->453030K(1026560K), 0.0358334 secs] [Times: user=0.04 sys=0.04, real=0.03 secs] 
2021-06-04T16:03:31.423+0800: 1837963.075: [GC (Allocation Failure) [PSYoungGen: 501022K->17376K(502784K)] 934308K->462427K(1027072K), 0.0374419 secs] [Times: user=0.04 sys=0.04, real=0.03 secs] 
2021-06-04T16:07:42.219+0800: 1838213.871: [GC (Allocation Failure) [PSYoungGen: 498656K->18944K(503296K)] 943707K->475177K(1027584K), 0.0302874 secs] [Times: user=0.08 sys=0.00, real=0.03 secs] 
2021-06-04T16:11:52.031+0800: 1838463.683: [GC (Allocation Failure) [PSYoungGen: 501248K->19008K(503296K)] 957481K->486504K(1027584K), 0.0383848 secs] [Times: user=0.04 sys=0.05, real=0.04 secs] 
2021-06-04T16:16:05.340+0800: 1838716.992: [GC (Allocation Failure) [PSYoungGen: 501312K->17088K(503296K)] 968808K->495509K(1027584K), 0.0309967 secs] [Times: user=0.07 sys=0.00, real=0.03 secs] 
2021-06-04T16:20:15.912+0800: 1838967.564: [GC (Allocation Failure) [PSYoungGen: 499392K->18912K(503296K)] 977813K->507715K(1027584K), 0.0326097 secs] [Times: user=0.04 sys=0.05, real=0.03 secs] 
2021-06-04T16:24:24.306+0800: 1839215.958: [GC (Allocation Failure) [PSYoungGen: 501216K->18784K(503296K)] 990019K->519313K(1027584K), 0.0314392 secs] [Times: user=0.05 sys=0.04, real=0.03 secs] 
2021-06-04T16:28:35.088+0800: 1839466.740: [GC (Allocation Failure) [PSYoungGen: 501088K->19264K(503296K)] 1001617K->530774K(1027584K), 0.0280500 secs] [Times: user=0.04 sys=0.04, real=0.03 secs] 
2021-06-04T16:32:43.694+0800: 1839715.346: [GC (Allocation Failure) --[PSYoungGen: 501568K->501568K(503296K)] 1013078K->1025852K(1027584K), 0.2897577 secs] [Times: user=0.33 sys=0.00, real=0.29 secs] 
2021-06-04T16:32:43.984+0800: 1839715.636: [Full GC (Ergonomics) [PSYoungGen: 501568K->0K(503296K)] [ParOldGen: 524284K->326719K(524288K)] 1025852K->326719K(1027584K), [Metaspace: 96996K->96996K(1138688K)], 0.4815091 secs] [Times: user=1.03 sys=0.00, real=0.48 secs] 
2021-06-04T16:36:52.866+0800: 1839964.518: [GC (Allocation Failure) [PSYoungGen: 482304K->20640K(502272K)] 809023K->347359K(1026560K), 0.0695889 secs] [Times: user=0.03 sys=0.03, real=0.07 secs] 
2021-06-04T16:40:56.674+0800: 1840208.326: [GC (Allocation Failure) [PSYoungGen: 501920K->21472K(502784K)] 828639K->362428K(1027072K), 0.0575175 secs] [Times: user=0.05 sys=0.05, real=0.05 secs] 
2021-06-04T16:45:07.782+0800: 1840459.434: [GC (Allocation Failure) [PSYoungGen: 502752K->20832K(491520K)] 843708K->373666K(1015808K), 0.0329358 secs] [Times: user=0.04 sys=0.04, real=0.04 secs] 
2021-06-04T16:49:13.652+0800: 1840705.304: [GC (Allocation Failure) [PSYoungGen: 490848K->15904K(497152K)] 843682K->380519K(1021440K), 0.0300639 secs] [Times: user=0.04 sys=0.04, real=0.03 secs] 
2021-06-04T16:53:21.416+0800: 1840953.068: [GC (Allocation Failure) [PSYoungGen: 485920K->18496K(497664K)] 850535K->393003K(1021952K), 0.0329150 secs] [Times: user=0.05 sys=0.05, real=0.03 secs] 
2021-06-04T16:57:25.525+0800: 1841197.177: [GC (Allocation Failure) [PSYoungGen: 489024K->18880K(497152K)] 863531K->404776K(1021440K), 0.0364208 secs] [Times: user=0.04 sys=0.04, real=0.03 secs] 
2021-06-04T17:01:27.451+0800: 1841439.103: [GC (Allocation Failure) [PSYoungGen: 489408K->19232K(498688K)] 875304K->414263K(1022976K), 0.0341618 secs] [Times: user=0.05 sys=0.04, real=0.04 secs] 
2021-06-04T17:05:31.131+0800: 1841682.783: [GC (Allocation Failure) [PSYoungGen: 491808K->19584K(498176K)] 886839K->426486K(1022464K), 0.0345451 secs] [Times: user=0.04 sys=0.05, real=0.04 secs] 
2021-06-04T17:09:35.021+0800: 1841926.673: [GC (Allocation Failure) [PSYoungGen: 492160K->20352K(499200K)] 899062K->436956K(1023488K), 0.0305688 secs] [Times: user=0.04 sys=0.04, real=0.03 secs] 
2021-06-04T17:13:40.108+0800: 1842171.760: [GC (Allocation Failure) [PSYoungGen: 494464K->19968K(499200K)] 911068K->448625K(1023488K), 0.0335228 secs] [Times: user=0.05 sys=0.05, real=0.03 secs] 
2021-06-04T17:17:43.414+0800: 1842415.066: [GC (Allocation Failure) [PSYoungGen: 494080K->16192K(499712K)] 922737K->457759K(1024000K), 0.0287041 secs] [Times: user=0.04 sys=0.04, real=0.03 secs] 
2021-06-04T17:21:52.379+0800: 1842664.031: [GC (Allocation Failure) [PSYoungGen: 491328K->15136K(490496K)] 932895K->467219K(1014784K), 0.0359167 secs] [Times: user=0.04 sys=0.04, real=0.04 secs] 
2021-06-04T17:25:54.069+0800: 1842905.721: [GC (Allocation Failure) [PSYoungGen: 490272K->19392K(499712K)] 942355K->480263K(1024000K), 0.0360344 secs] [Times: user=0.04 sys=0.05, real=0.04 secs] 
2021-06-04T17:29:58.261+0800: 1843149.913: [GC (Allocation Failure) [PSYoungGen: 494016K->18784K(499200K)] 954887K->491907K(1023488K), 0.0372716 secs] [Times: user=0.04 sys=0.04, real=0.04 secs] 
2021-06-04T17:34:03.553+0800: 1843395.205: [GC (Allocation Failure) [PSYoungGen: 493408K->22656K(498176K)] 966531K->505106K(1022464K), 0.0369366 secs] [Times: user=0.04 sys=0.05, real=0.03 secs] 
2021-06-04T17:38:12.871+0800: 1843644.523: [GC (Allocation Failure) [PSYoungGen: 496768K->18432K(499200K)] 979218K->514160K(1023488K), 0.0418810 secs] [Times: user=0.04 sys=0.04, real=0.05 secs] 
2021-06-04T17:42:19.058+0800: 1843890.710: [GC (Allocation Failure) [PSYoungGen: 492544K->17280K(499712K)] 988272K->524941K(1024000K), 0.0294361 secs] [Times: user=0.04 sys=0.04, real=0.03 secs] 
2021-06-04T17:46:22.854+0800: 1844134.506: [GC (Allocation Failure) [PSYoungGen: 492416K->19296K(499712K)] 1000077K->537826K(1024000K), 0.0338546 secs] [Times: user=0.04 sys=0.04, real=0.03 secs] 
2021-06-04T17:46:22.888+0800: 1844134.540: [Full GC (Ergonomics) [PSYoungGen: 19296K->0K(499712K)] [ParOldGen: 518530K->305548K(524288K)] 537826K->305548K(1024000K), [Metaspace: 96996K->96992K(1138688K)], 0.5364999 secs] [Times: user=0.55 sys=0.54, real=0.54 secs] 
2021-06-04T17:50:30.533+0800: 1844382.185: [GC (Allocation Failure) [PSYoungGen: 475136K->20416K(500224K)] 780684K->325964K(1024512K), 0.0283864 secs] [Times: user=0.03 sys=0.03, real=0.02 secs] 
2021-06-04T17:54:37.335+0800: 1844628.987: [GC (Allocation Failure) [PSYoungGen: 496576K->20608K(500224K)] 802124K->338193K(1024512K), 0.0347074 secs] [Times: user=0.09 sys=0.00, real=0.03 secs] 
2021-06-04T17:58:48.766+0800: 1844880.418: [GC (Allocation Failure) [PSYoungGen: 496768K->16128K(500224K)] 814353K->346662K(1024512K), 0.0363137 secs] [Times: user=0.04 sys=0.06, real=0.04 secs] 
2021-06-04T18:02:56.183+0800: 1845127.835: [GC (Allocation Failure) [PSYoungGen: 492288K->16576K(500224K)] 822822K->357492K(1024512K), 0.0284763 secs] [Times: user=0.03 sys=0.04, real=0.02 secs] 
2021-06-04T18:07:00.792+0800: 1845372.444: [GC (Allocation Failure) [PSYoungGen: 492736K->21024K(499200K)] 833652K->372203K(1023488K), 0.0390423 secs] [Times: user=0.04 sys=0.04, real=0.04 secs] 
2021-06-04T18:11:06.961+0800: 1845618.613: [GC (Allocation Failure) [PSYoungGen: 496160K->20096K(499712K)] 847339K->382546K(1024000K), 0.0311364 secs] [Times: user=0.04 sys=0.04, real=0.04 secs] 
2021-06-04T18:15:15.968+0800: 1845867.620: [GC (Allocation Failure) [PSYoungGen: 495232K->17632K(500224K)] 857682K->391280K(1024512K), 0.0367792 secs] [Times: user=0.04 sys=0.04, real=0.04 secs] 
2021-06-04T18:19:22.679+0800: 1846114.331: [GC (Allocation Failure) [PSYoungGen: 493792K->19072K(500224K)] 867440K->402805K(1024512K), 0.0341950 secs] [Times: user=0.05 sys=0.04, real=0.04 secs] 
2021-06-04T18:23:28.285+0800: 1846359.937: [GC (Allocation Failure) [PSYoungGen: 495227K->16448K(500736K)] 878961K->410251K(1025024K), 0.0265128 secs] [Times: user=0.04 sys=0.04, real=0.02 secs] 
2021-06-04T18:27:38.293+0800: 1846609.945: [GC (Allocation Failure) [PSYoungGen: 493632K->17088K(500736K)] 887435K->422320K(1025024K), 0.0279849 secs] [Times: user=0.04 sys=0.04, real=0.02 secs] 
2021-06-04T18:31:46.263+0800: 1846857.915: [GC (Allocation Failure) [PSYoungGen: 494272K->19776K(500736K)] 899504K->435869K(1025024K), 0.0335330 secs] [Times: user=0.04 sys=0.04, real=0.03 secs] 
2021-06-04T18:35:49.504+0800: 1847101.156: [GC (Allocation Failure) [PSYoungGen: 496960K->19424K(500736K)] 913053K->446699K(1025024K), 0.0331253 secs] [Times: user=0.05 sys=0.05, real=0.03 secs] 
2021-06-04T18:39:59.629+0800: 1847351.281: [GC (Allocation Failure) [PSYoungGen: 496608K->18816K(501248K)] 923883K->457977K(1025536K), 0.0298388 secs] [Times: user=0.03 sys=0.04, real=0.03 secs] 
2021-06-04T18:44:09.183+0800: 1847600.835: [GC (Allocation Failure) [PSYoungGen: 497024K->18464K(501248K)] 936185K->468832K(1025536K), 0.0283562 secs] [Times: user=0.04 sys=0.04, real=0.02 secs] 
2021-06-04T18:48:16.442+0800: 1847848.094: [GC (Allocation Failure) [PSYoungGen: 496672K->16512K(501760K)] 947040K->478636K(1026048K), 0.0278981 secs] [Times: user=0.04 sys=0.04, real=0.03 secs] 
2021-06-04T18:52:23.519+0800: 1848095.171: [GC (Allocation Failure) [PSYoungGen: 495744K->18464K(501760K)] 957868K->491865K(1026048K), 0.0307287 secs] [Times: user=0.04 sys=0.04, real=0.03 secs] 
2021-06-04T18:56:31.610+0800: 1848343.262: [GC (Allocation Failure) [PSYoungGen: 497696K->16288K(502272K)] 971097K->500327K(1026560K), 0.0313597 secs] [Times: user=0.04 sys=0.04, real=0.03 secs] 
2021-06-04T19:00:39.232+0800: 1848590.884: [GC (Allocation Failure) [PSYoungGen: 496544K->20544K(501248K)] 980583K->515557K(1025536K), 0.0602790 secs] [Times: user=0.04 sys=0.04, real=0.07 secs] 
2021-06-04T19:04:41.536+0800: 1848833.189: [GC (Allocation Failure) [PSYoungGen: 500800K->19242K(501760K)] 995813K->526166K(1026048K), 0.0291465 secs] [Times: user=0.04 sys=0.04, real=0.03 secs] 
2021-06-04T19:08:47.589+0800: 1849079.241: [GC (Allocation Failure) [PSYoungGen: 498474K->20512K(500224K)] 1005398K->539893K(1024512K), 0.0320533 secs] [Times: user=0.04 sys=0.04, real=0.03 secs] 
2021-06-04T19:08:47.622+0800: 1849079.274: [Full GC (Ergonomics) [PSYoungGen: 20512K->0K(500224K)] [ParOldGen: 519381K->327048K(524288K)] 539893K->327048K(1024512K), [Metaspace: 96998K->96998K(1138688K)], 0.4872022 secs] [Times: user=1.07 sys=0.00, real=0.49 secs] 
2021-06-04T19:12:51.825+0800: 1849323.477: [GC (Allocation Failure) [PSYoungGen: 479232K->22112K(500224K)] 806280K->349160K(1024512K), 0.0285409 secs] [Times: user=0.04 sys=0.04, real=0.03 secs] 
2021-06-04T19:17:02.526+0800: 1849574.178: [GC (Allocation Failure) [PSYoungGen: 499296K->16416K(500736K)] 826344K->357035K(1025024K), 0.0306539 secs] [Times: user=0.04 sys=0.04, real=0.03 secs] 
2021-06-04T19:21:10.062+0800: 1849821.714: [GC (Allocation Failure) [PSYoungGen: 493600K->17632K(500736K)] 834219K->369088K(1025024K), 0.0303386 secs] [Times: user=0.03 sys=0.04, real=0.04 secs] 
2021-06-04T19:25:13.436+0800: 1850065.088: [GC (Allocation Failure) [PSYoungGen: 494816K->22496K(499712K)] 846272K->385183K(1024000K), 0.0367234 secs] [Times: user=0.05 sys=0.04, real=0.04 secs] 
2021-06-04T19:29:23.712+0800: 1850315.364: [GC (Allocation Failure) [PSYoungGen: 499680K->18528K(500224K)] 862367K->394244K(1024512K), 0.0336576 secs] [Times: user=0.04 sys=0.04, real=0.04 secs] 
2021-06-04T19:33:32.183+0800: 1850563.835: [GC (Allocation Failure) [PSYoungGen: 494176K->18240K(499712K)] 869892K->403849K(1024000K), 0.0311285 secs] [Times: user=0.05 sys=0.04, real=0.03 secs] 
2021-06-04T19:37:39.925+0800: 1850811.577: [GC (Allocation Failure) [PSYoungGen: 493888K->17056K(500736K)] 879497K->413750K(1025024K), 0.0669968 secs] [Times: user=0.04 sys=0.04, real=0.07 secs] 
2021-06-04T19:41:48.889+0800: 1851060.541: [GC (Allocation Failure) [PSYoungGen: 494240K->15904K(500736K)] 890934K->423811K(1025024K), 0.0266965 secs] [Times: user=0.04 sys=0.03, real=0.03 secs] 
2021-06-04T19:45:54.911+0800: 1851306.563: [GC (Allocation Failure) [PSYoungGen: 493088K->18624K(501248K)] 900995K->437113K(1025536K), 0.0314452 secs] [Times: user=0.03 sys=0.04, real=0.04 secs] 
2021-06-04T19:50:02.904+0800: 1851554.556: [GC (Allocation Failure) [PSYoungGen: 496320K->17792K(500736K)] 914809K->447511K(1025024K), 0.0287853 secs] [Times: user=0.03 sys=0.04, real=0.03 secs] 
2021-06-04T19:54:10.244+0800: 1851801.896: [GC (Allocation Failure) [PSYoungGen: 495488K->20352K(501248K)] 925207K->460813K(1025536K), 0.0966989 secs] [Times: user=0.05 sys=0.05, real=0.09 secs] 
2021-06-04T19:58:17.094+0800: 1852048.746: [GC (Allocation Failure) [PSYoungGen: 498560K->19488K(501248K)] 939021K->471444K(1025536K), 0.0368303 secs] [Times: user=0.04 sys=0.04, real=0.03 secs] 
2021-06-04T20:02:22.084+0800: 1852293.736: [GC (Allocation Failure) [PSYoungGen: 497696K->19008K(501760K)] 949652K->483507K(1026048K), 0.0443089 secs] [Times: user=0.04 sys=0.04, real=0.04 secs] 
2021-06-04T20:06:23.730+0800: 1852535.382: [GC (Allocation Failure) [PSYoungGen: 497728K->21824K(500736K)] 962227K->497250K(1025024K), 0.0356798 secs] [Times: user=0.09 sys=0.00, real=0.04 secs] 
2021-06-04T20:10:30.549+0800: 1852782.201: [GC (Allocation Failure) [PSYoungGen: 500544K->17216K(500736K)] 975970K->504534K(1025024K), 0.0835100 secs] [Times: user=0.05 sys=0.05, real=0.09 secs] 
2021-06-04T20:14:36.544+0800: 1853028.196: [GC (Allocation Failure) [PSYoungGen: 494400K->18976K(500736K)] 981718K->517202K(1025024K), 0.0286445 secs] [Times: user=0.04 sys=0.04, real=0.03 secs] 
2021-06-04T20:18:47.824+0800: 1853279.476: [GC (Allocation Failure) [PSYoungGen: 496160K->16608K(501248K)] 994386K->527343K(1025536K), 0.0300573 secs] [Times: user=0.04 sys=0.05, real=0.03 secs] 
2021-06-04T20:22:51.755+0800: 1853523.407: [GC (Allocation Failure) [PSYoungGen: 494816K->21184K(499712K)] 1005551K->542191K(1024000K), 0.0450234 secs] [Times: user=0.04 sys=0.05, real=0.04 secs] 
2021-06-04T20:22:51.801+0800: 1853523.453: [Full GC (Ergonomics) [PSYoungGen: 21184K->0K(499712K)] [ParOldGen: 521007K->311749K(524288K)] 542191K->311749K(1024000K), [Metaspace: 96998K->96998K(1138688K)], 0.5112349 secs] [Times: user=0.56 sys=0.56, real=0.52 secs] 
2021-06-04T20:27:00.858+0800: 1853772.510: [GC (Allocation Failure) [PSYoungGen: 478208K->20096K(500736K)] 789957K->331845K(1025024K), 0.0479442 secs] [Times: user=0.04 sys=0.04, real=0.05 secs] 
2021-06-04T20:31:03.309+0800: 1854014.961: [GC (Allocation Failure) [PSYoungGen: 497280K->22688K(500224K)] 809029K->346323K(1024512K), 0.0330860 secs] [Times: user=0.04 sys=0.04, real=0.03 secs] 
2021-06-04T20:35:09.468+0800: 1854261.120: [GC (Allocation Failure) [PSYoungGen: 499872K->19776K(500224K)] 823507K->356185K(1024512K), 0.0306632 secs] [Times: user=0.04 sys=0.04, real=0.03 secs] 
2021-06-04T20:39:21.417+0800: 1854513.069: [GC (Allocation Failure) [PSYoungGen: 495936K->17792K(500224K)] 832345K->365639K(1024512K), 0.0322963 secs] [Times: user=0.04 sys=0.04, real=0.03 secs] 
2021-06-04T20:43:29.030+0800: 1854760.682: [GC (Allocation Failure) [PSYoungGen: 493952K->15040K(500224K)] 841799K->374219K(1024512K), 0.0307198 secs] [Times: user=0.03 sys=0.04, real=0.03 secs] 
2021-06-04T20:47:32.126+0800: 1855003.778: [GC (Allocation Failure) [PSYoungGen: 491200K->19232K(500224K)] 850379K->387185K(1024512K), 0.0323071 secs] [Times: user=0.04 sys=0.04, real=0.03 secs] 
2021-06-04T20:51:39.651+0800: 1855251.303: [GC (Allocation Failure) [PSYoungGen: 495392K->20096K(500224K)] 863345K->399656K(1024512K), 0.0336374 secs] [Times: user=0.04 sys=0.04, real=0.04 secs] 
2021-06-04T20:55:45.596+0800: 1855497.249: [GC (Allocation Failure) [PSYoungGen: 496256K->20896K(500224K)] 875816K->412183K(1024512K), 0.0343140 secs] [Times: user=0.04 sys=0.04, real=0.03 secs] 
2021-06-04T20:59:54.413+0800: 1855746.066: [GC (Allocation Failure) [PSYoungGen: 497056K->16064K(500224K)] 888343K->420196K(1024512K), 0.0285483 secs] [Times: user=0.03 sys=0.04, real=0.03 secs] 
2021-06-04T21:04:02.283+0800: 1855993.935: [GC (Allocation Failure) [PSYoungGen: 492224K->21088K(497664K)] 896356K->435740K(1021952K), 0.0804548 secs] [Times: user=0.04 sys=0.04, real=0.08 secs] 
2021-06-04T21:08:06.684+0800: 1856238.336: [GC (Allocation Failure) [PSYoungGen: 497248K->22720K(498688K)] 911900K->448923K(1022976K), 0.0406608 secs] [Times: user=0.05 sys=0.05, real=0.04 secs] 
2021-06-04T21:12:12.295+0800: 1856483.947: [GC (Allocation Failure) [PSYoungGen: 496832K->19936K(499200K)] 923035K->457849K(1023488K), 0.0402767 secs] [Times: user=0.11 sys=0.00, real=0.04 secs] 
2021-06-04T21:16:17.490+0800: 1856729.142: [GC (Allocation Failure) [PSYoungGen: 494047K->18848K(499712K)] 931960K->469199K(1024000K), 0.0865684 secs] [Times: user=0.05 sys=0.04, real=0.09 secs] 
2021-06-04T21:20:27.183+0800: 1856978.835: [GC (Allocation Failure) [PSYoungGen: 493472K->19936K(499200K)] 943823K->481309K(1023488K), 0.0395989 secs] [Times: user=0.04 sys=0.05, real=0.04 secs] 
2021-06-04T21:24:34.114+0800: 1857225.766: [GC (Allocation Failure) [PSYoungGen: 494560K->17856K(500224K)] 955933K->489827K(1024512K), 0.0310133 secs] [Times: user=0.04 sys=0.04, real=0.03 secs] 
2021-06-04T21:28:40.724+0800: 1857472.376: [GC (Allocation Failure) [PSYoungGen: 494016K->18688K(500224K)] 965987K->501448K(1024512K), 0.0321768 secs] [Times: user=0.09 sys=0.00, real=0.03 secs] 
2021-06-04T21:32:47.768+0800: 1857719.420: [GC (Allocation Failure) [PSYoungGen: 494848K->20704K(499712K)] 977608K->515782K(1024000K), 0.0732597 secs] [Times: user=0.05 sys=0.05, real=0.07 secs] 
2021-06-04T21:36:54.418+0800: 1857966.070: [GC (Allocation Failure) [PSYoungGen: 496864K->19648K(500224K)] 991942K->524958K(1024512K), 0.0370208 secs] [Times: user=0.05 sys=0.05, real=0.04 secs] 
2021-06-04T21:41:03.592+0800: 1858215.244: [GC (Allocation Failure) [PSYoungGen: 495808K->19232K(501248K)] 1001118K->536651K(1025536K), 0.0380913 secs] [Times: user=0.04 sys=0.05, real=0.04 secs] 
2021-06-04T21:41:03.630+0800: 1858215.282: [Full GC (Ergonomics) [PSYoungGen: 19232K->0K(501248K)] [ParOldGen: 517419K->318801K(524288K)] 536651K->318801K(1025536K), [Metaspace: 96998K->96998K(1138688K)], 0.5545253 secs] [Times: user=1.22 sys=0.00, real=0.56 secs] 
2021-06-04T21:45:16.038+0800: 1858467.690: [GC (Allocation Failure) [PSYoungGen: 477696K->20544K(500736K)] 796497K->339345K(1025024K), 0.0398998 secs] [Times: user=0.06 sys=0.06, real=0.04 secs] 
2021-06-04T21:49:24.944+0800: 1858716.596: [GC (Allocation Failure) [PSYoungGen: 498240K->18976K(501248K)] 817041K->351022K(1025536K), 0.0339819 secs] [Times: user=0.05 sys=0.04, real=0.03 secs] 
2021-06-04T21:53:33.624+0800: 1858965.276: [GC (Allocation Failure) [PSYoungGen: 497184K->19328K(501248K)] 829230K->362741K(1025536K), 0.0411332 secs] [Times: user=0.04 sys=0.04, real=0.04 secs] 
2021-06-04T21:57:40.925+0800: 1859212.577: [GC (Allocation Failure) [PSYoungGen: 497536K->20480K(501760K)] 840949K->375196K(1026048K), 0.0437452 secs] [Times: user=0.04 sys=0.05, real=0.04 secs] 
2021-06-04T22:01:51.420+0800: 1859463.072: [GC (Allocation Failure) [PSYoungGen: 499712K->18016K(501760K)] 854428K->384874K(1026048K), 0.0348657 secs] [Times: user=0.04 sys=0.05, real=0.04 secs] 
2021-06-04T22:06:02.948+0800: 1859714.600: [GC (Allocation Failure) [PSYoungGen: 497248K->18464K(501760K)] 864106K->397711K(1026048K), 0.0455987 secs] [Times: user=0.06 sys=0.06, real=0.05 secs] 
2021-06-04T22:10:10.004+0800: 1859961.656: [GC (Allocation Failure) [PSYoungGen: 497696K->17056K(501760K)] 876943K->407338K(1026048K), 0.0368514 secs] [Times: user=0.05 sys=0.05, real=0.03 secs] 
2021-06-04T22:14:15.314+0800: 1860206.966: [GC (Allocation Failure) [PSYoungGen: 496288K->19456K(501760K)] 886570K->420152K(1026048K), 0.0406547 secs] [Times: user=0.05 sys=0.06, real=0.04 secs] 
2021-06-04T22:18:26.197+0800: 1860457.849: [GC (Allocation Failure) [PSYoungGen: 498688K->18464K(501760K)] 899384K->430852K(1026048K), 0.0323908 secs] [Times: user=0.05 sys=0.04, real=0.03 secs] 
2021-06-04T22:22:37.748+0800: 1860709.400: [GC (Allocation Failure) [PSYoungGen: 497696K->19168K(502272K)] 910084K->440970K(1026560K), 0.0445719 secs] [Times: user=0.10 sys=0.00, real=0.05 secs] 
2021-06-04T22:26:44.244+0800: 1860955.896: [GC (Allocation Failure) [PSYoungGen: 499424K->19168K(502272K)] 921226K->451704K(1026560K), 0.0311086 secs] [Times: user=0.04 sys=0.05, real=0.03 secs] 
2021-06-04T22:30:53.121+0800: 1861204.773: [GC (Allocation Failure) [PSYoungGen: 499424K->20672K(502272K)] 931960K->463975K(1026560K), 0.0657231 secs] [Times: user=0.05 sys=0.05, real=0.07 secs] 
2021-06-04T22:35:04.001+0800: 1861455.653: [GC (Allocation Failure) [PSYoungGen: 500928K->18560K(502272K)] 944231K->474150K(1026560K), 0.0384049 secs] [Times: user=0.04 sys=0.06, real=0.04 secs] 
2021-06-04T22:39:14.155+0800: 1861705.807: [GC (Allocation Failure) [PSYoungGen: 498816K->19904K(502272K)] 954406K->487781K(1026560K), 0.0598530 secs] [Times: user=0.06 sys=0.05, real=0.06 secs] 
2021-06-04T22:43:25.211+0800: 1861956.863: [GC (Allocation Failure) [PSYoungGen: 500160K->18144K(502272K)] 968037K->498194K(1026560K), 0.0371666 secs] [Times: user=0.05 sys=0.04, real=0.04 secs] 
2021-06-04T22:47:35.368+0800: 1862207.020: [GC (Allocation Failure) [PSYoungGen: 498400K->17888K(502272K)] 978450K->507616K(1026560K), 0.0328047 secs] [Times: user=0.04 sys=0.04, real=0.03 secs] 
2021-06-04T22:51:45.005+0800: 1862456.657: [GC (Allocation Failure) [PSYoungGen: 498144K->20224K(502272K)] 987872K->519782K(1026560K), 0.0660976 secs] [Times: user=0.06 sys=0.05, real=0.06 secs] 
2021-06-04T22:55:54.464+0800: 1862706.116: [GC (Allocation Failure) [PSYoungGen: 500480K->18816K(502272K)] 1000038K->529885K(1026560K), 0.0359269 secs] [Times: user=0.05 sys=0.04, real=0.03 secs] 
2021-06-04T22:55:54.500+0800: 1862706.152: [Full GC (Ergonomics) [PSYoungGen: 18816K->0K(502272K)] [ParOldGen: 511069K->308175K(524288K)] 529885K->308175K(1026560K), [Metaspace: 96998K->96998K(1138688K)], 0.4946565 secs] [Times: user=1.07 sys=0.00, real=0.50 secs] 
2021-06-04T23:00:01.563+0800: 1862953.215: [GC (Allocation Failure) [PSYoungGen: 480256K->19936K(502272K)] 788431K->328111K(1026560K), 0.0444275 secs] [Times: user=0.04 sys=0.03, real=0.04 secs] 
2021-06-04T23:04:10.127+0800: 1863201.779: [GC (Allocation Failure) [PSYoungGen: 500192K->18240K(502272K)] 808367K->339299K(1026560K), 0.0396295 secs] [Times: user=0.05 sys=0.05, real=0.04 secs] 
2021-06-04T23:08:19.500+0800: 1863451.152: [GC (Allocation Failure) [PSYoungGen: 498496K->15872K(502272K)] 819555K->348014K(1026560K), 0.0461408 secs] [Times: user=0.05 sys=0.05, real=0.05 secs] 
2021-06-04T23:12:27.423+0800: 1863699.075: [GC (Allocation Failure) [PSYoungGen: 496128K->18464K(502272K)] 828270K->359882K(1026560K), 0.0358637 secs] [Times: user=0.05 sys=0.05, real=0.03 secs] 
2021-06-04T23:16:38.148+0800: 1863949.800: [GC (Allocation Failure) [PSYoungGen: 498720K->17024K(502272K)] 840138K->370201K(1026560K), 0.0820282 secs] [Times: user=0.04 sys=0.04, real=0.08 secs] 
2021-06-04T23:20:47.121+0800: 1864198.773: [GC (Allocation Failure) [PSYoungGen: 497280K->17824K(502784K)] 850457K->380919K(1027072K), 0.0345330 secs] [Times: user=0.04 sys=0.04, real=0.04 secs] 
2021-06-04T23:24:59.294+0800: 1864450.946: [GC (Allocation Failure) [PSYoungGen: 498592K->17888K(502272K)] 861687K->391403K(1026560K), 0.0483765 secs] [Times: user=0.04 sys=0.04, real=0.05 secs] 
2021-06-04T23:29:08.724+0800: 1864700.377: [GC (Allocation Failure) [PSYoungGen: 498656K->17504K(502784K)] 872171K->401855K(1027072K), 0.0312204 secs] [Times: user=0.03 sys=0.04, real=0.03 secs] 
2021-06-04T23:33:18.617+0800: 1864950.269: [GC (Allocation Failure) [PSYoungGen: 498784K->15936K(502784K)] 883135K->410012K(1027072K), 0.0325887 secs] [Times: user=0.05 sys=0.04, real=0.03 secs] 
2021-06-04T23:37:30.897+0800: 1865202.549: [GC (Allocation Failure) [PSYoungGen: 497216K->16896K(502784K)] 891292K->420201K(1027072K), 0.0251394 secs] [Times: user=0.04 sys=0.04, real=0.03 secs] 
2021-06-04T23:41:37.692+0800: 1865449.344: [GC (Allocation Failure) [PSYoungGen: 498176K->20864K(502272K)] 901481K->434735K(1026560K), 0.0430806 secs] [Times: user=0.05 sys=0.05, real=0.05 secs] 
2021-06-04T23:45:46.226+0800: 1865697.878: [GC (Allocation Failure) [PSYoungGen: 502144K->15744K(502272K)] 916015K->441132K(1026560K), 0.0268598 secs] [Times: user=0.03 sys=0.04, real=0.03 secs] 
2021-06-04T23:49:57.689+0800: 1865949.341: [GC (Allocation Failure) [PSYoungGen: 496000K->19136K(502272K)] 921388K->454610K(1026560K), 0.0355946 secs] [Times: user=0.05 sys=0.05, real=0.04 secs] 
2021-06-04T23:54:05.815+0800: 1866197.467: [GC (Allocation Failure) [PSYoungGen: 499392K->18528K(502272K)] 934866K->466753K(1026560K), 0.0333255 secs] [Times: user=0.04 sys=0.04, real=0.03 secs] 
2021-06-04T23:58:16.528+0800: 1866448.180: [GC (Allocation Failure) [PSYoungGen: 498784K->15328K(502272K)] 947009K->474533K(1026560K), 0.0311815 secs] [Times: user=0.04 sys=0.04, real=0.03 secs] 
2021-06-05T00:02:16.519+0800: 1866688.171: [GC (Allocation Failure) [PSYoungGen: 495584K->16960K(502272K)] 954789K->485874K(1026560K), 0.0298996 secs] [Times: user=0.04 sys=0.04, real=0.03 secs] 
2021-06-05T00:06:21.231+0800: 1866932.883: [GC (Allocation Failure) [PSYoungGen: 497216K->17280K(502272K)] 966130K->495959K(1026560K), 0.0339886 secs] [Times: user=0.03 sys=0.04, real=0.04 secs] 
2021-06-05T00:10:31.426+0800: 1867183.078: [GC (Allocation Failure) [PSYoungGen: 497536K->19040K(502784K)] 976215K->507709K(1027072K), 0.0341723 secs] [Times: user=0.05 sys=0.05, real=0.03 secs] 
2021-06-05T00:14:43.485+0800: 1867435.137: [GC (Allocation Failure) [PSYoungGen: 500320K->17600K(502784K)] 988989K->518768K(1027072K), 0.0285120 secs] [Times: user=0.04 sys=0.04, real=0.03 secs] 
2021-06-05T00:18:56.055+0800: 1867687.707: [GC (Allocation Failure) [PSYoungGen: 498880K->17600K(503296K)] 1000048K->529765K(1027584K), 0.0333406 secs] [Times: user=0.04 sys=0.04, real=0.03 secs] 
2021-06-05T00:18:56.089+0800: 1867687.741: [Full GC (Ergonomics) [PSYoungGen: 17600K->0K(503296K)] [ParOldGen: 512165K->313420K(524288K)] 529765K->313420K(1027584K), [Metaspace: 96998K->96998K(1138688K)], 0.4167859 secs] [Times: user=0.48 sys=0.48, real=0.42 secs] 
2021-06-05T00:23:08.032+0800: 1867939.684: [GC (Allocation Failure) [PSYoungGen: 481792K->19200K(502784K)] 795212K->332620K(1027072K), 0.0345139 secs] [Times: user=0.04 sys=0.03, real=0.03 secs] 
2021-06-05T00:27:16.764+0800: 1868188.416: [GC (Allocation Failure) [PSYoungGen: 500992K->17056K(503296K)] 814412K->342729K(1027584K), 0.0532193 secs] [Times: user=0.05 sys=0.05, real=0.05 secs] 
2021-06-05T00:31:21.791+0800: 1868433.443: [GC (Allocation Failure) [PSYoungGen: 498848K->19360K(502784K)] 824521K->355599K(1027072K), 0.0416340 secs] [Times: user=0.05 sys=0.04, real=0.05 secs] 
2021-06-05T00:35:34.094+0800: 1868685.746: [GC (Allocation Failure) [PSYoungGen: 501152K->18432K(503296K)] 837391K->365940K(1027584K), 0.0429625 secs] [Times: user=0.04 sys=0.06, real=0.04 secs] 
2021-06-05T00:39:40.980+0800: 1868932.632: [GC (Allocation Failure) [PSYoungGen: 500224K->18912K(502784K)] 847732K->376683K(1027072K), 0.0402883 secs] [Times: user=0.04 sys=0.04, real=0.04 secs] 
2021-06-05T00:43:53.187+0800: 1869184.839: [GC (Allocation Failure) [PSYoungGen: 500704K->18880K(502784K)] 858475K->387713K(1027072K), 0.0335368 secs] [Times: user=0.04 sys=0.05, real=0.03 secs] 
2021-06-05T00:48:03.375+0800: 1869435.027: [GC (Allocation Failure) [PSYoungGen: 500160K->16608K(502784K)] 868993K->397759K(1027072K), 0.0326774 secs] [Times: user=0.04 sys=0.04, real=0.03 secs] 
2021-06-05T00:52:10.717+0800: 1869682.369: [GC (Allocation Failure) [PSYoungGen: 497888K->17568K(503296K)] 879039K->409284K(1027584K), 0.0579734 secs] [Times: user=0.04 sys=0.04, real=0.06 secs] 
2021-06-05T00:56:21.494+0800: 1869933.146: [GC (Allocation Failure) [PSYoungGen: 499360K->17760K(502784K)] 891076K->419985K(1027072K), 0.0407111 secs] [Times: user=0.04 sys=0.06, real=0.04 secs] 
2021-06-05T01:00:34.839+0800: 1870186.491: [GC (Allocation Failure) [PSYoungGen: 499552K->17216K(503808K)] 901777K->430486K(1028096K), 0.0292071 secs] [Times: user=0.04 sys=0.04, real=0.03 secs] 
2021-06-05T01:04:37.097+0800: 1870428.749: [GC (Allocation Failure) [PSYoungGen: 500032K->18026K(503296K)] 913302K->441788K(1027584K), 0.0327657 secs] [Times: user=0.04 sys=0.05, real=0.03 secs] 
2021-06-05T01:08:52.689+0800: 1870684.341: [GC (Allocation Failure) [PSYoungGen: 500842K->18752K(503808K)] 924604K->452522K(1028096K), 0.0339052 secs] [Times: user=0.05 sys=0.04, real=0.04 secs] 
2021-06-05T01:13:07.019+0800: 1870938.671: [GC (Allocation Failure) [PSYoungGen: 502080K->19200K(502784K)] 935850K->463999K(1027072K), 0.0412510 secs] [Times: user=0.04 sys=0.05, real=0.04 secs] 
2021-06-05T01:17:21.504+0800: 1871193.156: [GC (Allocation Failure) [PSYoungGen: 502528K->18528K(503808K)] 947327K->473902K(1028096K), 0.0317142 secs] [Times: user=0.04 sys=0.04, real=0.03 secs] 
2021-06-05T01:21:28.446+0800: 1871440.098: [GC (Allocation Failure) [PSYoungGen: 501344K->19072K(503296K)] 956718K->484548K(1027584K), 0.0412273 secs] [Times: user=0.05 sys=0.06, real=0.04 secs] 
2021-06-05T01:25:39.023+0800: 1871690.675: [GC (Allocation Failure) [PSYoungGen: 501888K->20960K(493056K)] 967364K->498682K(1017344K), 0.0409732 secs] [Times: user=0.05 sys=0.06, real=0.04 secs] 
2021-06-05T01:29:43.495+0800: 1871935.147: [GC (Allocation Failure) [PSYoungGen: 493024K->16256K(498176K)] 970746K->506847K(1022464K), 0.0328991 secs] [Times: user=0.04 sys=0.04, real=0.03 secs] 
2021-06-05T01:33:52.089+0800: 1872183.741: [GC (Allocation Failure) [PSYoungGen: 488320K->17504K(498688K)] 978911K->518892K(1022976K), 0.0299598 secs] [Times: user=0.03 sys=0.04, real=0.03 secs] 
2021-06-05T01:38:04.472+0800: 1872436.124: [GC (Allocation Failure) [PSYoungGen: 490080K->18656K(498176K)] 991468K->530472K(1022464K), 0.0411681 secs] [Times: user=0.04 sys=0.04, real=0.04 secs] 
2021-06-05T01:38:04.514+0800: 1872436.166: [Full GC (Ergonomics) [PSYoungGen: 18656K->0K(498176K)] [ParOldGen: 511816K->314138K(524288K)] 530472K->314138K(1022464K), [Metaspace: 96999K->96999K(1138688K)], 0.4577743 secs] [Times: user=1.00 sys=0.00, real=0.45 secs] 
2021-06-05T01:42:11.652+0800: 1872683.304: [GC (Allocation Failure) [PSYoungGen: 472576K->18944K(499712K)] 786714K->333082K(1024000K), 0.0266640 secs] [Times: user=0.04 sys=0.04, real=0.03 secs] 
2021-06-05T01:46:19.563+0800: 1872931.215: [GC (Allocation Failure) [PSYoungGen: 493568K->16704K(499200K)] 807706K->343037K(1023488K), 0.0286733 secs] [Times: user=0.04 sys=0.04, real=0.02 secs] 
2021-06-05T01:50:26.369+0800: 1873178.021: [GC (Allocation Failure) [PSYoungGen: 491328K->17888K(500224K)] 817661K->354555K(1024512K), 0.0300916 secs] [Times: user=0.03 sys=0.05, real=0.03 secs] 
2021-06-05T01:54:33.346+0800: 1873424.998: [GC (Allocation Failure) [PSYoungGen: 493536K->23424K(499200K)] 830203K->370523K(1023488K), 0.0746844 secs] [Times: user=0.05 sys=0.05, real=0.07 secs] 
2021-06-05T01:58:36.635+0800: 1873668.287: [GC (Allocation Failure) [PSYoungGen: 499072K->18560K(499200K)] 846171K->377480K(1023488K), 0.0341825 secs] [Times: user=0.04 sys=0.04, real=0.03 secs] 
2021-06-05T02:02:43.452+0800: 1873915.104: [GC (Allocation Failure) [PSYoungGen: 492672K->16864K(499200K)] 851592K->387222K(1023488K), 0.0339299 secs] [Times: user=0.04 sys=0.04, real=0.03 secs] 
2021-06-05T02:06:49.476+0800: 1874161.128: [GC (Allocation Failure) [PSYoungGen: 490976K->19072K(500224K)] 861334K->400433K(1024512K), 0.0311168 secs] [Times: user=0.04 sys=0.04, real=0.03 secs] 
2021-06-05T02:10:53.469+0800: 1874405.121: [GC (Allocation Failure) [PSYoungGen: 494720K->18144K(499712K)] 876081K->409589K(1024000K), 0.0301643 secs] [Times: user=0.04 sys=0.04, real=0.03 secs] 
2021-06-05T02:15:00.026+0800: 1874651.678: [GC (Allocation Failure) [PSYoungGen: 493792K->20320K(500224K)] 885237K->422298K(1024512K), 0.0342478 secs] [Times: user=0.04 sys=0.04, real=0.03 secs] 
2021-06-05T02:19:05.476+0800: 1874897.128: [GC (Allocation Failure) [PSYoungGen: 496480K->19488K(500224K)] 898458K->433281K(1024512K), 0.0290704 secs] [Times: user=0.04 sys=0.04, real=0.03 secs] 
2021-06-05T02:23:12.921+0800: 1875144.573: [GC (Allocation Failure) [PSYoungGen: 495648K->20032K(500736K)] 909441K->445310K(1025024K), 0.0471528 secs] [Times: user=0.04 sys=0.04, real=0.05 secs] 
2021-06-05T02:27:21.110+0800: 1875392.762: [GC (Allocation Failure) [PSYoungGen: 497216K->20672K(500736K)] 922494K->456668K(1025024K), 0.0340688 secs] [Times: user=0.09 sys=0.00, real=0.04 secs] 
2021-06-05T02:31:31.331+0800: 1875642.983: [GC (Allocation Failure) [PSYoungGen: 497856K->15712K(499712K)] 933852K->463441K(1024000K), 0.0293277 secs] [Times: user=0.04 sys=0.04, real=0.03 secs] 
2021-06-05T02:35:38.057+0800: 1875889.709: [GC (Allocation Failure) [PSYoungGen: 491864K->20000K(500224K)] 939593K->478008K(1024512K), 0.0309671 secs] [Times: user=0.04 sys=0.04, real=0.03 secs] 
2021-06-05T02:39:47.892+0800: 1876139.544: [GC (Allocation Failure) [PSYoungGen: 496160K->19744K(500736K)] 954168K->489119K(1025024K), 0.0579756 secs] [Times: user=0.04 sys=0.04, real=0.06 secs] 
2021-06-05T02:43:54.319+0800: 1876385.971: [GC (Allocation Failure) [PSYoungGen: 496416K->20032K(500224K)] 965791K->501510K(1024512K), 0.0400855 secs] [Times: user=0.05 sys=0.05, real=0.04 secs] 
2021-06-05T02:48:02.563+0800: 1876634.215: [GC (Allocation Failure) [PSYoungGen: 496704K->17344K(500736K)] 978182K->509651K(1025024K), 0.0361883 secs] [Times: user=0.04 sys=0.05, real=0.03 secs] 
2021-06-05T02:52:09.255+0800: 1876880.907: [GC (Allocation Failure) [PSYoungGen: 494528K->20864K(500736K)] 986835K->523474K(1025024K), 0.0335754 secs] [Times: user=0.04 sys=0.04, real=0.03 secs] 
2021-06-05T02:56:18.273+0800: 1877129.926: [GC (Allocation Failure) [PSYoungGen: 498048K->18848K(500736K)] 1000658K->533007K(1025024K), 0.1050063 secs] [Times: user=0.04 sys=0.04, real=0.10 secs] 
2021-06-05T02:56:18.379+0800: 1877130.031: [Full GC (Ergonomics) [PSYoungGen: 18848K->0K(500736K)] [ParOldGen: 514159K->314473K(524288K)] 533007K->314473K(1025024K), [Metaspace: 96999K->96999K(1138688K)], 0.4762199 secs] [Times: user=0.45 sys=0.44, real=0.48 secs] 
2021-06-05T03:00:24.541+0800: 1877376.193: [GC (Allocation Failure) [PSYoungGen: 477184K->20096K(500736K)] 791657K->334569K(1025024K), 0.0376210 secs] [Times: user=0.03 sys=0.03, real=0.04 secs] 
2021-06-05T03:04:32.629+0800: 1877624.281: [GC (Allocation Failure) [PSYoungGen: 497280K->18848K(501248K)] 811753K->343677K(1025536K), 0.0399687 secs] [Times: user=0.04 sys=0.05, real=0.04 secs] 
2021-06-05T03:08:40.339+0800: 1877871.991: [GC (Allocation Failure) [PSYoungGen: 496544K->19744K(500736K)] 821373K->355067K(1025024K), 0.0306345 secs] [Times: user=0.04 sys=0.04, real=0.03 secs] 
2021-06-05T03:12:47.385+0800: 1878119.037: [GC (Allocation Failure) [PSYoungGen: 497440K->21696K(500224K)] 832763K->367784K(1024512K), 0.0346210 secs] [Times: user=0.04 sys=0.04, real=0.03 secs] 
2021-06-05T03:16:56.019+0800: 1878367.671: [GC (Allocation Failure) [PSYoungGen: 498880K->17216K(500736K)] 844968K->375750K(1025024K), 0.0303658 secs] [Times: user=0.03 sys=0.04, real=0.03 secs] 
2021-06-05T03:21:07.895+0800: 1878619.547: [GC (Allocation Failure) [PSYoungGen: 494400K->15136K(500736K)] 852934K->384019K(1025024K), 0.0307526 secs] [Times: user=0.04 sys=0.04, real=0.03 secs] 
2021-06-05T03:25:15.967+0800: 1878867.619: [GC (Allocation Failure) [PSYoungGen: 492320K->18624K(500736K)] 861203K->398199K(1025024K), 0.0339318 secs] [Times: user=0.04 sys=0.05, real=0.03 secs] 
2021-06-05T03:29:23.059+0800: 1879114.711: [GC (Allocation Failure) [PSYoungGen: 495808K->20864K(500736K)] 875383K->412077K(1025024K), 0.0326496 secs] [Times: user=0.04 sys=0.04, real=0.03 secs] 
2021-06-05T03:33:32.133+0800: 1879363.785: [GC (Allocation Failure) [PSYoungGen: 498048K->17472K(500736K)] 889261K->421412K(1025024K), 0.0316352 secs] [Times: user=0.04 sys=0.04, real=0.03 secs] 
2021-06-05T03:37:37.933+0800: 1879609.585: [GC (Allocation Failure) [PSYoungGen: 494656K->19584K(500736K)] 898596K->433658K(1025024K), 0.0315941 secs] [Times: user=0.04 sys=0.04, real=0.03 secs] 
2021-06-05T03:41:45.868+0800: 1879857.520: [GC (Allocation Failure) [PSYoungGen: 496768K->20864K(500736K)] 910842K->444520K(1025024K), 0.0403621 secs] [Times: user=0.04 sys=0.04, real=0.04 secs] 
2021-06-05T03:45:54.436+0800: 1880106.088: [GC (Allocation Failure) [PSYoungGen: 498048K->17760K(500736K)] 921704K->453549K(1025024K), 0.0838874 secs] [Times: user=0.04 sys=0.04, real=0.08 secs] 
2021-06-05T03:50:00.446+0800: 1880352.098: [GC (Allocation Failure) [PSYoungGen: 494944K->19872K(500736K)] 930733K->466644K(1025024K), 0.0492165 secs] [Times: user=0.04 sys=0.04, real=0.05 secs] 
2021-06-05T03:54:09.209+0800: 1880600.861: [GC (Allocation Failure) [PSYoungGen: 497056K->20288K(500736K)] 943828K->478666K(1025024K), 0.0339892 secs] [Times: user=0.04 sys=0.04, real=0.04 secs] 
2021-06-05T03:58:16.428+0800: 1880848.081: [GC (Allocation Failure) [PSYoungGen: 497472K->19168K(500736K)] 955850K->488857K(1025024K), 0.0382545 secs] [Times: user=0.05 sys=0.05, real=0.04 secs] 
2021-06-05T04:02:24.155+0800: 1881095.807: [GC (Allocation Failure) [PSYoungGen: 496352K->18016K(501248K)] 966041K->498903K(1025536K), 0.0333649 secs] [Times: user=0.05 sys=0.04, real=0.03 secs] 
2021-06-05T04:06:30.856+0800: 1881342.508: [GC (Allocation Failure) [PSYoungGen: 496224K->18816K(501248K)] 977111K->509758K(1025536K), 0.0359965 secs] [Times: user=0.04 sys=0.04, real=0.04 secs] 
2021-06-05T04:10:38.288+0800: 1881589.940: [GC (Allocation Failure) [PSYoungGen: 497024K->19744K(501760K)] 987966K->521619K(1026048K), 0.0345636 secs] [Times: user=0.09 sys=0.00, real=0.04 secs] 
2021-06-05T04:14:49.130+0800: 1881840.782: [GC (Allocation Failure) [PSYoungGen: 498976K->18688K(501760K)] 1000851K->533448K(1026048K), 0.0339123 secs] [Times: user=0.04 sys=0.05, real=0.04 secs] 
2021-06-05T04:14:49.165+0800: 1881840.817: [Full GC (Ergonomics) [PSYoungGen: 18688K->0K(501760K)] [ParOldGen: 514760K->315571K(524288K)] 533448K->315571K(1026048K), [Metaspace: 96999K->96999K(1138688K)], 0.4360674 secs] [Times: user=0.49 sys=0.48, real=0.43 secs] 
2021-06-05T04:19:00.002+0800: 1882091.654: [GC (Allocation Failure) [PSYoungGen: 479232K->19648K(502272K)] 794803K->335219K(1026560K), 0.0709919 secs] [Times: user=0.04 sys=0.04, real=0.08 secs] 
2021-06-05T04:23:11.559+0800: 1882343.211: [GC (Allocation Failure) [PSYoungGen: 499904K->18144K(502272K)] 815475K->344543K(1026560K), 0.0338937 secs] [Times: user=0.05 sys=0.04, real=0.04 secs] 
2021-06-05T04:27:26.177+0800: 1882597.829: [GC (Allocation Failure) [PSYoungGen: 498400K->17664K(502272K)] 824799K->355085K(1026560K), 0.0325161 secs] [Times: user=0.04 sys=0.04, real=0.03 secs] 
2021-06-05T04:31:35.277+0800: 1882846.929: [GC (Allocation Failure) [PSYoungGen: 497920K->18432K(502272K)] 835341K->365794K(1026560K), 0.0889384 secs] [Times: user=0.04 sys=0.04, real=0.09 secs] 
2021-06-05T04:35:47.891+0800: 1883099.543: [GC (Allocation Failure) [PSYoungGen: 498688K->17376K(502272K)] 846050K->377416K(1026560K), 0.0496979 secs] [Times: user=0.04 sys=0.04, real=0.05 secs] 
2021-06-05T04:39:54.903+0800: 1883346.555: [GC (Allocation Failure) [PSYoungGen: 497632K->18464K(502272K)] 857672K->390326K(1026560K), 0.0330874 secs] [Times: user=0.04 sys=0.04, real=0.03 secs] 
2021-06-05T04:44:06.877+0800: 1883598.529: [GC (Allocation Failure) [PSYoungGen: 498720K->19264K(502784K)] 870582K->401035K(1027072K), 0.0312341 secs] [Times: user=0.03 sys=0.05, real=0.03 secs] 
2021-06-05T04:48:19.170+0800: 1883850.822: [GC (Allocation Failure) [PSYoungGen: 500544K->19104K(502784K)] 882315K->411673K(1027072K), 0.0318326 secs] [Times: user=0.04 sys=0.03, real=0.03 secs] 
2021-06-05T04:52:29.708+0800: 1884101.360: [GC (Allocation Failure) [PSYoungGen: 500384K->17760K(502784K)] 892953K->420671K(1027072K), 0.0336998 secs] [Times: user=0.04 sys=0.04, real=0.03 secs] 
2021-06-05T04:56:36.741+0800: 1884348.393: [GC (Allocation Failure) [PSYoungGen: 499040K->19200K(502784K)] 901951K->433716K(1027072K), 0.0295380 secs] [Times: user=0.04 sys=0.04, real=0.03 secs] 
2021-06-05T05:00:42.832+0800: 1884594.484: [GC (Allocation Failure) [PSYoungGen: 500480K->20704K(501760K)] 914996K->446378K(1026048K), 0.0490624 secs] [Times: user=0.06 sys=0.06, real=0.05 secs] 
2021-06-05T05:04:51.220+0800: 1884842.872: [GC (Allocation Failure) [PSYoungGen: 500960K->18368K(502272K)] 926634K->454545K(1026560K), 0.0383554 secs] [Times: user=0.04 sys=0.05, real=0.04 secs] 
2021-06-05T05:09:01.290+0800: 1885092.942: [GC (Allocation Failure) [PSYoungGen: 498624K->17568K(502784K)] 934801K->463559K(1027072K), 0.0402976 secs] [Times: user=0.04 sys=0.05, real=0.04 secs] 
2021-06-05T05:13:09.709+0800: 1885341.361: [GC (Allocation Failure) [PSYoungGen: 498848K->21376K(502784K)] 944839K->477622K(1027072K), 0.0372388 secs] [Times: user=0.05 sys=0.05, real=0.04 secs] 
2021-06-05T05:17:19.740+0800: 1885591.392: [GC (Allocation Failure) [PSYoungGen: 502656K->16544K(500736K)] 958902K->484484K(1025024K), 0.0279491 secs] [Times: user=0.03 sys=0.03, real=0.03 secs] 
2021-06-05T05:21:24.800+0800: 1885836.452: [GC (Allocation Failure) [PSYoungGen: 495776K->18784K(501760K)] 963716K->496402K(1026048K), 0.0336994 secs] [Times: user=0.08 sys=0.00, real=0.04 secs] 
2021-06-05T05:25:31.357+0800: 1886083.009: [GC (Allocation Failure) [PSYoungGen: 498016K->19616K(502272K)] 975634K->508824K(1026560K), 0.0770640 secs] [Times: user=0.05 sys=0.04, real=0.08 secs] 
2021-06-05T05:29:42.720+0800: 1886334.372: [GC (Allocation Failure) [PSYoungGen: 499872K->21984K(502272K)] 989080K->523415K(1026560K), 0.0396545 secs] [Times: user=0.04 sys=0.05, real=0.04 secs] 
2021-06-05T05:33:50.704+0800: 1886582.356: [GC (Allocation Failure) [PSYoungGen: 502240K->17760K(492032K)] 1003671K->530118K(1016320K), 0.0349711 secs] [Times: user=0.04 sys=0.04, real=0.03 secs] 
2021-06-05T05:33:50.740+0800: 1886582.392: [Full GC (Ergonomics) [PSYoungGen: 17760K->0K(492032K)] [ParOldGen: 512358K->309118K(524288K)] 530118K->309118K(1016320K), [Metaspace: 96999K->96999K(1138688K)], 0.5004488 secs] [Times: user=1.04 sys=0.00, real=0.50 secs] 
2021-06-05T05:37:51.962+0800: 1886823.614: [GC (Allocation Failure) [PSYoungGen: 470016K->21696K(497152K)] 779134K->330814K(1021440K), 0.0227467 secs] [Times: user=0.06 sys=0.00, real=0.02 secs] 
2021-06-05T05:41:57.328+0800: 1887068.980: [GC (Allocation Failure) [PSYoungGen: 491712K->17408K(497152K)] 800830K->340394K(1021440K), 0.0271273 secs] [Times: user=0.04 sys=0.03, real=0.03 secs] 
2021-06-05T05:46:02.931+0800: 1887314.583: [GC (Allocation Failure) [PSYoungGen: 487424K->15200K(497152K)] 810410K->349063K(1021440K), 0.0301564 secs] [Times: user=0.04 sys=0.03, real=0.03 secs] 
2021-06-05T05:50:09.215+0800: 1887560.868: [GC (Allocation Failure) [PSYoungGen: 485216K->15360K(497152K)] 819079K->359764K(1021440K), 0.0348204 secs] [Times: user=0.04 sys=0.05, real=0.03 secs] 
2021-06-05T05:54:15.516+0800: 1887807.168: [GC (Allocation Failure) [PSYoungGen: 485376K->18688K(497152K)] 829780K->372227K(1021440K), 0.0334538 secs] [Times: user=0.05 sys=0.04, real=0.03 secs] 
2021-06-05T05:58:20.847+0800: 1888052.499: [GC (Allocation Failure) [PSYoungGen: 488704K->16480K(498176K)] 842243K->380975K(1022464K), 0.0301696 secs] [Times: user=0.04 sys=0.04, real=0.03 secs] 
2021-06-05T06:02:27.854+0800: 1888299.506: [GC (Allocation Failure) [PSYoungGen: 488032K->18144K(497664K)] 852527K->392973K(1021952K), 0.0358267 secs] [Times: user=0.03 sys=0.04, real=0.03 secs] 
2021-06-05T06:06:33.734+0800: 1888545.386: [GC (Allocation Failure) [PSYoungGen: 489696K->16672K(499200K)] 864525K->401673K(1023488K), 0.0328501 secs] [Times: user=0.04 sys=0.04, real=0.03 secs] 
2021-06-05T06:10:40.194+0800: 1888791.846: [GC (Allocation Failure) [PSYoungGen: 490272K->18656K(498688K)] 875273K->414637K(1022976K), 0.0365469 secs] [Times: user=0.05 sys=0.05, real=0.03 secs] 
2021-06-05T06:14:45.923+0800: 1889037.575: [GC (Allocation Failure) [PSYoungGen: 492256K->18144K(500224K)] 888237K->425348K(1024512K), 0.0339307 secs] [Times: user=0.04 sys=0.05, real=0.03 secs] 
2021-06-05T06:18:51.908+0800: 1889283.560: [GC (Allocation Failure) [PSYoungGen: 493792K->20960K(499712K)] 900996K->438788K(1024000K), 0.0415658 secs] [Times: user=0.05 sys=0.05, real=0.04 secs] 
2021-06-05T06:22:58.182+0800: 1889529.834: [GC (Allocation Failure) [PSYoungGen: 496608K->20832K(499712K)] 914436K->450145K(1024000K), 0.0414807 secs] [Times: user=0.05 sys=0.05, real=0.04 secs] 
2021-06-05T06:27:03.451+0800: 1889775.103: [GC (Allocation Failure) [PSYoungGen: 495968K->22240K(497664K)] 925281K->462504K(1021952K), 0.0318240 secs] [Times: user=0.03 sys=0.04, real=0.04 secs] 
2021-06-05T06:31:07.962+0800: 1890019.614: [GC (Allocation Failure) [PSYoungGen: 497376K->21760K(498688K)] 937640K->473454K(1022976K), 0.0320995 secs] [Times: user=0.04 sys=0.04, real=0.04 secs] 
2021-06-05T06:35:18.056+0800: 1890269.708: [GC (Allocation Failure) [PSYoungGen: 494848K->19584K(498688K)] 946542K->482830K(1022976K), 0.0425780 secs] [Times: user=0.04 sys=0.03, real=0.04 secs] 
2021-06-05T06:39:24.141+0800: 1890515.793: [GC (Allocation Failure) [PSYoungGen: 492672K->16320K(499200K)] 955918K->492226K(1023488K), 0.0281713 secs] [Times: user=0.04 sys=0.04, real=0.03 secs] 
2021-06-05T06:43:34.776+0800: 1890766.428: [GC (Allocation Failure) [PSYoungGen: 490432K->19168K(499200K)] 966338K->504951K(1023488K), 0.0307813 secs] [Times: user=0.04 sys=0.04, real=0.03 secs] 
2021-06-05T06:47:40.403+0800: 1891012.055: [GC (Allocation Failure) [PSYoungGen: 493280K->21120K(499712K)] 979063K->517638K(1024000K), 0.0412468 secs] [Times: user=0.06 sys=0.06, real=0.04 secs] 
2021-06-05T06:51:49.489+0800: 1891261.142: [GC (Allocation Failure) [PSYoungGen: 496256K->19840K(499712K)] 992774K->528182K(1024000K), 0.0350571 secs] [Times: user=0.05 sys=0.04, real=0.04 secs] 
2021-06-05T06:55:52.429+0800: 1891504.081: [GC (Allocation Failure) [PSYoungGen: 494976K->19200K(500224K)] 1003318K->539276K(1024512K), 0.0356450 secs] [Times: user=0.04 sys=0.04, real=0.04 secs] 
2021-06-05T06:55:52.465+0800: 1891504.117: [Full GC (Ergonomics) [PSYoungGen: 19200K->0K(500224K)] [ParOldGen: 520076K->321130K(524288K)] 539276K->321130K(1024512K), [Metaspace: 96999K->96999K(1138688K)], 0.4505600 secs] [Times: user=1.00 sys=0.00, real=0.45 secs] 
2021-06-05T06:59:58.602+0800: 1891750.255: [GC (Allocation Failure) [PSYoungGen: 475648K->21440K(499712K)] 796778K->342570K(1024000K), 0.0835176 secs] [Times: user=0.04 sys=0.04, real=0.08 secs] 
2021-06-05T07:03:53.991+0800: 1891985.644: [GC (Allocation Failure) [PSYoungGen: 497088K->20330K(500224K)] 818218K->355952K(1024512K), 0.0376888 secs] [Times: user=0.04 sys=0.05, real=0.04 secs] 
2021-06-05T07:08:04.040+0800: 1892235.692: [GC (Allocation Failure) [PSYoungGen: 496490K->16928K(500224K)] 832112K->365277K(1024512K), 0.0620403 secs] [Times: user=0.04 sys=0.04, real=0.06 secs] 
2021-06-05T07:12:13.795+0800: 1892485.447: [GC (Allocation Failure) [PSYoungGen: 493088K->17920K(500224K)] 841437K->377834K(1024512K), 0.0888371 secs] [Times: user=0.05 sys=0.04, real=0.09 secs] 
2021-06-05T07:16:19.262+0800: 1892730.914: [GC (Allocation Failure) [PSYoungGen: 494080K->19552K(500224K)] 853994K->389105K(1024512K), 0.0420890 secs] [Times: user=0.04 sys=0.05, real=0.05 secs] 
2021-06-05T07:20:24.719+0800: 1892976.371: [GC (Allocation Failure) [PSYoungGen: 495712K->20096K(500736K)] 865265K->399823K(1025024K), 0.0406024 secs] [Times: user=0.05 sys=0.04, real=0.04 secs] 
2021-06-05T07:24:32.961+0800: 1893224.613: [GC (Allocation Failure) [PSYoungGen: 497280K->21152K(500736K)] 877007K->412471K(1025024K), 0.0370154 secs] [Times: user=0.05 sys=0.05, real=0.04 secs] 
2021-06-05T07:28:40.402+0800: 1893472.055: [GC (Allocation Failure) [PSYoungGen: 498336K->20768K(499712K)] 889655K->423918K(1024000K), 0.0349665 secs] [Times: user=0.05 sys=0.04, real=0.03 secs] 
2021-06-05T07:32:44.556+0800: 1893716.208: [GC (Allocation Failure) [PSYoungGen: 496928K->18944K(500224K)] 900078K->433532K(1024512K), 0.0388129 secs] [Times: user=0.05 sys=0.05, real=0.04 secs] 
2021-06-05T07:36:52.092+0800: 1893963.744: [GC (Allocation Failure) [PSYoungGen: 495104K->22112K(499712K)] 909692K->448346K(1024000K), 0.0429983 secs] [Times: user=0.05 sys=0.05, real=0.04 secs] 
2021-06-05T07:40:59.847+0800: 1894211.499: [GC (Allocation Failure) [PSYoungGen: 498272K->18624K(500224K)] 924506K->456744K(1024512K), 0.0508586 secs] [Times: user=0.06 sys=0.06, real=0.05 secs] 
2021-06-05T07:45:05.378+0800: 1894457.030: [GC (Allocation Failure) [PSYoungGen: 494784K->17728K(500224K)] 932904K->467549K(1024512K), 0.0321442 secs] [Times: user=0.05 sys=0.04, real=0.03 secs] 
2021-06-05T07:49:08.094+0800: 1894699.746: [GC (Allocation Failure) [PSYoungGen: 493888K->18048K(500224K)] 943709K->477778K(1024512K), 0.0316761 secs] [Times: user=0.09 sys=0.00, real=0.03 secs] 
2021-06-05T07:53:14.728+0800: 1894946.380: [GC (Allocation Failure) [PSYoungGen: 494208K->18752K(500736K)] 953938K->488320K(1025024K), 0.0578131 secs] [Times: user=0.04 sys=0.04, real=0.06 secs] 
2021-06-05T07:57:22.522+0800: 1895194.174: [GC (Allocation Failure) [PSYoungGen: 495936K->19648K(500736K)] 965504K->499166K(1025024K), 0.0356472 secs] [Times: user=0.04 sys=0.04, real=0.04 secs] 
2021-06-05T08:01:30.916+0800: 1895442.568: [GC (Allocation Failure) [PSYoungGen: 496832K->17952K(501248K)] 976350K->509451K(1025536K), 0.0380463 secs] [Times: user=0.05 sys=0.05, real=0.04 secs] 
2021-06-05T08:05:36.728+0800: 1895688.380: [GC (Allocation Failure) [PSYoungGen: 496160K->17536K(501248K)] 987659K->519416K(1025536K), 0.0314203 secs] [Times: user=0.04 sys=0.04, real=0.03 secs] 
2021-06-05T08:09:46.536+0800: 1895938.188: [GC (Allocation Failure) [PSYoungGen: 495744K->20480K(501248K)] 997624K->532054K(1025536K), 0.0367721 secs] [Times: user=0.05 sys=0.04, real=0.04 secs] 
2021-06-05T08:09:46.573+0800: 1895938.225: [Full GC (Ergonomics) [PSYoungGen: 20480K->0K(501248K)] [ParOldGen: 511574K->306639K(524288K)] 532054K->306639K(1025536K), [Metaspace: 96999K->96999K(1138688K)], 0.4696194 secs] [Times: user=0.50 sys=0.50, real=0.47 secs] 
2021-06-05T08:13:55.967+0800: 1896187.619: [GC (Allocation Failure) [PSYoungGen: 478208K->19488K(501248K)] 784847K->326127K(1025536K), 0.0310430 secs] [Times: user=0.04 sys=0.04, real=0.03 secs] 
2021-06-05T08:18:01.841+0800: 1896433.493: [GC (Allocation Failure) [PSYoungGen: 497696K->18752K(501760K)] 804335K->337979K(1026048K), 0.0314435 secs] [Times: user=0.04 sys=0.05, real=0.04 secs] 
2021-06-05T08:22:09.408+0800: 1896681.060: [GC (Allocation Failure) [PSYoungGen: 497472K->15200K(501248K)] 816699K->346287K(1025536K), 0.0287757 secs] [Times: user=0.04 sys=0.05, real=0.03 secs] 
2021-06-05T08:26:18.202+0800: 1896929.854: [GC (Allocation Failure) [PSYoungGen: 493920K->17920K(501760K)] 825007K->359325K(1026048K), 0.0301608 secs] [Times: user=0.04 sys=0.04, real=0.03 secs] 
2021-06-05T08:30:28.295+0800: 1897179.947: [GC (Allocation Failure) [PSYoungGen: 496640K->15008K(501248K)] 838045K->368232K(1025536K), 0.0337478 secs] [Times: user=0.09 sys=0.00, real=0.03 secs] 
2021-06-05T08:34:32.432+0800: 1897424.084: [GC (Allocation Failure) [PSYoungGen: 493728K->18720K(501760K)] 846952K->382702K(1026048K), 0.0329000 secs] [Times: user=0.04 sys=0.04, real=0.04 secs] 
2021-06-05T08:38:44.016+0800: 1897675.668: [GC (Allocation Failure) [PSYoungGen: 497440K->15456K(501248K)] 861422K->391171K(1025536K), 0.0311549 secs] [Times: user=0.04 sys=0.04, real=0.03 secs] 
2021-06-05T08:42:50.499+0800: 1897922.151: [GC (Allocation Failure) [PSYoungGen: 494171K->19232K(501760K)] 869887K->404144K(1026048K), 0.0387384 secs] [Times: user=0.04 sys=0.05, real=0.04 secs] 
2021-06-05T08:47:00.083+0800: 1898171.735: [GC (Allocation Failure) [PSYoungGen: 498464K->16512K(501760K)] 883376K->412517K(1026048K), 0.0292796 secs] [Times: user=0.04 sys=0.04, real=0.03 secs] 
2021-06-05T08:51:07.601+0800: 1898419.253: [GC (Allocation Failure) [PSYoungGen: 495744K->20480K(500736K)] 891749K->427035K(1025024K), 0.0381149 secs] [Times: user=0.05 sys=0.05, real=0.04 secs] 
2021-06-05T08:55:15.403+0800: 1898667.055: [GC (Allocation Failure) [PSYoungGen: 498688K->19424K(501248K)] 905243K->436994K(1025536K), 0.0982622 secs] [Times: user=0.04 sys=0.05, real=0.09 secs] 
2021-06-05T08:59:21.363+0800: 1898913.016: [GC (Allocation Failure) [PSYoungGen: 497632K->20224K(500224K)] 915202K->448824K(1024512K), 0.0389316 secs] [Times: user=0.05 sys=0.05, real=0.04 secs] 
2021-06-05T09:03:29.426+0800: 1899161.078: [GC (Allocation Failure) [PSYoungGen: 497408K->18944K(500736K)] 926008K->459772K(1025024K), 0.0324289 secs] [Times: user=0.04 sys=0.04, real=0.03 secs] 
2021-06-05T09:07:38.074+0800: 1899409.726: [GC (Allocation Failure) [PSYoungGen: 496128K->18976K(501760K)] 936956K->468722K(1026048K), 0.0336129 secs] [Times: user=0.05 sys=0.05, real=0.03 secs] 
2021-06-05T09:11:45.623+0800: 1899657.275: [GC (Allocation Failure) [PSYoungGen: 497696K->17664K(501248K)] 947442K->478759K(1025536K), 0.0751357 secs] [Times: user=0.05 sys=0.05, real=0.07 secs] 
2021-06-05T09:15:50.543+0800: 1899902.195: [GC (Allocation Failure) [PSYoungGen: 496348K->19072K(501760K)] 957443K->490205K(1026048K), 0.0354162 secs] [Times: user=0.05 sys=0.05, real=0.03 secs] 
2021-06-05T09:19:57.851+0800: 1900149.503: [GC (Allocation Failure) [PSYoungGen: 498304K->19008K(501760K)] 969437K->501379K(1026048K), 0.0403878 secs] [Times: user=0.04 sys=0.05, real=0.04 secs] 
2021-06-05T09:24:10.211+0800: 1900401.863: [GC (Allocation Failure) [PSYoungGen: 498240K->17280K(502272K)] 980611K->509360K(1026560K), 0.0384227 secs] [Times: user=0.05 sys=0.05, real=0.04 secs] 
2021-06-05T09:28:21.627+0800: 1900653.279: [GC (Allocation Failure) [PSYoungGen: 497536K->21984K(502272K)] 989616K->523358K(1026560K), 0.0371195 secs] [Times: user=0.04 sys=0.04, real=0.04 secs] 
2021-06-05T09:32:29.778+0800: 1900901.430: [GC (Allocation Failure) [PSYoungGen: 502240K->19680K(495104K)] 1003614K->533212K(1019392K), 0.0402474 secs] [Times: user=0.05 sys=0.04, real=0.04 secs] 
2021-06-05T09:32:29.819+0800: 1900901.471: [Full GC (Ergonomics) [PSYoungGen: 19680K->0K(495104K)] [ParOldGen: 513532K->317746K(524288K)] 533212K->317746K(1019392K), [Metaspace: 96999K->96999K(1138688K)], 0.5554435 secs] [Times: user=1.22 sys=0.00, real=0.56 secs] 
2021-06-05T09:36:33.980+0800: 1901145.632: [GC (Allocation Failure) [PSYoungGen: 473088K->19392K(498688K)] 790834K->337138K(1022976K), 0.0276276 secs] [Times: user=0.04 sys=0.03, real=0.03 secs] 
2021-06-05T09:40:39.954+0800: 1901391.606: [GC (Allocation Failure) [PSYoungGen: 492480K->16288K(498176K)] 810226K->348123K(1022464K), 0.0345392 secs] [Times: user=0.04 sys=0.05, real=0.03 secs] 
2021-06-05T09:44:47.433+0800: 1901639.085: [GC (Allocation Failure) [PSYoungGen: 489376K->17984K(498688K)] 821211K->360314K(1022976K), 0.0305387 secs] [Times: user=0.03 sys=0.04, real=0.03 secs] 
2021-06-05T09:48:55.475+0800: 1901887.127: [GC (Allocation Failure) [PSYoungGen: 491072K->17600K(499712K)] 833402K->371207K(1024000K), 0.0344029 secs] [Times: user=0.04 sys=0.05, real=0.03 secs] 
2021-06-05T09:53:02.516+0800: 1902134.168: [GC (Allocation Failure) [PSYoungGen: 492224K->18560K(499200K)] 845831K->381828K(1023488K), 0.0927804 secs] [Times: user=0.04 sys=0.04, real=0.09 secs] 
2021-06-05T09:57:08.743+0800: 1902380.395: [GC (Allocation Failure) [PSYoungGen: 493184K->18688K(500224K)] 856452K->391913K(1024512K), 0.0464373 secs] [Times: user=0.04 sys=0.05, real=0.04 secs] 
2021-06-05T10:01:13.586+0800: 1902625.238: [GC (Allocation Failure) [PSYoungGen: 494848K->19360K(500224K)] 868073K->402928K(1024512K), 0.0358042 secs] [Times: user=0.04 sys=0.04, real=0.03 secs] 
2021-06-05T10:05:22.151+0800: 1902873.803: [GC (Allocation Failure) [PSYoungGen: 495520K->17568K(500736K)] 879088K->412460K(1025024K), 0.0373785 secs] [Times: user=0.04 sys=0.04, real=0.04 secs] 
2021-06-05T10:09:25.595+0800: 1903117.247: [GC (Allocation Failure) [PSYoungGen: 494752K->19232K(500736K)] 889644K->424897K(1025024K), 0.0412071 secs] [Times: user=0.04 sys=0.05, real=0.04 secs] 
2021-06-05T10:13:32.383+0800: 1903364.035: [GC (Allocation Failure) [PSYoungGen: 496416K->17184K(501248K)] 902081K->432007K(1025536K), 0.0320541 secs] [Times: user=0.04 sys=0.04, real=0.03 secs] 
2021-06-05T10:17:40.196+0800: 1903611.848: [GC (Allocation Failure) [PSYoungGen: 495392K->17952K(501248K)] 910215K->443349K(1025536K), 0.0384702 secs] [Times: user=0.05 sys=0.05, real=0.04 secs] 
2021-06-05T10:21:48.235+0800: 1903859.887: [GC (Allocation Failure) [PSYoungGen: 496160K->20576K(500736K)] 921557K->457659K(1025024K), 0.0739271 secs] [Times: user=0.05 sys=0.05, real=0.07 secs] 
2021-06-05T10:25:57.082+0800: 1904108.734: [GC (Allocation Failure) [PSYoungGen: 498784K->19936K(501248K)] 935867K->469192K(1025536K), 0.0315057 secs] [Times: user=0.04 sys=0.04, real=0.04 secs] 
2021-06-05T10:30:03.752+0800: 1904355.404: [GC (Allocation Failure) [PSYoungGen: 498144K->18592K(501760K)] 947400K->480493K(1026048K), 0.0402425 secs] [Times: user=0.04 sys=0.04, real=0.05 secs] 
2021-06-05T10:34:13.328+0800: 1904604.980: [GC (Allocation Failure) [PSYoungGen: 497312K->17408K(501248K)] 959213K->490523K(1025536K), 0.0891739 secs] [Times: user=0.06 sys=0.06, real=0.09 secs] 
2021-06-05T10:38:19.719+0800: 1904851.371: [GC (Allocation Failure) [PSYoungGen: 496128K->18784K(502272K)] 969243K->502312K(1026560K), 0.0320628 secs] [Times: user=0.04 sys=0.05, real=0.03 secs] 
2021-06-05T10:42:27.180+0800: 1905098.832: [GC (Allocation Failure) [PSYoungGen: 498528K->19904K(501760K)] 982056K->515797K(1026048K), 0.0815973 secs] [Times: user=0.04 sys=0.04, real=0.08 secs] 
2021-06-05T10:46:35.758+0800: 1905347.410: [GC (Allocation Failure) [PSYoungGen: 499648K->18688K(502272K)] 995541K->525363K(1026560K), 0.0340231 secs] [Times: user=0.04 sys=0.04, real=0.04 secs] 
2021-06-05T10:50:43.759+0800: 1905595.411: [GC (Allocation Failure) [PSYoungGen: 498432K->17792K(501760K)] 1005107K->535783K(1026048K), 0.0600443 secs] [Times: user=0.05 sys=0.05, real=0.06 secs] 
2021-06-05T10:50:43.820+0800: 1905595.472: [Full GC (Ergonomics) [PSYoungGen: 17792K->0K(501760K)] [ParOldGen: 517991K->314079K(524288K)] 535783K->314079K(1026048K), [Metaspace: 96999K->96999K(1138688K)], 0.4883945 secs] [Times: user=1.09 sys=0.00, real=0.49 secs] 
2021-06-05T10:54:58.739+0800: 1905850.391: [GC (Allocation Failure) [PSYoungGen: 479744K->17664K(502272K)] 793823K->331743K(1026560K), 0.0413209 secs] [Times: user=0.03 sys=0.04, real=0.04 secs] 
2021-06-05T10:59:09.063+0800: 1906100.715: [GC (Allocation Failure) [PSYoungGen: 497920K->18304K(502272K)] 811999K->344371K(1026560K), 0.0298240 secs] [Times: user=0.04 sys=0.04, real=0.03 secs] 
2021-06-05T11:03:20.478+0800: 1906352.130: [GC (Allocation Failure) [PSYoungGen: 498560K->18656K(502784K)] 824627K->357297K(1027072K), 0.0290443 secs] [Times: user=0.04 sys=0.04, real=0.03 secs] 
2021-06-05T11:07:30.520+0800: 1906602.172: [GC (Allocation Failure) [PSYoungGen: 499936K->20544K(502272K)] 838577K->371288K(1026560K), 0.0298046 secs] [Times: user=0.04 sys=0.04, real=0.03 secs] 
2021-06-05T11:11:37.863+0800: 1906849.515: [GC (Allocation Failure) [PSYoungGen: 501824K->16704K(502272K)] 852568K->379364K(1026560K), 0.0277719 secs] [Times: user=0.03 sys=0.03, real=0.02 secs] 
2021-06-05T11:15:49.732+0800: 1907101.384: [GC (Allocation Failure) [PSYoungGen: 496960K->18880K(502272K)] 859620K->393689K(1026560K), 0.0377155 secs] [Times: user=0.04 sys=0.04, real=0.04 secs] 
2021-06-05T11:19:57.689+0800: 1907349.341: [GC (Allocation Failure) [PSYoungGen: 499136K->19136K(502784K)] 873945K->404919K(1027072K), 0.0694857 secs] [Times: user=0.04 sys=0.04, real=0.07 secs] 
2021-06-05T11:24:10.314+0800: 1907601.966: [GC (Allocation Failure) [PSYoungGen: 500416K->18784K(502784K)] 886199K->415581K(1027072K), 0.0333458 secs] [Times: user=0.04 sys=0.04, real=0.03 secs] 
2021-06-05T11:28:19.411+0800: 1907851.063: [GC (Allocation Failure) [PSYoungGen: 500064K->21472K(493568K)] 896861K->429235K(1017856K), 0.0749957 secs] [Times: user=0.04 sys=0.05, real=0.08 secs] 
2021-06-05T11:32:24.643+0800: 1908096.295: [GC (Allocation Failure) [PSYoungGen: 493536K->18944K(498176K)] 901299K->438161K(1022464K), 0.0382817 secs] [Times: user=0.04 sys=0.05, real=0.03 secs] 
2021-06-05T11:36:27.771+0800: 1908339.423: [GC (Allocation Failure) [PSYoungGen: 491008K->19584K(499200K)] 910225K->448568K(1023488K), 0.0320749 secs] [Times: user=0.03 sys=0.04, real=0.04 secs] 
2021-06-05T11:40:31.550+0800: 1908583.202: [GC (Allocation Failure) [PSYoungGen: 493184K->20672K(498688K)] 922168K->460878K(1022976K), 0.0325195 secs] [Times: user=0.04 sys=0.04, real=0.04 secs] 
2021-06-05T11:44:33.422+0800: 1908825.074: [GC (Allocation Failure) [PSYoungGen: 494272K->18208K(499200K)] 934478K->470995K(1023488K), 0.0345927 secs] [Times: user=0.04 sys=0.05, real=0.04 secs] 
2021-06-05T11:48:40.710+0800: 1909072.362: [GC (Allocation Failure) [PSYoungGen: 492320K->19392K(499200K)] 945107K->483339K(1023488K), 0.0319146 secs] [Times: user=0.04 sys=0.04, real=0.04 secs] 
2021-06-05T11:52:47.497+0800: 1909319.149: [GC (Allocation Failure) [PSYoungGen: 493504K->19936K(500224K)] 957451K->494824K(1024512K), 0.0353461 secs] [Times: user=0.04 sys=0.04, real=0.04 secs] 
2021-06-05T11:56:54.197+0800: 1909565.849: [GC (Allocation Failure) [PSYoungGen: 495584K->19360K(499712K)] 970472K->505838K(1024000K), 0.0398902 secs] [Times: user=0.05 sys=0.05, real=0.04 secs] 
2021-06-05T12:01:02.955+0800: 1909814.607: [GC (Allocation Failure) [PSYoungGen: 495008K->18208K(500736K)] 981486K->515699K(1025024K), 0.0363085 secs] [Times: user=0.04 sys=0.05, real=0.03 secs] 
2021-06-05T12:05:10.317+0800: 1910061.969: [GC (Allocation Failure) [PSYoungGen: 495392K->18688K(500736K)] 992883K->527240K(1025024K), 0.0769988 secs] [Times: user=0.09 sys=0.00, real=0.08 secs] 
2021-06-05T12:09:15.374+0800: 1910307.027: [GC (Allocation Failure) [PSYoungGen: 495872K->21312K(500736K)] 1004424K->540838K(1025024K), 0.0806032 secs] [Times: user=0.04 sys=0.04, real=0.08 secs] 
2021-06-05T12:09:15.456+0800: 1910307.108: [Full GC (Ergonomics) [PSYoungGen: 21312K->0K(500736K)] [ParOldGen: 519526K->320657K(524288K)] 540838K->320657K(1025024K), [Metaspace: 96999K->96999K(1138688K)], 0.4722788 secs] [Times: user=0.54 sys=0.53, real=0.47 secs] 
2021-06-05T12:13:21.161+0800: 1910552.813: [GC (Allocation Failure) [PSYoungGen: 477184K->19520K(500736K)] 797841K->340177K(1025024K), 0.0362253 secs] [Times: user=0.05 sys=0.05, real=0.04 secs] 
2021-06-05T12:17:26.183+0800: 1910797.835: [GC (Allocation Failure) [PSYoungGen: 496704K->15488K(500736K)] 817361K->349283K(1025024K), 0.0365884 secs] [Times: user=0.04 sys=0.04, real=0.03 secs] 
2021-06-05T12:21:31.995+0800: 1911043.647: [GC (Allocation Failure) [PSYoungGen: 492672K->20096K(500736K)] 826467K->364179K(1025024K), 0.0348076 secs] [Times: user=0.04 sys=0.05, real=0.03 secs] 
2021-06-05T12:25:41.621+0800: 1911293.273: [GC (Allocation Failure) [PSYoungGen: 497280K->18496K(500736K)] 841363K->374984K(1025024K), 0.0360460 secs] [Times: user=0.04 sys=0.04, real=0.04 secs] 
2021-06-05T12:29:50.882+0800: 1911542.534: [GC (Allocation Failure) [PSYoungGen: 495680K->20000K(500736K)] 852168K->386535K(1025024K), 0.0408031 secs] [Times: user=0.03 sys=0.04, real=0.05 secs] 
2021-06-05T12:33:57.261+0800: 1911788.913: [GC (Allocation Failure) [PSYoungGen: 497184K->20096K(501248K)] 863719K->397998K(1025536K), 0.0306446 secs] [Times: user=0.04 sys=0.04, real=0.03 secs] 
2021-06-05T12:38:04.296+0800: 1912035.948: [GC (Allocation Failure) [PSYoungGen: 498304K->17888K(501248K)] 876206K->407708K(1025536K), 0.0275146 secs] [Times: user=0.04 sys=0.03, real=0.03 secs] 
2021-06-05T12:42:13.139+0800: 1912284.791: [GC (Allocation Failure) [PSYoungGen: 496096K->18304K(501248K)] 885916K->419152K(1025536K), 0.0294586 secs] [Times: user=0.04 sys=0.04, real=0.03 secs] 
2021-06-05T12:46:22.902+0800: 1912534.554: [GC (Allocation Failure) [PSYoungGen: 496512K->17920K(501248K)] 897360K->430030K(1025536K), 0.0371677 secs] [Times: user=0.04 sys=0.04, real=0.04 secs] 
2021-06-05T12:50:28.868+0800: 1912780.520: [GC (Allocation Failure) [PSYoungGen: 496128K->19712K(501760K)] 908238K->441124K(1026048K), 0.0366686 secs] [Times: user=0.05 sys=0.05, real=0.04 secs] 
2021-06-05T12:54:37.877+0800: 1913029.529: [GC (Allocation Failure) [PSYoungGen: 498936K->14624K(494080K)] 920348K->447912K(1018368K), 0.0316101 secs] [Times: user=0.04 sys=0.03, real=0.03 secs] 
2021-06-05T12:58:47.610+0800: 1913279.262: [GC (Allocation Failure) [PSYoungGen: 493856K->19264K(501248K)] 927144K->461740K(1025536K), 0.0445217 secs] [Times: user=0.05 sys=0.05, real=0.05 secs] 
2021-06-05T13:02:48.856+0800: 1913520.508: [GC (Allocation Failure) [PSYoungGen: 497472K->16010K(501248K)] 939948K->469115K(1025536K), 0.0282024 secs] [Times: user=0.03 sys=0.04, real=0.03 secs] 
2021-06-05T13:06:55.989+0800: 1913767.641: [GC (Allocation Failure) [PSYoungGen: 494218K->18208K(501760K)] 947323K->481344K(1026048K), 0.0308132 secs] [Times: user=0.04 sys=0.04, real=0.03 secs] 
2021-06-05T13:11:03.764+0800: 1914015.416: [GC (Allocation Failure) [PSYoungGen: 496928K->18496K(501248K)] 960064K->493045K(1025536K), 0.0294436 secs] [Times: user=0.04 sys=0.04, real=0.03 secs] 
2021-06-05T13:15:11.209+0800: 1914262.861: [GC (Allocation Failure) [PSYoungGen: 497216K->17760K(502272K)] 971765K->503810K(1026560K), 0.0336456 secs] [Times: user=0.05 sys=0.04, real=0.04 secs] 
2021-06-05T13:19:21.780+0800: 1914513.432: [GC (Allocation Failure) [PSYoungGen: 498016K->17568K(502272K)] 984066K->514119K(1026560K), 0.0356281 secs] [Times: user=0.04 sys=0.04, real=0.04 secs] 
2021-06-05T13:23:30.254+0800: 1914761.906: [GC (Allocation Failure) [PSYoungGen: 497824K->20320K(502272K)] 994375K->526262K(1026560K), 0.0427985 secs] [Times: user=0.06 sys=0.05, real=0.04 secs] 
2021-06-05T13:27:41.819+0800: 1915013.471: [GC (Allocation Failure) [PSYoungGen: 500576K->15680K(496128K)] 1006518K->532945K(1020416K), 0.0368720 secs] [Times: user=0.04 sys=0.04, real=0.04 secs] 
2021-06-05T13:27:41.857+0800: 1915013.509: [Full GC (Ergonomics) [PSYoungGen: 15680K->0K(496128K)] [ParOldGen: 517265K->309780K(524288K)] 532945K->309780K(1020416K), [Metaspace: 96999K->96999K(1138688K)], 0.5133826 secs] [Times: user=0.52 sys=0.53, real=0.51 secs] 
2021-06-05T13:31:51.976+0800: 1915263.628: [GC (Allocation Failure) [PSYoungGen: 480256K->17120K(502272K)] 790036K->326900K(1026560K), 0.0312427 secs] [Times: user=0.03 sys=0.03, real=0.03 secs] 
2021-06-05T13:36:01.635+0800: 1915513.287: [GC (Allocation Failure) [PSYoungGen: 496864K->16640K(501760K)] 806644K->337687K(1026048K), 0.0307501 secs] [Times: user=0.04 sys=0.04, real=0.03 secs] 
2021-06-05T13:40:11.840+0800: 1915763.492: [GC (Allocation Failure) [PSYoungGen: 496384K->16640K(502272K)] 817431K->346907K(1026560K), 0.0311835 secs] [Times: user=0.04 sys=0.05, real=0.03 secs] 
2021-06-05T13:44:20.334+0800: 1916011.986: [GC (Allocation Failure) [PSYoungGen: 496896K->19488K(502272K)] 827163K->359409K(1026560K), 0.0331949 secs] [Times: user=0.04 sys=0.04, real=0.03 secs] 
2021-06-05T13:48:23.015+0800: 1916254.667: [GC (Allocation Failure) [PSYoungGen: 499744K->19904K(501248K)] 839665K->371664K(1025536K), 0.0488440 secs] [Times: user=0.05 sys=0.06, real=0.05 secs] 
2021-06-05T13:52:30.032+0800: 1916501.684: [GC (Allocation Failure) [PSYoungGen: 499136K->20576K(500224K)] 850896K->384639K(1024512K), 0.0864664 secs] [Times: user=0.11 sys=0.11, real=0.09 secs] 
2021-06-05T13:56:38.507+0800: 1916750.159: [GC (Allocation Failure) [PSYoungGen: 499808K->21152K(500224K)] 863871K->398086K(1024512K), 0.0361815 secs] [Times: user=0.04 sys=0.05, real=0.04 secs] 
2021-06-05T14:00:45.103+0800: 1916996.755: [GC (Allocation Failure) [PSYoungGen: 498336K->18816K(500736K)] 875270K->407149K(1025024K), 0.0339795 secs] [Times: user=0.04 sys=0.04, real=0.03 secs] 
2021-06-05T14:04:49.864+0800: 1917241.516: [GC (Allocation Failure) [PSYoungGen: 496000K->18400K(501760K)] 884333K->418761K(1026048K), 0.0595851 secs] [Times: user=0.05 sys=0.05, real=0.06 secs] 
2021-06-05T14:09:00.147+0800: 1917491.799: [GC (Allocation Failure) [PSYoungGen: 497120K->20000K(501248K)] 897481K->431279K(1025536K), 0.0430903 secs] [Times: user=0.10 sys=0.00, real=0.04 secs] 
2021-06-05T14:13:10.987+0800: 1917742.639: [GC (Allocation Failure) [PSYoungGen: 498720K->18112K(501760K)] 909999K->441301K(1026048K), 0.0363462 secs] [Times: user=0.04 sys=0.05, real=0.04 secs] 
2021-06-05T14:17:17.786+0800: 1917989.438: [GC (Allocation Failure) [PSYoungGen: 496832K->21728K(500736K)] 920021K->455939K(1025024K), 0.0645661 secs] [Times: user=0.05 sys=0.05, real=0.06 secs] 
2021-06-05T14:21:28.936+0800: 1918240.588: [GC (Allocation Failure) [PSYoungGen: 500448K->15520K(500736K)] 934659K->462031K(1025024K), 0.0412133 secs] [Times: user=0.05 sys=0.05, real=0.04 secs] 
2021-06-05T14:25:41.598+0800: 1918493.250: [GC (Allocation Failure) [PSYoungGen: 492704K->15136K(500736K)] 939215K->471524K(1025024K), 0.0344003 secs] [Times: user=0.04 sys=0.04, real=0.04 secs] 
2021-06-05T14:29:50.149+0800: 1918741.801: [GC (Allocation Failure) [PSYoungGen: 492320K->15136K(500736K)] 948708K->482089K(1025024K), 0.0338684 secs] [Times: user=0.05 sys=0.05, real=0.04 secs] 
2021-06-05T14:33:55.755+0800: 1918987.407: [GC (Allocation Failure) [PSYoungGen: 492320K->19840K(497152K)] 959273K->496864K(1021440K), 0.0861507 secs] [Times: user=0.06 sys=0.05, real=0.08 secs] 
2021-06-05T14:38:03.641+0800: 1919235.293: [GC (Allocation Failure) [PSYoungGen: 497024K->21984K(499200K)] 974048K->508493K(1023488K), 0.0416584 secs] [Times: user=0.04 sys=0.05, real=0.05 secs] 
2021-06-05T14:42:10.910+0800: 1919482.563: [GC (Allocation Failure) [PSYoungGen: 497120K->19136K(499712K)] 983629K->517762K(1024000K), 0.1045222 secs] [Times: user=0.05 sys=0.05, real=0.11 secs] 
2021-06-05T14:46:21.344+0800: 1919732.996: [GC (Allocation Failure) [PSYoungGen: 494272K->17440K(500224K)] 992898K->528480K(1024512K), 0.0311461 secs] [Times: user=0.03 sys=0.04, real=0.03 secs] 
2021-06-05T14:46:21.376+0800: 1919733.028: [Full GC (Ergonomics) [PSYoungGen: 17440K->0K(500224K)] [ParOldGen: 511040K->312593K(524288K)] 528480K->312593K(1024512K), [Metaspace: 96999K->96999K(1138688K)], 0.4824339 secs] [Times: user=1.05 sys=0.00, real=0.48 secs] 
2021-06-05T14:50:28.422+0800: 1919980.074: [GC (Allocation Failure) [PSYoungGen: 476160K->18304K(500224K)] 788753K->330898K(1024512K), 0.0619152 secs] [Times: user=0.03 sys=0.05, real=0.07 secs] 
2021-06-05T14:54:33.460+0800: 1920225.112: [GC (Allocation Failure) [PSYoungGen: 494464K->19200K(501248K)] 807058K->343830K(1025536K), 0.0323087 secs] [Times: user=0.04 sys=0.04, real=0.04 secs] 
2021-06-05T14:58:40.924+0800: 1920472.576: [GC (Allocation Failure) [PSYoungGen: 496896K->15968K(500736K)] 821526K->351508K(1025024K), 0.0386255 secs] [Times: user=0.05 sys=0.04, real=0.04 secs] 
2021-06-05T15:02:53.828+0800: 1920725.480: [GC (Allocation Failure) [PSYoungGen: 493664K->18208K(501248K)] 829204K->362761K(1025536K), 0.0293154 secs] [Times: user=0.04 sys=0.04, real=0.03 secs] 
2021-06-05T15:07:01.855+0800: 1920973.507: [GC (Allocation Failure) [PSYoungGen: 496416K->17664K(501248K)] 840969K->372983K(1025536K), 0.0328596 secs] [Times: user=0.04 sys=0.04, real=0.03 secs] 
2021-06-05T15:11:12.092+0800: 1921223.744: [GC (Allocation Failure) [PSYoungGen: 495872K->17536K(502272K)] 851191K->383525K(1026560K), 0.0302791 secs] [Times: user=0.04 sys=0.04, real=0.03 secs] 
2021-06-05T15:15:19.585+0800: 1921471.237: [GC (Allocation Failure) [PSYoungGen: 497280K->17664K(501760K)] 863269K->393778K(1026048K), 0.0303426 secs] [Times: user=0.04 sys=0.04, real=0.03 secs] 
2021-06-05T15:19:27.869+0800: 1921719.521: [GC (Allocation Failure) [PSYoungGen: 497408K->15104K(502272K)] 873522K->401046K(1026560K), 0.0269061 secs] [Times: user=0.04 sys=0.04, real=0.03 secs] 
2021-06-05T15:23:39.523+0800: 1921971.175: [GC (Allocation Failure) [PSYoungGen: 495360K->20672K(501248K)] 881302K->416532K(1025536K), 0.0339888 secs] [Times: user=0.04 sys=0.04, real=0.03 secs] 
2021-06-05T15:27:49.779+0800: 1922221.431: [GC (Allocation Failure) [PSYoungGen: 500928K->17024K(501760K)] 896788K->424947K(1026048K), 0.0269016 secs] [Times: user=0.04 sys=0.04, real=0.03 secs] 
2021-06-05T15:31:58.530+0800: 1922470.182: [GC (Allocation Failure) [PSYoungGen: 496256K->17664K(501760K)] 904179K->437175K(1026048K), 0.0282852 secs] [Times: user=0.03 sys=0.04, real=0.03 secs] 
2021-06-05T15:36:03.930+0800: 1922715.582: [GC (Allocation Failure) [PSYoungGen: 496896K->19616K(501248K)] 916407K->449629K(1025536K), 0.0305348 secs] [Times: user=0.04 sys=0.04, real=0.03 secs] 
2021-06-05T15:40:12.740+0800: 1922964.392: [GC (Allocation Failure) [PSYoungGen: 498848K->17568K(501760K)] 928861K->459428K(1026048K), 0.0297399 secs] [Times: user=0.04 sys=0.04, real=0.03 secs] 
2021-06-05T15:44:24.647+0800: 1923216.299: [GC (Allocation Failure) [PSYoungGen: 496800K->16928K(502272K)] 938660K->469801K(1026560K), 0.0349268 secs] [Times: user=0.04 sys=0.05, real=0.04 secs] 
2021-06-05T15:48:34.896+0800: 1923466.548: [GC (Allocation Failure) [PSYoungGen: 497184K->21184K(501760K)] 950057K->485551K(1026048K), 0.0456761 secs] [Times: user=0.10 sys=0.00, real=0.05 secs] 
2021-06-05T15:52:43.585+0800: 1923715.237: [GC (Allocation Failure) [PSYoungGen: 501440K->20352K(500736K)] 965807K->496861K(1025024K), 0.0336887 secs] [Times: user=0.04 sys=0.05, real=0.03 secs] 
2021-06-05T15:56:54.395+0800: 1923966.047: [GC (Allocation Failure) [PSYoungGen: 498560K->18848K(501248K)] 975069K->507627K(1025536K), 0.0415298 secs] [Times: user=0.05 sys=0.05, real=0.04 secs] 
2021-06-05T16:01:00.991+0800: 1924212.643: [GC (Allocation Failure) [PSYoungGen: 497056K->19776K(500736K)] 985835K->519144K(1025024K), 0.0446732 secs] [Times: user=0.05 sys=0.05, real=0.05 secs] 
2021-06-05T16:05:07.116+0800: 1924458.768: [GC (Allocation Failure) [PSYoungGen: 497984K->18784K(501248K)] 997352K->529134K(1025536K), 0.1063024 secs] [Times: user=0.13 sys=0.00, real=0.11 secs] 
2021-06-05T16:09:12.096+0800: 1924703.748: [GC (Allocation Failure) [PSYoungGen: 496992K->16832K(501760K)] 1007342K->538187K(1026048K), 0.0434354 secs] [Times: user=0.04 sys=0.04, real=0.04 secs] 
2021-06-05T16:09:12.140+0800: 1924703.792: [Full GC (Ergonomics) [PSYoungGen: 16832K->0K(501760K)] [ParOldGen: 521355K->318632K(524288K)] 538187K->318632K(1026048K), [Metaspace: 96999K->96999K(1138688K)], 0.5607491 secs] [Times: user=0.55 sys=0.54, real=0.56 secs] 
2021-06-05T16:13:19.124+0800: 1924950.776: [GC (Allocation Failure) [PSYoungGen: 479232K->19328K(501760K)] 797864K->337960K(1026048K), 0.0326682 secs] [Times: user=0.04 sys=0.05, real=0.03 secs] 
2021-06-05T16:17:28.887+0800: 1925200.539: [GC (Allocation Failure) [PSYoungGen: 498560K->15488K(501760K)] 817192K->347329K(1026048K), 0.0345050 secs] [Times: user=0.04 sys=0.05, real=0.03 secs] 
2021-06-05T16:21:36.643+0800: 1925448.295: [GC (Allocation Failure) [PSYoungGen: 494720K->19872K(501760K)] 826561K->361144K(1026048K), 0.0333152 secs] [Times: user=0.04 sys=0.04, real=0.03 secs] 
2021-06-05T16:25:46.838+0800: 1925698.490: [GC (Allocation Failure) [PSYoungGen: 499104K->15264K(500736K)] 840376K->368139K(1025024K), 0.0328758 secs] [Times: user=0.05 sys=0.04, real=0.03 secs] 
2021-06-05T16:29:56.202+0800: 1925947.854: [GC (Allocation Failure) [PSYoungGen: 493472K->19232K(501248K)] 846347K->381080K(1025536K), 0.0314546 secs] [Times: user=0.05 sys=0.04, real=0.04 secs] 
2021-06-05T16:34:04.239+0800: 1926195.891: [GC (Allocation Failure) [PSYoungGen: 497440K->17504K(501760K)] 859288K->390535K(1026048K), 0.0336459 secs] [Times: user=0.03 sys=0.03, real=0.04 secs] 
2021-06-05T16:38:12.640+0800: 1926444.292: [GC (Allocation Failure) [PSYoungGen: 496224K->18624K(501248K)] 869255K->401301K(1025536K), 0.1144008 secs] [Times: user=0.05 sys=0.05, real=0.12 secs] 
2021-06-05T16:42:22.738+0800: 1926694.390: [GC (Allocation Failure) [PSYoungGen: 497344K->20480K(501760K)] 880021K->412986K(1026048K), 0.0959150 secs] [Times: user=0.04 sys=0.04, real=0.10 secs] 
2021-06-05T16:46:31.749+0800: 1926943.401: [GC (Allocation Failure) [PSYoungGen: 499712K->17408K(501760K)] 892218K->421345K(1026048K), 0.0366319 secs] [Times: user=0.04 sys=0.05, real=0.04 secs] 
2021-06-05T16:50:42.077+0800: 1927193.729: [GC (Allocation Failure) [PSYoungGen: 496640K->16672K(501760K)] 900577K->431183K(1026048K), 0.0278109 secs] [Times: user=0.03 sys=0.03, real=0.03 secs] 
2021-06-05T16:54:53.850+0800: 1927445.502: [GC (Allocation Failure) [PSYoungGen: 495904K->19936K(501760K)] 910415K->444317K(1026048K), 0.0327282 secs] [Times: user=0.03 sys=0.04, real=0.04 secs] 
2021-06-05T16:59:03.497+0800: 1927695.149: [GC (Allocation Failure) [PSYoungGen: 499168K->17248K(501760K)] 923549K->453235K(1026048K), 0.0311926 secs] [Times: user=0.04 sys=0.04, real=0.03 secs] 
2021-06-05T17:03:12.466+0800: 1927944.118: [GC (Allocation Failure) [PSYoungGen: 496480K->19392K(501760K)] 932467K->465209K(1026048K), 0.0297788 secs] [Times: user=0.03 sys=0.04, real=0.03 secs] 
2021-06-05T17:07:19.146+0800: 1928190.798: [GC (Allocation Failure) [PSYoungGen: 498624K->16512K(501760K)] 944441K->473366K(1026048K), 0.0258175 secs] [Times: user=0.03 sys=0.04, real=0.02 secs] 
2021-06-05T17:11:28.568+0800: 1928440.220: [GC (Allocation Failure) [PSYoungGen: 495744K->18976K(501760K)] 952598K->486484K(1026048K), 0.0385647 secs] [Times: user=0.05 sys=0.05, real=0.04 secs] 
2021-06-05T17:15:39.187+0800: 1928690.839: [GC (Allocation Failure) [PSYoungGen: 498208K->19040K(502272K)] 965716K->496867K(1026560K), 0.0341146 secs] [Times: user=0.04 sys=0.04, real=0.03 secs] 
2021-06-05T17:19:49.256+0800: 1928940.908: [GC (Allocation Failure) [PSYoungGen: 498783K->21536K(501760K)] 976611K->510369K(1026048K), 0.0396518 secs] [Times: user=0.04 sys=0.05, real=0.04 secs] 
2021-06-05T17:24:01.389+0800: 1929193.041: [GC (Allocation Failure) [PSYoungGen: 501280K->18432K(501760K)] 990113K->518456K(1026048K), 0.0646615 secs] [Times: user=0.04 sys=0.04, real=0.07 secs] 
2021-06-05T17:28:11.642+0800: 1929443.294: [GC (Allocation Failure) [PSYoungGen: 497664K->18528K(501760K)] 997688K->530717K(1026048K), 0.0323496 secs] [Times: user=0.04 sys=0.05, real=0.03 secs] 
2021-06-05T17:28:11.675+0800: 1929443.327: [Full GC (Ergonomics) [PSYoungGen: 18528K->0K(501760K)] [ParOldGen: 512189K->307784K(524288K)] 530717K->307784K(1026048K), [Metaspace: 96999K->96999K(1138688K)], 0.4384377 secs] [Times: user=0.99 sys=0.00, real=0.44 secs] 
2021-06-05T17:32:24.022+0800: 1929695.674: [GC (Allocation Failure) [PSYoungGen: 479232K->17056K(502272K)] 787016K->324840K(1026560K), 0.0446965 secs] [Times: user=0.04 sys=0.05, real=0.05 secs] 
2021-06-05T17:36:32.868+0800: 1929944.520: [GC (Allocation Failure) [PSYoungGen: 496800K->18272K(501760K)] 804584K->336950K(1026048K), 0.0345968 secs] [Times: user=0.04 sys=0.05, real=0.04 secs] 
2021-06-05T17:40:43.218+0800: 1930194.870: [GC (Allocation Failure) [PSYoungGen: 498016K->20768K(501248K)] 816694K->350235K(1025536K), 0.0338129 secs] [Times: user=0.04 sys=0.04, real=0.03 secs] 
2021-06-05T17:44:52.178+0800: 1930443.830: [GC (Allocation Failure) [PSYoungGen: 500000K->17024K(501760K)] 829467K->357081K(1026048K), 0.0269624 secs] [Times: user=0.03 sys=0.04, real=0.03 secs] 
2021-06-05T17:49:01.154+0800: 1930692.806: [GC (Allocation Failure) [PSYoungGen: 496256K->20096K(501760K)] 836313K->371383K(1026048K), 0.0413827 secs] [Times: user=0.05 sys=0.05, real=0.04 secs] 
2021-06-05T17:53:10.791+0800: 1930942.444: [GC (Allocation Failure) [PSYoungGen: 499328K->17792K(501760K)] 850615K->381389K(1026048K), 0.0385415 secs] [Times: user=0.05 sys=0.05, real=0.04 secs] 
2021-06-05T17:57:19.875+0800: 1931191.527: [GC (Allocation Failure) [PSYoungGen: 497024K->19488K(501760K)] 860621K->392874K(1026048K), 0.0377775 secs] [Times: user=0.05 sys=0.05, real=0.04 secs] 
2021-06-05T18:01:28.822+0800: 1931440.474: [GC (Allocation Failure) [PSYoungGen: 498720K->20256K(501760K)] 872106K->404145K(1026048K), 0.0621956 secs] [Times: user=0.05 sys=0.05, real=0.07 secs] 
2021-06-05T18:05:33.891+0800: 1931685.543: [GC (Allocation Failure) [PSYoungGen: 499488K->22496K(492544K)] 883377K->416527K(1016832K), 0.0535786 secs] [Times: user=0.04 sys=0.05, real=0.06 secs] 
2021-06-05T18:09:35.755+0800: 1931927.407: [GC (Allocation Failure) [PSYoungGen: 492512K->19712K(497152K)] 886543K->425573K(1021440K), 0.0423746 secs] [Times: user=0.03 sys=0.04, real=0.04 secs] 
2021-06-05T18:13:39.131+0800: 1932170.783: [GC (Allocation Failure) [PSYoungGen: 489728K->21120K(497664K)] 895589K->438035K(1021952K), 0.0347273 secs] [Times: user=0.04 sys=0.05, real=0.04 secs] 
2021-06-05T18:17:40.722+0800: 1932412.374: [GC (Allocation Failure) [PSYoungGen: 492160K->20576K(497664K)] 909075K->447746K(1021952K), 0.0406178 secs] [Times: user=0.05 sys=0.05, real=0.04 secs] 
2021-06-05T18:21:48.781+0800: 1932660.433: [GC (Allocation Failure) [PSYoungGen: 491616K->19136K(498688K)] 918786K->457136K(1022976K), 0.0460707 secs] [Times: user=0.05 sys=0.06, real=0.05 secs] 
2021-06-05T18:25:55.044+0800: 1932906.696: [GC (Allocation Failure) [PSYoungGen: 491712K->16896K(498176K)] 929712K->466605K(1022464K), 0.0357025 secs] [Times: user=0.05 sys=0.05, real=0.03 secs] 
2021-06-05T18:30:05.947+0800: 1933157.599: [GC (Allocation Failure) [PSYoungGen: 489472K->16320K(498688K)] 939181K->476834K(1022976K), 0.0281504 secs] [Times: user=0.04 sys=0.04, real=0.03 secs] 
2021-06-05T18:34:16.524+0800: 1933408.176: [GC (Allocation Failure) [PSYoungGen: 489408K->16736K(498688K)] 949922K->487368K(1022976K), 0.0307707 secs] [Times: user=0.03 sys=0.04, real=0.03 secs] 
2021-06-05T18:38:18.498+0800: 1933650.150: [GC (Allocation Failure) [PSYoungGen: 489824K->20000K(499200K)] 960456K->501870K(1023488K), 0.0331094 secs] [Times: user=0.04 sys=0.04, real=0.03 secs] 
2021-06-05T18:42:22.868+0800: 1933894.520: [GC (Allocation Failure) [PSYoungGen: 493600K->21472K(498688K)] 975470K->515133K(1022976K), 0.0353118 secs] [Times: user=0.04 sys=0.05, real=0.04 secs] 
2021-06-05T18:46:29.502+0800: 1934141.154: [GC (Allocation Failure) [PSYoungGen: 495072K->18656K(499200K)] 988733K->523764K(1023488K), 0.0728080 secs] [Times: user=0.06 sys=0.05, real=0.08 secs] 
2021-06-05T18:50:37.255+0800: 1934388.907: [GC (Allocation Failure) [PSYoungGen: 492256K->19520K(498688K)] 997364K->533825K(1022976K), 0.0403860 secs] [Times: user=0.05 sys=0.05, real=0.04 secs] 
2021-06-05T18:50:37.296+0800: 1934388.948: [Full GC (Ergonomics) [PSYoungGen: 19520K->0K(498688K)] [ParOldGen: 514305K->320238K(524288K)] 533825K->320238K(1022976K), [Metaspace: 96999K->96999K(1138688K)], 0.5242142 secs] [Times: user=1.07 sys=0.00, real=0.52 secs] 
2021-06-05T18:54:42.962+0800: 1934634.614: [GC (Allocation Failure) [PSYoungGen: 473600K->17408K(499712K)] 793838K->337646K(1024000K), 0.0534024 secs] [Times: user=0.03 sys=0.03, real=0.06 secs] 
2021-06-05T18:58:48.856+0800: 1934880.508: [GC (Allocation Failure) [PSYoungGen: 492544K->18688K(499712K)] 812782K->352105K(1024000K), 0.0440886 secs] [Times: user=0.04 sys=0.05, real=0.04 secs] 
2021-06-05T19:02:48.282+0800: 1935119.934: [GC (Allocation Failure) [PSYoungGen: 493824K->21002K(500224K)] 827241K->364707K(1024512K), 0.0329776 secs] [Times: user=0.04 sys=0.04, real=0.03 secs] 
2021-06-05T19:06:54.503+0800: 1935366.155: [GC (Allocation Failure) [PSYoungGen: 497162K->17984K(500224K)] 840867K->374040K(1024512K), 0.0405504 secs] [Times: user=0.04 sys=0.05, real=0.04 secs] 
2021-06-05T19:10:58.413+0800: 1935610.065: [GC (Allocation Failure) [PSYoungGen: 494144K->22368K(499200K)] 850200K->389543K(1023488K), 0.0462790 secs] [Times: user=0.04 sys=0.04, real=0.04 secs] 
2021-06-05T19:15:05.270+0800: 1935856.922: [GC (Allocation Failure) [PSYoungGen: 497504K->19680K(499712K)] 864679K->399126K(1024000K), 0.0325689 secs] [Times: user=0.09 sys=0.00, real=0.04 secs] 
2021-06-05T19:19:11.303+0800: 1936102.955: [GC (Allocation Failure) [PSYoungGen: 494816K->21472K(499200K)] 874262K->411109K(1023488K), 0.0323895 secs] [Times: user=0.04 sys=0.04, real=0.03 secs] 
2021-06-05T19:23:23.789+0800: 1936355.441: [GC (Allocation Failure) [PSYoungGen: 496608K->18144K(499712K)] 886245K->420076K(1024000K), 0.0281455 secs] [Times: user=0.04 sys=0.04, real=0.03 secs] 
2021-06-05T19:27:31.512+0800: 1936603.164: [GC (Allocation Failure) [PSYoungGen: 493280K->17792K(500224K)] 895212K->431418K(1024512K), 0.0290885 secs] [Times: user=0.04 sys=0.05, real=0.03 secs] 
2021-06-05T19:31:37.494+0800: 1936849.146: [GC (Allocation Failure) [PSYoungGen: 493440K->16128K(499712K)] 907066K->440638K(1024000K), 0.0383810 secs] [Times: user=0.04 sys=0.04, real=0.04 secs] 
2021-06-05T19:35:48.050+0800: 1937099.702: [GC (Allocation Failure) [PSYoungGen: 491776K->16832K(500224K)] 916286K->450067K(1024512K), 0.0307832 secs] [Times: user=0.03 sys=0.04, real=0.03 secs] 
2021-06-05T19:39:58.466+0800: 1937350.118: [GC (Allocation Failure) [PSYoungGen: 492992K->20768K(497152K)] 926227K->464930K(1021440K), 0.0319367 secs] [Times: user=0.04 sys=0.04, real=0.03 secs] 
2021-06-05T19:44:08.192+0800: 1937599.844: [GC (Allocation Failure) [PSYoungGen: 496928K->15776K(499712K)] 941090K->473117K(1024000K), 0.0269733 secs] [Times: user=0.04 sys=0.04, real=0.03 secs] 
2021-06-05T19:48:19.075+0800: 1937850.727: [GC (Allocation Failure) [PSYoungGen: 490912K->16736K(499712K)] 948253K->484412K(1024000K), 0.0411559 secs] [Times: user=0.04 sys=0.04, real=0.04 secs] 
2021-06-05T19:52:24.352+0800: 1938096.004: [GC (Allocation Failure) [PSYoungGen: 491872K->19136K(500224K)] 959548K->496458K(1024512K), 0.0392801 secs] [Times: user=0.04 sys=0.04, real=0.03 secs] 
2021-06-05T19:56:36.869+0800: 1938348.521: [GC (Allocation Failure) [PSYoungGen: 495296K->16544K(500224K)] 972618K->505927K(1024512K), 0.0334608 secs] [Times: user=0.04 sys=0.05, real=0.04 secs] 
2021-06-05T20:00:45.219+0800: 1938596.871: [GC (Allocation Failure) [PSYoungGen: 492704K->18016K(500736K)] 982087K->517323K(1025024K), 0.0343186 secs] [Times: user=0.05 sys=0.05, real=0.04 secs] 
2021-06-05T20:04:54.572+0800: 1938846.224: [GC (Allocation Failure) [PSYoungGen: 495200K->19072K(500736K)] 994507K->528568K(1025024K), 0.0337431 secs] [Times: user=0.04 sys=0.04, real=0.03 secs] 
2021-06-05T20:09:04.538+0800: 1939096.190: [GC (Allocation Failure) [PSYoungGen: 496256K->15488K(501248K)] 1005752K->536716K(1025536K), 0.0295524 secs] [Times: user=0.04 sys=0.04, real=0.03 secs] 
2021-06-05T20:09:04.568+0800: 1939096.220: [Full GC (Ergonomics) [PSYoungGen: 15488K->0K(501248K)] [ParOldGen: 521228K->310345K(524288K)] 536716K->310345K(1025536K), [Metaspace: 96999K->96999K(1138688K)], 0.4739015 secs] [Times: user=0.54 sys=0.53, real=0.47 secs] 
2021-06-05T20:13:12.878+0800: 1939344.530: [GC (Allocation Failure) [PSYoungGen: 478208K->19072K(501248K)] 788553K->329417K(1025536K), 0.0282194 secs] [Times: user=0.03 sys=0.04, real=0.03 secs] 
2021-06-05T20:17:21.811+0800: 1939593.463: [GC (Allocation Failure) [PSYoungGen: 497280K->19040K(501248K)] 807625K->340150K(1025536K), 0.0313477 secs] [Times: user=0.04 sys=0.05, real=0.04 secs] 
2021-06-05T20:21:34.637+0800: 1939846.289: [GC (Allocation Failure) [PSYoungGen: 497248K->17216K(501248K)] 818358K->349163K(1025536K), 0.0302125 secs] [Times: user=0.04 sys=0.03, real=0.03 secs] 
2021-06-05T20:25:47.021+0800: 1940098.673: [GC (Allocation Failure) [PSYoungGen: 495424K->17440K(501760K)] 827371K->359057K(1026048K), 0.0293232 secs] [Times: user=0.04 sys=0.04, real=0.03 secs] 
2021-06-05T20:29:55.758+0800: 1940347.410: [GC (Allocation Failure) [PSYoungGen: 496672K->19360K(501760K)] 838289K->370870K(1026048K), 0.0312680 secs] [Times: user=0.08 sys=0.00, real=0.03 secs] 
2021-06-05T20:34:01.688+0800: 1940593.340: [GC (Allocation Failure) [PSYoungGen: 498592K->19232K(501760K)] 850102K->381933K(1026048K), 0.0329446 secs] [Times: user=0.05 sys=0.04, real=0.03 secs] 
2021-06-05T20:38:12.446+0800: 1940844.098: [GC (Allocation Failure) [PSYoungGen: 498464K->17632K(501760K)] 861165K->391602K(1026048K), 0.0350114 secs] [Times: user=0.04 sys=0.04, real=0.03 secs] 
2021-06-05T20:42:22.795+0800: 1941094.447: [GC (Allocation Failure) [PSYoungGen: 496864K->18112K(502272K)] 870834K->403112K(1026560K), 0.0339234 secs] [Times: user=0.04 sys=0.05, real=0.03 secs] 
2021-06-05T20:46:29.921+0800: 1941341.573: [GC (Allocation Failure) [PSYoungGen: 498368K->21984K(502272K)] 883368K->418920K(1026560K), 0.0878188 secs] [Times: user=0.06 sys=0.07, real=0.09 secs] 
2021-06-05T20:50:42.854+0800: 1941594.506: [GC (Allocation Failure) [PSYoungGen: 502240K->18560K(493056K)] 899176K->426996K(1017344K), 0.0302635 secs] [Times: user=0.04 sys=0.04, real=0.03 secs] 
2021-06-05T20:54:49.707+0800: 1941841.359: [GC (Allocation Failure) [PSYoungGen: 489600K->21824K(497664K)] 898036K->442666K(1021952K), 0.0382966 secs] [Times: user=0.04 sys=0.05, real=0.04 secs] 
2021-06-05T20:58:51.330+0800: 1942082.982: [GC (Allocation Failure) [PSYoungGen: 492864K->18784K(497664K)] 913706K->452312K(1021952K), 0.0307004 secs] [Times: user=0.05 sys=0.04, real=0.03 secs] 
2021-06-05T21:02:55.384+0800: 1942327.036: [GC (Allocation Failure) [PSYoungGen: 489824K->18272K(497664K)] 923352K->462637K(1021952K), 0.0301826 secs] [Times: user=0.04 sys=0.03, real=0.03 secs] 
2021-06-05T21:06:59.018+0800: 1942570.670: [GC (Allocation Failure) [PSYoungGen: 489312K->20160K(498688K)] 933677K->474284K(1022976K), 0.0327699 secs] [Times: user=0.04 sys=0.05, real=0.03 secs] 
2021-06-05T21:11:05.295+0800: 1942816.947: [GC (Allocation Failure) [PSYoungGen: 492736K->18304K(498176K)] 946860K->484489K(1022464K), 0.0295763 secs] [Times: user=0.04 sys=0.04, real=0.03 secs] 
2021-06-05T21:15:10.532+0800: 1943062.184: [GC (Allocation Failure) [PSYoungGen: 490880K->19488K(499712K)] 957065K->497591K(1024000K), 0.0332127 secs] [Times: user=0.04 sys=0.04, real=0.04 secs] 
2021-06-05T21:19:15.670+0800: 1943307.322: [GC (Allocation Failure) [PSYoungGen: 494112K->17984K(499200K)] 972215K->507221K(1023488K), 0.0252913 secs] [Times: user=0.03 sys=0.04, real=0.03 secs] 
2021-06-05T21:23:25.725+0800: 1943557.377: [GC (Allocation Failure) [PSYoungGen: 492608K->21568K(499712K)] 981845K->521579K(1024000K), 0.0374196 secs] [Times: user=0.04 sys=0.04, real=0.04 secs] 
2021-06-05T21:27:29.366+0800: 1943801.018: [GC (Allocation Failure) [PSYoungGen: 496704K->17536K(499712K)] 996715K->528344K(1024000K), 0.0329488 secs] [Times: user=0.04 sys=0.04, real=0.03 secs] 
2021-06-05T21:31:35.792+0800: 1944047.444: [GC (Allocation Failure) [PSYoungGen: 492672K->19488K(500224K)] 1003480K->540784K(1024512K), 0.0326487 secs] [Times: user=0.04 sys=0.04, real=0.03 secs] 
2021-06-05T21:31:35.825+0800: 1944047.477: [Full GC (Ergonomics) [PSYoungGen: 19488K->0K(500224K)] [ParOldGen: 521296K->320779K(524288K)] 540784K->320779K(1024512K), [Metaspace: 96999K->96999K(1138688K)], 0.4637894 secs] [Times: user=0.52 sys=0.51, real=0.46 secs] 
2021-06-05T21:35:38.833+0800: 1944290.485: [GC (Allocation Failure) [PSYoungGen: 475648K->20352K(499712K)] 796427K->341131K(1024000K), 0.0254551 secs] [Times: user=0.03 sys=0.03, real=0.02 secs] 
2021-06-05T21:39:43.683+0800: 1944535.335: [GC (Allocation Failure) [PSYoungGen: 496000K->18784K(500736K)] 816779K->352983K(1025024K), 0.0309384 secs] [Times: user=0.04 sys=0.05, real=0.03 secs] 
2021-06-05T21:43:50.958+0800: 1944782.610: [GC (Allocation Failure) [PSYoungGen: 495456K->20480K(500224K)] 829655K->366389K(1024512K), 0.0572658 secs] [Times: user=0.04 sys=0.04, real=0.06 secs] 
2021-06-05T21:47:57.601+0800: 1945029.253: [GC (Allocation Failure) [PSYoungGen: 497152K->17152K(500736K)] 843061K->373450K(1025024K), 0.0348010 secs] [Times: user=0.03 sys=0.04, real=0.04 secs] 
2021-06-05T21:52:06.568+0800: 1945278.220: [GC (Allocation Failure) [PSYoungGen: 494336K->18336K(500736K)] 850634K->384752K(1025024K), 0.0297059 secs] [Times: user=0.04 sys=0.04, real=0.03 secs] 
2021-06-05T21:56:17.427+0800: 1945529.079: [GC (Allocation Failure) [PSYoungGen: 495520K->15936K(500736K)] 861936K->393956K(1025024K), 0.0651392 secs] [Times: user=0.04 sys=0.04, real=0.06 secs] 
2021-06-05T22:00:26.361+0800: 1945778.013: [GC (Allocation Failure) [PSYoungGen: 493120K->20992K(498688K)] 871140K->411162K(1022976K), 0.0330749 secs] [Times: user=0.04 sys=0.04, real=0.04 secs] 
2021-06-05T22:04:38.792+0800: 1946030.444: [GC (Allocation Failure) [PSYoungGen: 498176K->17408K(500224K)] 888346K->418345K(1024512K), 0.0290657 secs] [Times: user=0.04 sys=0.04, real=0.02 secs] 
2021-06-05T22:08:44.645+0800: 1946276.297: [GC (Allocation Failure) [PSYoungGen: 493568K->21920K(498176K)] 894505K->433319K(1022464K), 0.0337231 secs] [Times: user=0.04 sys=0.05, real=0.03 secs] 
2021-06-05T22:12:49.431+0800: 1946521.083: [GC (Allocation Failure) [PSYoungGen: 498080K->18816K(500224K)] 909479K->441709K(1024512K), 0.0320308 secs] [Times: user=0.04 sys=0.04, real=0.04 secs] 
2021-06-05T22:16:56.520+0800: 1946768.172: [GC (Allocation Failure) [PSYoungGen: 494464K->19296K(499712K)] 917357K->453251K(1024000K), 0.0618655 secs] [Times: user=0.04 sys=0.04, real=0.06 secs] 
2021-06-05T22:21:05.042+0800: 1947016.694: [GC (Allocation Failure) [PSYoungGen: 494944K->19008K(501248K)] 928899K->464040K(1025536K), 0.0364905 secs] [Times: user=0.04 sys=0.05, real=0.04 secs] 
2021-06-05T22:25:11.843+0800: 1947263.495: [GC (Allocation Failure) [PSYoungGen: 496704K->19296K(500736K)] 941736K->475750K(1025024K), 0.0249254 secs] [Times: user=0.03 sys=0.03, real=0.02 secs] 
2021-06-05T22:29:21.819+0800: 1947513.471: [GC (Allocation Failure) [PSYoungGen: 496992K->20992K(501248K)] 953446K->489997K(1025536K), 0.0386029 secs] [Times: user=0.04 sys=0.05, real=0.04 secs] 
2021-06-05T22:33:31.703+0800: 1947763.356: [GC (Allocation Failure) [PSYoungGen: 499200K->14720K(493056K)] 968205K->495992K(1017344K), 0.0289725 secs] [Times: user=0.05 sys=0.04, real=0.03 secs] 
2021-06-05T22:37:43.603+0800: 1948015.255: [GC (Allocation Failure) [PSYoungGen: 492928K->18080K(500736K)] 974200K->509301K(1025024K), 0.0349028 secs] [Times: user=0.04 sys=0.04, real=0.03 secs] 
2021-06-05T22:41:47.985+0800: 1948259.637: [GC (Allocation Failure) [PSYoungGen: 495264K->18624K(500736K)] 986485K->520163K(1025024K), 0.0428679 secs] [Times: user=0.03 sys=0.04, real=0.04 secs] 
2021-06-05T22:46:00.538+0800: 1948512.190: [GC (Allocation Failure) [PSYoungGen: 495808K->15776K(501248K)] 997347K->528966K(1025536K), 0.0368961 secs] [Times: user=0.05 sys=0.05, real=0.04 secs] 
2021-06-05T22:46:00.575+0800: 1948512.227: [Full GC (Ergonomics) [PSYoungGen: 15776K->0K(501248K)] [ParOldGen: 513189K->306486K(524288K)] 528966K->306486K(1025536K), [Metaspace: 96999K->96999K(1138688K)], 0.4521841 secs] [Times: user=0.52 sys=0.51, real=0.45 secs] 
2021-06-05T22:50:08.953+0800: 1948760.605: [GC (Allocation Failure) [PSYoungGen: 478208K->18656K(501248K)] 784694K->325142K(1025536K), 0.0293761 secs] [Times: user=0.03 sys=0.03, real=0.03 secs] 
2021-06-05T22:54:17.244+0800: 1949008.896: [GC (Allocation Failure) [PSYoungGen: 496864K->20960K(500736K)] 803350K->339947K(1025024K), 0.0320587 secs] [Times: user=0.04 sys=0.04, real=0.03 secs] 
2021-06-05T22:58:27.302+0800: 1949258.954: [GC (Allocation Failure) [PSYoungGen: 499168K->18720K(501248K)] 818155K->350873K(1025536K), 0.0338387 secs] [Times: user=0.04 sys=0.04, real=0.03 secs] 
2021-06-05T23:02:38.280+0800: 1949509.932: [GC (Allocation Failure) [PSYoungGen: 496928K->16608K(501760K)] 829081K->359991K(1026048K), 0.0276174 secs] [Times: user=0.04 sys=0.04, real=0.03 secs] 
2021-06-05T23:06:51.797+0800: 1949763.449: [GC (Allocation Failure) [PSYoungGen: 495328K->16576K(501248K)] 838711K->370819K(1025536K), 0.0290632 secs] [Times: user=0.04 sys=0.04, real=0.03 secs] 
2021-06-05T23:11:00.232+0800: 1950011.884: [GC (Allocation Failure) [PSYoungGen: 495296K->19456K(501760K)] 849539K->384201K(1026048K), 0.0264583 secs] [Times: user=0.04 sys=0.04, real=0.02 secs] 
2021-06-05T23:15:09.302+0800: 1950260.954: [GC (Allocation Failure) [PSYoungGen: 498688K->20128K(499712K)] 863433K->396838K(1024000K), 0.0303734 secs] [Times: user=0.03 sys=0.04, real=0.04 secs] 
2021-06-05T23:19:15.308+0800: 1950506.960: [GC (Allocation Failure) [PSYoungGen: 499360K->17952K(501760K)] 876070K->406492K(1026048K), 0.0389820 secs] [Times: user=0.04 sys=0.05, real=0.04 secs] 
2021-06-05T23:23:22.710+0800: 1950754.362: [GC (Allocation Failure) [PSYoungGen: 496672K->22432K(501248K)] 885212K->421986K(1025536K), 0.0378536 secs] [Times: user=0.04 sys=0.05, real=0.04 secs] 
2021-06-05T23:27:27.762+0800: 1950999.414: [GC (Allocation Failure) [PSYoungGen: 501152K->22208K(498176K)] 900706K->432634K(1022464K), 0.0371389 secs] [Times: user=0.04 sys=0.05, real=0.04 secs] 
2021-06-05T23:31:35.142+0800: 1951246.794: [GC (Allocation Failure) [PSYoungGen: 497344K->17984K(499712K)] 907770K->439601K(1024000K), 0.0298294 secs] [Times: user=0.04 sys=0.04, real=0.03 secs] 
2021-06-05T23:35:42.990+0800: 1951494.642: [GC (Allocation Failure) [PSYoungGen: 493120K->15488K(499200K)] 914737K->447541K(1023488K), 0.0293100 secs] [Times: user=0.04 sys=0.04, real=0.03 secs] 
2021-06-05T23:39:52.957+0800: 1951744.609: [GC (Allocation Failure) [PSYoungGen: 490624K->16288K(499712K)] 922677K->458953K(1024000K), 0.0323951 secs] [Times: user=0.05 sys=0.04, real=0.03 secs] 
2021-06-05T23:44:02.395+0800: 1951994.047: [GC (Allocation Failure) [PSYoungGen: 491424K->20352K(499200K)] 934089K->472416K(1023488K), 0.0545112 secs] [Times: user=0.06 sys=0.05, real=0.05 secs] 
2021-06-05T23:48:06.675+0800: 1952238.327: [GC (Allocation Failure) [PSYoungGen: 495488K->19072K(499712K)] 947552K->483148K(1024000K), 0.0368544 secs] [Times: user=0.09 sys=0.00, real=0.03 secs] 
2021-06-05T23:52:11.686+0800: 1952483.338: [GC (Allocation Failure) [PSYoungGen: 494208K->17600K(500736K)] 958284K->492025K(1025024K), 0.0359765 secs] [Times: user=0.04 sys=0.05, real=0.04 secs] 
2021-06-05T23:56:16.382+0800: 1952728.034: [GC (Allocation Failure) [PSYoungGen: 494272K->19872K(500224K)] 968697K->504943K(1024512K), 0.0352778 secs] [Times: user=0.05 sys=0.05, real=0.03 secs] 
2021-06-06T00:00:12.075+0800: 1952963.727: [GC (Allocation Failure) [PSYoungGen: 496544K->17344K(500736K)] 981615K->514076K(1025024K), 0.0312949 secs] [Times: user=0.04 sys=0.04, real=0.03 secs] 
2021-06-06T00:04:19.146+0800: 1953210.798: [GC (Allocation Failure) [PSYoungGen: 494528K->15072K(500736K)] 991260K->523601K(1025024K), 0.0317126 secs] [Times: user=0.04 sys=0.05, real=0.03 secs] 
2021-06-06T00:08:27.133+0800: 1953458.785: [GC (Allocation Failure) [PSYoungGen: 492256K->16544K(500736K)] 1000785K->534950K(1025024K), 0.0306288 secs] [Times: user=0.03 sys=0.04, real=0.03 secs] 
2021-06-06T00:08:27.164+0800: 1953458.816: [Full GC (Ergonomics) [PSYoungGen: 16544K->0K(500736K)] [ParOldGen: 518406K->321310K(524288K)] 534950K->321310K(1025024K), [Metaspace: 97009K->97009K(1138688K)], 0.5085149 secs] [Times: user=0.56 sys=0.56, real=0.51 secs] 
2021-06-06T00:12:30.626+0800: 1953702.278: [GC (Allocation Failure) [PSYoungGen: 477184K->19648K(500736K)] 798494K->340958K(1025024K), 0.0343223 secs] [Times: user=0.03 sys=0.04, real=0.03 secs] 
2021-06-06T00:16:35.812+0800: 1953947.464: [GC (Allocation Failure) [PSYoungGen: 496832K->16736K(501248K)] 818142K->351449K(1025536K), 0.0284453 secs] [Times: user=0.04 sys=0.04, real=0.02 secs] 
2021-06-06T00:20:44.175+0800: 1954195.827: [GC (Allocation Failure) [PSYoungGen: 494432K->16320K(500736K)] 829145K->361894K(1025024K), 0.0318028 secs] [Times: user=0.04 sys=0.04, real=0.03 secs] 
2021-06-06T00:24:50.861+0800: 1954442.513: [GC (Allocation Failure) [PSYoungGen: 494016K->19264K(501248K)] 839590K->374500K(1025536K), 0.0303277 secs] [Times: user=0.04 sys=0.04, real=0.03 secs] 
2021-06-06T00:29:03.358+0800: 1954695.010: [GC (Allocation Failure) [PSYoungGen: 497472K->18688K(501248K)] 852708K->385283K(1025536K), 0.0313385 secs] [Times: user=0.04 sys=0.04, real=0.03 secs] 
2021-06-06T00:33:16.735+0800: 1954948.387: [GC (Allocation Failure) [PSYoungGen: 496896K->20320K(500736K)] 863491K->398585K(1025024K), 0.0329810 secs] [Times: user=0.04 sys=0.04, real=0.03 secs] 
2021-06-06T00:37:27.608+0800: 1955199.260: [GC (Allocation Failure) [PSYoungGen: 498528K->18336K(501248K)] 876793K->409022K(1025536K), 0.0340495 secs] [Times: user=0.03 sys=0.05, real=0.04 secs] 
2021-06-06T00:41:34.454+0800: 1955446.106: [GC (Allocation Failure) [PSYoungGen: 496544K->17344K(501760K)] 887230K->418803K(1026048K), 0.0834074 secs] [Times: user=0.05 sys=0.06, real=0.08 secs] 
2021-06-06T00:45:42.661+0800: 1955694.313: [GC (Allocation Failure) [PSYoungGen: 496576K->18496K(501760K)] 898035K->431145K(1026048K), 0.0313538 secs] [Times: user=0.04 sys=0.04, real=0.04 secs] 
2021-06-06T00:49:48.840+0800: 1955940.492: [GC (Allocation Failure) [PSYoungGen: 497728K->17408K(502272K)] 910377K->442958K(1026560K), 0.0306671 secs] [Times: user=0.04 sys=0.05, real=0.03 secs] 
2021-06-06T00:53:59.182+0800: 1956190.834: [GC (Allocation Failure) [PSYoungGen: 497664K->19360K(502272K)] 923214K->454941K(1026560K), 0.0441492 secs] [Times: user=0.05 sys=0.06, real=0.05 secs] 
2021-06-06T00:58:09.084+0800: 1956440.736: [GC (Allocation Failure) [PSYoungGen: 499616K->17728K(502272K)] 935197K->465402K(1026560K), 0.0326324 secs] [Times: user=0.04 sys=0.04, real=0.03 secs] 
2021-06-06T01:02:19.261+0800: 1956690.913: [GC (Allocation Failure) [PSYoungGen: 497984K->19904K(502272K)] 945658K->478174K(1026560K), 0.0646113 secs] [Times: user=0.04 sys=0.05, real=0.07 secs] 
2021-06-06T01:06:18.594+0800: 1956930.246: [GC (Allocation Failure) [PSYoungGen: 500160K->18602K(502272K)] 958430K->488414K(1026560K), 0.0352411 secs] [Times: user=0.05 sys=0.04, real=0.03 secs] 
2021-06-06T01:10:28.607+0800: 1957180.259: [GC (Allocation Failure) [PSYoungGen: 498858K->19040K(502272K)] 968670K->499932K(1026560K), 0.0351655 secs] [Times: user=0.03 sys=0.04, real=0.04 secs] 
2021-06-06T01:14:39.313+0800: 1957430.965: [GC (Allocation Failure) [PSYoungGen: 499296K->16544K(502784K)] 980188K->508985K(1027072K), 0.0384720 secs] [Times: user=0.04 sys=0.05, real=0.03 secs] 
2021-06-06T01:18:49.986+0800: 1957681.638: [GC (Allocation Failure) [PSYoungGen: 497824K->18016K(502784K)] 990265K->520982K(1027072K), 0.0386013 secs] [Times: user=0.04 sys=0.04, real=0.04 secs] 
2021-06-06T01:22:59.666+0800: 1957931.318: [GC (Allocation Failure) [PSYoungGen: 499296K->19392K(502784K)] 1002262K->531396K(1027072K), 0.0358008 secs] [Times: user=0.04 sys=0.04, real=0.03 secs] 
2021-06-06T01:22:59.702+0800: 1957931.354: [Full GC (Ergonomics) [PSYoungGen: 19392K->0K(502784K)] [ParOldGen: 512004K->307596K(524288K)] 531396K->307596K(1027072K), [Metaspace: 97009K->97009K(1138688K)], 0.4881553 secs] [Times: user=1.06 sys=0.00, real=0.48 secs] 
2021-06-06T01:27:14.500+0800: 1958186.152: [GC (Allocation Failure) [PSYoungGen: 481280K->14368K(496128K)] 788876K->321964K(1020416K), 0.0219657 secs] [Times: user=0.03 sys=0.04, real=0.03 secs] 
2021-06-06T01:31:27.288+0800: 1958438.940: [GC (Allocation Failure) [PSYoungGen: 495648K->17152K(502784K)] 803244K->336299K(1027072K), 0.0321850 secs] [Times: user=0.04 sys=0.04, real=0.03 secs] 
2021-06-06T01:35:39.487+0800: 1958691.139: [GC (Allocation Failure) [PSYoungGen: 497920K->21472K(502272K)] 817067K->350178K(1026560K), 0.0339104 secs] [Times: user=0.04 sys=0.05, real=0.03 secs] 
2021-06-06T01:39:50.288+0800: 1958941.940: [GC (Allocation Failure) [PSYoungGen: 502240K->16800K(494080K)] 830946K->357710K(1018368K), 0.0354239 secs] [Times: user=0.04 sys=0.04, real=0.04 secs] 
2021-06-06T01:43:53.263+0800: 1959184.915: [GC (Allocation Failure) [PSYoungGen: 488864K->19488K(498176K)] 829774K->369573K(1022464K), 0.0293150 secs] [Times: user=0.07 sys=0.00, real=0.03 secs] 
2021-06-06T01:48:03.831+0800: 1959435.483: [GC (Allocation Failure) [PSYoungGen: 491552K->18848K(499200K)] 841637K->380610K(1023488K), 0.0373108 secs] [Times: user=0.04 sys=0.04, real=0.04 secs] 
2021-06-06T01:52:11.588+0800: 1959683.240: [GC (Allocation Failure) [PSYoungGen: 492448K->17120K(498688K)] 854210K->391697K(1022976K), 0.0327157 secs] [Times: user=0.04 sys=0.05, real=0.03 secs] 
2021-06-06T01:56:20.238+0800: 1959931.890: [GC (Allocation Failure) [PSYoungGen: 490720K->17248K(499712K)] 865297K->402783K(1024000K), 0.0329319 secs] [Times: user=0.04 sys=0.05, real=0.03 secs] 
2021-06-06T02:00:30.811+0800: 1960182.464: [GC (Allocation Failure) [PSYoungGen: 492376K->20256K(499712K)] 877911K->417133K(1024000K), 0.0305059 secs] [Times: user=0.04 sys=0.04, real=0.04 secs] 
2021-06-06T02:04:39.123+0800: 1960430.775: [GC (Allocation Failure) [PSYoungGen: 495392K->17312K(500224K)] 892269K->424594K(1024512K), 0.0337089 secs] [Times: user=0.04 sys=0.04, real=0.03 secs] 
2021-06-06T02:08:44.156+0800: 1960675.808: [GC (Allocation Failure) [PSYoungGen: 492960K->22240K(498176K)] 900242K->440456K(1022464K), 0.0387928 secs] [Times: user=0.05 sys=0.04, real=0.04 secs] 
2021-06-06T02:12:51.962+0800: 1960923.614: [GC (Allocation Failure) [PSYoungGen: 497888K->18240K(499712K)] 916104K->449326K(1024000K), 0.0528452 secs] [Times: user=0.05 sys=0.04, real=0.05 secs] 
2021-06-06T02:16:59.741+0800: 1961171.393: [GC (Allocation Failure) [PSYoungGen: 492864K->17984K(499200K)] 923950K->460571K(1023488K), 0.0327139 secs] [Times: user=0.04 sys=0.04, real=0.04 secs] 
2021-06-06T02:21:05.704+0800: 1961417.356: [GC (Allocation Failure) [PSYoungGen: 492608K->18272K(500736K)] 935195K->471480K(1025024K), 0.0357325 secs] [Times: user=0.04 sys=0.04, real=0.03 secs] 
2021-06-06T02:25:11.870+0800: 1961663.522: [GC (Allocation Failure) [PSYoungGen: 494944K->23488K(500224K)] 948152K->486520K(1024512K), 0.0565226 secs] [Times: user=0.04 sys=0.05, real=0.06 secs] 
2021-06-06T02:29:21.952+0800: 1961913.604: [GC (Allocation Failure) [PSYoungGen: 500160K->19584K(499200K)] 963192K->494093K(1023488K), 0.0863340 secs] [Times: user=0.05 sys=0.04, real=0.09 secs] 
2021-06-06T02:33:35.273+0800: 1962166.925: [GC (Allocation Failure) [PSYoungGen: 494720K->16800K(499712K)] 969229K->500553K(1024000K), 0.0485555 secs] [Times: user=0.04 sys=0.03, real=0.04 secs] 
2021-06-06T02:37:41.086+0800: 1962412.738: [GC (Allocation Failure) [PSYoungGen: 491936K->19552K(500224K)] 975689K->512287K(1024512K), 0.0322552 secs] [Times: user=0.04 sys=0.04, real=0.03 secs] 
2021-06-06T02:41:48.486+0800: 1962660.138: [GC (Allocation Failure) [PSYoungGen: 495200K->17024K(499712K)] 987935K->521197K(1024000K), 0.0286425 secs] [Times: user=0.04 sys=0.03, real=0.03 secs] 
2021-06-06T02:45:54.102+0800: 1962905.754: [GC (Allocation Failure) [PSYoungGen: 492672K->16864K(500224K)] 996845K->532362K(1024512K), 0.0679476 secs] [Times: user=0.04 sys=0.04, real=0.07 secs] 
2021-06-06T02:45:54.171+0800: 1962905.823: [Full GC (Ergonomics) [PSYoungGen: 16864K->0K(500224K)] [ParOldGen: 515498K->316843K(524288K)] 532362K->316843K(1024512K), [Metaspace: 97009K->97009K(1138688K)], 0.4562937 secs] [Times: user=1.03 sys=0.00, real=0.46 secs] 
2021-06-06T02:49:59.431+0800: 1963151.083: [GC (Allocation Failure) [PSYoungGen: 476160K->18720K(500224K)] 793003K->335564K(1024512K), 0.0447886 secs] [Times: user=0.03 sys=0.03, real=0.05 secs] 
2021-06-06T02:54:06.605+0800: 1963398.257: [GC (Allocation Failure) [PSYoungGen: 494880K->20096K(500736K)] 811724K->350568K(1025024K), 0.0349937 secs] [Times: user=0.05 sys=0.05, real=0.03 secs] 
2021-06-06T02:58:15.198+0800: 1963646.850: [GC (Allocation Failure) [PSYoungGen: 497280K->18368K(500736K)] 827752K->359774K(1025024K), 0.0311557 secs] [Times: user=0.03 sys=0.04, real=0.03 secs] 
2021-06-06T03:02:25.412+0800: 1963897.064: [GC (Allocation Failure) [PSYoungGen: 495552K->20224K(501248K)] 836958K->371460K(1025536K), 0.0327737 secs] [Times: user=0.05 sys=0.04, real=0.03 secs] 
2021-06-06T03:06:36.335+0800: 1964147.987: [GC (Allocation Failure) [PSYoungGen: 498372K->17344K(501248K)] 849608K->378811K(1025536K), 0.0264521 secs] [Times: user=0.04 sys=0.04, real=0.02 secs] 
2021-06-06T03:10:46.215+0800: 1964397.867: [GC (Allocation Failure) [PSYoungGen: 495552K->20000K(501248K)] 857019K->392401K(1025536K), 0.0346859 secs] [Times: user=0.04 sys=0.05, real=0.03 secs] 
2021-06-06T03:14:52.143+0800: 1964643.795: [GC (Allocation Failure) [PSYoungGen: 498208K->20864K(499200K)] 870609K->405168K(1023488K), 0.0324466 secs] [Times: user=0.04 sys=0.04, real=0.03 secs] 
2021-06-06T03:19:00.277+0800: 1964891.929: [GC (Allocation Failure) [PSYoungGen: 499072K->17664K(500736K)] 883376K->413542K(1025024K), 0.0336959 secs] [Times: user=0.03 sys=0.05, real=0.03 secs] 
2021-06-06T03:23:04.251+0800: 1965135.903: [GC (Allocation Failure) [PSYoungGen: 494848K->20160K(500736K)] 890726K->427716K(1025024K), 0.0360702 secs] [Times: user=0.05 sys=0.04, real=0.04 secs] 
2021-06-06T03:27:12.640+0800: 1965384.292: [GC (Allocation Failure) [PSYoungGen: 497344K->22112K(499712K)] 904900K->440811K(1024000K), 0.0341998 secs] [Times: user=0.08 sys=0.00, real=0.04 secs] 
2021-06-06T03:31:19.553+0800: 1965631.205: [GC (Allocation Failure) [PSYoungGen: 498272K->18304K(500224K)] 916971K->447753K(1024512K), 0.0421406 secs] [Times: user=0.10 sys=0.00, real=0.04 secs] 
2021-06-06T03:35:24.569+0800: 1965876.221: [GC (Allocation Failure) [PSYoungGen: 494464K->18816K(500736K)] 923913K->459711K(1025024K), 0.0383519 secs] [Times: user=0.05 sys=0.06, real=0.04 secs] 
2021-06-06T03:39:32.246+0800: 1966123.898: [GC (Allocation Failure) [PSYoungGen: 495488K->18016K(500224K)] 936383K->470341K(1024512K), 0.0392463 secs] [Times: user=0.03 sys=0.04, real=0.04 secs] 
2021-06-06T03:43:39.218+0800: 1966370.870: [GC (Allocation Failure) [PSYoungGen: 494688K->22496K(499200K)] 947013K->484821K(1023488K), 0.0338225 secs] [Times: user=0.04 sys=0.05, real=0.04 secs] 
2021-06-06T03:47:47.502+0800: 1966619.154: [GC (Allocation Failure) [PSYoungGen: 498656K->22304K(498688K)] 960981K->496524K(1022976K), 0.0556739 secs] [Times: user=0.04 sys=0.04, real=0.05 secs] 
2021-06-06T03:51:54.672+0800: 1966866.324: [GC (Allocation Failure) [PSYoungGen: 498464K->17696K(499712K)] 972684K->504753K(1024000K), 0.0300187 secs] [Times: user=0.04 sys=0.05, real=0.03 secs] 
2021-06-06T03:56:04.630+0800: 1967116.282: [GC (Allocation Failure) [PSYoungGen: 492832K->16000K(499712K)] 979889K->514646K(1024000K), 0.0362460 secs] [Times: user=0.05 sys=0.05, real=0.04 secs] 
2021-06-06T04:00:08.805+0800: 1967360.457: [GC (Allocation Failure) [PSYoungGen: 491136K->22848K(497664K)] 989782K->531749K(1021952K), 0.0349592 secs] [Times: user=0.04 sys=0.04, real=0.03 secs] 
2021-06-06T04:04:17.478+0800: 1967609.130: [GC (Allocation Failure) [PSYoungGen: 495936K->20736K(498688K)] 1004837K->542019K(1022976K), 0.0374685 secs] [Times: user=0.05 sys=0.05, real=0.04 secs] 
2021-06-06T04:04:17.516+0800: 1967609.169: [Full GC (Ergonomics) [PSYoungGen: 20736K->0K(498688K)] [ParOldGen: 521283K->319626K(524288K)] 542019K->319626K(1022976K), [Metaspace: 97009K->97009K(1138688K)], 0.5189499 secs] [Times: user=0.55 sys=0.55, real=0.52 secs] 
2021-06-06T04:08:22.680+0800: 1967854.332: [GC (Allocation Failure) [PSYoungGen: 473088K->19392K(499200K)] 792714K->339018K(1023488K), 0.0420358 secs] [Times: user=0.04 sys=0.05, real=0.05 secs] 
2021-06-06T04:12:31.111+0800: 1968102.763: [GC (Allocation Failure) [PSYoungGen: 492992K->16864K(498688K)] 812618K->349310K(1022976K), 0.0426302 secs] [Times: user=0.10 sys=0.00, real=0.05 secs] 
2021-06-06T04:16:41.332+0800: 1968352.984: [GC (Allocation Failure) [PSYoungGen: 490464K->17024K(499712K)] 822910K->358245K(1024000K), 0.0314296 secs] [Times: user=0.04 sys=0.04, real=0.03 secs] 
2021-06-06T04:20:45.097+0800: 1968596.749: [GC (Allocation Failure) [PSYoungGen: 491648K->21696K(499200K)] 832869K->373475K(1023488K), 0.0419654 secs] [Times: user=0.05 sys=0.06, real=0.04 secs] 
2021-06-06T04:24:48.761+0800: 1968840.414: [GC (Allocation Failure) [PSYoungGen: 496320K->19584K(499712K)] 848099K->382769K(1024000K), 0.0390141 secs] [Times: user=0.06 sys=0.05, real=0.04 secs] 
2021-06-06T04:28:54.736+0800: 1969086.388: [GC (Allocation Failure) [PSYoungGen: 494208K->18176K(499200K)] 857393K->393750K(1023488K), 0.0978708 secs] [Times: user=0.05 sys=0.05, real=0.11 secs] 
2021-06-06T04:33:01.874+0800: 1969333.526: [GC (Allocation Failure) [PSYoungGen: 492800K->17760K(500224K)] 868374K->403405K(1024512K), 0.0310322 secs] [Times: user=0.04 sys=0.04, real=0.03 secs] 
2021-06-06T04:37:09.355+0800: 1969581.007: [GC (Allocation Failure) [PSYoungGen: 493408K->20768K(499712K)] 879053K->417643K(1024000K), 0.0493000 secs] [Times: user=0.05 sys=0.06, real=0.05 secs] 
2021-06-06T04:41:17.695+0800: 1969829.347: [GC (Allocation Failure) [PSYoungGen: 496416K->18496K(500224K)] 893291K->427425K(1024512K), 0.0358434 secs] [Times: user=0.04 sys=0.04, real=0.03 secs] 
2021-06-06T04:45:20.429+0800: 1970072.081: [GC (Allocation Failure) [PSYoungGen: 494656K->20320K(500224K)] 903585K->440000K(1024512K), 0.0392957 secs] [Times: user=0.04 sys=0.05, real=0.04 secs] 
2021-06-06T04:49:28.264+0800: 1970319.916: [GC (Allocation Failure) [PSYoungGen: 496480K->20000K(500736K)] 916160K->451342K(1025024K), 0.0362754 secs] [Times: user=0.05 sys=0.05, real=0.03 secs] 
2021-06-06T04:53:33.894+0800: 1970565.546: [GC (Allocation Failure) [PSYoungGen: 496672K->19072K(500224K)] 928014K->461812K(1024512K), 0.0338446 secs] [Times: user=0.04 sys=0.04, real=0.03 secs] 
2021-06-06T04:57:45.210+0800: 1970816.862: [GC (Allocation Failure) [PSYoungGen: 495744K->17728K(501248K)] 938484K->471287K(1025536K), 0.0727528 secs] [Times: user=0.03 sys=0.05, real=0.08 secs] 
2021-06-06T05:01:53.708+0800: 1971065.360: [GC (Allocation Failure) [PSYoungGen: 495424K->21792K(499712K)] 948983K->485221K(1024000K), 0.0373406 secs] [Times: user=0.05 sys=0.05, real=0.04 secs] 
2021-06-06T05:06:00.471+0800: 1971312.123: [GC (Allocation Failure) [PSYoungGen: 499488K->22752K(499200K)] 962917K->497605K(1023488K), 0.0369897 secs] [Times: user=0.04 sys=0.04, real=0.04 secs] 
2021-06-06T05:10:08.032+0800: 1971559.684: [GC (Allocation Failure) [PSYoungGen: 497888K->18496K(499712K)] 972741K->506251K(1024000K), 0.0351665 secs] [Times: user=0.05 sys=0.04, real=0.03 secs] 
2021-06-06T05:14:17.423+0800: 1971809.075: [GC (Allocation Failure) [PSYoungGen: 493632K->18080K(500224K)] 981387K->515537K(1024512K), 0.0320429 secs] [Times: user=0.05 sys=0.04, real=0.03 secs] 
2021-06-06T05:18:20.390+0800: 1972052.042: [GC (Allocation Failure) [PSYoungGen: 493728K->21664K(499712K)] 991185K->529079K(1024000K), 0.0434815 secs] [Times: user=0.10 sys=0.00, real=0.05 secs] 
2021-06-06T05:22:27.116+0800: 1972298.768: [GC (Allocation Failure) [PSYoungGen: 497312K->20256K(499712K)] 1004727K->538741K(1024000K), 0.0420458 secs] [Times: user=0.04 sys=0.06, real=0.04 secs] 
2021-06-06T05:22:27.159+0800: 1972298.811: [Full GC (Ergonomics) [PSYoungGen: 20256K->0K(499712K)] [ParOldGen: 518485K->314088K(524288K)] 538741K->314088K(1024000K), [Metaspace: 97009K->97009K(1138688K)], 0.6118410 secs] [Times: user=1.26 sys=0.00, real=0.61 secs] 
2021-06-06T05:26:33.249+0800: 1972544.901: [GC (Allocation Failure) [PSYoungGen: 475136K->19136K(499712K)] 789224K->333224K(1024000K), 0.0463310 secs] [Times: user=0.05 sys=0.04, real=0.05 secs] 
2021-06-06T05:30:38.464+0800: 1972790.116: [GC (Allocation Failure) [PSYoungGen: 494272K->21696K(499200K)] 808360K->347334K(1023488K), 0.0325007 secs] [Times: user=0.04 sys=0.05, real=0.03 secs] 
2021-06-06T05:34:44.739+0800: 1973036.391: [GC (Allocation Failure) [PSYoungGen: 496832K->19136K(499712K)] 822470K->357347K(1024000K), 0.0430473 secs] [Times: user=0.06 sys=0.05, real=0.04 secs] 
2021-06-06T05:38:49.333+0800: 1973280.988: [GC (Allocation Failure) [PSYoungGen: 494272K->19712K(500736K)] 832483K->368289K(1025024K), 0.0445450 secs] [Times: user=0.04 sys=0.04, real=0.04 secs] 
2021-06-06T05:42:49.810+0800: 1973521.462: [GC (Allocation Failure) [PSYoungGen: 496384K->20928K(500224K)] 844961K->379991K(1024512K), 0.0386072 secs] [Times: user=0.05 sys=0.05, real=0.04 secs] 
2021-06-06T05:46:55.518+0800: 1973767.170: [GC (Allocation Failure) [PSYoungGen: 497600K->19104K(500736K)] 856663K->389436K(1025024K), 0.0496969 secs] [Times: user=0.05 sys=0.05, real=0.05 secs] 
2021-06-06T05:51:04.154+0800: 1974015.807: [GC (Allocation Failure) [PSYoungGen: 496288K->18848K(500736K)] 866620K->399608K(1025024K), 0.0373232 secs] [Times: user=0.05 sys=0.05, real=0.03 secs] 
2021-06-06T05:55:09.679+0800: 1974261.331: [GC (Allocation Failure) [PSYoungGen: 496032K->21856K(500736K)] 876792K->413087K(1025024K), 0.0421505 secs] [Times: user=0.04 sys=0.05, real=0.04 secs] 
2021-06-06T05:59:18.978+0800: 1974510.630: [GC (Allocation Failure) [PSYoungGen: 499040K->18368K(500736K)] 890271K->422084K(1025024K), 0.0324732 secs] [Times: user=0.04 sys=0.05, real=0.03 secs] 
2021-06-06T06:03:24.685+0800: 1974756.337: [GC (Allocation Failure) [PSYoungGen: 495552K->19136K(500736K)] 899268K->434314K(1025024K), 0.0336512 secs] [Times: user=0.05 sys=0.04, real=0.03 secs] 
2021-06-06T06:07:32.013+0800: 1975003.665: [GC (Allocation Failure) [PSYoungGen: 496320K->21408K(500736K)] 911498K->446888K(1025024K), 0.0447288 secs] [Times: user=0.06 sys=0.06, real=0.04 secs] 
2021-06-06T06:11:38.172+0800: 1975249.824: [GC (Allocation Failure) [PSYoungGen: 498592K->19008K(500736K)] 924072K->456109K(1025024K), 0.0410065 secs] [Times: user=0.05 sys=0.06, real=0.05 secs] 
2021-06-06T06:15:44.731+0800: 1975496.383: [GC (Allocation Failure) [PSYoungGen: 496192K->20672K(500736K)] 933293K->468068K(1025024K), 0.0404944 secs] [Times: user=0.05 sys=0.05, real=0.04 secs] 
2021-06-06T06:19:49.778+0800: 1975741.430: [GC (Allocation Failure) [PSYoungGen: 497856K->20640K(500736K)] 945252K->479538K(1025024K), 0.0439877 secs] [Times: user=0.05 sys=0.06, real=0.04 secs] 
2021-06-06T06:23:56.954+0800: 1975988.606: [GC (Allocation Failure) [PSYoungGen: 497824K->19808K(500736K)] 956722K->488720K(1025024K), 0.0430299 secs] [Times: user=0.05 sys=0.04, real=0.04 secs] 
2021-06-06T06:28:05.218+0800: 1976236.870: [GC (Allocation Failure) [PSYoungGen: 496992K->18528K(501248K)] 965904K->498445K(1025536K), 0.0464255 secs] [Times: user=0.05 sys=0.04, real=0.05 secs] 
2021-06-06T06:32:15.208+0800: 1976486.860: [GC (Allocation Failure) [PSYoungGen: 496736K->21184K(501248K)] 976653K->511891K(1025536K), 0.0362016 secs] [Times: user=0.04 sys=0.04, real=0.04 secs] 
2021-06-06T06:36:22.883+0800: 1976734.535: [GC (Allocation Failure) [PSYoungGen: 499392K->18400K(501248K)] 990099K->520576K(1025536K), 0.0387321 secs] [Times: user=0.05 sys=0.05, real=0.03 secs] 
2021-06-06T06:40:30.688+0800: 1976982.340: [GC (Allocation Failure) [PSYoungGen: 496608K->18912K(501248K)] 998784K->531591K(1025536K), 0.0491156 secs] [Times: user=0.06 sys=0.07, real=0.05 secs] 
2021-06-06T06:40:30.738+0800: 1976982.390: [Full GC (Ergonomics) [PSYoungGen: 18912K->0K(501248K)] [ParOldGen: 512679K->313943K(524288K)] 531591K->313943K(1025536K), [Metaspace: 97009K->97009K(1138688K)], 0.6224622 secs] [Times: user=1.20 sys=0.00, real=0.62 secs] 
2021-06-06T06:44:36.332+0800: 1977227.984: [GC (Allocation Failure) [PSYoungGen: 478208K->18816K(501248K)] 792151K->332759K(1025536K), 0.0358950 secs] [Times: user=0.05 sys=0.04, real=0.04 secs] 
2021-06-06T06:48:45.570+0800: 1977477.222: [GC (Allocation Failure) [PSYoungGen: 497024K->19104K(501248K)] 810967K->344861K(1025536K), 0.0764079 secs] [Times: user=0.05 sys=0.05, real=0.08 secs] 
2021-06-06T06:52:52.773+0800: 1977724.425: [GC (Allocation Failure) [PSYoungGen: 497312K->19904K(501760K)] 823069K->356730K(1026048K), 0.0438949 secs] [Times: user=0.04 sys=0.05, real=0.04 secs] 
2021-06-06T06:57:01.798+0800: 1977973.450: [GC (Allocation Failure) [PSYoungGen: 499136K->20704K(501760K)] 835962K->369937K(1026048K), 0.0395958 secs] [Times: user=0.05 sys=0.05, real=0.04 secs] 
2021-06-06T07:01:10.853+0800: 1978222.505: [GC (Allocation Failure) [PSYoungGen: 499936K->19904K(501760K)] 849169K->380512K(1026048K), 0.0409504 secs] [Times: user=0.10 sys=0.00, real=0.04 secs] 
2021-06-06T07:05:12.757+0800: 1978464.409: [GC (Allocation Failure) [PSYoungGen: 499136K->20202K(501760K)] 859744K->393169K(1026048K), 0.0406104 secs] [Times: user=0.04 sys=0.05, real=0.04 secs] 
2021-06-06T07:09:21.706+0800: 1978713.358: [GC (Allocation Failure) [PSYoungGen: 499434K->17664K(501760K)] 872401K->400136K(1026048K), 0.0411436 secs] [Times: user=0.05 sys=0.05, real=0.04 secs] 
2021-06-06T07:13:28.088+0800: 1978959.740: [GC (Allocation Failure) [PSYoungGen: 496896K->20384K(501760K)] 879368K->412230K(1026048K), 0.0375666 secs] [Times: user=0.04 sys=0.04, real=0.04 secs] 
2021-06-06T07:17:38.795+0800: 1979210.447: [GC (Allocation Failure) [PSYoungGen: 499616K->19680K(501760K)] 891462K->423668K(1026048K), 0.0452867 secs] [Times: user=0.05 sys=0.05, real=0.04 secs] 
2021-06-06T07:21:46.188+0800: 1979457.840: [GC (Allocation Failure) [PSYoungGen: 498912K->17728K(501760K)] 902900K->431371K(1026048K), 0.0350721 secs] [Times: user=0.04 sys=0.04, real=0.04 secs] 
2021-06-06T07:25:52.215+0800: 1979703.867: [GC (Allocation Failure) [PSYoungGen: 496960K->21056K(501760K)] 910603K->445937K(1026048K), 0.0395384 secs] [Times: user=0.05 sys=0.05, real=0.04 secs] 
2021-06-06T07:30:01.883+0800: 1979953.535: [GC (Allocation Failure) [PSYoungGen: 500288K->16896K(496640K)] 925169K->453740K(1020928K), 0.0329851 secs] [Times: user=0.04 sys=0.04, real=0.03 secs] 
2021-06-06T07:34:12.225+0800: 1980203.877: [GC (Allocation Failure) [PSYoungGen: 496128K->16992K(501248K)] 932972K->464170K(1025536K), 0.0336525 secs] [Times: user=0.05 sys=0.05, real=0.03 secs] 
2021-06-06T07:38:17.358+0800: 1980449.010: [GC (Allocation Failure) [PSYoungGen: 495200K->19136K(501248K)] 942378K->476640K(1025536K), 0.0304747 secs] [Times: user=0.04 sys=0.05, real=0.03 secs] 
2021-06-06T07:42:26.281+0800: 1980697.933: [GC (Allocation Failure) [PSYoungGen: 497344K->17568K(501760K)] 954848K->486726K(1026048K), 0.0411118 secs] [Times: user=0.04 sys=0.05, real=0.05 secs] 
2021-06-06T07:46:37.794+0800: 1980949.446: [GC (Allocation Failure) [PSYoungGen: 496800K->17408K(501760K)] 965958K->497851K(1026048K), 0.0309699 secs] [Times: user=0.04 sys=0.04, real=0.03 secs] 
2021-06-06T07:50:44.924+0800: 1981196.576: [GC (Allocation Failure) [PSYoungGen: 496640K->21024K(500736K)] 977083K->512234K(1025024K), 0.0428759 secs] [Times: user=0.04 sys=0.06, real=0.04 secs] 
2021-06-06T07:54:54.681+0800: 1981446.333: [GC (Allocation Failure) [PSYoungGen: 499232K->17632K(501248K)] 990442K->521021K(1025536K), 0.0321044 secs] [Times: user=0.05 sys=0.05, real=0.04 secs] 
2021-06-06T07:59:03.133+0800: 1981694.785: [GC (Allocation Failure) [PSYoungGen: 495840K->16736K(501248K)] 999229K->531338K(1025536K), 0.0326480 secs] [Times: user=0.04 sys=0.04, real=0.03 secs] 
2021-06-06T07:59:03.166+0800: 1981694.819: [Full GC (Ergonomics) [PSYoungGen: 16736K->0K(501248K)] [ParOldGen: 514602K->310943K(524288K)] 531338K->310943K(1025536K), [Metaspace: 97009K->97009K(1138688K)], 0.5060351 secs] [Times: user=1.12 sys=0.00, real=0.51 secs] 
2021-06-06T08:03:11.973+0800: 1981943.625: [GC (Allocation Failure) [PSYoungGen: 478208K->18432K(501248K)] 789151K->329375K(1025536K), 0.0329013 secs] [Times: user=0.04 sys=0.03, real=0.03 secs] 
2021-06-06T08:07:21.402+0800: 1982193.054: [GC (Allocation Failure) [PSYoungGen: 496640K->18048K(502272K)] 807583K->341355K(1026560K), 0.0351605 secs] [Times: user=0.04 sys=0.04, real=0.03 secs] 
2021-06-06T08:11:28.043+0800: 1982439.695: [GC (Allocation Failure) [PSYoungGen: 497792K->19200K(501760K)] 821099K->353680K(1026048K), 0.0337714 secs] [Times: user=0.04 sys=0.05, real=0.03 secs] 
2021-06-06T08:15:37.660+0800: 1982689.313: [GC (Allocation Failure) [PSYoungGen: 498944K->19200K(502272K)] 833424K->366093K(1026560K), 0.0331304 secs] [Times: user=0.05 sys=0.05, real=0.04 secs] 
2021-06-06T08:19:46.696+0800: 1982938.348: [GC (Allocation Failure) [PSYoungGen: 499456K->18848K(502272K)] 846349K->376187K(1026560K), 0.0297121 secs] [Times: user=0.03 sys=0.04, real=0.03 secs] 
2021-06-06T08:23:56.826+0800: 1983188.478: [GC (Allocation Failure) [PSYoungGen: 499104K->18496K(502784K)] 856443K->386481K(1027072K), 0.0384502 secs] [Times: user=0.04 sys=0.04, real=0.04 secs] 
2021-06-06T08:28:07.564+0800: 1983439.217: [GC (Allocation Failure) [PSYoungGen: 499776K->19136K(502784K)] 867761K->396967K(1027072K), 0.0348425 secs] [Times: user=0.05 sys=0.04, real=0.03 secs] 
2021-06-06T08:32:17.721+0800: 1983689.373: [GC (Allocation Failure) [PSYoungGen: 500416K->19744K(502784K)] 878247K->409941K(1027072K), 0.0374461 secs] [Times: user=0.04 sys=0.04, real=0.04 secs] 
2021-06-06T08:36:28.293+0800: 1983939.945: [GC (Allocation Failure) [PSYoungGen: 501024K->20192K(501760K)] 891221K->421859K(1026048K), 0.0373973 secs] [Times: user=0.04 sys=0.05, real=0.03 secs] 
2021-06-06T08:40:36.063+0800: 1984187.715: [GC (Allocation Failure) [PSYoungGen: 501472K->21184K(501248K)] 903139K->434194K(1025536K), 0.0299948 secs] [Times: user=0.04 sys=0.04, real=0.03 secs] 
2021-06-06T08:44:40.806+0800: 1984432.458: [GC (Allocation Failure) [PSYoungGen: 500416K->21120K(501760K)] 913426K->446528K(1026048K), 0.0436925 secs] [Times: user=0.04 sys=0.05, real=0.04 secs] 
2021-06-06T08:48:44.370+0800: 1984676.022: [GC (Allocation Failure) [PSYoungGen: 500352K->19872K(501760K)] 925760K->456494K(1026048K), 0.0352840 secs] [Times: user=0.08 sys=0.00, real=0.04 secs] 
2021-06-06T08:52:48.036+0800: 1984919.688: [GC (Allocation Failure) [PSYoungGen: 499104K->17312K(501760K)] 935726K->463859K(1026048K), 0.0301102 secs] [Times: user=0.04 sys=0.04, real=0.03 secs] 
2021-06-06T08:57:00.809+0800: 1985172.461: [GC (Allocation Failure) [PSYoungGen: 496544K->21376K(500736K)] 943091K->478778K(1025024K), 0.0460581 secs] [Times: user=0.06 sys=0.06, real=0.05 secs] 
2021-06-06T09:01:07.959+0800: 1985419.611: [GC (Allocation Failure) [PSYoungGen: 499584K->17312K(501248K)] 956986K->486277K(1025536K), 0.0308073 secs] [Times: user=0.03 sys=0.05, real=0.03 secs] 
2021-06-06T09:05:18.088+0800: 1985669.740: [GC (Allocation Failure) [PSYoungGen: 495520K->17056K(501248K)] 964485K->495267K(1025536K), 0.0364001 secs] [Times: user=0.04 sys=0.05, real=0.04 secs] 
2021-06-06T09:09:27.768+0800: 1985919.420: [GC (Allocation Failure) [PSYoungGen: 495264K->18432K(501248K)] 973475K->506496K(1025536K), 0.0356231 secs] [Times: user=0.05 sys=0.05, real=0.04 secs] 
2021-06-06T09:13:36.066+0800: 1986167.718: [GC (Allocation Failure) [PSYoungGen: 496640K->17088K(501248K)] 984704K->517557K(1025536K), 0.0362120 secs] [Times: user=0.04 sys=0.05, real=0.04 secs] 
2021-06-06T09:17:40.879+0800: 1986412.531: [GC (Allocation Failure) [PSYoungGen: 495296K->19712K(501248K)] 995765K->529178K(1025536K), 0.0358447 secs] [Times: user=0.05 sys=0.04, real=0.04 secs] 
2021-06-06T09:21:46.949+0800: 1986658.601: [GC (Allocation Failure) [PSYoungGen: 497920K->18464K(501760K)] 1007386K->538967K(1026048K), 0.0317542 secs] [Times: user=0.04 sys=0.05, real=0.03 secs] 
2021-06-06T09:21:46.981+0800: 1986658.633: [Full GC (Ergonomics) [PSYoungGen: 18464K->0K(501760K)] [ParOldGen: 520503K->319173K(524288K)] 538967K->319173K(1026048K), [Metaspace: 97009K->97009K(1138688K)], 0.5042878 secs] [Times: user=1.12 sys=0.00, real=0.51 secs] 
2021-06-06T09:25:53.689+0800: 1986905.341: [GC (Allocation Failure) [PSYoungGen: 478720K->16832K(501248K)] 797893K->336005K(1025536K), 0.0302031 secs] [Times: user=0.04 sys=0.04, real=0.03 secs] 
2021-06-06T09:30:03.195+0800: 1987154.847: [GC (Allocation Failure) [PSYoungGen: 495552K->20544K(500736K)] 814725K->352451K(1025024K), 0.0351220 secs] [Times: user=0.04 sys=0.05, real=0.03 secs] 
2021-06-06T09:34:12.804+0800: 1987404.456: [GC (Allocation Failure) [PSYoungGen: 498752K->19040K(501248K)] 830659K->363937K(1025536K), 0.0329559 secs] [Times: user=0.04 sys=0.04, real=0.03 secs] 
2021-06-06T09:38:22.135+0800: 1987653.787: [GC (Allocation Failure) [PSYoungGen: 497248K->16736K(501760K)] 842145K->373367K(1026048K), 0.0395639 secs] [Times: user=0.05 sys=0.04, real=0.04 secs] 
2021-06-06T09:42:33.662+0800: 1987905.314: [GC (Allocation Failure) [PSYoungGen: 495968K->16960K(501760K)] 852599K->383059K(1026048K), 0.0583389 secs] [Times: user=0.04 sys=0.04, real=0.06 secs] 
2021-06-06T09:46:44.610+0800: 1988156.262: [GC (Allocation Failure) [PSYoungGen: 496192K->18752K(502272K)] 862291K->395905K(1026560K), 0.0426683 secs] [Times: user=0.04 sys=0.05, real=0.05 secs] 
2021-06-06T09:50:54.014+0800: 1988405.667: [GC (Allocation Failure) [PSYoungGen: 498496K->18592K(501760K)] 875649K->406118K(1026048K), 0.0299889 secs] [Times: user=0.04 sys=0.04, real=0.03 secs] 
2021-06-06T09:55:00.634+0800: 1988652.286: [GC (Allocation Failure) [PSYoungGen: 498336K->20800K(501248K)] 885862K->419764K(1025536K), 0.0329802 secs] [Times: user=0.05 sys=0.04, real=0.03 secs] 
2021-06-06T09:59:11.960+0800: 1988903.612: [GC (Allocation Failure) [PSYoungGen: 500032K->15584K(501760K)] 898996K->426471K(1026048K), 0.0309538 secs] [Times: user=0.04 sys=0.05, real=0.03 secs] 
2021-06-06T10:03:23.414+0800: 1989155.066: [GC (Allocation Failure) [PSYoungGen: 494816K->16064K(501760K)] 905703K->436915K(1026048K), 0.0298282 secs] [Times: user=0.04 sys=0.05, real=0.03 secs] 
2021-06-06T10:07:31.559+0800: 1989403.211: [GC (Allocation Failure) [PSYoungGen: 495296K->19008K(501760K)] 916147K->449280K(1026048K), 0.0313861 secs] [Times: user=0.05 sys=0.04, real=0.03 secs] 
2021-06-06T10:11:41.501+0800: 1989653.153: [GC (Allocation Failure) [PSYoungGen: 498240K->21920K(499712K)] 928512K->461495K(1024000K), 0.0421474 secs] [Times: user=0.05 sys=0.06, real=0.05 secs] 
2021-06-06T10:15:49.249+0800: 1989900.901: [GC (Allocation Failure) [PSYoungGen: 499104K->14464K(500736K)] 938679K->466338K(1025024K), 0.0381461 secs] [Times: user=0.04 sys=0.04, real=0.04 secs] 
2021-06-06T10:19:57.798+0800: 1990149.450: [GC (Allocation Failure) [PSYoungGen: 491648K->19840K(500736K)] 943522K->481391K(1025024K), 0.0350529 secs] [Times: user=0.04 sys=0.05, real=0.04 secs] 
2021-06-06T10:24:04.559+0800: 1990396.211: [GC (Allocation Failure) [PSYoungGen: 497024K->18048K(500736K)] 958575K->491268K(1025024K), 0.0316493 secs] [Times: user=0.04 sys=0.05, real=0.03 secs] 
2021-06-06T10:28:14.055+0800: 1990645.707: [GC (Allocation Failure) [PSYoungGen: 495232K->16768K(501248K)] 968452K->501025K(1025536K), 0.0401474 secs] [Times: user=0.04 sys=0.05, real=0.04 secs] 
2021-06-06T10:32:18.147+0800: 1990889.799: [GC (Allocation Failure) [PSYoungGen: 494464K->20768K(500736K)] 978721K->515112K(1025024K), 0.0413400 secs] [Times: user=0.05 sys=0.05, real=0.04 secs] 
2021-06-06T10:36:23.413+0800: 1991135.065: [GC (Allocation Failure) [PSYoungGen: 498464K->18464K(501248K)] 992808K->524702K(1025536K), 0.0301123 secs] [Times: user=0.04 sys=0.04, real=0.03 secs] 
2021-06-06T10:40:33.335+0800: 1991384.987: [GC (Allocation Failure) [PSYoungGen: 496160K->18592K(500736K)] 1002398K->536036K(1025024K), 0.0346642 secs] [Times: user=0.04 sys=0.04, real=0.03 secs] 
2021-06-06T10:40:33.370+0800: 1991385.022: [Full GC (Ergonomics) [PSYoungGen: 18592K->0K(500736K)] [ParOldGen: 517444K->312363K(524288K)] 536036K->312363K(1025024K), [Metaspace: 97009K->97009K(1138688K)], 0.5501447 secs] [Times: user=0.53 sys=0.51, real=0.55 secs] 
2021-06-06T10:44:39.970+0800: 1991631.622: [GC (Allocation Failure) [PSYoungGen: 477696K->19872K(500736K)] 790059K->332235K(1025024K), 0.0389036 secs] [Times: user=0.04 sys=0.05, real=0.04 secs] 
2021-06-06T10:48:49.785+0800: 1991881.437: [GC (Allocation Failure) [PSYoungGen: 498080K->17632K(501248K)] 810443K->340704K(1025536K), 0.0425591 secs] [Times: user=0.04 sys=0.04, real=0.04 secs] 
2021-06-06T10:53:00.093+0800: 1992131.745: [GC (Allocation Failure) [PSYoungGen: 495840K->18944K(501760K)] 818912K->352574K(1026048K), 0.0387275 secs] [Times: user=0.04 sys=0.06, real=0.04 secs] 
2021-06-06T10:57:11.090+0800: 1992382.742: [GC (Allocation Failure) [PSYoungGen: 498176K->20896K(500224K)] 831806K->365459K(1024512K), 0.0335163 secs] [Times: user=0.04 sys=0.04, real=0.04 secs] 
2021-06-06T11:01:20.051+0800: 1992631.703: [GC (Allocation Failure) [PSYoungGen: 500128K->22336K(499200K)] 844691K->377394K(1023488K), 0.0482187 secs] [Times: user=0.05 sys=0.05, real=0.05 secs] 
2021-06-06T11:05:26.026+0800: 1992877.678: [GC (Allocation Failure) [PSYoungGen: 498496K->20448K(500224K)] 853554K->388081K(1024512K), 0.0319020 secs] [Times: user=0.04 sys=0.04, real=0.03 secs] 
2021-06-06T11:09:35.251+0800: 1993126.903: [GC (Allocation Failure) [PSYoungGen: 496608K->16704K(500224K)] 864241K->396340K(1024512K), 0.0319831 secs] [Times: user=0.04 sys=0.04, real=0.04 secs] 
2021-06-06T11:13:43.400+0800: 1993375.052: [GC (Allocation Failure) [PSYoungGen: 492864K->19904K(500224K)] 872500K->410298K(1024512K), 0.0295968 secs] [Times: user=0.04 sys=0.04, real=0.03 secs] 
2021-06-06T11:17:53.314+0800: 1993624.966: [GC (Allocation Failure) [PSYoungGen: 496064K->17344K(500736K)] 886458K->419782K(1025024K), 0.0282448 secs] [Times: user=0.04 sys=0.04, real=0.03 secs] 
2021-06-06T11:22:01.188+0800: 1993872.840: [GC (Allocation Failure) [PSYoungGen: 494528K->20032K(500736K)] 896966K->433181K(1025024K), 0.0336651 secs] [Times: user=0.04 sys=0.05, real=0.04 secs] 
2021-06-06T11:26:07.733+0800: 1994119.385: [GC (Allocation Failure) [PSYoungGen: 497216K->21024K(499712K)] 910365K->446083K(1024000K), 0.0377456 secs] [Times: user=0.04 sys=0.05, real=0.03 secs] 
2021-06-06T11:30:15.543+0800: 1994367.195: [GC (Allocation Failure) [PSYoungGen: 497184K->17664K(500224K)] 922243K->453335K(1024512K), 0.0378057 secs] [Times: user=0.05 sys=0.04, real=0.03 secs] 
2021-06-06T11:34:22.655+0800: 1994614.307: [GC (Allocation Failure) [PSYoungGen: 493824K->17632K(500736K)] 929495K->462733K(1025024K), 0.0301331 secs] [Times: user=0.04 sys=0.04, real=0.03 secs] 
2021-06-06T11:38:29.882+0800: 1994861.534: [GC (Allocation Failure) [PSYoungGen: 494816K->20384K(500736K)] 939917K->475571K(1025024K), 0.0310470 secs] [Times: user=0.04 sys=0.04, real=0.04 secs] 
2021-06-06T11:42:36.970+0800: 1995108.622: [GC (Allocation Failure) [PSYoungGen: 497568K->16928K(500736K)] 952755K->484241K(1025024K), 0.0351415 secs] [Times: user=0.04 sys=0.05, real=0.04 secs] 
2021-06-06T11:46:46.317+0800: 1995357.969: [GC (Allocation Failure) [PSYoungGen: 494112K->20544K(500736K)] 961425K->497063K(1025024K), 0.0474983 secs] [Times: user=0.05 sys=0.05, real=0.05 secs] 
2021-06-06T11:50:54.846+0800: 1995606.498: [GC (Allocation Failure) [PSYoungGen: 497728K->22976K(498688K)] 974247K->510013K(1022976K), 0.0478546 secs] [Times: user=0.05 sys=0.06, real=0.05 secs] 
2021-06-06T11:54:57.183+0800: 1995848.835: [GC (Allocation Failure) [PSYoungGen: 498112K->18976K(499712K)] 985149K->517828K(1024000K), 0.0386049 secs] [Times: user=0.05 sys=0.05, real=0.04 secs] 
2021-06-06T11:59:06.045+0800: 1996097.697: [GC (Allocation Failure) [PSYoungGen: 494112K->17984K(500224K)] 992964K->528442K(1024512K), 0.0377550 secs] [Times: user=0.04 sys=0.05, real=0.04 secs] 
2021-06-06T12:03:08.117+0800: 1996339.769: [GC (Allocation Failure) [PSYoungGen: 493632K->19136K(499712K)] 1004090K->540529K(1024000K), 0.0362133 secs] [Times: user=0.04 sys=0.05, real=0.04 secs] 
2021-06-06T12:03:08.154+0800: 1996339.806: [Full GC (Ergonomics) [PSYoungGen: 19136K->0K(499712K)] [ParOldGen: 521393K->321118K(524288K)] 540529K->321118K(1024000K), [Metaspace: 97009K->97009K(1138688K)], 0.4402021 secs] [Times: user=0.99 sys=0.00, real=0.44 secs] 
2021-06-06T12:07:14.551+0800: 1996586.203: [GC (Allocation Failure) [PSYoungGen: 475648K->18144K(500736K)] 796766K->339263K(1025024K), 0.0334447 secs] [Times: user=0.03 sys=0.04, real=0.04 secs] 
2021-06-06T12:11:20.328+0800: 1996831.980: [GC (Allocation Failure) [PSYoungGen: 495328K->20224K(500736K)] 816447K->353539K(1025024K), 0.0374405 secs] [Times: user=0.05 sys=0.05, real=0.04 secs] 
2021-06-06T12:15:26.809+0800: 1997078.461: [GC (Allocation Failure) [PSYoungGen: 497408K->18592K(501248K)] 830723K->364097K(1025536K), 0.0355490 secs] [Times: user=0.04 sys=0.04, real=0.04 secs] 
2021-06-06T12:19:34.989+0800: 1997326.641: [GC (Allocation Failure) [PSYoungGen: 496274K->20800K(500736K)] 841780K->376760K(1025024K), 0.0348139 secs] [Times: user=0.04 sys=0.04, real=0.04 secs] 
2021-06-06T12:23:40.730+0800: 1997572.382: [GC (Allocation Failure) [PSYoungGen: 498496K->18816K(501248K)] 854456K->386455K(1025536K), 0.0794124 secs] [Times: user=0.04 sys=0.04, real=0.08 secs] 
2021-06-06T12:27:46.864+0800: 1997818.517: [GC (Allocation Failure) [PSYoungGen: 496512K->19296K(500736K)] 864151K->396781K(1025024K), 0.0337862 secs] [Times: user=0.05 sys=0.04, real=0.03 secs] 
2021-06-06T12:31:55.916+0800: 1998067.568: [GC (Allocation Failure) [PSYoungGen: 496992K->20064K(501760K)] 874477K->407930K(1026048K), 0.0970784 secs] [Times: user=0.03 sys=0.04, real=0.10 secs] 
2021-06-06T12:36:02.539+0800: 1998314.191: [GC (Allocation Failure) [PSYoungGen: 499296K->18880K(501760K)] 887162K->418400K(1026048K), 0.0284687 secs] [Times: user=0.04 sys=0.04, real=0.03 secs] 
2021-06-06T12:40:09.305+0800: 1998560.957: [GC (Allocation Failure) [PSYoungGen: 498112K->21376K(500736K)] 897632K->433431K(1025024K), 0.0330476 secs] [Times: user=0.04 sys=0.04, real=0.03 secs] 
2021-06-06T12:44:19.906+0800: 1998811.559: [GC (Allocation Failure) [PSYoungGen: 499584K->19840K(501248K)] 911639K->443742K(1025536K), 0.0319668 secs] [Times: user=0.04 sys=0.04, real=0.03 secs] 
2021-06-06T12:48:27.881+0800: 1999059.533: [GC (Allocation Failure) [PSYoungGen: 498048K->20320K(501760K)] 921950K->455012K(1026048K), 0.0607446 secs] [Times: user=0.04 sys=0.04, real=0.06 secs] 
2021-06-06T12:52:33.125+0800: 1999304.777: [GC (Allocation Failure) [PSYoungGen: 499552K->22336K(501760K)] 934244K->468914K(1026048K), 0.0380951 secs] [Times: user=0.05 sys=0.05, real=0.04 secs] 
2021-06-06T12:56:38.743+0800: 1999550.395: [GC (Allocation Failure) [PSYoungGen: 501568K->19904K(500736K)] 948146K->477065K(1025024K), 0.0682856 secs] [Times: user=0.05 sys=0.05, real=0.06 secs] 
2021-06-06T13:00:50.031+0800: 1999801.683: [GC (Allocation Failure) [PSYoungGen: 498112K->20352K(501248K)] 955273K->487976K(1025536K), 0.0330651 secs] [Times: user=0.04 sys=0.04, real=0.04 secs] 
2021-06-06T13:04:55.624+0800: 2000047.276: [GC (Allocation Failure) [PSYoungGen: 498560K->15114K(500224K)] 966184K->494048K(1024512K), 0.0278533 secs] [Times: user=0.04 sys=0.04, real=0.02 secs] 
2021-06-06T13:09:07.267+0800: 2000298.919: [GC (Allocation Failure) [PSYoungGen: 492297K->18048K(500736K)] 971231K->507964K(1025024K), 0.0572493 secs] [Times: user=0.04 sys=0.05, real=0.06 secs] 
2021-06-06T13:13:16.118+0800: 2000547.770: [GC (Allocation Failure) [PSYoungGen: 495232K->18336K(501248K)] 985148K->518147K(1025536K), 0.0503287 secs] [Times: user=0.04 sys=0.04, real=0.05 secs] 
2021-06-06T13:17:23.497+0800: 2000795.150: [GC (Allocation Failure) [PSYoungGen: 496032K->21344K(500736K)] 995843K->531713K(1025024K), 0.0364020 secs] [Times: user=0.05 sys=0.05, real=0.04 secs] 
2021-06-06T13:21:34.199+0800: 2001045.851: [GC (Allocation Failure) --[PSYoungGen: 499040K->499040K(500736K)] 1009409K->1023326K(1025024K), 0.3593102 secs] [Times: user=0.19 sys=0.19, real=0.36 secs] 
2021-06-06T13:21:34.559+0800: 2001046.211: [Full GC (Ergonomics) [PSYoungGen: 499040K->0K(500736K)] [ParOldGen: 524286K->317556K(524288K)] 1023326K->317556K(1025024K), [Metaspace: 97009K->97009K(1138688K)], 0.5656593 secs] [Times: user=1.17 sys=0.00, real=0.57 secs] 
2021-06-06T13:25:41.958+0800: 2001293.610: [GC (Allocation Failure) [PSYoungGen: 477696K->20480K(500736K)] 795252K->338036K(1025024K), 0.0743818 secs] [Times: user=0.04 sys=0.04, real=0.08 secs] 
2021-06-06T13:29:47.966+0800: 2001539.618: [GC (Allocation Failure) [PSYoungGen: 497664K->21600K(499200K)] 815220K->350458K(1023488K), 0.0462178 secs] [Times: user=0.05 sys=0.06, real=0.05 secs] 
2021-06-06T13:33:54.881+0800: 2001786.533: [GC (Allocation Failure) [PSYoungGen: 498784K->17632K(500224K)] 827642K->357263K(1024512K), 0.0435167 secs] [Times: user=0.06 sys=0.05, real=0.05 secs] 
2021-06-06T13:38:03.766+0800: 2002035.418: [GC (Allocation Failure) [PSYoungGen: 493792K->18816K(500224K)] 833423K->369245K(1024512K), 0.0351510 secs] [Times: user=0.04 sys=0.04, real=0.03 secs] 
2021-06-06T13:42:13.241+0800: 2002284.893: [GC (Allocation Failure) [PSYoungGen: 494976K->18656K(500736K)] 845405K->378212K(1025024K), 0.0316185 secs] [Times: user=0.04 sys=0.05, real=0.04 secs] 
2021-06-06T13:46:25.989+0800: 2002537.641: [GC (Allocation Failure) [PSYoungGen: 495840K->14912K(500736K)] 855396K->386495K(1025024K), 0.0533394 secs] [Times: user=0.04 sys=0.05, real=0.06 secs] 
2021-06-06T13:50:30.485+0800: 2002782.137: [GC (Allocation Failure) [PSYoungGen: 492096K->17888K(500736K)] 863679K->398917K(1025024K), 0.0415210 secs] [Times: user=0.05 sys=0.05, real=0.04 secs] 
2021-06-06T13:54:38.064+0800: 2003029.716: [GC (Allocation Failure) [PSYoungGen: 495072K->19008K(500736K)] 876101K->411715K(1025024K), 0.0665169 secs] [Times: user=0.06 sys=0.06, real=0.06 secs] 
2021-06-06T13:58:44.785+0800: 2003276.437: [GC (Allocation Failure) [PSYoungGen: 496192K->21888K(499200K)] 888899K->425073K(1023488K), 0.0514237 secs] [Times: user=0.05 sys=0.05, real=0.05 secs] 
2021-06-06T14:02:51.181+0800: 2003522.833: [GC (Allocation Failure) [PSYoungGen: 498048K->18528K(500224K)] 901233K->432831K(1024512K), 0.0372509 secs] [Times: user=0.05 sys=0.04, real=0.04 secs] 
2021-06-06T14:07:00.102+0800: 2003771.754: [GC (Allocation Failure) [PSYoungGen: 494688K->17760K(500736K)] 908991K->442174K(1025024K), 0.0410816 secs] [Times: user=0.10 sys=0.00, real=0.05 secs] 
2021-06-06T14:11:03.856+0800: 2004015.508: [GC (Allocation Failure) [PSYoungGen: 494944K->20320K(500736K)] 919358K->455412K(1025024K), 0.0352651 secs] [Times: user=0.04 sys=0.05, real=0.03 secs] 
2021-06-06T14:15:11.737+0800: 2004263.389: [GC (Allocation Failure) [PSYoungGen: 497504K->19200K(501248K)] 932596K->466873K(1025536K), 0.0332499 secs] [Times: user=0.03 sys=0.05, real=0.03 secs] 
2021-06-06T14:19:18.618+0800: 2004510.270: [GC (Allocation Failure) [PSYoungGen: 496896K->20000K(500736K)] 944569K->479456K(1025024K), 0.0489037 secs] [Times: user=0.05 sys=0.05, real=0.05 secs] 
2021-06-06T14:23:26.430+0800: 2004758.082: [GC (Allocation Failure) [PSYoungGen: 497696K->19552K(501760K)] 957152K->489613K(1026048K), 0.0558998 secs] [Times: user=0.06 sys=0.07, real=0.06 secs] 
2021-06-06T14:27:33.776+0800: 2005005.428: [GC (Allocation Failure) [PSYoungGen: 498272K->17696K(501248K)] 968333K->498444K(1025536K), 0.0427336 secs] [Times: user=0.04 sys=0.06, real=0.04 secs] 
2021-06-06T14:31:43.821+0800: 2005255.473: [GC (Allocation Failure) [PSYoungGen: 496416K->19328K(501760K)] 977164K->511786K(1026048K), 0.0373225 secs] [Times: user=0.05 sys=0.05, real=0.04 secs] 
2021-06-06T14:35:54.390+0800: 2005506.042: [GC (Allocation Failure) [PSYoungGen: 498560K->16960K(501760K)] 991018K->521575K(1026048K), 0.0290682 secs] [Times: user=0.04 sys=0.05, real=0.03 secs] 
2021-06-06T14:40:06.887+0800: 2005758.539: [GC (Allocation Failure) [PSYoungGen: 496192K->16768K(501760K)] 1000807K->533572K(1026048K), 0.0318580 secs] [Times: user=0.04 sys=0.05, real=0.03 secs] 
2021-06-06T14:40:06.920+0800: 2005758.572: [Full GC (Ergonomics) [PSYoungGen: 16768K->0K(501760K)] [ParOldGen: 516804K->311482K(524288K)] 533572K->311482K(1026048K), [Metaspace: 97009K->97009K(1138688K)], 0.5099996 secs] [Times: user=1.05 sys=0.00, real=0.51 secs] 
2021-06-06T14:44:17.421+0800: 2006009.073: [GC (Allocation Failure) [PSYoungGen: 479232K->18624K(501760K)] 790714K->330106K(1026048K), 0.0351039 secs] [Times: user=0.04 sys=0.04, real=0.04 secs] 
2021-06-06T14:48:25.341+0800: 2006256.993: [GC (Allocation Failure) [PSYoungGen: 497856K->17888K(502272K)] 809338K->341589K(1026560K), 0.0407866 secs] [Times: user=0.05 sys=0.06, real=0.04 secs] 
2021-06-06T14:52:35.800+0800: 2006507.452: [GC (Allocation Failure) [PSYoungGen: 498144K->17920K(502272K)] 821845K->352674K(1026560K), 0.0352767 secs] [Times: user=0.04 sys=0.05, real=0.04 secs] 
2021-06-06T14:56:46.109+0800: 2006757.761: [GC (Allocation Failure) [PSYoungGen: 498176K->17920K(502784K)] 832930K->363136K(1027072K), 0.0335010 secs] [Times: user=0.03 sys=0.04, real=0.04 secs] 
2021-06-06T15:00:56.668+0800: 2007008.320: [GC (Allocation Failure) [PSYoungGen: 498688K->19968K(502272K)] 843904K->376614K(1026560K), 0.0391924 secs] [Times: user=0.05 sys=0.05, real=0.04 secs] 
2021-06-06T15:05:05.146+0800: 2007256.798: [GC (Allocation Failure) [PSYoungGen: 500736K->19168K(502272K)] 857382K->386636K(1026560K), 0.0314796 secs] [Times: user=0.04 sys=0.04, real=0.03 secs] 
2021-06-06T15:09:14.612+0800: 2007506.264: [GC (Allocation Failure) [PSYoungGen: 499424K->20096K(502272K)] 866892K->398770K(1026560K), 0.0477719 secs] [Times: user=0.04 sys=0.03, real=0.05 secs] 
2021-06-06T15:13:24.640+0800: 2007756.293: [GC (Allocation Failure) [PSYoungGen: 500352K->20384K(501248K)] 879026K->409088K(1025536K), 0.0505281 secs] [Times: user=0.05 sys=0.04, real=0.05 secs] 
2021-06-06T15:17:30.360+0800: 2008002.012: [GC (Allocation Failure) [PSYoungGen: 499616K->17760K(501760K)] 888320K->417238K(1026048K), 0.0372854 secs] [Times: user=0.05 sys=0.04, real=0.04 secs] 
2021-06-06T15:21:39.857+0800: 2008251.509: [GC (Allocation Failure) [PSYoungGen: 496992K->19520K(502272K)] 896470K->428876K(1026560K), 0.0373296 secs] [Times: user=0.04 sys=0.05, real=0.04 secs] 
2021-06-06T15:25:46.090+0800: 2008497.742: [GC (Allocation Failure) [PSYoungGen: 499776K->17952K(502272K)] 909132K->438499K(1026560K), 0.0388005 secs] [Times: user=0.04 sys=0.04, real=0.04 secs] 
2021-06-06T15:29:52.619+0800: 2008744.271: [GC (Allocation Failure) [PSYoungGen: 498208K->16832K(502272K)] 918755K->448399K(1026560K), 0.0350180 secs] [Times: user=0.04 sys=0.05, real=0.04 secs] 
2021-06-06T15:34:02.039+0800: 2008993.691: [GC (Allocation Failure) [PSYoungGen: 497088K->19040K(502272K)] 928655K->461644K(1026560K), 0.0529528 secs] [Times: user=0.07 sys=0.07, real=0.06 secs] 
2021-06-06T15:38:14.934+0800: 2009246.586: [GC (Allocation Failure) [PSYoungGen: 499296K->18272K(502784K)] 941900K->472585K(1027072K), 0.0307168 secs] [Times: user=0.04 sys=0.04, real=0.03 secs] 
2021-06-06T15:42:26.438+0800: 2009498.090: [GC (Allocation Failure) [PSYoungGen: 499040K->19744K(502272K)] 953353K->485303K(1026560K), 0.0530031 secs] [Times: user=0.04 sys=0.04, real=0.05 secs] 
2021-06-06T15:46:39.033+0800: 2009750.685: [GC (Allocation Failure) [PSYoungGen: 500512K->16928K(502272K)] 966071K->492620K(1026560K), 0.0311675 secs] [Times: user=0.04 sys=0.04, real=0.03 secs] 
2021-06-06T15:50:50.682+0800: 2010002.334: [GC (Allocation Failure) [PSYoungGen: 497184K->18432K(502272K)] 972876K->505169K(1026560K), 0.0296779 secs] [Times: user=0.04 sys=0.04, real=0.03 secs] 
2021-06-06T15:54:58.486+0800: 2010250.138: [GC (Allocation Failure) [PSYoungGen: 498688K->19488K(502784K)] 985425K->517640K(1027072K), 0.0354486 secs] [Times: user=0.05 sys=0.05, real=0.03 secs] 
2021-06-06T15:59:08.718+0800: 2010500.370: [GC (Allocation Failure) [PSYoungGen: 500768K->19904K(501248K)] 998920K->529335K(1025536K), 0.0346821 secs] [Times: user=0.04 sys=0.05, real=0.04 secs] 
2021-06-06T16:03:12.691+0800: 2010744.343: [GC (Allocation Failure) [PSYoungGen: 501184K->20320K(502272K)] 1010615K->542364K(1026560K), 0.0329747 secs] [Times: user=0.04 sys=0.04, real=0.04 secs] 
2021-06-06T16:03:12.725+0800: 2010744.377: [Full GC (Ergonomics) [PSYoungGen: 20320K->0K(502272K)] [ParOldGen: 522044K->323014K(524288K)] 542364K->323014K(1026560K), [Metaspace: 97009K->97009K(1138688K)], 0.4829489 secs] [Times: user=1.05 sys=0.00, real=0.48 secs] 
2021-06-06T16:07:20.307+0800: 2010991.959: [GC (Allocation Failure) [PSYoungGen: 480256K->18528K(502272K)] 803270K->341542K(1026560K), 0.0528995 secs] [Times: user=0.03 sys=0.03, real=0.05 secs] 
2021-06-06T16:11:32.178+0800: 2011243.830: [GC (Allocation Failure) [PSYoungGen: 498784K->19840K(502272K)] 821798K->353460K(1026560K), 0.0347253 secs] [Times: user=0.04 sys=0.04, real=0.04 secs] 
2021-06-06T16:15:40.084+0800: 2011491.736: [GC (Allocation Failure) [PSYoungGen: 500096K->21472K(501760K)] 833716K->365874K(1026048K), 0.0338609 secs] [Times: user=0.04 sys=0.04, real=0.03 secs] 
2021-06-06T16:19:50.245+0800: 2011741.898: [GC (Allocation Failure) [PSYoungGen: 501728K->19200K(501760K)] 846130K->374304K(1026048K), 0.0338704 secs] [Times: user=0.04 sys=0.04, real=0.03 secs] 
2021-06-06T16:24:00.459+0800: 2011992.111: [GC (Allocation Failure) [PSYoungGen: 498432K->18752K(501760K)] 853536K->384703K(1026048K), 0.0698088 secs] [Times: user=0.04 sys=0.04, real=0.07 secs] 
2021-06-06T16:28:04.635+0800: 2012236.287: [GC (Allocation Failure) [PSYoungGen: 497984K->19840K(502272K)] 863935K->396069K(1026560K), 0.0329920 secs] [Times: user=0.04 sys=0.04, real=0.03 secs] 
2021-06-06T16:32:15.330+0800: 2012486.982: [GC (Allocation Failure) [PSYoungGen: 500096K->18368K(502272K)] 876325K->405642K(1026560K), 0.0359116 secs] [Times: user=0.04 sys=0.05, real=0.04 secs] 
2021-06-06T16:36:25.807+0800: 2012737.459: [GC (Allocation Failure) [PSYoungGen: 498624K->18688K(502272K)] 885898K->416713K(1026560K), 0.0295057 secs] [Times: user=0.04 sys=0.04, real=0.03 secs] 
2021-06-06T16:40:30.668+0800: 2012982.320: [GC (Allocation Failure) [PSYoungGen: 498944K->18784K(502272K)] 896969K->428455K(1026560K), 0.0313007 secs] [Times: user=0.04 sys=0.05, real=0.03 secs] 
2021-06-06T16:44:43.192+0800: 2013234.844: [GC (Allocation Failure) [PSYoungGen: 499040K->15808K(501760K)] 908711K->437861K(1026048K), 0.0300667 secs] [Times: user=0.04 sys=0.04, real=0.04 secs] 
2021-06-06T16:48:49.925+0800: 2013481.577: [GC (Allocation Failure) [PSYoungGen: 496064K->21376K(501760K)] 918117K->453354K(1026048K), 0.0316755 secs] [Times: user=0.04 sys=0.04, real=0.03 secs] 
2021-06-06T16:52:57.995+0800: 2013729.647: [GC (Allocation Failure) [PSYoungGen: 501632K->19232K(501760K)] 933610K->463368K(1026048K), 0.0359082 secs] [Times: user=0.04 sys=0.05, real=0.03 secs] 
2021-06-06T16:57:11.187+0800: 2013982.839: [GC (Allocation Failure) [PSYoungGen: 498464K->18176K(501760K)] 942600K->473095K(1026048K), 0.0328378 secs] [Times: user=0.04 sys=0.05, real=0.03 secs] 
2021-06-06T17:01:16.382+0800: 2014228.034: [GC (Allocation Failure) [PSYoungGen: 497408K->17696K(502272K)] 952327K->485276K(1026560K), 0.0334893 secs] [Times: user=0.04 sys=0.04, real=0.04 secs] 
2021-06-06T17:05:22.772+0800: 2014474.424: [GC (Allocation Failure) [PSYoungGen: 497952K->19712K(502272K)] 965532K->496675K(1026560K), 0.0417132 secs] [Times: user=0.03 sys=0.05, real=0.04 secs] 
2021-06-06T17:09:31.252+0800: 2014722.904: [GC (Allocation Failure) [PSYoungGen: 499968K->21696K(500224K)] 976931K->508913K(1024512K), 0.0403305 secs] [Times: user=0.05 sys=0.06, real=0.04 secs] 
2021-06-06T17:13:42.374+0800: 2014974.026: [GC (Allocation Failure) [PSYoungGen: 499853K->15456K(501248K)] 987070K->515061K(1025536K), 0.0291798 secs] [Times: user=0.04 sys=0.04, real=0.03 secs] 
2021-06-06T17:17:49.807+0800: 2015221.459: [GC (Allocation Failure) [PSYoungGen: 493664K->19264K(501248K)] 993269K->528036K(1025536K), 0.0297007 secs] [Times: user=0.03 sys=0.04, real=0.03 secs] 
2021-06-06T17:21:58.199+0800: 2015469.851: [GC (Allocation Failure) [PSYoungGen: 497472K->15904K(501248K)] 1006244K->536255K(1025536K), 0.0439106 secs] [Times: user=0.05 sys=0.05, real=0.05 secs] 
2021-06-06T17:21:58.244+0800: 2015469.896: [Full GC (Ergonomics) [PSYoungGen: 15904K->0K(501248K)] [ParOldGen: 520351K->308983K(524288K)] 536255K->308983K(1025536K), [Metaspace: 97009K->97009K(1138688K)], 0.5163435 secs] [Times: user=1.14 sys=0.00, real=0.51 secs] 
2021-06-06T17:26:06.789+0800: 2015718.441: [GC (Allocation Failure) [PSYoungGen: 478208K->19296K(501248K)] 787191K->328279K(1025536K), 0.0456998 secs] [Times: user=0.03 sys=0.04, real=0.05 secs] 
2021-06-06T17:30:20.369+0800: 2015972.021: [GC (Allocation Failure) [PSYoungGen: 497504K->18688K(501248K)] 806487K->340420K(1025536K), 0.0323790 secs] [Times: user=0.04 sys=0.05, real=0.03 secs] 
2021-06-06T17:34:26.982+0800: 2016218.634: [GC (Allocation Failure) [PSYoungGen: 496896K->19136K(501760K)] 818628K->351890K(1026048K), 0.0316243 secs] [Times: user=0.04 sys=0.04, real=0.04 secs] 
2021-06-06T17:38:38.162+0800: 2016469.814: [GC (Allocation Failure) [PSYoungGen: 498368K->16192K(501760K)] 831122K->361229K(1026048K), 0.0445497 secs] [Times: user=0.03 sys=0.04, real=0.05 secs] 
2021-06-06T17:42:52.402+0800: 2016724.054: [GC (Allocation Failure) [PSYoungGen: 495424K->14848K(501760K)] 840461K->368650K(1026048K), 0.0285245 secs] [Times: user=0.03 sys=0.04, real=0.03 secs] 
2021-06-06T17:47:00.792+0800: 2016972.444: [GC (Allocation Failure) [PSYoungGen: 494080K->19712K(499200K)] 847882K->382760K(1023488K), 0.0320895 secs] [Times: user=0.04 sys=0.04, real=0.04 secs] 
2021-06-06T17:51:11.850+0800: 2017223.502: [GC (Allocation Failure) [PSYoungGen: 498944K->16160K(501760K)] 861992K->391443K(1026048K), 0.0280488 secs] [Times: user=0.03 sys=0.04, real=0.03 secs] 
2021-06-06T17:55:19.284+0800: 2017470.936: [GC (Allocation Failure) [PSYoungGen: 494880K->16992K(501248K)] 870163K->402903K(1025536K), 0.0329163 secs] [Times: user=0.04 sys=0.04, real=0.03 secs] 
2021-06-06T17:59:31.695+0800: 2017723.347: [GC (Allocation Failure) [PSYoungGen: 495712K->17664K(502272K)] 881623K->414029K(1026560K), 0.0337406 secs] [Times: user=0.04 sys=0.04, real=0.03 secs] 
2021-06-06T18:03:35.642+0800: 2017967.294: [GC (Allocation Failure) [PSYoungGen: 497408K->19456K(501760K)] 893773K->427508K(1026048K), 0.0306809 secs] [Times: user=0.04 sys=0.04, real=0.04 secs] 
2021-06-06T18:07:44.077+0800: 2018215.729: [GC (Allocation Failure) [PSYoungGen: 499200K->18080K(502272K)] 907252K->437490K(1026560K), 0.0363891 secs] [Times: user=0.04 sys=0.04, real=0.04 secs] 
2021-06-06T18:11:53.736+0800: 2018465.388: [GC (Allocation Failure) [PSYoungGen: 497824K->19072K(501760K)] 917234K->450193K(1026048K), 0.0771457 secs] [Times: user=0.04 sys=0.06, real=0.08 secs] 
2021-06-06T18:16:03.953+0800: 2018715.605: [GC (Allocation Failure) [PSYoungGen: 498816K->20192K(501248K)] 929937K->460782K(1025536K), 0.0347223 secs] [Times: user=0.04 sys=0.05, real=0.03 secs] 
2021-06-06T18:20:08.748+0800: 2018960.400: [GC (Allocation Failure) [PSYoungGen: 499424K->21248K(500736K)] 940014K->473629K(1025024K), 0.0351725 secs] [Times: user=0.04 sys=0.04, real=0.04 secs] 
2021-06-06T18:24:18.045+0800: 2019209.697: [GC (Allocation Failure) [PSYoungGen: 500480K->19648K(501248K)] 952861K->484386K(1025536K), 0.0359626 secs] [Times: user=0.04 sys=0.05, real=0.03 secs] 
2021-06-06T18:28:27.957+0800: 2019459.610: [GC (Allocation Failure) [PSYoungGen: 497856K->18240K(501248K)] 962594K->493119K(1025536K), 0.0309388 secs] [Times: user=0.05 sys=0.04, real=0.03 secs] 
2021-06-06T18:32:40.263+0800: 2019711.915: [GC (Allocation Failure) [PSYoungGen: 496448K->17056K(501760K)] 971327K->503028K(1026048K), 0.0351309 secs] [Times: user=0.04 sys=0.04, real=0.03 secs] 
2021-06-06T18:36:43.608+0800: 2019955.260: [GC (Allocation Failure) [PSYoungGen: 496288K->20352K(499712K)] 982260K->516162K(1024000K), 0.0341570 secs] [Times: user=0.04 sys=0.04, real=0.03 secs] 
2021-06-06T18:40:49.289+0800: 2020200.941: [GC (Allocation Failure) [PSYoungGen: 499584K->18176K(501760K)] 995394K->525431K(1026048K), 0.0306431 secs] [Times: user=0.08 sys=0.00, real=0.03 secs] 
2021-06-06T18:45:01.352+0800: 2020453.004: [GC (Allocation Failure) [PSYoungGen: 496896K->17568K(501248K)] 1004151K->535644K(1025536K), 0.0352498 secs] [Times: user=0.04 sys=0.04, real=0.04 secs] 
2021-06-06T18:45:01.388+0800: 2020453.040: [Full GC (Ergonomics) [PSYoungGen: 17568K->0K(501248K)] [ParOldGen: 518076K->319071K(524288K)] 535644K->319071K(1025536K), [Metaspace: 97009K->97009K(1138688K)], 0.4577856 secs] [Times: user=1.05 sys=0.00, real=0.46 secs] 
2021-06-06T18:49:11.787+0800: 2020703.439: [GC (Allocation Failure) [PSYoungGen: 478720K->19168K(502272K)] 797791K->338239K(1026560K), 0.0259888 secs] [Times: user=0.03 sys=0.04, real=0.03 secs] 
2021-06-06T18:53:22.952+0800: 2020954.604: [GC (Allocation Failure) [PSYoungGen: 498912K->17120K(501760K)] 817983K->348354K(1026048K), 0.0301872 secs] [Times: user=0.04 sys=0.04, real=0.04 secs] 
2021-06-06T18:57:30.026+0800: 2021201.678: [GC (Allocation Failure) [PSYoungGen: 496864K->20096K(501248K)] 828098K->362840K(1025536K), 0.0350728 secs] [Times: user=0.04 sys=0.04, real=0.03 secs] 
2021-06-06T19:01:38.769+0800: 2021450.421: [GC (Allocation Failure) [PSYoungGen: 499328K->16672K(501760K)] 842072K->373276K(1026048K), 0.0320143 secs] [Times: user=0.05 sys=0.05, real=0.03 secs] 
2021-06-06T19:05:41.692+0800: 2021693.344: [GC (Allocation Failure) [PSYoungGen: 495904K->19882K(501760K)] 852508K->387941K(1026048K), 0.0412005 secs] [Times: user=0.10 sys=0.00, real=0.05 secs] 
2021-06-06T19:09:52.117+0800: 2021943.769: [GC (Allocation Failure) [PSYoungGen: 499114K->18336K(501760K)] 867173K->396515K(1026048K), 0.0364992 secs] [Times: user=0.05 sys=0.04, real=0.04 secs] 
2021-06-06T19:14:03.634+0800: 2022195.286: [GC (Allocation Failure) [PSYoungGen: 497568K->18016K(502272K)] 875747K->407623K(1026560K), 0.0440808 secs] [Times: user=0.05 sys=0.05, real=0.04 secs] 
2021-06-06T19:18:13.636+0800: 2022445.289: [GC (Allocation Failure) [PSYoungGen: 498272K->20160K(500736K)] 887879K->421156K(1025024K), 0.0405672 secs] [Times: user=0.05 sys=0.05, real=0.04 secs] 
2021-06-06T19:22:23.755+0800: 2022695.407: [GC (Allocation Failure) [PSYoungGen: 500416K->17408K(502272K)] 901412K->429832K(1026560K), 0.0409477 secs] [Times: user=0.05 sys=0.05, real=0.04 secs] 
2021-06-06T19:26:29.602+0800: 2022941.254: [GC (Allocation Failure) [PSYoungGen: 497152K->19008K(501760K)] 909576K->440135K(1026048K), 0.0392214 secs] [Times: user=0.05 sys=0.05, real=0.03 secs] 
2021-06-06T19:30:38.853+0800: 2023190.505: [GC (Allocation Failure) [PSYoungGen: 498752K->16864K(502272K)] 919879K->449228K(1026560K), 0.0401706 secs] [Times: user=0.04 sys=0.05, real=0.04 secs] 
2021-06-06T19:34:44.408+0800: 2023436.060: [GC (Allocation Failure) [PSYoungGen: 497106K->20640K(501248K)] 929471K->463522K(1025536K), 0.0436597 secs] [Times: user=0.11 sys=0.00, real=0.04 secs] 
2021-06-06T19:38:54.020+0800: 2023685.672: [GC (Allocation Failure) [PSYoungGen: 500896K->17760K(502272K)] 943778K->472414K(1026560K), 0.0360507 secs] [Times: user=0.05 sys=0.04, real=0.04 secs] 
2021-06-06T19:42:57.705+0800: 2023929.357: [GC (Allocation Failure) [PSYoungGen: 497504K->19488K(501760K)] 952158K->483973K(1026048K), 0.0477252 secs] [Times: user=0.05 sys=0.06, real=0.05 secs] 
2021-06-06T19:47:04.021+0800: 2024175.673: [GC (Allocation Failure) [PSYoungGen: 499232K->17728K(502272K)] 963717K->493227K(1026560K), 0.0868052 secs] [Times: user=0.05 sys=0.06, real=0.09 secs] 
2021-06-06T19:51:15.556+0800: 2024427.208: [GC (Allocation Failure) [PSYoungGen: 497984K->16992K(502272K)] 973483K->503056K(1026560K), 0.0341809 secs] [Times: user=0.05 sys=0.05, real=0.03 secs] 
2021-06-06T19:55:25.003+0800: 2024676.655: [GC (Allocation Failure) [PSYoungGen: 497248K->19392K(502272K)] 983312K->517351K(1026560K), 0.0465425 secs] [Times: user=0.10 sys=0.00, real=0.04 secs] 
2021-06-06T19:59:35.122+0800: 2024926.774: [GC (Allocation Failure) [PSYoungGen: 499648K->19040K(502272K)] 997607K->528333K(1026560K), 0.0348399 secs] [Times: user=0.04 sys=0.05, real=0.03 secs] 
2021-06-06T20:03:40.016+0800: 2025171.668: [GC (Allocation Failure) [PSYoungGen: 499296K->21344K(501248K)] 1008589K->541164K(1025536K), 0.0581640 secs] [Times: user=0.06 sys=0.05, real=0.06 secs] 
2021-06-06T20:03:40.074+0800: 2025171.726: [Full GC (Ergonomics) [PSYoungGen: 21344K->0K(501248K)] [ParOldGen: 519820K->318907K(524288K)] 541164K->318907K(1025536K), [Metaspace: 97009K->97009K(1138688K)], 0.4776670 secs] [Times: user=0.49 sys=0.48, real=0.48 secs] 
2021-06-06T20:07:46.628+0800: 2025418.280: [GC (Allocation Failure) [PSYoungGen: 479232K->19744K(501760K)] 798139K->338651K(1026048K), 0.0319926 secs] [Times: user=0.04 sys=0.04, real=0.03 secs] 
2021-06-06T20:11:54.235+0800: 2025665.887: [GC (Allocation Failure) [PSYoungGen: 498976K->21152K(500736K)] 817883K->351967K(1025024K), 0.0420392 secs] [Times: user=0.06 sys=0.05, real=0.04 secs] 
2021-06-06T20:15:59.726+0800: 2025911.378: [GC (Allocation Failure) [PSYoungGen: 499360K->17056K(501248K)] 830175K->359626K(1025536K), 0.0321641 secs] [Times: user=0.04 sys=0.05, real=0.03 secs] 
2021-06-06T20:20:06.243+0800: 2026157.895: [GC (Allocation Failure) [PSYoungGen: 495264K->16768K(501248K)] 837834K->370062K(1025536K), 0.0438795 secs] [Times: user=0.05 sys=0.06, real=0.04 secs] 
2021-06-06T20:24:16.769+0800: 2026408.421: [GC (Allocation Failure) [PSYoungGen: 494976K->17664K(501248K)] 848270K->381012K(1025536K), 0.0354874 secs] [Times: user=0.04 sys=0.05, real=0.04 secs] 
2021-06-06T20:28:24.782+0800: 2026656.434: [GC (Allocation Failure) [PSYoungGen: 495872K->17632K(501760K)] 859220K->391584K(1026048K), 0.0409698 secs] [Times: user=0.04 sys=0.04, real=0.05 secs] 
2021-06-06T20:32:31.273+0800: 2026902.925: [GC (Allocation Failure) [PSYoungGen: 496352K->16544K(501248K)] 870304K->401333K(1025536K), 0.0336073 secs] [Times: user=0.04 sys=0.05, real=0.03 secs] 
2021-06-06T20:36:41.492+0800: 2027153.144: [GC (Allocation Failure) [PSYoungGen: 495264K->19072K(501760K)] 880053K->414643K(1026048K), 0.0371522 secs] [Times: user=0.04 sys=0.05, real=0.04 secs] 
2021-06-06T20:40:49.992+0800: 2027401.644: [GC (Allocation Failure) [PSYoungGen: 498304K->17440K(501760K)] 893875K->424967K(1026048K), 0.0875209 secs] [Times: user=0.05 sys=0.05, real=0.09 secs] 
2021-06-06T20:45:00.234+0800: 2027651.887: [GC (Allocation Failure) [PSYoungGen: 496672K->16480K(502272K)] 904199K->434651K(1026560K), 0.0302003 secs] [Times: user=0.04 sys=0.04, real=0.03 secs] 
2021-06-06T20:49:07.783+0800: 2027899.435: [GC (Allocation Failure) [PSYoungGen: 496736K->16544K(502272K)] 914907K->444880K(1026560K), 0.0389695 secs] [Times: user=0.04 sys=0.05, real=0.04 secs] 
2021-06-06T20:53:15.361+0800: 2028147.013: [GC (Allocation Failure) [PSYoungGen: 496800K->17696K(502784K)] 925136K->456212K(1027072K), 0.0463964 secs] [Times: user=0.05 sys=0.05, real=0.05 secs] 
2021-06-06T20:57:25.377+0800: 2028397.029: [GC (Allocation Failure) [PSYoungGen: 498464K->21312K(502272K)] 936980K->470882K(1026560K), 0.1325002 secs] [Times: user=0.05 sys=0.05, real=0.13 secs] 
2021-06-06T21:01:35.642+0800: 2028647.294: [GC (Allocation Failure) [PSYoungGen: 502080K->14752K(500224K)] 951650K->474838K(1024512K), 0.0336837 secs] [Times: user=0.04 sys=0.05, real=0.04 secs] 
2021-06-06T21:05:48.493+0800: 2028900.145: [GC (Allocation Failure) [PSYoungGen: 492960K->17056K(501248K)] 953046K->486084K(1025536K), 0.0331108 secs] [Times: user=0.04 sys=0.04, real=0.03 secs] 
2021-06-06T21:09:52.924+0800: 2029144.576: [GC (Allocation Failure) [PSYoungGen: 495264K->19200K(501760K)] 964292K->497994K(1026048K), 0.0404880 secs] [Times: user=0.05 sys=0.05, real=0.04 secs] 
2021-06-06T21:14:00.699+0800: 2029392.351: [GC (Allocation Failure) [PSYoungGen: 498432K->20448K(499712K)] 977226K->509672K(1024000K), 0.0496234 secs] [Times: user=0.04 sys=0.04, real=0.05 secs] 
2021-06-06T21:18:10.495+0800: 2029642.147: [GC (Allocation Failure) [PSYoungGen: 499680K->18080K(501760K)] 988904K->518677K(1026048K), 0.0359465 secs] [Times: user=0.05 sys=0.05, real=0.03 secs] 
2021-06-06T21:22:17.820+0800: 2029889.472: [GC (Allocation Failure) [PSYoungGen: 496800K->17376K(501248K)] 997397K->529323K(1025536K), 0.0400575 secs] [Times: user=0.05 sys=0.06, real=0.04 secs] 
2021-06-06T21:22:17.860+0800: 2029889.512: [Full GC (Ergonomics) [PSYoungGen: 17376K->0K(501248K)] [ParOldGen: 511947K->305561K(524288K)] 529323K->305561K(1025536K), [Metaspace: 97009K->97009K(1138688K)], 0.6073244 secs] [Times: user=0.64 sys=0.62, real=0.61 secs] 
2021-06-06T21:26:32.889+0800: 2030144.541: [GC (Allocation Failure) [PSYoungGen: 478720K->13984K(501760K)] 784281K->319545K(1026048K), 0.0321140 secs] [Times: user=0.04 sys=0.04, real=0.03 secs] 
2021-06-06T21:30:40.665+0800: 2030392.317: [GC (Allocation Failure) [PSYoungGen: 493216K->19936K(499200K)] 798777K->334908K(1023488K), 0.0406449 secs] [Times: user=0.05 sys=0.05, real=0.04 secs] 
2021-06-06T21:34:52.209+0800: 2030643.861: [GC (Allocation Failure) [PSYoungGen: 499168K->17600K(501760K)] 814140K->344420K(1026048K), 0.0393733 secs] [Times: user=0.05 sys=0.05, real=0.04 secs] 
2021-06-06T21:39:03.650+0800: 2030895.302: [GC (Allocation Failure) [PSYoungGen: 496320K->20032K(501248K)] 823140K->357473K(1025536K), 0.0553629 secs] [Times: user=0.05 sys=0.04, real=0.06 secs] 
2021-06-06T21:43:14.303+0800: 2031145.955: [GC (Allocation Failure) [PSYoungGen: 498752K->18368K(501760K)] 836193K->367247K(1026048K), 0.0307902 secs] [Times: user=0.04 sys=0.04, real=0.03 secs] 
2021-06-06T21:47:21.966+0800: 2031393.618: [GC (Allocation Failure) [PSYoungGen: 497088K->19232K(501248K)] 845967K->379621K(1025536K), 0.0583788 secs] [Times: user=0.05 sys=0.05, real=0.06 secs] 
2021-06-06T21:51:31.478+0800: 2031643.130: [GC (Allocation Failure) [PSYoungGen: 497952K->17952K(502272K)] 858341K->390026K(1026560K), 0.0439903 secs] [Times: user=0.06 sys=0.05, real=0.05 secs] 
2021-06-06T21:55:41.595+0800: 2031893.247: [GC (Allocation Failure) [PSYoungGen: 497696K->20000K(501760K)] 869770K->401775K(1026048K), 0.0368287 secs] [Times: user=0.04 sys=0.05, real=0.03 secs] 
2021-06-06T21:59:51.613+0800: 2032143.265: [GC (Allocation Failure) [PSYoungGen: 499744K->18560K(502272K)] 881519K->412766K(1026560K), 0.0556326 secs] [Times: user=0.05 sys=0.05, real=0.05 secs] 
2021-06-06T22:03:59.072+0800: 2032390.724: [GC (Allocation Failure) [PSYoungGen: 498304K->19744K(501760K)] 892510K->425955K(1026048K), 0.0478170 secs] [Times: user=0.06 sys=0.06, real=0.05 secs] 
2021-06-06T22:08:05.246+0800: 2032636.898: [GC (Allocation Failure) [PSYoungGen: 499488K->20128K(501760K)] 905699K->437033K(1026048K), 0.0441801 secs] [Times: user=0.04 sys=0.06, real=0.04 secs] 
2021-06-06T22:12:14.827+0800: 2032886.479: [GC (Allocation Failure) [PSYoungGen: 499360K->19840K(501760K)] 916265K->447968K(1026048K), 0.0317378 secs] [Times: user=0.04 sys=0.04, real=0.03 secs] 
2021-06-06T22:16:23.098+0800: 2033134.750: [GC (Allocation Failure) [PSYoungGen: 499072K->21376K(500736K)] 927200K->461062K(1025024K), 0.0419624 secs] [Times: user=0.05 sys=0.05, real=0.04 secs] 
2021-06-06T22:20:33.637+0800: 2033385.289: [GC (Allocation Failure) [PSYoungGen: 499584K->17952K(501248K)] 939270K->467996K(1025536K), 0.0461096 secs] [Times: user=0.04 sys=0.06, real=0.05 secs] 
2021-06-06T22:24:39.011+0800: 2033630.663: [GC (Allocation Failure) [PSYoungGen: 496160K->18848K(501760K)] 946204K->479002K(1026048K), 0.0395509 secs] [Times: user=0.05 sys=0.06, real=0.04 secs] 
2021-06-06T22:28:47.151+0800: 2033878.803: [GC (Allocation Failure) [PSYoungGen: 497568K->20128K(501248K)] 957722K->491488K(1025536K), 0.0564644 secs] [Times: user=0.03 sys=0.05, real=0.06 secs] 
2021-06-06T22:32:57.912+0800: 2034129.564: [GC (Allocation Failure) [PSYoungGen: 498848K->15488K(500736K)] 970208K->498605K(1025024K), 0.0357724 secs] [Times: user=0.04 sys=0.05, real=0.03 secs] 
2021-06-06T22:37:07.351+0800: 2034379.003: [GC (Allocation Failure) [PSYoungGen: 493696K->20384K(501248K)] 976813K->513332K(1025536K), 0.0519606 secs] [Times: user=0.05 sys=0.06, real=0.06 secs] 
2021-06-06T22:41:14.761+0800: 2034626.413: [GC (Allocation Failure) [PSYoungGen: 498592K->18848K(501248K)] 991540K->523242K(1025536K), 0.0577564 secs] [Times: user=0.06 sys=0.07, real=0.06 secs] 
2021-06-06T22:45:20.651+0800: 2034872.303: [GC (Allocation Failure) [PSYoungGen: 497056K->21760K(500224K)] 1001450K->537097K(1024512K), 0.0436935 secs] [Times: user=0.05 sys=0.05, real=0.05 secs] 
2021-06-06T22:45:20.695+0800: 2034872.347: [Full GC (Ergonomics) [PSYoungGen: 21760K->0K(500224K)] [ParOldGen: 515337K->325293K(524288K)] 537097K->325293K(1024512K), [Metaspace: 97009K->97009K(1138688K)], 0.5388842 secs] [Times: user=1.13 sys=0.00, real=0.54 secs] 
2021-06-06T22:49:31.674+0800: 2035123.326: [GC (Allocation Failure) [PSYoungGen: 478208K->17952K(500736K)] 803501K->343245K(1025024K), 0.0315704 secs] [Times: user=0.04 sys=0.04, real=0.03 secs] 
2021-06-06T22:53:36.364+0800: 2035368.016: [GC (Allocation Failure) [PSYoungGen: 495136K->23520K(500736K)] 820429K->360570K(1025024K), 0.0424551 secs] [Times: user=0.06 sys=0.05, real=0.04 secs] 
2021-06-06T22:57:44.196+0800: 2035615.848: [GC (Allocation Failure) [PSYoungGen: 500704K->17088K(490496K)] 837754K->367086K(1014784K), 0.0426808 secs] [Times: user=0.05 sys=0.06, real=0.04 secs] 
2021-06-06T23:01:52.680+0800: 2035864.332: [GC (Allocation Failure) [PSYoungGen: 484032K->15712K(495616K)] 834030K->376539K(1019904K), 0.0593005 secs] [Times: user=0.05 sys=0.05, real=0.06 secs] 
2021-06-06T23:05:51.453+0800: 2036103.105: [GC (Allocation Failure) [PSYoungGen: 482656K->17472K(496128K)] 843483K->388272K(1020416K), 0.0357030 secs] [Times: user=0.04 sys=0.05, real=0.03 secs] 
2021-06-06T23:09:51.984+0800: 2036343.636: [GC (Allocation Failure) [PSYoungGen: 484928K->21344K(495616K)] 855728K->402766K(1019904K), 0.0445644 secs] [Times: user=0.06 sys=0.06, real=0.04 secs] 
2021-06-06T23:13:52.320+0800: 2036583.972: [GC (Allocation Failure) [PSYoungGen: 488800K->17856K(496640K)] 870222K->412196K(1020928K), 0.0344944 secs] [Times: user=0.05 sys=0.04, real=0.04 secs] 
2021-06-06T23:17:57.351+0800: 2036829.003: [GC (Allocation Failure) [PSYoungGen: 486336K->19360K(496128K)] 880676K->424562K(1020416K), 0.0387378 secs] [Times: user=0.05 sys=0.05, real=0.04 secs] 
2021-06-06T23:21:58.464+0800: 2037070.116: [GC (Allocation Failure) [PSYoungGen: 487840K->18528K(498176K)] 893042K->435657K(1022464K), 0.0357166 secs] [Times: user=0.05 sys=0.05, real=0.03 secs] 
2021-06-06T23:26:01.112+0800: 2037312.764: [GC (Allocation Failure) [PSYoungGen: 490080K->17664K(497664K)] 907209K->446015K(1021952K), 0.0344641 secs] [Times: user=0.04 sys=0.05, real=0.04 secs] 
2021-06-06T23:30:09.269+0800: 2037560.921: [GC (Allocation Failure) [PSYoungGen: 489215K->18336K(498688K)] 917567K->458341K(1022976K), 0.0326716 secs] [Times: user=0.04 sys=0.04, real=0.03 secs] 
2021-06-06T23:34:12.775+0800: 2037804.427: [GC (Allocation Failure) [PSYoungGen: 490912K->20672K(498176K)] 930917K->470732K(1022464K), 0.0403458 secs] [Times: user=0.05 sys=0.05, real=0.04 secs] 
2021-06-06T23:38:18.313+0800: 2038049.965: [GC (Allocation Failure) [PSYoungGen: 493248K->16416K(499200K)] 943308K->477658K(1023488K), 0.0436850 secs] [Times: user=0.05 sys=0.04, real=0.04 secs] 
2021-06-06T23:42:23.434+0800: 2038295.086: [GC (Allocation Failure) [PSYoungGen: 490016K->20704K(498688K)] 951258K->491513K(1022976K), 0.0383981 secs] [Times: user=0.03 sys=0.03, real=0.04 secs] 
2021-06-06T23:46:28.199+0800: 2038539.851: [GC (Allocation Failure) [PSYoungGen: 494304K->17728K(499200K)] 965113K->500647K(1023488K), 0.0334218 secs] [Times: user=0.04 sys=0.04, real=0.04 secs] 
2021-06-06T23:50:33.324+0800: 2038784.976: [GC (Allocation Failure) [PSYoungGen: 491328K->17888K(498688K)] 974247K->511667K(1022976K), 0.0347565 secs] [Times: user=0.05 sys=0.04, real=0.03 secs] 
2021-06-06T23:54:38.070+0800: 2039029.722: [GC (Allocation Failure) [PSYoungGen: 491488K->19584K(499712K)] 985267K->525095K(1024000K), 0.0429530 secs] [Times: user=0.04 sys=0.04, real=0.05 secs] 
2021-06-06T23:58:44.230+0800: 2039275.882: [GC (Allocation Failure) [PSYoungGen: 494720K->16928K(499712K)] 1000231K->532892K(1024000K), 0.0353876 secs] [Times: user=0.04 sys=0.04, real=0.04 secs] 
2021-06-06T23:58:44.266+0800: 2039275.918: [Full GC (Ergonomics) [PSYoungGen: 16928K->0K(499712K)] [ParOldGen: 515964K->303456K(524288K)] 532892K->303456K(1024000K), [Metaspace: 97009K->97009K(1138688K)], 0.5237745 secs] [Times: user=0.57 sys=0.57, real=0.52 secs] 
2021-06-07T00:02:38.812+0800: 2039510.464: [GC (Allocation Failure) [PSYoungGen: 475136K->18880K(500736K)] 778592K->322336K(1025024K), 0.0266372 secs] [Times: user=0.04 sys=0.04, real=0.02 secs] 
2021-06-07T00:06:48.838+0800: 2039760.490: [GC (Allocation Failure) [PSYoungGen: 495552K->17440K(500224K)] 799008K->335721K(1024512K), 0.0352200 secs] [Times: user=0.03 sys=0.04, real=0.04 secs] 
2021-06-07T00:10:55.686+0800: 2040007.338: [GC (Allocation Failure) [PSYoungGen: 494112K->17056K(501248K)] 812393K->344671K(1025536K), 0.0295861 secs] [Times: user=0.03 sys=0.04, real=0.03 secs] 
2021-06-07T00:15:01.575+0800: 2040253.228: [GC (Allocation Failure) [PSYoungGen: 494752K->17344K(500736K)] 822367K->354877K(1025024K), 0.0277327 secs] [Times: user=0.04 sys=0.04, real=0.03 secs] 
2021-06-07T00:19:09.572+0800: 2040501.224: [GC (Allocation Failure) [PSYoungGen: 495040K->20928K(500224K)] 832573K->369147K(1024512K), 0.0805549 secs] [Times: user=0.09 sys=0.00, real=0.08 secs] 
2021-06-07T00:23:12.555+0800: 2040744.207: [GC (Allocation Failure) [PSYoungGen: 498112K->19040K(500736K)] 846331K->379456K(1025024K), 0.0380059 secs] [Times: user=0.04 sys=0.05, real=0.04 secs] 
2021-06-07T00:27:21.372+0800: 2040993.024: [GC (Allocation Failure) [PSYoungGen: 496224K->17312K(501248K)] 856640K->388788K(1025536K), 0.0298594 secs] [Times: user=0.04 sys=0.04, real=0.03 secs] 
2021-06-07T00:31:28.233+0800: 2041239.885: [GC (Allocation Failure) [PSYoungGen: 495520K->18336K(501248K)] 866996K->399474K(1025536K), 0.0314432 secs] [Times: user=0.05 sys=0.04, real=0.03 secs] 
2021-06-07T00:35:34.373+0800: 2041486.025: [GC (Allocation Failure) [PSYoungGen: 496544K->16256K(501760K)] 877682K->408462K(1026048K), 0.0397993 secs] [Times: user=0.04 sys=0.04, real=0.04 secs] 
2021-06-07T00:39:44.820+0800: 2041736.472: [GC (Allocation Failure) [PSYoungGen: 495488K->17248K(501760K)] 887694K->420747K(1026048K), 0.0304785 secs] [Times: user=0.04 sys=0.04, real=0.03 secs] 
2021-06-07T00:43:49.851+0800: 2041981.503: [GC (Allocation Failure) [PSYoungGen: 496480K->18080K(502272K)] 899979K->431952K(1026560K), 0.0316460 secs] [Times: user=0.04 sys=0.04, real=0.04 secs] 
2021-06-07T00:47:59.198+0800: 2042230.850: [GC (Allocation Failure) [PSYoungGen: 497824K->18752K(501760K)] 911696K->443445K(1026048K), 0.0334757 secs] [Times: user=0.04 sys=0.04, real=0.03 secs] 
2021-06-07T00:52:09.694+0800: 2042481.346: [GC (Allocation Failure) [PSYoungGen: 498496K->18144K(502784K)] 923189K->453913K(1027072K), 0.0311172 secs] [Times: user=0.04 sys=0.04, real=0.03 secs] 
2021-06-07T00:56:24.675+0800: 2042736.327: [GC (Allocation Failure) [PSYoungGen: 498912K->18208K(502272K)] 934681K->464999K(1026560K), 0.0798278 secs] [Times: user=0.05 sys=0.04, real=0.08 secs] 
2021-06-07T01:00:38.786+0800: 2042990.438: [GC (Allocation Failure) [PSYoungGen: 498976K->15136K(502784K)] 945767K->474003K(1027072K), 0.0313476 secs] [Times: user=0.04 sys=0.04, real=0.03 secs] 
2021-06-07T01:04:39.946+0800: 2043231.598: [GC (Allocation Failure) [PSYoungGen: 496416K->19626K(501248K)] 955283K->487523K(1025536K), 0.0367981 secs] [Times: user=0.04 sys=0.04, real=0.04 secs] 
2021-06-07T01:08:49.619+0800: 2043481.271: [GC (Allocation Failure) [PSYoungGen: 500906K->16352K(502784K)] 968803K->496686K(1027072K), 0.0305724 secs] [Times: user=0.04 sys=0.04, real=0.03 secs] 
2021-06-07T01:13:00.106+0800: 2043731.758: [GC (Allocation Failure) [PSYoungGen: 497120K->20288K(501248K)] 977454K->510949K(1025536K), 0.0387193 secs] [Times: user=0.05 sys=0.05, real=0.04 secs] 
2021-06-07T01:17:07.104+0800: 2043978.756: [GC (Allocation Failure) [PSYoungGen: 501056K->17408K(502272K)] 991717K->520584K(1026560K), 0.0296733 secs] [Times: user=0.04 sys=0.04, real=0.03 secs] 
2021-06-07T01:21:19.122+0800: 2044230.774: [GC (Allocation Failure) [PSYoungGen: 497152K->15072K(501760K)] 1000328K->528468K(1026048K), 0.0303691 secs] [Times: user=0.04 sys=0.05, real=0.04 secs] 
2021-06-07T01:21:19.153+0800: 2044230.805: [Full GC (Ergonomics) [PSYoungGen: 15072K->0K(501760K)] [ParOldGen: 513396K->316960K(524288K)] 528468K->316960K(1026048K), [Metaspace: 97009K->97009K(1138688K)], 0.4443103 secs] [Times: user=0.50 sys=0.49, real=0.44 secs] 
2021-06-07T01:25:30.191+0800: 2044481.843: [GC (Allocation Failure) [PSYoungGen: 479744K->19584K(501248K)] 796704K->336544K(1025536K), 0.0743750 secs] [Times: user=0.03 sys=0.03, real=0.08 secs] 
2021-06-07T01:29:40.114+0800: 2044731.766: [GC (Allocation Failure) [PSYoungGen: 498815K->15488K(501760K)] 815776K->345074K(1026048K), 0.0298236 secs] [Times: user=0.04 sys=0.04, real=0.03 secs] 
2021-06-07T01:33:45.789+0800: 2044977.441: [GC (Allocation Failure) [PSYoungGen: 494720K->19264K(501760K)] 824306K->358905K(1026048K), 0.0895987 secs] [Times: user=0.04 sys=0.05, real=0.09 secs] 
2021-06-07T01:37:58.531+0800: 2045230.183: [GC (Allocation Failure) [PSYoungGen: 498496K->16832K(501760K)] 838137K->368229K(1026048K), 0.0274847 secs] [Times: user=0.04 sys=0.04, real=0.03 secs] 
2021-06-07T01:42:06.628+0800: 2045478.280: [GC (Allocation Failure) [PSYoungGen: 496064K->18528K(502272K)] 847461K->380954K(1026560K), 0.0370094 secs] [Times: user=0.05 sys=0.05, real=0.04 secs] 
2021-06-07T01:46:15.322+0800: 2045726.974: [GC (Allocation Failure) [PSYoungGen: 498272K->21984K(501760K)] 860698K->394842K(1026048K), 0.0349991 secs] [Times: user=0.05 sys=0.04, real=0.04 secs] 
2021-06-07T01:50:25.812+0800: 2045977.464: [GC (Allocation Failure) [PSYoungGen: 501728K->19808K(493568K)] 874586K->403840K(1017856K), 0.0430880 secs] [Times: user=0.04 sys=0.05, real=0.05 secs] 
2021-06-07T01:54:29.473+0800: 2046221.125: [GC (Allocation Failure) [PSYoungGen: 490848K->19040K(497664K)] 874880K->413862K(1021952K), 0.0334327 secs] [Times: user=0.04 sys=0.04, real=0.03 secs] 
2021-06-07T01:58:36.057+0800: 2046467.709: [GC (Allocation Failure) [PSYoungGen: 490080K->16800K(498688K)] 884902K->424323K(1022976K), 0.0341574 secs] [Times: user=0.05 sys=0.04, real=0.03 secs] 
2021-06-07T02:02:37.890+0800: 2046709.542: [GC (Allocation Failure) [PSYoungGen: 489376K->17056K(498176K)] 896899K->435401K(1022464K), 0.0292122 secs] [Times: user=0.04 sys=0.04, real=0.03 secs] 
2021-06-07T02:06:39.006+0800: 2046950.658: [GC (Allocation Failure) [PSYoungGen: 489632K->20608K(498688K)] 907977K->448815K(1022976K), 0.0308070 secs] [Times: user=0.05 sys=0.04, real=0.03 secs] 
2021-06-07T02:10:49.284+0800: 2047200.936: [GC (Allocation Failure) [PSYoungGen: 493696K->15328K(498688K)] 921903K->456330K(1022976K), 0.0335631 secs] [Times: user=0.04 sys=0.04, real=0.03 secs] 
2021-06-07T02:14:52.634+0800: 2047444.286: [GC (Allocation Failure) [PSYoungGen: 488416K->18624K(499712K)] 929418K->469065K(1024000K), 0.0323498 secs] [Times: user=0.04 sys=0.05, real=0.03 secs] 
2021-06-07T02:19:01.620+0800: 2047693.272: [GC (Allocation Failure) [PSYoungGen: 492736K->17248K(498688K)] 943177K->479133K(1022976K), 0.1097446 secs] [Times: user=0.04 sys=0.04, real=0.11 secs] 
2021-06-07T02:23:08.966+0800: 2047940.619: [GC (Allocation Failure) [PSYoungGen: 491360K->19168K(500224K)] 953245K->490978K(1024512K), 0.0324216 secs] [Times: user=0.04 sys=0.04, real=0.03 secs] 
2021-06-07T02:27:15.737+0800: 2048187.389: [GC (Allocation Failure) [PSYoungGen: 494816K->16800K(499712K)] 966626K->500072K(1024000K), 0.0346568 secs] [Times: user=0.03 sys=0.05, real=0.03 secs] 
2021-06-07T02:31:24.245+0800: 2048435.897: [GC (Allocation Failure) [PSYoungGen: 492448K->19712K(500224K)] 975720K->513582K(1024512K), 0.0421166 secs] [Times: user=0.05 sys=0.05, real=0.04 secs] 
2021-06-07T02:35:33.616+0800: 2048685.268: [GC (Allocation Failure) [PSYoungGen: 495872K->17120K(500224K)] 989742K->521067K(1024512K), 0.0297053 secs] [Times: user=0.03 sys=0.05, real=0.03 secs] 
2021-06-07T02:39:39.105+0800: 2048930.757: [GC (Allocation Failure) [PSYoungGen: 493280K->17952K(501248K)] 997227K->533703K(1025536K), 0.0306125 secs] [Times: user=0.04 sys=0.04, real=0.03 secs] 
2021-06-07T02:39:39.136+0800: 2048930.788: [Full GC (Ergonomics) [PSYoungGen: 17952K->0K(501248K)] [ParOldGen: 515751K->312634K(524288K)] 533703K->312634K(1025536K), [Metaspace: 97009K->97009K(1138688K)], 0.5206075 secs] [Times: user=1.12 sys=0.00, real=0.52 secs] 
2021-06-07T02:43:46.943+0800: 2049178.595: [GC (Allocation Failure) [PSYoungGen: 477696K->17440K(500736K)] 790330K->330074K(1025024K), 0.0271016 secs] [Times: user=0.03 sys=0.04, real=0.02 secs] 
2021-06-07T02:47:56.987+0800: 2049428.639: [GC (Allocation Failure) [PSYoungGen: 495136K->17152K(501760K)] 807770K->340543K(1026048K), 0.0340648 secs] [Times: user=0.04 sys=0.05, real=0.03 secs] 
2021-06-07T02:52:07.056+0800: 2049678.709: [GC (Allocation Failure) [PSYoungGen: 495872K->17248K(501248K)] 819263K->351252K(1025536K), 0.1229945 secs] [Times: user=0.05 sys=0.06, real=0.12 secs] 
2021-06-07T02:56:17.109+0800: 2049928.761: [GC (Allocation Failure) [PSYoungGen: 495968K->18848K(502272K)] 829972K->364282K(1026560K), 0.0281192 secs] [Times: user=0.03 sys=0.04, real=0.03 secs] 
2021-06-07T03:00:24.295+0800: 2050175.947: [GC (Allocation Failure) [PSYoungGen: 498592K->19840K(501760K)] 844026K->377704K(1026048K), 0.0304906 secs] [Times: user=0.05 sys=0.04, real=0.03 secs] 
2021-06-07T03:04:34.513+0800: 2050426.165: [GC (Allocation Failure) [PSYoungGen: 499584K->16640K(501760K)] 857448K->386277K(1026048K), 0.0363990 secs] [Times: user=0.04 sys=0.05, real=0.03 secs] 
2021-06-07T03:08:43.075+0800: 2050674.727: [GC (Allocation Failure) [PSYoungGen: 495872K->18944K(501760K)] 865509K->397369K(1026048K), 0.0429764 secs] [Times: user=0.05 sys=0.05, real=0.04 secs] 
2021-06-07T03:12:52.541+0800: 2050924.193: [GC (Allocation Failure) [PSYoungGen: 498176K->19168K(502272K)] 876601K->408717K(1026560K), 0.0382281 secs] [Times: user=0.04 sys=0.05, real=0.04 secs] 
2021-06-07T03:17:03.126+0800: 2051174.778: [GC (Allocation Failure) [PSYoungGen: 498912K->18368K(501760K)] 888461K->420052K(1026048K), 0.0341618 secs] [Times: user=0.05 sys=0.05, real=0.03 secs] 
2021-06-07T03:21:17.002+0800: 2051428.654: [GC (Allocation Failure) [PSYoungGen: 498112K->14752K(502272K)] 899796K->428751K(1026560K), 0.0382684 secs] [Times: user=0.05 sys=0.05, real=0.04 secs] 
2021-06-07T03:25:25.740+0800: 2051677.392: [GC (Allocation Failure) [PSYoungGen: 495008K->15872K(502272K)] 909007K->440036K(1026560K), 0.0320511 secs] [Times: user=0.04 sys=0.05, real=0.03 secs] 
2021-06-07T03:29:38.557+0800: 2051930.209: [GC (Allocation Failure) [PSYoungGen: 496128K->19840K(501248K)] 920292K->453874K(1025536K), 0.0364047 secs] [Times: user=0.04 sys=0.05, real=0.04 secs] 
2021-06-07T03:33:52.795+0800: 2052184.447: [GC (Allocation Failure) [PSYoungGen: 499072K->17472K(501760K)] 933106K->463216K(1026048K), 0.0613911 secs] [Times: user=0.04 sys=0.04, real=0.06 secs] 
2021-06-07T03:37:58.777+0800: 2052430.429: [GC (Allocation Failure) [PSYoungGen: 496704K->18528K(502272K)] 942448K->476500K(1026560K), 0.0437536 secs] [Times: user=0.06 sys=0.06, real=0.04 secs] 
2021-06-07T03:42:05.974+0800: 2052677.626: [GC (Allocation Failure) [PSYoungGen: 498784K->17824K(502272K)] 956756K->486810K(1026560K), 0.0345759 secs] [Times: user=0.05 sys=0.05, real=0.03 secs] 
2021-06-07T03:46:11.735+0800: 2052923.387: [GC (Allocation Failure) [PSYoungGen: 498080K->19328K(501760K)] 967066K->498208K(1026048K), 0.0309342 secs] [Times: user=0.04 sys=0.04, real=0.03 secs] 
2021-06-07T03:50:19.833+0800: 2053171.485: [GC (Allocation Failure) [PSYoungGen: 499584K->17344K(502272K)] 978464K->506773K(1026560K), 0.0300417 secs] [Times: user=0.04 sys=0.04, real=0.03 secs] 
2021-06-07T03:54:27.505+0800: 2053419.157: [GC (Allocation Failure) [PSYoungGen: 497600K->16736K(502784K)] 987029K->518067K(1027072K), 0.0293858 secs] [Times: user=0.04 sys=0.04, real=0.03 secs] 
2021-06-07T03:58:41.116+0800: 2053672.768: [GC (Allocation Failure) [PSYoungGen: 498016K->17088K(502784K)] 999347K->529174K(1027072K), 0.0317097 secs] [Times: user=0.04 sys=0.04, real=0.03 secs] 
2021-06-07T03:58:41.148+0800: 2053672.800: [Full GC (Ergonomics) [PSYoungGen: 17088K->0K(502784K)] [ParOldGen: 512086K->310867K(524288K)] 529174K->310867K(1027072K), [Metaspace: 97009K->97009K(1138688K)], 0.4044682 secs] [Times: user=0.93 sys=0.00, real=0.41 secs] 
2021-06-07T04:02:49.944+0800: 2053921.596: [GC (Allocation Failure) [PSYoungGen: 481280K->19296K(502784K)] 792147K->330163K(1027072K), 0.0285473 secs] [Times: user=0.03 sys=0.03, real=0.03 secs] 
2021-06-07T04:06:58.218+0800: 2054169.870: [GC (Allocation Failure) [PSYoungGen: 500576K->20128K(501760K)] 811443K->341449K(1026048K), 0.0554121 secs] [Times: user=0.06 sys=0.06, real=0.06 secs] 
2021-06-07T04:11:05.771+0800: 2054417.423: [GC (Allocation Failure) [PSYoungGen: 501408K->20288K(501248K)] 822729K->353158K(1025536K), 0.0336339 secs] [Times: user=0.05 sys=0.05, real=0.04 secs] 
2021-06-07T04:15:08.840+0800: 2054660.492: [GC (Allocation Failure) [PSYoungGen: 499520K->17664K(501760K)] 832390K->363804K(1026048K), 0.0292736 secs] [Times: user=0.04 sys=0.04, real=0.03 secs] 
2021-06-07T04:19:17.963+0800: 2054909.615: [GC (Allocation Failure) [PSYoungGen: 496896K->19424K(502272K)] 843036K->376498K(1026560K), 0.0322060 secs] [Times: user=0.04 sys=0.04, real=0.03 secs] 
2021-06-07T04:23:24.529+0800: 2055156.181: [GC (Allocation Failure) [PSYoungGen: 499680K->18208K(502272K)] 856754K->387263K(1026560K), 0.0598497 secs] [Times: user=0.04 sys=0.04, real=0.06 secs] 
2021-06-07T04:27:31.877+0800: 2055403.529: [GC (Allocation Failure) [PSYoungGen: 498464K->20256K(502272K)] 867519K->399829K(1026560K), 0.0366792 secs] [Times: user=0.04 sys=0.04, real=0.04 secs] 
2021-06-07T04:31:44.200+0800: 2055655.852: [GC (Allocation Failure) [PSYoungGen: 500512K->15904K(496640K)] 880085K->407603K(1020928K), 0.0256346 secs] [Times: user=0.03 sys=0.04, real=0.03 secs] 
2021-06-07T04:35:55.491+0800: 2055907.143: [GC (Allocation Failure) [PSYoungGen: 496152K->18816K(502272K)] 887852K->420463K(1026560K), 0.0366134 secs] [Times: user=0.05 sys=0.04, real=0.04 secs] 
2021-06-07T04:40:07.939+0800: 2056159.591: [GC (Allocation Failure) [PSYoungGen: 498560K->18240K(501760K)] 900207K->429510K(1026048K), 0.0339667 secs] [Times: user=0.04 sys=0.05, real=0.04 secs] 
2021-06-07T04:44:14.606+0800: 2056406.258: [GC (Allocation Failure) [PSYoungGen: 497984K->19776K(502272K)] 909254K->440699K(1026560K), 0.0323786 secs] [Times: user=0.04 sys=0.04, real=0.03 secs] 
2021-06-07T04:48:24.881+0800: 2056656.533: [GC (Allocation Failure) [PSYoungGen: 500032K->19072K(502272K)] 920955K->450352K(1026560K), 0.0306264 secs] [Times: user=0.03 sys=0.04, real=0.03 secs] 
2021-06-07T04:52:34.928+0800: 2056906.581: [GC (Allocation Failure) [PSYoungGen: 499328K->19616K(502272K)] 930608K->462126K(1026560K), 0.0291179 secs] [Times: user=0.04 sys=0.04, real=0.03 secs] 
2021-06-07T04:56:48.662+0800: 2057160.314: [GC (Allocation Failure) [PSYoungGen: 499872K->17184K(502272K)] 942382K->471403K(1026560K), 0.0330109 secs] [Times: user=0.03 sys=0.04, real=0.04 secs] 
2021-06-07T05:01:01.377+0800: 2057413.029: [GC (Allocation Failure) [PSYoungGen: 497440K->15456K(502272K)] 951659K->480785K(1026560K), 0.0361528 secs] [Times: user=0.04 sys=0.04, real=0.04 secs] 
2021-06-07T05:05:12.961+0800: 2057664.613: [GC (Allocation Failure) [PSYoungGen: 495712K->18816K(502272K)] 961041K->493296K(1026560K), 0.0310721 secs] [Times: user=0.04 sys=0.04, real=0.04 secs] 
2021-06-07T05:09:21.132+0800: 2057912.784: [GC (Allocation Failure) [PSYoungGen: 499072K->20512K(501248K)] 973552K->506221K(1025536K), 0.0332335 secs] [Times: user=0.08 sys=0.00, real=0.04 secs] 
2021-06-07T05:13:29.693+0800: 2058161.345: [GC (Allocation Failure) [PSYoungGen: 499744K->18272K(501760K)] 985453K->515266K(1026048K), 0.0688673 secs] [Times: user=0.04 sys=0.04, real=0.06 secs] 
2021-06-07T05:17:39.286+0800: 2058410.938: [GC (Allocation Failure) [PSYoungGen: 497504K->19616K(502272K)] 994498K->527600K(1026560K), 0.0315042 secs] [Times: user=0.04 sys=0.04, real=0.03 secs] 
2021-06-07T05:21:45.067+0800: 2058656.719: [GC (Allocation Failure) [PSYoungGen: 499872K->20800K(501248K)] 1007856K->539397K(1025536K), 0.0397327 secs] [Times: user=0.04 sys=0.04, real=0.04 secs] 
2021-06-07T05:21:45.107+0800: 2058656.759: [Full GC (Ergonomics) [PSYoungGen: 20800K->0K(501248K)] [ParOldGen: 518597K->322524K(524288K)] 539397K->322524K(1025536K), [Metaspace: 97009K->97009K(1138688K)], 0.4762696 secs] [Times: user=1.07 sys=0.00, real=0.48 secs] 
2021-06-07T05:25:58.908+0800: 2058910.560: [GC (Allocation Failure) [PSYoungGen: 480256K->20576K(500736K)] 802780K->343100K(1025024K), 0.0293187 secs] [Times: user=0.03 sys=0.04, real=0.03 secs] 
2021-06-07T05:30:12.085+0800: 2059163.737: [GC (Allocation Failure) [PSYoungGen: 498784K->16704K(501248K)] 821308K->353639K(1025536K), 0.0455634 secs] [Times: user=0.05 sys=0.05, real=0.04 secs] 
2021-06-07T05:34:23.987+0800: 2059415.639: [GC (Allocation Failure) [PSYoungGen: 494907K->20448K(501248K)] 831843K->367207K(1025536K), 0.0408593 secs] [Times: user=0.10 sys=0.00, real=0.04 secs] 
2021-06-07T05:38:32.690+0800: 2059664.342: [GC (Allocation Failure) [PSYoungGen: 498656K->23008K(501248K)] 845415K->380646K(1025536K), 0.0348422 secs] [Times: user=0.05 sys=0.04, real=0.04 secs] 
2021-06-07T05:42:42.082+0800: 2059913.734: [GC (Allocation Failure) [PSYoungGen: 501216K->16160K(491008K)] 858854K->385460K(1015296K), 0.0281685 secs] [Times: user=0.04 sys=0.03, real=0.02 secs] 
2021-06-07T05:46:46.411+0800: 2060158.063: [GC (Allocation Failure) [PSYoungGen: 484128K->18624K(496128K)] 853428K->398760K(1020416K), 0.0320969 secs] [Times: user=0.03 sys=0.04, real=0.04 secs] 
2021-06-07T05:50:50.627+0800: 2060402.279: [GC (Allocation Failure) [PSYoungGen: 486592K->14112K(495616K)] 866728K->405572K(1019904K), 0.0301134 secs] [Times: user=0.04 sys=0.03, real=0.03 secs] 
2021-06-07T05:54:53.318+0800: 2060644.970: [GC (Allocation Failure) [PSYoungGen: 482080K->19296K(496128K)] 873540K->420417K(1020416K), 0.0289356 secs] [Times: user=0.04 sys=0.04, real=0.03 secs] 
2021-06-07T05:59:00.887+0800: 2060892.539: [GC (Allocation Failure) [PSYoungGen: 487264K->19328K(497664K)] 888385K->432376K(1021952K), 0.0373306 secs] [Times: user=0.04 sys=0.04, real=0.04 secs] 
2021-06-07T06:03:00.362+0800: 2061132.014: [GC (Allocation Failure) [PSYoungGen: 489799K->19840K(497152K)] 902848K->444783K(1021440K), 0.0324455 secs] [Times: user=0.04 sys=0.04, real=0.03 secs] 
2021-06-07T06:07:05.338+0800: 2061376.990: [GC (Allocation Failure) [PSYoungGen: 490368K->17056K(498688K)] 915311K->454218K(1022976K), 0.0443324 secs] [Times: user=0.05 sys=0.04, real=0.05 secs] 
2021-06-07T06:11:11.003+0800: 2061622.655: [GC (Allocation Failure) [PSYoungGen: 489632K->17792K(498176K)] 926794K->464857K(1022464K), 0.0332523 secs] [Times: user=0.04 sys=0.05, real=0.03 secs] 
2021-06-07T06:15:18.935+0800: 2061870.587: [GC (Allocation Failure) [PSYoungGen: 490368K->15136K(499200K)] 937433K->473077K(1023488K), 0.0317622 secs] [Times: user=0.03 sys=0.04, real=0.03 secs] 
2021-06-07T06:19:28.483+0800: 2062120.135: [GC (Allocation Failure) [PSYoungGen: 489248K->19328K(499200K)] 947189K->487298K(1023488K), 0.0313299 secs] [Times: user=0.04 sys=0.04, real=0.03 secs] 
2021-06-07T06:23:36.209+0800: 2062367.861: [GC (Allocation Failure) [PSYoungGen: 493440K->15904K(499712K)] 961410K->494696K(1024000K), 0.0300078 secs] [Times: user=0.04 sys=0.05, real=0.03 secs] 
2021-06-07T06:27:39.476+0800: 2062611.128: [GC (Allocation Failure) [PSYoungGen: 490528K->18752K(499200K)] 969320K->505542K(1023488K), 0.0294886 secs] [Times: user=0.04 sys=0.04, real=0.03 secs] 
2021-06-07T06:31:41.393+0800: 2062853.045: [GC (Allocation Failure) [PSYoungGen: 493376K->18336K(500736K)] 980166K->516458K(1025024K), 0.0335427 secs] [Times: user=0.04 sys=0.04, real=0.03 secs] 
2021-06-07T06:35:49.535+0800: 2063101.188: [GC (Allocation Failure) [PSYoungGen: 494496K->17728K(499712K)] 992618K->525055K(1024000K), 0.0299923 secs] [Times: user=0.04 sys=0.04, real=0.03 secs] 
2021-06-07T06:39:58.650+0800: 2063350.302: [GC (Allocation Failure) [PSYoungGen: 493888K->15968K(500736K)] 1001215K->534340K(1025024K), 0.0338506 secs] [Times: user=0.05 sys=0.05, real=0.04 secs] 
2021-06-07T06:39:58.684+0800: 2063350.336: [Full GC (Ergonomics) [PSYoungGen: 15968K->0K(500736K)] [ParOldGen: 518372K->308378K(524288K)] 534340K->308378K(1025024K), [Metaspace: 97009K->97009K(1138688K)], 0.5119159 secs] [Times: user=0.54 sys=0.54, real=0.51 secs] 
2021-06-07T06:44:06.216+0800: 2063597.868: [GC (Allocation Failure) [PSYoungGen: 477184K->18944K(500736K)] 785562K->327322K(1025024K), 0.0257075 secs] [Times: user=0.03 sys=0.03, real=0.02 secs] 
2021-06-07T06:48:10.039+0800: 2063841.691: [GC (Allocation Failure) [PSYoungGen: 496128K->20288K(500224K)] 804506K->340055K(1024512K), 0.0331443 secs] [Times: user=0.04 sys=0.04, real=0.04 secs] 
2021-06-07T06:52:16.607+0800: 2064088.259: [GC (Allocation Failure) [PSYoungGen: 497472K->17024K(500736K)] 817239K->347420K(1025024K), 0.0624432 secs] [Times: user=0.04 sys=0.03, real=0.06 secs] 
2021-06-07T06:56:24.804+0800: 2064336.456: [GC (Allocation Failure) [PSYoungGen: 494208K->17696K(501248K)] 824604K->357513K(1025536K), 0.0285415 secs] [Times: user=0.03 sys=0.04, real=0.03 secs] 
2021-06-07T07:00:36.905+0800: 2064588.557: [GC (Allocation Failure) [PSYoungGen: 495904K->17792K(501248K)] 835721K->369374K(1025536K), 0.0629816 secs] [Times: user=0.05 sys=0.05, real=0.06 secs] 
2021-06-07T07:04:34.459+0800: 2064826.111: [GC (Allocation Failure) [PSYoungGen: 496000K->19946K(501760K)] 847582K->381663K(1026048K), 0.0361204 secs] [Times: user=0.04 sys=0.05, real=0.04 secs] 
2021-06-07T07:08:39.273+0800: 2065070.925: [GC (Allocation Failure) [PSYoungGen: 499178K->19968K(499712K)] 860895K->394189K(1024000K), 0.0401324 secs] [Times: user=0.05 sys=0.04, real=0.04 secs] 
2021-06-07T07:12:53.608+0800: 2065325.261: [GC (Allocation Failure) [PSYoungGen: 499200K->18272K(501760K)] 873421K->403810K(1026048K), 0.0328122 secs] [Times: user=0.05 sys=0.05, real=0.03 secs] 
2021-06-07T07:17:00.332+0800: 2065571.984: [GC (Allocation Failure) [PSYoungGen: 496992K->19136K(501248K)] 882530K->415721K(1025536K), 0.0384619 secs] [Times: user=0.05 sys=0.05, real=0.04 secs] 
2021-06-07T07:21:08.434+0800: 2065820.086: [GC (Allocation Failure) [PSYoungGen: 497856K->19456K(501760K)] 894441K->427487K(1026048K), 0.0331698 secs] [Times: user=0.04 sys=0.04, real=0.03 secs] 
2021-06-07T07:25:17.453+0800: 2066069.105: [GC (Allocation Failure) [PSYoungGen: 498688K->20032K(501760K)] 906719K->438157K(1026048K), 0.0338666 secs] [Times: user=0.05 sys=0.05, real=0.03 secs] 
2021-06-07T07:29:29.380+0800: 2066321.032: [GC (Allocation Failure) [PSYoungGen: 499264K->18048K(501760K)] 917389K->447682K(1026048K), 0.0356991 secs] [Times: user=0.05 sys=0.05, real=0.04 secs] 
2021-06-07T07:33:38.901+0800: 2066570.553: [GC (Allocation Failure) [PSYoungGen: 497280K->19552K(501760K)] 926914K->460008K(1026048K), 0.0327848 secs] [Times: user=0.05 sys=0.05, real=0.04 secs] 
2021-06-07T07:37:49.216+0800: 2066820.868: [GC (Allocation Failure) [PSYoungGen: 498784K->17024K(502272K)] 939240K->469350K(1026560K), 0.0325331 secs] [Times: user=0.04 sys=0.04, real=0.03 secs] 
2021-06-07T07:41:53.043+0800: 2067064.695: [GC (Allocation Failure) [PSYoungGen: 496768K->18592K(501760K)] 949094K->480170K(1026048K), 0.0315777 secs] [Times: user=0.04 sys=0.04, real=0.03 secs] 
2021-06-07T07:46:04.030+0800: 2067315.682: [GC (Allocation Failure) [PSYoungGen: 498336K->13408K(501248K)] 959914K->486109K(1025536K), 0.0289515 secs] [Times: user=0.04 sys=0.05, real=0.03 secs] 
2021-06-07T07:50:17.710+0800: 2067569.362: [GC (Allocation Failure) [PSYoungGen: 492640K->12448K(492032K)] 965341K->494681K(1016320K), 0.0732019 secs] [Times: user=0.04 sys=0.03, real=0.08 secs] 
2021-06-07T07:54:25.546+0800: 2067817.198: [GC (Allocation Failure) [PSYoungGen: 491680K->20768K(500224K)] 973913K->511543K(1024512K), 0.0337725 secs] [Times: user=0.04 sys=0.04, real=0.03 secs] 
2021-06-07T07:58:37.871+0800: 2068069.524: [GC (Allocation Failure) [PSYoungGen: 497952K->17056K(500736K)] 988727K->519853K(1025024K), 0.0614744 secs] [Times: user=0.05 sys=0.04, real=0.07 secs] 
2021-06-07T08:02:43.984+0800: 2068315.636: [GC (Allocation Failure) [PSYoungGen: 494240K->21472K(499200K)] 997037K->534162K(1023488K), 0.0307857 secs] [Times: user=0.03 sys=0.04, real=0.03 secs] 
2021-06-07T08:02:44.015+0800: 2068315.667: [Full GC (Ergonomics) [PSYoungGen: 21472K->0K(499200K)] [ParOldGen: 512690K->319684K(524288K)] 534162K->319684K(1023488K), [Metaspace: 97010K->97010K(1138688K)], 0.4328026 secs] [Times: user=0.48 sys=0.46, real=0.43 secs] 
2021-06-07T08:06:50.700+0800: 2068562.352: [GC (Allocation Failure) [PSYoungGen: 476160K->17664K(500224K)] 795844K->337348K(1024512K), 0.0253138 secs] [Times: user=0.03 sys=0.04, real=0.03 secs] 
2021-06-07T08:10:58.849+0800: 2068810.501: [GC (Allocation Failure) [PSYoungGen: 493824K->20544K(499712K)] 813508K->351250K(1024000K), 0.1033065 secs] [Times: user=0.06 sys=0.05, real=0.11 secs] 
2021-06-07T08:15:08.300+0800: 2069059.952: [GC (Allocation Failure) [PSYoungGen: 496704K->17664K(500224K)] 827410K->360343K(1024512K), 0.0319970 secs] [Times: user=0.04 sys=0.04, real=0.04 secs] 
2021-06-07T08:19:14.689+0800: 2069306.341: [GC (Allocation Failure) [PSYoungGen: 493824K->17984K(501248K)] 836503K->370878K(1025536K), 0.0416591 secs] [Times: user=0.04 sys=0.05, real=0.04 secs] 
2021-06-07T08:23:18.522+0800: 2069550.174: [GC (Allocation Failure) [PSYoungGen: 495680K->20448K(500736K)] 848574K->383444K(1025024K), 0.0376293 secs] [Times: user=0.04 sys=0.04, real=0.04 secs] 
2021-06-07T08:27:25.756+0800: 2069797.408: [GC (Allocation Failure) [PSYoungGen: 498144K->17408K(501248K)] 861140K->391858K(1025536K), 0.0568801 secs] [Times: user=0.05 sys=0.04, real=0.06 secs] 
2021-06-07T08:31:37.720+0800: 2070049.372: [GC (Allocation Failure) [PSYoungGen: 495104K->16896K(500736K)] 869554K->402399K(1025024K), 0.0294537 secs] [Times: user=0.04 sys=0.04, real=0.03 secs] 
2021-06-07T08:35:46.037+0800: 2070297.689: [GC (Allocation Failure) [PSYoungGen: 494592K->19296K(501248K)] 880095K->413046K(1025536K), 0.0292222 secs] [Times: user=0.04 sys=0.03, real=0.03 secs] 
2021-06-07T08:39:59.535+0800: 2070551.187: [GC (Allocation Failure) [PSYoungGen: 497504K->16352K(501248K)] 891254K->421650K(1025536K), 0.0265287 secs] [Times: user=0.03 sys=0.04, real=0.02 secs] 
2021-06-07T08:44:06.626+0800: 2070798.278: [GC (Allocation Failure) [PSYoungGen: 494560K->19872K(501248K)] 899858K->435704K(1025536K), 0.0316372 secs] [Times: user=0.04 sys=0.04, real=0.03 secs] 
2021-06-07T08:48:09.833+0800: 2071041.485: [GC (Allocation Failure) [PSYoungGen: 498080K->19776K(501248K)] 913912K->447165K(1025536K), 0.0313566 secs] [Times: user=0.04 sys=0.04, real=0.03 secs] 
2021-06-07T08:52:17.132+0800: 2071288.784: [GC (Allocation Failure) [PSYoungGen: 497984K->18560K(501760K)] 925373K->457371K(1026048K), 0.0365336 secs] [Times: user=0.05 sys=0.06, real=0.03 secs] 
2021-06-07T08:56:21.923+0800: 2071533.575: [GC (Allocation Failure) [PSYoungGen: 497280K->21088K(500224K)] 936091K->471553K(1024512K), 0.0412688 secs] [Times: user=0.05 sys=0.06, real=0.04 secs] 
2021-06-07T09:00:24.729+0800: 2071776.381: [GC (Allocation Failure) [PSYoungGen: 499808K->18144K(501248K)] 950273K->480344K(1025536K), 0.0469402 secs] [Times: user=0.06 sys=0.06, real=0.05 secs] 
2021-06-07T09:04:37.449+0800: 2072029.101: [GC (Allocation Failure) [PSYoungGen: 495840K->20064K(500736K)] 958040K->493804K(1025024K), 0.0367434 secs] [Times: user=0.04 sys=0.05, real=0.04 secs] 
2021-06-07T09:08:47.945+0800: 2072279.597: [GC (Allocation Failure) [PSYoungGen: 497760K->18496K(501760K)] 971500K->503913K(1026048K), 0.0351618 secs] [Times: user=0.05 sys=0.05, real=0.03 secs] 
2021-06-07T09:12:53.509+0800: 2072525.161: [GC (Allocation Failure) [PSYoungGen: 497216K->20992K(501248K)] 982633K->518167K(1025536K), 0.0387109 secs] [Times: user=0.05 sys=0.05, real=0.04 secs] 
2021-06-07T09:17:03.073+0800: 2072774.725: [GC (Allocation Failure) [PSYoungGen: 499712K->19232K(501248K)] 996887K->527598K(1025536K), 0.0361205 secs] [Times: user=0.04 sys=0.05, real=0.03 secs] 
2021-06-07T09:21:12.466+0800: 2073024.118: [GC (Allocation Failure) [PSYoungGen: 497440K->18496K(501248K)] 1005806K->538804K(1025536K), 0.0315082 secs] [Times: user=0.04 sys=0.04, real=0.03 secs] 
2021-06-07T09:21:12.498+0800: 2073024.150: [Full GC (Ergonomics) [PSYoungGen: 18496K->0K(501248K)] [ParOldGen: 520307K->314620K(524288K)] 538804K->314620K(1025536K), [Metaspace: 97010K->97010K(1138688K)], 0.4923250 secs] [Times: user=1.09 sys=0.00, real=0.49 secs] 
2021-06-07T09:25:15.741+0800: 2073267.393: [GC (Allocation Failure) [PSYoungGen: 478208K->20704K(500736K)] 792828K->335324K(1025024K), 0.0349805 secs] [Times: user=0.04 sys=0.05, real=0.04 secs] 
2021-06-07T09:29:14.990+0800: 2073506.642: [GC (Allocation Failure) [PSYoungGen: 498912K->8938K(487424K)] 813532K->336994K(1011712K), 0.0312842 secs] [Times: user=0.04 sys=0.05, real=0.03 secs] 
2021-06-07T09:33:29.875+0800: 2073761.527: [GC (Allocation Failure) [PSYoungGen: 487146K->6144K(497152K)] 815202K->341619K(1021440K), 0.0368803 secs] [Times: user=0.04 sys=0.05, real=0.04 secs] 
2021-06-07T09:37:40.326+0800: 2074011.978: [GC (Allocation Failure) [PSYoungGen: 479232K->6560K(479744K)] 814707K->346622K(1004032K), 0.0210780 secs] [Times: user=0.03 sys=0.04, real=0.02 secs] 
2021-06-07T09:41:50.492+0800: 2074262.144: [GC (Allocation Failure) [PSYoungGen: 479648K->5504K(496640K)] 819710K->350769K(1020928K), 0.0381700 secs] [Times: user=0.03 sys=0.03, real=0.04 secs] 
2021-06-07T09:46:00.606+0800: 2074512.258: [GC (Allocation Failure) [PSYoungGen: 475520K->7264K(477696K)] 820785K->356775K(1001984K), 0.0652079 secs] [Times: user=0.03 sys=0.03, real=0.06 secs] 
2021-06-07T09:50:05.684+0800: 2074757.336: [GC (Allocation Failure) [PSYoungGen: 477280K->8096K(497152K)] 826791K->363483K(1021440K), 0.0563571 secs] [Times: user=0.03 sys=0.02, real=0.05 secs] 
2021-06-07T09:54:10.011+0800: 2075001.663: [GC (Allocation Failure) [PSYoungGen: 477600K->6784K(496640K)] 832987K->368581K(1020928K), 0.0217914 secs] [Times: user=0.04 sys=0.04, real=0.03 secs] 
2021-06-07T09:58:17.845+0800: 2075249.497: [GC (Allocation Failure) [PSYoungGen: 476231K->7296K(497664K)] 838028K->373706K(1021952K), 0.0262223 secs] [Times: user=0.04 sys=0.04, real=0.02 secs] 
2021-06-07T10:02:25.933+0800: 2075497.585: [GC (Allocation Failure) [PSYoungGen: 477824K->6304K(497152K)] 844234K->378523K(1021440K), 0.0565054 secs] [Times: user=0.03 sys=0.04, real=0.05 secs] 
2021-06-07T10:06:29.317+0800: 2075740.969: [GC (Allocation Failure) [PSYoungGen: 476832K->9696K(499200K)] 849051K->386695K(1023488K), 0.0248036 secs] [Times: user=0.04 sys=0.05, real=0.03 secs] 
2021-06-07T10:10:40.493+0800: 2075992.145: [GC (Allocation Failure) [PSYoungGen: 482784K->6752K(498176K)] 859783K->391277K(1022464K), 0.0265922 secs] [Times: user=0.04 sys=0.04, real=0.02 secs] 
2021-06-07T10:14:49.227+0800: 2076240.879: [GC (Allocation Failure) [PSYoungGen: 479840K->8640K(500736K)] 864365K->398193K(1025024K), 0.0320609 secs] [Times: user=0.04 sys=0.03, real=0.03 secs] 
2021-06-07T10:18:59.832+0800: 2076491.484: [GC (Allocation Failure) [PSYoungGen: 484800K->6080K(499712K)] 874353K->402666K(1024000K), 0.0251880 secs] [Times: user=0.04 sys=0.04, real=0.03 secs] 
2021-06-07T10:23:13.424+0800: 2076745.076: [GC (Allocation Failure) [PSYoungGen: 482240K->6336K(501760K)] 878826K->407518K(1026048K), 0.0204446 secs] [Times: user=0.03 sys=0.03, real=0.02 secs] 
2021-06-07T10:27:24.898+0800: 2076996.550: [GC (Allocation Failure) [PSYoungGen: 485056K->6400K(501248K)] 886238K->412570K(1025536K), 0.0247471 secs] [Times: user=0.03 sys=0.04, real=0.03 secs] 
2021-06-07T10:31:35.188+0800: 2077246.840: [GC (Allocation Failure) [PSYoungGen: 485120K->6656K(503296K)] 891290K->417823K(1027584K), 0.0209852 secs] [Times: user=0.03 sys=0.02, real=0.02 secs] 
2021-06-07T10:35:49.487+0800: 2077501.139: [GC (Allocation Failure) [PSYoungGen: 487936K->7648K(502272K)] 899103K->423803K(1026560K), 0.0214338 secs] [Times: user=0.03 sys=0.03, real=0.02 secs] 
2021-06-07T10:40:01.037+0800: 2077752.689: [GC (Allocation Failure) [PSYoungGen: 488928K->6624K(504832K)] 905083K->429029K(1029120K), 0.0239355 secs] [Times: user=0.03 sys=0.03, real=0.02 secs] 
2021-06-07T10:44:11.350+0800: 2078003.002: [GC (Allocation Failure) [PSYoungGen: 490976K->6208K(503808K)] 913381K->433376K(1028096K), 0.0239470 secs] [Times: user=0.04 sys=0.04, real=0.03 secs] 
2021-06-07T10:48:26.631+0800: 2078258.283: [GC (Allocation Failure) [PSYoungGen: 490560K->5664K(505856K)] 917728K->437396K(1030144K), 0.0236052 secs] [Times: user=0.03 sys=0.04, real=0.03 secs] 
2021-06-07T10:52:32.020+0800: 2078503.672: [GC (Allocation Failure) [PSYoungGen: 492576K->6240K(505344K)] 924308K->442072K(1029632K), 0.0214837 secs] [Times: user=0.03 sys=0.04, real=0.02 secs] 
2021-06-07T10:56:45.112+0800: 2078756.764: [GC (Allocation Failure) [PSYoungGen: 493144K->12128K(505344K)] 928976K->452724K(1029632K), 0.0256634 secs] [Times: user=0.04 sys=0.05, real=0.03 secs] 
2021-06-07T11:01:06.476+0800: 2079018.128: [GC (Allocation Failure) [PSYoungGen: 499552K->8160K(505856K)] 940148K->458300K(1030144K), 0.0256082 secs] [Times: user=0.04 sys=0.04, real=0.02 secs] 
2021-06-07T11:05:24.871+0800: 2079276.523: [GC (Allocation Failure) [PSYoungGen: 495584K->5696K(507392K)] 945724K->462901K(1031680K), 0.0295301 secs] [Times: user=0.04 sys=0.04, real=0.03 secs] 
2021-06-07T11:09:42.877+0800: 2079534.529: [GC (Allocation Failure) [PSYoungGen: 495680K->9344K(506880K)] 952885K->470817K(1031168K), 0.0240709 secs] [Times: user=0.04 sys=0.04, real=0.02 secs] 
2021-06-07T11:14:02.430+0800: 2079794.082: [GC (Allocation Failure) [PSYoungGen: 499328K->7136K(508416K)] 960801K->475923K(1032704K), 0.0234389 secs] [Times: user=0.03 sys=0.04, real=0.03 secs] 
2021-06-07T11:18:23.487+0800: 2080055.139: [GC (Allocation Failure) [PSYoungGen: 498656K->7520K(507392K)] 967443K->481542K(1031680K), 0.0218124 secs] [Times: user=0.03 sys=0.04, real=0.02 secs] 
2021-06-07T11:22:39.971+0800: 2080311.623: [GC (Allocation Failure) [PSYoungGen: 499040K->7328K(509440K)] 973062K->487306K(1033728K), 0.0252373 secs] [Times: user=0.04 sys=0.03, real=0.03 secs] 
2021-06-07T11:27:03.646+0800: 2080575.298: [GC (Allocation Failure) [PSYoungGen: 501408K->7040K(508928K)] 981386K->492230K(1033216K), 0.0202853 secs] [Times: user=0.03 sys=0.04, real=0.02 secs] 
2021-06-07T11:31:23.340+0800: 2080834.992: [GC (Allocation Failure) [PSYoungGen: 501120K->12352K(507904K)] 986310K->497542K(1032192K), 0.0253520 secs] [Times: user=0.03 sys=0.03, real=0.03 secs] 
2021-06-07T11:35:42.054+0800: 2081093.706: [GC (Allocation Failure) [PSYoungGen: 505920K->15360K(508928K)] 991110K->507318K(1033216K), 0.0438717 secs] [Times: user=0.04 sys=0.05, real=0.04 secs] 
2021-06-07T11:40:02.828+0800: 2081354.480: [GC (Allocation Failure) [PSYoungGen: 508928K->15360K(491520K)] 1000886K->516090K(1015808K), 0.0298335 secs] [Times: user=0.10 sys=0.00, real=0.03 secs] 
2021-06-07T11:44:11.460+0800: 2081603.112: [GC (Allocation Failure) [PSYoungGen: 491520K->11936K(500224K)] 992250K->527733K(1024512K), 0.0280418 secs] [Times: user=0.05 sys=0.04, real=0.03 secs] 
2021-06-07T11:44:11.488+0800: 2081603.140: [Full GC (Ergonomics) [PSYoungGen: 11936K->0K(500224K)] [ParOldGen: 515797K->292016K(524288K)] 527733K->292016K(1024512K), [Metaspace: 97014K->97014K(1138688K)], 0.4627566 secs] [Times: user=0.51 sys=0.50, real=0.46 secs] 
2021-06-07T11:48:25.096+0800: 2081856.748: [GC (Allocation Failure) [PSYoungGen: 476160K->8672K(501760K)] 768176K->300688K(1026048K), 0.0221381 secs] [Times: user=0.03 sys=0.02, real=0.02 secs] 
2021-06-07T11:52:35.557+0800: 2082107.209: [GC (Allocation Failure) [PSYoungGen: 487392K->12768K(501248K)] 779408K->311996K(1025536K), 0.0295260 secs] [Times: user=0.04 sys=0.04, real=0.03 secs] 
2021-06-07T11:56:50.002+0800: 2082361.655: [GC (Allocation Failure) [PSYoungGen: 491488K->10880K(503296K)] 790716K->319957K(1027584K), 0.0375294 secs] [Times: user=0.06 sys=0.05, real=0.03 secs] 
2021-06-07T12:01:01.672+0800: 2082613.324: [GC (Allocation Failure) [PSYoungGen: 492160K->11616K(502272K)] 801237K->328744K(1026560K), 0.0303926 secs] [Times: user=0.04 sys=0.03, real=0.04 secs] 
2021-06-07T12:05:13.864+0800: 2082865.516: [GC (Allocation Failure) [PSYoungGen: 492896K->10016K(504832K)] 810024K->336122K(1029120K), 0.0263669 secs] [Times: user=0.03 sys=0.04, real=0.02 secs] 
2021-06-07T12:09:32.945+0800: 2083124.597: [GC (Allocation Failure) [PSYoungGen: 494880K->8864K(504320K)] 820986K->343212K(1028608K), 0.0669182 secs] [Times: user=0.04 sys=0.04, real=0.06 secs] 
2021-06-07T12:13:48.436+0800: 2083380.088: [GC (Allocation Failure) [PSYoungGen: 493728K->13312K(505344K)] 828076K->354393K(1029632K), 0.0338896 secs] [Times: user=0.05 sys=0.06, real=0.03 secs] 
2021-06-07T12:18:09.102+0800: 2083640.754: [GC (Allocation Failure) [PSYoungGen: 499712K->9120K(505344K)] 840793K->360121K(1029632K), 0.0323207 secs] [Times: user=0.09 sys=0.00, real=0.04 secs] 
2021-06-07T12:22:23.638+0800: 2083895.290: [GC (Allocation Failure) [PSYoungGen: 495520K->11392K(506368K)] 846521K->369740K(1030656K), 0.0288213 secs] [Times: user=0.05 sys=0.05, real=0.03 secs] 
2021-06-07T12:26:42.778+0800: 2084154.430: [GC (Allocation Failure) [PSYoungGen: 498816K->10272K(505344K)] 857164K->378069K(1029632K), 0.0279711 secs] [Times: user=0.04 sys=0.04, real=0.03 secs] 
2021-06-07T12:31:04.349+0800: 2084416.001: [GC (Allocation Failure) [PSYoungGen: 497696K->10304K(507392K)] 865493K->385895K(1031680K), 0.0505244 secs] [Times: user=0.05 sys=0.05, real=0.05 secs] 
2021-06-07T12:35:27.071+0800: 2084678.723: [GC (Allocation Failure) [PSYoungGen: 500288K->9984K(506880K)] 875879K->392643K(1031168K), 0.0447405 secs] [Times: user=0.03 sys=0.04, real=0.05 secs] 
2021-06-07T12:39:45.780+0800: 2084937.432: [GC (Allocation Failure) [PSYoungGen: 499968K->8704K(507904K)] 882627K->398054K(1032192K), 0.0262940 secs] [Times: user=0.04 sys=0.03, real=0.03 secs] 
2021-06-07T12:44:10.129+0800: 2085201.781: [GC (Allocation Failure) [PSYoungGen: 500224K->11040K(507904K)] 889574K->407409K(1032192K), 0.0265332 secs] [Times: user=0.03 sys=0.03, real=0.03 secs] 
2021-06-07T12:48:28.467+0800: 2085460.119: [GC (Allocation Failure) [PSYoungGen: 502560K->11008K(508416K)] 898929K->416194K(1032704K), 0.0751753 secs] [Times: user=0.06 sys=0.06, real=0.08 secs] 
2021-06-07T12:52:48.661+0800: 2085720.313: [GC (Allocation Failure) [PSYoungGen: 503552K->9280K(508416K)] 908738K->423020K(1032704K), 0.0351324 secs] [Times: user=0.04 sys=0.05, real=0.04 secs] 
2021-06-07T12:57:08.037+0800: 2085979.689: [GC (Allocation Failure) [PSYoungGen: 501824K->10592K(509440K)] 915564K->430664K(1033728K), 0.0265510 secs] [Times: user=0.04 sys=0.04, real=0.03 secs] 
2021-06-07T13:01:28.190+0800: 2086239.842: [GC (Allocation Failure) [PSYoungGen: 504672K->13856K(508416K)] 924744K->441948K(1032704K), 0.0387767 secs] [Times: user=0.05 sys=0.05, real=0.04 secs] 
2021-06-07T13:05:40.975+0800: 2086492.627: [GC (Allocation Failure) [PSYoungGen: 507936K->11818K(508416K)] 936028K->450213K(1032704K), 0.0269870 secs] [Times: user=0.04 sys=0.04, real=0.03 secs] 
2021-06-07T13:09:59.697+0800: 2086751.349: [GC (Allocation Failure) [PSYoungGen: 504362K->10112K(508416K)] 942757K->457382K(1032704K), 0.0270392 secs] [Times: user=0.04 sys=0.04, real=0.03 secs] 
2021-06-07T13:14:23.938+0800: 2087015.591: [GC (Allocation Failure) [PSYoungGen: 502656K->11808K(508928K)] 949926K->466650K(1033216K), 0.0786414 secs] [Times: user=0.04 sys=0.04, real=0.08 secs] 
2021-06-07T13:18:45.498+0800: 2087277.150: [GC (Allocation Failure) [PSYoungGen: 505376K->11328K(508928K)] 960218K->473637K(1033216K), 0.0241303 secs] [Times: user=0.03 sys=0.04, real=0.03 secs] 
2021-06-07T13:23:09.427+0800: 2087541.079: [GC (Allocation Failure) [PSYoungGen: 504896K->10528K(509440K)] 967205K->481368K(1033728K), 0.0239579 secs] [Times: user=0.03 sys=0.04, real=0.02 secs] 
2021-06-07T13:27:30.451+0800: 2087802.103: [GC (Allocation Failure) [PSYoungGen: 505120K->12320K(509440K)] 975960K->491818K(1033728K), 0.0296107 secs] [Times: user=0.04 sys=0.04, real=0.03 secs] 
2021-06-07T13:31:52.401+0800: 2088064.053: [GC (Allocation Failure) [PSYoungGen: 506912K->11392K(509440K)] 986410K->499923K(1033728K), 0.0258875 secs] [Times: user=0.08 sys=0.00, real=0.03 secs] 
2021-06-07T13:36:14.600+0800: 2088326.252: [GC (Allocation Failure) [PSYoungGen: 505984K->11200K(509440K)] 994515K->507742K(1033728K), 0.0259643 secs] [Times: user=0.08 sys=0.00, real=0.03 secs] 
2021-06-07T13:40:35.380+0800: 2088587.032: [GC (Allocation Failure) [PSYoungGen: 505792K->11552K(509952K)] 1002334K->516097K(1034240K), 0.0268342 secs] [Times: user=0.07 sys=0.00, real=0.03 secs] 
2021-06-07T13:44:55.505+0800: 2088847.157: [GC (Allocation Failure) [PSYoungGen: 507168K->11136K(509952K)] 1011713K->523644K(1034240K), 0.0257182 secs] [Times: user=0.04 sys=0.04, real=0.02 secs] 
2021-06-07T13:49:15.667+0800: 2089107.320: [GC (Allocation Failure) [PSYoungGen: 506752K->9984K(510464K)] 1019260K->531045K(1034752K), 0.0242194 secs] [Times: user=0.04 sys=0.04, real=0.02 secs] 
2021-06-07T13:49:15.692+0800: 2089107.344: [Full GC (Ergonomics) [PSYoungGen: 9984K->0K(510464K)] [ParOldGen: 521061K->318012K(524288K)] 531045K->318012K(1034752K), [Metaspace: 97014K->97014K(1138688K)], 0.4691930 secs] [Times: user=0.54 sys=0.52, real=0.46 secs] 
2021-06-07T13:53:36.879+0800: 2089368.531: [GC (Allocation Failure) [PSYoungGen: 496640K->11040K(510464K)] 814652K->329052K(1034752K), 0.0210764 secs] [Times: user=0.03 sys=0.04, real=0.02 secs] 
2021-06-07T13:57:56.873+0800: 2089628.525: [GC (Allocation Failure) [PSYoungGen: 507680K->10720K(510976K)] 825692K->337430K(1035264K), 0.0239283 secs] [Times: user=0.04 sys=0.04, real=0.02 secs] 
2021-06-07T14:02:17.988+0800: 2089889.640: [GC (Allocation Failure) [PSYoungGen: 507872K->11168K(510464K)] 834582K->346769K(1034752K), 0.0246478 secs] [Times: user=0.04 sys=0.03, real=0.03 secs] 
2021-06-07T14:06:39.806+0800: 2090151.458: [GC (Allocation Failure) [PSYoungGen: 508320K->10432K(510976K)] 843921K->354882K(1035264K), 0.0258469 secs] [Times: user=0.03 sys=0.03, real=0.02 secs] 
2021-06-07T14:11:01.395+0800: 2090413.047: [GC (Allocation Failure) [PSYoungGen: 508096K->13280K(510976K)] 852546K->366423K(1035264K), 0.0348724 secs] [Times: user=0.04 sys=0.03, real=0.03 secs] 
2021-06-07T14:15:23.763+0800: 2090675.415: [GC (Allocation Failure) [PSYoungGen: 510944K->12064K(504832K)] 864087K->376056K(1029120K), 0.0261736 secs] [Times: user=0.04 sys=0.04, real=0.02 secs] 
2021-06-07T14:19:43.944+0800: 2090935.596: [GC (Allocation Failure) [PSYoungGen: 503584K->11136K(507904K)] 867576K->383746K(1032192K), 0.0587434 secs] [Times: user=0.04 sys=0.04, real=0.06 secs] 
2021-06-07T14:24:00.354+0800: 2091192.006: [GC (Allocation Failure) [PSYoungGen: 502656K->13536K(507904K)] 875266K->393300K(1032192K), 0.0260300 secs] [Times: user=0.03 sys=0.04, real=0.02 secs] 
2021-06-07T14:28:19.538+0800: 2091451.190: [GC (Allocation Failure) [PSYoungGen: 505056K->13440K(507904K)] 884820K->402127K(1032192K), 0.0248204 secs] [Times: user=0.07 sys=0.00, real=0.03 secs] 
2021-06-07T14:32:39.702+0800: 2091711.354: [GC (Allocation Failure) [PSYoungGen: 504960K->12096K(507904K)] 893647K->410802K(1032192K), 0.0243403 secs] [Times: user=0.03 sys=0.04, real=0.02 secs] 
2021-06-07T14:37:01.282+0800: 2091972.934: [GC (Allocation Failure) [PSYoungGen: 503616K->9824K(507904K)] 902322K->418227K(1032192K), 0.0196559 secs] [Times: user=0.03 sys=0.03, real=0.02 secs] 
2021-06-07T14:41:20.776+0800: 2092232.428: [GC (Allocation Failure) [PSYoungGen: 501344K->10976K(508416K)] 909747K->427668K(1032704K), 0.0225799 secs] [Times: user=0.03 sys=0.03, real=0.02 secs] 
2021-06-07T14:45:41.452+0800: 2092493.104: [GC (Allocation Failure) [PSYoungGen: 503008K->9312K(507904K)] 919700K->434447K(1032192K), 0.0254558 secs] [Times: user=0.03 sys=0.03, real=0.02 secs] 
2021-06-07T14:50:01.240+0800: 2092752.892: [GC (Allocation Failure) [PSYoungGen: 501344K->12288K(508416K)] 926479K->443756K(1032704K), 0.0294453 secs] [Times: user=0.04 sys=0.03, real=0.03 secs] 
2021-06-07T14:54:20.656+0800: 2093012.308: [GC (Allocation Failure) [PSYoungGen: 504832K->11232K(508416K)] 936300K->451390K(1032704K), 0.0258335 secs] [Times: user=0.04 sys=0.04, real=0.02 secs] 
2021-06-07T14:58:42.036+0800: 2093273.688: [GC (Allocation Failure) [PSYoungGen: 503776K->12352K(508928K)] 943934K->461475K(1033216K), 0.0257211 secs] [Times: user=0.04 sys=0.04, real=0.02 secs] 
2021-06-07T15:03:00.137+0800: 2093531.789: [GC (Allocation Failure) [PSYoungGen: 505920K->12736K(508928K)] 955043K->471918K(1033216K), 0.0263885 secs] [Times: user=0.03 sys=0.04, real=0.03 secs] 
2021-06-07T15:07:22.749+0800: 2093794.401: [GC (Allocation Failure) [PSYoungGen: 506304K->13952K(507904K)] 965486K->482489K(1032192K), 0.0271413 secs] [Times: user=0.04 sys=0.03, real=0.03 secs] 
2021-06-07T15:11:42.030+0800: 2094053.682: [GC (Allocation Failure) [PSYoungGen: 506496K->11520K(508416K)] 975033K->490122K(1032704K), 0.0254138 secs] [Times: user=0.08 sys=0.00, real=0.03 secs] 
2021-06-07T15:16:02.342+0800: 2094313.994: [GC (Allocation Failure) [PSYoungGen: 504063K->9248K(508416K)] 982666K->496788K(1032704K), 0.0232039 secs] [Times: user=0.04 sys=0.03, real=0.03 secs] 
2021-06-07T15:20:20.660+0800: 2094572.312: [GC (Allocation Failure) [PSYoungGen: 501792K->9856K(508416K)] 989332K->504400K(1032704K), 0.0380677 secs] [Times: user=0.05 sys=0.05, real=0.04 secs] 
2021-06-07T15:24:34.853+0800: 2094826.505: [GC (Allocation Failure) [PSYoungGen: 502400K->13792K(507392K)] 996944K->514934K(1031680K), 0.0288580 secs] [Times: user=0.04 sys=0.04, real=0.02 secs] 
2021-06-07T15:28:50.813+0800: 2095082.465: [GC (Allocation Failure) [PSYoungGen: 505312K->14208K(505856K)] 1006454K->525184K(1030144K), 0.0300761 secs] [Times: user=0.04 sys=0.04, real=0.03 secs] 
2021-06-07T15:33:06.865+0800: 2095338.517: [GC (Allocation Failure) [PSYoungGen: 505728K->10880K(507904K)] 1016704K->532753K(1032192K), 0.0258535 secs] [Times: user=0.03 sys=0.04, real=0.02 secs] 
2021-06-07T15:33:06.891+0800: 2095338.543: [Full GC (Ergonomics) [PSYoungGen: 10880K->0K(507904K)] [ParOldGen: 521873K->302166K(524288K)] 532753K->302166K(1032192K), [Metaspace: 97014K->97014K(1138688K)], 0.4564072 secs] [Times: user=1.02 sys=0.00, real=0.46 secs] 
2021-06-07T15:37:26.475+0800: 2095598.127: [GC (Allocation Failure) [PSYoungGen: 491008K->9472K(507392K)] 793174K->311638K(1031680K), 0.0194740 secs] [Times: user=0.03 sys=0.02, real=0.02 secs] 
2021-06-07T15:41:44.249+0800: 2095855.901: [GC (Allocation Failure) [PSYoungGen: 500480K->12992K(507904K)] 802646K->322570K(1032192K), 0.0250580 secs] [Times: user=0.04 sys=0.04, real=0.03 secs] 
2021-06-07T15:46:00.105+0800: 2096111.757: [GC (Allocation Failure) [PSYoungGen: 504509K->12288K(507904K)] 814088K->331772K(1032192K), 0.0299347 secs] [Times: user=0.04 sys=0.04, real=0.03 secs] 
2021-06-07T15:50:20.403+0800: 2096372.055: [GC (Allocation Failure) [PSYoungGen: 503808K->8128K(507904K)] 823292K->336675K(1032192K), 0.0282607 secs] [Times: user=0.04 sys=0.05, real=0.02 secs] 
2021-06-07T15:54:37.747+0800: 2096629.399: [GC (Allocation Failure) [PSYoungGen: 499648K->9440K(507904K)] 828195K->344893K(1032192K), 0.0318439 secs] [Times: user=0.04 sys=0.05, real=0.03 secs] 
2021-06-07T15:58:58.433+0800: 2096890.085: [GC (Allocation Failure) [PSYoungGen: 500960K->9792K(508416K)] 836413K->352216K(1032704K), 0.0277972 secs] [Times: user=0.04 sys=0.04, real=0.02 secs] 
2021-06-07T16:03:21.693+0800: 2097153.345: [GC (Allocation Failure) [PSYoungGen: 501824K->10496K(507904K)] 844248K->360227K(1032192K), 0.0529247 secs] [Times: user=0.05 sys=0.05, real=0.05 secs] 
2021-06-07T16:07:38.707+0800: 2097410.359: [GC (Allocation Failure) [PSYoungGen: 502528K->11904K(508928K)] 852259K->369639K(1033216K), 0.0295190 secs] [Times: user=0.04 sys=0.05, real=0.03 secs] 
2021-06-07T16:11:56.535+0800: 2097668.187: [GC (Allocation Failure) [PSYoungGen: 504960K->11936K(508416K)] 862695K->378776K(1032704K), 0.0279849 secs] [Times: user=0.04 sys=0.04, real=0.03 secs] 
2021-06-07T16:16:15.381+0800: 2097927.033: [GC (Allocation Failure) [PSYoungGen: 504992K->6720K(507904K)] 871832K->382561K(1032192K), 0.0269301 secs] [Times: user=0.03 sys=0.04, real=0.03 secs] 
2021-06-07T16:20:33.450+0800: 2098185.103: [GC (Allocation Failure) [PSYoungGen: 499264K->11872K(508416K)] 875105K->392336K(1032704K), 0.0334108 secs] [Times: user=0.04 sys=0.05, real=0.04 secs] 
2021-06-07T16:24:52.722+0800: 2098444.374: [GC (Allocation Failure) [PSYoungGen: 504416K->10880K(508928K)] 884880K->400098K(1033216K), 0.0254981 secs] [Times: user=0.03 sys=0.04, real=0.02 secs] 
2021-06-07T16:29:12.173+0800: 2098703.825: [GC (Allocation Failure) [PSYoungGen: 503936K->11584K(508416K)] 893154K->409308K(1032704K), 0.0253263 secs] [Times: user=0.04 sys=0.04, real=0.02 secs] 
2021-06-07T16:33:32.762+0800: 2098964.414: [GC (Allocation Failure) [PSYoungGen: 504640K->8800K(509440K)] 902364K->415973K(1033728K), 0.0229415 secs] [Times: user=0.03 sys=0.03, real=0.03 secs] 
2021-06-07T16:37:58.664+0800: 2099230.316: [GC (Allocation Failure) [PSYoungGen: 502880K->9120K(508928K)] 910053K->422256K(1033216K), 0.0260332 secs] [Times: user=0.03 sys=0.04, real=0.02 secs] 
2021-06-07T16:42:18.465+0800: 2099490.117: [GC (Allocation Failure) [PSYoungGen: 503200K->7616K(509440K)] 916336K->427883K(1033728K), 0.0289703 secs] [Times: user=0.03 sys=0.04, real=0.03 secs] 
2021-06-07T16:46:42.462+0800: 2099754.115: [GC (Allocation Failure) [PSYoungGen: 502208K->10144K(509440K)] 922475K->436272K(1033728K), 0.0229127 secs] [Times: user=0.03 sys=0.04, real=0.02 secs] 
2021-06-07T16:51:02.541+0800: 2100014.193: [GC (Allocation Failure) [PSYoungGen: 504736K->10112K(509952K)] 930864K->444715K(1034240K), 0.0299470 secs] [Times: user=0.03 sys=0.04, real=0.03 secs] 
2021-06-07T16:55:25.178+0800: 2100276.831: [GC (Allocation Failure) [PSYoungGen: 505216K->10880K(509440K)] 939819K->452782K(1033728K), 0.0268592 secs] [Times: user=0.04 sys=0.04, real=0.03 secs] 
2021-06-07T16:59:48.086+0800: 2100539.738: [GC (Allocation Failure) [PSYoungGen: 505984K->10336K(510464K)] 947886K->459843K(1034752K), 0.0296265 secs] [Times: user=0.04 sys=0.04, real=0.03 secs] 
2021-06-07T17:04:09.538+0800: 2100801.190: [GC (Allocation Failure) [PSYoungGen: 506464K->11328K(509952K)] 955971K->468182K(1034240K), 0.0271806 secs] [Times: user=0.04 sys=0.05, real=0.03 secs] 
2021-06-07T17:08:31.204+0800: 2101062.856: [GC (Allocation Failure) [PSYoungGen: 507456K->12448K(509440K)] 964310K->477953K(1033728K), 0.0265541 secs] [Times: user=0.08 sys=0.00, real=0.02 secs] 
2021-06-07T17:12:52.909+0800: 2101324.561: [GC (Allocation Failure) [PSYoungGen: 508064K->8544K(509952K)] 973569K->484128K(1034240K), 0.0305217 secs] [Times: user=0.04 sys=0.04, real=0.03 secs] 
2021-06-07T17:17:15.085+0800: 2101586.737: [GC (Allocation Failure) [PSYoungGen: 504160K->11616K(509952K)] 979744K->493636K(1034240K), 0.0231601 secs] [Times: user=0.03 sys=0.03, real=0.02 secs] 
2021-06-07T17:21:38.021+0800: 2101849.673: [GC (Allocation Failure) [PSYoungGen: 507232K->13760K(509440K)] 989252K->505167K(1033728K), 0.0525274 secs] [Times: user=0.04 sys=0.05, real=0.06 secs] 
2021-06-07T17:25:59.812+0800: 2102111.464: [GC (Allocation Failure) [PSYoungGen: 509376K->9728K(509440K)] 1000783K->510887K(1033728K), 0.0279787 secs] [Times: user=0.04 sys=0.05, real=0.03 secs] 
2021-06-07T17:30:22.764+0800: 2102374.416: [GC (Allocation Failure) [PSYoungGen: 504320K->9152K(509440K)] 1005479K->517842K(1033728K), 0.0249357 secs] [Times: user=0.04 sys=0.03, real=0.02 secs] 
2021-06-07T17:34:43.785+0800: 2102635.437: [GC (Allocation Failure) [PSYoungGen: 503744K->10912K(509952K)] 1012434K->526190K(1034240K), 0.0270876 secs] [Times: user=0.05 sys=0.04, real=0.03 secs] 
2021-06-07T17:34:43.813+0800: 2102635.465: [Full GC (Ergonomics) [PSYoungGen: 10912K->0K(509952K)] [ParOldGen: 515278K->306780K(524288K)] 526190K->306780K(1034240K), [Metaspace: 97014K->97014K(1138688K)], 0.4701270 secs] [Times: user=1.07 sys=0.00, real=0.47 secs] 
2021-06-07T17:39:05.890+0800: 2102897.542: [GC (Allocation Failure) [PSYoungGen: 495104K->7840K(509440K)] 801884K->314621K(1033728K), 0.0219892 secs] [Times: user=0.03 sys=0.04, real=0.02 secs] 
2021-06-07T17:43:27.521+0800: 2103159.173: [GC (Allocation Failure) [PSYoungGen: 502944K->13792K(508416K)] 809725K->326360K(1032704K), 0.0263899 secs] [Times: user=0.04 sys=0.04, real=0.03 secs] 
2021-06-07T17:47:49.782+0800: 2103421.434: [GC (Allocation Failure) [PSYoungGen: 507360K->10592K(508928K)] 819928K->334143K(1033216K), 0.0314710 secs] [Times: user=0.04 sys=0.04, real=0.04 secs] 
2021-06-07T17:52:15.665+0800: 2103687.317: [GC (Allocation Failure) [PSYoungGen: 504160K->10976K(509440K)] 827711K->341874K(1033728K), 0.0264370 secs] [Times: user=0.03 sys=0.04, real=0.02 secs] 
2021-06-07T17:56:38.597+0800: 2103950.249: [GC (Allocation Failure) [PSYoungGen: 505568K->10688K(509440K)] 836466K->350811K(1033728K), 0.0287018 secs] [Times: user=0.04 sys=0.04, real=0.03 secs] 
2021-06-07T18:01:05.405+0800: 2104217.057: [GC (Allocation Failure) [PSYoungGen: 505280K->10528K(509952K)] 845403K->359158K(1034240K), 0.0290495 secs] [Times: user=0.04 sys=0.04, real=0.03 secs] 
2021-06-07T18:05:28.938+0800: 2104480.590: [GC (Allocation Failure) [PSYoungGen: 506144K->7616K(509952K)] 854774K->365190K(1034240K), 0.0344836 secs] [Times: user=0.03 sys=0.04, real=0.04 secs] 
2021-06-07T18:09:52.109+0800: 2104743.761: [GC (Allocation Failure) [PSYoungGen: 503232K->9408K(509952K)] 860806K->372818K(1034240K), 0.0212137 secs] [Times: user=0.04 sys=0.03, real=0.02 secs] 
2021-06-07T18:14:12.409+0800: 2105004.061: [GC (Allocation Failure) [PSYoungGen: 505024K->10912K(509952K)] 868434K->380965K(1034240K), 0.0273795 secs] [Times: user=0.04 sys=0.04, real=0.03 secs] 
2021-06-07T18:18:34.067+0800: 2105265.719: [GC (Allocation Failure) [PSYoungGen: 506528K->11264K(510464K)] 876581K->389185K(1034752K), 0.0276603 secs] [Times: user=0.03 sys=0.04, real=0.03 secs] 
2021-06-07T18:22:59.177+0800: 2105530.829: [GC (Allocation Failure) [PSYoungGen: 507904K->11136K(510464K)] 885825K->396892K(1034752K), 0.0306553 secs] [Times: user=0.04 sys=0.04, real=0.03 secs] 
2021-06-07T18:27:19.231+0800: 2105790.883: [GC (Allocation Failure) [PSYoungGen: 507776K->12064K(509440K)] 893532K->406397K(1033728K), 0.0699961 secs] [Times: user=0.04 sys=0.04, real=0.07 secs] 
2021-06-07T18:31:39.707+0800: 2106051.359: [GC (Allocation Failure) [PSYoungGen: 507680K->11968K(509952K)] 902013K->415471K(1034240K), 0.0298019 secs] [Times: user=0.04 sys=0.04, real=0.03 secs] 
2021-06-07T18:36:00.732+0800: 2106312.384: [GC (Allocation Failure) [PSYoungGen: 507584K->8256K(509952K)] 911087K->420706K(1034240K), 0.0300369 secs] [Times: user=0.03 sys=0.04, real=0.03 secs] 
2021-06-07T18:40:19.469+0800: 2106571.121: [GC (Allocation Failure) [PSYoungGen: 503872K->10368K(509952K)] 916322K->428758K(1034240K), 0.0732014 secs] [Times: user=0.03 sys=0.04, real=0.08 secs] 
2021-06-07T18:44:37.967+0800: 2106829.619: [GC (Allocation Failure) [PSYoungGen: 505984K->10816K(510464K)] 924374K->437432K(1034752K), 0.0246044 secs] [Times: user=0.03 sys=0.04, real=0.03 secs] 
2021-06-07T18:48:56.802+0800: 2107088.454: [GC (Allocation Failure) [PSYoungGen: 506944K->12032K(509952K)] 933560K->446211K(1034240K), 0.0299669 secs] [Times: user=0.04 sys=0.04, real=0.03 secs] 
2021-06-07T18:53:19.626+0800: 2107351.278: [GC (Allocation Failure) [PSYoungGen: 508160K->10560K(510464K)] 942339K->452845K(1034752K), 0.0260952 secs] [Times: user=0.03 sys=0.04, real=0.02 secs] 
2021-06-07T18:57:40.099+0800: 2107611.751: [GC (Allocation Failure) [PSYoungGen: 506688K->9024K(509952K)] 948973K->459390K(1034240K), 0.0229208 secs] [Times: user=0.04 sys=0.03, real=0.02 secs] 
2021-06-07T19:02:01.995+0800: 2107873.647: [GC (Allocation Failure) [PSYoungGen: 505152K->11936K(510464K)] 955518K->469497K(1034752K), 0.0318897 secs] [Times: user=0.04 sys=0.05, real=0.03 secs] 
2021-06-07T19:06:17.347+0800: 2108128.999: [GC (Allocation Failure) [PSYoungGen: 508576K->9994K(510464K)] 966137K->476341K(1034752K), 0.0287662 secs] [Times: user=0.04 sys=0.05, real=0.03 secs] 
2021-06-07T19:10:37.932+0800: 2108389.584: [GC (Allocation Failure) [PSYoungGen: 506634K->12064K(509440K)] 972981K->485529K(1033728K), 0.0377757 secs] [Times: user=0.04 sys=0.04, real=0.03 secs] 
2021-06-07T19:15:00.534+0800: 2108652.187: [GC (Allocation Failure) [PSYoungGen: 507680K->10752K(509952K)] 981145K->492153K(1034240K), 0.0338324 secs] [Times: user=0.04 sys=0.05, real=0.03 secs] 
2021-06-07T19:19:23.572+0800: 2108915.224: [GC (Allocation Failure) [PSYoungGen: 506368K->9376K(510464K)] 987769K->498860K(1034752K), 0.0221954 secs] [Times: user=0.03 sys=0.03, real=0.02 secs] 
2021-06-07T19:23:45.520+0800: 2109177.172: [GC (Allocation Failure) [PSYoungGen: 506016K->8960K(510464K)] 995500K->506869K(1034752K), 0.0288347 secs] [Times: user=0.03 sys=0.03, real=0.03 secs] 
2021-06-07T19:28:09.431+0800: 2109441.083: [GC (Allocation Failure) [PSYoungGen: 505600K->10464K(510976K)] 1003509K->515464K(1035264K), 0.0248686 secs] [Times: user=0.04 sys=0.04, real=0.03 secs] 
2021-06-07T19:32:30.229+0800: 2109701.881: [GC (Allocation Failure) [PSYoungGen: 507616K->9952K(510464K)] 1012616K->523762K(1034752K), 0.0242467 secs] [Times: user=0.03 sys=0.04, real=0.03 secs] 
2021-06-07T19:36:51.844+0800: 2109963.496: [GC (Allocation Failure) [PSYoungGen: 507104K->12000K(509952K)] 1020914K->533301K(1034240K), 0.0247886 secs] [Times: user=0.03 sys=0.04, real=0.02 secs] 
2021-06-07T19:36:51.870+0800: 2109963.522: [Full GC (Ergonomics) [PSYoungGen: 12000K->0K(509952K)] [ParOldGen: 521301K->308406K(524288K)] 533301K->308406K(1034240K), [Metaspace: 97015K->97015K(1138688K)], 0.4784049 secs] [Times: user=1.03 sys=0.00, real=0.48 secs] 
2021-06-07T19:41:12.963+0800: 2110224.615: [GC (Allocation Failure) [PSYoungGen: 496640K->13792K(510464K)] 805046K->323662K(1034752K), 0.0232028 secs] [Times: user=0.03 sys=0.04, real=0.02 secs] 
2021-06-07T19:45:33.681+0800: 2110485.333: [GC (Allocation Failure) [PSYoungGen: 510432K->12000K(508416K)] 820302K->333813K(1032704K), 0.0268781 secs] [Times: user=0.07 sys=0.00, real=0.03 secs] 
2021-06-07T19:49:52.499+0800: 2110744.151: [GC (Allocation Failure) [PSYoungGen: 506592K->10752K(509440K)] 828405K->340902K(1033728K), 0.0275360 secs] [Times: user=0.04 sys=0.04, real=0.03 secs] 
2021-06-07T19:54:13.306+0800: 2111004.958: [GC (Allocation Failure) [PSYoungGen: 505344K->7936K(509440K)] 835494K->345208K(1033728K), 0.0315933 secs] [Times: user=0.04 sys=0.04, real=0.03 secs] 
2021-06-07T19:58:31.634+0800: 2111263.286: [GC (Allocation Failure) [PSYoungGen: 502528K->9248K(509440K)] 839800K->351891K(1033728K), 0.0269082 secs] [Times: user=0.04 sys=0.05, real=0.02 secs] 
2021-06-07T20:02:52.174+0800: 2111523.826: [GC (Allocation Failure) [PSYoungGen: 503840K->10528K(509952K)] 846483K->360981K(1034240K), 0.0264493 secs] [Times: user=0.03 sys=0.04, real=0.02 secs] 
2021-06-07T20:07:12.407+0800: 2111784.060: [GC (Allocation Failure) [PSYoungGen: 505632K->14304K(509440K)] 856085K->373915K(1033728K), 0.0296925 secs] [Times: user=0.04 sys=0.04, real=0.03 secs] 
2021-06-07T20:11:31.038+0800: 2112042.690: [GC (Allocation Failure) [PSYoungGen: 509404K->9856K(502272K)] 869015K->380442K(1026560K), 0.0364623 secs] [Times: user=0.06 sys=0.05, real=0.04 secs] 
2021-06-07T20:15:45.620+0800: 2112297.272: [GC (Allocation Failure) [PSYoungGen: 497280K->10144K(505856K)] 867866K->387854K(1030144K), 0.0302986 secs] [Times: user=0.04 sys=0.04, real=0.03 secs] 
2021-06-07T20:19:57.957+0800: 2112549.609: [GC (Allocation Failure) [PSYoungGen: 497568K->11968K(506880K)] 875278K->397617K(1031168K), 0.0333695 secs] [Times: user=0.04 sys=0.05, real=0.03 secs] 
2021-06-07T20:24:18.999+0800: 2112810.651: [GC (Allocation Failure) [PSYoungGen: 500928K->11328K(506368K)] 886577K->405707K(1030656K), 0.0306404 secs] [Times: user=0.04 sys=0.04, real=0.03 secs] 
2021-06-07T20:28:35.021+0800: 2113066.673: [GC (Allocation Failure) [PSYoungGen: 500288K->9664K(507392K)] 894667K->412502K(1031680K), 0.0262376 secs] [Times: user=0.03 sys=0.04, real=0.03 secs] 
2021-06-07T20:32:51.210+0800: 2113322.862: [GC (Allocation Failure) [PSYoungGen: 500160K->11168K(507392K)] 902998K->421345K(1031680K), 0.0598839 secs] [Times: user=0.04 sys=0.04, real=0.06 secs] 
2021-06-07T20:37:06.321+0800: 2113577.973: [GC (Allocation Failure) [PSYoungGen: 501664K->13696K(506880K)] 911841K->432269K(1031168K), 0.0830116 secs] [Times: user=0.04 sys=0.04, real=0.09 secs] 
2021-06-07T20:41:21.318+0800: 2113832.970: [GC (Allocation Failure) [PSYoungGen: 504192K->13312K(507392K)] 922765K->441959K(1031680K), 0.0352923 secs] [Times: user=0.04 sys=0.05, real=0.04 secs] 
2021-06-07T20:45:36.712+0800: 2114088.364: [GC (Allocation Failure) [PSYoungGen: 503804K->13216K(507392K)] 932452K->450809K(1031680K), 0.0323135 secs] [Times: user=0.04 sys=0.05, real=0.03 secs] 
2021-06-07T20:49:55.861+0800: 2114347.513: [GC (Allocation Failure) [PSYoungGen: 503712K->9376K(507392K)] 941305K->457944K(1031680K), 0.0263405 secs] [Times: user=0.04 sys=0.05, real=0.03 secs] 
2021-06-07T20:54:11.187+0800: 2114602.839: [GC (Allocation Failure) [PSYoungGen: 499872K->10016K(507392K)] 948440K->465442K(1031680K), 0.0253894 secs] [Times: user=0.04 sys=0.04, real=0.03 secs] 
2021-06-07T20:58:28.602+0800: 2114860.254: [GC (Allocation Failure) [PSYoungGen: 500512K->9120K(507392K)] 955938K->472468K(1031680K), 0.0284301 secs] [Times: user=0.03 sys=0.04, real=0.03 secs] 
2021-06-07T21:02:47.483+0800: 2115119.135: [GC (Allocation Failure) [PSYoungGen: 499616K->9216K(507904K)] 962964K->479215K(1032192K), 0.0241576 secs] [Times: user=0.04 sys=0.04, real=0.02 secs] 
2021-06-07T21:07:05.010+0800: 2115376.663: [GC (Allocation Failure) [PSYoungGen: 500736K->9376K(507904K)] 970735K->486754K(1032192K), 0.0247779 secs] [Times: user=0.03 sys=0.04, real=0.03 secs] 
2021-06-07T21:11:20.547+0800: 2115632.199: [GC (Allocation Failure) [PSYoungGen: 500896K->13888K(506880K)] 978274K->498000K(1031168K), 0.0249221 secs] [Times: user=0.03 sys=0.04, real=0.02 secs] 
2021-06-07T21:15:39.887+0800: 2115891.539: [GC (Allocation Failure) [PSYoungGen: 504384K->9056K(507392K)] 988496K->502784K(1031680K), 0.0533014 secs] [Times: user=0.07 sys=0.00, real=0.05 secs] 
2021-06-07T21:19:58.333+0800: 2116149.985: [GC (Allocation Failure) [PSYoungGen: 499552K->10816K(508416K)] 993280K->510851K(1032704K), 0.0329171 secs] [Times: user=0.04 sys=0.05, real=0.03 secs] 
2021-06-07T21:24:17.440+0800: 2116409.092: [GC (Allocation Failure) [PSYoungGen: 502336K->10720K(507392K)] 1002371K->518550K(1031680K), 0.0240488 secs] [Times: user=0.04 sys=0.04, real=0.03 secs] 
2021-06-07T21:28:36.192+0800: 2116667.844: [GC (Allocation Failure) [PSYoungGen: 502240K->10464K(508928K)] 1010070K->526768K(1033216K), 0.0237013 secs] [Times: user=0.04 sys=0.04, real=0.03 secs] 
2021-06-07T21:28:36.216+0800: 2116667.868: [Full GC (Ergonomics) [PSYoungGen: 10464K->0K(508928K)] [ParOldGen: 516304K->301107K(524288K)] 526768K->301107K(1033216K), [Metaspace: 97015K->97015K(1138688K)], 0.4823727 secs] [Times: user=0.53 sys=0.51, real=0.48 secs] 
2021-06-07T21:32:57.290+0800: 2116928.942: [GC (Allocation Failure) [PSYoungGen: 493056K->12640K(508416K)] 794163K->313747K(1032704K), 0.0490517 secs] [Times: user=0.04 sys=0.04, real=0.05 secs] 
2021-06-07T21:37:15.048+0800: 2117186.700: [GC (Allocation Failure) [PSYoungGen: 505696K->10464K(508928K)] 806803K->322036K(1033216K), 0.0268630 secs] [Times: user=0.04 sys=0.04, real=0.03 secs] 
2021-06-07T21:41:37.383+0800: 2117449.035: [GC (Allocation Failure) [PSYoungGen: 504032K->10976K(508928K)] 815604K->329375K(1033216K), 0.0273494 secs] [Times: user=0.04 sys=0.04, real=0.02 secs] 
2021-06-07T21:45:55.343+0800: 2117706.995: [GC (Allocation Failure) [PSYoungGen: 504544K->12000K(509440K)] 822943K->337659K(1033728K), 0.0418205 secs] [Times: user=0.07 sys=0.00, real=0.04 secs] 
2021-06-07T21:50:16.656+0800: 2117968.309: [GC (Allocation Failure) [PSYoungGen: 506592K->12480K(509440K)] 832251K->346854K(1033728K), 0.0259788 secs] [Times: user=0.03 sys=0.04, real=0.03 secs] 
2021-06-07T21:54:37.157+0800: 2118228.809: [GC (Allocation Failure) [PSYoungGen: 507072K->12288K(509440K)] 841446K->355623K(1033728K), 0.0284197 secs] [Times: user=0.03 sys=0.04, real=0.03 secs] 
2021-06-07T21:58:55.239+0800: 2118486.891: [GC (Allocation Failure) [PSYoungGen: 506880K->11328K(509440K)] 850215K->363800K(1033728K), 0.0251976 secs] [Times: user=0.08 sys=0.00, real=0.03 secs] 
2021-06-07T22:03:17.720+0800: 2118749.372: [GC (Allocation Failure) [PSYoungGen: 505920K->9984K(509440K)] 858392K->371418K(1033728K), 0.0232301 secs] [Times: user=0.03 sys=0.04, real=0.03 secs] 
2021-06-07T22:07:41.957+0800: 2119013.609: [GC (Allocation Failure) [PSYoungGen: 504576K->13088K(509440K)] 866010K->382710K(1033728K), 0.0249575 secs] [Times: user=0.04 sys=0.04, real=0.03 secs] 
2021-06-07T22:12:02.364+0800: 2119274.016: [GC (Allocation Failure) [PSYoungGen: 507680K->10880K(509440K)] 877302K->390127K(1033728K), 0.0268232 secs] [Times: user=0.04 sys=0.04, real=0.02 secs] 
2021-06-07T22:16:21.658+0800: 2119533.310: [GC (Allocation Failure) [PSYoungGen: 505472K->11616K(509440K)] 884719K->398834K(1033728K), 0.0257399 secs] [Times: user=0.04 sys=0.03, real=0.03 secs] 
2021-06-07T22:20:41.948+0800: 2119793.600: [GC (Allocation Failure) [PSYoungGen: 506208K->8256K(508928K)] 893426K->403324K(1033216K), 0.0233553 secs] [Times: user=0.04 sys=0.04, real=0.02 secs] 
2021-06-07T22:25:01.305+0800: 2120052.957: [GC (Allocation Failure) [PSYoungGen: 502848K->10304K(509440K)] 897916K->411528K(1033728K), 0.0527927 secs] [Times: user=0.04 sys=0.04, real=0.05 secs] 
2021-06-07T22:29:16.686+0800: 2120308.338: [GC (Allocation Failure) [PSYoungGen: 504896K->11808K(509952K)] 906120K->421050K(1034240K), 0.0259724 secs] [Times: user=0.04 sys=0.04, real=0.02 secs] 
2021-06-07T22:33:43.196+0800: 2120574.848: [GC (Allocation Failure) [PSYoungGen: 507424K->8256K(504320K)] 916666K->426290K(1028608K), 0.0430146 secs] [Times: user=0.03 sys=0.03, real=0.04 secs] 
2021-06-07T22:38:03.436+0800: 2120835.088: [GC (Allocation Failure) [PSYoungGen: 503872K->10208K(509952K)] 921906K->435349K(1034240K), 0.0265984 secs] [Times: user=0.04 sys=0.03, real=0.03 secs] 
2021-06-07T22:42:24.550+0800: 2121096.202: [GC (Allocation Failure) [PSYoungGen: 505312K->9248K(509440K)] 930453K->443024K(1033728K), 0.0241654 secs] [Times: user=0.03 sys=0.04, real=0.03 secs] 
2021-06-07T22:46:48.542+0800: 2121360.194: [GC (Allocation Failure) [PSYoungGen: 504352K->11904K(509952K)] 938128K->452725K(1034240K), 0.0355036 secs] [Times: user=0.03 sys=0.03, real=0.04 secs] 
2021-06-07T22:51:08.572+0800: 2121620.224: [GC (Allocation Failure) [PSYoungGen: 507520K->11808K(509952K)] 948341K->461103K(1034240K), 0.0943129 secs] [Times: user=0.04 sys=0.05, real=0.10 secs] 
2021-06-07T22:55:29.604+0800: 2121881.256: [GC (Allocation Failure) [PSYoungGen: 507424K->10688K(509952K)] 956719K->469664K(1034240K), 0.0307339 secs] [Times: user=0.05 sys=0.05, real=0.03 secs] 
2021-06-07T22:59:49.570+0800: 2122141.222: [GC (Allocation Failure) [PSYoungGen: 506304K->10368K(509952K)] 965280K->478650K(1034240K), 0.0277206 secs] [Times: user=0.04 sys=0.04, real=0.03 secs] 
2021-06-07T23:04:13.517+0800: 2122405.169: [GC (Allocation Failure) [PSYoungGen: 505984K->10528K(510464K)] 974266K->487589K(1034752K), 0.0239761 secs] [Times: user=0.04 sys=0.04, real=0.02 secs] 
2021-06-07T23:08:42.093+0800: 2122673.745: [GC (Allocation Failure) [PSYoungGen: 507168K->11264K(510464K)] 984229K->496503K(1034752K), 0.0320624 secs] [Times: user=0.04 sys=0.05, real=0.03 secs] 
2021-06-07T23:13:03.988+0800: 2122935.640: [GC (Allocation Failure) [PSYoungGen: 507904K->8096K(510464K)] 993143K->501775K(1034752K), 0.0510373 secs] [Times: user=0.05 sys=0.05, real=0.05 secs] 
2021-06-07T23:17:25.233+0800: 2123196.885: [GC (Allocation Failure) [PSYoungGen: 504736K->10496K(510464K)] 998415K->510076K(1034752K), 0.0361187 secs] [Times: user=0.03 sys=0.04, real=0.03 secs] 
2021-06-07T23:21:45.436+0800: 2123457.088: [GC (Allocation Failure) [PSYoungGen: 507136K->13280K(502784K)] 1006716K->521201K(1027072K), 0.0366174 secs] [Times: user=0.04 sys=0.05, real=0.04 secs] 
2021-06-07T23:26:04.069+0800: 2123715.722: [GC (Allocation Failure) [PSYoungGen: 502752K->12128K(506880K)] 1010673K->530202K(1031168K), 0.0334465 secs] [Times: user=0.04 sys=0.05, real=0.04 secs] 
2021-06-07T23:26:04.104+0800: 2123715.756: [Full GC (Ergonomics) [PSYoungGen: 12128K->0K(506880K)] [ParOldGen: 518074K->311226K(524288K)] 530202K->311226K(1031168K), [Metaspace: 97015K->97015K(1138688K)], 0.5791842 secs] [Times: user=1.18 sys=0.00, real=0.58 secs] 
2021-06-07T23:30:24.229+0800: 2123975.881: [GC (Allocation Failure) [PSYoungGen: 489472K->11744K(507904K)] 800698K->322970K(1032192K), 0.0532912 secs] [Times: user=0.03 sys=0.03, real=0.06 secs] 
2021-06-07T23:34:48.747+0800: 2124240.399: [GC (Allocation Failure) [PSYoungGen: 502752K->11200K(507392K)] 813978K->332002K(1031680K), 0.0241686 secs] [Times: user=0.04 sys=0.04, real=0.02 secs] 
2021-06-07T23:39:04.106+0800: 2124495.758: [GC (Allocation Failure) [PSYoungGen: 502208K->12160K(508416K)] 823010K->341485K(1032704K), 0.0340437 secs] [Times: user=0.04 sys=0.04, real=0.03 secs] 
2021-06-07T23:43:21.244+0800: 2124752.896: [GC (Allocation Failure) [PSYoungGen: 504192K->11104K(507904K)] 833517K->349273K(1032192K), 0.0241130 secs] [Times: user=0.03 sys=0.04, real=0.02 secs] 
2021-06-07T23:47:39.884+0800: 2125011.536: [GC (Allocation Failure) [PSYoungGen: 503136K->11648K(508928K)] 841305K->358131K(1033216K), 0.0250481 secs] [Times: user=0.04 sys=0.04, real=0.02 secs] 
2021-06-07T23:52:02.065+0800: 2125273.718: [GC (Allocation Failure) [PSYoungGen: 505216K->11008K(508928K)] 851699K->365973K(1033216K), 0.0250182 secs] [Times: user=0.03 sys=0.04, real=0.02 secs] 
2021-06-07T23:56:22.804+0800: 2125534.456: [GC (Allocation Failure) [PSYoungGen: 504576K->13408K(508416K)] 859541K->376848K(1032704K), 0.0259373 secs] [Times: user=0.03 sys=0.04, real=0.02 secs] 
2021-06-08T00:00:31.527+0800: 2125783.179: [GC (Allocation Failure) [PSYoungGen: 506976K->10080K(508928K)] 870416K->383769K(1033216K), 0.0236664 secs] [Times: user=0.04 sys=0.03, real=0.02 secs] 
2021-06-08T00:04:50.532+0800: 2126042.184: [GC (Allocation Failure) [PSYoungGen: 503648K->8896K(508928K)] 877337K->390691K(1033216K), 0.0229561 secs] [Times: user=0.04 sys=0.03, real=0.02 secs] 
2021-06-08T00:09:11.610+0800: 2126303.262: [GC (Allocation Failure) [PSYoungGen: 502464K->12640K(508928K)] 884259K->401254K(1033216K), 0.0275762 secs] [Times: user=0.03 sys=0.04, real=0.03 secs] 
2021-06-08T00:13:31.742+0800: 2126563.395: [GC (Allocation Failure) [PSYoungGen: 506208K->12160K(508928K)] 894822K->408786K(1033216K), 0.0312004 secs] [Times: user=0.03 sys=0.04, real=0.03 secs] 
2021-06-08T00:17:47.830+0800: 2126819.482: [GC (Allocation Failure) [PSYoungGen: 505728K->14080K(507904K)] 902354K->419397K(1032192K), 0.0279832 secs] [Times: user=0.04 sys=0.05, real=0.03 secs] 
2021-06-08T00:22:07.074+0800: 2127078.726: [GC (Allocation Failure) [PSYoungGen: 507648K->10880K(508416K)] 912965K->426790K(1032704K), 0.0236104 secs] [Times: user=0.03 sys=0.04, real=0.02 secs] 
2021-06-08T00:26:24.404+0800: 2127336.057: [GC (Allocation Failure) [PSYoungGen: 503424K->11904K(508416K)] 919334K->435971K(1032704K), 0.0235531 secs] [Times: user=0.03 sys=0.04, real=0.02 secs] 
2021-06-08T00:30:42.792+0800: 2127594.444: [GC (Allocation Failure) [PSYoungGen: 504448K->10464K(508928K)] 928515K->443422K(1033216K), 0.0329360 secs] [Times: user=0.03 sys=0.03, real=0.04 secs] 
2021-06-08T00:35:01.371+0800: 2127853.023: [GC (Allocation Failure) [PSYoungGen: 504032K->11168K(508928K)] 936990K->453040K(1033216K), 0.0234603 secs] [Times: user=0.04 sys=0.03, real=0.03 secs] 
2021-06-08T00:39:17.930+0800: 2128109.582: [GC (Allocation Failure) [PSYoungGen: 504736K->11328K(509440K)] 946608K->461466K(1033728K), 0.0517444 secs] [Times: user=0.04 sys=0.05, real=0.05 secs] 
2021-06-08T00:43:38.957+0800: 2128370.609: [GC (Allocation Failure) [PSYoungGen: 505920K->10368K(509440K)] 956058K->469397K(1033728K), 0.0235878 secs] [Times: user=0.04 sys=0.03, real=0.02 secs] 
2021-06-08T00:47:55.153+0800: 2128626.805: [GC (Allocation Failure) [PSYoungGen: 504960K->12352K(509440K)] 963989K->478488K(1033728K), 0.0224398 secs] [Times: user=0.03 sys=0.04, real=0.02 secs] 
2021-06-08T00:52:15.985+0800: 2128887.637: [GC (Allocation Failure) [PSYoungGen: 506944K->12544K(509440K)] 973080K->488337K(1033728K), 0.0275265 secs] [Times: user=0.04 sys=0.04, real=0.03 secs] 
2021-06-08T00:56:35.628+0800: 2129147.280: [GC (Allocation Failure) [PSYoungGen: 507136K->13632K(508416K)] 982929K->497110K(1032704K), 0.0814247 secs] [Times: user=0.05 sys=0.07, real=0.08 secs] 
2021-06-08T01:00:55.758+0800: 2129407.410: [GC (Allocation Failure) [PSYoungGen: 507198K->10112K(508928K)] 990676K->503055K(1033216K), 0.0244648 secs] [Times: user=0.04 sys=0.03, real=0.03 secs] 
2021-06-08T01:05:10.584+0800: 2129662.236: [GC (Allocation Failure) [PSYoungGen: 503680K->11242K(509440K)] 996623K->512100K(1033728K), 0.0241949 secs] [Times: user=0.04 sys=0.03, real=0.02 secs] 
2021-06-08T01:09:29.458+0800: 2129921.110: [GC (Allocation Failure) [PSYoungGen: 505322K->14784K(508928K)] 1006180K->523944K(1033216K), 0.0250100 secs] [Times: user=0.07 sys=0.00, real=0.03 secs] 
2021-06-08T01:13:43.821+0800: 2130175.474: [GC (Allocation Failure) [PSYoungGen: 508864K->13728K(506880K)] 1018024K->532947K(1031168K), 0.0260840 secs] [Times: user=0.04 sys=0.04, real=0.03 secs] 
2021-06-08T01:13:43.848+0800: 2130175.500: [Full GC (Ergonomics) [PSYoungGen: 13728K->0K(506880K)] [ParOldGen: 519219K->307147K(524288K)] 532947K->307147K(1031168K), [Metaspace: 97017K->97017K(1138688K)], 0.4328327 secs] [Times: user=1.00 sys=0.00, real=0.43 secs] 
2021-06-08T01:18:00.756+0800: 2130432.408: [GC (Allocation Failure) [PSYoungGen: 491520K->14272K(507904K)] 798667K->321419K(1032192K), 0.0255847 secs] [Times: user=0.03 sys=0.03, real=0.02 secs] 
2021-06-08T01:22:17.693+0800: 2130689.345: [GC (Allocation Failure) [PSYoungGen: 505792K->13984K(506880K)] 812939K->331445K(1031168K), 0.0286803 secs] [Times: user=0.04 sys=0.04, real=0.03 secs] 
2021-06-08T01:26:36.178+0800: 2130947.830: [GC (Allocation Failure) [PSYoungGen: 504480K->10976K(507392K)] 821941K->338685K(1031680K), 0.0624725 secs] [Times: user=0.04 sys=0.04, real=0.06 secs] 
2021-06-08T01:30:53.812+0800: 2131205.464: [GC (Allocation Failure) [PSYoungGen: 501472K->11360K(507904K)] 829181K->346777K(1032192K), 0.0349035 secs] [Times: user=0.04 sys=0.04, real=0.03 secs] 
2021-06-08T01:35:12.920+0800: 2131464.572: [GC (Allocation Failure) [PSYoungGen: 502880K->10080K(507904K)] 838297K->354219K(1032192K), 0.0260817 secs] [Times: user=0.03 sys=0.04, real=0.03 secs] 
2021-06-08T01:39:32.695+0800: 2131724.347: [GC (Allocation Failure) [PSYoungGen: 501600K->13600K(507904K)] 845739K->365997K(1032192K), 0.0284193 secs] [Times: user=0.04 sys=0.04, real=0.03 secs] 
2021-06-08T01:43:53.573+0800: 2131985.225: [GC (Allocation Failure) [PSYoungGen: 505120K->12608K(507904K)] 857517K->374112K(1032192K), 0.0273776 secs] [Times: user=0.04 sys=0.04, real=0.02 secs] 
2021-06-08T01:48:11.549+0800: 2132243.201: [GC (Allocation Failure) [PSYoungGen: 504128K->14368K(506880K)] 865632K->385028K(1031168K), 0.0551390 secs] [Times: user=0.04 sys=0.05, real=0.06 secs] 
2021-06-08T01:52:29.307+0800: 2132500.959: [GC (Allocation Failure) [PSYoungGen: 504864K->10368K(507392K)] 875524K->390824K(1031680K), 0.0563335 secs] [Times: user=0.03 sys=0.03, real=0.06 secs] 
2021-06-08T01:56:45.908+0800: 2132757.560: [GC (Allocation Failure) [PSYoungGen: 500864K->10848K(507904K)] 881320K->399353K(1032192K), 0.0473466 secs] [Times: user=0.04 sys=0.04, real=0.05 secs] 
2021-06-08T02:01:01.614+0800: 2133013.266: [GC (Allocation Failure) [PSYoungGen: 501856K->14496K(507392K)] 890361K->410836K(1031680K), 0.0339070 secs] [Times: user=0.03 sys=0.03, real=0.03 secs] 
2021-06-08T02:05:19.923+0800: 2133271.575: [GC (Allocation Failure) [PSYoungGen: 505504K->13760K(507392K)] 901844K->421134K(1031680K), 0.0262758 secs] [Times: user=0.04 sys=0.04, real=0.02 secs] 
2021-06-08T02:09:40.075+0800: 2133531.727: [GC (Allocation Failure) [PSYoungGen: 504256K->11232K(507392K)] 911630K->428864K(1031680K), 0.0238034 secs] [Times: user=0.03 sys=0.04, real=0.02 secs] 
2021-06-08T02:13:58.388+0800: 2133790.040: [GC (Allocation Failure) [PSYoungGen: 501728K->11264K(507904K)] 919360K->437386K(1032192K), 0.0605328 secs] [Times: user=0.03 sys=0.04, real=0.06 secs] 
2021-06-08T02:18:17.425+0800: 2134049.077: [GC (Allocation Failure) [PSYoungGen: 502272K->10560K(507392K)] 928394K->443902K(1031680K), 0.0246063 secs] [Times: user=0.03 sys=0.03, real=0.02 secs] 
2021-06-08T02:22:35.995+0800: 2134307.647: [GC (Allocation Failure) [PSYoungGen: 501568K->13600K(507904K)] 934910K->453978K(1032192K), 0.0268997 secs] [Times: user=0.03 sys=0.04, real=0.02 secs] 
2021-06-08T02:26:56.945+0800: 2134568.597: [GC (Allocation Failure) [PSYoungGen: 505120K->9664K(507904K)] 945498K->459563K(1032192K), 0.0273011 secs] [Times: user=0.04 sys=0.04, real=0.03 secs] 
2021-06-08T02:31:17.534+0800: 2134829.186: [GC (Allocation Failure) [PSYoungGen: 501184K->10240K(507904K)] 951083K->466703K(1032192K), 0.0394445 secs] [Times: user=0.03 sys=0.03, real=0.04 secs] 
2021-06-08T02:35:40.153+0800: 2135091.805: [GC (Allocation Failure) [PSYoungGen: 501760K->10048K(507904K)] 958223K->474985K(1032192K), 0.0559359 secs] [Times: user=0.03 sys=0.03, real=0.05 secs] 
2021-06-08T02:40:01.185+0800: 2135352.837: [GC (Allocation Failure) [PSYoungGen: 501568K->12384K(507904K)] 966505K->485588K(1032192K), 0.0264045 secs] [Times: user=0.04 sys=0.04, real=0.02 secs] 
2021-06-08T02:44:18.962+0800: 2135610.614: [GC (Allocation Failure) [PSYoungGen: 503904K->13568K(507904K)] 977108K->495577K(1032192K), 0.0259995 secs] [Times: user=0.03 sys=0.04, real=0.03 secs] 
2021-06-08T02:48:39.840+0800: 2135871.493: [GC (Allocation Failure) [PSYoungGen: 505088K->12096K(508416K)] 987097K->504490K(1032704K), 0.0237886 secs] [Times: user=0.04 sys=0.04, real=0.03 secs] 
2021-06-08T02:52:59.462+0800: 2136131.114: [GC (Allocation Failure) [PSYoungGen: 504128K->12672K(507904K)] 996522K->514500K(1032192K), 0.0259716 secs] [Times: user=0.04 sys=0.04, real=0.03 secs] 
2021-06-08T02:57:20.562+0800: 2136392.214: [GC (Allocation Failure) [PSYoungGen: 504704K->11872K(508416K)] 1006532K->522854K(1032704K), 0.0739981 secs] [Times: user=0.04 sys=0.03, real=0.08 secs] 
2021-06-08T03:01:37.154+0800: 2136648.806: [GC (Allocation Failure) [PSYoungGen: 504416K->12992K(508416K)] 1015398K->532785K(1032704K), 0.0343028 secs] [Times: user=0.05 sys=0.06, real=0.03 secs] 
2021-06-08T03:01:37.189+0800: 2136648.841: [Full GC (Ergonomics) [PSYoungGen: 12992K->0K(508416K)] [ParOldGen: 519793K->310868K(524288K)] 532785K->310868K(1032704K), [Metaspace: 97017K->97017K(1138688K)], 0.5490686 secs] [Times: user=1.19 sys=0.00, real=0.55 secs] 
2021-06-08T03:05:53.215+0800: 2136904.867: [GC (Allocation Failure) [PSYoungGen: 492544K->13216K(508416K)] 803412K->324084K(1032704K), 0.0488387 secs] [Times: user=0.04 sys=0.04, real=0.05 secs] 
2021-06-08T03:10:10.557+0800: 2137162.209: [GC (Allocation Failure) [PSYoungGen: 505760K->11872K(508416K)] 816628K->332303K(1032704K), 0.0252183 secs] [Times: user=0.03 sys=0.04, real=0.03 secs] 
2021-06-08T03:14:28.183+0800: 2137419.835: [GC (Allocation Failure) [PSYoungGen: 504416K->13056K(508928K)] 824847K->341987K(1033216K), 0.0308534 secs] [Times: user=0.04 sys=0.04, real=0.03 secs] 
2021-06-08T03:18:48.218+0800: 2137679.870: [GC (Allocation Failure) [PSYoungGen: 506624K->10528K(508928K)] 835555K->349715K(1033216K), 0.0314232 secs] [Times: user=0.04 sys=0.04, real=0.03 secs] 
2021-06-08T03:23:09.031+0800: 2137940.685: [GC (Allocation Failure) [PSYoungGen: 504096K->12384K(508928K)] 843283K->359462K(1033216K), 0.0431475 secs] [Times: user=0.12 sys=0.00, real=0.05 secs] 
2021-06-08T03:27:29.361+0800: 2138201.013: [GC (Allocation Failure) [PSYoungGen: 505952K->12544K(508928K)] 853030K->367554K(1033216K), 0.0289865 secs] [Times: user=0.04 sys=0.04, real=0.03 secs] 
2021-06-08T03:31:49.809+0800: 2138461.461: [GC (Allocation Failure) [PSYoungGen: 506112K->11232K(509440K)] 861122K->376092K(1033728K), 0.0264673 secs] [Times: user=0.04 sys=0.04, real=0.03 secs] 
2021-06-08T03:36:10.034+0800: 2138721.687: [GC (Allocation Failure) [PSYoungGen: 505312K->10688K(508928K)] 870172K->384093K(1033216K), 0.0265892 secs] [Times: user=0.03 sys=0.05, real=0.02 secs] 
2021-06-08T03:40:30.290+0800: 2138981.942: [GC (Allocation Failure) [PSYoungGen: 504768K->9504K(508416K)] 878173K->390992K(1032704K), 0.0234936 secs] [Times: user=0.03 sys=0.03, real=0.03 secs] 
2021-06-08T03:44:45.880+0800: 2139237.532: [GC (Allocation Failure) [PSYoungGen: 503072K->14912K(508928K)] 884560K->403860K(1033216K), 0.0277963 secs] [Times: user=0.03 sys=0.04, real=0.03 secs] 
2021-06-08T03:49:06.630+0800: 2139498.282: [GC (Allocation Failure) [PSYoungGen: 508480K->12544K(507904K)] 897428K->412533K(1032192K), 0.0285630 secs] [Times: user=0.04 sys=0.04, real=0.03 secs] 
2021-06-08T03:53:26.428+0800: 2139758.080: [GC (Allocation Failure) [PSYoungGen: 505088K->11776K(508416K)] 905077K->421592K(1032704K), 0.0242975 secs] [Times: user=0.04 sys=0.04, real=0.03 secs] 
2021-06-08T03:57:45.590+0800: 2140017.242: [GC (Allocation Failure) [PSYoungGen: 504320K->11808K(508928K)] 914136K->431274K(1033216K), 0.0252644 secs] [Times: user=0.04 sys=0.04, real=0.03 secs] 
2021-06-08T04:02:05.657+0800: 2140277.309: [GC (Allocation Failure) [PSYoungGen: 505376K->11008K(508928K)] 924842K->439461K(1033216K), 0.0269878 secs] [Times: user=0.04 sys=0.04, real=0.03 secs] 
2021-06-08T04:06:21.275+0800: 2140532.927: [GC (Allocation Failure) [PSYoungGen: 504576K->11168K(509440K)] 933029K->447727K(1033728K), 0.0261219 secs] [Times: user=0.03 sys=0.04, real=0.02 secs] 
2021-06-08T04:10:43.086+0800: 2140794.738: [GC (Allocation Failure) [PSYoungGen: 505248K->7776K(508928K)] 941807K->452383K(1033216K), 0.0263253 secs] [Times: user=0.03 sys=0.04, real=0.03 secs] 
2021-06-08T04:15:03.691+0800: 2141055.343: [GC (Allocation Failure) [PSYoungGen: 501856K->11488K(509440K)] 946463K->461124K(1033728K), 0.0248870 secs] [Times: user=0.04 sys=0.03, real=0.03 secs] 
2021-06-08T04:19:24.614+0800: 2141316.266: [GC (Allocation Failure) [PSYoungGen: 505563K->10528K(508928K)] 955199K->469150K(1033216K), 0.0247401 secs] [Times: user=0.04 sys=0.04, real=0.02 secs] 
2021-06-08T04:23:46.719+0800: 2141578.371: [GC (Allocation Failure) [PSYoungGen: 504608K->10848K(509952K)] 963230K->477592K(1034240K), 0.0242390 secs] [Times: user=0.04 sys=0.04, real=0.03 secs] 
2021-06-08T04:28:07.905+0800: 2141839.557: [GC (Allocation Failure) [PSYoungGen: 505952K->9984K(509440K)] 972696K->485018K(1033728K), 0.0227602 secs] [Times: user=0.04 sys=0.03, real=0.02 secs] 
2021-06-08T04:32:30.218+0800: 2142101.870: [GC (Allocation Failure) [PSYoungGen: 505088K->11840K(509952K)] 980122K->494917K(1034240K), 0.0330908 secs] [Times: user=0.04 sys=0.04, real=0.03 secs] 
2021-06-08T04:36:55.935+0800: 2142367.587: [GC (Allocation Failure) [PSYoungGen: 507456K->9984K(509952K)] 990533K->502325K(1034240K), 0.0282819 secs] [Times: user=0.04 sys=0.04, real=0.03 secs] 
2021-06-08T04:41:12.564+0800: 2142624.216: [GC (Allocation Failure) [PSYoungGen: 505600K->13888K(508928K)] 997941K->513962K(1033216K), 0.0277371 secs] [Times: user=0.04 sys=0.04, real=0.02 secs] 
2021-06-08T04:45:32.231+0800: 2142883.883: [GC (Allocation Failure) [PSYoungGen: 508480K->8736K(503808K)] 1008554K->519760K(1028096K), 0.0243708 secs] [Times: user=0.04 sys=0.04, real=0.03 secs] 
2021-06-08T04:49:53.709+0800: 2143145.361: [GC (Allocation Failure) [PSYoungGen: 503328K->11680K(509440K)] 1014352K->529245K(1033728K), 0.0243132 secs] [Times: user=0.04 sys=0.04, real=0.03 secs] 
2021-06-08T04:49:53.733+0800: 2143145.385: [Full GC (Ergonomics) [PSYoungGen: 11680K->0K(509440K)] [ParOldGen: 517565K->305043K(524288K)] 529245K->305043K(1033728K), [Metaspace: 97017K->97017K(1138688K)], 0.4350677 secs] [Times: user=0.99 sys=0.00, real=0.43 secs] 
2021-06-08T04:54:16.670+0800: 2143408.322: [GC (Allocation Failure) [PSYoungGen: 494080K->9248K(508928K)] 799123K->314291K(1033216K), 0.0195686 secs] [Times: user=0.03 sys=0.03, real=0.02 secs] 
2021-06-08T04:58:33.588+0800: 2143665.240: [GC (Allocation Failure) [PSYoungGen: 503328K->11744K(509440K)] 808371K->324838K(1033728K), 0.0245635 secs] [Times: user=0.03 sys=0.04, real=0.03 secs] 
2021-06-08T05:02:53.692+0800: 2143925.344: [GC (Allocation Failure) [PSYoungGen: 506336K->11296K(509440K)] 819430K->332321K(1033728K), 0.0255365 secs] [Times: user=0.04 sys=0.04, real=0.02 secs] 
2021-06-08T05:07:14.736+0800: 2144186.388: [GC (Allocation Failure) [PSYoungGen: 505888K->12544K(509440K)] 826913K->342509K(1033728K), 0.0239029 secs] [Times: user=0.04 sys=0.04, real=0.02 secs] 
2021-06-08T05:11:35.451+0800: 2144447.103: [GC (Allocation Failure) [PSYoungGen: 507136K->12032K(509440K)] 837101K->351542K(1033728K), 0.0529869 secs] [Times: user=0.04 sys=0.03, real=0.06 secs] 
2021-06-08T05:15:54.213+0800: 2144705.865: [GC (Allocation Failure) [PSYoungGen: 506624K->13120K(508416K)] 846134K->361377K(1032704K), 0.0308952 secs] [Times: user=0.03 sys=0.04, real=0.03 secs] 
2021-06-08T05:20:18.933+0800: 2144970.585: [GC (Allocation Failure) [PSYoungGen: 506688K->11392K(508928K)] 854945K->369018K(1033216K), 0.0256047 secs] [Times: user=0.03 sys=0.04, real=0.02 secs] 
2021-06-08T05:24:41.951+0800: 2145233.603: [GC (Allocation Failure) [PSYoungGen: 504960K->11744K(509440K)] 862586K->378605K(1033728K), 0.0266619 secs] [Times: user=0.08 sys=0.00, real=0.03 secs] 
2021-06-08T05:29:00.768+0800: 2145492.420: [GC (Allocation Failure) [PSYoungGen: 506336K->12768K(509440K)] 873197K->388984K(1033728K), 0.0616217 secs] [Times: user=0.04 sys=0.05, real=0.06 secs] 
2021-06-08T05:33:23.497+0800: 2145755.149: [GC (Allocation Failure) [PSYoungGen: 507360K->12384K(509440K)] 883576K->397709K(1033728K), 0.0579855 secs] [Times: user=0.04 sys=0.04, real=0.06 secs] 
2021-06-08T05:37:47.577+0800: 2146019.229: [GC (Allocation Failure) [PSYoungGen: 506976K->14304K(508928K)] 892301K->408375K(1033216K), 0.0358874 secs] [Times: user=0.04 sys=0.05, real=0.04 secs] 
2021-06-08T05:41:54.003+0800: 2146265.655: [GC (Allocation Failure) [PSYoungGen: 508896K->11104K(508928K)] 902967K->416336K(1033216K), 0.0269664 secs] [Times: user=0.08 sys=0.00, real=0.02 secs] 
2021-06-08T05:46:01.844+0800: 2146513.496: [GC (Allocation Failure) [PSYoungGen: 504672K->11264K(508928K)] 909904K->425043K(1033216K), 0.0316291 secs] [Times: user=0.05 sys=0.05, real=0.03 secs] 
2021-06-08T05:50:11.684+0800: 2146763.336: [GC (Allocation Failure) [PSYoungGen: 504832K->9312K(508416K)] 918611K->431948K(1032704K), 0.0671076 secs] [Times: user=0.04 sys=0.04, real=0.06 secs] 
2021-06-08T05:54:29.531+0800: 2147021.183: [GC (Allocation Failure) [PSYoungGen: 502880K->11456K(508928K)] 925516K->440832K(1033216K), 0.0273141 secs] [Times: user=0.04 sys=0.04, real=0.03 secs] 
2021-06-08T05:58:50.388+0800: 2147282.040: [GC (Allocation Failure) [PSYoungGen: 505024K->9952K(509440K)] 934400K->447871K(1033728K), 0.0304180 secs] [Times: user=0.03 sys=0.03, real=0.03 secs] 
2021-06-08T06:03:16.355+0800: 2147548.007: [GC (Allocation Failure) [PSYoungGen: 504544K->8928K(509440K)] 942463K->454704K(1033728K), 0.0292316 secs] [Times: user=0.03 sys=0.04, real=0.03 secs] 
2021-06-08T06:07:40.912+0800: 2147812.564: [GC (Allocation Failure) [PSYoungGen: 503520K->11040K(509440K)] 949296K->463948K(1033728K), 0.0411376 secs] [Times: user=0.03 sys=0.04, real=0.05 secs] 
2021-06-08T06:12:05.109+0800: 2148076.761: [GC (Allocation Failure) [PSYoungGen: 505632K->11424K(509440K)] 958540K->473509K(1033728K), 0.0307874 secs] [Times: user=0.05 sys=0.05, real=0.03 secs] 
2021-06-08T06:16:27.842+0800: 2148339.494: [GC (Allocation Failure) [PSYoungGen: 506016K->9696K(509952K)] 968101K->480116K(1034240K), 0.0222141 secs] [Times: user=0.03 sys=0.04, real=0.03 secs] 
2021-06-08T06:20:49.951+0800: 2148601.603: [GC (Allocation Failure) [PSYoungGen: 505312K->12160K(509952K)] 975732K->490352K(1034240K), 0.0306646 secs] [Times: user=0.04 sys=0.04, real=0.03 secs] 
2021-06-08T06:25:14.381+0800: 2148866.033: [GC (Allocation Failure) [PSYoungGen: 507776K->10944K(509952K)] 985968K->498633K(1034240K), 0.0247769 secs] [Times: user=0.03 sys=0.04, real=0.03 secs] 
2021-06-08T06:29:39.721+0800: 2149131.373: [GC (Allocation Failure) [PSYoungGen: 506560K->10720K(509952K)] 994249K->506212K(1034240K), 0.0241549 secs] [Times: user=0.04 sys=0.03, real=0.03 secs] 
2021-06-08T06:34:05.993+0800: 2149397.645: [GC (Allocation Failure) [PSYoungGen: 506336K->9824K(510464K)] 1001828K->513182K(1034752K), 0.0541028 secs] [Times: user=0.05 sys=0.05, real=0.05 secs] 
2021-06-08T06:38:29.323+0800: 2149660.975: [GC (Allocation Failure) [PSYoungGen: 506464K->12832K(509952K)] 1009822K->523226K(1034240K), 0.0250764 secs] [Times: user=0.07 sys=0.00, real=0.02 secs] 
2021-06-08T06:42:51.418+0800: 2149923.070: [GC (Allocation Failure) [PSYoungGen: 509472K->13440K(508928K)] 1019866K->533972K(1033216K), 0.0609876 secs] [Times: user=0.04 sys=0.04, real=0.06 secs] 
2021-06-08T06:42:51.480+0800: 2149923.132: [Full GC (Ergonomics) [PSYoungGen: 13440K->0K(508928K)] [ParOldGen: 520532K->312191K(524288K)] 533972K->312191K(1033216K), [Metaspace: 97059K->97059K(1138688K)], 0.4471133 secs] [Times: user=1.03 sys=0.00, real=0.45 secs] 
2021-06-08T06:47:16.006+0800: 2150187.659: [GC (Allocation Failure) [PSYoungGen: 494592K->10144K(509440K)] 806783K->322335K(1033728K), 0.0210484 secs] [Times: user=0.03 sys=0.03, real=0.02 secs] 
2021-06-08T06:51:41.819+0800: 2150453.471: [GC (Allocation Failure) [PSYoungGen: 504736K->9344K(509440K)] 816927K->329945K(1033728K), 0.0217900 secs] [Times: user=0.03 sys=0.03, real=0.02 secs] 
2021-06-08T06:56:06.450+0800: 2150718.102: [GC (Allocation Failure) [PSYoungGen: 503936K->10368K(509440K)] 824537K->338988K(1033728K), 0.0211064 secs] [Times: user=0.03 sys=0.03, real=0.02 secs] 
2021-06-08T07:00:31.437+0800: 2150983.089: [GC (Allocation Failure) [PSYoungGen: 504960K->7488K(508928K)] 833580K->344116K(1033216K), 0.0241702 secs] [Times: user=0.03 sys=0.03, real=0.02 secs] 
2021-06-08T07:04:51.511+0800: 2151243.163: [GC (Allocation Failure) [PSYoungGen: 502080K->12842K(507904K)] 838708K->354979K(1032192K), 0.0460536 secs] [Times: user=0.03 sys=0.04, real=0.05 secs] 
2021-06-08T07:09:12.918+0800: 2151504.570: [GC (Allocation Failure) [PSYoungGen: 507434K->11008K(509440K)] 849571K->363365K(1033728K), 0.0276294 secs] [Times: user=0.03 sys=0.04, real=0.03 secs] 
2021-06-08T07:13:36.661+0800: 2151768.313: [GC (Allocation Failure) [PSYoungGen: 505088K->12832K(508928K)] 857445K->372777K(1033216K), 0.0307510 secs] [Times: user=0.04 sys=0.05, real=0.03 secs] 
2021-06-08T07:18:01.894+0800: 2152033.546: [GC (Allocation Failure) [PSYoungGen: 506912K->9664K(509440K)] 866857K->378114K(1033728K), 0.0213873 secs] [Times: user=0.03 sys=0.03, real=0.02 secs] 
2021-06-08T07:22:17.627+0800: 2152289.279: [GC (Allocation Failure) [PSYoungGen: 503744K->13824K(508416K)] 872194K->390078K(1032704K), 0.0259772 secs] [Times: user=0.04 sys=0.04, real=0.03 secs] 
2021-06-08T07:26:40.742+0800: 2152552.394: [GC (Allocation Failure) [PSYoungGen: 507904K->10112K(508928K)] 884158K->396448K(1033216K), 0.0218596 secs] [Times: user=0.07 sys=0.00, real=0.03 secs] 
2021-06-08T07:30:59.771+0800: 2152811.423: [GC (Allocation Failure) [PSYoungGen: 503132K->11456K(508416K)] 889469K->405481K(1032704K), 0.0258460 secs] [Times: user=0.04 sys=0.04, real=0.03 secs] 
2021-06-08T07:35:20.029+0800: 2153071.681: [GC (Allocation Failure) [PSYoungGen: 504512K->10528K(509440K)] 898537K->412972K(1033728K), 0.0229103 secs] [Times: user=0.03 sys=0.03, real=0.03 secs] 
2021-06-08T07:39:42.882+0800: 2153334.534: [GC (Allocation Failure) [PSYoungGen: 504608K->11840K(508928K)] 907052K->421553K(1033216K), 0.0254399 secs] [Times: user=0.04 sys=0.03, real=0.03 secs] 
2021-06-08T07:44:07.112+0800: 2153598.764: [GC (Allocation Failure) [PSYoungGen: 505920K->9952K(509440K)] 915633K->428954K(1033728K), 0.0376567 secs] [Times: user=0.03 sys=0.03, real=0.04 secs] 
2021-06-08T07:48:30.917+0800: 2153862.569: [GC (Allocation Failure) [PSYoungGen: 504544K->10880K(509440K)] 923546K->437445K(1033728K), 0.0248719 secs] [Times: user=0.04 sys=0.04, real=0.02 secs] 
2021-06-08T07:52:54.258+0800: 2154125.910: [GC (Allocation Failure) [PSYoungGen: 505472K->9856K(509952K)] 932037K->444967K(1034240K), 0.0210311 secs] [Times: user=0.03 sys=0.03, real=0.02 secs] 
2021-06-08T07:57:15.833+0800: 2154387.485: [GC (Allocation Failure) [PSYoungGen: 505472K->11712K(509952K)] 940583K->454618K(1034240K), 0.0317423 secs] [Times: user=0.03 sys=0.04, real=0.03 secs] 
2021-06-08T08:01:38.486+0800: 2154650.138: [GC (Allocation Failure) [PSYoungGen: 507328K->12896K(508928K)] 950234K->465108K(1033216K), 0.0244923 secs] [Times: user=0.04 sys=0.04, real=0.02 secs] 
2021-06-08T08:05:58.702+0800: 2154910.354: [GC (Allocation Failure) [PSYoungGen: 507488K->9248K(509440K)] 959700K->471236K(1033728K), 0.0271990 secs] [Times: user=0.03 sys=0.04, real=0.02 secs] 
2021-06-08T08:10:17.746+0800: 2155169.398: [GC (Allocation Failure) [PSYoungGen: 503840K->10976K(509952K)] 965828K->480191K(1034240K), 0.0298100 secs] [Times: user=0.03 sys=0.03, real=0.03 secs] 
2021-06-08T08:14:36.448+0800: 2155428.100: [GC (Allocation Failure) [PSYoungGen: 506080K->13312K(509440K)] 975295K->490539K(1033728K), 0.0257368 secs] [Times: user=0.04 sys=0.04, real=0.03 secs] 
2021-06-08T08:18:52.926+0800: 2155684.578: [GC (Allocation Failure) [PSYoungGen: 508416K->11392K(509440K)] 985643K->498164K(1033728K), 0.0302634 secs] [Times: user=0.04 sys=0.04, real=0.03 secs] 
2021-06-08T08:23:14.203+0800: 2155945.855: [GC (Allocation Failure) [PSYoungGen: 505984K->10656K(509440K)] 992756K->506053K(1033728K), 0.0250240 secs] [Times: user=0.04 sys=0.04, real=0.02 secs] 
2021-06-08T08:27:39.096+0800: 2156210.748: [GC (Allocation Failure) [PSYoungGen: 505248K->12544K(508928K)] 1000645K->516184K(1033216K), 0.0290047 secs] [Times: user=0.04 sys=0.04, real=0.03 secs] 
2021-06-08T08:32:03.154+0800: 2156474.807: [GC (Allocation Failure) [PSYoungGen: 507136K->10112K(509440K)] 1010776K->523025K(1033728K), 0.0737364 secs] [Times: user=0.04 sys=0.04, real=0.07 secs] 
2021-06-08T08:36:32.236+0800: 2156743.888: [GC (Allocation Failure) [PSYoungGen: 504704K->10496K(509952K)] 1017617K->531235K(1034240K), 0.0270151 secs] [Times: user=0.04 sys=0.04, real=0.03 secs] 
2021-06-08T08:36:32.264+0800: 2156743.916: [Full GC (Ergonomics) [PSYoungGen: 10496K->0K(509952K)] [ParOldGen: 520739K->305585K(524288K)] 531235K->305585K(1034240K), [Metaspace: 97059K->97059K(1138688K)], 0.5828227 secs] [Times: user=1.14 sys=0.00, real=0.58 secs] 
2021-06-08T08:40:58.366+0800: 2157010.018: [GC (Allocation Failure) [PSYoungGen: 495616K->8288K(509952K)] 801201K->313873K(1034240K), 0.0539981 secs] [Times: user=0.02 sys=0.03, real=0.05 secs] 
2021-06-08T08:45:21.916+0800: 2157273.568: [GC (Allocation Failure) [PSYoungGen: 503904K->11104K(509952K)] 809489K->322789K(1034240K), 0.0237653 secs] [Times: user=0.03 sys=0.03, real=0.02 secs] 
2021-06-08T08:49:41.029+0800: 2157532.681: [GC (Allocation Failure) [PSYoungGen: 506720K->10400K(509952K)] 818405K->329679K(1034240K), 0.0843768 secs] [Times: user=0.06 sys=0.06, real=0.09 secs] 
2021-06-08T08:54:01.506+0800: 2157793.158: [GC (Allocation Failure) [PSYoungGen: 506016K->13216K(508416K)] 825295K->339579K(1032704K), 0.0349947 secs] [Times: user=0.04 sys=0.05, real=0.03 secs] 
2021-06-08T08:58:21.867+0800: 2158053.519: [GC (Allocation Failure) [PSYoungGen: 507808K->10880K(509440K)] 834171K->346820K(1033728K), 0.0338383 secs] [Times: user=0.04 sys=0.04, real=0.03 secs] 
2021-06-08T09:02:45.321+0800: 2158316.973: [GC (Allocation Failure) [PSYoungGen: 505472K->10400K(509952K)] 841412K->354477K(1034240K), 0.0233502 secs] [Times: user=0.04 sys=0.04, real=0.03 secs] 
2021-06-08T09:07:07.650+0800: 2158579.302: [GC (Allocation Failure) [PSYoungGen: 506016K->9056K(509952K)] 850093K->361613K(1034240K), 0.0304967 secs] [Times: user=0.04 sys=0.04, real=0.03 secs] 
2021-06-08T09:11:27.998+0800: 2158839.650: [GC (Allocation Failure) [PSYoungGen: 504672K->9056K(509952K)] 857229K->367960K(1034240K), 0.0262470 secs] [Times: user=0.04 sys=0.04, real=0.03 secs] 
2021-06-08T09:15:48.571+0800: 2159100.223: [GC (Allocation Failure) [PSYoungGen: 504672K->11136K(509952K)] 863576K->375924K(1034240K), 0.0315848 secs] [Times: user=0.03 sys=0.04, real=0.04 secs] 
2021-06-08T09:20:09.482+0800: 2159361.134: [GC (Allocation Failure) [PSYoungGen: 506752K->11328K(510464K)] 871540K->383816K(1034752K), 0.0309469 secs] [Times: user=0.04 sys=0.04, real=0.04 secs] 
2021-06-08T09:24:34.428+0800: 2159626.080: [GC (Allocation Failure) [PSYoungGen: 507968K->11392K(510464K)] 880456K->392273K(1034752K), 0.0300132 secs] [Times: user=0.09 sys=0.00, real=0.03 secs] 
2021-06-08T09:28:58.603+0800: 2159890.255: [GC (Allocation Failure) [PSYoungGen: 508032K->7616K(509440K)] 888913K->396555K(1033728K), 0.0404783 secs] [Times: user=0.03 sys=0.03, real=0.04 secs] 
2021-06-08T09:33:24.416+0800: 2160156.068: [GC (Allocation Failure) [PSYoungGen: 503232K->9888K(509952K)] 892171K->404543K(1034240K), 0.0270020 secs] [Times: user=0.03 sys=0.05, real=0.03 secs] 
2021-06-08T09:37:45.935+0800: 2160417.587: [GC (Allocation Failure) [PSYoungGen: 505504K->10240K(510464K)] 900159K->412690K(1034752K), 0.0292154 secs] [Times: user=0.04 sys=0.04, real=0.03 secs] 
2021-06-08T09:42:06.417+0800: 2160678.069: [GC (Allocation Failure) [PSYoungGen: 506880K->12512K(509440K)] 909330K->423749K(1033728K), 0.0346557 secs] [Times: user=0.04 sys=0.04, real=0.03 secs] 
2021-06-08T09:46:29.762+0800: 2160941.414: [GC (Allocation Failure) [PSYoungGen: 509152K->9504K(510464K)] 920389K->430135K(1034752K), 0.0675939 secs] [Times: user=0.04 sys=0.05, real=0.07 secs] 
2021-06-08T09:50:50.492+0800: 2161202.144: [GC (Allocation Failure) [PSYoungGen: 505632K->13792K(509952K)] 926263K->440941K(1034240K), 0.0419678 secs] [Times: user=0.04 sys=0.05, real=0.05 secs] 
2021-06-08T09:55:13.154+0800: 2161464.806: [GC (Allocation Failure) [PSYoungGen: 509920K->13632K(503808K)] 937069K->450863K(1028096K), 0.0286882 secs] [Times: user=0.04 sys=0.04, real=0.03 secs] 
2021-06-08T09:59:32.293+0800: 2161723.945: [GC (Allocation Failure) [PSYoungGen: 503104K->12608K(506880K)] 940335K->458681K(1031168K), 0.0261500 secs] [Times: user=0.04 sys=0.04, real=0.02 secs] 
2021-06-08T10:03:47.608+0800: 2161979.260: [GC (Allocation Failure) [PSYoungGen: 502080K->13408K(506880K)] 948153K->468404K(1031168K), 0.0255979 secs] [Times: user=0.03 sys=0.04, real=0.03 secs] 
2021-06-08T10:08:05.348+0800: 2162237.000: [GC (Allocation Failure) [PSYoungGen: 502880K->12480K(506880K)] 957876K->477806K(1031168K), 0.0315777 secs] [Times: user=0.04 sys=0.05, real=0.03 secs] 
2021-06-08T10:12:24.326+0800: 2162495.978: [GC (Allocation Failure) [PSYoungGen: 501952K->8032K(506368K)] 967278K->482327K(1030656K), 0.0256492 secs] [Times: user=0.04 sys=0.04, real=0.02 secs] 
2021-06-08T10:16:43.691+0800: 2162755.343: [GC (Allocation Failure) [PSYoungGen: 497504K->10336K(506880K)] 971799K->491146K(1031168K), 0.0273060 secs] [Times: user=0.03 sys=0.04, real=0.03 secs] 
2021-06-08T10:21:06.683+0800: 2163018.335: [GC (Allocation Failure) [PSYoungGen: 499808K->7680K(507392K)] 980618K->497371K(1031680K), 0.0269990 secs] [Times: user=0.04 sys=0.04, real=0.02 secs] 
2021-06-08T10:25:21.877+0800: 2163273.529: [GC (Allocation Failure) [PSYoungGen: 498176K->15164K(505856K)] 987867K->510874K(1030144K), 0.0254399 secs] [Times: user=0.04 sys=0.04, real=0.03 secs] 
2021-06-08T10:26:08.993+0800: 2163320.645: [GC (Allocation Failure) [PSYoungGen: 504470K->4328K(505344K)] 1000180K->509565K(1029632K), 0.0210853 secs] [Times: user=0.03 sys=0.04, real=0.02 secs] 
2021-06-08T10:26:59.129+0800: 2163370.781: [GC (Allocation Failure) [PSYoungGen: 491508K->3229K(491008K)] 996745K->510532K(1015296K), 0.0185090 secs] [Times: user=0.03 sys=0.03, real=0.02 secs] 
2021-06-08T10:27:46.954+0800: 2163418.606: [GC (Allocation Failure) [PSYoungGen: 489948K->3677K(504320K)] 997251K->511971K(1028608K), 0.0166154 secs] [Times: user=0.02 sys=0.03, real=0.01 secs] 
2021-06-08T10:28:37.307+0800: 2163468.959: [GC (Allocation Failure) [PSYoungGen: 488206K->3901K(504832K)] 996499K->513665K(1029120K), 0.0247034 secs] [Times: user=0.03 sys=0.03, real=0.02 secs] 
2021-06-08T10:29:26.173+0800: 2163517.825: [GC (Allocation Failure) [PSYoungGen: 489277K->1440K(504832K)] 999041K->512945K(1029120K), 0.0157206 secs] [Times: user=0.02 sys=0.02, real=0.01 secs] 
2021-06-08T10:29:26.189+0800: 2163517.841: [Full GC (Ergonomics) [PSYoungGen: 1440K->0K(504832K)] [ParOldGen: 511505K->295055K(524288K)] 512945K->295055K(1029120K), [Metaspace: 97124K->97124K(1138688K)], 0.5252371 secs] [Times: user=0.58 sys=0.57, real=0.53 secs] 
2021-06-08T10:30:15.690+0800: 2163567.342: [GC (Allocation Failure) [PSYoungGen: 485007K->2816K(504832K)] 780062K->297871K(1029120K), 0.0125962 secs] [Times: user=0.02 sys=0.02, real=0.02 secs] 
2021-06-08T10:31:04.503+0800: 2163616.155: [GC (Allocation Failure) [PSYoungGen: 487160K->3677K(505344K)] 782216K->300730K(1029632K), 0.0208541 secs] [Times: user=0.02 sys=0.01, real=0.02 secs] 
2021-06-08T10:31:53.394+0800: 2163665.046: [GC (Allocation Failure) [PSYoungGen: 489446K->2752K(504832K)] 786499K->301307K(1029120K), 0.0156096 secs] [Times: user=0.02 sys=0.03, real=0.01 secs] 
2021-06-08T10:32:43.824+0800: 2163715.476: [GC (Allocation Failure) [PSYoungGen: 487672K->4125K(506368K)] 786227K->304638K(1030656K), 0.0138266 secs] [Times: user=0.03 sys=0.00, real=0.01 secs] 
2021-06-08T10:33:31.795+0800: 2163763.447: [GC (Allocation Failure) [PSYoungGen: 491481K->2496K(505856K)] 791994K->304990K(1030144K), 0.0157171 secs] [Times: user=0.02 sys=0.02, real=0.01 secs] 
2021-06-08T10:34:22.795+0800: 2163814.447: [GC (Allocation Failure) [PSYoungGen: 489860K->3232K(507392K)] 792354K->307436K(1031680K), 0.0150376 secs] [Times: user=0.02 sys=0.02, real=0.01 secs] 
2021-06-08T10:35:11.719+0800: 2163863.371: [GC (Allocation Failure) [PSYoungGen: 493142K->4317K(506880K)] 797346K->310959K(1031168K), 0.0154089 secs] [Times: user=0.02 sys=0.02, real=0.02 secs] 
2021-06-08T10:36:01.546+0800: 2163913.198: [GC (Allocation Failure) [PSYoungGen: 493620K->3232K(508928K)] 800261K->312102K(1033216K), 0.0220346 secs] [Times: user=0.02 sys=0.03, real=0.02 secs] 
2021-06-08T10:36:50.506+0800: 2163962.158: [GC (Allocation Failure) [PSYoungGen: 496219K->4605K(508416K)] 805090K->315913K(1032704K), 0.0472060 secs] [Times: user=0.03 sys=0.04, real=0.05 secs] 
2021-06-08T10:37:40.398+0800: 2164012.050: [GC (Allocation Failure) [PSYoungGen: 497661K->4064K(510464K)] 808969K->317824K(1034752K), 0.0394694 secs] [Times: user=0.02 sys=0.03, real=0.04 secs] 
2021-06-08T10:38:31.884+0800: 2164063.536: [GC (Allocation Failure) [PSYoungGen: 499118K->3200K(509952K)] 812879K->320347K(1034240K), 0.0170358 secs] [Times: user=0.02 sys=0.03, real=0.01 secs] 
2021-06-08T10:39:20.517+0800: 2164112.169: [GC (Allocation Failure) [PSYoungGen: 499328K->3264K(511488K)] 816475K->322777K(1035776K), 0.0528047 secs] [Times: user=0.03 sys=0.03, real=0.05 secs] 
2021-06-08T10:40:11.196+0800: 2164162.848: [GC (Allocation Failure) [PSYoungGen: 501436K->4320K(510976K)] 820950K->326247K(1035264K), 0.0167630 secs] [Times: user=0.03 sys=0.02, real=0.02 secs] 
2021-06-08T10:41:02.309+0800: 2164213.961: [GC (Allocation Failure) [PSYoungGen: 501527K->3008K(512512K)] 823454K->328562K(1036800K), 0.0166869 secs] [Times: user=0.02 sys=0.02, real=0.02 secs] 
2021-06-08T10:41:51.775+0800: 2164263.427: [GC (Allocation Failure) [PSYoungGen: 502869K->5661K(512000K)] 828423K->333421K(1036288K), 0.0188597 secs] [Times: user=0.02 sys=0.03, real=0.02 secs] 
2021-06-08T10:42:42.610+0800: 2164314.262: [GC (Allocation Failure) [PSYoungGen: 505885K->4096K(513536K)] 833645K->335523K(1037824K), 0.0183109 secs] [Times: user=0.02 sys=0.02, real=0.02 secs] 
2021-06-08T10:43:33.303+0800: 2164364.955: [GC (Allocation Failure) [PSYoungGen: 506368K->3997K(513024K)] 837795K->338813K(1037312K), 0.0160400 secs] [Times: user=0.02 sys=0.02, real=0.01 secs] 
2021-06-08T10:44:23.604+0800: 2164415.256: [GC (Allocation Failure) [PSYoungGen: 506269K->3040K(514048K)] 841085K->339685K(1038336K), 0.0145633 secs] [Times: user=0.02 sys=0.02, real=0.01 secs] 
2021-06-08T10:45:15.028+0800: 2164466.680: [GC (Allocation Failure) [PSYoungGen: 506848K->5533K(514048K)] 843493K->344368K(1038336K), 0.0171344 secs] [Times: user=0.02 sys=0.03, real=0.02 secs] 
2021-06-08T10:46:03.936+0800: 2164515.588: [GC (Allocation Failure) [PSYoungGen: 509341K->3008K(514560K)] 848176K->345278K(1038848K), 0.0164026 secs] [Times: user=0.02 sys=0.02, real=0.02 secs] 
2021-06-08T10:46:55.329+0800: 2164566.981: [GC (Allocation Failure) [PSYoungGen: 507840K->3232K(514560K)] 850110K->347691K(1038848K), 0.0150208 secs] [Times: user=0.02 sys=0.02, real=0.02 secs] 
2021-06-08T10:47:48.332+0800: 2164619.984: [GC (Allocation Failure) [PSYoungGen: 506944K->4157K(515584K)] 851404K->351030K(1039872K), 0.0215595 secs] [Times: user=0.02 sys=0.02, real=0.03 secs] 
2021-06-08T10:48:37.326+0800: 2164668.978: [GC (Allocation Failure) [PSYoungGen: 510525K->3040K(515072K)] 857398K->351886K(1039360K), 0.0163366 secs] [Times: user=0.02 sys=0.02, real=0.02 secs] 
2021-06-08T10:49:28.772+0800: 2164720.424: [GC (Allocation Failure) [PSYoungGen: 509303K->4480K(516096K)] 858149K->355556K(1040384K), 0.0179393 secs] [Times: user=0.03 sys=0.03, real=0.02 secs] 
2021-06-08T10:50:19.072+0800: 2164770.724: [GC (Allocation Failure) [PSYoungGen: 511872K->3616K(515584K)] 862948K->358582K(1039872K), 0.0172003 secs] [Times: user=0.03 sys=0.03, real=0.02 secs] 
2021-06-08T10:51:09.977+0800: 2164821.629: [GC (Allocation Failure) [PSYoungGen: 511008K->2528K(516096K)] 865974K->360411K(1040384K), 0.0155215 secs] [Times: user=0.02 sys=0.03, real=0.02 secs] 
2021-06-08T10:52:00.378+0800: 2164872.030: [GC (Allocation Failure) [PSYoungGen: 510432K->3904K(516096K)] 868315K->363465K(1040384K), 0.0167235 secs] [Times: user=0.02 sys=0.02, real=0.02 secs] 
2021-06-08T10:56:25.778+0800: 2165137.430: [GC (Allocation Failure) [PSYoungGen: 511808K->7680K(507392K)] 871369K->377144K(1031680K), 0.0247612 secs] [Times: user=0.03 sys=0.04, real=0.03 secs] 
2021-06-08T11:00:50.074+0800: 2165401.726: [GC (Allocation Failure) [PSYoungGen: 507392K->11296K(511488K)] 876856K->388147K(1035776K), 0.0306894 secs] [Times: user=0.04 sys=0.04, real=0.03 secs] 
2021-06-08T11:05:15.350+0800: 2165667.002: [GC (Allocation Failure) [PSYoungGen: 511008K->10272K(507392K)] 887859K->395253K(1031680K), 0.0266028 secs] [Times: user=0.03 sys=0.04, real=0.03 secs] 
2021-06-08T11:09:35.701+0800: 2165927.353: [GC (Allocation Failure) [PSYoungGen: 504864K->10176K(504832K)] 889845K->403239K(1029120K), 0.0260623 secs] [Times: user=0.04 sys=0.04, real=0.03 secs] 
2021-06-08T11:13:56.033+0800: 2166187.686: [GC (Allocation Failure) [PSYoungGen: 504768K->10848K(507904K)] 897831K->411585K(1032192K), 0.0261829 secs] [Times: user=0.03 sys=0.04, real=0.02 secs] 
2021-06-08T11:18:16.296+0800: 2166447.948: [GC (Allocation Failure) [PSYoungGen: 503392K->11328K(504320K)] 904129K->420707K(1028608K), 0.0759191 secs] [Times: user=0.04 sys=0.04, real=0.08 secs] 
2021-06-08T11:22:36.365+0800: 2166708.017: [GC (Allocation Failure) [PSYoungGen: 503872K->13024K(505344K)] 913251K->431111K(1029632K), 0.0778952 secs] [Times: user=0.04 sys=0.05, real=0.08 secs] 
2021-06-08T11:26:51.079+0800: 2166962.731: [GC (Allocation Failure) [PSYoungGen: 501472K->14656K(503296K)] 919559K->442091K(1027584K), 0.0454011 secs] [Times: user=0.05 sys=0.04, real=0.05 secs] 
2021-06-08T11:31:02.615+0800: 2167214.267: [GC (Allocation Failure) [PSYoungGen: 503104K->11008K(505344K)] 930539K->449762K(1029632K), 0.0439877 secs] [Times: user=0.04 sys=0.06, real=0.04 secs] 
2021-06-08T11:35:22.327+0800: 2167473.979: [GC (Allocation Failure) [PSYoungGen: 496896K->8992K(504832K)] 935650K->455989K(1029120K), 0.0259084 secs] [Times: user=0.04 sys=0.04, real=0.03 secs] 
2021-06-08T11:39:38.443+0800: 2167730.095: [GC (Allocation Failure) [PSYoungGen: 494880K->11104K(506368K)] 941877K->465031K(1030656K), 0.0258493 secs] [Times: user=0.03 sys=0.04, real=0.02 secs] 
2021-06-08T11:43:53.956+0800: 2167985.608: [GC (Allocation Failure) [PSYoungGen: 499552K->11328K(506368K)] 953479K->473554K(1030656K), 0.0339536 secs] [Times: user=0.04 sys=0.04, real=0.03 secs] 
2021-06-08T11:48:10.391+0800: 2168242.043: [GC (Allocation Failure) [PSYoungGen: 499776K->11680K(506368K)] 962002K->482420K(1030656K), 0.0370023 secs] [Times: user=0.05 sys=0.05, real=0.04 secs] 
2021-06-08T11:52:28.436+0800: 2168500.088: [GC (Allocation Failure) [PSYoungGen: 500128K->8832K(506368K)] 970868K->488636K(1030656K), 0.0314803 secs] [Times: user=0.05 sys=0.05, real=0.03 secs] 
2021-06-08T11:56:41.594+0800: 2168753.246: [GC (Allocation Failure) [PSYoungGen: 497280K->13184K(505856K)] 977084K->499561K(1030144K), 0.0335037 secs] [Times: user=0.05 sys=0.05, real=0.03 secs] 
2021-06-08T12:01:01.915+0800: 2169013.567: [GC (Allocation Failure) [PSYoungGen: 501632K->10368K(506368K)] 988009K->507697K(1030656K), 0.0373269 secs] [Times: user=0.04 sys=0.06, real=0.04 secs] 
2021-06-08T12:05:17.644+0800: 2169269.296: [GC (Allocation Failure) [PSYoungGen: 498816K->11648K(506880K)] 996145K->517523K(1031168K), 0.0278068 secs] [Times: user=0.04 sys=0.04, real=0.03 secs] 
2021-06-08T12:09:36.787+0800: 2169528.439: [GC (Allocation Failure) [PSYoungGen: 501120K->9952K(506880K)] 1006995K->524302K(1031168K), 0.0249146 secs] [Times: user=0.04 sys=0.04, real=0.02 secs] 
2021-06-08T12:09:36.812+0800: 2169528.464: [Full GC (Ergonomics) [PSYoungGen: 9952K->0K(506880K)] [ParOldGen: 514350K->314261K(524288K)] 524302K->314261K(1031168K), [Metaspace: 97129K->97129K(1138688K)], 0.5294935 secs] [Times: user=1.01 sys=0.00, real=0.53 secs] 
2021-06-08T12:13:53.048+0800: 2169784.700: [GC (Allocation Failure) [PSYoungGen: 489472K->11680K(507904K)] 803733K->325941K(1032192K), 0.0295737 secs] [Times: user=0.03 sys=0.05, real=0.03 secs] 
2021-06-08T12:18:15.528+0800: 2170047.180: [GC (Allocation Failure) [PSYoungGen: 503200K->11808K(507904K)] 817461K->334760K(1032192K), 0.0250343 secs] [Times: user=0.04 sys=0.04, real=0.03 secs] 
2021-06-08T12:22:37.585+0800: 2170309.237: [GC (Allocation Failure) [PSYoungGen: 503321K->10752K(508416K)] 826274K->343209K(1032704K), 0.0285535 secs] [Times: user=0.04 sys=0.04, real=0.03 secs] 
2021-06-08T12:26:56.344+0800: 2170567.996: [GC (Allocation Failure) [PSYoungGen: 502784K->11296K(507904K)] 835241K->352237K(1032192K), 0.0250653 secs] [Times: user=0.03 sys=0.04, real=0.02 secs] 
2021-06-08T12:31:14.352+0800: 2170826.004: [GC (Allocation Failure) [PSYoungGen: 503328K->10944K(508928K)] 844269K->360694K(1033216K), 0.0378880 secs] [Times: user=0.05 sys=0.06, real=0.04 secs] 
2021-06-08T12:35:34.658+0800: 2171086.310: [GC (Allocation Failure) [PSYoungGen: 504000K->11296K(508416K)] 853750K->368114K(1032704K), 0.0256010 secs] [Times: user=0.03 sys=0.03, real=0.03 secs] 
2021-06-08T12:39:53.868+0800: 2171345.520: [GC (Allocation Failure) [PSYoungGen: 504352K->10784K(509440K)] 861170K->375806K(1033728K), 0.0235639 secs] [Times: user=0.03 sys=0.04, real=0.02 secs] 
2021-06-08T12:44:12.939+0800: 2171604.591: [GC (Allocation Failure) [PSYoungGen: 504864K->11520K(508928K)] 869886K->385312K(1033216K), 0.0349736 secs] [Times: user=0.04 sys=0.05, real=0.04 secs] 
2021-06-08T12:48:35.868+0800: 2171867.520: [GC (Allocation Failure) [PSYoungGen: 505600K->8672K(509440K)] 879392K->391351K(1033728K), 0.0249662 secs] [Times: user=0.04 sys=0.04, real=0.03 secs] 
2021-06-08T12:52:56.774+0800: 2172128.426: [GC (Allocation Failure) [PSYoungGen: 503264K->8640K(509440K)] 885943K->397307K(1033728K), 0.0680903 secs] [Times: user=0.03 sys=0.04, real=0.06 secs] 
2021-06-08T12:57:19.971+0800: 2172391.623: [GC (Allocation Failure) [PSYoungGen: 503232K->10272K(509952K)] 891899K->405413K(1034240K), 0.0232590 secs] [Times: user=0.04 sys=0.04, real=0.03 secs] 
2021-06-08T13:01:42.631+0800: 2172654.283: [GC (Allocation Failure) [PSYoungGen: 505376K->13760K(508928K)] 900517K->416521K(1033216K), 0.0272963 secs] [Times: user=0.04 sys=0.04, real=0.03 secs] 
2021-06-08T13:05:57.172+0800: 2172908.824: [GC (Allocation Failure) [PSYoungGen: 508864K->13674K(507904K)] 911625K->426582K(1032192K), 0.0326003 secs] [Times: user=0.04 sys=0.04, real=0.04 secs] 
2021-06-08T13:10:19.073+0800: 2173170.725: [GC (Allocation Failure) [PSYoungGen: 506218K->12704K(508416K)] 919126K->435647K(1032704K), 0.0270903 secs] [Times: user=0.04 sys=0.04, real=0.02 secs] 
2021-06-08T13:14:39.783+0800: 2173431.435: [GC (Allocation Failure) [PSYoungGen: 505248K->8480K(508416K)] 928191K->441006K(1032704K), 0.0243402 secs] [Times: user=0.03 sys=0.04, real=0.02 secs] 
2021-06-08T13:19:00.999+0800: 2173692.651: [GC (Allocation Failure) [PSYoungGen: 501024K->9440K(508416K)] 933550K->448595K(1032704K), 0.0286823 secs] [Times: user=0.04 sys=0.05, real=0.03 secs] 
2021-06-08T13:23:19.827+0800: 2173951.479: [GC (Allocation Failure) [PSYoungGen: 501984K->11264K(508928K)] 941139K->457111K(1033216K), 0.0309097 secs] [Times: user=0.03 sys=0.04, real=0.03 secs] 
2021-06-08T13:27:43.900+0800: 2174215.552: [GC (Allocation Failure) [PSYoungGen: 504320K->10208K(508416K)] 950167K->464656K(1032704K), 0.0245379 secs] [Times: user=0.04 sys=0.04, real=0.03 secs] 
2021-06-08T13:32:03.993+0800: 2174475.645: [GC (Allocation Failure) [PSYoungGen: 503264K->10400K(509440K)] 957712K->472867K(1033728K), 0.0234717 secs] [Times: user=0.04 sys=0.03, real=0.02 secs] 
2021-06-08T13:36:21.989+0800: 2174733.642: [GC (Allocation Failure) [PSYoungGen: 504480K->13248K(508928K)] 966947K->483416K(1033216K), 0.0272399 secs] [Times: user=0.04 sys=0.04, real=0.03 secs] 
2021-06-08T13:40:42.477+0800: 2174994.129: [GC (Allocation Failure) [PSYoungGen: 507328K->11744K(508928K)] 977496K->491483K(1033216K), 0.0327672 secs] [Times: user=0.04 sys=0.04, real=0.03 secs] 
2021-06-08T13:45:01.984+0800: 2175253.636: [GC (Allocation Failure) [PSYoungGen: 505312K->12416K(508928K)] 985051K->500701K(1033216K), 0.0340246 secs] [Times: user=0.05 sys=0.05, real=0.03 secs] 
2021-06-08T13:49:24.307+0800: 2175515.959: [GC (Allocation Failure) [PSYoungGen: 505984K->10400K(509440K)] 994269K->508174K(1033728K), 0.0402928 secs] [Times: user=0.04 sys=0.05, real=0.04 secs] 
2021-06-08T13:53:43.357+0800: 2175775.009: [GC (Allocation Failure) [PSYoungGen: 504480K->11200K(508928K)] 1002254K->517056K(1033216K), 0.0292136 secs] [Times: user=0.04 sys=0.04, real=0.03 secs] 
2021-06-08T13:58:04.107+0800: 2176035.759: [GC (Allocation Failure) [PSYoungGen: 505280K->10176K(509952K)] 1011136K->523681K(1034240K), 0.0403727 secs] [Times: user=0.04 sys=0.04, real=0.04 secs] 
2021-06-08T13:58:04.148+0800: 2176035.800: [Full GC (Ergonomics) [PSYoungGen: 10176K->0K(509952K)] [ParOldGen: 513505K->298561K(524288K)] 523681K->298561K(1034240K), [Metaspace: 97129K->97129K(1138688K)], 0.5339149 secs] [Times: user=0.58 sys=0.56, real=0.53 secs] 
2021-06-08T14:02:22.609+0800: 2176294.261: [GC (Allocation Failure) [PSYoungGen: 495104K->9568K(509440K)] 793665K->308129K(1033728K), 0.0250286 secs] [Times: user=0.03 sys=0.03, real=0.03 secs] 
2021-06-08T14:06:45.519+0800: 2176557.171: [GC (Allocation Failure) [PSYoungGen: 504672K->9120K(509952K)] 803233K->315188K(1034240K), 0.0258203 secs] [Times: user=0.03 sys=0.04, real=0.03 secs] 
2021-06-08T14:11:03.378+0800: 2176815.030: [GC (Allocation Failure) [PSYoungGen: 504736K->10944K(509952K)] 810804K->323823K(1034240K), 0.0292284 secs] [Times: user=0.04 sys=0.04, real=0.03 secs] 
2021-06-08T14:15:27.631+0800: 2177079.283: [GC (Allocation Failure) [PSYoungGen: 506560K->9664K(510464K)] 819439K->330505K(1034752K), 0.0305383 secs] [Times: user=0.04 sys=0.04, real=0.03 secs] 
2021-06-08T14:19:52.379+0800: 2177344.031: [GC (Allocation Failure) [PSYoungGen: 505792K->9440K(509952K)] 826633K->337524K(1034240K), 0.0257725 secs] [Times: user=0.04 sys=0.04, real=0.03 secs] 
2021-06-08T14:24:13.838+0800: 2177605.490: [GC (Allocation Failure) [PSYoungGen: 505568K->9920K(510464K)] 833652K->344872K(1034752K), 0.0279724 secs] [Times: user=0.04 sys=0.04, real=0.03 secs] 
2021-06-08T14:28:39.315+0800: 2177870.967: [GC (Allocation Failure) [PSYoungGen: 506560K->13792K(510464K)] 841512K->357700K(1034752K), 0.0344624 secs] [Times: user=0.05 sys=0.05, real=0.03 secs] 
2021-06-08T14:33:03.503+0800: 2178135.155: [GC (Allocation Failure) [PSYoungGen: 510432K->9920K(503296K)] 854340K->365251K(1027584K), 0.0415410 secs] [Times: user=0.04 sys=0.04, real=0.04 secs] 
2021-06-08T14:37:19.280+0800: 2178390.932: [GC (Allocation Failure) [PSYoungGen: 499392K->11264K(506880K)] 854723K->373840K(1031168K), 0.0247709 secs] [Times: user=0.03 sys=0.04, real=0.03 secs] 
2021-06-08T14:41:39.566+0800: 2178651.218: [GC (Allocation Failure) [PSYoungGen: 500736K->13664K(506368K)] 863312K->384395K(1030656K), 0.0306295 secs] [Times: user=0.05 sys=0.04, real=0.03 secs] 
2021-06-08T14:45:56.057+0800: 2178907.709: [GC (Allocation Failure) [PSYoungGen: 503136K->11360K(506880K)] 873867K->392292K(1031168K), 0.0303601 secs] [Times: user=0.04 sys=0.05, real=0.03 secs] 
2021-06-08T14:50:13.914+0800: 2179165.566: [GC (Allocation Failure) [PSYoungGen: 500832K->8288K(507392K)] 881764K->398044K(1031680K), 0.0292624 secs] [Times: user=0.04 sys=0.04, real=0.03 secs] 
2021-06-08T14:54:33.312+0800: 2179424.964: [GC (Allocation Failure) [PSYoungGen: 498784K->10080K(507392K)] 888540K->406287K(1031680K), 0.0254982 secs] [Times: user=0.03 sys=0.04, real=0.03 secs] 
2021-06-08T14:58:53.180+0800: 2179684.832: [GC (Allocation Failure) [PSYoungGen: 500576K->10496K(507904K)] 896783K->413882K(1032192K), 0.0327810 secs] [Times: user=0.04 sys=0.04, real=0.04 secs] 
2021-06-08T15:03:12.650+0800: 2179944.302: [GC (Allocation Failure) [PSYoungGen: 501504K->8576K(507392K)] 904890K->419942K(1031680K), 0.0300720 secs] [Times: user=0.03 sys=0.04, real=0.03 secs] 
2021-06-08T15:07:32.700+0800: 2180204.352: [GC (Allocation Failure) [PSYoungGen: 499584K->10656K(508416K)] 910950K->428473K(1032704K), 0.0259739 secs] [Times: user=0.04 sys=0.04, real=0.03 secs] 
2021-06-08T15:11:54.254+0800: 2180465.906: [GC (Allocation Failure) [PSYoungGen: 502688K->10208K(507904K)] 920505K->436011K(1032192K), 0.0387348 secs] [Times: user=0.04 sys=0.03, real=0.04 secs] 
2021-06-08T15:16:13.413+0800: 2180725.065: [GC (Allocation Failure) [PSYoungGen: 502240K->10240K(509440K)] 928043K->443998K(1033728K), 0.0272484 secs] [Times: user=0.03 sys=0.04, real=0.02 secs] 
2021-06-08T15:20:36.096+0800: 2180987.748: [GC (Allocation Failure) [PSYoungGen: 504320K->10976K(508928K)] 938078K->451993K(1033216K), 0.0252741 secs] [Times: user=0.04 sys=0.04, real=0.02 secs] 
2021-06-08T15:25:00.381+0800: 2181252.033: [GC (Allocation Failure) [PSYoungGen: 505056K->12704K(509440K)] 946073K->461741K(1033728K), 0.0366331 secs] [Times: user=0.04 sys=0.05, real=0.04 secs] 
2021-06-08T15:29:25.398+0800: 2181517.050: [GC (Allocation Failure) [PSYoungGen: 507296K->9792K(509440K)] 956333K->469045K(1033728K), 0.0352254 secs] [Times: user=0.03 sys=0.04, real=0.04 secs] 
2021-06-08T15:33:46.018+0800: 2181777.670: [GC (Allocation Failure) [PSYoungGen: 504384K->9952K(509440K)] 963637K->477048K(1033728K), 0.0326862 secs] [Times: user=0.04 sys=0.05, real=0.03 secs] 
2021-06-08T15:38:09.337+0800: 2182040.989: [GC (Allocation Failure) [PSYoungGen: 504544K->11840K(509440K)] 971640K->486844K(1033728K), 0.0357742 secs] [Times: user=0.06 sys=0.05, real=0.04 secs] 
2021-06-08T15:42:33.091+0800: 2182304.743: [GC (Allocation Failure) [PSYoungGen: 506432K->10464K(509952K)] 981436K->494125K(1034240K), 0.0350675 secs] [Times: user=0.05 sys=0.05, real=0.04 secs] 
2021-06-08T15:46:55.508+0800: 2182567.160: [GC (Allocation Failure) [PSYoungGen: 505568K->9312K(509440K)] 989229K->501758K(1033728K), 0.0285407 secs] [Times: user=0.05 sys=0.04, real=0.03 secs] 
2021-06-08T15:51:18.748+0800: 2182830.400: [GC (Allocation Failure) [PSYoungGen: 504416K->11552K(509952K)] 996862K->510905K(1034240K), 0.0373573 secs] [Times: user=0.04 sys=0.04, real=0.04 secs] 
2021-06-08T15:55:37.970+0800: 2183089.622: [GC (Allocation Failure) [PSYoungGen: 507168K->8640K(509952K)] 1006521K->516739K(1034240K), 0.0307837 secs] [Times: user=0.04 sys=0.05, real=0.03 secs] 
2021-06-08T15:59:58.896+0800: 2183350.548: [GC (Allocation Failure) [PSYoungGen: 504256K->8896K(509952K)] 1012355K->523982K(1034240K), 0.0272812 secs] [Times: user=0.09 sys=0.00, real=0.03 secs] 
2021-06-08T15:59:58.924+0800: 2183350.576: [Full GC (Ergonomics) [PSYoungGen: 8896K->0K(509952K)] [ParOldGen: 515086K->308240K(524288K)] 523982K->308240K(1034240K), [Metaspace: 97129K->97129K(1138688K)], 0.4948600 secs] [Times: user=1.10 sys=0.00, real=0.49 secs] 
2021-06-08T16:04:22.759+0800: 2183614.411: [GC (Allocation Failure) [PSYoungGen: 495616K->12160K(509952K)] 803856K->320400K(1034240K), 0.0223642 secs] [Times: user=0.03 sys=0.03, real=0.02 secs] 
2021-06-08T16:08:45.951+0800: 2183877.603: [GC (Allocation Failure) [PSYoungGen: 507776K->9504K(509952K)] 816016K->328032K(1034240K), 0.0297786 secs] [Times: user=0.04 sys=0.04, real=0.03 secs] 
2021-06-08T16:13:09.869+0800: 2184141.521: [GC (Allocation Failure) [PSYoungGen: 505120K->9216K(509952K)] 823648K->334699K(1034240K), 0.0261331 secs] [Times: user=0.03 sys=0.04, real=0.03 secs] 
2021-06-08T16:17:32.335+0800: 2184403.987: [GC (Allocation Failure) [PSYoungGen: 504832K->9952K(510464K)] 830315K->342349K(1034752K), 0.0276181 secs] [Times: user=0.04 sys=0.04, real=0.03 secs] 
2021-06-08T16:21:54.858+0800: 2184666.510: [GC (Allocation Failure) [PSYoungGen: 506080K->10496K(509952K)] 838477K->350830K(1034240K), 0.0241085 secs] [Times: user=0.04 sys=0.03, real=0.03 secs] 
2021-06-08T16:26:15.168+0800: 2184926.820: [GC (Allocation Failure) [PSYoungGen: 506624K->12288K(510464K)] 846958K->359746K(1034752K), 0.0286950 secs] [Times: user=0.04 sys=0.05, real=0.03 secs] 
2021-06-08T16:30:39.340+0800: 2185190.992: [GC (GCLocker Initiated GC) [PSYoungGen: 508926K->10880K(510464K)] 856391K->367299K(1034752K), 0.0281901 secs] [Times: user=0.05 sys=0.04, real=0.03 secs] 
2021-06-08T16:35:01.461+0800: 2185453.113: [GC (Allocation Failure) [PSYoungGen: 507520K->5376K(509440K)] 863950K->369773K(1033728K), 0.0227051 secs] [Times: user=0.03 sys=0.03, real=0.03 secs] 
2021-06-08T16:39:25.429+0800: 2185717.081: [GC (Allocation Failure) [PSYoungGen: 500992K->9568K(509952K)] 865389K->378066K(1034240K), 0.0658581 secs] [Times: user=0.05 sys=0.05, real=0.07 secs] 
2021-06-08T16:43:47.424+0800: 2185979.076: [GC (Allocation Failure) [PSYoungGen: 505184K->7520K(509952K)] 873682K->383452K(1034240K), 0.0277556 secs] [Times: user=0.04 sys=0.04, real=0.02 secs] 
2021-06-08T16:48:12.370+0800: 2186244.022: [GC (Allocation Failure) [PSYoungGen: 503136K->10272K(509952K)] 879068K->391944K(1034240K), 0.0250170 secs] [Times: user=0.03 sys=0.04, real=0.03 secs] 
2021-06-08T16:52:31.800+0800: 2186503.452: [GC (Allocation Failure) [PSYoungGen: 505888K->9952K(510464K)] 887560K->400200K(1034752K), 0.0261667 secs] [Times: user=0.04 sys=0.04, real=0.03 secs] 
2021-06-08T16:56:57.597+0800: 2186769.249: [GC (Allocation Failure) [PSYoungGen: 506592K->8768K(510464K)] 896840K->406084K(1034752K), 0.0268712 secs] [Times: user=0.03 sys=0.03, real=0.03 secs] 
2021-06-08T17:01:14.759+0800: 2187026.411: [GC (Allocation Failure) [PSYoungGen: 505408K->11104K(509952K)] 902724K->414759K(1034240K), 0.0241473 secs] [Times: user=0.03 sys=0.04, real=0.03 secs] 
2021-06-08T17:05:36.762+0800: 2187288.414: [GC (Allocation Failure) [PSYoungGen: 507744K->9760K(510464K)] 911399K->422255K(1034752K), 0.0276325 secs] [Times: user=0.04 sys=0.04, real=0.03 secs] 
2021-06-08T17:09:58.524+0800: 2187550.176: [GC (Allocation Failure) [PSYoungGen: 506400K->11360K(510976K)] 918895K->430898K(1035264K), 0.0272160 secs] [Times: user=0.04 sys=0.05, real=0.02 secs] 
2021-06-08T17:14:19.763+0800: 2187811.415: [GC (Allocation Failure) [PSYoungGen: 509024K->12384K(510464K)] 928562K->440046K(1034752K), 0.0277095 secs] [Times: user=0.03 sys=0.04, real=0.02 secs] 
2021-06-08T17:18:40.997+0800: 2188072.649: [GC (Allocation Failure) [PSYoungGen: 510048K->10528K(510464K)] 937710K->447048K(1034752K), 0.0581693 secs] [Times: user=0.03 sys=0.04, real=0.06 secs] 
2021-06-08T17:23:05.271+0800: 2188336.923: [GC (Allocation Failure) [PSYoungGen: 507168K->8576K(510464K)] 943688K->453353K(1034752K), 0.0281975 secs] [Times: user=0.04 sys=0.05, real=0.03 secs] 
2021-06-08T17:27:29.958+0800: 2188601.610: [GC (Allocation Failure) [PSYoungGen: 505216K->8736K(510464K)] 949993K->460293K(1034752K), 0.0309835 secs] [Times: user=0.04 sys=0.05, real=0.03 secs] 
2021-06-08T17:31:55.431+0800: 2188867.083: [GC (Allocation Failure) [PSYoungGen: 505376K->8000K(510464K)] 956933K->466766K(1034752K), 0.0300823 secs] [Times: user=0.04 sys=0.04, real=0.03 secs] 
2021-06-08T17:36:17.395+0800: 2189129.047: [GC (Allocation Failure) [PSYoungGen: 504640K->9664K(510976K)] 963406K->474841K(1035264K), 0.0303701 secs] [Times: user=0.05 sys=0.05, real=0.03 secs] 
2021-06-08T17:40:39.170+0800: 2189390.822: [GC (Allocation Failure) [PSYoungGen: 506816K->10176K(510464K)] 971993K->482669K(1034752K), 0.0264187 secs] [Times: user=0.03 sys=0.04, real=0.03 secs] 
2021-06-08T17:44:57.323+0800: 2189648.975: [GC (Allocation Failure) [PSYoungGen: 507328K->10688K(510976K)] 979821K->491023K(1035264K), 0.0246584 secs] [Times: user=0.04 sys=0.04, real=0.02 secs] 
2021-06-08T17:49:22.012+0800: 2189913.664: [GC (Allocation Failure) [PSYoungGen: 508352K->11232K(510976K)] 988687K->499427K(1035264K), 0.0254575 secs] [Times: user=0.03 sys=0.03, real=0.03 secs] 
2021-06-08T17:53:42.397+0800: 2190174.049: [GC (Allocation Failure) [PSYoungGen: 508896K->8640K(510976K)] 997091K->505788K(1035264K), 0.0433179 secs] [Times: user=0.03 sys=0.04, real=0.04 secs] 
2021-06-08T17:58:04.601+0800: 2190436.253: [GC (Allocation Failure) [PSYoungGen: 506304K->11616K(509440K)] 1003452K->514920K(1033728K), 0.0268320 secs] [Times: user=0.03 sys=0.04, real=0.03 secs] 
2021-06-08T18:02:22.875+0800: 2190694.527: [GC (Allocation Failure) [PSYoungGen: 509280K->13664K(508416K)] 1012584K->525693K(1032704K), 0.0276578 secs] [Times: user=0.04 sys=0.04, real=0.03 secs] 
2021-06-08T18:06:45.308+0800: 2190956.960: [GC (Allocation Failure) [PSYoungGen: 508256K->9856K(509440K)] 1020285K->532557K(1033728K), 0.0255912 secs] [Times: user=0.04 sys=0.04, real=0.03 secs] 
2021-06-08T18:06:45.334+0800: 2190956.986: [Full GC (Ergonomics) [PSYoungGen: 9856K->0K(509440K)] [ParOldGen: 522701K->308427K(524288K)] 532557K->308427K(1033728K), [Metaspace: 97129K->97129K(1138688K)], 0.5043006 secs] [Times: user=1.06 sys=0.00, real=0.50 secs] 
2021-06-08T18:11:09.253+0800: 2191220.905: [GC (Allocation Failure) [PSYoungGen: 494592K->9632K(510464K)] 803019K->318059K(1034752K), 0.0212563 secs] [Times: user=0.02 sys=0.03, real=0.02 secs] 
2021-06-08T18:15:33.908+0800: 2191485.560: [GC (Allocation Failure) [PSYoungGen: 505760K->7584K(509952K)] 814187K->323429K(1034240K), 0.0234330 secs] [Times: user=0.03 sys=0.04, real=0.02 secs] 
2021-06-08T18:19:56.149+0800: 2191747.801: [GC (Allocation Failure) [PSYoungGen: 503712K->11200K(509952K)] 819557K->332394K(1034240K), 0.0266635 secs] [Times: user=0.04 sys=0.04, real=0.03 secs] 
2021-06-08T18:24:19.391+0800: 2192011.043: [GC (Allocation Failure) [PSYoungGen: 506816K->8672K(509952K)] 828010K->338396K(1034240K), 0.0265904 secs] [Times: user=0.04 sys=0.04, real=0.03 secs] 
2021-06-08T18:28:39.766+0800: 2192271.418: [GC (Allocation Failure) [PSYoungGen: 504288K->9120K(510464K)] 834012K->345063K(1034752K), 0.0224204 secs] [Times: user=0.03 sys=0.04, real=0.02 secs] 
2021-06-08T18:33:00.046+0800: 2192531.698: [GC (Allocation Failure) [PSYoungGen: 505248K->11648K(509952K)] 841191K->354019K(1034240K), 0.0312933 secs] [Times: user=0.04 sys=0.04, real=0.03 secs] 
2021-06-08T18:37:20.404+0800: 2192792.056: [GC (Allocation Failure) [PSYoungGen: 507776K->10624K(510464K)] 850147K->361685K(1034752K), 0.0274044 secs] [Times: user=0.04 sys=0.03, real=0.02 secs] 
2021-06-08T18:41:42.410+0800: 2193054.062: [GC (Allocation Failure) [PSYoungGen: 506752K->12416K(509952K)] 857813K->371386K(1034240K), 0.0256819 secs] [Times: user=0.04 sys=0.04, real=0.03 secs] 
2021-06-08T18:46:04.329+0800: 2193315.981: [GC (Allocation Failure) [PSYoungGen: 508544K->11328K(509952K)] 867514K->379077K(1034240K), 0.0236003 secs] [Times: user=0.04 sys=0.03, real=0.03 secs] 
2021-06-08T18:50:24.112+0800: 2193575.764: [GC (Allocation Failure) [PSYoungGen: 506944K->11744K(509952K)] 874693K->388671K(1034240K), 0.0283685 secs] [Times: user=0.03 sys=0.04, real=0.03 secs] 
2021-06-08T18:54:42.540+0800: 2193834.192: [GC (Allocation Failure) [PSYoungGen: 507360K->12704K(508928K)] 884287K->398881K(1033216K), 0.0754786 secs] [Times: user=0.04 sys=0.04, real=0.08 secs] 
2021-06-08T18:59:00.726+0800: 2194092.379: [GC (Allocation Failure) [PSYoungGen: 507296K->12448K(507392K)] 893473K->408825K(1031680K), 0.0304077 secs] [Times: user=0.05 sys=0.04, real=0.03 secs] 
2021-06-08T19:03:19.373+0800: 2194351.025: [GC (Allocation Failure) [PSYoungGen: 507040K->8522K(508928K)] 903417K->413748K(1033216K), 0.0235053 secs] [Times: user=0.04 sys=0.03, real=0.02 secs] 
2021-06-08T19:07:39.311+0800: 2194610.963: [GC (Allocation Failure) [PSYoungGen: 502090K->8448K(508928K)] 907316K->420415K(1033216K), 0.0241749 secs] [Times: user=0.04 sys=0.04, real=0.03 secs] 
2021-06-08T19:11:58.300+0800: 2194869.952: [GC (Allocation Failure) [PSYoungGen: 502016K->11392K(509440K)] 913983K->429682K(1033728K), 0.0348729 secs] [Times: user=0.04 sys=0.04, real=0.04 secs] 
2021-06-08T19:16:19.211+0800: 2195130.863: [GC (Allocation Failure) [PSYoungGen: 505472K->9408K(508928K)] 923762K->435707K(1033216K), 0.0269721 secs] [Times: user=0.05 sys=0.04, real=0.03 secs] 
2021-06-08T19:20:41.059+0800: 2195392.711: [GC (Allocation Failure) [PSYoungGen: 503488K->8864K(509440K)] 929787K->442717K(1033728K), 0.0218031 secs] [Times: user=0.03 sys=0.04, real=0.02 secs] 
2021-06-08T19:25:02.216+0800: 2195653.868: [GC (Allocation Failure) [PSYoungGen: 503456K->8928K(509440K)] 937309K->450487K(1033728K), 0.0228780 secs] [Times: user=0.03 sys=0.03, real=0.02 secs] 
2021-06-08T19:29:22.253+0800: 2195913.905: [GC (Allocation Failure) [PSYoungGen: 503520K->11264K(509952K)] 945079K->459852K(1034240K), 0.0324139 secs] [Times: user=0.04 sys=0.04, real=0.03 secs] 
2021-06-08T19:33:41.879+0800: 2196173.531: [GC (Allocation Failure) [PSYoungGen: 506880K->11168K(509952K)] 955468K->468231K(1034240K), 0.0246832 secs] [Times: user=0.03 sys=0.04, real=0.03 secs] 
2021-06-08T19:38:04.918+0800: 2196436.570: [GC (Allocation Failure) [PSYoungGen: 506784K->8704K(509952K)] 963847K->474296K(1034240K), 0.0304332 secs] [Times: user=0.03 sys=0.04, real=0.03 secs] 
2021-06-08T19:42:25.664+0800: 2196697.316: [GC (Allocation Failure) [PSYoungGen: 504320K->8800K(509952K)] 969912K->480923K(1034240K), 0.0236354 secs] [Times: user=0.03 sys=0.04, real=0.02 secs] 
2021-06-08T19:46:42.972+0800: 2196954.624: [GC (Allocation Failure) [PSYoungGen: 504416K->11392K(509952K)] 976539K->490367K(1034240K), 0.0249614 secs] [Times: user=0.03 sys=0.05, real=0.02 secs] 
2021-06-08T19:51:01.732+0800: 2197213.384: [GC (Allocation Failure) [PSYoungGen: 507008K->9632K(509952K)] 985983K->497384K(1034240K), 0.0249536 secs] [Times: user=0.04 sys=0.04, real=0.03 secs] 
2021-06-08T19:55:21.243+0800: 2197472.895: [GC (Allocation Failure) [PSYoungGen: 505248K->12480K(509440K)] 993000K->508258K(1033728K), 0.0345518 secs] [Times: user=0.10 sys=0.00, real=0.03 secs] 
2021-06-08T19:59:41.576+0800: 2197733.228: [GC (Allocation Failure) [PSYoungGen: 508096K->9856K(509952K)] 1003874K->515475K(1034240K), 0.0352360 secs] [Times: user=0.05 sys=0.05, real=0.03 secs] 
2021-06-08T20:04:04.051+0800: 2197995.703: [GC (Allocation Failure) [PSYoungGen: 505472K->7296K(509952K)] 1011091K->520795K(1034240K), 0.0284924 secs] [Times: user=0.04 sys=0.05, real=0.03 secs] 
2021-06-08T20:08:27.261+0800: 2198258.913: [GC (Allocation Failure) [PSYoungGen: 502912K->9152K(509952K)] 1016411K->528222K(1034240K), 0.0266233 secs] [Times: user=0.04 sys=0.04, real=0.03 secs] 
2021-06-08T20:08:27.289+0800: 2198258.941: [Full GC (Ergonomics) [PSYoungGen: 9152K->0K(509952K)] [ParOldGen: 519070K->303703K(524288K)] 528222K->303703K(1034240K), [Metaspace: 97129K->97129K(1138688K)], 0.4203543 secs] [Times: user=0.97 sys=0.00, real=0.42 secs] 
2021-06-08T20:12:48.058+0800: 2198519.710: [GC (Allocation Failure) [PSYoungGen: 495616K->10816K(510464K)] 799319K->314519K(1034752K), 0.0249724 secs] [Times: user=0.03 sys=0.03, real=0.03 secs] 
2021-06-08T20:17:10.522+0800: 2198782.174: [GC (Allocation Failure) [PSYoungGen: 506944K->10720K(509952K)] 810647K->321705K(1034240K), 0.0267515 secs] [Times: user=0.04 sys=0.03, real=0.03 secs] 
2021-06-08T20:21:33.761+0800: 2199045.413: [GC (Allocation Failure) [PSYoungGen: 506848K->9408K(510464K)] 817833K->328748K(1034752K), 0.0834156 secs] [Times: user=0.03 sys=0.03, real=0.09 secs] 
2021-06-08T20:25:51.361+0800: 2199303.013: [GC (Allocation Failure) [PSYoungGen: 506048K->10048K(510464K)] 825388K->336813K(1034752K), 0.0272597 secs] [Times: user=0.04 sys=0.04, real=0.03 secs] 
2021-06-08T20:30:15.049+0800: 2199566.701: [GC (Allocation Failure) [PSYoungGen: 506688K->9920K(510976K)] 833453K->344720K(1035264K), 0.0221575 secs] [Times: user=0.04 sys=0.03, real=0.02 secs] 
2021-06-08T20:34:37.182+0800: 2199828.834: [GC (Allocation Failure) [PSYoungGen: 507584K->10016K(510976K)] 842384K->353114K(1035264K), 0.0221617 secs] [Times: user=0.03 sys=0.04, real=0.02 secs] 
2021-06-08T20:38:58.958+0800: 2200090.610: [GC (Allocation Failure) [PSYoungGen: 507680K->11904K(510464K)] 850778K->362310K(1034752K), 0.0384213 secs] [Times: user=0.03 sys=0.03, real=0.04 secs] 
2021-06-08T20:43:25.123+0800: 2200356.775: [GC (Allocation Failure) [PSYoungGen: 509568K->6944K(510976K)] 859974K->366053K(1035264K), 0.0445724 secs] [Times: user=0.07 sys=0.06, real=0.04 secs] 
2021-06-08T20:47:45.172+0800: 2200616.824: [GC (Allocation Failure) [PSYoungGen: 504608K->9600K(510976K)] 863717K->373218K(1035264K), 0.0298325 secs] [Times: user=0.05 sys=0.05, real=0.03 secs] 
2021-06-08T20:52:06.133+0800: 2200877.785: [GC (Allocation Failure) [PSYoungGen: 507264K->10720K(510976K)] 870882K->381677K(1035264K), 0.0325932 secs] [Times: user=0.03 sys=0.04, real=0.03 secs] 
2021-06-08T20:56:26.973+0800: 2201138.625: [GC (Allocation Failure) [PSYoungGen: 508384K->9472K(511488K)] 879341K->388495K(1035776K), 0.0274888 secs] [Times: user=0.03 sys=0.03, real=0.02 secs] 
2021-06-08T21:00:51.879+0800: 2201403.531: [GC (Allocation Failure) [PSYoungGen: 507648K->10528K(510976K)] 886671K->397081K(1035264K), 0.0251360 secs] [Times: user=0.04 sys=0.04, real=0.03 secs] 
2021-06-08T21:05:19.444+0800: 2201671.096: [GC (Allocation Failure) [PSYoungGen: 508704K->8800K(511488K)] 895257K->403458K(1035776K), 0.0755325 secs] [Times: user=0.04 sys=0.04, real=0.07 secs] 
2021-06-08T21:09:44.940+0800: 2201936.592: [GC (Allocation Failure) [PSYoungGen: 507488K->11104K(509952K)] 902146K->412551K(1034240K), 0.0243690 secs] [Times: user=0.08 sys=0.00, real=0.03 secs] 
2021-06-08T21:14:08.207+0800: 2202199.859: [GC (Allocation Failure) [PSYoungGen: 509792K->10208K(511488K)] 911239K->420186K(1035776K), 0.0269219 secs] [Times: user=0.03 sys=0.03, real=0.03 secs] 
2021-06-08T21:18:28.867+0800: 2202460.519: [GC (Allocation Failure) [PSYoungGen: 508380K->12640K(510976K)] 918359K->430278K(1035264K), 0.0278375 secs] [Times: user=0.03 sys=0.04, real=0.03 secs] 
2021-06-08T21:22:52.226+0800: 2202723.878: [GC (Allocation Failure) [PSYoungGen: 510816K->12192K(509952K)] 928454K->438961K(1034240K), 0.0430999 secs] [Times: user=0.04 sys=0.04, real=0.04 secs] 
2021-06-08T21:27:14.111+0800: 2202985.763: [GC (Allocation Failure) [PSYoungGen: 508832K->9760K(510464K)] 935601K->446274K(1034752K), 0.0246771 secs] [Times: user=0.03 sys=0.04, real=0.03 secs] 
2021-06-08T21:31:33.790+0800: 2203245.442: [GC (Allocation Failure) [PSYoungGen: 506400K->10016K(510976K)] 942914K->453853K(1035264K), 0.0306294 secs] [Times: user=0.05 sys=0.05, real=0.03 secs] 
2021-06-08T21:35:54.770+0800: 2203506.422: [GC (Allocation Failure) [PSYoungGen: 507168K->10752K(510464K)] 951005K->461602K(1034752K), 0.0237219 secs] [Times: user=0.03 sys=0.04, real=0.03 secs] 
2021-06-08T21:40:17.580+0800: 2203769.232: [GC (Allocation Failure) [PSYoungGen: 507904K->10720K(510976K)] 958754K->470131K(1035264K), 0.0276455 secs] [Times: user=0.05 sys=0.04, real=0.03 secs] 
2021-06-08T21:44:34.935+0800: 2204026.587: [GC (Allocation Failure) [PSYoungGen: 508384K->8224K(510976K)] 967795K->476740K(1035264K), 0.0746499 secs] [Times: user=0.03 sys=0.03, real=0.07 secs] 
2021-06-08T21:48:58.396+0800: 2204290.048: [GC (Allocation Failure) [PSYoungGen: 505888K->10208K(510976K)] 974404K->485135K(1035264K), 0.0323063 secs] [Times: user=0.05 sys=0.05, real=0.03 secs] 
2021-06-08T21:53:20.259+0800: 2204551.911: [GC (Allocation Failure) [PSYoungGen: 507872K->8320K(510976K)] 982799K->490641K(1035264K), 0.0235437 secs] [Times: user=0.04 sys=0.04, real=0.03 secs] 
2021-06-08T21:57:42.832+0800: 2204814.484: [GC (Allocation Failure) [PSYoungGen: 505984K->8256K(510976K)] 988305K->497314K(1035264K), 0.0251376 secs] [Times: user=0.03 sys=0.03, real=0.03 secs] 
2021-06-08T22:02:02.749+0800: 2205074.401: [GC (Allocation Failure) [PSYoungGen: 505920K->8096K(510976K)] 994978K->503661K(1035264K), 0.0254925 secs] [Times: user=0.04 sys=0.04, real=0.03 secs] 
2021-06-08T22:06:23.185+0800: 2205334.837: [GC (Allocation Failure) [PSYoungGen: 505760K->10080K(511488K)] 1001325K->511680K(1035776K), 0.0240816 secs] [Times: user=0.03 sys=0.04, real=0.02 secs] 
2021-06-08T22:10:45.576+0800: 2205597.228: [GC (Allocation Failure) [PSYoungGen: 508256K->10400K(510976K)] 1009856K->519483K(1035264K), 0.0216727 secs] [Times: user=0.03 sys=0.04, real=0.02 secs] 
2021-06-08T22:15:08.158+0800: 2205859.810: [GC (Allocation Failure) [PSYoungGen: 508576K->8832K(511488K)] 1017659K->526212K(1035776K), 0.0303647 secs] [Times: user=0.03 sys=0.03, real=0.03 secs] 
2021-06-08T22:15:08.189+0800: 2205859.841: [Full GC (Ergonomics) [PSYoungGen: 8832K->0K(511488K)] [ParOldGen: 517380K->304944K(524288K)] 526212K->304944K(1035776K), [Metaspace: 97130K->97126K(1138688K)], 0.4944145 secs] [Times: user=0.50 sys=0.49, real=0.50 secs] 
2021-06-08T22:19:33.123+0800: 2206124.775: [GC (Allocation Failure) [PSYoungGen: 498688K->9152K(511488K)] 803632K->314096K(1035776K), 0.0232087 secs] [Times: user=0.04 sys=0.03, real=0.02 secs] 
2021-06-08T22:23:55.941+0800: 2206387.593: [GC (Allocation Failure) [PSYoungGen: 507840K->11552K(511488K)] 812784K->323163K(1035776K), 0.0297361 secs] [Times: user=0.04 sys=0.04, real=0.03 secs] 
2021-06-08T22:28:19.241+0800: 2206650.893: [GC (Allocation Failure) [PSYoungGen: 510240K->8960K(511488K)] 821851K->329542K(1035776K), 0.0260623 secs] [Times: user=0.04 sys=0.04, real=0.03 secs] 
2021-06-08T22:32:41.611+0800: 2206913.263: [GC (Allocation Failure) [PSYoungGen: 507648K->10048K(511488K)] 828230K->337800K(1035776K), 0.0243111 secs] [Times: user=0.03 sys=0.03, real=0.03 secs] 
2021-06-08T22:37:08.664+0800: 2207180.316: [GC (Allocation Failure) [PSYoungGen: 508736K->9600K(511488K)] 836488K->344930K(1035776K), 0.0269695 secs] [Times: user=0.07 sys=0.00, real=0.02 secs] 
2021-06-08T22:41:35.824+0800: 2207447.476: [GC (Allocation Failure) [PSYoungGen: 508288K->11680K(510976K)] 843618K->354511K(1035264K), 0.0581225 secs] [Times: user=0.03 sys=0.04, real=0.05 secs] 
2021-06-08T22:46:00.092+0800: 2207711.744: [GC (Allocation Failure) [PSYoungGen: 510368K->9536K(511488K)] 853199K->361632K(1035776K), 0.0321674 secs] [Times: user=0.04 sys=0.05, real=0.04 secs] 
2021-06-08T22:50:24.014+0800: 2207975.666: [GC (Allocation Failure) [PSYoungGen: 508160K->11424K(511488K)] 860256K->370813K(1035776K), 0.0436655 secs] [Times: user=0.04 sys=0.03, real=0.04 secs] 
2021-06-08T22:54:46.143+0800: 2208237.795: [GC (Allocation Failure) [PSYoungGen: 510112K->10752K(511488K)] 869501K->378478K(1035776K), 0.0303148 secs] [Times: user=0.04 sys=0.04, real=0.03 secs] 
2021-06-08T22:59:08.744+0800: 2208500.396: [GC (Allocation Failure) [PSYoungGen: 509440K->10272K(511488K)] 877166K->385897K(1035776K), 0.0270160 secs] [Times: user=0.04 sys=0.04, real=0.02 secs] 
2021-06-08T23:03:31.117+0800: 2208762.769: [GC (Allocation Failure) [PSYoungGen: 508960K->8864K(511488K)] 884585K->393584K(1035776K), 0.0527589 secs] [Times: user=0.04 sys=0.04, real=0.05 secs] 
2021-06-08T23:07:51.018+0800: 2209022.670: [GC (Allocation Failure) [PSYoungGen: 507552K->11104K(511488K)] 892272K->402787K(1035776K), 0.0244442 secs] [Times: user=0.03 sys=0.04, real=0.03 secs] 
2021-06-08T23:12:09.029+0800: 2209280.681: [GC (Allocation Failure) [PSYoungGen: 509792K->10816K(511488K)] 901475K->411381K(1035776K), 0.0285778 secs] [Times: user=0.04 sys=0.05, real=0.03 secs] 
2021-06-08T23:16:29.272+0800: 2209540.924: [GC (Allocation Failure) [PSYoungGen: 509504K->9376K(511488K)] 910069K->417742K(1035776K), 0.0262789 secs] [Times: user=0.04 sys=0.03, real=0.02 secs] 
2021-06-08T23:20:51.770+0800: 2209803.422: [GC (Allocation Failure) [PSYoungGen: 508064K->10336K(511488K)] 916430K->426087K(1035776K), 0.0324861 secs] [Times: user=0.04 sys=0.05, real=0.04 secs] 
2021-06-08T23:25:13.757+0800: 2210065.409: [GC (Allocation Failure) [PSYoungGen: 509024K->9568K(512000K)] 924775K->432994K(1036288K), 0.0243103 secs] [Times: user=0.04 sys=0.03, real=0.02 secs] 
2021-06-08T23:29:39.021+0800: 2210330.673: [GC (Allocation Failure) [PSYoungGen: 508768K->10848K(511488K)] 932194K->441101K(1035776K), 0.0315895 secs] [Times: user=0.04 sys=0.05, real=0.04 secs] 
2021-06-08T23:34:02.637+0800: 2210594.289: [GC (Allocation Failure) [PSYoungGen: 510048K->11360K(511488K)] 940301K->449480K(1035776K), 0.0309431 secs] [Times: user=0.05 sys=0.04, real=0.03 secs] 
2021-06-08T23:38:25.144+0800: 2210856.796: [GC (Allocation Failure) [PSYoungGen: 510040K->9824K(511488K)] 948160K->457208K(1035776K), 0.0260089 secs] [Times: user=0.03 sys=0.05, real=0.02 secs] 
2021-06-08T23:42:49.571+0800: 2211121.223: [GC (Allocation Failure) [PSYoungGen: 508512K->10336K(512000K)] 955896K->464027K(1036288K), 0.0287525 secs] [Times: user=0.03 sys=0.03, real=0.03 secs] 
2021-06-08T23:47:09.393+0800: 2211381.045: [GC (Allocation Failure) [PSYoungGen: 509536K->10816K(511488K)] 963227K->471854K(1035776K), 0.0272968 secs] [Times: user=0.04 sys=0.04, real=0.02 secs] 
2021-06-08T23:51:33.481+0800: 2211645.133: [GC (Allocation Failure) [PSYoungGen: 510016K->8576K(510976K)] 971054K->477967K(1035264K), 0.0266929 secs] [Times: user=0.04 sys=0.04, real=0.03 secs] 
2021-06-08T23:55:51.075+0800: 2211902.727: [GC (Allocation Failure) [PSYoungGen: 507264K->12128K(510976K)] 976655K->488547K(1035264K), 0.0279641 secs] [Times: user=0.04 sys=0.04, real=0.03 secs] 
2021-06-09T00:00:05.846+0800: 2212157.498: [GC (Allocation Failure) [PSYoungGen: 510816K->10496K(511488K)] 987235K->496445K(1035776K), 0.0236640 secs] [Times: user=0.03 sys=0.04, real=0.02 secs] 
2021-06-09T00:04:27.040+0800: 2212418.692: [GC (Allocation Failure) [PSYoungGen: 508672K->8640K(510976K)] 994621K->503478K(1035264K), 0.0242237 secs] [Times: user=0.04 sys=0.04, real=0.03 secs] 
2021-06-09T00:08:52.002+0800: 2212683.654: [GC (Allocation Failure) [PSYoungGen: 506816K->9920K(511488K)] 1001654K->511685K(1035776K), 0.0253337 secs] [Times: user=0.03 sys=0.04, real=0.03 secs] 
2021-06-09T00:13:12.568+0800: 2212944.220: [GC (Allocation Failure) [PSYoungGen: 508608K->12768K(511488K)] 1010373K->522016K(1035776K), 0.0257034 secs] [Times: user=0.04 sys=0.04, real=0.03 secs] 
2021-06-09T00:17:35.969+0800: 2213207.621: [GC (Allocation Failure) [PSYoungGen: 511456K->8832K(504320K)] 1020704K->528071K(1028608K), 0.0242384 secs] [Times: user=0.03 sys=0.03, real=0.03 secs] 
2021-06-09T00:17:35.994+0800: 2213207.646: [Full GC (Ergonomics) [PSYoungGen: 8832K->0K(504320K)] [ParOldGen: 519239K->305693K(524288K)] 528071K->305693K(1028608K), [Metaspace: 97129K->97129K(1138688K)], 0.4767087 secs] [Times: user=1.07 sys=0.00, real=0.47 secs] 
2021-06-09T00:21:57.998+0800: 2213469.650: [GC (Allocation Failure) [PSYoungGen: 491520K->8736K(507904K)] 797213K->314429K(1032192K), 0.0184781 secs] [Times: user=0.03 sys=0.03, real=0.02 secs] 
2021-06-09T00:26:15.226+0800: 2213726.878: [GC (Allocation Failure) [PSYoungGen: 500256K->8288K(508416K)] 805949K->321543K(1032704K), 0.0251488 secs] [Times: user=0.03 sys=0.04, real=0.02 secs] 
2021-06-09T00:30:34.307+0800: 2213985.959: [GC (Allocation Failure) [PSYoungGen: 500832K->10816K(508416K)] 814087K->330443K(1032704K), 0.0258605 secs] [Times: user=0.03 sys=0.03, real=0.03 secs] 
2021-06-09T00:34:58.546+0800: 2214250.198: [GC (Allocation Failure) [PSYoungGen: 503360K->12000K(507904K)] 822987K->338775K(1032192K), 0.0258522 secs] [Times: user=0.04 sys=0.04, real=0.02 secs] 
2021-06-09T00:39:18.620+0800: 2214510.272: [GC (Allocation Failure) [PSYoungGen: 504544K->12096K(508416K)] 831319K->348457K(1032704K), 0.0266848 secs] [Times: user=0.08 sys=0.00, real=0.03 secs] 
2021-06-09T00:43:37.109+0800: 2214768.762: [GC (Allocation Failure) [PSYoungGen: 504640K->11712K(508928K)] 841001K->357068K(1033216K), 0.0245274 secs] [Times: user=0.03 sys=0.04, real=0.03 secs] 
2021-06-09T00:48:02.972+0800: 2215034.624: [GC (Allocation Failure) [PSYoungGen: 504768K->10720K(508416K)] 850124K->365533K(1032704K), 0.0801626 secs] [Times: user=0.04 sys=0.04, real=0.08 secs] 
2021-06-09T00:52:26.268+0800: 2215297.920: [GC (Allocation Failure) [PSYoungGen: 503776K->9312K(509440K)] 858589K->372301K(1033728K), 0.0256478 secs] [Times: user=0.04 sys=0.04, real=0.03 secs] 
2021-06-09T00:56:46.613+0800: 2215558.265: [GC (Allocation Failure) [PSYoungGen: 503392K->12864K(508928K)] 866381K->381922K(1033216K), 0.0318359 secs] [Times: user=0.04 sys=0.05, real=0.03 secs] 
2021-06-09T01:01:05.845+0800: 2215817.497: [GC (Allocation Failure) [PSYoungGen: 506944K->11584K(508928K)] 876002K->389670K(1033216K), 0.0319908 secs] [Times: user=0.04 sys=0.05, real=0.03 secs] 
2021-06-09T01:05:16.692+0800: 2216068.345: [GC (Allocation Failure) [PSYoungGen: 505152K->11274K(508928K)] 883238K->398618K(1033216K), 0.0276507 secs] [Times: user=0.07 sys=0.00, real=0.02 secs] 
2021-06-09T01:09:35.958+0800: 2216327.610: [GC (Allocation Failure) [PSYoungGen: 504838K->10496K(509440K)] 892183K->406053K(1033728K), 0.0409605 secs] [Times: user=0.04 sys=0.04, real=0.04 secs] 
2021-06-09T01:13:57.337+0800: 2216588.989: [GC (Allocation Failure) [PSYoungGen: 505088K->12352K(509440K)] 900645K->416479K(1033728K), 0.0232571 secs] [Times: user=0.03 sys=0.04, real=0.02 secs] 
2021-06-09T01:18:20.065+0800: 2216851.718: [GC (Allocation Failure) [PSYoungGen: 506944K->10496K(509952K)] 911071K->423426K(1034240K), 0.0217411 secs] [Times: user=0.03 sys=0.03, real=0.02 secs] 
2021-06-09T01:22:43.244+0800: 2217114.896: [GC (Allocation Failure) [PSYoungGen: 505600K->10592K(509440K)] 918530K->431253K(1033728K), 0.0359141 secs] [Times: user=0.05 sys=0.04, real=0.03 secs] 
2021-06-09T01:27:03.320+0800: 2217374.972: [GC (Allocation Failure) [PSYoungGen: 505696K->13664K(508928K)] 926357K->441274K(1033216K), 0.0270339 secs] [Times: user=0.03 sys=0.05, real=0.03 secs] 
2021-06-09T01:31:19.579+0800: 2217631.231: [GC (Allocation Failure) [PSYoungGen: 508256K->8096K(502784K)] 935866K->446223K(1027072K), 0.0262793 secs] [Times: user=0.04 sys=0.04, real=0.03 secs] 
2021-06-09T01:35:40.133+0800: 2217891.785: [GC (Allocation Failure) [PSYoungGen: 502688K->11520K(509440K)] 940815K->455331K(1033728K), 0.0239575 secs] [Times: user=0.04 sys=0.03, real=0.02 secs] 
2021-06-09T01:40:03.274+0800: 2218154.926: [GC (Allocation Failure) [PSYoungGen: 505600K->10240K(508928K)] 949411K->463006K(1033216K), 0.0218218 secs] [Times: user=0.03 sys=0.04, real=0.02 secs] 
2021-06-09T01:44:23.012+0800: 2218414.664: [GC (Allocation Failure) [PSYoungGen: 504320K->9728K(509440K)] 957086K->470050K(1033728K), 0.0415666 secs] [Times: user=0.06 sys=0.07, real=0.05 secs] 
2021-06-09T01:48:45.098+0800: 2218676.750: [GC (Allocation Failure) [PSYoungGen: 504320K->9760K(509440K)] 964642K->478498K(1033728K), 0.0272428 secs] [Times: user=0.04 sys=0.04, real=0.03 secs] 
2021-06-09T01:53:06.783+0800: 2218938.435: [GC (Allocation Failure) [PSYoungGen: 504352K->10080K(509952K)] 973090K->485725K(1034240K), 0.0621580 secs] [Times: user=0.04 sys=0.04, real=0.06 secs] 
2021-06-09T01:57:31.380+0800: 2219203.032: [GC (Allocation Failure) [PSYoungGen: 505696K->10240K(509952K)] 981341K->493286K(1034240K), 0.0309470 secs] [Times: user=0.05 sys=0.04, real=0.03 secs] 
2021-06-09T02:01:54.179+0800: 2219465.831: [GC (Allocation Failure) [PSYoungGen: 505856K->11168K(510464K)] 988902K->501610K(1034752K), 0.0635577 secs] [Times: user=0.04 sys=0.05, real=0.07 secs] 
2021-06-09T02:06:19.378+0800: 2219731.031: [GC (Allocation Failure) [PSYoungGen: 507808K->10080K(510464K)] 998250K->508829K(1034752K), 0.0800136 secs] [Times: user=0.04 sys=0.04, real=0.08 secs] 
2021-06-09T02:10:43.377+0800: 2219995.029: [GC (Allocation Failure) [PSYoungGen: 506720K->9280K(510464K)] 1005469K->515822K(1034752K), 0.0307170 secs] [Times: user=0.05 sys=0.04, real=0.03 secs] 
2021-06-09T02:15:06.583+0800: 2220258.235: [GC (Allocation Failure) [PSYoungGen: 505920K->7936K(510464K)] 1012462K->522119K(1034752K), 0.0255998 secs] [Times: user=0.08 sys=0.00, real=0.02 secs] 
2021-06-09T02:19:28.466+0800: 2220520.118: [GC (Allocation Failure) [PSYoungGen: 504576K->11360K(510464K)] 1018759K->531468K(1034752K), 0.0251787 secs] [Times: user=0.04 sys=0.03, real=0.02 secs] 
2021-06-09T02:19:28.492+0800: 2220520.144: [Full GC (Ergonomics) [PSYoungGen: 11360K->0K(510464K)] [ParOldGen: 520108K->309364K(524288K)] 531468K->309364K(1034752K), [Metaspace: 97132K->97132K(1138688K)], 0.4765390 secs] [Times: user=1.06 sys=0.00, real=0.48 secs] 
2021-06-09T02:23:49.327+0800: 2220780.979: [GC (Allocation Failure) [PSYoungGen: 496640K->10144K(510464K)] 806004K->319508K(1034752K), 0.0230658 secs] [Times: user=0.03 sys=0.03, real=0.02 secs] 
2021-06-09T02:28:09.782+0800: 2221041.434: [GC (Allocation Failure) [PSYoungGen: 506784K->10624K(510976K)] 816148K->327856K(1035264K), 0.0303686 secs] [Times: user=0.04 sys=0.04, real=0.04 secs] 
2021-06-09T02:32:31.440+0800: 2221303.092: [GC (Allocation Failure) [PSYoungGen: 508288K->8768K(510976K)] 825520K->334592K(1035264K), 0.0234832 secs] [Times: user=0.04 sys=0.04, real=0.03 secs] 
2021-06-09T02:36:52.699+0800: 2221564.351: [GC (Allocation Failure) [PSYoungGen: 506432K->9600K(510976K)] 832256K->342708K(1035264K), 0.0284427 secs] [Times: user=0.02 sys=0.04, real=0.03 secs] 
2021-06-09T02:41:16.148+0800: 2221827.800: [GC (Allocation Failure) [PSYoungGen: 507264K->8864K(510976K)] 840372K->349822K(1035264K), 0.0370288 secs] [Times: user=0.04 sys=0.04, real=0.04 secs] 
2021-06-09T02:45:37.185+0800: 2222088.838: [GC (Allocation Failure) [PSYoungGen: 506528K->9408K(511488K)] 847486K->357025K(1035776K), 0.0298450 secs] [Times: user=0.04 sys=0.05, real=0.03 secs] 
2021-06-09T02:50:00.640+0800: 2222352.292: [GC (Allocation Failure) [PSYoungGen: 507584K->9824K(510976K)] 855201K->364548K(1035264K), 0.0314845 secs] [Times: user=0.04 sys=0.04, real=0.03 secs] 
2021-06-09T02:54:23.082+0800: 2222614.734: [GC (Allocation Failure) [PSYoungGen: 508000K->11040K(511488K)] 862724K->373297K(1035776K), 0.0361695 secs] [Times: user=0.04 sys=0.05, real=0.03 secs] 
2021-06-09T02:58:46.913+0800: 2222878.565: [GC (Allocation Failure) [PSYoungGen: 509728K->12256K(510976K)] 871985K->383180K(1035264K), 0.0261637 secs] [Times: user=0.04 sys=0.04, real=0.02 secs] 
2021-06-09T03:03:04.869+0800: 2223136.521: [GC (Allocation Failure) [PSYoungGen: 510944K->12768K(509952K)] 881868K->392927K(1034240K), 0.0293777 secs] [Times: user=0.04 sys=0.04, real=0.03 secs] 
2021-06-09T03:07:28.390+0800: 2223400.042: [GC (Allocation Failure) [PSYoungGen: 509408K->10624K(510464K)] 889567K->400072K(1034752K), 0.0248474 secs] [Times: user=0.03 sys=0.04, real=0.03 secs] 
2021-06-09T03:11:49.367+0800: 2223661.019: [GC (Allocation Failure) [PSYoungGen: 507264K->11392K(510464K)] 896712K->409043K(1034752K), 0.0257497 secs] [Times: user=0.04 sys=0.04, real=0.03 secs] 
2021-06-09T03:16:10.193+0800: 2223921.845: [GC (Allocation Failure) [PSYoungGen: 508032K->12896K(509952K)] 905683K->417951K(1034240K), 0.0259170 secs] [Times: user=0.04 sys=0.04, real=0.02 secs] 
2021-06-09T03:20:32.253+0800: 2224183.905: [GC (Allocation Failure) [PSYoungGen: 509536K->8160K(509952K)] 914591K->422734K(1034240K), 0.0281164 secs] [Times: user=0.05 sys=0.05, real=0.02 secs] 
2021-06-09T03:24:56.741+0800: 2224448.393: [GC (Allocation Failure) [PSYoungGen: 503776K->9120K(509952K)] 918350K->430241K(1034240K), 0.0246835 secs] [Times: user=0.04 sys=0.04, real=0.03 secs] 
2021-06-09T03:29:17.965+0800: 2224709.618: [GC (Allocation Failure) [PSYoungGen: 504736K->9184K(509952K)] 925857K->436972K(1034240K), 0.0243683 secs] [Times: user=0.03 sys=0.04, real=0.02 secs] 
2021-06-09T03:33:41.147+0800: 2224972.799: [GC (Allocation Failure) [PSYoungGen: 504800K->9664K(509952K)] 932588K->444343K(1034240K), 0.0258374 secs] [Times: user=0.03 sys=0.04, real=0.03 secs] 
2021-06-09T03:38:05.785+0800: 2225237.437: [GC (Allocation Failure) [PSYoungGen: 505278K->10464K(510464K)] 939958K->452458K(1034752K), 0.0858043 secs] [Times: user=0.05 sys=0.04, real=0.08 secs] 
2021-06-09T03:42:29.576+0800: 2225501.228: [GC (Allocation Failure) [PSYoungGen: 507104K->11072K(510464K)] 949098K->460923K(1034752K), 0.0278956 secs] [Times: user=0.03 sys=0.03, real=0.03 secs] 
2021-06-09T03:46:53.650+0800: 2225765.302: [GC (Allocation Failure) [PSYoungGen: 507712K->10528K(510976K)] 957563K->468118K(1035264K), 0.0271063 secs] [Times: user=0.04 sys=0.05, real=0.03 secs] 
2021-06-09T03:51:14.059+0800: 2226025.711: [GC (Allocation Failure) [PSYoungGen: 507680K->12608K(510464K)] 965270K->477290K(1034752K), 0.0316167 secs] [Times: user=0.04 sys=0.04, real=0.03 secs] 
2021-06-09T03:55:40.061+0800: 2226291.713: [GC (Allocation Failure) [PSYoungGen: 509760K->8832K(510464K)] 974442K->482794K(1034752K), 0.0255989 secs] [Times: user=0.03 sys=0.04, real=0.03 secs] 
2021-06-09T04:00:02.644+0800: 2226554.296: [GC (Allocation Failure) [PSYoungGen: 505472K->9664K(510464K)] 979434K->490079K(1034752K), 0.0466434 secs] [Times: user=0.04 sys=0.04, real=0.04 secs] 
2021-06-09T04:04:24.730+0800: 2226816.382: [GC (Allocation Failure) [PSYoungGen: 506304K->9088K(510464K)] 986719K->497483K(1034752K), 0.0245183 secs] [Times: user=0.04 sys=0.04, real=0.03 secs] 
2021-06-09T04:08:48.335+0800: 2227079.987: [GC (Allocation Failure) [PSYoungGen: 505728K->11360K(510464K)] 994123K->506614K(1034752K), 0.0278334 secs] [Times: user=0.04 sys=0.05, real=0.03 secs] 
2021-06-09T04:13:12.338+0800: 2227343.990: [GC (Allocation Failure) [PSYoungGen: 508000K->10208K(510976K)] 1003254K->513655K(1035264K), 0.0282506 secs] [Times: user=0.04 sys=0.04, real=0.03 secs] 
2021-06-09T04:17:30.097+0800: 2227601.749: [GC (Allocation Failure) [PSYoungGen: 507360K->11520K(510464K)] 1010807K->522235K(1034752K), 0.0261688 secs] [Times: user=0.04 sys=0.04, real=0.03 secs] 
2021-06-09T04:21:52.430+0800: 2227864.082: [GC (Allocation Failure) [PSYoungGen: 508672K->12160K(510464K)] 1019387K->531295K(1034752K), 0.0313140 secs] [Times: user=0.04 sys=0.04, real=0.03 secs] 
2021-06-09T04:21:52.462+0800: 2227864.114: [Full GC (Ergonomics) [PSYoungGen: 12160K->0K(510464K)] [ParOldGen: 519135K->306026K(524288K)] 531295K->306026K(1034752K), [Metaspace: 97132K->97132K(1138688K)], 0.5092472 secs] [Times: user=1.12 sys=0.00, real=0.51 secs] 
2021-06-09T04:26:15.611+0800: 2228127.263: [GC (Allocation Failure) [PSYoungGen: 496640K->11520K(510464K)] 802666K->317546K(1034752K), 0.0548664 secs] [Times: user=0.03 sys=0.04, real=0.06 secs] 
2021-06-09T04:30:37.651+0800: 2228389.303: [GC (Allocation Failure) [PSYoungGen: 508160K->12000K(509440K)] 814186K->327388K(1033728K), 0.0311608 secs] [Times: user=0.05 sys=0.05, real=0.03 secs] 
2021-06-09T04:34:58.484+0800: 2228650.136: [GC (Allocation Failure) [PSYoungGen: 507616K->10944K(509952K)] 823004K->335141K(1034240K), 0.0259317 secs] [Times: user=0.04 sys=0.04, real=0.02 secs] 
2021-06-09T04:39:16.648+0800: 2228908.300: [GC (Allocation Failure) [PSYoungGen: 506560K->10368K(510464K)] 830757K->342862K(1034752K), 0.0286577 secs] [Times: user=0.04 sys=0.04, real=0.03 secs] 
2021-06-09T04:43:35.461+0800: 2229167.113: [GC (Allocation Failure) [PSYoungGen: 507008K->12416K(510464K)] 839502K->352180K(1034752K), 0.0242998 secs] [Times: user=0.03 sys=0.03, real=0.03 secs] 
2021-06-09T04:47:57.676+0800: 2229429.328: [GC (Allocation Failure) [PSYoungGen: 509056K->11648K(510464K)] 848820K->360119K(1034752K), 0.0277566 secs] [Times: user=0.03 sys=0.05, real=0.03 secs] 
2021-06-09T04:52:22.262+0800: 2229693.914: [GC (Allocation Failure) [PSYoungGen: 508288K->12224K(508928K)] 856759K->369441K(1033216K), 0.0547141 secs] [Times: user=0.03 sys=0.03, real=0.06 secs] 
2021-06-09T04:56:45.696+0800: 2229957.348: [GC (Allocation Failure) [PSYoungGen: 508864K->10080K(509952K)] 866081K->375571K(1034240K), 0.0285698 secs] [Times: user=0.03 sys=0.04, real=0.03 secs] 
2021-06-09T05:01:06.041+0800: 2230217.693: [GC (Allocation Failure) [PSYoungGen: 505696K->11200K(509952K)] 871187K->384119K(1034240K), 0.0293164 secs] [Times: user=0.04 sys=0.04, real=0.03 secs] 
2021-06-09T05:05:25.895+0800: 2230477.547: [GC (Allocation Failure) [PSYoungGen: 506816K->11232K(510464K)] 879735K->392001K(1034752K), 0.0248206 secs] [Times: user=0.03 sys=0.04, real=0.02 secs] 
2021-06-09T05:09:50.515+0800: 2230742.167: [GC (Allocation Failure) [PSYoungGen: 507872K->13376K(510464K)] 888641K->402580K(1034752K), 0.0284070 secs] [Times: user=0.05 sys=0.05, real=0.03 secs] 
2021-06-09T05:14:04.097+0800: 2230995.749: [GC (Allocation Failure) [PSYoungGen: 510016K->12256K(509440K)] 899220K->411643K(1033728K), 0.0332056 secs] [Times: user=0.05 sys=0.05, real=0.03 secs] 
2021-06-09T05:18:18.740+0800: 2231250.392: [GC (Allocation Failure) [PSYoungGen: 507872K->11072K(509952K)] 907259K->418613K(1034240K), 0.0254712 secs] [Times: user=0.04 sys=0.04, real=0.03 secs] 
2021-06-09T05:22:29.428+0800: 2231501.080: [GC (Allocation Failure) [PSYoungGen: 506688K->11936K(509952K)] 914229K->428079K(1034240K), 0.0338996 secs] [Times: user=0.04 sys=0.05, real=0.03 secs] 
2021-06-09T05:26:44.892+0800: 2231756.544: [GC (Allocation Failure) [PSYoungGen: 507552K->11136K(509952K)] 923695K->435970K(1034240K), 0.0297436 secs] [Times: user=0.04 sys=0.05, real=0.03 secs] 
2021-06-09T05:31:04.256+0800: 2232015.908: [GC (Allocation Failure) [PSYoungGen: 506752K->10560K(510464K)] 931586K->444596K(1034752K), 0.0284815 secs] [Times: user=0.04 sys=0.04, real=0.03 secs] 
2021-06-09T05:35:24.432+0800: 2232276.084: [GC (Allocation Failure) [PSYoungGen: 507200K->10400K(510464K)] 941236K->451647K(1034752K), 0.0320018 secs] [Times: user=0.04 sys=0.05, real=0.04 secs] 
2021-06-09T05:39:40.640+0800: 2232532.292: [GC (Allocation Failure) [PSYoungGen: 507040K->13792K(503296K)] 948287K->463241K(1027584K), 0.0365592 secs] [Times: user=0.05 sys=0.04, real=0.04 secs] 
2021-06-09T05:43:55.975+0800: 2232787.627: [GC (Allocation Failure) [PSYoungGen: 503264K->13280K(506880K)] 952713K->473107K(1031168K), 0.0273072 secs] [Times: user=0.05 sys=0.04, real=0.03 secs] 
2021-06-09T05:48:12.089+0800: 2233043.741: [GC (Allocation Failure) [PSYoungGen: 502752K->11136K(507392K)] 962579K->481598K(1031680K), 0.0278834 secs] [Times: user=0.04 sys=0.05, real=0.03 secs] 
2021-06-09T05:52:25.635+0800: 2233297.287: [GC (Allocation Failure) [PSYoungGen: 501120K->10080K(506880K)] 971582K->489744K(1031168K), 0.0245642 secs] [Times: user=0.03 sys=0.03, real=0.02 secs] 
2021-06-09T05:56:41.431+0800: 2233553.083: [GC (Allocation Failure) [PSYoungGen: 500064K->14496K(506368K)] 979728K->501468K(1030656K), 0.0365472 secs] [Times: user=0.05 sys=0.05, real=0.04 secs] 
2021-06-09T06:00:58.434+0800: 2233810.086: [GC (Allocation Failure) [PSYoungGen: 503968K->10272K(506880K)] 990940K->508724K(1031168K), 0.0336177 secs] [Times: user=0.05 sys=0.05, real=0.03 secs] 
2021-06-09T06:05:17.854+0800: 2234069.506: [GC (Allocation Failure) [PSYoungGen: 499744K->7424K(506880K)] 998196K->514277K(1031168K), 0.0494144 secs] [Times: user=0.03 sys=0.04, real=0.05 secs] 
2021-06-09T06:09:32.368+0800: 2234324.020: [GC (Allocation Failure) [PSYoungGen: 496896K->12000K(506880K)] 1003749K->523611K(1031168K), 0.0274122 secs] [Times: user=0.04 sys=0.04, real=0.03 secs] 
2021-06-09T06:13:49.520+0800: 2234581.172: [GC (Allocation Failure) [PSYoungGen: 501472K->12160K(507392K)] 1013083K->533205K(1031680K), 0.0286364 secs] [Times: user=0.04 sys=0.05, real=0.03 secs] 
2021-06-09T06:13:49.549+0800: 2234581.201: [Full GC (Ergonomics) [PSYoungGen: 12160K->0K(507392K)] [ParOldGen: 521045K->311143K(524288K)] 533205K->311143K(1031680K), [Metaspace: 97160K->97160K(1138688K)], 0.5234374 secs] [Times: user=0.57 sys=0.56, real=0.53 secs] 
2021-06-09T06:18:09.999+0800: 2234841.651: [GC (Allocation Failure) [PSYoungGen: 489984K->11424K(506880K)] 801127K->322567K(1031168K), 0.0217428 secs] [Times: user=0.03 sys=0.03, real=0.02 secs] 
2021-06-09T06:22:26.218+0800: 2235097.870: [GC (Allocation Failure) [PSYoungGen: 501408K->11392K(508416K)] 812551K->331145K(1032704K), 0.0248518 secs] [Times: user=0.04 sys=0.04, real=0.03 secs] 
2021-06-09T06:26:42.286+0800: 2235353.938: [GC (Allocation Failure) [PSYoungGen: 503424K->11424K(507904K)] 823177K->340660K(1032192K), 0.0283850 secs] [Times: user=0.04 sys=0.04, real=0.03 secs] 
2021-06-09T06:30:56.666+0800: 2235608.318: [GC (Allocation Failure) [PSYoungGen: 503456K->11648K(508928K)] 832692K->349415K(1033216K), 0.0301545 secs] [Times: user=0.04 sys=0.04, real=0.03 secs] 
2021-06-09T06:35:16.953+0800: 2235868.605: [GC (Allocation Failure) [PSYoungGen: 504704K->12480K(508416K)] 842471K->358523K(1032704K), 0.0304628 secs] [Times: user=0.04 sys=0.05, real=0.03 secs] 
2021-06-09T06:39:33.458+0800: 2236125.110: [GC (Allocation Failure) [PSYoungGen: 505536K->12768K(508928K)] 851579K->368084K(1033216K), 0.0321340 secs] [Times: user=0.04 sys=0.05, real=0.03 secs] 
2021-06-09T06:43:52.094+0800: 2236383.746: [GC (Allocation Failure) [PSYoungGen: 506336K->9440K(508928K)] 861652K->373287K(1033216K), 0.0324878 secs] [Times: user=0.05 sys=0.05, real=0.03 secs] 
2021-06-09T06:48:05.464+0800: 2236637.116: [GC (Allocation Failure) [PSYoungGen: 503008K->13056K(508928K)] 866855K->383635K(1033216K), 0.0261721 secs] [Times: user=0.03 sys=0.04, real=0.02 secs] 
2021-06-09T06:52:23.793+0800: 2236895.445: [GC (Allocation Failure) [PSYoungGen: 506624K->10432K(508928K)] 877203K->391868K(1033216K), 0.0326605 secs] [Times: user=0.04 sys=0.04, real=0.03 secs] 
2021-06-09T06:56:43.762+0800: 2237155.414: [GC (Allocation Failure) [PSYoungGen: 504000K->11264K(508928K)] 885436K->400272K(1033216K), 0.0278804 secs] [Times: user=0.05 sys=0.05, real=0.03 secs] 
2021-06-09T07:00:58.981+0800: 2237410.633: [GC (Allocation Failure) [PSYoungGen: 504832K->11264K(508928K)] 893840K->409657K(1033216K), 0.0809783 secs] [Times: user=0.05 sys=0.06, real=0.08 secs] 
2021-06-09T07:05:08.441+0800: 2237660.093: [GC (Allocation Failure) [PSYoungGen: 504832K->11082K(509440K)] 903225K->417374K(1033728K), 0.0514252 secs] [Times: user=0.04 sys=0.05, real=0.06 secs] 
2021-06-09T07:09:27.131+0800: 2237918.783: [GC (Allocation Failure) [PSYoungGen: 505674K->12960K(509440K)] 911966K->427457K(1033728K), 0.0320282 secs] [Times: user=0.03 sys=0.05, real=0.04 secs] 
2021-06-09T07:13:40.636+0800: 2238172.288: [GC (Allocation Failure) [PSYoungGen: 507552K->12704K(509440K)] 922049K->436771K(1033728K), 0.0328436 secs] [Times: user=0.05 sys=0.05, real=0.03 secs] 
2021-06-09T07:17:58.039+0800: 2238429.691: [GC (Allocation Failure) [PSYoungGen: 507296K->10656K(509440K)] 931363K->443510K(1033728K), 0.0389783 secs] [Times: user=0.05 sys=0.06, real=0.04 secs] 
2021-06-09T07:22:14.102+0800: 2238685.754: [GC (Allocation Failure) [PSYoungGen: 505248K->12352K(509440K)] 938102K->453138K(1033728K), 0.0380863 secs] [Times: user=0.03 sys=0.04, real=0.03 secs] 
2021-06-09T07:26:31.317+0800: 2238942.969: [GC (Allocation Failure) [PSYoungGen: 506944K->13856K(508928K)] 947730K->462901K(1033216K), 0.0292483 secs] [Times: user=0.04 sys=0.04, real=0.03 secs] 
2021-06-09T07:30:54.581+0800: 2239206.233: [GC (Allocation Failure) [PSYoungGen: 508448K->10528K(508928K)] 957493K->469758K(1033216K), 0.0281131 secs] [Times: user=0.04 sys=0.04, real=0.03 secs] 
2021-06-09T07:35:14.296+0800: 2239465.948: [GC (Allocation Failure) [PSYoungGen: 504096K->11584K(508928K)] 963326K->479106K(1033216K), 0.0336223 secs] [Times: user=0.04 sys=0.05, real=0.03 secs] 
2021-06-09T07:39:30.805+0800: 2239722.457: [GC (Allocation Failure) [PSYoungGen: 505152K->12864K(509440K)] 972674K->488700K(1033728K), 0.0327148 secs] [Times: user=0.05 sys=0.05, real=0.03 secs] 
2021-06-09T07:43:48.978+0800: 2239980.630: [GC (Allocation Failure) [PSYoungGen: 507456K->12192K(509440K)] 983292K->498197K(1033728K), 0.0435081 secs] [Times: user=0.06 sys=0.05, real=0.04 secs] 
2021-06-09T07:48:06.313+0800: 2240237.965: [GC (Allocation Failure) [PSYoungGen: 506784K->10400K(509440K)] 992789K->506742K(1033728K), 0.0291256 secs] [Times: user=0.04 sys=0.04, real=0.03 secs] 
2021-06-09T07:52:20.962+0800: 2240492.614: [GC (Allocation Failure) [PSYoungGen: 504992K->9120K(509440K)] 1001334K->513878K(1033728K), 0.0228306 secs] [Times: user=0.04 sys=0.03, real=0.03 secs] 
2021-06-09T07:56:36.424+0800: 2240748.076: [GC (Allocation Failure) [PSYoungGen: 503712K->11456K(509440K)] 1008470K->523538K(1033728K), 0.0248529 secs] [Times: user=0.04 sys=0.04, real=0.02 secs] 
2021-06-09T08:00:52.494+0800: 2241004.146: [GC (Allocation Failure) [PSYoungGen: 506048K->13056K(509440K)] 1018130K->533478K(1033728K), 0.0298321 secs] [Times: user=0.04 sys=0.05, real=0.03 secs] 
2021-06-09T08:00:52.524+0800: 2241004.176: [Full GC (Ergonomics) [PSYoungGen: 13056K->0K(509440K)] [ParOldGen: 520422K->308428K(524288K)] 533478K->308428K(1033728K), [Metaspace: 97160K->97160K(1138688K)], 0.6160580 secs] [Times: user=0.76 sys=0.76, real=0.61 secs] 
2021-06-09T08:05:09.335+0800: 2241260.987: [GC (Allocation Failure) [PSYoungGen: 494592K->10496K(509440K)] 803020K->318924K(1033728K), 0.0283324 secs] [Times: user=0.03 sys=0.04, real=0.03 secs] 
2021-06-09T08:09:26.239+0800: 2241517.891: [GC (Allocation Failure) [PSYoungGen: 505088K->11232K(509440K)] 813516K->327894K(1033728K), 0.0250069 secs] [Times: user=0.04 sys=0.04, real=0.03 secs] 
2021-06-09T08:13:45.274+0800: 2241776.926: [GC (Allocation Failure) [PSYoungGen: 505824K->11808K(509952K)] 822486K->337002K(1034240K), 0.0447361 secs] [Times: user=0.04 sys=0.03, real=0.04 secs] 
2021-06-09T08:18:01.949+0800: 2242033.601: [GC (Allocation Failure) [PSYoungGen: 506912K->12576K(509440K)] 832106K->345677K(1033728K), 0.0327795 secs] [Times: user=0.04 sys=0.04, real=0.04 secs] 
2021-06-09T08:22:19.892+0800: 2242291.544: [GC (Allocation Failure) [PSYoungGen: 507680K->10912K(509952K)] 840781K->353413K(1034240K), 0.0269409 secs] [Times: user=0.03 sys=0.04, real=0.03 secs] 
2021-06-09T08:26:35.712+0800: 2242547.364: [GC (Allocation Failure) [PSYoungGen: 506528K->14304K(509952K)] 849029K->365162K(1034240K), 0.0263693 secs] [Times: user=0.04 sys=0.04, real=0.03 secs] 
2021-06-09T08:30:55.446+0800: 2242807.098: [GC (Allocation Failure) [PSYoungGen: 509920K->10784K(502784K)] 860778K->372067K(1027072K), 0.0262473 secs] [Times: user=0.03 sys=0.04, real=0.02 secs] 
2021-06-09T08:35:11.277+0800: 2243062.929: [GC (Allocation Failure) [PSYoungGen: 499232K->10688K(506368K)] 860515K->380836K(1030656K), 0.0299425 secs] [Times: user=0.04 sys=0.05, real=0.03 secs] 
2021-06-09T08:39:28.185+0800: 2243319.837: [GC (Allocation Failure) [PSYoungGen: 499136K->11712K(506880K)] 869284K->389904K(1031168K), 0.0285262 secs] [Times: user=0.03 sys=0.04, real=0.03 secs] 
2021-06-09T08:43:40.370+0800: 2243572.022: [GC (Allocation Failure) [PSYoungGen: 500672K->12160K(506368K)] 878864K->400026K(1030656K), 0.0319205 secs] [Times: user=0.03 sys=0.04, real=0.03 secs] 
2021-06-09T08:47:59.136+0800: 2243830.788: [GC (Allocation Failure) [PSYoungGen: 501120K->11200K(507392K)] 888986K->408044K(1031680K), 0.0245131 secs] [Times: user=0.04 sys=0.04, real=0.02 secs] 
2021-06-09T08:52:15.724+0800: 2244087.376: [GC (Allocation Failure) [PSYoungGen: 501696K->10688K(507392K)] 898540K->416653K(1031680K), 0.0200628 secs] [Times: user=0.03 sys=0.04, real=0.02 secs] 
2021-06-09T08:56:33.412+0800: 2244345.064: [GC (Allocation Failure) [PSYoungGen: 501184K->10112K(507904K)] 907149K->424646K(1032192K), 0.0297575 secs] [Times: user=0.04 sys=0.05, real=0.03 secs] 
2021-06-09T09:00:54.554+0800: 2244606.206: [GC (Allocation Failure) [PSYoungGen: 501632K->11136K(507904K)] 916166K->432843K(1032192K), 0.0252488 secs] [Times: user=0.04 sys=0.03, real=0.02 secs] 
2021-06-09T09:05:12.230+0800: 2244863.882: [GC (Allocation Failure) [PSYoungGen: 502656K->10912K(508416K)] 924363K->441839K(1032704K), 0.0283580 secs] [Times: user=0.03 sys=0.05, real=0.03 secs] 
2021-06-09T09:09:29.117+0800: 2245120.770: [GC (Allocation Failure) [PSYoungGen: 503456K->13344K(508416K)] 934383K->452715K(1032704K), 0.0350316 secs] [Times: user=0.04 sys=0.04, real=0.04 secs] 
2021-06-09T09:13:46.442+0800: 2245378.094: [GC (Allocation Failure) [PSYoungGen: 505888K->10720K(508416K)] 945259K->460324K(1032704K), 0.0353944 secs] [Times: user=0.03 sys=0.03, real=0.03 secs] 
2021-06-09T09:18:02.674+0800: 2245634.326: [GC (Allocation Failure) [PSYoungGen: 503264K->9984K(508416K)] 952868K->468077K(1032704K), 0.0253806 secs] [Times: user=0.04 sys=0.05, real=0.02 secs] 
2021-06-09T09:22:25.012+0800: 2245896.664: [GC (Allocation Failure) [PSYoungGen: 502528K->11520K(508928K)] 960621K->477304K(1033216K), 0.0292823 secs] [Times: user=0.04 sys=0.04, real=0.02 secs] 
2021-06-09T09:26:41.936+0800: 2246153.588: [GC (Allocation Failure) [PSYoungGen: 504576K->13376K(508416K)] 970360K->487620K(1032704K), 0.0281145 secs] [Times: user=0.04 sys=0.04, real=0.03 secs] 
2021-06-09T09:31:01.757+0800: 2246413.409: [GC (Allocation Failure) [PSYoungGen: 506432K->11168K(508928K)] 980676K->495582K(1033216K), 0.0557110 secs] [Times: user=0.03 sys=0.03, real=0.06 secs] 
2021-06-09T09:35:18.590+0800: 2246670.242: [GC (Allocation Failure) [PSYoungGen: 504224K->8320K(508416K)] 988638K->500919K(1032704K), 0.0250048 secs] [Times: user=0.08 sys=0.00, real=0.03 secs] 
2021-06-09T09:39:34.903+0800: 2246926.555: [GC (Allocation Failure) [PSYoungGen: 501376K->8736K(507904K)] 993975K->508081K(1032192K), 0.0279281 secs] [Times: user=0.04 sys=0.04, real=0.02 secs] 
2021-06-09T09:43:53.674+0800: 2247185.326: [GC (Allocation Failure) [PSYoungGen: 501280K->8448K(508416K)] 1000625K->514291K(1032704K), 0.0257931 secs] [Times: user=0.04 sys=0.04, real=0.02 secs] 
2021-06-09T09:48:10.485+0800: 2247442.137: [GC (Allocation Failure) [PSYoungGen: 500992K->12160K(508416K)] 1006835K->524457K(1032704K), 0.0280237 secs] [Times: user=0.04 sys=0.03, real=0.03 secs] 
2021-06-09T09:52:27.142+0800: 2247698.794: [GC (Allocation Failure) [PSYoungGen: 504704K->7584K(508416K)] 1017001K->529519K(1032704K), 0.0243708 secs] [Times: user=0.04 sys=0.04, real=0.03 secs] 
2021-06-09T09:52:27.167+0800: 2247698.819: [Full GC (Ergonomics) [PSYoungGen: 7584K->0K(508416K)] [ParOldGen: 521935K->306506K(524288K)] 529519K->306506K(1032704K), [Metaspace: 97160K->97160K(1138688K)], 0.4756398 secs] [Times: user=0.53 sys=0.52, real=0.48 secs] 
2021-06-09T09:56:45.738+0800: 2247957.390: [GC (Allocation Failure) [PSYoungGen: 492544K->10944K(508928K)] 799050K->317450K(1033216K), 0.0236747 secs] [Times: user=0.03 sys=0.03, real=0.03 secs] 
2021-06-09T10:01:02.408+0800: 2248214.061: [GC (Allocation Failure) [PSYoungGen: 504000K->11040K(508416K)] 810506K->325845K(1032704K), 0.0238127 secs] [Times: user=0.04 sys=0.04, real=0.03 secs] 
2021-06-09T10:05:21.393+0800: 2248473.045: [GC (Allocation Failure) [PSYoungGen: 504096K->10240K(509440K)] 818901K->333623K(1033728K), 0.0241699 secs] [Times: user=0.03 sys=0.04, real=0.02 secs] 
2021-06-09T10:09:42.636+0800: 2248734.288: [GC (Allocation Failure) [PSYoungGen: 504320K->8448K(508928K)] 827703K->339520K(1033216K), 0.0250221 secs] [Times: user=0.04 sys=0.04, real=0.02 secs] 
2021-06-09T10:13:58.084+0800: 2248989.736: [GC (Allocation Failure) [PSYoungGen: 502528K->13120K(508416K)] 833600K->350146K(1032704K), 0.0254115 secs] [Times: user=0.04 sys=0.04, real=0.02 secs] 
2021-06-09T10:18:16.793+0800: 2249248.445: [GC (Allocation Failure) [PSYoungGen: 506688K->11616K(508928K)] 843714K->358317K(1033216K), 0.0439565 secs] [Times: user=0.04 sys=0.04, real=0.04 secs] 
2021-06-09T10:22:32.565+0800: 2249504.217: [GC (Allocation Failure) [PSYoungGen: 505184K->12192K(508928K)] 851885K->367511K(1033216K), 0.0462597 secs] [Times: user=0.04 sys=0.05, real=0.04 secs] 
2021-06-09T10:26:47.790+0800: 2249759.443: [GC (Allocation Failure) [PSYoungGen: 505760K->12736K(506368K)] 861079K->377059K(1030656K), 0.0331540 secs] [Times: user=0.03 sys=0.03, real=0.04 secs] 
2021-06-09T10:31:02.074+0800: 2250013.727: [GC (Allocation Failure) [PSYoungGen: 506304K->10624K(508928K)] 870627K->385588K(1033216K), 0.0285827 secs] [Times: user=0.03 sys=0.04, real=0.03 secs] 
2021-06-09T10:35:19.005+0800: 2250270.657: [GC (Allocation Failure) [PSYoungGen: 503680K->9472K(508416K)] 878644K->392597K(1032704K), 0.0321289 secs] [Times: user=0.04 sys=0.04, real=0.03 secs] 
2021-06-09T10:39:36.457+0800: 2250528.109: [GC (Allocation Failure) [PSYoungGen: 502528K->11136K(509440K)] 885653K->401951K(1033728K), 0.0593625 secs] [Times: user=0.05 sys=0.05, real=0.06 secs] 
2021-06-09T10:43:52.857+0800: 2250784.509: [GC (Allocation Failure) [PSYoungGen: 505216K->10272K(508928K)] 896031K->409169K(1033216K), 0.0239948 secs] [Times: user=0.04 sys=0.03, real=0.02 secs] 
2021-06-09T10:48:08.629+0800: 2251040.281: [GC (Allocation Failure) [PSYoungGen: 504352K->10016K(509952K)] 903249K->417099K(1034240K), 0.0364203 secs] [Times: user=0.04 sys=0.05, real=0.04 secs] 
2021-06-09T10:52:25.984+0800: 2251297.636: [GC (Allocation Failure) [PSYoungGen: 505632K->10112K(509952K)] 912715K->424727K(1034240K), 0.0273295 secs] [Times: user=0.04 sys=0.04, real=0.02 secs] 
2021-06-09T10:56:42.488+0800: 2251554.140: [GC (Allocation Failure) [PSYoungGen: 505728K->11744K(509952K)] 920343K->434250K(1034240K), 0.0481659 secs] [Times: user=0.03 sys=0.04, real=0.05 secs] 
2021-06-09T11:00:59.096+0800: 2251810.748: [GC (Allocation Failure) [PSYoungGen: 507360K->11520K(509952K)] 929866K->442012K(1034240K), 0.0299110 secs] [Times: user=0.04 sys=0.05, real=0.03 secs] 
2021-06-09T11:05:16.734+0800: 2252068.386: [GC (Allocation Failure) [PSYoungGen: 507136K->12704K(509952K)] 937628K->451719K(1034240K), 0.0439659 secs] [Times: user=0.04 sys=0.03, real=0.04 secs] 
2021-06-09T11:09:35.636+0800: 2252327.288: [GC (Allocation Failure) [PSYoungGen: 508320K->8864K(509952K)] 947335K->457824K(1034240K), 0.0235202 secs] [Times: user=0.03 sys=0.04, real=0.02 secs] 
2021-06-09T11:13:53.424+0800: 2252585.076: [GC (Allocation Failure) [PSYoungGen: 504480K->11712K(509952K)] 953440K->467388K(1034240K), 0.0623980 secs] [Times: user=0.08 sys=0.00, real=0.06 secs] 
2021-06-09T11:18:08.528+0800: 2252840.180: [GC (Allocation Failure) [PSYoungGen: 507328K->12800K(508928K)] 963004K->476112K(1033216K), 0.0324971 secs] [Times: user=0.03 sys=0.05, real=0.03 secs] 
2021-06-09T11:22:25.748+0800: 2253097.400: [GC (Allocation Failure) [PSYoungGen: 508416K->12384K(509440K)] 971728K->485395K(1033728K), 0.0273571 secs] [Times: user=0.04 sys=0.04, real=0.03 secs] 
2021-06-09T11:26:43.041+0800: 2253354.693: [GC (Allocation Failure) [PSYoungGen: 506976K->8864K(509440K)] 979987K->491660K(1033728K), 0.0248277 secs] [Times: user=0.03 sys=0.04, real=0.03 secs] 
2021-06-09T11:30:59.425+0800: 2253611.077: [GC (Allocation Failure) [PSYoungGen: 503456K->11712K(509440K)] 986252K->501655K(1033728K), 0.0319016 secs] [Times: user=0.05 sys=0.05, real=0.03 secs] 
2021-06-09T11:35:11.778+0800: 2253863.430: [GC (Allocation Failure) [PSYoungGen: 506304K->11936K(509440K)] 996247K->510218K(1033728K), 0.0255115 secs] [Times: user=0.04 sys=0.03, real=0.03 secs] 
2021-06-09T11:39:25.001+0800: 2254116.653: [GC (Allocation Failure) [PSYoungGen: 506528K->12928K(508416K)] 1004810K->520173K(1032704K), 0.0354937 secs] [Times: user=0.05 sys=0.04, real=0.04 secs] 
2021-06-09T11:43:41.197+0800: 2254372.849: [GC (Allocation Failure) [PSYoungGen: 506496K->10688K(508928K)] 1013741K->526735K(1033216K), 0.0272217 secs] [Times: user=0.03 sys=0.04, real=0.03 secs] 
2021-06-09T11:43:41.225+0800: 2254372.877: [Full GC (Ergonomics) [PSYoungGen: 10688K->0K(508928K)] [ParOldGen: 516047K->307584K(524288K)] 526735K->307584K(1033216K), [Metaspace: 97160K->97160K(1138688K)], 0.4168582 secs] [Times: user=0.48 sys=0.46, real=0.41 secs] 
2021-06-09T11:47:57.690+0800: 2254629.342: [GC (Allocation Failure) [PSYoungGen: 493568K->11648K(509440K)] 801152K->319232K(1033728K), 0.0215990 secs] [Times: user=0.02 sys=0.03, real=0.02 secs] 
2021-06-09T11:52:14.558+0800: 2254886.210: [GC (Allocation Failure) [PSYoungGen: 506240K->8768K(509440K)] 813824K->325568K(1033728K), 0.0446889 secs] [Times: user=0.04 sys=0.04, real=0.05 secs] 
2021-06-09T11:56:33.575+0800: 2255145.227: [GC (Allocation Failure) [PSYoungGen: 503360K->9792K(509440K)] 820160K->333051K(1033728K), 0.0255461 secs] [Times: user=0.04 sys=0.03, real=0.02 secs] 
2021-06-09T12:00:56.534+0800: 2255408.186: [GC (Allocation Failure) [PSYoungGen: 504384K->9504K(509440K)] 827643K->340719K(1033728K), 0.0231382 secs] [Times: user=0.04 sys=0.03, real=0.02 secs] 
2021-06-09T12:05:13.451+0800: 2255665.104: [GC (Allocation Failure) [PSYoungGen: 504096K->11168K(509952K)] 835311K->350050K(1034240K), 0.0487499 secs] [Times: user=0.04 sys=0.04, real=0.05 secs] 
2021-06-09T12:09:28.240+0800: 2255919.892: [GC (Allocation Failure) [PSYoungGen: 506272K->8960K(509440K)] 845154K->356674K(1033728K), 0.0254406 secs] [Times: user=0.03 sys=0.05, real=0.03 secs] 
2021-06-09T12:13:46.770+0800: 2256178.422: [GC (Allocation Failure) [PSYoungGen: 504064K->8224K(509952K)] 851778K->362493K(1034240K), 0.0326203 secs] [Times: user=0.03 sys=0.04, real=0.04 secs] 
2021-06-09T12:18:06.861+0800: 2256438.513: [GC (Allocation Failure) [PSYoungGen: 503840K->12928K(508928K)] 858109K->373001K(1033216K), 0.0227260 secs] [Times: user=0.03 sys=0.04, real=0.03 secs] 
2021-06-09T12:22:28.731+0800: 2256700.383: [GC (Allocation Failure) [PSYoungGen: 508544K->11104K(509440K)] 868617K->380917K(1033728K), 0.0629248 secs] [Times: user=0.03 sys=0.04, real=0.07 secs] 
2021-06-09T12:26:44.611+0800: 2256956.263: [GC (Allocation Failure) [PSYoungGen: 505696K->12704K(507392K)] 875509K->391009K(1031680K), 0.0324773 secs] [Times: user=0.04 sys=0.04, real=0.04 secs] 
2021-06-09T12:31:02.952+0800: 2257214.604: [GC (Allocation Failure) [PSYoungGen: 507296K->10656K(509440K)] 885601K->399673K(1033728K), 0.0302006 secs] [Times: user=0.05 sys=0.05, real=0.04 secs] 
2021-06-09T12:35:18.843+0800: 2257470.495: [GC (Allocation Failure) [PSYoungGen: 504736K->12864K(508928K)] 893753K->409670K(1033216K), 0.0289238 secs] [Times: user=0.03 sys=0.04, real=0.03 secs] 
2021-06-09T12:39:31.475+0800: 2257723.127: [GC (Allocation Failure) [PSYoungGen: 506944K->13760K(507904K)] 903750K->419713K(1032192K), 0.0288946 secs] [Times: user=0.04 sys=0.05, real=0.03 secs] 
2021-06-09T12:43:49.940+0800: 2257981.592: [GC (Allocation Failure) [PSYoungGen: 506304K->9504K(508416K)] 912257K->425458K(1032704K), 0.0246773 secs] [Times: user=0.03 sys=0.03, real=0.03 secs] 
2021-06-09T12:48:05.734+0800: 2258237.386: [GC (Allocation Failure) [PSYoungGen: 502048K->10720K(508928K)] 918002K->433837K(1033216K), 0.0281572 secs] [Times: user=0.04 sys=0.04, real=0.03 secs] 
2021-06-09T12:52:20.207+0800: 2258491.859: [GC (Allocation Failure) [PSYoungGen: 503776K->9152K(508416K)] 926893K->440815K(1032704K), 0.0444216 secs] [Times: user=0.04 sys=0.05, real=0.04 secs] 
2021-06-09T12:56:35.160+0800: 2258746.812: [GC (Allocation Failure) [PSYoungGen: 502208K->10720K(509440K)] 933871K->449250K(1033728K), 0.0372673 secs] [Times: user=0.05 sys=0.05, real=0.04 secs] 
2021-06-09T13:00:53.559+0800: 2259005.211: [GC (Allocation Failure) [PSYoungGen: 504800K->8416K(508928K)] 943330K->456131K(1033216K), 0.0280169 secs] [Times: user=0.04 sys=0.04, real=0.03 secs] 
2021-06-09T13:05:05.289+0800: 2259256.941: [GC (Allocation Failure) [PSYoungGen: 502496K->10218K(509952K)] 950211K->464904K(1034240K), 0.0878815 secs] [Times: user=0.03 sys=0.04, real=0.09 secs] 
2021-06-09T13:09:24.831+0800: 2259516.483: [GC (Allocation Failure) [PSYoungGen: 505322K->12352K(509440K)] 960008K->474603K(1033728K), 0.0334729 secs] [Times: user=0.04 sys=0.05, real=0.04 secs] 
2021-06-09T13:13:43.977+0800: 2259775.629: [GC (Allocation Failure) [PSYoungGen: 507456K->11808K(509440K)] 969707K->482119K(1033728K), 0.0302448 secs] [Times: user=0.08 sys=0.00, real=0.03 secs] 
2021-06-09T13:17:59.600+0800: 2260031.252: [GC (Allocation Failure) [PSYoungGen: 506400K->12800K(507904K)] 976711K->491203K(1032192K), 0.0276511 secs] [Times: user=0.03 sys=0.04, real=0.03 secs] 
2021-06-09T13:22:15.282+0800: 2260286.934: [GC (Allocation Failure) [PSYoungGen: 507392K->10400K(509440K)] 985795K->499172K(1033728K), 0.0426312 secs] [Times: user=0.04 sys=0.04, real=0.05 secs] 
2021-06-09T13:26:35.143+0800: 2260546.795: [GC (Allocation Failure) [PSYoungGen: 504480K->10304K(508928K)] 993252K->507358K(1033216K), 0.0269054 secs] [Times: user=0.04 sys=0.04, real=0.02 secs] 
2021-06-09T13:30:54.389+0800: 2260806.041: [GC (Allocation Failure) [PSYoungGen: 504384K->10464K(509952K)] 1001438K->515098K(1034240K), 0.0280690 secs] [Times: user=0.04 sys=0.04, real=0.03 secs] 
2021-06-09T13:35:11.898+0800: 2261063.550: [GC (Allocation Failure) [PSYoungGen: 505568K->9376K(509440K)] 1010202K->522938K(1033728K), 0.0346703 secs] [Times: user=0.05 sys=0.06, real=0.04 secs] 
2021-06-09T13:35:11.933+0800: 2261063.585: [Full GC (Ergonomics) [PSYoungGen: 9376K->0K(509440K)] [ParOldGen: 513562K->301866K(524288K)] 522938K->301866K(1033728K), [Metaspace: 97160K->97160K(1138688K)], 0.6045088 secs] [Times: user=0.68 sys=0.66, real=0.60 secs] 
2021-06-09T13:39:30.991+0800: 2261322.643: [GC (Allocation Failure) [PSYoungGen: 495104K->10048K(509952K)] 796970K->311914K(1034240K), 0.0267776 secs] [Times: user=0.02 sys=0.03, real=0.03 secs] 
2021-06-09T13:43:47.456+0800: 2261579.108: [GC (Allocation Failure) [PSYoungGen: 505664K->9888K(509952K)] 807530K->319709K(1034240K), 0.0294972 secs] [Times: user=0.04 sys=0.04, real=0.03 secs] 
2021-06-09T13:48:09.926+0800: 2261841.578: [GC (Allocation Failure) [PSYoungGen: 505504K->9632K(510464K)] 815325K->327151K(1034752K), 0.0401464 secs] [Times: user=0.03 sys=0.03, real=0.04 secs] 
2021-06-09T13:52:28.126+0800: 2262099.778: [GC (Allocation Failure) [PSYoungGen: 506272K->9824K(510464K)] 823791K->334282K(1034752K), 0.0363958 secs] [Times: user=0.04 sys=0.04, real=0.04 secs] 
2021-06-09T13:56:50.768+0800: 2262362.420: [GC (Allocation Failure) [PSYoungGen: 506464K->11552K(510464K)] 830922K->343094K(1034752K), 0.0277070 secs] [Times: user=0.04 sys=0.05, real=0.03 secs] 
2021-06-09T14:01:08.439+0800: 2262620.091: [GC (Allocation Failure) [PSYoungGen: 508192K->12192K(510464K)] 839734K->352401K(1034752K), 0.0241428 secs] [Times: user=0.03 sys=0.04, real=0.03 secs] 
2021-06-09T14:05:24.024+0800: 2262875.676: [GC (Allocation Failure) [PSYoungGen: 508832K->12384K(509440K)] 849041K->361549K(1033728K), 0.0297246 secs] [Times: user=0.02 sys=0.05, real=0.03 secs] 
2021-06-09T14:09:37.081+0800: 2263128.733: [GC (Allocation Failure) [PSYoungGen: 508000K->14304K(509952K)] 857165K->372280K(1034240K), 0.0263258 secs] [Times: user=0.03 sys=0.04, real=0.03 secs] 
2021-06-09T14:13:57.567+0800: 2263389.219: [GC (Allocation Failure) [PSYoungGen: 509920K->10368K(501760K)] 867896K->379127K(1026048K), 0.0399143 secs] [Times: user=0.03 sys=0.04, real=0.04 secs] 
2021-06-09T14:18:14.957+0800: 2263646.609: [GC (Allocation Failure) [PSYoungGen: 497791K->11168K(505856K)] 866551K->385763K(1030144K), 0.0231432 secs] [Times: user=0.03 sys=0.03, real=0.02 secs] 
2021-06-09T14:22:25.488+0800: 2263897.140: [GC (Allocation Failure) [PSYoungGen: 498592K->11232K(506880K)] 873187K->393789K(1031168K), 0.0329703 secs] [Times: user=0.03 sys=0.04, real=0.03 secs] 
2021-06-09T14:26:37.682+0800: 2264149.334: [GC (Allocation Failure) [PSYoungGen: 500192K->13088K(506368K)] 882749K->404816K(1030656K), 0.0261280 secs] [Times: user=0.04 sys=0.04, real=0.03 secs] 
2021-06-09T14:30:53.313+0800: 2264404.965: [GC (Allocation Failure) [PSYoungGen: 502048K->11328K(507392K)] 893776K->412985K(1031680K), 0.0274928 secs] [Times: user=0.03 sys=0.04, real=0.02 secs] 
2021-06-09T14:35:06.865+0800: 2264658.517: [GC (Allocation Failure) [PSYoungGen: 501312K->9120K(506880K)] 902969K->419588K(1031168K), 0.0275972 secs] [Times: user=0.08 sys=0.00, real=0.03 secs] 
2021-06-09T14:39:25.959+0800: 2264917.611: [GC (Allocation Failure) [PSYoungGen: 499104K->9216K(507392K)] 909572K->426166K(1031680K), 0.0245944 secs] [Times: user=0.04 sys=0.04, real=0.03 secs] 
2021-06-09T14:43:44.431+0800: 2265176.083: [GC (Allocation Failure) [PSYoungGen: 499712K->8928K(507392K)] 916662K->433040K(1031680K), 0.0366425 secs] [Times: user=0.05 sys=0.04, real=0.04 secs] 
2021-06-09T14:47:59.144+0800: 2265430.796: [GC (Allocation Failure) [PSYoungGen: 499424K->11072K(508416K)] 923536K->441373K(1032704K), 0.0320980 secs] [Times: user=0.05 sys=0.05, real=0.03 secs] 
2021-06-09T14:52:15.527+0800: 2265687.179: [GC (Allocation Failure) [PSYoungGen: 503104K->10624K(507904K)] 933405K->449935K(1032192K), 0.0372591 secs] [Times: user=0.05 sys=0.05, real=0.04 secs] 
2021-06-09T14:56:32.750+0800: 2265944.402: [GC (Allocation Failure) [PSYoungGen: 502656K->11136K(508928K)] 941967K->458274K(1033216K), 0.0352269 secs] [Times: user=0.05 sys=0.05, real=0.04 secs] 
2021-06-09T15:00:52.651+0800: 2266204.303: [GC (Allocation Failure) [PSYoungGen: 504192K->9504K(508416K)] 951330K->465847K(1032704K), 0.0320789 secs] [Times: user=0.04 sys=0.06, real=0.04 secs] 
2021-06-09T15:05:08.465+0800: 2266460.117: [GC (Allocation Failure) [PSYoungGen: 502560K->12672K(508928K)] 958903K->476458K(1033216K), 0.0358327 secs] [Times: user=0.05 sys=0.07, real=0.03 secs] 
2021-06-09T15:09:27.459+0800: 2266719.111: [GC (Allocation Failure) [PSYoungGen: 506240K->11136K(508928K)] 970026K->484836K(1033216K), 0.0341091 secs] [Times: user=0.05 sys=0.06, real=0.04 secs] 
2021-06-09T15:13:45.410+0800: 2266977.062: [GC (Allocation Failure) [PSYoungGen: 504704K->9888K(509440K)] 978404K->491671K(1033728K), 0.0600246 secs] [Times: user=0.05 sys=0.07, real=0.06 secs] 
2021-06-09T15:18:02.572+0800: 2267234.224: [GC (Allocation Failure) [PSYoungGen: 504480K->10944K(509440K)] 986263K->500178K(1033728K), 0.0402318 secs] [Times: user=0.05 sys=0.06, real=0.04 secs] 
2021-06-09T15:22:21.314+0800: 2267492.967: [GC (Allocation Failure) [PSYoungGen: 505536K->13344K(508928K)] 994770K->510573K(1033216K), 0.0667195 secs] [Times: user=0.05 sys=0.05, real=0.06 secs] 
2021-06-09T15:26:35.394+0800: 2267747.046: [GC (Allocation Failure) [PSYoungGen: 507936K->13280K(507904K)] 1005165K->520113K(1032192K), 0.0332804 secs] [Times: user=0.05 sys=0.05, real=0.03 secs] 
2021-06-09T15:30:53.108+0800: 2268004.760: [GC (Allocation Failure) [PSYoungGen: 507872K->12064K(508928K)] 1014705K->529266K(1033216K), 0.0427256 secs] [Times: user=0.06 sys=0.06, real=0.04 secs] 
2021-06-09T15:30:53.151+0800: 2268004.803: [Full GC (Ergonomics) [PSYoungGen: 12064K->0K(508928K)] [ParOldGen: 517202K->311465K(524288K)] 529266K->311465K(1033216K), [Metaspace: 97160K->97160K(1138688K)], 0.6362224 secs] [Times: user=1.29 sys=0.00, real=0.64 secs] 
2021-06-09T15:35:09.236+0800: 2268260.888: [GC (Allocation Failure) [PSYoungGen: 493568K->11200K(508928K)] 805033K->322665K(1033216K), 0.0282499 secs] [Times: user=0.03 sys=0.04, real=0.03 secs] 
2021-06-09T15:39:26.943+0800: 2268518.595: [GC (Allocation Failure) [PSYoungGen: 504768K->11488K(509440K)] 816233K->331124K(1033728K), 0.0362676 secs] [Times: user=0.05 sys=0.05, real=0.03 secs] 
2021-06-09T15:43:43.923+0800: 2268775.575: [GC (Allocation Failure) [PSYoungGen: 506080K->10016K(509440K)] 825716K->337927K(1033728K), 0.0388523 secs] [Times: user=0.04 sys=0.06, real=0.03 secs] 
2021-06-09T15:48:03.242+0800: 2269034.894: [GC (Allocation Failure) [PSYoungGen: 504608K->13504K(508416K)] 832519K->348787K(1032704K), 0.0332676 secs] [Times: user=0.05 sys=0.05, real=0.04 secs] 
2021-06-09T15:52:17.601+0800: 2269289.253: [GC (Allocation Failure) [PSYoungGen: 507072K->10144K(508928K)] 842355K->355907K(1033216K), 0.0304598 secs] [Times: user=0.04 sys=0.05, real=0.04 secs] 
2021-06-09T15:56:33.403+0800: 2269545.055: [GC (Allocation Failure) [PSYoungGen: 503712K->12320K(509440K)] 849475K->365878K(1033728K), 0.0464636 secs] [Times: user=0.06 sys=0.06, real=0.04 secs] 
2021-06-09T16:00:51.216+0800: 2269802.868: [GC (Allocation Failure) [PSYoungGen: 506912K->12288K(509440K)] 860470K->374882K(1033728K), 0.0316901 secs] [Times: user=0.05 sys=0.04, real=0.03 secs] 
2021-06-09T16:05:08.725+0800: 2270060.377: [GC (Allocation Failure) [PSYoungGen: 506880K->13440K(508416K)] 869474K->385237K(1032704K), 0.0310304 secs] [Times: user=0.04 sys=0.05, real=0.03 secs] 
2021-06-09T16:09:27.127+0800: 2270318.779: [GC (Allocation Failure) [PSYoungGen: 507008K->11616K(508928K)] 878805K->393559K(1033216K), 0.0802030 secs] [Times: user=0.05 sys=0.05, real=0.08 secs] 
2021-06-09T16:13:42.522+0800: 2270574.174: [GC (Allocation Failure) [PSYoungGen: 505184K->11424K(509440K)] 887127K->402410K(1033728K), 0.0460652 secs] [Times: user=0.05 sys=0.05, real=0.04 secs] 
2021-06-09T16:17:54.858+0800: 2270826.510: [GC (Allocation Failure) [PSYoungGen: 506016K->11520K(509440K)] 897002K->410830K(1033728K), 0.0290384 secs] [Times: user=0.05 sys=0.04, real=0.03 secs] 
2021-06-09T16:22:11.545+0800: 2271083.197: [GC (Allocation Failure) [PSYoungGen: 506112K->12000K(509952K)] 905422K->419607K(1034240K), 0.0333757 secs] [Times: user=0.05 sys=0.05, real=0.03 secs] 
2021-06-09T16:26:30.458+0800: 2271342.110: [GC (Allocation Failure) [PSYoungGen: 507616K->10464K(509952K)] 915223K->427993K(1034240K), 0.0429336 secs] [Times: user=0.05 sys=0.05, real=0.04 secs] 
2021-06-09T16:30:48.880+0800: 2271600.532: [GC (Allocation Failure) [PSYoungGen: 506080K->11392K(509952K)] 923609K->437444K(1034240K), 0.0277942 secs] [Times: user=0.04 sys=0.05, real=0.03 secs] 
2021-06-09T16:35:10.764+0800: 2271862.416: [GC (Allocation Failure) [PSYoungGen: 507008K->8480K(509952K)] 933060K->443319K(1034240K), 0.0282811 secs] [Times: user=0.05 sys=0.04, real=0.03 secs] 
2021-06-09T16:39:28.340+0800: 2272119.992: [GC (Allocation Failure) [PSYoungGen: 504096K->10432K(509952K)] 938935K->451459K(1034240K), 0.0302925 secs] [Times: user=0.04 sys=0.05, real=0.03 secs] 
2021-06-09T16:43:44.170+0800: 2272375.822: [GC (Allocation Failure) [PSYoungGen: 506048K->8224K(509952K)] 947075K->457758K(1034240K), 0.0335355 secs] [Times: user=0.03 sys=0.04, real=0.04 secs] 
2021-06-09T16:47:59.107+0800: 2272630.759: [GC (Allocation Failure) [PSYoungGen: 503840K->12000K(508928K)] 953374K->467970K(1033216K), 0.0306285 secs] [Times: user=0.05 sys=0.05, real=0.03 secs] 
2021-06-09T16:52:16.647+0800: 2272888.299: [GC (Allocation Failure) [PSYoungGen: 506592K->12768K(509440K)] 962562K->477933K(1033728K), 0.0378649 secs] [Times: user=0.05 sys=0.06, real=0.04 secs] 
2021-06-09T16:56:35.668+0800: 2273147.320: [GC (Allocation Failure) [PSYoungGen: 507360K->11968K(509440K)] 972525K->486406K(1033728K), 0.0435513 secs] [Times: user=0.12 sys=0.00, real=0.04 secs] 
2021-06-09T17:00:55.313+0800: 2273406.965: [GC (Allocation Failure) [PSYoungGen: 506560K->11360K(509440K)] 980998K->493929K(1033728K), 0.0319292 secs] [Times: user=0.04 sys=0.05, real=0.03 secs] 
2021-06-09T17:05:18.686+0800: 2273670.338: [GC (Allocation Failure) [PSYoungGen: 505952K->11008K(509952K)] 988521K->502427K(1034240K), 0.0420008 secs] [Times: user=0.05 sys=0.06, real=0.04 secs] 
2021-06-09T17:09:33.072+0800: 2273924.724: [GC (Allocation Failure) [PSYoungGen: 506624K->11840K(509952K)] 998043K->510870K(1034240K), 0.0630503 secs] [Times: user=0.06 sys=0.06, real=0.07 secs] 
2021-06-09T17:13:46.416+0800: 2274178.068: [GC (Allocation Failure) [PSYoungGen: 507456K->12096K(509952K)] 1006486K->520648K(1034240K), 0.0389728 secs] [Times: user=0.05 sys=0.05, real=0.04 secs] 
2021-06-09T17:17:57.716+0800: 2274429.368: [GC (Allocation Failure) [PSYoungGen: 507712K->14304K(509952K)] 1016264K->532740K(1034240K), 0.0320920 secs] [Times: user=0.05 sys=0.04, real=0.03 secs] 
2021-06-09T17:17:57.749+0800: 2274429.401: [Full GC (Ergonomics) [PSYoungGen: 14304K->0K(509952K)] [ParOldGen: 518436K->309860K(524288K)] 532740K->309860K(1034240K), [Metaspace: 97160K->97160K(1138688K)], 0.5935791 secs] [Times: user=0.63 sys=0.62, real=0.60 secs] 
2021-06-09T17:22:17.131+0800: 2274688.783: [GC (Allocation Failure) [PSYoungGen: 495616K->10688K(501760K)] 805476K->320548K(1026048K), 0.0341162 secs] [Times: user=0.03 sys=0.05, real=0.04 secs] 
2021-06-09T17:26:30.655+0800: 2274942.307: [GC (Allocation Failure) [PSYoungGen: 498112K->11008K(505856K)] 807972K->329311K(1030144K), 0.0398869 secs] [Times: user=0.05 sys=0.05, real=0.04 secs] 
2021-06-09T17:30:46.251+0800: 2275197.904: [GC (Allocation Failure) [PSYoungGen: 498432K->8576K(505344K)] 816735K->335240K(1029632K), 0.0289116 secs] [Times: user=0.04 sys=0.05, real=0.03 secs] 
2021-06-09T17:35:02.049+0800: 2275453.701: [GC (Allocation Failure) [PSYoungGen: 495998K->11424K(505856K)] 822662K->344594K(1030144K), 0.0272642 secs] [Times: user=0.04 sys=0.05, real=0.03 secs] 
2021-06-09T17:39:14.439+0800: 2275706.091: [GC (Allocation Failure) [PSYoungGen: 498848K->8768K(506368K)] 832018K->351266K(1030656K), 0.0333877 secs] [Times: user=0.04 sys=0.05, real=0.04 secs] 
2021-06-09T17:43:26.696+0800: 2275958.348: [GC (Allocation Failure) [PSYoungGen: 497216K->13504K(506368K)] 839714K->362584K(1030656K), 0.0234334 secs] [Times: user=0.04 sys=0.04, real=0.02 secs] 
2021-06-09T17:47:42.328+0800: 2276213.980: [GC (Allocation Failure) [PSYoungGen: 501952K->12064K(506880K)] 851032K->372092K(1031168K), 0.0267628 secs] [Times: user=0.04 sys=0.04, real=0.03 secs] 
2021-06-09T17:51:55.476+0800: 2276467.128: [GC (Allocation Failure) [PSYoungGen: 501024K->12960K(506368K)] 861052K->381503K(1030656K), 0.0919329 secs] [Times: user=0.04 sys=0.04, real=0.09 secs] 
2021-06-09T17:56:11.005+0800: 2276722.657: [GC (Allocation Failure) [PSYoungGen: 501920K->11200K(507392K)] 870463K->388816K(1031680K), 0.0307285 secs] [Times: user=0.04 sys=0.04, real=0.03 secs] 
2021-06-09T18:00:26.466+0800: 2276978.118: [GC (Allocation Failure) [PSYoungGen: 501184K->11776K(506880K)] 878800K->398129K(1031168K), 0.0317469 secs] [Times: user=0.04 sys=0.04, real=0.03 secs] 
2021-06-09T18:04:40.644+0800: 2277232.296: [GC (Allocation Failure) [PSYoungGen: 501760K->11744K(508416K)] 888113K->406628K(1032704K), 0.0591830 secs] [Times: user=0.03 sys=0.03, real=0.06 secs] 
2021-06-09T18:08:55.020+0800: 2277486.672: [GC (Allocation Failure) [PSYoungGen: 503776K->13280K(507904K)] 898660K->417104K(1032192K), 0.0281539 secs] [Times: user=0.04 sys=0.04, real=0.03 secs] 
2021-06-09T18:13:11.990+0800: 2277743.642: [GC (Allocation Failure) [PSYoungGen: 505312K->10528K(508416K)] 909136K->423626K(1032704K), 0.0279425 secs] [Times: user=0.04 sys=0.04, real=0.03 secs] 
2021-06-09T18:17:28.870+0800: 2278000.522: [GC (Allocation Failure) [PSYoungGen: 502560K->10016K(507904K)] 915658K->430653K(1032192K), 0.0233058 secs] [Times: user=0.04 sys=0.03, real=0.03 secs] 
2021-06-09T18:21:46.150+0800: 2278257.802: [GC (Allocation Failure) [PSYoungGen: 502048K->11008K(508416K)] 922685K->439022K(1032704K), 0.0239706 secs] [Times: user=0.04 sys=0.03, real=0.03 secs] 
2021-06-09T18:26:04.027+0800: 2278515.679: [GC (Allocation Failure) [PSYoungGen: 503552K->9152K(508416K)] 931566K->445520K(1032704K), 0.0355481 secs] [Times: user=0.04 sys=0.05, real=0.04 secs] 
2021-06-09T18:30:21.957+0800: 2278773.609: [GC (Allocation Failure) [PSYoungGen: 501696K->8384K(508416K)] 938064K->451674K(1032704K), 0.0276833 secs] [Times: user=0.04 sys=0.05, real=0.03 secs] 
2021-06-09T18:34:36.007+0800: 2279027.659: [GC (Allocation Failure) [PSYoungGen: 500928K->12896K(508416K)] 944218K->462462K(1032704K), 0.0345274 secs] [Times: user=0.04 sys=0.04, real=0.03 secs] 
2021-06-09T18:38:47.827+0800: 2279279.479: [GC (Allocation Failure) [PSYoungGen: 505440K->15200K(506368K)] 955006K->473442K(1030656K), 0.0347009 secs] [Times: user=0.05 sys=0.05, real=0.03 secs] 
2021-06-09T18:43:00.748+0800: 2279532.400: [GC (Allocation Failure) [PSYoungGen: 505696K->12288K(507392K)] 963938K->480746K(1031680K), 0.0330440 secs] [Times: user=0.05 sys=0.05, real=0.03 secs] 
2021-06-09T18:47:19.329+0800: 2279790.981: [GC (Allocation Failure) [PSYoungGen: 502784K->13568K(507392K)] 971242K->490262K(1031680K), 0.0290450 secs] [Times: user=0.04 sys=0.04, real=0.03 secs] 
2021-06-09T18:51:29.873+0800: 2280041.525: [GC (Allocation Failure) [PSYoungGen: 504064K->11808K(507392K)] 980758K->497296K(1031680K), 0.0271431 secs] [Times: user=0.04 sys=0.05, real=0.02 secs] 
2021-06-09T18:55:45.942+0800: 2280297.594: [GC (Allocation Failure) [PSYoungGen: 502304K->10336K(507904K)] 987792K->504952K(1032192K), 0.0252484 secs] [Times: user=0.03 sys=0.03, real=0.03 secs] 
2021-06-09T19:00:01.311+0800: 2280552.963: [GC (Allocation Failure) [PSYoungGen: 501856K->8672K(507904K)] 996472K->512249K(1032192K), 0.0360602 secs] [Times: user=0.04 sys=0.04, real=0.04 secs] 
2021-06-09T19:04:10.823+0800: 2280802.476: [GC (Allocation Failure) [PSYoungGen: 500192K->10954K(508416K)] 1003769K->521054K(1032704K), 0.0238875 secs] [Times: user=0.04 sys=0.03, real=0.02 secs] 
2021-06-09T19:08:26.512+0800: 2281058.164: [GC (Allocation Failure) [PSYoungGen: 502986K->11232K(507904K)] 1013086K->530033K(1032192K), 0.0554546 secs] [Times: user=0.04 sys=0.04, real=0.06 secs] 
2021-06-09T19:08:26.568+0800: 2281058.220: [Full GC (Ergonomics) [PSYoungGen: 11232K->0K(507904K)] [ParOldGen: 518801K->305358K(524288K)] 530033K->305358K(1032192K), [Metaspace: 97160K->97160K(1138688K)], 0.5452497 secs] [Times: user=1.21 sys=0.00, real=0.55 secs] 
2021-06-09T19:12:40.785+0800: 2281312.437: [GC (Allocation Failure) [PSYoungGen: 492032K->13536K(507904K)] 797390K->318894K(1032192K), 0.0256312 secs] [Times: user=0.04 sys=0.04, real=0.02 secs] 
2021-06-09T19:16:56.914+0800: 2281568.566: [GC (Allocation Failure) [PSYoungGen: 506080K->10912K(508416K)] 811438K->327007K(1032704K), 0.0298366 secs] [Times: user=0.05 sys=0.04, real=0.03 secs] 
2021-06-09T19:21:12.300+0800: 2281823.952: [GC (Allocation Failure) [PSYoungGen: 503456K->11872K(508928K)] 819551K->335889K(1033216K), 0.0274263 secs] [Times: user=0.04 sys=0.04, real=0.03 secs] 
2021-06-09T19:25:27.613+0800: 2282079.265: [GC (Allocation Failure) [PSYoungGen: 504928K->11808K(508416K)] 828945K->345045K(1032704K), 0.0265235 secs] [Times: user=0.03 sys=0.04, real=0.02 secs] 
2021-06-09T19:29:45.532+0800: 2282337.184: [GC (Allocation Failure) [PSYoungGen: 504864K->13472K(508928K)] 838101K->355448K(1033216K), 0.0537034 secs] [Times: user=0.06 sys=0.06, real=0.06 secs] 
2021-06-09T19:34:03.719+0800: 2282595.371: [GC (Allocation Failure) [PSYoungGen: 507040K->9824K(508928K)] 849016K->361360K(1033216K), 0.0297016 secs] [Times: user=0.04 sys=0.04, real=0.03 secs] 
2021-06-09T19:38:23.633+0800: 2282855.285: [GC (Allocation Failure) [PSYoungGen: 503392K->12480K(508928K)] 854928K->371148K(1033216K), 0.0257296 secs] [Times: user=0.04 sys=0.04, real=0.02 secs] 
2021-06-09T19:42:38.069+0800: 2283109.721: [GC (Allocation Failure) [PSYoungGen: 506048K->11840K(508928K)] 864716K->379904K(1033216K), 0.0259547 secs] [Times: user=0.04 sys=0.04, real=0.03 secs] 
2021-06-09T19:46:52.010+0800: 2283363.662: [GC (Allocation Failure) [PSYoungGen: 505408K->15328K(499712K)] 873472K->393180K(1024000K), 0.0354404 secs] [Times: user=0.04 sys=0.05, real=0.04 secs] 
2021-06-09T19:51:04.644+0800: 2283616.296: [GC (Allocation Failure) [PSYoungGen: 499680K->9856K(504320K)] 877532K->398558K(1028608K), 0.0348569 secs] [Times: user=0.05 sys=0.05, real=0.03 secs] 
2021-06-09T19:55:19.220+0800: 2283870.872: [GC (Allocation Failure) [PSYoungGen: 494208K->9376K(504832K)] 882910K->405999K(1029120K), 0.0260348 secs] [Times: user=0.04 sys=0.04, real=0.03 secs] 
2021-06-09T19:59:31.864+0800: 2284123.516: [GC (Allocation Failure) [PSYoungGen: 494240K->9920K(504320K)] 890863K->413596K(1028608K), 0.0312875 secs] [Times: user=0.03 sys=0.04, real=0.03 secs] 
2021-06-09T20:03:45.640+0800: 2284377.292: [GC (Allocation Failure) [PSYoungGen: 494784K->9472K(505344K)] 898460K->420846K(1029632K), 0.0300276 secs] [Times: user=0.04 sys=0.05, real=0.03 secs] 
2021-06-09T20:07:56.184+0800: 2284627.836: [GC (Allocation Failure) [PSYoungGen: 495360K->12160K(504832K)] 906734K->430280K(1029120K), 0.0303053 secs] [Times: user=0.04 sys=0.05, real=0.03 secs] 
2021-06-09T20:12:05.674+0800: 2284877.326: [GC (Allocation Failure) [PSYoungGen: 498048K->14464K(504832K)] 916168K->441588K(1029120K), 0.0590514 secs] [Times: user=0.04 sys=0.04, real=0.06 secs] 
2021-06-09T20:16:16.564+0800: 2285128.216: [GC (Allocation Failure) [PSYoungGen: 500864K->13536K(505344K)] 927988K->451703K(1029632K), 0.0298512 secs] [Times: user=0.04 sys=0.04, real=0.03 secs] 
2021-06-09T20:20:29.244+0800: 2285380.896: [GC (Allocation Failure) [PSYoungGen: 499936K->11584K(505856K)] 938103K->459512K(1030144K), 0.0330834 secs] [Times: user=0.04 sys=0.05, real=0.03 secs] 
2021-06-09T20:24:41.286+0800: 2285632.938: [GC (Allocation Failure) [PSYoungGen: 498496K->10048K(505344K)] 946424K->466099K(1029632K), 0.0300828 secs] [Times: user=0.04 sys=0.05, real=0.03 secs] 
2021-06-09T20:28:57.578+0800: 2285889.230: [GC (Allocation Failure) [PSYoungGen: 496960K->10880K(506880K)] 953011K->474502K(1031168K), 0.0265776 secs] [Times: user=0.04 sys=0.04, real=0.03 secs] 
2021-06-09T20:33:09.519+0800: 2286141.171: [GC (Allocation Failure) [PSYoungGen: 499840K->12320K(506368K)] 963462K->484999K(1030656K), 0.0306624 secs] [Times: user=0.04 sys=0.05, real=0.03 secs] 
2021-06-09T20:37:27.388+0800: 2286399.040: [GC (Allocation Failure) [PSYoungGen: 501280K->9792K(507392K)] 973959K->491233K(1031680K), 0.0261911 secs] [Times: user=0.08 sys=0.00, real=0.03 secs] 
2021-06-09T20:41:41.195+0800: 2286652.847: [GC (Allocation Failure) [PSYoungGen: 499776K->14880K(505344K)] 981217K->502974K(1029632K), 0.0646865 secs] [Times: user=0.04 sys=0.04, real=0.06 secs] 
2021-06-09T20:45:55.026+0800: 2286906.678: [GC (Allocation Failure) [PSYoungGen: 504864K->13760K(506368K)] 992958K->512218K(1030656K), 0.0329904 secs] [Times: user=0.05 sys=0.04, real=0.03 secs] 
2021-06-09T20:50:08.210+0800: 2287159.862: [GC (Allocation Failure) [PSYoungGen: 502208K->11968K(506368K)] 1000666K->519942K(1030656K), 0.0629487 secs] [Times: user=0.03 sys=0.04, real=0.08 secs] 
2021-06-09T20:54:23.192+0800: 2287414.844: [GC (Allocation Failure) [PSYoungGen: 500416K->13056K(506880K)] 1008390K->530728K(1031168K), 0.0278876 secs] [Times: user=0.04 sys=0.04, real=0.03 secs] 
2021-06-09T20:54:23.220+0800: 2287414.872: [Full GC (Ergonomics) [PSYoungGen: 13056K->0K(506880K)] [ParOldGen: 517672K->311496K(524288K)] 530728K->311496K(1031168K), [Metaspace: 97160K->97160K(1138688K)], 0.5421086 secs] [Times: user=1.12 sys=0.00, real=0.55 secs] 
2021-06-09T20:58:40.492+0800: 2287672.144: [GC (Allocation Failure) [PSYoungGen: 489472K->9056K(506880K)] 800968K->320552K(1031168K), 0.0227002 secs] [Times: user=0.04 sys=0.04, real=0.03 secs] 
2021-06-09T21:02:54.578+0800: 2287926.230: [GC (Allocation Failure) [PSYoungGen: 498528K->10528K(507392K)] 810024K->329426K(1031680K), 0.0279035 secs] [Times: user=0.04 sys=0.04, real=0.03 secs] 
2021-06-09T21:07:09.280+0800: 2288180.932: [GC (Allocation Failure) [PSYoungGen: 500512K->10176K(506880K)] 819410K->337420K(1031168K), 0.0248154 secs] [Times: user=0.04 sys=0.04, real=0.03 secs] 
2021-06-09T21:11:26.098+0800: 2288437.750: [GC (Allocation Failure) [PSYoungGen: 500160K->11456K(507904K)] 827404K->346615K(1032192K), 0.0249870 secs] [Times: user=0.04 sys=0.03, real=0.03 secs] 
2021-06-09T21:15:41.720+0800: 2288693.372: [GC (Allocation Failure) [PSYoungGen: 502464K->11424K(507392K)] 837623K->355737K(1031680K), 0.0601735 secs] [Times: user=0.04 sys=0.04, real=0.06 secs] 
2021-06-09T21:19:56.851+0800: 2288948.503: [GC (Allocation Failure) [PSYoungGen: 502432K->12992K(508416K)] 846745K->365028K(1032704K), 0.0816978 secs] [Times: user=0.04 sys=0.04, real=0.09 secs] 
2021-06-09T21:24:11.274+0800: 2289202.926: [GC (Allocation Failure) [PSYoungGen: 505536K->11968K(508416K)] 857572K->373685K(1032704K), 0.0340458 secs] [Times: user=0.05 sys=0.05, real=0.03 secs] 
2021-06-09T21:28:26.661+0800: 2289458.313: [GC (Allocation Failure) [PSYoungGen: 504512K->12832K(508416K)] 866229K->383328K(1032704K), 0.0297501 secs] [Times: user=0.04 sys=0.04, real=0.03 secs] 
2021-06-09T21:32:40.977+0800: 2289712.629: [GC (Allocation Failure) [PSYoungGen: 505376K->13568K(508416K)] 875872K->393141K(1032704K), 0.0291681 secs] [Times: user=0.04 sys=0.04, real=0.03 secs] 
2021-06-09T21:36:58.846+0800: 2289970.498: [GC (Allocation Failure) [PSYoungGen: 506112K->10528K(508416K)] 885685K->400565K(1032704K), 0.0284555 secs] [Times: user=0.05 sys=0.04, real=0.03 secs] 
2021-06-09T21:41:12.953+0800: 2290224.605: [GC (Allocation Failure) [PSYoungGen: 503072K->12800K(508416K)] 893109K->410850K(1032704K), 0.0321940 secs] [Times: user=0.05 sys=0.05, real=0.03 secs] 
2021-06-09T21:45:28.277+0800: 2290479.929: [GC (Allocation Failure) [PSYoungGen: 505344K->12320K(508928K)] 903394K->419588K(1033216K), 0.0289817 secs] [Times: user=0.04 sys=0.04, real=0.03 secs] 
2021-06-09T21:49:44.351+0800: 2290736.003: [GC (Allocation Failure) [PSYoungGen: 505376K->11296K(508416K)] 912644K->427544K(1032704K), 0.0271342 secs] [Times: user=0.04 sys=0.04, real=0.03 secs] 
2021-06-09T21:53:59.882+0800: 2290991.534: [GC (Allocation Failure) [PSYoungGen: 504352K->11392K(508928K)] 920600K->436450K(1033216K), 0.0270773 secs] [Times: user=0.04 sys=0.03, real=0.03 secs] 
2021-06-09T21:58:14.579+0800: 2291246.232: [GC (Allocation Failure) [PSYoungGen: 504960K->12448K(508928K)] 930018K->445030K(1033216K), 0.0328839 secs] [Times: user=0.04 sys=0.05, real=0.04 secs] 
2021-06-09T22:02:31.144+0800: 2291502.796: [GC (Allocation Failure) [PSYoungGen: 506002K->12608K(509440K)] 938585K->453739K(1033728K), 0.0276256 secs] [Times: user=0.04 sys=0.05, real=0.03 secs] 
2021-06-09T22:06:47.525+0800: 2291759.177: [GC (Allocation Failure) [PSYoungGen: 507200K->7936K(502784K)] 948331K->459728K(1027072K), 0.0639171 secs] [Times: user=0.04 sys=0.04, real=0.06 secs] 
2021-06-09T22:11:03.801+0800: 2292015.454: [GC (Allocation Failure) [PSYoungGen: 502528K->11456K(508928K)] 954320K->469101K(1033216K), 0.0358902 secs] [Times: user=0.04 sys=0.04, real=0.04 secs] 
2021-06-09T22:15:20.888+0800: 2292272.540: [GC (Allocation Failure) [PSYoungGen: 505024K->9728K(508928K)] 962669K->476406K(1033216K), 0.0322310 secs] [Times: user=0.04 sys=0.05, real=0.03 secs] 
2021-06-09T22:19:34.724+0800: 2292526.376: [GC (Allocation Failure) [PSYoungGen: 503296K->12192K(509440K)] 969974K->486290K(1033728K), 0.0280682 secs] [Times: user=0.04 sys=0.04, real=0.03 secs] 
2021-06-09T22:23:49.859+0800: 2292781.511: [GC (Allocation Failure) [PSYoungGen: 506272K->14368K(508928K)] 980370K->497087K(1033216K), 0.0485556 secs] [Times: user=0.03 sys=0.04, real=0.05 secs] 
2021-06-09T22:28:03.768+0800: 2293035.420: [GC (Allocation Failure) [PSYoungGen: 508448K->13056K(507904K)] 991167K->506145K(1032192K), 0.0299769 secs] [Times: user=0.09 sys=0.00, real=0.03 secs] 
2021-06-09T22:32:16.888+0800: 2293288.540: [GC (Allocation Failure) [PSYoungGen: 505600K->12256K(508416K)] 998689K->515475K(1032704K), 0.0302572 secs] [Times: user=0.04 sys=0.04, real=0.03 secs] 
2021-06-09T22:36:30.096+0800: 2293541.748: [GC (Allocation Failure) [PSYoungGen: 504800K->12448K(508928K)] 1008019K->524559K(1033216K), 0.0484385 secs] [Times: user=0.04 sys=0.04, real=0.05 secs] 
2021-06-09T22:40:46.061+0800: 2293797.713: [GC (Allocation Failure) [PSYoungGen: 505504K->12000K(508416K)] 1017615K->532881K(1032704K), 0.0334297 secs] [Times: user=0.05 sys=0.05, real=0.04 secs] 
2021-06-09T22:40:46.095+0800: 2293797.747: [Full GC (Ergonomics) [PSYoungGen: 12000K->0K(508416K)] [ParOldGen: 520881K->308785K(524288K)] 532881K->308785K(1032704K), [Metaspace: 97160K->97160K(1138688K)], 0.5431390 secs] [Times: user=1.15 sys=0.00, real=0.54 secs] 
2021-06-09T22:45:02.023+0800: 2294053.675: [GC (Allocation Failure) [PSYoungGen: 493056K->10656K(508928K)] 801841K->319441K(1033216K), 0.0298112 secs] [Times: user=0.04 sys=0.04, real=0.03 secs] 
2021-06-09T22:49:17.359+0800: 2294309.011: [GC (Allocation Failure) [PSYoungGen: 504224K->12128K(508928K)] 813009K->329234K(1033216K), 0.0336929 secs] [Times: user=0.04 sys=0.04, real=0.04 secs] 
2021-06-09T22:53:33.598+0800: 2294565.250: [GC (Allocation Failure) [PSYoungGen: 505696K->9504K(509440K)] 822802K->335636K(1033728K), 0.0312612 secs] [Times: user=0.04 sys=0.04, real=0.03 secs] 
2021-06-09T22:57:48.512+0800: 2294820.164: [GC (Allocation Failure) [PSYoungGen: 504096K->13696K(508416K)] 830228K->346912K(1032704K), 0.0315474 secs] [Times: user=0.04 sys=0.04, real=0.04 secs] 
2021-06-09T23:02:04.276+0800: 2295075.928: [GC (Allocation Failure) [PSYoungGen: 508288K->13952K(507904K)] 841504K->357418K(1032192K), 0.0324743 secs] [Times: user=0.05 sys=0.05, real=0.03 secs] 
2021-06-09T23:06:20.260+0800: 2295331.912: [GC (Allocation Failure) [PSYoungGen: 506496K->12416K(508416K)] 849962K->364932K(1032704K), 0.0335815 secs] [Times: user=0.04 sys=0.05, real=0.04 secs] 
2021-06-09T23:10:31.143+0800: 2295582.795: [GC (Allocation Failure) [PSYoungGen: 504960K->10432K(508416K)] 857476K->372828K(1032704K), 0.0278343 secs] [Times: user=0.04 sys=0.05, real=0.02 secs] 
2021-06-09T23:14:47.223+0800: 2295838.875: [GC (Allocation Failure) [PSYoungGen: 502976K->11264K(508416K)] 865372K->382160K(1032704K), 0.0304291 secs] [Times: user=0.04 sys=0.05, real=0.03 secs] 
2021-06-09T23:19:03.164+0800: 2296094.816: [GC (Allocation Failure) [PSYoungGen: 503808K->11040K(508928K)] 874704K->390410K(1033216K), 0.0281668 secs] [Times: user=0.04 sys=0.04, real=0.03 secs] 
2021-06-09T23:23:16.748+0800: 2296348.400: [GC (Allocation Failure) [PSYoungGen: 504608K->10720K(508928K)] 883978K->397413K(1033216K), 0.0297737 secs] [Times: user=0.04 sys=0.05, real=0.03 secs] 
2021-06-09T23:27:35.836+0800: 2296607.488: [GC (Allocation Failure) [PSYoungGen: 504288K->7872K(508416K)] 890981K->402911K(1032704K), 0.0670199 secs] [Times: user=0.03 sys=0.03, real=0.07 secs] 
2021-06-09T23:31:53.867+0800: 2296865.519: [GC (Allocation Failure) [PSYoungGen: 501440K->8512K(508928K)] 896479K->409243K(1033216K), 0.0879566 secs] [Times: user=0.04 sys=0.03, real=0.09 secs] 
2021-06-09T23:36:07.678+0800: 2297119.330: [GC (Allocation Failure) [PSYoungGen: 502080K->12928K(507904K)] 902811K->420111K(1032192K), 0.0304560 secs] [Times: user=0.04 sys=0.04, real=0.03 secs] 
2021-06-09T23:40:20.950+0800: 2297372.602: [GC (Allocation Failure) [PSYoungGen: 505472K->11744K(508416K)] 912655K->427683K(1032704K), 0.0378264 secs] [Times: user=0.08 sys=0.00, real=0.04 secs] 
2021-06-09T23:44:36.307+0800: 2297627.959: [GC (Allocation Failure) [PSYoungGen: 504288K->11616K(508928K)] 920227K->436702K(1033216K), 0.0299132 secs] [Times: user=0.03 sys=0.04, real=0.03 secs] 
2021-06-09T23:48:55.746+0800: 2297887.398: [GC (Allocation Failure) [PSYoungGen: 505184K->8416K(508928K)] 930270K->442462K(1033216K), 0.0299100 secs] [Times: user=0.04 sys=0.05, real=0.03 secs] 
2021-06-09T23:53:10.909+0800: 2298142.561: [GC (Allocation Failure) [PSYoungGen: 501977K->11392K(508928K)] 936024K->451995K(1033216K), 0.0272382 secs] [Times: user=0.05 sys=0.04, real=0.03 secs] 
2021-06-09T23:57:24.350+0800: 2298396.002: [GC (Allocation Failure) [PSYoungGen: 504960K->11424K(508928K)] 945563K->460519K(1033216K), 0.0375173 secs] [Times: user=0.05 sys=0.06, real=0.04 secs] 
2021-06-10T00:01:29.666+0800: 2298641.318: [GC (Allocation Failure) [PSYoungGen: 504992K->13664K(508416K)] 954087K->470266K(1032704K), 0.0356781 secs] [Times: user=0.05 sys=0.05, real=0.04 secs] 
2021-06-10T00:05:46.775+0800: 2298898.427: [GC (Allocation Failure) [PSYoungGen: 507232K->9248K(508928K)] 963834K->476429K(1033216K), 0.0486958 secs] [Times: user=0.05 sys=0.05, real=0.05 secs] 
2021-06-10T00:10:01.535+0800: 2299153.187: [GC (Allocation Failure) [PSYoungGen: 502816K->8320K(508928K)] 969997K->482848K(1033216K), 0.0668130 secs] [Times: user=0.04 sys=0.05, real=0.07 secs] 
2021-06-10T00:14:17.941+0800: 2299409.593: [GC (Allocation Failure) [PSYoungGen: 501888K->9952K(508928K)] 976416K->490549K(1033216K), 0.0240908 secs] [Times: user=0.04 sys=0.03, real=0.03 secs] 
2021-06-10T00:18:36.734+0800: 2299668.387: [GC (Allocation Failure) [PSYoungGen: 503520K->10272K(509440K)] 984117K->497800K(1033728K), 0.0470698 secs] [Times: user=0.04 sys=0.04, real=0.04 secs] 
2021-06-10T00:22:53.717+0800: 2299925.369: [GC (Allocation Failure) [PSYoungGen: 504352K->10720K(508928K)] 991880K->506282K(1033216K), 0.0288253 secs] [Times: user=0.05 sys=0.04, real=0.03 secs] 
2021-06-10T00:27:06.705+0800: 2300178.357: [GC (Allocation Failure) [PSYoungGen: 504800K->9984K(509952K)] 1000362K->513630K(1034240K), 0.0276246 secs] [Times: user=0.04 sys=0.05, real=0.03 secs] 
2021-06-10T00:31:22.739+0800: 2300434.391: [GC (Allocation Failure) [PSYoungGen: 505600K->10656K(509952K)] 1009246K->521672K(1034240K), 0.0308165 secs] [Times: user=0.04 sys=0.04, real=0.03 secs] 
2021-06-10T00:35:38.993+0800: 2300690.645: [GC (Allocation Failure) [PSYoungGen: 506272K->12288K(509440K)] 1017288K->531195K(1033728K), 0.0279299 secs] [Times: user=0.04 sys=0.04, real=0.02 secs] 
2021-06-10T00:35:39.022+0800: 2300690.674: [Full GC (Ergonomics) [PSYoungGen: 12288K->0K(509440K)] [ParOldGen: 518907K->307293K(524288K)] 531195K->307293K(1033728K), [Metaspace: 97160K->97160K(1138688K)], 0.4659433 secs] [Times: user=1.06 sys=0.00, real=0.47 secs] 
2021-06-10T00:39:56.983+0800: 2300948.635: [GC (Allocation Failure) [PSYoungGen: 495616K->9920K(509952K)] 802909K->317213K(1034240K), 0.0288640 secs] [Times: user=0.04 sys=0.04, real=0.02 secs] 
2021-06-10T00:44:14.986+0800: 2301206.638: [GC (Allocation Failure) [PSYoungGen: 505536K->10176K(510464K)] 812829K->326111K(1034752K), 0.0539130 secs] [Times: user=0.03 sys=0.04, real=0.05 secs] 
2021-06-10T00:48:32.074+0800: 2301463.726: [GC (Allocation Failure) [PSYoungGen: 506304K->12256K(509952K)] 822239K->336091K(1034240K), 0.0290640 secs] [Times: user=0.03 sys=0.04, real=0.03 secs] 
2021-06-10T00:52:49.241+0800: 2301720.893: [GC (Allocation Failure) [PSYoungGen: 508384K->13088K(508928K)] 832219K->344966K(1033216K), 0.0273397 secs] [Times: user=0.04 sys=0.04, real=0.03 secs] 
2021-06-10T00:57:08.389+0800: 2301980.041: [GC (Allocation Failure) [PSYoungGen: 507680K->11968K(509440K)] 839558K->354231K(1033728K), 0.0296993 secs] [Times: user=0.04 sys=0.05, real=0.03 secs] 
2021-06-10T01:01:25.700+0800: 2302237.352: [GC (Allocation Failure) [PSYoungGen: 506560K->8320K(509440K)] 848823K->360256K(1033728K), 0.0265359 secs] [Times: user=0.03 sys=0.04, real=0.03 secs] 
2021-06-10T01:05:34.924+0800: 2302486.576: [GC (Allocation Failure) [PSYoungGen: 502912K->9162K(509440K)] 854848K->367813K(1033728K), 0.0254212 secs] [Times: user=0.03 sys=0.04, real=0.02 secs] 
2021-06-10T01:09:53.937+0800: 2302745.589: [GC (Allocation Failure) [PSYoungGen: 503754K->11680K(509440K)] 862405K->377176K(1033728K), 0.0237858 secs] [Times: user=0.03 sys=0.04, real=0.02 secs] 
2021-06-10T01:14:12.644+0800: 2303004.296: [GC (Allocation Failure) [PSYoungGen: 506272K->11904K(509440K)] 871768K->385987K(1033728K), 0.0263178 secs] [Times: user=0.04 sys=0.04, real=0.02 secs] 
2021-06-10T01:18:32.308+0800: 2303263.960: [GC (Allocation Failure) [PSYoungGen: 506496K->11552K(509440K)] 880579K->394126K(1033728K), 0.0314462 secs] [Times: user=0.04 sys=0.05, real=0.03 secs] 
2021-06-10T01:22:49.451+0800: 2303521.103: [GC (Allocation Failure) [PSYoungGen: 506141K->11392K(509440K)] 888716K->402785K(1033728K), 0.0527908 secs] [Times: user=0.04 sys=0.05, real=0.06 secs] 
2021-06-10T01:27:07.912+0800: 2303779.564: [GC (Allocation Failure) [PSYoungGen: 505984K->11328K(509952K)] 897377K->411308K(1034240K), 0.0799997 secs] [Times: user=0.04 sys=0.04, real=0.09 secs] 
2021-06-10T01:31:26.836+0800: 2304038.488: [GC (Allocation Failure) [PSYoungGen: 506944K->9632K(509952K)] 906924K->418260K(1034240K), 0.0477204 secs] [Times: user=0.03 sys=0.05, real=0.05 secs] 
2021-06-10T01:35:44.465+0800: 2304296.117: [GC (Allocation Failure) [PSYoungGen: 505248K->10912K(510464K)] 913876K->426904K(1034752K), 0.0303480 secs] [Times: user=0.03 sys=0.03, real=0.03 secs] 
2021-06-10T01:40:02.849+0800: 2304554.501: [GC (Allocation Failure) [PSYoungGen: 507040K->12224K(509952K)] 923032K->437163K(1034240K), 0.0315823 secs] [Times: user=0.04 sys=0.03, real=0.03 secs] 
2021-06-10T01:44:23.181+0800: 2304814.833: [GC (Allocation Failure) [PSYoungGen: 508352K->11008K(510464K)] 933291K->444910K(1034752K), 0.0328692 secs] [Times: user=0.04 sys=0.05, real=0.04 secs] 
2021-06-10T01:48:40.489+0800: 2305072.141: [GC (Allocation Failure) [PSYoungGen: 507136K->10944K(509952K)] 941038K->452545K(1034240K), 0.0291400 secs] [Times: user=0.04 sys=0.04, real=0.03 secs] 
2021-06-10T01:52:58.966+0800: 2305330.618: [GC (Allocation Failure) [PSYoungGen: 507072K->10016K(510976K)] 948673K->460379K(1035264K), 0.0236986 secs] [Times: user=0.03 sys=0.04, real=0.02 secs] 
2021-06-10T01:57:14.553+0800: 2305586.205: [GC (Allocation Failure) [PSYoungGen: 507168K->12672K(510464K)] 957531K->470792K(1034752K), 0.0466239 secs] [Times: user=0.03 sys=0.04, real=0.04 secs] 
2021-06-10T02:01:30.390+0800: 2305842.042: [GC (Allocation Failure) [PSYoungGen: 509824K->13792K(500224K)] 967944K->482828K(1024512K), 0.0304715 secs] [Times: user=0.04 sys=0.04, real=0.03 secs] 
2021-06-10T02:05:45.990+0800: 2306097.642: [GC (Allocation Failure) [PSYoungGen: 500192K->11232K(505344K)] 969228K->490174K(1029632K), 0.0257472 secs] [Times: user=0.04 sys=0.03, real=0.03 secs] 
2021-06-10T02:09:57.100+0800: 2306348.752: [GC (Allocation Failure) [PSYoungGen: 497632K->10816K(506368K)] 976574K->498025K(1030656K), 0.0294452 secs] [Times: user=0.04 sys=0.04, real=0.03 secs] 
2021-06-10T02:14:10.096+0800: 2306601.748: [GC (Allocation Failure) [PSYoungGen: 498752K->10912K(505856K)] 985961K->506204K(1030144K), 0.0280620 secs] [Times: user=0.04 sys=0.04, real=0.03 secs] 
2021-06-10T02:18:21.178+0800: 2306852.830: [GC (Allocation Failure) [PSYoungGen: 498848K->10720K(506880K)] 994140K->513623K(1031168K), 0.0298802 secs] [Times: user=0.05 sys=0.04, real=0.03 secs] 
2021-06-10T02:22:36.284+0800: 2307107.936: [GC (Allocation Failure) [PSYoungGen: 499680K->10400K(506368K)] 1002583K->522272K(1030656K), 0.0278720 secs] [Times: user=0.04 sys=0.04, real=0.02 secs] 
2021-06-10T02:26:54.290+0800: 2307365.942: [GC (Allocation Failure) [PSYoungGen: 499360K->9696K(507392K)] 1011232K->529348K(1031680K), 0.0256536 secs] [Times: user=0.03 sys=0.03, real=0.03 secs] 
2021-06-10T02:26:54.316+0800: 2307365.968: [Full GC (Ergonomics) [PSYoungGen: 9696K->0K(507392K)] [ParOldGen: 519651K->306696K(524288K)] 529348K->306696K(1031680K), [Metaspace: 97160K->97160K(1138688K)], 0.5193901 secs] [Times: user=0.55 sys=0.54, real=0.52 secs] 
2021-06-10T02:31:12.946+0800: 2307624.598: [GC (Allocation Failure) [PSYoungGen: 490496K->9184K(507392K)] 797192K->315880K(1031680K), 0.0221086 secs] [Times: user=0.03 sys=0.03, real=0.02 secs] 
2021-06-10T02:35:29.041+0800: 2307880.693: [GC (Allocation Failure) [PSYoungGen: 499680K->9632K(507904K)] 806376K->323859K(1032192K), 0.0258071 secs] [Times: user=0.04 sys=0.04, real=0.03 secs] 
2021-06-10T02:39:46.928+0800: 2308138.580: [GC (Allocation Failure) [PSYoungGen: 500640K->9408K(507392K)] 814867K->331764K(1031680K), 0.0547908 secs] [Times: user=0.03 sys=0.04, real=0.06 secs] 
2021-06-10T02:44:02.657+0800: 2308394.309: [GC (Allocation Failure) [PSYoungGen: 500416K->12608K(507904K)] 822772K->342080K(1032192K), 0.0283913 secs] [Times: user=0.03 sys=0.05, real=0.03 secs] 
2021-06-10T02:48:17.958+0800: 2308649.610: [GC (Allocation Failure) [PSYoungGen: 504128K->12960K(507904K)] 833600K->351914K(1032192K), 0.0250819 secs] [Times: user=0.04 sys=0.04, real=0.03 secs] 
2021-06-10T02:52:38.253+0800: 2308909.905: [GC (Allocation Failure) [PSYoungGen: 504480K->11584K(507904K)] 843434K->359957K(1032192K), 0.0246645 secs] [Times: user=0.04 sys=0.03, real=0.02 secs] 
2021-06-10T02:56:56.423+0800: 2309168.075: [GC (Allocation Failure) [PSYoungGen: 503104K->13216K(507904K)] 851477K->369601K(1032192K), 0.0247170 secs] [Times: user=0.04 sys=0.04, real=0.02 secs] 
2021-06-10T03:01:11.729+0800: 2309423.381: [GC (Allocation Failure) [PSYoungGen: 504736K->11328K(508416K)] 861121K->378027K(1032704K), 0.0266026 secs] [Times: user=0.04 sys=0.04, real=0.03 secs] 
2021-06-10T03:05:28.822+0800: 2309680.474: [GC (Allocation Failure) [PSYoungGen: 503360K->9152K(507904K)] 870059K->384405K(1032192K), 0.0241400 secs] [Times: user=0.04 sys=0.04, real=0.03 secs] 
2021-06-10T03:09:44.653+0800: 2309936.305: [GC (Allocation Failure) [PSYoungGen: 501184K->10368K(508416K)] 876437K->392280K(1032704K), 0.0260670 secs] [Times: user=0.04 sys=0.04, real=0.02 secs] 
2021-06-10T03:14:00.057+0800: 2310191.709: [GC (Allocation Failure) [PSYoungGen: 502912K->13664K(506368K)] 884824K->403219K(1030656K), 0.0800366 secs] [Times: user=0.04 sys=0.04, real=0.08 secs] 
2021-06-10T03:18:17.858+0800: 2310449.510: [GC (Allocation Failure) [PSYoungGen: 506208K->11104K(508416K)] 895763K->411045K(1032704K), 0.0409311 secs] [Times: user=0.03 sys=0.03, real=0.04 secs] 
2021-06-10T03:22:39.436+0800: 2310711.088: [GC (Allocation Failure) [PSYoungGen: 503136K->12064K(507904K)] 903077K->420664K(1032192K), 0.0293906 secs] [Times: user=0.04 sys=0.04, real=0.03 secs] 
2021-06-10T03:26:56.282+0800: 2310967.934: [GC (Allocation Failure) [PSYoungGen: 504096K->11008K(508928K)] 912696K->428626K(1033216K), 0.0275541 secs] [Times: user=0.04 sys=0.04, real=0.03 secs] 
2021-06-10T03:31:12.830+0800: 2311224.483: [GC (Allocation Failure) [PSYoungGen: 504064K->12448K(508416K)] 921682K->438628K(1032704K), 0.0530537 secs] [Times: user=0.08 sys=0.00, real=0.06 secs] 
2021-06-10T03:35:30.392+0800: 2311482.044: [GC (Allocation Failure) [PSYoungGen: 505504K->10944K(509440K)] 931684K->446807K(1033728K), 0.0717235 secs] [Times: user=0.04 sys=0.04, real=0.07 secs] 
2021-06-10T03:39:47.162+0800: 2311738.814: [GC (Allocation Failure) [PSYoungGen: 505024K->10048K(508928K)] 940887K->454767K(1033216K), 0.0254688 secs] [Times: user=0.03 sys=0.04, real=0.03 secs] 
2021-06-10T03:44:07.999+0800: 2311999.651: [GC (Allocation Failure) [PSYoungGen: 504128K->10016K(509440K)] 948847K->463042K(1033728K), 0.0234360 secs] [Times: user=0.03 sys=0.03, real=0.03 secs] 
2021-06-10T03:48:25.775+0800: 2312257.427: [GC (Allocation Failure) [PSYoungGen: 504608K->11520K(509440K)] 957634K->472732K(1033728K), 0.0231918 secs] [Times: user=0.03 sys=0.04, real=0.02 secs] 
2021-06-10T03:52:40.701+0800: 2312512.353: [GC (Allocation Failure) [PSYoungGen: 506112K->14208K(508416K)] 967324K->484127K(1032704K), 0.0266490 secs] [Times: user=0.04 sys=0.04, real=0.03 secs] 
2021-06-10T03:57:00.889+0800: 2312772.541: [GC (Allocation Failure) [PSYoungGen: 507776K->13792K(507392K)] 977695K->493802K(1031680K), 0.0584859 secs] [Times: user=0.04 sys=0.03, real=0.06 secs] 
2021-06-10T04:01:15.982+0800: 2313027.634: [GC (Allocation Failure) [PSYoungGen: 507360K->11072K(508416K)] 987370K->501211K(1032704K), 0.0386104 secs] [Times: user=0.03 sys=0.04, real=0.04 secs] 
2021-06-10T04:05:34.015+0800: 2313285.667: [GC (Allocation Failure) [PSYoungGen: 503616K->12352K(508416K)] 993755K->510141K(1032704K), 0.0510539 secs] [Times: user=0.04 sys=0.04, real=0.05 secs] 
2021-06-10T04:09:50.295+0800: 2313541.948: [GC (Allocation Failure) [PSYoungGen: 504896K->11392K(508928K)] 1002685K->518198K(1033216K), 0.0309352 secs] [Times: user=0.04 sys=0.04, real=0.03 secs] 
2021-06-10T04:14:08.691+0800: 2313800.343: [GC (Allocation Failure) [PSYoungGen: 504960K->11552K(508928K)] 1011766K->526457K(1033216K), 0.0449288 secs] [Times: user=0.04 sys=0.03, real=0.05 secs] 
2021-06-10T04:14:08.736+0800: 2313800.388: [Full GC (Ergonomics) [PSYoungGen: 11552K->0K(508928K)] [ParOldGen: 514905K->305080K(524288K)] 526457K->305080K(1033216K), [Metaspace: 97160K->97160K(1138688K)], 0.4965980 secs] [Times: user=1.02 sys=0.00, real=0.50 secs] 
2021-06-10T04:18:22.319+0800: 2314053.971: [GC (Allocation Failure) [PSYoungGen: 493568K->13888K(508416K)] 798648K->318968K(1032704K), 0.0238201 secs] [Times: user=0.03 sys=0.03, real=0.03 secs] 
2021-06-10T04:22:40.992+0800: 2314312.644: [GC (Allocation Failure) [PSYoungGen: 507456K->14208K(507904K)] 812536K->329651K(1032192K), 0.0363151 secs] [Times: user=0.04 sys=0.05, real=0.03 secs] 
2021-06-10T04:26:58.332+0800: 2314569.984: [GC (Allocation Failure) [PSYoungGen: 507776K->9792K(508416K)] 823219K->335963K(1032704K), 0.0254964 secs] [Times: user=0.04 sys=0.04, real=0.03 secs] 
2021-06-10T04:31:19.600+0800: 2314831.252: [GC (Allocation Failure) [PSYoungGen: 502336K->8640K(501248K)] 828507K->341934K(1025536K), 0.0207948 secs] [Times: user=0.03 sys=0.03, real=0.02 secs] 
2021-06-10T04:35:34.801+0800: 2315086.453: [GC (Allocation Failure) [PSYoungGen: 501184K->12896K(507904K)] 834478K->353633K(1032192K), 0.0265308 secs] [Times: user=0.04 sys=0.04, real=0.03 secs] 
2021-06-10T04:39:47.677+0800: 2315339.329: [GC (Allocation Failure) [PSYoungGen: 504416K->11904K(507904K)] 845153K->362067K(1032192K), 0.0243174 secs] [Times: user=0.03 sys=0.03, real=0.02 secs] 
2021-06-10T04:44:03.014+0800: 2315594.667: [GC (Allocation Failure) [PSYoungGen: 503424K->9600K(508416K)] 853587K->368332K(1032704K), 0.0271913 secs] [Times: user=0.04 sys=0.04, real=0.02 secs] 
2021-06-10T04:48:25.025+0800: 2315856.677: [GC (Allocation Failure) [PSYoungGen: 502143K->10816K(508416K)] 860876K->377423K(1032704K), 0.0339221 secs] [Times: user=0.03 sys=0.03, real=0.03 secs] 
2021-06-10T04:52:36.965+0800: 2316108.617: [GC (Allocation Failure) [PSYoungGen: 503360K->12672K(507904K)] 869967K->387818K(1032192K), 0.0866472 secs] [Times: user=0.03 sys=0.05, real=0.08 secs] 
2021-06-10T04:56:51.118+0800: 2316362.770: [GC (Allocation Failure) [PSYoungGen: 505216K->14784K(507392K)] 880362K->399797K(1031680K), 0.0278639 secs] [Times: user=0.04 sys=0.04, real=0.03 secs] 
2021-06-10T05:01:04.345+0800: 2316615.997: [GC (Allocation Failure) [PSYoungGen: 507328K->13184K(507904K)] 892341K->408911K(1032192K), 0.0281140 secs] [Times: user=0.03 sys=0.04, real=0.03 secs] 
2021-06-10T05:05:17.430+0800: 2316869.082: [GC (Allocation Failure) [PSYoungGen: 504704K->14816K(506368K)] 900431K->419628K(1030656K), 0.0253592 secs] [Times: user=0.04 sys=0.04, real=0.03 secs] 
2021-06-10T05:09:31.927+0800: 2317123.579: [GC (Allocation Failure) [PSYoungGen: 506332K->14400K(506368K)] 911145K->430647K(1030656K), 0.0289162 secs] [Times: user=0.04 sys=0.04, real=0.03 secs] 
2021-06-10T05:13:40.990+0800: 2317372.642: [GC (Allocation Failure) [PSYoungGen: 503872K->10592K(506880K)] 920119K->437257K(1031168K), 0.0407848 secs] [Times: user=0.04 sys=0.04, real=0.04 secs] 
2021-06-10T05:17:54.385+0800: 2317626.037: [GC (Allocation Failure) [PSYoungGen: 500064K->13184K(507392K)] 926729K->447876K(1031680K), 0.0267356 secs] [Times: user=0.04 sys=0.04, real=0.02 secs] 
2021-06-10T05:22:07.892+0800: 2317879.544: [GC (Allocation Failure) [PSYoungGen: 503168K->9504K(506880K)] 937860K->454853K(1031168K), 0.0333227 secs] [Times: user=0.04 sys=0.03, real=0.03 secs] 
2021-06-10T05:26:24.953+0800: 2318136.605: [GC (Allocation Failure) [PSYoungGen: 499488K->12640K(507392K)] 944837K->464832K(1031680K), 0.0251988 secs] [Times: user=0.03 sys=0.04, real=0.02 secs] 
2021-06-10T05:30:45.209+0800: 2318396.861: [GC (Allocation Failure) [PSYoungGen: 502624K->7712K(506880K)] 954816K->469608K(1031168K), 0.0256975 secs] [Times: user=0.03 sys=0.04, real=0.03 secs] 
2021-06-10T05:35:07.026+0800: 2318658.678: [GC (Allocation Failure) [PSYoungGen: 497696K->11840K(507392K)] 959592K->479197K(1031680K), 0.0283718 secs] [Times: user=0.04 sys=0.04, real=0.03 secs] 
2021-06-10T05:39:23.478+0800: 2318915.130: [GC (Allocation Failure) [PSYoungGen: 501824K->9856K(506880K)] 969181K->485550K(1031168K), 0.0245607 secs] [Times: user=0.04 sys=0.04, real=0.03 secs] 
2021-06-10T05:43:41.549+0800: 2319173.201: [GC (Allocation Failure) [PSYoungGen: 499840K->10304K(507904K)] 975534K->493048K(1032192K), 0.0259971 secs] [Times: user=0.04 sys=0.04, real=0.03 secs] 
2021-06-10T05:48:01.676+0800: 2319433.328: [GC (Allocation Failure) [PSYoungGen: 501824K->11648K(507904K)] 984568K->501802K(1032192K), 0.0297968 secs] [Times: user=0.04 sys=0.04, real=0.03 secs] 
2021-06-10T05:52:22.906+0800: 2319694.558: [GC (Allocation Failure) [PSYoungGen: 503168K->8704K(508416K)] 993322K->507420K(1032704K), 0.0264264 secs] [Times: user=0.04 sys=0.04, real=0.03 secs] 
2021-06-10T05:56:40.112+0800: 2319951.764: [GC (Allocation Failure) [PSYoungGen: 501248K->10912K(508416K)] 999964K->516207K(1032704K), 0.0287412 secs] [Times: user=0.04 sys=0.05, real=0.03 secs] 
2021-06-10T06:00:57.695+0800: 2320209.347: [GC (Allocation Failure) [PSYoungGen: 503456K->13152K(507904K)] 1008751K->527218K(1032192K), 0.0337625 secs] [Times: user=0.04 sys=0.04, real=0.03 secs] 
2021-06-10T06:00:57.730+0800: 2320209.382: [Full GC (Ergonomics) [PSYoungGen: 13152K->0K(507904K)] [ParOldGen: 514066K->308812K(524288K)] 527218K->308812K(1032192K), [Metaspace: 97187K->97187K(1138688K)], 0.5888402 secs] [Times: user=1.27 sys=0.00, real=0.59 secs] 
2021-06-10T06:05:15.493+0800: 2320467.146: [GC (Allocation Failure) [PSYoungGen: 492544K->11808K(508416K)] 801356K->320620K(1032704K), 0.0231057 secs] [Times: user=0.04 sys=0.03, real=0.02 secs] 
2021-06-10T06:09:34.150+0800: 2320725.802: [GC (Allocation Failure) [PSYoungGen: 504352K->10080K(508928K)] 813164K->328646K(1033216K), 0.0279975 secs] [Times: user=0.04 sys=0.04, real=0.03 secs] 
2021-06-10T06:13:49.539+0800: 2320981.191: [GC (Allocation Failure) [PSYoungGen: 503136K->10880K(508416K)] 821702K->337448K(1032704K), 0.0252110 secs] [Times: user=0.04 sys=0.04, real=0.03 secs] 
2021-06-10T06:18:08.908+0800: 2321240.560: [GC (Allocation Failure) [PSYoungGen: 503936K->9760K(509440K)] 830504K->344545K(1033728K), 0.0954923 secs] [Times: user=0.03 sys=0.04, real=0.10 secs] 
2021-06-10T06:22:28.141+0800: 2321499.793: [GC (Allocation Failure) [PSYoungGen: 503840K->11840K(508928K)] 838625K->354012K(1033216K), 0.0272388 secs] [Times: user=0.04 sys=0.04, real=0.03 secs] 
2021-06-10T06:26:45.842+0800: 2321757.494: [GC (Allocation Failure) [PSYoungGen: 505920K->11168K(509952K)] 848092K->362903K(1034240K), 0.0264671 secs] [Times: user=0.03 sys=0.04, real=0.02 secs] 
2021-06-10T06:31:04.044+0800: 2322015.696: [GC (Allocation Failure) [PSYoungGen: 506272K->10880K(509440K)] 858007K->371096K(1033728K), 0.0273900 secs] [Times: user=0.04 sys=0.04, real=0.02 secs] 
2021-06-10T06:35:22.115+0800: 2322273.767: [GC (Allocation Failure) [PSYoungGen: 505984K->13120K(508928K)] 866200K->380868K(1033216K), 0.0240733 secs] [Times: user=0.03 sys=0.04, real=0.02 secs] 
2021-06-10T06:39:39.593+0800: 2322531.245: [GC (Allocation Failure) [PSYoungGen: 507705K->12352K(509440K)] 875453K->390414K(1033728K), 0.0610660 secs] [Times: user=0.04 sys=0.04, real=0.06 secs] 
2021-06-10T06:43:56.850+0800: 2322788.502: [GC (Allocation Failure) [PSYoungGen: 506944K->13248K(508416K)] 885006K->401129K(1032704K), 0.0268882 secs] [Times: user=0.03 sys=0.04, real=0.03 secs] 
2021-06-10T06:48:14.950+0800: 2323046.602: [GC (Allocation Failure) [PSYoungGen: 506816K->11040K(508928K)] 894697K->409506K(1033216K), 0.0248828 secs] [Times: user=0.04 sys=0.04, real=0.03 secs] 
2021-06-10T06:52:32.455+0800: 2323304.108: [GC (Allocation Failure) [PSYoungGen: 504608K->11584K(509440K)] 903074K->418348K(1033728K), 0.0252365 secs] [Times: user=0.03 sys=0.04, real=0.02 secs] 
2021-06-10T06:56:49.472+0800: 2323561.124: [GC (Allocation Failure) [PSYoungGen: 506176K->11744K(509440K)] 912940K->426487K(1033728K), 0.0258806 secs] [Times: user=0.04 sys=0.03, real=0.03 secs] 
2021-06-10T07:01:08.080+0800: 2323819.732: [GC (Allocation Failure) [PSYoungGen: 506336K->10848K(509952K)] 921079K->433867K(1034240K), 0.0255539 secs] [Times: user=0.04 sys=0.04, real=0.03 secs] 
2021-06-10T07:05:19.989+0800: 2324071.641: [GC (Allocation Failure) [PSYoungGen: 506464K->9482K(509952K)] 929483K->441086K(1034240K), 0.0285509 secs] [Times: user=0.03 sys=0.04, real=0.03 secs] 
2021-06-10T07:09:38.574+0800: 2324330.226: [GC (Allocation Failure) [PSYoungGen: 505098K->12576K(509952K)] 936702K->451048K(1034240K), 0.0304753 secs] [Times: user=0.04 sys=0.05, real=0.03 secs] 
2021-06-10T07:13:56.096+0800: 2324587.748: [GC (Allocation Failure) [PSYoungGen: 508192K->12160K(509952K)] 946664K->458395K(1034240K), 0.0275595 secs] [Times: user=0.08 sys=0.00, real=0.03 secs] 
2021-06-10T07:18:17.279+0800: 2324848.931: [GC (Allocation Failure) [PSYoungGen: 507776K->11872K(509952K)] 954011K->466214K(1034240K), 0.0274129 secs] [Times: user=0.04 sys=0.04, real=0.03 secs] 
2021-06-10T07:22:34.529+0800: 2325106.181: [GC (Allocation Failure) [PSYoungGen: 507488K->11712K(509952K)] 961830K->474585K(1034240K), 0.0345826 secs] [Times: user=0.04 sys=0.05, real=0.04 secs] 
2021-06-10T07:26:53.783+0800: 2325365.435: [GC (Allocation Failure) [PSYoungGen: 507328K->10816K(509952K)] 970201K->482100K(1034240K), 0.0233394 secs] [Times: user=0.03 sys=0.03, real=0.02 secs] 
2021-06-10T07:31:15.956+0800: 2325627.609: [GC (Allocation Failure) [PSYoungGen: 506432K->9344K(509952K)] 977716K->488894K(1034240K), 0.0249951 secs] [Times: user=0.03 sys=0.04, real=0.02 secs] 
2021-06-10T07:35:36.257+0800: 2325887.909: [GC (Allocation Failure) [PSYoungGen: 504960K->10944K(510464K)] 984510K->497338K(1034752K), 0.0288436 secs] [Times: user=0.03 sys=0.04, real=0.03 secs] 
2021-06-10T07:39:56.216+0800: 2326147.868: [GC (Allocation Failure) [PSYoungGen: 507072K->10144K(509952K)] 993466K->504859K(1034240K), 0.0226416 secs] [Times: user=0.04 sys=0.04, real=0.02 secs] 
2021-06-10T07:44:15.834+0800: 2326407.486: [GC (Allocation Failure) [PSYoungGen: 506272K->10464K(510464K)] 1000987K->512903K(1034752K), 0.0801224 secs] [Times: user=0.04 sys=0.03, real=0.08 secs] 
2021-06-10T07:48:39.770+0800: 2326671.422: [GC (Allocation Failure) [PSYoungGen: 507104K->8768K(510464K)] 1009543K->519513K(1034752K), 0.0334331 secs] [Times: user=0.03 sys=0.04, real=0.04 secs] 
2021-06-10T07:53:00.509+0800: 2326932.161: [GC (Allocation Failure) [PSYoungGen: 505408K->6752K(509440K)] 1016153K->524467K(1033728K), 0.0200894 secs] [Times: user=0.03 sys=0.03, real=0.02 secs] 
2021-06-10T07:53:00.529+0800: 2326932.182: [Full GC (Ergonomics) [PSYoungGen: 6752K->0K(509440K)] [ParOldGen: 517715K->302659K(524288K)] 524467K->302659K(1033728K), [Metaspace: 97187K->97187K(1138688K)], 0.5547403 secs] [Times: user=0.50 sys=0.50, real=0.56 secs] 
2021-06-10T07:57:21.263+0800: 2327192.915: [GC (Allocation Failure) [PSYoungGen: 495616K->12096K(507904K)] 798275K->314755K(1032192K), 0.0202518 secs] [Times: user=0.03 sys=0.03, real=0.02 secs] 
2021-06-10T08:01:42.688+0800: 2327454.340: [GC (Allocation Failure) [PSYoungGen: 507662K->11392K(509952K)] 810321K->324045K(1034240K), 0.0254787 secs] [Times: user=0.04 sys=0.04, real=0.03 secs] 
2021-06-10T08:06:00.683+0800: 2327712.335: [GC (Allocation Failure) [PSYoungGen: 506496K->11008K(509440K)] 819149K->332891K(1033728K), 0.0272026 secs] [Times: user=0.04 sys=0.04, real=0.02 secs] 
2021-06-10T08:10:21.701+0800: 2327973.353: [GC (Allocation Failure) [PSYoungGen: 506112K->10368K(510464K)] 827995K->340493K(1034752K), 0.0286884 secs] [Times: user=0.04 sys=0.04, real=0.03 secs] 
2021-06-10T08:14:42.100+0800: 2328233.752: [GC (Allocation Failure) [PSYoungGen: 506496K->9472K(509952K)] 836621K->347576K(1034240K), 0.0228307 secs] [Times: user=0.04 sys=0.03, real=0.03 secs] 
2021-06-10T08:19:00.817+0800: 2328492.469: [GC (Allocation Failure) [PSYoungGen: 505600K->9344K(510464K)] 843704K->354354K(1034752K), 0.0373611 secs] [Times: user=0.10 sys=0.00, real=0.04 secs] 
2021-06-10T08:23:18.041+0800: 2328749.693: [GC (Allocation Failure) [PSYoungGen: 505984K->9120K(510464K)] 850994K->361052K(1034752K), 0.0252834 secs] [Times: user=0.03 sys=0.04, real=0.03 secs] 
2021-06-10T08:27:34.894+0800: 2329006.546: [GC (Allocation Failure) [PSYoungGen: 505760K->10368K(510976K)] 857692K->369097K(1035264K), 0.0251115 secs] [Times: user=0.03 sys=0.04, real=0.02 secs] 
2021-06-10T08:31:51.730+0800: 2329263.382: [GC (Allocation Failure) [PSYoungGen: 507520K->9728K(510464K)] 866249K->377131K(1034752K), 0.0256560 secs] [Times: user=0.03 sys=0.04, real=0.03 secs] 
2021-06-10T08:36:09.558+0800: 2329521.210: [GC (Allocation Failure) [PSYoungGen: 506880K->11712K(510976K)] 874283K->386223K(1035264K), 0.0255237 secs] [Times: user=0.04 sys=0.04, real=0.03 secs] 
2021-06-10T08:40:31.331+0800: 2329782.983: [GC (Allocation Failure) [PSYoungGen: 509376K->8672K(510976K)] 883887K->391688K(1035264K), 0.0250217 secs] [Times: user=0.08 sys=0.00, real=0.03 secs] 
2021-06-10T08:44:51.905+0800: 2330043.557: [GC (Allocation Failure) [PSYoungGen: 506336K->9728K(510976K)] 889352K->399450K(1035264K), 0.0590426 secs] [Times: user=0.04 sys=0.04, real=0.06 secs] 
2021-06-10T08:49:10.628+0800: 2330302.280: [GC (Allocation Failure) [PSYoungGen: 507392K->10080K(510976K)] 897114K->407213K(1035264K), 0.0231212 secs] [Times: user=0.04 sys=0.03, real=0.02 secs] 
2021-06-10T08:53:31.440+0800: 2330563.092: [GC (Allocation Failure) [PSYoungGen: 507744K->11232K(510464K)] 904877K->415680K(1034752K), 0.0314932 secs] [Times: user=0.04 sys=0.05, real=0.03 secs] 
2021-06-10T08:57:55.664+0800: 2330827.316: [GC (Allocation Failure) [PSYoungGen: 508896K->11040K(510976K)] 913344K->423746K(1035264K), 0.0272227 secs] [Times: user=0.04 sys=0.05, real=0.02 secs] 
2021-06-10T09:02:14.168+0800: 2331085.820: [GC (Allocation Failure) [PSYoungGen: 508704K->10272K(511488K)] 921410K->431788K(1035776K), 0.0279920 secs] [Times: user=0.03 sys=0.04, real=0.03 secs] 
2021-06-10T09:06:37.159+0800: 2331348.811: [GC (Allocation Failure) [PSYoungGen: 508448K->9952K(510976K)] 929964K->439031K(1035264K), 0.0369036 secs] [Times: user=0.03 sys=0.03, real=0.04 secs] 
2021-06-10T09:10:57.150+0800: 2331608.802: [GC (Allocation Failure) [PSYoungGen: 508128K->9376K(511488K)] 937207K->446720K(1035776K), 0.0225242 secs] [Times: user=0.03 sys=0.03, real=0.03 secs] 
2021-06-10T09:15:20.898+0800: 2331872.550: [GC (Allocation Failure) [PSYoungGen: 508064K->11552K(511488K)] 945408K->456061K(1035776K), 0.0387878 secs] [Times: user=0.04 sys=0.04, real=0.04 secs] 
2021-06-10T09:19:43.073+0800: 2332134.725: [GC (Allocation Failure) [PSYoungGen: 510240K->11200K(511488K)] 954749K->463496K(1035776K), 0.0264341 secs] [Times: user=0.04 sys=0.04, real=0.02 secs] 
2021-06-10T09:24:03.390+0800: 2332395.042: [GC (Allocation Failure) [PSYoungGen: 509888K->12768K(511488K)] 962184K->473435K(1035776K), 0.0259520 secs] [Times: user=0.04 sys=0.04, real=0.03 secs] 
2021-06-10T09:28:22.638+0800: 2332654.290: [GC (Allocation Failure) [PSYoungGen: 511456K->9888K(504320K)] 972123K->480483K(1028608K), 0.0501136 secs] [Times: user=0.04 sys=0.03, real=0.05 secs] 
2021-06-10T09:32:38.823+0800: 2332910.475: [GC (Allocation Failure) [PSYoungGen: 501408K->10368K(507904K)] 972003K->488286K(1032192K), 0.0262879 secs] [Times: user=0.04 sys=0.04, real=0.02 secs] 
2021-06-10T09:36:54.981+0800: 2333166.633: [GC (Allocation Failure) [PSYoungGen: 501888K->13952K(506880K)] 979806K->499307K(1031168K), 0.0307903 secs] [Times: user=0.04 sys=0.05, real=0.03 secs] 
2021-06-10T09:41:09.221+0800: 2333420.873: [GC (Allocation Failure) [PSYoungGen: 504448K->9440K(507392K)] 989803K->505203K(1031680K), 0.0242146 secs] [Times: user=0.03 sys=0.03, real=0.03 secs] 
2021-06-10T09:45:26.668+0800: 2333678.320: [GC (Allocation Failure) [PSYoungGen: 499936K->10944K(507904K)] 995699K->513975K(1032192K), 0.0323213 secs] [Times: user=0.03 sys=0.04, real=0.03 secs] 
2021-06-10T09:49:40.316+0800: 2333931.968: [GC (Allocation Failure) [PSYoungGen: 502464K->10848K(507904K)] 1005495K->521282K(1032192K), 0.0282021 secs] [Times: user=0.04 sys=0.05, real=0.03 secs] 
2021-06-10T09:53:53.120+0800: 2334184.772: [GC (Allocation Failure) [PSYoungGen: 502368K->10464K(508928K)] 1012802K->528947K(1033216K), 0.0810946 secs] [Times: user=0.03 sys=0.04, real=0.08 secs] 
2021-06-10T09:53:53.202+0800: 2334184.854: [Full GC (Ergonomics) [PSYoungGen: 10464K->0K(508928K)] [ParOldGen: 518483K->310896K(524288K)] 528947K->310896K(1033216K), [Metaspace: 97187K->97187K(1138688K)], 0.5083353 secs] [Times: user=0.55 sys=0.54, real=0.51 secs] 
2021-06-10T09:58:12.462+0800: 2334444.114: [GC (Allocation Failure) [PSYoungGen: 493056K->9024K(508416K)] 803952K->319920K(1032704K), 0.0203675 secs] [Times: user=0.03 sys=0.03, real=0.02 secs] 
2021-06-10T10:02:27.549+0800: 2334699.201: [GC (Allocation Failure) [PSYoungGen: 502080K->10816K(509440K)] 812976K->329019K(1033728K), 0.0405067 secs] [Times: user=0.04 sys=0.04, real=0.04 secs] 
2021-06-10T10:06:47.644+0800: 2334959.296: [GC (Allocation Failure) [PSYoungGen: 504896K->8416K(508928K)] 823099K->334244K(1033216K), 0.0344554 secs] [Times: user=0.04 sys=0.04, real=0.03 secs] 
2021-06-10T10:11:07.176+0800: 2335218.828: [GC (Allocation Failure) [PSYoungGen: 502496K->11776K(509440K)] 828324K->343162K(1033728K), 0.0234480 secs] [Times: user=0.03 sys=0.04, real=0.02 secs] 
2021-06-10T10:15:27.213+0800: 2335478.865: [GC (Allocation Failure) [PSYoungGen: 506368K->11104K(509440K)] 837754K->352059K(1033728K), 0.0236648 secs] [Times: user=0.04 sys=0.04, real=0.02 secs] 
2021-06-10T10:19:44.019+0800: 2335735.671: [GC (Allocation Failure) [PSYoungGen: 505696K->12064K(509440K)] 846651K->361887K(1033728K), 0.0319050 secs] [Times: user=0.04 sys=0.04, real=0.03 secs] 
2021-06-10T10:24:05.100+0800: 2335996.752: [GC (Allocation Failure) [PSYoungGen: 506656K->12064K(509440K)] 856479K->370706K(1033728K), 0.0235409 secs] [Times: user=0.04 sys=0.03, real=0.03 secs] 
2021-06-10T10:28:28.163+0800: 2336259.815: [GC (Allocation Failure) [PSYoungGen: 506656K->10592K(509440K)] 865298K->378636K(1033728K), 0.0236714 secs] [Times: user=0.03 sys=0.04, real=0.02 secs] 
2021-06-10T10:32:54.114+0800: 2336525.766: [GC (Allocation Failure) [PSYoungGen: 505184K->8928K(509440K)] 873228K->385317K(1033728K), 0.0233919 secs] [Times: user=0.03 sys=0.03, real=0.02 secs] 
2021-06-10T10:37:10.895+0800: 2336782.547: [GC (Allocation Failure) [PSYoungGen: 503520K->9824K(509952K)] 879909K->393344K(1034240K), 0.0311699 secs] [Times: user=0.05 sys=0.05, real=0.03 secs] 
2021-06-10T10:41:28.972+0800: 2337040.624: [GC (Allocation Failure) [PSYoungGen: 504928K->9088K(509440K)] 888448K->400025K(1033728K), 0.1056915 secs] [Times: user=0.03 sys=0.04, real=0.11 secs] 
2021-06-10T10:45:48.321+0800: 2337299.973: [GC (Allocation Failure) [PSYoungGen: 504192K->9696K(509952K)] 895129K->408156K(1034240K), 0.0313010 secs] [Times: user=0.04 sys=0.04, real=0.04 secs] 
2021-06-10T10:50:03.538+0800: 2337555.190: [GC (Allocation Failure) [PSYoungGen: 505312K->11584K(509952K)] 903772K->418150K(1034240K), 0.0253814 secs] [Times: user=0.04 sys=0.04, real=0.03 secs] 
2021-06-10T10:54:20.699+0800: 2337812.351: [GC (Allocation Failure) [PSYoungGen: 507200K->11552K(509952K)] 913766K->426384K(1034240K), 0.0240455 secs] [Times: user=0.04 sys=0.04, real=0.03 secs] 
2021-06-10T10:58:46.147+0800: 2338077.799: [GC (Allocation Failure) [PSYoungGen: 507168K->10304K(509952K)] 922000K->433633K(1034240K), 0.0292443 secs] [Times: user=0.03 sys=0.04, real=0.03 secs] 
2021-06-10T11:03:03.615+0800: 2338335.267: [GC (Allocation Failure) [PSYoungGen: 505920K->11712K(510464K)] 929249K->443556K(1034752K), 0.0302363 secs] [Times: user=0.04 sys=0.03, real=0.03 secs] 
2021-06-10T11:07:21.860+0800: 2338593.512: [GC (Allocation Failure) [PSYoungGen: 508352K->8960K(510464K)] 940196K->448821K(1034752K), 0.0332770 secs] [Times: user=0.05 sys=0.04, real=0.04 secs] 
2021-06-10T11:11:44.485+0800: 2338856.137: [GC (Allocation Failure) [PSYoungGen: 505600K->10080K(510464K)] 945461K->456409K(1034752K), 0.0672883 secs] [Times: user=0.04 sys=0.04, real=0.07 secs] 
2021-06-10T11:16:06.770+0800: 2339118.422: [GC (Allocation Failure) [PSYoungGen: 506720K->10304K(510464K)] 953049K->463149K(1034752K), 0.0229231 secs] [Times: user=0.03 sys=0.04, real=0.03 secs] 
2021-06-10T11:20:24.929+0800: 2339376.581: [GC (Allocation Failure) [PSYoungGen: 506944K->10688K(510976K)] 959789K->471902K(1035264K), 0.0348898 secs] [Times: user=0.04 sys=0.03, real=0.04 secs] 
2021-06-10T11:24:45.827+0800: 2339637.479: [GC (Allocation Failure) [PSYoungGen: 508352K->9440K(510976K)] 969566K->478320K(1035264K), 0.0294710 secs] [Times: user=0.05 sys=0.04, real=0.03 secs] 
2021-06-10T11:29:04.046+0800: 2339895.698: [GC (Allocation Failure) [PSYoungGen: 507104K->10624K(510976K)] 975984K->486954K(1035264K), 0.0260518 secs] [Times: user=0.03 sys=0.04, real=0.03 secs] 
2021-06-10T11:33:24.865+0800: 2340156.517: [GC (Allocation Failure) [PSYoungGen: 508288K->9024K(510976K)] 984618K->492830K(1035264K), 0.0680376 secs] [Times: user=0.03 sys=0.03, real=0.07 secs] 
2021-06-10T11:37:44.218+0800: 2340415.870: [GC (Allocation Failure) [PSYoungGen: 506688K->9824K(511488K)] 990494K->500921K(1035776K), 0.0196751 secs] [Times: user=0.03 sys=0.03, real=0.02 secs] 
2021-06-10T11:42:04.629+0800: 2340676.281: [GC (Allocation Failure) [PSYoungGen: 508000K->11232K(510976K)] 999097K->510164K(1035264K), 0.0251076 secs] [Times: user=0.04 sys=0.04, real=0.03 secs] 
2021-06-10T11:46:21.570+0800: 2340933.222: [GC (Allocation Failure) [PSYoungGen: 509408K->11328K(510464K)] 1008340K->518719K(1034752K), 0.0262345 secs] [Times: user=0.03 sys=0.05, real=0.03 secs] 
2021-06-10T11:50:44.339+0800: 2341195.991: [GC (Allocation Failure) [PSYoungGen: 508992K->9184K(510976K)] 1016383K->525143K(1035264K), 0.0263431 secs] [Times: user=0.04 sys=0.04, real=0.03 secs] 
2021-06-10T11:50:44.366+0800: 2341196.018: [Full GC (Ergonomics) [PSYoungGen: 9184K->0K(510976K)] [ParOldGen: 515959K->302938K(524288K)] 525143K->302938K(1035264K), [Metaspace: 97187K->97187K(1138688K)], 0.4890140 secs] [Times: user=1.04 sys=0.00, real=0.49 secs] 
2021-06-10T11:55:06.615+0800: 2341458.267: [GC (Allocation Failure) [PSYoungGen: 497664K->11136K(510976K)] 800602K->314074K(1035264K), 0.0331550 secs] [Times: user=0.04 sys=0.04, real=0.03 secs] 
2021-06-10T11:59:26.999+0800: 2341718.651: [GC (Allocation Failure) [PSYoungGen: 508800K->8992K(510976K)] 811738K->321227K(1035264K), 0.0554728 secs] [Times: user=0.06 sys=0.07, real=0.06 secs] 
2021-06-10T12:03:46.423+0800: 2341978.075: [GC (Allocation Failure) [PSYoungGen: 506656K->11488K(510976K)] 818891K->330359K(1035264K), 0.0278600 secs] [Times: user=0.04 sys=0.04, real=0.02 secs] 
2021-06-10T12:08:05.593+0800: 2342237.245: [GC (Allocation Failure) [PSYoungGen: 509152K->10912K(510976K)] 828023K->338297K(1035264K), 0.0519125 secs] [Times: user=0.04 sys=0.04, real=0.06 secs] 
2021-06-10T12:12:27.265+0800: 2342498.917: [GC (Allocation Failure) [PSYoungGen: 508576K->11104K(510976K)] 835961K->346355K(1035264K), 0.0263718 secs] [Times: user=0.04 sys=0.04, real=0.02 secs] 
2021-06-10T12:16:46.763+0800: 2342758.415: [GC (Allocation Failure) [PSYoungGen: 508768K->11584K(510976K)] 844019K->354869K(1035264K), 0.0253537 secs] [Times: user=0.03 sys=0.05, real=0.02 secs] 
2021-06-10T12:21:03.603+0800: 2343015.255: [GC (Allocation Failure) [PSYoungGen: 509248K->10176K(510976K)] 852533K->362440K(1035264K), 0.0316178 secs] [Times: user=0.04 sys=0.04, real=0.03 secs] 
2021-06-10T12:25:21.978+0800: 2343273.630: [GC (Allocation Failure) [PSYoungGen: 507840K->12096K(510976K)] 860104K->372618K(1035264K), 0.0302357 secs] [Times: user=0.04 sys=0.05, real=0.03 secs] 
2021-06-10T12:29:39.508+0800: 2343531.160: [GC (Allocation Failure) [PSYoungGen: 509760K->11040K(510976K)] 870282K->380587K(1035264K), 0.0336290 secs] [Times: user=0.05 sys=0.04, real=0.04 secs] 
2021-06-10T12:33:55.018+0800: 2343786.670: [GC (Allocation Failure) [PSYoungGen: 508704K->10656K(510976K)] 878251K->388191K(1035264K), 0.0451412 secs] [Times: user=0.03 sys=0.04, real=0.05 secs] 
2021-06-10T12:38:13.611+0800: 2344045.263: [GC (Allocation Failure) [PSYoungGen: 508320K->10144K(510976K)] 885855K->395952K(1035264K), 0.0230955 secs] [Times: user=0.04 sys=0.04, real=0.03 secs] 
2021-06-10T12:42:33.243+0800: 2344304.895: [GC (Allocation Failure) [PSYoungGen: 507808K->8448K(510976K)] 893616K->402244K(1035264K), 0.0265120 secs] [Times: user=0.04 sys=0.04, real=0.02 secs] 
2021-06-10T12:46:50.996+0800: 2344562.648: [GC (Allocation Failure) [PSYoungGen: 506112K->10048K(510976K)] 899908K->410191K(1035264K), 0.0277675 secs] [Times: user=0.04 sys=0.03, real=0.03 secs] 
2021-06-10T12:51:11.594+0800: 2344823.246: [GC (Allocation Failure) [PSYoungGen: 507712K->10112K(510976K)] 907855K->417586K(1035264K), 0.0243055 secs] [Times: user=0.03 sys=0.04, real=0.02 secs] 
2021-06-10T12:55:32.178+0800: 2345083.830: [GC (Allocation Failure) [PSYoungGen: 507776K->12096K(510464K)] 915250K->427852K(1034752K), 0.0312684 secs] [Times: user=0.04 sys=0.04, real=0.03 secs] 
2021-06-10T12:59:56.876+0800: 2345348.528: [GC (Allocation Failure) [PSYoungGen: 509760K->9056K(510976K)] 925516K->433997K(1035264K), 0.0238315 secs] [Times: user=0.04 sys=0.04, real=0.02 secs] 
2021-06-10T13:04:10.382+0800: 2345602.034: [GC (Allocation Failure) [PSYoungGen: 506720K->13290K(503808K)] 931661K->445604K(1028096K), 0.0254455 secs] [Times: user=0.04 sys=0.04, real=0.02 secs] 
2021-06-10T13:08:21.960+0800: 2345853.612: [GC (Allocation Failure) [PSYoungGen: 503786K->10560K(507392K)] 936100K->452655K(1031680K), 0.0296533 secs] [Times: user=0.03 sys=0.04, real=0.03 secs] 
2021-06-10T13:12:37.888+0800: 2346109.540: [GC (Allocation Failure) [PSYoungGen: 501056K->8768K(507904K)] 943151K->459130K(1032192K), 0.0228101 secs] [Times: user=0.04 sys=0.04, real=0.02 secs] 
2021-06-10T13:16:54.939+0800: 2346366.591: [GC (Allocation Failure) [PSYoungGen: 500288K->8832K(507904K)] 950650K->465765K(1032192K), 0.0231210 secs] [Times: user=0.04 sys=0.03, real=0.03 secs] 
2021-06-10T13:21:10.905+0800: 2346622.557: [GC (Allocation Failure) [PSYoungGen: 500352K->11072K(508416K)] 957285K->474625K(1032704K), 0.0385777 secs] [Times: user=0.05 sys=0.05, real=0.04 secs] 
2021-06-10T13:25:26.067+0800: 2346877.719: [GC (Allocation Failure) [PSYoungGen: 503104K->11232K(507904K)] 966657K->483205K(1032192K), 0.0335662 secs] [Times: user=0.04 sys=0.03, real=0.03 secs] 
2021-06-10T13:29:43.467+0800: 2347135.119: [GC (Allocation Failure) [PSYoungGen: 503264K->10208K(508928K)] 975237K->490463K(1033216K), 0.0233773 secs] [Times: user=0.04 sys=0.04, real=0.02 secs] 
2021-06-10T13:34:00.457+0800: 2347392.109: [GC (Allocation Failure) [PSYoungGen: 503776K->10752K(508928K)] 984031K->499010K(1033216K), 0.0234867 secs] [Times: user=0.03 sys=0.03, real=0.02 secs] 
2021-06-10T13:38:20.944+0800: 2347652.596: [GC (Allocation Failure) [PSYoungGen: 504320K->8416K(509440K)] 992578K->504755K(1033728K), 0.0271574 secs] [Times: user=0.04 sys=0.04, real=0.02 secs] 
2021-06-10T13:42:36.576+0800: 2347908.228: [GC (Allocation Failure) [PSYoungGen: 503004K->12288K(509440K)] 999344K->514728K(1033728K), 0.0353034 secs] [Times: user=0.04 sys=0.05, real=0.03 secs] 
2021-06-10T13:46:53.922+0800: 2348165.574: [GC (Allocation Failure) [PSYoungGen: 506880K->12576K(508416K)] 1009320K->524163K(1032704K), 0.0380513 secs] [Times: user=0.04 sys=0.05, real=0.04 secs] 
2021-06-10T13:51:11.212+0800: 2348422.864: [GC (Allocation Failure) [PSYoungGen: 506144K->11744K(508928K)] 1017731K->532709K(1033216K), 0.0293089 secs] [Times: user=0.04 sys=0.05, real=0.03 secs] 
2021-06-10T13:51:11.242+0800: 2348422.894: [Full GC (Ergonomics) [PSYoungGen: 11744K->0K(508928K)] [ParOldGen: 520965K->313620K(524288K)] 532709K->313620K(1033216K), [Metaspace: 97199K->97187K(1138688K)], 0.5494294 secs] [Times: user=0.58 sys=0.57, real=0.55 secs] 
2021-06-10T13:55:28.899+0800: 2348680.552: [GC (Allocation Failure) [PSYoungGen: 493568K->10848K(509440K)] 807188K->324468K(1033728K), 0.0243528 secs] [Times: user=0.03 sys=0.04, real=0.03 secs] 
2021-06-10T13:59:46.684+0800: 2348938.336: [GC (Allocation Failure) [PSYoungGen: 504928K->12992K(508928K)] 818548K->336039K(1033216K), 0.0289679 secs] [Times: user=0.04 sys=0.04, real=0.03 secs] 
2021-06-10T14:04:02.113+0800: 2349193.765: [GC (Allocation Failure) [PSYoungGen: 507072K->9792K(509440K)] 830119K->342736K(1033728K), 0.0314810 secs] [Times: user=0.04 sys=0.04, real=0.03 secs] 
2021-06-10T14:08:22.439+0800: 2349454.091: [GC (Allocation Failure) [PSYoungGen: 503872K->8832K(508928K)] 836816K->349626K(1033216K), 0.0262939 secs] [Times: user=0.08 sys=0.00, real=0.03 secs] 
2021-06-10T14:12:46.362+0800: 2349718.014: [GC (Allocation Failure) [PSYoungGen: 502912K->10720K(509440K)] 843706K->358405K(1033728K), 0.0275781 secs] [Times: user=0.03 sys=0.04, real=0.03 secs] 
2021-06-10T14:17:01.442+0800: 2349973.094: [GC (Allocation Failure) [PSYoungGen: 505312K->9728K(509440K)] 852997K->365019K(1033728K), 0.0224378 secs] [Times: user=0.03 sys=0.03, real=0.03 secs] 
2021-06-10T14:21:17.220+0800: 2350228.872: [GC (Allocation Failure) [PSYoungGen: 504320K->9984K(509952K)] 859611K->372708K(1034240K), 0.0286594 secs] [Times: user=0.04 sys=0.04, real=0.03 secs] 
2021-06-10T14:25:33.747+0800: 2350485.399: [GC (Allocation Failure) [PSYoungGen: 505600K->10080K(509952K)] 868324K->380638K(1034240K), 0.0280420 secs] [Times: user=0.03 sys=0.05, real=0.03 secs] 
2021-06-10T14:29:53.169+0800: 2350744.821: [GC (Allocation Failure) [PSYoungGen: 505696K->12256K(509440K)] 876254K->390546K(1033728K), 0.0248439 secs] [Times: user=0.04 sys=0.04, real=0.03 secs] 
2021-06-10T14:34:11.273+0800: 2351002.925: [GC (Allocation Failure) [PSYoungGen: 507872K->12320K(508416K)] 886162K->399332K(1032704K), 0.0235479 secs] [Times: user=0.04 sys=0.04, real=0.02 secs] 
2021-06-10T14:38:32.067+0800: 2351263.719: [GC (Allocation Failure) [PSYoungGen: 507936K->10816K(509952K)] 894948K->406935K(1034240K), 0.0252751 secs] [Times: user=0.04 sys=0.04, real=0.03 secs] 
2021-06-10T14:42:50.809+0800: 2351522.461: [GC (Allocation Failure) [PSYoungGen: 505920K->9888K(509440K)] 902039K->414443K(1033728K), 0.0220060 secs] [Times: user=0.03 sys=0.03, real=0.02 secs] 
2021-06-10T14:47:15.670+0800: 2351787.322: [GC (Allocation Failure) [PSYoungGen: 504992K->9216K(509952K)] 909547K->422316K(1034240K), 0.0293924 secs] [Times: user=0.07 sys=0.00, real=0.03 secs] 
2021-06-10T14:51:29.951+0800: 2352041.603: [GC (Allocation Failure) [PSYoungGen: 504832K->9920K(509952K)] 917932K->430143K(1034240K), 0.0284824 secs] [Times: user=0.04 sys=0.04, real=0.03 secs] 
2021-06-10T14:55:46.594+0800: 2352298.246: [GC (Allocation Failure) [PSYoungGen: 505536K->13632K(508416K)] 925759K->441580K(1032704K), 0.0293963 secs] [Times: user=0.04 sys=0.04, real=0.03 secs] 
2021-06-10T15:00:06.786+0800: 2352558.438: [GC (Allocation Failure) [PSYoungGen: 508224K->11648K(509440K)] 936172K->449103K(1033728K), 0.0354858 secs] [Times: user=0.04 sys=0.04, real=0.03 secs] 
2021-06-10T15:04:30.047+0800: 2352821.699: [GC (Allocation Failure) [PSYoungGen: 506240K->9568K(509952K)] 943695K->456744K(1034240K), 0.0241994 secs] [Times: user=0.04 sys=0.04, real=0.02 secs] 
2021-06-10T15:08:54.391+0800: 2353086.043: [GC (Allocation Failure) [PSYoungGen: 504672K->7904K(509440K)] 951848K->462553K(1033728K), 0.0251326 secs] [Times: user=0.04 sys=0.04, real=0.03 secs] 
2021-06-10T15:13:18.316+0800: 2353349.968: [GC (Allocation Failure) [PSYoungGen: 503008K->10176K(509952K)] 957657K->470572K(1034240K), 0.0316750 secs] [Times: user=0.04 sys=0.04, real=0.03 secs] 
2021-06-10T15:17:40.835+0800: 2353612.487: [GC (Allocation Failure) [PSYoungGen: 505280K->11072K(509440K)] 965676K->478967K(1033728K), 0.0411931 secs] [Times: user=0.04 sys=0.04, real=0.04 secs] 
2021-06-10T15:22:08.414+0800: 2353880.066: [GC (Allocation Failure) [PSYoungGen: 506176K->9248K(509952K)] 974071K->485352K(1034240K), 0.0587645 secs] [Times: user=0.03 sys=0.04, real=0.06 secs] 
2021-06-10T15:26:31.786+0800: 2354143.438: [GC (Allocation Failure) [PSYoungGen: 504864K->10912K(509952K)] 980968K->493340K(1034240K), 0.0277806 secs] [Times: user=0.03 sys=0.04, real=0.03 secs] 
2021-06-10T15:30:56.740+0800: 2354408.392: [GC (Allocation Failure) [PSYoungGen: 506528K->10112K(510464K)] 988956K->500326K(1034752K), 0.0258932 secs] [Times: user=0.04 sys=0.04, real=0.03 secs] 
2021-06-10T15:35:20.467+0800: 2354672.119: [GC (Allocation Failure) [PSYoungGen: 506752K->10784K(510464K)] 996966K->508664K(1034752K), 0.0272867 secs] [Times: user=0.07 sys=0.00, real=0.03 secs] 
2021-06-10T15:39:48.721+0800: 2354940.373: [GC (Allocation Failure) [PSYoungGen: 507424K->9376K(510976K)] 1005304K->515770K(1035264K), 0.0251716 secs] [Times: user=0.03 sys=0.04, real=0.03 secs] 
2021-06-10T15:44:14.452+0800: 2355206.104: [GC (Allocation Failure) [PSYoungGen: 507040K->11680K(509440K)] 1013434K->524948K(1033728K), 0.0324441 secs] [Times: user=0.04 sys=0.03, real=0.04 secs] 
2021-06-10T15:48:36.327+0800: 2355467.979: [GC (Allocation Failure) [PSYoungGen: 509344K->10912K(510976K)] 1022612K->532046K(1035264K), 0.0299416 secs] [Times: user=0.05 sys=0.05, real=0.03 secs] 
2021-06-10T15:48:36.357+0800: 2355468.009: [Full GC (Ergonomics) [PSYoungGen: 10912K->0K(510976K)] [ParOldGen: 521134K->304097K(524288K)] 532046K->304097K(1035264K), [Metaspace: 97187K->97187K(1138688K)], 0.4568818 secs] [Times: user=1.03 sys=0.00, real=0.46 secs] 
2021-06-10T15:53:02.395+0800: 2355734.047: [GC (Allocation Failure) [PSYoungGen: 497152K->7808K(510464K)] 801249K->311905K(1034752K), 0.0277343 secs] [Times: user=0.04 sys=0.03, real=0.03 secs] 
2021-06-10T15:57:18.141+0800: 2355989.793: [GC (Allocation Failure) [PSYoungGen: 504960K->13088K(509440K)] 809057K->323390K(1033728K), 0.0360724 secs] [Times: user=0.04 sys=0.05, real=0.04 secs] 
2021-06-10T16:01:35.890+0800: 2356247.543: [GC (Allocation Failure) [PSYoungGen: 508704K->11552K(509952K)] 819006K->331321K(1034240K), 0.0306488 secs] [Times: user=0.07 sys=0.00, real=0.03 secs] 
2021-06-10T16:05:54.205+0800: 2356505.857: [GC (Allocation Failure) [PSYoungGen: 507132K->8288K(509952K)] 826901K->336107K(1034240K), 0.0253657 secs] [Times: user=0.03 sys=0.04, real=0.02 secs] 
2021-06-10T16:10:10.959+0800: 2356762.611: [GC (Allocation Failure) [PSYoungGen: 503904K->11712K(509952K)] 831723K->345894K(1034240K), 0.0241348 secs] [Times: user=0.03 sys=0.04, real=0.03 secs] 
2021-06-10T16:14:28.586+0800: 2357020.238: [GC (Allocation Failure) [PSYoungGen: 507328K->9344K(509952K)] 841510K->353239K(1034240K), 0.0288172 secs] [Times: user=0.04 sys=0.04, real=0.03 secs] 
2021-06-10T16:18:45.112+0800: 2357276.764: [GC (Allocation Failure) [PSYoungGen: 504960K->12032K(507904K)] 848855K->362371K(1032192K), 0.1015601 secs] [Times: user=0.04 sys=0.04, real=0.11 secs] 
2021-06-10T16:22:59.387+0800: 2357531.039: [GC (Allocation Failure) [PSYoungGen: 507648K->10880K(509952K)] 857987K->369407K(1034240K), 0.0253864 secs] [Times: user=0.04 sys=0.04, real=0.03 secs] 
2021-06-10T16:27:16.465+0800: 2357788.117: [GC (Allocation Failure) [PSYoungGen: 505984K->9760K(509440K)] 864511K->377471K(1033728K), 0.0239440 secs] [Times: user=0.04 sys=0.03, real=0.02 secs] 
2021-06-10T16:31:35.486+0800: 2358047.138: [GC (Allocation Failure) [PSYoungGen: 504864K->9568K(510464K)] 872575K->384641K(1034752K), 0.0238451 secs] [Times: user=0.04 sys=0.03, real=0.02 secs] 
2021-06-10T16:35:54.023+0800: 2358305.675: [GC (Allocation Failure) [PSYoungGen: 505696K->12960K(509952K)] 880769K->394654K(1034240K), 0.0288242 secs] [Times: user=0.04 sys=0.04, real=0.02 secs] 
2021-06-10T16:40:15.988+0800: 2358567.640: [GC (Allocation Failure) [PSYoungGen: 509088K->8640K(509952K)] 890782K->400348K(1034240K), 0.0237621 secs] [Times: user=0.04 sys=0.04, real=0.03 secs] 
2021-06-10T16:44:36.621+0800: 2358828.273: [GC (Allocation Failure) [PSYoungGen: 504256K->11424K(509952K)] 895964K->409720K(1034240K), 0.0275444 secs] [Times: user=0.05 sys=0.04, real=0.03 secs] 
2021-06-10T16:48:57.679+0800: 2359089.331: [GC (Allocation Failure) [PSYoungGen: 507040K->9312K(509952K)] 905336K->415266K(1034240K), 0.0279944 secs] [Times: user=0.03 sys=0.03, real=0.03 secs] 
2021-06-10T16:53:20.084+0800: 2359351.736: [GC (Allocation Failure) [PSYoungGen: 504928K->6560K(502272K)] 910882K->420371K(1026560K), 0.0297735 secs] [Times: user=0.02 sys=0.04, real=0.03 secs] 
2021-06-10T16:57:38.274+0800: 2359609.926: [GC (Allocation Failure) [PSYoungGen: 502176K->10080K(509952K)] 915987K->428655K(1034240K), 0.0240166 secs] [Times: user=0.04 sys=0.04, real=0.02 secs] 
2021-06-10T17:02:00.165+0800: 2359871.818: [GC (Allocation Failure) [PSYoungGen: 505184K->8800K(509440K)] 923759K->434762K(1033728K), 0.0257193 secs] [Times: user=0.04 sys=0.04, real=0.02 secs] 
2021-06-10T17:06:22.764+0800: 2360134.416: [GC (Allocation Failure) [PSYoungGen: 503904K->11936K(509440K)] 929866K->443799K(1033728K), 0.0245874 secs] [Times: user=0.04 sys=0.03, real=0.02 secs] 
2021-06-10T17:10:43.796+0800: 2360395.448: [GC (Allocation Failure) [PSYoungGen: 507552K->9632K(509952K)] 939415K->450687K(1034240K), 0.0245066 secs] [Times: user=0.08 sys=0.00, real=0.02 secs] 
2021-06-10T17:15:05.276+0800: 2360656.928: [GC (Allocation Failure) [PSYoungGen: 505248K->9024K(510464K)] 946303K->457114K(1034752K), 0.0303584 secs] [Times: user=0.03 sys=0.04, real=0.03 secs] 
2021-06-10T17:19:21.540+0800: 2360913.192: [GC (Allocation Failure) [PSYoungGen: 505152K->11392K(509952K)] 953242K->466629K(1034240K), 0.0302275 secs] [Times: user=0.04 sys=0.06, real=0.03 secs] 
2021-06-10T17:23:41.480+0800: 2361173.132: [GC (Allocation Failure) [PSYoungGen: 507520K->8704K(510464K)] 962757K->473166K(1034752K), 0.0451337 secs] [Times: user=0.11 sys=0.00, real=0.05 secs] 
2021-06-10T17:28:01.338+0800: 2361432.990: [GC (Allocation Failure) [PSYoungGen: 505344K->9824K(510464K)] 969806K->480858K(1034752K), 0.0727072 secs] [Times: user=0.04 sys=0.04, real=0.07 secs] 
2021-06-10T17:32:22.194+0800: 2361693.846: [GC (Allocation Failure) [PSYoungGen: 506464K->11328K(510464K)] 977498K->490419K(1034752K), 0.0261713 secs] [Times: user=0.04 sys=0.04, real=0.02 secs] 
2021-06-10T17:36:46.947+0800: 2361958.599: [GC (Allocation Failure) [PSYoungGen: 507968K->8576K(510464K)] 987059K->496459K(1034752K), 0.0270928 secs] [Times: user=0.04 sys=0.03, real=0.03 secs] 
2021-06-10T17:41:07.987+0800: 2362219.640: [GC (Allocation Failure) [PSYoungGen: 505216K->10880K(510464K)] 993099K->504496K(1034752K), 0.0336935 secs] [Times: user=0.04 sys=0.04, real=0.03 secs] 
2021-06-10T17:45:26.699+0800: 2362478.351: [GC (Allocation Failure) [PSYoungGen: 507520K->8480K(510464K)] 1001136K->510625K(1034752K), 0.0286307 secs] [Times: user=0.03 sys=0.03, real=0.03 secs] 
2021-06-10T17:49:51.371+0800: 2362743.023: [GC (Allocation Failure) [PSYoungGen: 505120K->9056K(510976K)] 1007265K->518612K(1035264K), 0.0237906 secs] [Times: user=0.03 sys=0.04, real=0.03 secs] 
2021-06-10T17:54:11.893+0800: 2363003.545: [GC (Allocation Failure) [PSYoungGen: 506208K->10624K(510464K)] 1015764K->527440K(1034752K), 0.0362040 secs] [Times: user=0.05 sys=0.05, real=0.03 secs] 
2021-06-10T17:54:11.930+0800: 2363003.583: [Full GC (Ergonomics) [PSYoungGen: 10624K->0K(510464K)] [ParOldGen: 516816K->307899K(524288K)] 527440K->307899K(1034752K), [Metaspace: 97191K->97191K(1138688K)], 0.6169009 secs] [Times: user=0.65 sys=0.63, real=0.62 secs] 
2021-06-10T17:58:33.739+0800: 2363265.391: [GC (Allocation Failure) [PSYoungGen: 497152K->10784K(510976K)] 805051K->318683K(1035264K), 0.0244882 secs] [Times: user=0.04 sys=0.03, real=0.03 secs] 
2021-06-10T18:02:50.039+0800: 2363521.691: [GC (Allocation Failure) [PSYoungGen: 508448K->10400K(510976K)] 816347K->326516K(1035264K), 0.0232393 secs] [Times: user=0.04 sys=0.04, real=0.03 secs] 
2021-06-10T18:07:04.203+0800: 2363775.855: [GC (Allocation Failure) [PSYoungGen: 508064K->10816K(510976K)] 824180K->334920K(1035264K), 0.0242822 secs] [Times: user=0.04 sys=0.03, real=0.02 secs] 
2021-06-10T18:11:25.325+0800: 2364036.977: [GC (Allocation Failure) [PSYoungGen: 508480K->10048K(510976K)] 832584K->341960K(1035264K), 0.0336088 secs] [Times: user=0.04 sys=0.05, real=0.03 secs] 
2021-06-10T18:15:45.722+0800: 2364297.374: [GC (Allocation Failure) [PSYoungGen: 507712K->8640K(511488K)] 839624K->347866K(1035776K), 0.0242883 secs] [Times: user=0.07 sys=0.00, real=0.02 secs] 
2021-06-10T18:20:06.257+0800: 2364557.909: [GC (Allocation Failure) [PSYoungGen: 507328K->7744K(511488K)] 846554K->353668K(1035776K), 0.0354659 secs] [Times: user=0.09 sys=0.00, real=0.04 secs] 
2021-06-10T18:24:26.420+0800: 2364818.072: [GC (Allocation Failure) [PSYoungGen: 506432K->9792K(511488K)] 852356K->361089K(1035776K), 0.0343858 secs] [Times: user=0.04 sys=0.05, real=0.04 secs] 
2021-06-10T18:28:46.856+0800: 2365078.508: [GC (Allocation Failure) [PSYoungGen: 508480K->9536K(511488K)] 859777K->368611K(1035776K), 0.0238518 secs] [Times: user=0.04 sys=0.04, real=0.02 secs] 
2021-06-10T18:33:07.179+0800: 2365338.831: [GC (Allocation Failure) [PSYoungGen: 508224K->10688K(510976K)] 867299K->377047K(1035264K), 0.0270172 secs] [Times: user=0.03 sys=0.04, real=0.03 secs] 
2021-06-10T18:37:24.423+0800: 2365596.075: [GC (Allocation Failure) [PSYoungGen: 509376K->10560K(511488K)] 875735K->385664K(1035776K), 0.0316103 secs] [Times: user=0.04 sys=0.05, real=0.03 secs] 
2021-06-10T18:41:49.751+0800: 2365861.403: [GC (Allocation Failure) [PSYoungGen: 509248K->7008K(511488K)] 884352K->390696K(1035776K), 0.0389534 secs] [Times: user=0.04 sys=0.06, real=0.04 secs] 
2021-06-10T18:46:11.664+0800: 2366123.316: [GC (Allocation Failure) [PSYoungGen: 505696K->8576K(511488K)] 889384K->397292K(1035776K), 0.0272665 secs] [Times: user=0.04 sys=0.04, real=0.02 secs] 
2021-06-10T18:50:32.485+0800: 2366384.137: [GC (Allocation Failure) [PSYoungGen: 507264K->11680K(510464K)] 895980K->407318K(1034752K), 0.0333529 secs] [Times: user=0.05 sys=0.05, real=0.03 secs] 
2021-06-10T18:54:53.712+0800: 2366645.364: [GC (Allocation Failure) [PSYoungGen: 509344K->10400K(510976K)] 904982K->414521K(1035264K), 0.0238603 secs] [Times: user=0.04 sys=0.04, real=0.03 secs] 
2021-06-10T18:59:11.093+0800: 2366902.745: [GC (Allocation Failure) [PSYoungGen: 508064K->9888K(511488K)] 912185K->422275K(1035776K), 0.0398897 secs] [Times: user=0.03 sys=0.05, real=0.04 secs] 
2021-06-10T19:03:23.859+0800: 2367155.511: [GC (Allocation Failure) [PSYoungGen: 508064K->12586K(510976K)] 920451K->431562K(1035264K), 0.0279219 secs] [Times: user=0.04 sys=0.04, real=0.03 secs] 
2021-06-10T19:07:46.298+0800: 2367417.950: [GC (Allocation Failure) [PSYoungGen: 510762K->9920K(510976K)] 929738K->439251K(1035264K), 0.0268135 secs] [Times: user=0.05 sys=0.04, real=0.03 secs] 
2021-06-10T19:12:06.167+0800: 2367677.819: [GC (Allocation Failure) [PSYoungGen: 507584K->12544K(510464K)] 936915K->450166K(1034752K), 0.0254582 secs] [Times: user=0.04 sys=0.04, real=0.03 secs] 
2021-06-10T19:16:26.654+0800: 2367938.306: [GC (Allocation Failure) [PSYoungGen: 510208K->12416K(509440K)] 947830K->458561K(1033728K), 0.0224008 secs] [Times: user=0.04 sys=0.03, real=0.02 secs] 
2021-06-10T19:20:48.248+0800: 2368199.900: [GC (Allocation Failure) [PSYoungGen: 508032K->9024K(509952K)] 954177K->463985K(1034240K), 0.0779540 secs] [Times: user=0.03 sys=0.04, real=0.08 secs] 
2021-06-10T19:25:07.846+0800: 2368459.498: [GC (Allocation Failure) [PSYoungGen: 504640K->8928K(509952K)] 959601K->471163K(1034240K), 0.0252490 secs] [Times: user=0.03 sys=0.04, real=0.02 secs] 
2021-06-10T19:29:30.674+0800: 2368722.326: [GC (Allocation Failure) [PSYoungGen: 504544K->8000K(509952K)] 966779K->477134K(1034240K), 0.0259619 secs] [Times: user=0.04 sys=0.04, real=0.02 secs] 
2021-06-10T19:33:53.571+0800: 2368985.223: [GC (Allocation Failure) [PSYoungGen: 503616K->10112K(510464K)] 972750K->485394K(1034752K), 0.0275756 secs] [Times: user=0.04 sys=0.04, real=0.03 secs] 
2021-06-10T19:38:13.481+0800: 2369245.133: [GC (Allocation Failure) [PSYoungGen: 506240K->8416K(509952K)] 981522K->491260K(1034240K), 0.0570780 secs] [Times: user=0.04 sys=0.05, real=0.06 secs] 
2021-06-10T19:42:34.307+0800: 2369505.959: [GC (Allocation Failure) [PSYoungGen: 504544K->9024K(510976K)] 987388K->498225K(1035264K), 0.0355956 secs] [Times: user=0.04 sys=0.04, real=0.04 secs] 
2021-06-10T19:46:54.680+0800: 2369766.332: [GC (Allocation Failure) [PSYoungGen: 506176K->9824K(510464K)] 995377K->505844K(1034752K), 0.0308330 secs] [Times: user=0.04 sys=0.04, real=0.03 secs] 
2021-06-10T19:51:12.041+0800: 2370023.693: [GC (Allocation Failure) [PSYoungGen: 506976K->11712K(509952K)] 1002996K->515056K(1034240K), 0.0255883 secs] [Times: user=0.04 sys=0.04, real=0.03 secs] 
2021-06-10T19:55:31.689+0800: 2370283.341: [GC (Allocation Failure) [PSYoungGen: 508352K->9056K(510464K)] 1011696K->521656K(1034752K), 0.0281804 secs] [Times: user=0.04 sys=0.04, real=0.03 secs] 
2021-06-10T19:59:53.592+0800: 2370545.244: [GC (Allocation Failure) [PSYoungGen: 505696K->9504K(510976K)] 1018296K->528539K(1035264K), 0.0295978 secs] [Times: user=0.05 sys=0.05, real=0.03 secs] 
2021-06-10T19:59:53.622+0800: 2370545.274: [Full GC (Ergonomics) [PSYoungGen: 9504K->0K(510976K)] [ParOldGen: 519035K->304877K(524288K)] 528539K->304877K(1035264K), [Metaspace: 97191K->97191K(1138688K)], 0.5624628 secs] [Times: user=0.57 sys=0.56, real=0.56 secs] 
2021-06-10T20:04:14.478+0800: 2370806.130: [GC (Allocation Failure) [PSYoungGen: 497664K->10272K(510976K)] 802541K->315149K(1035264K), 0.0229422 secs] [Times: user=0.03 sys=0.03, real=0.02 secs] 
2021-06-10T20:08:34.256+0800: 2371065.908: [GC (Allocation Failure) [PSYoungGen: 507936K->11648K(510464K)] 812813K->324369K(1034752K), 0.0250624 secs] [Times: user=0.04 sys=0.04, real=0.02 secs] 
2021-06-10T20:12:56.050+0800: 2371327.702: [GC (Allocation Failure) [PSYoungGen: 509312K->9440K(510976K)] 822033K->331442K(1035264K), 0.0531264 secs] [Times: user=0.03 sys=0.03, real=0.06 secs] 
2021-06-10T20:17:14.521+0800: 2371586.173: [GC (Allocation Failure) [PSYoungGen: 507104K->10400K(511488K)] 829106K->339662K(1035776K), 0.0219351 secs] [Times: user=0.03 sys=0.04, real=0.03 secs] 
2021-06-10T20:21:34.501+0800: 2371846.153: [GC (Allocation Failure) [PSYoungGen: 508576K->9408K(510976K)] 837838K->347159K(1035264K), 0.0247736 secs] [Times: user=0.04 sys=0.04, real=0.03 secs] 
2021-06-10T20:25:54.361+0800: 2372106.013: [GC (Allocation Failure) [PSYoungGen: 507584K->10400K(511488K)] 845335K->356002K(1035776K), 0.0530590 secs] [Times: user=0.04 sys=0.04, real=0.06 secs] 
2021-06-10T20:30:13.353+0800: 2372365.005: [GC (Allocation Failure) [PSYoungGen: 509088K->12000K(510976K)] 854690K->365565K(1035264K), 0.0255913 secs] [Times: user=0.04 sys=0.04, real=0.02 secs] 
2021-06-10T20:34:35.010+0800: 2372626.662: [GC (Allocation Failure) [PSYoungGen: 510688K->9216K(510976K)] 864253K->371598K(1035264K), 0.0280581 secs] [Times: user=0.03 sys=0.04, real=0.03 secs] 
2021-06-10T20:38:55.248+0800: 2372886.900: [GC (Allocation Failure) [PSYoungGen: 506880K->8896K(510976K)] 869262K->378585K(1035264K), 0.0405171 secs] [Times: user=0.03 sys=0.04, real=0.04 secs] 
2021-06-10T20:43:13.602+0800: 2373145.254: [GC (Allocation Failure) [PSYoungGen: 506560K->8672K(511488K)] 876249K->385091K(1035776K), 0.0315614 secs] [Times: user=0.05 sys=0.04, real=0.04 secs] 
2021-06-10T20:47:31.454+0800: 2373403.106: [GC (Allocation Failure) [PSYoungGen: 506848K->10816K(510976K)] 883267K->394008K(1035264K), 0.0354580 secs] [Times: user=0.05 sys=0.05, real=0.03 secs] 
2021-06-10T20:51:50.150+0800: 2373661.802: [GC (Allocation Failure) [PSYoungGen: 508992K->11136K(510976K)] 892184K->402386K(1035264K), 0.0275525 secs] [Times: user=0.04 sys=0.04, real=0.03 secs] 
2021-06-10T20:56:06.734+0800: 2373918.386: [GC (Allocation Failure) [PSYoungGen: 508800K->11040K(510976K)] 900050K->411220K(1035264K), 0.0308303 secs] [Times: user=0.04 sys=0.04, real=0.03 secs] 
2021-06-10T21:00:28.546+0800: 2374180.198: [GC (Allocation Failure) [PSYoungGen: 508704K->11616K(510976K)] 908884K->419799K(1035264K), 0.0251119 secs] [Times: user=0.04 sys=0.04, real=0.02 secs] 
2021-06-10T21:04:48.910+0800: 2374440.562: [GC (Allocation Failure) [PSYoungGen: 509280K->7712K(505856K)] 917463K->425438K(1030144K), 0.0246253 secs] [Times: user=0.04 sys=0.04, real=0.03 secs] 
2021-06-10T21:09:09.338+0800: 2374700.990: [GC (Allocation Failure) [PSYoungGen: 505376K->9824K(510976K)] 923102K->433490K(1035264K), 0.0239085 secs] [Times: user=0.03 sys=0.04, real=0.03 secs] 
2021-06-10T21:13:30.304+0800: 2374961.956: [GC (Allocation Failure) [PSYoungGen: 506976K->11296K(510464K)] 930642K->441838K(1034752K), 0.0641261 secs] [Times: user=0.05 sys=0.05, real=0.06 secs] 
2021-06-10T21:17:52.188+0800: 2375223.840: [GC (Allocation Failure) [PSYoungGen: 508448K->10272K(510976K)] 938990K->449142K(1035264K), 0.0285302 secs] [Times: user=0.04 sys=0.04, real=0.03 secs] 
2021-06-10T21:22:13.657+0800: 2375485.309: [GC (Allocation Failure) [PSYoungGen: 507936K->10304K(510976K)] 946806K->456761K(1035264K), 0.0252630 secs] [Times: user=0.04 sys=0.04, real=0.03 secs] 
2021-06-10T21:26:35.458+0800: 2375747.111: [GC (Allocation Failure) [PSYoungGen: 507968K->11392K(510464K)] 954425K->465764K(1034752K), 0.0448839 secs] [Times: user=0.04 sys=0.03, real=0.05 secs] 
2021-06-10T21:30:54.335+0800: 2376005.987: [GC (Allocation Failure) [PSYoungGen: 509056K->11904K(510976K)] 963428K->475117K(1035264K), 0.0240286 secs] [Times: user=0.03 sys=0.04, real=0.02 secs] 
2021-06-10T21:35:09.877+0800: 2376261.529: [GC (Allocation Failure) [PSYoungGen: 509568K->11552K(509952K)] 972781K->482705K(1034240K), 0.0319993 secs] [Times: user=0.04 sys=0.05, real=0.03 secs] 
2021-06-10T21:39:30.484+0800: 2376522.136: [GC (Allocation Failure) [PSYoungGen: 508192K->11776K(510464K)] 979345K->490947K(1034752K), 0.0246570 secs] [Times: user=0.03 sys=0.03, real=0.02 secs] 
2021-06-10T21:43:52.252+0800: 2376783.905: [GC (Allocation Failure) [PSYoungGen: 508416K->10304K(510464K)] 987587K->497478K(1034752K), 0.0279748 secs] [Times: user=0.04 sys=0.05, real=0.02 secs] 
2021-06-10T21:48:14.693+0800: 2377046.345: [GC (Allocation Failure) [PSYoungGen: 506944K->8992K(510464K)] 994118K->503768K(1034752K), 0.0260738 secs] [Times: user=0.03 sys=0.03, real=0.02 secs] 
2021-06-10T21:52:34.679+0800: 2377306.332: [GC (Allocation Failure) [PSYoungGen: 505632K->9760K(510976K)] 1000408K->510500K(1035264K), 0.0276904 secs] [Times: user=0.04 sys=0.05, real=0.03 secs] 
2021-06-10T21:56:50.485+0800: 2377562.137: [GC (Allocation Failure) [PSYoungGen: 506912K->9888K(510464K)] 1007652K->517935K(1034752K), 0.0324415 secs] [Times: user=0.05 sys=0.04, real=0.03 secs] 
2021-06-10T22:01:10.727+0800: 2377822.379: [GC (Allocation Failure) [PSYoungGen: 507040K->9472K(510976K)] 1015087K->525448K(1035264K), 0.0316835 secs] [Times: user=0.05 sys=0.05, real=0.03 secs] 
2021-06-10T22:01:10.759+0800: 2377822.411: [Full GC (Ergonomics) [PSYoungGen: 9472K->0K(510976K)] [ParOldGen: 515976K->306134K(524288K)] 525448K->306134K(1035264K), [Metaspace: 97191K->97187K(1138688K)], 0.6115718 secs] [Times: user=1.21 sys=0.00, real=0.61 secs] 
2021-06-10T22:05:31.955+0800: 2378083.607: [GC (Allocation Failure) [PSYoungGen: 497664K->9376K(510976K)] 803798K->315511K(1035264K), 0.0247512 secs] [Times: user=0.04 sys=0.03, real=0.02 secs] 
2021-06-10T22:09:52.177+0800: 2378343.829: [GC (Allocation Failure) [PSYoungGen: 507040K->11008K(510464K)] 813175K->324801K(1034752K), 0.0270773 secs] [Times: user=0.04 sys=0.04, real=0.03 secs] 
2021-06-10T22:14:11.301+0800: 2378602.953: [GC (Allocation Failure) [PSYoungGen: 508672K->12832K(510976K)] 822465K->334397K(1035264K), 0.0263322 secs] [Times: user=0.04 sys=0.04, real=0.03 secs] 
2021-06-10T22:18:32.352+0800: 2378864.004: [GC (Allocation Failure) [PSYoungGen: 510496K->10784K(509952K)] 832061K->342669K(1034240K), 0.0282242 secs] [Times: user=0.04 sys=0.05, real=0.02 secs] 
2021-06-10T22:22:48.444+0800: 2379120.096: [GC (Allocation Failure) [PSYoungGen: 507424K->11008K(510464K)] 839309K->350967K(1034752K), 0.0303347 secs] [Times: user=0.04 sys=0.04, real=0.03 secs] 
2021-06-10T22:27:06.419+0800: 2379378.071: [GC (Allocation Failure) [PSYoungGen: 507648K->8288K(509952K)] 847607K->356009K(1034240K), 0.0529139 secs] [Times: user=0.03 sys=0.04, real=0.06 secs] 
2021-06-10T22:31:29.725+0800: 2379641.377: [GC (Allocation Failure) [PSYoungGen: 504928K->10112K(510464K)] 852649K->363517K(1034752K), 0.0272363 secs] [Times: user=0.04 sys=0.04, real=0.03 secs] 
2021-06-10T22:35:49.356+0800: 2379901.008: [GC (Allocation Failure) [PSYoungGen: 506752K->11200K(510976K)] 860157K->372152K(1035264K), 0.0278257 secs] [Times: user=0.05 sys=0.05, real=0.03 secs] 
2021-06-10T22:40:07.125+0800: 2380158.777: [GC (Allocation Failure) [PSYoungGen: 508864K->13280K(510976K)] 869816K->382946K(1035264K), 0.0329616 secs] [Times: user=0.05 sys=0.04, real=0.03 secs] 
2021-06-10T22:44:31.200+0800: 2380422.852: [GC (Allocation Failure) [PSYoungGen: 510944K->9056K(502784K)] 880610K->387459K(1027072K), 0.0282536 secs] [Times: user=0.04 sys=0.05, real=0.03 secs] 
2021-06-10T22:48:47.497+0800: 2380679.149: [GC (Allocation Failure) [PSYoungGen: 498528K->9312K(506880K)] 876931K->394159K(1031168K), 0.0281184 secs] [Times: user=0.03 sys=0.05, real=0.03 secs] 
2021-06-10T22:53:03.386+0800: 2380935.038: [GC (Allocation Failure) [PSYoungGen: 498784K->9824K(507392K)] 883631K->401146K(1031680K), 0.0284001 secs] [Times: user=0.04 sys=0.04, real=0.03 secs] 
2021-06-10T22:57:18.196+0800: 2381189.849: [GC (Allocation Failure) [PSYoungGen: 500320K->9120K(507392K)] 891642K->408412K(1031680K), 0.0268710 secs] [Times: user=0.04 sys=0.04, real=0.03 secs] 
2021-06-10T23:01:38.483+0800: 2381450.135: [GC (Allocation Failure) [PSYoungGen: 499616K->9312K(507904K)] 898908K->415240K(1032192K), 0.0261848 secs] [Times: user=0.04 sys=0.04, real=0.02 secs] 
2021-06-10T23:05:59.229+0800: 2381710.881: [GC (Allocation Failure) [PSYoungGen: 500832K->9792K(507904K)] 906760K->423617K(1032192K), 0.0242319 secs] [Times: user=0.04 sys=0.03, real=0.03 secs] 
2021-06-10T23:10:16.040+0800: 2381967.692: [GC (Allocation Failure) [PSYoungGen: 501312K->5536K(507392K)] 915137K->427488K(1031680K), 0.0243427 secs] [Times: user=0.04 sys=0.04, real=0.03 secs] 
2021-06-10T23:14:32.477+0800: 2382224.129: [GC (Allocation Failure) [PSYoungGen: 497056K->10912K(507904K)] 919008K->436590K(1032192K), 0.0310792 secs] [Times: user=0.04 sys=0.05, real=0.03 secs] 
2021-06-10T23:18:41.710+0800: 2382473.362: [GC (Allocation Failure) [PSYoungGen: 502432K->12096K(508416K)] 928110K->445168K(1032704K), 0.0326633 secs] [Times: user=0.05 sys=0.04, real=0.04 secs] 
2021-06-10T23:23:02.059+0800: 2382733.711: [GC (Allocation Failure) [PSYoungGen: 504640K->8864K(508416K)] 937712K->450953K(1032704K), 0.0323935 secs] [Times: user=0.04 sys=0.04, real=0.03 secs] 
2021-06-10T23:27:17.567+0800: 2382989.219: [GC (Allocation Failure) [PSYoungGen: 501408K->12352K(508416K)] 943497K->461413K(1032704K), 0.0309869 secs] [Times: user=0.04 sys=0.05, real=0.03 secs] 
2021-06-10T23:31:32.552+0800: 2383244.204: [GC (Allocation Failure) [PSYoungGen: 504896K->11232K(508416K)] 953957K->469695K(1032704K), 0.0345075 secs] [Times: user=0.04 sys=0.04, real=0.03 secs] 
2021-06-10T23:35:47.974+0800: 2383499.626: [GC (Allocation Failure) [PSYoungGen: 503776K->11840K(508416K)] 962239K->478755K(1032704K), 0.0295214 secs] [Times: user=0.04 sys=0.04, real=0.03 secs] 
2021-06-10T23:40:01.284+0800: 2383752.936: [GC (Allocation Failure) [PSYoungGen: 504384K->12480K(508416K)] 971299K->488518K(1032704K), 0.0272592 secs] [Times: user=0.04 sys=0.04, real=0.02 secs] 
2021-06-10T23:44:18.179+0800: 2384009.831: [GC (Allocation Failure) [PSYoungGen: 505022K->9856K(508416K)] 981061K->495433K(1032704K), 0.0259540 secs] [Times: user=0.03 sys=0.03, real=0.03 secs] 
2021-06-10T23:48:34.279+0800: 2384265.931: [GC (Allocation Failure) [PSYoungGen: 502400K->9760K(508416K)] 987977K->503588K(1032704K), 0.0232436 secs] [Times: user=0.04 sys=0.04, real=0.03 secs] 
2021-06-10T23:52:51.475+0800: 2384523.127: [GC (Allocation Failure) [PSYoungGen: 502304K->9600K(509440K)] 996132K->511093K(1033728K), 0.0270391 secs] [Times: user=0.04 sys=0.04, real=0.02 secs] 
2021-06-10T23:57:08.193+0800: 2384779.845: [GC (Allocation Failure) [PSYoungGen: 503680K->10752K(508928K)] 1005173K->518345K(1033216K), 0.0450990 secs] [Times: user=0.03 sys=0.03, real=0.04 secs] 
2021-06-11T00:01:10.528+0800: 2385022.180: [GC (Allocation Failure) [PSYoungGen: 504832K->10528K(509952K)] 1012425K->526699K(1034240K), 0.0263788 secs] [Times: user=0.03 sys=0.04, real=0.03 secs] 
2021-06-11T00:01:10.555+0800: 2385022.207: [Full GC (Ergonomics) [PSYoungGen: 10528K->0K(509952K)] [ParOldGen: 516171K->306688K(524288K)] 526699K->306688K(1034240K), [Metaspace: 97191K->97191K(1138688K)], 0.6059753 secs] [Times: user=1.48 sys=0.00, real=0.60 secs] 
2021-06-11T00:05:30.822+0800: 2385282.474: [GC (Allocation Failure) [PSYoungGen: 495104K->10880K(509440K)] 801792K->317568K(1033728K), 0.0208279 secs] [Times: user=0.03 sys=0.03, real=0.02 secs] 
2021-06-11T00:09:51.183+0800: 2385542.836: [GC (Allocation Failure) [PSYoungGen: 505984K->9888K(510464K)] 812672K->325992K(1034752K), 0.0262531 secs] [Times: user=0.04 sys=0.04, real=0.02 secs] 
2021-06-11T00:14:12.321+0800: 2385803.973: [GC (Allocation Failure) [PSYoungGen: 506016K->7968K(509952K)] 822120K->332488K(1034240K), 0.0248617 secs] [Times: user=0.03 sys=0.03, real=0.03 secs] 
2021-06-11T00:18:32.033+0800: 2386063.685: [GC (Allocation Failure) [PSYoungGen: 504096K->8064K(510464K)] 828616K->338466K(1034752K), 0.0213379 secs] [Times: user=0.03 sys=0.03, real=0.02 secs] 
2021-06-11T00:22:53.348+0800: 2386325.000: [GC (Allocation Failure) [PSYoungGen: 504704K->8256K(510464K)] 835106K->344638K(1034752K), 0.0693183 secs] [Times: user=0.03 sys=0.03, real=0.07 secs] 
2021-06-11T00:27:08.154+0800: 2386579.806: [GC (Allocation Failure) [PSYoungGen: 504896K->9472K(510464K)] 841278K->352370K(1034752K), 0.0225151 secs] [Times: user=0.03 sys=0.03, real=0.02 secs] 
2021-06-11T00:31:29.273+0800: 2386840.925: [GC (Allocation Failure) [PSYoungGen: 506112K->10144K(510464K)] 849010K->360388K(1034752K), 0.0251396 secs] [Times: user=0.03 sys=0.04, real=0.02 secs] 
2021-06-11T00:35:48.935+0800: 2387100.587: [GC (Allocation Failure) [PSYoungGen: 506784K->9856K(510976K)] 857028K->367223K(1035264K), 0.0227763 secs] [Times: user=0.07 sys=0.00, real=0.02 secs] 
2021-06-11T00:40:07.679+0800: 2387359.331: [GC (Allocation Failure) [PSYoungGen: 507520K->7552K(510976K)] 864887K->372568K(1035264K), 0.0268774 secs] [Times: user=0.03 sys=0.03, real=0.03 secs] 
2021-06-11T00:44:28.456+0800: 2387620.108: [GC (Allocation Failure) [PSYoungGen: 505216K->12096K(509952K)] 870232K->382261K(1034240K), 0.0235534 secs] [Times: user=0.03 sys=0.04, real=0.02 secs] 
2021-06-11T00:48:49.697+0800: 2387881.349: [GC (Allocation Failure) [PSYoungGen: 508736K->8352K(510464K)] 878901K->387974K(1034752K), 0.0218370 secs] [Times: user=0.04 sys=0.03, real=0.02 secs] 
2021-06-11T00:53:10.477+0800: 2388142.129: [GC (Allocation Failure) [PSYoungGen: 504992K->9696K(510976K)] 884614K->396025K(1035264K), 0.0254307 secs] [Times: user=0.04 sys=0.03, real=0.03 secs] 
2021-06-11T00:57:34.316+0800: 2388405.968: [GC (Allocation Failure) [PSYoungGen: 506848K->9536K(510464K)] 893177K->402916K(1034752K), 0.0230622 secs] [Times: user=0.03 sys=0.04, real=0.02 secs] 
2021-06-11T01:01:56.497+0800: 2388668.149: [GC (Allocation Failure) [PSYoungGen: 506688K->9888K(511488K)] 900068K->410246K(1035776K), 0.0468127 secs] [Times: user=0.03 sys=0.03, real=0.05 secs] 
2021-06-11T01:06:07.022+0800: 2388918.674: [GC (Allocation Failure) [PSYoungGen: 508576K->8682K(511488K)] 908934K->416017K(1035776K), 0.0256818 secs] [Times: user=0.03 sys=0.03, real=0.03 secs] 
2021-06-11T01:10:27.611+0800: 2389179.263: [GC (Allocation Failure) [PSYoungGen: 507370K->8896K(512000K)] 914705K->423166K(1036288K), 0.0457015 secs] [Times: user=0.03 sys=0.03, real=0.05 secs] 
2021-06-11T01:14:49.388+0800: 2389441.040: [GC (Allocation Failure) [PSYoungGen: 508096K->12256K(511488K)] 922366K->434065K(1035776K), 0.0246154 secs] [Times: user=0.04 sys=0.04, real=0.03 secs] 
2021-06-11T01:19:09.420+0800: 2389701.072: [GC (Allocation Failure) [PSYoungGen: 511456K->8992K(505344K)] 933265K->439531K(1029632K), 0.0781264 secs] [Times: user=0.02 sys=0.03, real=0.08 secs] 
2021-06-11T01:23:30.066+0800: 2389961.718: [GC (Allocation Failure) [PSYoungGen: 501536K->11264K(508416K)] 932075K->449205K(1032704K), 0.0293786 secs] [Times: user=0.04 sys=0.04, real=0.03 secs] 
2021-06-11T01:27:46.048+0800: 2390217.701: [GC (Allocation Failure) [PSYoungGen: 503808K->8416K(508928K)] 941749K->454198K(1033216K), 0.0234422 secs] [Times: user=0.03 sys=0.03, real=0.03 secs] 
2021-06-11T01:32:05.055+0800: 2390476.707: [GC (Allocation Failure) [PSYoungGen: 501984K->8032K(508928K)] 947766K->460975K(1033216K), 0.0236158 secs] [Times: user=0.03 sys=0.04, real=0.02 secs] 
2021-06-11T01:36:23.308+0800: 2390734.960: [GC (Allocation Failure) [PSYoungGen: 501600K->12064K(508928K)] 954543K->470994K(1033216K), 0.0285790 secs] [Times: user=0.04 sys=0.04, real=0.03 secs] 
2021-06-11T01:40:39.072+0800: 2390990.724: [GC (Allocation Failure) [PSYoungGen: 505632K->9280K(508928K)] 964562K->477140K(1033216K), 0.0257550 secs] [Times: user=0.03 sys=0.03, real=0.02 secs] 
2021-06-11T01:44:56.440+0800: 2391248.092: [GC (Allocation Failure) [PSYoungGen: 502848K->10752K(509440K)] 970708K->485632K(1033728K), 0.0366693 secs] [Times: user=0.03 sys=0.04, real=0.04 secs] 
2021-06-11T01:49:14.694+0800: 2391506.346: [GC (Allocation Failure) [PSYoungGen: 504830K->12128K(508928K)] 979710K->495370K(1033216K), 0.0249829 secs] [Times: user=0.04 sys=0.04, real=0.02 secs] 
2021-06-11T01:53:31.010+0800: 2391762.662: [GC (Allocation Failure) [PSYoungGen: 506208K->9056K(509440K)] 989450K->501924K(1033728K), 0.0239489 secs] [Times: user=0.04 sys=0.04, real=0.03 secs] 
2021-06-11T01:57:44.358+0800: 2392016.010: [GC (Allocation Failure) [PSYoungGen: 503136K->11520K(508928K)] 996004K->512048K(1033216K), 0.0253133 secs] [Times: user=0.04 sys=0.04, real=0.03 secs] 
2021-06-11T02:02:03.078+0800: 2392274.730: [GC (Allocation Failure) [PSYoungGen: 505600K->8864K(509440K)] 1006128K->517875K(1033728K), 0.0250239 secs] [Times: user=0.04 sys=0.04, real=0.03 secs] 
2021-06-11T02:06:24.846+0800: 2392536.498: [GC (Allocation Failure) [PSYoungGen: 503456K->8960K(509440K)] 1012467K->524807K(1033728K), 0.0227094 secs] [Times: user=0.04 sys=0.04, real=0.02 secs] 
2021-06-11T02:06:24.869+0800: 2392536.521: [Full GC (Ergonomics) [PSYoungGen: 8960K->0K(509440K)] [ParOldGen: 515847K->301650K(524288K)] 524807K->301650K(1033728K), [Metaspace: 97192K->97192K(1138688K)], 0.5401507 secs] [Times: user=1.03 sys=0.00, real=0.54 secs] 
2021-06-11T02:10:46.191+0800: 2392797.843: [GC (Allocation Failure) [PSYoungGen: 494592K->10240K(509952K)] 796242K->311890K(1034240K), 0.0215020 secs] [Times: user=0.03 sys=0.03, real=0.03 secs] 
2021-06-11T02:15:02.185+0800: 2393053.837: [GC (Allocation Failure) [PSYoungGen: 505344K->11264K(509440K)] 806994K->321212K(1033728K), 0.0260060 secs] [Times: user=0.04 sys=0.04, real=0.02 secs] 
2021-06-11T02:19:19.701+0800: 2393311.353: [GC (Allocation Failure) [PSYoungGen: 506368K->10016K(510464K)] 816316K->328718K(1034752K), 0.0274548 secs] [Times: user=0.04 sys=0.04, real=0.03 secs] 
2021-06-11T02:23:39.080+0800: 2393570.732: [GC (Allocation Failure) [PSYoungGen: 506144K->12224K(509952K)] 824846K->338921K(1034240K), 0.0321591 secs] [Times: user=0.03 sys=0.05, real=0.04 secs] 
2021-06-11T02:27:58.104+0800: 2393829.756: [GC (Allocation Failure) [PSYoungGen: 508352K->9504K(509952K)] 835049K->345202K(1034240K), 0.0318517 secs] [Times: user=0.04 sys=0.04, real=0.03 secs] 
2021-06-11T02:32:18.246+0800: 2394089.898: [GC (Allocation Failure) [PSYoungGen: 505120K->9920K(509952K)] 840818K->353196K(1034240K), 0.0235716 secs] [Times: user=0.03 sys=0.03, real=0.02 secs] 
2021-06-11T02:36:35.451+0800: 2394347.103: [GC (Allocation Failure) [PSYoungGen: 505536K->13792K(503296K)] 848812K->364719K(1027584K), 0.0242359 secs] [Times: user=0.03 sys=0.03, real=0.03 secs] 
2021-06-11T02:40:48.099+0800: 2394599.751: [GC (Allocation Failure) [PSYoungGen: 503264K->10720K(506880K)] 854191K->372016K(1031168K), 0.0245319 secs] [Times: user=0.04 sys=0.03, real=0.03 secs] 
2021-06-11T02:45:04.801+0800: 2394856.453: [GC (Allocation Failure) [PSYoungGen: 500192K->9216K(507392K)] 861488K->378074K(1031680K), 0.0320299 secs] [Times: user=0.03 sys=0.03, real=0.04 secs] 
2021-06-11T02:49:21.117+0800: 2395112.769: [GC (Allocation Failure) [PSYoungGen: 499200K->10464K(506880K)] 868058K->386709K(1031168K), 0.0304821 secs] [Times: user=0.03 sys=0.04, real=0.03 secs] 
2021-06-11T02:53:38.566+0800: 2395370.218: [GC (Allocation Failure) [PSYoungGen: 500448K->10496K(508416K)] 876693K->395679K(1032704K), 0.0267232 secs] [Times: user=0.04 sys=0.04, real=0.03 secs] 
2021-06-11T02:57:52.372+0800: 2395624.024: [GC (Allocation Failure) [PSYoungGen: 502528K->12256K(507904K)] 887711K->404915K(1032192K), 0.0258545 secs] [Times: user=0.04 sys=0.04, real=0.03 secs] 
2021-06-11T03:02:14.124+0800: 2395885.776: [GC (Allocation Failure) [PSYoungGen: 504288K->9024K(508416K)] 896947K->411699K(1032704K), 0.0285392 secs] [Times: user=0.04 sys=0.04, real=0.03 secs] 
2021-06-11T03:06:29.868+0800: 2396141.520: [GC (Allocation Failure) [PSYoungGen: 501568K->12480K(508416K)] 904243K->421967K(1032704K), 0.0333188 secs] [Times: user=0.03 sys=0.04, real=0.03 secs] 
2021-06-11T03:10:48.275+0800: 2396399.927: [GC (Allocation Failure) [PSYoungGen: 505024K->12352K(508416K)] 914511K->430835K(1032704K), 0.0267956 secs] [Times: user=0.03 sys=0.04, real=0.03 secs] 
2021-06-11T03:15:06.097+0800: 2396657.749: [GC (Allocation Failure) [PSYoungGen: 504896K->10752K(508416K)] 923379K->438102K(1032704K), 0.0232892 secs] [Times: user=0.04 sys=0.03, real=0.02 secs] 
2021-06-11T03:19:24.443+0800: 2396916.095: [GC (Allocation Failure) [PSYoungGen: 503296K->12288K(508416K)] 930646K->447672K(1032704K), 0.0302191 secs] [Times: user=0.04 sys=0.06, real=0.03 secs] 
2021-06-11T03:23:40.632+0800: 2397172.284: [GC (Allocation Failure) [PSYoungGen: 504832K->10240K(508416K)] 940216K->454609K(1032704K), 0.0289812 secs] [Times: user=0.04 sys=0.04, real=0.02 secs] 
2021-06-11T03:27:54.955+0800: 2397426.607: [GC (Allocation Failure) [PSYoungGen: 502784K->11520K(508928K)] 947153K->463444K(1033216K), 0.0298854 secs] [Times: user=0.05 sys=0.04, real=0.03 secs] 
2021-06-11T03:32:11.896+0800: 2397683.548: [GC (Allocation Failure) [PSYoungGen: 505088K->10880K(508928K)] 957012K->471255K(1033216K), 0.0631114 secs] [Times: user=0.04 sys=0.04, real=0.06 secs] 
2021-06-11T03:36:30.791+0800: 2397942.443: [GC (Allocation Failure) [PSYoungGen: 504448K->9920K(509440K)] 964823K->479559K(1033728K), 0.0293812 secs] [Times: user=0.04 sys=0.04, real=0.03 secs] 
2021-06-11T03:40:45.807+0800: 2398197.459: [GC (Allocation Failure) [PSYoungGen: 504512K->9536K(509440K)] 974151K->486930K(1033728K), 0.0304134 secs] [Times: user=0.04 sys=0.04, real=0.03 secs] 
2021-06-11T03:45:03.295+0800: 2398454.947: [GC (Allocation Failure) [PSYoungGen: 504128K->10560K(509952K)] 981522K->495685K(1034240K), 0.0573637 secs] [Times: user=0.04 sys=0.04, real=0.06 secs] 
2021-06-11T03:49:22.498+0800: 2398714.150: [GC (Allocation Failure) [PSYoungGen: 505664K->9568K(509440K)] 990789K->503024K(1033728K), 0.0305541 secs] [Times: user=0.04 sys=0.03, real=0.03 secs] 
2021-06-11T03:53:40.969+0800: 2398972.621: [GC (Allocation Failure) [PSYoungGen: 504672K->10528K(510464K)] 998128K->511515K(1034752K), 0.0377875 secs] [Times: user=0.04 sys=0.04, real=0.04 secs] 
2021-06-11T03:58:01.247+0800: 2399232.899: [GC (Allocation Failure) [PSYoungGen: 506656K->9440K(509952K)] 1007643K->519140K(1034240K), 0.0246094 secs] [Times: user=0.08 sys=0.00, real=0.02 secs] 
2021-06-11T04:02:19.516+0800: 2399491.168: [GC (Allocation Failure) [PSYoungGen: 505568K->9888K(510464K)] 1015268K->527192K(1034752K), 0.0277901 secs] [Times: user=0.04 sys=0.04, real=0.03 secs] 
2021-06-11T04:02:19.544+0800: 2399491.196: [Full GC (Ergonomics) [PSYoungGen: 9888K->0K(510464K)] [ParOldGen: 517304K->311187K(524288K)] 527192K->311187K(1034752K), [Metaspace: 97192K->97192K(1138688K)], 0.4701584 secs] [Times: user=1.00 sys=0.00, real=0.47 secs] 
2021-06-11T04:06:39.890+0800: 2399751.543: [GC (Allocation Failure) [PSYoungGen: 496640K->12480K(509440K)] 807827K->323668K(1033728K), 0.0253770 secs] [Times: user=0.03 sys=0.04, real=0.03 secs] 
2021-06-11T04:10:57.773+0800: 2400009.425: [GC (Allocation Failure) [PSYoungGen: 509120K->9472K(510464K)] 820308K->330203K(1034752K), 0.0221923 secs] [Times: user=0.04 sys=0.03, real=0.02 secs] 
2021-06-11T04:15:14.223+0800: 2400265.875: [GC (Allocation Failure) [PSYoungGen: 505600K->9408K(509952K)] 826331K->337615K(1034240K), 0.0237160 secs] [Times: user=0.04 sys=0.04, real=0.02 secs] 
2021-06-11T04:19:32.921+0800: 2400524.573: [GC (Allocation Failure) [PSYoungGen: 505536K->8896K(510464K)] 833743K->343792K(1034752K), 0.0216603 secs] [Times: user=0.04 sys=0.03, real=0.03 secs] 
2021-06-11T04:23:52.873+0800: 2400784.525: [GC (Allocation Failure) [PSYoungGen: 505536K->11584K(510464K)] 840432K->352813K(1034752K), 0.0466188 secs] [Times: user=0.02 sys=0.03, real=0.04 secs] 
2021-06-11T04:28:08.881+0800: 2401040.533: [GC (Allocation Failure) [PSYoungGen: 508224K->10368K(510464K)] 849453K->358935K(1034752K), 0.0244591 secs] [Times: user=0.04 sys=0.04, real=0.03 secs] 
2021-06-11T04:32:28.152+0800: 2401299.804: [GC (Allocation Failure) [PSYoungGen: 507008K->9632K(510464K)] 855575K->366705K(1034752K), 0.0344092 secs] [Times: user=0.03 sys=0.04, real=0.04 secs] 
2021-06-11T04:36:46.102+0800: 2401557.755: [GC (Allocation Failure) [PSYoungGen: 506272K->11008K(510976K)] 863345K->375652K(1035264K), 0.0384851 secs] [Times: user=0.05 sys=0.05, real=0.03 secs] 
2021-06-11T04:41:06.328+0800: 2401817.980: [GC (Allocation Failure) [PSYoungGen: 508672K->8608K(510976K)] 873316K->382029K(1035264K), 0.0238057 secs] [Times: user=0.03 sys=0.04, real=0.02 secs] 
2021-06-11T04:45:24.379+0800: 2402076.031: [GC (Allocation Failure) [PSYoungGen: 506272K->11456K(509952K)] 879693K->391913K(1034240K), 0.0242959 secs] [Times: user=0.03 sys=0.05, real=0.03 secs] 
2021-06-11T04:49:44.391+0800: 2402336.043: [GC (Allocation Failure) [PSYoungGen: 508096K->8576K(510464K)] 888553K->398394K(1034752K), 0.0350537 secs] [Times: user=0.04 sys=0.04, real=0.04 secs] 
2021-06-11T04:54:06.990+0800: 2402598.642: [GC (Allocation Failure) [PSYoungGen: 505216K->10336K(510976K)] 895034K->406525K(1035264K), 0.0260606 secs] [Times: user=0.03 sys=0.04, real=0.03 secs] 
2021-06-11T04:58:25.690+0800: 2402857.342: [GC (Allocation Failure) [PSYoungGen: 507488K->12672K(510464K)] 903677K->417512K(1034752K), 0.0244798 secs] [Times: user=0.03 sys=0.04, real=0.03 secs] 
2021-06-11T05:02:45.999+0800: 2403117.651: [GC (Allocation Failure) [PSYoungGen: 509824K->9664K(510464K)] 914664K->422857K(1034752K), 0.0529646 secs] [Times: user=0.04 sys=0.04, real=0.05 secs] 
2021-06-11T05:07:06.601+0800: 2403378.253: [GC (Allocation Failure) [PSYoungGen: 506304K->9696K(510464K)] 919497K->430299K(1034752K), 0.0298986 secs] [Times: user=0.03 sys=0.04, real=0.03 secs] 
2021-06-11T05:11:28.240+0800: 2403639.892: [GC (Allocation Failure) [PSYoungGen: 506336K->9024K(510976K)] 926939K->437039K(1035264K), 0.0226567 secs] [Times: user=0.04 sys=0.03, real=0.03 secs] 
2021-06-11T05:15:48.281+0800: 2403899.933: [GC (Allocation Failure) [PSYoungGen: 506176K->9920K(510464K)] 934191K->444985K(1034752K), 0.0242914 secs] [Times: user=0.04 sys=0.04, real=0.03 secs] 
2021-06-11T05:20:06.841+0800: 2404158.493: [GC (Allocation Failure) [PSYoungGen: 507072K->8064K(510976K)] 942137K->450374K(1035264K), 0.0218482 secs] [Times: user=0.03 sys=0.04, real=0.03 secs] 
2021-06-11T05:24:41.654+0800: 2404433.306: [GC (Allocation Failure) [PSYoungGen: 505728K->13280K(510976K)] 948038K->464946K(1035264K), 0.0523812 secs] [Times: user=0.03 sys=0.04, real=0.06 secs] 
2021-06-11T05:29:03.032+0800: 2404694.684: [GC (Allocation Failure) [PSYoungGen: 510944K->13280K(492544K)] 962610K->477649K(1016832K), 0.0314598 secs] [Times: user=0.05 sys=0.04, real=0.03 secs] 
2021-06-11T05:33:12.584+0800: 2404944.236: [GC (Allocation Failure) [PSYoungGen: 492512K->10400K(501760K)] 956881K->485402K(1026048K), 0.0461466 secs] [Times: user=0.03 sys=0.03, real=0.04 secs] 
2021-06-11T05:37:23.731+0800: 2405195.383: [GC (Allocation Failure) [PSYoungGen: 489632K->11776K(503296K)] 964634K->493894K(1027584K), 0.0286215 secs] [Times: user=0.03 sys=0.05, real=0.03 secs] 
2021-06-11T05:41:29.044+0800: 2405440.696: [GC (Allocation Failure) [PSYoungGen: 493056K->9664K(502272K)] 975174K->501333K(1026560K), 0.0292263 secs] [Times: user=0.04 sys=0.04, real=0.03 secs] 
2021-06-11T05:45:37.647+0800: 2405689.300: [GC (Allocation Failure) [PSYoungGen: 490944K->10400K(503808K)] 982613K->509105K(1028096K), 0.0741271 secs] [Times: user=0.04 sys=0.03, real=0.07 secs] 
2021-06-11T05:49:50.085+0800: 2405941.737: [GC (Allocation Failure) [PSYoungGen: 493216K->11680K(503296K)] 991921K->518028K(1027584K), 0.0266742 secs] [Times: user=0.03 sys=0.04, real=0.02 secs] 
2021-06-11T05:53:55.362+0800: 2406187.014: [GC (Allocation Failure) [PSYoungGen: 494496K->12448K(505344K)] 1000844K->528383K(1029632K), 0.0298038 secs] [Times: user=0.04 sys=0.04, real=0.03 secs] 
2021-06-11T05:53:55.393+0800: 2406187.045: [Full GC (Ergonomics) [PSYoungGen: 12448K->0K(505344K)] [ParOldGen: 515935K->300476K(524288K)] 528383K->300476K(1029632K), [Metaspace: 97202K->97202K(1138688K)], 0.5171635 secs] [Times: user=1.08 sys=0.00, real=0.51 secs] 
2021-06-11T05:58:10.337+0800: 2406441.989: [GC (Allocation Failure) [PSYoungGen: 485888K->10016K(504832K)] 786364K->310492K(1029120K), 0.0233548 secs] [Times: user=0.03 sys=0.03, real=0.02 secs] 
2021-06-11T06:02:18.535+0800: 2406690.187: [GC (Allocation Failure) [PSYoungGen: 495904K->14688K(504832K)] 796380K->322353K(1029120K), 0.0291670 secs] [Times: user=0.04 sys=0.04, real=0.03 secs] 
2021-06-11T06:06:32.029+0800: 2406943.681: [GC (Allocation Failure) [PSYoungGen: 501088K->10176K(505344K)] 808753K->327901K(1029632K), 0.0237185 secs] [Times: user=0.04 sys=0.04, real=0.03 secs] 
2021-06-11T06:10:47.149+0800: 2407198.801: [GC (Allocation Failure) [PSYoungGen: 496576K->9248K(505856K)] 814301K->335333K(1030144K), 0.0237709 secs] [Times: user=0.04 sys=0.04, real=0.03 secs] 
2021-06-11T06:15:01.694+0800: 2407453.347: [GC (Allocation Failure) [PSYoungGen: 496670K->13024K(505856K)] 822756K->346473K(1030144K), 0.0268754 secs] [Times: user=0.04 sys=0.04, real=0.02 secs] 
2021-06-11T06:19:13.015+0800: 2407704.667: [GC (Allocation Failure) [PSYoungGen: 500448K->10336K(506368K)] 833897K->353179K(1030656K), 0.0239216 secs] [Times: user=0.03 sys=0.04, real=0.02 secs] 
2021-06-11T06:23:23.562+0800: 2407955.214: [GC (Allocation Failure) [PSYoungGen: 498272K->9856K(505856K)] 841115K->361027K(1030144K), 0.0286493 secs] [Times: user=0.04 sys=0.04, real=0.02 secs] 
2021-06-11T06:27:38.394+0800: 2408210.046: [GC (Allocation Failure) [PSYoungGen: 497792K->10176K(506880K)] 848963K->368661K(1031168K), 0.0430614 secs] [Times: user=0.03 sys=0.04, real=0.04 secs] 
2021-06-11T06:31:53.789+0800: 2408465.441: [GC (Allocation Failure) [PSYoungGen: 499648K->8864K(506880K)] 858133K->375447K(1031168K), 0.0241576 secs] [Times: user=0.03 sys=0.04, real=0.03 secs] 
2021-06-11T06:36:09.876+0800: 2408721.528: [GC (Allocation Failure) [PSYoungGen: 498336K->7808K(507392K)] 864919K->381201K(1031680K), 0.0272350 secs] [Times: user=0.03 sys=0.04, real=0.03 secs] 
2021-06-11T06:40:28.388+0800: 2408980.040: [GC (Allocation Failure) [PSYoungGen: 498304K->7168K(507392K)] 871697K->386548K(1031680K), 0.0683605 secs] [Times: user=0.03 sys=0.03, real=0.07 secs] 
2021-06-11T06:44:44.091+0800: 2409235.743: [GC (Allocation Failure) [PSYoungGen: 497664K->9440K(507904K)] 877044K->394391K(1032192K), 0.0255396 secs] [Times: user=0.03 sys=0.03, real=0.03 secs] 
2021-06-11T06:49:02.050+0800: 2409493.702: [GC (Allocation Failure) [PSYoungGen: 500448K->6976K(507392K)] 885399K->399177K(1031680K), 0.0226499 secs] [Times: user=0.03 sys=0.04, real=0.03 secs] 
2021-06-11T06:53:19.348+0800: 2409751.000: [GC (Allocation Failure) [PSYoungGen: 497984K->11872K(507904K)] 890185K->409334K(1032192K), 0.0281147 secs] [Times: user=0.04 sys=0.04, real=0.03 secs] 
2021-06-11T06:57:33.776+0800: 2410005.428: [GC (Allocation Failure) [PSYoungGen: 503392K->8352K(507904K)] 900854K->414190K(1032192K), 0.0241304 secs] [Times: user=0.03 sys=0.04, real=0.02 secs] 
2021-06-11T07:01:50.918+0800: 2410262.570: [GC (Allocation Failure) [PSYoungGen: 499872K->8128K(508416K)] 905710K->420761K(1032704K), 0.0235135 secs] [Times: user=0.03 sys=0.04, real=0.02 secs] 
2021-06-11T07:06:02.559+0800: 2410514.211: [GC (Allocation Failure) [PSYoungGen: 500160K->7562K(507904K)] 912793K->426670K(1032192K), 0.0251739 secs] [Times: user=0.04 sys=0.04, real=0.03 secs] 
2021-06-11T07:10:18.282+0800: 2410769.934: [GC (Allocation Failure) [PSYoungGen: 499594K->9920K(508928K)] 918702K->435394K(1033216K), 0.0214026 secs] [Times: user=0.07 sys=0.00, real=0.02 secs] 
2021-06-11T07:14:32.649+0800: 2411024.301: [GC (Allocation Failure) [PSYoungGen: 502976K->9376K(508416K)] 928450K->443012K(1032704K), 0.0236356 secs] [Times: user=0.04 sys=0.03, real=0.03 secs] 
2021-06-11T07:18:52.258+0800: 2411283.910: [GC (Allocation Failure) [PSYoungGen: 502432K->8800K(509952K)] 936068K->450062K(1034240K), 0.0266146 secs] [Times: user=0.04 sys=0.04, real=0.03 secs] 
2021-06-11T07:23:10.902+0800: 2411542.554: [GC (Allocation Failure) [PSYoungGen: 503904K->10400K(509440K)] 945166K->458328K(1033728K), 0.0315494 secs] [Times: user=0.03 sys=0.04, real=0.03 secs] 
2021-06-11T07:27:29.743+0800: 2411801.395: [GC (Allocation Failure) [PSYoungGen: 505504K->9888K(510464K)] 953432K->464930K(1034752K), 0.0271970 secs] [Times: user=0.03 sys=0.04, real=0.02 secs] 
2021-06-11T07:31:48.550+0800: 2412060.202: [GC (Allocation Failure) [PSYoungGen: 506016K->8448K(509952K)] 961058K->470174K(1034240K), 0.0235008 secs] [Times: user=0.04 sys=0.03, real=0.03 secs] 
2021-06-11T07:36:04.015+0800: 2412315.667: [GC (Allocation Failure) [PSYoungGen: 504576K->9344K(510976K)] 966302K->477345K(1035264K), 0.0232740 secs] [Times: user=0.04 sys=0.03, real=0.02 secs] 
2021-06-11T07:40:20.503+0800: 2412572.155: [GC (Allocation Failure) [PSYoungGen: 506496K->10624K(510464K)] 974497K->485339K(1034752K), 0.0272647 secs] [Times: user=0.04 sys=0.04, real=0.02 secs] 
2021-06-11T07:44:40.834+0800: 2412832.486: [GC (Allocation Failure) [PSYoungGen: 507776K->8480K(510976K)] 982491K->490869K(1035264K), 0.0269807 secs] [Times: user=0.03 sys=0.04, real=0.02 secs] 
2021-06-11T07:48:57.118+0800: 2413088.770: [GC (Allocation Failure) [PSYoungGen: 506144K->10784K(510976K)] 988533K->498953K(1035264K), 0.0243090 secs] [Times: user=0.04 sys=0.04, real=0.03 secs] 
2021-06-11T07:53:20.147+0800: 2413351.799: [GC (Allocation Failure) [PSYoungGen: 508448K->9824K(510976K)] 996617K->506218K(1035264K), 0.0236845 secs] [Times: user=0.04 sys=0.04, real=0.02 secs] 
2021-06-11T07:57:36.594+0800: 2413608.246: [GC (Allocation Failure) [PSYoungGen: 507488K->8448K(510976K)] 1003882K->512754K(1035264K), 0.0393862 secs] [Times: user=0.04 sys=0.04, real=0.04 secs] 
2021-06-11T08:01:57.145+0800: 2413868.797: [GC (Allocation Failure) [PSYoungGen: 506112K->9760K(511488K)] 1010418K->520598K(1035776K), 0.0361890 secs] [Times: user=0.04 sys=0.04, real=0.03 secs] 
2021-06-11T08:06:16.884+0800: 2414128.536: [GC (Allocation Failure) [PSYoungGen: 508448K->11168K(509952K)] 1019286K->529480K(1034240K), 0.0268845 secs] [Times: user=0.04 sys=0.04, real=0.02 secs] 
2021-06-11T08:06:16.911+0800: 2414128.563: [Full GC (Ergonomics) [PSYoungGen: 11168K->0K(509952K)] [ParOldGen: 518312K->309301K(524288K)] 529480K->309301K(1034240K), [Metaspace: 97202K->97202K(1138688K)], 0.4926390 secs] [Times: user=1.08 sys=0.00, real=0.50 secs] 
2021-06-11T08:10:34.634+0800: 2414386.286: [GC (Allocation Failure) [PSYoungGen: 498688K->9376K(511488K)] 807989K->318677K(1035776K), 0.0512161 secs] [Times: user=0.04 sys=0.03, real=0.05 secs] 
2021-06-11T08:14:52.153+0800: 2414643.805: [GC (Allocation Failure) [PSYoungGen: 507552K->10336K(510976K)] 816853K->326864K(1035264K), 0.0240097 secs] [Times: user=0.03 sys=0.03, real=0.02 secs] 
2021-06-11T08:19:08.756+0800: 2414900.408: [GC (Allocation Failure) [PSYoungGen: 508512K->11680K(510464K)] 825040K->335739K(1034752K), 0.0277231 secs] [Times: user=0.03 sys=0.04, real=0.03 secs] 
2021-06-11T08:23:34.108+0800: 2415165.760: [GC (Allocation Failure) [PSYoungGen: 509344K->9056K(510976K)] 833403K->342292K(1035264K), 0.0281770 secs] [Times: user=0.04 sys=0.04, real=0.03 secs] 
2021-06-11T08:27:53.075+0800: 2415424.727: [GC (Allocation Failure) [PSYoungGen: 506720K->10624K(510976K)] 839956K->350759K(1035264K), 0.0275348 secs] [Times: user=0.04 sys=0.04, real=0.03 secs] 
2021-06-11T08:32:13.388+0800: 2415685.040: [GC (Allocation Failure) [PSYoungGen: 508288K->12768K(510464K)] 848423K->361402K(1034752K), 0.0300567 secs] [Times: user=0.04 sys=0.05, real=0.03 secs] 
2021-06-11T08:36:30.844+0800: 2415942.496: [GC (Allocation Failure) [PSYoungGen: 510386K->10592K(510464K)] 859021K->368957K(1034752K), 0.0237753 secs] [Times: user=0.04 sys=0.04, real=0.02 secs] 
2021-06-11T08:40:49.827+0800: 2416201.479: [GC (Allocation Failure) [PSYoungGen: 507232K->8448K(510464K)] 865597K->375909K(1034752K), 0.0257069 secs] [Times: user=0.04 sys=0.04, real=0.03 secs] 
2021-06-11T08:45:14.573+0800: 2416466.225: [GC (Allocation Failure) [PSYoungGen: 505088K->9312K(510976K)] 872549K->384207K(1035264K), 0.0287077 secs] [Times: user=0.04 sys=0.05, real=0.02 secs] 
2021-06-11T08:49:34.361+0800: 2416726.014: [GC (Allocation Failure) [PSYoungGen: 506464K->10880K(510464K)] 881359K->393066K(1034752K), 0.0409586 secs] [Times: user=0.04 sys=0.04, real=0.05 secs] 
2021-06-11T08:53:53.232+0800: 2416984.884: [GC (Allocation Failure) [PSYoungGen: 508032K->9792K(510976K)] 890218K->400733K(1035264K), 0.0251294 secs] [Times: user=0.03 sys=0.04, real=0.03 secs] 
2021-06-11T08:58:13.655+0800: 2417245.307: [GC (Allocation Failure) [PSYoungGen: 507456K->11840K(510976K)] 898397K->410352K(1035264K), 0.0534268 secs] [Times: user=0.04 sys=0.04, real=0.05 secs] 
2021-06-11T09:02:31.815+0800: 2417503.467: [GC (Allocation Failure) [PSYoungGen: 509504K->10400K(510976K)] 908016K->418057K(1035264K), 0.0285014 secs] [Times: user=0.04 sys=0.04, real=0.03 secs] 
2021-06-11T09:06:58.110+0800: 2417769.762: [GC (Allocation Failure) [PSYoungGen: 508064K->10240K(510976K)] 915721K->425572K(1035264K), 0.0248204 secs] [Times: user=0.04 sys=0.04, real=0.03 secs] 
2021-06-11T09:11:16.765+0800: 2418028.417: [GC (Allocation Failure) [PSYoungGen: 507904K->8672K(511488K)] 923236K->431878K(1035776K), 0.0247665 secs] [Times: user=0.03 sys=0.04, real=0.02 secs] 
2021-06-11T09:15:39.743+0800: 2418291.395: [GC (Allocation Failure) [PSYoungGen: 507360K->9760K(511488K)] 930566K->439977K(1035776K), 0.0218142 secs] [Times: user=0.03 sys=0.03, real=0.02 secs] 
2021-06-11T09:20:00.627+0800: 2418552.279: [GC (Allocation Failure) [PSYoungGen: 508448K->9664K(511488K)] 938665K->447203K(1035776K), 0.0386973 secs] [Times: user=0.04 sys=0.03, real=0.04 secs] 
2021-06-11T09:24:19.200+0800: 2418810.852: [GC (Allocation Failure) [PSYoungGen: 508352K->10368K(511488K)] 945891K->455628K(1035776K), 0.0349650 secs] [Times: user=0.04 sys=0.04, real=0.04 secs] 
2021-06-11T09:28:38.557+0800: 2419070.209: [GC (Allocation Failure) [PSYoungGen: 509056K->9568K(512000K)] 954316K->462880K(1036288K), 0.0255503 secs] [Times: user=0.03 sys=0.04, real=0.03 secs] 
2021-06-11T09:32:59.398+0800: 2419331.050: [GC (Allocation Failure) [PSYoungGen: 509280K->8960K(512000K)] 962592K->470154K(1036288K), 0.0238926 secs] [Times: user=0.07 sys=0.00, real=0.03 secs] 
2021-06-11T09:37:18.655+0800: 2419590.307: [GC (Allocation Failure) [PSYoungGen: 508672K->8064K(512000K)] 969866K->476523K(1036288K), 0.0274467 secs] [Times: user=0.05 sys=0.04, real=0.03 secs] 
2021-06-11T09:41:40.761+0800: 2419852.413: [GC (Allocation Failure) [PSYoungGen: 507776K->10144K(512000K)] 976235K->485110K(1036288K), 0.0295390 secs] [Times: user=0.04 sys=0.04, real=0.03 secs] 
2021-06-11T09:46:02.753+0800: 2420114.405: [GC (Allocation Failure) [PSYoungGen: 509856K->9824K(512000K)] 984822K->491689K(1036288K), 0.0297842 secs] [Times: user=0.04 sys=0.05, real=0.03 secs] 
2021-06-11T09:50:22.940+0800: 2420374.592: [GC (Allocation Failure) [PSYoungGen: 509536K->9120K(512000K)] 991401K->498253K(1036288K), 0.0318606 secs] [Times: user=0.05 sys=0.04, real=0.03 secs] 
2021-06-11T09:54:41.067+0800: 2420632.719: [GC (Allocation Failure) [PSYoungGen: 508832K->9536K(512512K)] 997965K->505993K(1036800K), 0.0426413 secs] [Times: user=0.03 sys=0.04, real=0.04 secs] 
2021-06-11T09:59:03.790+0800: 2420895.442: [GC (Allocation Failure) [PSYoungGen: 509760K->9088K(512000K)] 1006217K->513890K(1036288K), 0.0251870 secs] [Times: user=0.03 sys=0.04, real=0.03 secs] 
2021-06-11T10:03:21.921+0800: 2421153.573: [GC (Allocation Failure) [PSYoungGen: 509312K->9504K(512512K)] 1014114K->521766K(1036800K), 0.0297920 secs] [Times: user=0.05 sys=0.05, real=0.03 secs] 
2021-06-11T10:07:45.205+0800: 2421416.857: [GC (Allocation Failure) [PSYoungGen: 510240K->9600K(512512K)] 1022502K->528777K(1036800K), 0.0300129 secs] [Times: user=0.03 sys=0.04, real=0.03 secs] 
2021-06-11T10:07:45.236+0800: 2421416.888: [Full GC (Ergonomics) [PSYoungGen: 9600K->0K(512512K)] [ParOldGen: 519177K->304678K(524288K)] 528777K->304678K(1036800K), [Metaspace: 97202K->97202K(1138688K)], 0.5288282 secs] [Times: user=1.19 sys=0.00, real=0.53 secs] 
2021-06-11T10:12:08.797+0800: 2421680.449: [GC (Allocation Failure) [PSYoungGen: 500736K->10976K(512000K)] 805414K->315654K(1036288K), 0.0290753 secs] [Times: user=0.03 sys=0.05, real=0.03 secs] 
2021-06-11T10:16:34.105+0800: 2421945.757: [GC (Allocation Failure) [PSYoungGen: 511712K->8928K(512512K)] 816390K->321564K(1036800K), 0.0367271 secs] [Times: user=0.04 sys=0.05, real=0.03 secs] 
2021-06-11T10:21:00.387+0800: 2422212.039: [GC (Allocation Failure) [PSYoungGen: 509664K->10976K(511488K)] 822300K->330456K(1035776K), 0.0310718 secs] [Times: user=0.03 sys=0.04, real=0.03 secs] 
2021-06-11T10:25:26.126+0800: 2422477.778: [GC (Allocation Failure) [PSYoungGen: 510688K->8032K(512000K)] 830168K->336305K(1036288K), 0.0254191 secs] [Times: user=0.04 sys=0.03, real=0.02 secs] 
2021-06-11T10:29:50.170+0800: 2422741.822: [GC (Allocation Failure) [PSYoungGen: 507744K->10432K(512000K)] 836017K->344780K(1036288K), 0.0289495 secs] [Times: user=0.04 sys=0.05, real=0.03 secs] 
2021-06-11T10:34:12.041+0800: 2423003.693: [GC (Allocation Failure) [PSYoungGen: 510144K->10720K(512000K)] 844492K->353151K(1036288K), 0.0239455 secs] [Times: user=0.03 sys=0.04, real=0.03 secs] 
2021-06-11T10:38:37.335+0800: 2423268.987: [GC (Allocation Failure) [PSYoungGen: 510432K->11968K(510976K)] 852863K->362474K(1035264K), 0.0270007 secs] [Times: user=0.04 sys=0.04, real=0.03 secs] 
2021-06-11T10:43:01.012+0800: 2423532.664: [GC (Allocation Failure) [PSYoungGen: 510656K->10560K(511488K)] 861162K->369861K(1035776K), 0.0274108 secs] [Times: user=0.03 sys=0.04, real=0.02 secs] 
2021-06-11T10:47:25.599+0800: 2423797.251: [GC (Allocation Failure) [PSYoungGen: 509248K->6752K(510464K)] 868549K->373974K(1034752K), 0.0260525 secs] [Times: user=0.04 sys=0.04, real=0.03 secs] 
2021-06-11T10:51:47.580+0800: 2424059.232: [GC (Allocation Failure) [PSYoungGen: 504416K->9408K(510976K)] 871638K->381962K(1035264K), 0.0278937 secs] [Times: user=0.03 sys=0.04, real=0.03 secs] 
2021-06-11T10:56:06.948+0800: 2424318.600: [GC (Allocation Failure) [PSYoungGen: 507072K->10016K(511488K)] 879626K->389797K(1035776K), 0.0252739 secs] [Times: user=0.04 sys=0.04, real=0.03 secs] 
2021-06-11T11:00:23.656+0800: 2424575.308: [GC (Allocation Failure) [PSYoungGen: 508704K->7232K(511488K)] 888485K->395221K(1035776K), 0.0265157 secs] [Times: user=0.04 sys=0.04, real=0.03 secs] 
2021-06-11T11:04:40.770+0800: 2424832.422: [GC (Allocation Failure) [PSYoungGen: 505920K->8544K(511488K)] 893909K->402096K(1035776K), 0.0261370 secs] [Times: user=0.04 sys=0.04, real=0.03 secs] 
2021-06-11T11:08:57.150+0800: 2425088.802: [GC (Allocation Failure) [PSYoungGen: 507232K->12256K(510976K)] 900784K->412539K(1035264K), 0.0553292 secs] [Times: user=0.08 sys=0.00, real=0.06 secs] 
2021-06-11T11:13:14.389+0800: 2425346.041: [GC (Allocation Failure) [PSYoungGen: 510944K->9440K(510976K)] 911227K->418388K(1035264K), 0.0249691 secs] [Times: user=0.04 sys=0.03, real=0.03 secs] 
2021-06-11T11:17:33.520+0800: 2425605.172: [GC (Allocation Failure) [PSYoungGen: 507104K->8448K(510976K)] 916052K->424717K(1035264K), 0.0240317 secs] [Times: user=0.03 sys=0.04, real=0.03 secs] 
2021-06-11T11:21:47.284+0800: 2425858.936: [GC (Allocation Failure) [PSYoungGen: 506112K->10048K(511488K)] 922381K->432035K(1035776K), 0.0204998 secs] [Times: user=0.03 sys=0.03, real=0.02 secs] 
2021-06-11T11:26:01.846+0800: 2426113.498: [GC (Allocation Failure) [PSYoungGen: 508736K->7136K(511488K)] 930723K->437347K(1035776K), 0.0351451 secs] [Times: user=0.03 sys=0.04, real=0.03 secs] 
2021-06-11T11:30:24.270+0800: 2426375.922: [GC (Allocation Failure) [PSYoungGen: 505824K->7648K(511488K)] 936035K->443183K(1035776K), 0.0262348 secs] [Times: user=0.03 sys=0.04, real=0.03 secs] 
2021-06-11T11:34:40.333+0800: 2426631.986: [GC (Allocation Failure) [PSYoungGen: 506336K->8064K(511488K)] 941871K->449578K(1035776K), 0.0294487 secs] [Times: user=0.03 sys=0.04, real=0.03 secs] 
2021-06-11T11:39:00.179+0800: 2426891.831: [GC (Allocation Failure) [PSYoungGen: 506752K->10560K(511488K)] 948266K->458270K(1035776K), 0.0323724 secs] [Times: user=0.04 sys=0.04, real=0.03 secs] 
2021-06-11T11:43:20.532+0800: 2427152.184: [GC (Allocation Failure) [PSYoungGen: 509248K->9856K(511488K)] 956958K->465936K(1035776K), 0.0258209 secs] [Times: user=0.04 sys=0.04, real=0.02 secs] 
2021-06-11T11:47:36.204+0800: 2427407.856: [GC (Allocation Failure) [PSYoungGen: 508544K->10688K(510464K)] 964624K->474658K(1034752K), 0.0338046 secs] [Times: user=0.03 sys=0.03, real=0.03 secs] 
2021-06-11T11:51:53.722+0800: 2427665.374: [GC (Allocation Failure) [PSYoungGen: 508352K->8928K(510976K)] 972322K->480356K(1035264K), 0.0368994 secs] [Times: user=0.04 sys=0.04, real=0.04 secs] 
2021-06-11T11:56:12.569+0800: 2427924.221: [GC (Allocation Failure) [PSYoungGen: 506592K->7552K(511488K)] 978020K->485247K(1035776K), 0.0290555 secs] [Times: user=0.09 sys=0.00, real=0.03 secs] 
2021-06-11T12:00:33.433+0800: 2428185.085: [GC (Allocation Failure) [PSYoungGen: 506240K->10368K(511488K)] 983935K->493394K(1035776K), 0.0331044 secs] [Times: user=0.04 sys=0.06, real=0.03 secs] 
2021-06-11T12:04:53.579+0800: 2428445.231: [GC (Allocation Failure) [PSYoungGen: 509056K->9440K(511488K)] 992082K->500812K(1035776K), 0.0299269 secs] [Times: user=0.05 sys=0.05, real=0.03 secs] 
2021-06-11T12:09:13.463+0800: 2428705.115: [GC (Allocation Failure) [PSYoungGen: 508128K->9280K(511488K)] 999500K->507933K(1035776K), 0.0363475 secs] [Times: user=0.04 sys=0.05, real=0.03 secs] 
2021-06-11T12:13:33.486+0800: 2428965.138: [GC (Allocation Failure) [PSYoungGen: 507968K->8992K(512000K)] 1006621K->514480K(1036288K), 0.0312617 secs] [Times: user=0.04 sys=0.05, real=0.03 secs] 
2021-06-11T12:17:50.758+0800: 2429222.410: [GC (Allocation Failure) [PSYoungGen: 508704K->9408K(512000K)] 1014192K->522067K(1036288K), 0.0298921 secs] [Times: user=0.04 sys=0.04, real=0.03 secs] 
2021-06-11T12:22:09.752+0800: 2429481.404: [GC (Allocation Failure) [PSYoungGen: 509120K->7840K(512512K)] 1021779K->527582K(1036800K), 0.0363066 secs] [Times: user=0.05 sys=0.06, real=0.03 secs] 
2021-06-11T12:22:09.789+0800: 2429481.441: [Full GC (Ergonomics) [PSYoungGen: 7840K->0K(512512K)] [ParOldGen: 519742K->303369K(524288K)] 527582K->303369K(1036800K), [Metaspace: 97202K->97202K(1138688K)], 0.5238948 secs] [Times: user=1.14 sys=0.00, real=0.53 secs] 
2021-06-11T12:26:34.214+0800: 2429745.866: [GC (Allocation Failure) [PSYoungGen: 500736K->10400K(511488K)] 804105K->313769K(1035776K), 0.0223513 secs] [Times: user=0.03 sys=0.03, real=0.02 secs] 
2021-06-11T12:30:53.179+0800: 2430004.831: [GC (Allocation Failure) [PSYoungGen: 511136K->7424K(512000K)] 814505K->320025K(1036288K), 0.0428902 secs] [Times: user=0.04 sys=0.04, real=0.04 secs] 
2021-06-11T12:35:13.062+0800: 2430264.714: [GC (Allocation Failure) [PSYoungGen: 507136K->10656K(512000K)] 819737K->329020K(1036288K), 0.0259107 secs] [Times: user=0.04 sys=0.05, real=0.03 secs] 
2021-06-11T12:39:33.314+0800: 2430524.966: [GC (Allocation Failure) [PSYoungGen: 510368K->8544K(512000K)] 828732K->335332K(1036288K), 0.0285866 secs] [Times: user=0.07 sys=0.00, real=0.03 secs] 
2021-06-11T12:43:52.026+0800: 2430783.678: [GC (Allocation Failure) [PSYoungGen: 508256K->7840K(512000K)] 835044K->341607K(1036288K), 0.0263872 secs] [Times: user=0.04 sys=0.04, real=0.03 secs] 
2021-06-11T12:48:10.550+0800: 2431042.203: [GC (Allocation Failure) [PSYoungGen: 507552K->8128K(512000K)] 841319K->347961K(1036288K), 0.0268263 secs] [Times: user=0.04 sys=0.04, real=0.03 secs] 
2021-06-11T12:52:26.627+0800: 2431298.279: [GC (Allocation Failure) [PSYoungGen: 507840K->8736K(512000K)] 847673K->354612K(1036288K), 0.0272226 secs] [Times: user=0.04 sys=0.05, real=0.03 secs] 
2021-06-11T12:56:43.676+0800: 2431555.328: [GC (Allocation Failure) [PSYoungGen: 508448K->9792K(512512K)] 854324K->362152K(1036800K), 0.0489302 secs] [Times: user=0.04 sys=0.04, real=0.05 secs] 
2021-06-11T13:01:04.132+0800: 2431815.784: [GC (Allocation Failure) [PSYoungGen: 510528K->11744K(512512K)] 862888K->371284K(1036800K), 0.0280182 secs] [Times: user=0.03 sys=0.05, real=0.02 secs] 
2021-06-11T13:05:17.056+0800: 2432068.709: [GC (Allocation Failure) [PSYoungGen: 512480K->10314K(506368K)] 872020K->378504K(1030656K), 0.0282480 secs] [Times: user=0.04 sys=0.04, real=0.03 secs] 
2021-06-11T13:09:33.354+0800: 2432325.006: [GC (Allocation Failure) [PSYoungGen: 504906K->10816K(509440K)] 873096K->387057K(1033728K), 0.0248444 secs] [Times: user=0.03 sys=0.03, real=0.02 secs] 
2021-06-11T13:13:50.376+0800: 2432582.028: [GC (Allocation Failure) [PSYoungGen: 505408K->8096K(509440K)] 881649K->392731K(1033728K), 0.0286978 secs] [Times: user=0.04 sys=0.04, real=0.03 secs] 
2021-06-11T13:18:09.177+0800: 2432840.829: [GC (Allocation Failure) [PSYoungGen: 502688K->10176K(509440K)] 887323K->400791K(1033728K), 0.0386228 secs] [Times: user=0.04 sys=0.05, real=0.04 secs] 
2021-06-11T13:22:26.844+0800: 2433098.496: [GC (Allocation Failure) [PSYoungGen: 504768K->10496K(509952K)] 895383K->409074K(1034240K), 0.0345430 secs] [Times: user=0.04 sys=0.05, real=0.03 secs] 
2021-06-11T13:26:48.567+0800: 2433360.219: [GC (Allocation Failure) [PSYoungGen: 506112K->5952K(509952K)] 904690K->413106K(1034240K), 0.0233849 secs] [Times: user=0.04 sys=0.04, real=0.02 secs] 
2021-06-11T13:31:08.457+0800: 2433620.109: [GC (Allocation Failure) [PSYoungGen: 501568K->9664K(510464K)] 908722K->420944K(1034752K), 0.0260742 secs] [Times: user=0.04 sys=0.04, real=0.03 secs] 
2021-06-11T13:35:25.695+0800: 2433877.347: [GC (Allocation Failure) [PSYoungGen: 505792K->9504K(509952K)] 917072K->428816K(1034240K), 0.0275188 secs] [Times: user=0.04 sys=0.04, real=0.03 secs] 
2021-06-11T13:39:44.714+0800: 2434136.366: [GC (Allocation Failure) [PSYoungGen: 505632K->8128K(510976K)] 924944K->435073K(1035264K), 0.0266991 secs] [Times: user=0.03 sys=0.04, real=0.02 secs] 
2021-06-11T13:44:04.362+0800: 2434396.014: [GC (Allocation Failure) [PSYoungGen: 505280K->8512K(510464K)] 932225K->441981K(1034752K), 0.0254299 secs] [Times: user=0.04 sys=0.04, real=0.03 secs] 
2021-06-11T13:48:21.766+0800: 2434653.418: [GC (Allocation Failure) [PSYoungGen: 505664K->7328K(510976K)] 939133K->447814K(1035264K), 0.0268203 secs] [Times: user=0.04 sys=0.04, real=0.03 secs] 
2021-06-11T13:52:38.691+0800: 2434910.344: [GC (Allocation Failure) [PSYoungGen: 504992K->9312K(510976K)] 945478K->455291K(1035264K), 0.0230671 secs] [Times: user=0.04 sys=0.04, real=0.03 secs] 
2021-06-11T13:56:54.598+0800: 2435166.250: [GC (Allocation Failure) [PSYoungGen: 506976K->8896K(511488K)] 952955K->462604K(1035776K), 0.0274124 secs] [Times: user=0.03 sys=0.04, real=0.03 secs] 
2021-06-11T14:01:16.637+0800: 2435428.289: [GC (Allocation Failure) [PSYoungGen: 507584K->9056K(511488K)] 961292K->470222K(1035776K), 0.0267040 secs] [Times: user=0.03 sys=0.04, real=0.03 secs] 
2021-06-11T14:05:32.761+0800: 2435684.413: [GC (Allocation Failure) [PSYoungGen: 507744K->9472K(512000K)] 968910K->477586K(1036288K), 0.0294278 secs] [Times: user=0.04 sys=0.04, real=0.03 secs] 
2021-06-11T14:09:52.092+0800: 2435943.744: [GC (Allocation Failure) [PSYoungGen: 509184K->10208K(512000K)] 977298K->485701K(1036288K), 0.0246324 secs] [Times: user=0.04 sys=0.03, real=0.03 secs] 
2021-06-11T14:14:12.446+0800: 2436204.098: [GC (Allocation Failure) [PSYoungGen: 509920K->10880K(510976K)] 985413K->494248K(1035264K), 0.0353162 secs] [Times: user=0.06 sys=0.06, real=0.03 secs] 
2021-06-11T14:18:28.390+0800: 2436460.043: [GC (Allocation Failure) [PSYoungGen: 509568K->10400K(511488K)] 992936K->502609K(1035776K), 0.0357337 secs] [Times: user=0.05 sys=0.05, real=0.04 secs] 
2021-06-11T14:22:47.905+0800: 2436719.557: [GC (Allocation Failure) [PSYoungGen: 509088K->11008K(511488K)] 1001297K->511203K(1035776K), 0.0553089 secs] [Times: user=0.04 sys=0.04, real=0.05 secs] 
2021-06-11T14:27:08.597+0800: 2436980.249: [GC (Allocation Failure) [PSYoungGen: 509696K->8512K(511488K)] 1009891K->516694K(1035776K), 0.0244209 secs] [Times: user=0.04 sys=0.04, real=0.02 secs] 
2021-06-11T14:31:28.078+0800: 2437239.730: [GC (Allocation Failure) [PSYoungGen: 507200K->9120K(511488K)] 1015382K->524072K(1035776K), 0.0472720 secs] [Times: user=0.04 sys=0.04, real=0.05 secs] 
2021-06-11T14:31:28.125+0800: 2437239.777: [Full GC (Ergonomics) [PSYoungGen: 9120K->0K(511488K)] [ParOldGen: 514952K->302007K(524288K)] 524072K->302007K(1035776K), [Metaspace: 97204K->97204K(1138688K)], 0.5562366 secs] [Times: user=1.13 sys=0.00, real=0.55 secs] 
2021-06-11T14:35:44.749+0800: 2437496.401: [GC (Allocation Failure) [PSYoungGen: 498688K->8128K(511488K)] 800695K->310135K(1035776K), 0.0202178 secs] [Times: user=0.02 sys=0.04, real=0.02 secs] 
2021-06-11T14:40:04.754+0800: 2437756.406: [GC (Allocation Failure) [PSYoungGen: 506816K->8896K(512000K)] 808823K->317874K(1036288K), 0.0299725 secs] [Times: user=0.04 sys=0.04, real=0.03 secs] 
2021-06-11T14:44:23.458+0800: 2438015.110: [GC (Allocation Failure) [PSYoungGen: 508608K->9952K(512000K)] 817586K->325582K(1036288K), 0.0362043 secs] [Times: user=0.04 sys=0.04, real=0.04 secs] 
2021-06-11T14:48:41.310+0800: 2438272.962: [GC (Allocation Failure) [PSYoungGen: 509664K->9536K(512000K)] 825294K->332305K(1036288K), 0.0302031 secs] [Times: user=0.03 sys=0.04, real=0.03 secs] 
2021-06-11T14:52:56.138+0800: 2438527.790: [GC (Allocation Failure) [PSYoungGen: 509248K->9312K(512000K)] 832017K->339115K(1036288K), 0.0267828 secs] [Times: user=0.04 sys=0.04, real=0.03 secs] 
2021-06-11T14:57:14.697+0800: 2438786.349: [GC (Allocation Failure) [PSYoungGen: 509024K->9600K(512512K)] 838827K->346287K(1036800K), 0.0250096 secs] [Times: user=0.04 sys=0.04, real=0.03 secs] 
2021-06-11T15:01:34.842+0800: 2439046.494: [GC (Allocation Failure) [PSYoungGen: 510336K->8864K(512512K)] 847023K->353505K(1036800K), 0.0236132 secs] [Times: user=0.04 sys=0.04, real=0.03 secs] 
2021-06-11T15:05:53.385+0800: 2439305.037: [GC (Allocation Failure) [PSYoungGen: 509600K->11712K(511488K)] 854241K->363363K(1035776K), 0.0261489 secs] [Times: user=0.04 sys=0.04, real=0.02 secs] 
2021-06-11T15:10:12.695+0800: 2439564.347: [GC (Allocation Failure) [PSYoungGen: 511424K->7200K(512000K)] 863075K->368219K(1036288K), 0.0256131 secs] [Times: user=0.03 sys=0.04, real=0.02 secs] 
2021-06-11T15:14:33.455+0800: 2439825.107: [GC (Allocation Failure) [PSYoungGen: 506912K->8448K(512000K)] 867931K->375278K(1036288K), 0.0260856 secs] [Times: user=0.04 sys=0.03, real=0.02 secs] 
2021-06-11T15:18:53.539+0800: 2440085.191: [GC (Allocation Failure) [PSYoungGen: 508160K->10624K(512000K)] 874990K->383378K(1036288K), 0.0290553 secs] [Times: user=0.04 sys=0.04, real=0.03 secs] 
2021-06-11T15:23:10.942+0800: 2440342.594: [GC (Allocation Failure) [PSYoungGen: 510336K->10048K(512000K)] 883090K->391500K(1036288K), 0.0296433 secs] [Times: user=0.04 sys=0.04, real=0.03 secs] 
2021-06-11T15:27:29.408+0800: 2440601.060: [GC (Allocation Failure) [PSYoungGen: 509760K->8192K(512000K)] 891212K->397879K(1036288K), 0.0236666 secs] [Times: user=0.04 sys=0.04, real=0.02 secs] 
2021-06-11T15:31:52.878+0800: 2440864.530: [GC (Allocation Failure) [PSYoungGen: 507904K->8576K(512000K)] 897591K->404985K(1036288K), 0.0244388 secs] [Times: user=0.04 sys=0.04, real=0.03 secs] 
2021-06-11T15:36:08.253+0800: 2441119.905: [GC (Allocation Failure) [PSYoungGen: 508288K->11264K(511488K)] 904697K->414126K(1035776K), 0.0283898 secs] [Times: user=0.04 sys=0.03, real=0.02 secs] 
2021-06-11T15:40:28.908+0800: 2441380.561: [GC (Allocation Failure) [PSYoungGen: 510976K->7936K(511488K)] 913838K->419493K(1035776K), 0.0279902 secs] [Times: user=0.05 sys=0.04, real=0.03 secs] 
2021-06-11T15:44:43.770+0800: 2441635.422: [GC (Allocation Failure) [PSYoungGen: 506624K->7904K(511488K)] 918181K->425975K(1035776K), 0.0304274 secs] [Times: user=0.05 sys=0.05, real=0.03 secs] 
2021-06-11T15:49:01.251+0800: 2441892.903: [GC (Allocation Failure) [PSYoungGen: 506592K->7808K(512000K)] 924663K->432201K(1036288K), 0.0225591 secs] [Times: user=0.04 sys=0.03, real=0.03 secs] 
2021-06-11T15:53:20.827+0800: 2442152.479: [GC (Allocation Failure) [PSYoungGen: 507008K->7712K(511488K)] 931401K->437886K(1035776K), 0.0229513 secs] [Times: user=0.03 sys=0.03, real=0.02 secs] 
2021-06-11T15:57:41.711+0800: 2442413.363: [GC (Allocation Failure) [PSYoungGen: 506912K->9984K(512000K)] 937086K->445626K(1036288K), 0.0302458 secs] [Times: user=0.03 sys=0.04, real=0.03 secs] 
2021-06-11T16:02:01.837+0800: 2442673.490: [GC (Allocation Failure) [PSYoungGen: 509696K->8096K(512000K)] 945338K->450293K(1036288K), 0.0378878 secs] [Times: user=0.05 sys=0.04, real=0.04 secs] 
2021-06-11T16:06:20.546+0800: 2442932.198: [GC (Allocation Failure) [PSYoungGen: 507808K->10432K(510976K)] 950005K->458728K(1035264K), 0.0235289 secs] [Times: user=0.03 sys=0.04, real=0.02 secs] 
2021-06-11T16:10:39.584+0800: 2443191.236: [GC (Allocation Failure) [PSYoungGen: 509120K->8832K(511488K)] 957416K->465057K(1035776K), 0.0246959 secs] [Times: user=0.03 sys=0.03, real=0.02 secs] 
2021-06-11T16:14:59.912+0800: 2443451.564: [GC (Allocation Failure) [PSYoungGen: 507520K->8000K(512000K)] 963745K->470724K(1036288K), 0.0286218 secs] [Times: user=0.04 sys=0.05, real=0.02 secs] 
2021-06-11T16:19:19.780+0800: 2443711.433: [GC (Allocation Failure) [PSYoungGen: 507712K->8768K(512000K)] 970436K->477176K(1036288K), 0.0270654 secs] [Times: user=0.04 sys=0.04, real=0.03 secs] 
2021-06-11T16:23:36.743+0800: 2443968.395: [GC (Allocation Failure) [PSYoungGen: 508480K->9792K(512512K)] 976888K->484284K(1036800K), 0.0230057 secs] [Times: user=0.04 sys=0.04, real=0.02 secs] 
2021-06-11T16:27:59.202+0800: 2444230.854: [GC (Allocation Failure) [PSYoungGen: 510528K->8512K(512512K)] 985020K->491068K(1036800K), 0.0279642 secs] [Times: user=0.04 sys=0.04, real=0.03 secs] 
2021-06-11T16:32:20.801+0800: 2444492.453: [GC (Allocation Failure) [PSYoungGen: 509248K->9824K(512512K)] 991804K->498600K(1036800K), 0.0267381 secs] [Times: user=0.03 sys=0.03, real=0.03 secs] 
2021-06-11T16:36:41.128+0800: 2444752.780: [GC (Allocation Failure) [PSYoungGen: 510560K->8800K(512512K)] 999336K->504571K(1036800K), 0.0267286 secs] [Times: user=0.04 sys=0.05, real=0.03 secs] 
2021-06-11T16:40:58.558+0800: 2445010.210: [GC (Allocation Failure) [PSYoungGen: 509536K->8320K(513024K)] 1005307K->511340K(1037312K), 0.0274949 secs] [Times: user=0.04 sys=0.04, real=0.03 secs] 
2021-06-11T16:45:18.205+0800: 2445269.857: [GC (Allocation Failure) [PSYoungGen: 509562K->9600K(512512K)] 1012583K->518824K(1036800K), 0.0241333 secs] [Times: user=0.03 sys=0.04, real=0.02 secs] 
2021-06-11T16:49:37.073+0800: 2445528.725: [GC (Allocation Failure) [PSYoungGen: 510848K->9792K(512000K)] 1020072K->527033K(1036288K), 0.0305607 secs] [Times: user=0.03 sys=0.05, real=0.03 secs] 
2021-06-11T16:49:37.104+0800: 2445528.756: [Full GC (Ergonomics) [PSYoungGen: 9792K->0K(512000K)] [ParOldGen: 517241K->305792K(524288K)] 527033K->305792K(1036288K), [Metaspace: 97204K->97204K(1138688K)], 0.5399401 secs] [Times: user=1.12 sys=0.00, real=0.54 secs] 
2021-06-11T16:53:57.242+0800: 2445788.894: [GC (Allocation Failure) [PSYoungGen: 500736K->8256K(512512K)] 806528K->314048K(1036800K), 0.0228644 secs] [Times: user=0.03 sys=0.04, real=0.03 secs] 
2021-06-11T16:58:19.536+0800: 2446051.188: [GC (Allocation Failure) [PSYoungGen: 508992K->8896K(513024K)] 814784K->321714K(1037312K), 0.0225554 secs] [Times: user=0.03 sys=0.04, real=0.02 secs] 
2021-06-11T17:02:39.130+0800: 2446310.782: [GC (Allocation Failure) [PSYoungGen: 510656K->9792K(513024K)] 823474K->329413K(1037312K), 0.0210806 secs] [Times: user=0.04 sys=0.03, real=0.02 secs] 
2021-06-11T17:07:04.276+0800: 2446575.928: [GC (Allocation Failure) [PSYoungGen: 511552K->7712K(513024K)] 831173K->334567K(1037312K), 0.0242042 secs] [Times: user=0.03 sys=0.04, real=0.02 secs] 
2021-06-11T17:11:22.112+0800: 2446833.764: [GC (Allocation Failure) [PSYoungGen: 509472K->9280K(513024K)] 836327K->341914K(1037312K), 0.0239454 secs] [Times: user=0.04 sys=0.04, real=0.03 secs] 
2021-06-11T17:15:39.718+0800: 2447091.370: [GC (Allocation Failure) [PSYoungGen: 511040K->7552K(513024K)] 843674K->347652K(1037312K), 0.0273398 secs] [Times: user=0.03 sys=0.03, real=0.03 secs] 
2021-06-11T17:19:59.689+0800: 2447351.341: [GC (Allocation Failure) [PSYoungGen: 509312K->9408K(513024K)] 849412K->355120K(1037312K), 0.0337207 secs] [Times: user=0.03 sys=0.04, real=0.04 secs] 
2021-06-11T17:24:16.049+0800: 2447607.701: [GC (Allocation Failure) [PSYoungGen: 511168K->8800K(513024K)] 856880K->361251K(1037312K), 0.0280833 secs] [Times: user=0.07 sys=0.00, real=0.03 secs] 
2021-06-11T17:28:33.117+0800: 2447864.769: [GC (Allocation Failure) [PSYoungGen: 510560K->8768K(513024K)] 863011K->367839K(1037312K), 0.0276817 secs] [Times: user=0.04 sys=0.04, real=0.03 secs] 
2021-06-11T17:32:52.054+0800: 2448123.706: [GC (Allocation Failure) [PSYoungGen: 510528K->8736K(513536K)] 869599K->374266K(1037824K), 0.0876507 secs] [Times: user=0.04 sys=0.04, real=0.08 secs] 
2021-06-11T17:37:13.890+0800: 2448385.542: [GC (Allocation Failure) [PSYoungGen: 511520K->10144K(513024K)] 877050K->382205K(1037312K), 0.0262770 secs] [Times: user=0.04 sys=0.04, real=0.03 secs] 
2021-06-11T17:41:33.101+0800: 2448644.753: [GC (Allocation Failure) [PSYoungGen: 512928K->7904K(513024K)] 884989K->387831K(1037312K), 0.0220055 secs] [Times: user=0.06 sys=0.00, real=0.03 secs] 
2021-06-11T17:45:54.694+0800: 2448906.346: [GC (Allocation Failure) [PSYoungGen: 509664K->9760K(513024K)] 889591K->395620K(1037312K), 0.0230111 secs] [Times: user=0.04 sys=0.04, real=0.02 secs] 
2021-06-11T17:50:18.721+0800: 2449170.373: [GC (Allocation Failure) [PSYoungGen: 511520K->7200K(513024K)] 897380K->400645K(1037312K), 0.0212879 secs] [Times: user=0.03 sys=0.04, real=0.03 secs] 
2021-06-11T17:54:43.582+0800: 2449435.234: [GC (Allocation Failure) [PSYoungGen: 508960K->6432K(513024K)] 902405K->405480K(1037312K), 0.0242700 secs] [Times: user=0.02 sys=0.04, real=0.02 secs] 
2021-06-11T17:59:05.613+0800: 2449697.265: [GC (Allocation Failure) [PSYoungGen: 508192K->7584K(513024K)] 907240K->411236K(1037312K), 0.0216792 secs] [Times: user=0.03 sys=0.04, real=0.02 secs] 
2021-06-11T18:03:25.141+0800: 2449956.793: [GC (Allocation Failure) [PSYoungGen: 509344K->7456K(513024K)] 912996K->417192K(1037312K), 0.0194627 secs] [Times: user=0.03 sys=0.03, real=0.02 secs] 
2021-06-11T18:07:50.059+0800: 2450221.712: [GC (Allocation Failure) [PSYoungGen: 509216K->7712K(513024K)] 918952K->423443K(1037312K), 0.0248307 secs] [Times: user=0.04 sys=0.04, real=0.03 secs] 
2021-06-11T18:12:09.906+0800: 2450481.558: [GC (Allocation Failure) [PSYoungGen: 509472K->6752K(513024K)] 925203K->428406K(1037312K), 0.0306402 secs] [Times: user=0.04 sys=0.04, real=0.03 secs] 
2021-06-11T18:16:31.893+0800: 2450743.545: [GC (Allocation Failure) [PSYoungGen: 508512K->8384K(513536K)] 930166K->435275K(1037824K), 0.0237412 secs] [Times: user=0.03 sys=0.03, real=0.02 secs] 
2021-06-11T18:20:51.964+0800: 2451003.616: [GC (Allocation Failure) [PSYoungGen: 510656K->9888K(513024K)] 937547K->442182K(1037312K), 0.0278859 secs] [Times: user=0.03 sys=0.04, real=0.02 secs] 
2021-06-11T18:25:13.412+0800: 2451265.064: [GC (Allocation Failure) [PSYoungGen: 512160K->11168K(510976K)] 944454K->450529K(1035264K), 0.0322368 secs] [Times: user=0.04 sys=0.04, real=0.03 secs] 
2021-06-11T18:29:35.480+0800: 2451527.133: [GC (Allocation Failure) [PSYoungGen: 510880K->9472K(512000K)] 950241K->457651K(1036288K), 0.0326719 secs] [Times: user=0.03 sys=0.04, real=0.04 secs] 
2021-06-11T18:33:52.767+0800: 2451784.419: [GC (Allocation Failure) [PSYoungGen: 509184K->7808K(512512K)] 957363K->463692K(1036800K), 0.0212106 secs] [Times: user=0.04 sys=0.03, real=0.02 secs] 
2021-06-11T18:38:13.080+0800: 2452044.732: [GC (Allocation Failure) [PSYoungGen: 508032K->8928K(512000K)] 963916K->470807K(1036288K), 0.0240941 secs] [Times: user=0.04 sys=0.04, real=0.03 secs] 
2021-06-11T18:42:33.077+0800: 2452304.729: [GC (Allocation Failure) [PSYoungGen: 509152K->8928K(512512K)] 971031K->477570K(1036800K), 0.0241246 secs] [Times: user=0.04 sys=0.04, real=0.02 secs] 
2021-06-11T18:46:50.649+0800: 2452562.301: [GC (Allocation Failure) [PSYoungGen: 509664K->9024K(512512K)] 978306K->484605K(1036800K), 0.0363680 secs] [Times: user=0.04 sys=0.05, real=0.04 secs] 
2021-06-11T18:51:11.136+0800: 2452822.788: [GC (Allocation Failure) [PSYoungGen: 509760K->9728K(512000K)] 985341K->492103K(1036288K), 0.0305637 secs] [Times: user=0.04 sys=0.05, real=0.03 secs] 
2021-06-11T18:55:28.894+0800: 2453080.546: [GC (Allocation Failure) [PSYoungGen: 510464K->7040K(512512K)] 992839K->497081K(1036800K), 0.0302177 secs] [Times: user=0.04 sys=0.05, real=0.03 secs] 
2021-06-11T18:59:49.214+0800: 2453340.866: [GC (Allocation Failure) [PSYoungGen: 507776K->9056K(513024K)] 997817K->504581K(1037312K), 0.0322451 secs] [Times: user=0.03 sys=0.05, real=0.03 secs] 
2021-06-11T19:04:04.542+0800: 2453596.194: [GC (Allocation Failure) [PSYoungGen: 510304K->9994K(512512K)] 1005829K->511595K(1036800K), 0.0384156 secs] [Times: user=0.04 sys=0.05, real=0.03 secs] 
2021-06-11T19:08:24.881+0800: 2453856.533: [GC (Allocation Failure) [PSYoungGen: 511242K->8672K(513024K)] 1012843K->518156K(1037312K), 0.0299408 secs] [Times: user=0.04 sys=0.04, real=0.03 secs] 
2021-06-11T19:12:42.934+0800: 2454114.586: [GC (Allocation Failure) [PSYoungGen: 509920K->7488K(512512K)] 1019404K->522864K(1036800K), 0.0528659 secs] [Times: user=0.05 sys=0.05, real=0.05 secs] 
2021-06-11T19:12:42.988+0800: 2454114.640: [Full GC (Ergonomics) [PSYoungGen: 7488K->0K(512512K)] [ParOldGen: 515376K->297523K(524288K)] 522864K->297523K(1036800K), [Metaspace: 97206K->97206K(1138688K)], 0.7072892 secs] [Times: user=1.25 sys=0.00, real=0.71 secs] 
2021-06-11T19:17:02.593+0800: 2454374.245: [GC (Allocation Failure) [PSYoungGen: 501248K->9504K(512000K)] 798771K->307027K(1036288K), 0.0264910 secs] [Times: user=0.04 sys=0.04, real=0.02 secs] 
2021-06-11T19:21:20.895+0800: 2454632.547: [GC (Allocation Failure) [PSYoungGen: 510240K->10368K(512512K)] 807763K->315637K(1036800K), 0.0448157 secs] [Times: user=0.04 sys=0.05, real=0.04 secs] 
2021-06-11T19:25:40.724+0800: 2454892.376: [GC (Allocation Failure) [PSYoungGen: 511104K->8064K(512512K)] 816373K->320799K(1036800K), 0.0301078 secs] [Times: user=0.05 sys=0.04, real=0.03 secs] 
2021-06-11T19:29:59.620+0800: 2455151.272: [GC (Allocation Failure) [PSYoungGen: 508800K->7168K(512512K)] 821535K->325761K(1036800K), 0.0370265 secs] [Times: user=0.03 sys=0.04, real=0.04 secs] 
2021-06-11T19:34:21.010+0800: 2455412.662: [GC (Allocation Failure) [PSYoungGen: 507904K->7712K(512512K)] 826497K->331676K(1036800K), 0.0543162 secs] [Times: user=0.04 sys=0.05, real=0.06 secs] 
2021-06-11T19:38:40.884+0800: 2455672.536: [GC (Allocation Failure) [PSYoungGen: 508448K->9184K(512512K)] 832412K->338385K(1036800K), 0.0269418 secs] [Times: user=0.04 sys=0.05, real=0.02 secs] 
2021-06-11T19:42:59.991+0800: 2455931.643: [GC (Allocation Failure) [PSYoungGen: 509920K->8000K(513024K)] 839121K->344785K(1037312K), 0.0393932 secs] [Times: user=0.09 sys=0.00, real=0.04 secs] 
2021-06-11T19:47:23.048+0800: 2456194.700: [GC (Allocation Failure) [PSYoungGen: 509248K->7264K(512512K)] 846033K->350307K(1036800K), 0.0257925 secs] [Times: user=0.04 sys=0.04, real=0.03 secs] 
2021-06-11T19:51:43.048+0800: 2456454.700: [GC (Allocation Failure) [PSYoungGen: 508512K->9184K(513024K)] 851555K->357823K(1037312K), 0.0290437 secs] [Times: user=0.04 sys=0.03, real=0.03 secs] 
2021-06-11T19:56:04.097+0800: 2456715.749: [GC (Allocation Failure) [PSYoungGen: 510943K->8768K(513024K)] 859583K->364834K(1037312K), 0.0304053 secs] [Times: user=0.04 sys=0.05, real=0.03 secs] 
2021-06-11T20:00:26.862+0800: 2456978.514: [GC (Allocation Failure) [PSYoungGen: 510528K->9184K(513024K)] 866594K->372205K(1037312K), 0.0255603 secs] [Times: user=0.04 sys=0.04, real=0.02 secs] 
2021-06-11T20:04:46.149+0800: 2457237.801: [GC (Allocation Failure) [PSYoungGen: 510944K->8160K(513024K)] 873965K->378670K(1037312K), 0.0293176 secs] [Times: user=0.04 sys=0.04, real=0.03 secs] 
2021-06-11T20:09:07.643+0800: 2457499.295: [GC (Allocation Failure) [PSYoungGen: 509920K->8160K(513536K)] 880430K->385200K(1037824K), 0.0292548 secs] [Times: user=0.04 sys=0.04, real=0.02 secs] 
2021-06-11T20:13:26.398+0800: 2457758.050: [GC (Allocation Failure) [PSYoungGen: 510432K->7712K(513024K)] 887472K->390820K(1037312K), 0.0291675 secs] [Times: user=0.04 sys=0.04, real=0.03 secs] 
2021-06-11T20:17:46.935+0800: 2458018.587: [GC (Allocation Failure) [PSYoungGen: 509984K->8864K(513536K)] 893092K->397775K(1037824K), 0.0266209 secs] [Times: user=0.04 sys=0.04, real=0.02 secs] 
2021-06-11T20:22:06.598+0800: 2458278.250: [GC (Allocation Failure) [PSYoungGen: 511648K->9088K(513536K)] 900559K->404899K(1037824K), 0.0307056 secs] [Times: user=0.04 sys=0.05, real=0.03 secs] 
2021-06-11T20:26:30.930+0800: 2458542.582: [GC (Allocation Failure) [PSYoungGen: 511872K->9088K(513536K)] 907683K->411622K(1037824K), 0.0352797 secs] [Times: user=0.04 sys=0.05, real=0.04 secs] 
2021-06-11T20:30:52.391+0800: 2458804.043: [GC (Allocation Failure) [PSYoungGen: 511872K->7872K(513536K)] 914406K->417856K(1037824K), 0.0358594 secs] [Times: user=0.05 sys=0.05, real=0.04 secs] 
2021-06-11T20:35:17.576+0800: 2459069.229: [GC (Allocation Failure) [PSYoungGen: 510656K->8608K(513536K)] 920640K->424325K(1037824K), 0.0298447 secs] [Times: user=0.04 sys=0.04, real=0.03 secs] 
2021-06-11T20:39:38.950+0800: 2459330.602: [GC (Allocation Failure) [PSYoungGen: 511392K->9536K(513536K)] 927109K->432255K(1037824K), 0.0259653 secs] [Times: user=0.04 sys=0.04, real=0.03 secs] 
2021-06-11T20:44:00.205+0800: 2459591.857: [GC (Allocation Failure) [PSYoungGen: 512320K->7200K(513536K)] 935039K->437208K(1037824K), 0.0277377 secs] [Times: user=0.04 sys=0.04, real=0.03 secs] 
2021-06-11T20:48:19.792+0800: 2459851.444: [GC (Allocation Failure) [PSYoungGen: 509984K->8640K(513536K)] 939992K->443924K(1037824K), 0.0260544 secs] [Times: user=0.03 sys=0.04, real=0.02 secs] 
2021-06-11T20:52:39.521+0800: 2460111.173: [GC (Allocation Failure) [PSYoungGen: 511424K->9824K(513536K)] 946708K->451655K(1037824K), 0.0770617 secs] [Times: user=0.04 sys=0.03, real=0.08 secs] 
2021-06-11T20:56:59.810+0800: 2460371.462: [GC (Allocation Failure) [PSYoungGen: 512608K->9120K(513536K)] 954439K->457937K(1037824K), 0.0359457 secs] [Times: user=0.04 sys=0.05, real=0.04 secs] 
2021-06-11T21:01:21.638+0800: 2460633.290: [GC (Allocation Failure) [PSYoungGen: 511904K->9888K(512512K)] 960721K->466156K(1036800K), 0.0267296 secs] [Times: user=0.04 sys=0.04, real=0.03 secs] 
2021-06-11T21:05:40.675+0800: 2460892.327: [GC (Allocation Failure) [PSYoungGen: 511648K->9056K(513024K)] 967916K->473230K(1037312K), 0.0266141 secs] [Times: user=0.04 sys=0.05, real=0.02 secs] 
2021-06-11T21:10:01.566+0800: 2461153.218: [GC (Allocation Failure) [PSYoungGen: 510816K->9248K(513024K)] 974990K->480904K(1037312K), 0.0244719 secs] [Times: user=0.04 sys=0.04, real=0.02 secs] 
2021-06-11T21:14:23.664+0800: 2461415.316: [GC (Allocation Failure) [PSYoungGen: 511008K->9504K(513024K)] 982664K->488339K(1037312K), 0.0339280 secs] [Times: user=0.05 sys=0.05, real=0.03 secs] 
2021-06-11T21:18:42.140+0800: 2461673.792: [GC (Allocation Failure) [PSYoungGen: 511264K->9952K(513024K)] 990099K->496543K(1037312K), 0.0328082 secs] [Times: user=0.04 sys=0.05, real=0.04 secs] 
2021-06-11T21:23:05.396+0800: 2461937.048: [GC (Allocation Failure) [PSYoungGen: 511712K->9280K(513024K)] 998303K->504050K(1037312K), 0.0291142 secs] [Times: user=0.04 sys=0.04, real=0.03 secs] 
2021-06-11T21:27:27.573+0800: 2462199.225: [GC (Allocation Failure) [PSYoungGen: 511040K->9152K(513536K)] 1005810K->511277K(1037824K), 0.0496090 secs] [Times: user=0.04 sys=0.04, real=0.05 secs] 
2021-06-11T21:31:49.919+0800: 2462461.571: [GC (Allocation Failure) [PSYoungGen: 511424K->8448K(513024K)] 1013549K->517374K(1037312K), 0.0751575 secs] [Times: user=0.03 sys=0.03, real=0.08 secs] 
2021-06-11T21:36:08.137+0800: 2462719.789: [GC (Allocation Failure) [PSYoungGen: 510720K->8320K(513536K)] 1019646K->523313K(1037824K), 0.0270625 secs] [Times: user=0.04 sys=0.04, real=0.03 secs] 
2021-06-11T21:40:31.830+0800: 2462983.482: [GC (Allocation Failure) [PSYoungGen: 511104K->7936K(513536K)] 1026097K->529365K(1037824K), 0.0256575 secs] [Times: user=0.04 sys=0.04, real=0.03 secs] 
2021-06-11T21:40:31.856+0800: 2462983.508: [Full GC (Ergonomics) [PSYoungGen: 7936K->0K(513536K)] [ParOldGen: 521429K->308431K(524288K)] 529365K->308431K(1037824K), [Metaspace: 97206K->97206K(1138688K)], 0.4634750 secs] [Times: user=0.53 sys=0.51, real=0.46 secs] 
2021-06-11T21:44:55.238+0800: 2463246.890: [GC (Allocation Failure) [PSYoungGen: 502784K->8032K(513536K)] 811215K->316463K(1037824K), 0.0209490 secs] [Times: user=0.03 sys=0.04, real=0.02 secs] 
2021-06-11T21:49:13.834+0800: 2463505.486: [GC (Allocation Failure) [PSYoungGen: 510816K->8768K(513536K)] 819247K->323904K(1037824K), 0.0247532 secs] [Times: user=0.03 sys=0.04, real=0.02 secs] 
2021-06-11T21:53:34.000+0800: 2463765.653: [GC (Allocation Failure) [PSYoungGen: 511552K->9440K(513536K)] 826688K->330843K(1037824K), 0.0411522 secs] [Times: user=0.06 sys=0.07, real=0.04 secs] 
2021-06-11T21:57:53.171+0800: 2464024.823: [GC (Allocation Failure) [PSYoungGen: 512224K->9184K(513536K)] 833627K->337918K(1037824K), 0.0393741 secs] [Times: user=0.04 sys=0.06, real=0.04 secs] 
2021-06-11T22:02:15.724+0800: 2464287.376: [GC (Allocation Failure) [PSYoungGen: 511968K->10112K(512512K)] 840702K->346313K(1036800K), 0.0318721 secs] [Times: user=0.04 sys=0.04, real=0.03 secs] 
2021-06-11T22:06:36.131+0800: 2464547.783: [GC (Allocation Failure) [PSYoungGen: 511872K->7936K(513024K)] 848073K->352555K(1037312K), 0.0258965 secs] [Times: user=0.04 sys=0.04, real=0.03 secs] 
2021-06-11T22:10:58.813+0800: 2464810.465: [GC (Allocation Failure) [PSYoungGen: 509696K->10624K(513024K)] 854315K->361183K(1037312K), 0.0258411 secs] [Times: user=0.04 sys=0.04, real=0.02 secs] 
2021-06-11T22:15:17.732+0800: 2465069.384: [GC (Allocation Failure) [PSYoungGen: 512384K->10336K(512512K)] 862943K->369226K(1036800K), 0.0251240 secs] [Times: user=0.03 sys=0.04, real=0.03 secs] 
2021-06-11T22:19:36.691+0800: 2465328.343: [GC (Allocation Failure) [PSYoungGen: 512096K->9632K(512512K)] 870986K->376540K(1036800K), 0.0229485 secs] [Times: user=0.03 sys=0.04, real=0.03 secs] 
2021-06-11T22:23:55.302+0800: 2465586.954: [GC (Allocation Failure) [PSYoungGen: 510368K->9088K(512512K)] 877276K->384174K(1036800K), 0.0245831 secs] [Times: user=0.03 sys=0.04, real=0.02 secs] 
2021-06-11T22:28:11.798+0800: 2465843.450: [GC (Allocation Failure) [PSYoungGen: 509824K->8416K(513024K)] 884910K->390648K(1037312K), 0.0250658 secs] [Times: user=0.04 sys=0.03, real=0.03 secs] 
2021-06-11T22:32:30.535+0800: 2466102.187: [GC (Allocation Failure) [PSYoungGen: 510176K->9056K(513024K)] 892408K->398066K(1037312K), 0.0490612 secs] [Times: user=0.03 sys=0.03, real=0.05 secs] 
2021-06-11T22:36:48.067+0800: 2466359.719: [GC (Allocation Failure) [PSYoungGen: 510816K->8992K(513024K)] 899826K->404455K(1037312K), 0.0264582 secs] [Times: user=0.03 sys=0.04, real=0.03 secs] 
2021-06-11T22:41:06.718+0800: 2466618.370: [GC (Allocation Failure) [PSYoungGen: 510752K->8384K(513024K)] 906215K->411257K(1037312K), 0.0243918 secs] [Times: user=0.04 sys=0.04, real=0.03 secs] 
2021-06-11T22:45:23.103+0800: 2466874.755: [GC (Allocation Failure) [PSYoungGen: 510144K->8832K(513536K)] 913017K->418388K(1037824K), 0.0278194 secs] [Times: user=0.04 sys=0.04, real=0.02 secs] 
2021-06-11T22:49:45.950+0800: 2467137.602: [GC (Allocation Failure) [PSYoungGen: 511104K->8768K(513024K)] 920660K->425367K(1037312K), 0.0209941 secs] [Times: user=0.03 sys=0.03, real=0.02 secs] 
2021-06-11T22:54:02.725+0800: 2467394.377: [GC (Allocation Failure) [PSYoungGen: 511040K->9088K(513536K)] 927639K->432850K(1037824K), 0.0228557 secs] [Times: user=0.03 sys=0.04, real=0.02 secs] 
2021-06-11T22:58:25.964+0800: 2467657.616: [GC (Allocation Failure) [PSYoungGen: 511872K->8192K(513536K)] 935634K->439859K(1037824K), 0.0234785 secs] [Times: user=0.04 sys=0.03, real=0.02 secs] 
2021-06-11T23:02:48.455+0800: 2467920.107: [GC (Allocation Failure) [PSYoungGen: 510976K->9568K(513536K)] 942643K->447327K(1037824K), 0.0263289 secs] [Times: user=0.04 sys=0.04, real=0.02 secs] 
2021-06-11T23:07:04.977+0800: 2468176.629: [GC (Allocation Failure) [PSYoungGen: 512352K->10720K(513536K)] 950111K->455226K(1037824K), 0.0271182 secs] [Times: user=0.04 sys=0.04, real=0.03 secs] 
2021-06-11T23:11:25.984+0800: 2468437.636: [GC (Allocation Failure) [PSYoungGen: 513504K->8224K(507392K)] 958010K->460835K(1031680K), 0.0622557 secs] [Times: user=0.03 sys=0.04, real=0.06 secs] 
2021-06-11T23:15:39.467+0800: 2468691.119: [GC (Allocation Failure) [PSYoungGen: 504864K->8288K(510464K)] 957475K->467238K(1034752K), 0.0257601 secs] [Times: user=0.04 sys=0.04, real=0.03 secs] 
2021-06-11T23:19:50.950+0800: 2468942.602: [GC (Allocation Failure) [PSYoungGen: 504928K->8736K(510976K)] 963878K->473321K(1035264K), 0.0255243 secs] [Times: user=0.04 sys=0.04, real=0.03 secs] 
2021-06-11T23:24:10.960+0800: 2469202.612: [GC (Allocation Failure) [PSYoungGen: 506400K->10176K(510976K)] 970985K->481285K(1035264K), 0.0267762 secs] [Times: user=0.04 sys=0.04, real=0.03 secs] 
2021-06-11T23:28:26.926+0800: 2469458.578: [GC (Allocation Failure) [PSYoungGen: 507840K->9984K(511488K)] 978949K->489422K(1035776K), 0.0301246 secs] [Times: user=0.03 sys=0.04, real=0.03 secs] 
2021-06-11T23:32:45.937+0800: 2469717.589: [GC (Allocation Failure) [PSYoungGen: 508160K->9856K(510976K)] 987598K->496265K(1035264K), 0.0325469 secs] [Times: user=0.04 sys=0.05, real=0.03 secs] 
2021-06-11T23:37:06.014+0800: 2469977.666: [GC (Allocation Failure) [PSYoungGen: 508032K->8608K(511488K)] 994441K->502762K(1035776K), 0.0230803 secs] [Times: user=0.04 sys=0.04, real=0.02 secs] 
2021-06-11T23:41:21.130+0800: 2470232.782: [GC (Allocation Failure) [PSYoungGen: 507296K->8128K(511488K)] 1001450K->508556K(1035776K), 0.0242892 secs] [Times: user=0.04 sys=0.03, real=0.03 secs] 
2021-06-11T23:45:42.761+0800: 2470494.413: [GC (Allocation Failure) [PSYoungGen: 506816K->7616K(511488K)] 1007244K->514102K(1035776K), 0.0234823 secs] [Times: user=0.03 sys=0.03, real=0.03 secs] 
2021-06-11T23:49:58.813+0800: 2470750.465: [GC (Allocation Failure) [PSYoungGen: 506304K->9024K(511488K)] 1012790K->520674K(1035776K), 0.0246575 secs] [Times: user=0.03 sys=0.04, real=0.02 secs] 
2021-06-11T23:54:18.846+0800: 2471010.498: [GC (Allocation Failure) [PSYoungGen: 507712K->8320K(512000K)] 1019362K->527164K(1036288K), 0.0364821 secs] [Times: user=0.04 sys=0.04, real=0.04 secs] 
2021-06-11T23:54:18.883+0800: 2471010.535: [Full GC (Ergonomics) [PSYoungGen: 8320K->0K(512000K)] [ParOldGen: 518844K->300466K(524288K)] 527164K->300466K(1036288K), [Metaspace: 97206K->97202K(1138688K)], 0.5540572 secs] [Times: user=1.14 sys=0.00, real=0.55 secs] 
2021-06-11T23:58:36.749+0800: 2471268.401: [GC (Allocation Failure) [PSYoungGen: 499712K->9248K(512000K)] 800178K->309714K(1036288K), 0.0207502 secs] [Times: user=0.03 sys=0.03, real=0.02 secs] 
2021-06-12T00:02:41.823+0800: 2471513.475: [GC (Allocation Failure) [PSYoungGen: 508960K->7680K(512512K)] 809426K->316042K(1036800K), 0.0280389 secs] [Times: user=0.05 sys=0.05, real=0.02 secs] 
2021-06-12T00:07:01.855+0800: 2471773.507: [GC (Allocation Failure) [PSYoungGen: 508416K->9152K(512512K)] 816778K->323365K(1036800K), 0.0247150 secs] [Times: user=0.04 sys=0.04, real=0.02 secs] 
2021-06-12T00:11:20.233+0800: 2472031.885: [GC (Allocation Failure) [PSYoungGen: 509888K->10752K(511488K)] 824101K->331911K(1035776K), 0.0249998 secs] [Times: user=0.03 sys=0.04, real=0.02 secs] 
2021-06-12T00:15:41.583+0800: 2472293.235: [GC (Allocation Failure) [PSYoungGen: 510464K->8416K(512000K)] 831623K->337313K(1036288K), 0.0215174 secs] [Times: user=0.03 sys=0.04, real=0.02 secs] 
2021-06-12T00:20:00.753+0800: 2472552.405: [GC (Allocation Failure) [PSYoungGen: 508128K->9024K(512512K)] 837025K->344315K(1036800K), 0.0316420 secs] [Times: user=0.04 sys=0.04, real=0.03 secs] 
2021-06-12T00:24:21.000+0800: 2472812.652: [GC (Allocation Failure) [PSYoungGen: 509760K->8640K(512512K)] 845051K->350950K(1036800K), 0.0292932 secs] [Times: user=0.03 sys=0.04, real=0.03 secs] 
2021-06-12T00:28:42.612+0800: 2473074.264: [GC (Allocation Failure) [PSYoungGen: 509376K->9568K(512512K)] 851686K->358537K(1036800K), 0.0221605 secs] [Times: user=0.04 sys=0.03, real=0.02 secs] 
2021-06-12T00:33:06.999+0800: 2473338.651: [GC (Allocation Failure) [PSYoungGen: 510304K->7968K(512512K)] 859273K->364107K(1036800K), 0.0413198 secs] [Times: user=0.02 sys=0.03, real=0.04 secs] 
2021-06-12T00:37:24.623+0800: 2473596.275: [GC (Allocation Failure) [PSYoungGen: 508704K->8960K(513024K)] 864843K->371097K(1037312K), 0.0290128 secs] [Times: user=0.03 sys=0.03, real=0.03 secs] 
2021-06-12T00:41:42.490+0800: 2473854.142: [GC (Allocation Failure) [PSYoungGen: 510720K->9376K(513024K)] 872857K->378628K(1037312K), 0.0227517 secs] [Times: user=0.03 sys=0.03, real=0.03 secs] 
2021-06-12T00:46:03.484+0800: 2474115.136: [GC (Allocation Failure) [PSYoungGen: 511136K->9024K(513024K)] 880388K->385655K(1037312K), 0.0284390 secs] [Times: user=0.04 sys=0.05, real=0.03 secs] 
2021-06-12T00:50:24.523+0800: 2474376.175: [GC (Allocation Failure) [PSYoungGen: 510784K->9824K(513024K)] 887415K->392787K(1037312K), 0.0371941 secs] [Times: user=0.04 sys=0.04, real=0.03 secs] 
2021-06-12T00:54:47.748+0800: 2474639.400: [GC (Allocation Failure) [PSYoungGen: 511584K->6880K(513024K)] 894547K->397331K(1037312K), 0.0228386 secs] [Times: user=0.03 sys=0.04, real=0.02 secs] 
2021-06-12T00:59:04.509+0800: 2474896.161: [GC (Allocation Failure) [PSYoungGen: 508640K->9536K(513024K)] 899091K->405303K(1037312K), 0.0264763 secs] [Times: user=0.04 sys=0.04, real=0.03 secs] 
2021-06-12T01:03:20.312+0800: 2475151.965: [GC (Allocation Failure) [PSYoungGen: 511296K->8490K(513024K)] 907063K->412490K(1037312K), 0.0255875 secs] [Times: user=0.04 sys=0.04, real=0.02 secs] 
2021-06-12T01:07:39.623+0800: 2475411.275: [GC (Allocation Failure) [PSYoungGen: 510250K->8544K(513024K)] 914250K->419029K(1037312K), 0.0244768 secs] [Times: user=0.03 sys=0.04, real=0.02 secs] 
2021-06-12T01:11:55.353+0800: 2475667.005: [GC (Allocation Failure) [PSYoungGen: 510304K->9888K(513024K)] 920789K->426001K(1037312K), 0.0233342 secs] [Times: user=0.04 sys=0.03, real=0.02 secs] 
2021-06-12T01:16:14.569+0800: 2475926.221: [GC (Allocation Failure) [PSYoungGen: 511648K->11232K(513024K)] 927761K->434277K(1037312K), 0.0257696 secs] [Times: user=0.04 sys=0.04, real=0.03 secs] 
2021-06-12T01:20:31.850+0800: 2476183.502: [GC (Allocation Failure) [PSYoungGen: 512992K->9632K(507904K)] 936037K->440821K(1032192K), 0.0253777 secs] [Times: user=0.04 sys=0.04, real=0.03 secs] 
2021-06-12T01:24:52.478+0800: 2476444.130: [GC (Allocation Failure) [PSYoungGen: 506272K->7040K(503808K)] 937461K->444967K(1028096K), 0.0218177 secs] [Times: user=0.04 sys=0.03, real=0.02 secs] 
2021-06-12T01:29:07.196+0800: 2476698.848: [GC (Allocation Failure) [PSYoungGen: 503680K->8544K(510464K)] 941607K->451971K(1034752K), 0.0242856 secs] [Times: user=0.03 sys=0.04, real=0.02 secs] 
2021-06-12T01:33:25.464+0800: 2476957.116: [GC (Allocation Failure) [PSYoungGen: 504672K->8928K(509952K)] 948099K->458390K(1034240K), 0.0227478 secs] [Times: user=0.03 sys=0.04, real=0.02 secs] 
2021-06-12T01:37:44.825+0800: 2477216.477: [GC (Allocation Failure) [PSYoungGen: 505056K->9568K(510976K)] 954518K->466048K(1035264K), 0.0275567 secs] [Times: user=0.09 sys=0.00, real=0.03 secs] 
2021-06-12T01:42:06.168+0800: 2477477.820: [GC (Allocation Failure) [PSYoungGen: 506720K->6976K(510464K)] 963200K->471145K(1034752K), 0.0289660 secs] [Times: user=0.04 sys=0.05, real=0.03 secs] 
2021-06-12T01:46:23.162+0800: 2477734.814: [GC (Allocation Failure) [PSYoungGen: 504128K->10176K(510976K)] 968297K->479342K(1035264K), 0.0582476 secs] [Times: user=0.03 sys=0.04, real=0.06 secs] 
2021-06-12T01:50:36.786+0800: 2477988.438: [GC (Allocation Failure) [PSYoungGen: 507840K->10016K(510976K)] 977006K->486609K(1035264K), 0.0253075 secs] [Times: user=0.03 sys=0.04, real=0.02 secs] 
2021-06-12T01:54:49.840+0800: 2478241.492: [GC (Allocation Failure) [PSYoungGen: 507680K->9696K(511488K)] 984273K->494419K(1035776K), 0.0247043 secs] [Times: user=0.03 sys=0.04, real=0.03 secs] 
2021-06-12T01:59:07.481+0800: 2478499.133: [GC (Allocation Failure) [PSYoungGen: 507872K->9440K(510976K)] 992595K->502292K(1035264K), 0.0249843 secs] [Times: user=0.04 sys=0.04, real=0.03 secs] 
2021-06-12T02:03:25.499+0800: 2478757.151: [GC (Allocation Failure) [PSYoungGen: 507616K->7648K(511488K)] 1000468K->507758K(1035776K), 0.0260253 secs] [Times: user=0.04 sys=0.03, real=0.03 secs] 
2021-06-12T02:07:45.652+0800: 2479017.304: [GC (Allocation Failure) [PSYoungGen: 506336K->8736K(511488K)] 1006446K->514904K(1035776K), 0.0274457 secs] [Times: user=0.03 sys=0.04, real=0.02 secs] 
2021-06-12T02:12:04.244+0800: 2479275.896: [GC (Allocation Failure) [PSYoungGen: 507424K->8576K(512000K)] 1013592K->521355K(1036288K), 0.0247284 secs] [Times: user=0.04 sys=0.04, real=0.02 secs] 
2021-06-12T02:16:22.526+0800: 2479534.178: [GC (Allocation Failure) [PSYoungGen: 508288K->9568K(512000K)] 1021067K->528815K(1036288K), 0.0224833 secs] [Times: user=0.03 sys=0.03, real=0.02 secs] 
2021-06-12T02:16:22.549+0800: 2479534.201: [Full GC (Ergonomics) [PSYoungGen: 9568K->0K(512000K)] [ParOldGen: 519247K->306638K(524288K)] 528815K->306638K(1036288K), [Metaspace: 97207K->97207K(1138688K)], 0.4674277 secs] [Times: user=1.01 sys=0.00, real=0.47 secs] 
2021-06-12T02:20:43.942+0800: 2479795.594: [GC (Allocation Failure) [PSYoungGen: 499712K->10016K(512000K)] 806350K->316654K(1036288K), 0.0201294 secs] [Times: user=0.03 sys=0.03, real=0.02 secs] 
2021-06-12T02:25:02.496+0800: 2480054.148: [GC (Allocation Failure) [PSYoungGen: 509728K->9568K(512000K)] 816366K->323256K(1036288K), 0.0244602 secs] [Times: user=0.03 sys=0.04, real=0.02 secs] 
2021-06-12T02:29:18.778+0800: 2480310.430: [GC (Allocation Failure) [PSYoungGen: 509280K->9088K(512512K)] 822968K->330417K(1036800K), 0.0733555 secs] [Times: user=0.04 sys=0.03, real=0.07 secs] 
2021-06-12T02:33:36.334+0800: 2480567.986: [GC (Allocation Failure) [PSYoungGen: 509824K->8736K(512512K)] 831153K->337259K(1036800K), 0.0245390 secs] [Times: user=0.03 sys=0.03, real=0.02 secs] 
2021-06-12T02:37:56.629+0800: 2480828.281: [GC (Allocation Failure) [PSYoungGen: 509472K->7360K(512512K)] 837995K->342845K(1036800K), 0.0224849 secs] [Times: user=0.03 sys=0.04, real=0.02 secs] 
2021-06-12T02:42:15.588+0800: 2481087.240: [GC (Allocation Failure) [PSYoungGen: 508096K->9344K(512512K)] 843581K->350385K(1036800K), 0.0288057 secs] [Times: user=0.03 sys=0.04, real=0.03 secs] 
2021-06-12T02:46:35.130+0800: 2481346.782: [GC (Allocation Failure) [PSYoungGen: 510080K->9728K(512512K)] 851121K->357868K(1036800K), 0.0225390 secs] [Times: user=0.04 sys=0.03, real=0.03 secs] 
2021-06-12T02:50:55.802+0800: 2481607.454: [GC (Allocation Failure) [PSYoungGen: 510464K->9536K(512512K)] 858604K->365606K(1036800K), 0.0229084 secs] [Times: user=0.03 sys=0.04, real=0.03 secs] 
2021-06-12T02:55:12.165+0800: 2481863.817: [GC (Allocation Failure) [PSYoungGen: 510272K->10208K(512512K)] 866342K->373952K(1036800K), 0.0235132 secs] [Times: user=0.03 sys=0.03, real=0.02 secs] 
2021-06-12T02:59:32.654+0800: 2482124.306: [GC (Allocation Failure) [PSYoungGen: 510944K->8320K(512512K)] 874688K->379745K(1036800K), 0.0220565 secs] [Times: user=0.03 sys=0.03, real=0.02 secs] 
2021-06-12T03:03:50.998+0800: 2482382.650: [GC (Allocation Failure) [PSYoungGen: 509056K->8544K(512512K)] 880481K->386826K(1036800K), 0.0233145 secs] [Times: user=0.03 sys=0.04, real=0.02 secs] 
2021-06-12T03:08:09.748+0800: 2482641.404: [GC (Allocation Failure) [PSYoungGen: 509280K->11072K(512000K)] 887562K->396245K(1036288K), 0.0317294 secs] [Times: user=0.04 sys=0.04, real=0.03 secs] 
2021-06-12T03:12:30.884+0800: 2482902.536: [GC (Allocation Failure) [PSYoungGen: 511808K->9376K(512512K)] 896981K->403384K(1036800K), 0.0227145 secs] [Times: user=0.03 sys=0.04, real=0.02 secs] 
2021-06-12T03:16:48.193+0800: 2483159.845: [GC (Allocation Failure) [PSYoungGen: 509600K->8608K(512000K)] 903608K->410681K(1036288K), 0.0258471 secs] [Times: user=0.03 sys=0.04, real=0.02 secs] 
2021-06-12T03:21:06.315+0800: 2483417.967: [GC (Allocation Failure) [PSYoungGen: 508832K->8000K(512512K)] 910905K->417211K(1036800K), 0.0232703 secs] [Times: user=0.04 sys=0.04, real=0.02 secs] 
2021-06-12T03:25:25.010+0800: 2483676.662: [GC (Allocation Failure) [PSYoungGen: 508736K->8480K(512512K)] 917947K->423830K(1036800K), 0.0234556 secs] [Times: user=0.03 sys=0.04, real=0.03 secs] 
2021-06-12T03:29:45.400+0800: 2483937.052: [GC (Allocation Failure) [PSYoungGen: 509216K->9408K(513024K)] 924566K->431721K(1037312K), 0.0323225 secs] [Times: user=0.05 sys=0.05, real=0.04 secs] 
2021-06-12T03:34:03.126+0800: 2484194.778: [GC (Allocation Failure) [PSYoungGen: 510656K->11232K(512512K)] 932969K->441500K(1036800K), 0.0262895 secs] [Times: user=0.04 sys=0.04, real=0.03 secs] 
2021-06-12T03:38:21.456+0800: 2484453.108: [GC (Allocation Failure) [PSYoungGen: 512480K->10848K(506368K)] 942748K->449128K(1030656K), 0.0215863 secs] [Times: user=0.03 sys=0.03, real=0.02 secs] 
2021-06-12T03:42:39.765+0800: 2484711.417: [GC (Allocation Failure) [PSYoungGen: 505440K->7744K(509440K)] 943720K->454625K(1033728K), 0.0407706 secs] [Times: user=0.04 sys=0.04, real=0.04 secs] 
2021-06-12T03:46:56.630+0800: 2484968.282: [GC (Allocation Failure) [PSYoungGen: 502336K->9376K(509952K)] 949217K->462190K(1034240K), 0.0252191 secs] [Times: user=0.04 sys=0.04, real=0.03 secs] 
2021-06-12T03:51:14.511+0800: 2485226.163: [GC (Allocation Failure) [PSYoungGen: 504480K->6880K(509440K)] 957294K->467757K(1033728K), 0.0217685 secs] [Times: user=0.04 sys=0.04, real=0.03 secs] 
2021-06-12T03:55:30.084+0800: 2485481.736: [GC (Allocation Failure) [PSYoungGen: 501984K->7872K(509952K)] 962861K->473530K(1034240K), 0.0254387 secs] [Times: user=0.03 sys=0.04, real=0.02 secs] 
2021-06-12T03:59:48.032+0800: 2485739.684: [GC (Allocation Failure) [PSYoungGen: 503488K->10112K(509952K)] 969146K->481702K(1034240K), 0.0255244 secs] [Times: user=0.04 sys=0.04, real=0.02 secs] 
2021-06-12T04:04:07.130+0800: 2485998.782: [GC (Allocation Failure) [PSYoungGen: 505728K->8416K(510464K)] 977318K->487999K(1034752K), 0.0238449 secs] [Times: user=0.04 sys=0.03, real=0.03 secs] 
2021-06-12T04:08:22.733+0800: 2486254.385: [GC (Allocation Failure) [PSYoungGen: 504544K->10592K(509952K)] 984127K->496618K(1034240K), 0.0273190 secs] [Times: user=0.04 sys=0.04, real=0.02 secs] 
2021-06-12T04:12:37.991+0800: 2486509.643: [GC (Allocation Failure) [PSYoungGen: 506720K->8320K(510464K)] 992746K->502076K(1034752K), 0.0223235 secs] [Times: user=0.03 sys=0.04, real=0.03 secs] 
2021-06-12T04:16:56.127+0800: 2486767.780: [GC (Allocation Failure) [PSYoungGen: 504960K->9728K(510464K)] 998716K->509871K(1034752K), 0.0253551 secs] [Times: user=0.04 sys=0.03, real=0.03 secs] 
2021-06-12T04:21:13.971+0800: 2487025.623: [GC (Allocation Failure) [PSYoungGen: 506368K->10592K(510976K)] 1006511K->518267K(1035264K), 0.0235463 secs] [Times: user=0.04 sys=0.03, real=0.03 secs] 
2021-06-12T04:25:27.739+0800: 2487279.391: [GC (Allocation Failure) [PSYoungGen: 508256K->10784K(510976K)] 1015931K->526237K(1035264K), 0.0268737 secs] [Times: user=0.04 sys=0.04, real=0.03 secs] 
2021-06-12T04:25:27.766+0800: 2487279.418: [Full GC (Ergonomics) [PSYoungGen: 10784K->0K(510976K)] [ParOldGen: 515452K->302167K(524288K)] 526237K->302167K(1035264K), [Metaspace: 97207K->97207K(1138688K)], 0.4635238 secs] [Times: user=0.53 sys=0.51, real=0.46 secs] 
2021-06-12T04:29:45.700+0800: 2487537.352: [GC (Allocation Failure) [PSYoungGen: 497664K->9888K(510976K)] 799831K->312055K(1035264K), 0.0272457 secs] [Times: user=0.06 sys=0.00, real=0.03 secs] 
2021-06-12T04:34:05.605+0800: 2487797.257: [GC (Allocation Failure) [PSYoungGen: 507552K->8480K(510976K)] 809719K->319560K(1035264K), 0.0258336 secs] [Times: user=0.03 sys=0.03, real=0.02 secs] 
2021-06-12T04:38:20.620+0800: 2488052.272: [GC (Allocation Failure) [PSYoungGen: 506144K->11104K(510976K)] 817224K->328757K(1035264K), 0.0236575 secs] [Times: user=0.04 sys=0.03, real=0.03 secs] 
2021-06-12T04:42:37.614+0800: 2488309.266: [GC (Allocation Failure) [PSYoungGen: 508768K->9024K(510976K)] 826421K->335805K(1035264K), 0.0262941 secs] [Times: user=0.04 sys=0.03, real=0.02 secs] 
2021-06-12T04:46:52.115+0800: 2488563.767: [GC (Allocation Failure) [PSYoungGen: 506688K->10336K(510976K)] 833469K->344480K(1035264K), 0.0266845 secs] [Times: user=0.04 sys=0.04, real=0.02 secs] 
2021-06-12T04:51:12.485+0800: 2488824.137: [GC (Allocation Failure) [PSYoungGen: 508000K->10048K(510976K)] 842144K->351675K(1035264K), 0.0292783 secs] [Times: user=0.03 sys=0.04, real=0.03 secs] 
2021-06-12T04:55:28.705+0800: 2489080.357: [GC (Allocation Failure) [PSYoungGen: 507712K->8768K(511488K)] 849339K->358941K(1035776K), 0.0273814 secs] [Times: user=0.04 sys=0.04, real=0.03 secs] 
2021-06-12T04:59:48.722+0800: 2489340.375: [GC (Allocation Failure) [PSYoungGen: 507456K->11232K(509952K)] 857629K->367825K(1034240K), 0.0271861 secs] [Times: user=0.04 sys=0.04, real=0.02 secs] 
2021-06-12T05:04:19.327+0800: 2489610.979: [GC (Allocation Failure) [PSYoungGen: 509920K->12288K(509952K)] 866513K->377709K(1034240K), 0.0341421 secs] [Times: user=0.05 sys=0.05, real=0.03 secs] 
2021-06-12T05:08:37.058+0800: 2489868.710: [GC (Allocation Failure) [PSYoungGen: 508928K->10560K(510464K)] 874349K->385329K(1034752K), 0.0271454 secs] [Times: user=0.05 sys=0.04, real=0.03 secs] 
2021-06-12T05:12:53.250+0800: 2490124.902: [GC (Allocation Failure) [PSYoungGen: 507200K->11072K(509952K)] 881969K->393396K(1034240K), 0.0229563 secs] [Times: user=0.04 sys=0.04, real=0.03 secs] 
2021-06-12T05:17:08.471+0800: 2490380.123: [GC (Allocation Failure) [PSYoungGen: 507712K->9632K(510464K)] 890036K->401421K(1034752K), 0.0270954 secs] [Times: user=0.04 sys=0.04, real=0.03 secs] 
2021-06-12T05:21:29.177+0800: 2490640.829: [GC (Allocation Failure) [PSYoungGen: 506266K->8768K(510976K)] 898056K->407969K(1035264K), 0.0315630 secs] [Times: user=0.04 sys=0.05, real=0.03 secs] 
2021-06-12T05:25:44.423+0800: 2490896.075: [GC (Allocation Failure) [PSYoungGen: 506432K->10880K(510976K)] 905633K->416923K(1035264K), 0.0340039 secs] [Times: user=0.05 sys=0.05, real=0.03 secs] 
2021-06-12T05:30:05.130+0800: 2491156.782: [GC (Allocation Failure) [PSYoungGen: 508544K->8832K(510976K)] 914587K->422861K(1035264K), 0.0253167 secs] [Times: user=0.03 sys=0.03, real=0.03 secs] 
2021-06-12T05:34:26.000+0800: 2491417.652: [GC (Allocation Failure) [PSYoungGen: 506496K->10784K(510976K)] 920525K->431527K(1035264K), 0.0329275 secs] [Times: user=0.05 sys=0.05, real=0.04 secs] 
2021-06-12T05:38:46.061+0800: 2491677.713: [GC (Allocation Failure) [PSYoungGen: 508448K->10912K(510976K)] 929191K->439683K(1035264K), 0.0249367 secs] [Times: user=0.08 sys=0.00, real=0.03 secs] 
2021-06-12T05:43:06.277+0800: 2491937.929: [GC (Allocation Failure) [PSYoungGen: 508576K->10048K(510976K)] 937347K->446981K(1035264K), 0.0287903 secs] [Times: user=0.04 sys=0.04, real=0.03 secs] 
2021-06-12T05:47:26.878+0800: 2492198.530: [GC (Allocation Failure) [PSYoungGen: 507712K->9984K(511488K)] 944645K->455208K(1035776K), 0.0433177 secs] [Times: user=0.04 sys=0.04, real=0.04 secs] 
2021-06-12T05:51:46.759+0800: 2492458.411: [GC (Allocation Failure) [PSYoungGen: 508672K->9312K(511488K)] 953896K->461380K(1035776K), 0.0277986 secs] [Times: user=0.03 sys=0.03, real=0.03 secs] 
2021-06-12T05:56:06.123+0800: 2492717.775: [GC (Allocation Failure) [PSYoungGen: 508000K->11264K(511488K)] 960068K->470695K(1035776K), 0.0234309 secs] [Times: user=0.04 sys=0.04, real=0.02 secs] 
2021-06-12T06:00:27.300+0800: 2492978.952: [GC (Allocation Failure) [PSYoungGen: 509952K->9504K(511488K)] 969383K->478000K(1035776K), 0.0204960 secs] [Times: user=0.03 sys=0.04, real=0.02 secs] 
2021-06-12T06:04:47.223+0800: 2493238.876: [GC (Allocation Failure) [PSYoungGen: 508192K->9984K(512000K)] 976688K->486387K(1036288K), 0.0492601 secs] [Times: user=0.04 sys=0.03, real=0.05 secs] 
2021-06-12T06:09:08.820+0800: 2493500.472: [GC (Allocation Failure) [PSYoungGen: 509184K->9856K(511488K)] 985587K->493278K(1035776K), 0.0319994 secs] [Times: user=0.03 sys=0.05, real=0.03 secs] 
2021-06-12T06:13:28.702+0800: 2493760.354: [GC (Allocation Failure) [PSYoungGen: 509056K->8768K(512000K)] 992478K->500224K(1036288K), 0.0233697 secs] [Times: user=0.04 sys=0.03, real=0.02 secs] 
2021-06-12T06:17:49.253+0800: 2494020.905: [GC (Allocation Failure) [PSYoungGen: 508480K->11616K(511488K)] 999936K->509117K(1035776K), 0.0245972 secs] [Times: user=0.04 sys=0.04, real=0.02 secs] 
2021-06-12T06:22:13.560+0800: 2494285.212: [GC (Allocation Failure) [PSYoungGen: 511328K->8832K(511488K)] 1008829K->514933K(1035776K), 0.0249729 secs] [Times: user=0.04 sys=0.04, real=0.03 secs] 
2021-06-12T06:26:34.938+0800: 2494546.590: [GC (Allocation Failure) [PSYoungGen: 507520K->8000K(511488K)] 1013621K->520855K(1035776K), 0.0212583 secs] [Times: user=0.03 sys=0.04, real=0.02 secs] 
2021-06-12T06:30:54.888+0800: 2494806.540: [GC (Allocation Failure) [PSYoungGen: 506688K->7232K(511488K)] 1019543K->526625K(1035776K), 0.0212556 secs] [Times: user=0.03 sys=0.03, real=0.02 secs] 
2021-06-12T06:30:54.910+0800: 2494806.562: [Full GC (Ergonomics) [PSYoungGen: 7232K->0K(511488K)] [ParOldGen: 519393K->307351K(524288K)] 526625K->307351K(1035776K), [Metaspace: 97221K->97221K(1138688K)], 0.4659240 secs] [Times: user=0.52 sys=0.51, real=0.47 secs] 
2021-06-12T06:35:19.033+0800: 2495070.685: [GC (Allocation Failure) [PSYoungGen: 498688K->10304K(511488K)] 806039K->317655K(1035776K), 0.0238111 secs] [Times: user=0.03 sys=0.03, real=0.02 secs] 
2021-06-12T06:39:41.537+0800: 2495333.189: [GC (Allocation Failure) [PSYoungGen: 508992K->9440K(511488K)] 816343K->324879K(1035776K), 0.0234909 secs] [Times: user=0.03 sys=0.03, real=0.02 secs] 
2021-06-12T06:43:57.414+0800: 2495589.066: [GC (Allocation Failure) [PSYoungGen: 508128K->8256K(511488K)] 823567K->331416K(1035776K), 0.0254322 secs] [Times: user=0.03 sys=0.03, real=0.02 secs] 
2021-06-12T06:48:17.233+0800: 2495848.885: [GC (Allocation Failure) [PSYoungGen: 506944K->9504K(512000K)] 830104K->338789K(1036288K), 0.0245201 secs] [Times: user=0.04 sys=0.03, real=0.02 secs] 
2021-06-12T06:52:39.474+0800: 2496111.126: [GC (Allocation Failure) [PSYoungGen: 508704K->7296K(511488K)] 837989K->344789K(1035776K), 0.0465554 secs] [Times: user=0.03 sys=0.03, real=0.04 secs] 
2021-06-12T06:57:00.805+0800: 2496372.457: [GC (Allocation Failure) [PSYoungGen: 506496K->8160K(512000K)] 843989K->351402K(1036288K), 0.0210338 secs] [Times: user=0.03 sys=0.03, real=0.02 secs] 
2021-06-12T07:01:23.424+0800: 2496635.076: [GC (Allocation Failure) [PSYoungGen: 507872K->8608K(512000K)] 851114K->358628K(1036288K), 0.0242876 secs] [Times: user=0.03 sys=0.03, real=0.02 secs] 
2021-06-12T07:05:42.835+0800: 2496894.487: [GC (Allocation Failure) [PSYoungGen: 508320K->9834K(512000K)] 858340K->367018K(1036288K), 0.0879637 secs] [Times: user=0.05 sys=0.05, real=0.09 secs] 
2021-06-12T07:10:05.514+0800: 2497157.166: [GC (Allocation Failure) [PSYoungGen: 509546K->8992K(512000K)] 866730K->373365K(1036288K), 0.0237125 secs] [Times: user=0.04 sys=0.04, real=0.02 secs] 
2021-06-12T07:14:29.333+0800: 2497420.985: [GC (Allocation Failure) [PSYoungGen: 508704K->9248K(512512K)] 873077K->380488K(1036800K), 0.0222704 secs] [Times: user=0.03 sys=0.04, real=0.02 secs] 
2021-06-12T07:18:49.093+0800: 2497680.745: [GC (Allocation Failure) [PSYoungGen: 509984K->9152K(512512K)] 881224K->386380K(1036800K), 0.0216273 secs] [Times: user=0.03 sys=0.04, real=0.02 secs] 
2021-06-12T07:23:10.109+0800: 2497941.761: [GC (Allocation Failure) [PSYoungGen: 509888K->11168K(512000K)] 887116K->396070K(1036288K), 0.0248295 secs] [Times: user=0.04 sys=0.03, real=0.03 secs] 
2021-06-12T07:27:32.673+0800: 2498204.325: [GC (Allocation Failure) [PSYoungGen: 511904K->7904K(512512K)] 896806K->401592K(1036800K), 0.0224939 secs] [Times: user=0.04 sys=0.03, real=0.02 secs] 
2021-06-12T07:31:56.368+0800: 2498468.020: [GC (Allocation Failure) [PSYoungGen: 508640K->9824K(512512K)] 902328K->409315K(1036800K), 0.0258573 secs] [Times: user=0.03 sys=0.04, real=0.03 secs] 
2021-06-12T07:36:21.290+0800: 2498732.942: [GC (Allocation Failure) [PSYoungGen: 510560K->6272K(507392K)] 910051K->413068K(1031680K), 0.0247419 secs] [Times: user=0.03 sys=0.04, real=0.03 secs] 
2021-06-12T07:40:38.497+0800: 2498990.149: [GC (Allocation Failure) [PSYoungGen: 507008K->8896K(512512K)] 913804K->420280K(1036800K), 0.0218394 secs] [Times: user=0.03 sys=0.03, real=0.02 secs] 
2021-06-12T07:44:59.106+0800: 2499250.758: [GC (Allocation Failure) [PSYoungGen: 509120K->8192K(512000K)] 920504K->426115K(1036288K), 0.0247554 secs] [Times: user=0.03 sys=0.04, real=0.02 secs] 
2021-06-12T07:49:19.290+0800: 2499510.942: [GC (Allocation Failure) [PSYoungGen: 508416K->8192K(512512K)] 926339K->432110K(1036800K), 0.0216596 secs] [Times: user=0.04 sys=0.03, real=0.02 secs] 
2021-06-12T07:53:42.875+0800: 2499774.527: [GC (Allocation Failure) [PSYoungGen: 508928K->9472K(512512K)] 932846K->439928K(1036800K), 0.0214175 secs] [Times: user=0.04 sys=0.04, real=0.02 secs] 
2021-06-12T07:58:02.908+0800: 2500034.560: [GC (Allocation Failure) [PSYoungGen: 510208K->8704K(513024K)] 940664K->447297K(1037312K), 0.0228275 secs] [Times: user=0.04 sys=0.03, real=0.02 secs] 
2021-06-12T08:02:22.945+0800: 2500294.597: [GC (Allocation Failure) [PSYoungGen: 509952K->11232K(512512K)] 948545K->456685K(1036800K), 0.0248761 secs] [Times: user=0.07 sys=0.00, real=0.02 secs] 
2021-06-12T08:06:47.593+0800: 2500559.245: [GC (Allocation Failure) [PSYoungGen: 512480K->10080K(507392K)] 957933K->463423K(1031680K), 0.0248452 secs] [Times: user=0.03 sys=0.04, real=0.02 secs] 
2021-06-12T08:11:04.702+0800: 2500816.354: [GC (Allocation Failure) [PSYoungGen: 505696K->11200K(509952K)] 959039K->470724K(1034240K), 0.0226947 secs] [Times: user=0.04 sys=0.04, real=0.02 secs] 
2021-06-12T08:15:25.062+0800: 2501076.714: [GC (Allocation Failure) [PSYoungGen: 506816K->9440K(510464K)] 966340K->478125K(1034752K), 0.0238489 secs] [Times: user=0.04 sys=0.03, real=0.03 secs] 
2021-06-12T08:19:43.800+0800: 2501335.452: [GC (Allocation Failure) [PSYoungGen: 505568K->8512K(509952K)] 974253K->484489K(1034240K), 0.0367584 secs] [Times: user=0.03 sys=0.04, real=0.04 secs] 
2021-06-12T08:24:00.120+0800: 2501591.772: [GC (Allocation Failure) [PSYoungGen: 504640K->9856K(510976K)] 980617K->492356K(1035264K), 0.0280869 secs] [Times: user=0.04 sys=0.05, real=0.03 secs] 
2021-06-12T08:28:21.607+0800: 2501853.259: [GC (Allocation Failure) [PSYoungGen: 507008K->9376K(510464K)] 989508K->500205K(1034752K), 0.0265467 secs] [Times: user=0.03 sys=0.04, real=0.03 secs] 
2021-06-12T08:32:42.469+0800: 2502114.121: [GC (Allocation Failure) [PSYoungGen: 506528K->9312K(511488K)] 997357K->507072K(1035776K), 0.0250613 secs] [Times: user=0.08 sys=0.00, real=0.03 secs] 
2021-06-12T08:37:03.266+0800: 2502374.918: [GC (Allocation Failure) [PSYoungGen: 507488K->8864K(510976K)] 1005248K->514091K(1035264K), 0.0234651 secs] [Times: user=0.03 sys=0.04, real=0.02 secs] 
2021-06-12T08:41:22.129+0800: 2502633.781: [GC (Allocation Failure) [PSYoungGen: 507040K->10720K(511488K)] 1012267K->523621K(1035776K), 0.0249308 secs] [Times: user=0.04 sys=0.03, real=0.03 secs] 
2021-06-12T08:45:42.627+0800: 2502894.279: [GC (Allocation Failure) [PSYoungGen: 509408K->8096K(511488K)] 1022309K->529503K(1035776K), 0.0246280 secs] [Times: user=0.07 sys=0.00, real=0.02 secs] 
2021-06-12T08:45:42.652+0800: 2502894.304: [Full GC (Ergonomics) [PSYoungGen: 8096K->0K(511488K)] [ParOldGen: 521407K->302948K(524288K)] 529503K->302948K(1035776K), [Metaspace: 97222K->97218K(1138688K)], 0.4835698 secs] [Times: user=1.07 sys=0.00, real=0.49 secs] 
2021-06-12T08:49:59.751+0800: 2503151.403: [GC (Allocation Failure) [PSYoungGen: 498688K->9472K(511488K)] 801636K->312420K(1035776K), 0.0263766 secs] [Times: user=0.04 sys=0.03, real=0.03 secs] 
2021-06-12T08:54:16.187+0800: 2503407.839: [GC (Allocation Failure) [PSYoungGen: 508160K->9568K(511488K)] 811108K->320222K(1035776K), 0.0269828 secs] [Times: user=0.04 sys=0.04, real=0.03 secs] 
2021-06-12T08:58:37.151+0800: 2503668.803: [GC (Allocation Failure) [PSYoungGen: 508256K->9568K(512000K)] 818910K->327400K(1036288K), 0.0284594 secs] [Times: user=0.04 sys=0.04, real=0.03 secs] 
2021-06-12T09:02:58.575+0800: 2503930.227: [GC (Allocation Failure) [PSYoungGen: 509280K->10144K(512000K)] 827112K->334987K(1036288K), 0.0436572 secs] [Times: user=0.05 sys=0.05, real=0.04 secs] 
2021-06-12T09:07:14.617+0800: 2504186.269: [GC (Allocation Failure) [PSYoungGen: 509856K->10624K(512000K)] 834699K->344261K(1036288K), 0.0273414 secs] [Times: user=0.04 sys=0.04, real=0.03 secs] 
2021-06-12T09:11:33.726+0800: 2504445.378: [GC (Allocation Failure) [PSYoungGen: 510336K->10176K(512000K)] 843973K->351648K(1036288K), 0.0270351 secs] [Times: user=0.04 sys=0.04, real=0.03 secs] 
2021-06-12T09:15:51.814+0800: 2504703.466: [GC (Allocation Failure) [PSYoungGen: 509888K->9792K(512512K)] 851360K->359641K(1036800K), 0.0233595 secs] [Times: user=0.03 sys=0.03, real=0.02 secs] 
2021-06-12T09:20:11.772+0800: 2504963.424: [GC (Allocation Failure) [PSYoungGen: 510016K->9952K(512000K)] 859865K->366405K(1036288K), 0.0231393 secs] [Times: user=0.03 sys=0.04, real=0.03 secs] 
2021-06-12T09:24:33.456+0800: 2505225.108: [GC (Allocation Failure) [PSYoungGen: 510176K->9248K(512512K)] 866629K->373221K(1036800K), 0.0260077 secs] [Times: user=0.08 sys=0.00, real=0.03 secs] 
2021-06-12T09:28:56.852+0800: 2505488.504: [GC (Allocation Failure) [PSYoungGen: 509984K->7872K(512512K)] 873957K->378505K(1036800K), 0.0231716 secs] [Times: user=0.04 sys=0.04, real=0.03 secs] 
2021-06-12T09:33:16.769+0800: 2505748.421: [GC (Allocation Failure) [PSYoungGen: 508608K->9856K(512512K)] 879241K->385974K(1036800K), 0.0248844 secs] [Times: user=0.04 sys=0.03, real=0.03 secs] 
2021-06-12T09:37:37.285+0800: 2506008.937: [GC (Allocation Failure) [PSYoungGen: 510592K->9184K(512512K)] 886710K->392985K(1036800K), 0.0243302 secs] [Times: user=0.03 sys=0.04, real=0.02 secs] 
2021-06-12T09:41:55.777+0800: 2506267.429: [GC (Allocation Failure) [PSYoungGen: 509920K->9984K(512512K)] 893721K->400955K(1036800K), 0.0231847 secs] [Times: user=0.03 sys=0.04, real=0.02 secs] 
2021-06-12T09:46:15.341+0800: 2506526.993: [GC (Allocation Failure) [PSYoungGen: 510720K->10752K(512512K)] 901691K->409829K(1036800K), 0.0497429 secs] [Times: user=0.04 sys=0.04, real=0.05 secs] 
2021-06-12T09:50:39.025+0800: 2506790.678: [GC (Allocation Failure) [PSYoungGen: 511488K->7936K(512512K)] 910565K->415517K(1036800K), 0.0224544 secs] [Times: user=0.03 sys=0.03, real=0.02 secs] 
2021-06-12T09:55:00.162+0800: 2507051.814: [GC (Allocation Failure) [PSYoungGen: 508672K->10496K(511488K)] 916253K->423995K(1035776K), 0.0666628 secs] [Times: user=0.04 sys=0.04, real=0.07 secs] 
2021-06-12T09:59:22.171+0800: 2507313.823: [GC (Allocation Failure) [PSYoungGen: 511232K->8480K(512000K)] 924731K->429213K(1036288K), 0.0345344 secs] [Times: user=0.05 sys=0.05, real=0.04 secs] 
2021-06-12T10:03:42.849+0800: 2507574.501: [GC (Allocation Failure) [PSYoungGen: 508192K->10080K(512000K)] 928925K->437616K(1036288K), 0.0334789 secs] [Times: user=0.04 sys=0.04, real=0.04 secs] 
2021-06-12T10:08:07.593+0800: 2507839.245: [GC (Allocation Failure) [PSYoungGen: 509792K->4608K(510976K)] 937328K->440312K(1035264K), 0.0265901 secs] [Times: user=0.03 sys=0.03, real=0.02 secs] 
2021-06-12T10:12:27.934+0800: 2508099.586: [GC (Allocation Failure) [PSYoungGen: 503296K->9280K(511488K)] 939000K->448063K(1035776K), 0.0276047 secs] [Times: user=0.04 sys=0.04, real=0.02 secs] 
2021-06-12T10:16:48.977+0800: 2508360.629: [GC (Allocation Failure) [PSYoungGen: 507968K->7616K(512000K)] 946751K->453338K(1036288K), 0.0239927 secs] [Times: user=0.03 sys=0.04, real=0.02 secs] 
2021-06-12T10:21:13.120+0800: 2508624.772: [GC (Allocation Failure) [PSYoungGen: 507328K->10304K(510464K)] 953050K->461398K(1034752K), 0.0283233 secs] [Times: user=0.04 sys=0.05, real=0.03 secs] 
2021-06-12T10:25:34.045+0800: 2508885.697: [GC (Allocation Failure) [PSYoungGen: 510016K->7968K(512000K)] 961110K->467568K(1036288K), 0.0273877 secs] [Times: user=0.03 sys=0.04, real=0.03 secs] 
2021-06-12T10:29:54.698+0800: 2509146.350: [GC (Allocation Failure) [PSYoungGen: 507168K->9920K(511488K)] 966768K->475548K(1035776K), 0.0272763 secs] [Times: user=0.04 sys=0.04, real=0.03 secs] 
2021-06-12T10:34:13.634+0800: 2509405.286: [GC (Allocation Failure) [PSYoungGen: 509120K->7712K(512000K)] 974748K->481245K(1036288K), 0.0256673 secs] [Times: user=0.05 sys=0.04, real=0.02 secs] 
2021-06-12T10:38:32.045+0800: 2509663.697: [GC (Allocation Failure) [PSYoungGen: 507424K->10048K(512000K)] 980957K->489314K(1036288K), 0.0235235 secs] [Times: user=0.04 sys=0.04, real=0.02 secs] 
2021-06-12T10:42:51.940+0800: 2509923.592: [GC (Allocation Failure) [PSYoungGen: 509760K->7904K(512000K)] 989026K->494907K(1036288K), 0.0298492 secs] [Times: user=0.04 sys=0.04, real=0.03 secs] 
2021-06-12T10:47:10.036+0800: 2510181.688: [GC (Allocation Failure) [PSYoungGen: 507616K->11520K(511488K)] 994619K->504447K(1035776K), 0.0359423 secs] [Times: user=0.03 sys=0.04, real=0.03 secs] 
2021-06-12T10:51:36.142+0800: 2510447.794: [GC (Allocation Failure) [PSYoungGen: 511232K->9248K(511488K)] 1004159K->510962K(1035776K), 0.0261543 secs] [Times: user=0.04 sys=0.04, real=0.02 secs] 
2021-06-12T10:55:56.064+0800: 2510707.716: [GC (Allocation Failure) [PSYoungGen: 507936K->10240K(511488K)] 1009650K->518956K(1035776K), 0.0252126 secs] [Times: user=0.04 sys=0.04, real=0.02 secs] 
2021-06-12T11:00:15.386+0800: 2510967.038: [GC (Allocation Failure) [PSYoungGen: 508928K->6944K(511488K)] 1017644K->523598K(1035776K), 0.0251182 secs] [Times: user=0.03 sys=0.04, real=0.02 secs] 
2021-06-12T11:00:15.412+0800: 2510967.064: [Full GC (Ergonomics) [PSYoungGen: 6944K->0K(511488K)] [ParOldGen: 516654K->301814K(524288K)] 523598K->301814K(1035776K), [Metaspace: 97222K->97222K(1138688K)], 0.4315648 secs] [Times: user=1.02 sys=0.00, real=0.44 secs] 
2021-06-12T11:04:37.714+0800: 2511229.366: [GC (Allocation Failure) [PSYoungGen: 498688K->10496K(511488K)] 800502K->312310K(1035776K), 0.0235678 secs] [Times: user=0.03 sys=0.04, real=0.02 secs] 
2021-06-12T11:08:57.754+0800: 2511489.406: [GC (Allocation Failure) [PSYoungGen: 509184K->11648K(510464K)] 810998K->322032K(1034752K), 0.0251647 secs] [Times: user=0.04 sys=0.04, real=0.02 secs] 
2021-06-12T11:13:13.911+0800: 2511745.563: [GC (Allocation Failure) [PSYoungGen: 509312K->10240K(510976K)] 819696K->329641K(1035264K), 0.0336818 secs] [Times: user=0.04 sys=0.04, real=0.04 secs] 
2021-06-12T11:17:34.382+0800: 2512006.034: [GC (Allocation Failure) [PSYoungGen: 507904K->8800K(510976K)] 827305K->336235K(1035264K), 0.0310141 secs] [Times: user=0.03 sys=0.04, real=0.04 secs] 
2021-06-12T11:21:56.152+0800: 2512267.804: [GC (Allocation Failure) [PSYoungGen: 506464K->8160K(510976K)] 833899K->342285K(1035264K), 0.0918551 secs] [Times: user=0.03 sys=0.03, real=0.10 secs] 
2021-06-12T11:26:15.572+0800: 2512527.224: [GC (Allocation Failure) [PSYoungGen: 505824K->11264K(510976K)] 839949K->351394K(1035264K), 0.0260794 secs] [Times: user=0.04 sys=0.04, real=0.03 secs] 
2021-06-12T11:30:40.994+0800: 2512792.646: [GC (Allocation Failure) [PSYoungGen: 508928K->9440K(510976K)] 849058K->358428K(1035264K), 0.0262526 secs] [Times: user=0.03 sys=0.04, real=0.02 secs] 
2021-06-12T11:35:01.668+0800: 2513053.320: [GC (Allocation Failure) [PSYoungGen: 507104K->10912K(510976K)] 856092K->367606K(1035264K), 0.0290808 secs] [Times: user=0.04 sys=0.04, real=0.03 secs] 
2021-06-12T11:39:23.980+0800: 2513315.632: [GC (Allocation Failure) [PSYoungGen: 508576K->10176K(510976K)] 865270K->375247K(1035264K), 0.0235803 secs] [Times: user=0.03 sys=0.03, real=0.03 secs] 
2021-06-12T11:43:46.509+0800: 2513578.161: [GC (Allocation Failure) [PSYoungGen: 507840K->9856K(511488K)] 872911K->383631K(1035776K), 0.0852398 secs] [Times: user=0.03 sys=0.04, real=0.09 secs] 
2021-06-12T11:48:09.775+0800: 2513841.427: [GC (Allocation Failure) [PSYoungGen: 508032K->9024K(510976K)] 881807K->389577K(1035264K), 0.0292143 secs] [Times: user=0.04 sys=0.04, real=0.03 secs] 
2021-06-12T11:52:30.448+0800: 2514102.100: [GC (Allocation Failure) [PSYoungGen: 507200K->6400K(511488K)] 887753K->394155K(1035776K), 0.0263558 secs] [Times: user=0.03 sys=0.04, real=0.03 secs] 
2021-06-12T11:56:48.659+0800: 2514360.311: [GC (Allocation Failure) [PSYoungGen: 505088K->10272K(511488K)] 892843K->403352K(1035776K), 0.0262443 secs] [Times: user=0.03 sys=0.04, real=0.03 secs] 
2021-06-12T12:01:13.621+0800: 2514625.273: [GC (Allocation Failure) [PSYoungGen: 508960K->6944K(510464K)] 902040K->408401K(1034752K), 0.0284594 secs] [Times: user=0.04 sys=0.05, real=0.03 secs] 
2021-06-12T12:05:36.875+0800: 2514888.527: [GC (Allocation Failure) [PSYoungGen: 504608K->9568K(510976K)] 906065K->416373K(1035264K), 0.0274415 secs] [Times: user=0.04 sys=0.04, real=0.03 secs] 
2021-06-12T12:09:59.463+0800: 2515151.115: [GC (Allocation Failure) [PSYoungGen: 507232K->10624K(511488K)] 914037K->424425K(1035776K), 0.0343015 secs] [Times: user=0.04 sys=0.05, real=0.03 secs] 
2021-06-12T12:14:21.792+0800: 2515413.444: [GC (Allocation Failure) [PSYoungGen: 509312K->12096K(510976K)] 923113K->434395K(1035264K), 0.0251375 secs] [Times: user=0.04 sys=0.03, real=0.03 secs] 
2021-06-12T12:18:40.050+0800: 2515671.702: [GC (Allocation Failure) [PSYoungGen: 510784K->10368K(509952K)] 933083K->441973K(1034240K), 0.0279751 secs] [Times: user=0.04 sys=0.04, real=0.03 secs] 
2021-06-12T12:23:01.138+0800: 2515932.790: [GC (Allocation Failure) [PSYoungGen: 507008K->9536K(510464K)] 938613K->449256K(1034752K), 0.0297360 secs] [Times: user=0.05 sys=0.04, real=0.03 secs] 
2021-06-12T12:27:22.279+0800: 2516193.931: [GC (Allocation Failure) [PSYoungGen: 506176K->9792K(511488K)] 945896K->456923K(1035776K), 0.0285491 secs] [Times: user=0.03 sys=0.03, real=0.03 secs] 
2021-06-12T12:31:41.650+0800: 2516453.302: [GC (Allocation Failure) [PSYoungGen: 507968K->9664K(510976K)] 955099K->464309K(1035264K), 0.0247931 secs] [Times: user=0.03 sys=0.04, real=0.03 secs] 
2021-06-12T12:36:06.528+0800: 2516718.180: [GC (Allocation Failure) [PSYoungGen: 507840K->11776K(510464K)] 962485K->473096K(1034752K), 0.0364660 secs] [Times: user=0.04 sys=0.05, real=0.04 secs] 
2021-06-12T12:40:25.038+0800: 2516976.690: [GC (Allocation Failure) [PSYoungGen: 509440K->9568K(510976K)] 970760K->480217K(1035264K), 0.0301253 secs] [Times: user=0.04 sys=0.05, real=0.03 secs] 
2021-06-12T12:44:48.811+0800: 2517240.463: [GC (Allocation Failure) [PSYoungGen: 507232K->7616K(511488K)] 977881K->485283K(1035776K), 0.0244925 secs] [Times: user=0.04 sys=0.03, real=0.03 secs] 
2021-06-12T12:49:12.652+0800: 2517504.304: [GC (Allocation Failure) [PSYoungGen: 506304K->8576K(511488K)] 983971K->491767K(1035776K), 0.0279765 secs] [Times: user=0.04 sys=0.04, real=0.03 secs] 
2021-06-12T12:53:31.042+0800: 2517762.694: [GC (Allocation Failure) [PSYoungGen: 507264K->12768K(504320K)] 990455K->503003K(1028608K), 0.0237957 secs] [Times: user=0.03 sys=0.03, real=0.02 secs] 
2021-06-12T12:57:48.041+0800: 2518019.693: [GC (Allocation Failure) [PSYoungGen: 504288K->12576K(507904K)] 994523K->511287K(1032192K), 0.0300897 secs] [Times: user=0.05 sys=0.05, real=0.03 secs] 
2021-06-12T13:02:06.920+0800: 2518278.572: [GC (Allocation Failure) [PSYoungGen: 504096K->11296K(507904K)] 1002807K->518913K(1032192K), 0.0416320 secs] [Times: user=0.03 sys=0.04, real=0.04 secs] 
2021-06-12T13:06:18.813+0800: 2518530.465: [GC (Allocation Failure) [PSYoungGen: 502816K->12074K(507904K)] 1010433K->528390K(1032192K), 0.0355877 secs] [Times: user=0.08 sys=0.00, real=0.03 secs] 
2021-06-12T13:06:18.849+0800: 2518530.502: [Full GC (Ergonomics) [PSYoungGen: 12074K->0K(507904K)] [ParOldGen: 516316K->308710K(524288K)] 528390K->308710K(1032192K), [Metaspace: 97222K->97222K(1138688K)], 0.4972449 secs] [Times: user=1.14 sys=0.00, real=0.50 secs] 
2021-06-12T13:10:33.035+0800: 2518784.688: [GC (Allocation Failure) [PSYoungGen: 491520K->10784K(508416K)] 800230K->319494K(1032704K), 0.0366929 secs] [Times: user=0.04 sys=0.03, real=0.06 secs] 
2021-06-12T13:14:52.021+0800: 2519043.673: [GC (Allocation Failure) [PSYoungGen: 502816K->7584K(507904K)] 811526K->326236K(1032192K), 0.0230983 secs] [Times: user=0.04 sys=0.04, real=0.03 secs] 
2021-06-12T13:19:09.847+0800: 2519301.499: [GC (Allocation Failure) [PSYoungGen: 499614K->10688K(508928K)] 818267K->335344K(1033216K), 0.0345159 secs] [Times: user=0.04 sys=0.05, real=0.03 secs] 
2021-06-12T13:23:26.843+0800: 2519558.495: [GC (Allocation Failure) [PSYoungGen: 503744K->10848K(508416K)] 828400K->343827K(1032704K), 0.0294700 secs] [Times: user=0.04 sys=0.05, real=0.03 secs] 
2021-06-12T13:27:46.130+0800: 2519817.782: [GC (Allocation Failure) [PSYoungGen: 503904K->11104K(509440K)] 836883K->351725K(1033728K), 0.0393128 secs] [Times: user=0.04 sys=0.05, real=0.04 secs] 
2021-06-12T13:32:04.696+0800: 2520076.348: [GC (Allocation Failure) [PSYoungGen: 505696K->11776K(509440K)] 846317K->360456K(1033728K), 0.0276762 secs] [Times: user=0.04 sys=0.04, real=0.03 secs] 
2021-06-12T13:36:23.196+0800: 2520334.848: [GC (Allocation Failure) [PSYoungGen: 506368K->7200K(509440K)] 855048K->365056K(1033728K), 0.0244389 secs] [Times: user=0.04 sys=0.04, real=0.02 secs] 
2021-06-12T13:40:42.476+0800: 2520594.128: [GC (Allocation Failure) [PSYoungGen: 501792K->10688K(509440K)] 859648K->373950K(1033728K), 0.0246287 secs] [Times: user=0.04 sys=0.04, real=0.02 secs] 
2021-06-12T13:45:02.521+0800: 2520854.173: [GC (Allocation Failure) [PSYoungGen: 505280K->13088K(508416K)] 868542K->384418K(1032704K), 0.0365820 secs] [Times: user=0.04 sys=0.06, real=0.04 secs] 
2021-06-12T13:49:24.328+0800: 2521115.980: [GC (Allocation Failure) [PSYoungGen: 506656K->12128K(508928K)] 877986K->393156K(1033216K), 0.0288121 secs] [Times: user=0.05 sys=0.05, real=0.03 secs] 
2021-06-12T13:53:44.208+0800: 2521375.860: [GC (Allocation Failure) [PSYoungGen: 505696K->7264K(508928K)] 886724K->398147K(1033216K), 0.0263797 secs] [Times: user=0.04 sys=0.04, real=0.03 secs] 
2021-06-12T13:58:04.943+0800: 2521636.595: [GC (Allocation Failure) [PSYoungGen: 500832K->9536K(508928K)] 891715K->405959K(1033216K), 0.0254056 secs] [Times: user=0.05 sys=0.04, real=0.02 secs] 
2021-06-12T14:02:24.467+0800: 2521896.119: [GC (Allocation Failure) [PSYoungGen: 503104K->7776K(508928K)] 899527K->411938K(1033216K), 0.0634819 secs] [Times: user=0.04 sys=0.04, real=0.06 secs] 
2021-06-12T14:06:42.410+0800: 2522154.062: [GC (Allocation Failure) [PSYoungGen: 501344K->11136K(508928K)] 905506K->420719K(1033216K), 0.0243632 secs] [Times: user=0.04 sys=0.04, real=0.03 secs] 
2021-06-12T14:11:04.005+0800: 2522415.657: [GC (Allocation Failure) [PSYoungGen: 504704K->8736K(509440K)] 914287K->427872K(1033728K), 0.0307623 secs] [Times: user=0.03 sys=0.04, real=0.03 secs] 
2021-06-12T14:15:24.368+0800: 2522676.020: [GC (Allocation Failure) [PSYoungGen: 503328K->10272K(509440K)] 922464K->436684K(1033728K), 0.0283128 secs] [Times: user=0.04 sys=0.04, real=0.03 secs] 
2021-06-12T14:19:41.900+0800: 2522933.552: [GC (Allocation Failure) [PSYoungGen: 504864K->10304K(509952K)] 931276K->445215K(1034240K), 0.0267066 secs] [Times: user=0.04 sys=0.04, real=0.03 secs] 
2021-06-12T14:24:01.672+0800: 2523193.324: [GC (Allocation Failure) [PSYoungGen: 505920K->12352K(508416K)] 940831K->455802K(1032704K), 0.0315869 secs] [Times: user=0.04 sys=0.04, real=0.04 secs] 
2021-06-12T14:28:21.980+0800: 2523453.632: [GC (Allocation Failure) [PSYoungGen: 507968K->8832K(509952K)] 951418K->461603K(1034240K), 0.0229123 secs] [Times: user=0.03 sys=0.04, real=0.03 secs] 
2021-06-12T14:32:43.824+0800: 2523715.476: [GC (Allocation Failure) [PSYoungGen: 503936K->9280K(509440K)] 956707K->469252K(1033728K), 0.0212658 secs] [Times: user=0.03 sys=0.03, real=0.02 secs] 
2021-06-12T14:37:04.804+0800: 2523976.456: [GC (Allocation Failure) [PSYoungGen: 504384K->10784K(509952K)] 964356K->478463K(1034240K), 0.0542764 secs] [Times: user=0.04 sys=0.04, real=0.05 secs] 
2021-06-12T14:41:27.815+0800: 2524239.467: [GC (Allocation Failure) [PSYoungGen: 506400K->10496K(509952K)] 974079K->485538K(1034240K), 0.0269022 secs] [Times: user=0.04 sys=0.04, real=0.03 secs] 
2021-06-12T14:45:42.811+0800: 2524494.463: [GC (Allocation Failure) [PSYoungGen: 506112K->11968K(509440K)] 981154K->494798K(1033728K), 0.0283353 secs] [Times: user=0.05 sys=0.05, real=0.03 secs] 
2021-06-12T14:50:03.843+0800: 2524755.495: [GC (Allocation Failure) [PSYoungGen: 507584K->7488K(509952K)] 990414K->499797K(1034240K), 0.0269535 secs] [Times: user=0.04 sys=0.04, real=0.02 secs] 
2021-06-12T14:54:22.933+0800: 2525014.585: [GC (Allocation Failure) [PSYoungGen: 503104K->9600K(510464K)] 995413K->507928K(1034752K), 0.0242714 secs] [Times: user=0.04 sys=0.04, real=0.02 secs] 
2021-06-12T14:58:44.204+0800: 2525275.856: [GC (Allocation Failure) [PSYoungGen: 505728K->8416K(509952K)] 1004056K->514394K(1034240K), 0.0296439 secs] [Times: user=0.08 sys=0.00, real=0.03 secs] 
2021-06-12T15:03:04.080+0800: 2525535.732: [GC (Allocation Failure) [PSYoungGen: 504544K->9824K(510976K)] 1010522K->521399K(1035264K), 0.0234535 secs] [Times: user=0.03 sys=0.04, real=0.03 secs] 
2021-06-12T15:07:20.237+0800: 2525791.890: [GC (Allocation Failure) [PSYoungGen: 506976K->8000K(510464K)] 1018551K->527649K(1034752K), 0.0619412 secs] [Times: user=0.05 sys=0.05, real=0.06 secs] 
2021-06-12T15:07:20.300+0800: 2525791.952: [Full GC (Ergonomics) [PSYoungGen: 8000K->0K(510464K)] [ParOldGen: 519649K->304069K(524288K)] 527649K->304069K(1034752K), [Metaspace: 97222K->97222K(1138688K)], 0.4795509 secs] [Times: user=1.08 sys=0.00, real=0.48 secs] 
2021-06-12T15:11:37.571+0800: 2526049.223: [GC (Allocation Failure) [PSYoungGen: 497152K->7968K(510976K)] 801221K->312037K(1035264K), 0.0257701 secs] [Times: user=0.06 sys=0.00, real=0.03 secs] 
2021-06-12T15:15:59.723+0800: 2526311.375: [GC (Allocation Failure) [PSYoungGen: 505632K->8832K(510976K)] 809701K->319703K(1035264K), 0.0587806 secs] [Times: user=0.03 sys=0.04, real=0.06 secs] 
2021-06-12T15:20:20.455+0800: 2526572.107: [GC (Allocation Failure) [PSYoungGen: 506496K->7904K(510976K)] 817367K->326191K(1035264K), 0.0230194 secs] [Times: user=0.03 sys=0.03, real=0.02 secs] 
2021-06-12T15:24:41.340+0800: 2526832.992: [GC (Allocation Failure) [PSYoungGen: 505568K->9056K(510976K)] 823855K->333564K(1035264K), 0.0290345 secs] [Times: user=0.04 sys=0.05, real=0.03 secs] 
2021-06-12T15:29:03.541+0800: 2527095.193: [GC (Allocation Failure) [PSYoungGen: 506720K->9056K(512000K)] 831228K->340926K(1036288K), 0.0265230 secs] [Times: user=0.04 sys=0.03, real=0.03 secs] 
2021-06-12T15:33:26.352+0800: 2527358.004: [GC (Allocation Failure) [PSYoungGen: 508256K->9088K(511488K)] 840126K->348274K(1035776K), 0.0255186 secs] [Times: user=0.04 sys=0.04, real=0.03 secs] 
2021-06-12T15:37:51.457+0800: 2527623.109: [GC (Allocation Failure) [PSYoungGen: 508288K->10016K(512000K)] 847474K->356909K(1036288K), 0.0312764 secs] [Times: user=0.04 sys=0.04, real=0.03 secs] 
2021-06-12T15:42:12.745+0800: 2527884.397: [GC (Allocation Failure) [PSYoungGen: 509728K->10144K(512000K)] 856621K->364216K(1036288K), 0.0291058 secs] [Times: user=0.05 sys=0.05, real=0.03 secs] 
2021-06-12T15:46:34.280+0800: 2528145.932: [GC (Allocation Failure) [PSYoungGen: 509856K->9984K(512000K)] 863928K->372115K(1036288K), 0.0277085 secs] [Times: user=0.04 sys=0.05, real=0.03 secs] 
2021-06-12T15:50:58.521+0800: 2528410.173: [GC (Allocation Failure) [PSYoungGen: 509696K->9632K(512000K)] 871827K->379757K(1036288K), 0.0314272 secs] [Times: user=0.05 sys=0.05, real=0.04 secs] 
2021-06-12T15:55:23.651+0800: 2528675.303: [GC (Allocation Failure) [PSYoungGen: 509344K->7936K(512000K)] 879469K->385798K(1036288K), 0.0257027 secs] [Times: user=0.04 sys=0.04, real=0.03 secs] 
2021-06-12T15:59:48.025+0800: 2528939.677: [GC (Allocation Failure) [PSYoungGen: 507648K->7840K(512000K)] 885510K->392216K(1036288K), 0.0267099 secs] [Times: user=0.03 sys=0.04, real=0.02 secs] 
2021-06-12T16:04:08.074+0800: 2529199.726: [GC (Allocation Failure) [PSYoungGen: 507552K->9280K(512512K)] 891928K->399763K(1036800K), 0.0317892 secs] [Times: user=0.04 sys=0.04, real=0.03 secs] 
2021-06-12T16:08:30.497+0800: 2529462.149: [GC (Allocation Failure) [PSYoungGen: 509504K->7232K(512000K)] 899987K->405053K(1036288K), 0.0597711 secs] [Times: user=0.04 sys=0.04, real=0.06 secs] 
2021-06-12T16:12:57.835+0800: 2529729.487: [GC (Allocation Failure) [PSYoungGen: 507456K->8832K(512512K)] 905277K->412192K(1036800K), 0.0291358 secs] [Times: user=0.04 sys=0.04, real=0.03 secs] 
2021-06-12T16:17:23.210+0800: 2529994.862: [GC (Allocation Failure) [PSYoungGen: 509568K->7200K(512512K)] 912928K->417577K(1036800K), 0.0241940 secs] [Times: user=0.03 sys=0.04, real=0.03 secs] 
2021-06-12T16:21:46.041+0800: 2530257.693: [GC (Allocation Failure) [PSYoungGen: 507936K->10464K(511488K)] 918313K->426151K(1035776K), 0.0273230 secs] [Times: user=0.04 sys=0.04, real=0.03 secs] 
2021-06-12T16:26:06.645+0800: 2530518.297: [GC (Allocation Failure) [PSYoungGen: 510176K->11392K(511488K)] 925863K->434834K(1035776K), 0.0264796 secs] [Times: user=0.04 sys=0.04, real=0.02 secs] 
2021-06-12T16:30:26.984+0800: 2530778.636: [GC (Allocation Failure) [PSYoungGen: 511104K->8800K(512000K)] 934546K->441308K(1036288K), 0.0284790 secs] [Times: user=0.04 sys=0.05, real=0.03 secs] 
2021-06-12T16:34:47.391+0800: 2531039.043: [GC (Allocation Failure) [PSYoungGen: 508000K->10272K(511488K)] 940508K->448575K(1035776K), 0.0241946 secs] [Times: user=0.03 sys=0.04, real=0.03 secs] 
2021-06-12T16:39:12.495+0800: 2531304.147: [GC (Allocation Failure) [PSYoungGen: 509472K->9632K(512000K)] 947775K->455896K(1036288K), 0.0277453 secs] [Times: user=0.04 sys=0.04, real=0.03 secs] 
2021-06-12T16:43:33.013+0800: 2531564.665: [GC (Allocation Failure) [PSYoungGen: 508832K->8928K(511488K)] 955096K->462697K(1035776K), 0.0252996 secs] [Times: user=0.04 sys=0.04, real=0.02 secs] 
2021-06-12T16:47:55.957+0800: 2531827.609: [GC (Allocation Failure) [PSYoungGen: 508128K->9344K(512512K)] 961897K->469828K(1036800K), 0.0455901 secs] [Times: user=0.04 sys=0.03, real=0.05 secs] 
2021-06-12T16:52:23.305+0800: 2532094.957: [GC (Allocation Failure) [PSYoungGen: 509568K->9248K(512000K)] 970052K->475504K(1036288K), 0.0244211 secs] [Times: user=0.03 sys=0.03, real=0.02 secs] 
2021-06-12T16:56:46.918+0800: 2532358.570: [GC (Allocation Failure) [PSYoungGen: 509472K->7840K(512512K)] 975728K->481138K(1036800K), 0.0297639 secs] [Times: user=0.04 sys=0.04, real=0.03 secs] 
2021-06-12T17:01:05.038+0800: 2532616.690: [GC (Allocation Failure) [PSYoungGen: 508576K->10080K(512512K)] 981874K->489398K(1036800K), 0.0254443 secs] [Times: user=0.04 sys=0.04, real=0.03 secs] 
2021-06-12T17:05:26.151+0800: 2532877.803: [GC (Allocation Failure) [PSYoungGen: 510816K->8000K(512512K)] 990134K->494760K(1036800K), 0.0677068 secs] [Times: user=0.03 sys=0.04, real=0.07 secs] 
2021-06-12T17:09:48.812+0800: 2533140.464: [GC (Allocation Failure) [PSYoungGen: 508736K->8384K(512512K)] 995496K->501043K(1036800K), 0.0326920 secs] [Times: user=0.04 sys=0.04, real=0.04 secs] 
2021-06-12T17:14:11.136+0800: 2533402.788: [GC (Allocation Failure) [PSYoungGen: 509120K->11488K(511488K)] 1001779K->510310K(1035776K), 0.0241865 secs] [Times: user=0.04 sys=0.03, real=0.02 secs] 
2021-06-12T17:18:31.457+0800: 2533663.109: [GC (Allocation Failure) [PSYoungGen: 511200K->9696K(512000K)] 1010022K->516775K(1036288K), 0.0272983 secs] [Times: user=0.04 sys=0.04, real=0.03 secs] 
2021-06-12T17:22:55.820+0800: 2533927.472: [GC (Allocation Failure) [PSYoungGen: 509408K->6880K(512000K)] 1016487K->521457K(1036288K), 0.0247982 secs] [Times: user=0.03 sys=0.04, real=0.03 secs] 
2021-06-12T17:27:16.702+0800: 2534188.354: [GC (Allocation Failure) [PSYoungGen: 506592K->10016K(512000K)] 1021169K->530172K(1036288K), 0.0275721 secs] [Times: user=0.03 sys=0.04, real=0.03 secs] 
2021-06-12T17:27:16.730+0800: 2534188.382: [Full GC (Ergonomics) [PSYoungGen: 10016K->0K(512000K)] [ParOldGen: 520156K->305581K(524288K)] 530172K->305581K(1036288K), [Metaspace: 97222K->97222K(1138688K)], 0.4454787 secs] [Times: user=0.98 sys=0.00, real=0.45 secs] 
2021-06-12T17:31:34.043+0800: 2534445.695: [GC (Allocation Failure) [PSYoungGen: 499712K->9248K(512000K)] 805293K->314829K(1036288K), 0.0213516 secs] [Times: user=0.03 sys=0.03, real=0.02 secs] 
2021-06-12T17:35:54.045+0800: 2534705.697: [GC (Allocation Failure) [PSYoungGen: 508960K->10336K(512000K)] 814541K->323902K(1036288K), 0.0243081 secs] [Times: user=0.04 sys=0.04, real=0.02 secs] 
2021-06-12T17:40:17.221+0800: 2534968.873: [GC (Allocation Failure) [PSYoungGen: 510048K->8320K(512000K)] 823614K->330503K(1036288K), 0.0255876 secs] [Times: user=0.03 sys=0.04, real=0.03 secs] 
2021-06-12T17:44:33.429+0800: 2535225.081: [GC (Allocation Failure) [PSYoungGen: 508032K->9120K(512000K)] 830215K->337308K(1036288K), 0.0278658 secs] [Times: user=0.03 sys=0.04, real=0.03 secs] 
2021-06-12T17:48:52.383+0800: 2535484.035: [GC (Allocation Failure) [PSYoungGen: 508832K->10144K(511488K)] 837020K->345254K(1035776K), 0.0280925 secs] [Times: user=0.03 sys=0.04, real=0.02 secs] 
2021-06-12T17:53:14.082+0800: 2535745.734: [GC (Allocation Failure) [PSYoungGen: 509856K->9408K(512000K)] 844966K->352640K(1036288K), 0.0275781 secs] [Times: user=0.04 sys=0.03, real=0.03 secs] 
2021-06-12T17:57:34.455+0800: 2536006.108: [GC (Allocation Failure) [PSYoungGen: 509120K->8800K(512512K)] 852352K->358787K(1036800K), 0.0269045 secs] [Times: user=0.04 sys=0.04, real=0.03 secs] 
2021-06-12T18:01:56.378+0800: 2536268.030: [GC (Allocation Failure) [PSYoungGen: 509536K->9344K(512512K)] 859523K->366679K(1036800K), 0.0253345 secs] [Times: user=0.04 sys=0.04, real=0.03 secs] 
2021-06-12T18:06:12.470+0800: 2536524.122: [GC (Allocation Failure) [PSYoungGen: 510080K->10656K(512000K)] 867415K->374993K(1036288K), 0.0253063 secs] [Times: user=0.03 sys=0.04, real=0.03 secs] 
2021-06-12T18:10:32.000+0800: 2536783.652: [GC (Allocation Failure) [PSYoungGen: 511392K->9184K(512512K)] 875729K->381003K(1036800K), 0.0253328 secs] [Times: user=0.04 sys=0.04, real=0.03 secs] 
2021-06-12T18:14:55.098+0800: 2537046.750: [GC (Allocation Failure) [PSYoungGen: 509920K->7872K(512512K)] 881739K->386822K(1036800K), 0.0240529 secs] [Times: user=0.04 sys=0.04, real=0.02 secs] 
2021-06-12T18:19:15.625+0800: 2537307.277: [GC (Allocation Failure) [PSYoungGen: 508608K->9568K(512512K)] 887558K->394792K(1036800K), 0.0272942 secs] [Times: user=0.04 sys=0.05, real=0.03 secs] 
2021-06-12T18:23:41.418+0800: 2537573.070: [GC (Allocation Failure) [PSYoungGen: 510304K->8160K(512512K)] 895528K->400898K(1036800K), 0.0230921 secs] [Times: user=0.03 sys=0.04, real=0.02 secs] 
2021-06-12T18:28:04.965+0800: 2537836.617: [GC (Allocation Failure) [PSYoungGen: 508896K->7488K(512512K)] 901634K->406580K(1036800K), 0.0209471 secs] [Times: user=0.03 sys=0.03, real=0.02 secs] 
2021-06-12T18:32:25.004+0800: 2538096.656: [GC (Allocation Failure) [PSYoungGen: 508224K->8256K(512512K)] 907316K->413615K(1036800K), 0.0275437 secs] [Times: user=0.04 sys=0.04, real=0.02 secs] 
2021-06-12T18:36:45.425+0800: 2538357.077: [GC (Allocation Failure) [PSYoungGen: 508992K->8128K(512512K)] 914351K->419475K(1036800K), 0.0256316 secs] [Times: user=0.04 sys=0.04, real=0.02 secs] 
2021-06-12T18:41:09.340+0800: 2538620.992: [GC (Allocation Failure) [PSYoungGen: 508864K->8768K(513024K)] 920211K->426366K(1037312K), 0.0240399 secs] [Times: user=0.03 sys=0.04, real=0.03 secs] 
2021-06-12T18:45:31.026+0800: 2538882.678: [GC (Allocation Failure) [PSYoungGen: 510528K->9568K(513024K)] 928126K->433857K(1037312K), 0.0240107 secs] [Times: user=0.04 sys=0.04, real=0.02 secs] 
2021-06-12T18:49:50.053+0800: 2539141.705: [GC (Allocation Failure) [PSYoungGen: 511328K->9184K(513024K)] 935617K->441404K(1037312K), 0.0230425 secs] [Times: user=0.03 sys=0.03, real=0.02 secs] 
2021-06-12T18:54:11.325+0800: 2539402.977: [GC (Allocation Failure) [PSYoungGen: 510944K->7744K(513024K)] 943164K->447654K(1037312K), 0.0224240 secs] [Times: user=0.03 sys=0.03, real=0.02 secs] 
2021-06-12T18:58:31.120+0800: 2539662.772: [GC (Allocation Failure) [PSYoungGen: 509504K->8064K(513024K)] 949414K->454280K(1037312K), 0.0259374 secs] [Times: user=0.04 sys=0.05, real=0.03 secs] 
2021-06-12T19:02:47.345+0800: 2539918.997: [GC (Allocation Failure) [PSYoungGen: 509824K->8298K(513024K)] 956040K->461117K(1037312K), 0.0255209 secs] [Times: user=0.03 sys=0.04, real=0.02 secs] 
2021-06-12T19:07:11.415+0800: 2540183.068: [GC (Allocation Failure) [PSYoungGen: 510058K->8736K(513536K)] 962877K->467920K(1037824K), 0.0231534 secs] [Times: user=0.03 sys=0.04, real=0.02 secs] 
2021-06-12T19:11:34.369+0800: 2540446.021: [GC (Allocation Failure) [PSYoungGen: 511520K->8480K(513536K)] 970704K->474211K(1037824K), 0.0273508 secs] [Times: user=0.04 sys=0.04, real=0.03 secs] 
2021-06-12T19:15:55.130+0800: 2540706.782: [GC (Allocation Failure) [PSYoungGen: 511264K->7360K(513536K)] 976995K->479534K(1037824K), 0.0247644 secs] [Times: user=0.04 sys=0.03, real=0.03 secs] 
2021-06-12T19:20:19.512+0800: 2540971.164: [GC (Allocation Failure) [PSYoungGen: 510144K->8096K(513536K)] 982318K->486161K(1037824K), 0.0253055 secs] [Times: user=0.04 sys=0.03, real=0.02 secs] 
2021-06-12T19:24:44.238+0800: 2541235.890: [GC (Allocation Failure) [PSYoungGen: 510880K->8192K(514048K)] 988945K->492836K(1038336K), 0.0233983 secs] [Times: user=0.03 sys=0.04, real=0.02 secs] 
2021-06-12T19:29:09.460+0800: 2541501.112: [GC (Allocation Failure) [PSYoungGen: 511488K->10208K(513536K)] 996132K->501576K(1037824K), 0.0246572 secs] [Times: user=0.03 sys=0.04, real=0.03 secs] 
2021-06-12T19:33:34.799+0800: 2541766.451: [GC (Allocation Failure) [PSYoungGen: 513504K->8032K(508416K)] 1004872K->507641K(1032704K), 0.0238108 secs] [Times: user=0.04 sys=0.04, real=0.03 secs] 
2021-06-12T19:37:53.459+0800: 2542025.111: [GC (Allocation Failure) [PSYoungGen: 505696K->8096K(510976K)] 1005305K->514251K(1035264K), 0.0550749 secs] [Times: user=0.03 sys=0.03, real=0.06 secs] 
2021-06-12T19:42:14.794+0800: 2542286.446: [GC (Allocation Failure) [PSYoungGen: 505760K->8992K(511488K)] 1011915K->521366K(1035776K), 0.0292956 secs] [Times: user=0.05 sys=0.05, real=0.03 secs] 
2021-06-12T19:46:32.771+0800: 2542544.423: [GC (Allocation Failure) [PSYoungGen: 507680K->9472K(511488K)] 1020054K->528553K(1035776K), 0.0258126 secs] [Times: user=0.04 sys=0.04, real=0.03 secs] 
2021-06-12T19:46:32.797+0800: 2542544.449: [Full GC (Ergonomics) [PSYoungGen: 9472K->0K(511488K)] [ParOldGen: 519081K->303373K(524288K)] 528553K->303373K(1035776K), [Metaspace: 97222K->97222K(1138688K)], 0.5245331 secs] [Times: user=0.57 sys=0.55, real=0.52 secs] 
2021-06-12T19:50:56.131+0800: 2542807.783: [GC (Allocation Failure) [PSYoungGen: 498688K->7872K(512000K)] 802061K->311245K(1036288K), 0.0215667 secs] [Times: user=0.03 sys=0.03, real=0.03 secs] 
2021-06-12T19:55:16.514+0800: 2543068.166: [GC (Allocation Failure) [PSYoungGen: 507584K->9888K(512000K)] 810957K->318865K(1036288K), 0.0357348 secs] [Times: user=0.05 sys=0.04, real=0.03 secs] 
2021-06-12T19:59:38.075+0800: 2543329.727: [GC (Allocation Failure) [PSYoungGen: 509600K->9344K(512000K)] 818577K->325955K(1036288K), 0.0303454 secs] [Times: user=0.04 sys=0.03, real=0.03 secs] 
2021-06-12T20:03:57.209+0800: 2543588.861: [GC (Allocation Failure) [PSYoungGen: 509056K->10112K(512000K)] 825667K->334021K(1036288K), 0.0315856 secs] [Times: user=0.03 sys=0.05, real=0.03 secs] 
2021-06-12T20:08:20.570+0800: 2543852.222: [GC (Allocation Failure) [PSYoungGen: 509824K->7296K(512000K)] 833733K->338111K(1036288K), 0.0249670 secs] [Times: user=0.04 sys=0.04, real=0.03 secs] 
2021-06-12T20:12:42.311+0800: 2544113.963: [GC (Allocation Failure) [PSYoungGen: 507008K->8928K(512000K)] 837823K->345435K(1036288K), 0.0276389 secs] [Times: user=0.03 sys=0.03, real=0.03 secs] 
2021-06-12T20:17:00.307+0800: 2544371.959: [GC (Allocation Failure) [PSYoungGen: 508640K->8256K(512512K)] 845147K->351942K(1036800K), 0.0235841 secs] [Times: user=0.04 sys=0.04, real=0.02 secs] 
2021-06-12T20:21:18.673+0800: 2544630.325: [GC (Allocation Failure) [PSYoungGen: 508480K->10080K(512000K)] 852166K->360337K(1036288K), 0.0259134 secs] [Times: user=0.03 sys=0.04, real=0.02 secs] 
2021-06-12T20:25:41.566+0800: 2544893.218: [GC (Allocation Failure) [PSYoungGen: 510304K->7392K(512000K)] 860561K->365729K(1036288K), 0.0255293 secs] [Times: user=0.04 sys=0.04, real=0.02 secs] 
2021-06-12T20:30:01.422+0800: 2545153.074: [GC (Allocation Failure) [PSYoungGen: 507104K->10016K(512000K)] 865441K->373431K(1036288K), 0.0251080 secs] [Times: user=0.03 sys=0.04, real=0.02 secs] 
2021-06-12T20:34:19.672+0800: 2545411.324: [GC (Allocation Failure) [PSYoungGen: 509728K->9888K(512000K)] 873143K->380674K(1036288K), 0.0269104 secs] [Times: user=0.04 sys=0.05, real=0.03 secs] 
2021-06-12T20:38:40.869+0800: 2545672.521: [GC (Allocation Failure) [PSYoungGen: 509600K->9600K(512000K)] 880386K->388563K(1036288K), 0.0259546 secs] [Times: user=0.04 sys=0.04, real=0.03 secs] 
2021-06-12T20:43:02.178+0800: 2545933.830: [GC (Allocation Failure) [PSYoungGen: 509312K->9568K(512512K)] 888275K->395710K(1036800K), 0.0244257 secs] [Times: user=0.03 sys=0.03, real=0.03 secs] 
2021-06-12T20:47:27.384+0800: 2546199.036: [GC (Allocation Failure) [PSYoungGen: 509792K->9344K(512000K)] 895934K->401969K(1036288K), 0.0252933 secs] [Times: user=0.04 sys=0.03, real=0.02 secs] 
2021-06-12T20:51:48.367+0800: 2546460.019: [GC (Allocation Failure) [PSYoungGen: 509567K->8448K(512512K)] 902192K->408787K(1036800K), 0.0465708 secs] [Times: user=0.04 sys=0.04, real=0.05 secs] 
2021-06-12T20:56:08.144+0800: 2546719.796: [GC (Allocation Failure) [PSYoungGen: 509184K->8224K(512512K)] 909523K->415478K(1036800K), 0.0274003 secs] [Times: user=0.03 sys=0.04, real=0.02 secs] 
2021-06-12T21:00:27.683+0800: 2546979.335: [GC (Allocation Failure) [PSYoungGen: 508960K->8032K(512512K)] 916214K->421793K(1036800K), 0.0244481 secs] [Times: user=0.04 sys=0.04, real=0.02 secs] 
2021-06-12T21:04:48.396+0800: 2547240.048: [GC (Allocation Failure) [PSYoungGen: 508768K->7936K(512512K)] 922529K->427820K(1036800K), 0.0297638 secs] [Times: user=0.03 sys=0.04, real=0.03 secs] 
2021-06-12T21:09:11.156+0800: 2547502.808: [GC (Allocation Failure) [PSYoungGen: 508672K->7520K(513024K)] 928556K->433031K(1037312K), 0.0221746 secs] [Times: user=0.04 sys=0.04, real=0.02 secs] 
2021-06-12T21:13:34.237+0800: 2547765.889: [GC (Allocation Failure) [PSYoungGen: 509280K->8288K(513024K)] 934791K->439986K(1037312K), 0.0236112 secs] [Times: user=0.03 sys=0.04, real=0.02 secs] 
2021-06-12T21:17:54.266+0800: 2548025.918: [GC (Allocation Failure) [PSYoungGen: 510048K->11008K(512000K)] 941746K->449525K(1036288K), 0.0272191 secs] [Times: user=0.03 sys=0.05, real=0.03 secs] 
2021-06-12T21:22:15.458+0800: 2548287.110: [GC (Allocation Failure) [PSYoungGen: 511744K->8544K(512512K)] 950261K->455646K(1036800K), 0.0230693 secs] [Times: user=0.03 sys=0.04, real=0.02 secs] 
2021-06-12T21:26:37.077+0800: 2548548.729: [GC (Allocation Failure) [PSYoungGen: 509280K->8672K(513024K)] 956382K->463095K(1037312K), 0.0240509 secs] [Times: user=0.03 sys=0.03, real=0.02 secs] 
2021-06-12T21:30:56.390+0800: 2548808.042: [GC (Allocation Failure) [PSYoungGen: 509920K->10304K(512512K)] 964343K->470508K(1036800K), 0.0276122 secs] [Times: user=0.04 sys=0.04, real=0.03 secs] 
2021-06-12T21:35:15.857+0800: 2549067.509: [GC (Allocation Failure) [PSYoungGen: 511552K->10112K(512512K)] 971756K->478709K(1036800K), 0.0242419 secs] [Times: user=0.04 sys=0.04, real=0.02 secs] 
2021-06-12T21:39:36.485+0800: 2549328.137: [GC (Allocation Failure) [PSYoungGen: 510848K->10176K(510976K)] 979445K->486616K(1035264K), 0.0281410 secs] [Times: user=0.04 sys=0.04, real=0.03 secs] 
2021-06-12T21:43:58.921+0800: 2549590.573: [GC (Allocation Failure) [PSYoungGen: 510912K->10016K(512000K)] 987352K->494555K(1036288K), 0.0268116 secs] [Times: user=0.04 sys=0.04, real=0.03 secs] 
2021-06-12T21:48:18.275+0800: 2549849.927: [GC (Allocation Failure) [PSYoungGen: 509728K->10496K(512000K)] 994267K->502523K(1036288K), 0.0239723 secs] [Times: user=0.04 sys=0.03, real=0.02 secs] 
2021-06-12T21:52:43.432+0800: 2550115.084: [GC (Allocation Failure) [PSYoungGen: 510208K->7264K(512000K)] 1002235K->507036K(1036288K), 0.0488448 secs] [Times: user=0.04 sys=0.04, real=0.05 secs] 
2021-06-12T21:57:03.703+0800: 2550375.355: [GC (Allocation Failure) [PSYoungGen: 506976K->8928K(512000K)] 1006748K->514008K(1036288K), 0.0245670 secs] [Times: user=0.03 sys=0.04, real=0.02 secs] 
2021-06-12T22:01:26.327+0800: 2550637.979: [GC (Allocation Failure) [PSYoungGen: 508640K->11136K(510976K)] 1013720K->522491K(1035264K), 0.0272514 secs] [Times: user=0.04 sys=0.04, real=0.03 secs] 
2021-06-12T22:05:51.743+0800: 2550903.395: [GC (Allocation Failure) [PSYoungGen: 509824K->8384K(511488K)] 1021179K->528557K(1035776K), 0.0364896 secs] [Times: user=0.04 sys=0.05, real=0.03 secs] 
2021-06-12T22:05:51.780+0800: 2550903.432: [Full GC (Ergonomics) [PSYoungGen: 8384K->0K(511488K)] [ParOldGen: 520173K->305074K(524288K)] 528557K->305074K(1035776K), [Metaspace: 97222K->97218K(1138688K)], 0.6008621 secs] [Times: user=1.42 sys=0.00, real=0.60 secs] 
2021-06-12T22:10:14.349+0800: 2551166.001: [GC (Allocation Failure) [PSYoungGen: 498688K->9120K(512000K)] 803762K->314194K(1036288K), 0.0264490 secs] [Times: user=0.03 sys=0.03, real=0.03 secs] 
2021-06-12T22:14:38.409+0800: 2551430.061: [GC (Allocation Failure) [PSYoungGen: 508832K->11168K(510976K)] 813906K->323748K(1035264K), 0.0230890 secs] [Times: user=0.04 sys=0.03, real=0.03 secs] 
2021-06-12T22:19:05.868+0800: 2551697.520: [GC (Allocation Failure) [PSYoungGen: 510880K->8320K(511488K)] 823460K->329518K(1035776K), 0.0230552 secs] [Times: user=0.03 sys=0.04, real=0.02 secs] 
2021-06-12T22:23:33.086+0800: 2551964.738: [GC (Allocation Failure) [PSYoungGen: 507008K->10112K(511488K)] 828206K->337601K(1035776K), 0.0225624 secs] [Times: user=0.04 sys=0.03, real=0.02 secs] 
2021-06-12T22:28:04.062+0800: 2552235.714: [GC (Allocation Failure) [PSYoungGen: 508797K->9696K(512000K)] 836286K->345323K(1036288K), 0.0239013 secs] [Times: user=0.03 sys=0.04, real=0.03 secs] 
2021-06-12T22:32:29.966+0800: 2552501.618: [GC (Allocation Failure) [PSYoungGen: 509408K->10080K(512000K)] 845035K->353086K(1036288K), 0.0252952 secs] [Times: user=0.04 sys=0.03, real=0.02 secs] 
2021-06-12T22:36:50.667+0800: 2552762.319: [GC (Allocation Failure) [PSYoungGen: 509792K->8288K(512000K)] 852798K->359272K(1036288K), 0.0255836 secs] [Times: user=0.03 sys=0.04, real=0.03 secs] 
2021-06-12T22:41:10.761+0800: 2553022.413: [GC (Allocation Failure) [PSYoungGen: 508000K->9376K(512000K)] 858984K->366426K(1036288K), 0.0272485 secs] [Times: user=0.03 sys=0.04, real=0.03 secs] 
2021-06-12T22:45:30.362+0800: 2553282.014: [GC (Allocation Failure) [PSYoungGen: 509088K->9920K(512512K)] 866138K->374061K(1036800K), 0.0216658 secs] [Times: user=0.04 sys=0.03, real=0.03 secs] 
2021-06-12T22:49:52.380+0800: 2553544.033: [GC (Allocation Failure) [PSYoungGen: 510656K->7488K(508416K)] 874797K->380158K(1032704K), 0.0231148 secs] [Times: user=0.04 sys=0.03, real=0.03 secs] 
2021-06-12T22:54:13.869+0800: 2553805.521: [GC (Allocation Failure) [PSYoungGen: 508224K->10464K(512000K)] 880894K->388650K(1036288K), 0.0242943 secs] [Times: user=0.04 sys=0.04, real=0.03 secs] 
2021-06-12T22:58:39.781+0800: 2554071.433: [GC (Allocation Failure) [PSYoungGen: 510176K->8288K(512000K)] 888362K->395162K(1036288K), 0.0231573 secs] [Times: user=0.03 sys=0.04, real=0.03 secs] 
2021-06-12T23:02:57.767+0800: 2554329.419: [GC (Allocation Failure) [PSYoungGen: 508000K->8128K(512000K)] 894874K->401581K(1036288K), 0.0231601 secs] [Times: user=0.04 sys=0.03, real=0.02 secs] 
2021-06-12T23:07:22.048+0800: 2554593.700: [GC (Allocation Failure) [PSYoungGen: 507840K->7712K(512000K)] 901293K->407360K(1036288K), 0.0255447 secs] [Times: user=0.03 sys=0.04, real=0.03 secs] 
2021-06-12T23:11:42.514+0800: 2554854.166: [GC (Allocation Failure) [PSYoungGen: 507424K->6944K(512000K)] 907072K->412929K(1036288K), 0.0255664 secs] [Times: user=0.04 sys=0.04, real=0.02 secs] 
2021-06-12T23:16:02.386+0800: 2555114.038: [GC (Allocation Failure) [PSYoungGen: 506652K->8960K(512000K)] 912637K->420165K(1036288K), 0.0258053 secs] [Times: user=0.07 sys=0.00, real=0.02 secs] 
2021-06-12T23:20:22.116+0800: 2555373.768: [GC (Allocation Failure) [PSYoungGen: 508672K->10112K(511488K)] 919877K->428353K(1035776K), 0.0276152 secs] [Times: user=0.04 sys=0.05, real=0.03 secs] 
2021-06-12T23:24:39.192+0800: 2555630.844: [GC (Allocation Failure) [PSYoungGen: 509824K->9248K(512000K)] 928065K->435620K(1036288K), 0.0304390 secs] [Times: user=0.05 sys=0.05, real=0.03 secs] 
2021-06-12T23:28:59.317+0800: 2555890.969: [GC (Allocation Failure) [PSYoungGen: 508960K->8768K(512512K)] 935332K->443323K(1036800K), 0.0317954 secs] [Times: user=0.04 sys=0.05, real=0.03 secs] 
2021-06-12T23:33:24.664+0800: 2556156.316: [GC (Allocation Failure) [PSYoungGen: 509504K->11360K(512512K)] 944059K->451958K(1036800K), 0.0418841 secs] [Times: user=0.04 sys=0.05, real=0.04 secs] 
2021-06-12T23:37:47.652+0800: 2556419.304: [GC (Allocation Failure) [PSYoungGen: 512096K->9984K(511488K)] 952694K->459248K(1035776K), 0.0245689 secs] [Times: user=0.04 sys=0.04, real=0.03 secs] 
2021-06-12T23:42:04.733+0800: 2556676.385: [GC (Allocation Failure) [PSYoungGen: 509696K->8928K(512000K)] 958960K->466059K(1036288K), 0.0260248 secs] [Times: user=0.04 sys=0.04, real=0.02 secs] 
2021-06-12T23:46:26.540+0800: 2556938.192: [GC (Allocation Failure) [PSYoungGen: 508640K->11008K(512000K)] 965771K->474581K(1036288K), 0.0280810 secs] [Times: user=0.03 sys=0.04, real=0.03 secs] 
2021-06-12T23:50:46.200+0800: 2557197.852: [GC (Allocation Failure) [PSYoungGen: 510720K->9664K(512000K)] 974293K->481424K(1036288K), 0.0257829 secs] [Times: user=0.04 sys=0.04, real=0.03 secs] 
2021-06-12T23:55:06.530+0800: 2557458.182: [GC (Allocation Failure) [PSYoungGen: 509376K->10784K(510976K)] 981136K->489907K(1035264K), 0.0272192 secs] [Times: user=0.03 sys=0.03, real=0.03 secs] 
2021-06-12T23:59:20.995+0800: 2557712.647: [GC (Allocation Failure) [PSYoungGen: 509472K->11456K(511488K)] 988595K->499157K(1035776K), 0.0384779 secs] [Times: user=0.04 sys=0.05, real=0.04 secs] 
2021-06-13T00:03:27.921+0800: 2557959.573: [GC (Allocation Failure) [PSYoungGen: 510144K->9344K(511488K)] 997845K->505726K(1035776K), 0.0276476 secs] [Times: user=0.09 sys=0.00, real=0.03 secs] 
2021-06-13T00:07:47.971+0800: 2558219.623: [GC (Allocation Failure) [PSYoungGen: 508032K->8160K(511488K)] 1004414K->511335K(1035776K), 0.0231899 secs] [Times: user=0.03 sys=0.04, real=0.03 secs] 
2021-06-13T00:12:10.963+0800: 2558482.615: [GC (Allocation Failure) [PSYoungGen: 506848K->7712K(511488K)] 1010023K->517113K(1035776K), 0.0239303 secs] [Times: user=0.04 sys=0.04, real=0.02 secs] 
2021-06-13T00:16:30.999+0800: 2558742.652: [GC (Allocation Failure) [PSYoungGen: 506400K->6816K(511488K)] 1015801K->521804K(1035776K), 0.0249865 secs] [Times: user=0.04 sys=0.04, real=0.03 secs] 
2021-06-13T00:16:31.025+0800: 2558742.677: [Full GC (Ergonomics) [PSYoungGen: 6816K->0K(511488K)] [ParOldGen: 514988K->299302K(524288K)] 521804K->299302K(1035776K), [Metaspace: 97222K->97222K(1138688K)], 0.5011669 secs] [Times: user=1.08 sys=0.00, real=0.50 secs] 
2021-06-13T00:20:47.831+0800: 2558999.483: [GC (Allocation Failure) [PSYoungGen: 498688K->6656K(511488K)] 797990K->305958K(1035776K), 0.0212462 secs] [Times: user=0.03 sys=0.04, real=0.03 secs] 
2021-06-13T00:25:08.676+0800: 2559260.328: [GC (Allocation Failure) [PSYoungGen: 505344K->8608K(511488K)] 804646K->313090K(1035776K), 0.0255487 secs] [Times: user=0.03 sys=0.04, real=0.02 secs] 
2021-06-13T00:29:29.503+0800: 2559521.155: [GC (Allocation Failure) [PSYoungGen: 507296K->9568K(512000K)] 811778K->320995K(1036288K), 0.0251722 secs] [Times: user=0.04 sys=0.04, real=0.02 secs] 
2021-06-13T00:33:50.309+0800: 2559781.961: [GC (Allocation Failure) [PSYoungGen: 508768K->10240K(511488K)] 820195K->329270K(1035776K), 0.0239861 secs] [Times: user=0.03 sys=0.03, real=0.03 secs] 
2021-06-13T00:38:13.614+0800: 2560045.266: [GC (Allocation Failure) [PSYoungGen: 509440K->8480K(512000K)] 828470K->335790K(1036288K), 0.0274692 secs] [Times: user=0.04 sys=0.04, real=0.02 secs] 
2021-06-13T00:42:34.036+0800: 2560305.688: [GC (Allocation Failure) [PSYoungGen: 507680K->7520K(511488K)] 834990K->341847K(1035776K), 0.0222212 secs] [Times: user=0.04 sys=0.04, real=0.02 secs] 
2021-06-13T00:46:53.370+0800: 2560565.022: [GC (Allocation Failure) [PSYoungGen: 506720K->9728K(512000K)] 841047K->349764K(1036288K), 0.0280823 secs] [Times: user=0.04 sys=0.04, real=0.03 secs] 
2021-06-13T00:51:10.605+0800: 2560822.257: [GC (Allocation Failure) [PSYoungGen: 509440K->8768K(512000K)] 849476K->356055K(1036288K), 0.0242409 secs] [Times: user=0.04 sys=0.04, real=0.02 secs] 
2021-06-13T00:55:32.903+0800: 2561084.556: [GC (Allocation Failure) [PSYoungGen: 508480K->6880K(512000K)] 855767K->361671K(1036288K), 0.0261013 secs] [Times: user=0.04 sys=0.03, real=0.02 secs] 
2021-06-13T00:59:52.185+0800: 2561343.837: [GC (Allocation Failure) [PSYoungGen: 506592K->9824K(512000K)] 861383K->370108K(1036288K), 0.0362955 secs] [Times: user=0.07 sys=0.00, real=0.03 secs] 
2021-06-13T01:04:06.607+0800: 2561598.259: [GC (Allocation Failure) [PSYoungGen: 509536K->9066K(512512K)] 869820K->376856K(1036800K), 0.0268179 secs] [Times: user=0.04 sys=0.04, real=0.03 secs] 
2021-06-13T01:08:31.580+0800: 2561863.232: [GC (Allocation Failure) [PSYoungGen: 509290K->7168K(512000K)] 877080K->382961K(1036288K), 0.0228438 secs] [Times: user=0.04 sys=0.03, real=0.03 secs] 
2021-06-13T01:12:52.637+0800: 2562124.289: [GC (Allocation Failure) [PSYoungGen: 507392K->8160K(512512K)] 883185K->389181K(1036800K), 0.0222521 secs] [Times: user=0.03 sys=0.03, real=0.02 secs] 
2021-06-13T01:17:13.546+0800: 2562385.198: [GC (Allocation Failure) [PSYoungGen: 508896K->9376K(512512K)] 889917K->396353K(1036800K), 0.0230210 secs] [Times: user=0.03 sys=0.04, real=0.02 secs] 
2021-06-13T01:21:34.256+0800: 2562645.908: [GC (Allocation Failure) [PSYoungGen: 510112K->7584K(512512K)] 897089K->401780K(1036800K), 0.0238961 secs] [Times: user=0.03 sys=0.04, real=0.02 secs] 
2021-06-13T01:25:57.755+0800: 2562909.407: [GC (Allocation Failure) [PSYoungGen: 508318K->9696K(512512K)] 902514K->409058K(1036800K), 0.0208919 secs] [Times: user=0.03 sys=0.03, real=0.02 secs] 
2021-06-13T01:30:30.784+0800: 2563182.436: [GC (Allocation Failure) [PSYoungGen: 510432K->8768K(512512K)] 909794K->416315K(1036800K), 0.0248916 secs] [Times: user=0.04 sys=0.04, real=0.02 secs] 
2021-06-13T01:34:51.998+0800: 2563443.650: [GC (Allocation Failure) [PSYoungGen: 509504K->9376K(512512K)] 917051K->423682K(1036800K), 0.0234545 secs] [Times: user=0.03 sys=0.04, real=0.02 secs] 
2021-06-13T01:39:11.290+0800: 2563702.942: [GC (Allocation Failure) [PSYoungGen: 510112K->9216K(513024K)] 924418K->430676K(1037312K), 0.0345767 secs] [Times: user=0.03 sys=0.03, real=0.04 secs] 
2021-06-13T01:43:31.624+0800: 2563963.276: [GC (Allocation Failure) [PSYoungGen: 510464K->9120K(512512K)] 931924K->437017K(1036800K), 0.0240493 secs] [Times: user=0.03 sys=0.04, real=0.02 secs] 
2021-06-13T01:47:52.806+0800: 2564224.458: [GC (Allocation Failure) [PSYoungGen: 510368K->11168K(512000K)] 938265K->446235K(1036288K), 0.0299996 secs] [Times: user=0.03 sys=0.03, real=0.03 secs] 
2021-06-13T01:52:13.433+0800: 2564485.085: [GC (Allocation Failure) [PSYoungGen: 511904K->8992K(512512K)] 946971K->452974K(1036800K), 0.0276595 secs] [Times: user=0.04 sys=0.04, real=0.02 secs] 
2021-06-13T01:56:34.050+0800: 2564745.702: [GC (Allocation Failure) [PSYoungGen: 509728K->9568K(512512K)] 953710K->460538K(1036800K), 0.0247592 secs] [Times: user=0.03 sys=0.04, real=0.03 secs] 
2021-06-13T02:00:52.437+0800: 2565004.089: [GC (Allocation Failure) [PSYoungGen: 510304K->9376K(512512K)] 961274K->467356K(1036800K), 0.0892052 secs] [Times: user=0.04 sys=0.04, real=0.09 secs] 
2021-06-13T02:05:13.261+0800: 2565264.913: [GC (Allocation Failure) [PSYoungGen: 510112K->9856K(512512K)] 968092K->474846K(1036800K), 0.0248366 secs] [Times: user=0.07 sys=0.00, real=0.03 secs] 
2021-06-13T02:09:30.103+0800: 2565521.755: [GC (Allocation Failure) [PSYoungGen: 510592K->11744K(512512K)] 975582K->484211K(1036800K), 0.0258466 secs] [Times: user=0.03 sys=0.03, real=0.02 secs] 
2021-06-13T02:13:50.335+0800: 2565781.987: [GC (Allocation Failure) [PSYoungGen: 512480K->7264K(505344K)] 984947K->488979K(1029632K), 0.0291567 secs] [Times: user=0.04 sys=0.04, real=0.03 secs] 
2021-06-13T02:18:09.414+0800: 2566041.066: [GC (Allocation Failure) [PSYoungGen: 500832K->8992K(508928K)] 982547K->495912K(1033216K), 0.0292267 secs] [Times: user=0.04 sys=0.04, real=0.03 secs] 
2021-06-13T02:22:29.610+0800: 2566301.262: [GC (Allocation Failure) [PSYoungGen: 502560K->8416K(509952K)] 989480K->501970K(1034240K), 0.0327320 secs] [Times: user=0.03 sys=0.04, real=0.04 secs] 
2021-06-13T02:26:50.338+0800: 2566561.990: [GC (Allocation Failure) [PSYoungGen: 503520K->12096K(509440K)] 997074K->511463K(1033728K), 0.0296914 secs] [Times: user=0.04 sys=0.05, real=0.03 secs] 
2021-06-13T02:31:09.652+0800: 2566821.304: [GC (Allocation Failure) [PSYoungGen: 507200K->9856K(509952K)] 1006567K->519432K(1034240K), 0.0277536 secs] [Times: user=0.04 sys=0.05, real=0.02 secs] 
2021-06-13T02:35:29.587+0800: 2567081.239: [GC (Allocation Failure) [PSYoungGen: 504960K->9760K(509440K)] 1014536K->527666K(1033728K), 0.0265922 secs] [Times: user=0.04 sys=0.04, real=0.03 secs] 
2021-06-13T02:35:29.614+0800: 2567081.266: [Full GC (Ergonomics) [PSYoungGen: 9760K->0K(509440K)] [ParOldGen: 517906K->308197K(524288K)] 527666K->308197K(1033728K), [Metaspace: 97222K->97218K(1138688K)], 0.4894807 secs] [Times: user=1.05 sys=0.00, real=0.49 secs] 
2021-06-13T02:39:48.925+0800: 2567340.577: [GC (Allocation Failure) [PSYoungGen: 495104K->7808K(510464K)] 803301K->316005K(1034752K), 0.0631436 secs] [Times: user=0.03 sys=0.04, real=0.06 secs] 
2021-06-13T02:44:04.702+0800: 2567596.354: [GC (Allocation Failure) [PSYoungGen: 503936K->9632K(509952K)] 812133K->324232K(1034240K), 0.0329756 secs] [Times: user=0.04 sys=0.05, real=0.04 secs] 
2021-06-13T02:48:23.139+0800: 2567854.791: [GC (Allocation Failure) [PSYoungGen: 505760K->8608K(510976K)] 820360K->331089K(1035264K), 0.0236150 secs] [Times: user=0.03 sys=0.04, real=0.03 secs] 
2021-06-13T02:52:43.643+0800: 2568115.295: [GC (Allocation Failure) [PSYoungGen: 505760K->7936K(510464K)] 828241K->336939K(1034752K), 0.0468222 secs] [Times: user=0.03 sys=0.03, real=0.04 secs] 
2021-06-13T02:57:04.121+0800: 2568375.773: [GC (Allocation Failure) [PSYoungGen: 505088K->8352K(510976K)] 834091K->343399K(1035264K), 0.0237745 secs] [Times: user=0.04 sys=0.03, real=0.03 secs] 
2021-06-13T03:01:21.830+0800: 2568633.482: [GC (Allocation Failure) [PSYoungGen: 506016K->9952K(510976K)] 841063K->351451K(1035264K), 0.0324137 secs] [Times: user=0.04 sys=0.05, real=0.04 secs] 
2021-06-13T03:05:44.957+0800: 2568896.609: [GC (Allocation Failure) [PSYoungGen: 507616K->8416K(511488K)] 849115K->357526K(1035776K), 0.0332170 secs] [Times: user=0.04 sys=0.04, real=0.03 secs] 
2021-06-13T03:10:06.520+0800: 2569158.172: [GC (Allocation Failure) [PSYoungGen: 506592K->10176K(510976K)] 855702K->365770K(1035264K), 0.0251085 secs] [Times: user=0.04 sys=0.04, real=0.03 secs] 
2021-06-13T03:14:26.654+0800: 2569418.306: [GC (Allocation Failure) [PSYoungGen: 508352K->10176K(511488K)] 863946K->373821K(1035776K), 0.0269586 secs] [Times: user=0.04 sys=0.04, real=0.02 secs] 
2021-06-13T03:18:50.069+0800: 2569681.721: [GC (Allocation Failure) [PSYoungGen: 508864K->6720K(511488K)] 872509K->378165K(1035776K), 0.0301122 secs] [Times: user=0.04 sys=0.04, real=0.03 secs] 
2021-06-13T03:23:06.232+0800: 2569937.884: [GC (Allocation Failure) [PSYoungGen: 505408K->9056K(511488K)] 876853K->385345K(1035776K), 0.0285882 secs] [Times: user=0.04 sys=0.04, real=0.02 secs] 
2021-06-13T03:27:28.471+0800: 2570200.123: [GC (Allocation Failure) [PSYoungGen: 507744K->9888K(511488K)] 884033K->392931K(1035776K), 0.0272052 secs] [Times: user=0.04 sys=0.04, real=0.03 secs] 
2021-06-13T03:31:48.956+0800: 2570460.608: [GC (Allocation Failure) [PSYoungGen: 508576K->11392K(510464K)] 891619K->402621K(1034752K), 0.0267766 secs] [Times: user=0.04 sys=0.04, real=0.03 secs] 
2021-06-13T03:36:10.370+0800: 2570722.022: [GC (Allocation Failure) [PSYoungGen: 509056K->11072K(510976K)] 900285K->410329K(1035264K), 0.0307193 secs] [Times: user=0.04 sys=0.05, real=0.03 secs] 
2021-06-13T03:40:27.919+0800: 2570979.571: [GC (Allocation Failure) [PSYoungGen: 508736K->10752K(510976K)] 907993K->418346K(1035264K), 0.0283209 secs] [Times: user=0.04 sys=0.05, real=0.03 secs] 
2021-06-13T03:44:45.668+0800: 2571237.320: [GC (Allocation Failure) [PSYoungGen: 508416K->12224K(509952K)] 916010K->428141K(1034240K), 0.0279444 secs] [Times: user=0.04 sys=0.05, real=0.03 secs] 
2021-06-13T03:49:04.755+0800: 2571496.407: [GC (Allocation Failure) [PSYoungGen: 509888K->10912K(510464K)] 925805K->436319K(1034752K), 0.0279868 secs] [Times: user=0.08 sys=0.00, real=0.03 secs] 
2021-06-13T03:53:23.856+0800: 2571755.508: [GC (Allocation Failure) [PSYoungGen: 507552K->9472K(510464K)] 932959K->442569K(1034752K), 0.0292336 secs] [Times: user=0.03 sys=0.05, real=0.03 secs] 
2021-06-13T03:57:41.473+0800: 2572013.126: [GC (Allocation Failure) [PSYoungGen: 506112K->9728K(510976K)] 939209K->450538K(1035264K), 0.0251237 secs] [Times: user=0.08 sys=0.00, real=0.02 secs] 
2021-06-13T04:02:01.232+0800: 2572272.884: [GC (Allocation Failure) [PSYoungGen: 506880K->9984K(510464K)] 947690K->457709K(1034752K), 0.0293793 secs] [Times: user=0.04 sys=0.04, real=0.03 secs] 
2021-06-13T04:06:20.567+0800: 2572532.219: [GC (Allocation Failure) [PSYoungGen: 507136K->9152K(511488K)] 954861K->465023K(1035776K), 0.0288379 secs] [Times: user=0.03 sys=0.04, real=0.03 secs] 
2021-06-13T04:10:40.684+0800: 2572792.336: [GC (Allocation Failure) [PSYoungGen: 507328K->10080K(510976K)] 963199K->472380K(1035264K), 0.0274462 secs] [Times: user=0.04 sys=0.04, real=0.02 secs] 
2021-06-13T04:15:02.873+0800: 2573054.525: [GC (Allocation Failure) [PSYoungGen: 508256K->10784K(511488K)] 970556K->481373K(1035776K), 0.0251352 secs] [Times: user=0.07 sys=0.00, real=0.02 secs] 
2021-06-13T04:19:25.794+0800: 2573317.446: [GC (Allocation Failure) [PSYoungGen: 509472K->8000K(511488K)] 980061K->486487K(1035776K), 0.0342100 secs] [Times: user=0.04 sys=0.04, real=0.03 secs] 
2021-06-13T04:23:49.052+0800: 2573580.704: [GC (Allocation Failure) [PSYoungGen: 506688K->9056K(511488K)] 985175K->494089K(1035776K), 0.0275931 secs] [Times: user=0.03 sys=0.04, real=0.03 secs] 
2021-06-13T04:28:11.303+0800: 2573842.955: [GC (Allocation Failure) [PSYoungGen: 507744K->9728K(511488K)] 992777K->502373K(1035776K), 0.0324879 secs] [Times: user=0.03 sys=0.04, real=0.03 secs] 
2021-06-13T04:32:30.073+0800: 2574101.725: [GC (Allocation Failure) [PSYoungGen: 508416K->7232K(510976K)] 1001061K->507837K(1035264K), 0.0255510 secs] [Times: user=0.03 sys=0.04, real=0.02 secs] 
2021-06-13T04:36:50.891+0800: 2574362.543: [GC (Allocation Failure) [PSYoungGen: 505920K->8512K(511488K)] 1006525K->514704K(1035776K), 0.0227085 secs] [Times: user=0.04 sys=0.04, real=0.03 secs] 
2021-06-13T04:41:13.027+0800: 2574624.679: [GC (Allocation Failure) [PSYoungGen: 507200K->10432K(510976K)] 1013392K->523508K(1035264K), 0.0302006 secs] [Times: user=0.04 sys=0.04, real=0.03 secs] 
2021-06-13T04:45:31.167+0800: 2574882.820: [GC (Allocation Failure) [PSYoungGen: 509120K->8928K(511488K)] 1022196K->531195K(1035776K), 0.0282486 secs] [Times: user=0.04 sys=0.04, real=0.03 secs] 
2021-06-13T04:45:31.196+0800: 2574882.848: [Full GC (Ergonomics) [PSYoungGen: 8928K->0K(511488K)] [ParOldGen: 522267K->305538K(524288K)] 531195K->305538K(1035776K), [Metaspace: 97222K->97222K(1138688K)], 0.4942754 secs] [Times: user=0.55 sys=0.54, real=0.49 secs] 
2021-06-13T04:49:54.366+0800: 2575146.018: [GC (Allocation Failure) [PSYoungGen: 498688K->8064K(512000K)] 804226K->313602K(1036288K), 0.0189837 secs] [Times: user=0.03 sys=0.03, real=0.02 secs] 
2021-06-13T04:54:16.223+0800: 2575407.875: [GC (Allocation Failure) [PSYoungGen: 507776K->8672K(512000K)] 813314K->320620K(1036288K), 0.0246783 secs] [Times: user=0.03 sys=0.03, real=0.02 secs] 
2021-06-13T04:58:38.070+0800: 2575669.722: [GC (Allocation Failure) [PSYoungGen: 508384K->10944K(510976K)] 820332K->329391K(1035264K), 0.0299743 secs] [Times: user=0.04 sys=0.04, real=0.03 secs] 
2021-06-13T05:03:05.281+0800: 2575936.933: [GC (Allocation Failure) [PSYoungGen: 509632K->12768K(511488K)] 828079K->340891K(1035776K), 0.0316840 secs] [Times: user=0.04 sys=0.04, real=0.04 secs] 
2021-06-13T05:07:27.694+0800: 2576199.346: [GC (Allocation Failure) [PSYoungGen: 511456K->12736K(502272K)] 839579K->350790K(1026560K), 0.0281936 secs] [Times: user=0.04 sys=0.04, real=0.03 secs] 
2021-06-13T05:11:44.464+0800: 2576456.116: [GC (Allocation Failure) [PSYoungGen: 502208K->11776K(506880K)] 840262K->358505K(1031168K), 0.0257429 secs] [Times: user=0.03 sys=0.04, real=0.02 secs] 
2021-06-13T05:15:56.333+0800: 2576707.985: [GC (Allocation Failure) [PSYoungGen: 501248K->9792K(507904K)] 847977K->365713K(1032192K), 0.0244297 secs] [Times: user=0.04 sys=0.04, real=0.02 secs] 
2021-06-13T05:20:13.932+0800: 2576965.584: [GC (Allocation Failure) [PSYoungGen: 500800K->12832K(507392K)] 856721K->375189K(1031680K), 0.0527270 secs] [Times: user=0.03 sys=0.03, real=0.05 secs] 
2021-06-13T05:24:27.225+0800: 2577218.877: [GC (Allocation Failure) [PSYoungGen: 503840K->13664K(506368K)] 866197K->384649K(1030656K), 0.0274542 secs] [Times: user=0.04 sys=0.04, real=0.03 secs] 
2021-06-13T05:28:45.037+0800: 2577476.689: [GC (Allocation Failure) [PSYoungGen: 503136K->10848K(506880K)] 874121K->391575K(1031168K), 0.0234954 secs] [Times: user=0.03 sys=0.04, real=0.02 secs] 
2021-06-13T05:33:02.319+0800: 2577733.971: [GC (Allocation Failure) [PSYoungGen: 500320K->10592K(507904K)] 881047K->400088K(1032192K), 0.0243274 secs] [Times: user=0.03 sys=0.03, real=0.03 secs] 
2021-06-13T05:37:19.126+0800: 2577990.778: [GC (Allocation Failure) [PSYoungGen: 501600K->10784K(507392K)] 891096K->407871K(1031680K), 0.0590765 secs] [Times: user=0.04 sys=0.04, real=0.06 secs] 
2021-06-13T05:41:37.371+0800: 2578249.023: [GC (Allocation Failure) [PSYoungGen: 501792K->12384K(508416K)] 898879K->417650K(1032704K), 0.0260972 secs] [Times: user=0.03 sys=0.04, real=0.03 secs] 
2021-06-13T05:45:54.525+0800: 2578506.177: [GC (Allocation Failure) [PSYoungGen: 504928K->11040K(508416K)] 910194K->424821K(1032704K), 0.0307426 secs] [Times: user=0.03 sys=0.04, real=0.03 secs] 
2021-06-13T05:50:14.910+0800: 2578766.562: [GC (Allocation Failure) [PSYoungGen: 503584K->9312K(508928K)] 917365K->431269K(1033216K), 0.0249050 secs] [Times: user=0.03 sys=0.04, real=0.03 secs] 
2021-06-13T05:54:34.915+0800: 2579026.567: [GC (Allocation Failure) [PSYoungGen: 502880K->10592K(508928K)] 924837K->439601K(1033216K), 0.0271893 secs] [Times: user=0.04 sys=0.04, real=0.03 secs] 
2021-06-13T05:58:54.864+0800: 2579286.516: [GC (Allocation Failure) [PSYoungGen: 504160K->10944K(509440K)] 933169K->448195K(1033728K), 0.0293054 secs] [Times: user=0.04 sys=0.04, real=0.03 secs] 
2021-06-13T06:03:15.905+0800: 2579547.557: [GC (Allocation Failure) [PSYoungGen: 505024K->10304K(508928K)] 942275K->456155K(1033216K), 0.0340511 secs] [Times: user=0.04 sys=0.06, real=0.03 secs] 
2021-06-13T06:07:39.119+0800: 2579810.771: [GC (Allocation Failure) [PSYoungGen: 504384K->8384K(508928K)] 950235K->461940K(1033216K), 0.0255915 secs] [Times: user=0.04 sys=0.04, real=0.03 secs] 
2021-06-13T06:12:01.495+0800: 2580073.148: [GC (Allocation Failure) [PSYoungGen: 502976K->8096K(509440K)] 956532K->467929K(1033728K), 0.0229909 secs] [Times: user=0.04 sys=0.04, real=0.02 secs] 
2021-06-13T06:16:21.892+0800: 2580333.544: [GC (Allocation Failure) [PSYoungGen: 502688K->8672K(509952K)] 962521K->474917K(1034240K), 0.0359729 secs] [Times: user=0.04 sys=0.04, real=0.04 secs] 
2021-06-13T06:20:42.088+0800: 2580593.740: [GC (Allocation Failure) [PSYoungGen: 503776K->11584K(509440K)] 970021K->484498K(1033728K), 0.0337446 secs] [Times: user=0.04 sys=0.04, real=0.04 secs] 
2021-06-13T06:24:59.839+0800: 2580851.491: [GC (Allocation Failure) [PSYoungGen: 506688K->12832K(508416K)] 979602K->494060K(1032704K), 0.0558091 secs] [Times: user=0.04 sys=0.04, real=0.06 secs] 
2021-06-13T06:29:21.260+0800: 2581112.912: [GC (Allocation Failure) [PSYoungGen: 506400K->9120K(508928K)] 987628K->501628K(1033216K), 0.0245970 secs] [Times: user=0.04 sys=0.03, real=0.03 secs] 
2021-06-13T06:33:41.248+0800: 2581372.900: [GC (Allocation Failure) [PSYoungGen: 502688K->8864K(509440K)] 995196K->508510K(1033728K), 0.0255525 secs] [Times: user=0.04 sys=0.04, real=0.03 secs] 
2021-06-13T06:38:03.630+0800: 2581635.283: [GC (Allocation Failure) [PSYoungGen: 503456K->10016K(509440K)] 1003102K->516290K(1033728K), 0.0295424 secs] [Times: user=0.03 sys=0.04, real=0.03 secs] 
2021-06-13T06:42:19.978+0800: 2581891.631: [GC (Allocation Failure) [PSYoungGen: 504608K->10336K(509952K)] 1010882K->524636K(1034240K), 0.0272165 secs] [Times: user=0.04 sys=0.04, real=0.03 secs] 
2021-06-13T06:42:20.006+0800: 2581891.658: [Full GC (Ergonomics) [PSYoungGen: 10336K->0K(509952K)] [ParOldGen: 514300K->305227K(524288K)] 524636K->305227K(1034240K), [Metaspace: 97281K->97281K(1138688K)], 0.5729257 secs] [Times: user=1.07 sys=0.00, real=0.57 secs] 
2021-06-13T06:46:43.766+0800: 2582155.418: [GC (Allocation Failure) [PSYoungGen: 495616K->8640K(509952K)] 800843K->313867K(1034240K), 0.0211967 secs] [Times: user=0.03 sys=0.04, real=0.02 secs] 
2021-06-13T06:51:04.704+0800: 2582416.356: [GC (Allocation Failure) [PSYoungGen: 504256K->9024K(510464K)] 809483K->320615K(1034752K), 0.0236473 secs] [Times: user=0.04 sys=0.03, real=0.02 secs] 
2021-06-13T06:55:26.398+0800: 2582678.050: [GC (Allocation Failure) [PSYoungGen: 505664K->9184K(510464K)] 817255K->327218K(1034752K), 0.0229806 secs] [Times: user=0.04 sys=0.04, real=0.02 secs] 
2021-06-13T06:59:50.596+0800: 2582942.248: [GC (Allocation Failure) [PSYoungGen: 505824K->9760K(510976K)] 823858K->335403K(1035264K), 0.0222151 secs] [Times: user=0.03 sys=0.03, real=0.02 secs] 
2021-06-13T07:04:03.110+0800: 2583194.762: [GC (Allocation Failure) [PSYoungGen: 506912K->10186K(510464K)] 832555K->343990K(1034752K), 0.0270709 secs] [Times: user=0.08 sys=0.00, real=0.03 secs] 
2021-06-13T07:08:21.504+0800: 2583453.156: [GC (Allocation Failure) [PSYoungGen: 507338K->11552K(510976K)] 841142K->352904K(1035264K), 0.0244190 secs] [Times: user=0.04 sys=0.04, real=0.02 secs] 
2021-06-13T07:12:40.699+0800: 2583712.351: [GC (Allocation Failure) [PSYoungGen: 509216K->12288K(510464K)] 850568K->362299K(1034752K), 0.0265987 secs] [Times: user=0.04 sys=0.04, real=0.03 secs] 
2021-06-13T07:17:02.215+0800: 2583973.867: [GC (Allocation Failure) [PSYoungGen: 509952K->10560K(510464K)] 859963K->370012K(1034752K), 0.0257703 secs] [Times: user=0.04 sys=0.04, real=0.02 secs] 
2021-06-13T07:21:28.369+0800: 2584240.021: [GC (Allocation Failure) [PSYoungGen: 507200K->7904K(510464K)] 866652K->375532K(1034752K), 0.0301709 secs] [Times: user=0.05 sys=0.05, real=0.03 secs] 
2021-06-13T07:25:46.862+0800: 2584498.514: [GC (Allocation Failure) [PSYoungGen: 504544K->9536K(510976K)] 872172K->383867K(1035264K), 0.0252947 secs] [Times: user=0.03 sys=0.04, real=0.03 secs] 
2021-06-13T07:30:06.916+0800: 2584758.568: [GC (Allocation Failure) [PSYoungGen: 506688K->11456K(510464K)] 881019K->393071K(1034752K), 0.0263799 secs] [Times: user=0.04 sys=0.03, real=0.03 secs] 
2021-06-13T07:34:30.506+0800: 2585022.158: [GC (Allocation Failure) [PSYoungGen: 508608K->11456K(510464K)] 890223K->402001K(1034752K), 0.0255902 secs] [Times: user=0.08 sys=0.00, real=0.02 secs] 
2021-06-13T07:38:47.008+0800: 2585278.660: [GC (Allocation Failure) [PSYoungGen: 508096K->9600K(510464K)] 898641K->409179K(1034752K), 0.0274836 secs] [Times: user=0.04 sys=0.04, real=0.03 secs] 
2021-06-13T07:43:07.056+0800: 2585538.708: [GC (Allocation Failure) [PSYoungGen: 506240K->9056K(510976K)] 905819K->415023K(1035264K), 0.0298346 secs] [Times: user=0.04 sys=0.04, real=0.03 secs] 
2021-06-13T07:47:25.077+0800: 2585796.729: [GC (Allocation Failure) [PSYoungGen: 506208K->8928K(510464K)] 912175K->422689K(1034752K), 0.0293711 secs] [Times: user=0.04 sys=0.04, real=0.03 secs] 
2021-06-13T07:51:43.817+0800: 2586055.469: [GC (Allocation Failure) [PSYoungGen: 506080K->8288K(510976K)] 919841K->428501K(1035264K), 0.0242138 secs] [Times: user=0.03 sys=0.04, real=0.02 secs] 
2021-06-13T07:56:05.694+0800: 2586317.346: [GC (Allocation Failure) [PSYoungGen: 505952K->8448K(510976K)] 926165K->435559K(1035264K), 0.0273946 secs] [Times: user=0.04 sys=0.04, real=0.02 secs] 
2021-06-13T08:00:30.296+0800: 2586581.948: [GC (Allocation Failure) [PSYoungGen: 506112K->8992K(510976K)] 933223K->442450K(1035264K), 0.0255975 secs] [Times: user=0.04 sys=0.05, real=0.02 secs] 
2021-06-13T08:04:51.522+0800: 2586843.174: [GC (Allocation Failure) [PSYoungGen: 506656K->10944K(510976K)] 940114K->451037K(1035264K), 0.0265751 secs] [Times: user=0.04 sys=0.04, real=0.03 secs] 
2021-06-13T08:09:09.016+0800: 2587100.668: [GC (Allocation Failure) [PSYoungGen: 508608K->9344K(511488K)] 948701K->458376K(1035776K), 0.0236578 secs] [Times: user=0.03 sys=0.04, real=0.02 secs] 
2021-06-13T08:13:32.144+0800: 2587363.796: [GC (Allocation Failure) [PSYoungGen: 507520K->8288K(510976K)] 956552K->465353K(1035264K), 0.0343729 secs] [Times: user=0.03 sys=0.04, real=0.03 secs] 
2021-06-13T08:17:51.756+0800: 2587623.408: [GC (Allocation Failure) [PSYoungGen: 506464K->11424K(510464K)] 963529K->474374K(1034752K), 0.0295886 secs] [Times: user=0.04 sys=0.04, real=0.03 secs] 
2021-06-13T08:22:10.426+0800: 2587882.078: [GC (Allocation Failure) [PSYoungGen: 509088K->10432K(510976K)] 972038K->482518K(1035264K), 0.0256163 secs] [Times: user=0.04 sys=0.04, real=0.02 secs] 
2021-06-13T08:26:33.944+0800: 2588145.596: [GC (Allocation Failure) [PSYoungGen: 508096K->10304K(510976K)] 980182K->490018K(1035264K), 0.0294294 secs] [Times: user=0.03 sys=0.04, real=0.03 secs] 
2021-06-13T08:30:59.666+0800: 2588411.318: [GC (Allocation Failure) [PSYoungGen: 507968K->7616K(510976K)] 987682K->495923K(1035264K), 0.0229417 secs] [Times: user=0.03 sys=0.04, real=0.02 secs] 
2021-06-13T08:35:21.485+0800: 2588673.137: [GC (Allocation Failure) [PSYoungGen: 505280K->10336K(510976K)] 993587K->505047K(1035264K), 0.0557384 secs] [Times: user=0.04 sys=0.04, real=0.05 secs] 
2021-06-13T08:39:44.212+0800: 2588935.864: [GC (Allocation Failure) [PSYoungGen: 508000K->7872K(510976K)] 1002711K->511231K(1035264K), 0.0247049 secs] [Times: user=0.04 sys=0.03, real=0.03 secs] 
2021-06-13T08:44:02.315+0800: 2589193.968: [GC (Allocation Failure) [PSYoungGen: 505536K->8832K(511488K)] 1008895K->518163K(1035776K), 0.0230212 secs] [Times: user=0.03 sys=0.04, real=0.02 secs] 
2021-06-13T08:48:24.932+0800: 2589456.584: [GC (Allocation Failure) [PSYoungGen: 507008K->9280K(510976K)] 1016339K->525183K(1035264K), 0.0273871 secs] [Times: user=0.04 sys=0.04, real=0.02 secs] 
2021-06-13T08:48:24.960+0800: 2589456.612: [Full GC (Ergonomics) [PSYoungGen: 9280K->0K(510976K)] [ParOldGen: 515903K->304440K(524288K)] 525183K->304440K(1035264K), [Metaspace: 97284K->97284K(1138688K)], 0.4731201 secs] [Times: user=1.03 sys=0.00, real=0.48 secs] 
2021-06-13T08:52:49.955+0800: 2589721.607: [GC (Allocation Failure) [PSYoungGen: 498176K->8128K(512000K)] 802616K->312568K(1036288K), 0.0347224 secs] [Times: user=0.03 sys=0.03, real=0.03 secs] 
2021-06-13T08:57:09.379+0800: 2589981.031: [GC (Allocation Failure) [PSYoungGen: 507328K->8896K(511488K)] 811768K->320155K(1035776K), 0.0221182 secs] [Times: user=0.03 sys=0.03, real=0.02 secs] 
2021-06-13T09:01:30.893+0800: 2590242.545: [GC (Allocation Failure) [PSYoungGen: 508096K->6944K(512000K)] 819355K->325659K(1036288K), 0.0238912 secs] [Times: user=0.03 sys=0.04, real=0.02 secs] 
2021-06-13T09:05:51.837+0800: 2590503.489: [GC (Allocation Failure) [PSYoungGen: 506656K->9152K(512000K)] 825371K->332840K(1036288K), 0.0489204 secs] [Times: user=0.03 sys=0.04, real=0.05 secs] 
2021-06-13T09:10:18.025+0800: 2590769.677: [GC (Allocation Failure) [PSYoungGen: 508864K->7968K(512000K)] 832552K->337995K(1036288K), 0.0303508 secs] [Times: user=0.04 sys=0.03, real=0.03 secs] 
2021-06-13T09:14:38.109+0800: 2591029.761: [GC (Allocation Failure) [PSYoungGen: 507680K->6976K(512000K)] 837707K->342870K(1036288K), 0.0288454 secs] [Times: user=0.03 sys=0.04, real=0.03 secs] 
2021-06-13T09:19:01.085+0800: 2591292.737: [GC (Allocation Failure) [PSYoungGen: 506688K->9568K(512000K)] 842582K->350595K(1036288K), 0.0222649 secs] [Times: user=0.03 sys=0.04, real=0.02 secs] 
2021-06-13T09:23:25.349+0800: 2591557.001: [GC (Allocation Failure) [PSYoungGen: 509280K->8032K(512000K)] 850307K->356636K(1036288K), 0.0243634 secs] [Times: user=0.04 sys=0.04, real=0.03 secs] 
2021-06-13T09:27:48.278+0800: 2591819.930: [GC (Allocation Failure) [PSYoungGen: 507744K->9440K(512512K)] 856348K->364656K(1036800K), 0.0298779 secs] [Times: user=0.06 sys=0.00, real=0.03 secs] 
2021-06-13T09:32:12.454+0800: 2592084.106: [GC (Allocation Failure) [PSYoungGen: 510176K->9952K(510976K)] 865392K->372276K(1035264K), 0.0267099 secs] [Times: user=0.03 sys=0.04, real=0.02 secs] 
2021-06-13T09:36:37.073+0800: 2592348.725: [GC (Allocation Failure) [PSYoungGen: 510688K->8448K(512512K)] 873012K->378909K(1036800K), 0.0364257 secs] [Times: user=0.04 sys=0.04, real=0.03 secs] 
2021-06-13T09:40:59.958+0800: 2592611.610: [GC (Allocation Failure) [PSYoungGen: 508672K->7360K(512000K)] 879133K->384287K(1036288K), 0.0204435 secs] [Times: user=0.03 sys=0.04, real=0.02 secs] 
2021-06-13T09:45:25.138+0800: 2592876.790: [GC (Allocation Failure) [PSYoungGen: 507584K->9536K(512512K)] 884511K->392164K(1036800K), 0.0218565 secs] [Times: user=0.03 sys=0.03, real=0.02 secs] 
2021-06-13T09:49:46.034+0800: 2593137.686: [GC (Allocation Failure) [PSYoungGen: 510272K->10272K(511488K)] 892900K->400600K(1035776K), 0.0244898 secs] [Times: user=0.03 sys=0.04, real=0.02 secs] 
2021-06-13T09:54:14.165+0800: 2593405.817: [GC (Allocation Failure) [PSYoungGen: 511008K->10784K(512000K)] 901336K->409218K(1036288K), 0.0246952 secs] [Times: user=0.04 sys=0.04, real=0.02 secs] 
2021-06-13T09:58:38.593+0800: 2593670.245: [GC (Allocation Failure) [PSYoungGen: 510496K->8352K(512000K)] 908930K->415116K(1036288K), 0.0314470 secs] [Times: user=0.04 sys=0.04, real=0.03 secs] 
2021-06-13T10:03:03.509+0800: 2593935.161: [GC (Allocation Failure) [PSYoungGen: 508064K->9280K(512000K)] 914828K->422655K(1036288K), 0.0252254 secs] [Times: user=0.04 sys=0.04, real=0.03 secs] 
2021-06-13T10:07:27.339+0800: 2594198.991: [GC (Allocation Failure) [PSYoungGen: 508984K->10880K(512000K)] 922360K->431403K(1036288K), 0.0255622 secs] [Times: user=0.04 sys=0.04, real=0.03 secs] 
2021-06-13T10:11:48.541+0800: 2594460.193: [GC (Allocation Failure) [PSYoungGen: 510592K->9472K(512000K)] 931115K->437798K(1036288K), 0.0221942 secs] [Times: user=0.04 sys=0.04, real=0.03 secs] 
2021-06-13T10:16:08.722+0800: 2594720.374: [GC (Allocation Failure) [PSYoungGen: 509184K->8960K(512000K)] 937510K->444759K(1036288K), 0.0225116 secs] [Times: user=0.04 sys=0.03, real=0.03 secs] 
2021-06-13T10:20:32.056+0800: 2594983.708: [GC (Allocation Failure) [PSYoungGen: 508672K->10240K(512000K)] 944471K->453506K(1036288K), 0.0248553 secs] [Times: user=0.04 sys=0.04, real=0.02 secs] 
2021-06-13T10:24:52.802+0800: 2595244.454: [GC (Allocation Failure) [PSYoungGen: 509952K->9312K(512000K)] 953218K->459741K(1036288K), 0.0369655 secs] [Times: user=0.04 sys=0.04, real=0.04 secs] 
2021-06-13T10:29:13.455+0800: 2595505.107: [GC (Allocation Failure) [PSYoungGen: 509024K->9312K(512512K)] 959453K->467118K(1036800K), 0.0282221 secs] [Times: user=0.03 sys=0.04, real=0.03 secs] 
2021-06-13T10:33:37.575+0800: 2595769.227: [GC (Allocation Failure) [PSYoungGen: 510048K->8608K(512512K)] 967854K->473297K(1036800K), 0.0226581 secs] [Times: user=0.04 sys=0.03, real=0.02 secs] 
2021-06-13T10:37:58.075+0800: 2596029.727: [GC (Allocation Failure) [PSYoungGen: 509344K->9056K(513024K)] 974033K->480667K(1037312K), 0.0214762 secs] [Times: user=0.04 sys=0.04, real=0.02 secs] 
2021-06-13T10:42:22.348+0800: 2596294.000: [GC (Allocation Failure) [PSYoungGen: 510304K->9568K(512512K)] 981915K->489021K(1036800K), 0.0286295 secs] [Times: user=0.04 sys=0.03, real=0.03 secs] 
2021-06-13T10:46:44.981+0800: 2596556.634: [GC (Allocation Failure) [PSYoungGen: 510816K->9472K(513024K)] 990269K->496720K(1037312K), 0.0401982 secs] [Times: user=0.05 sys=0.05, real=0.05 secs] 
2021-06-13T10:51:11.210+0800: 2596822.863: [GC (Allocation Failure) [PSYoungGen: 511232K->9536K(513024K)] 998480K->503834K(1037312K), 0.0273008 secs] [Times: user=0.04 sys=0.04, real=0.03 secs] 
2021-06-13T10:55:35.522+0800: 2597087.174: [GC (Allocation Failure) [PSYoungGen: 511296K->6816K(513024K)] 1005594K->508715K(1037312K), 0.0219742 secs] [Times: user=0.03 sys=0.04, real=0.03 secs] 
2021-06-13T10:59:59.115+0800: 2597350.767: [GC (Allocation Failure) [PSYoungGen: 508576K->9152K(513024K)] 1010475K->516535K(1037312K), 0.0234918 secs] [Times: user=0.03 sys=0.03, real=0.02 secs] 
2021-06-13T11:04:23.264+0800: 2597614.916: [GC (Allocation Failure) [PSYoungGen: 510909K->7872K(513024K)] 1018292K->521984K(1037312K), 0.0588652 secs] [Times: user=0.04 sys=0.05, real=0.07 secs] 
2021-06-13T11:08:44.462+0800: 2597876.114: [GC (Allocation Failure) [PSYoungGen: 509632K->8800K(513024K)] 1023744K->528604K(1037312K), 0.0277079 secs] [Times: user=0.09 sys=0.00, real=0.02 secs] 
2021-06-13T11:08:44.491+0800: 2597876.143: [Full GC (Ergonomics) [PSYoungGen: 8800K->0K(513024K)] [ParOldGen: 519804K->305857K(524288K)] 528604K->305857K(1037312K), [Metaspace: 97284K->97284K(1138688K)], 0.4815843 secs] [Times: user=1.07 sys=0.00, real=0.49 secs] 
2021-06-13T11:13:10.994+0800: 2598142.646: [GC (Allocation Failure) [PSYoungGen: 501760K->10752K(512000K)] 807617K->316609K(1036288K), 0.0431488 secs] [Times: user=0.04 sys=0.04, real=0.04 secs] 
2021-06-13T11:17:27.535+0800: 2598399.187: [GC (Allocation Failure) [PSYoungGen: 511488K->9632K(512512K)] 817345K->323401K(1036800K), 0.0267389 secs] [Times: user=0.04 sys=0.04, real=0.02 secs] 
2021-06-13T11:21:43.813+0800: 2598655.465: [GC (Allocation Failure) [PSYoungGen: 510368K->9344K(513024K)] 824137K->330547K(1037312K), 0.0290332 secs] [Times: user=0.04 sys=0.05, real=0.03 secs] 
2021-06-13T11:26:00.430+0800: 2598912.082: [GC (Allocation Failure) [PSYoungGen: 510592K->9568K(512512K)] 831795K->337286K(1036800K), 0.1053960 secs] [Times: user=0.04 sys=0.04, real=0.11 secs] 
2021-06-13T11:30:15.648+0800: 2599167.300: [GC (Allocation Failure) [PSYoungGen: 510816K->8000K(513024K)] 838534K->342376K(1037312K), 0.0279664 secs] [Times: user=0.04 sys=0.04, real=0.03 secs] 
2021-06-13T11:34:33.982+0800: 2599425.634: [GC (Allocation Failure) [PSYoungGen: 509760K->9504K(513024K)] 844136K->349963K(1037312K), 0.0376735 secs] [Times: user=0.10 sys=0.00, real=0.04 secs] 
2021-06-13T11:38:54.139+0800: 2599685.791: [GC (Allocation Failure) [PSYoungGen: 511264K->8960K(513024K)] 851723K->356902K(1037312K), 0.0288948 secs] [Times: user=0.04 sys=0.04, real=0.03 secs] 
2021-06-13T11:43:13.114+0800: 2599944.766: [GC (Allocation Failure) [PSYoungGen: 510720K->11168K(513024K)] 858662K->365634K(1037312K), 0.0292898 secs] [Times: user=0.05 sys=0.05, real=0.03 secs] 
2021-06-13T11:47:31.111+0800: 2600202.763: [GC (Allocation Failure) [PSYoungGen: 512928K->7776K(512000K)] 867394K->370892K(1036288K), 0.0462420 secs] [Times: user=0.04 sys=0.05, real=0.05 secs] 
2021-06-13T11:51:51.194+0800: 2600462.846: [GC (Allocation Failure) [PSYoungGen: 508512K->9216K(512512K)] 871628K->378486K(1036800K), 0.0281480 secs] [Times: user=0.04 sys=0.04, real=0.03 secs] 
2021-06-13T11:56:10.249+0800: 2600721.901: [GC (Allocation Failure) [PSYoungGen: 509952K->9792K(512512K)] 879222K->385747K(1036800K), 0.0270438 secs] [Times: user=0.04 sys=0.04, real=0.03 secs] 
2021-06-13T12:00:26.103+0800: 2600977.755: [GC (Allocation Failure) [PSYoungGen: 510528K->8448K(512512K)] 886483K->391645K(1036800K), 0.0262234 secs] [Times: user=0.04 sys=0.04, real=0.02 secs] 
2021-06-13T12:04:46.134+0800: 2601237.786: [GC (Allocation Failure) [PSYoungGen: 509184K->10560K(512000K)] 892381K->400608K(1036288K), 0.0270017 secs] [Times: user=0.04 sys=0.05, real=0.02 secs] 
2021-06-13T12:09:05.778+0800: 2601497.430: [GC (Allocation Failure) [PSYoungGen: 511296K->9664K(512512K)] 901344K->408666K(1036800K), 0.0323671 secs] [Times: user=0.04 sys=0.05, real=0.03 secs] 
2021-06-13T12:13:24.295+0800: 2601755.947: [GC (Allocation Failure) [PSYoungGen: 510398K->10688K(512512K)] 909400K->417332K(1036800K), 0.0299055 secs] [Times: user=0.05 sys=0.04, real=0.03 secs] 
2021-06-13T12:17:42.524+0800: 2602014.176: [GC (Allocation Failure) [PSYoungGen: 511424K->9280K(512512K)] 918068K->423735K(1036800K), 0.0264620 secs] [Times: user=0.04 sys=0.04, real=0.02 secs] 
2021-06-13T12:22:06.144+0800: 2602277.796: [GC (Allocation Failure) [PSYoungGen: 510016K->9472K(512512K)] 924471K->431688K(1036800K), 0.0388081 secs] [Times: user=0.03 sys=0.03, real=0.04 secs] 
2021-06-13T12:26:25.209+0800: 2602536.861: [GC (Allocation Failure) [PSYoungGen: 510208K->9600K(512512K)] 932424K->438524K(1036800K), 0.0281619 secs] [Times: user=0.04 sys=0.05, real=0.03 secs] 
2021-06-13T12:30:44.344+0800: 2602795.997: [GC (Allocation Failure) [PSYoungGen: 510336K->10912K(512000K)] 939260K->447605K(1036288K), 0.0303591 secs] [Times: user=0.04 sys=0.04, real=0.03 secs] 
2021-06-13T12:35:01.163+0800: 2603052.815: [GC (Allocation Failure) [PSYoungGen: 511648K->10496K(512512K)] 948341K->455505K(1036800K), 0.0713669 secs] [Times: user=0.04 sys=0.04, real=0.07 secs] 
2021-06-13T12:39:21.627+0800: 2603313.279: [GC (Allocation Failure) [PSYoungGen: 511232K->10048K(512512K)] 956241K->462804K(1036800K), 0.0289245 secs] [Times: user=0.04 sys=0.04, real=0.03 secs] 
2021-06-13T12:43:42.657+0800: 2603574.309: [GC (Allocation Failure) [PSYoungGen: 510784K->8448K(512512K)] 963540K->469118K(1036800K), 0.0265037 secs] [Times: user=0.04 sys=0.03, real=0.03 secs] 
2021-06-13T12:48:00.074+0800: 2603831.726: [GC (Allocation Failure) [PSYoungGen: 509184K->7648K(511488K)] 969854K->474888K(1035776K), 0.0273844 secs] [Times: user=0.04 sys=0.04, real=0.02 secs] 
2021-06-13T12:52:14.963+0800: 2604086.616: [GC (Allocation Failure) [PSYoungGen: 507360K->10464K(512000K)] 974600K->483819K(1036288K), 0.0258671 secs] [Times: user=0.04 sys=0.04, real=0.02 secs] 
2021-06-13T12:56:34.360+0800: 2604346.012: [GC (Allocation Failure) [PSYoungGen: 510176K->9760K(512000K)] 983531K->490951K(1036288K), 0.0249630 secs] [Times: user=0.07 sys=0.00, real=0.03 secs] 
2021-06-13T13:00:53.850+0800: 2604605.502: [GC (Allocation Failure) [PSYoungGen: 509472K->9440K(512000K)] 990663K->498274K(1036288K), 0.0264614 secs] [Times: user=0.03 sys=0.05, real=0.03 secs] 
2021-06-13T13:05:09.761+0800: 2604861.413: [GC (Allocation Failure) [PSYoungGen: 509152K->10826K(511488K)] 997986K->507070K(1035776K), 0.0308673 secs] [Times: user=0.04 sys=0.04, real=0.04 secs] 
2021-06-13T13:09:27.045+0800: 2605118.697: [GC (Allocation Failure) [PSYoungGen: 510538K->7520K(512000K)] 1006782K->513151K(1036288K), 0.0282115 secs] [Times: user=0.04 sys=0.04, real=0.03 secs] 
2021-06-13T13:13:49.181+0800: 2605380.833: [GC (Allocation Failure) [PSYoungGen: 507232K->10944K(510976K)] 1012863K->522818K(1035264K), 0.0275536 secs] [Times: user=0.04 sys=0.03, real=0.03 secs] 
2021-06-13T13:18:07.487+0800: 2605639.139: [GC (Allocation Failure) [PSYoungGen: 509632K->7680K(511488K)] 1021506K->527890K(1035776K), 0.0262282 secs] [Times: user=0.05 sys=0.04, real=0.03 secs] 
2021-06-13T13:18:07.513+0800: 2605639.165: [Full GC (Ergonomics) [PSYoungGen: 7680K->0K(511488K)] [ParOldGen: 520210K->304715K(524288K)] 527890K->304715K(1035776K), [Metaspace: 97316K->97316K(1138688K)], 0.5161981 secs] [Times: user=0.56 sys=0.56, real=0.51 secs] 
2021-06-13T13:22:26.971+0800: 2605898.623: [GC (Allocation Failure) [PSYoungGen: 498688K->10496K(511488K)] 803403K->315211K(1035776K), 0.0312705 secs] [Times: user=0.03 sys=0.04, real=0.04 secs] 
2021-06-13T13:26:46.883+0800: 2606158.535: [GC (Allocation Failure) [PSYoungGen: 509184K->9696K(511488K)] 813899K->323684K(1035776K), 0.0337215 secs] [Times: user=0.04 sys=0.05, real=0.03 secs] 
2021-06-13T13:31:03.852+0800: 2606415.504: [GC (Allocation Failure) [PSYoungGen: 508384K->10272K(512000K)] 822372K->332184K(1036288K), 0.0252144 secs] [Times: user=0.04 sys=0.03, real=0.02 secs] 
2021-06-13T13:35:21.958+0800: 2606673.610: [GC (Allocation Failure) [PSYoungGen: 509984K->9600K(512000K)] 831896K->339627K(1036288K), 0.0242025 secs] [Times: user=0.04 sys=0.04, real=0.03 secs] 
2021-06-13T13:39:40.486+0800: 2606932.138: [GC (Allocation Failure) [PSYoungGen: 509311K->10592K(512000K)] 839338K->348038K(1036288K), 0.0338704 secs] [Times: user=0.04 sys=0.03, real=0.03 secs] 
2021-06-13T13:44:00.472+0800: 2607192.124: [GC (Allocation Failure) [PSYoungGen: 510304K->9664K(512000K)] 847750K->354568K(1036288K), 0.0266139 secs] [Times: user=0.04 sys=0.05, real=0.03 secs] 
2021-06-13T13:48:19.477+0800: 2607451.129: [GC (Allocation Failure) [PSYoungGen: 509376K->11200K(512000K)] 854280K->363986K(1036288K), 0.0248194 secs] [Times: user=0.04 sys=0.04, real=0.02 secs] 
2021-06-13T13:52:37.580+0800: 2607709.232: [GC (Allocation Failure) [PSYoungGen: 510912K->10688K(512000K)] 863698K->371917K(1036288K), 0.0250333 secs] [Times: user=0.04 sys=0.03, real=0.03 secs] 
2021-06-13T13:56:58.242+0800: 2607969.894: [GC (Allocation Failure) [PSYoungGen: 510400K->8480K(510976K)] 871629K->378534K(1035264K), 0.0283711 secs] [Times: user=0.03 sys=0.03, real=0.02 secs] 
2021-06-13T14:01:19.753+0800: 2608231.405: [GC (Allocation Failure) [PSYoungGen: 507168K->6880K(511488K)] 877222K->383233K(1035776K), 0.0309619 secs] [Times: user=0.04 sys=0.05, real=0.03 secs] 
2021-06-13T14:05:40.437+0800: 2608492.089: [GC (Allocation Failure) [PSYoungGen: 505568K->8448K(511488K)] 881921K->389981K(1035776K), 0.0231670 secs] [Times: user=0.04 sys=0.04, real=0.02 secs] 
2021-06-13T14:10:00.475+0800: 2608752.127: [GC (Allocation Failure) [PSYoungGen: 507136K->8832K(511488K)] 888669K->396752K(1035776K), 0.0296108 secs] [Times: user=0.04 sys=0.05, real=0.03 secs] 
2021-06-13T14:14:20.840+0800: 2609012.492: [GC (Allocation Failure) [PSYoungGen: 507520K->6528K(510976K)] 895440K->401457K(1035264K), 0.0278306 secs] [Times: user=0.03 sys=0.04, real=0.03 secs] 
2021-06-13T14:18:38.353+0800: 2609270.005: [GC (Allocation Failure) [PSYoungGen: 505216K->7264K(511488K)] 900145K->406782K(1035776K), 0.0326788 secs] [Times: user=0.04 sys=0.04, real=0.03 secs] 
2021-06-13T14:22:58.252+0800: 2609529.904: [GC (Allocation Failure) [PSYoungGen: 505952K->9472K(512000K)] 905470K->414754K(1036288K), 0.0269888 secs] [Times: user=0.03 sys=0.04, real=0.02 secs] 
2021-06-13T14:27:18.874+0800: 2609790.526: [GC (Allocation Failure) [PSYoungGen: 508672K->8352K(511488K)] 913954K->420837K(1035776K), 0.0231571 secs] [Times: user=0.03 sys=0.04, real=0.02 secs] 
2021-06-13T14:31:37.302+0800: 2610048.954: [GC (Allocation Failure) [PSYoungGen: 507552K->9344K(512000K)] 920037K->428537K(1036288K), 0.0238108 secs] [Times: user=0.04 sys=0.04, real=0.02 secs] 
2021-06-13T14:35:56.997+0800: 2610308.649: [GC (Allocation Failure) [PSYoungGen: 509056K->8608K(512000K)] 928249K->435020K(1036288K), 0.0266093 secs] [Times: user=0.04 sys=0.04, real=0.03 secs] 
2021-06-13T14:40:18.176+0800: 2610569.828: [GC (Allocation Failure) [PSYoungGen: 508320K->8864K(512512K)] 934732K->442078K(1036800K), 0.0254903 secs] [Times: user=0.03 sys=0.04, real=0.02 secs] 
2021-06-13T14:44:38.308+0800: 2610829.961: [GC (Allocation Failure) [PSYoungGen: 509600K->7200K(512512K)] 942814K->447479K(1036800K), 0.0215336 secs] [Times: user=0.04 sys=0.03, real=0.02 secs] 
2021-06-13T14:48:54.398+0800: 2611086.050: [GC (Allocation Failure) [PSYoungGen: 507936K->9760K(512512K)] 948215K->455092K(1036800K), 0.0213406 secs] [Times: user=0.03 sys=0.03, real=0.02 secs] 
2021-06-13T14:53:13.266+0800: 2611344.918: [GC (Allocation Failure) [PSYoungGen: 510496K->8928K(512512K)] 955828K->462014K(1036800K), 0.0738003 secs] [Times: user=0.03 sys=0.04, real=0.07 secs] 
2021-06-13T14:57:31.038+0800: 2611602.690: [GC (Allocation Failure) [PSYoungGen: 509664K->9216K(513024K)] 962750K->469312K(1037312K), 0.0250345 secs] [Times: user=0.07 sys=0.00, real=0.03 secs] 
2021-06-13T15:01:52.108+0800: 2611863.760: [GC (Allocation Failure) [PSYoungGen: 510464K->7808K(512512K)] 970560K->475625K(1036800K), 0.0232021 secs] [Times: user=0.03 sys=0.04, real=0.02 secs] 
2021-06-13T15:06:13.282+0800: 2612124.934: [GC (Allocation Failure) [PSYoungGen: 509056K->7584K(513024K)] 976873K->481525K(1037312K), 0.0237492 secs] [Times: user=0.03 sys=0.04, real=0.03 secs] 
2021-06-13T15:10:31.808+0800: 2612383.460: [GC (Allocation Failure) [PSYoungGen: 509344K->10048K(512000K)] 983285K->490041K(1036288K), 0.0258618 secs] [Times: user=0.04 sys=0.04, real=0.03 secs] 
2021-06-13T15:14:50.728+0800: 2612642.380: [GC (Allocation Failure) [PSYoungGen: 511808K->9344K(512512K)] 991801K->497868K(1036800K), 0.0217854 secs] [Times: user=0.03 sys=0.03, real=0.02 secs] 
2021-06-13T15:19:11.378+0800: 2612903.030: [GC (Allocation Failure) [PSYoungGen: 510080K->10464K(512512K)] 998604K->506287K(1036800K), 0.0220284 secs] [Times: user=0.03 sys=0.03, real=0.02 secs] 
2021-06-13T15:23:31.301+0800: 2613162.953: [GC (Allocation Failure) [PSYoungGen: 511200K->7744K(512512K)] 1007023K->512479K(1036800K), 0.0229768 secs] [Times: user=0.04 sys=0.03, real=0.03 secs] 
2021-06-13T15:27:50.284+0800: 2613421.936: [GC (Allocation Failure) [PSYoungGen: 508480K->8096K(512512K)] 1013215K->518922K(1036800K), 0.0233906 secs] [Times: user=0.03 sys=0.04, real=0.02 secs] 
2021-06-13T15:32:04.656+0800: 2613676.308: [GC (Allocation Failure) [PSYoungGen: 508832K->8864K(513024K)] 1019658K->526299K(1037312K), 0.0218288 secs] [Times: user=0.04 sys=0.04, real=0.02 secs] 
2021-06-13T15:32:04.678+0800: 2613676.330: [Full GC (Ergonomics) [PSYoungGen: 8864K->0K(513024K)] [ParOldGen: 517435K->304355K(524288K)] 526299K->304355K(1037312K), [Metaspace: 97316K->97316K(1138688K)], 0.4514495 secs] [Times: user=0.51 sys=0.50, real=0.45 secs] 
2021-06-13T15:36:23.173+0800: 2613934.825: [GC (Allocation Failure) [PSYoungGen: 501248K->8256K(512512K)] 805603K->312611K(1036800K), 0.0232240 secs] [Times: user=0.03 sys=0.03, real=0.02 secs] 
2021-06-13T15:40:39.412+0800: 2614191.065: [GC (Allocation Failure) [PSYoungGen: 509504K->8576K(513024K)] 813859K->320005K(1037312K), 0.0559825 secs] [Times: user=0.03 sys=0.04, real=0.05 secs] 
2021-06-13T15:45:00.229+0800: 2614451.881: [GC (Allocation Failure) [PSYoungGen: 510336K->5920K(513024K)] 821765K->324438K(1037312K), 0.0253383 secs] [Times: user=0.04 sys=0.04, real=0.03 secs] 
2021-06-13T15:49:19.745+0800: 2614711.397: [GC (Allocation Failure) [PSYoungGen: 507680K->8384K(513024K)] 826198K->331283K(1037312K), 0.0346468 secs] [Times: user=0.05 sys=0.05, real=0.03 secs] 
2021-06-13T15:53:40.918+0800: 2614972.570: [GC (Allocation Failure) [PSYoungGen: 510144K->11232K(513024K)] 833043K->342119K(1037312K), 0.0270691 secs] [Times: user=0.03 sys=0.05, real=0.03 secs] 
2021-06-13T15:58:00.292+0800: 2615231.944: [GC (Allocation Failure) [PSYoungGen: 512992K->11104K(505856K)] 843879K->350363K(1030144K), 0.0266737 secs] [Times: user=0.04 sys=0.04, real=0.02 secs] 
2021-06-13T16:02:14.651+0800: 2615486.303: [GC (Allocation Failure) [PSYoungGen: 505696K->9920K(509440K)] 844955K->357572K(1033728K), 0.0251883 secs] [Times: user=0.04 sys=0.04, real=0.03 secs] 
2021-06-13T16:06:28.791+0800: 2615740.443: [GC (Allocation Failure) [PSYoungGen: 504512K->10592K(509952K)] 852164K->366159K(1034240K), 0.0239110 secs] [Times: user=0.04 sys=0.04, real=0.03 secs] 
2021-06-13T16:10:45.329+0800: 2615996.981: [GC (Allocation Failure) [PSYoungGen: 506208K->11392K(509952K)] 861775K->374643K(1034240K), 0.0242864 secs] [Times: user=0.04 sys=0.04, real=0.03 secs] 
2021-06-13T16:15:02.075+0800: 2616253.727: [GC (Allocation Failure) [PSYoungGen: 507008K->8960K(509952K)] 870259K->381476K(1034240K), 0.0397342 secs] [Times: user=0.03 sys=0.03, real=0.04 secs] 
2021-06-13T16:19:18.661+0800: 2616510.313: [GC (Allocation Failure) [PSYoungGen: 504576K->9216K(509952K)] 877092K->388839K(1034240K), 0.0414539 secs] [Times: user=0.04 sys=0.04, real=0.05 secs] 
2021-06-13T16:23:33.771+0800: 2616765.423: [GC (Allocation Failure) [PSYoungGen: 504832K->10784K(510464K)] 884455K->397346K(1034752K), 0.0199993 secs] [Times: user=0.03 sys=0.03, real=0.02 secs] 
2021-06-13T16:27:48.132+0800: 2617019.784: [GC (Allocation Failure) [PSYoungGen: 507424K->8384K(510464K)] 893986K->403525K(1034752K), 0.0215978 secs] [Times: user=0.04 sys=0.04, real=0.03 secs] 
2021-06-13T16:32:08.952+0800: 2617280.604: [GC (Allocation Failure) [PSYoungGen: 505024K->9440K(510976K)] 900165K->411560K(1035264K), 0.0312489 secs] [Times: user=0.03 sys=0.03, real=0.04 secs] 
2021-06-13T16:36:25.074+0800: 2617536.726: [GC (Allocation Failure) [PSYoungGen: 506585K->8512K(510464K)] 908705K->417682K(1034752K), 0.0445771 secs] [Times: user=0.03 sys=0.03, real=0.04 secs] 
2021-06-13T16:40:44.557+0800: 2617796.209: [GC (Allocation Failure) [PSYoungGen: 505654K->8736K(510976K)] 914824K->424389K(1035264K), 0.0237093 secs] [Times: user=0.04 sys=0.04, real=0.02 secs] 
2021-06-13T16:45:02.328+0800: 2618053.980: [GC (Allocation Failure) [PSYoungGen: 506400K->7520K(510976K)] 922053K->430270K(1035264K), 0.0233294 secs] [Times: user=0.04 sys=0.03, real=0.02 secs] 
2021-06-13T16:49:20.053+0800: 2618311.705: [GC (Allocation Failure) [PSYoungGen: 505184K->7072K(510976K)] 927934K->435354K(1035264K), 0.0216717 secs] [Times: user=0.04 sys=0.03, real=0.02 secs] 
2021-06-13T16:53:34.147+0800: 2618565.799: [GC (Allocation Failure) [PSYoungGen: 504736K->10400K(510976K)] 933018K->444101K(1035264K), 0.0639444 secs] [Times: user=0.03 sys=0.04, real=0.06 secs] 
2021-06-13T16:57:51.170+0800: 2618822.822: [GC (Allocation Failure) [PSYoungGen: 508064K->9504K(511488K)] 941765K->450494K(1035776K), 0.0226197 secs] [Times: user=0.04 sys=0.03, real=0.03 secs] 
2021-06-13T17:02:09.043+0800: 2619080.695: [GC (Allocation Failure) [PSYoungGen: 507680K->8960K(510976K)] 948670K->457735K(1035264K), 0.0250322 secs] [Times: user=0.03 sys=0.04, real=0.02 secs] 
2021-06-13T17:06:26.625+0800: 2619338.277: [GC (Allocation Failure) [PSYoungGen: 507136K->9504K(512000K)] 955911K->464827K(1036288K), 0.0302896 secs] [Times: user=0.03 sys=0.05, real=0.03 secs] 
2021-06-13T17:10:45.681+0800: 2619597.333: [GC (Allocation Failure) [PSYoungGen: 508704K->7936K(511488K)] 964027K->470156K(1035776K), 0.0256306 secs] [Times: user=0.04 sys=0.04, real=0.03 secs] 
2021-06-13T17:15:04.632+0800: 2619856.285: [GC (Allocation Failure) [PSYoungGen: 507136K->7360K(512000K)] 969356K->475654K(1036288K), 0.0214149 secs] [Times: user=0.04 sys=0.03, real=0.02 secs] 
2021-06-13T17:19:22.950+0800: 2620114.602: [GC (Allocation Failure) [PSYoungGen: 507072K->8192K(512000K)] 975366K->482409K(1036288K), 0.0266613 secs] [Times: user=0.04 sys=0.04, real=0.03 secs] 
2021-06-13T17:23:43.640+0800: 2620375.292: [GC (Allocation Failure) [PSYoungGen: 507904K->9504K(512000K)] 982121K->490275K(1036288K), 0.0270214 secs] [Times: user=0.04 sys=0.05, real=0.03 secs] 
2021-06-13T17:28:03.421+0800: 2620635.073: [GC (Allocation Failure) [PSYoungGen: 509216K->9216K(512000K)] 989987K->497414K(1036288K), 0.0318015 secs] [Times: user=0.04 sys=0.05, real=0.04 secs] 
2021-06-13T17:32:22.801+0800: 2620894.453: [GC (Allocation Failure) [PSYoungGen: 508928K->11584K(510464K)] 997126K->506346K(1034752K), 0.0498513 secs] [Times: user=0.03 sys=0.05, real=0.05 secs] 
2021-06-13T17:36:39.427+0800: 2621151.080: [GC (Allocation Failure) [PSYoungGen: 510272K->8000K(511488K)] 1005034K->511427K(1035776K), 0.0250002 secs] [Times: user=0.04 sys=0.04, real=0.03 secs] 
2021-06-13T17:40:59.527+0800: 2621411.179: [GC (Allocation Failure) [PSYoungGen: 506688K->9504K(512000K)] 1010115K->519438K(1036288K), 0.0290666 secs] [Times: user=0.04 sys=0.04, real=0.03 secs] 
2021-06-13T17:45:19.909+0800: 2621671.561: [GC (Allocation Failure) [PSYoungGen: 509216K->7456K(512000K)] 1019150K->524712K(1036288K), 0.0233851 secs] [Times: user=0.03 sys=0.04, real=0.03 secs] 
2021-06-13T17:45:19.933+0800: 2621671.585: [Full GC (Ergonomics) [PSYoungGen: 7456K->0K(512000K)] [ParOldGen: 517256K->303251K(524288K)] 524712K->303251K(1036288K), [Metaspace: 97316K->97316K(1138688K)], 0.4995710 secs] [Times: user=1.08 sys=0.00, real=0.50 secs] 
2021-06-13T17:49:40.865+0800: 2621932.517: [GC (Allocation Failure) [PSYoungGen: 499712K->9504K(512000K)] 802963K->312755K(1036288K), 0.0222220 secs] [Times: user=0.03 sys=0.03, real=0.02 secs] 
2021-06-13T17:54:00.958+0800: 2622192.610: [GC (Allocation Failure) [PSYoungGen: 509216K->10880K(510976K)] 812467K->322149K(1035264K), 0.0245480 secs] [Times: user=0.04 sys=0.04, real=0.03 secs] 
2021-06-13T17:58:20.158+0800: 2622451.810: [GC (Allocation Failure) [PSYoungGen: 510592K->9696K(512000K)] 821861K->329289K(1036288K), 0.0465884 secs] [Times: user=0.04 sys=0.04, real=0.05 secs] 
2021-06-13T18:02:39.387+0800: 2622711.039: [GC (Allocation Failure) [PSYoungGen: 508896K->8832K(511488K)] 828489K->335514K(1035776K), 0.0229392 secs] [Times: user=0.03 sys=0.04, real=0.02 secs] 
2021-06-13T18:06:58.466+0800: 2622970.119: [GC (Allocation Failure) [PSYoungGen: 508032K->7584K(512000K)] 834714K->341563K(1036288K), 0.0222937 secs] [Times: user=0.04 sys=0.03, real=0.02 secs] 
2021-06-13T18:11:21.765+0800: 2623233.417: [GC (Allocation Failure) [PSYoungGen: 507296K->8992K(512000K)] 841275K->348591K(1036288K), 0.0335081 secs] [Times: user=0.03 sys=0.04, real=0.03 secs] 
2021-06-13T18:15:44.675+0800: 2623496.328: [GC (Allocation Failure) [PSYoungGen: 508704K->6880K(511488K)] 848303K->353497K(1035776K), 0.0361863 secs] [Times: user=0.03 sys=0.02, real=0.03 secs] 
2021-06-13T18:20:03.140+0800: 2623754.792: [GC (Allocation Failure) [PSYoungGen: 506592K->8832K(512000K)] 853209K->360780K(1036288K), 0.0240961 secs] [Times: user=0.03 sys=0.04, real=0.03 secs] 
2021-06-13T18:24:22.726+0800: 2624014.378: [GC (Allocation Failure) [PSYoungGen: 508544K->11072K(511488K)] 860492K->369890K(1035776K), 0.0249622 secs] [Times: user=0.04 sys=0.03, real=0.02 secs] 
2021-06-13T18:28:39.817+0800: 2624271.469: [GC (Allocation Failure) [PSYoungGen: 510784K->5600K(505344K)] 869602K->373137K(1029632K), 0.0210702 secs] [Times: user=0.03 sys=0.03, real=0.02 secs] 
2021-06-13T18:32:59.374+0800: 2624531.026: [GC (Allocation Failure) [PSYoungGen: 505312K->7296K(512000K)] 872849K->379068K(1036288K), 0.0202345 secs] [Times: user=0.03 sys=0.03, real=0.02 secs] 
2021-06-13T18:37:18.676+0800: 2624790.328: [GC (Allocation Failure) [PSYoungGen: 506496K->9440K(511488K)] 878268K->387184K(1035776K), 0.0205409 secs] [Times: user=0.04 sys=0.03, real=0.02 secs] 
2021-06-13T18:41:33.457+0800: 2625045.109: [GC (Allocation Failure) [PSYoungGen: 508640K->11104K(510976K)] 886384K->396684K(1035264K), 0.0245973 secs] [Times: user=0.04 sys=0.04, real=0.03 secs] 
2021-06-13T18:45:49.920+0800: 2625301.572: [GC (Allocation Failure) [PSYoungGen: 509792K->9568K(511488K)] 895372K->403636K(1035776K), 0.0231695 secs] [Times: user=0.03 sys=0.04, real=0.03 secs] 
2021-06-13T18:50:07.468+0800: 2625559.120: [GC (Allocation Failure) [PSYoungGen: 508256K->11168K(510464K)] 902324K->412639K(1034752K), 0.0245030 secs] [Times: user=0.03 sys=0.03, real=0.03 secs] 
2021-06-13T18:54:21.209+0800: 2625812.861: [GC (Allocation Failure) [PSYoungGen: 508832K->11168K(508928K)] 910303K->421040K(1033216K), 0.0259592 secs] [Times: user=0.04 sys=0.04, real=0.03 secs] 
2021-06-13T18:58:39.439+0800: 2626071.091: [GC (Allocation Failure) [PSYoungGen: 508832K->7744K(510976K)] 918704K->426785K(1035264K), 0.0277588 secs] [Times: user=0.04 sys=0.04, real=0.03 secs] 
2021-06-13T19:02:49.900+0800: 2626321.552: [GC (Allocation Failure) [PSYoungGen: 504896K->9642K(510464K)] 923937K->435013K(1034752K), 0.0357254 secs] [Times: user=0.04 sys=0.05, real=0.04 secs] 
2021-06-13T19:07:05.276+0800: 2626576.928: [GC (Allocation Failure) [PSYoungGen: 506794K->9600K(511488K)] 932165K->442160K(1035776K), 0.0298662 secs] [Times: user=0.04 sys=0.05, real=0.03 secs] 
2021-06-13T19:11:20.436+0800: 2626832.088: [GC (Allocation Failure) [PSYoungGen: 507776K->9824K(510976K)] 940336K->449564K(1035264K), 0.0227307 secs] [Times: user=0.03 sys=0.04, real=0.02 secs] 
2021-06-13T19:15:37.652+0800: 2627089.304: [GC (Allocation Failure) [PSYoungGen: 508000K->10080K(511488K)] 947740K->457942K(1035776K), 0.0277341 secs] [Times: user=0.04 sys=0.04, real=0.02 secs] 
2021-06-13T19:19:54.206+0800: 2627345.858: [GC (Allocation Failure) [PSYoungGen: 508768K->8672K(511488K)] 956630K->464007K(1035776K), 0.0221725 secs] [Times: user=0.03 sys=0.03, real=0.02 secs] 
2021-06-13T19:24:17.250+0800: 2627608.902: [GC (Allocation Failure) [PSYoungGen: 507360K->7008K(511488K)] 962695K->468897K(1035776K), 0.0234606 secs] [Times: user=0.03 sys=0.04, real=0.03 secs] 
2021-06-13T19:28:32.878+0800: 2627864.530: [GC (Allocation Failure) [PSYoungGen: 505696K->7744K(511488K)] 967585K->475198K(1035776K), 0.0280504 secs] [Times: user=0.04 sys=0.04, real=0.03 secs] 
2021-06-13T19:32:53.136+0800: 2628124.788: [GC (Allocation Failure) [PSYoungGen: 506432K->8864K(512000K)] 973886K->482370K(1036288K), 0.0266598 secs] [Times: user=0.04 sys=0.03, real=0.03 secs] 
2021-06-13T19:37:15.360+0800: 2628387.012: [GC (Allocation Failure) [PSYoungGen: 508064K->8768K(511488K)] 981570K->489492K(1035776K), 0.0232101 secs] [Times: user=0.04 sys=0.04, real=0.03 secs] 
2021-06-13T19:41:37.726+0800: 2628649.378: [GC (Allocation Failure) [PSYoungGen: 507968K->7744K(512512K)] 988692K->495262K(1036800K), 0.0662144 secs] [Times: user=0.03 sys=0.03, real=0.07 secs] 
2021-06-13T19:45:54.056+0800: 2628905.708: [GC (Allocation Failure) [PSYoungGen: 507968K->9664K(512000K)] 995486K->503018K(1036288K), 0.0304835 secs] [Times: user=0.04 sys=0.05, real=0.03 secs] 
2021-06-13T19:50:15.397+0800: 2629167.049: [GC (Allocation Failure) [PSYoungGen: 509888K->9056K(512512K)] 1003242K->510053K(1036800K), 0.0284918 secs] [Times: user=0.04 sys=0.04, real=0.03 secs] 
2021-06-13T19:54:34.579+0800: 2629426.231: [GC (Allocation Failure) [PSYoungGen: 509792K->11392K(512512K)] 1010789K->518633K(1036800K), 0.0259135 secs] [Times: user=0.04 sys=0.03, real=0.03 secs] 
2021-06-13T19:58:53.470+0800: 2629685.122: [GC (Allocation Failure) [PSYoungGen: 512128K->9632K(511488K)] 1019369K->526112K(1035776K), 0.0247940 secs] [Times: user=0.04 sys=0.04, real=0.03 secs] 
2021-06-13T19:58:53.495+0800: 2629685.147: [Full GC (Ergonomics) [PSYoungGen: 9632K->0K(511488K)] [ParOldGen: 516480K->306804K(524288K)] 526112K->306804K(1035776K), [Metaspace: 97317K->97317K(1138688K)], 0.4584963 secs] [Times: user=0.52 sys=0.51, real=0.46 secs] 
2021-06-13T20:03:11.443+0800: 2629943.095: [GC (Allocation Failure) [PSYoungGen: 499712K->7776K(512000K)] 806516K->314580K(1036288K), 0.0189158 secs] [Times: user=0.03 sys=0.03, real=0.02 secs] 
2021-06-13T20:07:30.752+0800: 2630202.404: [GC (Allocation Failure) [PSYoungGen: 507488K->11392K(510976K)] 814292K->324185K(1035264K), 0.0231343 secs] [Times: user=0.03 sys=0.04, real=0.03 secs] 
2021-06-13T20:11:53.065+0800: 2630464.717: [GC (Allocation Failure) [PSYoungGen: 510080K->7552K(511488K)] 822873K->328786K(1035776K), 0.0544676 secs] [Times: user=0.10 sys=0.00, real=0.05 secs] 
2021-06-13T20:16:13.240+0800: 2630724.892: [GC (Allocation Failure) [PSYoungGen: 506240K->5632K(511488K)] 827474K->332813K(1035776K), 0.0197987 secs] [Times: user=0.03 sys=0.03, real=0.02 secs] 
2021-06-13T20:20:34.332+0800: 2630985.984: [GC (Allocation Failure) [PSYoungGen: 504320K->5984K(504832K)] 831501K->337616K(1029120K), 0.0196203 secs] [Times: user=0.02 sys=0.03, real=0.02 secs] 
2021-06-13T20:24:52.042+0800: 2631243.694: [GC (Allocation Failure) [PSYoungGen: 504672K->8768K(511488K)] 836304K->344982K(1035776K), 0.0308421 secs] [Times: user=0.03 sys=0.04, real=0.04 secs] 
2021-06-13T20:29:10.659+0800: 2631502.311: [GC (Allocation Failure) [PSYoungGen: 506944K->10016K(510976K)] 843158K->353409K(1035264K), 0.0250139 secs] [Times: user=0.03 sys=0.04, real=0.03 secs] 
2021-06-13T20:33:25.944+0800: 2631757.596: [GC (Allocation Failure) [PSYoungGen: 508192K->9152K(511488K)] 851585K->360275K(1035776K), 0.0234645 secs] [Times: user=0.04 sys=0.03, real=0.02 secs] 
2021-06-13T20:37:42.930+0800: 2632014.583: [GC (Allocation Failure) [PSYoungGen: 507840K->9728K(511488K)] 858963K->367398K(1035776K), 0.0272206 secs] [Times: user=0.03 sys=0.03, real=0.03 secs] 
2021-06-13T20:42:03.367+0800: 2632275.019: [GC (Allocation Failure) [PSYoungGen: 508416K->9280K(512000K)] 866086K->375175K(1036288K), 0.0274188 secs] [Times: user=0.03 sys=0.04, real=0.03 secs] 
2021-06-13T20:46:23.665+0800: 2632535.317: [GC (Allocation Failure) [PSYoungGen: 508480K->8064K(511488K)] 874375K->381960K(1035776K), 0.0261939 secs] [Times: user=0.04 sys=0.03, real=0.02 secs] 
2021-06-13T20:50:39.608+0800: 2632791.260: [GC (Allocation Failure) [PSYoungGen: 507264K->10592K(510976K)] 881160K->389597K(1035264K), 0.0236876 secs] [Times: user=0.07 sys=0.00, real=0.02 secs] 
2021-06-13T20:54:56.215+0800: 2633047.867: [GC (Allocation Failure) [PSYoungGen: 509280K->11168K(509952K)] 888285K->399030K(1034240K), 0.0308626 secs] [Times: user=0.05 sys=0.05, real=0.03 secs] 
2021-06-13T20:59:13.703+0800: 2633305.355: [GC (Allocation Failure) [PSYoungGen: 509856K->9664K(511488K)] 897718K->406152K(1035776K), 0.0674761 secs] [Times: user=0.03 sys=0.04, real=0.06 secs] 
2021-06-13T21:03:29.252+0800: 2633560.904: [GC (Allocation Failure) [PSYoungGen: 507840K->8224K(510976K)] 904328K->413209K(1035264K), 0.0235119 secs] [Times: user=0.03 sys=0.04, real=0.02 secs] 
2021-06-13T21:07:46.331+0800: 2633817.983: [GC (Allocation Failure) [PSYoungGen: 506400K->8832K(512000K)] 911385K->419693K(1036288K), 0.0228557 secs] [Times: user=0.03 sys=0.03, real=0.03 secs] 
2021-06-13T21:12:04.270+0800: 2634075.922: [GC (Allocation Failure) [PSYoungGen: 508032K->9088K(511488K)] 918893K->426786K(1035776K), 0.0228253 secs] [Times: user=0.03 sys=0.03, real=0.03 secs] 
2021-06-13T21:16:23.883+0800: 2634335.535: [GC (Allocation Failure) [PSYoungGen: 508288K->8160K(512000K)] 925986K->432917K(1036288K), 0.0466712 secs] [Times: user=0.03 sys=0.03, real=0.05 secs] 
2021-06-13T21:20:43.939+0800: 2634595.591: [GC (Allocation Failure) [PSYoungGen: 507872K->8864K(512000K)] 932629K->439703K(1036288K), 0.0679255 secs] [Times: user=0.03 sys=0.03, real=0.07 secs] 
2021-06-13T21:25:01.870+0800: 2634853.522: [GC (Allocation Failure) [PSYoungGen: 508576K->10368K(511488K)] 939415K->448178K(1035776K), 0.0231350 secs] [Times: user=0.03 sys=0.04, real=0.03 secs] 
2021-06-13T21:29:19.040+0800: 2635110.693: [GC (Allocation Failure) [PSYoungGen: 510080K->10496K(512000K)] 947890K->457124K(1036288K), 0.0657391 secs] [Times: user=0.04 sys=0.04, real=0.07 secs] 
2021-06-13T21:33:37.066+0800: 2635368.718: [GC (Allocation Failure) [PSYoungGen: 510208K->9984K(512000K)] 956836K->465942K(1036288K), 0.0231553 secs] [Times: user=0.04 sys=0.03, real=0.02 secs] 
2021-06-13T21:37:54.108+0800: 2635625.760: [GC (Allocation Failure) [PSYoungGen: 509696K->7936K(512000K)] 965654K->471415K(1036288K), 0.0228620 secs] [Times: user=0.04 sys=0.03, real=0.02 secs] 
2021-06-13T21:42:12.581+0800: 2635884.233: [GC (Allocation Failure) [PSYoungGen: 507648K->8640K(512000K)] 971127K->478347K(1036288K), 0.0238455 secs] [Times: user=0.03 sys=0.03, real=0.03 secs] 
2021-06-13T21:46:29.482+0800: 2636141.134: [GC (Allocation Failure) [PSYoungGen: 508352K->9536K(512000K)] 978059K->485966K(1036288K), 0.0264682 secs] [Times: user=0.03 sys=0.04, real=0.03 secs] 
2021-06-13T21:50:44.282+0800: 2636395.934: [GC (Allocation Failure) [PSYoungGen: 509248K->11680K(510464K)] 985678K->494865K(1034752K), 0.0495008 secs] [Times: user=0.04 sys=0.04, real=0.04 secs] 
2021-06-13T21:54:59.013+0800: 2636650.665: [GC (Allocation Failure) [PSYoungGen: 510368K->9696K(511488K)] 993553K->502257K(1035776K), 0.0269551 secs] [Times: user=0.03 sys=0.04, real=0.02 secs] 
2021-06-13T21:59:18.003+0800: 2636909.655: [GC (Allocation Failure) [PSYoungGen: 508384K->9952K(512000K)] 1000945K->509810K(1036288K), 0.0488530 secs] [Times: user=0.09 sys=0.00, real=0.05 secs] 
2021-06-13T22:03:32.010+0800: 2637163.662: [GC (Allocation Failure) [PSYoungGen: 509664K->7904K(512000K)] 1009522K->515525K(1036288K), 0.0275636 secs] [Times: user=0.03 sys=0.03, real=0.03 secs] 
2021-06-13T22:07:46.934+0800: 2637418.586: [GC (Allocation Failure) [PSYoungGen: 507616K->9760K(512000K)] 1015237K->523528K(1036288K), 0.0266853 secs] [Times: user=0.03 sys=0.03, real=0.03 secs] 
2021-06-13T22:12:05.162+0800: 2637676.814: [GC (Allocation Failure) [PSYoungGen: 509472K->9568K(512000K)] 1023240K->530275K(1036288K), 0.0230596 secs] [Times: user=0.03 sys=0.04, real=0.03 secs] 
2021-06-13T22:12:05.185+0800: 2637676.837: [Full GC (Ergonomics) [PSYoungGen: 9568K->0K(512000K)] [ParOldGen: 520707K->306456K(524288K)] 530275K->306456K(1036288K), [Metaspace: 97317K->97317K(1138688K)], 0.4463778 secs] [Times: user=0.99 sys=0.00, real=0.44 secs] 
2021-06-13T22:16:26.052+0800: 2637937.704: [GC (Allocation Failure) [PSYoungGen: 499712K->8896K(512512K)] 806168K->315352K(1036800K), 0.0202439 secs] [Times: user=0.03 sys=0.03, real=0.03 secs] 
2021-06-13T22:20:45.463+0800: 2638197.115: [GC (Allocation Failure) [PSYoungGen: 509120K->8192K(512000K)] 815576K->321868K(1036288K), 0.0250341 secs] [Times: user=0.03 sys=0.04, real=0.02 secs] 
2021-06-13T22:25:06.327+0800: 2638457.979: [GC (Allocation Failure) [PSYoungGen: 508416K->7936K(512512K)] 822092K->327927K(1036800K), 0.0247187 secs] [Times: user=0.03 sys=0.04, real=0.02 secs] 
2021-06-13T22:29:22.047+0800: 2638713.699: [GC (Allocation Failure) [PSYoungGen: 508672K->9024K(512512K)] 828663K->335259K(1036800K), 0.0232560 secs] [Times: user=0.03 sys=0.03, real=0.02 secs] 
2021-06-13T22:33:42.327+0800: 2638973.979: [GC (Allocation Failure) [PSYoungGen: 509760K->10784K(512512K)] 835995K->344198K(1036800K), 0.0230656 secs] [Times: user=0.04 sys=0.03, real=0.02 secs] 
2021-06-13T22:37:57.726+0800: 2639229.378: [GC (Allocation Failure) [PSYoungGen: 511520K->10976K(512000K)] 844934K->352977K(1036288K), 0.0266620 secs] [Times: user=0.03 sys=0.03, real=0.03 secs] 
2021-06-13T22:42:14.663+0800: 2639486.315: [GC (Allocation Failure) [PSYoungGen: 511712K->9632K(512000K)] 853713K->359284K(1036288K), 0.0272455 secs] [Times: user=0.04 sys=0.04, real=0.02 secs] 
2021-06-13T22:46:33.585+0800: 2639745.237: [GC (Allocation Failure) [PSYoungGen: 509344K->10016K(512000K)] 858996K->367758K(1036288K), 0.0580960 secs] [Times: user=0.03 sys=0.03, real=0.06 secs] 
2021-06-13T22:50:51.834+0800: 2640003.486: [GC (Allocation Failure) [PSYoungGen: 509728K->9536K(512512K)] 867470K->375681K(1036800K), 0.0226085 secs] [Times: user=0.03 sys=0.03, real=0.02 secs] 
2021-06-13T22:55:09.220+0800: 2640260.872: [GC (Allocation Failure) [PSYoungGen: 509760K->9408K(512000K)] 875905K->382842K(1036288K), 0.0241646 secs] [Times: user=0.04 sys=0.03, real=0.03 secs] 
2021-06-13T22:59:26.375+0800: 2640518.027: [GC (Allocation Failure) [PSYoungGen: 509632K->9120K(512512K)] 883066K->390292K(1036800K), 0.0276323 secs] [Times: user=0.04 sys=0.04, real=0.03 secs] 
2021-06-13T23:03:44.555+0800: 2640776.207: [GC (Allocation Failure) [PSYoungGen: 509856K->7424K(512512K)] 891028K->396095K(1036800K), 0.0272383 secs] [Times: user=0.04 sys=0.03, real=0.03 secs] 
2021-06-13T23:08:03.835+0800: 2641035.488: [GC (Allocation Failure) [PSYoungGen: 508160K->10784K(511488K)] 896831K->405044K(1035776K), 0.0235313 secs] [Times: user=0.03 sys=0.04, real=0.02 secs] 
2021-06-13T23:12:25.607+0800: 2641297.259: [GC (Allocation Failure) [PSYoungGen: 510496K->6656K(512000K)] 904756K->409667K(1036288K), 0.0276714 secs] [Times: user=0.03 sys=0.04, real=0.03 secs] 
2021-06-13T23:16:44.115+0800: 2641555.767: [GC (Allocation Failure) [PSYoungGen: 506368K->8544K(512000K)] 909379K->416440K(1036288K), 0.0215704 secs] [Times: user=0.04 sys=0.03, real=0.02 secs] 
2021-06-13T23:21:00.026+0800: 2641811.678: [GC (Allocation Failure) [PSYoungGen: 508256K->10112K(512000K)] 916152K->424570K(1036288K), 0.0255514 secs] [Times: user=0.04 sys=0.03, real=0.02 secs] 
2021-06-13T23:25:17.103+0800: 2642068.755: [GC (Allocation Failure) [PSYoungGen: 509824K->11104K(510976K)] 924282K->433708K(1035264K), 0.0267859 secs] [Times: user=0.04 sys=0.03, real=0.02 secs] 
2021-06-13T23:29:32.000+0800: 2642323.652: [GC (Allocation Failure) [PSYoungGen: 509792K->9280K(511488K)] 932396K->440285K(1035776K), 0.0850714 secs] [Times: user=0.16 sys=0.15, real=0.09 secs] 
2021-06-13T23:33:49.318+0800: 2642580.970: [GC (Allocation Failure) [PSYoungGen: 507968K->8416K(512000K)] 938973K->446384K(1036288K), 0.0321678 secs] [Times: user=0.04 sys=0.05, real=0.03 secs] 
2021-06-13T23:38:06.268+0800: 2642837.920: [GC (Allocation Failure) [PSYoungGen: 508128K->8992K(512000K)] 946096K->453091K(1036288K), 0.0310654 secs] [Times: user=0.03 sys=0.03, real=0.03 secs] 
2021-06-13T23:42:24.004+0800: 2643095.656: [GC (Allocation Failure) [PSYoungGen: 508704K->10016K(512000K)] 952803K->460823K(1036288K), 0.0341333 secs] [Times: user=0.04 sys=0.04, real=0.03 secs] 
2021-06-13T23:46:38.315+0800: 2643349.967: [GC (Allocation Failure) [PSYoungGen: 509728K->12256K(512000K)] 960535K->471753K(1036288K), 0.0251747 secs] [Times: user=0.04 sys=0.03, real=0.02 secs] 
2021-06-13T23:50:59.980+0800: 2643611.632: [GC (Allocation Failure) [PSYoungGen: 511968K->11712K(504832K)] 971465K->481034K(1029120K), 0.0326399 secs] [Times: user=0.04 sys=0.04, real=0.04 secs] 
2021-06-13T23:55:14.711+0800: 2643866.363: [GC (Allocation Failure) [PSYoungGen: 504256K->8672K(508416K)] 973578K->486659K(1032704K), 0.0232218 secs] [Times: user=0.03 sys=0.04, real=0.03 secs] 
2021-06-13T23:59:29.991+0800: 2644121.643: [GC (Allocation Failure) [PSYoungGen: 501216K->9472K(508928K)] 979203K->493998K(1033216K), 0.0326783 secs] [Times: user=0.03 sys=0.04, real=0.04 secs] 
2021-06-14T00:03:34.620+0800: 2644366.272: [GC (Allocation Failure) [PSYoungGen: 502528K->11008K(508416K)] 987054K->503041K(1032704K), 0.0725074 secs] [Times: user=0.04 sys=0.03, real=0.08 secs] 
2021-06-14T00:07:46.482+0800: 2644618.134: [GC (Allocation Failure) [PSYoungGen: 504064K->10080K(509440K)] 996097K->510891K(1033728K), 0.0258980 secs] [Times: user=0.04 sys=0.04, real=0.03 secs] 
2021-06-14T00:12:02.776+0800: 2644874.428: [GC (Allocation Failure) [PSYoungGen: 504160K->8448K(508928K)] 1004971K->517876K(1033216K), 0.0239249 secs] [Times: user=0.03 sys=0.05, real=0.02 secs] 
2021-06-14T00:16:21.052+0800: 2645132.704: [GC (Allocation Failure) [PSYoungGen: 502528K->9984K(509952K)] 1011956K->526023K(1034240K), 0.0279103 secs] [Times: user=0.04 sys=0.04, real=0.03 secs] 
2021-06-14T00:16:21.080+0800: 2645132.732: [Full GC (Ergonomics) [PSYoungGen: 9984K->0K(509952K)] [ParOldGen: 516039K->305244K(524288K)] 526023K->305244K(1034240K), [Metaspace: 97317K->97313K(1138688K)], 0.6051275 secs] [Times: user=0.64 sys=0.64, real=0.61 secs] 
2021-06-14T00:20:35.098+0800: 2645386.750: [GC (Allocation Failure) [PSYoungGen: 495104K->9632K(509440K)] 800348K->314876K(1033728K), 0.0197641 secs] [Times: user=0.02 sys=0.03, real=0.02 secs] 
2021-06-14T00:24:48.508+0800: 2645640.160: [GC (Allocation Failure) [PSYoungGen: 504736K->10208K(510464K)] 809980K->323183K(1034752K), 0.0238451 secs] [Times: user=0.03 sys=0.03, real=0.02 secs] 
2021-06-14T00:29:06.275+0800: 2645897.927: [GC (Allocation Failure) [PSYoungGen: 506848K->11488K(510464K)] 819823K->332090K(1034752K), 0.0278442 secs] [Times: user=0.03 sys=0.03, real=0.03 secs] 
2021-06-14T00:33:21.449+0800: 2646153.101: [GC (Allocation Failure) [PSYoungGen: 508128K->10272K(510976K)] 828730K->339900K(1035264K), 0.0323978 secs] [Times: user=0.04 sys=0.04, real=0.03 secs] 
2021-06-14T00:37:38.393+0800: 2646410.045: [GC (Allocation Failure) [PSYoungGen: 507424K->9024K(510464K)] 837052K->346335K(1034752K), 0.0283993 secs] [Times: user=0.03 sys=0.04, real=0.02 secs] 
2021-06-14T00:41:54.569+0800: 2646666.221: [GC (Allocation Failure) [PSYoungGen: 506176K->9120K(510976K)] 843487K->353905K(1035264K), 0.0298335 secs] [Times: user=0.03 sys=0.04, real=0.03 secs] 
2021-06-14T00:46:09.252+0800: 2646920.904: [GC (Allocation Failure) [PSYoungGen: 506784K->11296K(510976K)] 851569K->363021K(1035264K), 0.0272396 secs] [Times: user=0.03 sys=0.04, real=0.03 secs] 
2021-06-14T00:50:25.357+0800: 2647177.009: [GC (Allocation Failure) [PSYoungGen: 508960K->8992K(510976K)] 860685K->369854K(1035264K), 0.0228639 secs] [Times: user=0.04 sys=0.04, real=0.02 secs] 
2021-06-14T00:54:45.188+0800: 2647436.840: [GC (Allocation Failure) [PSYoungGen: 506656K->8832K(510976K)] 867518K->376865K(1035264K), 0.0188023 secs] [Times: user=0.03 sys=0.04, real=0.02 secs] 
2021-06-14T00:59:01.273+0800: 2647692.926: [GC (Allocation Failure) [PSYoungGen: 506496K->10944K(510976K)] 874529K->386075K(1035264K), 0.0238116 secs] [Times: user=0.03 sys=0.04, real=0.02 secs] 
2021-06-14T01:03:08.724+0800: 2647940.376: [GC (Allocation Failure) [PSYoungGen: 508608K->10154K(510976K)] 883739K->393694K(1035264K), 0.0251546 secs] [Times: user=0.04 sys=0.04, real=0.02 secs] 
2021-06-14T01:07:31.194+0800: 2648202.846: [GC (Allocation Failure) [PSYoungGen: 507818K->8352K(510976K)] 891358K->400137K(1035264K), 0.0265908 secs] [Times: user=0.03 sys=0.04, real=0.02 secs] 
2021-06-14T01:11:48.777+0800: 2648460.429: [GC (Allocation Failure) [PSYoungGen: 506016K->10528K(510976K)] 897801K->408804K(1035264K), 0.0456607 secs] [Times: user=0.03 sys=0.04, real=0.05 secs] 
2021-06-14T01:16:06.153+0800: 2648717.805: [GC (Allocation Failure) [PSYoungGen: 508192K->9888K(511488K)] 906468K->416544K(1035776K), 0.0254998 secs] [Times: user=0.04 sys=0.04, real=0.02 secs] 
2021-06-14T01:20:22.989+0800: 2648974.641: [GC (Allocation Failure) [PSYoungGen: 508576K->10336K(511488K)] 915232K->424307K(1035776K), 0.0266525 secs] [Times: user=0.04 sys=0.03, real=0.03 secs] 
2021-06-14T01:24:37.598+0800: 2649229.250: [GC (Allocation Failure) [PSYoungGen: 509024K->9792K(512000K)] 922995K->432260K(1036288K), 0.0244737 secs] [Times: user=0.04 sys=0.04, real=0.03 secs] 
2021-06-14T01:28:55.890+0800: 2649487.542: [GC (Allocation Failure) [PSYoungGen: 508992K->10336K(511488K)] 931460K->440526K(1035776K), 0.0246992 secs] [Times: user=0.04 sys=0.04, real=0.03 secs] 
2021-06-14T01:33:13.413+0800: 2649745.065: [GC (Allocation Failure) [PSYoungGen: 509536K->10016K(512000K)] 939726K->447672K(1036288K), 0.0281920 secs] [Times: user=0.04 sys=0.04, real=0.02 secs] 
2021-06-14T01:37:30.140+0800: 2650001.792: [GC (Allocation Failure) [PSYoungGen: 509728K->12192K(512000K)] 947384K->457978K(1036288K), 0.0300280 secs] [Times: user=0.04 sys=0.04, real=0.03 secs] 
2021-06-14T01:41:43.412+0800: 2650255.064: [GC (Allocation Failure) [PSYoungGen: 511904K->11168K(510976K)] 957690K->465812K(1035264K), 0.0257951 secs] [Times: user=0.04 sys=0.04, real=0.02 secs] 
2021-06-14T01:45:58.344+0800: 2650509.996: [GC (Allocation Failure) [PSYoungGen: 509856K->9792K(511488K)] 964500K->473773K(1035776K), 0.0280836 secs] [Times: user=0.04 sys=0.04, real=0.03 secs] 
2021-06-14T01:50:13.216+0800: 2650764.868: [GC (Allocation Failure) [PSYoungGen: 508480K->9728K(511488K)] 972461K->481128K(1035776K), 0.0242928 secs] [Times: user=0.04 sys=0.04, real=0.02 secs] 
2021-06-14T01:54:32.988+0800: 2651024.640: [GC (Allocation Failure) [PSYoungGen: 508416K->8992K(511488K)] 979816K->488113K(1035776K), 0.0308730 secs] [Times: user=0.04 sys=0.04, real=0.03 secs] 
2021-06-14T01:58:49.689+0800: 2651281.341: [GC (Allocation Failure) [PSYoungGen: 507680K->7648K(511488K)] 986801K->493332K(1035776K), 0.0227645 secs] [Times: user=0.04 sys=0.04, real=0.03 secs] 
2021-06-14T02:03:06.398+0800: 2651538.050: [GC (Allocation Failure) [PSYoungGen: 506336K->10816K(511488K)] 992020K->502080K(1035776K), 0.0253759 secs] [Times: user=0.03 sys=0.04, real=0.03 secs] 
2021-06-14T02:07:28.451+0800: 2651800.103: [GC (Allocation Failure) [PSYoungGen: 509504K->8096K(511488K)] 1000768K->507760K(1035776K), 0.0246852 secs] [Times: user=0.03 sys=0.04, real=0.03 secs] 
2021-06-14T02:11:45.889+0800: 2652057.541: [GC (Allocation Failure) [PSYoungGen: 506784K->11008K(509952K)] 1006448K->516244K(1034240K), 0.0243132 secs] [Times: user=0.03 sys=0.04, real=0.03 secs] 
2021-06-14T02:16:04.828+0800: 2652316.481: [GC (Allocation Failure) [PSYoungGen: 509696K->8960K(511488K)] 1014932K->522677K(1035776K), 0.0268683 secs] [Times: user=0.03 sys=0.04, real=0.03 secs] 
2021-06-14T02:20:18.388+0800: 2652570.040: [GC (Allocation Failure) [PSYoungGen: 507136K->8640K(510976K)] 1020853K->528392K(1035264K), 0.0275276 secs] [Times: user=0.04 sys=0.03, real=0.03 secs] 
2021-06-14T02:20:18.417+0800: 2652570.069: [Full GC (Ergonomics) [PSYoungGen: 8640K->0K(510976K)] [ParOldGen: 519752K->308515K(524288K)] 528392K->308515K(1035264K), [Metaspace: 97316K->97316K(1138688K)], 0.4885669 secs] [Times: user=0.55 sys=0.54, real=0.49 secs] 
2021-06-14T02:24:36.038+0800: 2652827.690: [GC (Allocation Failure) [PSYoungGen: 498176K->9504K(511488K)] 806691K->318019K(1035776K), 0.0204963 secs] [Times: user=0.03 sys=0.03, real=0.02 secs] 
2021-06-14T02:28:47.666+0800: 2653079.318: [GC (Allocation Failure) [PSYoungGen: 508192K->7744K(511488K)] 816707K->324501K(1035776K), 0.0252653 secs] [Times: user=0.04 sys=0.03, real=0.02 secs] 
2021-06-14T02:33:03.215+0800: 2653334.867: [GC (Allocation Failure) [PSYoungGen: 506432K->10592K(511488K)] 823189K->333786K(1035776K), 0.0234661 secs] [Times: user=0.03 sys=0.03, real=0.02 secs] 
2021-06-14T02:37:26.506+0800: 2653598.158: [GC (Allocation Failure) [PSYoungGen: 509279K->7872K(511488K)] 832474K->338980K(1035776K), 0.0216716 secs] [Times: user=0.03 sys=0.04, real=0.02 secs] 
2021-06-14T02:41:42.430+0800: 2653854.082: [GC (Allocation Failure) [PSYoungGen: 506560K->8608K(511488K)] 837668K->346022K(1035776K), 0.0230749 secs] [Times: user=0.03 sys=0.04, real=0.03 secs] 
2021-06-14T02:45:59.232+0800: 2654110.884: [GC (Allocation Failure) [PSYoungGen: 507296K->7488K(511488K)] 844710K->351866K(1035776K), 0.0208586 secs] [Times: user=0.03 sys=0.04, real=0.03 secs] 
2021-06-14T02:50:14.910+0800: 2654366.562: [GC (Allocation Failure) [PSYoungGen: 506176K->7296K(511488K)] 850554K->357764K(1035776K), 0.0204642 secs] [Times: user=0.03 sys=0.04, real=0.02 secs] 
2021-06-14T02:54:34.613+0800: 2654626.265: [GC (Allocation Failure) [PSYoungGen: 505984K->7232K(511488K)] 856452K->363047K(1035776K), 0.0212801 secs] [Times: user=0.02 sys=0.03, real=0.02 secs] 
2021-06-14T02:58:51.698+0800: 2654883.350: [GC (Allocation Failure) [PSYoungGen: 505920K->8672K(512000K)] 861735K->370099K(1036288K), 0.0240711 secs] [Times: user=0.04 sys=0.04, real=0.03 secs] 
2021-06-14T03:03:10.709+0800: 2655142.361: [GC (Allocation Failure) [PSYoungGen: 507872K->9280K(511488K)] 869299K->377013K(1035776K), 0.0237900 secs] [Times: user=0.03 sys=0.03, real=0.03 secs] 
2021-06-14T03:07:29.691+0800: 2655401.343: [GC (Allocation Failure) [PSYoungGen: 508480K->10304K(512000K)] 876213K->385208K(1036288K), 0.0268245 secs] [Times: user=0.04 sys=0.04, real=0.03 secs] 
2021-06-14T03:11:46.439+0800: 2655658.091: [GC (Allocation Failure) [PSYoungGen: 510016K->9760K(512000K)] 884920K->392770K(1036288K), 0.0243658 secs] [Times: user=0.04 sys=0.04, real=0.03 secs] 
2021-06-14T03:16:05.717+0800: 2655917.369: [GC (Allocation Failure) [PSYoungGen: 509472K->8416K(512000K)] 892482K->399196K(1036288K), 0.0217294 secs] [Times: user=0.03 sys=0.03, real=0.02 secs] 
2021-06-14T03:20:25.275+0800: 2656176.927: [GC (Allocation Failure) [PSYoungGen: 508128K->6432K(512000K)] 898908K->403966K(1036288K), 0.0246325 secs] [Times: user=0.04 sys=0.04, real=0.02 secs] 
2021-06-14T03:24:42.793+0800: 2656434.445: [GC (Allocation Failure) [PSYoungGen: 506144K->8576K(512512K)] 903678K->411058K(1036800K), 0.0255976 secs] [Times: user=0.04 sys=0.04, real=0.02 secs] 
2021-06-14T03:29:02.157+0800: 2656693.809: [GC (Allocation Failure) [PSYoungGen: 508800K->9408K(512000K)] 911282K->418660K(1036288K), 0.0247614 secs] [Times: user=0.04 sys=0.04, real=0.02 secs] 
2021-06-14T03:33:23.467+0800: 2656955.119: [GC (Allocation Failure) [PSYoungGen: 509632K->9152K(512512K)] 918884K->425654K(1036800K), 0.0297259 secs] [Times: user=0.04 sys=0.04, real=0.03 secs] 
2021-06-14T03:37:42.297+0800: 2657213.949: [GC (Allocation Failure) [PSYoungGen: 509888K->9280K(512512K)] 926390K->433241K(1036800K), 0.0306024 secs] [Times: user=0.05 sys=0.05, real=0.03 secs] 
2021-06-14T03:41:59.713+0800: 2657471.365: [GC (Allocation Failure) [PSYoungGen: 510016K->11392K(511488K)] 933977K->443283K(1035776K), 0.0370393 secs] [Times: user=0.11 sys=0.00, real=0.03 secs] 
2021-06-14T03:46:17.657+0800: 2657729.309: [GC (Allocation Failure) [PSYoungGen: 511104K->8224K(512000K)] 942995K->448548K(1036288K), 0.0299981 secs] [Times: user=0.05 sys=0.04, real=0.03 secs] 
2021-06-14T03:50:32.913+0800: 2657984.565: [GC (Allocation Failure) [PSYoungGen: 507936K->10496K(512000K)] 948260K->457438K(1036288K), 0.0254168 secs] [Times: user=0.04 sys=0.04, real=0.02 secs] 
2021-06-14T03:54:50.402+0800: 2658242.054: [GC (Allocation Failure) [PSYoungGen: 510208K->7808K(512000K)] 957150K->462865K(1036288K), 0.0267393 secs] [Times: user=0.04 sys=0.04, real=0.02 secs] 
2021-06-14T03:59:10.261+0800: 2658501.913: [GC (Allocation Failure) [PSYoungGen: 507520K->9056K(512000K)] 962577K->470373K(1036288K), 0.0263708 secs] [Times: user=0.04 sys=0.05, real=0.03 secs] 
2021-06-14T04:03:26.146+0800: 2658757.798: [GC (Allocation Failure) [PSYoungGen: 508768K->10144K(512000K)] 970085K->478632K(1036288K), 0.0333877 secs] [Times: user=0.04 sys=0.05, real=0.03 secs] 
2021-06-14T04:07:46.523+0800: 2659018.175: [GC (Allocation Failure) [PSYoungGen: 509856K->9056K(512512K)] 978344K->485387K(1036800K), 0.0256755 secs] [Times: user=0.04 sys=0.04, real=0.02 secs] 
2021-06-14T04:12:05.382+0800: 2659277.034: [GC (Allocation Failure) [PSYoungGen: 509280K->10368K(512000K)] 985611K->493862K(1036288K), 0.0264423 secs] [Times: user=0.04 sys=0.04, real=0.03 secs] 
2021-06-14T04:16:22.757+0800: 2659534.409: [GC (Allocation Failure) [PSYoungGen: 510592K->9696K(512000K)] 994086K->501463K(1036288K), 0.0329072 secs] [Times: user=0.04 sys=0.05, real=0.03 secs] 
2021-06-14T04:20:40.960+0800: 2659792.612: [GC (Allocation Failure) [PSYoungGen: 509408K->10016K(512000K)] 1001175K->509336K(1036288K), 0.0271902 secs] [Times: user=0.05 sys=0.05, real=0.03 secs] 
2021-06-14T04:24:58.011+0800: 2660049.663: [GC (Allocation Failure) [PSYoungGen: 509728K->9856K(512512K)] 1009048K->517354K(1036800K), 0.0372646 secs] [Times: user=0.04 sys=0.05, real=0.04 secs] 
2021-06-14T04:29:14.248+0800: 2660305.900: [GC (Allocation Failure) [PSYoungGen: 510080K->8832K(512000K)] 1017578K->523548K(1036288K), 0.0296375 secs] [Times: user=0.04 sys=0.04, real=0.03 secs] 
2021-06-14T04:33:33.799+0800: 2660565.451: [GC (Allocation Failure) [PSYoungGen: 509056K->9088K(512512K)] 1023772K->531125K(1036800K), 0.0757041 secs] [Times: user=0.04 sys=0.03, real=0.08 secs] 
2021-06-14T04:33:33.875+0800: 2660565.527: [Full GC (Ergonomics) [PSYoungGen: 9088K->0K(512512K)] [ParOldGen: 522037K->305030K(524288K)] 531125K->305030K(1036800K), [Metaspace: 97316K->97316K(1138688K)], 0.5044929 secs] [Times: user=1.10 sys=0.00, real=0.50 secs] 
2021-06-14T04:37:49.142+0800: 2660820.794: [GC (Allocation Failure) [PSYoungGen: 500736K->11712K(512512K)] 805766K->316742K(1036800K), 0.0236641 secs] [Times: user=0.03 sys=0.04, real=0.02 secs] 
2021-06-14T04:42:03.940+0800: 2661075.592: [GC (Allocation Failure) [PSYoungGen: 512448K->9216K(511488K)] 817478K->323344K(1035776K), 0.0765628 secs] [Times: user=0.05 sys=0.04, real=0.08 secs] 
2021-06-14T04:46:19.852+0800: 2661331.504: [GC (Allocation Failure) [PSYoungGen: 508928K->10528K(512000K)] 823056K->332090K(1036288K), 0.0537697 secs] [Times: user=0.07 sys=0.00, real=0.06 secs] 
2021-06-14T04:50:36.958+0800: 2661588.610: [GC (Allocation Failure) [PSYoungGen: 510240K->9760K(512000K)] 831802K->339245K(1036288K), 0.0262445 secs] [Times: user=0.03 sys=0.04, real=0.03 secs] 
2021-06-14T04:54:51.715+0800: 2661843.368: [GC (Allocation Failure) [PSYoungGen: 509472K->10048K(512000K)] 838957K->347632K(1036288K), 0.0259308 secs] [Times: user=0.04 sys=0.04, real=0.02 secs] 
2021-06-14T04:59:10.821+0800: 2662102.473: [GC (Allocation Failure) [PSYoungGen: 509760K->9472K(512512K)] 847344K->354802K(1036800K), 0.0266672 secs] [Times: user=0.04 sys=0.04, real=0.03 secs] 
2021-06-14T05:03:30.912+0800: 2662362.564: [GC (Allocation Failure) [PSYoungGen: 510208K->9632K(512512K)] 855538K->362700K(1036800K), 0.0265271 secs] [Times: user=0.03 sys=0.05, real=0.02 secs] 
2021-06-14T05:07:51.448+0800: 2662623.100: [GC (Allocation Failure) [PSYoungGen: 510368K->11072K(512512K)] 863436K->371772K(1036800K), 0.0843289 secs] [Times: user=0.04 sys=0.04, real=0.09 secs] 
2021-06-14T05:12:07.012+0800: 2662878.664: [GC (Allocation Failure) [PSYoungGen: 511808K->11040K(512000K)] 872508K->380222K(1036288K), 0.0243982 secs] [Times: user=0.03 sys=0.03, real=0.03 secs] 
2021-06-14T05:16:18.067+0800: 2663129.719: [GC (Allocation Failure) [PSYoungGen: 511776K->9920K(512000K)] 880958K->387608K(1036288K), 0.0335009 secs] [Times: user=0.03 sys=0.03, real=0.03 secs] 
2021-06-14T05:20:35.590+0800: 2663387.242: [GC (Allocation Failure) [PSYoungGen: 509631K->10848K(512000K)] 887319K->395635K(1036288K), 0.0283161 secs] [Times: user=0.04 sys=0.04, real=0.03 secs] 
2021-06-14T05:24:51.316+0800: 2663642.968: [GC (Allocation Failure) [PSYoungGen: 510560K->11264K(512000K)] 895347K->404588K(1036288K), 0.0399604 secs] [Times: user=0.04 sys=0.05, real=0.04 secs] 
2021-06-14T05:29:13.660+0800: 2663905.312: [GC (Allocation Failure) [PSYoungGen: 510976K->12256K(512000K)] 904300K->413375K(1036288K), 0.0348003 secs] [Times: user=0.04 sys=0.05, real=0.04 secs] 
2021-06-14T05:33:33.257+0800: 2664164.909: [GC (Allocation Failure) [PSYoungGen: 511968K->11584K(504832K)] 913087K->422064K(1029120K), 0.0348636 secs] [Times: user=0.05 sys=0.05, real=0.03 secs] 
2021-06-14T05:37:51.554+0800: 2664423.206: [GC (Allocation Failure) [PSYoungGen: 504128K->8448K(508416K)] 914608K->427368K(1032704K), 0.0287479 secs] [Times: user=0.03 sys=0.04, real=0.03 secs] 
2021-06-14T05:42:05.958+0800: 2664677.610: [GC (Allocation Failure) [PSYoungGen: 500992K->7168K(508416K)] 919912K->431922K(1032704K), 0.0498262 secs] [Times: user=0.03 sys=0.04, real=0.05 secs] 
2021-06-14T05:46:23.772+0800: 2664935.424: [GC (Allocation Failure) [PSYoungGen: 499712K->9024K(508416K)] 924466K->438846K(1032704K), 0.0299856 secs] [Times: user=0.04 sys=0.04, real=0.03 secs] 
2021-06-14T05:50:44.150+0800: 2665195.802: [GC (Allocation Failure) [PSYoungGen: 501568K->9536K(508928K)] 931390K->447095K(1033216K), 0.0235970 secs] [Times: user=0.03 sys=0.04, real=0.03 secs] 
2021-06-14T05:55:00.005+0800: 2665451.657: [GC (Allocation Failure) [PSYoungGen: 502592K->8000K(508416K)] 940151K->453008K(1032704K), 0.0267988 secs] [Times: user=0.04 sys=0.04, real=0.03 secs] 
2021-06-14T05:59:19.398+0800: 2665711.051: [GC (Allocation Failure) [PSYoungGen: 501056K->8704K(509440K)] 946064K->459677K(1033728K), 0.0288291 secs] [Times: user=0.05 sys=0.04, real=0.03 secs] 
2021-06-14T06:03:36.831+0800: 2665968.483: [GC (Allocation Failure) [PSYoungGen: 502784K->10816K(508928K)] 953757K->468537K(1033216K), 0.0250337 secs] [Times: user=0.03 sys=0.04, real=0.03 secs] 
2021-06-14T06:07:53.969+0800: 2666225.621: [GC (Allocation Failure) [PSYoungGen: 504896K->9056K(509952K)] 962617K->474963K(1034240K), 0.0258302 secs] [Times: user=0.04 sys=0.04, real=0.03 secs] 
2021-06-14T06:12:12.733+0800: 2666484.385: [GC (Allocation Failure) [PSYoungGen: 504160K->9280K(509440K)] 970067K->482356K(1033728K), 0.0252287 secs] [Times: user=0.03 sys=0.04, real=0.02 secs] 
2021-06-14T06:16:32.770+0800: 2666744.422: [GC (Allocation Failure) [PSYoungGen: 504384K->7136K(509952K)] 977460K->487854K(1034240K), 0.0468290 secs] [Times: user=0.03 sys=0.04, real=0.05 secs] 
2021-06-14T06:20:50.974+0800: 2667002.626: [GC (Allocation Failure) [PSYoungGen: 502752K->9792K(509952K)] 983470K->496010K(1034240K), 0.0317116 secs] [Times: user=0.05 sys=0.05, real=0.03 secs] 
2021-06-14T06:25:11.689+0800: 2667263.341: [GC (Allocation Failure) [PSYoungGen: 505408K->8960K(510464K)] 991626K->502796K(1034752K), 0.0511733 secs] [Times: user=0.04 sys=0.05, real=0.05 secs] 
2021-06-14T06:29:29.803+0800: 2667521.455: [GC (Allocation Failure) [PSYoungGen: 505600K->10016K(510464K)] 999436K->511039K(1034752K), 0.0279580 secs] [Times: user=0.04 sys=0.04, real=0.02 secs] 
2021-06-14T06:33:46.864+0800: 2667778.516: [GC (Allocation Failure) [PSYoungGen: 506656K->8512K(510976K)] 1007679K->517864K(1035264K), 0.0239810 secs] [Times: user=0.04 sys=0.04, real=0.02 secs] 
2021-06-14T06:38:07.183+0800: 2668038.835: [GC (Allocation Failure) [PSYoungGen: 506176K->8864K(510976K)] 1015528K->525148K(1035264K), 0.0251750 secs] [Times: user=0.03 sys=0.04, real=0.02 secs] 
2021-06-14T06:38:07.209+0800: 2668038.861: [Full GC (Ergonomics) [PSYoungGen: 8864K->0K(510976K)] [ParOldGen: 516284K->305471K(524288K)] 525148K->305471K(1035264K), [Metaspace: 97338K->97338K(1138688K)], 0.4904581 secs] [Times: user=0.53 sys=0.52, real=0.49 secs] 
2021-06-14T06:42:27.784+0800: 2668299.436: [GC (Allocation Failure) [PSYoungGen: 497664K->10144K(511488K)] 803135K->315615K(1035776K), 0.0184101 secs] [Times: user=0.02 sys=0.03, real=0.02 secs] 
2021-06-14T06:46:44.343+0800: 2668555.995: [GC (Allocation Failure) [PSYoungGen: 508832K->11456K(510464K)] 814303K->325730K(1034752K), 0.0261033 secs] [Times: user=0.04 sys=0.04, real=0.02 secs] 
2021-06-14T06:50:57.097+0800: 2668808.749: [GC (Allocation Failure) [PSYoungGen: 510144K->11488K(509952K)] 824418K->333629K(1034240K), 0.0246960 secs] [Times: user=0.03 sys=0.04, real=0.02 secs] 
2021-06-14T06:55:16.097+0800: 2669067.749: [GC (Allocation Failure) [PSYoungGen: 508128K->12928K(509952K)] 830269K->343992K(1034240K), 0.0253629 secs] [Times: user=0.04 sys=0.04, real=0.03 secs] 
2021-06-14T06:59:36.027+0800: 2669327.679: [GC (Allocation Failure) [PSYoungGen: 509568K->12800K(508928K)] 840632K->353099K(1033216K), 0.0232837 secs] [Times: user=0.04 sys=0.04, real=0.02 secs] 
2021-06-14T07:03:46.445+0800: 2669578.097: [GC (Allocation Failure) [PSYoungGen: 507392K->11786K(509440K)] 847691K->361775K(1033728K), 0.0451902 secs] [Times: user=0.03 sys=0.04, real=0.04 secs] 
2021-06-14T07:08:01.550+0800: 2669833.202: [GC (Allocation Failure) [PSYoungGen: 506378K->10816K(509440K)] 856367K->369467K(1033728K), 0.0340797 secs] [Times: user=0.03 sys=0.04, real=0.04 secs] 
2021-06-14T07:12:16.578+0800: 2670088.230: [GC (Allocation Failure) [PSYoungGen: 505408K->10336K(509440K)] 864059K->377308K(1033728K), 0.0227563 secs] [Times: user=0.04 sys=0.04, real=0.02 secs] 
2021-06-14T07:16:32.314+0800: 2670343.966: [GC (Allocation Failure) [PSYoungGen: 504928K->9696K(509952K)] 871900K->384070K(1034240K), 0.0228558 secs] [Times: user=0.03 sys=0.03, real=0.02 secs] 
2021-06-14T07:20:47.641+0800: 2670599.293: [GC (Allocation Failure) [PSYoungGen: 505312K->11360K(509952K)] 879686K->392850K(1034240K), 0.0221428 secs] [Times: user=0.04 sys=0.04, real=0.03 secs] 
2021-06-14T07:25:06.514+0800: 2670858.166: [GC (Allocation Failure) [PSYoungGen: 506976K->9824K(510464K)] 888466K->400301K(1034752K), 0.0235666 secs] [Times: user=0.04 sys=0.04, real=0.02 secs] 
2021-06-14T07:29:23.366+0800: 2671115.019: [GC (Allocation Failure) [PSYoungGen: 505952K->7200K(509952K)] 896429K->405869K(1034240K), 0.0285714 secs] [Times: user=0.04 sys=0.05, real=0.03 secs] 
2021-06-14T07:33:41.810+0800: 2671373.462: [GC (Allocation Failure) [PSYoungGen: 503328K->9472K(510464K)] 901997K->413425K(1034752K), 0.0243294 secs] [Times: user=0.03 sys=0.04, real=0.03 secs] 
2021-06-14T07:37:59.999+0800: 2671631.651: [GC (Allocation Failure) [PSYoungGen: 505600K->10304K(509952K)] 909553K->422170K(1034240K), 0.0221239 secs] [Times: user=0.04 sys=0.04, real=0.02 secs] 
2021-06-14T07:42:16.896+0800: 2671888.548: [GC (Allocation Failure) [PSYoungGen: 506432K->7712K(510464K)] 918298K->428148K(1034752K), 0.0261259 secs] [Times: user=0.03 sys=0.04, real=0.03 secs] 
2021-06-14T07:46:32.815+0800: 2672144.467: [GC (Allocation Failure) [PSYoungGen: 504352K->10016K(510464K)] 924788K->436951K(1034752K), 0.0237838 secs] [Times: user=0.03 sys=0.03, real=0.02 secs] 
2021-06-14T07:50:50.500+0800: 2672402.152: [GC (Allocation Failure) [PSYoungGen: 506656K->6976K(509952K)] 933591K->441601K(1034240K), 0.0253996 secs] [Times: user=0.04 sys=0.04, real=0.03 secs] 
2021-06-14T07:55:08.886+0800: 2672660.538: [GC (Allocation Failure) [PSYoungGen: 503616K->8064K(510464K)] 938241K->447989K(1034752K), 0.0301011 secs] [Times: user=0.03 sys=0.04, real=0.03 secs] 
2021-06-14T07:59:26.086+0800: 2672917.738: [GC (Allocation Failure) [PSYoungGen: 504704K->7968K(510976K)] 944629K->454391K(1035264K), 0.0241836 secs] [Times: user=0.04 sys=0.04, real=0.02 secs] 
2021-06-14T08:03:46.472+0800: 2673178.124: [GC (Allocation Failure) [PSYoungGen: 505632K->11520K(509440K)] 952055K->463899K(1033728K), 0.0273253 secs] [Times: user=0.03 sys=0.04, real=0.02 secs] 
2021-06-14T08:08:02.129+0800: 2673433.781: [GC (Allocation Failure) [PSYoungGen: 509184K->12000K(509440K)] 961563K->473229K(1033728K), 0.0274782 secs] [Times: user=0.04 sys=0.05, real=0.03 secs] 
2021-06-14T08:12:20.794+0800: 2673692.446: [GC (Allocation Failure) [PSYoungGen: 507616K->8736K(509952K)] 968845K->479461K(1034240K), 0.0310654 secs] [Times: user=0.05 sys=0.05, real=0.03 secs] 
2021-06-14T08:16:41.251+0800: 2673952.903: [GC (Allocation Failure) [PSYoungGen: 504352K->10208K(510464K)] 975077K->487864K(1034752K), 0.0315776 secs] [Times: user=0.04 sys=0.05, real=0.04 secs] 
2021-06-14T08:20:53.472+0800: 2674205.124: [GC (Allocation Failure) [PSYoungGen: 506848K->9952K(510464K)] 984504K->495187K(1034752K), 0.0313478 secs] [Times: user=0.04 sys=0.05, real=0.04 secs] 
2021-06-14T08:25:13.540+0800: 2674465.192: [GC (Allocation Failure) [PSYoungGen: 506591K->11136K(509952K)] 991826K->503663K(1034240K), 0.0250964 secs] [Times: user=0.04 sys=0.04, real=0.03 secs] 
2021-06-14T08:29:28.831+0800: 2674720.483: [GC (Allocation Failure) [PSYoungGen: 507776K->9760K(510464K)] 1000303K->511337K(1034752K), 0.0304246 secs] [Times: user=0.04 sys=0.04, real=0.03 secs] 
2021-06-14T08:33:49.558+0800: 2674981.210: [GC (Allocation Failure) [PSYoungGen: 506400K->10656K(510976K)] 1007977K->519195K(1035264K), 0.0249862 secs] [Times: user=0.04 sys=0.04, real=0.03 secs] 
2021-06-14T08:38:08.495+0800: 2675240.147: [GC (Allocation Failure) [PSYoungGen: 508320K->8416K(510976K)] 1016859K->525156K(1035264K), 0.0469792 secs] [Times: user=0.04 sys=0.03, real=0.04 secs] 
2021-06-14T08:38:08.542+0800: 2675240.194: [Full GC (Ergonomics) [PSYoungGen: 8416K->0K(510976K)] [ParOldGen: 516740K->306854K(524288K)] 525156K->306854K(1035264K), [Metaspace: 97338K->97335K(1138688K)], 0.4937062 secs] [Times: user=0.92 sys=0.00, real=0.49 secs] 
2021-06-14T08:42:25.561+0800: 2675497.213: [GC (Allocation Failure) [PSYoungGen: 497664K->10912K(510976K)] 804518K->317766K(1035264K), 0.0269804 secs] [Times: user=0.03 sys=0.04, real=0.03 secs] 
2021-06-14T08:46:40.067+0800: 2675751.719: [GC (Allocation Failure) [PSYoungGen: 508576K->11072K(510976K)] 815430K->327079K(1035264K), 0.0305998 secs] [Times: user=0.03 sys=0.05, real=0.03 secs] 
2021-06-14T08:50:57.577+0800: 2676009.229: [GC (Allocation Failure) [PSYoungGen: 508736K->8896K(510976K)] 824743K->333599K(1035264K), 0.0238050 secs] [Times: user=0.04 sys=0.03, real=0.02 secs] 
2021-06-14T08:55:13.733+0800: 2676265.385: [GC (Allocation Failure) [PSYoungGen: 506560K->11680K(509440K)] 831263K->342571K(1033728K), 0.0825641 secs] [Times: user=0.04 sys=0.05, real=0.08 secs] 
2021-06-14T08:59:33.197+0800: 2676524.849: [GC (Allocation Failure) [PSYoungGen: 509344K->12096K(509440K)] 840235K->351911K(1033728K), 0.0314730 secs] [Times: user=0.04 sys=0.04, real=0.03 secs] 
2021-06-14T09:03:47.916+0800: 2676779.568: [GC (Allocation Failure) [PSYoungGen: 507712K->12768K(508416K)] 847527K->362289K(1032704K), 0.0269961 secs] [Times: user=0.04 sys=0.04, real=0.03 secs] 
2021-06-14T09:08:09.417+0800: 2677041.069: [GC (Allocation Failure) [PSYoungGen: 508384K->8608K(509440K)] 857905K->367178K(1033728K), 0.0252134 secs] [Times: user=0.04 sys=0.04, real=0.03 secs] 
2021-06-14T09:12:25.843+0800: 2677297.495: [GC (Allocation Failure) [PSYoungGen: 503200K->9216K(509440K)] 861770K->374677K(1033728K), 0.0228256 secs] [Times: user=0.04 sys=0.04, real=0.02 secs] 
2021-06-14T09:16:42.996+0800: 2677554.648: [GC (Allocation Failure) [PSYoungGen: 503808K->7872K(509952K)] 869269K->380767K(1034240K), 0.0217684 secs] [Times: user=0.03 sys=0.03, real=0.02 secs] 
2021-06-14T09:21:00.262+0800: 2677811.914: [GC (Allocation Failure) [PSYoungGen: 503488K->9984K(509952K)] 876383K->388826K(1034240K), 0.0253131 secs] [Times: user=0.04 sys=0.04, real=0.03 secs] 
2021-06-14T09:25:18.789+0800: 2678070.441: [GC (Allocation Failure) [PSYoungGen: 505600K->9184K(510464K)] 884442K->395343K(1034752K), 0.0272707 secs] [Times: user=0.04 sys=0.04, real=0.03 secs] 
2021-06-14T09:29:39.219+0800: 2678330.871: [GC (Allocation Failure) [PSYoungGen: 505824K->8704K(510464K)] 891983K->402273K(1034752K), 0.1073182 secs] [Times: user=0.03 sys=0.03, real=0.11 secs] 
2021-06-14T09:33:59.651+0800: 2678591.303: [GC (Allocation Failure) [PSYoungGen: 505344K->6400K(510464K)] 898913K->406939K(1034752K), 0.0301101 secs] [Times: user=0.04 sys=0.04, real=0.03 secs] 
2021-06-14T09:38:18.322+0800: 2678849.974: [GC (Allocation Failure) [PSYoungGen: 503040K->8672K(510464K)] 903579K->414001K(1034752K), 0.0210817 secs] [Times: user=0.03 sys=0.03, real=0.03 secs] 
2021-06-14T09:42:36.768+0800: 2679108.420: [GC (Allocation Failure) [PSYoungGen: 505312K->10048K(510976K)] 910641K->422076K(1035264K), 0.0285656 secs] [Times: user=0.03 sys=0.04, real=0.03 secs] 
2021-06-14T09:46:51.857+0800: 2679363.509: [GC (Allocation Failure) [PSYoungGen: 507712K->10208K(510976K)] 919740K->430901K(1035264K), 0.0247936 secs] [Times: user=0.04 sys=0.03, real=0.02 secs] 
2021-06-14T09:51:09.996+0800: 2679621.648: [GC (Allocation Failure) [PSYoungGen: 507872K->7136K(510976K)] 928565K->435303K(1035264K), 0.0232393 secs] [Times: user=0.04 sys=0.03, real=0.02 secs] 
2021-06-14T09:55:27.388+0800: 2679879.040: [GC (Allocation Failure) [PSYoungGen: 504800K->9344K(510976K)] 932967K->442979K(1035264K), 0.0293163 secs] [Times: user=0.04 sys=0.04, real=0.03 secs] 
2021-06-14T09:59:48.109+0800: 2680139.761: [GC (Allocation Failure) [PSYoungGen: 507008K->6944K(510464K)] 940643K->448037K(1034752K), 0.0241484 secs] [Times: user=0.03 sys=0.04, real=0.03 secs] 
2021-06-14T10:04:05.256+0800: 2680396.908: [GC (Allocation Failure) [PSYoungGen: 504608K->10880K(510976K)] 945701K->457720K(1035264K), 0.0276405 secs] [Times: user=0.04 sys=0.04, real=0.03 secs] 
2021-06-14T10:08:26.291+0800: 2680657.943: [GC (Allocation Failure) [PSYoungGen: 508544K->7104K(510976K)] 955384K->462321K(1035264K), 0.0251852 secs] [Times: user=0.03 sys=0.04, real=0.03 secs] 
2021-06-14T10:12:44.114+0800: 2680915.766: [GC (Allocation Failure) [PSYoungGen: 504768K->7328K(510976K)] 959985K->467990K(1035264K), 0.0205859 secs] [Times: user=0.03 sys=0.04, real=0.02 secs] 
2021-06-14T10:16:58.399+0800: 2681170.052: [GC (Allocation Failure) [PSYoungGen: 504992K->7168K(510976K)] 965654K->473617K(1035264K), 0.0261797 secs] [Times: user=0.04 sys=0.04, real=0.03 secs] 
2021-06-14T10:21:15.232+0800: 2681426.884: [GC (Allocation Failure) [PSYoungGen: 504832K->9152K(510976K)] 971281K->481195K(1035264K), 0.0246889 secs] [Times: user=0.04 sys=0.04, real=0.03 secs] 
2021-06-14T10:25:33.635+0800: 2681685.287: [GC (Allocation Failure) [PSYoungGen: 506816K->11520K(510464K)] 978859K->490348K(1034752K), 0.0281810 secs] [Times: user=0.04 sys=0.04, real=0.03 secs] 
2021-06-14T10:29:53.803+0800: 2681945.455: [GC (Allocation Failure) [PSYoungGen: 509184K->9920K(510976K)] 988012K->497303K(1035264K), 0.0333450 secs] [Times: user=0.03 sys=0.04, real=0.03 secs] 
2021-06-14T10:34:10.288+0800: 2682201.940: [GC (Allocation Failure) [PSYoungGen: 507584K->13184K(508928K)] 994967K->507195K(1033216K), 0.0252316 secs] [Times: user=0.03 sys=0.03, real=0.03 secs] 
2021-06-14T10:38:25.633+0800: 2682457.285: [GC (Allocation Failure) [PSYoungGen: 508800K->9408K(509952K)] 1002811K->513259K(1034240K), 0.0261815 secs] [Times: user=0.04 sys=0.04, real=0.02 secs] 
2021-06-14T10:42:43.606+0800: 2682715.258: [GC (Allocation Failure) [PSYoungGen: 505024K->10272K(510464K)] 1008875K->521647K(1034752K), 0.0337821 secs] [Times: user=0.07 sys=0.00, real=0.03 secs] 
2021-06-14T10:47:00.224+0800: 2682971.876: [GC (Allocation Failure) [PSYoungGen: 506912K->8384K(510464K)] 1018287K->527920K(1034752K), 0.0286794 secs] [Times: user=0.04 sys=0.05, real=0.03 secs] 
2021-06-14T10:47:00.253+0800: 2682971.905: [Full GC (Ergonomics) [PSYoungGen: 8384K->0K(510464K)] [ParOldGen: 519536K->305940K(524288K)] 527920K->305940K(1034752K), [Metaspace: 97338K->97338K(1138688K)], 0.5073781 secs] [Times: user=1.10 sys=0.00, real=0.50 secs] 
2021-06-14T10:51:16.132+0800: 2683227.784: [GC (Allocation Failure) [PSYoungGen: 496640K->6336K(510464K)] 802580K->312276K(1034752K), 0.0220129 secs] [Times: user=0.03 sys=0.04, real=0.03 secs] 
2021-06-14T10:55:34.976+0800: 2683486.628: [GC (Allocation Failure) [PSYoungGen: 502976K->7648K(510464K)] 808916K->318472K(1034752K), 0.0209046 secs] [Times: user=0.04 sys=0.03, real=0.02 secs] 
2021-06-14T10:59:51.780+0800: 2683743.432: [GC (Allocation Failure) [PSYoungGen: 504286K->10848K(510464K)] 815111K->327715K(1034752K), 0.0226362 secs] [Times: user=0.03 sys=0.03, real=0.03 secs] 
2021-06-14T11:04:07.869+0800: 2683999.521: [GC (Allocation Failure) [PSYoungGen: 507488K->8384K(510464K)] 824355K->334044K(1034752K), 0.0267130 secs] [Times: user=0.03 sys=0.04, real=0.03 secs] 
2021-06-14T11:08:30.322+0800: 2684261.974: [GC (Allocation Failure) [PSYoungGen: 505024K->9792K(510976K)] 830684K->341703K(1035264K), 0.0809400 secs] [Times: user=0.05 sys=0.04, real=0.09 secs] 
2021-06-14T11:12:47.930+0800: 2684519.582: [GC (Allocation Failure) [PSYoungGen: 506944K->9280K(510464K)] 838855K->349002K(1034752K), 0.0265497 secs] [Times: user=0.04 sys=0.04, real=0.03 secs] 
2021-06-14T11:17:08.691+0800: 2684780.343: [GC (Allocation Failure) [PSYoungGen: 506432K->8288K(511488K)] 846154K->355063K(1035776K), 0.0267151 secs] [Times: user=0.03 sys=0.04, real=0.03 secs] 
2021-06-14T11:21:29.118+0800: 2685040.770: [GC (Allocation Failure) [PSYoungGen: 506464K->9056K(510976K)] 853239K->363001K(1035264K), 0.0241620 secs] [Times: user=0.03 sys=0.03, real=0.03 secs] 
2021-06-14T11:25:45.941+0800: 2685297.593: [GC (Allocation Failure) [PSYoungGen: 507232K->8384K(512000K)] 861177K->369739K(1036288K), 0.0455448 secs] [Times: user=0.03 sys=0.03, real=0.05 secs] 
2021-06-14T11:30:06.395+0800: 2685558.047: [GC (Allocation Failure) [PSYoungGen: 508096K->9376K(512000K)] 869451K->376880K(1036288K), 0.0263053 secs] [Times: user=0.03 sys=0.04, real=0.02 secs] 
2021-06-14T11:34:29.137+0800: 2685820.789: [GC (Allocation Failure) [PSYoungGen: 509088K->7680K(512000K)] 876592K->382688K(1036288K), 0.0235809 secs] [Times: user=0.03 sys=0.04, real=0.02 secs] 
2021-06-14T11:38:45.604+0800: 2686077.256: [GC (Allocation Failure) [PSYoungGen: 507392K->11264K(511488K)] 882400K->392021K(1035776K), 0.0280313 secs] [Times: user=0.04 sys=0.03, real=0.02 secs] 
2021-06-14T11:43:00.991+0800: 2686332.643: [GC (Allocation Failure) [PSYoungGen: 510976K->8384K(512000K)] 891733K->398469K(1036288K), 0.0422132 secs] [Times: user=0.06 sys=0.07, real=0.05 secs] 
2021-06-14T11:47:17.882+0800: 2686589.534: [GC (Allocation Failure) [PSYoungGen: 507584K->9120K(511488K)] 897669K->405687K(1035776K), 0.0293130 secs] [Times: user=0.04 sys=0.05, real=0.02 secs] 
2021-06-14T11:51:36.649+0800: 2686848.301: [GC (Allocation Failure) [PSYoungGen: 508320K->8096K(512000K)] 904887K->410817K(1036288K), 0.0290403 secs] [Times: user=0.03 sys=0.04, real=0.03 secs] 
2021-06-14T11:55:56.989+0800: 2687108.641: [GC (Allocation Failure) [PSYoungGen: 507808K->10080K(512000K)] 910529K->418742K(1036288K), 0.0479772 secs] [Times: user=0.05 sys=0.04, real=0.05 secs] 
2021-06-14T12:00:15.771+0800: 2687367.423: [GC (Allocation Failure) [PSYoungGen: 509792K->9664K(512000K)] 918454K->426208K(1036288K), 0.0288567 secs] [Times: user=0.09 sys=0.00, real=0.03 secs] 
2021-06-14T12:04:33.229+0800: 2687624.881: [GC (Allocation Failure) [PSYoungGen: 509376K->10560K(512000K)] 925920K->434388K(1036288K), 0.0312173 secs] [Times: user=0.04 sys=0.05, real=0.03 secs] 
2021-06-14T12:08:53.371+0800: 2687885.023: [GC (Allocation Failure) [PSYoungGen: 510272K->8704K(512000K)] 934100K->440700K(1036288K), 0.0252850 secs] [Times: user=0.04 sys=0.04, real=0.03 secs] 
2021-06-14T12:13:09.493+0800: 2688141.145: [GC (Allocation Failure) [PSYoungGen: 508416K->12256K(512000K)] 940412K->451759K(1036288K), 0.0313029 secs] [Times: user=0.04 sys=0.04, real=0.03 secs] 
2021-06-14T12:17:27.620+0800: 2688399.272: [GC (Allocation Failure) [PSYoungGen: 511968K->11872K(504832K)] 951471K->459987K(1029120K), 0.0279456 secs] [Times: user=0.04 sys=0.04, real=0.03 secs] 
2021-06-14T12:21:40.858+0800: 2688652.510: [GC (Allocation Failure) [PSYoungGen: 504416K->9056K(508416K)] 952531K->466298K(1032704K), 0.0266753 secs] [Times: user=0.03 sys=0.03, real=0.03 secs] 
2021-06-14T12:25:54.787+0800: 2688906.439: [GC (Allocation Failure) [PSYoungGen: 501600K->10688K(508928K)] 958842K->474319K(1033216K), 0.0266111 secs] [Times: user=0.04 sys=0.04, real=0.03 secs] 
2021-06-14T12:30:10.906+0800: 2689162.558: [GC (Allocation Failure) [PSYoungGen: 504256K->8448K(508928K)] 967887K->480785K(1033216K), 0.0230268 secs] [Times: user=0.07 sys=0.00, real=0.02 secs] 
2021-06-14T12:34:26.414+0800: 2689418.066: [GC (Allocation Failure) [PSYoungGen: 502016K->9536K(509440K)] 974353K->488619K(1033728K), 0.0450701 secs] [Times: user=0.03 sys=0.04, real=0.04 secs] 
2021-06-14T12:38:39.675+0800: 2689671.327: [GC (Allocation Failure) [PSYoungGen: 504128K->8064K(509440K)] 983211K->494861K(1033728K), 0.0218163 secs] [Times: user=0.03 sys=0.04, real=0.02 secs] 
2021-06-14T12:42:55.376+0800: 2689927.028: [GC (Allocation Failure) [PSYoungGen: 502656K->9568K(509952K)] 989453K->503048K(1034240K), 0.0242492 secs] [Times: user=0.04 sys=0.03, real=0.02 secs] 
2021-06-14T12:47:11.403+0800: 2690183.055: [GC (Allocation Failure) [PSYoungGen: 504672K->10272K(509440K)] 998152K->511122K(1033728K), 0.0241915 secs] [Times: user=0.04 sys=0.04, real=0.02 secs] 
2021-06-14T12:51:31.520+0800: 2690443.172: [GC (Allocation Failure) [PSYoungGen: 505376K->10272K(510464K)] 1006226K->518636K(1034752K), 0.0869832 secs] [Times: user=0.04 sys=0.05, real=0.09 secs] 
2021-06-14T12:55:51.321+0800: 2690702.973: [GC (Allocation Failure) [PSYoungGen: 506912K->9344K(510464K)] 1015276K->525838K(1034752K), 0.0248792 secs] [Times: user=0.03 sys=0.04, real=0.03 secs] 
2021-06-14T12:55:51.346+0800: 2690702.998: [Full GC (Ergonomics) [PSYoungGen: 9344K->0K(510464K)] [ParOldGen: 516494K->305718K(524288K)] 525838K->305718K(1034752K), [Metaspace: 97338K->97335K(1138688K)], 0.5067149 secs] [Times: user=0.50 sys=0.48, real=0.51 secs] 
2021-06-14T13:00:06.642+0800: 2690958.294: [GC (Allocation Failure) [PSYoungGen: 496640K->10080K(510976K)] 802358K->315798K(1035264K), 0.0536578 secs] [Times: user=0.03 sys=0.03, real=0.06 secs] 
2021-06-14T13:04:17.587+0800: 2691209.239: [GC (Allocation Failure) [PSYoungGen: 507744K->10506K(510976K)] 813462K->324362K(1035264K), 0.0242599 secs] [Times: user=0.04 sys=0.04, real=0.02 secs] 
2021-06-14T13:08:36.350+0800: 2691468.002: [GC (Allocation Failure) [PSYoungGen: 508170K->10080K(511488K)] 822026K->331958K(1035776K), 0.0269859 secs] [Times: user=0.03 sys=0.04, real=0.03 secs] 
2021-06-14T13:12:55.995+0800: 2691727.647: [GC (Allocation Failure) [PSYoungGen: 508256K->12288K(510976K)] 830134K->341760K(1035264K), 0.0261986 secs] [Times: user=0.04 sys=0.04, real=0.02 secs] 
2021-06-14T13:17:16.625+0800: 2691988.277: [GC (Allocation Failure) [PSYoungGen: 510464K->11872K(509952K)] 839936K->349905K(1034240K), 0.0261646 secs] [Times: user=0.03 sys=0.04, real=0.02 secs] 
2021-06-14T13:21:35.693+0800: 2692247.345: [GC (Allocation Failure) [PSYoungGen: 508512K->9984K(510464K)] 846545K->357042K(1034752K), 0.0228868 secs] [Times: user=0.03 sys=0.03, real=0.02 secs] 
2021-06-14T13:25:54.191+0800: 2692505.843: [GC (Allocation Failure) [PSYoungGen: 506624K->10336K(510976K)] 853682K->365174K(1035264K), 0.0286775 secs] [Times: user=0.03 sys=0.05, real=0.03 secs] 
2021-06-14T13:30:10.227+0800: 2692761.879: [GC (Allocation Failure) [PSYoungGen: 508000K->10656K(510976K)] 862838K->373353K(1035264K), 0.0260512 secs] [Times: user=0.04 sys=0.04, real=0.03 secs] 
2021-06-14T13:34:27.221+0800: 2693018.873: [GC (Allocation Failure) [PSYoungGen: 508320K->9152K(510976K)] 871017K->380332K(1035264K), 0.0192760 secs] [Times: user=0.03 sys=0.02, real=0.02 secs] 
2021-06-14T13:38:43.945+0800: 2693275.597: [GC (Allocation Failure) [PSYoungGen: 506816K->9568K(510976K)] 877996K->388190K(1035264K), 0.0245238 secs] [Times: user=0.03 sys=0.04, real=0.02 secs] 
