OpenJDK 64-Bit Server VM (25.292-b10) for linux-amd64 JRE (1.8.0_292-b10), built on Apr 21 2021 14:24:48 by "mockbuild" with gcc 4.8.5 20150623 (Red Hat 4.8.5-44)
Memory: 4k page, physical 16266588k(10402900k free), swap 0k(0k free)
CommandLine flags: -XX:CompressedClassSpaceSize=327155712 -XX:GCLogFileSize=104857600 -XX:+HeapDumpOnOutOfMemoryError -XX:HeapDumpPath=/home/nacos/logs/java_heapdump.hprof -XX:InitialHeapSize=1073741824 -XX:MaxHeapSize=1073741824 -XX:MaxMetaspaceSize=335544320 -XX:MaxNewSize=536870912 -XX:MetaspaceSize=134217728 -XX:NewSize=536870912 -XX:NumberOfGCLogFiles=10 -XX:-OmitStackTraceInFastThrow -XX:+PrintGC -XX:+PrintGCDateStamps -XX:+PrintGCDetails -XX:+PrintGCTimeStamps -XX:+UseCompressedClassPointers -XX:+UseCompressedOops -XX:+UseGCLogFileRotation -XX:-UseLargePages -XX:+UseParallelGC 
2021-05-14T09:30:53.849+0800: 5.547: [GC (GCLocker Initiated GC) [PSYoungGen: 393216K->14746K(458752K)] 393216K->14826K(983040K), 0.1111731 secs] [Times: user=0.09 sys=0.01, real=0.11 secs] 
2021-05-14T09:30:58.657+0800: 10.356: [GC (Allocation Failure) [PSYoungGen: 407962K->17386K(458752K)] 408046K->17478K(983040K), 0.1180319 secs] [Times: user=0.08 sys=0.01, real=0.12 secs] 
2021-05-14T09:31:02.946+0800: 14.645: [GC (Allocation Failure) [PSYoungGen: 410602K->33032K(458752K)] 410694K->33132K(983040K), 0.1959002 secs] [Times: user=0.18 sys=0.01, real=0.20 secs] 
2021-05-14T09:31:06.452+0800: 18.151: [GC (Allocation Failure) [PSYoungGen: 426248K->55843K(458752K)] 426348K->55951K(983040K), 0.3410145 secs] [Times: user=0.38 sys=0.02, real=0.34 secs] 
2021-05-14T09:31:10.370+0800: 22.069: [GC (Allocation Failure) [PSYoungGen: 449059K->55162K(448512K)] 449167K->55278K(972800K), 0.2431773 secs] [Times: user=0.26 sys=0.01, real=0.25 secs] 
2021-05-14T09:31:15.414+0800: 27.112: [GC (Allocation Failure) [PSYoungGen: 448378K->44469K(454144K)] 448494K->44609K(978432K), 0.2181397 secs] [Times: user=0.16 sys=0.00, real=0.21 secs] 
2021-05-14T09:31:20.173+0800: 31.871: [GC (Allocation Failure) [PSYoungGen: 428469K->36127K(454144K)] 428609K->48141K(978432K), 0.1542450 secs] [Times: user=0.14 sys=0.01, real=0.15 secs] 
2021-05-14T09:31:30.080+0800: 41.779: [GC (Allocation Failure) [PSYoungGen: 420127K->36411K(462336K)] 432141K->63688K(986624K), 0.1813322 secs] [Times: user=0.22 sys=0.01, real=0.18 secs] 
2021-05-14T09:31:35.932+0800: 47.631: [GC (Allocation Failure) [PSYoungGen: 433211K->38609K(458752K)] 460488K->74570K(983040K), 0.1243049 secs] [Times: user=0.12 sys=0.00, real=0.12 secs] 
2021-05-14T09:31:43.429+0800: 55.127: [GC (Allocation Failure) [PSYoungGen: 435409K->42033K(464384K)] 471370K->95398K(988672K), 0.2048260 secs] [Times: user=0.27 sys=0.00, real=0.21 secs] 
2021-05-14T09:34:41.450+0800: 233.148: [GC (Allocation Failure) [PSYoungGen: 446513K->32770K(464384K)] 499878K->119961K(988672K), 0.0839426 secs] [Times: user=0.25 sys=0.03, real=0.09 secs] 
2021-05-14T09:42:12.500+0800: 684.198: [GC (Allocation Failure) [PSYoungGen: 437250K->9312K(460800K)] 524441K->125452K(985088K), 0.0494888 secs] [Times: user=0.12 sys=0.03, real=0.05 secs] 
2021-05-14T09:48:02.900+0800: 1034.598: [GC (Allocation Failure) [PSYoungGen: 411744K->16016K(418816K)] 527884K->139352K(943104K), 0.0437432 secs] [Times: user=0.07 sys=0.01, real=0.05 secs] 
2021-05-14T09:54:12.910+0800: 1404.608: [GC (Allocation Failure) [PSYoungGen: 418448K->11232K(461824K)] 541784K->146514K(986112K), 0.0418954 secs] [Times: user=0.12 sys=0.01, real=0.04 secs] 
2021-05-14T09:58:54.064+0800: 1685.763: [GC (Allocation Failure) [PSYoungGen: 411616K->13248K(462336K)] 546898K->156431K(986624K), 0.0295616 secs] [Times: user=0.07 sys=0.01, real=0.03 secs] 
2021-05-14T10:02:33.470+0800: 1905.168: [GC (Allocation Failure) [PSYoungGen: 413632K->8240K(462336K)] 556815K->161718K(986624K), 0.0270587 secs] [Times: user=0.07 sys=0.02, real=0.03 secs] 
2021-05-14T10:06:27.700+0800: 2139.398: [GC (Allocation Failure) [PSYoungGen: 408624K->7264K(462336K)] 562102K->166837K(986624K), 0.0234331 secs] [Times: user=0.06 sys=0.01, real=0.03 secs] 
2021-05-14T10:10:08.299+0800: 2359.998: [GC (Allocation Failure) [PSYoungGen: 407648K->7072K(463360K)] 567221K->172233K(987648K), 0.0253376 secs] [Times: user=0.07 sys=0.01, real=0.03 secs] 
2021-05-14T10:13:45.583+0800: 2577.281: [GC (Allocation Failure) [PSYoungGen: 408992K->3904K(462848K)] 574153K->175418K(987136K), 0.0236929 secs] [Times: user=0.06 sys=0.01, real=0.02 secs] 
2021-05-14T10:17:20.252+0800: 2791.950: [GC (Allocation Failure) [PSYoungGen: 405824K->3840K(464896K)] 577338K->178160K(989184K), 0.0201916 secs] [Times: user=0.05 sys=0.00, real=0.02 secs] 
2021-05-14T10:20:52.738+0800: 3004.436: [GC (Allocation Failure) [PSYoungGen: 408320K->9072K(463872K)] 582640K->185983K(988160K), 0.0574373 secs] [Times: user=0.06 sys=0.00, real=0.06 secs] 
2021-05-14T10:24:32.708+0800: 3224.407: [GC (Allocation Failure) [PSYoungGen: 413552K->7168K(468992K)] 590463K->191691K(993280K), 0.0270807 secs] [Times: user=0.06 sys=0.01, real=0.03 secs] 
2021-05-14T10:28:16.125+0800: 3447.824: [GC (Allocation Failure) [PSYoungGen: 419328K->3328K(467456K)] 603851K->194179K(991744K), 0.0270633 secs] [Times: user=0.06 sys=0.01, real=0.03 secs] 
2021-05-14T10:31:57.716+0800: 3669.415: [GC (Allocation Failure) [PSYoungGen: 415488K->6976K(473088K)] 606339K->199881K(997376K), 0.0268678 secs] [Times: user=0.08 sys=0.00, real=0.03 secs] 
2021-05-14T10:35:43.922+0800: 3895.620: [GC (Allocation Failure) [PSYoungGen: 426304K->1824K(470528K)] 619209K->200228K(994816K), 0.0284824 secs] [Times: user=0.07 sys=0.00, real=0.03 secs] 
2021-05-14T10:39:30.383+0800: 4122.082: [GC (Allocation Failure) [PSYoungGen: 421152K->1984K(476160K)] 619556K->201060K(1000448K), 0.0386321 secs] [Times: user=0.04 sys=0.00, real=0.04 secs] 
2021-05-14T10:43:21.577+0800: 4353.275: [GC (Allocation Failure) [PSYoungGen: 427968K->1888K(474112K)] 627044K->201764K(998400K), 0.0206891 secs] [Times: user=0.05 sys=0.00, real=0.02 secs] 
2021-05-14T10:47:09.276+0800: 4580.975: [GC (Allocation Failure) [PSYoungGen: 427872K->2912K(479744K)] 627748K->203532K(1004032K), 0.0177617 secs] [Times: user=0.06 sys=0.00, real=0.02 secs] 
2021-05-14T10:51:03.495+0800: 4815.193: [GC (Allocation Failure) [PSYoungGen: 436064K->7624K(477696K)] 636684K->210067K(1001984K), 0.0201767 secs] [Times: user=0.05 sys=0.00, real=0.02 secs] 
2021-05-14T10:54:53.885+0800: 5045.584: [GC (Allocation Failure) [PSYoungGen: 440776K->5472K(484864K)] 643219K->214351K(1009152K), 0.0247148 secs] [Times: user=0.06 sys=0.01, real=0.02 secs] 
2021-05-14T10:58:56.353+0800: 5288.052: [GC (Allocation Failure) [PSYoungGen: 448864K->2464K(482816K)] 657743K->215869K(1007104K), 0.0201957 secs] [Times: user=0.05 sys=0.01, real=0.02 secs] 
2021-05-14T11:02:57.716+0800: 5529.414: [GC (Allocation Failure) [PSYoungGen: 445856K->2912K(488448K)] 659261K->217629K(1012736K), 0.0218331 secs] [Times: user=0.05 sys=0.00, real=0.02 secs] 
2021-05-14T11:06:58.812+0800: 5770.511: [GC (Allocation Failure) [PSYoungGen: 453984K->3424K(486912K)] 668701K->219892K(1011200K), 0.0213856 secs] [Times: user=0.06 sys=0.00, real=0.02 secs] 
2021-05-14T11:10:57.062+0800: 6008.760: [GC (Allocation Failure) [PSYoungGen: 454496K->11040K(492032K)] 670964K->229507K(1016320K), 0.0461462 secs] [Times: user=0.08 sys=0.00, real=0.04 secs] 
2021-05-14T11:15:04.154+0800: 6255.853: [GC (Allocation Failure) [PSYoungGen: 469280K->8544K(490496K)] 687747K->236339K(1014784K), 0.0267114 secs] [Times: user=0.06 sys=0.01, real=0.02 secs] 
2021-05-14T11:19:08.491+0800: 6500.190: [GC (Allocation Failure) [PSYoungGen: 466784K->7856K(496128K)] 694579K->242460K(1020416K), 0.0257770 secs] [Times: user=0.06 sys=0.01, real=0.03 secs] 
2021-05-14T11:23:17.164+0800: 6748.863: [GC (Allocation Failure) [PSYoungGen: 473776K->6048K(494080K)] 708380K->247488K(1018368K), 0.0213264 secs] [Times: user=0.07 sys=0.00, real=0.02 secs] 
2021-05-14T11:27:29.541+0800: 7001.239: [GC (Allocation Failure) [PSYoungGen: 471968K->2976K(498688K)] 713408K->249346K(1022976K), 0.0241104 secs] [Times: user=0.06 sys=0.00, real=0.03 secs] 
2021-05-14T11:31:42.705+0800: 7254.403: [GC (Allocation Failure) [PSYoungGen: 475040K->4320K(497664K)] 721410K->252505K(1021952K), 0.0224208 secs] [Times: user=0.07 sys=0.00, real=0.02 secs] 
2021-05-14T11:35:53.335+0800: 7505.033: [GC (Allocation Failure) [PSYoungGen: 476384K->7168K(501760K)] 724569K->258176K(1026048K), 0.0259431 secs] [Times: user=0.08 sys=0.00, real=0.02 secs] 
2021-05-14T11:40:05.844+0800: 7757.542: [GC (Allocation Failure) [PSYoungGen: 484864K->7040K(500224K)] 735872K->263490K(1024512K), 0.0305234 secs] [Times: user=0.07 sys=0.01, real=0.03 secs] 
2021-05-14T11:44:18.345+0800: 8010.043: [GC (Allocation Failure) [PSYoungGen: 484736K->5568K(504320K)] 741186K->267372K(1028608K), 0.0220360 secs] [Times: user=0.06 sys=0.01, real=0.02 secs] 
2021-05-14T11:48:36.460+0800: 8268.159: [GC (Allocation Failure) [PSYoungGen: 488896K->6080K(503296K)] 750700K->272081K(1027584K), 0.0196769 secs] [Times: user=0.05 sys=0.01, real=0.02 secs] 
2021-05-14T11:52:58.943+0800: 8530.641: [GC (Allocation Failure) [PSYoungGen: 489408K->4992K(506368K)] 755409K->275429K(1030656K), 0.0307908 secs] [Times: user=0.07 sys=0.01, real=0.03 secs] 
2021-05-14T11:57:20.170+0800: 8791.869: [GC (Allocation Failure) [PSYoungGen: 492416K->5472K(505344K)] 762853K->279498K(1029632K), 0.0391218 secs] [Times: user=0.06 sys=0.01, real=0.04 secs] 
2021-05-14T12:01:39.658+0800: 9051.357: [GC (Allocation Failure) [PSYoungGen: 492896K->6272K(507904K)] 766922K->284223K(1032192K), 0.0470760 secs] [Times: user=0.06 sys=0.00, real=0.05 secs] 
2021-05-14T12:06:09.082+0800: 9320.780: [GC (Allocation Failure) [PSYoungGen: 496768K->5184K(506880K)] 774719K->287586K(1031168K), 0.0209857 secs] [Times: user=0.06 sys=0.01, real=0.03 secs] 
2021-05-14T12:10:38.760+0800: 9590.458: [GC (Allocation Failure) [PSYoungGen: 495680K->8192K(508928K)] 778082K->294399K(1033216K), 0.0232418 secs] [Times: user=0.06 sys=0.01, real=0.03 secs] 
2021-05-14T12:14:59.924+0800: 9851.622: [GC (Allocation Failure) [PSYoungGen: 501760K->8224K(508928K)] 787967K->301241K(1033216K), 0.0228985 secs] [Times: user=0.07 sys=0.01, real=0.02 secs] 
2021-05-14T12:19:37.831+0800: 10129.529: [GC (Allocation Failure) [PSYoungGen: 501792K->5088K(509952K)] 794809K->304900K(1034240K), 0.0256448 secs] [Times: user=0.06 sys=0.01, real=0.03 secs] 
2021-05-14T12:24:10.646+0800: 10402.344: [GC (Allocation Failure) [PSYoungGen: 500192K->7872K(509440K)] 800004K->311512K(1033728K), 0.0239046 secs] [Times: user=0.08 sys=0.00, real=0.02 secs] 
2021-05-14T12:29:00.589+0800: 10692.287: [GC (Allocation Failure) [PSYoungGen: 502976K->14304K(499712K)] 806616K->326050K(1024000K), 0.0365978 secs] [Times: user=0.06 sys=0.02, real=0.04 secs] 
2021-05-14T12:33:43.462+0800: 10975.160: [GC (Allocation Failure) [PSYoungGen: 499680K->19200K(504832K)] 811426K->339984K(1029120K), 0.0388974 secs] [Times: user=0.09 sys=0.01, real=0.04 secs] 
2021-05-14T12:38:22.208+0800: 11253.906: [GC (Allocation Failure) [PSYoungGen: 504576K->17600K(495616K)] 825360K->350636K(1019904K), 0.0337341 secs] [Times: user=0.08 sys=0.01, real=0.03 secs] 
2021-05-14T12:43:01.696+0800: 11533.394: [GC (Allocation Failure) [PSYoungGen: 493760K->18080K(494592K)] 826796K->362496K(1018880K), 0.0320629 secs] [Times: user=0.08 sys=0.00, real=0.03 secs] 
2021-05-14T12:47:38.513+0800: 11810.211: [GC (Allocation Failure) [PSYoungGen: 494240K->19616K(495616K)] 838656K->374797K(1019904K), 0.0315220 secs] [Times: user=0.07 sys=0.02, real=0.03 secs] 
2021-05-14T12:52:10.760+0800: 12082.458: [GC (Allocation Failure) [PSYoungGen: 489632K->14560K(497152K)] 844813K->381913K(1021440K), 0.0375746 secs] [Times: user=0.09 sys=0.01, real=0.04 secs] 
2021-05-14T12:56:42.316+0800: 12354.014: [GC (Allocation Failure) [PSYoungGen: 484576K->16960K(496640K)] 851929K->394045K(1020928K), 0.0324851 secs] [Times: user=0.08 sys=0.00, real=0.03 secs] 
2021-05-14T13:01:18.772+0800: 12630.470: [GC (Allocation Failure) [PSYoungGen: 486976K->17280K(487424K)] 864061K->404898K(1011712K), 0.0394629 secs] [Times: user=0.08 sys=0.01, real=0.03 secs] 
2021-05-14T13:05:55.091+0800: 12906.789: [GC (Allocation Failure) [PSYoungGen: 487296K->16224K(497152K)] 874914K->414423K(1021440K), 0.0346918 secs] [Times: user=0.08 sys=0.02, real=0.04 secs] 
2021-05-14T13:10:25.930+0800: 13177.628: [GC (Allocation Failure) [PSYoungGen: 485728K->18496K(496640K)] 883927K->427763K(1020928K), 0.0456190 secs] [Times: user=0.08 sys=0.00, real=0.05 secs] 
2021-05-14T13:14:55.790+0800: 13447.488: [GC (Allocation Failure) [PSYoungGen: 488000K->17792K(496640K)] 897267K->438241K(1020928K), 0.1050507 secs] [Times: user=0.10 sys=0.02, real=0.11 secs] 
2021-05-14T13:19:31.294+0800: 13722.992: [GC (Allocation Failure) [PSYoungGen: 486784K->14432K(496640K)] 907233K->447139K(1020928K), 0.0298320 secs] [Times: user=0.07 sys=0.01, real=0.03 secs] 
2021-05-14T13:24:01.450+0800: 13993.148: [GC (Allocation Failure) [PSYoungGen: 483424K->18688K(496640K)] 916131K->461351K(1020928K), 0.0393698 secs] [Times: user=0.07 sys=0.02, real=0.04 secs] 
2021-05-14T13:28:31.058+0800: 14262.756: [GC (Allocation Failure) [PSYoungGen: 488704K->18912K(497152K)] 931367K->472804K(1021440K), 0.0650878 secs] [Times: user=0.09 sys=0.02, real=0.07 secs] 
2021-05-14T13:32:57.630+0800: 14529.328: [GC (Allocation Failure) [PSYoungGen: 488928K->16096K(497664K)] 942820K->481151K(1021952K), 0.0305902 secs] [Times: user=0.09 sys=0.00, real=0.03 secs] 
2021-05-14T13:37:28.350+0800: 14800.048: [GC (Allocation Failure) [PSYoungGen: 486624K->16288K(497152K)] 951679K->493467K(1021440K), 0.0370059 secs] [Times: user=0.09 sys=0.02, real=0.04 secs] 
2021-05-14T13:42:03.518+0800: 15075.216: [GC (Allocation Failure) [PSYoungGen: 486816K->15392K(499712K)] 963995K->503238K(1024000K), 0.0308560 secs] [Times: user=0.08 sys=0.01, real=0.03 secs] 
2021-05-14T13:46:34.437+0800: 15346.135: [GC (Allocation Failure) [PSYoungGen: 489504K->15424K(498688K)] 977350K->513618K(1022976K), 0.0297148 secs] [Times: user=0.07 sys=0.00, real=0.03 secs] 
2021-05-14T13:51:06.985+0800: 15618.684: [GC (Allocation Failure) [PSYoungGen: 489536K->15776K(501248K)] 987730K->524134K(1025536K), 0.0359599 secs] [Times: user=0.09 sys=0.01, real=0.03 secs] 
2021-05-14T13:55:46.328+0800: 15898.026: [GC (Allocation Failure) [PSYoungGen: 492960K->18784K(500224K)] 1001318K->536524K(1024512K), 0.0322489 secs] [Times: user=0.09 sys=0.00, real=0.03 secs] 
2021-05-14T13:55:46.360+0800: 15898.059: [Full GC (Ergonomics) [PSYoungGen: 18784K->0K(500224K)] [ParOldGen: 517740K->395089K(524288K)] 536524K->395089K(1024512K), [Metaspace: 92194K->91779K(1134592K)], 0.8790043 secs] [Times: user=1.80 sys=0.00, real=0.88 secs] 
2021-05-14T14:00:21.743+0800: 16173.441: [GC (Allocation Failure) [PSYoungGen: 477184K->20768K(498688K)] 872273K->415857K(1022976K), 0.0286631 secs] [Times: user=0.07 sys=0.00, real=0.02 secs] 
2021-05-14T14:04:56.534+0800: 16448.233: [GC (Allocation Failure) [PSYoungGen: 495904K->19680K(495104K)] 890993K->427344K(1019392K), 0.0405337 secs] [Times: user=0.09 sys=0.00, real=0.04 secs] 
2021-05-14T14:09:31.977+0800: 16723.675: [GC (Allocation Failure) [PSYoungGen: 494816K->19104K(499200K)] 902480K->437734K(1023488K), 0.0391450 secs] [Times: user=0.09 sys=0.00, real=0.04 secs] 
2021-05-14T14:14:02.112+0800: 16993.810: [GC (Allocation Failure) [PSYoungGen: 493216K->20352K(494592K)] 911846K->450387K(1018880K), 0.0310861 secs] [Times: user=0.08 sys=0.00, real=0.04 secs] 
2021-05-14T14:18:30.604+0800: 17262.302: [GC (Allocation Failure) [PSYoungGen: 494464K->18752K(498688K)] 924499K->460567K(1022976K), 0.0361043 secs] [Times: user=0.08 sys=0.00, real=0.03 secs] 
2021-05-14T14:23:05.491+0800: 17537.190: [GC (Allocation Failure) [PSYoungGen: 491840K->16160K(498688K)] 933655K->469740K(1022976K), 0.0298933 secs] [Times: user=0.07 sys=0.00, real=0.03 secs] 
2021-05-14T14:27:35.941+0800: 17807.640: [GC (Allocation Failure) [PSYoungGen: 489248K->16704K(500224K)] 942828K->479983K(1024512K), 0.0344295 secs] [Times: user=0.08 sys=0.00, real=0.04 secs] 
2021-05-14T14:32:09.867+0800: 18081.565: [GC (Allocation Failure) [PSYoungGen: 491840K->19424K(499200K)] 955119K->492892K(1023488K), 0.0402862 secs] [Times: user=0.10 sys=0.00, real=0.04 secs] 
2021-05-14T14:36:46.565+0800: 18358.263: [GC (Allocation Failure) [PSYoungGen: 494560K->18752K(500224K)] 968028K->504625K(1024512K), 0.0339975 secs] [Times: user=0.09 sys=0.00, real=0.03 secs] 
2021-05-14T14:41:18.673+0800: 18630.371: [GC (Allocation Failure) [PSYoungGen: 494400K->20096K(499712K)] 980273K->517702K(1024000K), 0.0316743 secs] [Times: user=0.08 sys=0.00, real=0.03 secs] 
2021-05-14T14:47:37.824+0800: 19009.522: [GC (Allocation Failure) [PSYoungGen: 495744K->18592K(500224K)] 993350K->526667K(1024512K), 0.0757587 secs] [Times: user=0.10 sys=0.00, real=0.07 secs] 
2021-05-14T14:54:30.055+0800: 19421.754: [GC (Allocation Failure) [PSYoungGen: 494240K->14304K(499712K)] 1002315K->534252K(1024000K), 0.0460388 secs] [Times: user=0.10 sys=0.00, real=0.04 secs] 
2021-05-14T14:54:30.102+0800: 19421.800: [Full GC (Ergonomics) [PSYoungGen: 14304K->0K(499712K)] [ParOldGen: 519948K->208435K(524288K)] 534252K->208435K(1024000K), [Metaspace: 91783K->91779K(1134592K)], 0.4567683 secs] [Times: user=1.01 sys=0.00, real=0.46 secs] 
2021-05-14T15:01:25.709+0800: 19837.407: [GC (Allocation Failure) [PSYoungGen: 475648K->12896K(499200K)] 684083K->221331K(1023488K), 0.0268214 secs] [Times: user=0.08 sys=0.00, real=0.03 secs] 
2021-05-14T15:08:20.333+0800: 20252.031: [GC (Allocation Failure) [PSYoungGen: 488032K->13536K(499712K)] 696467K->231548K(1024000K), 0.0300138 secs] [Times: user=0.08 sys=0.00, real=0.03 secs] 
2021-05-14T15:15:11.918+0800: 20663.616: [GC (Allocation Failure) [PSYoungGen: 488672K->12320K(500224K)] 706684K->239951K(1024512K), 0.0267373 secs] [Times: user=0.08 sys=0.00, real=0.03 secs] 
2021-05-14T15:22:12.429+0800: 21084.127: [GC (Allocation Failure) [PSYoungGen: 488480K->13952K(500224K)] 716111K->250859K(1024512K), 0.0306105 secs] [Times: user=0.08 sys=0.00, real=0.03 secs] 
2021-05-14T15:28:58.326+0800: 21490.024: [GC (Allocation Failure) [PSYoungGen: 490112K->16320K(501248K)] 727019K->262870K(1025536K), 0.0501535 secs] [Times: user=0.09 sys=0.00, real=0.05 secs] 
2021-05-14T15:35:47.644+0800: 21899.342: [GC (Allocation Failure) [PSYoungGen: 493504K->15680K(500224K)] 740054K->272671K(1024512K), 0.0283731 secs] [Times: user=0.08 sys=0.00, real=0.03 secs] 
2021-05-14T15:42:38.501+0800: 22310.199: [GC (Allocation Failure) [PSYoungGen: 492864K->11008K(500736K)] 749855K->278914K(1025024K), 0.0692141 secs] [Times: user=0.07 sys=0.00, real=0.07 secs] 
2021-05-14T15:49:30.633+0800: 22722.331: [GC (Allocation Failure) [PSYoungGen: 489216K->16224K(501248K)] 757122K->291511K(1025536K), 0.0311904 secs] [Times: user=0.08 sys=0.00, real=0.03 secs] 
2021-05-14T15:56:19.156+0800: 23130.855: [GC (Allocation Failure) [PSYoungGen: 494432K->13856K(502272K)] 769719K->300090K(1026560K), 0.0305671 secs] [Times: user=0.08 sys=0.00, real=0.03 secs] 
2021-05-14T16:03:15.553+0800: 23547.251: [GC (Allocation Failure) [PSYoungGen: 493600K->15904K(501760K)] 779834K->311012K(1026048K), 0.0359274 secs] [Times: user=0.09 sys=0.00, real=0.03 secs] 
2021-05-14T16:10:09.080+0800: 23960.778: [GC (Allocation Failure) [PSYoungGen: 495648K->13920K(503296K)] 790756K->320793K(1027584K), 0.0384025 secs] [Times: user=0.09 sys=0.00, real=0.04 secs] 
2021-05-14T16:16:59.641+0800: 24371.340: [GC (Allocation Failure) [PSYoungGen: 495712K->16640K(502784K)] 802585K->332781K(1027072K), 0.0389833 secs] [Times: user=0.11 sys=0.00, real=0.04 secs] 
2021-05-14T16:23:49.505+0800: 24781.203: [GC (Allocation Failure) [PSYoungGen: 498432K->17504K(502272K)] 814573K->344465K(1026560K), 0.0366502 secs] [Times: user=0.10 sys=0.00, real=0.03 secs] 
2021-05-14T16:30:49.345+0800: 25201.043: [GC (Allocation Failure) [PSYoungGen: 498784K->12800K(502784K)] 825745K->351906K(1027072K), 0.0316288 secs] [Times: user=0.09 sys=0.00, real=0.03 secs] 
2021-05-14T16:37:48.276+0800: 25619.974: [GC (Allocation Failure) [PSYoungGen: 494080K->13760K(503296K)] 833186K->361276K(1027584K), 0.0277129 secs] [Times: user=0.07 sys=0.00, real=0.03 secs] 
2021-05-14T16:44:42.542+0800: 26034.241: [GC (Allocation Failure) [PSYoungGen: 495552K->20960K(502784K)] 843068K->369556K(1027072K), 0.0422874 secs] [Times: user=0.10 sys=0.00, real=0.04 secs] 
2021-05-14T16:51:35.580+0800: 26447.278: [GC (Allocation Failure) [PSYoungGen: 502752K->14784K(500736K)] 851348K->376117K(1025024K), 0.0375086 secs] [Times: user=0.10 sys=0.00, real=0.04 secs] 
2021-05-14T16:58:24.244+0800: 26855.942: [GC (Allocation Failure) [PSYoungGen: 494016K->17152K(501760K)] 855349K->387714K(1026048K), 0.0332625 secs] [Times: user=0.09 sys=0.00, real=0.03 secs] 
2021-05-14T17:05:24.444+0800: 27276.143: [GC (Allocation Failure) [PSYoungGen: 496384K->16672K(502272K)] 866946K->398428K(1026560K), 0.0734500 secs] [Times: user=0.11 sys=0.00, real=0.07 secs] 
2021-05-14T17:12:17.165+0800: 27688.863: [GC (Allocation Failure) [PSYoungGen: 496416K->15936K(501760K)] 878172K->408382K(1026048K), 0.0331466 secs] [Times: user=0.09 sys=0.00, real=0.03 secs] 
2021-05-14T17:19:11.206+0800: 28102.905: [GC (Allocation Failure) [PSYoungGen: 495680K->14624K(503296K)] 888126K->416858K(1027584K), 0.0353678 secs] [Times: user=0.10 sys=0.00, real=0.03 secs] 
2021-05-14T17:26:08.929+0800: 28520.627: [GC (Allocation Failure) [PSYoungGen: 496416K->9696K(502784K)] 898650K->422601K(1027072K), 0.0306112 secs] [Times: user=0.08 sys=0.00, real=0.03 secs] 
2021-05-14T17:33:02.953+0800: 28934.652: [GC (Allocation Failure) [PSYoungGen: 491488K->16416K(502784K)] 904393K->436277K(1027072K), 0.0391875 secs] [Times: user=0.10 sys=0.00, real=0.04 secs] 
2021-05-14T17:39:57.653+0800: 29349.352: [GC (Allocation Failure) [PSYoungGen: 497696K->13056K(502784K)] 917557K->443241K(1027072K), 0.0300738 secs] [Times: user=0.09 sys=0.00, real=0.03 secs] 
2021-05-14T17:46:52.519+0800: 29764.217: [GC (Allocation Failure) [PSYoungGen: 494336K->15680K(503296K)] 924521K->454516K(1027584K), 0.0400288 secs] [Times: user=0.09 sys=0.00, real=0.04 secs] 
2021-05-14T17:53:44.113+0800: 30175.811: [GC (Allocation Failure) [PSYoungGen: 497472K->14976K(502784K)] 936308K->464735K(1027072K), 0.0353358 secs] [Times: user=0.09 sys=0.00, real=0.03 secs] 
2021-05-14T18:00:34.984+0800: 30586.683: [GC (Allocation Failure) [PSYoungGen: 496767K->14144K(504320K)] 946526K->475192K(1028608K), 0.0532031 secs] [Times: user=0.11 sys=0.00, real=0.05 secs] 
2021-05-14T18:07:33.956+0800: 31005.654: [GC (Allocation Failure) [PSYoungGen: 497984K->13344K(503808K)] 959032K->483538K(1028096K), 0.0302706 secs] [Times: user=0.08 sys=0.00, real=0.03 secs] 
2021-05-14T18:14:34.764+0800: 31426.463: [GC (Allocation Failure) [PSYoungGen: 497184K->11712K(504320K)] 967378K->492035K(1028608K), 0.0341068 secs] [Times: user=0.09 sys=0.00, real=0.03 secs] 
2021-05-14T18:21:41.833+0800: 31853.531: [GC (Allocation Failure) [PSYoungGen: 496064K->14208K(504320K)] 976387K->501944K(1028608K), 0.0699390 secs] [Times: user=0.09 sys=0.00, real=0.07 secs] 
2021-05-14T18:28:42.179+0800: 32273.877: [GC (Allocation Failure) [PSYoungGen: 498560K->16576K(503808K)] 986296K->513588K(1028096K), 0.0520081 secs] [Times: user=0.13 sys=0.00, real=0.05 secs] 
2021-05-14T18:35:39.531+0800: 32691.229: [GC (Allocation Failure) [PSYoungGen: 500928K->18464K(503296K)] 997940K->524993K(1027584K), 0.0386520 secs] [Times: user=0.10 sys=0.00, real=0.04 secs] 
2021-05-14T18:42:30.878+0800: 33102.576: [GC (Allocation Failure) [PSYoungGen: 502816K->16480K(503808K)] 1009345K->534397K(1028096K), 0.0361822 secs] [Times: user=0.11 sys=0.00, real=0.04 secs] 
2021-05-14T18:42:30.914+0800: 33102.613: [Full GC (Ergonomics) [PSYoungGen: 16480K->0K(503808K)] [ParOldGen: 517917K->342438K(524288K)] 534397K->342438K(1028096K), [Metaspace: 91784K->91780K(1134592K)], 0.8171986 secs] [Times: user=1.99 sys=0.00, real=0.81 secs] 
2021-05-14T18:49:27.203+0800: 33518.901: [GC (Allocation Failure) [PSYoungGen: 483328K->15648K(503808K)] 825766K->358086K(1028096K), 0.0268253 secs] [Times: user=0.07 sys=0.00, real=0.02 secs] 
2021-05-14T18:56:18.004+0800: 33929.703: [GC (Allocation Failure) [PSYoungGen: 498976K->19168K(501760K)] 841414K->371580K(1026048K), 0.0379778 secs] [Times: user=0.08 sys=0.00, real=0.04 secs] 
2021-05-14T19:03:17.397+0800: 34349.095: [GC (Allocation Failure) [PSYoungGen: 500448K->9024K(490496K)] 852860K->373667K(1014784K), 0.0293589 secs] [Times: user=0.08 sys=0.00, real=0.03 secs] 
2021-05-14T19:10:23.222+0800: 34774.920: [GC (Allocation Failure) [PSYoungGen: 490304K->11136K(502272K)] 854947K->382623K(1026560K), 0.0276511 secs] [Times: user=0.08 sys=0.00, real=0.03 secs] 
2021-05-14T19:17:21.054+0800: 35192.753: [GC (Allocation Failure) [PSYoungGen: 491392K->12160K(502272K)] 862879K->392738K(1026560K), 0.0760421 secs] [Times: user=0.09 sys=0.00, real=0.07 secs] 
2021-05-14T19:24:18.550+0800: 35610.249: [GC (Allocation Failure) [PSYoungGen: 492416K->12512K(503296K)] 872994K->401070K(1027584K), 0.0296247 secs] [Times: user=0.09 sys=0.00, real=0.03 secs] 
2021-05-14T19:31:34.673+0800: 36046.372: [GC (Allocation Failure) [PSYoungGen: 494304K->4224K(486400K)] 882862K->403130K(1010688K), 0.0325212 secs] [Times: user=0.09 sys=0.00, real=0.03 secs] 
2021-05-14T19:38:24.053+0800: 36455.752: [GC (Allocation Failure) [PSYoungGen: 486016K->11424K(502784K)] 884922K->412912K(1027072K), 0.0279527 secs] [Times: user=0.08 sys=0.00, real=0.02 secs] 
2021-05-14T19:45:17.560+0800: 36869.258: [GC (Allocation Failure) [PSYoungGen: 492192K->15584K(502272K)] 893680K->425493K(1026560K), 0.0348007 secs] [Times: user=0.08 sys=0.00, real=0.04 secs] 
2021-05-14T19:52:06.951+0800: 37278.649: [GC (Allocation Failure) [PSYoungGen: 496352K->18368K(499712K)] 906261K->438873K(1024000K), 0.0449482 secs] [Times: user=0.12 sys=0.00, real=0.05 secs] 
2021-05-14T19:58:59.616+0800: 37691.315: [GC (Allocation Failure) [PSYoungGen: 496576K->13248K(501248K)] 917081K->444500K(1025536K), 0.0375216 secs] [Times: user=0.10 sys=0.00, real=0.04 secs] 
2021-05-14T20:05:53.053+0800: 38104.752: [GC (Allocation Failure) [PSYoungGen: 491456K->13792K(502784K)] 922708K->453711K(1027072K), 0.0336227 secs] [Times: user=0.09 sys=0.00, real=0.03 secs] 
2021-05-14T20:12:43.240+0800: 38514.938: [GC (Allocation Failure) [PSYoungGen: 494560K->17920K(502272K)] 934479K->466979K(1026560K), 0.0843371 secs] [Times: user=0.10 sys=0.00, real=0.09 secs] 
2021-05-14T20:19:44.412+0800: 38936.110: [GC (Allocation Failure) [PSYoungGen: 498688K->15744K(502272K)] 947747K->476421K(1026560K), 0.0438077 secs] [Times: user=0.09 sys=0.00, real=0.05 secs] 
2021-05-14T20:26:38.783+0800: 39350.482: [GC (Allocation Failure) [PSYoungGen: 496000K->13408K(502272K)] 956677K->484089K(1026560K), 0.0331678 secs] [Times: user=0.09 sys=0.00, real=0.03 secs] 
2021-05-14T20:33:33.745+0800: 39765.443: [GC (Allocation Failure) [PSYoungGen: 493664K->16992K(502784K)] 964345K->498370K(1027072K), 0.0367455 secs] [Times: user=0.10 sys=0.00, real=0.03 secs] 
2021-05-14T20:40:29.968+0800: 40181.666: [GC (Allocation Failure) [PSYoungGen: 498272K->14400K(502784K)] 979650K->507150K(1027072K), 0.0383841 secs] [Times: user=0.10 sys=0.00, real=0.04 secs] 
2021-05-14T20:47:32.959+0800: 40604.657: [GC (Allocation Failure) [PSYoungGen: 495680K->17056K(502272K)] 988430K->519298K(1026560K), 0.0510942 secs] [Times: user=0.12 sys=0.00, real=0.05 secs] 
2021-05-14T20:54:31.336+0800: 41023.035: [GC (Allocation Failure) [PSYoungGen: 498336K->15008K(502784K)] 1000578K->527948K(1027072K), 0.0453173 secs] [Times: user=0.10 sys=0.00, real=0.04 secs] 
2021-05-14T20:54:31.382+0800: 41023.080: [Full GC (Ergonomics) [PSYoungGen: 15008K->0K(502784K)] [ParOldGen: 512940K->241703K(524288K)] 527948K->241703K(1027072K), [Metaspace: 91785K->91785K(1134592K)], 0.4607789 secs] [Times: user=0.98 sys=0.00, real=0.46 secs] 
2021-05-14T21:01:32.527+0800: 41444.226: [GC (Allocation Failure) [PSYoungGen: 481280K->16416K(503296K)] 722983K->258119K(1027584K), 0.0318243 secs] [Times: user=0.09 sys=0.00, real=0.03 secs] 
2021-05-14T21:08:29.819+0800: 41861.518: [GC (Allocation Failure) [PSYoungGen: 498720K->16320K(503296K)] 740423K->270009K(1027584K), 0.0344057 secs] [Times: user=0.08 sys=0.00, real=0.04 secs] 
2021-05-14T21:15:21.340+0800: 42273.038: [GC (Allocation Failure) [PSYoungGen: 498624K->19040K(502272K)] 752313K->282823K(1026560K), 0.0482872 secs] [Times: user=0.12 sys=0.00, real=0.05 secs] 
2021-05-14T21:22:12.054+0800: 42683.752: [GC (Allocation Failure) [PSYoungGen: 500320K->16544K(502784K)] 764103K->292355K(1027072K), 0.0387874 secs] [Times: user=0.10 sys=0.00, real=0.04 secs] 
2021-05-14T21:29:06.162+0800: 43097.860: [GC (Allocation Failure) [PSYoungGen: 497824K->14112K(503296K)] 773635K->301140K(1027584K), 0.0549706 secs] [Times: user=0.09 sys=0.00, real=0.06 secs] 
2021-05-14T21:36:12.816+0800: 43524.514: [GC (Allocation Failure) [PSYoungGen: 495904K->17408K(502784K)] 782932K->313704K(1027072K), 0.0588864 secs] [Times: user=0.11 sys=0.00, real=0.06 secs] 
2021-05-14T21:43:09.496+0800: 43941.195: [GC (Allocation Failure) [PSYoungGen: 499200K->16864K(502784K)] 795496K->323292K(1027072K), 0.0515179 secs] [Times: user=0.09 sys=0.00, real=0.05 secs] 
2021-05-14T21:50:13.504+0800: 44365.202: [GC (Allocation Failure) [PSYoungGen: 498144K->15456K(502784K)] 804572K->333895K(1027072K), 0.0373849 secs] [Times: user=0.10 sys=0.00, real=0.03 secs] 
2021-05-14T21:57:14.127+0800: 44785.825: [GC (Allocation Failure) [PSYoungGen: 496736K->13792K(503808K)] 815175K->342569K(1028096K), 0.0314426 secs] [Times: user=0.09 sys=0.00, real=0.03 secs] 
2021-05-14T22:04:18.102+0800: 45209.800: [GC (Allocation Failure) [PSYoungGen: 496608K->10400K(503296K)] 825385K->348371K(1027584K), 0.0543330 secs] [Times: user=0.08 sys=0.00, real=0.06 secs] 
2021-05-14T22:11:13.626+0800: 45625.325: [GC (Allocation Failure) [PSYoungGen: 493216K->15840K(503296K)] 831187K->361070K(1027584K), 0.0362841 secs] [Times: user=0.10 sys=0.00, real=0.04 secs] 
2021-05-14T22:18:18.140+0800: 46049.838: [GC (Allocation Failure) [PSYoungGen: 498144K->13216K(503296K)] 843374K->369601K(1027584K), 0.0366790 secs] [Times: user=0.10 sys=0.00, real=0.04 secs] 
2021-05-14T22:25:14.421+0800: 46466.119: [GC (Allocation Failure) [PSYoungGen: 495520K->14112K(504320K)] 851905K->379443K(1028608K), 0.0336896 secs] [Times: user=0.09 sys=0.00, real=0.04 secs] 
2021-05-14T22:32:17.082+0800: 46888.780: [GC (Allocation Failure) [PSYoungGen: 497952K->13952K(503808K)] 863283K->389038K(1028096K), 0.0427076 secs] [Times: user=0.12 sys=0.00, real=0.05 secs] 
2021-05-14T22:39:25.099+0800: 47316.797: [GC (Allocation Failure) [PSYoungGen: 497792K->9216K(503296K)] 872878K->395574K(1027584K), 0.1268785 secs] [Times: user=0.15 sys=0.00, real=0.13 secs] 
2021-05-14T22:46:17.285+0800: 47728.983: [GC (Allocation Failure) [PSYoungGen: 492544K->16704K(503808K)] 878902K->409508K(1028096K), 0.0345745 secs] [Times: user=0.10 sys=0.00, real=0.03 secs] 
2021-05-14T22:53:15.376+0800: 48147.075: [GC (Allocation Failure) [PSYoungGen: 500032K->16480K(502784K)] 892836K->421450K(1027072K), 0.0431134 secs] [Times: user=0.11 sys=0.00, real=0.04 secs] 
2021-05-14T23:00:20.860+0800: 48572.559: [GC (Allocation Failure) [PSYoungGen: 498784K->10848K(503296K)] 903754K->427921K(1027584K), 0.0368590 secs] [Times: user=0.08 sys=0.00, real=0.04 secs] 
2021-05-14T23:07:30.436+0800: 49002.135: [GC (Allocation Failure) [PSYoungGen: 493152K->10400K(503296K)] 910225K->436117K(1027584K), 0.0729420 secs] [Times: user=0.08 sys=0.00, real=0.07 secs] 
2021-05-14T23:14:34.372+0800: 49426.070: [GC (Allocation Failure) [PSYoungGen: 492704K->14880K(503296K)] 918421K->448073K(1027584K), 0.0368368 secs] [Times: user=0.09 sys=0.00, real=0.04 secs] 
2021-05-14T23:21:24.293+0800: 49835.991: [GC (Allocation Failure) [PSYoungGen: 497184K->17888K(501760K)] 930377K->460684K(1026048K), 0.0401733 secs] [Times: user=0.10 sys=0.00, real=0.04 secs] 
2021-05-14T23:28:23.349+0800: 50255.047: [GC (Allocation Failure) [PSYoungGen: 499168K->16832K(502784K)] 941964K->470977K(1027072K), 0.0525352 secs] [Times: user=0.11 sys=0.00, real=0.05 secs] 
2021-05-14T23:35:22.155+0800: 50673.853: [GC (Allocation Failure) [PSYoungGen: 498112K->17248K(501760K)] 952257K->481533K(1026048K), 0.0356610 secs] [Times: user=0.10 sys=0.00, real=0.03 secs] 
2021-05-14T23:42:27.251+0800: 51098.949: [GC (Allocation Failure) [PSYoungGen: 497504K->13664K(502272K)] 961789K->488876K(1026560K), 0.0352616 secs] [Times: user=0.09 sys=0.00, real=0.04 secs] 
2021-05-14T23:49:19.563+0800: 51511.261: [GC (Allocation Failure) [PSYoungGen: 493920K->13664K(503296K)] 969132K->498112K(1027584K), 0.0375055 secs] [Times: user=0.08 sys=0.00, real=0.03 secs] 
2021-05-14T23:56:20.132+0800: 51931.830: [GC (Allocation Failure) [PSYoungGen: 495456K->11520K(502784K)] 979904K->504435K(1027072K), 0.0298638 secs] [Times: user=0.08 sys=0.00, real=0.03 secs] 
2021-05-15T00:03:14.531+0800: 52346.229: [GC (Allocation Failure) [PSYoungGen: 493312K->16416K(503296K)] 986227K->517798K(1027584K), 0.0772490 secs] [Times: user=0.09 sys=0.00, real=0.08 secs] 
2021-05-15T00:10:12.269+0800: 52763.967: [GC (Allocation Failure) [PSYoungGen: 498720K->14368K(503296K)] 1000102K->527072K(1027584K), 0.0282397 secs] [Times: user=0.08 sys=0.00, real=0.03 secs] 
2021-05-15T00:10:12.298+0800: 52763.996: [Full GC (Ergonomics) [PSYoungGen: 14368K->0K(503296K)] [ParOldGen: 512704K->316925K(524288K)] 527072K->316925K(1027584K), [Metaspace: 91794K->91791K(1134592K)], 0.5415481 secs] [Times: user=1.12 sys=0.00, real=0.54 secs] 
2021-05-15T00:17:10.270+0800: 53181.969: [GC (Allocation Failure) [PSYoungGen: 482304K->14400K(504320K)] 799229K->331325K(1028608K), 0.0264725 secs] [Times: user=0.07 sys=0.00, real=0.03 secs] 
2021-05-15T00:24:02.149+0800: 53593.847: [GC (Allocation Failure) [PSYoungGen: 498240K->14176K(503808K)] 815165K->341287K(1028096K), 0.0332586 secs] [Times: user=0.08 sys=0.00, real=0.04 secs] 
2021-05-15T00:30:54.269+0800: 54005.967: [GC (Allocation Failure) [PSYoungGen: 498016K->15648K(504832K)] 825127K->351563K(1029120K), 0.0292614 secs] [Times: user=0.08 sys=0.00, real=0.03 secs] 
2021-05-15T00:37:49.598+0800: 54421.296: [GC (Allocation Failure) [PSYoungGen: 501024K->15872K(504832K)] 836939K->361998K(1029120K), 0.0347489 secs] [Times: user=0.08 sys=0.00, real=0.04 secs] 
2021-05-15T00:44:45.524+0800: 54837.223: [GC (Allocation Failure) [PSYoungGen: 501248K->10624K(504832K)] 847374K->367519K(1029120K), 0.0367110 secs] [Times: user=0.10 sys=0.00, real=0.03 secs] 
2021-05-15T00:51:35.681+0800: 55247.380: [GC (Allocation Failure) [PSYoungGen: 496000K->14432K(504832K)] 852895K->379721K(1029120K), 0.0292349 secs] [Times: user=0.09 sys=0.00, real=0.03 secs] 
2021-05-15T00:58:41.445+0800: 55673.144: [GC (Allocation Failure) [PSYoungGen: 499808K->8480K(503808K)] 865097K->384559K(1028096K), 0.0242275 secs] [Times: user=0.08 sys=0.00, real=0.02 secs] 
2021-05-15T01:05:41.629+0800: 56093.327: [GC (Allocation Failure) [PSYoungGen: 492832K->11968K(504320K)] 868911K->394850K(1028608K), 0.0686413 secs] [Times: user=0.09 sys=0.00, real=0.07 secs] 
2021-05-15T01:12:40.322+0800: 56512.021: [GC (Allocation Failure) [PSYoungGen: 496320K->16512K(503808K)] 879202K->407417K(1028096K), 0.0888579 secs] [Times: user=0.10 sys=0.00, real=0.08 secs] 
2021-05-15T01:19:40.032+0800: 56931.730: [GC (Allocation Failure) [PSYoungGen: 500864K->12224K(504320K)] 891769K->414865K(1028608K), 0.0268722 secs] [Times: user=0.07 sys=0.00, real=0.03 secs] 
2021-05-15T01:26:42.236+0800: 57353.934: [GC (Allocation Failure) [PSYoungGen: 496576K->16992K(502784K)] 899217K->427471K(1027072K), 0.0281594 secs] [Times: user=0.08 sys=0.00, real=0.03 secs] 
2021-05-15T01:33:31.944+0800: 57763.642: [GC (Allocation Failure) [PSYoungGen: 500320K->14208K(503808K)] 910799K->436705K(1028096K), 0.0307896 secs] [Times: user=0.08 sys=0.00, real=0.03 secs] 
2021-05-15T01:40:27.745+0800: 58179.443: [GC (Allocation Failure) [PSYoungGen: 497536K->16864K(503296K)] 920033K->449262K(1027584K), 0.0297853 secs] [Times: user=0.08 sys=0.00, real=0.03 secs] 
2021-05-15T01:47:30.428+0800: 58602.126: [GC (Allocation Failure) [PSYoungGen: 500192K->12768K(503808K)] 932590K->457206K(1028096K), 0.0451084 secs] [Times: user=0.10 sys=0.00, real=0.05 secs] 
2021-05-15T01:54:42.413+0800: 59034.111: [GC (Allocation Failure) [PSYoungGen: 496096K->13440K(504832K)] 940534K->466784K(1029120K), 0.0366133 secs] [Times: user=0.10 sys=0.00, real=0.03 secs] 
2021-05-15T02:01:45.076+0800: 59456.774: [GC (Allocation Failure) [PSYoungGen: 498301K->11712K(504320K)] 951646K->474923K(1028608K), 0.0246661 secs] [Times: user=0.08 sys=0.00, real=0.02 secs] 
2021-05-15T02:08:38.837+0800: 59870.535: [GC (Allocation Failure) [PSYoungGen: 496576K->15904K(504832K)] 959787K->487928K(1029120K), 0.0331423 secs] [Times: user=0.08 sys=0.00, real=0.03 secs] 
2021-05-15T02:15:43.295+0800: 60294.993: [GC (Allocation Failure) [PSYoungGen: 501280K->15744K(501248K)] 973304K->498172K(1025536K), 0.0352187 secs] [Times: user=0.09 sys=0.00, real=0.03 secs] 
2021-05-15T02:22:42.657+0800: 60714.355: [GC (Allocation Failure) [PSYoungGen: 501120K->16640K(504320K)] 983548K->509689K(1028608K), 0.0289706 secs] [Times: user=0.08 sys=0.00, real=0.03 secs] 
2021-05-15T02:29:39.011+0800: 61130.709: [GC (Allocation Failure) [PSYoungGen: 500992K->16768K(501248K)] 994041K->520686K(1025536K), 0.0344067 secs] [Times: user=0.09 sys=0.00, real=0.04 secs] 
2021-05-15T02:36:43.750+0800: 61555.449: [GC (Allocation Failure) [PSYoungGen: 501120K->14240K(504320K)] 1005038K->528663K(1028608K), 0.0332651 secs] [Times: user=0.10 sys=0.00, real=0.04 secs] 
2021-05-15T02:36:43.784+0800: 61555.482: [Full GC (Ergonomics) [PSYoungGen: 14240K->0K(504320K)] [ParOldGen: 514423K->264706K(524288K)] 528663K->264706K(1028608K), [Metaspace: 91812K->91808K(1134592K)], 0.6075495 secs] [Times: user=1.18 sys=0.00, real=0.60 secs] 
2021-05-15T02:43:44.181+0800: 61975.879: [GC (Allocation Failure) [PSYoungGen: 483840K->16320K(503808K)] 748546K->281026K(1028096K), 0.0261095 secs] [Times: user=0.07 sys=0.00, real=0.03 secs] 
2021-05-15T02:50:40.826+0800: 62392.524: [GC (Allocation Failure) [PSYoungGen: 500160K->14656K(504832K)] 764866K->290967K(1029120K), 0.0378825 secs] [Times: user=0.09 sys=0.00, real=0.04 secs] 
2021-05-15T02:57:38.651+0800: 62810.349: [GC (Allocation Failure) [PSYoungGen: 499520K->17696K(504320K)] 775831K->303163K(1028608K), 0.0312583 secs] [Times: user=0.09 sys=0.00, real=0.03 secs] 
2021-05-15T03:04:45.302+0800: 63237.001: [GC (Allocation Failure) [PSYoungGen: 502560K->14912K(504320K)] 788027K->312152K(1028608K), 0.0324608 secs] [Times: user=0.10 sys=0.00, real=0.03 secs] 
2021-05-15T03:11:43.200+0800: 63654.898: [GC (Allocation Failure) [PSYoungGen: 499264K->16320K(504320K)] 796504K->324475K(1028608K), 0.0373525 secs] [Times: user=0.09 sys=0.00, real=0.04 secs] 
2021-05-15T03:18:43.925+0800: 64075.624: [GC (Allocation Failure) [PSYoungGen: 500672K->16256K(504320K)] 808827K->334552K(1028608K), 0.0352071 secs] [Times: user=0.09 sys=0.00, real=0.03 secs] 
2021-05-15T03:25:36.082+0800: 64487.780: [GC (Allocation Failure) [PSYoungGen: 500608K->15520K(504320K)] 818904K->345034K(1028608K), 0.0457276 secs] [Times: user=0.11 sys=0.00, real=0.05 secs] 
2021-05-15T03:32:28.767+0800: 64900.465: [GC (Allocation Failure) [PSYoungGen: 499872K->14880K(505344K)] 829386K->354380K(1029632K), 0.0298270 secs] [Times: user=0.09 sys=0.00, real=0.03 secs] 
2021-05-15T03:39:27.097+0800: 65318.795: [GC (Allocation Failure) [PSYoungGen: 500768K->17760K(504832K)] 840268K->367400K(1029120K), 0.0439012 secs] [Times: user=0.10 sys=0.00, real=0.04 secs] 
2021-05-15T03:46:17.428+0800: 65729.127: [GC (Allocation Failure) [PSYoungGen: 503648K->18240K(502784K)] 853288K->379852K(1027072K), 0.0294627 secs] [Times: user=0.07 sys=0.00, real=0.03 secs] 
2021-05-15T03:53:13.993+0800: 66145.691: [GC (Allocation Failure) [PSYoungGen: 501568K->16512K(503808K)] 863180K->388752K(1028096K), 0.0576865 secs] [Times: user=0.08 sys=0.00, real=0.05 secs] 
2021-05-15T04:00:07.574+0800: 66559.272: [GC (Allocation Failure) [PSYoungGen: 499840K->17216K(504320K)] 872080K->400204K(1028608K), 0.0328160 secs] [Times: user=0.09 sys=0.00, real=0.03 secs] 
2021-05-15T04:07:06.740+0800: 66978.439: [GC (Allocation Failure) [PSYoungGen: 501568K->11904K(496640K)] 884556K->406526K(1020928K), 0.0311960 secs] [Times: user=0.10 sys=0.00, real=0.03 secs] 
2021-05-15T04:14:02.929+0800: 67394.627: [GC (Allocation Failure) [PSYoungGen: 496256K->12256K(503808K)] 890878K->415097K(1028096K), 0.0314930 secs] [Times: user=0.09 sys=0.00, real=0.03 secs] 
2021-05-15T04:21:07.946+0800: 67819.644: [GC (Allocation Failure) [PSYoungGen: 495584K->17088K(500736K)] 898425K->428285K(1025024K), 0.0358163 secs] [Times: user=0.09 sys=0.00, real=0.03 secs] 
2021-05-15T04:27:59.150+0800: 68230.848: [GC (Allocation Failure) [PSYoungGen: 500416K->15040K(503808K)] 911613K->436728K(1028096K), 0.0823114 secs] [Times: user=0.12 sys=0.00, real=0.09 secs] 
2021-05-15T04:34:55.855+0800: 68647.553: [GC (Allocation Failure) [PSYoungGen: 497856K->17216K(503296K)] 919544K->448980K(1027584K), 0.0374498 secs] [Times: user=0.10 sys=0.00, real=0.04 secs] 
2021-05-15T04:42:00.078+0800: 69071.776: [GC (Allocation Failure) [PSYoungGen: 500032K->15680K(504320K)] 931796K->458200K(1028608K), 0.0592003 secs] [Times: user=0.10 sys=0.00, real=0.06 secs] 
2021-05-15T04:49:02.201+0800: 69493.899: [GC (Allocation Failure) [PSYoungGen: 499520K->14656K(503808K)] 942040K->467890K(1028096K), 0.0359741 secs] [Times: user=0.09 sys=0.00, real=0.04 secs] 
2021-05-15T04:56:02.777+0800: 69914.475: [GC (Allocation Failure) [PSYoungGen: 498496K->16512K(504320K)] 951730K->479814K(1028608K), 0.0389328 secs] [Times: user=0.10 sys=0.00, real=0.04 secs] 
2021-05-15T05:03:00.560+0800: 70332.258: [GC (Allocation Failure) [PSYoungGen: 500864K->15872K(504320K)] 964166K->488985K(1028608K), 0.0373306 secs] [Times: user=0.10 sys=0.00, real=0.04 secs] 
2021-05-15T05:09:08.300+0800: 70699.999: [GC (Allocation Failure) [PSYoungGen: 500224K->19424K(491520K)] 973337K->506893K(1015808K), 0.0382982 secs] [Times: user=0.11 sys=0.00, real=0.04 secs] 
2021-05-15T05:15:01.869+0800: 71053.567: [GC (Allocation Failure) [PSYoungGen: 491488K->15648K(498176K)] 978957K->521732K(1022464K), 0.0347632 secs] [Times: user=0.09 sys=0.00, real=0.04 secs] 
2021-05-15T05:20:58.177+0800: 71409.875: [GC (Allocation Failure) [PSYoungGen: 487712K->14848K(499200K)] 993796K->532070K(1023488K), 0.0302654 secs] [Times: user=0.09 sys=0.00, real=0.03 secs] 
2021-05-15T05:20:58.208+0800: 71409.906: [Full GC (Ergonomics) [PSYoungGen: 14848K->0K(499200K)] [ParOldGen: 517222K->304796K(524288K)] 532070K->304796K(1023488K), [Metaspace: 92266K->92253K(1134592K)], 0.5824153 secs] [Times: user=1.23 sys=0.00, real=0.58 secs] 
2021-05-15T05:27:05.630+0800: 71777.328: [GC (Allocation Failure) [PSYoungGen: 473600K->14848K(498688K)] 778396K->319644K(1022976K), 0.0259506 secs] [Times: user=0.08 sys=0.00, real=0.03 secs] 
2021-05-15T05:33:05.773+0800: 72137.471: [GC (Allocation Failure) [PSYoungGen: 488448K->16224K(500224K)] 793244K->331735K(1024512K), 0.0316954 secs] [Times: user=0.09 sys=0.00, real=0.03 secs] 
2021-05-15T05:39:23.928+0800: 72515.626: [GC (Allocation Failure) [PSYoungGen: 491872K->17024K(499712K)] 807383K->343338K(1024000K), 0.0582049 secs] [Times: user=0.10 sys=0.00, real=0.06 secs] 
2021-05-15T05:45:36.749+0800: 72888.448: [GC (Allocation Failure) [PSYoungGen: 492672K->13472K(501248K)] 818986K->350988K(1025536K), 0.0465101 secs] [Times: user=0.08 sys=0.00, real=0.05 secs] 
2021-05-15T05:51:55.163+0800: 73266.862: [GC (Allocation Failure) [PSYoungGen: 491168K->14560K(500736K)] 828684K->362614K(1025024K), 0.0326207 secs] [Times: user=0.09 sys=0.00, real=0.03 secs] 
2021-05-15T05:58:10.689+0800: 73642.387: [GC (Allocation Failure) [PSYoungGen: 492256K->13056K(501248K)] 840310K->371401K(1025536K), 0.0334829 secs] [Times: user=0.09 sys=0.00, real=0.04 secs] 
2021-05-15T06:04:26.949+0800: 74018.647: [GC (Allocation Failure) [PSYoungGen: 491264K->16704K(501248K)] 849609K->383645K(1025536K), 0.0505727 secs] [Times: user=0.10 sys=0.00, real=0.05 secs] 
2021-05-15T06:10:31.685+0800: 74383.383: [GC (Allocation Failure) [PSYoungGen: 494912K->17944K(501760K)] 861853K->396295K(1026048K), 0.0325099 secs] [Times: user=0.09 sys=0.00, real=0.03 secs] 
2021-05-15T06:16:52.080+0800: 74763.779: [GC (Allocation Failure) [PSYoungGen: 497176K->13120K(501760K)] 875527K->405058K(1026048K), 0.0418684 secs] [Times: user=0.09 sys=0.00, real=0.05 secs] 
2021-05-15T06:23:06.571+0800: 75138.269: [GC (Allocation Failure) [PSYoungGen: 492351K->14976K(502272K)] 884290K->415885K(1026560K), 0.0300270 secs] [Times: user=0.09 sys=0.00, real=0.03 secs] 
2021-05-15T06:29:19.785+0800: 75511.483: [GC (Allocation Failure) [PSYoungGen: 494720K->14912K(501760K)] 895629K->426393K(1026048K), 0.0319207 secs] [Times: user=0.09 sys=0.00, real=0.03 secs] 
2021-05-15T06:35:29.303+0800: 75881.003: [GC (Allocation Failure) [PSYoungGen: 494656K->15712K(503296K)] 906137K->438523K(1027584K), 0.0466838 secs] [Times: user=0.10 sys=0.00, real=0.04 secs] 
2021-05-15T06:41:45.955+0800: 76257.653: [GC (Allocation Failure) [PSYoungGen: 497504K->12768K(502784K)] 920315K->446749K(1027072K), 0.0370468 secs] [Times: user=0.11 sys=0.00, real=0.04 secs] 
2021-05-15T06:48:01.398+0800: 76633.096: [GC (Allocation Failure) [PSYoungGen: 494560K->13088K(503296K)] 928541K->457224K(1027584K), 0.0288416 secs] [Times: user=0.07 sys=0.00, real=0.03 secs] 
2021-05-15T06:54:21.294+0800: 77012.993: [GC (Allocation Failure) [PSYoungGen: 495392K->14528K(503296K)] 939528K->468011K(1027584K), 0.0352449 secs] [Times: user=0.10 sys=0.00, real=0.03 secs] 
2021-05-15T07:00:41.749+0800: 77393.448: [GC (Allocation Failure) [PSYoungGen: 496832K->15488K(504320K)] 950315K->479639K(1028608K), 0.0357209 secs] [Times: user=0.10 sys=0.00, real=0.04 secs] 
2021-05-15T07:06:55.967+0800: 77767.665: [GC (Allocation Failure) [PSYoungGen: 499328K->15200K(503808K)] 963479K->490073K(1028096K), 0.0303876 secs] [Times: user=0.09 sys=0.00, real=0.03 secs] 
2021-05-15T07:13:17.959+0800: 78149.657: [GC (Allocation Failure) [PSYoungGen: 499040K->14144K(504832K)] 973913K->499010K(1029120K), 0.0306961 secs] [Times: user=0.08 sys=0.00, real=0.03 secs] 
2021-05-15T07:19:36.116+0800: 78527.814: [GC (Allocation Failure) [PSYoungGen: 499520K->15040K(504832K)] 984386K->509532K(1029120K), 0.0366610 secs] [Times: user=0.10 sys=0.00, real=0.04 secs] 
2021-05-15T07:26:02.711+0800: 78914.409: [GC (Allocation Failure) [PSYoungGen: 500416K->14016K(505344K)] 994908K->518959K(1029632K), 0.0298378 secs] [Times: user=0.09 sys=0.00, real=0.03 secs] 
2021-05-15T07:32:22.680+0800: 79294.378: [GC (Allocation Failure) [PSYoungGen: 500416K->15712K(505344K)] 1005359K->530179K(1029632K), 0.0438084 secs] [Times: user=0.10 sys=0.00, real=0.05 secs] 
2021-05-15T07:32:22.724+0800: 79294.423: [Full GC (Ergonomics) [PSYoungGen: 15712K->0K(505344K)] [ParOldGen: 514467K->280795K(524288K)] 530179K->280795K(1029632K), [Metaspace: 92289K->92285K(1134592K)], 0.5310547 secs] [Times: user=1.13 sys=0.00, real=0.53 secs] 
2021-05-15T07:38:42.577+0800: 79674.275: [GC (Allocation Failure) [PSYoungGen: 486400K->15072K(505856K)] 767195K->295867K(1030144K), 0.0384494 secs] [Times: user=0.10 sys=0.00, real=0.04 secs] 
2021-05-15T07:45:02.807+0800: 80054.505: [GC (Allocation Failure) [PSYoungGen: 501984K->13728K(505344K)] 782779K->305429K(1029632K), 0.0300356 secs] [Times: user=0.09 sys=0.00, real=0.03 secs] 
2021-05-15T07:51:24.511+0800: 80436.209: [GC (Allocation Failure) [PSYoungGen: 500640K->13568K(505856K)] 792341K->315399K(1030144K), 0.0309947 secs] [Times: user=0.09 sys=0.00, real=0.04 secs] 
2021-05-15T07:57:43.213+0800: 80814.911: [GC (Allocation Failure) [PSYoungGen: 500992K->15136K(505856K)] 802823K->326524K(1030144K), 0.0669555 secs] [Times: user=0.10 sys=0.00, real=0.06 secs] 
2021-05-15T08:04:07.857+0800: 81199.556: [GC (Allocation Failure) [PSYoungGen: 502560K->17248K(505344K)] 813948K->339921K(1029632K), 0.0514709 secs] [Times: user=0.10 sys=0.00, real=0.05 secs] 
2021-05-15T08:10:33.374+0800: 81585.073: [GC (Allocation Failure) [PSYoungGen: 504672K->15008K(505856K)] 827345K->350212K(1030144K), 0.1035330 secs] [Times: user=0.09 sys=0.00, real=0.10 secs] 
2021-05-15T08:16:52.927+0800: 81964.626: [GC (Allocation Failure) [PSYoungGen: 502432K->12512K(505856K)] 837636K->358214K(1030144K), 0.0285968 secs] [Times: user=0.07 sys=0.00, real=0.03 secs] 
2021-05-15T08:23:14.681+0800: 82346.379: [GC (Allocation Failure) [PSYoungGen: 499936K->13792K(505856K)] 845638K->368873K(1030144K), 0.0411818 secs] [Times: user=0.08 sys=0.00, real=0.05 secs] 
2021-05-15T08:29:38.596+0800: 82730.295: [GC (Allocation Failure) [PSYoungGen: 501216K->13504K(506368K)] 856297K->378204K(1030656K), 0.0642760 secs] [Times: user=0.09 sys=0.00, real=0.06 secs] 
2021-05-15T08:36:00.866+0800: 83112.564: [GC (Allocation Failure) [PSYoungGen: 501440K->16128K(505856K)] 866140K->390664K(1030144K), 0.0351061 secs] [Times: user=0.09 sys=0.00, real=0.03 secs] 
2021-05-15T08:42:24.874+0800: 83496.572: [GC (Allocation Failure) [PSYoungGen: 504064K->17120K(504832K)] 878600K->403643K(1029120K), 0.0408001 secs] [Times: user=0.09 sys=0.00, real=0.04 secs] 
2021-05-15T08:48:37.199+0800: 83868.897: [GC (Allocation Failure) [PSYoungGen: 503520K->15584K(505344K)] 890043K->413717K(1029632K), 0.0521123 secs] [Times: user=0.11 sys=0.00, real=0.05 secs] 
2021-05-15T08:54:52.052+0800: 84243.750: [GC (Allocation Failure) [PSYoungGen: 501984K->15712K(505856K)] 900117K->423663K(1030144K), 0.0310854 secs] [Times: user=0.09 sys=0.00, real=0.04 secs] 
2021-05-15T09:01:10.633+0800: 84622.332: [GC (Allocation Failure) [PSYoungGen: 502624K->14912K(505344K)] 910575K->433043K(1029632K), 0.0298447 secs] [Times: user=0.09 sys=0.00, real=0.03 secs] 
2021-05-15T09:07:28.873+0800: 85000.571: [GC (Allocation Failure) [PSYoungGen: 501824K->15904K(505856K)] 919955K->445582K(1030144K), 0.0405490 secs] [Times: user=0.10 sys=0.00, real=0.04 secs] 
2021-05-15T09:13:54.612+0800: 85386.311: [GC (Allocation Failure) [PSYoungGen: 503328K->14976K(505856K)] 933006K->456297K(1030144K), 0.0295703 secs] [Times: user=0.08 sys=0.00, real=0.03 secs] 
2021-05-15T09:20:10.022+0800: 85761.720: [GC (Allocation Failure) [PSYoungGen: 502400K->16256K(505344K)] 943721K->468524K(1029632K), 0.0439740 secs] [Times: user=0.09 sys=0.00, real=0.05 secs] 
2021-05-15T09:26:31.117+0800: 86142.815: [GC (Allocation Failure) [PSYoungGen: 503675K->16352K(505856K)] 955943K->479856K(1030144K), 0.0299072 secs] [Times: user=0.09 sys=0.00, real=0.03 secs] 
2021-05-15T09:33:01.291+0800: 86532.990: [GC (Allocation Failure) [PSYoungGen: 503776K->16256K(505856K)] 967280K->490938K(1030144K), 0.0434402 secs] [Times: user=0.09 sys=0.00, real=0.05 secs] 
2021-05-15T09:39:17.581+0800: 86909.279: [GC (Allocation Failure) [PSYoungGen: 503680K->17248K(504832K)] 978362K->502870K(1029120K), 0.0396289 secs] [Times: user=0.11 sys=0.00, real=0.04 secs] 
2021-05-15T09:45:38.934+0800: 87290.632: [GC (Allocation Failure) [PSYoungGen: 504672K->17024K(505344K)] 990294K->514889K(1029632K), 0.0321799 secs] [Times: user=0.10 sys=0.00, real=0.03 secs] 
2021-05-15T09:51:58.117+0800: 87669.815: [GC (Allocation Failure) [PSYoungGen: 503424K->15128K(505344K)] 1001289K->525810K(1029632K), 0.0385789 secs] [Times: user=0.10 sys=0.00, real=0.04 secs] 
2021-05-15T09:51:58.157+0800: 87669.855: [Full GC (Ergonomics) [PSYoungGen: 15128K->0K(505344K)] [ParOldGen: 510682K->298137K(524288K)] 525810K->298137K(1029632K), [Metaspace: 92322K->92319K(1134592K)], 0.5483765 secs] [Times: user=1.17 sys=0.00, real=0.55 secs] 
2021-05-15T09:58:11.394+0800: 88043.092: [GC (Allocation Failure) [PSYoungGen: 486400K->17984K(504320K)] 784537K->316121K(1028608K), 0.0240968 secs] [Times: user=0.07 sys=0.00, real=0.02 secs] 
2021-05-15T10:04:38.431+0800: 88430.129: [GC (Allocation Failure) [PSYoungGen: 503360K->15840K(504832K)] 801497K->329408K(1029120K), 0.0335711 secs] [Times: user=0.10 sys=0.00, real=0.04 secs] 
2021-05-15T10:10:59.785+0800: 88811.483: [GC (Allocation Failure) [PSYoungGen: 501216K->14368K(505344K)] 814784K->340227K(1029632K), 0.0267781 secs] [Times: user=0.08 sys=0.00, real=0.02 secs] 
2021-05-15T10:17:21.519+0800: 89193.217: [GC (Allocation Failure) [PSYoungGen: 500768K->14432K(505344K)] 826627K->350887K(1029632K), 0.0297586 secs] [Times: user=0.08 sys=0.00, real=0.03 secs] 
2021-05-15T10:23:40.281+0800: 89571.979: [GC (Allocation Failure) [PSYoungGen: 500832K->15904K(505344K)] 837287K->363003K(1029632K), 0.0317411 secs] [Times: user=0.08 sys=0.00, real=0.04 secs] 
2021-05-15T10:30:02.034+0800: 89953.732: [GC (Allocation Failure) [PSYoungGen: 502304K->15616K(505344K)] 849403K->373150K(1029632K), 0.0396126 secs] [Times: user=0.10 sys=0.00, real=0.04 secs] 
2021-05-15T10:36:20.404+0800: 90332.102: [GC (Allocation Failure) [PSYoungGen: 502016K->17952K(504832K)] 859550K->385898K(1029120K), 0.0335710 secs] [Times: user=0.09 sys=0.00, real=0.03 secs] 
2021-05-15T10:42:40.121+0800: 90711.819: [GC (Allocation Failure) [PSYoungGen: 504352K->16512K(505344K)] 872298K->396269K(1029632K), 0.0371724 secs] [Times: user=0.11 sys=0.00, real=0.04 secs] 
2021-05-15T10:48:54.038+0800: 91085.737: [GC (Allocation Failure) [PSYoungGen: 502912K->16192K(505344K)] 882669K->406801K(1029632K), 0.0332995 secs] [Times: user=0.09 sys=0.00, real=0.03 secs] 
2021-05-15T10:55:11.396+0800: 91463.095: [GC (Allocation Failure) [PSYoungGen: 502592K->12928K(505344K)] 893201K->415628K(1029632K), 0.0318401 secs] [Times: user=0.10 sys=0.00, real=0.03 secs] 
2021-05-15T11:01:36.161+0800: 91847.859: [GC (Allocation Failure) [PSYoungGen: 499328K->14080K(505344K)] 902028K->426720K(1029632K), 0.0307276 secs] [Times: user=0.09 sys=0.00, real=0.03 secs] 
2021-05-15T11:07:54.731+0800: 92226.429: [GC (Allocation Failure) [PSYoungGen: 500480K->14656K(505344K)] 913120K->439217K(1029632K), 0.0267868 secs] [Times: user=0.09 sys=0.00, real=0.03 secs] 
2021-05-15T11:14:11.428+0800: 92603.126: [GC (Allocation Failure) [PSYoungGen: 501056K->14400K(505344K)] 925617K->450229K(1029632K), 0.0297021 secs] [Times: user=0.08 sys=0.00, real=0.03 secs] 
2021-05-15T11:20:22.015+0800: 92973.713: [GC (Allocation Failure) [PSYoungGen: 500800K->15936K(505344K)] 936629K->461962K(1029632K), 0.0433659 secs] [Times: user=0.11 sys=0.00, real=0.04 secs] 
2021-05-15T11:26:38.867+0800: 93350.565: [GC (Allocation Failure) [PSYoungGen: 502336K->13920K(505856K)] 948362K->470755K(1030144K), 0.0303843 secs] [Times: user=0.09 sys=0.00, real=0.03 secs] 
2021-05-15T11:32:53.101+0800: 93724.799: [GC (Allocation Failure) [PSYoungGen: 501344K->16160K(505856K)] 958179K->482655K(1030144K), 0.0492900 secs] [Times: user=0.10 sys=0.00, real=0.05 secs] 
2021-05-15T11:39:17.605+0800: 94109.303: [GC (Allocation Failure) [PSYoungGen: 503584K->13536K(505856K)] 970079K->491466K(1030144K), 0.0336985 secs] [Times: user=0.11 sys=0.00, real=0.03 secs] 
2021-05-15T11:45:38.414+0800: 94490.112: [GC (Allocation Failure) [PSYoungGen: 500960K->17888K(505344K)] 978890K->505518K(1029632K), 0.0323528 secs] [Times: user=0.09 sys=0.00, real=0.03 secs] 
2021-05-15T11:52:01.648+0800: 94873.346: [GC (Allocation Failure) [PSYoungGen: 505312K->13088K(504320K)] 992942K->513280K(1028608K), 0.0334105 secs] [Times: user=0.09 sys=0.00, real=0.03 secs] 
2021-05-15T11:58:21.423+0800: 95253.121: [GC (Allocation Failure) [PSYoungGen: 498464K->14752K(504832K)] 998656K->524547K(1029120K), 0.0273123 secs] [Times: user=0.08 sys=0.00, real=0.02 secs] 
2021-05-15T12:04:42.748+0800: 95634.447: [GC (Allocation Failure) [PSYoungGen: 500128K->15200K(505856K)] 1009923K->536135K(1030144K), 0.0331404 secs] [Times: user=0.09 sys=0.00, real=0.03 secs] 
2021-05-15T12:04:42.782+0800: 95634.480: [Full GC (Ergonomics) [PSYoungGen: 15200K->0K(505856K)] [ParOldGen: 520935K->296891K(524288K)] 536135K->296891K(1030144K), [Metaspace: 92360K->92357K(1134592K)], 0.5292596 secs] [Times: user=1.12 sys=0.00, real=0.52 secs] 
2021-05-15T12:11:10.429+0800: 96022.128: [GC (Allocation Failure) [PSYoungGen: 486912K->13952K(505344K)] 783803K->310843K(1029632K), 0.0232971 secs] [Times: user=0.06 sys=0.00, real=0.03 secs] 
2021-05-15T12:17:35.576+0800: 96407.274: [GC (Allocation Failure) [PSYoungGen: 500864K->14464K(505856K)] 797755K->321878K(1030144K), 0.0308240 secs] [Times: user=0.09 sys=0.00, real=0.03 secs] 
2021-05-15T12:24:01.616+0800: 96793.314: [GC (Allocation Failure) [PSYoungGen: 501888K->16608K(505856K)] 809302K->334666K(1030144K), 0.0801799 secs] [Times: user=0.09 sys=0.00, real=0.08 secs] 
2021-05-15T12:30:21.678+0800: 97173.376: [GC (Allocation Failure) [PSYoungGen: 504032K->15264K(505856K)] 822090K->344446K(1030144K), 0.0560035 secs] [Times: user=0.10 sys=0.00, real=0.06 secs] 
2021-05-15T12:36:43.689+0800: 97555.388: [GC (Allocation Failure) [PSYoungGen: 502688K->16000K(505856K)] 831870K->356905K(1030144K), 0.0373091 secs] [Times: user=0.09 sys=0.00, real=0.04 secs] 
2021-05-15T12:43:06.929+0800: 97938.627: [GC (Allocation Failure) [PSYoungGen: 503424K->17064K(504832K)] 844329K->369356K(1029120K), 0.0305502 secs] [Times: user=0.09 sys=0.00, real=0.03 secs] 
2021-05-15T12:49:24.203+0800: 98315.901: [GC (Allocation Failure) [PSYoungGen: 503464K->14240K(505344K)] 855756K->379430K(1029632K), 0.0309954 secs] [Times: user=0.09 sys=0.00, real=0.03 secs] 
2021-05-15T12:55:45.564+0800: 98697.263: [GC (Allocation Failure) [PSYoungGen: 500640K->18400K(496640K)] 865830K->393811K(1020928K), 0.0392538 secs] [Times: user=0.09 sys=0.00, real=0.04 secs] 
2021-05-15T13:01:57.033+0800: 99068.731: [GC (Allocation Failure) [PSYoungGen: 496608K->14656K(501248K)] 872019K->403270K(1025536K), 0.0590417 secs] [Times: user=0.10 sys=0.00, real=0.07 secs] 
2021-05-15T13:08:19.829+0800: 99451.527: [GC (Allocation Failure) [PSYoungGen: 492864K->14848K(501760K)] 881478K->414569K(1026048K), 0.0301582 secs] [Times: user=0.10 sys=0.00, real=0.03 secs] 
2021-05-15T13:14:32.564+0800: 99824.263: [GC (Allocation Failure) [PSYoungGen: 493568K->15744K(501248K)] 893289K->426012K(1025536K), 0.0302896 secs] [Times: user=0.08 sys=0.00, real=0.03 secs] 
2021-05-15T13:20:55.704+0800: 100207.402: [GC (Allocation Failure) [PSYoungGen: 494464K->15840K(502784K)] 904732K->437566K(1027072K), 0.0278651 secs] [Times: user=0.08 sys=0.00, real=0.03 secs] 
2021-05-15T13:27:23.510+0800: 100595.208: [GC (Allocation Failure) [PSYoungGen: 496608K->13312K(502272K)] 918334K->446103K(1026560K), 0.0590666 secs] [Times: user=0.11 sys=0.00, real=0.06 secs] 
2021-05-15T13:33:42.338+0800: 100974.036: [GC (Allocation Failure) [PSYoungGen: 494080K->12768K(502784K)] 926871K->455513K(1027072K), 0.0768523 secs] [Times: user=0.12 sys=0.00, real=0.08 secs] 
2021-05-15T13:40:03.766+0800: 101355.464: [GC (Allocation Failure) [PSYoungGen: 494048K->16512K(502784K)] 936793K->467102K(1027072K), 0.0336624 secs] [Times: user=0.10 sys=0.00, real=0.03 secs] 
2021-05-15T13:46:22.898+0800: 101734.597: [GC (Allocation Failure) [PSYoungGen: 497792K->15680K(503296K)] 948382K->477321K(1027584K), 0.0298212 secs] [Times: user=0.08 sys=0.00, real=0.03 secs] 
2021-05-15T13:52:40.343+0800: 102112.042: [GC (Allocation Failure) [PSYoungGen: 497470K->16224K(502784K)] 959111K->489019K(1027072K), 0.0377031 secs] [Times: user=0.10 sys=0.00, real=0.03 secs] 
2021-05-15T13:59:01.353+0800: 102493.051: [GC (Allocation Failure) [PSYoungGen: 498016K->16192K(503808K)] 970811K->499485K(1028096K), 0.0348760 secs] [Times: user=0.10 sys=0.00, real=0.03 secs] 
2021-05-15T14:05:17.062+0800: 102868.760: [GC (Allocation Failure) [PSYoungGen: 499520K->14688K(503808K)] 982813K->510040K(1028096K), 0.0337894 secs] [Times: user=0.09 sys=0.00, real=0.03 secs] 
2021-05-15T14:11:35.388+0800: 103247.086: [GC (Allocation Failure) [PSYoungGen: 498016K->14656K(504320K)] 993368K->521076K(1028608K), 0.0288889 secs] [Times: user=0.07 sys=0.00, real=0.03 secs] 
2021-05-15T14:17:52.853+0800: 103624.551: [GC (Allocation Failure) [PSYoungGen: 499008K->16832K(504320K)] 1005428K->532863K(1028608K), 0.0319643 secs] [Times: user=0.08 sys=0.00, real=0.03 secs] 
2021-05-15T14:17:52.885+0800: 103624.583: [Full GC (Ergonomics) [PSYoungGen: 16832K->0K(504320K)] [ParOldGen: 516031K->296342K(524288K)] 532863K->296342K(1028608K), [Metaspace: 92368K->92368K(1134592K)], 0.5976648 secs] [Times: user=1.17 sys=0.00, real=0.60 secs] 
2021-05-15T14:24:13.515+0800: 104005.213: [GC (Allocation Failure) [PSYoungGen: 484352K->15872K(504832K)] 780694K->312214K(1029120K), 0.0284295 secs] [Times: user=0.08 sys=0.00, real=0.03 secs] 
2021-05-15T14:30:30.246+0800: 104381.944: [GC (Allocation Failure) [PSYoungGen: 500736K->16128K(504320K)] 797078K->323714K(1028608K), 0.0458389 secs] [Times: user=0.09 sys=0.00, real=0.04 secs] 
2021-05-15T14:36:48.166+0800: 104759.864: [GC (Allocation Failure) [PSYoungGen: 500992K->15360K(505344K)] 808578K->334834K(1029632K), 0.0323825 secs] [Times: user=0.08 sys=0.00, real=0.03 secs] 
2021-05-15T14:43:05.750+0800: 105137.448: [GC (Allocation Failure) [PSYoungGen: 501248K->15200K(504832K)] 820722K->345404K(1029120K), 0.0355562 secs] [Times: user=0.10 sys=0.00, real=0.04 secs] 
2021-05-15T14:49:23.212+0800: 105514.911: [GC (Allocation Failure) [PSYoungGen: 501088K->13120K(505344K)] 831292K->353504K(1029632K), 0.0803807 secs] [Times: user=0.09 sys=0.00, real=0.08 secs] 
2021-05-15T14:55:41.226+0800: 105892.924: [GC (Allocation Failure) [PSYoungGen: 499520K->14176K(505344K)] 839904K->364026K(1029632K), 0.0282500 secs] [Times: user=0.07 sys=0.00, real=0.03 secs] 
2021-05-15T15:01:57.543+0800: 106269.242: [GC (Allocation Failure) [PSYoungGen: 500576K->17504K(504320K)] 850426K->376935K(1028608K), 0.0516992 secs] [Times: user=0.09 sys=0.00, real=0.05 secs] 
2021-05-15T15:08:13.050+0800: 106644.748: [GC (Allocation Failure) [PSYoungGen: 502880K->13216K(504832K)] 862311K->384505K(1029120K), 0.0332077 secs] [Times: user=0.08 sys=0.00, real=0.04 secs] 
2021-05-15T15:14:32.070+0800: 107023.768: [GC (Allocation Failure) [PSYoungGen: 498592K->17088K(504832K)] 869881K->397998K(1029120K), 0.0294163 secs] [Times: user=0.08 sys=0.00, real=0.03 secs] 
2021-05-15T15:20:43.078+0800: 107394.777: [GC (Allocation Failure) [PSYoungGen: 502464K->15296K(504832K)] 883374K->406952K(1029120K), 0.0291284 secs] [Times: user=0.08 sys=0.00, real=0.03 secs] 
2021-05-15T15:26:58.488+0800: 107770.187: [GC (Allocation Failure) [PSYoungGen: 500672K->13280K(504832K)] 892328K->415898K(1029120K), 0.0305403 secs] [Times: user=0.09 sys=0.00, real=0.03 secs] 
2021-05-15T15:33:13.988+0800: 108145.686: [GC (Allocation Failure) [PSYoungGen: 498656K->15264K(504832K)] 901274K->425911K(1029120K), 0.0343893 secs] [Times: user=0.09 sys=0.00, real=0.04 secs] 
2021-05-15T15:39:30.804+0800: 108522.502: [GC (Allocation Failure) [PSYoungGen: 500640K->15968K(505344K)] 911287K->436402K(1029632K), 0.0403527 secs] [Times: user=0.10 sys=0.00, real=0.04 secs] 
2021-05-15T15:45:50.566+0800: 108902.264: [GC (Allocation Failure) [PSYoungGen: 502368K->16288K(505344K)] 922802K->447837K(1029632K), 0.0411721 secs] [Times: user=0.11 sys=0.00, real=0.04 secs] 
2021-05-15T15:52:08.644+0800: 109280.342: [GC (Allocation Failure) [PSYoungGen: 502688K->12864K(505344K)] 934237K->456263K(1029632K), 0.0351166 secs] [Times: user=0.09 sys=0.00, real=0.03 secs] 
2021-05-15T15:58:30.201+0800: 109661.899: [GC (Allocation Failure) [PSYoungGen: 499264K->16608K(505344K)] 942663K->468565K(1029632K), 0.0364838 secs] [Times: user=0.10 sys=0.00, real=0.04 secs] 
2021-05-15T16:04:58.206+0800: 110049.904: [GC (Allocation Failure) [PSYoungGen: 503008K->13920K(505344K)] 954965K->476552K(1029632K), 0.0291174 secs] [Times: user=0.09 sys=0.00, real=0.03 secs] 
2021-05-15T16:11:14.025+0800: 110425.724: [GC (Allocation Failure) [PSYoungGen: 500320K->13152K(505344K)] 962952K->486090K(1029632K), 0.0398859 secs] [Times: user=0.10 sys=0.00, real=0.04 secs] 
2021-05-15T16:17:35.141+0800: 110806.839: [GC (Allocation Failure) [PSYoungGen: 499552K->12384K(505344K)] 972490K->492710K(1029632K), 0.0380411 secs] [Times: user=0.10 sys=0.00, real=0.04 secs] 
2021-05-15T16:23:55.649+0800: 111187.347: [GC (Allocation Failure) [PSYoungGen: 498784K->12736K(505344K)] 979110K->502138K(1029632K), 0.0258127 secs] [Times: user=0.08 sys=0.00, real=0.03 secs] 
2021-05-15T16:30:14.835+0800: 111566.533: [GC (Allocation Failure) [PSYoungGen: 499136K->16800K(504320K)] 988538K->515870K(1028608K), 0.0304802 secs] [Times: user=0.10 sys=0.00, real=0.03 secs] 
2021-05-15T16:36:37.059+0800: 111948.757: [GC (Allocation Failure) [PSYoungGen: 502176K->15072K(504832K)] 1001246K->526136K(1029120K), 0.0410565 secs] [Times: user=0.09 sys=0.00, real=0.04 secs] 
2021-05-15T16:36:37.101+0800: 111948.799: [Full GC (Ergonomics) [PSYoungGen: 15072K->0K(504832K)] [ParOldGen: 511064K->290973K(524288K)] 526136K->290973K(1029120K), [Metaspace: 92383K->92383K(1134592K)], 0.5142736 secs] [Times: user=1.05 sys=0.00, real=0.52 secs] 
2021-05-15T16:42:53.034+0800: 112324.732: [GC (Allocation Failure) [PSYoungGen: 485376K->18080K(503296K)] 776349K->309053K(1027584K), 0.0325108 secs] [Times: user=0.08 sys=0.00, real=0.03 secs] 
2021-05-15T16:49:13.071+0800: 112704.769: [GC (Allocation Failure) [PSYoungGen: 502432K->13856K(504320K)] 793405K->318005K(1028608K), 0.0321018 secs] [Times: user=0.10 sys=0.00, real=0.04 secs] 
2021-05-15T16:55:32.928+0800: 113084.627: [GC (Allocation Failure) [PSYoungGen: 498208K->14528K(504832K)] 802357K->328712K(1029120K), 0.0371877 secs] [Times: user=0.11 sys=0.00, real=0.04 secs] 
2021-05-15T17:01:47.085+0800: 113458.783: [GC (Allocation Failure) [PSYoungGen: 499904K->14400K(504832K)] 814088K->339091K(1029120K), 0.0322184 secs] [Times: user=0.10 sys=0.00, real=0.03 secs] 
2021-05-15T17:07:59.397+0800: 113831.096: [GC (Allocation Failure) [PSYoungGen: 499776K->15840K(505344K)] 824467K->351006K(1029632K), 0.0379191 secs] [Times: user=0.11 sys=0.00, real=0.04 secs] 
2021-05-15T17:14:16.018+0800: 114207.716: [GC (Allocation Failure) [PSYoungGen: 502240K->15232K(505344K)] 837406K->361410K(1029632K), 0.0354285 secs] [Times: user=0.09 sys=0.00, real=0.04 secs] 
2021-05-15T17:20:32.396+0800: 114584.094: [GC (Allocation Failure) [PSYoungGen: 501632K->17920K(503808K)] 847810K->374557K(1028096K), 0.0412943 secs] [Times: user=0.09 sys=0.00, real=0.04 secs] 
2021-05-15T17:26:48.682+0800: 114960.381: [GC (Allocation Failure) [PSYoungGen: 503296K->17568K(503296K)] 859933K->386577K(1027584K), 0.0344187 secs] [Times: user=0.10 sys=0.00, real=0.03 secs] 
2021-05-15T17:33:07.347+0800: 115339.045: [GC (Allocation Failure) [PSYoungGen: 502944K->16192K(504320K)] 871953K->397388K(1028608K), 0.0328147 secs] [Times: user=0.09 sys=0.00, real=0.03 secs] 
2021-05-15T17:39:23.530+0800: 115715.229: [GC (Allocation Failure) [PSYoungGen: 500544K->17344K(504320K)] 881740K->409263K(1028608K), 0.0418698 secs] [Times: user=0.11 sys=0.00, real=0.05 secs] 
2021-05-15T17:45:39.426+0800: 116091.124: [GC (Allocation Failure) [PSYoungGen: 501696K->14208K(504320K)] 893615K->417930K(1028608K), 0.0372067 secs] [Times: user=0.10 sys=0.00, real=0.04 secs] 
2021-05-15T17:51:55.817+0800: 116467.515: [GC (Allocation Failure) [PSYoungGen: 498560K->15904K(504320K)] 902282K->429719K(1028608K), 0.0399428 secs] [Times: user=0.10 sys=0.00, real=0.04 secs] 
2021-05-15T17:58:13.156+0800: 116844.854: [GC (Allocation Failure) [PSYoungGen: 500256K->16928K(504832K)] 914071K->442864K(1029120K), 0.0360711 secs] [Times: user=0.09 sys=0.00, real=0.03 secs] 
2021-05-15T18:04:30.993+0800: 117222.692: [GC (Allocation Failure) [PSYoungGen: 502304K->14944K(504832K)] 928240K->452011K(1029120K), 0.0358637 secs] [Times: user=0.10 sys=0.00, real=0.03 secs] 
2021-05-15T18:10:50.195+0800: 117601.893: [GC (Allocation Failure) [PSYoungGen: 500320K->13824K(504832K)] 937387K->462556K(1029120K), 0.0331549 secs] [Times: user=0.10 sys=0.00, real=0.03 secs] 
2021-05-15T18:17:12.743+0800: 117984.441: [GC (Allocation Failure) [PSYoungGen: 499200K->17408K(503296K)] 947932K->475754K(1027584K), 0.0436065 secs] [Times: user=0.09 sys=0.00, real=0.04 secs] 
2021-05-15T18:23:30.895+0800: 118362.593: [GC (Allocation Failure) [PSYoungGen: 502784K->15040K(504832K)] 961130K->485682K(1029120K), 0.0380285 secs] [Times: user=0.10 sys=0.00, real=0.04 secs] 
2021-05-15T18:29:48.583+0800: 118740.281: [GC (Allocation Failure) [PSYoungGen: 499904K->12960K(504320K)] 970546K->494283K(1028608K), 0.0483240 secs] [Times: user=0.09 sys=0.00, real=0.04 secs] 
2021-05-15T18:36:04.242+0800: 119115.940: [GC (Allocation Failure) [PSYoungGen: 497824K->15040K(504832K)] 979147K->504927K(1029120K), 0.0384277 secs] [Times: user=0.09 sys=0.00, real=0.04 secs] 
2021-05-15T18:42:23.803+0800: 119495.501: [GC (Allocation Failure) [PSYoungGen: 500416K->16352K(504832K)] 990303K->516619K(1029120K), 0.0370848 secs] [Times: user=0.11 sys=0.00, real=0.03 secs] 
2021-05-15T18:48:38.391+0800: 119870.089: [GC (Allocation Failure) [PSYoungGen: 501728K->14016K(505344K)] 1001995K->526651K(1029632K), 0.0393593 secs] [Times: user=0.09 sys=0.00, real=0.04 secs] 
2021-05-15T18:48:38.431+0800: 119870.129: [Full GC (Ergonomics) [PSYoungGen: 14016K->0K(505344K)] [ParOldGen: 512635K->294865K(524288K)] 526651K->294865K(1029632K), [Metaspace: 92413K->92409K(1134592K)], 0.5385938 secs] [Times: user=1.10 sys=0.00, real=0.54 secs] 
2021-05-15T18:54:58.382+0800: 120250.080: [GC (Allocation Failure) [PSYoungGen: 485888K->15200K(504832K)] 780753K->310065K(1029120K), 0.0351406 secs] [Times: user=0.09 sys=0.00, real=0.04 secs] 
2021-05-15T19:01:23.192+0800: 120634.890: [GC (Allocation Failure) [PSYoungGen: 501088K->16256K(505344K)] 795953K->322100K(1029632K), 0.0326260 secs] [Times: user=0.09 sys=0.00, real=0.04 secs] 
2021-05-15T19:07:38.160+0800: 121009.859: [GC (Allocation Failure) [PSYoungGen: 502656K->16032K(505344K)] 808500K->334253K(1029632K), 0.0383056 secs] [Times: user=0.10 sys=0.00, real=0.04 secs] 
2021-05-15T19:13:56.613+0800: 121388.311: [GC (Allocation Failure) [PSYoungGen: 502432K->15808K(505856K)] 820653K->344898K(1030144K), 0.0293011 secs] [Times: user=0.08 sys=0.00, real=0.03 secs] 
2021-05-15T19:20:10.271+0800: 121761.970: [GC (Allocation Failure) [PSYoungGen: 502720K->15456K(505344K)] 831810K->355406K(1029632K), 0.0309304 secs] [Times: user=0.09 sys=0.00, real=0.04 secs] 
2021-05-15T19:26:29.128+0800: 122140.826: [GC (Allocation Failure) [PSYoungGen: 502368K->14912K(506368K)] 842318K->367353K(1030656K), 0.0434795 secs] [Times: user=0.09 sys=0.00, real=0.04 secs] 
2021-05-15T19:32:44.804+0800: 122516.503: [GC (Allocation Failure) [PSYoungGen: 502848K->16704K(505856K)] 855289K->378533K(1030144K), 0.0313792 secs] [Times: user=0.10 sys=0.00, real=0.03 secs] 
2021-05-15T19:38:55.336+0800: 122887.034: [GC (Allocation Failure) [PSYoungGen: 504640K->18304K(504832K)] 866469K->392657K(1029120K), 0.0400369 secs] [Times: user=0.10 sys=0.00, real=0.04 secs] 
2021-05-15T19:45:04.860+0800: 123256.558: [GC (Allocation Failure) [PSYoungGen: 504704K->14176K(505344K)] 879057K->402442K(1029632K), 0.0359004 secs] [Times: user=0.11 sys=0.00, real=0.04 secs] 
2021-05-15T19:51:21.492+0800: 123633.191: [GC (Allocation Failure) [PSYoungGen: 500576K->15008K(505344K)] 888842K->412581K(1029632K), 0.0450173 secs] [Times: user=0.10 sys=0.00, real=0.04 secs] 
2021-05-15T19:57:32.141+0800: 124003.839: [GC (Allocation Failure) [PSYoungGen: 501408K->17280K(503808K)] 898981K->425143K(1028096K), 0.0921099 secs] [Times: user=0.18 sys=0.05, real=0.10 secs] 
2021-05-15T20:03:43.116+0800: 124374.814: [GC (Allocation Failure) [PSYoungGen: 503680K->14144K(505344K)] 911543K->433515K(1029632K), 0.0344679 secs] [Times: user=0.09 sys=0.00, real=0.03 secs] 
2021-05-15T20:09:53.482+0800: 124745.181: [GC (Allocation Failure) [PSYoungGen: 500032K->14464K(504832K)] 919403K->444152K(1029120K), 0.0371966 secs] [Times: user=0.08 sys=0.00, real=0.03 secs] 
2021-05-15T20:16:04.864+0800: 125116.562: [GC (Allocation Failure) [PSYoungGen: 500352K->14080K(505344K)] 930040K->454019K(1029632K), 0.0307455 secs] [Times: user=0.09 sys=0.00, real=0.03 secs] 
2021-05-15T20:22:19.027+0800: 125490.726: [GC (Allocation Failure) [PSYoungGen: 500480K->15488K(505344K)] 940419K->465308K(1029632K), 0.0352790 secs] [Times: user=0.09 sys=0.00, real=0.04 secs] 
2021-05-15T20:28:30.231+0800: 125861.929: [GC (Allocation Failure) [PSYoungGen: 501888K->14752K(505856K)] 951708K->473984K(1030144K), 0.0348447 secs] [Times: user=0.10 sys=0.00, real=0.04 secs] 
2021-05-15T20:34:44.847+0800: 126236.545: [GC (Allocation Failure) [PSYoungGen: 502176K->18304K(505856K)] 961408K->488237K(1030144K), 0.0331918 secs] [Times: user=0.10 sys=0.00, real=0.03 secs] 
2021-05-15T20:41:00.419+0800: 126612.117: [GC (Allocation Failure) [PSYoungGen: 505728K->15168K(504832K)] 975661K->497360K(1029120K), 0.0337820 secs] [Times: user=0.10 sys=0.00, real=0.04 secs] 
2021-05-15T20:47:14.341+0800: 126986.040: [GC (Allocation Failure) [PSYoungGen: 501568K->15712K(505344K)] 983760K->508668K(1029632K), 0.0353978 secs] [Times: user=0.11 sys=0.00, real=0.04 secs] 
2021-05-15T20:53:29.464+0800: 127361.162: [GC (Allocation Failure) [PSYoungGen: 502112K->17728K(504320K)] 995068K->521767K(1028608K), 0.0367051 secs] [Times: user=0.11 sys=0.00, real=0.03 secs] 
2021-05-15T20:59:46.936+0800: 127738.635: [GC (Allocation Failure) [PSYoungGen: 503104K->13792K(504832K)] 1007143K->531569K(1029120K), 0.0327779 secs] [Times: user=0.09 sys=0.00, real=0.03 secs] 
2021-05-15T20:59:46.969+0800: 127738.668: [Full GC (Ergonomics) [PSYoungGen: 13792K->0K(504832K)] [ParOldGen: 517777K->297966K(524288K)] 531569K->297966K(1029120K), [Metaspace: 92414K->92410K(1134592K)], 0.5603269 secs] [Times: user=1.19 sys=0.00, real=0.56 secs] 
2021-05-15T21:06:13.816+0800: 128125.515: [GC (Allocation Failure) [PSYoungGen: 485376K->13568K(504832K)] 783342K->311534K(1029120K), 0.0260658 secs] [Times: user=0.08 sys=0.00, real=0.03 secs] 
2021-05-15T21:12:32.570+0800: 128504.268: [GC (Allocation Failure) [PSYoungGen: 498944K->16224K(504832K)] 796910K->323867K(1029120K), 0.0343120 secs] [Times: user=0.08 sys=0.00, real=0.04 secs] 
2021-05-15T21:18:47.792+0800: 128879.490: [GC (Allocation Failure) [PSYoungGen: 501600K->13344K(504832K)] 809243K->332739K(1029120K), 0.0612338 secs] [Times: user=0.10 sys=0.00, real=0.07 secs] 
2021-05-15T21:25:07.886+0800: 129259.585: [GC (Allocation Failure) [PSYoungGen: 498720K->14688K(504832K)] 818115K->342847K(1029120K), 0.0530847 secs] [Times: user=0.08 sys=0.00, real=0.05 secs] 
2021-05-15T21:31:21.981+0800: 129633.679: [GC (Allocation Failure) [PSYoungGen: 500064K->18528K(503296K)] 828223K->356619K(1027584K), 0.0355882 secs] [Times: user=0.10 sys=0.00, real=0.04 secs] 
2021-05-15T21:37:38.688+0800: 130010.386: [GC (Allocation Failure) [PSYoungGen: 502880K->15008K(504320K)] 840971K->365156K(1028608K), 0.0386408 secs] [Times: user=0.10 sys=0.00, real=0.04 secs] 
2021-05-15T21:43:54.820+0800: 130386.518: [GC (Allocation Failure) [PSYoungGen: 499360K->14080K(504832K)] 849508K->374600K(1029120K), 0.0309944 secs] [Times: user=0.09 sys=0.00, real=0.03 secs] 
2021-05-15T21:50:04.578+0800: 130756.276: [GC (Allocation Failure) [PSYoungGen: 499456K->15744K(504832K)] 859976K->387572K(1029120K), 0.0327128 secs] [Times: user=0.10 sys=0.00, real=0.03 secs] 
2021-05-15T21:56:18.877+0800: 131130.575: [GC (Allocation Failure) [PSYoungGen: 501120K->16192K(505344K)] 872948K->399097K(1029632K), 0.0430478 secs] [Times: user=0.11 sys=0.00, real=0.04 secs] 
2021-05-15T22:02:39.420+0800: 131511.119: [GC (Allocation Failure) [PSYoungGen: 502592K->15936K(505344K)] 885497K->410196K(1029632K), 0.0509883 secs] [Times: user=0.11 sys=0.00, real=0.05 secs] 
2021-05-15T22:09:02.084+0800: 131893.783: [GC (Allocation Failure) [PSYoungGen: 502336K->13920K(505344K)] 896596K->419288K(1029632K), 0.0295640 secs] [Times: user=0.08 sys=0.00, real=0.03 secs] 
2021-05-15T22:15:20.795+0800: 132272.493: [GC (Allocation Failure) [PSYoungGen: 500320K->15616K(505344K)] 905688K->430771K(1029632K), 0.0334513 secs] [Times: user=0.09 sys=0.00, real=0.03 secs] 
2021-05-15T22:21:47.533+0800: 132659.231: [GC (Allocation Failure) [PSYoungGen: 502016K->14720K(505856K)] 917171K->438944K(1030144K), 0.0303210 secs] [Times: user=0.09 sys=0.00, real=0.03 secs] 
2021-05-15T22:28:06.474+0800: 133038.172: [GC (Allocation Failure) [PSYoungGen: 502144K->14848K(505856K)] 926368K->450779K(1030144K), 0.0327394 secs] [Times: user=0.09 sys=0.00, real=0.03 secs] 
2021-05-15T22:34:18.523+0800: 133410.221: [GC (Allocation Failure) [PSYoungGen: 502272K->16160K(505856K)] 938203K->463055K(1030144K), 0.0703252 secs] [Times: user=0.11 sys=0.00, real=0.07 secs] 
2021-05-15T22:40:40.996+0800: 133792.694: [GC (Allocation Failure) [PSYoungGen: 503584K->13472K(505856K)] 950479K->471690K(1030144K), 0.0350286 secs] [Times: user=0.09 sys=0.00, real=0.03 secs] 
2021-05-15T22:47:04.900+0800: 134176.599: [GC (Allocation Failure) [PSYoungGen: 500896K->15264K(506368K)] 959114K->482341K(1030656K), 0.0302959 secs] [Times: user=0.09 sys=0.00, real=0.03 secs] 
2021-05-15T22:53:24.514+0800: 134556.212: [GC (Allocation Failure) [PSYoungGen: 503200K->15712K(505856K)] 970277K->493416K(1030144K), 0.0314594 secs] [Times: user=0.09 sys=0.00, real=0.03 secs] 
2021-05-15T22:59:49.605+0800: 134941.303: [GC (Allocation Failure) [PSYoungGen: 503648K->13856K(506368K)] 981352K->502235K(1030656K), 0.0385835 secs] [Times: user=0.10 sys=0.00, real=0.04 secs] 
2021-05-15T23:06:09.081+0800: 135320.779: [GC (Allocation Failure) [PSYoungGen: 502304K->13984K(506368K)] 990683K->512535K(1030656K), 0.0278568 secs] [Times: user=0.08 sys=0.00, real=0.03 secs] 
2021-05-15T23:12:28.354+0800: 135700.052: [GC (Allocation Failure) [PSYoungGen: 502432K->12448K(506368K)] 1000983K->520610K(1030656K), 0.0328311 secs] [Times: user=0.09 sys=0.00, real=0.03 secs] 
2021-05-15T23:18:46.483+0800: 136078.181: [GC (Allocation Failure) [PSYoungGen: 500896K->14208K(506368K)] 1009058K->531972K(1030656K), 0.0386335 secs] [Times: user=0.10 sys=0.00, real=0.03 secs] 
2021-05-15T23:18:46.522+0800: 136078.220: [Full GC (Ergonomics) [PSYoungGen: 14208K->0K(506368K)] [ParOldGen: 517764K->293206K(524288K)] 531972K->293206K(1030656K), [Metaspace: 92430K->92426K(1134592K)], 0.5401694 secs] [Times: user=1.15 sys=0.00, real=0.55 secs] 
2021-05-15T23:25:04.213+0800: 136455.912: [GC (Allocation Failure) [PSYoungGen: 488448K->14976K(506368K)] 781654K->308182K(1030656K), 0.0307420 secs] [Times: user=0.09 sys=0.00, real=0.03 secs] 
2021-05-15T23:31:18.498+0800: 136830.197: [GC (Allocation Failure) [PSYoungGen: 503424K->14784K(506368K)] 796630K->319481K(1030656K), 0.0353250 secs] [Times: user=0.10 sys=0.00, real=0.04 secs] 
2021-05-15T23:37:41.191+0800: 137212.889: [GC (Allocation Failure) [PSYoungGen: 503232K->17120K(505856K)] 807929K->332373K(1030144K), 0.0347014 secs] [Times: user=0.10 sys=0.00, real=0.04 secs] 
2021-05-15T23:44:04.266+0800: 137595.964: [GC (Allocation Failure) [PSYoungGen: 505568K->16320K(504832K)] 820821K->342905K(1029120K), 0.0689879 secs] [Times: user=0.09 sys=0.00, real=0.07 secs] 
2021-05-15T23:50:29.343+0800: 137981.041: [GC (Allocation Failure) [PSYoungGen: 504768K->16064K(505856K)] 831353K->354963K(1030144K), 0.0990305 secs] [Times: user=0.09 sys=0.00, real=0.09 secs] 
2021-05-15T23:56:45.191+0800: 138356.890: [GC (Allocation Failure) [PSYoungGen: 503488K->15552K(505856K)] 842387K->365917K(1030144K), 0.0332702 secs] [Times: user=0.08 sys=0.00, real=0.04 secs] 
2021-05-16T00:02:57.798+0800: 138729.496: [GC (Allocation Failure) [PSYoungGen: 502976K->15872K(505856K)] 853341K->376697K(1030144K), 0.0325653 secs] [Times: user=0.09 sys=0.00, real=0.03 secs] 
2021-05-16T00:09:12.573+0800: 139104.272: [GC (Allocation Failure) [PSYoungGen: 503296K->16768K(505856K)] 864121K->389331K(1030144K), 0.0398128 secs] [Times: user=0.11 sys=0.00, real=0.04 secs] 
2021-05-16T00:15:31.944+0800: 139483.642: [GC (Allocation Failure) [PSYoungGen: 504192K->14720K(505856K)] 876755K->397695K(1030144K), 0.0458760 secs] [Times: user=0.11 sys=0.00, real=0.04 secs] 
2021-05-16T00:21:57.367+0800: 139869.066: [GC (Allocation Failure) [PSYoungGen: 502144K->15360K(505856K)] 885119K->409297K(1030144K), 0.0291879 secs] [Times: user=0.09 sys=0.00, real=0.03 secs] 
2021-05-16T00:28:14.886+0800: 140246.584: [GC (Allocation Failure) [PSYoungGen: 502784K->13056K(505344K)] 896721K->418115K(1029632K), 0.0475378 secs] [Times: user=0.09 sys=0.00, real=0.05 secs] 
2021-05-16T00:34:33.090+0800: 140624.789: [GC (Allocation Failure) [PSYoungGen: 500480K->14976K(505856K)] 905539K->428936K(1030144K), 0.0483687 secs] [Times: user=0.11 sys=0.00, real=0.05 secs] 
2021-05-16T00:40:49.185+0800: 141000.884: [GC (Allocation Failure) [PSYoungGen: 502400K->16608K(505344K)] 916360K->441468K(1029632K), 0.0405763 secs] [Times: user=0.10 sys=0.00, real=0.04 secs] 
2021-05-16T00:47:09.766+0800: 141381.465: [GC (Allocation Failure) [PSYoungGen: 504032K->16320K(505856K)] 928892K->452726K(1030144K), 0.0430335 secs] [Times: user=0.09 sys=0.00, real=0.04 secs] 
2021-05-16T00:53:31.340+0800: 141763.038: [GC (Allocation Failure) [PSYoungGen: 503744K->13760K(505856K)] 940150K->462209K(1030144K), 0.0353940 secs] [Times: user=0.10 sys=0.00, real=0.04 secs] 
2021-05-16T00:59:48.069+0800: 142139.767: [GC (Allocation Failure) [PSYoungGen: 501184K->15904K(505856K)] 949633K->473823K(1030144K), 0.0281423 secs] [Times: user=0.09 sys=0.00, real=0.03 secs] 
2021-05-16T01:06:11.988+0800: 142523.686: [GC (Allocation Failure) [PSYoungGen: 503328K->11904K(505856K)] 961247K->481928K(1030144K), 0.0270857 secs] [Times: user=0.09 sys=0.00, real=0.03 secs] 
2021-05-16T01:12:33.807+0800: 142905.506: [GC (Allocation Failure) [PSYoungGen: 499328K->14112K(505856K)] 969352K->493181K(1030144K), 0.0262220 secs] [Times: user=0.08 sys=0.00, real=0.03 secs] 
2021-05-16T01:18:50.562+0800: 143282.260: [GC (Allocation Failure) [PSYoungGen: 501536K->13920K(505856K)] 980605K->502952K(1030144K), 0.0906490 secs] [Times: user=0.09 sys=0.00, real=0.10 secs] 
2021-05-16T01:25:12.941+0800: 143664.640: [GC (Allocation Failure) [PSYoungGen: 501344K->12704K(505856K)] 990376K->511547K(1030144K), 0.0362800 secs] [Times: user=0.10 sys=0.00, real=0.04 secs] 
2021-05-16T01:31:34.075+0800: 144045.773: [GC (Allocation Failure) [PSYoungGen: 500128K->15744K(505856K)] 998971K->524670K(1030144K), 0.0285914 secs] [Times: user=0.08 sys=0.00, real=0.03 secs] 
2021-05-16T01:37:47.554+0800: 144419.253: [GC (Allocation Failure) [PSYoungGen: 503168K->15168K(505856K)] 1012094K->535488K(1030144K), 0.0329879 secs] [Times: user=0.10 sys=0.00, real=0.03 secs] 
2021-05-16T01:37:47.588+0800: 144419.286: [Full GC (Ergonomics) [PSYoungGen: 15168K->0K(505856K)] [ParOldGen: 520320K->299719K(524288K)] 535488K->299719K(1030144K), [Metaspace: 92442K->92442K(1134592K)], 0.4768265 secs] [Times: user=1.08 sys=0.00, real=0.48 secs] 
2021-05-16T01:44:05.014+0800: 144796.712: [GC (Allocation Failure) [PSYoungGen: 487424K->15040K(506368K)] 787143K->314759K(1030656K), 0.0366068 secs] [Times: user=0.08 sys=0.00, real=0.03 secs] 
2021-05-16T01:50:30.518+0800: 145182.216: [GC (Allocation Failure) [PSYoungGen: 502976K->15520K(505856K)] 802695K->326451K(1030144K), 0.0360201 secs] [Times: user=0.09 sys=0.00, real=0.04 secs] 
2021-05-16T01:56:56.191+0800: 145567.889: [GC (Allocation Failure) [PSYoungGen: 503456K->15296K(506368K)] 814387K->337733K(1030656K), 0.0334239 secs] [Times: user=0.09 sys=0.00, real=0.04 secs] 
2021-05-16T02:03:21.230+0800: 145952.928: [GC (Allocation Failure) [PSYoungGen: 503744K->15264K(506368K)] 826181K->347650K(1030656K), 0.0545849 secs] [Times: user=0.11 sys=0.00, real=0.06 secs] 
2021-05-16T02:09:36.352+0800: 146328.051: [GC (Allocation Failure) [PSYoungGen: 503712K->17376K(505344K)] 836098K->360237K(1029632K), 0.0353298 secs] [Times: user=0.09 sys=0.00, real=0.03 secs] 
2021-05-16T02:15:45.817+0800: 146697.516: [GC (Allocation Failure) [PSYoungGen: 504800K->16544K(505856K)] 847661K->371601K(1030144K), 0.0356880 secs] [Times: user=0.10 sys=0.00, real=0.04 secs] 
2021-05-16T02:22:01.528+0800: 147073.226: [GC (Allocation Failure) [PSYoungGen: 503968K->16672K(504832K)] 859025K->382380K(1029120K), 0.0290353 secs] [Times: user=0.09 sys=0.00, real=0.03 secs] 
2021-05-16T02:28:16.645+0800: 147448.343: [GC (Allocation Failure) [PSYoungGen: 503072K->15168K(505344K)] 868780K->392831K(1029632K), 0.0302748 secs] [Times: user=0.09 sys=0.00, real=0.03 secs] 
2021-05-16T02:34:32.913+0800: 147824.612: [GC (Allocation Failure) [PSYoungGen: 501568K->15168K(505856K)] 879231K->404385K(1030144K), 0.0360519 secs] [Times: user=0.11 sys=0.00, real=0.03 secs] 
2021-05-16T02:40:56.413+0800: 148208.112: [GC (Allocation Failure) [PSYoungGen: 502592K->16192K(505856K)] 891809K->416773K(1030144K), 0.0361080 secs] [Times: user=0.09 sys=0.00, real=0.03 secs] 
2021-05-16T02:47:20.843+0800: 148592.542: [GC (Allocation Failure) [PSYoungGen: 503616K->13664K(505856K)] 904197K->425808K(1030144K), 0.0311786 secs] [Times: user=0.09 sys=0.00, real=0.03 secs] 
2021-05-16T02:53:37.062+0800: 148968.760: [GC (Allocation Failure) [PSYoungGen: 501088K->16512K(505856K)] 913232K->439013K(1030144K), 0.0504438 secs] [Times: user=0.13 sys=0.00, real=0.06 secs] 
2021-05-16T02:59:56.829+0800: 149348.528: [GC (Allocation Failure) [PSYoungGen: 503936K->14880K(505856K)] 926437K->449735K(1030144K), 0.0519022 secs] [Times: user=0.11 sys=0.00, real=0.05 secs] 
2021-05-16T03:06:12.077+0800: 149723.775: [GC (Allocation Failure) [PSYoungGen: 502304K->14080K(505856K)] 937159K->459745K(1030144K), 0.0408471 secs] [Times: user=0.09 sys=0.00, real=0.04 secs] 
2021-05-16T03:12:29.777+0800: 150101.475: [GC (Allocation Failure) [PSYoungGen: 501504K->15936K(505856K)] 947169K->471349K(1030144K), 0.0364751 secs] [Times: user=0.09 sys=0.00, real=0.04 secs] 
2021-05-16T03:18:49.586+0800: 150481.285: [GC (Allocation Failure) [PSYoungGen: 503360K->15584K(505856K)] 958773K->481928K(1030144K), 0.0689623 secs] [Times: user=0.13 sys=0.00, real=0.07 secs] 
2021-05-16T03:25:01.868+0800: 150853.566: [GC (Allocation Failure) [PSYoungGen: 503008K->12928K(505344K)] 969352K->490611K(1029632K), 0.0278443 secs] [Times: user=0.09 sys=0.00, real=0.03 secs] 
2021-05-16T03:31:17.683+0800: 151229.381: [GC (Allocation Failure) [PSYoungGen: 500352K->15584K(505856K)] 978035K->502750K(1030144K), 0.0328212 secs] [Times: user=0.09 sys=0.00, real=0.03 secs] 
2021-05-16T03:37:32.429+0800: 151604.128: [GC (Allocation Failure) [PSYoungGen: 503008K->17184K(505344K)] 990174K->514442K(1029632K), 0.0623271 secs] [Times: user=0.09 sys=0.00, real=0.06 secs] 
2021-05-16T03:43:46.909+0800: 151978.607: [GC (Allocation Failure) [PSYoungGen: 504608K->16512K(504320K)] 1001866K->526574K(1028608K), 0.0419004 secs] [Times: user=0.11 sys=0.00, real=0.04 secs] 
2021-05-16T03:49:57.598+0800: 152349.297: [GC (Allocation Failure) [PSYoungGen: 503936K->17856K(504320K)] 1013998K->539579K(1028608K), 0.0694120 secs] [Times: user=0.10 sys=0.00, real=0.07 secs] 
2021-05-16T03:49:57.668+0800: 152349.366: [Full GC (Ergonomics) [PSYoungGen: 17856K->0K(504320K)] [ParOldGen: 521723K->299725K(524288K)] 539579K->299725K(1028608K), [Metaspace: 92460K->92456K(1134592K)], 0.4533963 secs] [Times: user=1.00 sys=0.00, real=0.45 secs] 
2021-05-16T03:56:10.321+0800: 152722.019: [GC (Allocation Failure) [PSYoungGen: 485376K->16000K(504832K)] 785101K->315725K(1029120K), 0.0262012 secs] [Times: user=0.06 sys=0.00, real=0.03 secs] 
2021-05-16T04:02:18.913+0800: 153090.612: [GC (Allocation Failure) [PSYoungGen: 501376K->18208K(503296K)] 801101K->328473K(1027584K), 0.0433678 secs] [Times: user=0.10 sys=0.00, real=0.04 secs] 
2021-05-16T04:08:31.168+0800: 153462.866: [GC (Allocation Failure) [PSYoungGen: 502560K->15648K(504320K)] 812825K->337603K(1028608K), 0.0359926 secs] [Times: user=0.09 sys=0.00, real=0.04 secs] 
2021-05-16T04:14:42.314+0800: 153834.012: [GC (Allocation Failure) [PSYoungGen: 500000K->14336K(504832K)] 821955K->346829K(1029120K), 0.0257810 secs] [Times: user=0.08 sys=0.00, real=0.02 secs] 
2021-05-16T04:21:00.357+0800: 154212.055: [GC (Allocation Failure) [PSYoungGen: 499712K->13376K(504832K)] 832205K->356887K(1029120K), 0.0286381 secs] [Times: user=0.08 sys=0.00, real=0.03 secs] 
2021-05-16T04:27:10.751+0800: 154582.449: [GC (Allocation Failure) [PSYoungGen: 498752K->18240K(503808K)] 842263K->371140K(1028096K), 0.0289938 secs] [Times: user=0.09 sys=0.00, real=0.03 secs] 
2021-05-16T04:33:22.639+0800: 154954.337: [GC (Allocation Failure) [PSYoungGen: 502592K->15328K(504320K)] 855492K->380543K(1028608K), 0.0324097 secs] [Times: user=0.09 sys=0.00, real=0.03 secs] 
2021-05-16T04:39:37.624+0800: 155329.322: [GC (Allocation Failure) [PSYoungGen: 499680K->16384K(504832K)] 864895K->392444K(1029120K), 0.0323643 secs] [Times: user=0.08 sys=0.00, real=0.03 secs] 
2021-05-16T04:45:39.561+0800: 155691.259: [GC (Allocation Failure) [PSYoungGen: 501248K->17344K(504320K)] 877308K->403504K(1028608K), 0.0370817 secs] [Times: user=0.10 sys=0.00, real=0.04 secs] 
2021-05-16T04:51:48.683+0800: 156060.381: [GC (Allocation Failure) [PSYoungGen: 502208K->16320K(504832K)] 888368K->413315K(1029120K), 0.0348078 secs] [Times: user=0.09 sys=0.00, real=0.03 secs] 
2021-05-16T04:58:05.102+0800: 156436.800: [GC (Allocation Failure) [PSYoungGen: 501184K->17600K(504320K)] 898179K->424984K(1028608K), 0.0338862 secs] [Times: user=0.09 sys=0.00, real=0.04 secs] 
2021-05-16T05:04:17.884+0800: 156809.582: [GC (Allocation Failure) [PSYoungGen: 502464K->15008K(504832K)] 909848K->435217K(1029120K), 0.0402484 secs] [Times: user=0.10 sys=0.00, real=0.04 secs] 
2021-05-16T05:11:13.325+0800: 157225.023: [GC (Allocation Failure) [PSYoungGen: 499872K->17952K(504320K)] 920081K->448605K(1028608K), 0.0452362 secs] [Times: user=0.10 sys=0.00, real=0.04 secs] 
2021-05-16T05:18:11.700+0800: 157643.398: [GC (Allocation Failure) [PSYoungGen: 502816K->16576K(504320K)] 933469K->459357K(1028608K), 0.0349018 secs] [Times: user=0.09 sys=0.00, real=0.04 secs] 
2021-05-16T05:25:11.649+0800: 158063.347: [GC (Allocation Failure) [PSYoungGen: 500928K->16544K(504320K)] 943709K->468785K(1028608K), 0.0918102 secs] [Times: user=0.12 sys=0.00, real=0.09 secs] 
2021-05-16T05:32:09.218+0800: 158480.916: [GC (Allocation Failure) [PSYoungGen: 500896K->14912K(504832K)] 953137K->479644K(1029120K), 0.0367379 secs] [Times: user=0.09 sys=0.00, real=0.04 secs] 
2021-05-16T05:39:12.000+0800: 158903.699: [GC (Allocation Failure) [PSYoungGen: 500288K->17504K(503296K)] 965020K->492248K(1027584K), 0.0347475 secs] [Times: user=0.08 sys=0.00, real=0.04 secs] 
2021-05-16T05:46:19.863+0800: 159331.561: [GC (Allocation Failure) [PSYoungGen: 502880K->15648K(504832K)] 977624K->501532K(1029120K), 0.0358824 secs] [Times: user=0.09 sys=0.00, real=0.03 secs] 
2021-05-16T05:53:13.677+0800: 159745.376: [GC (Allocation Failure) [PSYoungGen: 500512K->18720K(504320K)] 986396K->514249K(1028608K), 0.0317402 secs] [Times: user=0.09 sys=0.00, real=0.03 secs] 
2021-05-16T06:00:14.061+0800: 160165.759: [GC (Allocation Failure) [PSYoungGen: 503584K->14912K(504320K)] 999113K->522083K(1028608K), 0.0372967 secs] [Times: user=0.10 sys=0.00, real=0.04 secs] 
2021-05-16T06:07:22.258+0800: 160593.956: [GC (Allocation Failure) [PSYoungGen: 499264K->18464K(503296K)] 1006435K->535296K(1027584K), 0.0989796 secs] [Times: user=0.08 sys=0.00, real=0.10 secs] 
2021-05-16T06:07:22.357+0800: 160594.055: [Full GC (Ergonomics) [PSYoungGen: 18464K->0K(503296K)] [ParOldGen: 516832K->296694K(524288K)] 535296K->296694K(1027584K), [Metaspace: 92630K->92624K(1134592K)], 0.5041834 secs] [Times: user=1.07 sys=0.00, real=0.50 secs] 
2021-05-16T06:14:25.020+0800: 161016.718: [GC (Allocation Failure) [PSYoungGen: 484352K->18464K(502784K)] 781046K->315158K(1027072K), 0.0389356 secs] [Times: user=0.08 sys=0.00, real=0.04 secs] 
2021-05-16T06:21:27.404+0800: 161439.102: [GC (Allocation Failure) [PSYoungGen: 500768K->19840K(502272K)] 797462K->328712K(1026560K), 0.0564684 secs] [Times: user=0.10 sys=0.00, real=0.05 secs] 
2021-05-16T06:28:38.650+0800: 161870.348: [GC (Allocation Failure) [PSYoungGen: 502144K->14272K(502784K)] 811016K->335442K(1027072K), 0.0345814 secs] [Times: user=0.09 sys=0.00, real=0.04 secs] 
2021-05-16T06:35:33.890+0800: 162285.589: [GC (Allocation Failure) [PSYoungGen: 495552K->20160K(501760K)] 816722K->349880K(1026048K), 0.0416107 secs] [Times: user=0.09 sys=0.00, real=0.05 secs] 
2021-05-16T06:42:25.723+0800: 162697.421: [GC (Allocation Failure) [PSYoungGen: 501439K->16032K(502272K)] 831159K->357580K(1026560K), 0.0354753 secs] [Times: user=0.09 sys=0.00, real=0.03 secs] 
2021-05-16T06:49:28.304+0800: 163120.002: [GC (Allocation Failure) [PSYoungGen: 495776K->17152K(501760K)] 837324K->370471K(1026048K), 0.0399938 secs] [Times: user=0.09 sys=0.00, real=0.04 secs] 
2021-05-16T06:56:32.494+0800: 163544.193: [GC (Allocation Failure) [PSYoungGen: 496896K->15712K(502784K)] 850215K->380898K(1027072K), 0.0410041 secs] [Times: user=0.11 sys=0.00, real=0.04 secs] 
2021-05-16T07:03:41.288+0800: 163972.986: [GC (Allocation Failure) [PSYoungGen: 496992K->14208K(502784K)] 862178K->390277K(1027072K), 0.0308959 secs] [Times: user=0.09 sys=0.00, real=0.03 secs] 
2021-05-16T07:10:38.355+0800: 164390.053: [GC (Allocation Failure) [PSYoungGen: 495488K->18048K(502784K)] 871557K->404282K(1027072K), 0.0345323 secs] [Times: user=0.10 sys=0.00, real=0.03 secs] 
2021-05-16T07:17:41.323+0800: 164813.022: [GC (Allocation Failure) [PSYoungGen: 499328K->17248K(502784K)] 885562K->414838K(1027072K), 0.0313598 secs] [Times: user=0.08 sys=0.00, real=0.03 secs] 
2021-05-16T07:24:45.677+0800: 165237.375: [GC (Allocation Failure) [PSYoungGen: 498528K->18816K(502784K)] 896118K->428515K(1027072K), 0.0365435 secs] [Times: user=0.09 sys=0.00, real=0.04 secs] 
2021-05-16T07:31:53.384+0800: 165665.082: [GC (Allocation Failure) [PSYoungGen: 500096K->15680K(502784K)] 909795K->437885K(1027072K), 0.0338790 secs] [Times: user=0.09 sys=0.00, real=0.03 secs] 
2021-05-16T07:38:58.183+0800: 166089.881: [GC (Allocation Failure) [PSYoungGen: 496960K->17440K(503296K)] 919165K->449763K(1027584K), 0.0343638 secs] [Times: user=0.09 sys=0.00, real=0.03 secs] 
2021-05-16T07:45:58.376+0800: 166510.074: [GC (Allocation Failure) [PSYoungGen: 499232K->17536K(502784K)] 931555K->462237K(1027072K), 0.0435146 secs] [Times: user=0.12 sys=0.00, real=0.04 secs] 
2021-05-16T07:52:53.241+0800: 166924.939: [GC (Allocation Failure) [PSYoungGen: 499328K->14912K(503296K)] 944029K->471281K(1027584K), 0.0321943 secs] [Times: user=0.08 sys=0.00, real=0.04 secs] 
2021-05-16T08:00:03.656+0800: 167355.354: [GC (Allocation Failure) [PSYoungGen: 497216K->15680K(503296K)] 953585K->482757K(1027584K), 0.0609374 secs] [Times: user=0.10 sys=0.00, real=0.06 secs] 
2021-05-16T08:07:05.936+0800: 167777.635: [GC (Allocation Failure) [PSYoungGen: 497984K->15072K(503808K)] 965061K->493110K(1028096K), 0.0306380 secs] [Times: user=0.08 sys=0.00, real=0.03 secs] 
2021-05-16T08:14:02.918+0800: 168194.616: [GC (Allocation Failure) [PSYoungGen: 497888K->15584K(503296K)] 975926K->504097K(1027584K), 0.0328370 secs] [Times: user=0.08 sys=0.00, real=0.03 secs] 
2021-05-16T08:21:01.534+0800: 168613.232: [GC (Allocation Failure) [PSYoungGen: 498400K->16352K(504320K)] 986913K->514726K(1028608K), 0.0349107 secs] [Times: user=0.09 sys=0.00, real=0.03 secs] 
2021-05-16T08:28:02.155+0800: 169033.853: [GC (Allocation Failure) [PSYoungGen: 500192K->16352K(503808K)] 998566K->526474K(1028096K), 0.0383902 secs] [Times: user=0.09 sys=0.00, real=0.04 secs] 
2021-05-16T08:35:05.593+0800: 169457.292: [GC (Allocation Failure) [PSYoungGen: 500192K->16544K(504832K)] 1010314K->537046K(1029120K), 0.0329257 secs] [Times: user=0.10 sys=0.00, real=0.03 secs] 
2021-05-16T08:35:05.627+0800: 169457.325: [Full GC (Ergonomics) [PSYoungGen: 16544K->0K(504832K)] [ParOldGen: 520502K->303234K(524288K)] 537046K->303234K(1029120K), [Metaspace: 92653K->92649K(1134592K)], 0.5271985 secs] [Times: user=1.17 sys=0.00, real=0.53 secs] 
2021-05-16T08:42:15.689+0800: 169887.387: [GC (Allocation Failure) [PSYoungGen: 484864K->16544K(504320K)] 788098K->319778K(1028608K), 0.0275617 secs] [Times: user=0.07 sys=0.00, real=0.03 secs] 
2021-05-16T08:49:16.729+0800: 170308.428: [GC (Allocation Failure) [PSYoungGen: 501408K->17312K(504832K)] 804642K->332340K(1029120K), 0.0296382 secs] [Times: user=0.08 sys=0.00, real=0.03 secs] 
2021-05-16T08:56:16.960+0800: 170728.658: [GC (Allocation Failure) [PSYoungGen: 502688K->15936K(504832K)] 817716K->343110K(1029120K), 0.0359432 secs] [Times: user=0.10 sys=0.00, real=0.04 secs] 
2021-05-16T09:03:20.088+0800: 171151.787: [GC (Allocation Failure) [PSYoungGen: 501312K->15392K(505344K)] 828486K->353056K(1029632K), 0.0321124 secs] [Times: user=0.09 sys=0.00, real=0.03 secs] 
2021-05-16T09:10:28.532+0800: 171580.231: [GC (Allocation Failure) [PSYoungGen: 501792K->13216K(499712K)] 839456K->361562K(1024000K), 0.0311127 secs] [Times: user=0.09 sys=0.00, real=0.03 secs] 
2021-05-16T09:17:33.913+0800: 172005.611: [GC (Allocation Failure) [PSYoungGen: 499616K->14336K(504832K)] 847962K->371343K(1029120K), 0.0394931 secs] [Times: user=0.09 sys=0.00, real=0.04 secs] 
2021-05-16T09:24:33.037+0800: 172424.735: [GC (Allocation Failure) [PSYoungGen: 499712K->15296K(504832K)] 856719K->381858K(1029120K), 0.0352445 secs] [Times: user=0.07 sys=0.00, real=0.04 secs] 
2021-05-16T09:31:30.200+0800: 172841.898: [GC (Allocation Failure) [PSYoungGen: 500672K->15904K(505344K)] 867234K->392445K(1029632K), 0.0310849 secs] [Times: user=0.08 sys=0.00, real=0.03 secs] 
2021-05-16T09:38:29.948+0800: 173261.647: [GC (Allocation Failure) [PSYoungGen: 502304K->17056K(505344K)] 878845K->404257K(1029632K), 0.0731132 secs] [Times: user=0.11 sys=0.00, real=0.07 secs] 
2021-05-16T09:45:39.042+0800: 173690.740: [GC (Allocation Failure) [PSYoungGen: 503456K->15264K(505344K)] 890657K->413020K(1029632K), 0.0323632 secs] [Times: user=0.09 sys=0.00, real=0.04 secs] 
2021-05-16T09:52:41.153+0800: 174112.851: [GC (Allocation Failure) [PSYoungGen: 501664K->16448K(505344K)] 899420K->425208K(1029632K), 0.0367323 secs] [Times: user=0.10 sys=0.00, real=0.03 secs] 
2021-05-16T09:59:41.569+0800: 174533.267: [GC (Allocation Failure) [PSYoungGen: 502848K->17408K(505344K)] 911608K->436954K(1029632K), 0.0403867 secs] [Times: user=0.10 sys=0.00, real=0.04 secs] 
2021-05-16T10:06:40.512+0800: 174952.210: [GC (Allocation Failure) [PSYoungGen: 503808K->12992K(499712K)] 923354K->443243K(1024000K), 0.0392851 secs] [Times: user=0.11 sys=0.00, real=0.04 secs] 
2021-05-16T10:13:32.241+0800: 175363.939: [GC (Allocation Failure) [PSYoungGen: 499392K->14176K(504832K)] 929643K->452439K(1029120K), 0.0339661 secs] [Times: user=0.09 sys=0.00, real=0.04 secs] 
2021-05-16T10:20:26.727+0800: 175778.426: [GC (Allocation Failure) [PSYoungGen: 499552K->15488K(504832K)] 937815K->462948K(1029120K), 0.0433519 secs] [Times: user=0.13 sys=0.00, real=0.04 secs] 
2021-05-16T10:27:25.345+0800: 176197.043: [GC (Allocation Failure) [PSYoungGen: 500864K->16480K(505344K)] 948324K->474878K(1029632K), 0.0366563 secs] [Times: user=0.09 sys=0.00, real=0.03 secs] 
2021-05-16T10:34:25.851+0800: 176617.549: [GC (Allocation Failure) [PSYoungGen: 502880K->16320K(505344K)] 961278K->484682K(1029632K), 0.0348612 secs] [Times: user=0.09 sys=0.00, real=0.04 secs] 
2021-05-16T10:41:25.639+0800: 177037.337: [GC (Allocation Failure) [PSYoungGen: 502720K->14528K(505344K)] 971082K->494636K(1029632K), 0.0337680 secs] [Times: user=0.10 sys=0.00, real=0.04 secs] 
2021-05-16T10:48:23.792+0800: 177455.490: [GC (Allocation Failure) [PSYoungGen: 500928K->13632K(505344K)] 981036K->503750K(1029632K), 0.0338803 secs] [Times: user=0.10 sys=0.00, real=0.04 secs] 
2021-05-16T10:55:24.286+0800: 177875.984: [GC (Allocation Failure) [PSYoungGen: 500032K->17088K(505344K)] 990150K->517674K(1029632K), 0.0345885 secs] [Times: user=0.09 sys=0.00, real=0.03 secs] 
2021-05-16T11:02:23.592+0800: 178295.290: [GC (Allocation Failure) [PSYoungGen: 503488K->16896K(503808K)] 1004074K->528221K(1028096K), 0.0375582 secs] [Times: user=0.10 sys=0.00, real=0.04 secs] 
2021-05-16T11:09:15.999+0800: 178707.697: [GC (Allocation Failure) [PSYoungGen: 503296K->16736K(504832K)] 1014621K->538727K(1029120K), 0.0837769 secs] [Times: user=0.12 sys=0.00, real=0.09 secs] 
2021-05-16T11:09:16.083+0800: 178707.781: [Full GC (Ergonomics) [PSYoungGen: 16736K->0K(504832K)] [ParOldGen: 521991K->296946K(524288K)] 538727K->296946K(1029120K), [Metaspace: 92657K->92653K(1134592K)], 0.5841649 secs] [Times: user=1.14 sys=0.00, real=0.58 secs] 
2021-05-16T11:16:09.256+0800: 179120.955: [GC (Allocation Failure) [PSYoungGen: 485376K->17312K(504832K)] 782322K->314258K(1029120K), 0.0428847 secs] [Times: user=0.09 sys=0.00, real=0.04 secs] 
2021-05-16T11:23:08.161+0800: 179539.859: [GC (Allocation Failure) [PSYoungGen: 502688K->15008K(504832K)] 799634K->323188K(1029120K), 0.0307443 secs] [Times: user=0.09 sys=0.00, real=0.03 secs] 
2021-05-16T11:30:05.611+0800: 179957.310: [GC (Allocation Failure) [PSYoungGen: 500384K->15168K(504832K)] 808564K->333360K(1029120K), 0.0338407 secs] [Times: user=0.10 sys=0.00, real=0.04 secs] 
2021-05-16T11:37:06.353+0800: 180378.051: [GC (Allocation Failure) [PSYoungGen: 500544K->18400K(503808K)] 818736K->347707K(1028096K), 0.1003018 secs] [Times: user=0.10 sys=0.00, real=0.10 secs] 
2021-05-16T11:44:06.898+0800: 180798.597: [GC (Allocation Failure) [PSYoungGen: 502752K->18272K(502784K)] 832059K->358495K(1027072K), 0.0396408 secs] [Times: user=0.11 sys=0.00, real=0.04 secs] 
2021-05-16T11:51:03.171+0800: 181214.869: [GC (Allocation Failure) [PSYoungGen: 502624K->16352K(504320K)] 842847K->367211K(1028608K), 0.0340025 secs] [Times: user=0.09 sys=0.00, real=0.04 secs] 
2021-05-16T11:58:04.246+0800: 181635.945: [GC (Allocation Failure) [PSYoungGen: 500192K->16640K(503808K)] 851051K->377334K(1028096K), 0.0347850 secs] [Times: user=0.09 sys=0.00, real=0.03 secs] 
2021-05-16T12:05:08.733+0800: 182060.431: [GC (Allocation Failure) [PSYoungGen: 500479K->15744K(504832K)] 861173K->387393K(1029120K), 0.0324443 secs] [Times: user=0.09 sys=0.00, real=0.03 secs] 
2021-05-16T12:12:10.139+0800: 182481.837: [GC (Allocation Failure) [PSYoungGen: 500608K->14240K(504320K)] 872257K->395851K(1028608K), 0.0404111 secs] [Times: user=0.10 sys=0.00, real=0.04 secs] 
2021-05-16T12:19:11.907+0800: 182903.605: [GC (Allocation Failure) [PSYoungGen: 499104K->14400K(504832K)] 880715K->406304K(1029120K), 0.0868936 secs] [Times: user=0.10 sys=0.00, real=0.09 secs] 
2021-05-16T12:26:04.457+0800: 183316.155: [GC (Allocation Failure) [PSYoungGen: 499776K->17664K(503296K)] 891680K->418726K(1027584K), 0.0342850 secs] [Times: user=0.09 sys=0.00, real=0.03 secs] 
2021-05-16T12:33:09.769+0800: 183741.467: [GC (Allocation Failure) [PSYoungGen: 503040K->16320K(504832K)] 904102K->428504K(1029120K), 0.0406246 secs] [Times: user=0.12 sys=0.00, real=0.04 secs] 
2021-05-16T12:40:05.017+0800: 184156.715: [GC (Allocation Failure) [PSYoungGen: 501184K->16608K(504320K)] 913368K->439435K(1028608K), 0.0308499 secs] [Times: user=0.08 sys=0.00, real=0.03 secs] 
2021-05-16T12:47:03.745+0800: 184575.443: [GC (Allocation Failure) [PSYoungGen: 501472K->17440K(504832K)] 924299K->450454K(1029120K), 0.0399469 secs] [Times: user=0.09 sys=0.00, real=0.04 secs] 
2021-05-16T12:54:08.637+0800: 185000.335: [GC (Allocation Failure) [PSYoungGen: 502816K->16768K(504832K)] 935830K->460921K(1029120K), 0.0382820 secs] [Times: user=0.09 sys=0.00, real=0.04 secs] 
2021-05-16T13:01:09.048+0800: 185420.746: [GC (Allocation Failure) [PSYoungGen: 502144K->16320K(504832K)] 946297K->471444K(1029120K), 0.0324971 secs] [Times: user=0.09 sys=0.00, real=0.03 secs] 
2021-05-16T13:08:10.578+0800: 185842.276: [GC (Allocation Failure) [PSYoungGen: 501696K->16928K(504832K)] 956820K->484047K(1029120K), 0.0372108 secs] [Times: user=0.09 sys=0.00, real=0.04 secs] 
2021-05-16T13:15:04.528+0800: 186256.227: [GC (Allocation Failure) [PSYoungGen: 502304K->17088K(505344K)] 969423K->494972K(1029632K), 0.0328810 secs] [Times: user=0.08 sys=0.00, real=0.03 secs] 
2021-05-16T13:22:04.337+0800: 186676.035: [GC (Allocation Failure) [PSYoungGen: 503488K->17152K(505344K)] 981372K->506553K(1029632K), 0.0364278 secs] [Times: user=0.09 sys=0.00, real=0.04 secs] 
2021-05-16T13:28:57.829+0800: 187089.527: [GC (Allocation Failure) [PSYoungGen: 503552K->16416K(505344K)] 992953K->517212K(1029632K), 0.0395654 secs] [Times: user=0.09 sys=0.00, real=0.04 secs] 
2021-05-16T13:35:47.806+0800: 187499.504: [GC (Allocation Failure) [PSYoungGen: 502816K->15712K(505344K)] 1003612K->526711K(1029632K), 0.0414925 secs] [Times: user=0.10 sys=0.00, real=0.04 secs] 
2021-05-16T13:42:39.031+0800: 187910.730: [GC (Allocation Failure) [PSYoungGen: 502112K->15200K(505344K)] 1013111K->537154K(1029632K), 0.0376184 secs] [Times: user=0.09 sys=0.00, real=0.04 secs] 
2021-05-16T13:42:39.069+0800: 187910.768: [Full GC (Ergonomics) [PSYoungGen: 15200K->0K(505344K)] [ParOldGen: 521954K->302695K(524288K)] 537154K->302695K(1029632K), [Metaspace: 92681K->92677K(1134592K)], 0.5897562 secs] [Times: user=1.21 sys=0.00, real=0.59 secs] 
2021-05-16T13:49:35.393+0800: 188327.091: [GC (Allocation Failure) [PSYoungGen: 486400K->17920K(504832K)] 789095K->320616K(1029120K), 0.0316972 secs] [Times: user=0.08 sys=0.00, real=0.03 secs] 
2021-05-16T13:56:37.937+0800: 188749.635: [GC (Allocation Failure) [PSYoungGen: 504320K->18240K(504832K)] 807016K->332690K(1029120K), 0.0678650 secs] [Times: user=0.10 sys=0.00, real=0.07 secs] 
2021-05-16T14:03:33.969+0800: 189165.668: [GC (Allocation Failure) [PSYoungGen: 503616K->14592K(500224K)] 818066K->340885K(1024512K), 0.0313475 secs] [Times: user=0.08 sys=0.00, real=0.03 secs] 
2021-05-16T14:10:32.601+0800: 189584.299: [GC (Allocation Failure) [PSYoungGen: 499968K->17696K(504320K)] 826261K->353602K(1028608K), 0.0334479 secs] [Times: user=0.09 sys=0.00, real=0.04 secs] 
2021-05-16T14:17:27.264+0800: 189998.962: [GC (Allocation Failure) [PSYoungGen: 502048K->15520K(504320K)] 837954K->362700K(1028608K), 0.0300176 secs] [Times: user=0.08 sys=0.00, real=0.03 secs] 
2021-05-16T14:24:20.653+0800: 190412.351: [GC (Allocation Failure) [PSYoungGen: 499872K->16064K(504832K)] 847052K->373160K(1029120K), 0.0288488 secs] [Times: user=0.08 sys=0.00, real=0.02 secs] 
2021-05-16T14:31:18.449+0800: 190830.148: [GC (Allocation Failure) [PSYoungGen: 500928K->13600K(504320K)] 858024K->382012K(1028608K), 0.0305982 secs] [Times: user=0.08 sys=0.00, real=0.03 secs] 
2021-05-16T14:38:14.389+0800: 191246.087: [GC (Allocation Failure) [PSYoungGen: 498464K->14944K(504832K)] 866876K->393088K(1029120K), 0.0311911 secs] [Times: user=0.07 sys=0.00, real=0.03 secs] 
2021-05-16T14:45:11.180+0800: 191662.878: [GC (Allocation Failure) [PSYoungGen: 500320K->17312K(502784K)] 878464K->406202K(1027072K), 0.0342124 secs] [Times: user=0.09 sys=0.00, real=0.04 secs] 
2021-05-16T14:52:16.433+0800: 192088.131: [GC (Allocation Failure) [PSYoungGen: 502688K->17024K(504320K)] 891578K->415512K(1028608K), 0.0292614 secs] [Times: user=0.07 sys=0.00, real=0.03 secs] 
2021-05-16T14:59:13.147+0800: 192504.845: [GC (Allocation Failure) [PSYoungGen: 501376K->16000K(504320K)] 899864K->425003K(1028608K), 0.0365337 secs] [Times: user=0.09 sys=0.00, real=0.04 secs] 
2021-05-16T15:06:09.827+0800: 192921.525: [GC (Allocation Failure) [PSYoungGen: 500352K->15040K(504832K)] 909355K->434654K(1029120K), 0.0303142 secs] [Times: user=0.09 sys=0.00, real=0.03 secs] 
2021-05-16T15:13:06.041+0800: 193337.739: [GC (Allocation Failure) [PSYoungGen: 500416K->16192K(504832K)] 920030K->445666K(1029120K), 0.0406507 secs] [Times: user=0.07 sys=0.00, real=0.04 secs] 
2021-05-16T15:20:05.280+0800: 193756.978: [GC (Allocation Failure) [PSYoungGen: 501568K->15584K(505344K)] 931042K->455964K(1029632K), 0.0325761 secs] [Times: user=0.09 sys=0.00, real=0.04 secs] 
2021-05-16T15:27:09.458+0800: 194181.157: [GC (Allocation Failure) [PSYoungGen: 501984K->18816K(505344K)] 942364K->469439K(1029632K), 0.0331113 secs] [Times: user=0.09 sys=0.00, real=0.03 secs] 
2021-05-16T15:34:10.031+0800: 194601.729: [GC (Allocation Failure) [PSYoungGen: 505216K->16768K(504320K)] 955839K->478514K(1028608K), 0.0410501 secs] [Times: user=0.11 sys=0.00, real=0.04 secs] 
2021-05-16T15:41:08.825+0800: 195020.523: [GC (Allocation Failure) [PSYoungGen: 502144K->15520K(504832K)] 963890K->487412K(1029120K), 0.0324092 secs] [Times: user=0.09 sys=0.00, real=0.03 secs] 
2021-05-16T15:48:06.384+0800: 195438.082: [GC (Allocation Failure) [PSYoungGen: 500896K->17344K(504832K)] 972788K->500072K(1029120K), 0.0368581 secs] [Times: user=0.10 sys=0.00, real=0.03 secs] 
2021-05-16T15:55:04.142+0800: 195855.841: [GC (Allocation Failure) [PSYoungGen: 502720K->12928K(498688K)] 985448K->507569K(1022976K), 0.0579904 secs] [Times: user=0.16 sys=0.02, real=0.05 secs] 
2021-05-16T16:02:08.793+0800: 196280.491: [GC (Allocation Failure) [PSYoungGen: 498304K->16416K(504832K)] 992945K->520118K(1029120K), 0.0340985 secs] [Times: user=0.09 sys=0.00, real=0.03 secs] 
2021-05-16T16:08:59.607+0800: 196691.305: [GC (Allocation Failure) [PSYoungGen: 501280K->18112K(504320K)] 1004982K->532803K(1028608K), 0.0586782 secs] [Times: user=0.09 sys=0.00, real=0.06 secs] 
2021-05-16T16:08:59.666+0800: 196691.364: [Full GC (Ergonomics) [PSYoungGen: 18112K->0K(504320K)] [ParOldGen: 514691K->294129K(524288K)] 532803K->294129K(1028608K), [Metaspace: 92687K->92683K(1134592K)], 0.5633615 secs] [Times: user=1.18 sys=0.00, real=0.56 secs] 
2021-05-16T16:15:56.639+0800: 197108.337: [GC (Allocation Failure) [PSYoungGen: 484864K->19744K(502272K)] 778993K->313873K(1026560K), 0.0310392 secs] [Times: user=0.08 sys=0.00, real=0.03 secs] 
2021-05-16T16:22:48.531+0800: 197520.229: [GC (Allocation Failure) [PSYoungGen: 502048K->15744K(503296K)] 796177K->322905K(1027584K), 0.0334588 secs] [Times: user=0.09 sys=0.00, real=0.04 secs] 
2021-05-16T16:29:43.780+0800: 197935.478: [GC (Allocation Failure) [PSYoungGen: 498048K->17792K(502784K)] 805209K->335884K(1027072K), 0.0500717 secs] [Times: user=0.10 sys=0.00, real=0.05 secs] 
2021-05-16T16:36:43.730+0800: 198355.428: [GC (Allocation Failure) [PSYoungGen: 500096K->17696K(503296K)] 818188K->346680K(1027584K), 0.0422369 secs] [Times: user=0.08 sys=0.00, real=0.05 secs] 
2021-05-16T16:43:38.076+0800: 198769.775: [GC (Allocation Failure) [PSYoungGen: 500000K->14976K(503808K)] 828984K->354970K(1028096K), 0.0388555 secs] [Times: user=0.10 sys=0.00, real=0.04 secs] 
2021-05-16T16:50:45.745+0800: 199197.443: [GC (Allocation Failure) [PSYoungGen: 497792K->17216K(503296K)] 837786K->367157K(1027584K), 0.0479019 secs] [Times: user=0.12 sys=0.00, real=0.05 secs] 
2021-05-16T16:57:53.405+0800: 199625.103: [GC (Allocation Failure) [PSYoungGen: 500032K->13952K(503808K)] 849973K->375752K(1028096K), 0.0371536 secs] [Times: user=0.11 sys=0.00, real=0.03 secs] 
2021-05-16T17:04:55.253+0800: 200046.951: [GC (Allocation Failure) [PSYoungGen: 497280K->16000K(503808K)] 859080K->388445K(1028096K), 0.0966817 secs] [Times: user=0.10 sys=0.00, real=0.09 secs] 
2021-05-16T17:11:55.856+0800: 200467.555: [GC (Allocation Failure) [PSYoungGen: 499328K->15904K(504320K)] 871773K->399336K(1028608K), 0.0356967 secs] [Times: user=0.09 sys=0.00, real=0.04 secs] 
2021-05-16T17:18:50.826+0800: 200882.524: [GC (Allocation Failure) [PSYoungGen: 499744K->17248K(503808K)] 883176K->409893K(1028096K), 0.0310108 secs] [Times: user=0.09 sys=0.00, real=0.03 secs] 
2021-05-16T17:25:48.307+0800: 201300.005: [GC (Allocation Failure) [PSYoungGen: 501088K->14752K(504320K)] 893733K->419286K(1028608K), 0.0375068 secs] [Times: user=0.09 sys=0.00, real=0.04 secs] 
2021-05-16T17:32:40.135+0800: 201711.833: [GC (Allocation Failure) [PSYoungGen: 499104K->17888K(504320K)] 903638K->431459K(1028608K), 0.0332917 secs] [Times: user=0.08 sys=0.00, real=0.03 secs] 
2021-05-16T17:39:40.185+0800: 202131.883: [GC (Allocation Failure) [PSYoungGen: 502240K->16384K(504320K)] 915811K->441239K(1028608K), 0.0540783 secs] [Times: user=0.11 sys=0.00, real=0.05 secs] 
2021-05-16T17:46:36.737+0800: 202548.435: [GC (Allocation Failure) [PSYoungGen: 500736K->15488K(504320K)] 925591K->451848K(1028608K), 0.0373644 secs] [Times: user=0.10 sys=0.00, real=0.04 secs] 
2021-05-16T17:53:31.117+0800: 202962.815: [GC (Allocation Failure) [PSYoungGen: 499840K->15136K(504832K)] 936200K->461908K(1029120K), 0.0538142 secs] [Times: user=0.09 sys=0.00, real=0.05 secs] 
2021-05-16T18:00:31.520+0800: 203383.219: [GC (Allocation Failure) [PSYoungGen: 500512K->19424K(504832K)] 947284K->475857K(1029120K), 0.0385901 secs] [Times: user=0.09 sys=0.00, real=0.04 secs] 
2021-05-16T18:07:41.153+0800: 203812.851: [GC (Allocation Failure) [PSYoungGen: 504800K->15264K(496640K)] 961233K->483531K(1020928K), 0.0431877 secs] [Times: user=0.10 sys=0.00, real=0.04 secs] 
2021-05-16T18:14:35.031+0800: 204226.729: [GC (Allocation Failure) [PSYoungGen: 492448K->17568K(500736K)] 960715K->494903K(1025024K), 0.0409418 secs] [Times: user=0.10 sys=0.00, real=0.04 secs] 
2021-05-16T18:21:25.667+0800: 204637.365: [GC (Allocation Failure) [PSYoungGen: 494752K->14560K(501248K)] 972087K->501858K(1025536K), 0.0314286 secs] [Times: user=0.09 sys=0.00, real=0.03 secs] 
2021-05-16T18:28:21.294+0800: 205052.992: [GC (Allocation Failure) [PSYoungGen: 492768K->15136K(501248K)] 980066K->512716K(1025536K), 0.1148839 secs] [Times: user=0.12 sys=0.00, real=0.11 secs] 
2021-05-16T18:35:21.330+0800: 205473.029: [GC (Allocation Failure) [PSYoungGen: 493344K->16864K(501760K)] 990924K->524384K(1026048K), 0.0506603 secs] [Times: user=0.12 sys=0.00, real=0.05 secs] 
2021-05-16T18:42:10.785+0800: 205882.483: [GC (Allocation Failure) [PSYoungGen: 495584K->15968K(501248K)] 1003104K->535411K(1025536K), 0.0369806 secs] [Times: user=0.09 sys=0.00, real=0.03 secs] 
2021-05-16T18:42:10.822+0800: 205882.521: [Full GC (Ergonomics) [PSYoungGen: 15968K->0K(501248K)] [ParOldGen: 519443K->301606K(524288K)] 535411K->301606K(1025536K), [Metaspace: 92689K->92685K(1134592K)], 0.6319628 secs] [Times: user=1.31 sys=0.00, real=0.63 secs] 
2021-05-16T18:48:56.881+0800: 206288.579: [GC (Allocation Failure) [PSYoungGen: 478720K->15456K(502784K)] 780326K->317062K(1027072K), 0.0506880 secs] [Times: user=0.07 sys=0.00, real=0.05 secs] 
2021-05-16T18:55:54.148+0800: 206705.846: [GC (Allocation Failure) [PSYoungGen: 496224K->13952K(502272K)] 797830K->326904K(1026560K), 0.0492256 secs] [Times: user=0.10 sys=0.00, real=0.05 secs] 
2021-05-16T19:02:49.838+0800: 207121.536: [GC (Allocation Failure) [PSYoungGen: 494720K->12992K(502784K)] 807672K->335739K(1027072K), 0.0366864 secs] [Times: user=0.08 sys=0.00, real=0.04 secs] 
2021-05-16T19:09:50.388+0800: 207542.086: [GC (Allocation Failure) [PSYoungGen: 494272K->13568K(502784K)] 817019K->345935K(1027072K), 0.0464248 secs] [Times: user=0.11 sys=0.00, real=0.05 secs] 
2021-05-16T19:16:51.434+0800: 207963.132: [GC (Allocation Failure) [PSYoungGen: 494848K->14368K(502784K)] 827215K->355818K(1027072K), 0.0315709 secs] [Times: user=0.08 sys=0.00, real=0.03 secs] 
2021-05-16T19:23:46.611+0800: 208378.310: [GC (Allocation Failure) [PSYoungGen: 495648K->14496K(502784K)] 837098K->365877K(1027072K), 0.0465509 secs] [Times: user=0.09 sys=0.00, real=0.05 secs] 
2021-05-16T19:30:43.050+0800: 208794.748: [GC (Allocation Failure) [PSYoungGen: 495776K->13408K(503296K)] 847157K->375209K(1027584K), 0.0341866 secs] [Times: user=0.11 sys=0.00, real=0.04 secs] 
2021-05-16T19:37:48.104+0800: 209219.802: [GC (Allocation Failure) [PSYoungGen: 495712K->13696K(503296K)] 857513K->385740K(1027584K), 0.0289569 secs] [Times: user=0.08 sys=0.00, real=0.03 secs] 
2021-05-16T19:44:53.743+0800: 209645.441: [GC (Allocation Failure) [PSYoungGen: 496000K->15680K(504320K)] 868044K->397280K(1028608K), 0.0323154 secs] [Times: user=0.09 sys=0.00, real=0.03 secs] 
2021-05-16T19:51:59.549+0800: 210071.247: [GC (Allocation Failure) [PSYoungGen: 499520K->12448K(503808K)] 881120K->405033K(1028096K), 0.0357477 secs] [Times: user=0.10 sys=0.00, real=0.04 secs] 
2021-05-16T19:58:57.796+0800: 210489.495: [GC (Allocation Failure) [PSYoungGen: 496288K->14464K(504320K)] 888873K->416189K(1028608K), 0.0362526 secs] [Times: user=0.10 sys=0.00, real=0.04 secs] 
2021-05-16T20:05:55.951+0800: 210907.649: [GC (Allocation Failure) [PSYoungGen: 498816K->14560K(504320K)] 900541K->426742K(1028608K), 0.0332332 secs] [Times: user=0.09 sys=0.00, real=0.04 secs] 
2021-05-16T20:13:01.326+0800: 211333.025: [GC (Allocation Failure) [PSYoungGen: 498912K->13952K(505344K)] 911094K->435849K(1029632K), 0.0503952 secs] [Times: user=0.11 sys=0.00, real=0.05 secs] 
2021-05-16T20:20:01.085+0800: 211752.783: [GC (Allocation Failure) [PSYoungGen: 499840K->12928K(504832K)] 921737K->444340K(1029120K), 0.0310384 secs] [Times: user=0.10 sys=0.00, real=0.03 secs] 
2021-05-16T20:27:06.075+0800: 212177.773: [GC (Allocation Failure) [PSYoungGen: 498816K->11232K(505344K)] 930228K->451598K(1029632K), 0.0365015 secs] [Times: user=0.11 sys=0.00, real=0.03 secs] 
2021-05-16T20:34:08.475+0800: 212600.173: [GC (Allocation Failure) [PSYoungGen: 497632K->13824K(505344K)] 937998K->462483K(1029632K), 0.0329987 secs] [Times: user=0.11 sys=0.00, real=0.03 secs] 
2021-05-16T20:41:12.972+0800: 213024.670: [GC (Allocation Failure) [PSYoungGen: 500224K->12032K(505856K)] 948883K->471116K(1030144K), 0.0432109 secs] [Times: user=0.09 sys=0.00, real=0.05 secs] 
2021-05-16T20:48:14.539+0800: 213446.237: [GC (Allocation Failure) [PSYoungGen: 498944K->8992K(505344K)] 958028K->476828K(1029632K), 0.0384073 secs] [Times: user=0.09 sys=0.00, real=0.04 secs] 
2021-05-16T20:55:23.357+0800: 213875.055: [GC (Allocation Failure) [PSYoungGen: 495904K->12064K(505344K)] 963740K->486335K(1029632K), 0.0323582 secs] [Times: user=0.09 sys=0.00, real=0.03 secs] 
2021-05-16T21:02:33.283+0800: 214304.981: [GC (Allocation Failure) [PSYoungGen: 498464K->12704K(505344K)] 972735K->495210K(1029632K), 0.0442879 secs] [Times: user=0.12 sys=0.00, real=0.04 secs] 
2021-05-16T21:09:38.424+0800: 214730.123: [GC (Allocation Failure) [PSYoungGen: 499104K->14400K(505856K)] 981610K->505046K(1030144K), 0.0370887 secs] [Times: user=0.10 sys=0.00, real=0.03 secs] 
2021-05-16T21:16:41.331+0800: 215153.029: [GC (Allocation Failure) [PSYoungGen: 501824K->11008K(505856K)] 992470K->511688K(1030144K), 0.0322733 secs] [Times: user=0.09 sys=0.00, real=0.04 secs] 
2021-05-16T21:23:47.298+0800: 215578.996: [GC (Allocation Failure) [PSYoungGen: 498432K->11712K(506368K)] 999112K->520617K(1030656K), 0.0338355 secs] [Times: user=0.09 sys=0.00, real=0.03 secs] 
2021-05-16T21:30:48.271+0800: 215999.969: [GC (Allocation Failure) [PSYoungGen: 499648K->12416K(505856K)] 1008553K->529069K(1030144K), 0.0558988 secs] [Times: user=0.09 sys=0.00, real=0.06 secs] 
2021-05-16T21:30:48.327+0800: 216000.026: [Full GC (Ergonomics) [PSYoungGen: 12416K->0K(505856K)] [ParOldGen: 516653K->285412K(524288K)] 529069K->285412K(1030144K), [Metaspace: 92689K->92685K(1134592K)], 0.9434072 secs] [Times: user=2.18 sys=0.00, real=0.94 secs] 
2021-05-16T21:37:48.194+0800: 216419.893: [GC (Allocation Failure) [PSYoungGen: 487933K->15328K(505856K)] 773345K->300740K(1030144K), 0.0297397 secs] [Times: user=0.08 sys=0.00, real=0.03 secs] 
2021-05-16T21:44:53.392+0800: 216845.091: [GC (Allocation Failure) [PSYoungGen: 503776K->11648K(506368K)] 789188K->308803K(1030656K), 0.0611926 secs] [Times: user=0.09 sys=0.00, real=0.06 secs] 
2021-05-16T21:51:50.781+0800: 217262.479: [GC (Allocation Failure) [PSYoungGen: 500096K->13280K(506880K)] 797251K->318582K(1031168K), 0.0375413 secs] [Times: user=0.09 sys=0.00, real=0.04 secs] 
2021-05-16T21:58:50.255+0800: 217681.954: [GC (Allocation Failure) [PSYoungGen: 502240K->13888K(506368K)] 807542K->328585K(1030656K), 0.0340253 secs] [Times: user=0.10 sys=0.00, real=0.03 secs] 
2021-05-16T22:05:53.843+0800: 218105.541: [GC (Allocation Failure) [PSYoungGen: 502848K->14624K(506880K)] 817545K->338211K(1031168K), 0.0392884 secs] [Times: user=0.11 sys=0.00, real=0.04 secs] 
2021-05-16T22:12:59.593+0800: 218531.291: [GC (Allocation Failure) [PSYoungGen: 504096K->8992K(498688K)] 827683K->340421K(1022976K), 0.0271024 secs] [Times: user=0.08 sys=0.00, real=0.02 secs] 
2021-05-16T22:20:03.280+0800: 218954.978: [GC (Allocation Failure) [PSYoungGen: 498464K->14208K(506368K)] 829893K->352162K(1030656K), 0.0354831 secs] [Times: user=0.08 sys=0.00, real=0.04 secs] 
2021-05-16T22:27:09.032+0800: 219380.730: [GC (Allocation Failure) [PSYoungGen: 502656K->13440K(506368K)] 840610K->361476K(1030656K), 0.0695876 secs] [Times: user=0.12 sys=0.00, real=0.07 secs] 
2021-05-16T22:34:05.721+0800: 219797.420: [GC (Allocation Failure) [PSYoungGen: 501830K->16224K(504832K)] 849867K->372647K(1029120K), 0.0393059 secs] [Times: user=0.10 sys=0.00, real=0.04 secs] 
2021-05-16T22:41:03.951+0800: 220215.650: [GC (Allocation Failure) [PSYoungGen: 503648K->13120K(505856K)] 860071K->380448K(1030144K), 0.0721927 secs] [Times: user=0.12 sys=0.00, real=0.08 secs] 
2021-05-16T22:48:09.032+0800: 220640.730: [GC (Allocation Failure) [PSYoungGen: 500544K->14464K(506368K)] 867872K->391523K(1030656K), 0.0577200 secs] [Times: user=0.09 sys=0.00, real=0.05 secs] 
2021-05-16T22:55:09.390+0800: 221061.089: [GC (Allocation Failure) [PSYoungGen: 502912K->14432K(506368K)] 879971K->401166K(1030656K), 0.0350237 secs] [Times: user=0.09 sys=0.00, real=0.04 secs] 
2021-05-16T23:02:10.245+0800: 221481.944: [GC (Allocation Failure) [PSYoungGen: 502880K->15264K(506368K)] 889614K->412449K(1030656K), 0.0392359 secs] [Times: user=0.10 sys=0.00, real=0.04 secs] 
2021-05-16T23:09:14.282+0800: 221905.980: [GC (Allocation Failure) [PSYoungGen: 503712K->12768K(506368K)] 900897K->420140K(1030656K), 0.0828811 secs] [Times: user=0.12 sys=0.00, real=0.09 secs] 
2021-05-16T23:16:13.431+0800: 222325.129: [GC (Allocation Failure) [PSYoungGen: 501216K->17344K(504320K)] 908588K->432600K(1028608K), 0.0392269 secs] [Times: user=0.10 sys=0.00, real=0.04 secs] 
2021-05-16T23:23:18.263+0800: 222749.962: [GC (Allocation Failure) [PSYoungGen: 503744K->10624K(505344K)] 919000K->437863K(1029632K), 0.0333547 secs] [Times: user=0.08 sys=0.00, real=0.03 secs] 
2021-05-16T23:30:26.127+0800: 223177.825: [GC (Allocation Failure) [PSYoungGen: 497024K->13440K(505856K)] 924263K->447994K(1030144K), 0.0362596 secs] [Times: user=0.10 sys=0.00, real=0.04 secs] 
2021-05-16T23:37:30.235+0800: 223601.934: [GC (Allocation Failure) [PSYoungGen: 500352K->15392K(505344K)] 934906K->458829K(1029632K), 0.0351705 secs] [Times: user=0.09 sys=0.00, real=0.03 secs] 
2021-05-16T23:44:39.778+0800: 224031.476: [GC (Allocation Failure) [PSYoungGen: 502304K->12672K(505856K)] 945741K->466632K(1030144K), 0.0407312 secs] [Times: user=0.10 sys=0.00, real=0.04 secs] 
2021-05-16T23:51:43.142+0800: 224454.840: [GC (Allocation Failure) [PSYoungGen: 500096K->15264K(505856K)] 954056K->477835K(1030144K), 0.0388183 secs] [Times: user=0.10 sys=0.00, real=0.03 secs] 
2021-05-16T23:58:50.727+0800: 224882.425: [GC (Allocation Failure) [PSYoungGen: 502688K->11712K(505856K)] 965259K->484421K(1030144K), 0.0527987 secs] [Times: user=0.12 sys=0.00, real=0.05 secs] 
2021-05-17T00:05:42.228+0800: 225293.926: [GC (Allocation Failure) [PSYoungGen: 499136K->12064K(505856K)] 971845K->493687K(1030144K), 0.0369823 secs] [Times: user=0.10 sys=0.00, real=0.04 secs] 
2021-05-17T00:12:39.467+0800: 225711.165: [GC (Allocation Failure) [PSYoungGen: 499488K->13536K(506368K)] 981111K->502955K(1030656K), 0.0303700 secs] [Times: user=0.09 sys=0.00, real=0.03 secs] 
2021-05-17T00:19:43.416+0800: 226135.114: [GC (Allocation Failure) [PSYoungGen: 501472K->12672K(505856K)] 990891K->511374K(1030144K), 0.0320621 secs] [Times: user=0.09 sys=0.00, real=0.03 secs] 
2021-05-17T00:26:46.008+0800: 226557.707: [GC (Allocation Failure) [PSYoungGen: 500608K->14048K(506880K)] 999310K->521562K(1031168K), 0.0357576 secs] [Times: user=0.10 sys=0.00, real=0.04 secs] 
2021-05-17T00:33:49.602+0800: 226981.300: [GC (Allocation Failure) [PSYoungGen: 503520K->14688K(506880K)] 1011034K->530798K(1031168K), 0.0314852 secs] [Times: user=0.10 sys=0.00, real=0.04 secs] 
2021-05-17T00:33:49.634+0800: 226981.332: [Full GC (Ergonomics) [PSYoungGen: 14688K->0K(506880K)] [ParOldGen: 516110K->297003K(524288K)] 530798K->297003K(1031168K), [Metaspace: 92726K->92722K(1134592K)], 0.5906384 secs] [Times: user=1.26 sys=0.00, real=0.59 secs] 
2021-05-17T00:41:05.345+0800: 227417.044: [GC (Allocation Failure) [PSYoungGen: 489472K->12672K(506880K)] 786475K->309676K(1031168K), 0.0478433 secs] [Times: user=0.07 sys=0.00, real=0.05 secs] 
2021-05-17T00:48:21.475+0800: 227853.173: [GC (Allocation Failure) [PSYoungGen: 502144K->9632K(506880K)] 799148K->316405K(1031168K), 0.0352934 secs] [Times: user=0.10 sys=0.00, real=0.03 secs] 
2021-05-17T00:55:26.310+0800: 228278.009: [GC (Allocation Failure) [PSYoungGen: 499104K->13568K(506880K)] 805877K->327442K(1031168K), 0.0376094 secs] [Times: user=0.11 sys=0.00, real=0.04 secs] 
2021-05-17T01:02:26.450+0800: 228698.148: [GC (Allocation Failure) [PSYoungGen: 503040K->10656K(506880K)] 816914K->333971K(1031168K), 0.0360717 secs] [Times: user=0.11 sys=0.00, real=0.04 secs] 
2021-05-17T01:09:25.625+0800: 229117.324: [GC (Allocation Failure) [PSYoungGen: 500128K->10976K(506880K)] 823443K->342788K(1031168K), 0.0452936 secs] [Times: user=0.08 sys=0.00, real=0.04 secs] 
2021-05-17T01:16:29.052+0800: 229540.751: [GC (Allocation Failure) [PSYoungGen: 500448K->11200K(506880K)] 832260K->350341K(1031168K), 0.0275548 secs] [Times: user=0.08 sys=0.00, real=0.02 secs] 
2021-05-17T01:23:31.983+0800: 229963.682: [GC (Allocation Failure) [PSYoungGen: 500672K->13888K(506368K)] 839813K->361017K(1030656K), 0.0488624 secs] [Times: user=0.09 sys=0.00, real=0.05 secs] 
2021-05-17T01:30:40.467+0800: 230392.166: [GC (Allocation Failure) [PSYoungGen: 503360K->14432K(506880K)] 850489K->370613K(1031168K), 0.0295560 secs] [Times: user=0.08 sys=0.00, real=0.03 secs] 
2021-05-17T01:37:43.198+0800: 230814.897: [GC (Allocation Failure) [PSYoungGen: 503904K->11488K(506880K)] 860085K->378741K(1031168K), 0.0418231 secs] [Times: user=0.10 sys=0.00, real=0.04 secs] 
2021-05-17T01:44:49.229+0800: 231240.928: [GC (Allocation Failure) [PSYoungGen: 500960K->14112K(506880K)] 868213K->390296K(1031168K), 0.0357740 secs] [Times: user=0.09 sys=0.00, real=0.04 secs] 
2021-05-17T01:51:48.086+0800: 231659.785: [GC (Allocation Failure) [PSYoungGen: 503584K->13824K(506880K)] 879768K->399610K(1031168K), 0.0380378 secs] [Times: user=0.09 sys=0.00, real=0.04 secs] 
2021-05-17T01:58:56.760+0800: 232088.458: [GC (Allocation Failure) [PSYoungGen: 503296K->10848K(506880K)] 889082K->406347K(1031168K), 0.0269635 secs] [Times: user=0.08 sys=0.00, real=0.03 secs] 
2021-05-17T02:05:59.510+0800: 232511.208: [GC (Allocation Failure) [PSYoungGen: 500320K->14944K(506880K)] 895819K->418311K(1031168K), 0.0449516 secs] [Times: user=0.10 sys=0.00, real=0.05 secs] 
2021-05-17T02:13:01.472+0800: 232933.170: [GC (Allocation Failure) [PSYoungGen: 504416K->13824K(506880K)] 907783K->427786K(1031168K), 0.0427102 secs] [Times: user=0.09 sys=0.00, real=0.05 secs] 
2021-05-17T02:19:57.575+0800: 233349.274: [GC (Allocation Failure) [PSYoungGen: 503296K->13984K(506880K)] 917258K->437788K(1031168K), 0.0342685 secs] [Times: user=0.10 sys=0.00, real=0.03 secs] 
2021-05-17T02:27:06.414+0800: 233778.112: [GC (Allocation Failure) [PSYoungGen: 503456K->13216K(506880K)] 927260K->445887K(1031168K), 0.0341892 secs] [Times: user=0.08 sys=0.00, real=0.03 secs] 
2021-05-17T02:34:07.394+0800: 234199.092: [GC (Allocation Failure) [PSYoungGen: 502688K->14144K(507392K)] 935359K->456370K(1031680K), 0.0282438 secs] [Times: user=0.08 sys=0.00, real=0.03 secs] 
2021-05-17T02:41:09.930+0800: 234621.628: [GC (Allocation Failure) [PSYoungGen: 504640K->12128K(507392K)] 946866K->464940K(1031680K), 0.0236867 secs] [Times: user=0.07 sys=0.00, real=0.03 secs] 
2021-05-17T02:48:15.611+0800: 235047.309: [GC (Allocation Failure) [PSYoungGen: 502624K->12192K(507392K)] 955436K->473455K(1031680K), 0.0442603 secs] [Times: user=0.09 sys=0.00, real=0.05 secs] 
2021-05-17T02:55:31.182+0800: 235482.881: [GC (Allocation Failure) [PSYoungGen: 502688K->12064K(507392K)] 963951K->481617K(1031680K), 0.0280897 secs] [Times: user=0.08 sys=0.00, real=0.02 secs] 
2021-05-17T03:02:31.409+0800: 235903.108: [GC (Allocation Failure) [PSYoungGen: 502560K->12416K(507904K)] 972113K->489933K(1032192K), 0.0363054 secs] [Times: user=0.08 sys=0.00, real=0.04 secs] 
2021-05-17T03:09:34.913+0800: 236326.611: [GC (Allocation Failure) [PSYoungGen: 503936K->11232K(507904K)] 981453K->496950K(1032192K), 0.0316739 secs] [Times: user=0.08 sys=0.00, real=0.03 secs] 
2021-05-17T03:16:33.645+0800: 236745.343: [GC (Allocation Failure) [PSYoungGen: 502752K->14976K(506880K)] 988470K->508401K(1031168K), 0.0370019 secs] [Times: user=0.07 sys=0.00, real=0.03 secs] 
2021-05-17T03:23:41.808+0800: 237173.506: [GC (Allocation Failure) [PSYoungGen: 505472K->13952K(507392K)] 998897K->518051K(1031680K), 0.0284502 secs] [Times: user=0.08 sys=0.00, real=0.03 secs] 
2021-05-17T03:30:47.434+0800: 237599.132: [GC (Allocation Failure) [PSYoungGen: 504448K->11232K(507392K)] 1008547K->525197K(1031680K), 0.0242774 secs] [Times: user=0.07 sys=0.00, real=0.02 secs] 
2021-05-17T03:30:47.459+0800: 237599.157: [Full GC (Ergonomics) [PSYoungGen: 11232K->0K(507392K)] [ParOldGen: 513965K->284891K(524288K)] 525197K->284891K(1031680K), [Metaspace: 92730K->92727K(1134592K)], 0.4862541 secs] [Times: user=1.02 sys=0.00, real=0.49 secs] 
2021-05-17T03:37:54.712+0800: 238026.411: [GC (Allocation Failure) [PSYoungGen: 490496K->13440K(507392K)] 775387K->298331K(1031680K), 0.0275028 secs] [Times: user=0.06 sys=0.00, real=0.02 secs] 
2021-05-17T03:44:56.226+0800: 238447.924: [GC (Allocation Failure) [PSYoungGen: 503936K->11712K(507904K)] 788827K->306286K(1032192K), 0.0268393 secs] [Times: user=0.07 sys=0.00, real=0.03 secs] 
2021-05-17T03:52:05.510+0800: 238877.208: [GC (Allocation Failure) [PSYoungGen: 503232K->13472K(507904K)] 797806K->317114K(1032192K), 0.0270959 secs] [Times: user=0.08 sys=0.00, real=0.03 secs] 
2021-05-17T03:59:13.087+0800: 239304.785: [GC (Allocation Failure) [PSYoungGen: 504992K->11712K(507904K)] 808634K->326537K(1032192K), 0.0288392 secs] [Times: user=0.08 sys=0.00, real=0.03 secs] 
2021-05-17T04:06:20.710+0800: 239732.408: [GC (Allocation Failure) [PSYoungGen: 503232K->15200K(506880K)] 818057K->338070K(1031168K), 0.0280129 secs] [Times: user=0.08 sys=0.00, real=0.03 secs] 
2021-05-17T04:13:20.742+0800: 240152.440: [GC (Allocation Failure) [PSYoungGen: 506720K->14880K(507392K)] 829590K->347146K(1031680K), 0.0295805 secs] [Times: user=0.07 sys=0.00, real=0.02 secs] 
2021-05-17T04:20:22.538+0800: 240574.236: [GC (Allocation Failure) [PSYoungGen: 505376K->11968K(507392K)] 837642K->354507K(1031680K), 0.0298339 secs] [Times: user=0.07 sys=0.00, real=0.03 secs] 
2021-05-17T04:27:24.442+0800: 240996.140: [GC (Allocation Failure) [PSYoungGen: 502464K->11936K(507392K)] 845003K->362308K(1031680K), 0.0247903 secs] [Times: user=0.07 sys=0.00, real=0.03 secs] 
2021-05-17T04:34:37.148+0800: 241428.846: [GC (Allocation Failure) [PSYoungGen: 502432K->12160K(507392K)] 852804K->370742K(1031680K), 0.0272998 secs] [Times: user=0.08 sys=0.00, real=0.03 secs] 
2021-05-17T04:41:38.593+0800: 241850.291: [GC (Allocation Failure) [PSYoungGen: 502656K->13248K(507904K)] 861238K->380307K(1032192K), 0.0382015 secs] [Times: user=0.09 sys=0.00, real=0.03 secs] 
2021-05-17T04:48:44.083+0800: 242275.781: [GC (Allocation Failure) [PSYoungGen: 504768K->14656K(506368K)] 871827K->390342K(1030656K), 0.0453672 secs] [Times: user=0.07 sys=0.00, real=0.04 secs] 
2021-05-17T04:55:43.000+0800: 242694.698: [GC (Allocation Failure) [PSYoungGen: 506176K->11776K(507904K)] 881862K->397639K(1032192K), 0.0290689 secs] [Times: user=0.08 sys=0.00, real=0.03 secs] 
2021-05-17T05:02:49.856+0800: 243121.555: [GC (Allocation Failure) [PSYoungGen: 502784K->11552K(507392K)] 888647K->406544K(1031680K), 0.0283312 secs] [Times: user=0.08 sys=0.00, real=0.03 secs] 
2021-05-17T05:09:56.700+0800: 243548.399: [GC (Allocation Failure) [PSYoungGen: 502560K->13664K(507904K)] 897552K->416277K(1032192K), 0.0300361 secs] [Times: user=0.08 sys=0.00, real=0.03 secs] 
2021-05-17T05:16:39.746+0800: 243951.444: [GC (Allocation Failure) [PSYoungGen: 505184K->16352K(507904K)] 907797K->429328K(1032192K), 0.0355319 secs] [Times: user=0.10 sys=0.00, real=0.03 secs] 
2021-05-17T05:23:08.744+0800: 244340.442: [GC (Allocation Failure) [PSYoungGen: 507872K->14752K(498688K)] 920848K->441043K(1022976K), 0.0263944 secs] [Times: user=0.08 sys=0.00, real=0.02 secs] 
2021-05-17T05:29:17.353+0800: 244709.051: [GC (Allocation Failure) [PSYoungGen: 497056K->13152K(503296K)] 923347K->449421K(1027584K), 0.0315750 secs] [Times: user=0.08 sys=0.01, real=0.03 secs] 
2021-05-17T05:35:39.974+0800: 245091.672: [GC (Allocation Failure) [PSYoungGen: 495456K->14240K(504320K)] 931725K->460296K(1028608K), 0.0276623 secs] [Times: user=0.08 sys=0.00, real=0.02 secs] 
2021-05-17T05:42:07.073+0800: 245478.771: [GC (Allocation Failure) [PSYoungGen: 498080K->13824K(503808K)] 944136K->470907K(1028096K), 0.0239656 secs] [Times: user=0.07 sys=0.00, real=0.02 secs] 
2021-05-17T05:48:24.335+0800: 245856.033: [GC (Allocation Failure) [PSYoungGen: 497664K->14752K(505344K)] 954747K->481695K(1029632K), 0.0446408 secs] [Times: user=0.10 sys=0.00, real=0.04 secs] 
2021-05-17T05:54:53.742+0800: 246245.441: [GC (Allocation Failure) [PSYoungGen: 500640K->15424K(504832K)] 967583K->493182K(1029120K), 0.0301981 secs] [Times: user=0.08 sys=0.00, real=0.03 secs] 
2021-05-17T06:01:15.866+0800: 246627.565: [GC (Allocation Failure) [PSYoungGen: 501312K->14048K(505856K)] 979070K->503361K(1030144K), 0.0334972 secs] [Times: user=0.11 sys=0.00, real=0.03 secs] 
2021-05-17T06:07:41.228+0800: 247012.926: [GC (Allocation Failure) [PSYoungGen: 500960K->13664K(505344K)] 990273K->513323K(1029632K), 0.0385847 secs] [Times: user=0.12 sys=0.00, real=0.04 secs] 
2021-05-17T06:14:09.555+0800: 247401.253: [GC (Allocation Failure) [PSYoungGen: 500576K->13024K(506368K)] 1000235K->522997K(1030656K), 0.0271562 secs] [Times: user=0.08 sys=0.00, real=0.03 secs] 
2021-05-17T06:20:41.734+0800: 247793.432: [GC (Allocation Failure) [PSYoungGen: 500960K->14560K(505856K)] 1010933K->534570K(1030144K), 0.0292343 secs] [Times: user=0.08 sys=0.00, real=0.03 secs] 
2021-05-17T06:20:41.764+0800: 247793.462: [Full GC (Ergonomics) [PSYoungGen: 14560K->0K(505856K)] [ParOldGen: 520010K->300828K(524288K)] 534570K->300828K(1030144K), [Metaspace: 92759K->92755K(1134592K)], 0.5996518 secs] [Times: user=1.27 sys=0.00, real=0.60 secs] 
2021-05-17T06:27:08.015+0800: 248179.714: [GC (Allocation Failure) [PSYoungGen: 487936K->16160K(505344K)] 788764K->316988K(1029632K), 0.0280526 secs] [Times: user=0.08 sys=0.00, real=0.03 secs] 
2021-05-17T06:33:34.556+0800: 248566.254: [GC (Allocation Failure) [PSYoungGen: 503584K->14144K(505856K)] 804412K->327219K(1030144K), 0.0319753 secs] [Times: user=0.10 sys=0.00, real=0.03 secs] 
2021-05-17T06:40:08.955+0800: 248960.653: [GC (Allocation Failure) [PSYoungGen: 501568K->13344K(506368K)] 814643K->336631K(1030656K), 0.0431774 secs] [Times: user=0.10 sys=0.01, real=0.04 secs] 
2021-05-17T06:46:39.963+0800: 249351.661: [GC (Allocation Failure) [PSYoungGen: 501792K->13152K(506368K)] 825079K->347120K(1030656K), 0.0325863 secs] [Times: user=0.09 sys=0.00, real=0.03 secs] 
2021-05-17T06:53:13.744+0800: 249745.442: [GC (Allocation Failure) [PSYoungGen: 501600K->11744K(506368K)] 835568K->356186K(1030656K), 0.0306186 secs] [Times: user=0.10 sys=0.00, real=0.03 secs] 
2021-05-17T06:59:41.556+0800: 250133.254: [GC (Allocation Failure) [PSYoungGen: 500192K->13504K(506368K)] 844634K->367230K(1030656K), 0.0364922 secs] [Times: user=0.11 sys=0.00, real=0.04 secs] 
2021-05-17T07:06:06.850+0800: 250518.548: [GC (Allocation Failure) [PSYoungGen: 501952K->12800K(506880K)] 855678K->376721K(1031168K), 0.0338999 secs] [Times: user=0.10 sys=0.00, real=0.04 secs] 
2021-05-17T07:12:39.898+0800: 250911.596: [GC (Allocation Failure) [PSYoungGen: 502272K->13920K(506880K)] 866193K->387099K(1031168K), 0.0486857 secs] [Times: user=0.10 sys=0.00, real=0.05 secs] 
2021-05-17T07:19:09.005+0800: 251300.704: [GC (Allocation Failure) [PSYoungGen: 503392K->12480K(507392K)] 876571K->395583K(1031680K), 0.0326543 secs] [Times: user=0.08 sys=0.00, real=0.03 secs] 
2021-05-17T07:25:45.032+0800: 251696.730: [GC (Allocation Failure) [PSYoungGen: 502976K->10752K(507392K)] 886079K->403257K(1031680K), 0.0236108 secs] [Times: user=0.07 sys=0.00, real=0.03 secs] 
2021-05-17T07:32:19.921+0800: 252091.620: [GC (Allocation Failure) [PSYoungGen: 501248K->13280K(507392K)] 893753K->412733K(1031680K), 0.0795167 secs] [Times: user=0.10 sys=0.00, real=0.08 secs] 
2021-05-17T07:38:51.766+0800: 252483.465: [GC (Allocation Failure) [PSYoungGen: 503776K->12224K(507392K)] 903229K->421288K(1031680K), 0.0383844 secs] [Times: user=0.12 sys=0.00, real=0.04 secs] 
2021-05-17T07:45:17.303+0800: 252869.002: [GC (Allocation Failure) [PSYoungGen: 502720K->10528K(507392K)] 911784K->429345K(1031680K), 0.0312473 secs] [Times: user=0.08 sys=0.01, real=0.03 secs] 
2021-05-17T07:51:44.624+0800: 253256.322: [GC (Allocation Failure) [PSYoungGen: 501024K->15296K(505856K)] 919841K->442326K(1030144K), 0.0321507 secs] [Times: user=0.09 sys=0.00, real=0.03 secs] 
2021-05-17T07:58:06.630+0800: 253638.328: [GC (Allocation Failure) [PSYoungGen: 505792K->14016K(506880K)] 932822K->452440K(1031168K), 0.0343763 secs] [Times: user=0.09 sys=0.00, real=0.04 secs] 
2021-05-17T08:04:35.852+0800: 254027.550: [GC (Allocation Failure) [PSYoungGen: 503488K->11488K(506880K)] 941912K->460888K(1031168K), 0.0366527 secs] [Times: user=0.10 sys=0.00, real=0.03 secs] 
2021-05-17T08:11:02.319+0800: 254414.017: [GC (Allocation Failure) [PSYoungGen: 500960K->10592K(506880K)] 950360K->468642K(1031168K), 0.0335840 secs] [Times: user=0.10 sys=0.00, real=0.04 secs] 
2021-05-17T08:17:19.951+0800: 254791.649: [GC (Allocation Failure) [PSYoungGen: 500064K->12032K(506880K)] 958114K->478541K(1031168K), 0.0260825 secs] [Times: user=0.08 sys=0.00, real=0.03 secs] 
2021-05-17T08:23:42.478+0800: 255174.176: [GC (Allocation Failure) [PSYoungGen: 501504K->13600K(507392K)] 968013K->488869K(1031680K), 0.0334349 secs] [Times: user=0.09 sys=0.00, real=0.03 secs] 
2021-05-17T08:30:06.895+0800: 255558.594: [GC (Allocation Failure) [PSYoungGen: 504096K->14304K(507392K)] 979365K->499505K(1031680K), 0.0348285 secs] [Times: user=0.09 sys=0.00, real=0.03 secs] 
2021-05-17T08:36:32.422+0800: 255944.120: [GC (Allocation Failure) [PSYoungGen: 504800K->12096K(507392K)] 990001K->507739K(1031680K), 0.0393345 secs] [Times: user=0.08 sys=0.01, real=0.03 secs] 
2021-05-17T08:43:02.951+0800: 256334.649: [GC (Allocation Failure) [PSYoungGen: 502592K->16032K(506880K)] 998235K->520560K(1031168K), 0.0331335 secs] [Times: user=0.09 sys=0.00, real=0.04 secs] 
2021-05-17T08:49:30.012+0800: 256721.711: [GC (Allocation Failure) [PSYoungGen: 506528K->12768K(506880K)] 1011056K->528426K(1031168K), 0.0287287 secs] [Times: user=0.08 sys=0.00, real=0.02 secs] 
2021-05-17T08:49:30.042+0800: 256721.740: [Full GC (Ergonomics) [PSYoungGen: 12768K->0K(506880K)] [ParOldGen: 515658K->282230K(524288K)] 528426K->282230K(1031168K), [Metaspace: 92760K->92756K(1134592K)], 0.4937457 secs] [Times: user=1.03 sys=0.00, real=0.50 secs] 
2021-05-17T08:55:52.157+0800: 257103.855: [GC (Allocation Failure) [PSYoungGen: 489472K->12192K(506880K)] 771702K->294422K(1031168K), 0.0301242 secs] [Times: user=0.08 sys=0.00, real=0.03 secs] 
2021-05-17T09:02:21.335+0800: 257493.033: [GC (Allocation Failure) [PSYoungGen: 501664K->14592K(506368K)] 783894K->305985K(1030656K), 0.0340015 secs] [Times: user=0.09 sys=0.00, real=0.03 secs] 
2021-05-17T09:08:45.206+0800: 257876.904: [GC (Allocation Failure) [PSYoungGen: 504064K->17376K(506880K)] 795457K->320092K(1031168K), 0.0491017 secs] [Times: user=0.12 sys=0.00, real=0.05 secs] 
2021-05-17T09:15:11.126+0800: 258262.824: [GC (Allocation Failure) [PSYoungGen: 506848K->15776K(497664K)] 809564K->331382K(1021952K), 0.0308452 secs] [Times: user=0.09 sys=0.00, real=0.03 secs] 
2021-05-17T09:21:23.690+0800: 258635.388: [GC (Allocation Failure) [PSYoungGen: 496032K->13280K(502272K)] 811638K->340439K(1026560K), 0.0311543 secs] [Times: user=0.08 sys=0.00, real=0.03 secs] 
2021-05-17T09:27:47.600+0800: 259019.298: [GC (Allocation Failure) [PSYoungGen: 493536K->14784K(503296K)] 820695K->351627K(1027584K), 0.0410974 secs] [Times: user=0.10 sys=0.00, real=0.04 secs] 
2021-05-17T09:34:06.351+0800: 259398.049: [GC (Allocation Failure) [PSYoungGen: 496062K->15520K(502272K)] 832906K->362615K(1026560K), 0.0689194 secs] [Times: user=0.08 sys=0.00, real=0.07 secs] 
2021-05-17T09:40:23.994+0800: 259775.693: [GC (Allocation Failure) [PSYoungGen: 496800K->14208K(503808K)] 843895K->372825K(1028096K), 0.0342971 secs] [Times: user=0.10 sys=0.00, real=0.03 secs] 
2021-05-17T09:46:46.710+0800: 260158.408: [GC (Allocation Failure) [PSYoungGen: 497024K->14912K(503296K)] 855641K->384364K(1027584K), 0.0408586 secs] [Times: user=0.11 sys=0.00, real=0.04 secs] 
2021-05-17T09:53:01.778+0800: 260533.476: [GC (Allocation Failure) [PSYoungGen: 497728K->13216K(504832K)] 867180K->393326K(1029120K), 0.0379523 secs] [Times: user=0.11 sys=0.00, real=0.04 secs] 
2021-05-17T09:59:21.430+0800: 260913.128: [GC (Allocation Failure) [PSYoungGen: 498080K->11712K(504320K)] 878190K->401450K(1028608K), 0.0301694 secs] [Times: user=0.09 sys=0.00, real=0.03 secs] 
2021-05-17T10:05:41.712+0800: 261293.410: [GC (Allocation Failure) [PSYoungGen: 496576K->13568K(504832K)] 886314K->412238K(1029120K), 0.0808139 secs] [Times: user=0.10 sys=0.00, real=0.09 secs] 
2021-05-17T10:12:05.759+0800: 261677.457: [GC (Allocation Failure) [PSYoungGen: 498944K->12672K(504832K)] 897614K->421496K(1029120K), 0.0290352 secs] [Times: user=0.09 sys=0.01, real=0.03 secs] 
2021-05-17T10:18:37.034+0800: 262068.732: [GC (Allocation Failure) [PSYoungGen: 498048K->10272K(504320K)] 906872K->428759K(1028608K), 0.0261630 secs] [Times: user=0.08 sys=0.00, real=0.02 secs] 
2021-05-17T10:25:02.119+0800: 262453.817: [GC (Allocation Failure) [PSYoungGen: 495648K->13632K(504832K)] 914135K->439067K(1029120K), 0.0246556 secs] [Times: user=0.06 sys=0.00, real=0.03 secs] 
2021-05-17T10:31:28.244+0800: 262839.942: [GC (Allocation Failure) [PSYoungGen: 499008K->11424K(505856K)] 924443K->446794K(1030144K), 0.0296626 secs] [Times: user=0.08 sys=0.00, real=0.03 secs] 
2021-05-17T10:37:50.348+0800: 263222.047: [GC (Allocation Failure) [PSYoungGen: 498336K->13600K(505344K)] 933706K->457606K(1029632K), 0.0368361 secs] [Times: user=0.10 sys=0.00, real=0.04 secs] 
2021-05-17T10:44:15.852+0800: 263607.550: [GC (Allocation Failure) [PSYoungGen: 500512K->13696K(506368K)] 944518K->468543K(1030656K), 0.0361387 secs] [Times: user=0.10 sys=0.00, real=0.03 secs] 
2021-05-17T10:50:47.087+0800: 263998.785: [GC (Allocation Failure) [PSYoungGen: 501632K->10336K(505856K)] 956479K->475545K(1030144K), 0.0336977 secs] [Times: user=0.09 sys=0.00, real=0.03 secs] 
2021-05-17T10:57:14.147+0800: 264385.845: [GC (Allocation Failure) [PSYoungGen: 498272K->12608K(506880K)] 963481K->485630K(1031168K), 0.0271191 secs] [Times: user=0.09 sys=0.00, real=0.03 secs] 
2021-05-17T11:03:43.066+0800: 264774.764: [GC (Allocation Failure) [PSYoungGen: 501568K->13312K(506368K)] 974590K->496512K(1030656K), 0.0316886 secs] [Times: user=0.09 sys=0.00, real=0.03 secs] 
2021-05-17T11:10:18.074+0800: 265169.773: [GC (Allocation Failure) [PSYoungGen: 502272K->10240K(506880K)] 985472K->502938K(1031168K), 0.0414028 secs] [Times: user=0.11 sys=0.00, real=0.04 secs] 
2021-05-17T11:16:48.477+0800: 265560.176: [GC (Allocation Failure) [PSYoungGen: 499712K->13504K(506880K)] 992410K->513855K(1031168K), 0.0378070 secs] [Times: user=0.11 sys=0.00, real=0.04 secs] 
2021-05-17T11:23:18.667+0800: 265950.365: [GC (Allocation Failure) [PSYoungGen: 502976K->11904K(507392K)] 1003327K->521505K(1031680K), 0.0268517 secs] [Times: user=0.08 sys=0.00, real=0.03 secs] 
2021-05-17T11:29:45.321+0800: 266337.019: [GC (Allocation Failure) [PSYoungGen: 501888K->15264K(506880K)] 1011489K->533140K(1031168K), 0.0373379 secs] [Times: user=0.08 sys=0.00, real=0.04 secs] 
2021-05-17T11:29:45.358+0800: 266337.057: [Full GC (Ergonomics) [PSYoungGen: 15264K->0K(506880K)] [ParOldGen: 517876K->300958K(524288K)] 533140K->300958K(1031168K), [Metaspace: 92760K->92760K(1134592K)], 0.5200171 secs] [Times: user=1.15 sys=0.00, real=0.52 secs] 
2021-05-17T11:36:10.269+0800: 266721.967: [GC (Allocation Failure) [PSYoungGen: 489984K->12512K(507392K)] 790942K->313470K(1031680K), 0.0262753 secs] [Times: user=0.07 sys=0.00, real=0.03 secs] 
2021-05-17T11:42:37.742+0800: 267109.440: [GC (Allocation Failure) [PSYoungGen: 502496K->13664K(506880K)] 803454K->323816K(1031168K), 0.0757889 secs] [Times: user=0.11 sys=0.00, real=0.08 secs] 
2021-05-17T11:49:01.564+0800: 267493.263: [GC (Allocation Failure) [PSYoungGen: 503648K->11520K(507392K)] 813800K->331458K(1031680K), 0.0275919 secs] [Times: user=0.08 sys=0.00, real=0.03 secs] 
2021-05-17T11:55:27.562+0800: 267879.260: [GC (Allocation Failure) [PSYoungGen: 502016K->11808K(507392K)] 821954K->340813K(1031680K), 0.0313325 secs] [Times: user=0.09 sys=0.00, real=0.03 secs] 
2021-05-17T12:01:55.148+0800: 268266.847: [GC (Allocation Failure) [PSYoungGen: 502304K->9280K(507392K)] 831309K->346302K(1031680K), 0.0344106 secs] [Times: user=0.10 sys=0.00, real=0.04 secs] 
2021-05-17T12:08:22.864+0800: 268654.562: [GC (Allocation Failure) [PSYoungGen: 499776K->15008K(505856K)] 836798K->359257K(1030144K), 0.0665969 secs] [Times: user=0.09 sys=0.00, real=0.06 secs] 
2021-05-17T12:14:50.884+0800: 269042.583: [GC (Allocation Failure) [PSYoungGen: 505504K->10304K(506880K)] 849753K->365681K(1031168K), 0.0286197 secs] [Times: user=0.08 sys=0.00, real=0.03 secs] 
2021-05-17T12:21:16.214+0800: 269427.912: [GC (Allocation Failure) [PSYoungGen: 499776K->10976K(506880K)] 855153K->374811K(1031168K), 0.0280443 secs] [Times: user=0.07 sys=0.00, real=0.02 secs] 
2021-05-17T12:27:39.626+0800: 269811.324: [GC (Allocation Failure) [PSYoungGen: 500448K->13792K(506880K)] 864283K->386382K(1031168K), 0.0273406 secs] [Times: user=0.08 sys=0.00, real=0.03 secs] 
2021-05-17T12:34:05.553+0800: 270197.251: [GC (Allocation Failure) [PSYoungGen: 503264K->11936K(506880K)] 875854K->395017K(1031168K), 0.0269693 secs] [Times: user=0.08 sys=0.01, real=0.02 secs] 
2021-05-17T12:40:38.193+0800: 270589.891: [GC (Allocation Failure) [PSYoungGen: 501408K->13792K(507392K)] 884489K->405236K(1031680K), 0.0472171 secs] [Times: user=0.10 sys=0.00, real=0.04 secs] 
2021-05-17T12:47:08.375+0800: 270980.073: [GC (Allocation Failure) [PSYoungGen: 504288K->11840K(507392K)] 895732K->413269K(1031680K), 0.0389827 secs] [Times: user=0.08 sys=0.01, real=0.04 secs] 
2021-05-17T12:53:40.339+0800: 271372.037: [GC (Allocation Failure) [PSYoungGen: 502336K->12032K(507904K)] 903765K->422992K(1032192K), 0.0360375 secs] [Times: user=0.10 sys=0.00, real=0.04 secs] 
2021-05-17T13:00:10.633+0800: 271762.331: [GC (Allocation Failure) [PSYoungGen: 503040K->12800K(507392K)] 914000K->433748K(1031680K), 0.0349921 secs] [Times: user=0.10 sys=0.00, real=0.03 secs] 
2021-05-17T13:06:44.348+0800: 272156.046: [GC (Allocation Failure) [PSYoungGen: 503808K->13120K(508416K)] 924756K->443798K(1032704K), 0.0308729 secs] [Times: user=0.09 sys=0.00, real=0.03 secs] 
2021-05-17T13:13:12.963+0800: 272544.662: [GC (Allocation Failure) [PSYoungGen: 505152K->14432K(507904K)] 935830K->455242K(1032192K), 0.0415984 secs] [Times: user=0.12 sys=0.00, real=0.04 secs] 
2021-05-17T13:19:40.766+0800: 272932.464: [GC (Allocation Failure) [PSYoungGen: 506464K->14272K(506880K)] 947274K->465567K(1031168K), 0.0327558 secs] [Times: user=0.10 sys=0.00, real=0.03 secs] 
2021-05-17T13:25:59.539+0800: 273311.237: [GC (Allocation Failure) [PSYoungGen: 504768K->14336K(507392K)] 956063K->476282K(1031680K), 0.0349848 secs] [Times: user=0.09 sys=0.00, real=0.04 secs] 
2021-05-17T13:32:16.722+0800: 273688.420: [GC (Allocation Failure) [PSYoungGen: 504832K->15360K(506368K)] 966778K->487100K(1030656K), 0.0300669 secs] [Times: user=0.08 sys=0.00, real=0.03 secs] 
2021-05-17T13:38:39.198+0800: 274070.896: [GC (Allocation Failure) [PSYoungGen: 504832K->16864K(506368K)] 976572K->500022K(1030656K), 0.0534959 secs] [Times: user=0.13 sys=0.00, real=0.05 secs] 
2021-05-17T13:45:03.942+0800: 274455.640: [GC (Allocation Failure) [PSYoungGen: 506336K->13824K(506368K)] 989494K->508440K(1030656K), 0.0463795 secs] [Times: user=0.09 sys=0.00, real=0.05 secs] 
2021-05-17T13:51:30.377+0800: 274842.076: [GC (Allocation Failure) [PSYoungGen: 502272K->14080K(506368K)] 996888K->518275K(1030656K), 0.0322360 secs] [Times: user=0.09 sys=0.00, real=0.03 secs] 
2021-05-17T13:57:54.055+0800: 275225.753: [GC (Allocation Failure) [PSYoungGen: 502528K->11456K(506368K)] 1006723K->525806K(1030656K), 0.0721259 secs] [Times: user=0.13 sys=0.00, real=0.07 secs] 
2021-05-17T13:57:54.128+0800: 275225.826: [Full GC (Ergonomics) [PSYoungGen: 11456K->0K(506368K)] [ParOldGen: 514350K->280334K(524288K)] 525806K->280334K(1030656K), [Metaspace: 92761K->92761K(1134592K)], 0.6796707 secs] [Times: user=1.33 sys=0.00, real=0.68 secs] 
2021-05-17T14:04:20.482+0800: 275612.181: [GC (Allocation Failure) [PSYoungGen: 488448K->15328K(506368K)] 768782K->295662K(1030656K), 0.0292548 secs] [Times: user=0.08 sys=0.00, real=0.02 secs] 
2021-05-17T14:10:40.975+0800: 275992.673: [GC (Allocation Failure) [PSYoungGen: 503776K->12064K(506368K)] 784110K->304213K(1030656K), 0.0338000 secs] [Times: user=0.11 sys=0.00, real=0.03 secs] 
2021-05-17T14:17:03.241+0800: 276374.939: [GC (Allocation Failure) [PSYoungGen: 500512K->11776K(506368K)] 792661K->313327K(1030656K), 0.0331569 secs] [Times: user=0.08 sys=0.00, real=0.04 secs] 
2021-05-17T14:23:22.071+0800: 276753.769: [GC (Allocation Failure) [PSYoungGen: 500224K->13312K(506880K)] 801775K->321932K(1031168K), 0.0350550 secs] [Times: user=0.10 sys=0.00, real=0.04 secs] 
2021-05-17T14:29:48.365+0800: 277140.063: [GC (Allocation Failure) [PSYoungGen: 502272K->13248K(506368K)] 810892K->331877K(1030656K), 0.0381172 secs] [Times: user=0.11 sys=0.00, real=0.04 secs] 
2021-05-17T14:36:14.504+0800: 277526.203: [GC (Allocation Failure) [PSYoungGen: 502208K->13952K(507392K)] 820837K->341401K(1031680K), 0.0765435 secs] [Times: user=0.14 sys=0.00, real=0.07 secs] 
2021-05-17T14:42:42.141+0800: 277913.839: [GC (Allocation Failure) [PSYoungGen: 504448K->10304K(507392K)] 831897K->347650K(1031680K), 0.0423625 secs] [Times: user=0.10 sys=0.00, real=0.05 secs] 
2021-05-17T14:49:09.821+0800: 278301.520: [GC (Allocation Failure) [PSYoungGen: 500800K->13056K(507392K)] 838146K->359443K(1031680K), 0.0370749 secs] [Times: user=0.10 sys=0.00, real=0.04 secs] 
2021-05-17T14:55:31.166+0800: 278682.865: [GC (Allocation Failure) [PSYoungGen: 503552K->11552K(507392K)] 849939K->366573K(1031680K), 0.0404062 secs] [Times: user=0.08 sys=0.01, real=0.04 secs] 
2021-05-17T15:01:58.687+0800: 279070.385: [GC (Allocation Failure) [PSYoungGen: 502046K->12608K(507904K)] 857068K->375945K(1032192K), 0.0399570 secs] [Times: user=0.10 sys=0.00, real=0.04 secs] 
2021-05-17T15:08:27.333+0800: 279459.031: [GC (Allocation Failure) [PSYoungGen: 504128K->12096K(507904K)] 867465K->385596K(1032192K), 0.0275503 secs] [Times: user=0.08 sys=0.00, real=0.02 secs] 
2021-05-17T15:14:59.938+0800: 279851.637: [GC (Allocation Failure) [PSYoungGen: 503616K->11136K(508416K)] 877116K->394597K(1032704K), 0.0543398 secs] [Times: user=0.11 sys=0.00, real=0.06 secs] 
2021-05-17T15:21:32.165+0800: 280243.863: [GC (Allocation Failure) [PSYoungGen: 503168K->13920K(507904K)] 886629K->405698K(1032192K), 0.0334677 secs] [Times: user=0.09 sys=0.00, real=0.03 secs] 
2021-05-17T15:28:03.751+0800: 280635.449: [GC (Allocation Failure) [PSYoungGen: 505952K->12672K(508416K)] 897730K->414483K(1032704K), 0.0489365 secs] [Times: user=0.13 sys=0.00, real=0.05 secs] 
2021-05-17T15:34:34.031+0800: 281025.729: [GC (Allocation Failure) [PSYoungGen: 504704K->14816K(507904K)] 906515K->425023K(1032192K), 0.0447739 secs] [Times: user=0.11 sys=0.00, real=0.05 secs] 
2021-05-17T15:40:55.240+0800: 281406.938: [GC (Allocation Failure) [PSYoungGen: 506848K->12608K(507904K)] 917055K->433882K(1032192K), 0.0521588 secs] [Times: user=0.09 sys=0.00, real=0.06 secs] 
2021-05-17T15:47:29.031+0800: 281800.730: [GC (Allocation Failure) [PSYoungGen: 504128K->11168K(507904K)] 925402K->441859K(1032192K), 0.0318925 secs] [Times: user=0.09 sys=0.00, real=0.04 secs] 
2021-05-17T15:53:54.141+0800: 282185.839: [GC (Allocation Failure) [PSYoungGen: 502688K->11904K(508416K)] 933379K->451158K(1032704K), 0.0430209 secs] [Times: user=0.11 sys=0.00, real=0.05 secs] 
2021-05-17T16:00:26.229+0800: 282577.927: [GC (Allocation Failure) [PSYoungGen: 503936K->13408K(507904K)] 943190K->461490K(1032192K), 0.0398251 secs] [Times: user=0.11 sys=0.00, real=0.04 secs] 
2021-05-17T16:07:04.319+0800: 282976.017: [GC (Allocation Failure) [PSYoungGen: 505437K->14040K(507392K)] 953519K->471836K(1031680K), 0.0496868 secs] [Times: user=0.11 sys=0.00, real=0.05 secs] 
2021-05-17T16:13:33.329+0800: 283365.027: [GC (Allocation Failure) [PSYoungGen: 505560K->14272K(507904K)] 963356K->482439K(1032192K), 0.0467340 secs] [Times: user=0.12 sys=0.00, real=0.05 secs] 
2021-05-17T16:20:08.827+0800: 283760.525: [GC (Allocation Failure) [PSYoungGen: 505792K->12960K(508416K)] 973959K->491538K(1032704K), 0.0484817 secs] [Times: user=0.10 sys=0.00, real=0.05 secs] 
2021-05-17T16:26:39.585+0800: 284151.284: [GC (Allocation Failure) [PSYoungGen: 504992K->15840K(507904K)] 983570K->505275K(1032192K), 0.0502090 secs] [Times: user=0.11 sys=0.00, real=0.05 secs] 
2021-05-17T16:33:10.272+0800: 284541.970: [GC (Allocation Failure) [PSYoungGen: 507872K->12704K(499712K)] 997307K->514309K(1024000K), 0.0467964 secs] [Times: user=0.10 sys=0.00, real=0.05 secs] 
2021-05-17T16:39:35.052+0800: 284926.750: [GC (Allocation Failure) [PSYoungGen: 496032K->15136K(503808K)] 997637K->526417K(1028096K), 0.0307300 secs] [Times: user=0.10 sys=0.00, real=0.03 secs] 
2021-05-17T16:46:01.552+0800: 285313.251: [GC (Allocation Failure) [PSYoungGen: 498464K->13216K(504320K)] 1009745K->536580K(1028608K), 0.0320036 secs] [Times: user=0.10 sys=0.00, real=0.03 secs] 
2021-05-17T16:46:01.585+0800: 285313.283: [Full GC (Ergonomics) [PSYoungGen: 13216K->0K(504320K)] [ParOldGen: 523364K->300323K(524288K)] 536580K->300323K(1028608K), [Metaspace: 92763K->92760K(1134592K)], 0.5516892 secs] [Times: user=1.17 sys=0.00, real=0.55 secs] 
2021-05-17T16:52:21.436+0800: 285693.134: [GC (Allocation Failure) [PSYoungGen: 483840K->14240K(503808K)] 784163K->314563K(1028096K), 0.0308709 secs] [Times: user=0.09 sys=0.00, real=0.03 secs] 
2021-05-17T16:58:49.058+0800: 286080.756: [GC (Allocation Failure) [PSYoungGen: 498080K->11264K(504832K)] 798403K->323745K(1029120K), 0.0303610 secs] [Times: user=0.09 sys=0.00, real=0.03 secs] 
2021-05-17T17:05:15.001+0800: 286466.699: [GC (Allocation Failure) [PSYoungGen: 496640K->13056K(504832K)] 809121K->334038K(1029120K), 0.0325809 secs] [Times: user=0.09 sys=0.00, real=0.04 secs] 
2021-05-17T17:11:43.488+0800: 286855.186: [GC (Allocation Failure) [PSYoungGen: 498432K->13888K(505856K)] 819414K->344176K(1030144K), 0.0344452 secs] [Times: user=0.09 sys=0.01, real=0.04 secs] 
2021-05-17T17:18:14.033+0800: 287245.731: [GC (Allocation Failure) [PSYoungGen: 500800K->12928K(505344K)] 831088K->352787K(1029632K), 0.0284227 secs] [Times: user=0.09 sys=0.00, real=0.02 secs] 
2021-05-17T17:24:41.188+0800: 287632.886: [GC (Allocation Failure) [PSYoungGen: 499840K->12800K(506368K)] 839699K->360958K(1030656K), 0.0673867 secs] [Times: user=0.08 sys=0.00, real=0.07 secs] 
2021-05-17T17:31:10.939+0800: 288022.637: [GC (Allocation Failure) [PSYoungGen: 500736K->12768K(505856K)] 848894K->369505K(1030144K), 0.0388791 secs] [Times: user=0.09 sys=0.00, real=0.04 secs] 
2021-05-17T17:37:37.506+0800: 288409.204: [GC (Allocation Failure) [PSYoungGen: 500704K->12608K(506880K)] 857441K->379499K(1031168K), 0.0290245 secs] [Times: user=0.08 sys=0.00, real=0.03 secs] 
2021-05-17T17:44:14.589+0800: 288806.287: [GC (Allocation Failure) [PSYoungGen: 501568K->10560K(506368K)] 868459K->386740K(1030656K), 0.0265393 secs] [Times: user=0.08 sys=0.00, real=0.03 secs] 
2021-05-17T17:50:44.257+0800: 289195.955: [GC (Allocation Failure) [PSYoungGen: 499520K->13952K(506880K)] 875700K->397952K(1031168K), 0.0293972 secs] [Times: user=0.08 sys=0.00, real=0.03 secs] 
2021-05-17T17:57:11.365+0800: 289583.063: [GC (Allocation Failure) [PSYoungGen: 503424K->10848K(506880K)] 887424K->404961K(1031168K), 0.0288441 secs] [Times: user=0.09 sys=0.00, real=0.03 secs] 
2021-05-17T18:03:39.120+0800: 289970.819: [GC (Allocation Failure) [PSYoungGen: 500320K->12832K(507392K)] 894433K->415540K(1031680K), 0.0301549 secs] [Times: user=0.09 sys=0.00, real=0.03 secs] 
2021-05-17T18:10:10.959+0800: 290362.657: [GC (Allocation Failure) [PSYoungGen: 502816K->12480K(506880K)] 905524K->424586K(1031168K), 0.0286603 secs] [Times: user=0.09 sys=0.00, real=0.03 secs] 
2021-05-17T18:16:45.389+0800: 290757.087: [GC (Allocation Failure) [PSYoungGen: 502464K->11424K(507392K)] 914570K->434130K(1031680K), 0.0347063 secs] [Times: user=0.08 sys=0.00, real=0.04 secs] 
2021-05-17T18:23:15.516+0800: 291147.214: [GC (Allocation Failure) [PSYoungGen: 501920K->9440K(507392K)] 924626K->440454K(1031680K), 0.0232291 secs] [Times: user=0.07 sys=0.00, real=0.02 secs] 
2021-05-17T18:29:46.476+0800: 291538.174: [GC (Allocation Failure) [PSYoungGen: 499936K->14784K(506368K)] 930950K->453124K(1030656K), 0.0396272 secs] [Times: user=0.08 sys=0.00, real=0.04 secs] 
2021-05-17T18:36:18.798+0800: 291930.497: [GC (Allocation Failure) [PSYoungGen: 504256K->14144K(506880K)] 942596K->462358K(1031168K), 0.0292771 secs] [Times: user=0.08 sys=0.00, real=0.03 secs] 
2021-05-17T18:42:53.242+0800: 292324.940: [GC (Allocation Failure) [PSYoungGen: 503616K->9600K(506880K)] 951830K->467733K(1031168K), 0.0309887 secs] [Times: user=0.10 sys=0.00, real=0.04 secs] 
2021-05-17T18:49:23.267+0800: 292714.965: [GC (Allocation Failure) [PSYoungGen: 499072K->10496K(506880K)] 957205K->476041K(1031168K), 0.0259890 secs] [Times: user=0.08 sys=0.00, real=0.03 secs] 
2021-05-17T18:55:49.183+0800: 293100.881: [GC (Allocation Failure) [PSYoungGen: 499968K->12064K(507392K)] 965513K->485470K(1031680K), 0.0249710 secs] [Times: user=0.07 sys=0.00, real=0.02 secs] 
2021-05-17T19:02:18.262+0800: 293489.960: [GC (Allocation Failure) [PSYoungGen: 502048K->12928K(506880K)] 975454K->495577K(1031168K), 0.0343863 secs] [Times: user=0.09 sys=0.00, real=0.04 secs] 
2021-05-17T19:08:40.870+0800: 293872.568: [GC (Allocation Failure) [PSYoungGen: 502912K->14112K(507392K)] 985561K->507018K(1031680K), 0.0399456 secs] [Times: user=0.10 sys=0.00, real=0.04 secs] 
2021-05-17T19:15:09.487+0800: 294261.185: [GC (Allocation Failure) [PSYoungGen: 504608K->12032K(507392K)] 997514K->515909K(1031680K), 0.0278312 secs] [Times: user=0.08 sys=0.00, real=0.03 secs] 
2021-05-17T19:21:38.883+0800: 294650.581: [GC (Allocation Failure) [PSYoungGen: 502528K->12800K(507904K)] 1006405K->526168K(1032192K), 0.0238379 secs] [Times: user=0.07 sys=0.00, real=0.02 secs] 
2021-05-17T19:21:38.907+0800: 294650.605: [Full GC (Ergonomics) [PSYoungGen: 12800K->0K(507904K)] [ParOldGen: 513368K->281339K(524288K)] 526168K->281339K(1032192K), [Metaspace: 92830K->92830K(1134592K)], 0.4899870 secs] [Times: user=1.05 sys=0.00, real=0.49 secs] 
2021-05-17T19:28:12.353+0800: 295044.051: [GC (Allocation Failure) [PSYoungGen: 491008K->11552K(507392K)] 772347K->292891K(1031680K), 0.0716801 secs] [Times: user=0.06 sys=0.00, real=0.07 secs] 
2021-05-17T19:34:44.331+0800: 295436.029: [GC (Allocation Failure) [PSYoungGen: 502560K->14624K(506880K)] 783899K->304039K(1031168K), 0.0385089 secs] [Times: user=0.09 sys=0.00, real=0.04 secs] 
2021-05-17T19:41:20.807+0800: 295832.506: [GC (Allocation Failure) [PSYoungGen: 505120K->13792K(507392K)] 794535K->313752K(1031680K), 0.0294129 secs] [Times: user=0.09 sys=0.00, real=0.03 secs] 
2021-05-17T19:47:48.892+0800: 296220.590: [GC (Allocation Failure) [PSYoungGen: 504288K->10624K(507392K)] 804248K->321129K(1031680K), 0.0259023 secs] [Times: user=0.07 sys=0.00, real=0.03 secs] 
2021-05-17T19:54:22.662+0800: 296614.360: [GC (Allocation Failure) [PSYoungGen: 501120K->11520K(507392K)] 811625K->329963K(1031680K), 0.0687537 secs] [Times: user=0.08 sys=0.00, real=0.06 secs] 
2021-05-17T20:00:55.535+0800: 297007.233: [GC (Allocation Failure) [PSYoungGen: 502016K->13600K(507904K)] 820459K->340727K(1032192K), 0.0362053 secs] [Times: user=0.07 sys=0.01, real=0.03 secs] 
2021-05-17T20:07:26.378+0800: 297398.076: [GC (Allocation Failure) [PSYoungGen: 505120K->16352K(507904K)] 832247K->354091K(1032192K), 0.0356179 secs] [Times: user=0.09 sys=0.00, real=0.04 secs] 
2021-05-17T20:14:02.808+0800: 297794.507: [GC (Allocation Failure) [PSYoungGen: 507872K->13568K(498688K)] 845611K->363556K(1022976K), 0.0545885 secs] [Times: user=0.12 sys=0.00, real=0.06 secs] 
2021-05-17T20:20:32.960+0800: 298184.658: [GC (Allocation Failure) [PSYoungGen: 495872K->13984K(503296K)] 845860K->374166K(1027584K), 0.0756811 secs] [Times: user=0.08 sys=0.00, real=0.08 secs] 
2021-05-17T20:27:02.723+0800: 298574.421: [GC (Allocation Failure) [PSYoungGen: 496288K->14112K(504832K)] 856470K->383785K(1029120K), 0.0349861 secs] [Times: user=0.08 sys=0.00, real=0.03 secs] 
2021-05-17T20:33:28.337+0800: 298960.036: [GC (Allocation Failure) [PSYoungGen: 498976K->14656K(504320K)] 868649K->394294K(1028608K), 0.0326845 secs] [Times: user=0.09 sys=0.00, real=0.03 secs] 
2021-05-17T20:39:58.078+0800: 299349.776: [GC (Allocation Failure) [PSYoungGen: 499520K->13856K(505344K)] 879158K->403880K(1029632K), 0.0606495 secs] [Times: user=0.11 sys=0.00, real=0.06 secs] 
2021-05-17T20:46:19.788+0800: 299731.486: [GC (Allocation Failure) [PSYoungGen: 499744K->13760K(504832K)] 889768K->414346K(1029120K), 0.0418967 secs] [Times: user=0.11 sys=0.00, real=0.04 secs] 
2021-05-17T20:52:51.338+0800: 300123.036: [GC (Allocation Failure) [PSYoungGen: 499648K->15104K(505856K)] 900234K->425742K(1030144K), 0.0314211 secs] [Times: user=0.09 sys=0.00, real=0.03 secs] 
2021-05-17T20:59:27.852+0800: 300519.550: [GC (Allocation Failure) [PSYoungGen: 502528K->13632K(505856K)] 913166K->435295K(1030144K), 0.0283364 secs] [Times: user=0.09 sys=0.00, real=0.03 secs] 
2021-05-17T21:05:58.756+0800: 300910.454: [GC (Allocation Failure) [PSYoungGen: 501056K->14016K(506368K)] 922719K->446160K(1030656K), 0.0332464 secs] [Times: user=0.10 sys=0.00, real=0.03 secs] 
2021-05-17T21:12:28.498+0800: 301300.196: [GC (Allocation Failure) [PSYoungGen: 502464K->13504K(506368K)] 934608K->456147K(1030656K), 0.0861304 secs] [Times: user=0.10 sys=0.00, real=0.09 secs] 
2021-05-17T21:18:53.480+0800: 301685.179: [GC (Allocation Failure) [PSYoungGen: 501952K->14624K(506880K)] 944595K->466766K(1031168K), 0.0509878 secs] [Times: user=0.10 sys=0.00, real=0.05 secs] 
2021-05-17T21:25:23.153+0800: 302074.851: [GC (Allocation Failure) [PSYoungGen: 504096K->11584K(506880K)] 956238K->474087K(1031168K), 0.0267656 secs] [Times: user=0.08 sys=0.00, real=0.02 secs] 
2021-05-17T21:31:58.728+0800: 302470.426: [GC (Allocation Failure) [PSYoungGen: 501056K->12192K(506880K)] 963559K->483498K(1031168K), 0.0710854 secs] [Times: user=0.11 sys=0.00, real=0.07 secs] 
2021-05-17T21:38:33.572+0800: 302865.270: [GC (Allocation Failure) [PSYoungGen: 501664K->12032K(506880K)] 972970K->491654K(1031168K), 0.0297345 secs] [Times: user=0.08 sys=0.01, real=0.03 secs] 
2021-05-17T21:45:00.114+0800: 303251.812: [GC (Allocation Failure) [PSYoungGen: 501504K->12416K(506880K)] 981126K->502262K(1031168K), 0.0477307 secs] [Times: user=0.11 sys=0.01, real=0.04 secs] 
2021-05-17T21:51:39.022+0800: 303650.720: [GC (Allocation Failure) [PSYoungGen: 501888K->12448K(506880K)] 991734K->511096K(1031168K), 0.0312531 secs] [Times: user=0.09 sys=0.00, real=0.04 secs] 
2021-05-17T21:58:13.350+0800: 304045.048: [GC (Allocation Failure) [PSYoungGen: 501920K->10016K(506368K)] 1000568K->519025K(1030656K), 0.0282997 secs] [Times: user=0.07 sys=0.01, real=0.03 secs] 
2021-05-17T22:04:43.710+0800: 304435.408: [GC (Allocation Failure) [PSYoungGen: 499488K->12992K(506880K)] 1008497K->529885K(1031168K), 0.0285065 secs] [Times: user=0.08 sys=0.00, real=0.03 secs] 
2021-05-17T22:04:43.739+0800: 304435.437: [Full GC (Ergonomics) [PSYoungGen: 12992K->0K(506880K)] [ParOldGen: 516893K->298128K(524288K)] 529885K->298128K(1031168K), [Metaspace: 92835K->92831K(1134592K)], 0.5598881 secs] [Times: user=1.12 sys=0.00, real=0.56 secs] 
2021-05-17T22:11:15.597+0800: 304827.296: [GC (Allocation Failure) [PSYoungGen: 489472K->14656K(507392K)] 787600K->312784K(1031680K), 0.0235302 secs] [Times: user=0.07 sys=0.00, real=0.02 secs] 
2021-05-17T22:17:48.149+0800: 305219.847: [GC (Allocation Failure) [PSYoungGen: 505152K->12832K(507392K)] 803280K->322923K(1031680K), 0.0271112 secs] [Times: user=0.07 sys=0.00, real=0.03 secs] 
2021-05-17T22:24:23.436+0800: 305615.135: [GC (Allocation Failure) [PSYoungGen: 503328K->9248K(507392K)] 813419K->329212K(1031680K), 0.0239247 secs] [Times: user=0.08 sys=0.00, real=0.02 secs] 
2021-05-17T22:30:59.283+0800: 306010.981: [GC (Allocation Failure) [PSYoungGen: 499744K->14272K(504832K)] 819708K->341832K(1029120K), 0.0546293 secs] [Times: user=0.11 sys=0.00, real=0.05 secs] 
2021-05-17T22:37:29.946+0800: 306401.644: [GC (Allocation Failure) [PSYoungGen: 504768K->11872K(507392K)] 832328K->350330K(1031680K), 0.0373069 secs] [Times: user=0.09 sys=0.00, real=0.04 secs] 
2021-05-17T22:44:00.727+0800: 306792.425: [GC (Allocation Failure) [PSYoungGen: 501856K->10432K(506880K)] 840314K->357987K(1031168K), 0.0281927 secs] [Times: user=0.08 sys=0.00, real=0.03 secs] 
2021-05-17T22:50:29.029+0800: 307180.727: [GC (Allocation Failure) [PSYoungGen: 500416K->12288K(507904K)] 847971K->367942K(1032192K), 0.0311449 secs] [Times: user=0.10 sys=0.00, real=0.03 secs] 
2021-05-17T22:57:02.790+0800: 307574.488: [GC (Allocation Failure) [PSYoungGen: 503296K->12160K(507392K)] 858950K->375977K(1031680K), 0.0270225 secs] [Times: user=0.09 sys=0.00, real=0.03 secs] 
2021-05-17T23:03:31.069+0800: 307962.767: [GC (Allocation Failure) [PSYoungGen: 503168K->14656K(506880K)] 866985K->387708K(1031168K), 0.0344514 secs] [Times: user=0.10 sys=0.00, real=0.04 secs] 
2021-05-17T23:09:55.355+0800: 308347.053: [GC (Allocation Failure) [PSYoungGen: 505152K->13856K(507392K)] 878204K->397846K(1031680K), 0.0305400 secs] [Times: user=0.10 sys=0.00, real=0.03 secs] 
2021-05-17T23:16:19.786+0800: 308731.484: [GC (Allocation Failure) [PSYoungGen: 504352K->12096K(507904K)] 888342K->406336K(1032192K), 0.0393915 secs] [Times: user=0.08 sys=0.00, real=0.04 secs] 
2021-05-17T23:22:44.727+0800: 309116.425: [GC (Allocation Failure) [PSYoungGen: 503104K->10336K(507392K)] 897344K->413891K(1031680K), 0.0942124 secs] [Times: user=0.10 sys=0.00, real=0.09 secs] 
2021-05-17T23:29:19.940+0800: 309511.639: [GC (Allocation Failure) [PSYoungGen: 501344K->12736K(507904K)] 904899K->424358K(1032192K), 0.0341559 secs] [Times: user=0.09 sys=0.00, real=0.04 secs] 
2021-05-17T23:35:53.607+0800: 309905.306: [GC (Allocation Failure) [PSYoungGen: 504256K->14464K(506368K)] 915878K->435112K(1030656K), 0.0483628 secs] [Times: user=0.09 sys=0.00, real=0.05 secs] 
2021-05-17T23:42:25.028+0800: 310296.726: [GC (Allocation Failure) [PSYoungGen: 505984K->14848K(507392K)] 926632K->445084K(1031680K), 0.0420311 secs] [Times: user=0.09 sys=0.00, real=0.04 secs] 
2021-05-17T23:48:53.694+0800: 310685.392: [GC (Allocation Failure) [PSYoungGen: 505344K->11072K(507392K)] 935580K->452274K(1031680K), 0.0283552 secs] [Times: user=0.09 sys=0.00, real=0.02 secs] 
2021-05-17T23:55:18.995+0800: 311070.693: [GC (Allocation Failure) [PSYoungGen: 501568K->13760K(507392K)] 942770K->462343K(1031680K), 0.0305956 secs] [Times: user=0.08 sys=0.00, real=0.03 secs] 
2021-05-18T00:01:36.540+0800: 311448.238: [GC (Allocation Failure) [PSYoungGen: 504256K->14240K(507392K)] 952839K->472546K(1031680K), 0.0349630 secs] [Times: user=0.09 sys=0.00, real=0.04 secs] 
2021-05-18T00:08:10.947+0800: 311842.646: [GC (Allocation Failure) [PSYoungGen: 504736K->14176K(506368K)] 963042K->481973K(1030656K), 0.0423819 secs] [Times: user=0.08 sys=0.01, real=0.04 secs] 
2021-05-18T00:14:34.848+0800: 312226.547: [GC (Allocation Failure) [PSYoungGen: 503648K->13056K(506880K)] 971445K->491448K(1031168K), 0.0389755 secs] [Times: user=0.11 sys=0.00, real=0.04 secs] 
2021-05-18T00:20:59.929+0800: 312611.627: [GC (Allocation Failure) [PSYoungGen: 502528K->10784K(507392K)] 980920K->498865K(1031680K), 0.0262619 secs] [Times: user=0.07 sys=0.00, real=0.03 secs] 
2021-05-18T00:27:20.482+0800: 312992.181: [GC (Allocation Failure) [PSYoungGen: 501280K->13664K(507392K)] 989361K->510252K(1031680K), 0.0500403 secs] [Times: user=0.09 sys=0.00, real=0.05 secs] 
2021-05-18T00:33:48.510+0800: 313380.208: [GC (Allocation Failure) [PSYoungGen: 504160K->12768K(507904K)] 1000748K->520048K(1032192K), 0.0301762 secs] [Times: user=0.09 sys=0.00, real=0.03 secs] 
2021-05-18T00:40:10.280+0800: 313761.979: [GC (Allocation Failure) [PSYoungGen: 503776K->13152K(507392K)] 1011056K->529906K(1031680K), 0.0367512 secs] [Times: user=0.10 sys=0.00, real=0.04 secs] 
2021-05-18T00:40:10.318+0800: 313762.016: [Full GC (Ergonomics) [PSYoungGen: 13152K->0K(507392K)] [ParOldGen: 516754K->288437K(524288K)] 529906K->288437K(1031680K), [Metaspace: 92851K->92847K(1134592K)], 0.5498028 secs] [Times: user=1.12 sys=0.00, real=0.55 secs] 
2021-05-18T00:46:42.107+0800: 314153.806: [GC (Allocation Failure) [PSYoungGen: 491008K->13920K(507904K)] 779445K->302357K(1032192K), 0.0399904 secs] [Times: user=0.08 sys=0.00, real=0.04 secs] 
2021-05-18T00:53:08.924+0800: 314540.622: [GC (Allocation Failure) [PSYoungGen: 505440K->12064K(507904K)] 793877K->311519K(1032192K), 0.0334377 secs] [Times: user=0.10 sys=0.00, real=0.03 secs] 
2021-05-18T00:59:43.498+0800: 314935.197: [GC (Allocation Failure) [PSYoungGen: 503584K->12480K(508416K)] 803039K->321353K(1032704K), 0.0321273 secs] [Times: user=0.09 sys=0.01, real=0.03 secs] 
2021-05-18T01:06:13.255+0800: 315324.953: [GC (Allocation Failure) [PSYoungGen: 504512K->14752K(507904K)] 813385K->332621K(1032192K), 0.0330363 secs] [Times: user=0.10 sys=0.00, real=0.03 secs] 
2021-05-18T01:12:46.683+0800: 315718.381: [GC (Allocation Failure) [PSYoungGen: 506784K->12992K(508416K)] 824653K->341207K(1032704K), 0.0386181 secs] [Times: user=0.11 sys=0.00, real=0.03 secs] 
2021-05-18T01:19:15.955+0800: 316107.654: [GC (Allocation Failure) [PSYoungGen: 505024K->12288K(507904K)] 833239K->349944K(1032192K), 0.0671534 secs] [Times: user=0.09 sys=0.00, real=0.07 secs] 
2021-05-18T01:25:45.818+0800: 316497.516: [GC (Allocation Failure) [PSYoungGen: 504320K->13152K(508416K)] 841976K->359244K(1032704K), 0.0365217 secs] [Times: user=0.10 sys=0.00, real=0.04 secs] 
2021-05-18T01:32:17.061+0800: 316888.759: [GC (Allocation Failure) [PSYoungGen: 505696K->12224K(508416K)] 851788K->367575K(1032704K), 0.0308737 secs] [Times: user=0.08 sys=0.00, real=0.03 secs] 
2021-05-18T01:38:48.692+0800: 317280.390: [GC (Allocation Failure) [PSYoungGen: 504768K->12672K(508928K)] 860119K->376978K(1033216K), 0.0293627 secs] [Times: user=0.09 sys=0.00, real=0.03 secs] 
2021-05-18T01:45:21.879+0800: 317673.578: [GC (Allocation Failure) [PSYoungGen: 506240K->13504K(508928K)] 870546K->387869K(1033216K), 0.0317395 secs] [Times: user=0.08 sys=0.01, real=0.03 secs] 
2021-05-18T01:51:46.530+0800: 318058.228: [GC (Allocation Failure) [PSYoungGen: 507071K->13728K(508928K)] 881437K->397854K(1033216K), 0.0342776 secs] [Times: user=0.10 sys=0.00, real=0.04 secs] 
2021-05-18T01:58:19.017+0800: 318450.716: [GC (Allocation Failure) [PSYoungGen: 507296K->13312K(508928K)] 891422K->407169K(1033216K), 0.0506226 secs] [Times: user=0.11 sys=0.00, real=0.05 secs] 
2021-05-18T02:04:52.684+0800: 318844.383: [GC (Allocation Failure) [PSYoungGen: 506880K->14624K(507904K)] 900737K->417174K(1032192K), 0.0345628 secs] [Times: user=0.10 sys=0.00, real=0.03 secs] 
2021-05-18T02:11:18.003+0800: 319229.701: [GC (Allocation Failure) [PSYoungGen: 507168K->14144K(508416K)] 909718K->427056K(1032704K), 0.0377479 secs] [Times: user=0.12 sys=0.00, real=0.03 secs] 
2021-05-18T02:17:41.703+0800: 319613.402: [GC (Allocation Failure) [PSYoungGen: 506688K->12128K(508416K)] 919600K->434810K(1032704K), 0.0993603 secs] [Times: user=0.08 sys=0.00, real=0.10 secs] 
2021-05-18T02:24:03.086+0800: 319994.784: [GC (Allocation Failure) [PSYoungGen: 504672K->12256K(508416K)] 927354K->443907K(1032704K), 0.0338901 secs] [Times: user=0.09 sys=0.00, real=0.03 secs] 
2021-05-18T02:30:36.192+0800: 320387.891: [GC (Allocation Failure) [PSYoungGen: 504800K->14144K(508416K)] 936451K->454652K(1032704K), 0.0368602 secs] [Times: user=0.11 sys=0.00, real=0.03 secs] 
2021-05-18T02:36:58.001+0800: 320769.700: [GC (Allocation Failure) [PSYoungGen: 506688K->15840K(508416K)] 947196K->467271K(1032704K), 0.0359496 secs] [Times: user=0.11 sys=0.00, real=0.04 secs] 
2021-05-18T02:43:26.838+0800: 321158.537: [GC (Allocation Failure) [PSYoungGen: 508384K->14272K(500224K)] 959815K->477594K(1024512K), 0.0366037 secs] [Times: user=0.11 sys=0.00, real=0.04 secs] 
2021-05-18T02:49:44.573+0800: 321536.271: [GC (Allocation Failure) [PSYoungGen: 498624K->15232K(504320K)] 961946K->488430K(1028608K), 0.0495804 secs] [Times: user=0.12 sys=0.00, real=0.05 secs] 
2021-05-18T02:56:04.171+0800: 321915.870: [GC (Allocation Failure) [PSYoungGen: 499584K->14816K(504832K)] 972782K->499320K(1029120K), 0.0325098 secs] [Times: user=0.10 sys=0.00, real=0.04 secs] 
2021-05-18T03:02:24.927+0800: 322296.625: [GC (Allocation Failure) [PSYoungGen: 499680K->13024K(504320K)] 984184K->507907K(1028608K), 0.0365215 secs] [Times: user=0.09 sys=0.00, real=0.04 secs] 
2021-05-18T03:08:42.691+0800: 322674.390: [GC (Allocation Failure) [PSYoungGen: 497888K->14208K(505344K)] 992771K->518990K(1029632K), 0.0395138 secs] [Times: user=0.11 sys=0.00, real=0.04 secs] 
2021-05-18T03:15:05.754+0800: 323057.453: [GC (Allocation Failure) [PSYoungGen: 500096K->13312K(504832K)] 1004878K->528257K(1029120K), 0.0365697 secs] [Times: user=0.10 sys=0.00, real=0.03 secs] 
2021-05-18T03:15:05.792+0800: 323057.490: [Full GC (Ergonomics) [PSYoungGen: 13312K->0K(504832K)] [ParOldGen: 514945K->293722K(524288K)] 528257K->293722K(1029120K), [Metaspace: 92866K->92866K(1134592K)], 0.4953778 secs] [Times: user=1.10 sys=0.00, real=0.50 secs] 
2021-05-18T03:21:32.244+0800: 323443.942: [GC (Allocation Failure) [PSYoungGen: 485888K->14528K(505856K)] 779610K->308250K(1030144K), 0.0327080 secs] [Times: user=0.08 sys=0.00, real=0.03 secs] 
2021-05-18T03:27:52.954+0800: 323824.652: [GC (Allocation Failure) [PSYoungGen: 501952K->15808K(505856K)] 795674K->320539K(1030144K), 0.0351940 secs] [Times: user=0.10 sys=0.00, real=0.03 secs] 
2021-05-18T03:34:19.071+0800: 324210.770: [GC (Allocation Failure) [PSYoungGen: 503232K->11712K(505856K)] 807963K->327853K(1030144K), 0.0335463 secs] [Times: user=0.11 sys=0.00, real=0.04 secs] 
2021-05-18T03:40:44.484+0800: 324596.182: [GC (Allocation Failure) [PSYoungGen: 499136K->15392K(505856K)] 815277K->340328K(1030144K), 0.0465518 secs] [Times: user=0.10 sys=0.00, real=0.04 secs] 
2021-05-18T03:47:06.278+0800: 324977.977: [GC (Allocation Failure) [PSYoungGen: 502816K->13120K(505856K)] 827752K->349233K(1030144K), 0.0365057 secs] [Times: user=0.11 sys=0.00, real=0.04 secs] 
2021-05-18T03:53:38.513+0800: 325370.211: [GC (Allocation Failure) [PSYoungGen: 500544K->12512K(505856K)] 836657K->357859K(1030144K), 0.0420851 secs] [Times: user=0.10 sys=0.00, real=0.04 secs] 
2021-05-18T04:00:06.628+0800: 325758.326: [GC (Allocation Failure) [PSYoungGen: 499936K->11872K(505856K)] 845283K->366342K(1030144K), 0.0350822 secs] [Times: user=0.11 sys=0.00, real=0.04 secs] 
2021-05-18T04:06:29.470+0800: 326141.169: [GC (Allocation Failure) [PSYoungGen: 499296K->15424K(505856K)] 853766K->378266K(1030144K), 0.0422660 secs] [Times: user=0.11 sys=0.00, real=0.05 secs] 
2021-05-18T04:12:48.335+0800: 326520.033: [GC (Allocation Failure) [PSYoungGen: 502848K->14912K(505856K)] 865690K->387733K(1030144K), 0.0519380 secs] [Times: user=0.11 sys=0.00, real=0.05 secs] 
2021-05-18T04:19:12.036+0800: 326903.734: [GC (Allocation Failure) [PSYoungGen: 502336K->11968K(505856K)] 875157K->395366K(1030144K), 0.0362205 secs] [Times: user=0.11 sys=0.00, real=0.04 secs] 
2021-05-18T04:25:36.789+0800: 327288.487: [GC (Allocation Failure) [PSYoungGen: 499392K->12512K(506368K)] 882790K->404074K(1030656K), 0.0320999 secs] [Times: user=0.08 sys=0.01, real=0.03 secs] 
2021-05-18T04:31:56.028+0800: 327667.727: [GC (Allocation Failure) [PSYoungGen: 500448K->15648K(505856K)] 892010K->415620K(1030144K), 0.0334321 secs] [Times: user=0.08 sys=0.00, real=0.03 secs] 
2021-05-18T04:38:18.184+0800: 328049.883: [GC (Allocation Failure) [PSYoungGen: 503584K->12384K(505856K)] 903556K->423374K(1030144K), 0.0300448 secs] [Times: user=0.10 sys=0.00, real=0.03 secs] 
2021-05-18T04:44:44.356+0800: 328436.054: [GC (Allocation Failure) [PSYoungGen: 499808K->14848K(505856K)] 910798K->434569K(1030144K), 0.0360115 secs] [Times: user=0.10 sys=0.00, real=0.04 secs] 
2021-05-18T04:51:08.059+0800: 328819.757: [GC (Allocation Failure) [PSYoungGen: 502272K->12832K(506368K)] 921993K->442699K(1030656K), 0.0454127 secs] [Times: user=0.10 sys=0.00, real=0.05 secs] 
2021-05-18T04:57:28.865+0800: 329200.563: [GC (Allocation Failure) [PSYoungGen: 500768K->12096K(505856K)] 930635K->451325K(1030144K), 0.0293761 secs] [Times: user=0.09 sys=0.00, real=0.03 secs] 
2021-05-18T05:03:49.016+0800: 329580.714: [GC (Allocation Failure) [PSYoungGen: 500032K->13920K(506880K)] 939261K->461649K(1031168K), 0.0318781 secs] [Times: user=0.09 sys=0.00, real=0.03 secs] 
2021-05-18T05:10:39.432+0800: 329991.130: [GC (Allocation Failure) [PSYoungGen: 502880K->17376K(506368K)] 950609K->476804K(1030656K), 0.0351453 secs] [Times: user=0.09 sys=0.00, real=0.04 secs] 
2021-05-18T05:17:39.687+0800: 330411.385: [GC (Allocation Failure) [PSYoungGen: 506336K->16320K(497152K)] 965764K->488164K(1021440K), 0.0347687 secs] [Times: user=0.08 sys=0.00, real=0.03 secs] 
2021-05-18T05:24:22.781+0800: 330814.479: [GC (Allocation Failure) [PSYoungGen: 495552K->16800K(501760K)] 967396K->498720K(1026048K), 0.0306606 secs] [Times: user=0.08 sys=0.00, real=0.03 secs] 
2021-05-18T05:31:05.018+0800: 331216.716: [GC (Allocation Failure) [PSYoungGen: 496032K->18496K(500736K)] 977952K->510918K(1025024K), 0.0371149 secs] [Times: user=0.09 sys=0.00, real=0.04 secs] 
2021-05-18T05:37:56.541+0800: 331628.239: [GC (Allocation Failure) [PSYoungGen: 496704K->18656K(497152K)] 989126K->523933K(1021440K), 0.0437676 secs] [Times: user=0.11 sys=0.00, real=0.05 secs] 
2021-05-18T05:44:40.738+0800: 332032.436: [GC (Allocation Failure) [PSYoungGen: 496864K->15552K(501760K)] 1002141K->533025K(1026048K), 0.0330427 secs] [Times: user=0.10 sys=0.00, real=0.03 secs] 
2021-05-18T05:44:40.771+0800: 332032.470: [Full GC (Ergonomics) [PSYoungGen: 15552K->0K(501760K)] [ParOldGen: 517473K->292766K(524288K)] 533025K->292766K(1026048K), [Metaspace: 92915K->92915K(1134592K)], 0.5496249 secs] [Times: user=1.16 sys=0.00, real=0.55 secs] 
2021-05-18T05:51:25.839+0800: 332437.537: [GC (Allocation Failure) [PSYoungGen: 478208K->16896K(500736K)] 770974K->309662K(1025024K), 0.0225796 secs] [Times: user=0.07 sys=0.00, real=0.02 secs] 
2021-05-18T05:58:12.913+0800: 332844.611: [GC (Allocation Failure) [PSYoungGen: 495104K->17248K(502272K)] 787870K->321936K(1026560K), 0.0372649 secs] [Times: user=0.09 sys=0.00, real=0.03 secs] 
2021-05-18T06:05:09.360+0800: 333261.058: [GC (Allocation Failure) [PSYoungGen: 496992K->15520K(501760K)] 801680K->330803K(1026048K), 0.0346973 secs] [Times: user=0.08 sys=0.01, real=0.04 secs] 
2021-05-18T06:11:59.797+0800: 333671.495: [GC (Allocation Failure) [PSYoungGen: 495264K->15328K(502784K)] 810547K->341213K(1027072K), 0.0340732 secs] [Times: user=0.09 sys=0.01, real=0.03 secs] 
2021-05-18T06:18:50.801+0800: 334082.499: [GC (Allocation Failure) [PSYoungGen: 496608K->17408K(502784K)] 822493K->351546K(1027072K), 0.0343413 secs] [Times: user=0.08 sys=0.00, real=0.04 secs] 
2021-05-18T06:25:41.452+0800: 334493.150: [GC (Allocation Failure) [PSYoungGen: 498688K->17376K(502784K)] 832826K->363150K(1027072K), 0.0330560 secs] [Times: user=0.08 sys=0.00, real=0.04 secs] 
2021-05-18T06:32:27.603+0800: 334899.302: [GC (Allocation Failure) [PSYoungGen: 498656K->15968K(502784K)] 844430K->372546K(1027072K), 0.0341801 secs] [Times: user=0.08 sys=0.02, real=0.03 secs] 
2021-05-18T06:39:16.604+0800: 335308.302: [GC (Allocation Failure) [PSYoungGen: 497248K->18208K(503296K)] 853826K->385911K(1027584K), 0.0404586 secs] [Times: user=0.10 sys=0.00, real=0.04 secs] 
2021-05-18T06:46:05.640+0800: 335717.338: [GC (Allocation Failure) [PSYoungGen: 500512K->16160K(503296K)] 868215K->397080K(1027584K), 0.0329381 secs] [Times: user=0.09 sys=0.00, real=0.04 secs] 
2021-05-18T06:52:58.000+0800: 336129.698: [GC (Allocation Failure) [PSYoungGen: 498464K->18752K(503296K)] 879384K->408750K(1027584K), 0.0430426 secs] [Times: user=0.10 sys=0.00, real=0.05 secs] 
2021-05-18T07:00:00.132+0800: 336551.830: [GC (Allocation Failure) [PSYoungGen: 501056K->13792K(496128K)] 891054K->416288K(1020416K), 0.0292777 secs] [Times: user=0.09 sys=0.00, real=0.03 secs] 
2021-05-18T07:06:54.389+0800: 336966.088: [GC (Allocation Failure) [PSYoungGen: 496096K->18048K(502784K)] 898592K->429964K(1027072K), 0.0325864 secs] [Times: user=0.09 sys=0.01, real=0.04 secs] 
2021-05-18T07:13:49.440+0800: 337381.138: [GC (Allocation Failure) [PSYoungGen: 499328K->16352K(502784K)] 911244K->440191K(1027072K), 0.0359553 secs] [Times: user=0.10 sys=0.00, real=0.04 secs] 
2021-05-18T07:20:41.216+0800: 337792.914: [GC (Allocation Failure) [PSYoungGen: 497632K->17408K(503296K)] 921471K->452258K(1027584K), 0.0313398 secs] [Times: user=0.09 sys=0.01, real=0.03 secs] 
2021-05-18T07:27:41.042+0800: 338212.740: [GC (Allocation Failure) [PSYoungGen: 499712K->16064K(503296K)] 934562K->462886K(1027584K), 0.0295019 secs] [Times: user=0.09 sys=0.00, real=0.02 secs] 
2021-05-18T07:34:28.416+0800: 338620.114: [GC (Allocation Failure) [PSYoungGen: 498368K->16288K(503808K)] 945190K->474409K(1028096K), 0.0351162 secs] [Times: user=0.09 sys=0.00, real=0.03 secs] 
2021-05-18T07:41:24.759+0800: 339036.457: [GC (Allocation Failure) [PSYoungGen: 499608K->15072K(503808K)] 957729K->483435K(1028096K), 0.0307723 secs] [Times: user=0.08 sys=0.00, real=0.03 secs] 
2021-05-18T07:48:20.638+0800: 339452.337: [GC (Allocation Failure) [PSYoungGen: 498400K->17152K(504320K)] 966763K->495344K(1028608K), 0.0304677 secs] [Times: user=0.08 sys=0.00, real=0.03 secs] 
2021-05-18T07:55:24.791+0800: 339876.490: [GC (Allocation Failure) [PSYoungGen: 501504K->16416K(504320K)] 979696K->506426K(1028608K), 0.0334034 secs] [Times: user=0.08 sys=0.00, real=0.04 secs] 
2021-05-18T08:02:21.497+0800: 340293.196: [GC (Allocation Failure) [PSYoungGen: 500768K->15840K(504832K)] 990778K->516277K(1029120K), 0.0352359 secs] [Times: user=0.10 sys=0.00, real=0.04 secs] 
2021-05-18T08:09:21.179+0800: 340712.877: [GC (Allocation Failure) [PSYoungGen: 500704K->16224K(504320K)] 1001141K->527201K(1028608K), 0.0486600 secs] [Times: user=0.09 sys=0.00, real=0.05 secs] 
2021-05-18T08:09:21.228+0800: 340712.926: [Full GC (Ergonomics) [PSYoungGen: 16224K->0K(504320K)] [ParOldGen: 510977K->296687K(524288K)] 527201K->296687K(1028608K), [Metaspace: 92916K->92916K(1134592K)], 0.5167457 secs] [Times: user=1.09 sys=0.00, real=0.52 secs] 
2021-05-18T08:16:21.703+0800: 341133.401: [GC (Allocation Failure) [PSYoungGen: 484864K->14656K(504832K)] 781551K->311343K(1029120K), 0.0353536 secs] [Times: user=0.07 sys=0.00, real=0.03 secs] 
2021-05-18T08:23:19.952+0800: 341551.651: [GC (Allocation Failure) [PSYoungGen: 500032K->14400K(504832K)] 796719K->322113K(1029120K), 0.0280713 secs] [Times: user=0.08 sys=0.00, real=0.02 secs] 
2021-05-18T08:30:17.182+0800: 341968.880: [GC (Allocation Failure) [PSYoungGen: 499776K->16352K(505344K)] 807489K->334076K(1029632K), 0.0348488 secs] [Times: user=0.10 sys=0.00, real=0.03 secs] 
2021-05-18T08:37:18.724+0800: 342390.422: [GC (Allocation Failure) [PSYoungGen: 502240K->16640K(504832K)] 819964K->345878K(1029120K), 0.0425111 secs] [Times: user=0.11 sys=0.00, real=0.04 secs] 
2021-05-18T08:44:16.768+0800: 342808.467: [GC (Allocation Failure) [PSYoungGen: 502528K->14400K(505344K)] 831766K->354337K(1029632K), 0.0317037 secs] [Times: user=0.09 sys=0.00, real=0.03 secs] 
2021-05-18T08:51:13.174+0800: 343224.873: [GC (Allocation Failure) [PSYoungGen: 500800K->16832K(505344K)] 840737K->367254K(1029632K), 0.0327124 secs] [Times: user=0.09 sys=0.00, real=0.03 secs] 
2021-05-18T08:58:07.076+0800: 343638.775: [GC (Allocation Failure) [PSYoungGen: 503232K->18144K(504320K)] 853654K->379556K(1028608K), 0.0337882 secs] [Times: user=0.10 sys=0.00, real=0.03 secs] 
2021-05-18T09:04:56.758+0800: 344048.456: [GC (Allocation Failure) [PSYoungGen: 503520K->14560K(504832K)] 864932K->388383K(1029120K), 0.0713776 secs] [Times: user=0.07 sys=0.00, real=0.07 secs] 
2021-05-18T09:11:51.747+0800: 344463.445: [GC (Allocation Failure) [PSYoungGen: 499936K->15552K(504832K)] 873759K->399658K(1029120K), 0.0478265 secs] [Times: user=0.09 sys=0.00, real=0.05 secs] 
2021-05-18T09:18:47.607+0800: 344879.305: [GC (Allocation Failure) [PSYoungGen: 500928K->15584K(504832K)] 885034K->410085K(1029120K), 0.0336331 secs] [Times: user=0.09 sys=0.00, real=0.03 secs] 
2021-05-18T09:25:48.203+0800: 345299.901: [GC (Allocation Failure) [PSYoungGen: 500960K->15776K(505344K)] 895461K->420121K(1029632K), 0.0273558 secs] [Times: user=0.07 sys=0.00, real=0.02 secs] 
2021-05-18T09:32:54.826+0800: 345726.524: [GC (Allocation Failure) [PSYoungGen: 502176K->14496K(505344K)] 906521K->429252K(1029632K), 0.0259405 secs] [Times: user=0.08 sys=0.00, real=0.03 secs] 
2021-05-18T09:39:47.220+0800: 346138.919: [GC (Allocation Failure) [PSYoungGen: 500896K->16640K(505344K)] 915652K->441951K(1029632K), 0.0305975 secs] [Times: user=0.08 sys=0.01, real=0.03 secs] 
2021-05-18T09:46:45.693+0800: 346557.392: [GC (Allocation Failure) [PSYoungGen: 503040K->17600K(504320K)] 928351K->454588K(1028608K), 0.0437404 secs] [Times: user=0.10 sys=0.00, real=0.04 secs] 
2021-05-18T09:53:36.438+0800: 346968.136: [GC (Allocation Failure) [PSYoungGen: 504000K->16704K(505344K)] 940988K->464998K(1029632K), 0.0366785 secs] [Times: user=0.10 sys=0.00, real=0.04 secs] 
2021-05-18T10:00:32.092+0800: 347383.790: [GC (Allocation Failure) [PSYoungGen: 502592K->17600K(504832K)] 950886K->476435K(1029120K), 0.0535449 secs] [Times: user=0.10 sys=0.00, real=0.05 secs] 
2021-05-18T10:07:28.182+0800: 347799.880: [GC (Allocation Failure) [PSYoungGen: 503488K->14176K(504832K)] 962323K->485437K(1029120K), 0.0330130 secs] [Times: user=0.11 sys=0.00, real=0.04 secs] 
2021-05-18T10:14:30.227+0800: 348221.925: [GC (Allocation Failure) [PSYoungGen: 499552K->14816K(504832K)] 970813K->496672K(1029120K), 0.0354572 secs] [Times: user=0.08 sys=0.00, real=0.04 secs] 
2021-05-18T10:21:23.659+0800: 348635.357: [GC (Allocation Failure) [PSYoungGen: 500192K->17056K(504832K)] 982048K->508558K(1029120K), 0.0304786 secs] [Times: user=0.09 sys=0.00, real=0.03 secs] 
2021-05-18T10:28:18.961+0800: 349050.660: [GC (Allocation Failure) [PSYoungGen: 502432K->17568K(503296K)] 993934K->520217K(1027584K), 0.0391849 secs] [Times: user=0.10 sys=0.00, real=0.04 secs] 
2021-05-18T10:35:14.299+0800: 349465.998: [GC (Allocation Failure) [PSYoungGen: 502944K->15296K(504832K)] 1005593K->529636K(1029120K), 0.0482532 secs] [Times: user=0.11 sys=0.00, real=0.05 secs] 
2021-05-18T10:35:14.348+0800: 349466.046: [Full GC (Ergonomics) [PSYoungGen: 15296K->0K(504832K)] [ParOldGen: 514340K->295756K(524288K)] 529636K->295756K(1029120K), [Metaspace: 92916K->92912K(1134592K)], 0.5543548 secs] [Times: user=1.20 sys=0.00, real=0.56 secs] 
2021-05-18T10:42:08.318+0800: 349880.016: [GC (Allocation Failure) [PSYoungGen: 484864K->16768K(504320K)] 780620K->312524K(1028608K), 0.0353760 secs] [Times: user=0.08 sys=0.00, real=0.04 secs] 
2021-05-18T10:49:05.994+0800: 350297.692: [GC (Allocation Failure) [PSYoungGen: 501632K->15808K(504832K)] 797388K->324028K(1029120K), 0.0445332 secs] [Times: user=0.11 sys=0.00, real=0.04 secs] 
2021-05-18T10:56:04.807+0800: 350716.506: [GC (Allocation Failure) [PSYoungGen: 501184K->15168K(504832K)] 809404K->332840K(1029120K), 0.0363147 secs] [Times: user=0.10 sys=0.00, real=0.04 secs] 
2021-05-18T11:03:02.458+0800: 351134.157: [GC (Allocation Failure) [PSYoungGen: 500544K->14304K(505344K)] 818216K->341915K(1029632K), 0.0405009 secs] [Times: user=0.11 sys=0.00, real=0.04 secs] 
2021-05-18T11:09:57.941+0800: 351549.639: [GC (Allocation Failure) [PSYoungGen: 500704K->18080K(504832K)] 828315K->355240K(1029120K), 0.0406965 secs] [Times: user=0.11 sys=0.00, real=0.04 secs] 
2021-05-18T11:17:02.443+0800: 351974.142: [GC (Allocation Failure) [PSYoungGen: 504480K->15744K(504832K)] 841640K->364340K(1029120K), 0.0399588 secs] [Times: user=0.11 sys=0.00, real=0.04 secs] 
2021-05-18T11:23:59.793+0800: 352391.491: [GC (Allocation Failure) [PSYoungGen: 501120K->17024K(504832K)] 849716K->375040K(1029120K), 0.0392081 secs] [Times: user=0.10 sys=0.00, real=0.04 secs] 
2021-05-18T11:30:55.028+0800: 352806.726: [GC (Allocation Failure) [PSYoungGen: 502400K->17696K(504832K)] 860416K->385637K(1029120K), 0.0456706 secs] [Times: user=0.10 sys=0.00, real=0.05 secs] 
2021-05-18T11:37:45.808+0800: 353217.507: [GC (Allocation Failure) [PSYoungGen: 503072K->16192K(504832K)] 871013K->396024K(1029120K), 0.0346932 secs] [Times: user=0.09 sys=0.01, real=0.04 secs] 
2021-05-18T11:44:50.006+0800: 353641.705: [GC (Allocation Failure) [PSYoungGen: 501568K->16064K(505344K)] 881400K->407891K(1029632K), 0.0384185 secs] [Times: user=0.11 sys=0.00, real=0.04 secs] 
2021-05-18T11:51:44.421+0800: 354056.120: [GC (Allocation Failure) [PSYoungGen: 501952K->16000K(504832K)] 893779K->418799K(1029120K), 0.0423669 secs] [Times: user=0.11 sys=0.00, real=0.05 secs] 
2021-05-18T11:58:47.709+0800: 354479.407: [GC (Allocation Failure) [PSYoungGen: 501888K->14816K(505344K)] 904687K->427849K(1029632K), 0.0471768 secs] [Times: user=0.12 sys=0.00, real=0.05 secs] 
2021-05-18T12:05:43.449+0800: 354895.147: [GC (Allocation Failure) [PSYoungGen: 501216K->15296K(505344K)] 914249K->438045K(1029632K), 0.0585713 secs] [Times: user=0.12 sys=0.00, real=0.06 secs] 
2021-05-18T12:12:34.333+0800: 355306.031: [GC (Allocation Failure) [PSYoungGen: 501696K->16736K(505344K)] 924445K->448392K(1029632K), 0.0570796 secs] [Times: user=0.10 sys=0.00, real=0.05 secs] 
2021-05-18T12:19:30.136+0800: 355721.835: [GC (Allocation Failure) [PSYoungGen: 503136K->17440K(505344K)] 934792K->459636K(1029632K), 0.0781712 secs] [Times: user=0.19 sys=0.07, real=0.08 secs] 
2021-05-18T12:26:29.351+0800: 356141.049: [GC (Allocation Failure) [PSYoungGen: 503840K->15776K(505344K)] 946036K->469064K(1029632K), 0.0310350 secs] [Times: user=0.08 sys=0.00, real=0.03 secs] 
2021-05-18T12:33:28.604+0800: 356560.302: [GC (Allocation Failure) [PSYoungGen: 502176K->18496K(505344K)] 955464K->481468K(1029632K), 0.0392269 secs] [Times: user=0.10 sys=0.00, real=0.04 secs] 
2021-05-18T12:40:19.516+0800: 356971.214: [GC (Allocation Failure) [PSYoungGen: 504896K->18432K(503296K)] 967868K->493058K(1027584K), 0.0335858 secs] [Times: user=0.10 sys=0.00, real=0.03 secs] 
2021-05-18T12:47:20.559+0800: 357392.257: [GC (Allocation Failure) [PSYoungGen: 502784K->15328K(504320K)] 977410K->501508K(1028608K), 0.0398591 secs] [Times: user=0.10 sys=0.00, real=0.04 secs] 
2021-05-18T12:54:23.436+0800: 357815.134: [GC (Allocation Failure) [PSYoungGen: 499680K->16480K(504832K)] 985860K->512839K(1029120K), 0.0514562 secs] [Times: user=0.11 sys=0.00, real=0.05 secs] 
2021-05-18T13:01:24.125+0800: 358235.824: [GC (Allocation Failure) [PSYoungGen: 501344K->15232K(504320K)] 997703K->521809K(1028608K), 0.0408712 secs] [Times: user=0.10 sys=0.00, real=0.04 secs] 
2021-05-18T13:08:17.256+0800: 358648.954: [GC (Allocation Failure) [PSYoungGen: 500096K->16192K(504832K)] 1006673K->532389K(1029120K), 0.0424661 secs] [Times: user=0.11 sys=0.00, real=0.04 secs] 
2021-05-18T13:08:17.299+0800: 358648.997: [Full GC (Ergonomics) [PSYoungGen: 16192K->0K(504832K)] [ParOldGen: 516197K->297984K(524288K)] 532389K->297984K(1029120K), [Metaspace: 92916K->92916K(1134592K)], 0.5246176 secs] [Times: user=1.17 sys=0.00, real=0.53 secs] 
2021-05-18T13:15:15.651+0800: 359067.349: [GC (Allocation Failure) [PSYoungGen: 485376K->19232K(504832K)] 783360K->317216K(1029120K), 0.0306802 secs] [Times: user=0.08 sys=0.00, real=0.03 secs] 
2021-05-18T13:22:13.661+0800: 359485.359: [GC (Allocation Failure) [PSYoungGen: 504608K->16160K(503808K)] 802592K->326947K(1028096K), 0.0320625 secs] [Times: user=0.08 sys=0.00, real=0.04 secs] 
2021-05-18T13:29:13.023+0800: 359904.721: [GC (Allocation Failure) [PSYoungGen: 500512K->14720K(504320K)] 811299K->336135K(1028608K), 0.0263775 secs] [Times: user=0.08 sys=0.00, real=0.02 secs] 
2021-05-18T13:36:13.096+0800: 360324.794: [GC (Allocation Failure) [PSYoungGen: 499072K->16640K(504832K)] 820487K->349314K(1029120K), 0.0529687 secs] [Times: user=0.13 sys=0.00, real=0.05 secs] 
2021-05-18T13:43:05.136+0800: 360736.834: [GC (Allocation Failure) [PSYoungGen: 501504K->15040K(504320K)] 834178K->359403K(1028608K), 0.0622271 secs] [Times: user=0.17 sys=0.01, real=0.06 secs] 
2021-05-18T13:50:04.373+0800: 361156.071: [GC (Allocation Failure) [PSYoungGen: 499904K->17952K(503808K)] 844267K->371455K(1028096K), 0.0454568 secs] [Times: user=0.11 sys=0.00, real=0.04 secs] 
2021-05-18T13:57:01.450+0800: 361573.148: [GC (Allocation Failure) [PSYoungGen: 502304K->15200K(504320K)] 855807K->380915K(1028608K), 0.0349368 secs] [Times: user=0.11 sys=0.00, real=0.04 secs] 
2021-05-18T14:04:00.861+0800: 361992.560: [GC (Allocation Failure) [PSYoungGen: 499552K->13888K(504320K)] 865267K->391172K(1028608K), 0.0458576 secs] [Times: user=0.11 sys=0.00, real=0.05 secs] 
2021-05-18T14:11:01.439+0800: 362413.137: [GC (Allocation Failure) [PSYoungGen: 498240K->15392K(504320K)] 875524K->402273K(1028608K), 0.0469088 secs] [Times: user=0.11 sys=0.00, real=0.05 secs] 
2021-05-18T14:17:51.424+0800: 362823.122: [GC (Allocation Failure) [PSYoungGen: 499744K->15744K(504832K)] 886625K->413053K(1029120K), 0.0351871 secs] [Times: user=0.09 sys=0.00, real=0.03 secs] 
2021-05-18T14:24:47.945+0800: 363239.643: [GC (Allocation Failure) [PSYoungGen: 501120K->16032K(504832K)] 898429K->424105K(1029120K), 0.0311439 secs] [Times: user=0.08 sys=0.00, real=0.03 secs] 
2021-05-18T14:31:38.533+0800: 363650.231: [GC (Allocation Failure) [PSYoungGen: 501408K->16960K(505344K)] 909481K->436148K(1029632K), 0.0367537 secs] [Times: user=0.10 sys=0.00, real=0.03 secs] 
2021-05-18T14:38:30.932+0800: 364062.630: [GC (Allocation Failure) [PSYoungGen: 503360K->14464K(505344K)] 922548K->444376K(1029632K), 0.0281798 secs] [Times: user=0.07 sys=0.00, real=0.03 secs] 
2021-05-18T14:45:20.917+0800: 364472.616: [GC (Allocation Failure) [PSYoungGen: 500863K->18912K(495104K)] 930776K->459958K(1019392K), 0.0711765 secs] [Times: user=0.09 sys=0.00, real=0.07 secs] 
2021-05-18T14:52:15.290+0800: 364886.989: [GC (Allocation Failure) [PSYoungGen: 495072K->12544K(500224K)] 936118K->466686K(1024512K), 0.0317210 secs] [Times: user=0.08 sys=0.00, real=0.04 secs] 
2021-05-18T14:59:15.752+0800: 365307.450: [GC (Allocation Failure) [PSYoungGen: 488704K->17184K(500736K)] 942846K->480690K(1025024K), 0.0368717 secs] [Times: user=0.08 sys=0.00, real=0.04 secs] 
2021-05-18T15:06:06.751+0800: 365718.449: [GC (Allocation Failure) [PSYoungGen: 493856K->17152K(500224K)] 957362K->490967K(1024512K), 0.0339629 secs] [Times: user=0.11 sys=0.00, real=0.04 secs] 
2021-05-18T15:13:04.393+0800: 366136.091: [GC (Allocation Failure) [PSYoungGen: 493824K->15520K(501760K)] 967639K->500625K(1026048K), 0.0267720 secs] [Times: user=0.07 sys=0.00, real=0.02 secs] 
2021-05-18T15:20:07.621+0800: 366559.319: [GC (Allocation Failure) [PSYoungGen: 494240K->16128K(501248K)] 979345K->512117K(1025536K), 0.0346276 secs] [Times: user=0.07 sys=0.00, real=0.04 secs] 
2021-05-18T15:27:02.442+0800: 366974.140: [GC (Allocation Failure) [PSYoungGen: 494848K->13632K(502272K)] 990837K->520815K(1026560K), 0.0280564 secs] [Times: user=0.07 sys=0.00, real=0.03 secs] 
2021-05-18T15:33:48.893+0800: 367380.591: [GC (Allocation Failure) [PSYoungGen: 493888K->16192K(502272K)] 1001071K->531986K(1026560K), 0.0442025 secs] [Times: user=0.09 sys=0.00, real=0.04 secs] 
2021-05-18T15:33:48.938+0800: 367380.636: [Full GC (Ergonomics) [PSYoungGen: 16192K->0K(502272K)] [ParOldGen: 515794K->296456K(524288K)] 531986K->296456K(1026560K), [Metaspace: 92917K->92917K(1134592K)], 0.4769103 secs] [Times: user=1.01 sys=0.00, real=0.48 secs] 
2021-05-18T15:40:35.067+0800: 367786.765: [GC (Allocation Failure) [PSYoungGen: 480256K->15872K(502784K)] 776712K->312328K(1027072K), 0.0278438 secs] [Times: user=0.07 sys=0.00, real=0.03 secs] 
2021-05-18T15:47:24.236+0800: 368195.934: [GC (Allocation Failure) [PSYoungGen: 497152K->14208K(502784K)] 793608K->321634K(1027072K), 0.0290387 secs] [Times: user=0.07 sys=0.00, real=0.03 secs] 
2021-05-18T15:54:23.528+0800: 368615.227: [GC (Allocation Failure) [PSYoungGen: 495488K->16288K(503296K)] 802914K->333830K(1027584K), 0.0409859 secs] [Times: user=0.10 sys=0.00, real=0.04 secs] 
2021-05-18T16:00:21.035+0800: 368972.733: [GC (Allocation Failure) [PSYoungGen: 498592K->15093K(503296K)] 816134K->342807K(1027584K), 0.0326752 secs] [Times: user=0.09 sys=0.00, real=0.03 secs] 
2021-05-18T16:07:12.619+0800: 369384.317: [GC (Allocation Failure) [PSYoungGen: 497397K->15456K(504320K)] 825111K->353705K(1028608K), 0.0348959 secs] [Times: user=0.10 sys=0.00, real=0.04 secs] 
2021-05-18T16:14:11.413+0800: 369803.111: [GC (Allocation Failure) [PSYoungGen: 499296K->15040K(503808K)] 837545K->363891K(1028096K), 0.0304476 secs] [Times: user=0.08 sys=0.00, real=0.03 secs] 
2021-05-18T16:21:04.302+0800: 370216.000: [GC (Allocation Failure) [PSYoungGen: 498880K->15552K(504832K)] 847731K->373453K(1029120K), 0.0250222 secs] [Times: user=0.07 sys=0.00, real=0.03 secs] 
2021-05-18T16:28:02.064+0800: 370633.762: [GC (Allocation Failure) [PSYoungGen: 500416K->14208K(504320K)] 858317K->383262K(1028608K), 0.0264806 secs] [Times: user=0.07 sys=0.00, real=0.02 secs] 
2021-05-18T16:34:55.735+0800: 371047.433: [GC (Allocation Failure) [PSYoungGen: 499072K->15552K(504832K)] 868126K->394643K(1029120K), 0.0276416 secs] [Times: user=0.07 sys=0.00, real=0.03 secs] 
2021-05-18T16:41:50.224+0800: 371461.922: [GC (Allocation Failure) [PSYoungGen: 500928K->15520K(504832K)] 880019K->406245K(1029120K), 0.0328382 secs] [Times: user=0.09 sys=0.01, real=0.03 secs] 
2021-05-18T16:48:45.479+0800: 371877.177: [GC (Allocation Failure) [PSYoungGen: 500896K->18688K(503296K)] 891621K->419441K(1027584K), 0.0324099 secs] [Times: user=0.08 sys=0.00, real=0.03 secs] 
2021-05-18T16:55:37.145+0800: 372288.844: [GC (Allocation Failure) [PSYoungGen: 503040K->16224K(504320K)] 903793K->429637K(1028608K), 0.0804489 secs] [Times: user=0.08 sys=0.00, real=0.08 secs] 
2021-05-18T17:02:31.621+0800: 372703.319: [GC (Allocation Failure) [PSYoungGen: 500576K->16928K(504832K)] 913989K->441561K(1029120K), 0.0325771 secs] [Times: user=0.09 sys=0.00, real=0.04 secs] 
2021-05-18T17:09:18.825+0800: 373110.523: [GC (Allocation Failure) [PSYoungGen: 502304K->17088K(504832K)] 926937K->453549K(1029120K), 0.0393261 secs] [Times: user=0.10 sys=0.00, real=0.04 secs] 
2021-05-18T17:16:03.116+0800: 373514.814: [GC (Allocation Failure) [PSYoungGen: 502464K->16352K(504832K)] 938925K->464152K(1029120K), 0.0289968 secs] [Times: user=0.08 sys=0.00, real=0.03 secs] 
2021-05-18T17:23:04.079+0800: 373935.777: [GC (Allocation Failure) [PSYoungGen: 501728K->15264K(504832K)] 949528K->472740K(1029120K), 0.0262191 secs] [Times: user=0.08 sys=0.00, real=0.03 secs] 
2021-05-18T17:29:54.333+0800: 374346.031: [GC (Allocation Failure) [PSYoungGen: 500640K->16864K(505344K)] 958116K->485888K(1029632K), 0.0290694 secs] [Times: user=0.08 sys=0.00, real=0.03 secs] 
2021-05-18T17:36:51.935+0800: 374763.633: [GC (Allocation Failure) [PSYoungGen: 503264K->16800K(505344K)] 972288K->497987K(1029632K), 0.0300115 secs] [Times: user=0.08 sys=0.01, real=0.03 secs] 
2021-05-18T17:43:49.811+0800: 375181.510: [GC (Allocation Failure) [PSYoungGen: 503198K->15936K(505344K)] 984385K->508989K(1029632K), 0.0360720 secs] [Times: user=0.08 sys=0.00, real=0.04 secs] 
2021-05-18T17:50:47.836+0800: 375599.534: [GC (Allocation Failure) [PSYoungGen: 502336K->14144K(505344K)] 995389K->517959K(1029632K), 0.0268918 secs] [Times: user=0.08 sys=0.00, real=0.03 secs] 
2021-05-18T17:57:45.293+0800: 376016.991: [GC (Allocation Failure) [PSYoungGen: 500544K->14880K(505344K)] 1004359K->528491K(1029632K), 0.0340373 secs] [Times: user=0.07 sys=0.01, real=0.03 secs] 
2021-05-18T17:57:45.327+0800: 376017.026: [Full GC (Ergonomics) [PSYoungGen: 14880K->0K(505344K)] [ParOldGen: 513610K->295277K(524288K)] 528491K->295277K(1029632K), [Metaspace: 93353K->93349K(1134592K)], 0.4726903 secs] [Times: user=1.05 sys=0.00, real=0.47 secs] 
2021-05-18T18:04:37.059+0800: 376428.757: [GC (Allocation Failure) [PSYoungGen: 486400K->15168K(505344K)] 781677K->310446K(1029632K), 0.0310131 secs] [Times: user=0.06 sys=0.00, real=0.03 secs] 
2021-05-18T18:11:28.423+0800: 376840.121: [GC (Allocation Failure) [PSYoungGen: 501568K->17024K(505344K)] 796846K->322264K(1029632K), 0.0387505 secs] [Times: user=0.08 sys=0.00, real=0.03 secs] 
2021-05-18T18:18:24.232+0800: 377255.931: [GC (Allocation Failure) [PSYoungGen: 503424K->18368K(504832K)] 808664K->334676K(1029120K), 0.0366554 secs] [Times: user=0.09 sys=0.00, real=0.03 secs] 
2021-05-18T18:25:24.315+0800: 377676.014: [GC (Allocation Failure) [PSYoungGen: 504768K->15424K(504832K)] 821076K->342814K(1029120K), 0.0287982 secs] [Times: user=0.08 sys=0.00, real=0.03 secs] 
2021-05-18T18:32:14.598+0800: 378086.296: [GC (Allocation Failure) [PSYoungGen: 500800K->14496K(504832K)] 828190K->351346K(1029120K), 0.0465049 secs] [Times: user=0.10 sys=0.00, real=0.05 secs] 
2021-05-18T18:39:05.307+0800: 378497.005: [GC (Allocation Failure) [PSYoungGen: 499872K->19232K(502784K)] 836722K->364936K(1027072K), 0.0460486 secs] [Times: user=0.09 sys=0.00, real=0.05 secs] 
2021-05-18T18:46:01.028+0800: 378912.726: [GC (Allocation Failure) [PSYoungGen: 502560K->14432K(503808K)] 848264K->371753K(1028096K), 0.0271499 secs] [Times: user=0.08 sys=0.00, real=0.03 secs] 
2021-05-18T18:52:49.677+0800: 379321.375: [GC (Allocation Failure) [PSYoungGen: 497760K->16320K(504320K)] 855081K->383253K(1028608K), 0.0276023 secs] [Times: user=0.07 sys=0.00, real=0.03 secs] 
2021-05-18T18:59:43.703+0800: 379735.401: [GC (Allocation Failure) [PSYoungGen: 500672K->15808K(504320K)] 867605K->394072K(1028608K), 0.0266130 secs] [Times: user=0.08 sys=0.00, real=0.02 secs] 
2021-05-18T19:06:34.910+0800: 380146.609: [GC (Allocation Failure) [PSYoungGen: 500160K->14368K(504832K)] 878424K->403179K(1029120K), 0.0283458 secs] [Times: user=0.08 sys=0.00, real=0.03 secs] 
2021-05-18T19:13:28.085+0800: 380559.783: [GC (Allocation Failure) [PSYoungGen: 499744K->16224K(504832K)] 888555K->415135K(1029120K), 0.0322744 secs] [Times: user=0.07 sys=0.00, real=0.03 secs] 
2021-05-18T19:20:23.619+0800: 380975.317: [GC (Allocation Failure) [PSYoungGen: 501600K->14322K(504832K)] 900511K->424372K(1029120K), 0.0298985 secs] [Times: user=0.08 sys=0.00, real=0.03 secs] 
2021-05-18T19:27:08.797+0800: 381380.495: [GC (Allocation Failure) [PSYoungGen: 499698K->14880K(504832K)] 909748K->435083K(1029120K), 0.0652120 secs] [Times: user=0.08 sys=0.00, real=0.07 secs] 
2021-05-18T19:33:55.838+0800: 381787.536: [GC (Allocation Failure) [PSYoungGen: 500256K->16544K(505344K)] 920459K->445982K(1029632K), 0.0342602 secs] [Times: user=0.09 sys=0.00, real=0.04 secs] 
2021-05-18T19:40:54.603+0800: 382206.301: [GC (Allocation Failure) [PSYoungGen: 502944K->14624K(505344K)] 932382K->454850K(1029632K), 0.0366043 secs] [Times: user=0.09 sys=0.01, real=0.03 secs] 
2021-05-18T19:47:49.153+0800: 382620.851: [GC (Allocation Failure) [PSYoungGen: 501024K->16000K(505344K)] 941250K->467293K(1029632K), 0.0360513 secs] [Times: user=0.08 sys=0.01, real=0.03 secs] 
2021-05-18T19:54:52.406+0800: 383044.104: [GC (Allocation Failure) [PSYoungGen: 502400K->17504K(504320K)] 953693K->479922K(1028608K), 0.0504671 secs] [Times: user=0.08 sys=0.01, real=0.05 secs] 
2021-05-18T20:01:49.379+0800: 383461.077: [GC (Allocation Failure) [PSYoungGen: 503904K->15936K(505344K)] 966322K->490893K(1029632K), 0.0424800 secs] [Times: user=0.07 sys=0.00, real=0.04 secs] 
2021-05-18T20:08:39.332+0800: 383871.031: [GC (Allocation Failure) [PSYoungGen: 501824K->17696K(504832K)] 976781K->503616K(1029120K), 0.1022740 secs] [Times: user=0.08 sys=0.00, real=0.10 secs] 
2021-05-18T20:15:35.007+0800: 384286.705: [GC (Allocation Failure) [PSYoungGen: 503584K->17824K(504832K)] 989504K->514804K(1029120K), 0.0282998 secs] [Times: user=0.08 sys=0.01, real=0.03 secs] 
2021-05-18T20:22:34.894+0800: 384706.592: [GC (Allocation Failure) [PSYoungGen: 503200K->16384K(504832K)] 1000180K->525687K(1029120K), 0.0319232 secs] [Times: user=0.09 sys=0.01, real=0.03 secs] 
2021-05-18T20:29:34.276+0800: 385125.975: [GC (Allocation Failure) [PSYoungGen: 501760K->17984K(503808K)] 1011063K->537172K(1028096K), 0.0390675 secs] [Times: user=0.09 sys=0.00, real=0.04 secs] 
2021-05-18T20:29:34.316+0800: 385126.014: [Full GC (Ergonomics) [PSYoungGen: 17984K->0K(503808K)] [ParOldGen: 519188K->303214K(524288K)] 537172K->303214K(1028096K), [Metaspace: 93404K->93404K(1136640K)], 0.4615503 secs] [Times: user=0.98 sys=0.00, real=0.46 secs] 
2021-05-18T20:36:38.515+0800: 385550.213: [GC (Allocation Failure) [PSYoungGen: 484352K->13792K(504320K)] 787566K->317006K(1028608K), 0.0238798 secs] [Times: user=0.07 sys=0.00, real=0.02 secs] 
2021-05-18T20:43:30.425+0800: 385962.123: [GC (Allocation Failure) [PSYoungGen: 498144K->13920K(504320K)] 801358K->327513K(1028608K), 0.0308113 secs] [Times: user=0.08 sys=0.00, real=0.03 secs] 
2021-05-18T20:50:25.229+0800: 386376.927: [GC (Allocation Failure) [PSYoungGen: 498272K->14048K(504320K)] 811865K->337029K(1028608K), 0.0367199 secs] [Times: user=0.10 sys=0.00, real=0.04 secs] 
2021-05-18T20:57:13.323+0800: 386785.022: [GC (Allocation Failure) [PSYoungGen: 498400K->15552K(504832K)] 821381K->348520K(1029120K), 0.0298725 secs] [Times: user=0.07 sys=0.00, real=0.03 secs] 
2021-05-18T21:04:08.346+0800: 387200.044: [GC (Allocation Failure) [PSYoungGen: 500416K->15136K(504320K)] 833384K->358651K(1028608K), 0.0327773 secs] [Times: user=0.08 sys=0.00, real=0.03 secs] 
2021-05-18T21:11:11.226+0800: 387622.924: [GC (Allocation Failure) [PSYoungGen: 500000K->18336K(503808K)] 843515K->371087K(1028096K), 0.0306077 secs] [Times: user=0.09 sys=0.00, real=0.03 secs] 
2021-05-18T21:18:06.328+0800: 388038.026: [GC (Allocation Failure) [PSYoungGen: 502688K->14944K(504320K)] 855439K->379824K(1028608K), 0.0286288 secs] [Times: user=0.08 sys=0.01, real=0.03 secs] 
2021-05-18T21:25:03.611+0800: 388455.309: [GC (Allocation Failure) [PSYoungGen: 499296K->14208K(504832K)] 864176K->388764K(1029120K), 0.0251133 secs] [Times: user=0.08 sys=0.00, real=0.03 secs] 
2021-05-18T21:32:00.181+0800: 388871.880: [GC (Allocation Failure) [PSYoungGen: 499072K->17568K(504320K)] 873628K->402024K(1028608K), 0.0533768 secs] [Times: user=0.08 sys=0.00, real=0.06 secs] 
2021-05-18T21:38:56.719+0800: 389288.417: [GC (Allocation Failure) [PSYoungGen: 502432K->17056K(504320K)] 886888K->413637K(1028608K), 0.0432077 secs] [Times: user=0.11 sys=0.00, real=0.05 secs] 
2021-05-18T21:46:03.315+0800: 389715.013: [GC (Allocation Failure) [PSYoungGen: 501408K->15136K(504320K)] 897989K->423496K(1028608K), 0.0298915 secs] [Times: user=0.09 sys=0.00, real=0.03 secs] 
2021-05-18T21:52:52.851+0800: 390124.549: [GC (Allocation Failure) [PSYoungGen: 499488K->17152K(504320K)] 907848K->434892K(1028608K), 0.0294916 secs] [Times: user=0.08 sys=0.00, real=0.03 secs] 
2021-05-18T21:59:48.338+0800: 390540.036: [GC (Allocation Failure) [PSYoungGen: 501504K->16640K(504320K)] 919244K->445704K(1028608K), 0.0312039 secs] [Times: user=0.08 sys=0.00, real=0.03 secs] 
2021-05-18T22:06:49.139+0800: 390960.838: [GC (Allocation Failure) [PSYoungGen: 500992K->15488K(504832K)] 930056K->455802K(1029120K), 0.0290032 secs] [Times: user=0.07 sys=0.00, real=0.03 secs] 
2021-05-18T22:13:46.277+0800: 391377.975: [GC (Allocation Failure) [PSYoungGen: 500352K->16288K(504320K)] 940666K->466717K(1028608K), 0.0278633 secs] [Times: user=0.08 sys=0.00, real=0.03 secs] 
2021-05-18T22:20:45.299+0800: 391796.998: [GC (Allocation Failure) [PSYoungGen: 501152K->14368K(504832K)] 951581K->475953K(1029120K), 0.0266177 secs] [Times: user=0.08 sys=0.00, real=0.03 secs] 
2021-05-18T22:27:49.599+0800: 392221.298: [GC (Allocation Failure) [PSYoungGen: 499744K->15360K(504832K)] 961329K->486925K(1029120K), 0.0318778 secs] [Times: user=0.08 sys=0.00, real=0.03 secs] 
2021-05-18T22:34:48.157+0800: 392639.855: [GC (Allocation Failure) [PSYoungGen: 500736K->17120K(504320K)] 972301K->498691K(1028608K), 0.0307804 secs] [Times: user=0.07 sys=0.00, real=0.03 secs] 
2021-05-18T22:41:52.070+0800: 393063.768: [GC (Allocation Failure) [PSYoungGen: 502496K->14976K(504832K)] 984067K->508039K(1029120K), 0.0357168 secs] [Times: user=0.09 sys=0.00, real=0.04 secs] 
2021-05-18T22:48:47.667+0800: 393479.366: [GC (Allocation Failure) [PSYoungGen: 500352K->18208K(504320K)] 993415K->521650K(1028608K), 0.0372492 secs] [Times: user=0.08 sys=0.01, real=0.04 secs] 
2021-05-18T22:55:39.814+0800: 393891.512: [GC (Allocation Failure) [PSYoungGen: 503584K->15168K(504832K)] 1007026K->530645K(1029120K), 0.0284467 secs] [Times: user=0.08 sys=0.00, real=0.03 secs] 
2021-05-18T22:55:39.843+0800: 393891.541: [Full GC (Ergonomics) [PSYoungGen: 15168K->0K(504832K)] [ParOldGen: 515477K->291651K(524288K)] 530645K->291651K(1029120K), [Metaspace: 93405K->93401K(1136640K)], 0.4766957 secs] [Times: user=1.03 sys=0.00, real=0.47 secs] 
2021-05-18T23:02:33.907+0800: 394305.605: [GC (Allocation Failure) [PSYoungGen: 485376K->15712K(504832K)] 777027K->307363K(1029120K), 0.0301763 secs] [Times: user=0.07 sys=0.00, real=0.03 secs] 
2021-05-18T23:09:34.635+0800: 394726.333: [GC (Allocation Failure) [PSYoungGen: 501088K->15296K(504832K)] 792739K->318518K(1029120K), 0.0271837 secs] [Times: user=0.08 sys=0.00, real=0.02 secs] 
2021-05-18T23:16:29.669+0800: 395141.367: [GC (Allocation Failure) [PSYoungGen: 500672K->13856K(505344K)] 803894K->328232K(1029632K), 0.0266285 secs] [Times: user=0.08 sys=0.00, real=0.03 secs] 
2021-05-18T23:23:26.496+0800: 395558.194: [GC (Allocation Failure) [PSYoungGen: 500256K->15840K(505344K)] 814632K->339452K(1029632K), 0.0338204 secs] [Times: user=0.08 sys=0.00, real=0.03 secs] 
2021-05-18T23:30:26.544+0800: 395978.242: [GC (Allocation Failure) [PSYoungGen: 502240K->18336K(504320K)] 825852K->351345K(1028608K), 0.0327528 secs] [Times: user=0.08 sys=0.01, real=0.03 secs] 
2021-05-18T23:37:21.572+0800: 396393.270: [GC (Allocation Failure) [PSYoungGen: 503712K->16704K(504832K)] 836721K->360902K(1029120K), 0.0334307 secs] [Times: user=0.08 sys=0.00, real=0.04 secs] 
2021-05-18T23:44:22.864+0800: 396814.562: [GC (Allocation Failure) [PSYoungGen: 502080K->16512K(504832K)] 846278K->372505K(1029120K), 0.0307122 secs] [Times: user=0.09 sys=0.00, real=0.03 secs] 
2021-05-18T23:51:18.011+0800: 397229.709: [GC (Allocation Failure) [PSYoungGen: 501888K->14720K(504832K)] 857881K->380380K(1029120K), 0.0278277 secs] [Times: user=0.08 sys=0.00, real=0.03 secs] 
2021-05-18T23:58:06.622+0800: 397638.320: [GC (Allocation Failure) [PSYoungGen: 500096K->15904K(505344K)] 865756K->391543K(1029632K), 0.0666872 secs] [Times: user=0.08 sys=0.01, real=0.06 secs] 
2021-05-19T00:04:44.810+0800: 398036.508: [GC (Allocation Failure) [PSYoungGen: 501792K->16224K(504832K)] 877431K->400940K(1029120K), 0.0281228 secs] [Times: user=0.08 sys=0.00, real=0.03 secs] 
2021-05-19T00:11:31.932+0800: 398443.630: [GC (Allocation Failure) [PSYoungGen: 502112K->15296K(505856K)] 886828K->410200K(1030144K), 0.0251590 secs] [Times: user=0.08 sys=0.00, real=0.03 secs] 
2021-05-19T00:18:38.511+0800: 398870.210: [GC (Allocation Failure) [PSYoungGen: 502208K->12960K(505344K)] 897112K->419080K(1029632K), 0.0280558 secs] [Times: user=0.08 sys=0.00, real=0.03 secs] 
2021-05-19T00:25:32.015+0800: 399283.713: [GC (Allocation Failure) [PSYoungGen: 499872K->16096K(505344K)] 905992K->431164K(1029632K), 0.0635746 secs] [Times: user=0.10 sys=0.00, real=0.06 secs] 
2021-05-19T00:32:27.439+0800: 399699.137: [GC (Allocation Failure) [PSYoungGen: 502496K->17280K(505344K)] 917564K->443161K(1029632K), 0.0310808 secs] [Times: user=0.08 sys=0.00, real=0.03 secs] 
2021-05-19T00:39:22.742+0800: 400114.440: [GC (Allocation Failure) [PSYoungGen: 503680K->18400K(503296K)] 929561K->455174K(1027584K), 0.0294774 secs] [Times: user=0.07 sys=0.00, real=0.03 secs] 
2021-05-19T00:46:18.295+0800: 400529.993: [GC (Allocation Failure) [PSYoungGen: 502752K->15232K(504320K)] 939526K->464728K(1028608K), 0.0311659 secs] [Times: user=0.09 sys=0.00, real=0.03 secs] 
2021-05-19T00:53:14.618+0800: 400946.316: [GC (Allocation Failure) [PSYoungGen: 499584K->17408K(503808K)] 949080K->476862K(1028096K), 0.0276578 secs] [Times: user=0.07 sys=0.00, real=0.03 secs] 
2021-05-19T01:00:10.380+0800: 401362.078: [GC (Allocation Failure) [PSYoungGen: 501760K->17792K(504320K)] 961214K->488314K(1028608K), 0.0279760 secs] [Times: user=0.08 sys=0.00, real=0.03 secs] 
2021-05-19T01:07:02.550+0800: 401774.249: [GC (Allocation Failure) [PSYoungGen: 502144K->16416K(504832K)] 972666K->498660K(1029120K), 0.0686405 secs] [Times: user=0.08 sys=0.00, real=0.07 secs] 
2021-05-19T01:14:00.551+0800: 402192.249: [GC (Allocation Failure) [PSYoungGen: 501280K->18016K(504320K)] 983524K->510729K(1028608K), 0.0372865 secs] [Times: user=0.08 sys=0.01, real=0.04 secs] 
2021-05-19T01:20:51.052+0800: 402602.750: [GC (Allocation Failure) [PSYoungGen: 502880K->14400K(504320K)] 995593K->518997K(1028608K), 0.0340708 secs] [Times: user=0.07 sys=0.01, real=0.04 secs] 
2021-05-19T01:27:47.206+0800: 403018.905: [GC (Allocation Failure) [PSYoungGen: 498752K->14976K(504320K)] 1003349K->530243K(1028608K), 0.0269141 secs] [Times: user=0.07 sys=0.00, real=0.03 secs] 
2021-05-19T01:27:47.234+0800: 403018.932: [Full GC (Ergonomics) [PSYoungGen: 14976K->0K(504320K)] [ParOldGen: 515267K->300890K(524288K)] 530243K->300890K(1028608K), [Metaspace: 93405K->93405K(1136640K)], 0.4537532 secs] [Times: user=1.00 sys=0.00, real=0.45 secs] 
2021-05-19T01:34:44.357+0800: 403436.055: [GC (Allocation Failure) [PSYoungGen: 484352K->16224K(504832K)] 785242K->317114K(1029120K), 0.0251812 secs] [Times: user=0.07 sys=0.00, real=0.02 secs] 
2021-05-19T01:41:32.682+0800: 403844.380: [GC (Allocation Failure) [PSYoungGen: 501088K->15392K(504320K)] 801978K->327520K(1028608K), 0.0279540 secs] [Times: user=0.08 sys=0.00, real=0.03 secs] 
2021-05-19T01:48:29.769+0800: 404261.468: [GC (Allocation Failure) [PSYoungGen: 500256K->16672K(504832K)] 812384K->339124K(1029120K), 0.0339823 secs] [Times: user=0.08 sys=0.01, real=0.04 secs] 
2021-05-19T01:55:28.235+0800: 404679.934: [GC (Allocation Failure) [PSYoungGen: 502048K->16384K(504832K)] 824500K->349137K(1029120K), 0.0307625 secs] [Times: user=0.08 sys=0.00, real=0.03 secs] 
2021-05-19T02:02:28.141+0800: 405099.839: [GC (Allocation Failure) [PSYoungGen: 501760K->14976K(505344K)] 834513K->359547K(1029632K), 0.0498409 secs] [Times: user=0.09 sys=0.00, real=0.05 secs] 
2021-05-19T02:09:28.486+0800: 405520.184: [GC (Allocation Failure) [PSYoungGen: 501376K->16704K(505344K)] 845947K->371151K(1029632K), 0.0359249 secs] [Times: user=0.09 sys=0.00, real=0.04 secs] 
2021-05-19T02:16:16.749+0800: 405928.447: [GC (Allocation Failure) [PSYoungGen: 503104K->17216K(505344K)] 857551K->382282K(1029632K), 0.0296514 secs] [Times: user=0.08 sys=0.00, real=0.03 secs] 
2021-05-19T02:23:08.985+0800: 406340.683: [GC (Allocation Failure) [PSYoungGen: 503616K->16992K(505344K)] 868682K->392493K(1029632K), 0.0268188 secs] [Times: user=0.07 sys=0.00, real=0.03 secs] 
2021-05-19T02:29:54.690+0800: 406746.388: [GC (Allocation Failure) [PSYoungGen: 503392K->16032K(505344K)] 878893K->402408K(1029632K), 0.0295663 secs] [Times: user=0.07 sys=0.01, real=0.03 secs] 
2021-05-19T02:36:52.767+0800: 407164.465: [GC (Allocation Failure) [PSYoungGen: 502432K->14208K(505344K)] 888808K->412235K(1029632K), 0.0377521 secs] [Times: user=0.09 sys=0.01, real=0.04 secs] 
2021-05-19T02:43:52.284+0800: 407583.983: [GC (Allocation Failure) [PSYoungGen: 500608K->15968K(505344K)] 898635K->424286K(1029632K), 0.0310998 secs] [Times: user=0.08 sys=0.00, real=0.03 secs] 
2021-05-19T02:50:53.595+0800: 408005.294: [GC (Allocation Failure) [PSYoungGen: 502368K->15360K(505344K)] 910686K->433521K(1029632K), 0.0329442 secs] [Times: user=0.09 sys=0.00, real=0.03 secs] 
2021-05-19T02:57:49.124+0800: 408420.822: [GC (Allocation Failure) [PSYoungGen: 501760K->13440K(504832K)] 919921K->442563K(1029120K), 0.0299509 secs] [Times: user=0.08 sys=0.00, real=0.03 secs] 
2021-05-19T03:04:44.521+0800: 408836.219: [GC (Allocation Failure) [PSYoungGen: 499840K->15680K(505344K)] 928963K->453519K(1029632K), 0.0302054 secs] [Times: user=0.09 sys=0.01, real=0.03 secs] 
2021-05-19T03:11:35.729+0800: 409247.427: [GC (Allocation Failure) [PSYoungGen: 502080K->16448K(505856K)] 939919K->465322K(1030144K), 0.0358475 secs] [Times: user=0.08 sys=0.00, real=0.04 secs] 
2021-05-19T03:18:38.836+0800: 409670.534: [GC (Allocation Failure) [PSYoungGen: 503872K->12928K(500736K)] 952746K->472661K(1025024K), 0.0326142 secs] [Times: user=0.08 sys=0.01, real=0.03 secs] 
2021-05-19T03:25:41.011+0800: 410092.709: [GC (Allocation Failure) [PSYoungGen: 500352K->14048K(505344K)] 960085K->483161K(1029632K), 0.0255511 secs] [Times: user=0.07 sys=0.00, real=0.03 secs] 
2021-05-19T03:32:38.278+0800: 410509.976: [GC (Allocation Failure) [PSYoungGen: 500448K->14752K(505344K)] 969561K->493659K(1029632K), 0.0298092 secs] [Times: user=0.08 sys=0.01, real=0.03 secs] 
2021-05-19T03:39:34.609+0800: 410926.308: [GC (Allocation Failure) [PSYoungGen: 501152K->15968K(505856K)] 980059K->505168K(1030144K), 0.0304164 secs] [Times: user=0.08 sys=0.00, real=0.03 secs] 
2021-05-19T03:46:29.650+0800: 411341.349: [GC (Allocation Failure) [PSYoungGen: 503392K->16128K(505856K)] 992592K->516907K(1030144K), 0.0454454 secs] [Times: user=0.08 sys=0.01, real=0.05 secs] 
2021-05-19T03:53:19.957+0800: 411751.655: [GC (Allocation Failure) [PSYoungGen: 503552K->16064K(505856K)] 1004331K->526918K(1030144K), 0.0322509 secs] [Times: user=0.08 sys=0.01, real=0.03 secs] 
2021-05-19T04:00:15.577+0800: 412167.276: [GC (Allocation Failure) [PSYoungGen: 503488K->18400K(505856K)] 1014342K->538787K(1030144K), 0.0327576 secs] [Times: user=0.09 sys=0.00, real=0.03 secs] 
2021-05-19T04:00:15.611+0800: 412167.309: [Full GC (Ergonomics) [PSYoungGen: 18400K->0K(505856K)] [ParOldGen: 520387K->299363K(524288K)] 538787K->299363K(1030144K), [Metaspace: 93405K->93405K(1136640K)], 0.7513190 secs] [Times: user=1.75 sys=0.00, real=0.75 secs] 
2021-05-19T04:07:06.648+0800: 412578.346: [GC (Allocation Failure) [PSYoungGen: 487424K->13952K(497664K)] 786787K->313315K(1021952K), 0.0255591 secs] [Times: user=0.07 sys=0.00, real=0.03 secs] 
2021-05-19T04:13:55.049+0800: 412986.747: [GC (Allocation Failure) [PSYoungGen: 493184K->17920K(501760K)] 792547K->327270K(1026048K), 0.0304817 secs] [Times: user=0.08 sys=0.00, real=0.03 secs] 
2021-05-19T04:20:37.774+0800: 413389.472: [GC (Allocation Failure) [PSYoungGen: 497152K->17280K(501760K)] 806502K->338825K(1026048K), 0.0306412 secs] [Times: user=0.08 sys=0.00, real=0.03 secs] 
2021-05-19T04:27:27.448+0800: 413799.146: [GC (Allocation Failure) [PSYoungGen: 496512K->16320K(501760K)] 818057K->348429K(1026048K), 0.0309870 secs] [Times: user=0.08 sys=0.00, real=0.03 secs] 
2021-05-19T04:34:10.321+0800: 414202.019: [GC (Allocation Failure) [PSYoungGen: 495552K->17888K(502272K)] 827661K->360977K(1026560K), 0.0322370 secs] [Times: user=0.09 sys=0.00, real=0.04 secs] 
2021-05-19T04:41:00.348+0800: 414612.046: [GC (Allocation Failure) [PSYoungGen: 498144K->13632K(502272K)] 841233K->368291K(1026560K), 0.0355422 secs] [Times: user=0.07 sys=0.00, real=0.04 secs] 
2021-05-19T04:47:45.304+0800: 415017.003: [GC (Allocation Failure) [PSYoungGen: 493888K->14400K(502784K)] 848547K->379198K(1027072K), 0.0788920 secs] [Times: user=0.09 sys=0.00, real=0.08 secs] 
2021-05-19T04:54:32.186+0800: 415423.884: [GC (Allocation Failure) [PSYoungGen: 495168K->16672K(502272K)] 859966K->391299K(1026560K), 0.0446697 secs] [Times: user=0.10 sys=0.00, real=0.04 secs] 
2021-05-19T05:01:20.858+0800: 415832.556: [GC (Allocation Failure) [PSYoungGen: 497440K->14048K(503296K)] 872067K->399765K(1027584K), 0.0316369 secs] [Times: user=0.08 sys=0.00, real=0.03 secs] 
2021-05-19T05:08:01.212+0800: 416232.910: [GC (Allocation Failure) [PSYoungGen: 495840K->16448K(502784K)] 881557K->410673K(1027072K), 0.0329339 secs] [Times: user=0.09 sys=0.00, real=0.03 secs] 
2021-05-19T05:14:59.433+0800: 416651.132: [GC (Allocation Failure) [PSYoungGen: 498240K->17184K(503296K)] 892465K->422601K(1027584K), 0.0320796 secs] [Times: user=0.08 sys=0.01, real=0.03 secs] 
2021-05-19T05:21:56.544+0800: 417068.242: [GC (Allocation Failure) [PSYoungGen: 499488K->16960K(503296K)] 904905K->433229K(1027584K), 0.0354000 secs] [Times: user=0.09 sys=0.01, real=0.03 secs] 
2021-05-19T05:28:51.714+0800: 417483.412: [GC (Allocation Failure) [PSYoungGen: 499264K->14272K(503808K)] 915533K->441886K(1028096K), 0.0273841 secs] [Times: user=0.08 sys=0.00, real=0.02 secs] 
2021-05-19T05:36:00.456+0800: 417912.155: [GC (Allocation Failure) [PSYoungGen: 497600K->14784K(503808K)] 925214K->452389K(1028096K), 0.0348925 secs] [Times: user=0.09 sys=0.00, real=0.03 secs] 
2021-05-19T05:43:03.480+0800: 418335.179: [GC (Allocation Failure) [PSYoungGen: 498112K->13120K(503808K)] 935717K->460119K(1028096K), 0.0262134 secs] [Times: user=0.08 sys=0.00, real=0.03 secs] 
2021-05-19T05:50:07.260+0800: 418758.958: [GC (Allocation Failure) [PSYoungGen: 496448K->13472K(503808K)] 943447K->469601K(1028096K), 0.0342451 secs] [Times: user=0.08 sys=0.00, real=0.04 secs] 
2021-05-19T05:57:11.968+0800: 419183.666: [GC (Allocation Failure) [PSYoungGen: 496800K->12864K(503808K)] 952929K->477421K(1028096K), 0.0285452 secs] [Times: user=0.08 sys=0.00, real=0.03 secs] 
2021-05-19T06:04:21.572+0800: 419613.270: [GC (Allocation Failure) [PSYoungGen: 496192K->15072K(503808K)] 960749K->489326K(1028096K), 0.0300640 secs] [Times: user=0.07 sys=0.01, real=0.03 secs] 
2021-05-19T06:11:28.909+0800: 420040.607: [GC (Allocation Failure) [PSYoungGen: 498400K->14592K(504832K)] 972654K->499033K(1029120K), 0.0278704 secs] [Times: user=0.07 sys=0.00, real=0.03 secs] 
2021-05-19T06:18:44.975+0800: 420476.673: [GC (Allocation Failure) [PSYoungGen: 499456K->12352K(504320K)] 983897K->506515K(1028608K), 0.0422861 secs] [Times: user=0.08 sys=0.00, real=0.04 secs] 
2021-05-19T06:25:57.054+0800: 420908.752: [GC (Allocation Failure) [PSYoungGen: 497216K->12800K(504832K)] 991379K->515469K(1029120K), 0.0301644 secs] [Times: user=0.08 sys=0.00, real=0.03 secs] 
2021-05-19T06:33:07.843+0800: 421339.541: [GC (Allocation Failure) [PSYoungGen: 498176K->13024K(504832K)] 1000845K->525304K(1029120K), 0.0285886 secs] [Times: user=0.07 sys=0.00, real=0.02 secs] 
2021-05-19T06:33:07.872+0800: 421339.570: [Full GC (Ergonomics) [PSYoungGen: 13024K->0K(504832K)] [ParOldGen: 512280K->289266K(524288K)] 525304K->289266K(1029120K), [Metaspace: 93419K->93419K(1136640K)], 0.4217950 secs] [Times: user=0.96 sys=0.00, real=0.43 secs] 
2021-05-19T06:40:27.450+0800: 421779.148: [GC (Allocation Failure) [PSYoungGen: 485376K->12576K(505344K)] 774642K->301842K(1029632K), 0.0605587 secs] [Times: user=0.06 sys=0.00, real=0.06 secs] 
2021-05-19T06:47:31.769+0800: 422203.467: [GC (Allocation Failure) [PSYoungGen: 498464K->10336K(504832K)] 787730K->308667K(1029120K), 0.0319566 secs] [Times: user=0.08 sys=0.00, real=0.03 secs] 
2021-05-19T06:54:39.536+0800: 422631.234: [GC (Allocation Failure) [PSYoungGen: 496224K->12256K(505344K)] 794555K->318692K(1029632K), 0.0338823 secs] [Times: user=0.07 sys=0.01, real=0.03 secs] 
2021-05-19T07:01:43.494+0800: 423055.192: [GC (Allocation Failure) [PSYoungGen: 498144K->14976K(504832K)] 804580K->329416K(1029120K), 0.0307120 secs] [Times: user=0.07 sys=0.00, real=0.03 secs] 
2021-05-19T07:08:55.899+0800: 423487.597: [GC (Allocation Failure) [PSYoungGen: 500864K->11200K(505344K)] 815304K->336433K(1029632K), 0.0205123 secs] [Times: user=0.07 sys=0.00, real=0.02 secs] 
2021-05-19T07:16:07.865+0800: 423919.564: [GC (Allocation Failure) [PSYoungGen: 497600K->13920K(505344K)] 822833K->346988K(1029632K), 0.0288674 secs] [Times: user=0.07 sys=0.00, real=0.03 secs] 
2021-05-19T07:23:23.044+0800: 424354.742: [GC (Allocation Failure) [PSYoungGen: 500320K->14130K(505856K)] 833388K->355530K(1030144K), 0.0262422 secs] [Times: user=0.06 sys=0.00, real=0.02 secs] 
2021-05-19T07:30:32.866+0800: 424784.564: [GC (Allocation Failure) [PSYoungGen: 501554K->13088K(505856K)] 842954K->363749K(1030144K), 0.0451883 secs] [Times: user=0.07 sys=0.00, real=0.04 secs] 
2021-05-19T07:37:41.790+0800: 425213.489: [GC (Allocation Failure) [PSYoungGen: 500512K->12480K(506368K)] 851173K->372759K(1030656K), 0.0337632 secs] [Times: user=0.08 sys=0.00, real=0.04 secs] 
2021-05-19T07:44:53.708+0800: 425645.407: [GC (Allocation Failure) [PSYoungGen: 500928K->12000K(506368K)] 861207K->380228K(1030656K), 0.0445392 secs] [Times: user=0.09 sys=0.02, real=0.05 secs] 
2021-05-19T07:52:15.399+0800: 426087.098: [GC (Allocation Failure) [PSYoungGen: 500448K->14816K(505856K)] 868676K->391864K(1030144K), 0.0328442 secs] [Times: user=0.09 sys=0.00, real=0.04 secs] 
2021-05-19T07:59:18.260+0800: 426509.958: [GC (Allocation Failure) [PSYoungGen: 503264K->16512K(505344K)] 880312K->403620K(1029632K), 0.0602465 secs] [Times: user=0.08 sys=0.01, real=0.06 secs] 
2021-05-19T08:06:23.399+0800: 426935.097: [GC (Allocation Failure) [PSYoungGen: 504960K->15392K(505856K)] 892068K->413694K(1030144K), 0.0331808 secs] [Times: user=0.08 sys=0.00, real=0.04 secs] 
2021-05-19T08:13:33.519+0800: 427365.217: [GC (Allocation Failure) [PSYoungGen: 502816K->12992K(505856K)] 901118K->421382K(1030144K), 0.0254344 secs] [Times: user=0.07 sys=0.00, real=0.03 secs] 
2021-05-19T08:20:50.339+0800: 427802.037: [GC (Allocation Failure) [PSYoungGen: 500382K->12896K(506368K)] 908773K->429498K(1030656K), 0.0235082 secs] [Times: user=0.07 sys=0.00, real=0.03 secs] 
2021-05-19T08:28:06.267+0800: 428237.966: [GC (Allocation Failure) [PSYoungGen: 500832K->12448K(505856K)] 917434K->438587K(1030144K), 0.0286550 secs] [Times: user=0.07 sys=0.01, real=0.03 secs] 
2021-05-19T08:35:18.688+0800: 428670.386: [GC (Allocation Failure) [PSYoungGen: 500384K->15008K(506368K)] 926523K->450007K(1030656K), 0.0580600 secs] [Times: user=0.06 sys=0.00, real=0.06 secs] 
2021-05-19T08:42:37.424+0800: 429109.122: [GC (Allocation Failure) [PSYoungGen: 503456K->11264K(506368K)] 938455K->456346K(1030656K), 0.0256765 secs] [Times: user=0.08 sys=0.00, real=0.02 secs] 
2021-05-19T08:49:43.980+0800: 429535.679: [GC (Allocation Failure) [PSYoungGen: 499712K->14432K(506368K)] 944794K->468174K(1030656K), 0.0292763 secs] [Times: user=0.08 sys=0.00, real=0.03 secs] 
2021-05-19T08:56:57.872+0800: 429969.570: [GC (Allocation Failure) [PSYoungGen: 502880K->11616K(506368K)] 956622K->475680K(1030656K), 0.0355518 secs] [Times: user=0.09 sys=0.00, real=0.04 secs] 
2021-05-19T09:04:14.335+0800: 430406.033: [GC (Allocation Failure) [PSYoungGen: 500064K->12096K(506368K)] 964128K->484874K(1030656K), 0.0262929 secs] [Times: user=0.08 sys=0.00, real=0.02 secs] 
2021-05-19T09:11:29.044+0800: 430840.742: [GC (Allocation Failure) [PSYoungGen: 500544K->13344K(506368K)] 973322K->495964K(1030656K), 0.0265108 secs] [Times: user=0.07 sys=0.00, real=0.02 secs] 
2021-05-19T09:18:40.541+0800: 431272.239: [GC (Allocation Failure) [PSYoungGen: 501792K->11776K(506880K)] 984412K->503518K(1031168K), 0.0274386 secs] [Times: user=0.07 sys=0.00, real=0.03 secs] 
2021-05-19T09:25:49.190+0800: 431700.888: [GC (Allocation Failure) [PSYoungGen: 501248K->13312K(506880K)] 992990K->513193K(1031168K), 0.0225693 secs] [Times: user=0.07 sys=0.00, real=0.03 secs] 
2021-05-19T09:32:57.962+0800: 432129.660: [GC (Allocation Failure) [PSYoungGen: 502784K->13920K(507392K)] 1002665K->523581K(1031680K), 0.0331875 secs] [Times: user=0.09 sys=0.00, real=0.04 secs] 
2021-05-19T09:40:14.030+0800: 432565.728: [GC (Allocation Failure) [PSYoungGen: 504416K->11296K(507392K)] 1014077K->531125K(1031680K), 0.0308341 secs] [Times: user=0.09 sys=0.00, real=0.03 secs] 
2021-05-19T09:40:14.061+0800: 432565.759: [Full GC (Ergonomics) [PSYoungGen: 11296K->0K(507392K)] [ParOldGen: 519829K->299496K(524288K)] 531125K->299496K(1031680K), [Metaspace: 93419K->93415K(1136640K)], 0.6154812 secs] [Times: user=1.14 sys=0.00, real=0.62 secs] 
2021-05-19T09:46:04.320+0800: 432916.019: [GC (Allocation Failure) [PSYoungGen: 490496K->12551K(507904K)] 789992K->312048K(1032192K), 0.0531397 secs] [Times: user=0.05 sys=0.00, real=0.06 secs] 
2021-05-19T09:51:35.187+0800: 433246.885: [GC (Allocation Failure) [PSYoungGen: 503559K->9984K(507392K)] 803056K->318972K(1031680K), 0.0248882 secs] [Times: user=0.07 sys=0.00, real=0.02 secs] 
2021-05-19T09:57:08.940+0800: 433580.638: [GC (Allocation Failure) [PSYoungGen: 500992K->8672K(507392K)] 809980K->324823K(1031680K), 0.0409253 secs] [Times: user=0.06 sys=0.00, real=0.04 secs] 
2021-05-19T10:03:54.892+0800: 433986.591: [GC (Allocation Failure) [PSYoungGen: 499168K->13216K(507392K)] 815319K->335916K(1031680K), 0.0286544 secs] [Times: user=0.07 sys=0.00, real=0.02 secs] 
2021-05-19T10:11:16.140+0800: 434427.838: [GC (Allocation Failure) [PSYoungGen: 503712K->11360K(507392K)] 826412K->343816K(1031680K), 0.0282369 secs] [Times: user=0.07 sys=0.00, real=0.03 secs] 
2021-05-19T10:18:20.918+0800: 434852.616: [GC (Allocation Failure) [PSYoungGen: 501856K->15296K(505856K)] 834312K->354853K(1030144K), 0.0261664 secs] [Times: user=0.07 sys=0.00, real=0.03 secs] 
2021-05-19T10:25:42.882+0800: 435294.580: [GC (Allocation Failure) [PSYoungGen: 505792K->13312K(506880K)] 845349K->363310K(1031168K), 0.0281216 secs] [Times: user=0.08 sys=0.00, real=0.03 secs] 
2021-05-19T10:32:54.560+0800: 435726.258: [GC (Allocation Failure) [PSYoungGen: 502784K->11744K(506880K)] 852782K->371762K(1031168K), 0.0247053 secs] [Times: user=0.07 sys=0.00, real=0.03 secs] 
2021-05-19T10:40:05.126+0800: 436156.824: [GC (Allocation Failure) [PSYoungGen: 501216K->13760K(507392K)] 861234K->381758K(1031680K), 0.0263252 secs] [Times: user=0.07 sys=0.00, real=0.02 secs] 
2021-05-19T10:47:14.804+0800: 436586.502: [GC (Allocation Failure) [PSYoungGen: 504256K->13152K(507392K)] 872254K->389912K(1031680K), 0.0585112 secs] [Times: user=0.08 sys=0.00, real=0.06 secs] 
2021-05-19T10:54:24.919+0800: 437016.617: [GC (Allocation Failure) [PSYoungGen: 503648K->14784K(507392K)] 880408K->400698K(1031680K), 0.0899416 secs] [Times: user=0.07 sys=0.00, real=0.09 secs] 
2021-05-19T11:01:35.287+0800: 437446.986: [GC (Allocation Failure) [PSYoungGen: 505280K->15584K(506368K)] 891194K->411231K(1030656K), 0.0281132 secs] [Times: user=0.08 sys=0.00, real=0.03 secs] 
2021-05-19T11:08:57.924+0800: 437889.622: [GC (Allocation Failure) [PSYoungGen: 506080K->13632K(506880K)] 901727K->419445K(1031168K), 0.0314503 secs] [Times: user=0.09 sys=0.00, real=0.03 secs] 
2021-05-19T11:16:04.387+0800: 438316.085: [GC (Allocation Failure) [PSYoungGen: 502592K->13536K(506368K)] 908405K->427888K(1030656K), 0.0244926 secs] [Times: user=0.07 sys=0.00, real=0.02 secs] 
2021-05-19T11:23:15.436+0800: 438747.134: [GC (Allocation Failure) [PSYoungGen: 502496K->11424K(507392K)] 916848K->435753K(1031680K), 0.0209795 secs] [Times: user=0.06 sys=0.00, real=0.02 secs] 
2021-05-19T11:30:33.740+0800: 439185.438: [GC (Allocation Failure) [PSYoungGen: 501920K->11552K(507392K)] 926249K->445427K(1031680K), 0.0257611 secs] [Times: user=0.08 sys=0.00, real=0.03 secs] 
2021-05-19T11:37:47.042+0800: 439618.741: [GC (Allocation Failure) [PSYoungGen: 502048K->13184K(507392K)] 935923K->456142K(1031680K), 0.0269111 secs] [Times: user=0.08 sys=0.00, real=0.02 secs] 
2021-05-19T11:44:59.834+0800: 440051.532: [GC (Allocation Failure) [PSYoungGen: 503680K->15840K(506368K)] 946638K->468473K(1030656K), 0.0359859 secs] [Times: user=0.08 sys=0.01, real=0.03 secs] 
2021-05-19T11:52:00.345+0800: 440472.043: [GC (Allocation Failure) [PSYoungGen: 506336K->12096K(506880K)] 958969K->474331K(1031168K), 0.0308677 secs] [Times: user=0.07 sys=0.00, real=0.03 secs] 
2021-05-19T11:59:10.367+0800: 440902.065: [GC (Allocation Failure) [PSYoungGen: 501568K->12832K(506880K)] 963803K->483711K(1031168K), 0.0262013 secs] [Times: user=0.07 sys=0.00, real=0.03 secs] 
2021-05-19T12:06:12.160+0800: 441323.858: [GC (Allocation Failure) [PSYoungGen: 502304K->16864K(498176K)] 973183K->497500K(1022464K), 0.0299426 secs] [Times: user=0.08 sys=0.00, real=0.03 secs] 
2021-05-19T12:13:20.785+0800: 441752.483: [GC (Allocation Failure) [PSYoungGen: 498144K->16224K(502784K)] 978780K->507712K(1027072K), 0.0327537 secs] [Times: user=0.09 sys=0.00, real=0.03 secs] 
2021-05-19T12:20:26.120+0800: 442177.819: [GC (Allocation Failure) [PSYoungGen: 497504K->13792K(503296K)] 988992K->515315K(1027584K), 0.0299466 secs] [Times: user=0.08 sys=0.00, real=0.03 secs] 
2021-05-19T12:27:21.950+0800: 442593.648: [GC (Allocation Failure) [PSYoungGen: 495584K->13184K(502784K)] 997107K->524445K(1027072K), 0.0249213 secs] [Times: user=0.07 sys=0.00, real=0.03 secs] 
2021-05-19T12:34:26.010+0800: 443017.709: [GC (Allocation Failure) [PSYoungGen: 494976K->14304K(504320K)] 1006237K->535360K(1028608K), 0.0280374 secs] [Times: user=0.08 sys=0.00, real=0.03 secs] 
2021-05-19T12:34:26.039+0800: 443017.737: [Full GC (Ergonomics) [PSYoungGen: 14304K->0K(504320K)] [ParOldGen: 521056K->296644K(524288K)] 535360K->296644K(1028608K), [Metaspace: 93530K->93526K(1136640K)], 0.5122138 secs] [Times: user=1.07 sys=0.00, real=0.51 secs] 
2021-05-19T12:41:24.820+0800: 443436.518: [GC (Allocation Failure) [PSYoungGen: 483840K->11136K(503808K)] 780484K->307780K(1028096K), 0.0248613 secs] [Times: user=0.06 sys=0.00, real=0.03 secs] 
2021-05-19T12:48:34.650+0800: 443866.348: [GC (Allocation Failure) [PSYoungGen: 494976K->12096K(504320K)] 791620K->316941K(1028608K), 0.0301195 secs] [Times: user=0.07 sys=0.00, real=0.03 secs] 
2021-05-19T12:55:45.099+0800: 444296.798: [GC (Allocation Failure) [PSYoungGen: 496448K->12704K(504320K)] 801293K->326272K(1028608K), 0.0294594 secs] [Times: user=0.07 sys=0.00, real=0.03 secs] 
2021-05-19T13:02:43.128+0800: 444714.826: [GC (Allocation Failure) [PSYoungGen: 497056K->11200K(504832K)] 810624K->333483K(1029120K), 0.0271288 secs] [Times: user=0.07 sys=0.00, real=0.03 secs] 
2021-05-19T13:09:51.195+0800: 445142.893: [GC (Allocation Failure) [PSYoungGen: 496576K->11008K(504832K)] 818859K->342013K(1029120K), 0.0251810 secs] [Times: user=0.06 sys=0.00, real=0.02 secs] 
2021-05-19T13:16:52.460+0800: 445564.158: [GC (Allocation Failure) [PSYoungGen: 496384K->8800K(504320K)] 827389K->348006K(1028608K), 0.0260621 secs] [Times: user=0.07 sys=0.00, real=0.03 secs] 
2021-05-19T13:23:54.003+0800: 445985.701: [GC (Allocation Failure) [PSYoungGen: 494176K->12320K(504832K)] 833382K->357602K(1029120K), 0.0258034 secs] [Times: user=0.06 sys=0.00, real=0.02 secs] 
2021-05-19T13:31:09.360+0800: 446421.058: [GC (Allocation Failure) [PSYoungGen: 497696K->11072K(505856K)] 842978K->365311K(1030144K), 0.0265352 secs] [Times: user=0.07 sys=0.00, real=0.03 secs] 
2021-05-19T13:38:16.434+0800: 446848.132: [GC (Allocation Failure) [PSYoungGen: 497984K->12096K(505344K)] 852223K->374331K(1029632K), 0.0717774 secs] [Times: user=0.08 sys=0.00, real=0.07 secs] 
2021-05-19T13:45:28.331+0800: 447280.029: [GC (Allocation Failure) [PSYoungGen: 499008K->11616K(506368K)] 861243K->383509K(1030656K), 0.0235256 secs] [Times: user=0.07 sys=0.00, real=0.03 secs] 
2021-05-19T13:52:40.523+0800: 447712.221: [GC (Allocation Failure) [PSYoungGen: 500064K->11232K(506368K)] 871957K->391878K(1030656K), 0.0229986 secs] [Times: user=0.07 sys=0.00, real=0.02 secs] 
2021-05-19T13:59:55.371+0800: 448147.069: [GC (Allocation Failure) [PSYoungGen: 499680K->11040K(507392K)] 880326K->399921K(1031680K), 0.0297292 secs] [Times: user=0.09 sys=0.01, real=0.03 secs] 
2021-05-19T14:07:02.866+0800: 448574.564: [GC (Allocation Failure) [PSYoungGen: 501024K->11232K(506880K)] 889905K->408171K(1031168K), 0.0288906 secs] [Times: user=0.07 sys=0.00, real=0.03 secs] 
2021-05-19T14:14:13.449+0800: 449005.147: [GC (Allocation Failure) [PSYoungGen: 501216K->11840K(507904K)] 898155K->416422K(1032192K), 0.0346183 secs] [Times: user=0.07 sys=0.00, real=0.04 secs] 
2021-05-19T14:21:41.454+0800: 449453.152: [GC (Allocation Failure) [PSYoungGen: 502848K->10624K(507392K)] 907430K->423511K(1031680K), 0.0221161 secs] [Times: user=0.06 sys=0.00, real=0.02 secs] 
2021-05-19T14:28:50.345+0800: 449882.043: [GC (Allocation Failure) [PSYoungGen: 501632K->16000K(505856K)] 914519K->437419K(1030144K), 0.0264213 secs] [Times: user=0.08 sys=0.00, real=0.02 secs] 
2021-05-19T14:35:58.884+0800: 450310.583: [GC (Allocation Failure) [PSYoungGen: 505472K->14592K(504320K)] 926891K->446580K(1028608K), 0.0307314 secs] [Times: user=0.09 sys=0.00, real=0.03 secs] 
2021-05-19T14:43:07.566+0800: 450739.264: [GC (Allocation Failure) [PSYoungGen: 504064K->15488K(505344K)] 936052K->456400K(1029632K), 0.0216288 secs] [Times: user=0.06 sys=0.00, real=0.02 secs] 
2021-05-19T14:50:21.240+0800: 451172.938: [GC (Allocation Failure) [PSYoungGen: 502912K->12832K(505856K)] 943824K->465547K(1030144K), 0.0290591 secs] [Times: user=0.07 sys=0.01, real=0.03 secs] 
2021-05-19T14:57:32.155+0800: 451603.853: [GC (Allocation Failure) [PSYoungGen: 500256K->13888K(506368K)] 952971K->475999K(1030656K), 0.0377319 secs] [Times: user=0.07 sys=0.00, real=0.04 secs] 
2021-05-19T15:04:42.807+0800: 452034.505: [GC (Allocation Failure) [PSYoungGen: 502336K->10560K(506368K)] 964447K->483488K(1030656K), 0.0283270 secs] [Times: user=0.07 sys=0.00, real=0.03 secs] 
2021-05-19T15:11:48.416+0800: 452460.114: [GC (Allocation Failure) [PSYoungGen: 499008K->15072K(506368K)] 971936K->495574K(1030656K), 0.0370634 secs] [Times: user=0.11 sys=0.00, real=0.04 secs] 
2021-05-19T15:18:58.038+0800: 452889.737: [GC (Allocation Failure) [PSYoungGen: 503520K->15232K(503808K)] 984022K->506121K(1028096K), 0.0263032 secs] [Times: user=0.07 sys=0.00, real=0.03 secs] 
2021-05-19T15:26:14.362+0800: 453326.060: [GC (Allocation Failure) [PSYoungGen: 503680K->12224K(506368K)] 994569K->513944K(1030656K), 0.0358656 secs] [Times: user=0.07 sys=0.01, real=0.04 secs] 
2021-05-19T15:33:29.137+0800: 453760.835: [GC (Allocation Failure) [PSYoungGen: 500160K->12000K(505856K)] 1001880K->522675K(1030144K), 0.0362062 secs] [Times: user=0.08 sys=0.00, real=0.04 secs] 
2021-05-19T15:40:45.611+0800: 454197.309: [GC (Allocation Failure) [PSYoungGen: 499936K->15264K(505344K)] 1010611K->533631K(1029632K), 0.0432916 secs] [Times: user=0.09 sys=0.00, real=0.05 secs] 
2021-05-19T15:40:45.655+0800: 454197.353: [Full GC (Ergonomics) [PSYoungGen: 15264K->0K(505344K)] [ParOldGen: 518367K->295408K(524288K)] 533631K->295408K(1029632K), [Metaspace: 93530K->93526K(1136640K)], 0.4868779 secs] [Times: user=1.04 sys=0.00, real=0.48 secs] 
2021-05-19T15:47:43.822+0800: 454615.520: [GC (Allocation Failure) [PSYoungGen: 487424K->12928K(505856K)] 782832K->308336K(1030144K), 0.0228999 secs] [Times: user=0.07 sys=0.00, real=0.02 secs] 
2021-05-19T15:54:52.764+0800: 455044.462: [GC (Allocation Failure) [PSYoungGen: 500352K->12640K(506880K)] 795760K->318194K(1031168K), 0.0344313 secs] [Times: user=0.07 sys=0.00, real=0.03 secs] 
2021-05-19T16:02:02.758+0800: 455474.457: [GC (Allocation Failure) [PSYoungGen: 501600K->13024K(506368K)] 807154K->328083K(1030656K), 0.0867926 secs] [Times: user=0.09 sys=0.00, real=0.09 secs] 
2021-05-19T16:09:20.614+0800: 455912.312: [GC (Allocation Failure) [PSYoungGen: 501984K->11808K(507392K)] 817043K->336229K(1031680K), 0.0261839 secs] [Times: user=0.07 sys=0.00, real=0.02 secs] 
2021-05-19T16:16:44.030+0800: 456355.728: [GC (Allocation Failure) [PSYoungGen: 502304K->16096K(506880K)] 826725K->348490K(1031168K), 0.0262176 secs] [Times: user=0.07 sys=0.00, real=0.03 secs] 
2021-05-19T16:24:00.306+0800: 456792.004: [GC (Allocation Failure) [PSYoungGen: 506592K->10656K(505856K)] 838986K->354267K(1030144K), 0.0287563 secs] [Times: user=0.07 sys=0.00, real=0.03 secs] 
2021-05-19T16:31:16.877+0800: 457228.575: [GC (Allocation Failure) [PSYoungGen: 499104K->13408K(506368K)] 842715K->364951K(1030656K), 0.0297228 secs] [Times: user=0.08 sys=0.00, real=0.03 secs] 
2021-05-19T16:38:26.228+0800: 457657.926: [GC (Allocation Failure) [PSYoungGen: 501856K->13952K(506880K)] 853399K->375497K(1031168K), 0.0323588 secs] [Times: user=0.08 sys=0.01, real=0.03 secs] 
2021-05-19T16:45:40.780+0800: 458092.479: [GC (Allocation Failure) [PSYoungGen: 503424K->14592K(506880K)] 864969K->385518K(1031168K), 0.0260470 secs] [Times: user=0.07 sys=0.00, real=0.03 secs] 
2021-05-19T16:52:57.642+0800: 458529.340: [GC (Allocation Failure) [PSYoungGen: 504064K->13696K(506880K)] 874990K->395360K(1031168K), 0.0436375 secs] [Times: user=0.09 sys=0.00, real=0.05 secs] 
2021-05-19T17:00:16.055+0800: 458967.753: [GC (Allocation Failure) [PSYoungGen: 503168K->10272K(506880K)] 884832K->402089K(1031168K), 0.0220044 secs] [Times: user=0.06 sys=0.00, real=0.02 secs] 
2021-05-19T17:07:37.743+0800: 459409.441: [GC (Allocation Failure) [PSYoungGen: 499744K->12224K(507392K)] 891561K->412269K(1031680K), 0.0255630 secs] [Times: user=0.07 sys=0.00, real=0.02 secs] 
2021-05-19T17:14:52.829+0800: 459844.527: [GC (Allocation Failure) [PSYoungGen: 502208K->9824K(506880K)] 902253K->419846K(1031168K), 0.0303115 secs] [Times: user=0.08 sys=0.01, real=0.03 secs] 
2021-05-19T17:22:02.103+0800: 460273.801: [GC (Allocation Failure) [PSYoungGen: 499808K->13984K(506880K)] 909830K->431065K(1031168K), 0.0305846 secs] [Times: user=0.08 sys=0.00, real=0.03 secs] 
2021-05-19T17:29:10.798+0800: 460702.496: [GC (Allocation Failure) [PSYoungGen: 503456K->13472K(506880K)] 920537K->439139K(1031168K), 0.0293532 secs] [Times: user=0.07 sys=0.01, real=0.03 secs] 
2021-05-19T17:36:18.776+0800: 461130.474: [GC (Allocation Failure) [PSYoungGen: 502944K->14592K(506368K)] 928611K->449630K(1030656K), 0.0404188 secs] [Times: user=0.09 sys=0.00, real=0.04 secs] 
2021-05-19T17:43:32.071+0800: 461563.769: [GC (Allocation Failure) [PSYoungGen: 504064K->15072K(504832K)] 939102K->459824K(1029120K), 0.0277446 secs] [Times: user=0.07 sys=0.00, real=0.03 secs] 
2021-05-19T17:50:46.474+0800: 461998.172: [GC (Allocation Failure) [PSYoungGen: 504544K->12800K(506880K)] 949296K->466930K(1031168K), 0.0243681 secs] [Times: user=0.07 sys=0.00, real=0.02 secs] 
2021-05-19T17:58:04.102+0800: 462435.800: [GC (Allocation Failure) [PSYoungGen: 501760K->10048K(506368K)] 955890K->472857K(1030656K), 0.0276773 secs] [Times: user=0.07 sys=0.00, real=0.03 secs] 
2021-05-19T18:05:19.127+0800: 462870.825: [GC (Allocation Failure) [PSYoungGen: 499008K->13088K(506880K)] 961817K->482757K(1031168K), 0.0264465 secs] [Times: user=0.08 sys=0.00, real=0.03 secs] 
2021-05-19T18:12:39.579+0800: 463311.277: [GC (Allocation Failure) [PSYoungGen: 502560K->12416K(506880K)] 972229K->491502K(1031168K), 0.0241317 secs] [Times: user=0.07 sys=0.00, real=0.03 secs] 
2021-05-19T18:19:59.111+0800: 463750.809: [GC (Allocation Failure) [PSYoungGen: 501888K->12480K(507904K)] 980974K->500481K(1032192K), 0.0239634 secs] [Times: user=0.06 sys=0.00, real=0.03 secs] 
2021-05-19T18:27:11.115+0800: 464182.813: [GC (Allocation Failure) [PSYoungGen: 503488K->15616K(506880K)] 991489K->512902K(1031168K), 0.0297818 secs] [Times: user=0.08 sys=0.00, real=0.03 secs] 
2021-05-19T18:34:30.203+0800: 464621.901: [GC (Allocation Failure) [PSYoungGen: 506624K->14816K(506880K)] 1003910K->522176K(1031168K), 0.0311968 secs] [Times: user=0.08 sys=0.00, real=0.03 secs] 
2021-05-19T18:41:48.972+0800: 465060.670: [GC (Allocation Failure) [PSYoungGen: 504288K->14624K(506880K)] 1011648K->532424K(1031168K), 0.0452490 secs] [Times: user=0.09 sys=0.02, real=0.04 secs] 
2021-05-19T18:41:49.018+0800: 465060.716: [Full GC (Ergonomics) [PSYoungGen: 14624K->0K(506880K)] [ParOldGen: 517800K->297201K(524288K)] 532424K->297201K(1031168K), [Metaspace: 93530K->93526K(1136640K)], 0.5167759 secs] [Times: user=1.12 sys=0.00, real=0.52 secs] 
2021-05-19T18:48:58.098+0800: 465489.796: [GC (Allocation Failure) [PSYoungGen: 489472K->16832K(504832K)] 786673K->314033K(1029120K), 0.0312430 secs] [Times: user=0.08 sys=0.00, real=0.03 secs] 
2021-05-19T18:56:00.995+0800: 465912.693: [GC (Allocation Failure) [PSYoungGen: 504256K->15776K(503296K)] 801457K->325067K(1027584K), 0.0332871 secs] [Times: user=0.08 sys=0.00, real=0.03 secs] 
2021-05-19T19:03:10.915+0800: 466342.614: [GC (Allocation Failure) [PSYoungGen: 503200K->12736K(505856K)] 812491K->332325K(1030144K), 0.0289330 secs] [Times: user=0.06 sys=0.00, real=0.03 secs] 
2021-05-19T19:10:14.863+0800: 466766.561: [GC (Allocation Failure) [PSYoungGen: 499648K->13408K(505344K)] 819237K->342559K(1029632K), 0.0262740 secs] [Times: user=0.07 sys=0.00, real=0.02 secs] 
2021-05-19T19:17:29.586+0800: 467201.284: [GC (Allocation Failure) [PSYoungGen: 500320K->10848K(505344K)] 829471K->349178K(1029632K), 0.0576740 secs] [Times: user=0.07 sys=0.00, real=0.06 secs] 
2021-05-19T19:24:39.913+0800: 467631.611: [GC (Allocation Failure) [PSYoungGen: 498272K->16416K(504320K)] 836602K->362894K(1028608K), 0.0273001 secs] [Times: user=0.08 sys=0.00, real=0.02 secs] 
2021-05-19T19:31:53.046+0800: 468064.744: [GC (Allocation Failure) [PSYoungGen: 503840K->13920K(505856K)] 850318K->371642K(1030144K), 0.0347133 secs] [Times: user=0.07 sys=0.02, real=0.03 secs] 
2021-05-19T19:39:00.260+0800: 468491.959: [GC (Allocation Failure) [PSYoungGen: 500832K->13824K(505344K)] 858554K->381325K(1029632K), 0.0645159 secs] [Times: user=0.08 sys=0.00, real=0.07 secs] 
2021-05-19T19:46:04.287+0800: 468915.985: [GC (Allocation Failure) [PSYoungGen: 500736K->15776K(505344K)] 868237K->393761K(1029632K), 0.0386760 secs] [Times: user=0.08 sys=0.02, real=0.04 secs] 
2021-05-19T19:53:08.081+0800: 469339.779: [GC (Allocation Failure) [PSYoungGen: 503200K->15616K(505856K)] 881185K->403726K(1030144K), 0.0324275 secs] [Times: user=0.08 sys=0.01, real=0.04 secs] 
2021-05-19T20:00:06.146+0800: 469757.844: [GC (Allocation Failure) [PSYoungGen: 503040K->17504K(503808K)] 891150K->415906K(1028096K), 0.0373921 secs] [Times: user=0.08 sys=0.00, real=0.04 secs] 
2021-05-19T20:07:13.438+0800: 470185.137: [GC (Allocation Failure) [PSYoungGen: 502880K->14336K(504832K)] 901282K->425275K(1029120K), 0.0332197 secs] [Times: user=0.09 sys=0.00, real=0.03 secs] 
2021-05-19T20:14:26.651+0800: 470618.349: [GC (Allocation Failure) [PSYoungGen: 499712K->12320K(505344K)] 910651K->432781K(1029632K), 0.0264795 secs] [Times: user=0.08 sys=0.00, real=0.03 secs] 
2021-05-19T20:21:32.432+0800: 471044.130: [GC (Allocation Failure) [PSYoungGen: 498720K->15360K(505344K)] 919181K->443809K(1029632K), 0.0358444 secs] [Times: user=0.08 sys=0.00, real=0.04 secs] 
2021-05-19T20:28:37.990+0800: 471469.688: [GC (Allocation Failure) [PSYoungGen: 501760K->13824K(505856K)] 930209K->452898K(1030144K), 0.0287968 secs] [Times: user=0.08 sys=0.00, real=0.03 secs] 
2021-05-19T20:35:44.568+0800: 471896.266: [GC (Allocation Failure) [PSYoungGen: 500736K->12416K(505344K)] 939810K->460644K(1029632K), 0.0347995 secs] [Times: user=0.08 sys=0.01, real=0.04 secs] 
2021-05-19T20:42:49.883+0800: 472321.582: [GC (Allocation Failure) [PSYoungGen: 499328K->15168K(505856K)] 947556K->472590K(1030144K), 0.0295755 secs] [Times: user=0.07 sys=0.00, real=0.03 secs] 
2021-05-19T20:49:54.263+0800: 472745.961: [GC (Allocation Failure) [PSYoungGen: 502592K->15168K(505856K)] 960014K->482083K(1030144K), 0.0289146 secs] [Times: user=0.09 sys=0.01, real=0.02 secs] 
2021-05-19T20:57:00.640+0800: 473172.338: [GC (Allocation Failure) [PSYoungGen: 502592K->14368K(506368K)] 969507K->492541K(1030656K), 0.0374610 secs] [Times: user=0.08 sys=0.00, real=0.04 secs] 
2021-05-19T21:04:16.221+0800: 473607.920: [GC (Allocation Failure) [PSYoungGen: 502304K->11552K(505856K)] 980477K->499150K(1030144K), 0.0289839 secs] [Times: user=0.07 sys=0.00, real=0.03 secs] 
2021-05-19T21:11:27.108+0800: 474038.806: [GC (Allocation Failure) [PSYoungGen: 499488K->11552K(505344K)] 987086K->506866K(1029632K), 0.0286175 secs] [Times: user=0.07 sys=0.00, real=0.03 secs] 
2021-05-19T21:18:42.610+0800: 474474.308: [GC (Allocation Failure) [PSYoungGen: 498976K->14176K(505856K)] 994290K->517606K(1030144K), 0.0235837 secs] [Times: user=0.06 sys=0.00, real=0.03 secs] 
2021-05-19T21:25:56.256+0800: 474907.954: [GC (Allocation Failure) [PSYoungGen: 501600K->15008K(506368K)] 1005030K->528928K(1030656K), 0.0406813 secs] [Times: user=0.08 sys=0.00, real=0.04 secs] 
2021-05-19T21:25:56.297+0800: 474907.995: [Full GC (Ergonomics) [PSYoungGen: 15008K->0K(506368K)] [ParOldGen: 513920K->297697K(524288K)] 528928K->297697K(1030656K), [Metaspace: 93530K->93530K(1136640K)], 0.4927144 secs] [Times: user=1.01 sys=0.00, real=0.49 secs] 
2021-05-19T21:33:11.428+0800: 475343.126: [GC (Allocation Failure) [PSYoungGen: 488448K->13856K(506368K)] 786145K->311553K(1030656K), 0.0468979 secs] [Times: user=0.06 sys=0.00, real=0.05 secs] 
2021-05-19T21:40:24.143+0800: 475775.842: [GC (Allocation Failure) [PSYoungGen: 502304K->14720K(506880K)] 800001K->322540K(1031168K), 0.0303899 secs] [Times: user=0.08 sys=0.00, real=0.03 secs] 
2021-05-19T21:47:31.234+0800: 476202.933: [GC (Allocation Failure) [PSYoungGen: 504192K->13856K(506880K)] 812012K->332423K(1031168K), 0.0320870 secs] [Times: user=0.08 sys=0.00, real=0.03 secs] 
2021-05-19T21:54:41.984+0800: 476633.682: [GC (Allocation Failure) [PSYoungGen: 503328K->13664K(507392K)] 821895K->341818K(1031680K), 0.0278314 secs] [Times: user=0.07 sys=0.00, real=0.02 secs] 
2021-05-19T22:01:56.390+0800: 477068.088: [GC (Allocation Failure) [PSYoungGen: 503648K->12768K(506880K)] 831802K->349715K(1031168K), 0.0252309 secs] [Times: user=0.07 sys=0.00, real=0.03 secs] 
2021-05-19T22:09:07.834+0800: 477499.532: [GC (Allocation Failure) [PSYoungGen: 502752K->14496K(507392K)] 839699K->361245K(1031680K), 0.0298445 secs] [Times: user=0.08 sys=0.00, real=0.03 secs] 
2021-05-19T22:16:17.261+0800: 477928.959: [GC (Allocation Failure) [PSYoungGen: 504992K->13792K(507392K)] 851741K->370570K(1031680K), 0.0415787 secs] [Times: user=0.07 sys=0.01, real=0.05 secs] 
2021-05-19T22:23:26.403+0800: 478358.102: [GC (Allocation Failure) [PSYoungGen: 504288K->12736K(507904K)] 861066K->379468K(1032192K), 0.0224468 secs] [Times: user=0.07 sys=0.00, real=0.02 secs] 
2021-05-19T22:30:32.243+0800: 478783.941: [GC (Allocation Failure) [PSYoungGen: 503744K->15136K(507392K)] 870476K->391032K(1031680K), 0.0260066 secs] [Times: user=0.07 sys=0.00, real=0.02 secs] 
2021-05-19T22:37:40.171+0800: 479211.869: [GC (Allocation Failure) [PSYoungGen: 506144K->16128K(506368K)] 882040K->402222K(1030656K), 0.0284133 secs] [Times: user=0.08 sys=0.00, real=0.03 secs] 
2021-05-19T22:44:46.478+0800: 479638.176: [GC (Allocation Failure) [PSYoungGen: 505600K->13344K(506880K)] 891694K->409135K(1031168K), 0.0597492 secs] [Times: user=0.08 sys=0.00, real=0.06 secs] 
2021-05-19T22:51:59.308+0800: 480071.006: [GC (Allocation Failure) [PSYoungGen: 502816K->14624K(507392K)] 898607K->420010K(1031680K), 0.0288126 secs] [Times: user=0.08 sys=0.01, real=0.03 secs] 
2021-05-19T22:59:00.470+0800: 480492.169: [GC (Allocation Failure) [PSYoungGen: 504608K->12384K(506880K)] 909994K->428403K(1031168K), 0.0261272 secs] [Times: user=0.08 sys=0.00, real=0.03 secs] 
2021-05-19T23:06:01.546+0800: 480913.244: [GC (Allocation Failure) [PSYoungGen: 502368K->13440K(507392K)] 918387K->437839K(1031680K), 0.0388127 secs] [Times: user=0.07 sys=0.01, real=0.04 secs] 
2021-05-19T23:13:13.821+0800: 481345.519: [GC (Allocation Failure) [PSYoungGen: 503424K->15232K(506880K)] 927823K->447795K(1031168K), 0.0276575 secs] [Times: user=0.07 sys=0.00, real=0.03 secs] 
2021-05-19T23:20:26.862+0800: 481778.560: [GC (Allocation Failure) [PSYoungGen: 505216K->14336K(507392K)] 937779K->456781K(1031680K), 0.0351077 secs] [Times: user=0.07 sys=0.00, real=0.04 secs] 
2021-05-19T23:27:32.987+0800: 482204.685: [GC (Allocation Failure) [PSYoungGen: 504320K->13600K(506880K)] 946765K->465424K(1031168K), 0.0247307 secs] [Times: user=0.07 sys=0.00, real=0.02 secs] 
2021-05-19T23:34:39.269+0800: 482630.967: [GC (Allocation Failure) [PSYoungGen: 503584K->15200K(507392K)] 955408K->476315K(1031680K), 0.0818445 secs] [Times: user=0.16 sys=0.02, real=0.08 secs] 
2021-05-19T23:41:47.039+0800: 483058.737: [GC (Allocation Failure) [PSYoungGen: 505696K->13664K(507392K)] 966811K->485094K(1031680K), 0.0521546 secs] [Times: user=0.08 sys=0.00, real=0.05 secs] 
2021-05-19T23:49:00.519+0800: 483492.218: [GC (Allocation Failure) [PSYoungGen: 504158K->15680K(507392K)] 975588K->496418K(1031680K), 0.0357673 secs] [Times: user=0.08 sys=0.00, real=0.04 secs] 
2021-05-19T23:56:16.894+0800: 483928.592: [GC (Allocation Failure) [PSYoungGen: 506176K->12448K(503296K)] 986914K->504259K(1027584K), 0.0269025 secs] [Times: user=0.07 sys=0.00, real=0.02 secs] 
2021-05-20T00:03:17.610+0800: 484349.308: [GC (Allocation Failure) [PSYoungGen: 502944K->13376K(507392K)] 994755K->513399K(1031680K), 0.0250217 secs] [Times: user=0.08 sys=0.00, real=0.03 secs] 
2021-05-20T00:10:37.049+0800: 484788.747: [GC (Allocation Failure) [PSYoungGen: 503360K->12000K(506880K)] 1003383K->521929K(1031168K), 0.0245931 secs] [Times: user=0.08 sys=0.00, real=0.03 secs] 
2021-05-20T00:17:47.960+0800: 485219.659: [GC (Allocation Failure) [PSYoungGen: 501984K->13824K(507392K)] 1011913K->532429K(1031680K), 0.0576219 secs] [Times: user=0.03 sys=0.03, real=0.06 secs] 
2021-05-20T00:17:48.018+0800: 485219.717: [Full GC (Ergonomics) [PSYoungGen: 13824K->0K(507392K)] [ParOldGen: 518605K->299229K(524288K)] 532429K->299229K(1031680K), [Metaspace: 93530K->93530K(1136640K)], 0.4949357 secs] [Times: user=1.01 sys=0.00, real=0.50 secs] 
2021-05-20T00:25:00.012+0800: 485651.710: [GC (Allocation Failure) [PSYoungGen: 490496K->15040K(507392K)] 789725K->314269K(1031680K), 0.0272148 secs] [Times: user=0.07 sys=0.00, real=0.03 secs] 
2021-05-20T00:32:09.766+0800: 486081.464: [GC (Allocation Failure) [PSYoungGen: 505536K->16032K(506368K)] 804765K->324449K(1030656K), 0.0252872 secs] [Times: user=0.04 sys=0.03, real=0.02 secs] 
2021-05-20T00:39:25.220+0800: 486516.918: [GC (Allocation Failure) [PSYoungGen: 505504K->12736K(506880K)] 813921K->333082K(1031168K), 0.0256857 secs] [Times: user=0.07 sys=0.00, real=0.03 secs] 
2021-05-20T00:46:40.200+0800: 486951.898: [GC (Allocation Failure) [PSYoungGen: 502208K->13632K(507392K)] 822554K->342654K(1031680K), 0.0374510 secs] [Times: user=0.07 sys=0.00, real=0.04 secs] 
2021-05-20T00:53:57.823+0800: 487389.521: [GC (Allocation Failure) [PSYoungGen: 503616K->11104K(506880K)] 832638K->350517K(1031168K), 0.0251989 secs] [Times: user=0.07 sys=0.00, real=0.02 secs] 
2021-05-20T01:01:04.512+0800: 487816.210: [GC (Allocation Failure) [PSYoungGen: 501088K->14400K(506880K)] 840501K->361082K(1031168K), 0.0253984 secs] [Times: user=0.08 sys=0.00, real=0.03 secs] 
2021-05-20T01:08:14.833+0800: 488246.531: [GC (Allocation Failure) [PSYoungGen: 503872K->16128K(505856K)] 850554K->372565K(1030144K), 0.0275246 secs] [Times: user=0.04 sys=0.04, real=0.02 secs] 
2021-05-20T01:15:27.979+0800: 488679.677: [GC (Allocation Failure) [PSYoungGen: 505600K->16768K(505344K)] 862037K->383793K(1029632K), 0.0704068 secs] [Times: user=0.08 sys=0.00, real=0.07 secs] 
2021-05-20T01:22:34.322+0800: 489106.021: [GC (Allocation Failure) [PSYoungGen: 504192K->10194K(497664K)] 871217K->388412K(1021952K), 0.0216343 secs] [Times: user=0.07 sys=0.00, real=0.02 secs] 
2021-05-20T01:29:46.534+0800: 489538.233: [GC (Allocation Failure) [PSYoungGen: 497618K->14272K(505856K)] 875836K->399896K(1030144K), 0.0268446 secs] [Times: user=0.08 sys=0.00, real=0.02 secs] 
2021-05-20T01:36:59.120+0800: 489970.819: [GC (Allocation Failure) [PSYoungGen: 501184K->15424K(505344K)] 886808K->410642K(1029632K), 0.0266520 secs] [Times: user=0.08 sys=0.00, real=0.03 secs] 
2021-05-20T01:44:10.104+0800: 490401.802: [GC (Allocation Failure) [PSYoungGen: 502336K->14688K(505856K)] 897554K->420439K(1030144K), 0.0375365 secs] [Times: user=0.08 sys=0.00, real=0.03 secs] 
2021-05-20T01:51:20.663+0800: 490832.361: [GC (Allocation Failure) [PSYoungGen: 502112K->15040K(505856K)] 907863K->431041K(1030144K), 0.0249699 secs] [Times: user=0.08 sys=0.00, real=0.02 secs] 
2021-05-20T01:58:31.529+0800: 491263.227: [GC (Allocation Failure) [PSYoungGen: 502464K->13408K(506368K)] 918465K->440459K(1030656K), 0.0271334 secs] [Times: user=0.07 sys=0.00, real=0.03 secs] 
2021-05-20T02:05:43.905+0800: 491695.603: [GC (Allocation Failure) [PSYoungGen: 501344K->14368K(505856K)] 928395K->452087K(1030144K), 0.0257850 secs] [Times: user=0.04 sys=0.04, real=0.02 secs] 
2021-05-20T02:12:54.320+0800: 492126.018: [GC (Allocation Failure) [PSYoungGen: 502304K->14688K(506368K)] 940023K->461738K(1030656K), 0.0613499 secs] [Times: user=0.05 sys=0.04, real=0.06 secs] 
2021-05-20T02:20:07.020+0800: 492558.719: [GC (Allocation Failure) [PSYoungGen: 503136K->13920K(506368K)] 950186K->470797K(1030656K), 0.0235271 secs] [Times: user=0.07 sys=0.00, real=0.03 secs] 
2021-05-20T02:27:18.977+0800: 492990.675: [GC (Allocation Failure) [PSYoungGen: 502368K->15616K(506880K)] 959245K->483160K(1031168K), 0.0283502 secs] [Times: user=0.04 sys=0.04, real=0.03 secs] 
2021-05-20T02:34:35.595+0800: 493427.293: [GC (Allocation Failure) [PSYoungGen: 505088K->15552K(505344K)] 972632K->493748K(1029632K), 0.0297740 secs] [Times: user=0.04 sys=0.04, real=0.03 secs] 
2021-05-20T02:41:49.674+0800: 493861.372: [GC (Allocation Failure) [PSYoungGen: 505024K->15552K(506368K)] 983220K->503822K(1030656K), 0.0238649 secs] [Times: user=0.03 sys=0.04, real=0.02 secs] 
2021-05-20T02:48:59.860+0800: 494291.558: [GC (Allocation Failure) [PSYoungGen: 504000K->14112K(506368K)] 992270K->513345K(1030656K), 0.0263796 secs] [Times: user=0.04 sys=0.04, real=0.03 secs] 
2021-05-20T02:56:09.062+0800: 494720.760: [GC (Allocation Failure) [PSYoungGen: 502560K->12320K(505856K)] 1001793K->522084K(1030144K), 0.0817350 secs] [Times: user=0.04 sys=0.04, real=0.08 secs] 
2021-05-20T03:03:31.993+0800: 495163.691: [GC (Allocation Failure) [PSYoungGen: 500768K->13792K(506368K)] 1010532K->532478K(1030656K), 0.0307323 secs] [Times: user=0.04 sys=0.04, real=0.03 secs] 
2021-05-20T03:03:32.024+0800: 495163.723: [Full GC (Ergonomics) [PSYoungGen: 13792K->0K(506368K)] [ParOldGen: 518686K->299385K(524288K)] 532478K->299385K(1030656K), [Metaspace: 93530K->93526K(1136640K)], 0.4319150 secs] [Times: user=0.96 sys=0.00, real=0.43 secs] 
2021-05-20T03:10:39.343+0800: 495591.041: [GC (Allocation Failure) [PSYoungGen: 488448K->12512K(506880K)] 787833K->311897K(1031168K), 0.0206763 secs] [Times: user=0.03 sys=0.03, real=0.02 secs] 
2021-05-20T03:17:50.560+0800: 496022.258: [GC (Allocation Failure) [PSYoungGen: 501984K->13184K(506880K)] 801369K->321667K(1031168K), 0.0269820 secs] [Times: user=0.07 sys=0.00, real=0.03 secs] 
2021-05-20T03:24:59.392+0800: 496451.090: [GC (Allocation Failure) [PSYoungGen: 502656K->15264K(506880K)] 811139K->332854K(1031168K), 0.0631926 secs] [Times: user=0.07 sys=0.00, real=0.07 secs] 
2021-05-20T03:32:10.123+0800: 496881.821: [GC (Allocation Failure) [PSYoungGen: 504736K->12704K(506880K)] 822326K->340360K(1031168K), 0.0323274 secs] [Times: user=0.07 sys=0.00, real=0.03 secs] 
2021-05-20T03:39:15.424+0800: 497307.122: [GC (Allocation Failure) [PSYoungGen: 502176K->15552K(505856K)] 829832K->353050K(1030144K), 0.0273443 secs] [Times: user=0.04 sys=0.04, real=0.02 secs] 
2021-05-20T03:46:25.743+0800: 497737.441: [GC (Allocation Failure) [PSYoungGen: 504000K->13952K(506368K)] 841498K->361533K(1030656K), 0.0256035 secs] [Times: user=0.04 sys=0.03, real=0.02 secs] 
2021-05-20T03:53:27.175+0800: 498158.873: [GC (Allocation Failure) [PSYoungGen: 502400K->13248K(506880K)] 849981K->370671K(1031168K), 0.0316134 secs] [Times: user=0.08 sys=0.00, real=0.03 secs] 
2021-05-20T04:00:44.762+0800: 498596.460: [GC (Allocation Failure) [PSYoungGen: 502720K->10752K(506880K)] 860143K->377904K(1031168K), 0.0337042 secs] [Times: user=0.07 sys=0.00, real=0.04 secs] 
2021-05-20T04:07:52.099+0800: 499023.798: [GC (Allocation Failure) [PSYoungGen: 500224K->13792K(506880K)] 867376K->388404K(1031168K), 0.0251556 secs] [Times: user=0.08 sys=0.00, real=0.03 secs] 
2021-05-20T04:15:08.151+0800: 499459.849: [GC (Allocation Failure) [PSYoungGen: 503264K->9824K(506880K)] 877876K->394853K(1031168K), 0.0298996 secs] [Times: user=0.03 sys=0.05, real=0.03 secs] 
2021-05-20T04:22:12.029+0800: 499883.727: [GC (Allocation Failure) [PSYoungGen: 499296K->16448K(504832K)] 884325K->408435K(1029120K), 0.0276192 secs] [Times: user=0.08 sys=0.00, real=0.03 secs] 
2021-05-20T04:29:20.176+0800: 500311.874: [GC (Allocation Failure) [PSYoungGen: 503872K->15744K(505856K)] 895859K->420141K(1030144K), 0.0296584 secs] [Times: user=0.04 sys=0.04, real=0.03 secs] 
2021-05-20T04:36:21.462+0800: 500733.160: [GC (Allocation Failure) [PSYoungGen: 503168K->14976K(505856K)] 907565K->429336K(1030144K), 0.0276981 secs] [Times: user=0.08 sys=0.00, real=0.03 secs] 
2021-05-20T04:43:25.994+0800: 501157.692: [GC (Allocation Failure) [PSYoungGen: 502400K->14944K(505856K)] 916760K->439828K(1030144K), 0.0760142 secs] [Times: user=0.07 sys=0.00, real=0.07 secs] 
2021-05-20T04:50:36.838+0800: 501588.536: [GC (Allocation Failure) [PSYoungGen: 502368K->14368K(505856K)] 927252K->449727K(1030144K), 0.0394566 secs] [Times: user=0.10 sys=0.00, real=0.04 secs] 
2021-05-20T04:57:50.618+0800: 502022.317: [GC (Allocation Failure) [PSYoungGen: 501792K->16128K(505856K)] 937151K->460347K(1030144K), 0.0295008 secs] [Times: user=0.04 sys=0.03, real=0.03 secs] 
2021-05-20T05:04:57.761+0800: 502449.459: [GC (Allocation Failure) [PSYoungGen: 503552K->13952K(505856K)] 947771K->468517K(1030144K), 0.0307945 secs] [Times: user=0.04 sys=0.03, real=0.03 secs] 
2021-05-20T05:11:59.441+0800: 502871.139: [GC (Allocation Failure) [PSYoungGen: 501376K->18400K(505856K)] 955941K->483522K(1030144K), 0.0357723 secs] [Times: user=0.10 sys=0.00, real=0.04 secs] 
2021-05-20T05:19:08.532+0800: 503300.230: [GC (Allocation Failure) [PSYoungGen: 505824K->12672K(496640K)] 970946K->490947K(1020928K), 0.0292194 secs] [Times: user=0.08 sys=0.00, real=0.03 secs] 
2021-05-20T05:26:12.639+0800: 503724.337: [GC (Allocation Failure) [PSYoungGen: 490880K->11008K(501248K)] 969155K->498237K(1025536K), 0.0281993 secs] [Times: user=0.04 sys=0.03, real=0.03 secs] 
2021-05-20T05:33:00.479+0800: 504132.177: [GC (Allocation Failure) [PSYoungGen: 489216K->14752K(501760K)] 976445K->509967K(1026048K), 0.0278335 secs] [Times: user=0.08 sys=0.00, real=0.03 secs] 
2021-05-20T05:39:58.053+0800: 504549.751: [GC (Allocation Failure) [PSYoungGen: 493472K->15648K(501248K)] 988687K->520467K(1025536K), 0.0285994 secs] [Times: user=0.08 sys=0.00, real=0.02 secs] 
2021-05-20T05:46:57.601+0800: 504969.299: [GC (Allocation Failure) [PSYoungGen: 494368K->16992K(502272K)] 999187K->532369K(1026560K), 0.0339832 secs] [Times: user=0.08 sys=0.00, real=0.04 secs] 
2021-05-20T05:46:57.635+0800: 504969.333: [Full GC (Ergonomics) [PSYoungGen: 16992K->0K(502272K)] [ParOldGen: 515377K->299269K(524288K)] 532369K->299269K(1026560K), [Metaspace: 93539K->93539K(1136640K)], 0.4208992 secs] [Times: user=0.94 sys=0.00, real=0.42 secs] 
2021-05-20T05:53:51.530+0800: 505383.228: [GC (Allocation Failure) [PSYoungGen: 480256K->16864K(502272K)] 779525K->316133K(1026560K), 0.0293627 secs] [Times: user=0.08 sys=0.00, real=0.03 secs] 
2021-05-20T06:00:52.298+0800: 505803.996: [GC (Allocation Failure) [PSYoungGen: 497120K->12416K(502272K)] 796389K->324005K(1026560K), 0.0247283 secs] [Times: user=0.03 sys=0.04, real=0.03 secs] 
2021-05-20T06:07:54.565+0800: 506226.263: [GC (Allocation Failure) [PSYoungGen: 492672K->14848K(502272K)] 804261K->335576K(1026560K), 0.0305151 secs] [Times: user=0.03 sys=0.04, real=0.03 secs] 
2021-05-20T06:15:03.265+0800: 506654.963: [GC (Allocation Failure) [PSYoungGen: 495104K->12224K(503296K)] 815832K->342634K(1027584K), 0.0344189 secs] [Times: user=0.09 sys=0.00, real=0.03 secs] 
2021-05-20T06:22:10.426+0800: 507082.124: [GC (Allocation Failure) [PSYoungGen: 494528K->12384K(503296K)] 824938K->351485K(1027584K), 0.0266802 secs] [Times: user=0.04 sys=0.04, real=0.03 secs] 
2021-05-20T06:29:10.753+0800: 507502.452: [GC (Allocation Failure) [PSYoungGen: 494688K->10144K(503296K)] 833789K->357862K(1027584K), 0.0251499 secs] [Times: user=0.04 sys=0.03, real=0.02 secs] 
2021-05-20T06:36:15.818+0800: 507927.516: [GC (Allocation Failure) [PSYoungGen: 492448K->14112K(503296K)] 840166K->370072K(1027584K), 0.0261021 secs] [Times: user=0.08 sys=0.00, real=0.03 secs] 
2021-05-20T06:43:17.696+0800: 508349.394: [GC (Allocation Failure) [PSYoungGen: 496416K->14688K(504320K)] 852376K->380524K(1028608K), 0.0322817 secs] [Times: user=0.08 sys=0.00, real=0.03 secs] 
2021-05-20T06:50:17.953+0800: 508769.651: [GC (Allocation Failure) [PSYoungGen: 498528K->12704K(503808K)] 864364K->388613K(1028096K), 0.0256381 secs] [Times: user=0.03 sys=0.03, real=0.02 secs] 
2021-05-20T06:57:23.704+0800: 509195.402: [GC (Allocation Failure) [PSYoungGen: 496544K->11808K(504832K)] 872453K->396679K(1029120K), 0.0347355 secs] [Times: user=0.03 sys=0.03, real=0.03 secs] 
2021-05-20T07:04:28.362+0800: 509620.060: [GC (Allocation Failure) [PSYoungGen: 497184K->15648K(504832K)] 882055K->408435K(1029120K), 0.0290845 secs] [Times: user=0.08 sys=0.00, real=0.03 secs] 
2021-05-20T07:11:33.581+0800: 510045.279: [GC (Allocation Failure) [PSYoungGen: 501024K->10944K(504832K)] 893811K->415067K(1029120K), 0.0689520 secs] [Times: user=0.04 sys=0.04, real=0.07 secs] 
2021-05-20T07:18:38.970+0800: 510470.669: [GC (Allocation Failure) [PSYoungGen: 496320K->11008K(504832K)] 900443K->422830K(1029120K), 0.0241521 secs] [Times: user=0.03 sys=0.03, real=0.03 secs] 
2021-05-20T07:25:44.062+0800: 510895.760: [GC (Allocation Failure) [PSYoungGen: 496384K->11712K(504832K)] 908206K->431292K(1029120K), 0.0222865 secs] [Times: user=0.06 sys=0.00, real=0.03 secs] 
2021-05-20T07:32:58.683+0800: 511330.381: [GC (Allocation Failure) [PSYoungGen: 497088K->12224K(504832K)] 916668K->440247K(1029120K), 0.0257614 secs] [Times: user=0.03 sys=0.04, real=0.02 secs] 
2021-05-20T07:40:00.232+0800: 511751.930: [GC (Allocation Failure) [PSYoungGen: 497600K->13248K(505856K)] 925623K->449451K(1030144K), 0.0297348 secs] [Times: user=0.08 sys=0.00, real=0.03 secs] 
2021-05-20T07:47:08.488+0800: 512180.186: [GC (Allocation Failure) [PSYoungGen: 500160K->14336K(505344K)] 936363K->459942K(1029632K), 0.0275202 secs] [Times: user=0.08 sys=0.00, real=0.03 secs] 
2021-05-20T07:54:08.837+0800: 512600.535: [GC (Allocation Failure) [PSYoungGen: 501248K->12640K(506368K)] 946854K->468375K(1030656K), 0.0406397 secs] [Times: user=0.08 sys=0.00, real=0.04 secs] 
2021-05-20T08:01:15.015+0800: 513026.713: [GC (Allocation Failure) [PSYoungGen: 500576K->13408K(505856K)] 956311K->477331K(1030144K), 0.0398962 secs] [Times: user=0.05 sys=0.04, real=0.04 secs] 
2021-05-20T08:08:19.399+0800: 513451.097: [GC (Allocation Failure) [PSYoungGen: 501344K->12448K(506880K)] 965267K->485717K(1031168K), 0.0261554 secs] [Times: user=0.04 sys=0.03, real=0.03 secs] 
2021-05-20T08:15:26.060+0800: 513877.758: [GC (Allocation Failure) [PSYoungGen: 501920K->13440K(506880K)] 975189K->495496K(1031168K), 0.0294166 secs] [Times: user=0.08 sys=0.00, real=0.03 secs] 
2021-05-20T08:22:34.753+0800: 514306.451: [GC (Allocation Failure) [PSYoungGen: 502912K->13888K(507392K)] 984968K->505019K(1031680K), 0.0254231 secs] [Times: user=0.08 sys=0.00, real=0.02 secs] 
2021-05-20T08:29:42.791+0800: 514734.489: [GC (Allocation Failure) [PSYoungGen: 504384K->14624K(507392K)] 995515K->515174K(1031680K), 0.0315787 secs] [Times: user=0.05 sys=0.04, real=0.04 secs] 
2021-05-20T08:36:45.611+0800: 515157.309: [GC (Allocation Failure) [PSYoungGen: 505120K->14016K(507392K)] 1005670K->525352K(1031680K), 0.0284406 secs] [Times: user=0.04 sys=0.04, real=0.03 secs] 
2021-05-20T08:43:58.694+0800: 515590.393: [GC (Allocation Failure) [PSYoungGen: 504512K->13120K(507392K)] 1015848K->534594K(1031680K), 0.0287865 secs] [Times: user=0.08 sys=0.00, real=0.03 secs] 
2021-05-20T08:43:58.723+0800: 515590.422: [Full GC (Ergonomics) [PSYoungGen: 13120K->0K(507392K)] [ParOldGen: 521474K->298445K(524288K)] 534594K->298445K(1031680K), [Metaspace: 93541K->93541K(1136640K)], 0.5306472 secs] [Times: user=1.05 sys=0.00, real=0.53 secs] 
2021-05-20T08:51:02.473+0800: 516014.171: [GC (Allocation Failure) [PSYoungGen: 490496K->15232K(507392K)] 788941K->313677K(1031680K), 0.0236403 secs] [Times: user=0.03 sys=0.04, real=0.02 secs] 
2021-05-20T08:58:05.616+0800: 516437.314: [GC (Allocation Failure) [PSYoungGen: 505728K->14880K(505856K)] 804173K->324392K(1030144K), 0.0293319 secs] [Times: user=0.08 sys=0.00, real=0.03 secs] 
2021-05-20T09:05:07.687+0800: 516859.385: [GC (Allocation Failure) [PSYoungGen: 505376K->12160K(507392K)] 814888K->332504K(1031680K), 0.0260677 secs] [Times: user=0.04 sys=0.03, real=0.03 secs] 
2021-05-20T09:12:11.564+0800: 517283.262: [GC (Allocation Failure) [PSYoungGen: 502144K->13600K(506880K)] 822488K->341915K(1031168K), 0.0261706 secs] [Times: user=0.04 sys=0.04, real=0.02 secs] 
2021-05-20T09:19:20.231+0800: 517711.930: [GC (Allocation Failure) [PSYoungGen: 503584K->14496K(507392K)] 831899K->352207K(1031680K), 0.0272431 secs] [Times: user=0.08 sys=0.00, real=0.03 secs] 
2021-05-20T09:26:22.003+0800: 518133.702: [GC (Allocation Failure) [PSYoungGen: 504992K->13568K(507392K)] 842703K->362289K(1031680K), 0.0262106 secs] [Times: user=0.03 sys=0.03, real=0.02 secs] 
2021-05-20T09:33:32.260+0800: 518563.958: [GC (Allocation Failure) [PSYoungGen: 504064K->11840K(507904K)] 852785K->370155K(1032192K), 0.0282241 secs] [Times: user=0.04 sys=0.04, real=0.03 secs] 
2021-05-20T09:40:29.388+0800: 518981.086: [GC (Allocation Failure) [PSYoungGen: 503360K->13504K(507904K)] 861675K->379512K(1032192K), 0.0268072 secs] [Times: user=0.08 sys=0.00, real=0.03 secs] 
2021-05-20T09:47:34.354+0800: 519406.052: [GC (Allocation Failure) [PSYoungGen: 505024K->11616K(507904K)] 871032K->386995K(1032192K), 0.0322253 secs] [Times: user=0.07 sys=0.00, real=0.03 secs] 
2021-05-20T09:54:40.760+0800: 519832.458: [GC (Allocation Failure) [PSYoungGen: 503136K->14496K(507904K)] 878515K->397815K(1032192K), 0.0256957 secs] [Times: user=0.03 sys=0.04, real=0.03 secs] 
2021-05-20T10:01:48.155+0800: 520259.853: [GC (Allocation Failure) [PSYoungGen: 506016K->14496K(506880K)] 889335K->408168K(1031168K), 0.0321758 secs] [Times: user=0.09 sys=0.00, real=0.03 secs] 
2021-05-20T10:08:50.970+0800: 520682.668: [GC (Allocation Failure) [PSYoungGen: 504992K->13664K(507392K)] 898664K->416915K(1031680K), 0.0261769 secs] [Times: user=0.03 sys=0.04, real=0.03 secs] 
2021-05-20T10:15:56.684+0800: 521108.382: [GC (Allocation Failure) [PSYoungGen: 504160K->12032K(507904K)] 907411K->424526K(1032192K), 0.0280718 secs] [Times: user=0.05 sys=0.04, real=0.03 secs] 
2021-05-20T10:23:05.726+0800: 521537.425: [GC (Allocation Failure) [PSYoungGen: 503552K->11008K(507904K)] 916046K->432128K(1032192K), 0.0270475 secs] [Times: user=0.07 sys=0.00, real=0.03 secs] 
2021-05-20T10:30:16.324+0800: 521968.022: [GC (Allocation Failure) [PSYoungGen: 502528K->14272K(506880K)] 923648K->442981K(1031168K), 0.0304692 secs] [Times: user=0.04 sys=0.04, real=0.03 secs] 
2021-05-20T10:37:21.829+0800: 522393.527: [GC (Allocation Failure) [PSYoungGen: 504768K->15200K(507392K)] 933477K->454230K(1031680K), 0.0394493 secs] [Times: user=0.10 sys=0.00, real=0.04 secs] 
2021-05-20T10:44:25.847+0800: 522817.545: [GC (Allocation Failure) [PSYoungGen: 505696K->15200K(506368K)] 944726K->464515K(1030656K), 0.0768782 secs] [Times: user=0.09 sys=0.00, real=0.08 secs] 
2021-05-20T10:51:27.609+0800: 523239.307: [GC (Allocation Failure) [PSYoungGen: 504672K->12864K(506880K)] 953987K->472547K(1031168K), 0.0354706 secs] [Times: user=0.09 sys=0.00, real=0.04 secs] 
2021-05-20T10:58:31.845+0800: 523663.543: [GC (Allocation Failure) [PSYoungGen: 502336K->14496K(506880K)] 962019K->483094K(1031168K), 0.0299330 secs] [Times: user=0.04 sys=0.04, real=0.03 secs] 
2021-05-20T11:05:34.418+0800: 524086.116: [GC (Allocation Failure) [PSYoungGen: 503968K->14528K(506880K)] 972566K->493216K(1031168K), 0.0378795 secs] [Times: user=0.08 sys=0.00, real=0.04 secs] 
2021-05-20T11:12:44.827+0800: 524516.525: [GC (Allocation Failure) [PSYoungGen: 504000K->12160K(507392K)] 982688K->500139K(1031680K), 0.0265848 secs] [Times: user=0.04 sys=0.03, real=0.03 secs] 
2021-05-20T11:19:51.172+0800: 524942.870: [GC (Allocation Failure) [PSYoungGen: 502144K->14656K(506880K)] 990123K->511398K(1031168K), 0.0631643 secs] [Times: user=0.09 sys=0.00, real=0.07 secs] 
2021-05-20T11:26:57.721+0800: 525369.419: [GC (Allocation Failure) [PSYoungGen: 504640K->13376K(507392K)] 1001382K->520337K(1031680K), 0.0280766 secs] [Times: user=0.03 sys=0.03, real=0.03 secs] 
2021-05-20T11:34:07.351+0800: 525799.049: [GC (Allocation Failure) [PSYoungGen: 503355K->13504K(506880K)] 1010317K->529962K(1031168K), 0.0310696 secs] [Times: user=0.08 sys=0.00, real=0.04 secs] 
2021-05-20T11:34:07.382+0800: 525799.081: [Full GC (Ergonomics) [PSYoungGen: 13504K->0K(506880K)] [ParOldGen: 516458K->297248K(524288K)] 529962K->297248K(1031168K), [Metaspace: 93541K->93541K(1136640K)], 0.5106927 secs] [Times: user=1.12 sys=0.00, real=0.51 secs] 
2021-05-20T11:41:19.065+0800: 526230.763: [GC (Allocation Failure) [PSYoungGen: 489984K->13408K(507904K)] 787232K->310656K(1032192K), 0.0287209 secs] [Times: user=0.03 sys=0.04, real=0.03 secs] 
2021-05-20T11:48:26.723+0800: 526658.421: [GC (Allocation Failure) [PSYoungGen: 504416K->15776K(507392K)] 801664K->322571K(1031680K), 0.0292147 secs] [Times: user=0.08 sys=0.00, real=0.03 secs] 
2021-05-20T11:55:28.709+0800: 527080.407: [GC (Allocation Failure) [PSYoungGen: 506784K->13408K(507392K)] 813579K->329854K(1031680K), 0.0291449 secs] [Times: user=0.03 sys=0.05, real=0.03 secs] 
2021-05-20T12:02:42.327+0800: 527514.026: [GC (Allocation Failure) [PSYoungGen: 503904K->12032K(507392K)] 820350K->338544K(1031680K), 0.0238119 secs] [Times: user=0.04 sys=0.04, real=0.02 secs] 
2021-05-20T12:09:52.269+0800: 527943.967: [GC (Allocation Failure) [PSYoungGen: 502528K->14208K(507392K)] 829040K->350122K(1031680K), 0.0257448 secs] [Times: user=0.03 sys=0.03, real=0.03 secs] 
2021-05-20T12:17:05.637+0800: 528377.336: [GC (Allocation Failure) [PSYoungGen: 504704K->10080K(507392K)] 840618K->355410K(1031680K), 0.0359052 secs] [Times: user=0.08 sys=0.00, real=0.04 secs] 
2021-05-20T12:24:16.243+0800: 528807.942: [GC (Allocation Failure) [PSYoungGen: 500576K->10336K(506368K)] 845906K->362230K(1030656K), 0.0290641 secs] [Times: user=0.03 sys=0.03, real=0.03 secs] 
2021-05-20T12:31:21.832+0800: 529233.530: [GC (Allocation Failure) [PSYoungGen: 499808K->15232K(506880K)] 851702K->374355K(1031168K), 0.0423271 secs] [Times: user=0.08 sys=0.00, real=0.05 secs] 
2021-05-20T12:38:32.536+0800: 529664.234: [GC (Allocation Failure) [PSYoungGen: 504704K->11200K(506880K)] 863827K->380444K(1031168K), 0.0300791 secs] [Times: user=0.07 sys=0.00, real=0.03 secs] 
2021-05-20T12:45:45.143+0800: 530096.841: [GC (Allocation Failure) [PSYoungGen: 500672K->15296K(504832K)] 869916K->391801K(1029120K), 0.0264536 secs] [Times: user=0.07 sys=0.00, real=0.02 secs] 
2021-05-20T12:52:43.854+0800: 530515.552: [GC (Allocation Failure) [PSYoungGen: 504768K->13280K(506880K)] 881273K->399852K(1031168K), 0.0252249 secs] [Times: user=0.07 sys=0.00, real=0.02 secs] 
2021-05-20T12:59:49.411+0800: 530941.109: [GC (Allocation Failure) [PSYoungGen: 502240K->10720K(506368K)] 888812K->407669K(1030656K), 0.0263452 secs] [Times: user=0.08 sys=0.00, real=0.03 secs] 
2021-05-20T13:07:00.011+0800: 531371.709: [GC (Allocation Failure) [PSYoungGen: 499680K->15552K(505856K)] 896629K->420681K(1030144K), 0.0332772 secs] [Times: user=0.08 sys=0.00, real=0.04 secs] 
2021-05-20T13:14:07.347+0800: 531799.045: [GC (Allocation Failure) [PSYoungGen: 504000K->14208K(506368K)] 909129K->429732K(1030656K), 0.0270915 secs] [Times: user=0.07 sys=0.00, real=0.03 secs] 
2021-05-20T13:21:10.997+0800: 532222.695: [GC (Allocation Failure) [PSYoungGen: 502656K->11936K(506368K)] 918180K->436902K(1030656K), 0.0251531 secs] [Times: user=0.06 sys=0.00, real=0.03 secs] 
2021-05-20T13:28:16.795+0800: 532648.493: [GC (Allocation Failure) [PSYoungGen: 500384K->14272K(506368K)] 925350K->447956K(1030656K), 0.0302188 secs] [Times: user=0.03 sys=0.04, real=0.03 secs] 
2021-05-20T13:35:22.470+0800: 533074.168: [GC (Allocation Failure) [PSYoungGen: 502720K->12864K(506880K)] 936404K->456536K(1031168K), 0.0529515 secs] [Times: user=0.08 sys=0.00, real=0.06 secs] 
2021-05-20T13:42:31.819+0800: 533503.517: [GC (Allocation Failure) [PSYoungGen: 501824K->16128K(506368K)] 945496K->469379K(1030656K), 0.0294567 secs] [Times: user=0.08 sys=0.00, real=0.03 secs] 
2021-05-20T13:49:33.590+0800: 533925.288: [GC (Allocation Failure) [PSYoungGen: 505088K->13952K(506368K)] 958339K->476807K(1030656K), 0.0248553 secs] [Times: user=0.07 sys=0.00, real=0.03 secs] 
2021-05-20T13:56:42.330+0800: 534354.028: [GC (Allocation Failure) [PSYoungGen: 502400K->13024K(506368K)] 965255K->485761K(1030656K), 0.0311613 secs] [Times: user=0.04 sys=0.04, real=0.03 secs] 
2021-05-20T14:03:47.670+0800: 534779.368: [GC (Allocation Failure) [PSYoungGen: 501472K->11040K(506880K)] 974209K->492267K(1031168K), 0.0472319 secs] [Times: user=0.08 sys=0.00, real=0.05 secs] 
2021-05-20T14:10:55.306+0800: 535207.004: [GC (Allocation Failure) [PSYoungGen: 500512K->13696K(506880K)] 981739K->502422K(1031168K), 0.0402129 secs] [Times: user=0.09 sys=0.00, real=0.04 secs] 
2021-05-20T14:18:07.779+0800: 535639.477: [GC (Allocation Failure) [PSYoungGen: 503168K->9472K(506880K)] 991894K->507710K(1031168K), 0.0477181 secs] [Times: user=0.05 sys=0.05, real=0.05 secs] 
2021-05-20T14:25:24.345+0800: 536076.043: [GC (Allocation Failure) [PSYoungGen: 498944K->8896K(498688K)] 997182K->513737K(1022976K), 0.0257461 secs] [Times: user=0.03 sys=0.04, real=0.02 secs] 
2021-05-20T14:32:38.250+0800: 536509.948: [GC (Allocation Failure) [PSYoungGen: 498368K->12736K(506880K)] 1003209K->524205K(1031168K), 0.0310603 secs] [Times: user=0.08 sys=0.00, real=0.03 secs] 
2021-05-20T14:39:45.321+0800: 536937.019: [GC (Allocation Failure) [PSYoungGen: 501696K->15488K(506368K)] 1013165K->535801K(1030656K), 0.0323559 secs] [Times: user=0.08 sys=0.00, real=0.04 secs] 
2021-05-20T14:39:45.353+0800: 536937.052: [Full GC (Ergonomics) [PSYoungGen: 15488K->0K(506368K)] [ParOldGen: 520313K->300008K(524288K)] 535801K->300008K(1030656K), [Metaspace: 93541K->93541K(1136640K)], 0.4464309 secs] [Times: user=0.94 sys=0.00, real=0.44 secs] 
2021-05-20T14:46:56.608+0800: 537368.306: [GC (Allocation Failure) [PSYoungGen: 488960K->11904K(506368K)] 788968K->311912K(1030656K), 0.0272333 secs] [Times: user=0.06 sys=0.00, real=0.03 secs] 
2021-05-20T14:53:58.352+0800: 537790.050: [GC (Allocation Failure) [PSYoungGen: 500352K->10432K(506368K)] 800360K->319514K(1030656K), 0.0239232 secs] [Times: user=0.06 sys=0.00, real=0.03 secs] 
2021-05-20T15:01:14.073+0800: 538225.771: [GC (Allocation Failure) [PSYoungGen: 498880K->10016K(506880K)] 807962K->327341K(1031168K), 0.0243599 secs] [Times: user=0.08 sys=0.00, real=0.02 secs] 
2021-05-20T15:08:19.229+0800: 538650.927: [GC (Allocation Failure) [PSYoungGen: 499488K->11968K(506880K)] 816813K->337009K(1031168K), 0.0266194 secs] [Times: user=0.03 sys=0.04, real=0.03 secs] 
2021-05-20T15:15:29.166+0800: 539080.864: [GC (Allocation Failure) [PSYoungGen: 501440K->13504K(507392K)] 826481K->347148K(1031680K), 0.0256969 secs] [Times: user=0.08 sys=0.00, real=0.02 secs] 
2021-05-20T15:22:33.560+0800: 539505.259: [GC (Allocation Failure) [PSYoungGen: 504000K->12640K(507392K)] 837644K->355613K(1031680K), 0.0244962 secs] [Times: user=0.07 sys=0.00, real=0.03 secs] 
2021-05-20T15:29:46.199+0800: 539937.898: [GC (Allocation Failure) [PSYoungGen: 503136K->12128K(507904K)] 846109K->364631K(1032192K), 0.0309295 secs] [Times: user=0.08 sys=0.00, real=0.03 secs] 
2021-05-20T15:36:53.171+0800: 540364.869: [GC (Allocation Failure) [PSYoungGen: 503136K->11680K(507392K)] 855639K->373616K(1031680K), 0.0329084 secs] [Times: user=0.09 sys=0.00, real=0.04 secs] 
2021-05-20T15:44:01.128+0800: 540792.827: [GC (Allocation Failure) [PSYoungGen: 502688K->11232K(508416K)] 864624K->381947K(1032704K), 0.0223529 secs] [Times: user=0.04 sys=0.03, real=0.02 secs] 
2021-05-20T15:51:09.221+0800: 541220.919: [GC (Allocation Failure) [PSYoungGen: 503264K->11648K(507904K)] 873979K->391045K(1032192K), 0.0237714 secs] [Times: user=0.04 sys=0.03, real=0.03 secs] 
2021-05-20T15:58:27.103+0800: 541658.802: [GC (Allocation Failure) [PSYoungGen: 503680K->13632K(508416K)] 883077K->401281K(1032704K), 0.0282594 secs] [Times: user=0.08 sys=0.00, real=0.02 secs] 
2021-05-20T16:05:44.383+0800: 542096.082: [GC (Allocation Failure) [PSYoungGen: 506176K->10272K(508416K)] 893825K->407642K(1032704K), 0.0278895 secs] [Times: user=0.04 sys=0.04, real=0.02 secs] 
2021-05-20T16:12:51.444+0800: 542523.142: [GC (Allocation Failure) [PSYoungGen: 502816K->13408K(508416K)] 900186K->418486K(1032704K), 0.0266652 secs] [Times: user=0.08 sys=0.00, real=0.02 secs] 
2021-05-20T16:19:57.558+0800: 542949.256: [GC (Allocation Failure) [PSYoungGen: 505952K->12480K(508416K)] 911030K->427417K(1032704K), 0.0315431 secs] [Times: user=0.08 sys=0.00, real=0.03 secs] 
2021-05-20T16:27:13.605+0800: 543385.303: [GC (Allocation Failure) [PSYoungGen: 505024K->10944K(508416K)] 919961K->434099K(1032704K), 0.0237779 secs] [Times: user=0.07 sys=0.00, real=0.02 secs] 
2021-05-20T16:34:21.736+0800: 543813.435: [GC (Allocation Failure) [PSYoungGen: 503488K->13248K(508416K)] 926643K->445101K(1032704K), 0.0280314 secs] [Times: user=0.04 sys=0.04, real=0.03 secs] 
2021-05-20T16:41:32.161+0800: 544243.859: [GC (Allocation Failure) [PSYoungGen: 505792K->12320K(508928K)] 937645K->453784K(1033216K), 0.0275905 secs] [Times: user=0.04 sys=0.04, real=0.03 secs] 
2021-05-20T16:48:48.395+0800: 544680.094: [GC (Allocation Failure) [PSYoungGen: 505376K->12960K(508416K)] 946840K->464569K(1032704K), 0.0292859 secs] [Times: user=0.08 sys=0.00, real=0.03 secs] 
2021-05-20T16:56:00.427+0800: 545112.125: [GC (Allocation Failure) [PSYoungGen: 506016K->14560K(507904K)] 957625K->475757K(1032192K), 0.0287239 secs] [Times: user=0.07 sys=0.00, real=0.03 secs] 
2021-05-20T17:03:11.029+0800: 545542.728: [GC (Allocation Failure) [PSYoungGen: 507104K->14528K(507392K)] 968301K->485599K(1031680K), 0.0409246 secs] [Times: user=0.08 sys=0.00, real=0.04 secs] 
2021-05-20T17:10:20.674+0800: 545972.372: [GC (Allocation Failure) [PSYoungGen: 507072K->13184K(507904K)] 978143K->493913K(1032192K), 0.0308113 secs] [Times: user=0.04 sys=0.04, real=0.03 secs] 
2021-05-20T17:17:40.759+0800: 546412.458: [GC (Allocation Failure) [PSYoungGen: 504704K->9984K(507904K)] 985433K->499778K(1032192K), 0.0287852 secs] [Times: user=0.04 sys=0.04, real=0.03 secs] 
2021-05-20T17:24:20.054+0800: 546811.752: [GC (Allocation Failure) [PSYoungGen: 501504K->9536K(507904K)] 991298K->506405K(1032192K), 0.0316483 secs] [Times: user=0.03 sys=0.04, real=0.03 secs] 
2021-05-20T17:31:03.640+0800: 547215.338: [GC (Allocation Failure) [PSYoungGen: 501056K->6496K(498176K)] 997925K->511037K(1022464K), 0.0226336 secs] [Times: user=0.07 sys=0.00, real=0.03 secs] 
2021-05-20T17:37:30.931+0800: 547602.629: [GC (Allocation Failure) [PSYoungGen: 498016K->6784K(506368K)] 1002557K->516360K(1030656K), 0.0219999 secs] [Times: user=0.04 sys=0.03, real=0.03 secs] 
2021-05-20T17:43:54.717+0800: 547986.415: [GC (Allocation Failure) [PSYoungGen: 496256K->8800K(506880K)] 1005832K->523628K(1031168K), 0.0690648 secs] [Times: user=0.03 sys=0.03, real=0.07 secs] 
2021-05-20T17:43:54.786+0800: 547986.484: [Full GC (Ergonomics) [PSYoungGen: 8800K->0K(506880K)] [ParOldGen: 514828K->287793K(524288K)] 523628K->287793K(1031168K), [Metaspace: 93542K->93538K(1136640K)], 0.4935160 secs] [Times: user=1.01 sys=0.00, real=0.49 secs] 
2021-05-20T17:50:10.180+0800: 548361.878: [GC (Allocation Failure) [PSYoungGen: 489472K->7616K(506880K)] 777265K->295409K(1031168K), 0.0199235 secs] [Times: user=0.03 sys=0.02, real=0.02 secs] 
2021-05-20T17:56:41.254+0800: 548752.952: [GC (Allocation Failure) [PSYoungGen: 497088K->5888K(506880K)] 784881K->299708K(1031168K), 0.0175415 secs] [Times: user=0.06 sys=0.00, real=0.01 secs] 
2021-05-20T18:03:19.700+0800: 549151.398: [GC (Allocation Failure) [PSYoungGen: 495360K->10336K(507392K)] 789180K->308624K(1031680K), 0.0238562 secs] [Times: user=0.07 sys=0.00, real=0.03 secs] 
2021-05-20T18:09:49.980+0800: 549541.678: [GC (Allocation Failure) [PSYoungGen: 500320K->8224K(506880K)] 798608K->314337K(1031168K), 0.0529059 secs] [Times: user=0.03 sys=0.03, real=0.06 secs] 
2021-05-20T18:17:03.420+0800: 549975.118: [GC (Allocation Failure) [PSYoungGen: 498208K->12320K(506880K)] 804321K->324692K(1031168K), 0.0257925 secs] [Times: user=0.03 sys=0.03, real=0.03 secs] 
2021-05-20T18:24:12.300+0800: 550403.999: [GC (Allocation Failure) [PSYoungGen: 502816K->10016K(507392K)] 815188K->330893K(1031680K), 0.0495889 secs] [Times: user=0.04 sys=0.04, real=0.05 secs] 
2021-05-20T18:30:50.851+0800: 550802.549: [GC (Allocation Failure) [PSYoungGen: 500512K->12576K(507392K)] 821389K->340769K(1031680K), 0.0280926 secs] [Times: user=0.06 sys=0.00, real=0.03 secs] 
2021-05-20T18:37:21.757+0800: 551193.455: [GC (Allocation Failure) [PSYoungGen: 504096K->16352K(507904K)] 832289K->355590K(1032192K), 0.0322722 secs] [Times: user=0.05 sys=0.04, real=0.03 secs] 
2021-05-20T18:44:00.823+0800: 551592.521: [GC (Allocation Failure) [PSYoungGen: 507872K->16352K(485376K)] 847110K->369234K(1009664K), 0.0362236 secs] [Times: user=0.10 sys=0.00, real=0.03 secs] 
2021-05-20T18:49:48.624+0800: 551940.323: [GC (Allocation Failure) [PSYoungGen: 485344K->18624K(487936K)] 838226K->383024K(1012224K), 0.0307202 secs] [Times: user=0.09 sys=0.00, real=0.03 secs] 
2021-05-20T18:55:33.133+0800: 552284.831: [GC (Allocation Failure) [PSYoungGen: 487613K->21472K(494080K)] 852013K->397053K(1018368K), 0.0334013 secs] [Times: user=0.05 sys=0.04, real=0.03 secs] 
2021-05-20T19:01:18.891+0800: 552630.589: [GC (Allocation Failure) [PSYoungGen: 487392K->20480K(486912K)] 862973K->406684K(1011200K), 0.0395666 secs] [Times: user=0.04 sys=0.05, real=0.04 secs] 
2021-05-20T19:07:03.852+0800: 552975.550: [GC (Allocation Failure) [PSYoungGen: 486400K->21504K(493056K)] 872604K->419953K(1017344K), 0.0359535 secs] [Times: user=0.04 sys=0.05, real=0.04 secs] 
2021-05-20T19:12:43.128+0800: 553314.827: [GC (Allocation Failure) [PSYoungGen: 484352K->22016K(485376K)] 882801K->432470K(1009664K), 0.0384969 secs] [Times: user=0.05 sys=0.05, real=0.04 secs] 
2021-05-20T19:18:22.427+0800: 553654.125: [GC (Allocation Failure) [PSYoungGen: 484864K->20562K(493056K)] 895318K->442549K(1017344K), 0.0336896 secs] [Times: user=0.08 sys=0.00, real=0.03 secs] 
2021-05-20T19:24:00.127+0800: 553991.825: [GC (Allocation Failure) [PSYoungGen: 481874K->19040K(492544K)] 903861K->452515K(1016832K), 0.0644929 secs] [Times: user=0.07 sys=0.07, real=0.06 secs] 
2021-05-20T19:29:33.570+0800: 554325.268: [GC (Allocation Failure) [PSYoungGen: 480352K->23040K(491520K)] 913827K->468105K(1015808K), 0.0434957 secs] [Times: user=0.11 sys=0.00, real=0.05 secs] 
2021-05-20T19:35:14.908+0800: 554666.606: [GC (Allocation Failure) [PSYoungGen: 483840K->18688K(492544K)] 928905K->476686K(1016832K), 0.0355904 secs] [Times: user=0.09 sys=0.00, real=0.04 secs] 
2021-05-20T19:40:55.611+0800: 555007.310: [GC (Allocation Failure) [PSYoungGen: 479488K->21504K(493568K)] 937486K->490628K(1017856K), 0.0372015 secs] [Times: user=0.05 sys=0.05, real=0.04 secs] 
2021-05-20T19:46:35.368+0800: 555347.066: [GC (Allocation Failure) [PSYoungGen: 484352K->21824K(493568K)] 953476K->502616K(1017856K), 0.0621921 secs] [Times: user=0.05 sys=0.04, real=0.06 secs] 
2021-05-20T19:52:19.669+0800: 555691.367: [GC (Allocation Failure) [PSYoungGen: 484672K->20704K(494080K)] 965464K->512318K(1018368K), 0.0385911 secs] [Times: user=0.10 sys=0.00, real=0.04 secs] 
2021-05-20T19:58:01.415+0800: 556033.114: [GC (Allocation Failure) [PSYoungGen: 484064K->20480K(493568K)] 975678K->522355K(1017856K), 0.0405569 secs] [Times: user=0.09 sys=0.00, real=0.04 secs] 
2021-05-20T20:03:36.690+0800: 556368.389: [GC (Allocation Failure) [PSYoungGen: 483840K->17824K(495616K)] 985715K->530392K(1019904K), 0.0922249 secs] [Times: user=0.09 sys=0.00, real=0.10 secs] 
2021-05-20T20:03:36.783+0800: 556368.481: [Full GC (Ergonomics) [PSYoungGen: 17824K->0K(495616K)] [ParOldGen: 512568K->307458K(524288K)] 530392K->307458K(1019904K), [Metaspace: 93545K->93545K(1136640K)], 0.5046665 secs] [Times: user=1.05 sys=0.00, real=0.50 secs] 
2021-05-20T20:09:16.768+0800: 556708.467: [GC (Allocation Failure) [PSYoungGen: 465920K->21792K(494592K)] 773378K->329250K(1018880K), 0.0753350 secs] [Times: user=0.05 sys=0.04, real=0.08 secs] 
2021-05-20T20:14:57.817+0800: 557049.516: [GC (Allocation Failure) [PSYoungGen: 487707K->19776K(496128K)] 795166K->340046K(1020416K), 0.0379453 secs] [Times: user=0.09 sys=0.00, real=0.04 secs] 
2021-05-20T20:20:29.231+0800: 557380.929: [GC (Allocation Failure) [PSYoungGen: 486720K->17376K(495104K)] 806990K->350280K(1019392K), 0.0386436 secs] [Times: user=0.14 sys=0.00, real=0.04 secs] 
2021-05-20T20:25:38.621+0800: 557690.319: [GC (Allocation Failure) [PSYoungGen: 484320K->19264K(497152K)] 817224K->362770K(1021440K), 0.0334319 secs] [Times: user=0.04 sys=0.04, real=0.04 secs] 
2021-05-20T20:31:22.764+0800: 558034.462: [GC (Allocation Failure) [PSYoungGen: 488768K->19104K(496640K)] 832274K->373921K(1020928K), 0.0630001 secs] [Times: user=0.04 sys=0.05, real=0.06 secs] 
2021-05-20T20:37:06.752+0800: 558378.450: [GC (Allocation Failure) [PSYoungGen: 488608K->21216K(498176K)] 843425K->386957K(1022464K), 0.0345679 secs] [Times: user=0.08 sys=0.00, real=0.04 secs] 
2021-05-20T20:42:58.764+0800: 558730.462: [GC (Allocation Failure) [PSYoungGen: 493280K->15360K(498176K)] 859021K->392952K(1022464K), 0.0391653 secs] [Times: user=0.08 sys=0.00, real=0.04 secs] 
2021-05-20T20:49:05.792+0800: 559097.491: [GC (Allocation Failure) [PSYoungGen: 487424K->14720K(498176K)] 865016K->402628K(1022464K), 0.0736035 secs] [Times: user=0.08 sys=0.00, real=0.07 secs] 
2021-05-20T20:56:04.268+0800: 559515.966: [GC (Allocation Failure) [PSYoungGen: 486784K->10304K(482816K)] 874692K->408799K(1007104K), 0.1402336 secs] [Times: user=0.05 sys=0.05, real=0.14 secs] 
2021-05-20T21:02:52.187+0800: 559923.886: [GC (Allocation Failure) [PSYoungGen: 482365K->12896K(497664K)] 880861K->419019K(1021952K), 0.0616003 secs] [Times: user=0.08 sys=0.00, real=0.06 secs] 
2021-05-20T21:09:14.380+0800: 560306.079: [GC (Allocation Failure) [PSYoungGen: 483424K->17088K(497152K)] 889547K->432750K(1021440K), 0.0593029 secs] [Times: user=0.08 sys=0.00, real=0.06 secs] 
2021-05-20T21:16:45.831+0800: 560757.529: [GC (Allocation Failure) [PSYoungGen: 487616K->10560K(498176K)] 903278K->438677K(1022464K), 0.0293559 secs] [Times: user=0.04 sys=0.04, real=0.03 secs] 
2021-05-20T21:24:33.690+0800: 561225.388: [GC (Allocation Failure) [PSYoungGen: 482624K->9088K(481280K)] 910741K->445159K(1005568K), 0.0602609 secs] [Times: user=0.07 sys=0.00, real=0.06 secs] 
2021-05-20T21:31:43.465+0800: 561655.163: [GC (Allocation Failure) [PSYoungGen: 481152K->15936K(498688K)] 917223K->458700K(1022976K), 0.1423408 secs] [Times: user=0.03 sys=0.03, real=0.14 secs] 
2021-05-20T21:38:23.958+0800: 562055.656: [GC (Allocation Failure) [PSYoungGen: 488000K->17952K(497664K)] 930764K->471809K(1021952K), 0.0292789 secs] [Times: user=0.08 sys=0.00, real=0.03 secs] 
2021-05-20T21:44:33.688+0800: 562425.386: [GC (Allocation Failure) [PSYoungGen: 490016K->21632K(496640K)] 943873K->486182K(1020928K), 0.0850776 secs] [Times: user=0.11 sys=0.00, real=0.09 secs] 
2021-05-20T21:50:47.631+0800: 562799.330: [GC (Allocation Failure) [PSYoungGen: 492672K->9344K(497664K)] 957222K->486333K(1021952K), 0.0343018 secs] [Times: user=0.08 sys=0.00, real=0.04 secs] 
2021-05-20T21:57:02.021+0800: 563173.719: [GC (Allocation Failure) [PSYoungGen: 480384K->6400K(496640K)] 957373K->491174K(1020928K), 0.0256776 secs] [Times: user=0.07 sys=0.00, real=0.03 secs] 
2021-05-20T22:02:59.013+0800: 563530.711: [GC (Allocation Failure) [PSYoungGen: 476416K->3712K(474112K)] 961190K->493504K(998400K), 0.0280381 secs] [Times: user=0.08 sys=0.00, real=0.02 secs] 
2021-05-20T22:08:59.080+0800: 563890.778: [GC (Allocation Failure) [PSYoungGen: 473728K->7904K(496640K)] 963520K->499919K(1020928K), 0.0259912 secs] [Times: user=0.08 sys=0.00, real=0.03 secs] 
2021-05-20T22:15:08.303+0800: 564260.001: [GC (Allocation Failure) [PSYoungGen: 476384K->2560K(496128K)] 968399K->500368K(1020416K), 0.0235220 secs] [Times: user=0.06 sys=0.00, real=0.02 secs] 
2021-05-20T22:21:10.490+0800: 564622.189: [GC (Allocation Failure) [PSYoungGen: 471040K->5312K(496640K)] 968848K->503944K(1020928K), 0.0245509 secs] [Times: user=0.03 sys=0.04, real=0.03 secs] 
2021-05-20T22:27:14.345+0800: 564986.043: [GC (Allocation Failure) [PSYoungGen: 473792K->10848K(496128K)] 972424K->513294K(1020416K), 0.0238950 secs] [Times: user=0.07 sys=0.00, real=0.02 secs] 
2021-05-20T22:33:12.170+0800: 565343.868: [GC (Allocation Failure) [PSYoungGen: 479328K->11776K(499712K)] 981774K->522282K(1024000K), 0.0252130 secs] [Times: user=0.04 sys=0.04, real=0.03 secs] 
2021-05-20T22:33:12.195+0800: 565343.894: [Full GC (Ergonomics) [PSYoungGen: 11776K->0K(499712K)] [ParOldGen: 510506K->284849K(524288K)] 522282K->284849K(1024000K), [Metaspace: 94538K->94528K(1136640K)], 0.4878391 secs] [Times: user=1.09 sys=0.00, real=0.49 secs] 
2021-05-20T22:39:15.987+0800: 565707.686: [GC (Allocation Failure) [PSYoungGen: 473600K->11680K(498176K)] 758449K->296529K(1022464K), 0.0234948 secs] [Times: user=0.03 sys=0.04, real=0.02 secs] 
2021-05-20T22:45:24.681+0800: 566076.380: [GC (Allocation Failure) [PSYoungGen: 485280K->4800K(500736K)] 770129K->298136K(1025024K), 0.0370429 secs] [Times: user=0.03 sys=0.03, real=0.04 secs] 
2021-05-20T22:51:32.975+0800: 566444.674: [GC (Allocation Failure) [PSYoungGen: 481984K->10144K(500736K)] 775320K->306725K(1025024K), 0.0268659 secs] [Times: user=0.04 sys=0.03, real=0.03 secs] 
2021-05-20T22:57:44.115+0800: 566815.813: [GC (Allocation Failure) [PSYoungGen: 487328K->8480K(502784K)] 783909K->312520K(1027072K), 0.0919784 secs] [Times: user=0.07 sys=0.00, real=0.09 secs] 
2021-05-20T23:03:50.034+0800: 567181.732: [GC (Allocation Failure) [PSYoungGen: 488736K->5984K(501760K)] 792776K->315953K(1026048K), 0.0216153 secs] [Times: user=0.03 sys=0.03, real=0.02 secs] 
2021-05-20T23:10:01.586+0800: 567553.284: [GC (Allocation Failure) [PSYoungGen: 486233K->5600K(503296K)] 796202K->319926K(1027584K), 0.0213303 secs] [Times: user=0.06 sys=0.00, real=0.02 secs] 
2021-05-20T23:16:14.271+0800: 567925.969: [GC (Allocation Failure) [PSYoungGen: 487392K->10176K(502784K)] 801718K->328172K(1027072K), 0.0236711 secs] [Times: user=0.03 sys=0.03, real=0.03 secs] 
2021-05-20T23:22:25.238+0800: 568296.936: [GC (Allocation Failure) [PSYoungGen: 491968K->6624K(504832K)] 809964K->333502K(1029120K), 0.0232982 secs] [Times: user=0.07 sys=0.00, real=0.02 secs] 
2021-05-20T23:28:37.981+0800: 568669.679: [GC (Allocation Failure) [PSYoungGen: 491488K->11008K(504320K)] 818366K->342763K(1028608K), 0.0239029 secs] [Times: user=0.06 sys=0.00, real=0.03 secs] 
2021-05-20T23:34:52.900+0800: 569044.598: [GC (Allocation Failure) [PSYoungGen: 495872K->9536K(505856K)] 827627K->349173K(1030144K), 0.0268675 secs] [Times: user=0.07 sys=0.00, real=0.03 secs] 
2021-05-20T23:41:05.567+0800: 569417.265: [GC (Allocation Failure) [PSYoungGen: 496448K->8672K(505344K)] 836085K->355678K(1029632K), 0.0298607 secs] [Times: user=0.08 sys=0.00, real=0.03 secs] 
2021-05-20T23:47:20.671+0800: 569792.370: [GC (Allocation Failure) [PSYoungGen: 495584K->8192K(507392K)] 842590K->362464K(1031680K), 0.0252111 secs] [Times: user=0.08 sys=0.00, real=0.03 secs] 
2021-05-20T23:53:45.314+0800: 570177.012: [GC (Allocation Failure) [PSYoungGen: 498176K->4096K(506880K)] 852448K->365170K(1031168K), 0.0203028 secs] [Times: user=0.07 sys=0.00, real=0.02 secs] 
2021-05-21T00:00:01.314+0800: 570553.012: [GC (Allocation Failure) [PSYoungGen: 494080K->5376K(507392K)] 855154K->369080K(1031680K), 0.0286099 secs] [Times: user=0.03 sys=0.03, real=0.03 secs] 
2021-05-21T00:06:06.969+0800: 570918.667: [GC (Allocation Failure) [PSYoungGen: 495872K->8192K(507392K)] 859576K->375621K(1031680K), 0.0273707 secs] [Times: user=0.04 sys=0.04, real=0.03 secs] 
2021-05-21T00:12:14.098+0800: 571285.797: [GC (Allocation Failure) [PSYoungGen: 498688K->12608K(506368K)] 866117K->385938K(1030656K), 0.0462513 secs] [Times: user=0.10 sys=0.00, real=0.05 secs] 
2021-05-21T00:18:23.579+0800: 571655.277: [GC (Allocation Failure) [PSYoungGen: 503104K->12096K(502784K)] 876434K->394419K(1027072K), 0.0342365 secs] [Times: user=0.04 sys=0.04, real=0.04 secs] 
2021-05-21T00:24:40.160+0800: 572031.858: [GC (Allocation Failure) [PSYoungGen: 502592K->4032K(506880K)] 884915K->395488K(1031168K), 0.0289809 secs] [Times: user=0.03 sys=0.03, real=0.03 secs] 
2021-05-21T00:31:00.778+0800: 572412.477: [GC (Allocation Failure) [PSYoungGen: 493504K->3104K(506880K)] 884960K->397110K(1031168K), 0.0259009 secs] [Times: user=0.07 sys=0.00, real=0.03 secs] 
2021-05-21T00:37:16.349+0800: 572788.047: [GC (Allocation Failure) [PSYoungGen: 492576K->6848K(507392K)] 886582K->402382K(1031680K), 0.0280203 secs] [Times: user=0.03 sys=0.05, real=0.03 secs] 
2021-05-21T00:43:38.054+0800: 573169.752: [GC (Allocation Failure) [PSYoungGen: 496828K->3136K(506880K)] 892362K->403976K(1031168K), 0.0224987 secs] [Times: user=0.03 sys=0.04, real=0.02 secs] 
2021-05-21T00:49:59.406+0800: 573551.104: [GC (Allocation Failure) [PSYoungGen: 493120K->6560K(508416K)] 893960K->408936K(1032704K), 0.0213721 secs] [Times: user=0.03 sys=0.03, real=0.02 secs] 
2021-05-21T00:56:19.298+0800: 573930.997: [GC (Allocation Failure) [PSYoungGen: 498080K->3168K(507392K)] 900456K->410834K(1031680K), 0.0255999 secs] [Times: user=0.04 sys=0.04, real=0.03 secs] 
2021-05-21T01:02:39.838+0800: 574311.537: [GC (Allocation Failure) [PSYoungGen: 494688K->6848K(509440K)] 902354K->416065K(1033728K), 0.0238567 secs] [Times: user=0.06 sys=0.00, real=0.03 secs] 
2021-05-21T01:08:58.042+0800: 574689.741: [GC (Allocation Failure) [PSYoungGen: 500416K->11200K(508416K)] 909633K->424543K(1032704K), 0.0245025 secs] [Times: user=0.07 sys=0.00, real=0.02 secs] 
2021-05-21T01:15:24.114+0800: 575075.812: [GC (Allocation Failure) [PSYoungGen: 504768K->9280K(508416K)] 918111K->429970K(1032704K), 0.0236568 secs] [Times: user=0.04 sys=0.04, real=0.02 secs] 
2021-05-21T01:21:39.069+0800: 575450.767: [GC (Allocation Failure) [PSYoungGen: 501824K->8658K(508416K)] 922514K->435887K(1032704K), 0.0287165 secs] [Times: user=0.08 sys=0.00, real=0.03 secs] 
2021-05-21T01:27:50.500+0800: 575822.198: [GC (Allocation Failure) [PSYoungGen: 501202K->10720K(507904K)] 928431K->444705K(1032192K), 0.0241780 secs] [Times: user=0.07 sys=0.00, real=0.03 secs] 
2021-05-21T01:34:17.714+0800: 576209.413: [GC (Allocation Failure) [PSYoungGen: 503264K->10016K(508416K)] 937249K->452115K(1032704K), 0.0245650 secs] [Times: user=0.03 sys=0.04, real=0.02 secs] 
2021-05-21T01:40:34.394+0800: 576586.092: [GC (Allocation Failure) [PSYoungGen: 502560K->10496K(508416K)] 944659K->460358K(1032704K), 0.0268727 secs] [Times: user=0.08 sys=0.00, real=0.02 secs] 
2021-05-21T01:46:46.824+0800: 576958.522: [GC (Allocation Failure) [PSYoungGen: 503040K->15840K(508416K)] 952902K->474507K(1032704K), 0.0287323 secs] [Times: user=0.07 sys=0.00, real=0.03 secs] 
2021-05-21T01:52:57.080+0800: 577328.779: [GC (Allocation Failure) [PSYoungGen: 508384K->13120K(498176K)] 967051K->482413K(1022464K), 0.0252308 secs] [Times: user=0.07 sys=0.00, real=0.03 secs] 
2021-05-21T01:58:55.339+0800: 577687.037: [GC (Allocation Failure) [PSYoungGen: 495424K->16256K(498688K)] 964717K->494754K(1022976K), 0.0264740 secs] [Times: user=0.04 sys=0.03, real=0.03 secs] 
2021-05-21T02:04:58.704+0800: 578050.402: [GC (Allocation Failure) [PSYoungGen: 498560K->11104K(502784K)] 977058K->501195K(1027072K), 0.0260868 secs] [Times: user=0.04 sys=0.04, real=0.02 secs] 
2021-05-21T02:11:02.472+0800: 578414.170: [GC (Allocation Failure) [PSYoungGen: 491360K->7520K(501760K)] 981451K->505988K(1026048K), 0.0279822 secs] [Times: user=0.03 sys=0.05, real=0.03 secs] 
2021-05-21T02:17:11.892+0800: 578783.591: [GC (Allocation Failure) [PSYoungGen: 487776K->6816K(503808K)] 986244K->510558K(1028096K), 0.0232089 secs] [Times: user=0.07 sys=0.00, real=0.02 secs] 
2021-05-21T02:23:22.218+0800: 579153.916: [GC (Allocation Failure) [PSYoungGen: 489632K->8352K(503296K)] 993374K->517025K(1027584K), 0.1014656 secs] [Times: user=0.09 sys=0.00, real=0.10 secs] 
2021-05-21T02:29:33.828+0800: 579525.526: [GC (Allocation Failure) [PSYoungGen: 491168K->10048K(505344K)] 999841K->525492K(1029632K), 0.0275332 secs] [Times: user=0.05 sys=0.05, real=0.03 secs] 
2021-05-21T02:29:33.856+0800: 579525.554: [Full GC (Ergonomics) [PSYoungGen: 10048K->0K(505344K)] [ParOldGen: 515444K->292212K(524288K)] 525492K->292212K(1029632K), [Metaspace: 94536K->94536K(1136640K)], 0.4902005 secs] [Times: user=1.13 sys=0.00, real=0.49 secs] 
2021-05-21T02:35:47.516+0800: 579899.214: [GC (Allocation Failure) [PSYoungGen: 485376K->7328K(504320K)] 777588K->299540K(1028608K), 0.0252850 secs] [Times: user=0.03 sys=0.03, real=0.02 secs] 
2021-05-21T02:41:53.344+0800: 580265.042: [GC (Allocation Failure) [PSYoungGen: 492704K->11200K(506368K)] 784916K->309148K(1030656K), 0.0303331 secs] [Times: user=0.04 sys=0.04, real=0.03 secs] 
2021-05-21T02:47:57.740+0800: 580629.438: [GC (Allocation Failure) [PSYoungGen: 499136K->9152K(505856K)] 797084K->315589K(1030144K), 0.0228189 secs] [Times: user=0.03 sys=0.03, real=0.03 secs] 
2021-05-21T02:54:13.258+0800: 581004.956: [GC (Allocation Failure) [PSYoungGen: 497088K->3360K(505856K)] 803525K->317644K(1030144K), 0.0221717 secs] [Times: user=0.06 sys=0.00, real=0.02 secs] 
2021-05-21T03:00:27.825+0800: 581379.524: [GC (Allocation Failure) [PSYoungGen: 491808K->5152K(506368K)] 806092K->321283K(1030656K), 0.0198208 secs] [Times: user=0.03 sys=0.02, real=0.02 secs] 
2021-05-21T03:06:43.049+0800: 581754.747: [GC (Allocation Failure) [PSYoungGen: 493600K->12416K(506368K)] 809731K->332201K(1030656K), 0.0286529 secs] [Times: user=0.07 sys=0.00, real=0.03 secs] 
2021-05-21T03:12:55.600+0800: 582127.298: [GC (Allocation Failure) [PSYoungGen: 500864K->10624K(506368K)] 820649K->339867K(1030656K), 0.0258353 secs] [Times: user=0.03 sys=0.04, real=0.03 secs] 
2021-05-21T03:19:03.012+0800: 582494.711: [GC (Allocation Failure) [PSYoungGen: 499072K->10656K(506880K)] 828315K->347478K(1031168K), 0.0382408 secs] [Times: user=0.07 sys=0.00, real=0.03 secs] 
2021-05-21T03:25:14.698+0800: 582866.396: [GC (Allocation Failure) [PSYoungGen: 499616K->12352K(506368K)] 836438K->357904K(1030656K), 0.0255525 secs] [Times: user=0.03 sys=0.04, real=0.03 secs] 
2021-05-21T03:31:35.682+0800: 583247.380: [GC (Allocation Failure) [PSYoungGen: 501312K->5792K(506368K)] 846864K->360343K(1030656K), 0.0256356 secs] [Times: user=0.07 sys=0.00, real=0.02 secs] 
2021-05-21T03:37:48.992+0800: 583620.690: [GC (Allocation Failure) [PSYoungGen: 494240K->6720K(506368K)] 848791K->365467K(1030656K), 0.0408450 secs] [Times: user=0.07 sys=0.00, real=0.05 secs] 
2021-05-21T03:43:57.689+0800: 583989.387: [GC (Allocation Failure) [PSYoungGen: 495168K->9536K(507392K)] 853915K->373193K(1031680K), 0.0237712 secs] [Times: user=0.04 sys=0.04, real=0.03 secs] 
2021-05-21T03:50:13.657+0800: 584365.355: [GC (Allocation Failure) [PSYoungGen: 499520K->8160K(506880K)] 863177K->378842K(1031168K), 0.0240649 secs] [Times: user=0.04 sys=0.03, real=0.02 secs] 
2021-05-21T03:56:30.144+0800: 584741.843: [GC (Allocation Failure) [PSYoungGen: 498144K->8256K(508928K)] 868826K->385172K(1033216K), 0.0252804 secs] [Times: user=0.03 sys=0.04, real=0.02 secs] 
2021-05-21T04:02:49.782+0800: 585121.481: [GC (Allocation Failure) [PSYoungGen: 500800K->10560K(507904K)] 877716K->393960K(1032192K), 0.0287327 secs] [Times: user=0.09 sys=0.00, real=0.02 secs] 
2021-05-21T04:09:08.879+0800: 585500.577: [GC (Allocation Failure) [PSYoungGen: 503104K->11808K(507904K)] 886504K->403260K(1032192K), 0.0250889 secs] [Times: user=0.08 sys=0.00, real=0.03 secs] 
2021-05-21T04:15:33.998+0800: 585885.696: [GC (Allocation Failure) [PSYoungGen: 504352K->7680K(508416K)] 895804K->408219K(1032704K), 0.0245243 secs] [Times: user=0.07 sys=0.00, real=0.03 secs] 
2021-05-21T04:21:52.586+0800: 586264.284: [GC (Allocation Failure) [PSYoungGen: 500224K->11008K(507904K)] 900763K->417336K(1032192K), 0.0327689 secs] [Times: user=0.08 sys=0.00, real=0.03 secs] 
2021-05-21T04:28:13.382+0800: 586645.080: [GC (Allocation Failure) [PSYoungGen: 503552K->8128K(508416K)] 909880K->422761K(1032704K), 0.0230473 secs] [Times: user=0.03 sys=0.03, real=0.03 secs] 
2021-05-21T04:34:27.411+0800: 587019.109: [GC (Allocation Failure) [PSYoungGen: 500672K->13280K(506880K)] 915305K->433910K(1031168K), 0.0292831 secs] [Times: user=0.03 sys=0.04, real=0.03 secs] 
2021-05-21T04:40:39.905+0800: 587391.604: [GC (Allocation Failure) [PSYoungGen: 504800K->12256K(507904K)] 925430K->441769K(1032192K), 0.0284213 secs] [Times: user=0.04 sys=0.04, real=0.03 secs] 
2021-05-21T04:46:58.641+0800: 587770.339: [GC (Allocation Failure) [PSYoungGen: 503776K->6176K(507904K)] 933289K->444944K(1032192K), 0.0265469 secs] [Times: user=0.04 sys=0.04, real=0.03 secs] 
2021-05-21T04:53:24.335+0800: 588156.033: [GC (Allocation Failure) [PSYoungGen: 497696K->8992K(507904K)] 936464K->451717K(1032192K), 0.0766544 secs] [Times: user=0.03 sys=0.03, real=0.07 secs] 
2021-05-21T04:59:37.334+0800: 588529.032: [GC (Allocation Failure) [PSYoungGen: 500512K->10080K(508928K)] 943237K->459144K(1033216K), 0.0237812 secs] [Times: user=0.07 sys=0.00, real=0.02 secs] 
2021-05-21T05:05:49.613+0800: 588901.311: [GC (Allocation Failure) [PSYoungGen: 503136K->8672K(508416K)] 952200K->465730K(1032704K), 0.0470304 secs] [Times: user=0.03 sys=0.04, real=0.04 secs] 
2021-05-21T05:11:28.581+0800: 589240.279: [GC (Allocation Failure) [PSYoungGen: 501728K->15328K(500736K)] 958786K->479517K(1025024K), 0.0311537 secs] [Times: user=0.09 sys=0.00, real=0.04 secs] 
2021-05-21T05:17:01.898+0800: 589573.597: [GC (Allocation Failure) [PSYoungGen: 500704K->12672K(504832K)] 964893K->490064K(1029120K), 0.0733163 secs] [Times: user=0.04 sys=0.04, real=0.07 secs] 
2021-05-21T05:22:42.112+0800: 589913.810: [GC (Allocation Failure) [PSYoungGen: 498048K->11264K(505856K)] 975440K->498656K(1030144K), 0.0221449 secs] [Times: user=0.07 sys=0.00, real=0.03 secs] 
2021-05-21T05:28:19.263+0800: 590250.961: [GC (Allocation Failure) [PSYoungGen: 497664K->9216K(504832K)] 985056K->506800K(1029120K), 0.0315882 secs] [Times: user=0.05 sys=0.05, real=0.03 secs] 
2021-05-21T05:33:54.490+0800: 590586.188: [GC (Allocation Failure) [PSYoungGen: 495616K->12608K(506368K)] 993200K->517816K(1030656K), 0.0290080 secs] [Times: user=0.09 sys=0.00, real=0.03 secs] 
2021-05-21T05:39:42.216+0800: 590933.914: [GC (Allocation Failure) [PSYoungGen: 501056K->12384K(506368K)] 1006264K->527913K(1030656K), 0.0344113 secs] [Times: user=0.10 sys=0.00, real=0.03 secs] 
2021-05-21T05:39:42.251+0800: 590933.949: [Full GC (Ergonomics) [PSYoungGen: 12384K->0K(506368K)] [ParOldGen: 515529K->293610K(524288K)] 527913K->293610K(1030656K), [Metaspace: 94569K->94566K(1136640K)], 0.5147195 secs] [Times: user=1.15 sys=0.00, real=0.52 secs] 
2021-05-21T05:45:25.488+0800: 591277.186: [GC (Allocation Failure) [PSYoungGen: 488448K->13792K(505344K)] 782058K->307402K(1029632K), 0.0279909 secs] [Times: user=0.07 sys=0.00, real=0.03 secs] 
2021-05-21T05:51:10.256+0800: 591621.954: [GC (Allocation Failure) [PSYoungGen: 501216K->11488K(505856K)] 794826K->315740K(1030144K), 0.0282300 secs] [Times: user=0.03 sys=0.04, real=0.03 secs] 
2021-05-21T05:56:47.375+0800: 591959.073: [GC (Allocation Failure) [PSYoungGen: 498912K->6848K(505856K)] 803164K->319811K(1030144K), 0.0471108 secs] [Times: user=0.08 sys=0.00, real=0.05 secs] 
2021-05-21T06:02:27.801+0800: 592299.499: [GC (Allocation Failure) [PSYoungGen: 495296K->15040K(503808K)] 808259K->333306K(1028096K), 0.0397391 secs] [Times: user=0.09 sys=0.00, real=0.04 secs] 
2021-05-21T06:08:12.762+0800: 592644.460: [GC (Allocation Failure) [PSYoungGen: 503488K->9024K(505856K)] 821754K->338162K(1030144K), 0.0260889 secs] [Times: user=0.08 sys=0.00, real=0.03 secs] 
2021-05-21T06:14:01.732+0800: 592993.430: [GC (Allocation Failure) [PSYoungGen: 496448K->6336K(505856K)] 825586K->342740K(1030144K), 0.0201931 secs] [Times: user=0.03 sys=0.04, real=0.03 secs] 
2021-05-21T06:19:47.290+0800: 593338.988: [GC (Allocation Failure) [PSYoungGen: 493760K->10848K(506368K)] 830164K->352105K(1030656K), 0.0254119 secs] [Times: user=0.03 sys=0.04, real=0.03 secs] 
2021-05-21T06:25:37.709+0800: 593689.407: [GC (Allocation Failure) [PSYoungGen: 498784K->10272K(505856K)] 840041K->359669K(1030144K), 0.0251069 secs] [Times: user=0.08 sys=0.00, real=0.03 secs] 
2021-05-21T06:31:22.047+0800: 594033.745: [GC (Allocation Failure) [PSYoungGen: 498208K->10464K(507904K)] 847605K->368831K(1032192K), 0.0303517 secs] [Times: user=0.09 sys=0.00, real=0.03 secs] 
2021-05-21T06:37:16.095+0800: 594387.793: [GC (Allocation Failure) [PSYoungGen: 500960K->5856K(506880K)] 859327K->372696K(1031168K), 0.0268617 secs] [Times: user=0.08 sys=0.00, real=0.02 secs] 
2021-05-21T06:43:04.673+0800: 594736.371: [GC (Allocation Failure) [PSYoungGen: 496352K->8768K(507904K)] 863192K->379502K(1032192K), 0.0229959 secs] [Times: user=0.03 sys=0.04, real=0.02 secs] 
2021-05-21T06:48:51.773+0800: 595083.471: [GC (Allocation Failure) [PSYoungGen: 499776K->9600K(507392K)] 870510K->387601K(1031680K), 0.0276500 secs] [Times: user=0.08 sys=0.00, real=0.02 secs] 
2021-05-21T06:54:37.633+0800: 595429.331: [GC (Allocation Failure) [PSYoungGen: 500608K->7872K(508416K)] 878609K->393691K(1032704K), 0.0279183 secs] [Times: user=0.08 sys=0.00, real=0.02 secs] 
2021-05-21T07:00:33.401+0800: 595785.099: [GC (Allocation Failure) [PSYoungGen: 500416K->8544K(508416K)] 886235K->400208K(1032704K), 0.0225392 secs] [Times: user=0.07 sys=0.00, real=0.03 secs] 
2021-05-21T07:06:23.787+0800: 596135.485: [GC (Allocation Failure) [PSYoungGen: 501088K->8832K(509440K)] 892752K->407233K(1033728K), 0.0241932 secs] [Times: user=0.08 sys=0.00, real=0.02 secs] 
2021-05-21T07:12:19.264+0800: 596490.963: [GC (Allocation Failure) [PSYoungGen: 502912K->5888K(508928K)] 901313K->411947K(1033216K), 0.0253610 secs] [Times: user=0.04 sys=0.03, real=0.02 secs] 
2021-05-21T07:18:04.303+0800: 596836.001: [GC (Allocation Failure) [PSYoungGen: 499968K->11154K(508416K)] 906027K->421381K(1032704K), 0.0240033 secs] [Times: user=0.07 sys=0.00, real=0.02 secs] 
2021-05-21T07:23:58.315+0800: 597190.013: [GC (Allocation Failure) [PSYoungGen: 504722K->7232K(508928K)] 914949K->427069K(1033216K), 0.0243535 secs] [Times: user=0.07 sys=0.00, real=0.02 secs] 
2021-05-21T07:29:49.139+0800: 597540.837: [GC (Allocation Failure) [PSYoungGen: 500800K->9920K(509440K)] 920637K->434915K(1033728K), 0.0269091 secs] [Times: user=0.08 sys=0.00, real=0.03 secs] 
2021-05-21T07:35:39.345+0800: 597891.043: [GC (Allocation Failure) [PSYoungGen: 504512K->5856K(509440K)] 929507K->438267K(1033728K), 0.0221676 secs] [Times: user=0.07 sys=0.00, real=0.02 secs] 
2021-05-21T07:41:34.803+0800: 598246.501: [GC (Allocation Failure) [PSYoungGen: 500448K->11328K(509440K)] 932859K->447985K(1033728K), 0.0280710 secs] [Times: user=0.08 sys=0.00, real=0.02 secs] 
2021-05-21T07:47:15.499+0800: 598587.197: [GC (Allocation Failure) [PSYoungGen: 505920K->14112K(508928K)] 942577K->459389K(1033216K), 0.0315056 secs] [Times: user=0.08 sys=0.00, real=0.03 secs] 
2021-05-21T07:53:13.728+0800: 598945.426: [GC (Allocation Failure) [PSYoungGen: 508704K->4704K(506880K)] 953981K->461265K(1031168K), 0.0322058 secs] [Times: user=0.09 sys=0.00, real=0.03 secs] 
2021-05-21T07:59:04.748+0800: 599296.446: [GC (Allocation Failure) [PSYoungGen: 496224K->3424K(495104K)] 952785K->463151K(1019392K), 0.0210779 secs] [Times: user=0.03 sys=0.04, real=0.02 secs] 
2021-05-21T08:04:56.281+0800: 599647.979: [GC (Allocation Failure) [PSYoungGen: 494944K->8032K(508416K)] 954671K->469847K(1032704K), 0.0264421 secs] [Times: user=0.03 sys=0.04, real=0.03 secs] 
2021-05-21T08:10:49.091+0800: 600000.790: [GC (Allocation Failure) [PSYoungGen: 499552K->5024K(507392K)] 961367K->473450K(1031680K), 0.0234502 secs] [Times: user=0.07 sys=0.00, real=0.03 secs] 
2021-05-21T08:16:36.514+0800: 600348.213: [GC (Allocation Failure) [PSYoungGen: 496544K->8416K(508928K)] 964970K->480240K(1033216K), 0.0232479 secs] [Times: user=0.04 sys=0.03, real=0.02 secs] 
2021-05-21T08:22:25.481+0800: 600697.179: [GC (Allocation Failure) [PSYoungGen: 501472K->8928K(508416K)] 973296K->487172K(1032704K), 0.0217656 secs] [Times: user=0.03 sys=0.04, real=0.03 secs] 
2021-05-21T08:28:18.724+0800: 601050.422: [GC (Allocation Failure) [PSYoungGen: 501984K->9120K(509952K)] 980228K->494918K(1034240K), 0.0461476 secs] [Times: user=0.07 sys=0.00, real=0.04 secs] 
2021-05-21T08:34:09.633+0800: 601401.331: [GC (Allocation Failure) [PSYoungGen: 504224K->10080K(509440K)] 990022K->502721K(1033728K), 0.0271502 secs] [Times: user=0.08 sys=0.00, real=0.02 secs] 
2021-05-21T08:40:03.571+0800: 601755.269: [GC (Allocation Failure) [PSYoungGen: 505184K->7936K(509952K)] 997825K->507883K(1034240K), 0.0330845 secs] [Times: user=0.05 sys=0.05, real=0.04 secs] 
2021-05-21T08:45:56.319+0800: 602108.017: [GC (Allocation Failure) [PSYoungGen: 503040K->6752K(509440K)] 1002987K->513558K(1033728K), 0.0257252 secs] [Times: user=0.04 sys=0.04, real=0.03 secs] 
2021-05-21T08:51:54.277+0800: 602465.975: [GC (Allocation Failure) [PSYoungGen: 501856K->3584K(509440K)] 1008662K->515385K(1033728K), 0.0851817 secs] [Times: user=0.07 sys=0.00, real=0.09 secs] 
2021-05-21T08:57:51.205+0800: 602822.903: [GC (Allocation Failure) [PSYoungGen: 499200K->4480K(509952K)] 1011001K->518441K(1034240K), 0.0218854 secs] [Times: user=0.06 sys=0.00, real=0.02 secs] 
2021-05-21T08:57:51.227+0800: 602822.925: [Full GC (Ergonomics) [PSYoungGen: 4480K->0K(509952K)] [ParOldGen: 513961K->278606K(524288K)] 518441K->278606K(1034240K), [Metaspace: 94569K->94569K(1136640K)], 0.4605804 secs] [Times: user=1.04 sys=0.00, real=0.46 secs] 
2021-05-21T09:03:40.886+0800: 603172.584: [GC (Allocation Failure) [PSYoungGen: 495616K->6464K(510464K)] 774222K->285070K(1034752K), 0.0238163 secs] [Times: user=0.06 sys=0.00, real=0.02 secs] 
2021-05-21T09:09:27.888+0800: 603519.586: [GC (Allocation Failure) [PSYoungGen: 502592K->10880K(509952K)] 781198K->294422K(1034240K), 0.0271062 secs] [Times: user=0.04 sys=0.04, real=0.03 secs] 
2021-05-21T09:15:15.355+0800: 603867.053: [GC (Allocation Failure) [PSYoungGen: 507008K->6464K(510464K)] 790550K->299405K(1034752K), 0.0261985 secs] [Times: user=0.08 sys=0.00, real=0.02 secs] 
2021-05-21T09:21:09.744+0800: 604221.442: [GC (Allocation Failure) [PSYoungGen: 502592K->5152K(509952K)] 795533K->302744K(1034240K), 0.0209039 secs] [Times: user=0.07 sys=0.00, real=0.02 secs] 
2021-05-21T09:27:02.880+0800: 604574.578: [GC (Allocation Failure) [PSYoungGen: 501280K->6496K(510976K)] 798872K->308029K(1035264K), 0.0213576 secs] [Times: user=0.03 sys=0.04, real=0.02 secs] 
2021-05-21T09:32:46.600+0800: 604918.298: [GC (Allocation Failure) [PSYoungGen: 503648K->9120K(510464K)] 805181K->315530K(1034752K), 0.0212352 secs] [Times: user=0.03 sys=0.04, real=0.02 secs] 
2021-05-21T09:38:34.050+0800: 605265.748: [GC (Allocation Failure) [PSYoungGen: 506272K->11744K(508928K)] 812682K->325444K(1033216K), 0.0274560 secs] [Times: user=0.03 sys=0.04, real=0.03 secs] 
2021-05-21T09:44:24.144+0800: 605615.842: [GC (Allocation Failure) [PSYoungGen: 507360K->10016K(509952K)] 821060K->331502K(1034240K), 0.0271377 secs] [Times: user=0.04 sys=0.03, real=0.02 secs] 
2021-05-21T09:50:18.711+0800: 605970.410: [GC (Allocation Failure) [PSYoungGen: 505632K->10880K(508928K)] 827118K->340361K(1033216K), 0.0320784 secs] [Times: user=0.07 sys=0.00, real=0.04 secs] 
2021-05-21T09:56:08.552+0800: 606320.250: [GC (Allocation Failure) [PSYoungGen: 505472K->10848K(505856K)] 834953K->349453K(1030144K), 0.0243051 secs] [Times: user=0.07 sys=0.00, real=0.03 secs] 
2021-05-21T10:02:00.126+0800: 606671.824: [GC (Allocation Failure) [PSYoungGen: 505440K->10016K(508928K)] 844045K->357397K(1033216K), 0.0452807 secs] [Times: user=0.03 sys=0.04, real=0.04 secs] 
2021-05-21T10:07:50.665+0800: 607022.363: [GC (Allocation Failure) [PSYoungGen: 503584K->5120K(508928K)] 850965K->360775K(1033216K), 0.0272791 secs] [Times: user=0.04 sys=0.04, real=0.03 secs] 
2021-05-21T10:13:30.297+0800: 607361.995: [GC (Allocation Failure) [PSYoungGen: 498688K->9856K(509440K)] 854343K->369037K(1033728K), 0.0562947 secs] [Times: user=0.04 sys=0.03, real=0.06 secs] 
2021-05-21T10:19:19.287+0800: 607710.985: [GC (Allocation Failure) [PSYoungGen: 503936K->5760K(508928K)] 863117K->373260K(1033216K), 0.0339759 secs] [Times: user=0.03 sys=0.04, real=0.03 secs] 
2021-05-21T10:25:02.872+0800: 608054.570: [GC (Allocation Failure) [PSYoungGen: 499840K->12416K(507392K)] 867340K->384475K(1031680K), 0.0340318 secs] [Times: user=0.10 sys=0.00, real=0.04 secs] 
2021-05-21T10:30:59.581+0800: 608411.279: [GC (Allocation Failure) [PSYoungGen: 504960K->5696K(508416K)] 877019K->388096K(1032704K), 0.0268296 secs] [Times: user=0.08 sys=0.00, real=0.03 secs] 
2021-05-21T10:36:49.119+0800: 608760.817: [GC (Allocation Failure) [PSYoungGen: 498240K->6784K(508928K)] 880640K->393708K(1033216K), 0.0339776 secs] [Times: user=0.08 sys=0.00, real=0.04 secs] 
2021-05-21T10:42:40.801+0800: 609112.500: [GC (Allocation Failure) [PSYoungGen: 500352K->6336K(508928K)] 887276K->398991K(1033216K), 0.0338493 secs] [Times: user=0.04 sys=0.04, real=0.04 secs] 
2021-05-21T10:48:21.782+0800: 609453.480: [GC (Allocation Failure) [PSYoungGen: 499904K->8960K(509952K)] 892559K->406571K(1034240K), 0.0254678 secs] [Times: user=0.04 sys=0.04, real=0.03 secs] 
2021-05-21T10:54:12.859+0800: 609804.558: [GC (Allocation Failure) [PSYoungGen: 504064K->7296K(509440K)] 901675K->412469K(1033728K), 0.0213193 secs] [Times: user=0.07 sys=0.00, real=0.02 secs] 
2021-05-21T10:59:51.310+0800: 610143.008: [GC (Allocation Failure) [PSYoungGen: 502400K->10752K(509440K)] 907573K->421594K(1033728K), 0.0267999 secs] [Times: user=0.04 sys=0.04, real=0.03 secs] 
2021-05-21T11:05:46.107+0800: 610497.805: [GC (Allocation Failure) [PSYoungGen: 506368K->8992K(509952K)] 917210K->428124K(1034240K), 0.0375695 secs] [Times: user=0.03 sys=0.03, real=0.04 secs] 
2021-05-21T11:11:36.213+0800: 610847.911: [GC (Allocation Failure) [PSYoungGen: 504608K->7136K(510464K)] 923740K->433558K(1034752K), 0.0165760 secs] [Times: user=0.03 sys=0.03, real=0.01 secs] 
2021-05-21T11:17:23.032+0800: 611194.730: [GC (Allocation Failure) [PSYoungGen: 503264K->8768K(509952K)] 929686K->440738K(1034240K), 0.0241156 secs] [Times: user=0.06 sys=0.00, real=0.03 secs] 
2021-05-21T11:23:11.465+0800: 611543.163: [GC (Allocation Failure) [PSYoungGen: 504896K->11168K(509952K)] 936866K->450109K(1034240K), 0.0250637 secs] [Times: user=0.08 sys=0.00, real=0.02 secs] 
2021-05-21T11:28:57.556+0800: 611889.255: [GC (Allocation Failure) [PSYoungGen: 507808K->5056K(501760K)] 946749K->453052K(1026048K), 0.0269106 secs] [Times: user=0.04 sys=0.04, real=0.03 secs] 
2021-05-21T11:34:44.553+0800: 612236.251: [GC (Allocation Failure) [PSYoungGen: 501696K->11520K(508928K)] 949692K->463002K(1033216K), 0.0261449 secs] [Times: user=0.07 sys=0.00, real=0.02 secs] 
2021-05-21T11:40:28.970+0800: 612580.668: [GC (Allocation Failure) [PSYoungGen: 506112K->8416K(509440K)] 957594K->468844K(1033728K), 0.0246857 secs] [Times: user=0.08 sys=0.00, real=0.03 secs] 
2021-05-21T11:46:17.906+0800: 612929.605: [GC (Allocation Failure) [PSYoungGen: 503008K->7552K(510464K)] 963436K->474374K(1034752K), 0.0225215 secs] [Times: user=0.07 sys=0.00, real=0.02 secs] 
2021-05-21T11:52:12.742+0800: 613284.440: [GC (Allocation Failure) [PSYoungGen: 503680K->8704K(509952K)] 970502K->481147K(1034240K), 0.0228042 secs] [Times: user=0.07 sys=0.00, real=0.03 secs] 
2021-05-21T11:58:01.248+0800: 613632.946: [GC (Allocation Failure) [PSYoungGen: 504832K->8960K(510976K)] 977275K->488789K(1035264K), 0.0281355 secs] [Times: user=0.04 sys=0.04, real=0.03 secs] 
2021-05-21T12:03:52.961+0800: 613984.659: [GC (Allocation Failure) [PSYoungGen: 506624K->9664K(510976K)] 986453K->496808K(1035264K), 0.0262293 secs] [Times: user=0.08 sys=0.00, real=0.03 secs] 
2021-05-21T12:09:45.496+0800: 614337.194: [GC (Allocation Failure) [PSYoungGen: 507328K->10016K(510976K)] 994472K->505346K(1035264K), 0.0235984 secs] [Times: user=0.07 sys=0.00, real=0.02 secs] 
2021-05-21T12:15:36.834+0800: 614688.532: [GC (Allocation Failure) [PSYoungGen: 507680K->10240K(510976K)] 1003010K->513054K(1035264K), 0.0378018 secs] [Times: user=0.06 sys=0.00, real=0.03 secs] 
2021-05-21T12:21:24.954+0800: 615036.652: [GC (Allocation Failure) [PSYoungGen: 507904K->8288K(511488K)] 1010718K->518823K(1035776K), 0.0256232 secs] [Times: user=0.07 sys=0.00, real=0.02 secs] 
2021-05-21T12:27:13.719+0800: 615385.417: [GC (Allocation Failure) [PSYoungGen: 506464K->4672K(510976K)] 1016999K->522128K(1035264K), 0.0226108 secs] [Times: user=0.06 sys=0.00, real=0.02 secs] 
2021-05-21T12:27:13.742+0800: 615385.440: [Full GC (Ergonomics) [PSYoungGen: 4672K->0K(510976K)] [ParOldGen: 517456K->292374K(524288K)] 522128K->292374K(1035264K), [Metaspace: 94580K->94580K(1136640K)], 0.4624535 secs] [Times: user=1.01 sys=0.00, real=0.46 secs] 
2021-05-21T12:33:06.000+0800: 615737.699: [GC (Allocation Failure) [PSYoungGen: 498176K->6880K(510976K)] 790550K->299254K(1035264K), 0.0204727 secs] [Times: user=0.05 sys=0.00, real=0.02 secs] 
2021-05-21T12:38:52.411+0800: 616084.109: [GC (Allocation Failure) [PSYoungGen: 504544K->9632K(510976K)] 796918K->307283K(1035264K), 0.0213247 secs] [Times: user=0.06 sys=0.00, real=0.03 secs] 
2021-05-21T12:44:43.368+0800: 616435.066: [GC (Allocation Failure) [PSYoungGen: 507296K->7072K(511488K)] 804947K->312619K(1035776K), 0.0291792 secs] [Times: user=0.03 sys=0.03, real=0.03 secs] 
2021-05-21T12:50:34.104+0800: 616785.802: [GC (Allocation Failure) [PSYoungGen: 505248K->5760K(510976K)] 810795K->317007K(1035264K), 0.0219524 secs] [Times: user=0.06 sys=0.00, real=0.02 secs] 
2021-05-21T12:56:29.217+0800: 617140.915: [GC (Allocation Failure) [PSYoungGen: 503936K->9056K(511488K)] 815183K->324589K(1035776K), 0.0342729 secs] [Times: user=0.07 sys=0.00, real=0.03 secs] 
2021-05-21T13:02:21.395+0800: 617493.094: [GC (Allocation Failure) [PSYoungGen: 507744K->9440K(511488K)] 823277K->332001K(1035776K), 0.0689331 secs] [Times: user=0.03 sys=0.03, real=0.07 secs] 
2021-05-21T13:08:06.451+0800: 617838.149: [GC (Allocation Failure) [PSYoungGen: 508128K->12256K(509440K)] 830689K->342015K(1033728K), 0.0789261 secs] [Times: user=0.07 sys=0.00, real=0.08 secs] 
2021-05-21T13:13:56.488+0800: 618188.186: [GC (Allocation Failure) [PSYoungGen: 508896K->8672K(510464K)] 838655K->348885K(1034752K), 0.0387071 secs] [Times: user=0.03 sys=0.03, real=0.04 secs] 
2021-05-21T13:19:45.845+0800: 618537.543: [GC (Allocation Failure) [PSYoungGen: 505312K->5618K(510976K)] 845525K->352466K(1035264K), 0.0220309 secs] [Times: user=0.03 sys=0.03, real=0.02 secs] 
2021-05-21T13:25:40.812+0800: 618892.510: [GC (Allocation Failure) [PSYoungGen: 503282K->7456K(510976K)] 850130K->358287K(1035264K), 0.0231840 secs] [Times: user=0.06 sys=0.00, real=0.03 secs] 
2021-05-21T13:31:27.391+0800: 619239.089: [GC (Allocation Failure) [PSYoungGen: 505120K->10848K(509952K)] 855951K->367524K(1034240K), 0.0254732 secs] [Times: user=0.07 sys=0.00, real=0.03 secs] 
2021-05-21T13:37:20.924+0800: 619592.623: [GC (Allocation Failure) [PSYoungGen: 507488K->7552K(510464K)] 864164K->372886K(1034752K), 0.0268445 secs] [Times: user=0.07 sys=0.00, real=0.02 secs] 
2021-05-21T13:43:13.379+0800: 619945.077: [GC (Allocation Failure) [PSYoungGen: 504192K->7296K(510976K)] 869526K->378649K(1035264K), 0.0255179 secs] [Times: user=0.07 sys=0.00, real=0.03 secs] 
2021-05-21T13:49:01.784+0800: 620293.482: [GC (Allocation Failure) [PSYoungGen: 504960K->10816K(510976K)] 876313K->387581K(1035264K), 0.0305863 secs] [Times: user=0.04 sys=0.03, real=0.03 secs] 
2021-05-21T13:54:58.528+0800: 620650.226: [GC (Allocation Failure) [PSYoungGen: 508480K->6400K(510976K)] 885245K->392501K(1035264K), 0.0436573 secs] [Times: user=0.08 sys=0.00, real=0.04 secs] 
2021-05-21T14:00:44.149+0800: 620995.848: [GC (Allocation Failure) [PSYoungGen: 504064K->10176K(507904K)] 890165K->400826K(1032192K), 0.0324672 secs] [Times: user=0.08 sys=0.00, real=0.03 secs] 
2021-05-21T14:06:34.019+0800: 621345.718: [GC (Allocation Failure) [PSYoungGen: 507840K->7200K(510976K)] 898490K->405722K(1035264K), 0.0228712 secs] [Times: user=0.03 sys=0.04, real=0.03 secs] 
2021-05-21T14:12:28.375+0800: 621700.073: [GC (Allocation Failure) [PSYoungGen: 504352K->2688K(510464K)] 902874K->406997K(1034752K), 0.0191488 secs] [Times: user=0.05 sys=0.00, real=0.02 secs] 
2021-05-21T14:18:20.070+0800: 622051.768: [GC (Allocation Failure) [PSYoungGen: 499840K->7808K(510976K)] 904149K->413021K(1035264K), 0.0179690 secs] [Times: user=0.03 sys=0.02, real=0.02 secs] 
2021-05-21T14:24:11.923+0800: 622403.622: [GC (Allocation Failure) [PSYoungGen: 504960K->9216K(510464K)] 910173K->420759K(1034752K), 0.0199130 secs] [Times: user=0.06 sys=0.00, real=0.02 secs] 
2021-05-21T14:30:01.877+0800: 622753.575: [GC (Allocation Failure) [PSYoungGen: 506368K->9888K(510976K)] 917911K->428809K(1035264K), 0.0293580 secs] [Times: user=0.08 sys=0.00, real=0.03 secs] 
2021-05-21T14:35:57.022+0800: 623108.720: [GC (Allocation Failure) [PSYoungGen: 507552K->7712K(510976K)] 926473K->434226K(1035264K), 0.0227371 secs] [Times: user=0.06 sys=0.00, real=0.03 secs] 
2021-05-21T14:41:47.462+0800: 623459.160: [GC (Allocation Failure) [PSYoungGen: 505376K->10688K(510976K)] 931890K->442942K(1035264K), 0.0287863 secs] [Times: user=0.08 sys=0.00, real=0.02 secs] 
2021-05-21T14:47:38.196+0800: 623809.894: [GC (Allocation Failure) [PSYoungGen: 508352K->8672K(510976K)] 940606K->449191K(1035264K), 0.0461000 secs] [Times: user=0.08 sys=0.00, real=0.04 secs] 
2021-05-21T14:53:23.575+0800: 624155.273: [GC (Allocation Failure) [PSYoungGen: 506336K->11424K(509952K)] 946855K->458546K(1034240K), 0.0469357 secs] [Times: user=0.04 sys=0.04, real=0.04 secs] 
2021-05-21T14:59:12.277+0800: 624503.975: [GC (Allocation Failure) [PSYoungGen: 508064K->11072K(507904K)] 955186K->468378K(1032192K), 0.0250750 secs] [Times: user=0.07 sys=0.00, real=0.02 secs] 
2021-05-21T15:04:50.306+0800: 624842.004: [GC (Allocation Failure) [PSYoungGen: 507712K->10848K(509952K)] 965018K->476566K(1034240K), 0.0245417 secs] [Times: user=0.07 sys=0.00, real=0.02 secs] 
2021-05-21T15:10:40.515+0800: 625192.213: [GC (Allocation Failure) [PSYoungGen: 506464K->7968K(509952K)] 972182K->482391K(1034240K), 0.0262072 secs] [Times: user=0.07 sys=0.00, real=0.02 secs] 
2021-05-21T15:16:32.805+0800: 625544.503: [GC (Allocation Failure) [PSYoungGen: 503584K->8768K(510464K)] 978007K->488955K(1034752K), 0.0204755 secs] [Times: user=0.03 sys=0.03, real=0.02 secs] 
2021-05-21T15:22:24.052+0800: 625895.750: [GC (Allocation Failure) [PSYoungGen: 504896K->8160K(509952K)] 985083K->495597K(1034240K), 0.0234522 secs] [Times: user=0.03 sys=0.04, real=0.03 secs] 
2021-05-21T15:28:13.987+0800: 626245.685: [GC (Allocation Failure) [PSYoungGen: 504288K->8608K(511488K)] 991725K->503151K(1035776K), 0.0789123 secs] [Times: user=0.08 sys=0.00, real=0.08 secs] 
2021-05-21T15:33:54.205+0800: 626585.903: [GC (Allocation Failure) [PSYoungGen: 506784K->11680K(509952K)] 1001327K->512052K(1034240K), 0.0255943 secs] [Times: user=0.04 sys=0.03, real=0.02 secs] 
2021-05-21T15:39:49.260+0800: 626940.958: [GC (Allocation Failure) [PSYoungGen: 509856K->8288K(510976K)] 1010228K->518005K(1035264K), 0.0326513 secs] [Times: user=0.03 sys=0.03, real=0.04 secs] 
2021-05-21T15:45:37.841+0800: 627289.539: [GC (Allocation Failure) [PSYoungGen: 505440K->8768K(510464K)] 1015157K->524849K(1034752K), 0.0275142 secs] [Times: user=0.07 sys=0.00, real=0.03 secs] 
2021-05-21T15:45:37.869+0800: 627289.567: [Full GC (Ergonomics) [PSYoungGen: 8768K->0K(510464K)] [ParOldGen: 516081K->284427K(524288K)] 524849K->284427K(1034752K), [Metaspace: 94580K->94580K(1136640K)], 0.4689343 secs] [Times: user=1.00 sys=0.00, real=0.47 secs] 
2021-05-21T15:51:20.820+0800: 627632.518: [GC (Allocation Failure) [PSYoungGen: 497152K->11488K(510464K)] 781579K->295915K(1034752K), 0.0198683 secs] [Times: user=0.05 sys=0.00, real=0.02 secs] 
2021-05-21T15:57:14.333+0800: 627986.032: [GC (Allocation Failure) [PSYoungGen: 509152K->9120K(510976K)] 793579K->303978K(1035264K), 0.0539007 secs] [Times: user=0.05 sys=0.04, real=0.05 secs] 
2021-05-21T16:02:59.784+0800: 628331.483: [GC (Allocation Failure) [PSYoungGen: 506784K->9248K(511488K)] 801642K->310710K(1035776K), 0.0274014 secs] [Times: user=0.04 sys=0.04, real=0.02 secs] 
2021-05-21T16:08:50.782+0800: 628682.480: [GC (Allocation Failure) [PSYoungGen: 507424K->9376K(510976K)] 808886K->318369K(1035264K), 0.0224639 secs] [Times: user=0.04 sys=0.04, real=0.02 secs] 
2021-05-21T16:14:45.847+0800: 629037.546: [GC (Allocation Failure) [PSYoungGen: 507552K->2944K(509952K)] 816545K->319593K(1034240K), 0.0191544 secs] [Times: user=0.02 sys=0.03, real=0.02 secs] 
2021-05-21T16:20:39.775+0800: 629391.473: [GC (Allocation Failure) [PSYoungGen: 500608K->5440K(510976K)] 817257K->323552K(1035264K), 0.0212860 secs] [Times: user=0.03 sys=0.02, real=0.02 secs] 
2021-05-21T16:26:33.094+0800: 629744.792: [GC (Allocation Failure) [PSYoungGen: 503104K->12544K(508928K)] 821216K->334599K(1033216K), 0.0329526 secs] [Times: user=0.07 sys=0.00, real=0.03 secs] 
2021-05-21T16:32:24.182+0800: 630095.881: [GC (Allocation Failure) [PSYoungGen: 508160K->11328K(507392K)] 830215K->343696K(1031680K), 0.0310023 secs] [Times: user=0.04 sys=0.05, real=0.03 secs] 
2021-05-21T16:38:15.376+0800: 630447.074: [GC (Allocation Failure) [PSYoungGen: 506944K->7136K(509440K)] 839312K->348335K(1033728K), 0.0256235 secs] [Times: user=0.08 sys=0.00, real=0.02 secs] 
2021-05-21T16:44:02.444+0800: 630794.143: [GC (Allocation Failure) [PSYoungGen: 501728K->6976K(509440K)] 842927K->353739K(1033728K), 0.0242988 secs] [Times: user=0.04 sys=0.04, real=0.02 secs] 
2021-05-21T16:49:52.560+0800: 631144.258: [GC (Allocation Failure) [PSYoungGen: 501568K->5568K(509952K)] 848331K->357559K(1034240K), 0.0279967 secs] [Times: user=0.04 sys=0.05, real=0.03 secs] 
2021-05-21T16:55:44.019+0800: 631495.717: [GC (Allocation Failure) [PSYoungGen: 501184K->8832K(509952K)] 853175K->365148K(1034240K), 0.0278323 secs] [Times: user=0.04 sys=0.05, real=0.03 secs] 
2021-05-21T17:01:35.317+0800: 631847.015: [GC (Allocation Failure) [PSYoungGen: 504448K->9216K(510464K)] 860764K->372903K(1034752K), 0.0279351 secs] [Times: user=0.04 sys=0.04, real=0.03 secs] 
2021-05-21T17:07:24.362+0800: 632196.061: [GC (Allocation Failure) [PSYoungGen: 505856K->9504K(510464K)] 869543K->380298K(1034752K), 0.0287297 secs] [Times: user=0.09 sys=0.00, real=0.02 secs] 
2021-05-21T17:13:13.527+0800: 632545.226: [GC (Allocation Failure) [PSYoungGen: 506144K->6016K(510464K)] 876938K->384476K(1034752K), 0.0252138 secs] [Times: user=0.08 sys=0.00, real=0.03 secs] 
2021-05-21T17:19:06.708+0800: 632898.406: [GC (Allocation Failure) [PSYoungGen: 502656K->9984K(510464K)] 881116K->392609K(1034752K), 0.0355377 secs] [Times: user=0.07 sys=0.00, real=0.04 secs] 
2021-05-21T17:24:57.315+0800: 633249.013: [GC (Allocation Failure) [PSYoungGen: 506624K->6560K(510976K)] 889249K->397152K(1035264K), 0.0234952 secs] [Times: user=0.07 sys=0.00, real=0.02 secs] 
2021-05-21T17:30:47.349+0800: 633599.047: [GC (Allocation Failure) [PSYoungGen: 503712K->8896K(510464K)] 894304K->404621K(1034752K), 0.0251399 secs] [Times: user=0.04 sys=0.04, real=0.03 secs] 
2021-05-21T17:36:42.775+0800: 633954.473: [GC (Allocation Failure) [PSYoungGen: 506048K->7968K(511488K)] 901773K->410800K(1035776K), 0.0235624 secs] [Times: user=0.03 sys=0.04, real=0.02 secs] 
2021-05-21T17:42:32.739+0800: 634304.437: [GC (Allocation Failure) [PSYoungGen: 506144K->7840K(510976K)] 908976K->417370K(1035264K), 0.0271500 secs] [Times: user=0.09 sys=0.00, real=0.03 secs] 
2021-05-21T17:48:26.214+0800: 634657.912: [GC (Allocation Failure) [PSYoungGen: 506016K->8704K(512000K)] 915546K->424270K(1036288K), 0.0315302 secs] [Times: user=0.08 sys=0.00, real=0.03 secs] 
2021-05-21T17:54:20.026+0800: 635011.724: [GC (Allocation Failure) [PSYoungGen: 508416K->9792K(512000K)] 923982K->432681K(1036288K), 0.0318564 secs] [Times: user=0.04 sys=0.04, real=0.03 secs] 
2021-05-21T18:00:10.480+0800: 635362.178: [GC (Allocation Failure) [PSYoungGen: 509504K->10656K(510976K)] 932393K->441650K(1035264K), 0.0384478 secs] [Times: user=0.03 sys=0.05, real=0.04 secs] 
2021-05-21T18:06:02.076+0800: 635713.774: [GC (Allocation Failure) [PSYoungGen: 509344K->9984K(511488K)] 940338K->448981K(1035776K), 0.0324264 secs] [Times: user=0.10 sys=0.00, real=0.03 secs] 
2021-05-21T18:11:51.634+0800: 636063.332: [GC (Allocation Failure) [PSYoungGen: 508672K->10080K(510464K)] 947669K->456776K(1034752K), 0.0380306 secs] [Times: user=0.04 sys=0.05, real=0.03 secs] 
2021-05-21T18:17:42.241+0800: 636413.939: [GC (Allocation Failure) [PSYoungGen: 507744K->7648K(510976K)] 954440K->462097K(1035264K), 0.0269033 secs] [Times: user=0.04 sys=0.03, real=0.03 secs] 
2021-05-21T18:23:25.789+0800: 636757.487: [GC (Allocation Failure) [PSYoungGen: 505312K->7456K(511488K)] 959761K->467469K(1035776K), 0.0272058 secs] [Times: user=0.03 sys=0.03, real=0.03 secs] 
2021-05-21T18:29:19.655+0800: 637111.354: [GC (Allocation Failure) [PSYoungGen: 506144K->5632K(511488K)] 966157K->471807K(1035776K), 0.0479975 secs] [Times: user=0.04 sys=0.03, real=0.05 secs] 
2021-05-21T18:35:09.723+0800: 637461.421: [GC (Allocation Failure) [PSYoungGen: 504320K->8864K(511488K)] 970495K->479316K(1035776K), 0.0410237 secs] [Times: user=0.04 sys=0.03, real=0.04 secs] 
2021-05-21T18:41:01.418+0800: 637813.116: [GC (Allocation Failure) [PSYoungGen: 507552K->9216K(511488K)] 978004K->487109K(1035776K), 0.0310866 secs] [Times: user=0.04 sys=0.05, real=0.03 secs] 
2021-05-21T18:46:54.456+0800: 638166.154: [GC (Allocation Failure) [PSYoungGen: 507904K->2912K(509952K)] 985797K->488141K(1034240K), 0.0355196 secs] [Times: user=0.08 sys=0.00, real=0.03 secs] 
2021-05-21T18:52:46.556+0800: 638518.254: [GC (Allocation Failure) [PSYoungGen: 500576K->8224K(510976K)] 985805K->494821K(1035264K), 0.0282417 secs] [Times: user=0.04 sys=0.05, real=0.03 secs] 
2021-05-21T18:58:40.411+0800: 638872.109: [GC (Allocation Failure) [PSYoungGen: 505888K->8736K(511488K)] 992485K->500833K(1035776K), 0.0331765 secs] [Times: user=0.08 sys=0.00, real=0.04 secs] 
2021-05-21T19:04:31.685+0800: 639223.383: [GC (Allocation Failure) [PSYoungGen: 507424K->8096K(511488K)] 999521K->507164K(1035776K), 0.0227525 secs] [Times: user=0.03 sys=0.04, real=0.02 secs] 
2021-05-21T19:10:16.757+0800: 639568.456: [GC (Allocation Failure) [PSYoungGen: 506784K->8704K(512512K)] 1005852K->514391K(1036800K), 0.0266437 secs] [Times: user=0.04 sys=0.04, real=0.03 secs] 
2021-05-21T19:16:10.545+0800: 639922.243: [GC (Allocation Failure) [PSYoungGen: 508928K->8544K(512000K)] 1014615K->520786K(1036288K), 0.0238290 secs] [Times: user=0.07 sys=0.00, real=0.02 secs] 
2021-05-21T19:22:05.293+0800: 640276.991: [GC (Allocation Failure) [PSYoungGen: 508768K->7538K(512512K)] 1021010K->526455K(1036800K), 0.0266417 secs] [Times: user=0.07 sys=0.00, real=0.02 secs] 
2021-05-21T19:22:05.320+0800: 640277.018: [Full GC (Ergonomics) [PSYoungGen: 7538K->0K(512512K)] [ParOldGen: 518917K->287973K(524288K)] 526455K->287973K(1036800K), [Metaspace: 94582K->94582K(1136640K)], 0.8415181 secs] [Times: user=2.41 sys=0.00, real=0.84 secs] 
2021-05-21T19:27:56.971+0800: 640628.670: [GC (Allocation Failure) [PSYoungGen: 500736K->9280K(512512K)] 788709K->297253K(1036800K), 0.0378763 secs] [Times: user=0.09 sys=0.00, real=0.04 secs] 
2021-05-21T19:33:52.542+0800: 640984.240: [GC (Allocation Failure) [PSYoungGen: 510016K->9696K(512512K)] 797989K->304912K(1036800K), 0.0350021 secs] [Times: user=0.08 sys=0.00, real=0.04 secs] 
2021-05-21T19:39:48.737+0800: 641340.436: [GC (Allocation Failure) [PSYoungGen: 510432K->10656K(511488K)] 805648K->314377K(1035776K), 0.0284912 secs] [Times: user=0.08 sys=0.00, real=0.03 secs] 
2021-05-21T19:45:47.226+0800: 641698.924: [GC (Allocation Failure) [PSYoungGen: 511392K->5536K(510976K)] 815113K->318169K(1035264K), 0.0294102 secs] [Times: user=0.04 sys=0.04, real=0.03 secs] 
2021-05-21T19:51:37.019+0800: 642048.717: [GC (Allocation Failure) [PSYoungGen: 504224K->10656K(509440K)] 816857K->327613K(1033728K), 0.0262712 secs] [Times: user=0.08 sys=0.00, real=0.03 secs] 
2021-05-21T19:57:25.260+0800: 642396.958: [GC (Allocation Failure) [PSYoungGen: 509344K->9312K(511488K)] 826301K->335063K(1035776K), 0.0229667 secs] [Times: user=0.07 sys=0.00, real=0.03 secs] 
2021-05-21T20:03:21.229+0800: 642752.927: [GC (Allocation Failure) [PSYoungGen: 507488K->4832K(510976K)] 833239K->338719K(1035264K), 0.0242450 secs] [Times: user=0.03 sys=0.04, real=0.03 secs] 
2021-05-21T20:09:17.301+0800: 643108.999: [GC (Allocation Failure) [PSYoungGen: 503008K->9728K(510976K)] 836895K->347150K(1035264K), 0.0892467 secs] [Times: user=0.04 sys=0.04, real=0.09 secs] 
2021-05-21T20:15:02.372+0800: 643454.070: [GC (Allocation Failure) [PSYoungGen: 507392K->8736K(510976K)] 844814K->353778K(1035264K), 0.0589147 secs] [Times: user=0.07 sys=0.00, real=0.06 secs] 
2021-05-21T20:21:00.269+0800: 643811.967: [GC (Allocation Failure) [PSYoungGen: 506400K->6496K(511488K)] 851442K->358099K(1035776K), 0.0226464 secs] [Times: user=0.03 sys=0.03, real=0.02 secs] 
2021-05-21T20:26:55.821+0800: 644167.520: [GC (Allocation Failure) [PSYoungGen: 505184K->6944K(511488K)] 856787K->363696K(1035776K), 0.0282405 secs] [Times: user=0.07 sys=0.00, real=0.03 secs] 
2021-05-21T20:32:48.500+0800: 644520.198: [GC (Allocation Failure) [PSYoungGen: 505632K->8128K(512000K)] 862384K->369990K(1036288K), 0.0248268 secs] [Times: user=0.07 sys=0.00, real=0.03 secs] 
2021-05-21T20:38:41.355+0800: 644873.053: [GC (Allocation Failure) [PSYoungGen: 507328K->9952K(511488K)] 869190K->378649K(1035776K), 0.0242507 secs] [Times: user=0.08 sys=0.00, real=0.02 secs] 
2021-05-21T20:44:29.891+0800: 645221.589: [GC (Allocation Failure) [PSYoungGen: 509152K->11616K(509952K)] 877849K->388789K(1034240K), 0.0299190 secs] [Times: user=0.09 sys=0.00, real=0.03 secs] 
2021-05-21T20:50:27.626+0800: 645579.324: [GC (Allocation Failure) [PSYoungGen: 509280K->12352K(510464K)] 886453K->397434K(1034752K), 0.0314440 secs] [Times: user=0.09 sys=0.00, real=0.03 secs] 
2021-05-21T20:56:14.783+0800: 645926.481: [GC (Allocation Failure) [PSYoungGen: 510016K->10304K(509440K)] 895098K->405370K(1033728K), 0.0280815 secs] [Times: user=0.09 sys=0.00, real=0.02 secs] 
2021-05-21T21:02:01.177+0800: 646272.875: [GC (Allocation Failure) [PSYoungGen: 505920K->12064K(507904K)] 900986K->415094K(1032192K), 0.0269345 secs] [Times: user=0.08 sys=0.00, real=0.03 secs] 
2021-05-21T21:07:56.196+0800: 646627.894: [GC (Allocation Failure) [PSYoungGen: 507680K->6816K(509440K)] 910710K->420187K(1033728K), 0.0385498 secs] [Times: user=0.10 sys=0.00, real=0.04 secs] 
2021-05-21T21:13:44.855+0800: 646976.554: [GC (Allocation Failure) [PSYoungGen: 501408K->6080K(509440K)] 914779K->424408K(1033728K), 0.0217116 secs] [Times: user=0.03 sys=0.03, real=0.02 secs] 
2021-05-21T21:19:33.117+0800: 647324.815: [GC (Allocation Failure) [PSYoungGen: 500672K->8768K(509952K)] 919000K->431549K(1034240K), 0.0269524 secs] [Times: user=0.07 sys=0.00, real=0.03 secs] 
2021-05-21T21:25:20.366+0800: 647672.065: [GC (Allocation Failure) [PSYoungGen: 503872K->13184K(508416K)] 926653K->443177K(1032704K), 0.0284595 secs] [Times: user=0.04 sys=0.04, real=0.03 secs] 
2021-05-21T21:31:08.161+0800: 648019.859: [GC (Allocation Failure) [PSYoungGen: 508288K->9376K(509440K)] 938281K->449682K(1033728K), 0.0263198 secs] [Times: user=0.08 sys=0.00, real=0.03 secs] 
2021-05-21T21:37:01.537+0800: 648373.236: [GC (Allocation Failure) [PSYoungGen: 503456K->6752K(508928K)] 943762K->455195K(1033216K), 0.0244691 secs] [Times: user=0.08 sys=0.00, real=0.03 secs] 
2021-05-21T21:42:48.479+0800: 648720.178: [GC (Allocation Failure) [PSYoungGen: 500832K->7232K(509952K)] 949275K->460879K(1034240K), 0.0274110 secs] [Times: user=0.04 sys=0.04, real=0.03 secs] 
2021-05-21T21:48:33.154+0800: 649064.852: [GC (Allocation Failure) [PSYoungGen: 502336K->8992K(509440K)] 955983K->468421K(1033728K), 0.0228912 secs] [Times: user=0.03 sys=0.04, real=0.02 secs] 
2021-05-21T21:54:27.171+0800: 649418.870: [GC (Allocation Failure) [PSYoungGen: 504096K->6784K(510464K)] 963525K->473975K(1034752K), 0.0248780 secs] [Times: user=0.04 sys=0.03, real=0.03 secs] 
2021-05-21T22:00:23.220+0800: 649774.918: [GC (Allocation Failure) [PSYoungGen: 503424K->7616K(510464K)] 970615K->480282K(1034752K), 0.0284722 secs] [Times: user=0.08 sys=0.00, real=0.03 secs] 
2021-05-21T22:06:13.841+0800: 650125.539: [GC (Allocation Failure) [PSYoungGen: 504256K->4544K(509952K)] 976922K->483206K(1034240K), 0.0342158 secs] [Times: user=0.03 sys=0.03, real=0.04 secs] 
2021-05-21T22:12:01.652+0800: 650473.350: [GC (Allocation Failure) [PSYoungGen: 501184K->7872K(510464K)] 979846K->489603K(1034752K), 0.0222883 secs] [Times: user=0.07 sys=0.00, real=0.02 secs] 
2021-05-21T22:17:48.872+0800: 650820.570: [GC (Allocation Failure) [PSYoungGen: 504512K->7360K(511488K)] 986243K->495125K(1035776K), 0.0354657 secs] [Times: user=0.04 sys=0.04, real=0.04 secs] 
2021-05-21T22:23:34.943+0800: 651166.641: [GC (Allocation Failure) [PSYoungGen: 505536K->9472K(510976K)] 993301K->503025K(1035264K), 0.0226678 secs] [Times: user=0.07 sys=0.00, real=0.02 secs] 
2021-05-21T22:29:25.893+0800: 651517.592: [GC (Allocation Failure) [PSYoungGen: 507648K->10496K(510464K)] 1001201K->511606K(1034752K), 0.0302085 secs] [Times: user=0.09 sys=0.00, real=0.03 secs] 
2021-05-21T22:35:20.169+0800: 651871.867: [GC (Allocation Failure) [PSYoungGen: 508160K->7392K(510976K)] 1009270K->516783K(1035264K), 0.0283284 secs] [Times: user=0.04 sys=0.05, real=0.03 secs] 
2021-05-21T22:41:14.172+0800: 652225.871: [GC (Allocation Failure) [PSYoungGen: 505056K->7552K(511488K)] 1014447K->522913K(1035776K), 0.0256616 secs] [Times: user=0.04 sys=0.04, real=0.02 secs] 
2021-05-21T22:41:14.199+0800: 652225.897: [Full GC (Ergonomics) [PSYoungGen: 7552K->0K(511488K)] [ParOldGen: 515361K->285938K(524288K)] 522913K->285938K(1035776K), [Metaspace: 94589K->94589K(1136640K)], 0.4926271 secs] [Times: user=1.12 sys=0.00, real=0.49 secs] 
2021-05-21T22:47:00.210+0800: 652571.908: [GC (Allocation Failure) [PSYoungGen: 498176K->7360K(510976K)] 784114K->293298K(1035264K), 0.0267975 secs] [Times: user=0.02 sys=0.02, real=0.03 secs] 
2021-05-21T22:52:49.248+0800: 652920.946: [GC (Allocation Failure) [PSYoungGen: 505536K->5888K(512000K)] 791474K->297190K(1036288K), 0.0244858 secs] [Times: user=0.08 sys=0.00, real=0.03 secs] 
2021-05-21T22:58:47.119+0800: 653278.817: [GC (Allocation Failure) [PSYoungGen: 505600K->6528K(512000K)] 796902K->302508K(1036288K), 0.0247201 secs] [Times: user=0.03 sys=0.03, real=0.03 secs] 
2021-05-21T23:04:39.481+0800: 653631.179: [GC (Allocation Failure) [PSYoungGen: 506240K->10848K(510976K)] 802220K->311825K(1035264K), 0.0225059 secs] [Times: user=0.03 sys=0.04, real=0.03 secs] 
2021-05-21T23:10:36.388+0800: 653988.086: [GC (Allocation Failure) [PSYoungGen: 509536K->9088K(511488K)] 810513K->318764K(1035776K), 0.0303746 secs] [Times: user=0.09 sys=0.00, real=0.03 secs] 
2021-05-21T23:16:35.483+0800: 654347.182: [GC (Allocation Failure) [PSYoungGen: 507776K->6848K(511488K)] 817452K->323758K(1035776K), 0.0246767 secs] [Times: user=0.06 sys=0.00, real=0.02 secs] 
2021-05-21T23:22:28.654+0800: 654700.352: [GC (Allocation Failure) [PSYoungGen: 505536K->4128K(511488K)] 822446K->326201K(1035776K), 0.0204052 secs] [Times: user=0.06 sys=0.00, real=0.02 secs] 
2021-05-21T23:28:23.248+0800: 655054.947: [GC (Allocation Failure) [PSYoungGen: 502816K->3904K(511488K)] 824889K->328791K(1035776K), 0.0213526 secs] [Times: user=0.06 sys=0.00, real=0.02 secs] 
2021-05-21T23:34:19.758+0800: 655411.456: [GC (Allocation Failure) [PSYoungGen: 502592K->4288K(511488K)] 827479K->331774K(1035776K), 0.0294973 secs] [Times: user=0.05 sys=0.00, real=0.03 secs] 
2021-05-21T23:40:10.580+0800: 655762.278: [GC (Allocation Failure) [PSYoungGen: 502968K->7136K(512000K)] 830455K->337421K(1036288K), 0.0370890 secs] [Times: user=0.03 sys=0.05, real=0.04 secs] 
2021-05-21T23:46:05.462+0800: 656117.161: [GC (Allocation Failure) [PSYoungGen: 506336K->5120K(511488K)] 836621K->340881K(1035776K), 0.0250661 secs] [Times: user=0.08 sys=0.00, real=0.02 secs] 
2021-05-21T23:51:54.469+0800: 656466.167: [GC (Allocation Failure) [PSYoungGen: 504320K->7104K(512512K)] 840081K->346631K(1036800K), 0.0309396 secs] [Times: user=0.04 sys=0.04, real=0.03 secs] 
2021-05-21T23:57:52.806+0800: 656824.504: [GC (Allocation Failure) [PSYoungGen: 507328K->6912K(512000K)] 846855K->351922K(1036288K), 0.0477631 secs] [Times: user=0.07 sys=0.00, real=0.05 secs] 
2021-05-22T00:03:27.304+0800: 657159.002: [GC (Allocation Failure) [PSYoungGen: 507136K->6112K(513024K)] 852146K->356406K(1037312K), 0.0242595 secs] [Times: user=0.03 sys=0.03, real=0.02 secs] 
2021-05-22T00:09:18.886+0800: 657510.584: [GC (Allocation Failure) [PSYoungGen: 507872K->7072K(513024K)] 858166K->361699K(1037312K), 0.0205175 secs] [Times: user=0.06 sys=0.00, real=0.02 secs] 
2021-05-22T00:15:12.376+0800: 657864.074: [GC (Allocation Failure) [PSYoungGen: 508832K->3968K(513536K)] 863459K->363966K(1037824K), 0.0199986 secs] [Times: user=0.03 sys=0.02, real=0.02 secs] 
2021-05-22T00:21:05.506+0800: 658217.205: [GC (Allocation Failure) [PSYoungGen: 506752K->8416K(511488K)] 866750K->370782K(1035776K), 0.0196733 secs] [Times: user=0.05 sys=0.00, real=0.02 secs] 
2021-05-22T00:26:57.973+0800: 658569.671: [GC (Allocation Failure) [PSYoungGen: 511200K->10048K(512000K)] 873566K->379082K(1036288K), 0.0340240 secs] [Times: user=0.04 sys=0.04, real=0.03 secs] 
2021-05-22T00:32:49.796+0800: 658921.494: [GC (Allocation Failure) [PSYoungGen: 510784K->8704K(509952K)] 879818K->384710K(1034240K), 0.0338457 secs] [Times: user=0.08 sys=0.00, real=0.03 secs] 
2021-05-22T00:38:40.548+0800: 659272.247: [GC (Allocation Failure) [PSYoungGen: 509440K->9056K(512000K)] 885446K->392584K(1036288K), 0.0532862 secs] [Times: user=0.04 sys=0.05, real=0.05 secs] 
2021-05-22T00:44:36.789+0800: 659628.487: [GC (Allocation Failure) [PSYoungGen: 508768K->6432K(512000K)] 892296K->396819K(1036288K), 0.0247340 secs] [Times: user=0.03 sys=0.03, real=0.03 secs] 
2021-05-22T00:50:23.241+0800: 659974.939: [GC (Allocation Failure) [PSYoungGen: 506144K->11456K(509952K)] 896531K->406722K(1034240K), 0.0275584 secs] [Times: user=0.05 sys=0.04, real=0.03 secs] 
2021-05-22T00:56:11.707+0800: 660323.405: [GC (Allocation Failure) [PSYoungGen: 509120K->7584K(510976K)] 904386K->412585K(1035264K), 0.0328430 secs] [Times: user=0.10 sys=0.00, real=0.03 secs] 
2021-05-22T01:02:05.643+0800: 660677.341: [GC (Allocation Failure) [PSYoungGen: 505248K->6432K(512000K)] 910249K->417525K(1036288K), 0.0228050 secs] [Times: user=0.07 sys=0.00, real=0.02 secs] 
2021-05-22T01:07:57.471+0800: 661029.170: [GC (Allocation Failure) [PSYoungGen: 505632K->6336K(511488K)] 916725K->422393K(1035776K), 0.0348283 secs] [Times: user=0.04 sys=0.05, real=0.04 secs] 
2021-05-22T01:13:54.136+0800: 661385.834: [GC (Allocation Failure) [PSYoungGen: 505536K->5600K(512512K)] 921593K->426629K(1036800K), 0.0223564 secs] [Times: user=0.04 sys=0.04, real=0.02 secs] 
2021-05-22T01:19:36.962+0800: 661728.660: [GC (Allocation Failure) [PSYoungGen: 505824K->7762K(512000K)] 926853K->432812K(1036288K), 0.0476680 secs] [Times: user=0.06 sys=0.00, real=0.05 secs] 
2021-05-22T01:25:30.334+0800: 662082.033: [GC (Allocation Failure) [PSYoungGen: 507986K->7200K(513024K)] 933036K->438343K(1037312K), 0.0235181 secs] [Times: user=0.03 sys=0.03, real=0.02 secs] 
2021-05-22T01:31:27.200+0800: 662438.898: [GC (Allocation Failure) [PSYoungGen: 508448K->3840K(512512K)] 939591K->440450K(1036800K), 0.0213886 secs] [Times: user=0.07 sys=0.00, real=0.02 secs] 
2021-05-22T01:37:20.894+0800: 662792.592: [GC (Allocation Failure) [PSYoungGen: 505088K->6112K(513024K)] 941698K->444818K(1037312K), 0.0228211 secs] [Times: user=0.03 sys=0.03, real=0.02 secs] 
2021-05-22T01:43:10.969+0800: 663142.668: [GC (Allocation Failure) [PSYoungGen: 507360K->7392K(512512K)] 946066K->450878K(1036800K), 0.0226734 secs] [Times: user=0.03 sys=0.04, real=0.03 secs] 
2021-05-22T01:49:03.963+0800: 663495.661: [GC (Allocation Failure) [PSYoungGen: 508640K->6976K(513536K)] 952126K->456561K(1037824K), 0.0622966 secs] [Times: user=0.04 sys=0.04, real=0.06 secs] 
2021-05-22T01:54:56.698+0800: 663848.396: [GC (Allocation Failure) [PSYoungGen: 509248K->4928K(513024K)] 958833K->459925K(1037312K), 0.0276720 secs] [Times: user=0.08 sys=0.00, real=0.03 secs] 
2021-05-22T02:00:56.230+0800: 664207.929: [GC (Allocation Failure) [PSYoungGen: 507200K->5760K(514048K)] 962197K->464075K(1038336K), 0.0296625 secs] [Times: user=0.04 sys=0.05, real=0.03 secs] 
2021-05-22T02:06:47.818+0800: 664559.517: [GC (Allocation Failure) [PSYoungGen: 509056K->7360K(513536K)] 967371K->469792K(1037824K), 0.0367791 secs] [Times: user=0.04 sys=0.04, real=0.04 secs] 
2021-05-22T02:12:37.910+0800: 664909.608: [GC (Allocation Failure) [PSYoungGen: 510656K->6272K(514048K)] 973088K->474794K(1038336K), 0.0263026 secs] [Times: user=0.03 sys=0.05, real=0.03 secs] 
2021-05-22T02:18:24.221+0800: 665255.920: [GC (Allocation Failure) [PSYoungGen: 510080K->7008K(514048K)] 978602K->479991K(1038336K), 0.0345674 secs] [Times: user=0.04 sys=0.04, real=0.04 secs] 
2021-05-22T02:24:20.937+0800: 665612.635: [GC (Allocation Failure) [PSYoungGen: 510816K->9696K(508416K)] 983799K->488259K(1032704K), 0.0247179 secs] [Times: user=0.04 sys=0.04, real=0.02 secs] 
2021-05-22T02:30:07.221+0800: 665958.919: [GC (Allocation Failure) [PSYoungGen: 508384K->7840K(511488K)] 986947K->494988K(1035776K), 0.0284399 secs] [Times: user=0.09 sys=0.00, real=0.03 secs] 
2021-05-22T02:35:57.455+0800: 666309.153: [GC (Allocation Failure) [PSYoungGen: 506528K->4640K(512000K)] 993676K->498622K(1036288K), 0.0395203 secs] [Times: user=0.05 sys=0.04, real=0.04 secs] 
2021-05-22T02:41:52.377+0800: 666664.075: [GC (Allocation Failure) [PSYoungGen: 504352K->8960K(508928K)] 998334K->506236K(1033216K), 0.0229447 secs] [Times: user=0.03 sys=0.04, real=0.02 secs] 
2021-05-22T02:47:41.729+0800: 667013.427: [GC (Allocation Failure) [PSYoungGen: 508672K->6784K(512000K)] 1005948K->511126K(1036288K), 0.0244815 secs] [Times: user=0.03 sys=0.04, real=0.03 secs] 
2021-05-22T02:53:27.209+0800: 667358.907: [GC (Allocation Failure) [PSYoungGen: 505984K->8992K(511488K)] 1010326K->518212K(1035776K), 0.0281023 secs] [Times: user=0.04 sys=0.04, real=0.03 secs] 
2021-05-22T02:59:17.895+0800: 667709.594: [GC (Allocation Failure) [PSYoungGen: 508192K->9184K(512000K)] 1017412K->525246K(1036288K), 0.0569140 secs] [Times: user=0.09 sys=0.00, real=0.06 secs] 
2021-05-22T02:59:17.953+0800: 667709.651: [Full GC (Ergonomics) [PSYoungGen: 9184K->0K(512000K)] [ParOldGen: 516062K->279172K(524288K)] 525246K->279172K(1036288K), [Metaspace: 94590K->94586K(1136640K)], 0.5701872 secs] [Times: user=1.16 sys=0.00, real=0.57 secs] 
2021-05-22T03:05:09.793+0800: 668061.491: [GC (Allocation Failure) [PSYoungGen: 499712K->6880K(512000K)] 778884K->286052K(1036288K), 0.0549795 secs] [Times: user=0.03 sys=0.03, real=0.05 secs] 
2021-05-22T03:11:05.203+0800: 668416.901: [GC (Allocation Failure) [PSYoungGen: 506592K->4288K(512000K)] 785764K->289224K(1036288K), 0.0273899 secs] [Times: user=0.07 sys=0.00, real=0.02 secs] 
2021-05-22T03:16:51.851+0800: 668763.549: [GC (Allocation Failure) [PSYoungGen: 504000K->10592K(510464K)] 788936K->297967K(1034752K), 0.0254739 secs] [Times: user=0.06 sys=0.00, real=0.03 secs] 
2021-05-22T03:22:46.157+0800: 669117.855: [GC (Allocation Failure) [PSYoungGen: 510304K->7712K(511488K)] 797679K->303550K(1035776K), 0.0221901 secs] [Times: user=0.07 sys=0.00, real=0.02 secs] 
2021-05-22T03:28:38.174+0800: 669469.873: [GC (Allocation Failure) [PSYoungGen: 505888K->8352K(510976K)] 801726K->310434K(1035264K), 0.0402200 secs] [Times: user=0.08 sys=0.00, real=0.04 secs] 
2021-05-22T03:34:35.105+0800: 669826.803: [GC (Allocation Failure) [PSYoungGen: 506528K->6656K(512000K)] 808610K->316068K(1036288K), 0.0841838 secs] [Times: user=0.08 sys=0.00, real=0.08 secs] 
2021-05-22T03:40:28.144+0800: 670179.842: [GC (Allocation Failure) [PSYoungGen: 506368K->10016K(509952K)] 815780K->324169K(1034240K), 0.0299035 secs] [Times: user=0.09 sys=0.00, real=0.03 secs] 
2021-05-22T03:46:20.619+0800: 670532.317: [GC (Allocation Failure) [PSYoungGen: 509728K->10496K(510464K)] 823881K->333426K(1034752K), 0.0278130 secs] [Times: user=0.07 sys=0.00, real=0.03 secs] 
2021-05-22T03:52:10.432+0800: 670882.130: [GC (Allocation Failure) [PSYoungGen: 508160K->8672K(510976K)] 831090K->340284K(1035264K), 0.0243116 secs] [Times: user=0.08 sys=0.00, real=0.03 secs] 
2021-05-22T03:58:04.006+0800: 671235.705: [GC (Allocation Failure) [PSYoungGen: 506336K->11264K(510464K)] 837948K->349911K(1034752K), 0.0226710 secs] [Times: user=0.03 sys=0.04, real=0.02 secs] 
2021-05-22T04:03:57.112+0800: 671588.810: [GC (Allocation Failure) [PSYoungGen: 508928K->7424K(510976K)] 847575K->355175K(1035264K), 0.0600327 secs] [Times: user=0.17 sys=0.02, real=0.07 secs] 
2021-05-22T04:09:48.019+0800: 671939.717: [GC (Allocation Failure) [PSYoungGen: 505088K->4000K(510976K)] 852839K->357730K(1035264K), 0.0262328 secs] [Times: user=0.07 sys=0.00, real=0.03 secs] 
2021-05-22T04:15:40.486+0800: 672292.184: [GC (Allocation Failure) [PSYoungGen: 501664K->5824K(510976K)] 855394K->361465K(1035264K), 0.0302144 secs] [Times: user=0.03 sys=0.03, real=0.03 secs] 
2021-05-22T04:21:30.509+0800: 672642.207: [GC (Allocation Failure) [PSYoungGen: 503488K->9632K(510976K)] 859129K->369591K(1035264K), 0.0255698 secs] [Times: user=0.07 sys=0.00, real=0.03 secs] 
2021-05-22T04:27:18.801+0800: 672990.499: [GC (Allocation Failure) [PSYoungGen: 507296K->10112K(507904K)] 867255K->378017K(1032192K), 0.0240873 secs] [Times: user=0.07 sys=0.00, real=0.03 secs] 
2021-05-22T04:33:12.169+0800: 673343.867: [GC (Allocation Failure) [PSYoungGen: 507776K->7840K(510976K)] 875681K->383795K(1035264K), 0.0225243 secs] [Times: user=0.03 sys=0.04, real=0.02 secs] 
2021-05-22T04:39:03.085+0800: 673694.783: [GC (Allocation Failure) [PSYoungGen: 504992K->6240K(510464K)] 880947K->388558K(1034752K), 0.0228356 secs] [Times: user=0.04 sys=0.03, real=0.02 secs] 
2021-05-22T04:44:55.138+0800: 674046.836: [GC (Allocation Failure) [PSYoungGen: 503392K->8000K(511488K)] 885710K->395027K(1035776K), 0.0274622 secs] [Times: user=0.04 sys=0.04, real=0.03 secs] 
2021-05-22T04:50:46.155+0800: 674397.853: [GC (Allocation Failure) [PSYoungGen: 506176K->10400K(510976K)] 893203K->403760K(1035264K), 0.0535795 secs] [Times: user=0.09 sys=0.00, real=0.05 secs] 
2021-05-22T04:56:30.899+0800: 674742.597: [GC (Allocation Failure) [PSYoungGen: 508576K->11296K(509952K)] 901936K->412505K(1034240K), 0.0259415 secs] [Times: user=0.04 sys=0.03, real=0.03 secs] 
2021-05-22T05:02:19.402+0800: 675091.101: [GC (Allocation Failure) [PSYoungGen: 507935K->7296K(510464K)] 909144K->417513K(1034752K), 0.0523385 secs] [Times: user=0.07 sys=0.00, real=0.05 secs] 
2021-05-22T05:08:18.196+0800: 675449.894: [GC (Allocation Failure) [PSYoungGen: 503936K->13280K(503808K)] 914153K->429222K(1028096K), 0.0689045 secs] [Times: user=0.04 sys=0.04, real=0.07 secs] 
2021-05-22T05:14:30.650+0800: 675822.348: [GC (Allocation Failure) [PSYoungGen: 503776K->10240K(507392K)] 919718K->437014K(1031680K), 0.0252468 secs] [Times: user=0.09 sys=0.00, real=0.03 secs] 
2021-05-22T05:20:41.452+0800: 676193.150: [GC (Allocation Failure) [PSYoungGen: 500736K->4544K(506880K)] 927510K->440023K(1031168K), 0.0318993 secs] [Times: user=0.09 sys=0.00, real=0.04 secs] 
2021-05-22T05:26:58.515+0800: 676570.213: [GC (Allocation Failure) [PSYoungGen: 495040K->9856K(507392K)] 930519K->448396K(1031680K), 0.0256987 secs] [Times: user=0.07 sys=0.00, real=0.02 secs] 
2021-05-22T05:33:05.116+0800: 676936.815: [GC (Allocation Failure) [PSYoungGen: 500352K->6272K(508416K)] 938892K->452724K(1032704K), 0.0764258 secs] [Times: user=0.12 sys=0.11, real=0.08 secs] 
2021-05-22T05:39:18.649+0800: 677310.348: [GC (Allocation Failure) [PSYoungGen: 498304K->10496K(507904K)] 944756K->461552K(1032192K), 0.0240550 secs] [Times: user=0.07 sys=0.00, real=0.03 secs] 
2021-05-22T05:45:30.526+0800: 677682.224: [GC (Allocation Failure) [PSYoungGen: 502528K->8576K(508928K)] 953584K->467762K(1033216K), 0.0249759 secs] [Times: user=0.07 sys=0.00, real=0.02 secs] 
2021-05-22T05:51:50.361+0800: 678062.059: [GC (Allocation Failure) [PSYoungGen: 501632K->9696K(508416K)] 960818K->475996K(1032704K), 0.0243576 secs] [Times: user=0.07 sys=0.00, real=0.03 secs] 
2021-05-22T05:58:05.552+0800: 678437.250: [GC (Allocation Failure) [PSYoungGen: 502752K->10336K(509440K)] 969052K->483664K(1033728K), 0.0308636 secs] [Times: user=0.08 sys=0.00, real=0.04 secs] 
2021-05-22T06:04:17.060+0800: 678808.758: [GC (Allocation Failure) [PSYoungGen: 504928K->7584K(509440K)] 978256K->488856K(1033728K), 0.0292202 secs] [Times: user=0.09 sys=0.00, real=0.03 secs] 
2021-05-22T06:10:27.107+0800: 679178.805: [GC (Allocation Failure) [PSYoungGen: 502176K->6784K(509952K)] 983448K->494274K(1034240K), 0.0313375 secs] [Times: user=0.08 sys=0.00, real=0.03 secs] 
2021-05-22T06:16:50.482+0800: 679562.180: [GC (Allocation Failure) [PSYoungGen: 501888K->9632K(509440K)] 989378K->501167K(1033728K), 0.0678798 secs] [Times: user=0.03 sys=0.03, real=0.07 secs] 
2021-05-22T06:23:13.352+0800: 679945.050: [GC (Allocation Failure) [PSYoungGen: 504736K->5760K(509952K)] 996271K->505095K(1034240K), 0.0498303 secs] [Times: user=0.08 sys=0.00, real=0.05 secs] 
2021-05-22T06:29:24.988+0800: 680316.687: [GC (Allocation Failure) [PSYoungGen: 501376K->9312K(509952K)] 1000711K->513179K(1034240K), 0.0261122 secs] [Times: user=0.08 sys=0.00, real=0.03 secs] 
2021-05-22T06:35:39.421+0800: 680691.119: [GC (Allocation Failure) [PSYoungGen: 504928K->10112K(510464K)] 1008795K->521935K(1034752K), 0.0286154 secs] [Times: user=0.08 sys=0.00, real=0.03 secs] 
2021-05-22T06:41:57.176+0800: 681068.874: [GC (Allocation Failure) [PSYoungGen: 506752K->8832K(510464K)] 1018575K->528752K(1034752K), 0.0258498 secs] [Times: user=0.09 sys=0.00, real=0.03 secs] 
2021-05-22T06:41:57.202+0800: 681068.901: [Full GC (Ergonomics) [PSYoungGen: 8832K->0K(510464K)] [ParOldGen: 519920K->296467K(524288K)] 528752K->296467K(1034752K), [Metaspace: 94639K->94639K(1136640K)], 0.4243266 secs] [Times: user=0.95 sys=0.00, real=0.42 secs] 
2021-05-22T06:48:19.806+0800: 681451.504: [GC (Allocation Failure) [PSYoungGen: 496640K->6016K(510464K)] 793107K->302483K(1034752K), 0.0191942 secs] [Times: user=0.03 sys=0.03, real=0.02 secs] 
2021-05-22T06:54:36.769+0800: 681828.467: [GC (Allocation Failure) [PSYoungGen: 502656K->10336K(510464K)] 799123K->311479K(1034752K), 0.0248040 secs] [Times: user=0.07 sys=0.00, real=0.03 secs] 
2021-05-22T07:00:54.934+0800: 682206.633: [GC (Allocation Failure) [PSYoungGen: 506976K->6528K(510464K)] 808119K->315536K(1034752K), 0.0241712 secs] [Times: user=0.07 sys=0.00, real=0.02 secs] 
2021-05-22T07:07:10.781+0800: 682582.479: [GC (Allocation Failure) [PSYoungGen: 503168K->7712K(510464K)] 812176K->322018K(1034752K), 0.0307976 secs] [Times: user=0.10 sys=0.00, real=0.03 secs] 
2021-05-22T07:13:27.278+0800: 682958.977: [GC (Allocation Failure) [PSYoungGen: 504352K->4096K(510976K)] 818658K->324254K(1035264K), 0.0301325 secs] [Times: user=0.09 sys=0.00, real=0.03 secs] 
2021-05-22T07:19:43.723+0800: 683335.421: [GC (Allocation Failure) [PSYoungGen: 501760K->9458K(507392K)] 821918K->332183K(1031680K), 0.0636193 secs] [Times: user=0.03 sys=0.06, real=0.06 secs] 
2021-05-22T07:25:56.460+0800: 683708.158: [GC (Allocation Failure) [PSYoungGen: 507122K->9312K(510976K)] 829847K->339433K(1035264K), 0.0324757 secs] [Times: user=0.10 sys=0.00, real=0.04 secs] 
2021-05-22T07:32:14.240+0800: 684085.938: [GC (Allocation Failure) [PSYoungGen: 506464K->6400K(510464K)] 836585K->344162K(1034752K), 0.0310667 secs] [Times: user=0.08 sys=0.00, real=0.03 secs] 
2021-05-22T07:38:30.355+0800: 684462.054: [GC (Allocation Failure) [PSYoungGen: 503552K->6624K(510976K)] 841314K->348926K(1035264K), 0.0281450 secs] [Times: user=0.04 sys=0.04, real=0.03 secs] 
2021-05-22T07:44:49.133+0800: 684840.831: [GC (Allocation Failure) [PSYoungGen: 504288K->5248K(510976K)] 846590K->352410K(1035264K), 0.0236864 secs] [Times: user=0.04 sys=0.04, real=0.02 secs] 
2021-05-22T07:50:58.638+0800: 685210.336: [GC (Allocation Failure) [PSYoungGen: 502912K->8992K(511488K)] 850074K->359944K(1035776K), 0.0359477 secs] [Times: user=0.10 sys=0.00, real=0.04 secs] 
2021-05-22T07:57:16.762+0800: 685588.460: [GC (Allocation Failure) [PSYoungGen: 507680K->9600K(508416K)] 858632K->367180K(1032704K), 0.0616933 secs] [Times: user=0.09 sys=0.00, real=0.07 secs] 
2021-05-22T08:03:38.324+0800: 685970.022: [GC (Allocation Failure) [PSYoungGen: 508288K->5248K(510976K)] 865868K->370299K(1035264K), 0.0272324 secs] [Times: user=0.09 sys=0.00, real=0.02 secs] 
2021-05-22T08:09:51.009+0800: 686342.707: [GC (Allocation Failure) [PSYoungGen: 502912K->12576K(510464K)] 867963K->380946K(1034752K), 0.0278797 secs] [Times: user=0.03 sys=0.04, real=0.03 secs] 
2021-05-22T08:16:07.234+0800: 686718.933: [GC (Allocation Failure) [PSYoungGen: 510240K->5600K(509440K)] 878610K->383401K(1033728K), 0.0666852 secs] [Times: user=0.07 sys=0.00, real=0.06 secs] 
2021-05-22T08:22:23.892+0800: 687095.590: [GC (Allocation Failure) [PSYoungGen: 501216K->5056K(509952K)] 879017K->387045K(1034240K), 0.0217625 secs] [Times: user=0.03 sys=0.03, real=0.03 secs] 
2021-05-22T08:28:43.622+0800: 687475.320: [GC (Allocation Failure) [PSYoungGen: 500669K->3424K(509952K)] 882659K->389002K(1034240K), 0.0262108 secs] [Times: user=0.03 sys=0.04, real=0.03 secs] 
2021-05-22T08:35:04.612+0800: 687856.310: [GC (Allocation Failure) [PSYoungGen: 499040K->5760K(509952K)] 884618K->393257K(1034240K), 0.0305993 secs] [Times: user=0.04 sys=0.04, real=0.04 secs] 
2021-05-22T08:41:17.385+0800: 688229.084: [GC (Allocation Failure) [PSYoungGen: 501376K->6560K(510976K)] 888873K->398437K(1035264K), 0.0366050 secs] [Times: user=0.05 sys=0.04, real=0.04 secs] 
2021-05-22T08:47:36.334+0800: 688608.032: [GC (Allocation Failure) [PSYoungGen: 503712K->4160K(510464K)] 895589K->400640K(1034752K), 0.0250298 secs] [Times: user=0.04 sys=0.04, real=0.02 secs] 
2021-05-22T08:54:01.472+0800: 688993.170: [GC (Allocation Failure) [PSYoungGen: 501306K->6432K(511488K)] 897786K->405287K(1035776K), 0.0255141 secs] [Times: user=0.03 sys=0.03, real=0.02 secs] 
2021-05-22T09:00:12.080+0800: 689363.778: [GC (Allocation Failure) [PSYoungGen: 504608K->10048K(510976K)] 903463K->413715K(1035264K), 0.0514777 secs] [Times: user=0.04 sys=0.03, real=0.05 secs] 
2021-05-22T09:06:28.295+0800: 689739.993: [GC (Allocation Failure) [PSYoungGen: 508224K->4608K(510976K)] 911891K->416691K(1035264K), 0.0306480 secs] [Times: user=0.09 sys=0.00, real=0.03 secs] 
2021-05-22T09:12:44.439+0800: 690116.137: [GC (Allocation Failure) [PSYoungGen: 502272K->4480K(510976K)] 914355K->419624K(1035264K), 0.0227725 secs] [Times: user=0.07 sys=0.00, real=0.02 secs] 
2021-05-22T09:18:56.499+0800: 690488.197: [GC (Allocation Failure) [PSYoungGen: 502144K->11648K(508416K)] 917288K->429072K(1032704K), 0.0231053 secs] [Times: user=0.06 sys=0.00, real=0.03 secs] 
2021-05-22T09:25:15.919+0800: 690867.618: [GC (Allocation Failure) [PSYoungGen: 507264K->4800K(509952K)] 924688K->431277K(1034240K), 0.0258318 secs] [Times: user=0.04 sys=0.04, real=0.03 secs] 
2021-05-22T09:31:29.420+0800: 691241.118: [GC (Allocation Failure) [PSYoungGen: 500416K->9760K(509440K)] 926893K->439524K(1033728K), 0.0266177 secs] [Times: user=0.07 sys=0.00, real=0.03 secs] 
2021-05-22T09:37:35.812+0800: 691607.511: [GC (Allocation Failure) [PSYoungGen: 505376K->8192K(509952K)] 935140K->445406K(1034240K), 0.0292274 secs] [Times: user=0.08 sys=0.00, real=0.02 secs] 
2021-05-22T09:43:43.295+0800: 691974.993: [GC (Allocation Failure) [PSYoungGen: 503808K->7744K(510976K)] 941022K->451416K(1035264K), 0.0339858 secs] [Times: user=0.08 sys=0.00, real=0.03 secs] 
2021-05-22T09:49:57.494+0800: 692349.192: [GC (Allocation Failure) [PSYoungGen: 504896K->7328K(510464K)] 948568K->456971K(1034752K), 0.0294473 secs] [Times: user=0.04 sys=0.04, real=0.03 secs] 
2021-05-22T09:56:03.518+0800: 692715.217: [GC (Allocation Failure) [PSYoungGen: 504480K->7040K(512000K)] 954123K->461974K(1036288K), 0.0453601 secs] [Times: user=0.03 sys=0.04, real=0.05 secs] 
2021-05-22T10:02:18.599+0800: 693090.297: [GC (Allocation Failure) [PSYoungGen: 506240K->9760K(511488K)] 961174K->470401K(1035776K), 0.0542120 secs] [Times: user=0.04 sys=0.05, real=0.06 secs] 
2021-05-22T10:08:39.613+0800: 693471.311: [GC (Allocation Failure) [PSYoungGen: 508960K->7424K(512000K)] 969601K->476233K(1036288K), 0.0300515 secs] [Times: user=0.09 sys=0.00, real=0.03 secs] 
2021-05-22T10:15:01.212+0800: 693852.910: [GC (Allocation Failure) [PSYoungGen: 506624K->4768K(511488K)] 975433K->478341K(1035776K), 0.0247990 secs] [Times: user=0.03 sys=0.04, real=0.03 secs] 
2021-05-22T10:21:17.354+0800: 694229.052: [GC (Allocation Failure) [PSYoungGen: 503968K->8096K(512000K)] 977541K->484715K(1036288K), 0.0262287 secs] [Times: user=0.04 sys=0.03, real=0.02 secs] 
2021-05-22T10:27:33.882+0800: 694605.580: [GC (Allocation Failure) [PSYoungGen: 507808K->3296K(512000K)] 984427K->486172K(1036288K), 0.0308479 secs] [Times: user=0.04 sys=0.04, real=0.03 secs] 
2021-05-22T10:33:53.926+0800: 694985.624: [GC (Allocation Failure) [PSYoungGen: 503008K->4704K(512000K)] 985884K->489259K(1036288K), 0.0334670 secs] [Times: user=0.08 sys=0.00, real=0.03 secs] 
2021-05-22T10:40:12.729+0800: 695364.428: [GC (Allocation Failure) [PSYoungGen: 504416K->3616K(512000K)] 988971K->491289K(1036288K), 0.0222002 secs] [Times: user=0.07 sys=0.00, real=0.02 secs] 
2021-05-22T10:46:29.237+0800: 695740.936: [GC (Allocation Failure) [PSYoungGen: 503328K->7616K(512000K)] 991001K->497256K(1036288K), 0.0749258 secs] [Times: user=0.07 sys=0.00, real=0.08 secs] 
2021-05-22T10:52:41.948+0800: 696113.647: [GC (Allocation Failure) [PSYoungGen: 507328K->4864K(512000K)] 996968K->500674K(1036288K), 0.0270234 secs] [Times: user=0.04 sys=0.04, real=0.03 secs] 
2021-05-22T10:59:03.239+0800: 696494.937: [GC (Allocation Failure) [PSYoungGen: 504576K->8000K(512512K)] 1000386K->507152K(1036800K), 0.0298772 secs] [Times: user=0.09 sys=0.00, real=0.03 secs] 
2021-05-22T11:05:23.847+0800: 696875.546: [GC (Allocation Failure) [PSYoungGen: 508736K->6688K(512512K)] 1007888K->511643K(1036800K), 0.0244357 secs] [Times: user=0.08 sys=0.00, real=0.02 secs] 
2021-05-22T11:11:38.008+0800: 697249.706: [GC (Allocation Failure) [PSYoungGen: 507424K->9056K(512512K)] 1012379K->518975K(1036800K), 0.0327789 secs] [Times: user=0.08 sys=0.00, real=0.03 secs] 
2021-05-22T11:17:59.767+0800: 697631.465: [GC (Allocation Failure) [PSYoungGen: 509792K->5408K(512512K)] 1019711K->522184K(1036800K), 0.0262927 secs] [Times: user=0.04 sys=0.04, real=0.03 secs] 
2021-05-22T11:17:59.793+0800: 697631.492: [Full GC (Ergonomics) [PSYoungGen: 5408K->0K(512512K)] [ParOldGen: 516776K->272189K(524288K)] 522184K->272189K(1036800K), [Metaspace: 94639K->94636K(1136640K)], 0.5325995 secs] [Times: user=1.13 sys=0.00, real=0.53 secs] 
2021-05-22T11:24:23.148+0800: 698014.847: [GC (Allocation Failure) [PSYoungGen: 500736K->5408K(513024K)] 772925K->277597K(1037312K), 0.0190095 secs] [Times: user=0.03 sys=0.03, real=0.02 secs] 
2021-05-22T11:30:47.017+0800: 698398.715: [GC (Allocation Failure) [PSYoungGen: 506656K->5184K(512512K)] 778845K->281398K(1036800K), 0.0247469 secs] [Times: user=0.07 sys=0.00, real=0.03 secs] 
2021-05-22T11:37:09.419+0800: 698781.117: [GC (Allocation Failure) [PSYoungGen: 506432K->9280K(512000K)] 782646K->289194K(1036288K), 0.0282306 secs] [Times: user=0.08 sys=0.00, real=0.03 secs] 
2021-05-22T11:43:24.903+0800: 699156.602: [GC (Allocation Failure) [PSYoungGen: 510016K->6944K(512512K)] 789930K->294363K(1036800K), 0.0253104 secs] [Times: user=0.06 sys=0.00, real=0.02 secs] 
2021-05-22T11:49:40.925+0800: 699532.624: [GC (Allocation Failure) [PSYoungGen: 507680K->5024K(513024K)] 795099K->297055K(1037312K), 0.0290329 secs] [Times: user=0.08 sys=0.00, real=0.03 secs] 
2021-05-22T11:55:55.082+0800: 699906.780: [GC (Allocation Failure) [PSYoungGen: 506784K->6688K(513024K)] 798815K->302053K(1037312K), 0.0700879 secs] [Times: user=0.03 sys=0.03, real=0.07 secs] 
2021-05-22T12:02:11.815+0800: 700283.513: [GC (Allocation Failure) [PSYoungGen: 508448K->7680K(513536K)] 803813K->307857K(1037824K), 0.0229128 secs] [Times: user=0.04 sys=0.04, real=0.02 secs] 
2021-05-22T12:08:31.967+0800: 700663.665: [GC (Allocation Failure) [PSYoungGen: 510464K->7328K(513536K)] 810641K->313276K(1037824K), 0.0267190 secs] [Times: user=0.08 sys=0.00, real=0.03 secs] 
2021-05-22T12:14:53.625+0800: 701045.323: [GC (Allocation Failure) [PSYoungGen: 510112K->4960K(513536K)] 816060K->315958K(1037824K), 0.0234366 secs] [Times: user=0.07 sys=0.00, real=0.02 secs] 
2021-05-22T12:21:13.033+0800: 701424.731: [GC (Allocation Failure) [PSYoungGen: 507744K->6368K(513536K)] 818742K->320460K(1037824K), 0.0228814 secs] [Times: user=0.07 sys=0.00, real=0.02 secs] 
2021-05-22T12:27:37.964+0800: 701809.662: [GC (Allocation Failure) [PSYoungGen: 509152K->5152K(514048K)] 823244K->324288K(1038336K), 0.0223484 secs] [Times: user=0.06 sys=0.00, real=0.02 secs] 
2021-05-22T12:33:55.454+0800: 702187.152: [GC (Allocation Failure) [PSYoungGen: 508960K->4864K(514048K)] 828096K->327653K(1038336K), 0.0383826 secs] [Times: user=0.06 sys=0.00, real=0.04 secs] 
2021-05-22T12:40:16.198+0800: 702567.896: [GC (Allocation Failure) [PSYoungGen: 508672K->8256K(514048K)] 831461K->334123K(1038336K), 0.0221168 secs] [Times: user=0.06 sys=0.00, real=0.02 secs] 
2021-05-22T12:46:37.777+0800: 702949.475: [GC (Allocation Failure) [PSYoungGen: 512064K->8704K(513024K)] 837931K->340838K(1037312K), 0.0268602 secs] [Times: user=0.04 sys=0.04, real=0.03 secs] 
2021-05-22T12:52:58.278+0800: 703329.976: [GC (Allocation Failure) [PSYoungGen: 512512K->4512K(513536K)] 844646K->343415K(1037824K), 0.0218869 secs] [Times: user=0.07 sys=0.00, real=0.02 secs] 
2021-05-22T12:59:16.828+0800: 703708.526: [GC (Allocation Failure) [PSYoungGen: 507296K->9216K(512512K)] 846199K->350950K(1036800K), 0.0288046 secs] [Times: user=0.04 sys=0.04, real=0.03 secs] 
2021-05-22T13:05:38.356+0800: 704090.055: [GC (Allocation Failure) [PSYoungGen: 512000K->7360K(513024K)] 853734K->356273K(1037312K), 0.0250844 secs] [Times: user=0.07 sys=0.00, real=0.02 secs] 
2021-05-22T13:11:51.816+0800: 704463.514: [GC (Allocation Failure) [PSYoungGen: 509120K->6336K(513024K)] 858033K->361011K(1037312K), 0.0228224 secs] [Times: user=0.04 sys=0.04, real=0.02 secs] 
2021-05-22T13:18:15.486+0800: 704847.184: [GC (Allocation Failure) [PSYoungGen: 508096K->2816K(512512K)] 862771K->361902K(1036800K), 0.0248605 secs] [Times: user=0.06 sys=0.00, real=0.02 secs] 
2021-05-22T13:24:27.147+0800: 705218.845: [GC (Allocation Failure) [PSYoungGen: 504576K->8416K(510464K)] 863662K->368713K(1034752K), 0.0218610 secs] [Times: user=0.03 sys=0.03, real=0.02 secs] 
2021-05-22T13:30:45.831+0800: 705597.530: [GC (Allocation Failure) [PSYoungGen: 510176K->3296K(512512K)] 870473K->369866K(1036800K), 0.0252597 secs] [Times: user=0.07 sys=0.00, real=0.03 secs] 
2021-05-22T13:36:59.763+0800: 705971.462: [GC (Allocation Failure) [PSYoungGen: 504032K->4704K(512512K)] 870602K->372962K(1036800K), 0.0250534 secs] [Times: user=0.07 sys=0.00, real=0.02 secs] 
2021-05-22T13:43:13.916+0800: 706345.614: [GC (Allocation Failure) [PSYoungGen: 505440K->6624K(513024K)] 873698K->377992K(1037312K), 0.0260363 secs] [Times: user=0.06 sys=0.00, real=0.02 secs] 
2021-05-22T13:49:26.488+0800: 706718.187: [GC (Allocation Failure) [PSYoungGen: 508384K->4384K(513024K)] 879752K->380875K(1037312K), 0.0233977 secs] [Times: user=0.07 sys=0.00, real=0.02 secs] 
2021-05-22T13:55:46.413+0800: 707098.111: [GC (Allocation Failure) [PSYoungGen: 506144K->2912K(513536K)] 882635K->382305K(1037824K), 0.0447173 secs] [Times: user=0.03 sys=0.03, real=0.04 secs] 
2021-05-22T14:02:08.540+0800: 707480.238: [GC (Allocation Failure) [PSYoungGen: 505696K->5216K(513536K)] 885089K->385809K(1037824K), 0.0275805 secs] [Times: user=0.06 sys=0.00, real=0.03 secs] 
2021-05-22T14:08:36.476+0800: 707868.174: [GC (Allocation Failure) [PSYoungGen: 508000K->7296K(513536K)] 888593K->391549K(1037824K), 0.0559387 secs] [Times: user=0.03 sys=0.05, real=0.06 secs] 
2021-05-22T14:14:51.237+0800: 708242.935: [GC (Allocation Failure) [PSYoungGen: 510080K->10720K(513536K)] 894333K->401242K(1037824K), 0.0274007 secs] [Times: user=0.03 sys=0.04, real=0.03 secs] 
2021-05-22T14:21:13.363+0800: 708625.061: [GC (Allocation Failure) [PSYoungGen: 513504K->4576K(507392K)] 904026K->404303K(1031680K), 0.0258794 secs] [Times: user=0.03 sys=0.03, real=0.02 secs] 
2021-05-22T14:27:36.018+0800: 709007.716: [GC (Allocation Failure) [PSYoungGen: 501216K->6496K(510464K)] 900943K->409141K(1034752K), 0.0216253 secs] [Times: user=0.06 sys=0.00, real=0.02 secs] 
2021-05-22T14:33:56.495+0800: 709388.193: [GC (Allocation Failure) [PSYoungGen: 503136K->6432K(511488K)] 905781K->413625K(1035776K), 0.0235069 secs] [Times: user=0.03 sys=0.03, real=0.02 secs] 
2021-05-22T14:40:18.441+0800: 709770.139: [GC (Allocation Failure) [PSYoungGen: 504608K->7168K(510976K)] 911801K->419437K(1035264K), 0.0236211 secs] [Times: user=0.07 sys=0.00, real=0.03 secs] 
2021-05-22T14:46:38.863+0800: 710150.561: [GC (Allocation Failure) [PSYoungGen: 505344K->6112K(512512K)] 917613K->423928K(1036800K), 0.0245524 secs] [Times: user=0.08 sys=0.00, real=0.02 secs] 
2021-05-22T14:52:47.034+0800: 710518.733: [GC (Allocation Failure) [PSYoungGen: 506336K->7424K(512000K)] 924152K->430044K(1036288K), 0.0589720 secs] [Times: user=0.07 sys=0.00, real=0.06 secs] 
2021-05-22T14:59:01.197+0800: 710892.895: [GC (Allocation Failure) [PSYoungGen: 507648K->10464K(510464K)] 930268K->438784K(1034752K), 0.0259151 secs] [Times: user=0.08 sys=0.00, real=0.03 secs] 
2021-05-22T15:05:18.422+0800: 711270.120: [GC (Allocation Failure) [PSYoungGen: 509152K->6752K(511488K)] 937472K->443649K(1035776K), 0.0289460 secs] [Times: user=0.04 sys=0.04, real=0.03 secs] 
2021-05-22T15:11:37.443+0800: 711649.142: [GC (Allocation Failure) [PSYoungGen: 505440K->9728K(510976K)] 942337K->451621K(1035264K), 0.0262994 secs] [Times: user=0.04 sys=0.04, real=0.02 secs] 
2021-05-22T15:17:58.631+0800: 712030.329: [GC (Allocation Failure) [PSYoungGen: 508414K->3392K(511488K)] 950308K->453188K(1035776K), 0.0215076 secs] [Times: user=0.07 sys=0.00, real=0.03 secs] 
2021-05-22T15:24:12.506+0800: 712404.204: [GC (Allocation Failure) [PSYoungGen: 502080K->8000K(511488K)] 951876K->459667K(1035776K), 0.0408464 secs] [Times: user=0.07 sys=0.00, real=0.04 secs] 
2021-05-22T15:30:26.564+0800: 712778.262: [GC (Allocation Failure) [PSYoungGen: 506688K->7744K(511488K)] 958355K->466261K(1035776K), 0.0259390 secs] [Times: user=0.08 sys=0.00, real=0.02 secs] 
2021-05-22T15:36:41.850+0800: 713153.548: [GC (Allocation Failure) [PSYoungGen: 506432K->6464K(512512K)] 964949K->471055K(1036800K), 0.0266118 secs] [Times: user=0.04 sys=0.04, real=0.03 secs] 
2021-05-22T15:42:52.821+0800: 713524.519: [GC (Allocation Failure) [PSYoungGen: 506688K->7936K(512000K)] 971279K->477571K(1036288K), 0.0546023 secs] [Times: user=0.08 sys=0.00, real=0.06 secs] 
2021-05-22T15:49:07.077+0800: 713898.775: [GC (Allocation Failure) [PSYoungGen: 508160K->9696K(511488K)] 977795K->485319K(1035776K), 0.0327067 secs] [Times: user=0.08 sys=0.00, real=0.03 secs] 
2021-05-22T15:55:17.821+0800: 714269.519: [GC (Allocation Failure) [PSYoungGen: 509408K->10528K(510464K)] 985031K->493985K(1034752K), 0.0636781 secs] [Times: user=0.04 sys=0.04, real=0.07 secs] 
2021-05-22T16:01:40.597+0800: 714652.295: [GC (Allocation Failure) [PSYoungGen: 510240K->3744K(510464K)] 993697K->495919K(1034752K), 0.0216777 secs] [Times: user=0.07 sys=0.00, real=0.02 secs] 
2021-05-22T16:07:55.792+0800: 715027.491: [GC (Allocation Failure) [PSYoungGen: 501408K->10336K(508416K)] 993583K->504686K(1032704K), 0.0307502 secs] [Times: user=0.09 sys=0.00, real=0.03 secs] 
2021-05-22T16:14:10.759+0800: 715402.458: [GC (Allocation Failure) [PSYoungGen: 508000K->5568K(510976K)] 1002350K->508165K(1035264K), 0.0288411 secs] [Times: user=0.09 sys=0.00, real=0.03 secs] 
2021-05-22T16:20:20.482+0800: 715772.180: [GC (Allocation Failure) [PSYoungGen: 502720K->8352K(510464K)] 1005317K->515033K(1034752K), 0.0288216 secs] [Times: user=0.07 sys=0.00, real=0.03 secs] 
2021-05-22T16:26:43.230+0800: 716154.929: [GC (Allocation Failure) [PSYoungGen: 505504K->4896K(510976K)] 1012185K->518306K(1035264K), 0.0253580 secs] [Times: user=0.07 sys=0.00, real=0.03 secs] 
2021-05-22T16:26:43.256+0800: 716154.955: [Full GC (Ergonomics) [PSYoungGen: 4896K->0K(510976K)] [ParOldGen: 513410K->281450K(524288K)] 518306K->281450K(1035264K), [Metaspace: 94643K->94643K(1136640K)], 0.4852654 secs] [Times: user=0.95 sys=0.00, real=0.48 secs] 
2021-05-22T16:32:57.461+0800: 716529.159: [GC (Allocation Failure) [PSYoungGen: 497664K->8960K(510976K)] 779114K->290410K(1035264K), 0.0265780 secs] [Times: user=0.04 sys=0.04, real=0.03 secs] 
2021-05-22T16:39:11.723+0800: 716903.421: [GC (Allocation Failure) [PSYoungGen: 506624K->8064K(511488K)] 788074K->297290K(1035776K), 0.0274007 secs] [Times: user=0.08 sys=0.00, real=0.02 secs] 
2021-05-22T16:45:24.701+0800: 717276.399: [GC (Allocation Failure) [PSYoungGen: 506240K->8256K(510976K)] 795466K->303718K(1035264K), 0.0301756 secs] [Times: user=0.04 sys=0.04, real=0.03 secs] 
2021-05-22T16:51:30.002+0800: 717641.701: [GC (Allocation Failure) [PSYoungGen: 506432K->11168K(510464K)] 801894K->312676K(1034752K), 0.0266849 secs] [Times: user=0.07 sys=0.00, real=0.02 secs] 
2021-05-22T16:57:35.329+0800: 718007.027: [GC (Allocation Failure) [PSYoungGen: 508832K->13056K(510976K)] 810340K->323951K(1035264K), 0.0291527 secs] [Times: user=0.08 sys=0.00, real=0.03 secs] 
2021-05-22T17:03:46.629+0800: 718378.327: [GC (Allocation Failure) [PSYoungGen: 510720K->8288K(508928K)] 821615K->328655K(1033216K), 0.0341177 secs] [Times: user=0.07 sys=0.00, real=0.04 secs] 
2021-05-22T17:10:02.455+0800: 718754.153: [GC (Allocation Failure) [PSYoungGen: 503904K->7040K(509952K)] 824271K->333217K(1034240K), 0.0224855 secs] [Times: user=0.03 sys=0.04, real=0.02 secs] 
2021-05-22T17:16:17.453+0800: 719129.152: [GC (Allocation Failure) [PSYoungGen: 502656K->8064K(510976K)] 828833K->339117K(1035264K), 0.0252460 secs] [Times: user=0.08 sys=0.00, real=0.02 secs] 
2021-05-22T17:22:32.467+0800: 719504.166: [GC (Allocation Failure) [PSYoungGen: 505216K->5824K(510464K)] 836269K->343550K(1034752K), 0.0339868 secs] [Times: user=0.10 sys=0.00, real=0.03 secs] 
2021-05-22T17:28:40.729+0800: 719872.427: [GC (Allocation Failure) [PSYoungGen: 502976K->10688K(509952K)] 840702K->352676K(1034240K), 0.0344628 secs] [Times: user=0.04 sys=0.04, real=0.04 secs] 
2021-05-22T17:34:52.639+0800: 720244.337: [GC (Allocation Failure) [PSYoungGen: 507328K->10304K(507392K)] 849316K->360326K(1031680K), 0.0267046 secs] [Times: user=0.04 sys=0.04, real=0.03 secs] 
2021-05-22T17:41:03.762+0800: 720615.461: [GC (Allocation Failure) [PSYoungGen: 506944K->10048K(509952K)] 856966K->367705K(1034240K), 0.0307417 secs] [Times: user=0.04 sys=0.05, real=0.03 secs] 
2021-05-22T17:47:24.529+0800: 720996.227: [GC (Allocation Failure) [PSYoungGen: 505664K->10048K(509952K)] 863321K->375300K(1034240K), 0.0731581 secs] [Times: user=0.08 sys=0.00, real=0.07 secs] 
2021-05-22T17:53:39.910+0800: 721371.609: [GC (Allocation Failure) [PSYoungGen: 505664K->7936K(510464K)] 870916K->381030K(1034752K), 0.0238254 secs] [Times: user=0.07 sys=0.00, real=0.03 secs] 
2021-05-22T17:59:56.191+0800: 721747.889: [GC (Allocation Failure) [PSYoungGen: 504064K->8000K(509952K)] 877158K->387584K(1034240K), 0.0249392 secs] [Times: user=0.07 sys=0.00, real=0.03 secs] 
2021-05-22T18:06:11.115+0800: 722122.814: [GC (Allocation Failure) [PSYoungGen: 504128K->6080K(510976K)] 883712K->392025K(1035264K), 0.0224834 secs] [Times: user=0.06 sys=0.00, real=0.02 secs] 
2021-05-22T18:12:34.275+0800: 722505.973: [GC (Allocation Failure) [PSYoungGen: 503744K->6496K(510976K)] 889689K->397149K(1035264K), 0.0217550 secs] [Times: user=0.07 sys=0.00, real=0.02 secs] 
2021-05-22T18:18:52.227+0800: 722883.925: [GC (Allocation Failure) [PSYoungGen: 504160K->7712K(511488K)] 894813K->402921K(1035776K), 0.0213043 secs] [Times: user=0.07 sys=0.00, real=0.02 secs] 
2021-05-22T18:25:08.897+0800: 723260.595: [GC (Allocation Failure) [PSYoungGen: 505888K->8480K(510976K)] 901097K->410059K(1035264K), 0.0275305 secs] [Times: user=0.08 sys=0.00, real=0.03 secs] 
2021-05-22T18:31:10.737+0800: 723622.435: [GC (Allocation Failure) [PSYoungGen: 506656K->12256K(501760K)] 908235K->424240K(1026048K), 0.0333808 secs] [Times: user=0.08 sys=0.00, real=0.03 secs] 
2021-05-22T18:37:19.648+0800: 723991.347: [GC (Allocation Failure) [PSYoungGen: 501728K->4576K(506880K)] 913712K->427699K(1031168K), 0.0241470 secs] [Times: user=0.08 sys=0.00, real=0.03 secs] 
2021-05-22T18:43:30.113+0800: 724361.811: [GC (Allocation Failure) [PSYoungGen: 494048K->10912K(506880K)] 917171K->436658K(1031168K), 0.0416382 secs] [Times: user=0.07 sys=0.00, real=0.04 secs] 
2021-05-22T18:49:40.292+0800: 724731.990: [GC (Allocation Failure) [PSYoungGen: 500384K->7360K(506880K)] 926130K->441290K(1031168K), 0.0234283 secs] [Times: user=0.08 sys=0.00, real=0.03 secs] 
2021-05-22T18:55:52.622+0800: 725104.320: [GC (Allocation Failure) [PSYoungGen: 496832K->7616K(507904K)] 930762K->447013K(1032192K), 0.0366739 secs] [Times: user=0.04 sys=0.03, real=0.03 secs] 
2021-05-22T19:02:06.083+0800: 725477.781: [GC (Allocation Failure) [PSYoungGen: 498624K->9952K(507392K)] 938021K->455033K(1031680K), 0.0259866 secs] [Times: user=0.04 sys=0.03, real=0.02 secs] 
2021-05-22T19:08:11.301+0800: 725842.999: [GC (Allocation Failure) [PSYoungGen: 500960K->9920K(508416K)] 946041K->462541K(1032704K), 0.0258197 secs] [Times: user=0.08 sys=0.00, real=0.03 secs] 
2021-05-22T19:14:21.636+0800: 726213.334: [GC (Allocation Failure) [PSYoungGen: 502464K->10112K(508416K)] 955085K->469600K(1032704K), 0.0232936 secs] [Times: user=0.03 sys=0.04, real=0.02 secs] 
2021-05-22T19:20:37.086+0800: 726588.785: [GC (Allocation Failure) [PSYoungGen: 502656K->3968K(507904K)] 962144K->471918K(1032192K), 0.0212631 secs] [Times: user=0.04 sys=0.03, real=0.02 secs] 
2021-05-22T19:26:54.473+0800: 726966.171: [GC (Allocation Failure) [PSYoungGen: 496512K->5920K(508416K)] 964462K->476295K(1032704K), 0.0215689 secs] [Times: user=0.07 sys=0.00, real=0.02 secs] 
2021-05-22T19:32:59.784+0800: 727331.482: [GC (Allocation Failure) [PSYoungGen: 498464K->9472K(508928K)] 968839K->484085K(1033216K), 0.0290565 secs] [Times: user=0.09 sys=0.00, real=0.03 secs] 
2021-05-22T19:39:13.536+0800: 727705.234: [GC (Allocation Failure) [PSYoungGen: 503040K->6720K(508928K)] 977653K->488773K(1033216K), 0.0229885 secs] [Times: user=0.08 sys=0.00, real=0.02 secs] 
2021-05-22T19:45:25.919+0800: 728077.617: [GC (Allocation Failure) [PSYoungGen: 500288K->8224K(509952K)] 982341K->495106K(1034240K), 0.0264479 secs] [Times: user=0.03 sys=0.04, real=0.03 secs] 
2021-05-22T19:51:41.053+0800: 728452.752: [GC (Allocation Failure) [PSYoungGen: 503328K->6528K(509440K)] 990210K->499396K(1033728K), 0.0384554 secs] [Times: user=0.09 sys=0.00, real=0.03 secs] 
2021-05-22T19:57:56.132+0800: 728827.831: [GC (Allocation Failure) [PSYoungGen: 501632K->3872K(509440K)] 994500K->501839K(1033728K), 0.0221310 secs] [Times: user=0.07 sys=0.00, real=0.02 secs] 
2021-05-22T20:04:08.260+0800: 729199.959: [GC (Allocation Failure) [PSYoungGen: 499488K->6880K(509952K)] 997455K->507045K(1034240K), 0.0225897 secs] [Times: user=0.04 sys=0.04, real=0.03 secs] 
2021-05-22T20:10:21.082+0800: 729572.780: [GC (Allocation Failure) [PSYoungGen: 502496K->7200K(510976K)] 1002661K->512848K(1035264K), 0.0606003 secs] [Times: user=0.07 sys=0.00, real=0.07 secs] 
2021-05-22T20:16:31.758+0800: 729943.457: [GC (Allocation Failure) [PSYoungGen: 504352K->10688K(510464K)] 1010000K->521134K(1034752K), 0.0293339 secs] [Times: user=0.09 sys=0.00, real=0.03 secs] 
2021-05-22T20:22:41.339+0800: 730313.037: [GC (Allocation Failure) [PSYoungGen: 507840K->12448K(508416K)] 1018286K->530400K(1032704K), 0.0765748 secs] [Times: user=0.04 sys=0.04, real=0.08 secs] 
2021-05-22T20:22:41.416+0800: 730313.114: [Full GC (Ergonomics) [PSYoungGen: 12448K->0K(508416K)] [ParOldGen: 517952K->295352K(524288K)] 530400K->295352K(1032704K), [Metaspace: 94644K->94644K(1136640K)], 0.4541342 secs] [Times: user=1.01 sys=0.00, real=0.45 secs] 
2021-05-22T20:28:51.556+0800: 730683.254: [GC (Allocation Failure) [PSYoungGen: 494592K->9952K(509440K)] 789944K->305304K(1033728K), 0.0245134 secs] [Times: user=0.04 sys=0.04, real=0.02 secs] 
2021-05-22T20:35:06.398+0800: 731058.096: [GC (Allocation Failure) [PSYoungGen: 504544K->10816K(508416K)] 799896K->314770K(1032704K), 0.0403622 secs] [Times: user=0.09 sys=0.00, real=0.04 secs] 
2021-05-22T20:41:18.150+0800: 731429.849: [GC (Allocation Failure) [PSYoungGen: 504384K->12800K(506880K)] 808338K->325446K(1031168K), 0.0262363 secs] [Times: user=0.08 sys=0.00, real=0.03 secs] 
2021-05-22T20:47:26.204+0800: 731797.902: [GC (Allocation Failure) [PSYoungGen: 506368K->5440K(508416K)] 819014K->328212K(1032704K), 0.0293159 secs] [Times: user=0.08 sys=0.00, real=0.03 secs] 
2021-05-22T20:53:37.230+0800: 732168.928: [GC (Allocation Failure) [PSYoungGen: 497984K->6176K(508416K)] 820756K->332784K(1032704K), 0.0212888 secs] [Times: user=0.06 sys=0.00, real=0.02 secs] 
2021-05-22T20:59:47.348+0800: 732539.046: [GC (Allocation Failure) [PSYoungGen: 498720K->10048K(508928K)] 825328K->340710K(1033216K), 0.0340118 secs] [Times: user=0.03 sys=0.03, real=0.03 secs] 
2021-05-22T21:05:57.403+0800: 732909.101: [GC (Allocation Failure) [PSYoungGen: 503104K->8736K(508416K)] 833766K->347775K(1032704K), 0.0276921 secs] [Times: user=0.08 sys=0.00, real=0.02 secs] 
2021-05-22T21:12:09.648+0800: 733281.346: [GC (Allocation Failure) [PSYoungGen: 501792K->11648K(508416K)] 840831K->357195K(1032704K), 0.0418034 secs] [Times: user=0.04 sys=0.04, real=0.04 secs] 
2021-05-22T21:18:20.673+0800: 733652.371: [GC (Allocation Failure) [PSYoungGen: 505216K->9312K(508928K)] 850763K->362804K(1033216K), 0.0253599 secs] [Times: user=0.07 sys=0.00, real=0.02 secs] 
2021-05-22T21:24:34.518+0800: 734026.216: [GC (Allocation Failure) [PSYoungGen: 502875K->6784K(509440K)] 856367K->368196K(1033728K), 0.0295517 secs] [Times: user=0.04 sys=0.04, real=0.03 secs] 
2021-05-22T21:30:55.498+0800: 734407.197: [GC (Allocation Failure) [PSYoungGen: 501376K->5728K(509440K)] 862788K->372415K(1033728K), 0.0225701 secs] [Times: user=0.07 sys=0.00, real=0.02 secs] 
2021-05-22T21:37:05.141+0800: 734776.839: [GC (Allocation Failure) [PSYoungGen: 500320K->8992K(509952K)] 867007K->379787K(1034240K), 0.0242683 secs] [Times: user=0.08 sys=0.00, real=0.03 secs] 
2021-05-22T21:43:16.614+0800: 735148.312: [GC (Allocation Failure) [PSYoungGen: 504096K->9056K(509440K)] 874891K->387422K(1033728K), 0.0227176 secs] [Times: user=0.04 sys=0.03, real=0.02 secs] 
2021-05-22T21:49:33.498+0800: 735525.196: [GC (Allocation Failure) [PSYoungGen: 504160K->6784K(510464K)] 882526K->392591K(1034752K), 0.0257681 secs] [Times: user=0.08 sys=0.00, real=0.03 secs] 
2021-05-22T21:55:51.790+0800: 735903.488: [GC (Allocation Failure) [PSYoungGen: 503424K->9120K(510464K)] 889231K->400203K(1034752K), 0.0279141 secs] [Times: user=0.04 sys=0.04, real=0.03 secs] 
2021-05-22T22:02:08.813+0800: 736280.512: [GC (Allocation Failure) [PSYoungGen: 505760K->6688K(510976K)] 896843K->404980K(1035264K), 0.0218646 secs] [Times: user=0.07 sys=0.00, real=0.02 secs] 
2021-05-22T22:08:29.276+0800: 736660.974: [GC (Allocation Failure) [PSYoungGen: 504352K->5984K(510976K)] 902644K->409335K(1035264K), 0.0263226 secs] [Times: user=0.03 sys=0.05, real=0.03 secs] 
2021-05-22T22:14:45.034+0800: 737036.732: [GC (Allocation Failure) [PSYoungGen: 503648K->8480K(511488K)] 906999K->415645K(1035776K), 0.0238374 secs] [Times: user=0.03 sys=0.03, real=0.02 secs] 
2021-05-22T22:21:02.534+0800: 737414.232: [GC (Allocation Failure) [PSYoungGen: 506656K->9280K(510976K)] 913821K->422824K(1035264K), 0.0255014 secs] [Times: user=0.04 sys=0.04, real=0.02 secs] 
2021-05-22T22:27:20.131+0800: 737791.830: [GC (Allocation Failure) [PSYoungGen: 507456K->6272K(511488K)] 921000K->426754K(1035776K), 0.0230642 secs] [Times: user=0.03 sys=0.04, real=0.03 secs] 
2021-05-22T22:33:32.671+0800: 738164.369: [GC (Allocation Failure) [PSYoungGen: 504960K->12768K(511488K)] 925442K->439977K(1035776K), 0.0670006 secs] [Times: user=0.07 sys=0.00, real=0.07 secs] 
2021-05-22T22:39:52.564+0800: 738544.262: [GC (Allocation Failure) [PSYoungGen: 511456K->7776K(505344K)] 938665K->446222K(1029632K), 0.0294618 secs] [Times: user=0.04 sys=0.04, real=0.03 secs] 
2021-05-22T22:46:09.398+0800: 738921.096: [GC (Allocation Failure) [PSYoungGen: 500320K->4288K(497152K)] 938766K->449032K(1021440K), 0.0224302 secs] [Times: user=0.03 sys=0.03, real=0.02 secs] 
2021-05-22T22:52:25.917+0800: 739297.615: [GC (Allocation Failure) [PSYoungGen: 496832K->4160K(507904K)] 941576K->451774K(1032192K), 0.0241638 secs] [Times: user=0.03 sys=0.03, real=0.02 secs] 
2021-05-22T22:58:44.458+0800: 739676.156: [GC (Allocation Failure) [PSYoungGen: 495680K->8832K(507904K)] 943294K->459093K(1032192K), 0.0236398 secs] [Times: user=0.03 sys=0.03, real=0.02 secs] 
2021-05-22T23:04:56.548+0800: 740048.247: [GC (Allocation Failure) [PSYoungGen: 500352K->11840K(507392K)] 950613K->468328K(1031680K), 0.0589592 secs] [Times: user=0.07 sys=0.00, real=0.06 secs] 
2021-05-22T23:11:13.055+0800: 740424.754: [GC (Allocation Failure) [PSYoungGen: 503360K->9952K(507904K)] 959848K->474161K(1032192K), 0.0520353 secs] [Times: user=0.08 sys=0.00, real=0.05 secs] 
2021-05-22T23:17:17.831+0800: 740789.529: [GC (Allocation Failure) [PSYoungGen: 501472K->8448K(508928K)] 965681K->479899K(1033216K), 0.0326726 secs] [Times: user=0.07 sys=0.00, real=0.04 secs] 
2021-05-22T23:23:27.782+0800: 741159.481: [GC (Allocation Failure) [PSYoungGen: 501504K->12352K(505856K)] 972955K->490823K(1030144K), 0.0244782 secs] [Times: user=0.03 sys=0.04, real=0.02 secs] 
2021-05-22T23:29:37.385+0800: 741529.083: [GC (Allocation Failure) [PSYoungGen: 505408K->12032K(507904K)] 983879K->499001K(1032192K), 0.0297141 secs] [Times: user=0.09 sys=0.00, real=0.03 secs] 
2021-05-22T23:35:47.468+0800: 741899.166: [GC (Allocation Failure) [PSYoungGen: 503552K->9920K(507904K)] 990521K->505619K(1032192K), 0.0264916 secs] [Times: user=0.04 sys=0.04, real=0.03 secs] 
2021-05-22T23:42:01.663+0800: 742273.361: [GC (Allocation Failure) [PSYoungGen: 501440K->4896K(507392K)] 997139K->508610K(1031680K), 0.0280191 secs] [Times: user=0.07 sys=0.00, real=0.02 secs] 
2021-05-22T23:48:13.212+0800: 742644.911: [GC (Allocation Failure) [PSYoungGen: 496416K->8064K(507904K)] 1000130K->515113K(1032192K), 0.0290622 secs] [Times: user=0.04 sys=0.04, real=0.02 secs] 
2021-05-22T23:54:27.577+0800: 743019.275: [GC (Allocation Failure) [PSYoungGen: 499584K->8576K(509440K)] 1006633K->521580K(1033728K), 0.0372797 secs] [Times: user=0.04 sys=0.05, real=0.04 secs] 
2021-05-22T23:54:27.615+0800: 743019.313: [Full GC (Ergonomics) [PSYoungGen: 8576K->0K(509440K)] [ParOldGen: 513004K->280733K(524288K)] 521580K->280733K(1033728K), [Metaspace: 94651K->94651K(1136640K)], 0.4940081 secs] [Times: user=1.10 sys=0.00, real=0.49 secs] 
2021-05-23T00:00:34.349+0800: 743386.047: [GC (Allocation Failure) [PSYoungGen: 493568K->7424K(508416K)] 774301K->288157K(1032704K), 0.0241946 secs] [Times: user=0.06 sys=0.00, real=0.03 secs] 
2021-05-23T00:06:40.139+0800: 743751.838: [GC (Allocation Failure) [PSYoungGen: 500992K->12224K(508416K)] 781725K->298762K(1032704K), 0.0271800 secs] [Times: user=0.09 sys=0.00, real=0.03 secs] 
2021-05-23T00:12:48.942+0800: 744120.641: [GC (Allocation Failure) [PSYoungGen: 505789K->12064K(505856K)] 792328K->307637K(1030144K), 0.0281790 secs] [Times: user=0.08 sys=0.00, real=0.02 secs] 
2021-05-23T00:19:08.665+0800: 744500.363: [GC (Allocation Failure) [PSYoungGen: 505632K->7712K(508928K)] 801205K->312613K(1033216K), 0.0502959 secs] [Times: user=0.04 sys=0.05, real=0.05 secs] 
2021-05-23T00:25:23.426+0800: 744875.124: [GC (Allocation Failure) [PSYoungGen: 500768K->8704K(508416K)] 805669K->319872K(1032704K), 0.0261844 secs] [Times: user=0.08 sys=0.00, real=0.03 secs] 
2021-05-23T00:31:31.010+0800: 745242.708: [GC (Allocation Failure) [PSYoungGen: 501760K->11616K(508416K)] 812928K->329453K(1032704K), 0.0371492 secs] [Times: user=0.10 sys=0.00, real=0.04 secs] 
2021-05-23T00:37:45.963+0800: 745617.661: [GC (Allocation Failure) [PSYoungGen: 505184K->9504K(508928K)] 823021K->336271K(1033216K), 0.0229827 secs] [Times: user=0.07 sys=0.00, real=0.02 secs] 
2021-05-23T00:44:06.867+0800: 745998.565: [GC (Allocation Failure) [PSYoungGen: 503072K->4288K(508416K)] 829839K->338590K(1032704K), 0.0251676 secs] [Times: user=0.03 sys=0.03, real=0.03 secs] 
2021-05-23T00:50:23.305+0800: 746375.003: [GC (Allocation Failure) [PSYoungGen: 497856K->5536K(508928K)] 832158K->342508K(1033216K), 0.0232065 secs] [Times: user=0.07 sys=0.00, real=0.02 secs] 
2021-05-23T00:56:28.236+0800: 746739.934: [GC (Allocation Failure) [PSYoungGen: 499104K->11040K(508928K)] 836076K->352105K(1033216K), 0.0257964 secs] [Times: user=0.07 sys=0.00, real=0.02 secs] 
2021-05-23T01:02:41.453+0800: 747113.151: [GC (Allocation Failure) [PSYoungGen: 504608K->9312K(508928K)] 845673K->358730K(1033216K), 0.0335672 secs] [Times: user=0.03 sys=0.04, real=0.03 secs] 
2021-05-23T01:08:55.746+0800: 747487.444: [GC (Allocation Failure) [PSYoungGen: 502880K->9248K(509952K)] 852298K->366484K(1034240K), 0.0290913 secs] [Times: user=0.04 sys=0.05, real=0.03 secs] 
2021-05-23T01:15:14.434+0800: 747866.132: [GC (Allocation Failure) [PSYoungGen: 504352K->5024K(509440K)] 861588K->369181K(1033728K), 0.0250592 secs] [Times: user=0.07 sys=0.00, real=0.02 secs] 
2021-05-23T01:21:25.368+0800: 748237.066: [GC (Allocation Failure) [PSYoungGen: 500128K->7986K(509952K)] 864285K->375669K(1034240K), 0.0302014 secs] [Times: user=0.04 sys=0.04, real=0.03 secs] 
2021-05-23T01:27:39.742+0800: 748611.440: [GC (Allocation Failure) [PSYoungGen: 503090K->10784K(509440K)] 870773K->384154K(1033728K), 0.0217803 secs] [Times: user=0.03 sys=0.03, real=0.03 secs] 
2021-05-23T01:34:01.765+0800: 748993.463: [GC (Allocation Failure) [PSYoungGen: 505888K->6016K(509952K)] 879258K->387539K(1034240K), 0.0270747 secs] [Times: user=0.03 sys=0.05, real=0.02 secs] 
2021-05-23T01:40:20.473+0800: 749372.171: [GC (Allocation Failure) [PSYoungGen: 501632K->5536K(509952K)] 883155K->391646K(1034240K), 0.0231552 secs] [Times: user=0.07 sys=0.00, real=0.02 secs] 
2021-05-23T01:46:32.113+0800: 749743.812: [GC (Allocation Failure) [PSYoungGen: 501152K->13664K(506880K)] 887262K->403412K(1031168K), 0.0271110 secs] [Times: user=0.08 sys=0.00, real=0.02 secs] 
2021-05-23T01:52:42.379+0800: 750114.078: [GC (Allocation Failure) [PSYoungGen: 506208K->12736K(505344K)] 895956K->413101K(1029632K), 0.0327062 secs] [Times: user=0.10 sys=0.00, real=0.04 secs] 
2021-05-23T01:58:52.817+0800: 750484.516: [GC (Allocation Failure) [PSYoungGen: 505280K->8096K(508416K)] 905645K->417957K(1032704K), 0.0235559 secs] [Times: user=0.03 sys=0.03, real=0.02 secs] 
2021-05-23T02:05:02.897+0800: 750854.595: [GC (Allocation Failure) [PSYoungGen: 500128K->8736K(507904K)] 909989K->424616K(1032192K), 0.0254969 secs] [Times: user=0.07 sys=0.00, real=0.03 secs] 
2021-05-23T02:11:13.417+0800: 751225.116: [GC (Allocation Failure) [PSYoungGen: 500768K->6624K(508928K)] 916648K->429386K(1033216K), 0.0236102 secs] [Times: user=0.04 sys=0.04, real=0.02 secs] 
2021-05-23T02:17:24.429+0800: 751596.127: [GC (Allocation Failure) [PSYoungGen: 500192K->8288K(508928K)] 922954K->435318K(1033216K), 0.0262314 secs] [Times: user=0.03 sys=0.04, real=0.03 secs] 
2021-05-23T02:23:32.923+0800: 751964.621: [GC (Allocation Failure) [PSYoungGen: 501856K->10112K(509952K)] 928886K->442227K(1034240K), 0.0275155 secs] [Times: user=0.07 sys=0.00, real=0.02 secs] 
2021-05-23T02:29:48.607+0800: 752340.305: [GC (Allocation Failure) [PSYoungGen: 505216K->8448K(509440K)] 937331K->448166K(1033728K), 0.0199850 secs] [Times: user=0.06 sys=0.00, real=0.02 secs] 
2021-05-23T02:35:59.263+0800: 752710.961: [GC (Allocation Failure) [PSYoungGen: 503552K->6592K(510464K)] 943270K->452800K(1034752K), 0.0752373 secs] [Times: user=0.03 sys=0.03, real=0.07 secs] 
2021-05-23T02:42:15.203+0800: 753086.902: [GC (Allocation Failure) [PSYoungGen: 502720K->5152K(509952K)] 948928K->455940K(1034240K), 0.0221441 secs] [Times: user=0.03 sys=0.03, real=0.02 secs] 
2021-05-23T02:48:22.341+0800: 753454.040: [GC (Allocation Failure) [PSYoungGen: 501280K->9664K(510464K)] 952068K->464089K(1034752K), 0.0265006 secs] [Times: user=0.07 sys=0.00, real=0.03 secs] 
2021-05-23T02:54:34.371+0800: 753826.069: [GC (Allocation Failure) [PSYoungGen: 506304K->9344K(510464K)] 960729K->471548K(1034752K), 0.0258916 secs] [Times: user=0.04 sys=0.04, real=0.03 secs] 
2021-05-23T03:00:46.068+0800: 754197.766: [GC (Allocation Failure) [PSYoungGen: 505984K->9120K(510976K)] 968188K->478942K(1035264K), 0.0685504 secs] [Times: user=0.03 sys=0.04, real=0.07 secs] 
2021-05-23T03:07:03.396+0800: 754575.095: [GC (Allocation Failure) [PSYoungGen: 506272K->8384K(510464K)] 976094K->484657K(1034752K), 0.0259295 secs] [Times: user=0.08 sys=0.00, real=0.03 secs] 
2021-05-23T03:13:16.378+0800: 754948.076: [GC (Allocation Failure) [PSYoungGen: 505536K->8000K(511488K)] 981809K->490446K(1035776K), 0.0234414 secs] [Times: user=0.03 sys=0.03, real=0.02 secs] 
2021-05-23T03:19:29.787+0800: 755321.486: [GC (Allocation Failure) [PSYoungGen: 506176K->12768K(510976K)] 988622K->503875K(1035264K), 0.0937383 secs] [Times: user=0.07 sys=0.00, real=0.09 secs] 
2021-05-23T03:25:51.792+0800: 755703.490: [GC (Allocation Failure) [PSYoungGen: 510944K->5568K(502784K)] 1002051K->508222K(1027072K), 0.0242353 secs] [Times: user=0.04 sys=0.04, real=0.03 secs] 
2021-05-23T03:32:02.327+0800: 756074.026: [GC (Allocation Failure) [PSYoungGen: 495040K->6272K(506880K)] 997694K->512941K(1031168K), 0.0253145 secs] [Times: user=0.04 sys=0.04, real=0.03 secs] 
2021-05-23T03:38:11.614+0800: 756443.312: [GC (Allocation Failure) [PSYoungGen: 495744K->9568K(507904K)] 1002413K->520570K(1032192K), 0.0808456 secs] [Times: user=0.04 sys=0.04, real=0.08 secs] 
2021-05-23T03:44:15.751+0800: 756807.449: [GC (Allocation Failure) [PSYoungGen: 500576K->11008K(507392K)] 1011578K->528877K(1031680K), 0.0230210 secs] [Times: user=0.04 sys=0.03, real=0.03 secs] 
2021-05-23T03:44:15.775+0800: 756807.473: [Full GC (Ergonomics) [PSYoungGen: 11008K->0K(507392K)] [ParOldGen: 517869K->296274K(524288K)] 528877K->296274K(1031680K), [Metaspace: 94651K->94651K(1136640K)], 0.4723097 secs] [Times: user=0.98 sys=0.00, real=0.47 secs] 
2021-05-23T03:50:25.584+0800: 757177.282: [GC (Allocation Failure) [PSYoungGen: 491008K->8192K(508416K)] 787282K->304466K(1032704K), 0.0183013 secs] [Times: user=0.03 sys=0.03, real=0.02 secs] 
2021-05-23T03:56:42.488+0800: 757554.186: [GC (Allocation Failure) [PSYoungGen: 500224K->6784K(507904K)] 796498K->309836K(1032192K), 0.0241491 secs] [Times: user=0.08 sys=0.00, real=0.03 secs] 
2021-05-23T04:02:55.681+0800: 757927.379: [GC (Allocation Failure) [PSYoungGen: 498816K->11936K(508416K)] 801868K->320170K(1032704K), 0.0310284 secs] [Times: user=0.03 sys=0.04, real=0.04 secs] 
2021-05-23T04:09:04.840+0800: 758296.538: [GC (Allocation Failure) [PSYoungGen: 504480K->11072K(508416K)] 812714K->328641K(1032704K), 0.0252687 secs] [Times: user=0.08 sys=0.00, real=0.03 secs] 
2021-05-23T04:15:17.720+0800: 758669.419: [GC (Allocation Failure) [PSYoungGen: 503616K->8864K(508928K)] 821185K->334859K(1033216K), 0.0226589 secs] [Times: user=0.07 sys=0.00, real=0.03 secs] 
2021-05-23T04:21:34.975+0800: 759046.674: [GC (Allocation Failure) [PSYoungGen: 501920K->7328K(508416K)] 827915K->340477K(1032704K), 0.0222914 secs] [Times: user=0.04 sys=0.03, real=0.02 secs] 
2021-05-23T04:27:51.421+0800: 759423.120: [GC (Allocation Failure) [PSYoungGen: 500384K->6560K(508928K)] 833533K->345456K(1033216K), 0.0221227 secs] [Times: user=0.03 sys=0.04, real=0.03 secs] 
2021-05-23T04:34:07.161+0800: 759798.859: [GC (Allocation Failure) [PSYoungGen: 500128K->9088K(508928K)] 839024K->352988K(1033216K), 0.0292430 secs] [Times: user=0.03 sys=0.03, real=0.03 secs] 
2021-05-23T04:40:16.389+0800: 760168.087: [GC (Allocation Failure) [PSYoungGen: 502656K->9312K(509952K)] 846556K->360877K(1034240K), 0.0315802 secs] [Times: user=0.07 sys=0.00, real=0.03 secs] 
2021-05-23T04:46:31.870+0800: 760543.568: [GC (Allocation Failure) [PSYoungGen: 504416K->4832K(509440K)] 855981K->364095K(1033728K), 0.0239553 secs] [Times: user=0.03 sys=0.03, real=0.03 secs] 
2021-05-23T04:52:47.866+0800: 760919.564: [GC (Allocation Failure) [PSYoungGen: 499936K->9024K(510464K)] 859199K->371652K(1034752K), 0.0222691 secs] [Times: user=0.07 sys=0.00, real=0.02 secs] 
2021-05-23T04:59:00.011+0800: 761291.709: [GC (Allocation Failure) [PSYoungGen: 505152K->11456K(509952K)] 867780K->381463K(1034240K), 0.0268145 secs] [Times: user=0.08 sys=0.00, real=0.03 secs] 
2021-05-23T05:05:17.300+0800: 761668.998: [GC (Allocation Failure) [PSYoungGen: 507584K->5056K(508928K)] 877591K->383471K(1033216K), 0.0279564 secs] [Times: user=0.08 sys=0.00, real=0.03 secs] 
2021-05-23T05:10:56.002+0800: 762007.700: [GC (Allocation Failure) [PSYoungGen: 499648K->14816K(509440K)] 878063K->399022K(1033728K), 0.0799607 secs] [Times: user=0.08 sys=0.00, real=0.08 secs] 
2021-05-23T05:16:40.822+0800: 762352.520: [GC (Allocation Failure) [PSYoungGen: 509408K->8480K(503296K)] 893614K->403955K(1027584K), 0.0240113 secs] [Times: user=0.07 sys=0.00, real=0.03 secs] 
2021-05-23T05:22:26.328+0800: 762698.027: [GC (Allocation Failure) [PSYoungGen: 496928K->3904K(506368K)] 892403K->406258K(1030656K), 0.0305544 secs] [Times: user=0.04 sys=0.04, real=0.03 secs] 
2021-05-23T05:28:14.337+0800: 763046.036: [GC (Allocation Failure) [PSYoungGen: 492352K->7136K(506880K)] 894706K->412032K(1031168K), 0.0252815 secs] [Times: user=0.03 sys=0.04, real=0.03 secs] 
2021-05-23T05:34:09.528+0800: 763401.226: [GC (Allocation Failure) [PSYoungGen: 496096K->5792K(506368K)] 900992K->416400K(1030656K), 0.0257773 secs] [Times: user=0.04 sys=0.05, real=0.03 secs] 
2021-05-23T05:40:07.549+0800: 763759.247: [GC (Allocation Failure) [PSYoungGen: 494752K->6656K(507392K)] 905360K->422019K(1031680K), 0.0281944 secs] [Times: user=0.09 sys=0.00, real=0.03 secs] 
2021-05-23T05:45:50.252+0800: 764101.951: [GC (Allocation Failure) [PSYoungGen: 496640K->11008K(506880K)] 912003K->431614K(1031168K), 0.0343078 secs] [Times: user=0.04 sys=0.04, real=0.03 secs] 
2021-05-23T05:51:40.914+0800: 764452.612: [GC (Allocation Failure) [PSYoungGen: 500992K->7904K(507904K)] 921598K->437856K(1032192K), 0.0421666 secs] [Times: user=0.10 sys=0.00, real=0.04 secs] 
2021-05-23T05:57:38.915+0800: 764810.613: [GC (Allocation Failure) [PSYoungGen: 498912K->8416K(507392K)] 928864K->444731K(1031680K), 0.0331187 secs] [Times: user=0.09 sys=0.00, real=0.03 secs] 
2021-05-23T06:03:28.539+0800: 765160.237: [GC (Allocation Failure) [PSYoungGen: 499424K->5664K(508928K)] 935739K->449180K(1033216K), 0.0309075 secs] [Times: user=0.07 sys=0.00, real=0.03 secs] 
2021-05-23T06:09:22.812+0800: 765514.510: [GC (Allocation Failure) [PSYoungGen: 499232K->6784K(508928K)] 942748K->454082K(1033216K), 0.0239195 secs] [Times: user=0.04 sys=0.03, real=0.03 secs] 
2021-05-23T06:15:08.594+0800: 765860.292: [GC (Allocation Failure) [PSYoungGen: 500352K->5600K(509440K)] 947650K->458094K(1033728K), 0.0230101 secs] [Times: user=0.06 sys=0.00, real=0.02 secs] 
2021-05-23T06:20:59.331+0800: 766211.030: [GC (Allocation Failure) [PSYoungGen: 500192K->8544K(509440K)] 952686K->464484K(1033728K), 0.0218719 secs] [Times: user=0.07 sys=0.00, real=0.03 secs] 
2021-05-23T06:26:54.270+0800: 766565.968: [GC (Allocation Failure) [PSYoungGen: 503136K->5728K(510464K)] 959076K->468742K(1034752K), 0.0292933 secs] [Times: user=0.07 sys=0.00, real=0.03 secs] 
2021-05-23T06:32:45.606+0800: 766917.304: [GC (Allocation Failure) [PSYoungGen: 501856K->6432K(509952K)] 964870K->473970K(1034240K), 0.0241755 secs] [Times: user=0.04 sys=0.03, real=0.02 secs] 
2021-05-23T06:38:32.980+0800: 767264.678: [GC (Allocation Failure) [PSYoungGen: 502560K->5312K(510976K)] 970098K->477775K(1035264K), 0.0239546 secs] [Times: user=0.04 sys=0.04, real=0.03 secs] 
2021-05-23T06:44:26.303+0800: 767618.001: [GC (Allocation Failure) [PSYoungGen: 502464K->6048K(510464K)] 974927K->482478K(1034752K), 0.0225321 secs] [Times: user=0.07 sys=0.00, real=0.02 secs] 
2021-05-23T06:50:15.643+0800: 767967.342: [GC (Allocation Failure) [PSYoungGen: 503200K->12768K(504320K)] 979630K->494621K(1028608K), 0.0268913 secs] [Times: user=0.08 sys=0.00, real=0.02 secs] 
2021-05-23T06:56:07.889+0800: 768319.587: [GC (Allocation Failure) [PSYoungGen: 504288K->7232K(507904K)] 986141K->499810K(1032192K), 0.0312475 secs] [Times: user=0.08 sys=0.00, real=0.03 secs] 
2021-05-23T07:02:01.535+0800: 768673.233: [GC (Allocation Failure) [PSYoungGen: 498752K->5760K(508928K)] 991330K->503790K(1033216K), 0.0241316 secs] [Times: user=0.07 sys=0.00, real=0.02 secs] 
2021-05-23T07:07:52.330+0800: 769024.029: [GC (Allocation Failure) [PSYoungGen: 498816K->6816K(508416K)] 996846K->509154K(1032704K), 0.0243141 secs] [Times: user=0.04 sys=0.04, real=0.03 secs] 
2021-05-23T07:13:43.608+0800: 769375.307: [GC (Allocation Failure) [PSYoungGen: 499872K->4864K(509440K)] 1002210K->512261K(1033728K), 0.0227741 secs] [Times: user=0.06 sys=0.00, real=0.02 secs] 
2021-05-23T07:19:32.597+0800: 769724.295: [GC (Allocation Failure) [PSYoungGen: 499456K->7122K(509440K)] 1006853K->518037K(1033728K), 0.0231363 secs] [Times: user=0.03 sys=0.04, real=0.02 secs] 
2021-05-23T07:25:12.279+0800: 770063.978: [GC (Allocation Failure) [PSYoungGen: 501714K->9056K(509952K)] 1012629K->525857K(1034240K), 0.0222438 secs] [Times: user=0.07 sys=0.00, real=0.02 secs] 
2021-05-23T07:25:12.302+0800: 770064.000: [Full GC (Ergonomics) [PSYoungGen: 9056K->0K(509952K)] [ParOldGen: 516801K->278410K(524288K)] 525857K->278410K(1034240K), [Metaspace: 94667K->94667K(1136640K)], 0.5368956 secs] [Times: user=1.03 sys=0.00, real=0.53 secs] 
2021-05-23T07:30:55.221+0800: 770406.919: [GC (Allocation Failure) [PSYoungGen: 495616K->9792K(509952K)] 774026K->288202K(1034240K), 0.0225217 secs] [Times: user=0.06 sys=0.00, real=0.03 secs] 
2021-05-23T07:36:41.783+0800: 770753.482: [GC (Allocation Failure) [PSYoungGen: 505408K->14304K(500736K)] 783818K->300575K(1025024K), 0.0265923 secs] [Times: user=0.04 sys=0.03, real=0.02 secs] 
2021-05-23T07:42:23.056+0800: 771094.754: [GC (Allocation Failure) [PSYoungGen: 500704K->10112K(505344K)] 786975K->307598K(1029632K), 0.0231804 secs] [Times: user=0.04 sys=0.04, real=0.02 secs] 
2021-05-23T07:48:06.465+0800: 771438.163: [GC (Allocation Failure) [PSYoungGen: 496512K->7904K(506368K)] 793998K->313919K(1030656K), 0.0252973 secs] [Times: user=0.08 sys=0.00, real=0.02 secs] 
2021-05-23T07:53:52.215+0800: 771783.913: [GC (Allocation Failure) [PSYoungGen: 495840K->7232K(505856K)] 801855K->319417K(1030144K), 0.0306301 secs] [Times: user=0.04 sys=0.05, real=0.03 secs] 
2021-05-23T07:59:40.921+0800: 772132.619: [GC (Allocation Failure) [PSYoungGen: 495168K->5184K(507392K)] 807353K->323341K(1031680K), 0.0301365 secs] [Times: user=0.03 sys=0.05, real=0.03 secs] 
2021-05-23T08:05:32.631+0800: 772484.329: [GC (Allocation Failure) [PSYoungGen: 495168K->6528K(506880K)] 813325K->328018K(1031168K), 0.0263929 secs] [Times: user=0.08 sys=0.00, real=0.03 secs] 
2021-05-23T08:11:26.772+0800: 772838.470: [GC (Allocation Failure) [PSYoungGen: 496512K->3808K(507904K)] 818002K->329871K(1032192K), 0.0222739 secs] [Times: user=0.03 sys=0.04, real=0.03 secs] 
2021-05-23T08:17:13.414+0800: 773185.112: [GC (Allocation Failure) [PSYoungGen: 494816K->5248K(507392K)] 820879K->333582K(1031680K), 0.0569981 secs] [Times: user=0.06 sys=0.00, real=0.05 secs] 
2021-05-23T08:23:03.636+0800: 773535.334: [GC (Allocation Failure) [PSYoungGen: 496256K->8256K(508416K)] 824590K->340651K(1032704K), 0.0395291 secs] [Times: user=0.06 sys=0.00, real=0.04 secs] 
2021-05-23T08:28:58.195+0800: 773889.893: [GC (Allocation Failure) [PSYoungGen: 500288K->6112K(507904K)] 832683K->345868K(1032192K), 0.0217385 secs] [Times: user=0.06 sys=0.00, real=0.02 secs] 
2021-05-23T08:34:51.844+0800: 774243.542: [GC (Allocation Failure) [PSYoungGen: 498144K->4416K(509440K)] 837900K->349121K(1033728K), 0.0201748 secs] [Times: user=0.06 sys=0.00, real=0.02 secs] 
2021-05-23T08:40:39.083+0800: 774590.782: [GC (Allocation Failure) [PSYoungGen: 498496K->9536K(508928K)] 843201K->357216K(1033216K), 0.0220186 secs] [Times: user=0.07 sys=0.00, real=0.02 secs] 
2021-05-23T08:46:36.642+0800: 774948.340: [GC (Allocation Failure) [PSYoungGen: 503616K->4224K(509440K)] 851296K->360000K(1033728K), 0.0258028 secs] [Times: user=0.03 sys=0.03, real=0.02 secs] 
2021-05-23T08:52:24.602+0800: 775296.300: [GC (Allocation Failure) [PSYoungGen: 498816K->9920K(504832K)] 854592K->368255K(1029120K), 0.0223924 secs] [Times: user=0.03 sys=0.03, real=0.03 secs] 
2021-05-23T08:58:14.174+0800: 775645.872: [GC (Allocation Failure) [PSYoungGen: 504512K->6240K(509440K)] 862847K->372402K(1033728K), 0.0316994 secs] [Times: user=0.08 sys=0.00, real=0.03 secs] 
2021-05-23T09:03:58.510+0800: 775990.209: [GC (Allocation Failure) [PSYoungGen: 500320K->12512K(506880K)] 866482K->383431K(1031168K), 0.0260275 secs] [Times: user=0.03 sys=0.04, real=0.03 secs] 
2021-05-23T09:09:46.248+0800: 776337.946: [GC (Allocation Failure) [PSYoungGen: 506592K->6656K(508928K)] 877511K->386638K(1033216K), 0.0219013 secs] [Times: user=0.07 sys=0.00, real=0.02 secs] 
2021-05-23T09:15:34.430+0800: 776686.128: [GC (Allocation Failure) [PSYoungGen: 499712K->8544K(508416K)] 879694K->393347K(1032704K), 0.0202110 secs] [Times: user=0.03 sys=0.03, real=0.02 secs] 
2021-05-23T09:21:21.643+0800: 777033.342: [GC (Allocation Failure) [PSYoungGen: 501600K->8800K(509952K)] 886403K->400846K(1034240K), 0.0214132 secs] [Times: user=0.07 sys=0.00, real=0.02 secs] 
2021-05-23T09:27:14.510+0800: 777386.208: [GC (Allocation Failure) [PSYoungGen: 503904K->7584K(509440K)] 895950K->406951K(1033728K), 0.0318588 secs] [Times: user=0.07 sys=0.00, real=0.03 secs] 
2021-05-23T09:33:03.137+0800: 777734.835: [GC (Allocation Failure) [PSYoungGen: 502688K->10336K(509440K)] 902055K->415380K(1033728K), 0.0252988 secs] [Times: user=0.08 sys=0.00, real=0.03 secs] 
2021-05-23T09:38:47.486+0800: 778079.185: [GC (Allocation Failure) [PSYoungGen: 505952K->8096K(509952K)] 910996K->420686K(1034240K), 0.0406838 secs] [Times: user=0.07 sys=0.00, real=0.04 secs] 
2021-05-23T09:44:34.787+0800: 778426.485: [GC (Allocation Failure) [PSYoungGen: 503712K->11488K(509440K)] 916302K->430898K(1033728K), 0.0228650 secs] [Times: user=0.04 sys=0.03, real=0.02 secs] 
2021-05-23T09:50:16.422+0800: 778768.120: [GC (Allocation Failure) [PSYoungGen: 507104K->10368K(509952K)] 926514K->439706K(1034240K), 0.0267645 secs] [Times: user=0.03 sys=0.04, real=0.03 secs] 
2021-05-23T09:56:14.338+0800: 779126.036: [GC (Allocation Failure) [PSYoungGen: 505984K->8768K(510464K)] 935322K->446556K(1034752K), 0.0255746 secs] [Times: user=0.07 sys=0.00, real=0.03 secs] 
2021-05-23T10:02:09.910+0800: 779481.609: [GC (Allocation Failure) [PSYoungGen: 504896K->6784K(509952K)] 942684K->452366K(1034240K), 0.0217760 secs] [Times: user=0.04 sys=0.03, real=0.03 secs] 
2021-05-23T10:07:55.582+0800: 779827.280: [GC (Allocation Failure) [PSYoungGen: 502912K->7072K(510976K)] 948494K->458306K(1035264K), 0.0245532 secs] [Times: user=0.08 sys=0.00, real=0.03 secs] 
2021-05-23T10:13:47.004+0800: 780178.702: [GC (Allocation Failure) [PSYoungGen: 504224K->9888K(510464K)] 955458K->466704K(1034752K), 0.0249328 secs] [Times: user=0.07 sys=0.00, real=0.02 secs] 
2021-05-23T10:19:32.536+0800: 780524.234: [GC (Allocation Failure) [PSYoungGen: 507040K->8576K(510976K)] 963856K->473362K(1035264K), 0.0243772 secs] [Times: user=0.07 sys=0.00, real=0.02 secs] 
2021-05-23T10:25:25.472+0800: 780877.170: [GC (Allocation Failure) [PSYoungGen: 505728K->8640K(510464K)] 970514K->480268K(1034752K), 0.0223773 secs] [Times: user=0.03 sys=0.04, real=0.03 secs] 
2021-05-23T10:31:17.739+0800: 781229.437: [GC (Allocation Failure) [PSYoungGen: 505792K->6272K(511488K)] 977420K->485086K(1035776K), 0.0353495 secs] [Times: user=0.03 sys=0.04, real=0.04 secs] 
2021-05-23T10:37:00.548+0800: 781572.246: [GC (Allocation Failure) [PSYoungGen: 504960K->12768K(511488K)] 983774K->498387K(1035776K), 0.0681159 secs] [Times: user=0.03 sys=0.04, real=0.07 secs] 
2021-05-23T10:42:53.751+0800: 781925.450: [GC (Allocation Failure) [PSYoungGen: 511456K->12160K(503296K)] 997075K->508871K(1027584K), 0.0343439 secs] [Times: user=0.09 sys=0.00, real=0.04 secs] 
2021-05-23T10:48:38.534+0800: 782270.232: [GC (Allocation Failure) [PSYoungGen: 502656K->9088K(507392K)] 999367K->515535K(1031680K), 0.0248670 secs] [Times: user=0.08 sys=0.00, real=0.02 secs] 
2021-05-23T10:54:25.784+0800: 782617.482: [GC (Allocation Failure) [PSYoungGen: 499584K->9728K(508416K)] 1006031K->523713K(1032704K), 0.0703461 secs] [Times: user=0.04 sys=0.04, real=0.07 secs] 
2021-05-23T10:54:25.855+0800: 782617.553: [Full GC (Ergonomics) [PSYoungGen: 9728K->0K(508416K)] [ParOldGen: 513985K->294148K(524288K)] 523713K->294148K(1032704K), [Metaspace: 94667K->94667K(1136640K)], 0.4715736 secs] [Times: user=1.00 sys=0.00, real=0.47 secs] 
2021-05-23T11:00:13.376+0800: 782965.074: [GC (Allocation Failure) [PSYoungGen: 492032K->7680K(507904K)] 786180K->301828K(1032192K), 0.0215481 secs] [Times: user=0.03 sys=0.04, real=0.02 secs] 
2021-05-23T11:05:58.347+0800: 783310.045: [GC (Allocation Failure) [PSYoungGen: 499712K->7808K(508928K)] 793860K->307944K(1033216K), 0.0250507 secs] [Times: user=0.07 sys=0.00, real=0.02 secs] 
2021-05-23T11:11:46.937+0800: 783658.636: [GC (Allocation Failure) [PSYoungGen: 501376K->7936K(508928K)] 801512K->314300K(1033216K), 0.0258442 secs] [Times: user=0.02 sys=0.04, real=0.03 secs] 
2021-05-23T11:17:30.190+0800: 784001.888: [GC (Allocation Failure) [PSYoungGen: 501504K->12416K(508416K)] 807868K->325311K(1032704K), 0.0222351 secs] [Times: user=0.03 sys=0.03, real=0.03 secs] 
2021-05-23T11:23:29.809+0800: 784361.507: [GC (Allocation Failure) [PSYoungGen: 505984K->3712K(497664K)] 818879K->326450K(1021952K), 0.0224450 secs] [Times: user=0.04 sys=0.04, real=0.02 secs] 
2021-05-23T11:29:21.111+0800: 784712.809: [GC (Allocation Failure) [PSYoungGen: 497280K->6240K(508416K)] 820018K->331314K(1032704K), 0.0229274 secs] [Times: user=0.03 sys=0.04, real=0.03 secs] 
2021-05-23T11:35:29.092+0800: 785080.791: [GC (Allocation Failure) [PSYoungGen: 498784K->6496K(508416K)] 823858K->336566K(1032704K), 0.0224513 secs] [Times: user=0.04 sys=0.03, real=0.02 secs] 
2021-05-23T11:41:17.636+0800: 785429.334: [GC (Allocation Failure) [PSYoungGen: 499040K->11104K(507904K)] 829110K->346164K(1032192K), 0.0245791 secs] [Times: user=0.03 sys=0.04, real=0.02 secs] 
2021-05-23T11:47:00.888+0800: 785772.586: [GC (Allocation Failure) [PSYoungGen: 503648K->10336K(508416K)] 838708K->353327K(1032704K), 0.0305776 secs] [Times: user=0.07 sys=0.00, real=0.03 secs] 
2021-05-23T11:52:56.565+0800: 786128.263: [GC (Allocation Failure) [PSYoungGen: 502880K->6336K(508928K)] 845871K->357966K(1033216K), 0.0948524 secs] [Times: user=0.09 sys=0.00, real=0.09 secs] 
2021-05-23T11:58:49.485+0800: 786481.183: [GC (Allocation Failure) [PSYoungGen: 499904K->10176K(508928K)] 851534K->366763K(1033216K), 0.0262497 secs] [Times: user=0.07 sys=0.00, real=0.02 secs] 
2021-05-23T12:04:46.605+0800: 786838.304: [GC (Allocation Failure) [PSYoungGen: 503744K->7744K(509440K)] 860331K->372716K(1033728K), 0.0232247 secs] [Times: user=0.07 sys=0.00, real=0.02 secs] 
2021-05-23T12:10:36.710+0800: 787188.409: [GC (Allocation Failure) [PSYoungGen: 501824K->5376K(508928K)] 866796K->376614K(1033216K), 0.0236369 secs] [Times: user=0.03 sys=0.03, real=0.04 secs] 
2021-05-23T12:16:30.521+0800: 787542.219: [GC (Allocation Failure) [PSYoungGen: 499456K->9408K(509440K)] 870694K->384268K(1033728K), 0.0202920 secs] [Times: user=0.03 sys=0.03, real=0.02 secs] 
2021-05-23T12:22:21.828+0800: 787893.526: [GC (Allocation Failure) [PSYoungGen: 504000K->7520K(509440K)] 878860K->389924K(1033728K), 0.0227807 secs] [Times: user=0.04 sys=0.03, real=0.02 secs] 
2021-05-23T12:28:15.218+0800: 788246.916: [GC (Allocation Failure) [PSYoungGen: 502112K->5664K(510464K)] 884516K->393975K(1034752K), 0.0235957 secs] [Times: user=0.04 sys=0.03, real=0.02 secs] 
2021-05-23T12:34:07.019+0800: 788598.717: [GC (Allocation Failure) [PSYoungGen: 501792K->5504K(509952K)] 890103K->398116K(1034240K), 0.0284168 secs] [Times: user=0.03 sys=0.03, real=0.03 secs] 
2021-05-23T12:39:57.179+0800: 788948.878: [GC (Allocation Failure) [PSYoungGen: 501632K->7808K(510976K)] 894244K->404178K(1035264K), 0.0411207 secs] [Times: user=0.07 sys=0.00, real=0.04 secs] 
2021-05-23T12:45:52.171+0800: 789303.869: [GC (Allocation Failure) [PSYoungGen: 504960K->9472K(510464K)] 901330K->411959K(1034752K), 0.0229275 secs] [Times: user=0.03 sys=0.03, real=0.03 secs] 
2021-05-23T12:51:42.983+0800: 789654.682: [GC (Allocation Failure) [PSYoungGen: 506624K->6560K(510976K)] 909111K->416920K(1035264K), 0.0515608 secs] [Times: user=0.07 sys=0.00, real=0.05 secs] 
2021-05-23T12:57:38.394+0800: 790010.092: [GC (Allocation Failure) [PSYoungGen: 504224K->7040K(510976K)] 914584K->422612K(1035264K), 0.0256278 secs] [Times: user=0.04 sys=0.04, real=0.02 secs] 
2021-05-23T13:03:31.111+0800: 790362.810: [GC (Allocation Failure) [PSYoungGen: 504704K->4128K(511488K)] 920276K->424975K(1035776K), 0.0260188 secs] [Times: user=0.04 sys=0.04, real=0.03 secs] 
2021-05-23T13:09:30.220+0800: 790721.918: [GC (Allocation Failure) [PSYoungGen: 502816K->5312K(511488K)] 923663K->428751K(1035776K), 0.0226793 secs] [Times: user=0.06 sys=0.00, real=0.03 secs] 
2021-05-23T13:15:27.606+0800: 791079.304: [GC (Allocation Failure) [PSYoungGen: 504000K->8800K(511488K)] 927439K->435517K(1035776K), 0.0362072 secs] [Times: user=0.03 sys=0.04, real=0.04 secs] 
2021-05-23T13:21:22.685+0800: 791434.383: [GC (Allocation Failure) [PSYoungGen: 507488K->9266K(511488K)] 934205K->442555K(1035776K), 0.0407126 secs] [Times: user=0.03 sys=0.03, real=0.04 secs] 
2021-05-23T13:27:17.252+0800: 791788.950: [GC (Allocation Failure) [PSYoungGen: 507954K->5024K(511488K)] 941243K->445996K(1035776K), 0.0248866 secs] [Times: user=0.04 sys=0.04, real=0.03 secs] 
2021-05-23T13:33:12.887+0800: 792144.585: [GC (Allocation Failure) [PSYoungGen: 503712K->5376K(511488K)] 944684K->449650K(1035776K), 0.0240762 secs] [Times: user=0.03 sys=0.03, real=0.02 secs] 
2021-05-23T13:39:07.973+0800: 792499.671: [GC (Allocation Failure) [PSYoungGen: 504064K->6560K(512000K)] 948338K->454630K(1036288K), 0.0920894 secs] [Times: user=0.04 sys=0.04, real=0.09 secs] 
2021-05-23T13:45:01.229+0800: 792852.927: [GC (Allocation Failure) [PSYoungGen: 505760K->8672K(511488K)] 953830K->461795K(1035776K), 0.0269741 secs] [Times: user=0.03 sys=0.03, real=0.03 secs] 
2021-05-23T13:50:55.192+0800: 793206.890: [GC (Allocation Failure) [PSYoungGen: 507872K->9536K(510976K)] 960995K->469447K(1035264K), 0.0298849 secs] [Times: user=0.04 sys=0.05, real=0.04 secs] 
2021-05-23T13:56:48.960+0800: 793560.658: [GC (Allocation Failure) [PSYoungGen: 508224K->9376K(511488K)] 968135K->476347K(1035776K), 0.0267028 secs] [Times: user=0.04 sys=0.04, real=0.03 secs] 
2021-05-23T14:02:39.421+0800: 793911.120: [GC (Allocation Failure) [PSYoungGen: 508064K->8576K(511488K)] 975035K->482862K(1035776K), 0.0261321 secs] [Times: user=0.08 sys=0.00, real=0.03 secs] 
2021-05-23T14:08:29.972+0800: 794261.670: [GC (Allocation Failure) [PSYoungGen: 507264K->10432K(509440K)] 981550K->491562K(1033728K), 0.0280830 secs] [Times: user=0.03 sys=0.05, real=0.03 secs] 
2021-05-23T14:14:17.440+0800: 794609.138: [GC (Allocation Failure) [PSYoungGen: 509120K->8576K(511488K)] 990250K->497420K(1035776K), 0.0274015 secs] [Times: user=0.08 sys=0.00, real=0.03 secs] 
2021-05-23T14:20:12.899+0800: 794964.597: [GC (Allocation Failure) [PSYoungGen: 506752K->3744K(510976K)] 995596K->499572K(1035264K), 0.0198057 secs] [Times: user=0.06 sys=0.00, real=0.02 secs] 
2021-05-23T14:26:06.471+0800: 795318.169: [GC (Allocation Failure) [PSYoungGen: 501920K->5856K(511488K)] 997748K->504011K(1035776K), 0.0227287 secs] [Times: user=0.03 sys=0.04, real=0.03 secs] 
2021-05-23T14:31:57.708+0800: 795669.407: [GC (Allocation Failure) [PSYoungGen: 504032K->10304K(510976K)] 1002187K->512681K(1035264K), 0.0282406 secs] [Times: user=0.03 sys=0.03, real=0.03 secs] 
2021-05-23T14:37:47.347+0800: 796019.045: [GC (Allocation Failure) [PSYoungGen: 508480K->13280K(500736K)] 1010857K->524455K(1025024K), 0.0619386 secs] [Times: user=0.08 sys=0.00, real=0.06 secs] 
2021-05-23T14:43:33.501+0800: 796365.199: [GC (Allocation Failure) [PSYoungGen: 500704K->8704K(505856K)] 1011879K->531222K(1030144K), 0.0310890 secs] [Times: user=0.04 sys=0.04, real=0.03 secs] 
2021-05-23T14:43:33.532+0800: 796365.230: [Full GC (Ergonomics) [PSYoungGen: 8704K->0K(505856K)] [ParOldGen: 522518K->284014K(524288K)] 531222K->284014K(1030144K), [Metaspace: 94667K->94667K(1136640K)], 0.5129609 secs] [Times: user=1.03 sys=0.00, real=0.51 secs] 
2021-05-23T14:49:13.184+0800: 796704.882: [GC (Allocation Failure) [PSYoungGen: 487424K->7680K(507392K)] 771438K->291695K(1031680K), 0.0205071 secs] [Times: user=0.02 sys=0.02, real=0.02 secs] 
2021-05-23T14:54:54.180+0800: 797045.878: [GC (Allocation Failure) [PSYoungGen: 497664K->12128K(506880K)] 781679K->302571K(1031168K), 0.0273444 secs] [Times: user=0.04 sys=0.04, real=0.03 secs] 
2021-05-23T15:00:42.600+0800: 797394.299: [GC (Allocation Failure) [PSYoungGen: 502112K->4256K(506880K)] 792555K->304816K(1031168K), 0.0730370 secs] [Times: user=0.04 sys=0.04, real=0.08 secs] 
2021-05-23T15:06:22.270+0800: 797733.968: [GC (Allocation Failure) [PSYoungGen: 493728K->7712K(506880K)] 794288K->311118K(1031168K), 0.0274627 secs] [Times: user=0.04 sys=0.04, real=0.03 secs] 
2021-05-23T15:12:05.901+0800: 798077.599: [GC (Allocation Failure) [PSYoungGen: 497184K->9344K(507904K)] 800590K->318683K(1032192K), 0.0226181 secs] [Times: user=0.03 sys=0.03, real=0.03 secs] 
2021-05-23T15:17:57.457+0800: 798429.155: [GC (Allocation Failure) [PSYoungGen: 500352K->5024K(507392K)] 809691K->321867K(1031680K), 0.0191371 secs] [Times: user=0.06 sys=0.00, real=0.02 secs] 
2021-05-23T15:23:56.291+0800: 798787.990: [GC (Allocation Failure) [PSYoungGen: 496032K->3584K(507904K)] 812875K->324207K(1032192K), 0.0294851 secs] [Times: user=0.07 sys=0.00, real=0.03 secs] 
2021-05-23T15:29:46.832+0800: 799138.530: [GC (Allocation Failure) [PSYoungGen: 495104K->5728K(507904K)] 815727K->328486K(1032192K), 0.0237010 secs] [Times: user=0.06 sys=0.00, real=0.03 secs] 
2021-05-23T15:35:37.038+0800: 799488.736: [GC (Allocation Failure) [PSYoungGen: 497248K->7744K(509440K)] 820006K->334971K(1033728K), 0.0269299 secs] [Times: user=0.04 sys=0.04, real=0.03 secs] 
2021-05-23T15:41:27.639+0800: 799839.338: [GC (Allocation Failure) [PSYoungGen: 501312K->5056K(508416K)] 828539K->338749K(1032704K), 0.0254623 secs] [Times: user=0.07 sys=0.00, real=0.03 secs] 
2021-05-23T15:47:17.386+0800: 800189.084: [GC (Allocation Failure) [PSYoungGen: 498624K->6816K(509952K)] 832317K->343725K(1034240K), 0.0212328 secs] [Times: user=0.03 sys=0.03, real=0.02 secs] 
2021-05-23T15:53:08.490+0800: 800540.189: [GC (Allocation Failure) [PSYoungGen: 501920K->9056K(509440K)] 838829K->351130K(1033728K), 0.0342978 secs] [Times: user=0.03 sys=0.05, real=0.04 secs] 
2021-05-23T15:59:00.028+0800: 800891.726: [GC (Allocation Failure) [PSYoungGen: 504160K->10400K(509952K)] 846234K->360453K(1034240K), 0.0241111 secs] [Times: user=0.03 sys=0.04, real=0.03 secs] 
2021-05-23T16:04:49.686+0800: 801241.384: [GC (Allocation Failure) [PSYoungGen: 506016K->10848K(506880K)] 856069K->369880K(1031168K), 0.0313593 secs] [Times: user=0.08 sys=0.00, real=0.03 secs] 
2021-05-23T16:10:36.782+0800: 801588.480: [GC (Allocation Failure) [PSYoungGen: 506464K->10048K(509440K)] 865496K->377370K(1033728K), 0.0240327 secs] [Times: user=0.07 sys=0.00, real=0.03 secs] 
2021-05-23T16:16:29.978+0800: 801941.676: [GC (Allocation Failure) [PSYoungGen: 504640K->6912K(509440K)] 871962K->382140K(1033728K), 0.0430400 secs] [Times: user=0.02 sys=0.03, real=0.04 secs] 
2021-05-23T16:22:26.352+0800: 802298.051: [GC (Allocation Failure) [PSYoungGen: 501504K->5792K(509952K)] 876732K->385863K(1034240K), 0.0194630 secs] [Times: user=0.04 sys=0.03, real=0.01 secs] 
2021-05-23T16:28:16.759+0800: 802648.457: [GC (Allocation Failure) [PSYoungGen: 500896K->11616K(506880K)] 880967K->396203K(1031168K), 0.0268092 secs] [Times: user=0.03 sys=0.03, real=0.03 secs] 
2021-05-23T16:34:07.716+0800: 802999.414: [GC (Allocation Failure) [PSYoungGen: 506720K->8160K(509952K)] 891307K->401428K(1034240K), 0.0265986 secs] [Times: user=0.07 sys=0.00, real=0.03 secs] 
2021-05-23T16:40:02.871+0800: 803354.569: [GC (Allocation Failure) [PSYoungGen: 502752K->5344K(508928K)] 896020K->405375K(1033216K), 0.0240310 secs] [Times: user=0.04 sys=0.04, real=0.03 secs] 
2021-05-23T16:45:50.443+0800: 803702.141: [GC (Allocation Failure) [PSYoungGen: 499936K->9984K(509952K)] 899967K->413518K(1034240K), 0.0258236 secs] [Times: user=0.03 sys=0.04, real=0.02 secs] 
2021-05-23T16:51:39.252+0800: 804050.951: [GC (Allocation Failure) [PSYoungGen: 505600K->10688K(506368K)] 909134K->422094K(1030656K), 0.0613101 secs] [Times: user=0.04 sys=0.05, real=0.06 secs] 
2021-05-23T16:57:31.378+0800: 804403.076: [GC (Allocation Failure) [PSYoungGen: 506304K->6528K(509952K)] 917710K->425991K(1034240K), 0.0242392 secs] [Times: user=0.04 sys=0.03, real=0.02 secs] 
2021-05-23T17:03:21.964+0800: 804753.662: [GC (Allocation Failure) [PSYoungGen: 501632K->9920K(509440K)] 921095K->434757K(1033728K), 0.0259290 secs] [Times: user=0.03 sys=0.04, real=0.02 secs] 
2021-05-23T17:09:15.546+0800: 805107.244: [GC (Allocation Failure) [PSYoungGen: 505024K->6560K(509952K)] 929861K->439773K(1034240K), 0.0367290 secs] [Times: user=0.03 sys=0.04, real=0.04 secs] 
2021-05-23T17:15:07.675+0800: 805459.373: [GC (Allocation Failure) [PSYoungGen: 502176K->5024K(509952K)] 935389K->442954K(1034240K), 0.0243661 secs] [Times: user=0.05 sys=0.00, real=0.02 secs] 
2021-05-23T17:21:00.849+0800: 805812.547: [GC (Allocation Failure) [PSYoungGen: 500640K->6720K(510464K)] 938570K->447880K(1034752K), 0.0202283 secs] [Times: user=0.03 sys=0.04, real=0.02 secs] 
2021-05-23T17:26:52.231+0800: 806163.929: [GC (Allocation Failure) [PSYoungGen: 502848K->9440K(509952K)] 944008K->455988K(1034240K), 0.0237802 secs] [Times: user=0.03 sys=0.04, real=0.03 secs] 
2021-05-23T17:32:52.592+0800: 806524.290: [GC (Allocation Failure) [PSYoungGen: 505568K->3104K(509440K)] 952116K->457804K(1033728K), 0.0224908 secs] [Times: user=0.07 sys=0.00, real=0.02 secs] 
2021-05-23T17:38:37.109+0800: 806868.807: [GC (Allocation Failure) [PSYoungGen: 498720K->12128K(507904K)] 953420K->468508K(1032192K), 0.0810413 secs] [Times: user=0.11 sys=0.12, real=0.08 secs] 
2021-05-23T17:44:30.868+0800: 807222.566: [GC (Allocation Failure) [PSYoungGen: 507744K->5792K(509440K)] 964124K->472084K(1033728K), 0.0313307 secs] [Times: user=0.05 sys=0.05, real=0.03 secs] 
2021-05-23T17:50:20.978+0800: 807572.676: [GC (Allocation Failure) [PSYoungGen: 499872K->9632K(508928K)] 966164K->480417K(1033216K), 0.0281642 secs] [Times: user=0.03 sys=0.05, real=0.03 secs] 
2021-05-23T17:56:10.380+0800: 807922.079: [GC (Allocation Failure) [PSYoungGen: 503712K->7456K(509952K)] 974497K->485547K(1034240K), 0.0324438 secs] [Times: user=0.04 sys=0.04, real=0.04 secs] 
2021-05-23T18:01:59.892+0800: 808271.590: [GC (Allocation Failure) [PSYoungGen: 502560K->10784K(509440K)] 980651K->494831K(1033728K), 0.0576332 secs] [Times: user=0.03 sys=0.03, real=0.06 secs] 
2021-05-23T18:07:53.779+0800: 808625.478: [GC (Allocation Failure) [PSYoungGen: 505888K->4256K(509440K)] 989935K->496502K(1033728K), 0.0320430 secs] [Times: user=0.04 sys=0.05, real=0.03 secs] 
2021-05-23T18:13:43.774+0800: 808975.472: [GC (Allocation Failure) [PSYoungGen: 498848K->9760K(509440K)] 991094K->504621K(1033728K), 0.0230668 secs] [Times: user=0.03 sys=0.04, real=0.02 secs] 
2021-05-23T18:19:31.359+0800: 809323.057: [GC (Allocation Failure) [PSYoungGen: 504352K->9760K(509440K)] 999213K->512583K(1033728K), 0.0693001 secs] [Times: user=0.04 sys=0.04, real=0.07 secs] 
2021-05-23T18:25:20.768+0800: 809672.467: [GC (Allocation Failure) [PSYoungGen: 504352K->6176K(509440K)] 1007175K->517032K(1033728K), 0.0298109 secs] [Times: user=0.04 sys=0.04, real=0.03 secs] 
2021-05-23T18:31:09.576+0800: 810021.274: [GC (Allocation Failure) [PSYoungGen: 500768K->7200K(510464K)] 1011624K->522501K(1034752K), 0.0223031 secs] [Times: user=0.03 sys=0.03, real=0.02 secs] 
2021-05-23T18:31:09.599+0800: 810021.297: [Full GC (Ergonomics) [PSYoungGen: 7200K->0K(510464K)] [ParOldGen: 515301K->286781K(524288K)] 522501K->286781K(1034752K), [Metaspace: 94667K->94667K(1136640K)], 0.4347598 secs] [Times: user=0.98 sys=0.00, real=0.44 secs] 
2021-05-23T18:37:00.329+0800: 810372.027: [GC (Allocation Failure) [PSYoungGen: 496128K->11232K(507392K)] 782909K->298013K(1031680K), 0.0207845 secs] [Times: user=0.06 sys=0.00, real=0.02 secs] 
2021-05-23T18:42:51.643+0800: 810723.342: [GC (Allocation Failure) [PSYoungGen: 507360K->5792K(509952K)] 794141K->302555K(1034240K), 0.0536490 secs] [Times: user=0.04 sys=0.03, real=0.05 secs] 
2021-05-23T18:48:41.746+0800: 811073.444: [GC (Allocation Failure) [PSYoungGen: 500896K->8096K(509440K)] 797659K->309360K(1033728K), 0.0272336 secs] [Times: user=0.09 sys=0.00, real=0.03 secs] 
2021-05-23T18:54:31.478+0800: 811423.177: [GC (Allocation Failure) [PSYoungGen: 503200K->7200K(510976K)] 804464K->314843K(1035264K), 0.0356765 secs] [Times: user=0.05 sys=0.06, real=0.04 secs] 
2021-05-23T19:00:25.324+0800: 811777.022: [GC (Allocation Failure) [PSYoungGen: 504352K->6816K(510464K)] 811995K->320360K(1034752K), 0.0532905 secs] [Times: user=0.04 sys=0.05, real=0.05 secs] 
2021-05-23T19:06:14.135+0800: 812125.833: [GC (Allocation Failure) [PSYoungGen: 503968K->9472K(510976K)] 817512K->328548K(1035264K), 0.0302727 secs] [Times: user=0.09 sys=0.00, real=0.03 secs] 
2021-05-23T19:12:12.103+0800: 812483.802: [GC (Allocation Failure) [PSYoungGen: 507136K->6176K(510976K)] 826212K->333397K(1035264K), 0.0269350 secs] [Times: user=0.07 sys=0.00, real=0.02 secs] 
2021-05-23T19:18:05.457+0800: 812837.155: [GC (Allocation Failure) [PSYoungGen: 503840K->7282K(511488K)] 831061K->338661K(1035776K), 0.0215074 secs] [Times: user=0.07 sys=0.00, real=0.02 secs] 
2021-05-23T19:23:53.602+0800: 813185.300: [GC (Allocation Failure) [PSYoungGen: 505970K->12768K(511488K)] 837349K->349795K(1035776K), 0.0279108 secs] [Times: user=0.04 sys=0.04, real=0.03 secs] 
2021-05-23T19:29:41.742+0800: 813533.441: [GC (Allocation Failure) [PSYoungGen: 511456K->9248K(506368K)] 848483K->355012K(1030656K), 0.0256776 secs] [Times: user=0.07 sys=0.00, real=0.02 secs] 
2021-05-23T19:35:36.716+0800: 813888.414: [GC (Allocation Failure) [PSYoungGen: 502816K->7424K(508928K)] 848580K->360589K(1033216K), 0.0241239 secs] [Times: user=0.04 sys=0.03, real=0.02 secs] 
2021-05-23T19:41:29.351+0800: 814241.049: [GC (Allocation Failure) [PSYoungGen: 500938K->10048K(509440K)] 854104K->369393K(1033728K), 0.0237146 secs] [Times: user=0.04 sys=0.04, real=0.03 secs] 
2021-05-23T19:47:12.936+0800: 814584.634: [GC (Allocation Failure) [PSYoungGen: 504128K->9376K(508928K)] 863473K->377117K(1033216K), 0.0295127 secs] [Times: user=0.04 sys=0.04, real=0.03 secs] 
2021-05-23T19:53:02.527+0800: 814934.225: [GC (Allocation Failure) [PSYoungGen: 503456K->10304K(509440K)] 871197K->386440K(1033728K), 0.0279497 secs] [Times: user=0.08 sys=0.00, real=0.03 secs] 
2021-05-23T19:58:54.186+0800: 815285.884: [GC (Allocation Failure) [PSYoungGen: 504896K->8928K(509440K)] 881032K->393193K(1033728K), 0.0262590 secs] [Times: user=0.08 sys=0.00, real=0.03 secs] 
2021-05-23T20:04:44.408+0800: 815636.106: [GC (Allocation Failure) [PSYoungGen: 503520K->8672K(510464K)] 887785K->399188K(1034752K), 0.0243536 secs] [Times: user=0.03 sys=0.04, real=0.03 secs] 
2021-05-23T20:10:31.015+0800: 815982.713: [GC (Allocation Failure) [PSYoungGen: 504800K->10240K(509952K)] 895316K->407576K(1034240K), 0.0439205 secs] [Times: user=0.08 sys=0.00, real=0.04 secs] 
2021-05-23T20:16:20.498+0800: 816332.197: [GC (Allocation Failure) [PSYoungGen: 506368K->8480K(510976K)] 903704K->414162K(1035264K), 0.0253736 secs] [Times: user=0.03 sys=0.03, real=0.03 secs] 
2021-05-23T20:22:15.445+0800: 816687.143: [GC (Allocation Failure) [PSYoungGen: 505632K->8576K(510464K)] 911314K->420973K(1034752K), 0.0247582 secs] [Times: user=0.04 sys=0.03, real=0.02 secs] 
2021-05-23T20:28:10.719+0800: 817042.417: [GC (Allocation Failure) [PSYoungGen: 505728K->9376K(511488K)] 918125K->428584K(1035776K), 0.0499210 secs] [Times: user=0.05 sys=0.04, real=0.05 secs] 
2021-05-23T20:34:06.823+0800: 817398.522: [GC (Allocation Failure) [PSYoungGen: 508064K->4480K(503296K)] 927272K->431183K(1027584K), 0.0266567 secs] [Times: user=0.04 sys=0.04, real=0.02 secs] 
2021-05-23T20:39:58.828+0800: 817750.526: [GC (Allocation Failure) [PSYoungGen: 503168K->4160K(510976K)] 929871K->433670K(1035264K), 0.0231269 secs] [Times: user=0.06 sys=0.00, real=0.02 secs] 
2021-05-23T20:45:52.730+0800: 818104.428: [GC (Allocation Failure) [PSYoungGen: 501824K->10624K(508416K)] 931334K->442718K(1032704K), 0.0544682 secs] [Times: user=0.05 sys=0.07, real=0.06 secs] 
2021-05-23T20:51:51.378+0800: 818463.076: [GC (Allocation Failure) [PSYoungGen: 508288K->9376K(510464K)] 940382K->450633K(1034752K), 0.0548957 secs] [Times: user=0.04 sys=0.04, real=0.06 secs] 
2021-05-23T20:57:45.323+0800: 818817.021: [GC (Allocation Failure) [PSYoungGen: 506016K->6752K(510464K)] 947273K->456082K(1034752K), 0.0243950 secs] [Times: user=0.04 sys=0.04, real=0.02 secs] 
2021-05-23T21:03:40.285+0800: 819171.983: [GC (Allocation Failure) [PSYoungGen: 503392K->8512K(510976K)] 952722K->463518K(1035264K), 0.0235009 secs] [Times: user=0.04 sys=0.03, real=0.02 secs] 
2021-05-23T21:09:33.911+0800: 819525.610: [GC (Allocation Failure) [PSYoungGen: 505664K->6752K(510464K)] 960670K->468472K(1034752K), 0.0341304 secs] [Times: user=0.03 sys=0.05, real=0.04 secs] 
2021-05-23T21:15:25.196+0800: 819876.894: [GC (Allocation Failure) [PSYoungGen: 503904K->9408K(511488K)] 965624K->476005K(1035776K), 0.0246074 secs] [Times: user=0.03 sys=0.04, real=0.02 secs] 
2021-05-23T21:21:09.912+0800: 820221.610: [GC (Allocation Failure) [PSYoungGen: 508096K->10304K(509440K)] 974693K->484848K(1033728K), 0.0261923 secs] [Times: user=0.03 sys=0.04, real=0.02 secs] 
2021-05-23T21:27:01.243+0800: 820572.941: [GC (Allocation Failure) [PSYoungGen: 508992K->8832K(511488K)] 983536K->491145K(1035776K), 0.0251288 secs] [Times: user=0.04 sys=0.04, real=0.02 secs] 
2021-05-23T21:32:56.789+0800: 820928.487: [GC (Allocation Failure) [PSYoungGen: 507008K->7392K(510976K)] 989321K->496061K(1035264K), 0.0259019 secs] [Times: user=0.07 sys=0.00, real=0.03 secs] 
2021-05-23T21:38:50.682+0800: 821282.380: [GC (Allocation Failure) [PSYoungGen: 505568K->9568K(511488K)] 994237K->504145K(1035776K), 0.0247140 secs] [Times: user=0.04 sys=0.04, real=0.02 secs] 
2021-05-23T21:44:44.222+0800: 821635.920: [GC (Allocation Failure) [PSYoungGen: 508256K->7136K(511488K)] 1002833K->509251K(1035776K), 0.0258131 secs] [Times: user=0.04 sys=0.04, real=0.03 secs] 
2021-05-23T21:50:39.340+0800: 821991.038: [GC (Allocation Failure) [PSYoungGen: 505824K->9472K(511488K)] 1007939K->517369K(1035776K), 0.0283405 secs] [Times: user=0.08 sys=0.00, real=0.03 secs] 
2021-05-23T21:56:30.542+0800: 822342.240: [GC (Allocation Failure) [PSYoungGen: 508160K->8928K(511488K)] 1016057K->524172K(1035776K), 0.0323408 secs] [Times: user=0.08 sys=0.00, real=0.04 secs] 
2021-05-23T21:56:30.574+0800: 822342.273: [Full GC (Ergonomics) [PSYoungGen: 8928K->0K(511488K)] [ParOldGen: 515244K->288608K(524288K)] 524172K->288608K(1035776K), [Metaspace: 94667K->94663K(1136640K)], 0.4915591 secs] [Times: user=1.06 sys=0.00, real=0.49 secs] 
2021-05-23T22:02:21.302+0800: 822693.000: [GC (Allocation Failure) [PSYoungGen: 498688K->8256K(512000K)] 787296K->296864K(1036288K), 0.0180984 secs] [Times: user=0.06 sys=0.00, real=0.01 secs] 
2021-05-23T22:08:19.235+0800: 823050.933: [GC (Allocation Failure) [PSYoungGen: 507968K->6400K(512000K)] 796576K->301811K(1036288K), 0.0321170 secs] [Times: user=0.03 sys=0.04, real=0.03 secs] 
2021-05-23T22:14:11.133+0800: 823402.832: [GC (Allocation Failure) [PSYoungGen: 506112K->5280K(512000K)] 801523K->305438K(1036288K), 0.0217004 secs] [Times: user=0.03 sys=0.02, real=0.02 secs] 
2021-05-23T22:20:05.996+0800: 823757.694: [GC (Allocation Failure) [PSYoungGen: 504992K->9600K(512000K)] 805150K->313453K(1036288K), 0.0262941 secs] [Times: user=0.03 sys=0.03, real=0.02 secs] 
2021-05-23T22:25:56.142+0800: 824107.841: [GC (Allocation Failure) [PSYoungGen: 509312K->10272K(510976K)] 813165K->321840K(1035264K), 0.0287689 secs] [Times: user=0.04 sys=0.04, real=0.02 secs] 
2021-05-23T22:31:47.394+0800: 824459.092: [GC (Allocation Failure) [PSYoungGen: 508960K->12224K(510976K)] 820528K->331849K(1035264K), 0.0737729 secs] [Times: user=0.05 sys=0.05, real=0.07 secs] 
2021-05-23T22:37:39.620+0800: 824811.319: [GC (Allocation Failure) [PSYoungGen: 510912K->8544K(510976K)] 830537K->337827K(1035264K), 0.0287374 secs] [Times: user=0.04 sys=0.04, real=0.03 secs] 
2021-05-23T22:43:29.793+0800: 825161.491: [GC (Allocation Failure) [PSYoungGen: 506208K->6656K(510976K)] 835491K->342629K(1035264K), 0.0238425 secs] [Times: user=0.04 sys=0.04, real=0.02 secs] 
2021-05-23T22:49:20.013+0800: 825511.712: [GC (Allocation Failure) [PSYoungGen: 504320K->10336K(510976K)] 840293K->351450K(1035264K), 0.0280401 secs] [Times: user=0.04 sys=0.04, real=0.02 secs] 
2021-05-23T22:55:13.738+0800: 825865.436: [GC (Allocation Failure) [PSYoungGen: 508000K->10016K(510976K)] 849114K->358445K(1035264K), 0.0236181 secs] [Times: user=0.07 sys=0.00, real=0.02 secs] 
2021-05-23T23:01:02.406+0800: 826214.104: [GC (Allocation Failure) [PSYoungGen: 507680K->9536K(510976K)] 856109K->366223K(1035264K), 0.0231646 secs] [Times: user=0.07 sys=0.00, real=0.02 secs] 
2021-05-23T23:06:55.449+0800: 826567.147: [GC (Allocation Failure) [PSYoungGen: 507200K->12032K(509952K)] 863887K->375819K(1034240K), 0.0298299 secs] [Times: user=0.05 sys=0.04, real=0.03 secs] 
2021-05-23T23:12:49.259+0800: 826920.957: [GC (Allocation Failure) [PSYoungGen: 509696K->8160K(510464K)] 873483K->381763K(1034752K), 0.0264417 secs] [Times: user=0.04 sys=0.04, real=0.03 secs] 
2021-05-23T23:18:41.161+0800: 827272.859: [GC (Allocation Failure) [PSYoungGen: 504288K->9984K(509952K)] 877891K->389950K(1034240K), 0.0242092 secs] [Times: user=0.03 sys=0.04, real=0.03 secs] 
2021-05-23T23:24:30.158+0800: 827621.856: [GC (Allocation Failure) [PSYoungGen: 506112K->8672K(510976K)] 886078K->396360K(1035264K), 0.0256810 secs] [Times: user=0.04 sys=0.03, real=0.03 secs] 
2021-05-23T23:30:21.471+0800: 827973.169: [GC (Allocation Failure) [PSYoungGen: 505824K->9920K(510464K)] 893512K->405067K(1034752K), 0.0299833 secs] [Times: user=0.09 sys=0.00, real=0.03 secs] 
2021-05-23T23:36:14.322+0800: 828326.020: [GC (Allocation Failure) [PSYoungGen: 507072K->8448K(511488K)] 902219K->411582K(1035776K), 0.0269524 secs] [Times: user=0.05 sys=0.04, real=0.03 secs] 
2021-05-23T23:42:00.223+0800: 828671.921: [GC (Allocation Failure) [PSYoungGen: 506624K->10720K(510976K)] 909758K->420690K(1035264K), 0.0236693 secs] [Times: user=0.04 sys=0.03, real=0.02 secs] 
2021-05-23T23:47:51.209+0800: 829022.907: [GC (Allocation Failure) [PSYoungGen: 508896K->7808K(510976K)] 918866K->426260K(1035264K), 0.0303944 secs] [Times: user=0.04 sys=0.04, real=0.03 secs] 
2021-05-23T23:53:47.616+0800: 829379.315: [GC (Allocation Failure) [PSYoungGen: 505472K->6752K(510976K)] 923924K->431072K(1035264K), 0.0265654 secs] [Times: user=0.08 sys=0.00, real=0.03 secs] 
2021-05-23T23:59:40.330+0800: 829732.028: [GC (Allocation Failure) [PSYoungGen: 504416K->11072K(510976K)] 928736K->440766K(1035264K), 0.0283752 secs] [Times: user=0.03 sys=0.04, real=0.03 secs] 
2021-05-24T00:05:15.326+0800: 830067.024: [GC (Allocation Failure) [PSYoungGen: 508736K->10944K(508928K)] 938430K->449176K(1033216K), 0.0401034 secs] [Times: user=0.04 sys=0.05, real=0.04 secs] 
2021-05-24T00:11:07.135+0800: 830418.834: [GC (Allocation Failure) [PSYoungGen: 508608K->8160K(510464K)] 946840K->454003K(1034752K), 0.0267703 secs] [Times: user=0.08 sys=0.00, real=0.03 secs] 
2021-05-24T00:16:55.310+0800: 830767.009: [GC (Allocation Failure) [PSYoungGen: 504800K->8544K(510464K)] 950643K->461230K(1034752K), 0.0219567 secs] [Times: user=0.03 sys=0.04, real=0.03 secs] 
2021-05-24T00:22:44.077+0800: 831115.776: [GC (Allocation Failure) [PSYoungGen: 505184K->7264K(510976K)] 957870K->466656K(1035264K), 0.0331881 secs] [Times: user=0.04 sys=0.05, real=0.03 secs] 
2021-05-24T00:28:41.386+0800: 831473.084: [GC (Allocation Failure) [PSYoungGen: 504928K->6144K(510976K)] 964320K->471371K(1035264K), 0.0236091 secs] [Times: user=0.08 sys=0.00, real=0.02 secs] 
2021-05-24T00:34:31.317+0800: 831823.015: [GC (Allocation Failure) [PSYoungGen: 503808K->6496K(510976K)] 969035K->476438K(1035264K), 0.0218490 secs] [Times: user=0.07 sys=0.00, real=0.02 secs] 
2021-05-24T00:40:25.683+0800: 832177.382: [GC (Allocation Failure) [PSYoungGen: 504160K->8448K(510976K)] 974102K->483019K(1035264K), 0.0231096 secs] [Times: user=0.04 sys=0.04, real=0.02 secs] 
2021-05-24T00:46:21.884+0800: 832533.583: [GC (Allocation Failure) [PSYoungGen: 506112K->7552K(512000K)] 980683K->489246K(1036288K), 0.0244274 secs] [Times: user=0.04 sys=0.04, real=0.02 secs] 
2021-05-24T00:52:21.917+0800: 832893.615: [GC (Allocation Failure) [PSYoungGen: 506752K->3552K(511488K)] 988446K->491439K(1035776K), 0.0287957 secs] [Times: user=0.04 sys=0.04, real=0.03 secs] 
2021-05-24T00:58:19.557+0800: 833251.256: [GC (Allocation Failure) [PSYoungGen: 502752K->5888K(511488K)] 990639K->495974K(1035776K), 0.0249805 secs] [Times: user=0.04 sys=0.04, real=0.03 secs] 
2021-05-24T01:04:09.406+0800: 833601.105: [GC (Allocation Failure) [PSYoungGen: 504576K->10656K(509440K)] 994662K->505539K(1033728K), 0.0274578 secs] [Times: user=0.08 sys=0.00, real=0.03 secs] 
2021-05-24T01:10:03.945+0800: 833955.643: [GC (Allocation Failure) [PSYoungGen: 509344K->11840K(508928K)] 1004227K->514973K(1033216K), 0.0826632 secs] [Times: user=0.07 sys=0.00, real=0.08 secs] 
2021-05-24T01:15:51.627+0800: 834303.325: [GC (Allocation Failure) [PSYoungGen: 507456K->10432K(509952K)] 1010589K->522694K(1034240K), 0.0268508 secs] [Times: user=0.04 sys=0.04, real=0.03 secs] 
2021-05-24T01:21:36.236+0800: 834647.934: [GC (Allocation Failure) [PSYoungGen: 506048K->8594K(510464K)] 1018310K->529098K(1034752K), 0.0272743 secs] [Times: user=0.09 sys=0.00, real=0.03 secs] 
2021-05-24T01:21:36.264+0800: 834647.962: [Full GC (Ergonomics) [PSYoungGen: 8594K->0K(510464K)] [ParOldGen: 520504K->294429K(524288K)] 529098K->294429K(1034752K), [Metaspace: 94668K->94664K(1136640K)], 0.6904288 secs] [Times: user=1.35 sys=0.00, real=0.69 secs] 
2021-05-24T01:27:27.698+0800: 834999.396: [GC (Allocation Failure) [PSYoungGen: 496128K->10144K(509952K)] 790557K->304573K(1034240K), 0.0303091 secs] [Times: user=0.04 sys=0.04, real=0.03 secs] 
2021-05-24T01:33:27.387+0800: 835359.085: [GC (Allocation Failure) [PSYoungGen: 506272K->10720K(509440K)] 800701K->313256K(1033728K), 0.0273757 secs] [Times: user=0.04 sys=0.05, real=0.03 secs] 
2021-05-24T01:39:19.274+0800: 835710.972: [GC (Allocation Failure) [PSYoungGen: 506336K->7008K(509952K)] 808872K->318392K(1034240K), 0.0287460 secs] [Times: user=0.08 sys=0.00, real=0.03 secs] 
2021-05-24T01:45:11.284+0800: 836062.982: [GC (Allocation Failure) [PSYoungGen: 502624K->7072K(510464K)] 814008K->323549K(1034752K), 0.0299683 secs] [Times: user=0.04 sys=0.04, real=0.03 secs] 
2021-05-24T01:50:58.208+0800: 836409.907: [GC (Allocation Failure) [PSYoungGen: 503712K->11584K(508416K)] 820189K->333913K(1032704K), 0.0384664 secs] [Times: user=0.06 sys=0.06, real=0.04 secs] 
2021-05-24T01:56:50.259+0800: 836761.957: [GC (Allocation Failure) [PSYoungGen: 508224K->9888K(509952K)] 830553K->341234K(1034240K), 0.0291994 secs] [Times: user=0.04 sys=0.04, real=0.03 secs] 
2021-05-24T02:02:38.320+0800: 837110.018: [GC (Allocation Failure) [PSYoungGen: 505504K->7424K(509952K)] 836850K->347371K(1034240K), 0.0231996 secs] [Times: user=0.03 sys=0.04, real=0.03 secs] 
2021-05-24T02:08:34.567+0800: 837466.265: [GC (Allocation Failure) [PSYoungGen: 503040K->7520K(510464K)] 842987K->352216K(1034752K), 0.0827943 secs] [Times: user=0.10 sys=0.00, real=0.08 secs] 
2021-05-24T02:14:22.620+0800: 837814.318: [GC (Allocation Failure) [PSYoungGen: 504160K->6016K(510464K)] 848856K->356996K(1034752K), 0.0206347 secs] [Times: user=0.03 sys=0.03, real=0.02 secs] 
2021-05-24T02:20:11.355+0800: 838163.053: [GC (Allocation Failure) [PSYoungGen: 502656K->13408K(508416K)] 853636K->368786K(1032704K), 0.0289320 secs] [Times: user=0.08 sys=0.00, real=0.03 secs] 
2021-05-24T02:26:01.200+0800: 838512.898: [GC (Allocation Failure) [PSYoungGen: 508000K->9888K(509440K)] 863378K->374179K(1033728K), 0.0292740 secs] [Times: user=0.09 sys=0.00, real=0.03 secs] 
2021-05-24T02:31:50.236+0800: 838861.934: [GC (Allocation Failure) [PSYoungGen: 504480K->12160K(508416K)] 868771K->383256K(1032704K), 0.0291851 secs] [Times: user=0.04 sys=0.04, real=0.03 secs] 
2021-05-24T02:37:37.949+0800: 839209.647: [GC (Allocation Failure) [PSYoungGen: 505728K->9568K(508928K)] 876824K->389656K(1033216K), 0.0307955 secs] [Times: user=0.04 sys=0.04, real=0.03 secs] 
2021-05-24T02:43:29.132+0800: 839560.830: [GC (Allocation Failure) [PSYoungGen: 503136K->7040K(509440K)] 883224K->394667K(1033728K), 0.0220995 secs] [Times: user=0.03 sys=0.03, real=0.03 secs] 
2021-05-24T02:49:14.282+0800: 839905.980: [GC (Allocation Failure) [PSYoungGen: 501632K->10176K(509440K)] 889259K->403391K(1033728K), 0.0335058 secs] [Times: user=0.04 sys=0.03, real=0.04 secs] 
2021-05-24T02:55:00.640+0800: 840252.338: [GC (Allocation Failure) [PSYoungGen: 504768K->9760K(509952K)] 897983K->410993K(1034240K), 0.0253403 secs] [Times: user=0.04 sys=0.04, real=0.03 secs] 
2021-05-24T03:00:49.907+0800: 840601.605: [GC (Allocation Failure) [PSYoungGen: 504864K->9344K(509440K)] 906097K->418347K(1033728K), 0.0280492 secs] [Times: user=0.04 sys=0.04, real=0.03 secs] 
2021-05-24T03:06:40.522+0800: 840952.220: [GC (Allocation Failure) [PSYoungGen: 504448K->9696K(510464K)] 913451K->425621K(1034752K), 0.0282847 secs] [Times: user=0.08 sys=0.00, real=0.03 secs] 
2021-05-24T03:12:31.332+0800: 841303.030: [GC (Allocation Failure) [PSYoungGen: 506336K->10272K(510464K)] 922261K->433816K(1034752K), 0.0248421 secs] [Times: user=0.03 sys=0.04, real=0.03 secs] 
2021-05-24T03:18:21.469+0800: 841653.167: [GC (Allocation Failure) [PSYoungGen: 506912K->10336K(510976K)] 930456K->441675K(1035264K), 0.0273984 secs] [Times: user=0.04 sys=0.04, real=0.03 secs] 
2021-05-24T03:24:08.970+0800: 842000.668: [GC (Allocation Failure) [PSYoungGen: 508000K->13280K(510976K)] 939339K->453973K(1035264K), 0.0285159 secs] [Times: user=0.09 sys=0.00, real=0.03 secs] 
2021-05-24T03:30:03.140+0800: 842354.839: [GC (Allocation Failure) [PSYoungGen: 510944K->13280K(492544K)] 951637K->466158K(1016832K), 0.0631135 secs] [Times: user=0.04 sys=0.05, real=0.07 secs] 
2021-05-24T03:35:46.141+0800: 842697.840: [GC (Allocation Failure) [PSYoungGen: 492512K->9408K(501760K)] 945390K->471991K(1026048K), 0.0275196 secs] [Times: user=0.04 sys=0.04, real=0.03 secs] 
2021-05-24T03:41:20.956+0800: 843032.654: [GC (Allocation Failure) [PSYoungGen: 488640K->6944K(502272K)] 951223K->477199K(1026560K), 0.0614271 secs] [Times: user=0.04 sys=0.04, real=0.06 secs] 
2021-05-24T03:46:59.738+0800: 843371.436: [GC (Allocation Failure) [PSYoungGen: 487200K->10336K(502272K)] 957455K->485970K(1026560K), 0.0309267 secs] [Times: user=0.04 sys=0.04, real=0.03 secs] 
2021-05-24T03:52:36.649+0800: 843708.347: [GC (Allocation Failure) [PSYoungGen: 490592K->12800K(503296K)] 966226K->496311K(1027584K), 0.0271223 secs] [Times: user=0.08 sys=0.00, real=0.03 secs] 
2021-05-24T03:58:18.981+0800: 844050.680: [GC (Allocation Failure) [PSYoungGen: 495104K->10144K(503296K)] 978615K->502895K(1027584K), 0.0343397 secs] [Times: user=0.08 sys=0.00, real=0.04 secs] 
2021-05-24T04:03:56.995+0800: 844388.694: [GC (Allocation Failure) [PSYoungGen: 492448K->6912K(504320K)] 985199K->507658K(1028608K), 0.0249551 secs] [Times: user=0.04 sys=0.03, real=0.02 secs] 
2021-05-24T04:09:34.254+0800: 844725.953: [GC (Allocation Failure) [PSYoungGen: 491264K->11456K(504320K)] 992010K->517511K(1028608K), 0.0268451 secs] [Times: user=0.08 sys=0.00, real=0.02 secs] 
2021-05-24T04:15:16.237+0800: 845067.935: [GC (Allocation Failure) [PSYoungGen: 495808K->8960K(505344K)] 1001863K->523897K(1029632K), 0.0261291 secs] [Times: user=0.04 sys=0.04, real=0.03 secs] 
2021-05-24T04:15:16.264+0800: 845067.962: [Full GC (Ergonomics) [PSYoungGen: 8960K->0K(505344K)] [ParOldGen: 514937K->287897K(524288K)] 523897K->287897K(1029632K), [Metaspace: 94669K->94665K(1136640K)], 0.5037710 secs] [Times: user=1.02 sys=0.00, real=0.50 secs] 
2021-05-24T04:20:56.424+0800: 845408.122: [GC (Allocation Failure) [PSYoungGen: 485888K->6784K(504832K)] 773785K->294681K(1029120K), 0.0561894 secs] [Times: user=0.06 sys=0.00, real=0.05 secs] 
2021-05-24T04:26:43.086+0800: 845754.784: [GC (Allocation Failure) [PSYoungGen: 492672K->6528K(505856K)] 780569K->299461K(1030144K), 0.0282758 secs] [Times: user=0.04 sys=0.04, real=0.03 secs] 
2021-05-24T04:32:24.391+0800: 846096.089: [GC (Allocation Failure) [PSYoungGen: 493440K->9888K(505344K)] 786373K->307554K(1029632K), 0.0265107 secs] [Times: user=0.04 sys=0.04, real=0.03 secs] 
2021-05-24T04:37:59.530+0800: 846431.228: [GC (Allocation Failure) [PSYoungGen: 496800K->10240K(507392K)] 794466K->315453K(1031680K), 0.0256283 secs] [Times: user=0.04 sys=0.04, real=0.03 secs] 
2021-05-24T04:43:49.479+0800: 846781.178: [GC (Allocation Failure) [PSYoungGen: 499712K->5024K(506368K)] 804925K->318982K(1030656K), 0.0243530 secs] [Times: user=0.04 sys=0.04, real=0.03 secs] 
2021-05-24T04:49:28.728+0800: 847120.427: [GC (Allocation Failure) [PSYoungGen: 494496K->11072K(507392K)] 808454K->328796K(1031680K), 0.0288148 secs] [Times: user=0.04 sys=0.04, real=0.03 secs] 
2021-05-24T04:55:19.786+0800: 847471.485: [GC (Allocation Failure) [PSYoungGen: 501056K->7264K(506880K)] 818780K->334259K(1031168K), 0.0407565 secs] [Times: user=0.07 sys=0.00, real=0.04 secs] 
2021-05-24T05:01:03.581+0800: 847815.280: [GC (Allocation Failure) [PSYoungGen: 497248K->8224K(507904K)] 824243K->340950K(1032192K), 0.0275882 secs] [Times: user=0.04 sys=0.04, real=0.03 secs] 
2021-05-24T05:07:03.993+0800: 848175.691: [GC (Allocation Failure) [PSYoungGen: 499225K->11904K(507392K)] 831952K->350147K(1031680K), 0.0391629 secs] [Times: user=0.05 sys=0.05, real=0.04 secs] 
2021-05-24T05:13:14.506+0800: 848546.204: [GC (Allocation Failure) [PSYoungGen: 502912K->11424K(507904K)] 841155K->357932K(1032192K), 0.0266852 secs] [Times: user=0.08 sys=0.00, real=0.03 secs] 
2021-05-24T05:19:25.683+0800: 848917.382: [GC (Allocation Failure) [PSYoungGen: 502944K->3808K(495616K)] 849452K->358819K(1019904K), 0.0272950 secs] [Times: user=0.04 sys=0.04, real=0.02 secs] 
2021-05-24T05:25:39.457+0800: 849291.155: [GC (Allocation Failure) [PSYoungGen: 495328K->9760K(507904K)] 850339K->367162K(1032192K), 0.0255442 secs] [Times: user=0.03 sys=0.04, real=0.03 secs] 
2021-05-24T05:31:47.234+0800: 849658.932: [GC (Allocation Failure) [PSYoungGen: 500768K->7360K(507392K)] 858170K->373114K(1031680K), 0.0276616 secs] [Times: user=0.03 sys=0.04, real=0.02 secs] 
2021-05-24T05:38:09.820+0800: 850041.518: [GC (Allocation Failure) [PSYoungGen: 498368K->6272K(508416K)] 864122K->377221K(1032704K), 0.0234454 secs] [Times: user=0.04 sys=0.04, real=0.03 secs] 
2021-05-24T05:44:25.461+0800: 850417.160: [GC (Allocation Failure) [PSYoungGen: 498816K->11744K(504320K)] 869765K->387187K(1028608K), 0.0272864 secs] [Times: user=0.04 sys=0.03, real=0.03 secs] 
2021-05-24T05:50:41.025+0800: 850792.723: [GC (Allocation Failure) [PSYoungGen: 504288K->10208K(508416K)] 879731K->395651K(1032704K), 0.0267855 secs] [Times: user=0.04 sys=0.04, real=0.03 secs] 
2021-05-24T05:56:57.174+0800: 851168.872: [GC (Allocation Failure) [PSYoungGen: 502240K->6304K(507904K)] 887683K->399820K(1032192K), 0.0219596 secs] [Times: user=0.03 sys=0.03, real=0.02 secs] 
2021-05-24T06:03:09.540+0800: 851541.239: [GC (Allocation Failure) [PSYoungGen: 498336K->9728K(508928K)] 891852K->407991K(1033216K), 0.0274821 secs] [Times: user=0.03 sys=0.04, real=0.03 secs] 
2021-05-24T06:09:36.051+0800: 851927.749: [GC (Allocation Failure) [PSYoungGen: 502784K->8672K(508416K)] 901047K->414010K(1032704K), 0.0239816 secs] [Times: user=0.07 sys=0.00, real=0.03 secs] 
2021-05-24T06:15:54.389+0800: 852306.087: [GC (Allocation Failure) [PSYoungGen: 501728K->8544K(509952K)] 907066K->420668K(1034240K), 0.0343577 secs] [Times: user=0.08 sys=0.00, real=0.04 secs] 
2021-05-24T06:22:14.366+0800: 852686.064: [GC (Allocation Failure) [PSYoungGen: 503648K->8576K(509440K)] 915772K->427502K(1033728K), 0.0218768 secs] [Times: user=0.03 sys=0.03, real=0.02 secs] 
2021-05-24T06:28:37.236+0800: 853068.934: [GC (Allocation Failure) [PSYoungGen: 503680K->3520K(509440K)] 922606K->428975K(1033728K), 0.0200231 secs] [Times: user=0.03 sys=0.03, real=0.02 secs] 
2021-05-24T06:34:58.124+0800: 853449.823: [GC (Allocation Failure) [PSYoungGen: 499136K->6272K(509952K)] 924591K->433662K(1034240K), 0.0192684 secs] [Times: user=0.03 sys=0.03, real=0.02 secs] 
2021-05-24T06:41:30.031+0800: 853841.729: [GC (Allocation Failure) [PSYoungGen: 501888K->4416K(509952K)] 929278K->436617K(1034240K), 0.0250617 secs] [Times: user=0.07 sys=0.00, real=0.03 secs] 
2021-05-24T06:47:50.782+0800: 854222.481: [GC (Allocation Failure) [PSYoungGen: 500032K->7008K(509952K)] 932233K->442151K(1034240K), 0.0326825 secs] [Times: user=0.03 sys=0.03, real=0.03 secs] 
2021-05-24T06:54:09.031+0800: 854600.729: [GC (Allocation Failure) [PSYoungGen: 502624K->7840K(510976K)] 937767K->448195K(1035264K), 0.0268309 secs] [Times: user=0.04 sys=0.04, real=0.03 secs] 
2021-05-24T07:00:28.046+0800: 854979.744: [GC (Allocation Failure) [PSYoungGen: 504992K->7328K(510464K)] 945347K->453847K(1034752K), 0.0269775 secs] [Times: user=0.08 sys=0.00, real=0.03 secs] 
2021-05-24T07:06:40.402+0800: 855352.100: [GC (Allocation Failure) [PSYoungGen: 504480K->12768K(504320K)] 950999K->465075K(1028608K), 0.0285800 secs] [Times: user=0.04 sys=0.03, real=0.03 secs] 
2021-05-24T07:13:00.080+0800: 855731.778: [GC (Allocation Failure) [PSYoungGen: 504288K->7104K(507904K)] 956595K->468370K(1032192K), 0.0391061 secs] [Times: user=0.03 sys=0.04, real=0.04 secs] 
2021-05-24T07:19:21.152+0800: 856112.850: [GC (Allocation Failure) [PSYoungGen: 498624K->5298K(508416K)] 959890K->471879K(1032704K), 0.0317667 secs] [Times: user=0.03 sys=0.03, real=0.04 secs] 
2021-05-24T07:25:40.767+0800: 856492.466: [GC (Allocation Failure) [PSYoungGen: 497842K->4256K(508416K)] 964423K->474835K(1032704K), 0.0232067 secs] [Times: user=0.04 sys=0.03, real=0.02 secs] 
2021-05-24T07:31:57.402+0800: 856869.100: [GC (Allocation Failure) [PSYoungGen: 496800K->4800K(508928K)] 967379K->478241K(1033216K), 0.0217253 secs] [Times: user=0.03 sys=0.04, real=0.03 secs] 
2021-05-24T07:38:21.551+0800: 857253.250: [GC (Allocation Failure) [PSYoungGen: 497856K->6272K(508416K)] 971297K->482783K(1032704K), 0.0647695 secs] [Times: user=0.04 sys=0.04, real=0.07 secs] 
2021-05-24T07:44:43.080+0800: 857634.778: [GC (Allocation Failure) [PSYoungGen: 499328K->5024K(509952K)] 975839K->486363K(1034240K), 0.0236555 secs] [Times: user=0.07 sys=0.00, real=0.03 secs] 
2021-05-24T07:51:01.620+0800: 858013.319: [GC (Allocation Failure) [PSYoungGen: 500128K->6496K(509440K)] 981467K->491240K(1033728K), 0.0265242 secs] [Times: user=0.08 sys=0.00, real=0.03 secs] 
2021-05-24T07:57:19.477+0800: 858391.175: [GC (Allocation Failure) [PSYoungGen: 501600K->6624K(510976K)] 986344K->496659K(1035264K), 0.0242776 secs] [Times: user=0.04 sys=0.04, real=0.02 secs] 
2021-05-24T08:03:37.326+0800: 858769.024: [GC (Allocation Failure) [PSYoungGen: 503776K->5568K(510464K)] 993811K->500574K(1034752K), 0.0241240 secs] [Times: user=0.03 sys=0.04, real=0.02 secs] 
2021-05-24T08:09:53.983+0800: 859145.681: [GC (Allocation Failure) [PSYoungGen: 502720K->3680K(511488K)] 997726K->502459K(1035776K), 0.0217870 secs] [Times: user=0.07 sys=0.00, real=0.02 secs] 
2021-05-24T08:16:20.298+0800: 859531.997: [GC (Allocation Failure) [PSYoungGen: 502368K->6528K(511488K)] 1001147K->507275K(1035776K), 0.0224631 secs] [Times: user=0.03 sys=0.03, real=0.02 secs] 
2021-05-24T08:22:44.928+0800: 859916.626: [GC (Allocation Failure) [PSYoungGen: 505216K->7392K(512000K)] 1005963K->513279K(1036288K), 0.0226094 secs] [Times: user=0.07 sys=0.00, real=0.02 secs] 
2021-05-24T08:29:17.281+0800: 860308.979: [GC (Allocation Failure) [PSYoungGen: 507104K->3424K(512000K)] 1012991K->515368K(1036288K), 0.0554866 secs] [Times: user=0.06 sys=0.00, real=0.06 secs] 
2021-05-24T08:35:27.965+0800: 860679.664: [GC (Allocation Failure) [PSYoungGen: 503134K->5280K(512512K)] 1015078K->519167K(1036800K), 0.0200099 secs] [Times: user=0.03 sys=0.03, real=0.02 secs] 
2021-05-24T08:41:46.299+0800: 861057.997: [GC (Allocation Failure) [PSYoungGen: 505504K->9248K(512000K)] 1019391K->526972K(1036288K), 0.0256977 secs] [Times: user=0.03 sys=0.04, real=0.03 secs] 
2021-05-24T08:41:46.325+0800: 861058.023: [Full GC (Ergonomics) [PSYoungGen: 9248K->0K(512000K)] [ParOldGen: 517724K->284033K(524288K)] 526972K->284033K(1036288K), [Metaspace: 94706K->94703K(1136640K)], 0.4751201 secs] [Times: user=1.01 sys=0.00, real=0.47 secs] 
2021-05-24T08:48:03.266+0800: 861434.964: [GC (Allocation Failure) [PSYoungGen: 500224K->12224K(508928K)] 784257K->296257K(1033216K), 0.0218047 secs] [Times: user=0.03 sys=0.02, real=0.02 secs] 
2021-05-24T08:54:21.617+0800: 861813.316: [GC (Allocation Failure) [PSYoungGen: 508864K->11424K(508416K)] 792897K->304593K(1032704K), 0.0250164 secs] [Times: user=0.04 sys=0.04, real=0.03 secs] 
2021-05-24T09:00:39.525+0800: 862191.223: [GC (Allocation Failure) [PSYoungGen: 508064K->6048K(509952K)] 801233K->308648K(1034240K), 0.0250172 secs] [Times: user=0.08 sys=0.00, real=0.02 secs] 
2021-05-24T09:06:55.944+0800: 862567.642: [GC (Allocation Failure) [PSYoungGen: 501152K->7040K(509440K)] 803752K->314157K(1033728K), 0.0264041 secs] [Times: user=0.04 sys=0.04, real=0.02 secs] 
2021-05-24T09:13:11.869+0800: 862943.568: [GC (Allocation Failure) [PSYoungGen: 502144K->5376K(510976K)] 809261K->317633K(1035264K), 0.0211789 secs] [Times: user=0.07 sys=0.00, real=0.02 secs] 
2021-05-24T09:19:40.141+0800: 863331.839: [GC (Allocation Failure) [PSYoungGen: 502521K->4704K(510464K)] 814779K->320845K(1034752K), 0.0208478 secs] [Times: user=0.03 sys=0.03, real=0.02 secs] 
2021-05-24T09:25:58.470+0800: 863710.169: [GC (Allocation Failure) [PSYoungGen: 501856K->6464K(511488K)] 817997K->325826K(1035776K), 0.0242618 secs] [Times: user=0.04 sys=0.04, real=0.03 secs] 
2021-05-24T09:32:23.384+0800: 864095.083: [GC (Allocation Failure) [PSYoungGen: 504640K->6336K(510976K)] 824002K->330318K(1035264K), 0.0280189 secs] [Times: user=0.03 sys=0.03, real=0.03 secs] 
2021-05-24T09:38:39.915+0800: 864471.614: [GC (Allocation Failure) [PSYoungGen: 504512K->8544K(512000K)] 828494K->337260K(1036288K), 0.0308646 secs] [Times: user=0.04 sys=0.04, real=0.03 secs] 
2021-05-24T09:45:06.911+0800: 864858.609: [GC (Allocation Failure) [PSYoungGen: 508256K->5760K(512000K)] 836972K->341437K(1036288K), 0.0248010 secs] [Times: user=0.04 sys=0.04, real=0.03 secs] 
2021-05-24T09:51:23.824+0800: 865235.522: [GC (Allocation Failure) [PSYoungGen: 505472K->6912K(512512K)] 841149K->346690K(1036800K), 0.0234506 secs] [Times: user=0.03 sys=0.04, real=0.02 secs] 
2021-05-24T09:57:48.477+0800: 865620.176: [GC (Allocation Failure) [PSYoungGen: 507136K->4896K(512000K)] 846914K->350205K(1036288K), 0.0250048 secs] [Times: user=0.03 sys=0.03, real=0.03 secs] 
2021-05-24T10:04:04.426+0800: 865996.124: [GC (Allocation Failure) [PSYoungGen: 505120K->9248K(512000K)] 850429K->357978K(1036288K), 0.0219115 secs] [Times: user=0.03 sys=0.04, real=0.02 secs] 
2021-05-24T10:10:28.888+0800: 866380.586: [GC (Allocation Failure) [PSYoungGen: 509984K->4320K(512512K)] 858714K->360226K(1036800K), 0.0218512 secs] [Times: user=0.03 sys=0.03, real=0.02 secs] 
2021-05-24T10:16:49.585+0800: 866761.283: [GC (Allocation Failure) [PSYoungGen: 505056K->4096K(512512K)] 860962K->362727K(1036800K), 0.0182689 secs] [Times: user=0.03 sys=0.03, real=0.02 secs] 
2021-05-24T10:23:07.439+0800: 867139.137: [GC (Allocation Failure) [PSYoungGen: 504832K->11136K(512000K)] 863463K->372286K(1036288K), 0.0297102 secs] [Times: user=0.03 sys=0.04, real=0.03 secs] 
2021-05-24T10:29:30.893+0800: 867522.591: [GC (Allocation Failure) [PSYoungGen: 511872K->9728K(508928K)] 873022K->379880K(1033216K), 0.0282223 secs] [Times: user=0.04 sys=0.05, real=0.02 secs] 
2021-05-24T10:35:53.615+0800: 867905.313: [GC (Allocation Failure) [PSYoungGen: 506368K->5120K(510464K)] 876520K->382265K(1034752K), 0.0260781 secs] [Times: user=0.04 sys=0.04, real=0.02 secs] 
2021-05-24T10:42:17.072+0800: 868288.771: [GC (Allocation Failure) [PSYoungGen: 501760K->6720K(511488K)] 878905K->387525K(1035776K), 0.0225408 secs] [Times: user=0.07 sys=0.00, real=0.02 secs] 
2021-05-24T10:48:32.416+0800: 868664.114: [GC (Allocation Failure) [PSYoungGen: 504896K->8416K(510976K)] 885701K->394305K(1035264K), 0.0288938 secs] [Times: user=0.04 sys=0.05, real=0.03 secs] 
2021-05-24T10:54:56.592+0800: 869048.290: [GC (Allocation Failure) [PSYoungGen: 506592K->5088K(512000K)] 892481K->396964K(1036288K), 0.0291518 secs] [Times: user=0.04 sys=0.05, real=0.03 secs] 
2021-05-24T11:01:13.837+0800: 869425.536: [GC (Allocation Failure) [PSYoungGen: 504288K->7936K(511488K)] 896164K->403441K(1035776K), 0.0267907 secs] [Times: user=0.08 sys=0.00, real=0.03 secs] 
2021-05-24T11:07:28.919+0800: 869800.617: [GC (Allocation Failure) [PSYoungGen: 507136K->7104K(512512K)] 902641K->408851K(1036800K), 0.0374451 secs] [Times: user=0.04 sys=0.06, real=0.04 secs] 
2021-05-24T11:13:49.682+0800: 870181.380: [GC (Allocation Failure) [PSYoungGen: 507328K->5312K(512000K)] 909075K->411927K(1036288K), 0.0562256 secs] [Times: user=0.07 sys=0.00, real=0.06 secs] 
2021-05-24T11:20:12.285+0800: 870563.983: [GC (Allocation Failure) [PSYoungGen: 505536K->9952K(511488K)] 912151K->420189K(1035776K), 0.0299372 secs] [Times: user=0.03 sys=0.05, real=0.03 secs] 
2021-05-24T11:26:30.672+0800: 870942.370: [GC (Allocation Failure) [PSYoungGen: 509664K->8704K(512000K)] 919901K->426551K(1036288K), 0.0259985 secs] [Times: user=0.04 sys=0.05, real=0.02 secs] 
2021-05-24T11:32:44.984+0800: 871316.682: [GC (Allocation Failure) [PSYoungGen: 508416K->11936K(508928K)] 926263K->437123K(1033216K), 0.0967770 secs] [Times: user=0.07 sys=0.00, real=0.09 secs] 
2021-05-24T11:39:00.859+0800: 871692.557: [GC (Allocation Failure) [PSYoungGen: 508576K->6016K(510464K)] 933763K->440115K(1034752K), 0.0344754 secs] [Times: user=0.08 sys=0.00, real=0.04 secs] 
2021-05-24T11:45:08.626+0800: 872060.325: [GC (Allocation Failure) [PSYoungGen: 502656K->7911K(511488K)] 936755K->446559K(1035776K), 0.0297319 secs] [Times: user=0.03 sys=0.04, real=0.03 secs] 
2021-05-24T11:50:08.583+0800: 872360.282: [GC (Allocation Failure) [PSYoungGen: 506087K->9312K(510976K)] 944735K->454085K(1035264K), 0.0286156 secs] [Times: user=0.04 sys=0.05, real=0.03 secs] 
2021-05-24T11:55:10.394+0800: 872662.092: [GC (Allocation Failure) [PSYoungGen: 507488K->5376K(511488K)] 952261K->458373K(1035776K), 0.0253651 secs] [Times: user=0.08 sys=0.00, real=0.02 secs] 
2021-05-24T12:00:39.632+0800: 872991.330: [GC (Allocation Failure) [PSYoungGen: 503552K->5376K(510976K)] 956549K->462545K(1035264K), 0.0259036 secs] [Times: user=0.03 sys=0.04, real=0.03 secs] 
2021-05-24T12:07:01.961+0800: 873373.659: [GC (Allocation Failure) [PSYoungGen: 503552K->4736K(511488K)] 960721K->465553K(1035776K), 0.0248084 secs] [Times: user=0.03 sys=0.04, real=0.03 secs] 
2021-05-24T12:13:20.440+0800: 873752.138: [GC (Allocation Failure) [PSYoungGen: 503424K->4864K(511488K)] 964241K->468414K(1035776K), 0.1088902 secs] [Times: user=0.04 sys=0.04, real=0.11 secs] 
2021-05-24T12:19:38.029+0800: 874129.728: [GC (Allocation Failure) [PSYoungGen: 503552K->6464K(512000K)] 967102K->472909K(1036288K), 0.0281612 secs] [Times: user=0.07 sys=0.00, real=0.03 secs] 
2021-05-24T12:25:45.708+0800: 874497.407: [GC (Allocation Failure) [PSYoungGen: 505664K->10240K(511488K)] 972109K->481322K(1035776K), 0.0536820 secs] [Times: user=0.03 sys=0.02, real=0.06 secs] 
2021-05-24T12:32:02.810+0800: 874874.508: [GC (Allocation Failure) [PSYoungGen: 509440K->8480K(511488K)] 980522K->487365K(1035776K), 0.0266405 secs] [Times: user=0.08 sys=0.00, real=0.03 secs] 
2021-05-24T12:38:20.791+0800: 875252.489: [GC (Allocation Failure) [PSYoungGen: 507168K->5984K(511488K)] 986053K->491830K(1035776K), 0.0686618 secs] [Times: user=0.04 sys=0.04, real=0.07 secs] 
2021-05-24T12:44:34.761+0800: 875626.459: [GC (Allocation Failure) [PSYoungGen: 504672K->7488K(512000K)] 990518K->497850K(1036288K), 0.0279860 secs] [Times: user=0.08 sys=0.00, real=0.03 secs] 
2021-05-24T12:50:43.298+0800: 875994.996: [GC (Allocation Failure) [PSYoungGen: 507200K->9024K(512000K)] 997562K->504958K(1036288K), 0.0289062 secs] [Times: user=0.04 sys=0.04, real=0.03 secs] 
2021-05-24T12:57:00.586+0800: 876372.284: [GC (Allocation Failure) [PSYoungGen: 508736K->7008K(512512K)] 1004670K->510599K(1036800K), 0.0257660 secs] [Times: user=0.09 sys=0.00, real=0.03 secs] 
2021-05-24T13:03:11.398+0800: 876743.096: [GC (Allocation Failure) [PSYoungGen: 507232K->5504K(512000K)] 1010823K->514625K(1036288K), 0.0295627 secs] [Times: user=0.09 sys=0.00, real=0.03 secs] 
2021-05-24T13:09:21.107+0800: 877112.805: [GC (Allocation Failure) [PSYoungGen: 505728K->5408K(512512K)] 1014849K->518166K(1036800K), 0.0841002 secs] [Times: user=0.09 sys=0.00, real=0.08 secs] 
2021-05-24T13:15:37.100+0800: 877488.799: [GC (Allocation Failure) [PSYoungGen: 506144K->4704K(512512K)] 1018902K->521170K(1036800K), 0.0213686 secs] [Times: user=0.03 sys=0.03, real=0.02 secs] 
2021-05-24T13:15:37.122+0800: 877488.820: [Full GC (Ergonomics) [PSYoungGen: 4704K->0K(512512K)] [ParOldGen: 516466K->283369K(524288K)] 521170K->283369K(1036800K), [Metaspace: 94746K->94742K(1136640K)], 0.4803516 secs] [Times: user=1.06 sys=0.00, real=0.49 secs] 
2021-05-24T13:21:48.084+0800: 877859.782: [GC (Allocation Failure) [PSYoungGen: 500736K->6642K(513024K)] 784105K->290012K(1037312K), 0.0200171 secs] [Times: user=0.03 sys=0.03, real=0.02 secs] 
2021-05-24T13:28:07.589+0800: 878239.287: [GC (Allocation Failure) [PSYoungGen: 507890K->4448K(512512K)] 791260K->292960K(1036800K), 0.0247152 secs] [Times: user=0.03 sys=0.03, real=0.03 secs] 
2021-05-24T13:34:26.205+0800: 878617.903: [GC (Allocation Failure) [PSYoungGen: 505696K->8352K(513024K)] 794208K->299750K(1037312K), 0.0354375 secs] [Times: user=0.10 sys=0.00, real=0.03 secs] 
2021-05-24T13:40:46.459+0800: 878998.157: [GC (Allocation Failure) [PSYoungGen: 510112K->7872K(513024K)] 801510K->305768K(1037312K), 0.0302696 secs] [Times: user=0.08 sys=0.00, real=0.03 secs] 
2021-05-24T13:46:59.948+0800: 879371.647: [GC (Allocation Failure) [PSYoungGen: 509632K->5280K(513024K)] 807528K->309250K(1037312K), 0.0311431 secs] [Times: user=0.09 sys=0.00, real=0.03 secs] 
2021-05-24T13:53:21.577+0800: 879753.275: [GC (Allocation Failure) [PSYoungGen: 507040K->8640K(513024K)] 811010K->316447K(1037312K), 0.0234450 secs] [Times: user=0.04 sys=0.04, real=0.02 secs] 
2021-05-24T13:59:40.927+0800: 880132.626: [GC (Allocation Failure) [PSYoungGen: 510400K->9184K(512000K)] 818207K->323811K(1036288K), 0.0313469 secs] [Times: user=0.04 sys=0.05, real=0.03 secs] 
2021-05-24T14:05:59.367+0800: 880511.065: [GC (Allocation Failure) [PSYoungGen: 509920K->9600K(510464K)] 824547K->331165K(1034752K), 0.0254482 secs] [Times: user=0.04 sys=0.04, real=0.03 secs] 
2021-05-24T14:12:17.663+0800: 880889.361: [GC (Allocation Failure) [PSYoungGen: 510336K->5728K(512000K)] 831901K->333574K(1036288K), 0.0277507 secs] [Times: user=0.08 sys=0.00, real=0.02 secs] 
2021-05-24T14:18:41.951+0800: 881273.649: [GC (Allocation Failure) [PSYoungGen: 505440K->6528K(512000K)] 833286K->338051K(1036288K), 0.0385492 secs] [Times: user=0.08 sys=0.00, real=0.04 secs] 
2021-05-24T14:25:06.676+0800: 881658.374: [GC (Allocation Failure) [PSYoungGen: 506240K->5568K(512512K)] 837763K->341798K(1036800K), 0.0248532 secs] [Times: user=0.07 sys=0.00, real=0.02 secs] 
2021-05-24T14:31:28.145+0800: 882039.843: [GC (Allocation Failure) [PSYoungGen: 506304K->4928K(512512K)] 842534K->345003K(1036800K), 0.0267658 secs] [Times: user=0.03 sys=0.04, real=0.03 secs] 
2021-05-24T14:37:55.203+0800: 882426.901: [GC (Allocation Failure) [PSYoungGen: 505664K->5376K(513024K)] 845739K->348817K(1037312K), 0.0254892 secs] [Times: user=0.04 sys=0.04, real=0.02 secs] 
2021-05-24T14:44:14.378+0800: 882806.076: [GC (Allocation Failure) [PSYoungGen: 506624K->8416K(512512K)] 850065K->355741K(1036800K), 0.0255793 secs] [Times: user=0.08 sys=0.00, real=0.03 secs] 
2021-05-24T14:50:33.473+0800: 883185.172: [GC (Allocation Failure) [PSYoungGen: 509664K->9216K(512512K)] 856989K->362737K(1036800K), 0.0265341 secs] [Times: user=0.04 sys=0.04, real=0.02 secs] 
2021-05-24T14:56:54.416+0800: 883566.114: [GC (Allocation Failure) [PSYoungGen: 509952K->7456K(512512K)] 863473K->367459K(1036800K), 0.0653505 secs] [Times: user=0.03 sys=0.03, real=0.06 secs] 
2021-05-24T15:03:06.472+0800: 883938.170: [GC (Allocation Failure) [PSYoungGen: 508192K->6752K(513024K)] 868195K->372239K(1037312K), 0.0296795 secs] [Times: user=0.04 sys=0.05, real=0.03 secs] 
2021-05-24T15:09:31.283+0800: 884322.981: [GC (Allocation Failure) [PSYoungGen: 508000K->4160K(512512K)] 873487K->373731K(1036800K), 0.0253307 secs] [Times: user=0.07 sys=0.00, real=0.02 secs] 
2021-05-24T15:15:47.664+0800: 884699.362: [GC (Allocation Failure) [PSYoungGen: 505408K->5088K(513024K)] 874979K->377201K(1037312K), 0.0237192 secs] [Times: user=0.03 sys=0.03, real=0.02 secs] 
2021-05-24T15:22:05.247+0800: 885076.945: [GC (Allocation Failure) [PSYoungGen: 506848K->11232K(513024K)] 878961K->389471K(1037312K), 0.0326797 secs] [Times: user=0.09 sys=0.00, real=0.03 secs] 
2021-05-24T15:28:25.332+0800: 885457.030: [GC (Allocation Failure) [PSYoungGen: 512992K->4704K(505856K)] 891231K->392813K(1030144K), 0.0237670 secs] [Times: user=0.07 sys=0.00, real=0.03 secs] 
2021-05-24T15:34:40.479+0800: 885832.177: [GC (Allocation Failure) [PSYoungGen: 499296K->6528K(509440K)] 887405K->397771K(1033728K), 0.0249508 secs] [Times: user=0.03 sys=0.03, real=0.03 secs] 
2021-05-24T15:40:45.006+0800: 886196.704: [GC (Allocation Failure) [PSYoungGen: 501120K->11456K(508416K)] 892363K->407656K(1032704K), 0.0348343 secs] [Times: user=0.04 sys=0.04, real=0.03 secs] 
2021-05-24T15:46:59.638+0800: 886571.336: [GC (Allocation Failure) [PSYoungGen: 506048K->7264K(509440K)] 902248K->412729K(1033728K), 0.0298976 secs] [Times: user=0.04 sys=0.04, real=0.03 secs] 
2021-05-24T15:53:18.147+0800: 886949.845: [GC (Allocation Failure) [PSYoungGen: 501856K->6144K(510464K)] 907321K->417293K(1034752K), 0.0330352 secs] [Times: user=0.10 sys=0.00, real=0.03 secs] 
2021-05-24T15:59:33.591+0800: 887325.289: [GC (Allocation Failure) [PSYoungGen: 502272K->9344K(509952K)] 913421K->425026K(1034240K), 0.0284014 secs] [Times: user=0.04 sys=0.04, real=0.03 secs] 
2021-05-24T16:05:58.333+0800: 887710.032: [GC (Allocation Failure) [PSYoungGen: 505472K->9056K(510464K)] 921154K->432372K(1034752K), 0.0307548 secs] [Times: user=0.09 sys=0.00, real=0.03 secs] 
2021-05-24T16:12:08.537+0800: 888080.235: [GC (Allocation Failure) [PSYoungGen: 505696K->10912K(507904K)] 929012K->439641K(1032192K), 0.0435971 secs] [Times: user=0.03 sys=0.03, real=0.04 secs] 
2021-05-24T16:18:31.435+0800: 888463.133: [GC (Allocation Failure) [PSYoungGen: 507552K->10016K(509952K)] 936281K->445979K(1034240K), 0.0295655 secs] [Times: user=0.03 sys=0.04, real=0.03 secs] 
2021-05-24T16:24:51.677+0800: 888843.375: [GC (Allocation Failure) [PSYoungGen: 505632K->6432K(509952K)] 941595K->449468K(1034240K), 0.0381528 secs] [Times: user=0.04 sys=0.03, real=0.04 secs] 
2021-05-24T16:31:08.694+0800: 889220.393: [GC (Allocation Failure) [PSYoungGen: 502048K->6432K(510464K)] 945084K->454504K(1034752K), 0.0318363 secs] [Times: user=0.04 sys=0.04, real=0.03 secs] 
2021-05-24T16:37:26.899+0800: 889598.597: [GC (Allocation Failure) [PSYoungGen: 502560K->4640K(509952K)] 950632K->457508K(1034240K), 0.0305072 secs] [Times: user=0.05 sys=0.04, real=0.03 secs] 
2021-05-24T16:43:45.657+0800: 889977.355: [GC (Allocation Failure) [PSYoungGen: 500768K->7264K(510976K)] 953636K->463289K(1035264K), 0.0236982 secs] [Times: user=0.04 sys=0.04, real=0.02 secs] 
2021-05-24T16:50:05.694+0800: 890357.392: [GC (Allocation Failure) [PSYoungGen: 504416K->5760K(510464K)] 960441K->467286K(1034752K), 0.0235842 secs] [Times: user=0.04 sys=0.03, real=0.02 secs] 
2021-05-24T16:56:29.428+0800: 890741.126: [GC (Allocation Failure) [PSYoungGen: 502912K->9056K(510976K)] 964438K->473939K(1035264K), 0.0536100 secs] [Times: user=0.04 sys=0.03, real=0.05 secs] 
2021-05-24T17:02:48.630+0800: 891120.329: [GC (Allocation Failure) [PSYoungGen: 506720K->7744K(510976K)] 971603K->479349K(1035264K), 0.0578885 secs] [Times: user=0.04 sys=0.04, real=0.06 secs] 
2021-05-24T17:09:07.437+0800: 891499.135: [GC (Allocation Failure) [PSYoungGen: 505408K->10144K(510464K)] 977013K->486970K(1034752K), 0.0253837 secs] [Times: user=0.03 sys=0.04, real=0.03 secs] 
2021-05-24T17:15:26.953+0800: 891878.651: [GC (Allocation Failure) [PSYoungGen: 507808K->8544K(510976K)] 984634K->493092K(1035264K), 0.0315552 secs] [Times: user=0.03 sys=0.03, real=0.03 secs] 
2021-05-24T17:21:49.552+0800: 892261.250: [GC (Allocation Failure) [PSYoungGen: 506208K->9984K(510464K)] 990756K->500593K(1034752K), 0.0291546 secs] [Times: user=0.04 sys=0.03, real=0.02 secs] 
2021-05-24T17:28:08.537+0800: 892640.236: [GC (Allocation Failure) [PSYoungGen: 507648K->8960K(510976K)] 998257K->506939K(1035264K), 0.0296144 secs] [Times: user=0.04 sys=0.04, real=0.03 secs] 
2021-05-24T17:34:22.017+0800: 893013.716: [GC (Allocation Failure) [PSYoungGen: 506624K->6560K(511488K)] 1004603K->511741K(1035776K), 0.0273495 secs] [Times: user=0.09 sys=0.00, real=0.03 secs] 
2021-05-24T17:40:37.235+0800: 893388.933: [GC (Allocation Failure) [PSYoungGen: 504736K->7328K(510976K)] 1009917K->516809K(1035264K), 0.0344470 secs] [Times: user=0.04 sys=0.04, real=0.03 secs] 
2021-05-24T17:46:59.415+0800: 893771.113: [GC (Allocation Failure) [PSYoungGen: 505504K->6176K(512000K)] 1014985K->521213K(1036288K), 0.0325981 secs] [Times: user=0.04 sys=0.05, real=0.03 secs] 
2021-05-24T17:46:59.448+0800: 893771.147: [Full GC (Ergonomics) [PSYoungGen: 6176K->0K(512000K)] [ParOldGen: 515037K->283589K(524288K)] 521213K->283589K(1036288K), [Metaspace: 94746K->94746K(1136640K)], 0.5846734 secs] [Times: user=1.14 sys=0.00, real=0.59 secs] 
2021-05-24T17:53:19.205+0800: 894150.903: [GC (Allocation Failure) [PSYoungGen: 499200K->3808K(511488K)] 782789K->287397K(1035776K), 0.0210108 secs] [Times: user=0.06 sys=0.00, real=0.02 secs] 
2021-05-24T17:59:40.487+0800: 894532.185: [GC (Allocation Failure) [PSYoungGen: 503008K->8576K(511488K)] 786597K->294452K(1035776K), 0.0288898 secs] [Times: user=0.08 sys=0.00, real=0.03 secs] 
2021-05-24T18:06:00.018+0800: 894911.717: [GC (Allocation Failure) [PSYoungGen: 507264K->9312K(511488K)] 793140K->301592K(1035776K), 0.0257712 secs] [Times: user=0.03 sys=0.03, real=0.03 secs] 
2021-05-24T18:12:20.747+0800: 895292.445: [GC (Allocation Failure) [PSYoungGen: 508000K->5632K(511488K)] 800280K->305273K(1035776K), 0.0209437 secs] [Times: user=0.04 sys=0.03, real=0.02 secs] 
2021-05-24T18:18:40.661+0800: 895672.360: [GC (Allocation Failure) [PSYoungGen: 504320K->6368K(511488K)] 803961K->309989K(1035776K), 0.0198861 secs] [Times: user=0.03 sys=0.03, real=0.02 secs] 
2021-05-24T18:24:55.345+0800: 896047.043: [GC (Allocation Failure) [PSYoungGen: 505056K->5280K(512000K)] 808677K->314017K(1036288K), 0.0246216 secs] [Times: user=0.04 sys=0.04, real=0.02 secs] 
2021-05-24T18:31:10.493+0800: 896422.191: [GC (Allocation Failure) [PSYoungGen: 504992K->7264K(512000K)] 813729K->319775K(1036288K), 0.0236434 secs] [Times: user=0.04 sys=0.03, real=0.02 secs] 
2021-05-24T18:37:24.800+0800: 896796.499: [GC (Allocation Failure) [PSYoungGen: 506976K->4224K(512512K)] 819487K->322793K(1036800K), 0.0217379 secs] [Times: user=0.04 sys=0.03, real=0.03 secs] 
2021-05-24T18:43:50.682+0800: 897182.380: [GC (Allocation Failure) [PSYoungGen: 504960K->7328K(512512K)] 823529K->328512K(1036800K), 0.0214447 secs] [Times: user=0.04 sys=0.04, real=0.03 secs] 
2021-05-24T18:50:08.406+0800: 897560.104: [GC (Allocation Failure) [PSYoungGen: 508064K->5280K(513024K)] 829248K->331835K(1037312K), 0.0234097 secs] [Times: user=0.07 sys=0.00, real=0.02 secs] 
2021-05-24T18:56:30.484+0800: 897942.182: [GC (Allocation Failure) [PSYoungGen: 506528K->4352K(512512K)] 833083K->334511K(1036800K), 0.0433978 secs] [Times: user=0.03 sys=0.02, real=0.04 secs] 
2021-05-24T19:02:55.643+0800: 898327.342: [GC (Allocation Failure) [PSYoungGen: 505600K->5760K(513024K)] 835759K->338773K(1037312K), 0.0670426 secs] [Times: user=0.04 sys=0.04, real=0.06 secs] 
2021-05-24T19:09:21.007+0800: 898712.705: [GC (Allocation Failure) [PSYoungGen: 507520K->4320K(513024K)] 840533K->341194K(1037312K), 0.0252092 secs] [Times: user=0.03 sys=0.04, real=0.03 secs] 
2021-05-24T19:15:49.019+0800: 899100.717: [GC (Allocation Failure) [PSYoungGen: 506080K->7264K(513536K)] 842954K->346849K(1037824K), 0.0213672 secs] [Times: user=0.07 sys=0.00, real=0.02 secs] 
2021-05-24T19:22:11.984+0800: 899483.682: [GC (Allocation Failure) [PSYoungGen: 510048K->7026K(513536K)] 849633K->351977K(1037824K), 0.0217091 secs] [Times: user=0.07 sys=0.00, real=0.02 secs] 
2021-05-24T19:28:34.220+0800: 899865.918: [GC (Allocation Failure) [PSYoungGen: 509810K->5248K(513536K)] 854761K->355810K(1037824K), 0.0211860 secs] [Times: user=0.03 sys=0.03, real=0.02 secs] 
2021-05-24T19:34:54.637+0800: 900246.335: [GC (Allocation Failure) [PSYoungGen: 508032K->4544K(513536K)] 858594K->358983K(1037824K), 0.0254453 secs] [Times: user=0.07 sys=0.00, real=0.03 secs] 
2021-05-24T19:41:19.532+0800: 900631.230: [GC (Allocation Failure) [PSYoungGen: 507328K->9312K(512000K)] 861767K->366821K(1036288K), 0.0254874 secs] [Times: user=0.03 sys=0.04, real=0.02 secs] 
2021-05-24T19:47:49.648+0800: 901021.347: [GC (Allocation Failure) [PSYoungGen: 511072K->3680K(513024K)] 868581K->368989K(1037312K), 0.0221340 secs] [Times: user=0.03 sys=0.03, real=0.02 secs] 
2021-05-24T19:54:15.309+0800: 901407.008: [GC (Allocation Failure) [PSYoungGen: 505440K->6304K(513536K)] 870749K->373780K(1037824K), 0.0197117 secs] [Times: user=0.06 sys=0.00, real=0.02 secs] 
2021-05-24T20:00:29.740+0800: 901781.438: [GC (Allocation Failure) [PSYoungGen: 508576K->8544K(513024K)] 876052K->380600K(1037312K), 0.0222790 secs] [Times: user=0.03 sys=0.04, real=0.03 secs] 
2021-05-24T20:06:54.288+0800: 902165.986: [GC (Allocation Failure) [PSYoungGen: 510816K->5920K(513536K)] 882872K->384945K(1037824K), 0.0270295 secs] [Times: user=0.04 sys=0.04, real=0.03 secs] 
2021-05-24T20:13:15.060+0800: 902546.759: [GC (Allocation Failure) [PSYoungGen: 508192K->5536K(513024K)] 887217K->388486K(1037312K), 0.0202123 secs] [Times: user=0.03 sys=0.03, real=0.02 secs] 
2021-05-24T20:19:40.075+0800: 902931.773: [GC (Allocation Failure) [PSYoungGen: 507808K->5344K(514048K)] 890758K->392170K(1038336K), 0.0231028 secs] [Times: user=0.03 sys=0.02, real=0.02 secs] 
2021-05-24T20:26:07.093+0800: 903318.791: [GC (Allocation Failure) [PSYoungGen: 508640K->3104K(513536K)] 895466K->393727K(1037824K), 0.0253301 secs] [Times: user=0.02 sys=0.03, real=0.02 secs] 
2021-05-24T20:32:37.585+0800: 903709.283: [GC (Allocation Failure) [PSYoungGen: 506400K->6176K(514048K)] 897023K->398246K(1038336K), 0.0230252 secs] [Times: user=0.02 sys=0.04, real=0.02 secs] 
2021-05-24T20:39:01.232+0800: 904092.931: [GC (Allocation Failure) [PSYoungGen: 509984K->7424K(514048K)] 902054K->404291K(1038336K), 0.0224517 secs] [Times: user=0.07 sys=0.00, real=0.02 secs] 
2021-05-24T20:45:27.023+0800: 904478.721: [GC (Allocation Failure) [PSYoungGen: 511232K->7520K(514048K)] 908099K->409863K(1038336K), 0.0236091 secs] [Times: user=0.07 sys=0.00, real=0.02 secs] 
2021-05-24T20:51:58.919+0800: 904870.617: [GC (Allocation Failure) [PSYoungGen: 511328K->6368K(514048K)] 913671K->414737K(1038336K), 0.0268897 secs] [Times: user=0.04 sys=0.03, real=0.03 secs] 
2021-05-24T20:58:29.384+0800: 905261.082: [GC (Allocation Failure) [PSYoungGen: 510176K->8288K(513024K)] 918545K->421494K(1037312K), 0.0218638 secs] [Times: user=0.04 sys=0.04, real=0.02 secs] 
2021-05-24T21:04:53.795+0800: 905645.493: [GC (Allocation Failure) [PSYoungGen: 511072K->4672K(513536K)] 924278K->424622K(1037824K), 0.0336756 secs] [Times: user=0.10 sys=0.00, real=0.03 secs] 
2021-05-24T21:11:17.595+0800: 906029.293: [GC (Allocation Failure) [PSYoungGen: 507456K->7072K(514048K)] 927406K->429757K(1038336K), 0.0217711 secs] [Times: user=0.03 sys=0.03, real=0.02 secs] 
2021-05-24T21:17:47.916+0800: 906419.614: [GC (Allocation Failure) [PSYoungGen: 510880K->6240K(514048K)] 933565K->434583K(1038336K), 0.0243994 secs] [Times: user=0.03 sys=0.04, real=0.02 secs] 
2021-05-24T21:24:12.021+0800: 906803.719: [GC (Allocation Failure) [PSYoungGen: 510048K->5568K(514560K)] 938391K->438843K(1038848K), 0.0571294 secs] [Times: user=0.04 sys=0.03, real=0.06 secs] 
2021-05-24T21:30:31.482+0800: 907183.180: [GC (Allocation Failure) [PSYoungGen: 510400K->6112K(514560K)] 943675K->443480K(1038848K), 0.0284057 secs] [Times: user=0.04 sys=0.04, real=0.03 secs] 
2021-05-24T21:33:25.438+0800: 907357.136: [GC (Allocation Failure) [PSYoungGen: 510118K->8178K(514048K)] 947486K->450094K(1038336K), 0.0217637 secs] [Times: user=0.04 sys=0.03, real=0.02 secs] 
2021-05-24T21:34:38.466+0800: 907430.164: [GC (Allocation Failure) [PSYoungGen: 512455K->1440K(506368K)] 954370K->449334K(1030656K), 0.0192986 secs] [Times: user=0.06 sys=0.00, real=0.02 secs] 
2021-05-24T21:35:50.393+0800: 907502.091: [GC (Allocation Failure) [PSYoungGen: 505536K->2694K(513024K)] 953430K->451220K(1037312K), 0.0158981 secs] [Times: user=0.03 sys=0.02, real=0.01 secs] 
2021-05-24T21:36:59.747+0800: 907571.445: [GC (Allocation Failure) [PSYoungGen: 505084K->2342K(513536K)] 953610K->451771K(1037824K), 0.0176609 secs] [Times: user=0.02 sys=0.03, real=0.02 secs] 
2021-05-24T21:38:09.593+0800: 907641.292: [GC (Allocation Failure) [PSYoungGen: 504329K->1888K(513536K)] 953758K->451876K(1037824K), 0.0216289 secs] [Times: user=0.03 sys=0.02, real=0.02 secs] 
2021-05-24T21:39:22.639+0800: 907714.337: [GC (Allocation Failure) [PSYoungGen: 504672K->2304K(513536K)] 954660K->453347K(1037824K), 0.0207580 secs] [Times: user=0.02 sys=0.02, real=0.02 secs] 
2021-05-24T21:40:33.121+0800: 907784.819: [GC (Allocation Failure) [PSYoungGen: 505088K->2240K(514048K)] 956131K->454818K(1038336K), 0.0210928 secs] [Times: user=0.03 sys=0.03, real=0.03 secs] 
2021-05-24T21:41:42.923+0800: 907854.621: [GC (Allocation Failure) [PSYoungGen: 504941K->2790K(513536K)] 957519K->456791K(1037824K), 0.0169586 secs] [Times: user=0.05 sys=0.00, real=0.01 secs] 
2021-05-24T21:42:54.311+0800: 907926.009: [GC (Allocation Failure) [PSYoungGen: 506086K->1536K(514048K)] 960087K->456584K(1038336K), 0.0156080 secs] [Times: user=0.03 sys=0.03, real=0.02 secs] 
2021-05-24T21:44:04.701+0800: 907996.399: [GC (Allocation Failure) [PSYoungGen: 505047K->1888K(514048K)] 960095K->457511K(1038336K), 0.0158100 secs] [Times: user=0.02 sys=0.02, real=0.02 secs] 
2021-05-24T21:45:14.528+0800: 908066.226: [GC (Allocation Failure) [PSYoungGen: 505696K->2342K(514560K)] 961319K->459069K(1038848K), 0.0199679 secs] [Times: user=0.05 sys=0.00, real=0.02 secs] 
2021-05-24T21:46:25.938+0800: 908137.636: [GC (Allocation Failure) [PSYoungGen: 507097K->2214K(514560K)] 963824K->459517K(1038848K), 0.0131633 secs] [Times: user=0.02 sys=0.02, real=0.01 secs] 
2021-05-24T21:47:39.316+0800: 908211.014: [GC (Allocation Failure) [PSYoungGen: 506325K->1184K(515072K)] 963628K->458854K(1039360K), 0.0127358 secs] [Times: user=0.02 sys=0.02, real=0.01 secs] 
2021-05-24T21:48:51.687+0800: 908283.385: [GC (Allocation Failure) [PSYoungGen: 506936K->2854K(515072K)] 964607K->460845K(1039360K), 0.0146940 secs] [Times: user=0.02 sys=0.02, real=0.01 secs] 
2021-05-24T21:50:01.539+0800: 908353.238: [GC (Allocation Failure) [PSYoungGen: 508694K->1184K(516096K)] 966685K->460229K(1040384K), 0.0136587 secs] [Times: user=0.04 sys=0.00, real=0.02 secs] 
2021-05-24T21:51:10.966+0800: 908422.664: [GC (Allocation Failure) [PSYoungGen: 508354K->2918K(515584K)] 967400K->462292K(1039872K), 0.0133406 secs] [Times: user=0.02 sys=0.02, real=0.01 secs] 
2021-05-24T21:52:25.320+0800: 908497.018: [GC (Allocation Failure) [PSYoungGen: 509354K->2438K(516608K)] 968728K->462883K(1040896K), 0.0156279 secs] [Times: user=0.05 sys=0.00, real=0.02 secs] 
2021-05-24T21:53:38.180+0800: 908569.878: [GC (Allocation Failure) [PSYoungGen: 511208K->2470K(516608K)] 971653K->463474K(1040896K), 0.0132211 secs] [Times: user=0.02 sys=0.03, real=0.02 secs] 
2021-05-24T21:54:47.900+0800: 908639.598: [GC (Allocation Failure) [PSYoungGen: 511398K->2784K(517632K)] 972402K->464403K(1041920K), 0.0139682 secs] [Times: user=0.02 sys=0.02, real=0.02 secs] 
2021-05-24T21:55:58.420+0800: 908710.118: [GC (Allocation Failure) [PSYoungGen: 512800K->4384K(517120K)] 974420K->468017K(1041408K), 0.0154270 secs] [Times: user=0.02 sys=0.02, real=0.02 secs] 
2021-05-24T21:57:11.253+0800: 908782.951: [GC (Allocation Failure) [PSYoungGen: 514810K->3558K(517632K)] 978444K->470884K(1041920K), 0.0147871 secs] [Times: user=0.02 sys=0.02, real=0.01 secs] 
2021-05-24T21:58:52.544+0800: 908884.242: [GC (Allocation Failure) [PSYoungGen: 514022K->2720K(517120K)] 981348K->471811K(1041408K), 0.0233009 secs] [Times: user=0.02 sys=0.02, real=0.02 secs] 
2021-05-24T22:05:19.395+0800: 909271.093: [GC (Allocation Failure) [PSYoungGen: 513184K->6656K(513536K)] 982275K->478729K(1037824K), 0.0185751 secs] [Times: user=0.03 sys=0.03, real=0.02 secs] 
2021-05-24T22:11:56.770+0800: 909668.469: [GC (Allocation Failure) [PSYoungGen: 513536K->4096K(515584K)] 985609K->481724K(1039872K), 0.0223523 secs] [Times: user=0.06 sys=0.00, real=0.03 secs] 
2021-05-24T22:18:27.749+0800: 910059.447: [GC (Allocation Failure) [PSYoungGen: 510976K->8032K(514048K)] 988604K->487915K(1038336K), 0.0445790 secs] [Times: user=0.03 sys=0.04, real=0.05 secs] 
2021-05-24T22:24:53.413+0800: 910445.111: [GC (Allocation Failure) [PSYoungGen: 513888K->9184K(515072K)] 993771K->495158K(1039360K), 0.0278303 secs] [Times: user=0.04 sys=0.05, real=0.02 secs] 
2021-05-24T22:31:16.917+0800: 910828.615: [GC (Allocation Failure) [PSYoungGen: 515040K->4320K(508928K)] 1001014K->498478K(1033216K), 0.0267925 secs] [Times: user=0.07 sys=0.00, real=0.03 secs] 
2021-05-24T22:37:39.653+0800: 911211.351: [GC (Allocation Failure) [PSYoungGen: 504032K->4384K(512000K)] 998190K->501428K(1036288K), 0.0216235 secs] [Times: user=0.04 sys=0.03, real=0.02 secs] 
2021-05-24T22:43:58.244+0800: 911589.943: [GC (Allocation Failure) [PSYoungGen: 504096K->4608K(513024K)] 1001140K->504593K(1037312K), 0.0234390 secs] [Times: user=0.04 sys=0.03, real=0.02 secs] 
2021-05-24T22:50:27.720+0800: 911979.418: [GC (Allocation Failure) [PSYoungGen: 505856K->6272K(512512K)] 1005841K->509391K(1036800K), 0.0277162 secs] [Times: user=0.04 sys=0.04, real=0.03 secs] 
2021-05-24T22:56:51.149+0800: 912362.847: [GC (Allocation Failure) [PSYoungGen: 507520K->7968K(512000K)] 1010639K->516061K(1036288K), 0.0297834 secs] [Times: user=0.04 sys=0.04, real=0.03 secs] 
2021-05-24T23:03:13.420+0800: 912745.118: [GC (Allocation Failure) [PSYoungGen: 508704K->7328K(512512K)] 1016797K->521639K(1036800K), 0.0309121 secs] [Times: user=0.04 sys=0.04, real=0.03 secs] 
2021-05-24T23:09:39.760+0800: 913131.459: [GC (Allocation Failure) [PSYoungGen: 508064K->4000K(513024K)] 1022375K->523634K(1037312K), 0.0245277 secs] [Times: user=0.04 sys=0.03, real=0.03 secs] 
2021-05-24T23:09:39.785+0800: 913131.484: [Full GC (Ergonomics) [PSYoungGen: 4000K->0K(513024K)] [ParOldGen: 519634K->276560K(524288K)] 523634K->276560K(1037312K), [Metaspace: 95780K->95771K(1136640K)], 0.4280781 secs] [Times: user=0.96 sys=0.00, real=0.43 secs] 
2021-05-24T23:16:00.770+0800: 913512.468: [GC (Allocation Failure) [PSYoungGen: 501248K->3808K(512512K)] 777808K->280368K(1036800K), 0.0185929 secs] [Times: user=0.02 sys=0.03, real=0.02 secs] 
2021-05-24T23:22:23.563+0800: 913895.262: [GC (Allocation Failure) [PSYoungGen: 505056K->3200K(513536K)] 781616K->282055K(1037824K), 0.0211122 secs] [Times: user=0.03 sys=0.03, real=0.02 secs] 
2021-05-24T23:28:46.093+0800: 914277.792: [GC (Allocation Failure) [PSYoungGen: 505472K->7808K(513024K)] 784327K->288375K(1037312K), 0.0236063 secs] [Times: user=0.06 sys=0.00, real=0.02 secs] 
2021-05-24T23:35:06.288+0800: 914657.987: [GC (Allocation Failure) [PSYoungGen: 510080K->7584K(512000K)] 790647K->294346K(1036288K), 0.0223066 secs] [Times: user=0.03 sys=0.03, real=0.02 secs] 
2021-05-24T23:41:19.277+0800: 915030.975: [GC (Allocation Failure) [PSYoungGen: 508320K->11744K(512512K)] 795082K->304814K(1036800K), 0.0283666 secs] [Times: user=0.07 sys=0.00, real=0.03 secs] 
2021-05-24T23:47:42.628+0800: 915414.326: [GC (Allocation Failure) [PSYoungGen: 512480K->8448K(505344K)] 805550K->309432K(1029632K), 0.0305069 secs] [Times: user=0.03 sys=0.03, real=0.03 secs] 
2021-05-24T23:54:03.113+0800: 915794.811: [GC (Allocation Failure) [PSYoungGen: 502016K->6848K(508928K)] 803000K->314569K(1033216K), 0.0328087 secs] [Times: user=0.03 sys=0.04, real=0.03 secs] 
2021-05-25T00:00:18.696+0800: 916170.394: [GC (Allocation Failure) [PSYoungGen: 500416K->3520K(509952K)] 808137K->316364K(1034240K), 0.0193756 secs] [Times: user=0.03 sys=0.03, real=0.02 secs] 
2021-05-25T00:06:33.282+0800: 916544.980: [GC (Allocation Failure) [PSYoungGen: 498624K->6144K(509440K)] 811468K->320931K(1033728K), 0.0213383 secs] [Times: user=0.03 sys=0.03, real=0.03 secs] 
2021-05-25T00:12:52.998+0800: 916924.696: [GC (Allocation Failure) [PSYoungGen: 501248K->4896K(510976K)] 816035K->323967K(1035264K), 0.0217753 secs] [Times: user=0.03 sys=0.03, real=0.02 secs] 
2021-05-25T00:19:14.797+0800: 917306.495: [GC (Allocation Failure) [PSYoungGen: 502048K->3680K(510464K)] 821119K->325972K(1034752K), 0.0178636 secs] [Times: user=0.02 sys=0.03, real=0.02 secs] 
2021-05-25T00:25:36.586+0800: 917688.284: [GC (Allocation Failure) [PSYoungGen: 500832K->7296K(511488K)] 823124K->331866K(1035776K), 0.0213461 secs] [Times: user=0.04 sys=0.04, real=0.02 secs] 
2021-05-25T00:32:01.710+0800: 918073.409: [GC (Allocation Failure) [PSYoungGen: 505472K->4896K(510976K)] 830042K->334805K(1035264K), 0.0227041 secs] [Times: user=0.02 sys=0.03, real=0.03 secs] 
2021-05-25T00:38:18.004+0800: 918449.702: [GC (Allocation Failure) [PSYoungGen: 503044K->4064K(512000K)] 832954K->337593K(1036288K), 0.0251202 secs] [Times: user=0.02 sys=0.03, real=0.02 secs] 
2021-05-25T00:44:43.306+0800: 918835.004: [GC (Allocation Failure) [PSYoungGen: 503776K->7904K(512000K)] 837305K->344064K(1036288K), 0.0239852 secs] [Times: user=0.04 sys=0.03, real=0.02 secs] 
2021-05-25T00:51:07.845+0800: 919219.543: [GC (Allocation Failure) [PSYoungGen: 507616K->8288K(510976K)] 843776K->350676K(1035264K), 0.0284798 secs] [Times: user=0.04 sys=0.04, real=0.03 secs] 
2021-05-25T00:57:26.307+0800: 919598.005: [GC (Allocation Failure) [PSYoungGen: 506976K->6752K(511488K)] 849364K->355375K(1035776K), 0.0233408 secs] [Times: user=0.03 sys=0.04, real=0.02 secs] 
2021-05-25T01:03:43.163+0800: 919974.861: [GC (Allocation Failure) [PSYoungGen: 505440K->10272K(510976K)] 854063K->364138K(1035264K), 0.0224325 secs] [Times: user=0.04 sys=0.04, real=0.02 secs] 
2021-05-25T01:09:57.416+0800: 920349.114: [GC (Allocation Failure) [PSYoungGen: 508960K->7392K(511488K)] 862826K->369221K(1035776K), 0.0217246 secs] [Times: user=0.07 sys=0.00, real=0.02 secs] 
2021-05-25T01:16:21.207+0800: 920732.905: [GC (Allocation Failure) [PSYoungGen: 506080K->8512K(511488K)] 867909K->375897K(1035776K), 0.0225007 secs] [Times: user=0.03 sys=0.04, real=0.02 secs] 
2021-05-25T01:22:35.040+0800: 921106.738: [GC (Allocation Failure) [PSYoungGen: 507200K->3784K(511488K)] 874585K->378393K(1035776K), 0.0195314 secs] [Times: user=0.03 sys=0.03, real=0.02 secs] 
2021-05-25T01:28:58.091+0800: 921489.789: [GC (Allocation Failure) [PSYoungGen: 502472K->5216K(512000K)] 877081K->381833K(1036288K), 0.0193496 secs] [Times: user=0.06 sys=0.00, real=0.02 secs] 
2021-05-25T01:35:19.873+0800: 921871.571: [GC (Allocation Failure) [PSYoungGen: 504416K->4608K(511488K)] 881033K->385102K(1035776K), 0.0216669 secs] [Times: user=0.03 sys=0.04, real=0.02 secs] 
2021-05-25T01:41:40.533+0800: 922252.232: [GC (Allocation Failure) [PSYoungGen: 503808K->6144K(512512K)] 884302K->389763K(1036800K), 0.0215519 secs] [Times: user=0.03 sys=0.04, real=0.02 secs] 
2021-05-25T01:47:56.553+0800: 922628.251: [GC (Allocation Failure) [PSYoungGen: 506368K->7488K(512000K)] 889987K->395448K(1036288K), 0.0294493 secs] [Times: user=0.06 sys=0.00, real=0.03 secs] 
2021-05-25T01:54:16.382+0800: 923008.080: [GC (Allocation Failure) [PSYoungGen: 507712K->6112K(513024K)] 895672K->399772K(1037312K), 0.0228946 secs] [Times: user=0.07 sys=0.00, real=0.03 secs] 
2021-05-25T02:00:39.891+0800: 923391.590: [GC (Allocation Failure) [PSYoungGen: 507360K->4448K(512512K)] 901020K->402711K(1036800K), 0.0223382 secs] [Times: user=0.03 sys=0.03, real=0.03 secs] 
2021-05-25T02:06:59.060+0800: 923770.759: [GC (Allocation Failure) [PSYoungGen: 505696K->4864K(513536K)] 903959K->406052K(1037824K), 0.0294743 secs] [Times: user=0.03 sys=0.03, real=0.03 secs] 
2021-05-25T02:13:18.148+0800: 924149.846: [GC (Allocation Failure) [PSYoungGen: 507136K->7104K(513024K)] 908324K->411218K(1037312K), 0.0217531 secs] [Times: user=0.07 sys=0.00, real=0.02 secs] 
2021-05-25T02:19:32.213+0800: 924523.912: [GC (Allocation Failure) [PSYoungGen: 509376K->7744K(513536K)] 913490K->417390K(1037824K), 0.0226653 secs] [Times: user=0.03 sys=0.04, real=0.02 secs] 
2021-05-25T02:25:53.084+0800: 924904.783: [GC (Allocation Failure) [PSYoungGen: 510528K->8544K(511488K)] 920174K->423569K(1035776K), 0.0209107 secs] [Times: user=0.03 sys=0.03, real=0.02 secs] 
2021-05-25T02:32:11.067+0800: 925282.765: [GC (Allocation Failure) [PSYoungGen: 511328K->6144K(513536K)] 926353K->428571K(1037824K), 0.0236268 secs] [Times: user=0.03 sys=0.04, real=0.02 secs] 
2021-05-25T02:38:35.203+0800: 925666.901: [GC (Allocation Failure) [PSYoungGen: 508416K->5536K(513024K)] 930843K->432806K(1037312K), 0.0235124 secs] [Times: user=0.04 sys=0.04, real=0.02 secs] 
2021-05-25T02:44:56.192+0800: 926047.890: [GC (Allocation Failure) [PSYoungGen: 507808K->7264K(513536K)] 935078K->438596K(1037824K), 0.0331992 secs] [Times: user=0.03 sys=0.04, real=0.04 secs] 
2021-05-25T02:51:15.806+0800: 926427.504: [GC (Allocation Failure) [PSYoungGen: 510048K->5056K(513536K)] 941380K->442105K(1037824K), 0.0219838 secs] [Times: user=0.04 sys=0.04, real=0.02 secs] 
2021-05-25T02:57:31.491+0800: 926803.189: [GC (Allocation Failure) [PSYoungGen: 507840K->9600K(512000K)] 944889K->449975K(1036288K), 0.0257834 secs] [Times: user=0.03 sys=0.04, real=0.03 secs] 
2021-05-25T03:03:56.299+0800: 927187.997: [GC (Allocation Failure) [PSYoungGen: 511360K->5824K(513024K)] 951735K->453552K(1037312K), 0.0223217 secs] [Times: user=0.06 sys=0.00, real=0.02 secs] 
2021-05-25T03:10:17.910+0800: 927569.608: [GC (Allocation Failure) [PSYoungGen: 507584K->5056K(513536K)] 955312K->456566K(1037824K), 0.0238478 secs] [Times: user=0.07 sys=0.00, real=0.03 secs] 
2021-05-25T03:16:28.427+0800: 927940.126: [GC (Allocation Failure) [PSYoungGen: 507840K->10528K(513536K)] 959350K->465435K(1037824K), 0.0243967 secs] [Times: user=0.04 sys=0.03, real=0.02 secs] 
2021-05-25T03:22:51.577+0800: 928323.275: [GC (Allocation Failure) [PSYoungGen: 513312K->7968K(511488K)] 968219K->470669K(1035776K), 0.0668857 secs] [Times: user=0.03 sys=0.04, real=0.07 secs] 
2021-05-25T03:29:17.183+0800: 928708.882: [GC (Allocation Failure) [PSYoungGen: 508704K->5920K(512512K)] 971405K->475311K(1036800K), 0.0235685 secs] [Times: user=0.04 sys=0.04, real=0.02 secs] 
2021-05-25T03:35:39.354+0800: 929091.053: [GC (Allocation Failure) [PSYoungGen: 506656K->6592K(513024K)] 976047K->480579K(1037312K), 0.0231721 secs] [Times: user=0.07 sys=0.00, real=0.02 secs] 
2021-05-25T03:41:54.356+0800: 929466.054: [GC (Allocation Failure) [PSYoungGen: 507840K->10816K(512512K)] 981827K->489304K(1036800K), 0.0297534 secs] [Times: user=0.04 sys=0.05, real=0.03 secs] 
2021-05-25T03:48:13.599+0800: 929845.298: [GC (Allocation Failure) [PSYoungGen: 512064K->8896K(511488K)] 990552K->495683K(1035776K), 0.0298370 secs] [Times: user=0.04 sys=0.05, real=0.03 secs] 
2021-05-25T03:54:27.227+0800: 930218.926: [GC (Allocation Failure) [PSYoungGen: 508608K->9280K(509440K)] 995395K->503013K(1033728K), 0.0285428 secs] [Times: user=0.03 sys=0.04, real=0.03 secs] 
2021-05-25T04:00:38.667+0800: 930590.365: [GC (Allocation Failure) [PSYoungGen: 508992K->12768K(504320K)] 1002725K->513376K(1028608K), 0.0294681 secs] [Times: user=0.04 sys=0.04, real=0.03 secs] 
2021-05-25T04:06:42.264+0800: 930953.962: [GC (Allocation Failure) [PSYoungGen: 504288K->5536K(507904K)] 1004896K->515494K(1032192K), 0.0635571 secs] [Times: user=0.07 sys=0.00, real=0.06 secs] 
2021-05-25T04:12:49.662+0800: 931321.361: [GC (Allocation Failure) [PSYoungGen: 497056K->10528K(507904K)] 1007014K->523972K(1032192K), 0.0257962 secs] [Times: user=0.03 sys=0.04, real=0.02 secs] 
2021-05-25T04:19:00.427+0800: 931692.125: [GC (Allocation Failure) [PSYoungGen: 502048K->8320K(507904K)] 1015492K->530085K(1032192K), 0.0261751 secs] [Times: user=0.04 sys=0.04, real=0.03 secs] 
2021-05-25T04:19:00.454+0800: 931692.152: [Full GC (Ergonomics) [PSYoungGen: 8320K->0K(507904K)] [ParOldGen: 521765K->295599K(524288K)] 530085K->295599K(1032192K), [Metaspace: 95773K->95773K(1136640K)], 0.4439593 secs] [Times: user=1.02 sys=0.00, real=0.44 secs] 
2021-05-25T04:25:08.117+0800: 932059.815: [GC (Allocation Failure) [PSYoungGen: 491520K->13888K(506368K)] 787119K->309487K(1030656K), 0.0247472 secs] [Times: user=0.03 sys=0.02, real=0.02 secs] 
2021-05-25T04:31:13.556+0800: 932425.254: [GC (Allocation Failure) [PSYoungGen: 504384K->8768K(507392K)] 799983K->314014K(1031680K), 0.0470336 secs] [Times: user=0.04 sys=0.03, real=0.05 secs] 
2021-05-25T04:37:28.305+0800: 932800.003: [GC (Allocation Failure) [PSYoungGen: 499264K->6656K(508416K)] 804510K->319150K(1032704K), 0.0333427 secs] [Times: user=0.07 sys=0.00, real=0.03 secs] 
2021-05-25T04:43:40.354+0800: 933172.052: [GC (Allocation Failure) [PSYoungGen: 498688K->7744K(507904K)] 811182K->325073K(1032192K), 0.0255230 secs] [Times: user=0.08 sys=0.00, real=0.02 secs] 
2021-05-25T04:49:51.559+0800: 933543.257: [GC (Allocation Failure) [PSYoungGen: 499776K->8096K(509440K)] 817105K->331397K(1033728K), 0.0236187 secs] [Times: user=0.07 sys=0.00, real=0.03 secs] 
2021-05-25T04:56:08.035+0800: 933919.733: [GC (Allocation Failure) [PSYoungGen: 502176K->4608K(508928K)] 825477K->334693K(1033216K), 0.0174961 secs] [Times: user=0.03 sys=0.03, real=0.02 secs] 
2021-05-25T05:02:22.556+0800: 934294.255: [GC (Allocation Failure) [PSYoungGen: 498688K->7072K(509440K)] 828773K->340291K(1033728K), 0.0255750 secs] [Times: user=0.04 sys=0.04, real=0.03 secs] 
2021-05-25T05:08:15.858+0800: 934647.556: [GC (Allocation Failure) [PSYoungGen: 501664K->9312K(509440K)] 834883K->347841K(1033728K), 0.0365112 secs] [Times: user=0.04 sys=0.04, real=0.04 secs] 
2021-05-25T05:14:16.261+0800: 935007.959: [GC (Allocation Failure) [PSYoungGen: 503904K->6240K(509952K)] 842433K->351641K(1034240K), 0.0263465 secs] [Times: user=0.04 sys=0.04, real=0.03 secs] 
2021-05-25T05:20:13.793+0800: 935365.491: [GC (Allocation Failure) [PSYoungGen: 501856K->5920K(509952K)] 847257K->356213K(1034240K), 0.0229054 secs] [Times: user=0.04 sys=0.04, real=0.02 secs] 
2021-05-25T05:26:12.262+0800: 935723.960: [GC (Allocation Failure) [PSYoungGen: 501536K->9600K(510464K)] 851829K->364113K(1034752K), 0.0265330 secs] [Times: user=0.03 sys=0.03, real=0.03 secs] 
2021-05-25T05:32:10.337+0800: 936082.036: [GC (Allocation Failure) [PSYoungGen: 506240K->8032K(510464K)] 860753K->368892K(1034752K), 0.0255846 secs] [Times: user=0.04 sys=0.04, real=0.03 secs] 
2021-05-25T05:38:13.494+0800: 936445.192: [GC (Allocation Failure) [PSYoungGen: 504672K->10560K(509952K)] 865532K->377423K(1034240K), 0.0582918 secs] [Times: user=0.05 sys=0.05, real=0.05 secs] 
2021-05-25T05:44:09.367+0800: 936801.065: [GC (Allocation Failure) [PSYoungGen: 507200K->10176K(510464K)] 874063K->385105K(1034752K), 0.0249062 secs] [Times: user=0.03 sys=0.04, real=0.02 secs] 
2021-05-25T05:50:18.255+0800: 937169.953: [GC (Allocation Failure) [PSYoungGen: 506816K->7200K(510464K)] 881745K->390138K(1034752K), 0.0258955 secs] [Times: user=0.04 sys=0.04, real=0.02 secs] 
2021-05-25T05:56:25.454+0800: 937537.152: [GC (Allocation Failure) [PSYoungGen: 503840K->3936K(510464K)] 886778K->392356K(1034752K), 0.0760280 secs] [Times: user=0.03 sys=0.03, real=0.07 secs] 
2021-05-25T06:02:35.670+0800: 937907.368: [GC (Allocation Failure) [PSYoungGen: 500576K->3200K(509440K)] 888996K->394178K(1033728K), 0.0240747 secs] [Times: user=0.04 sys=0.03, real=0.03 secs] 
2021-05-25T06:08:38.172+0800: 938269.871: [GC (Allocation Failure) [PSYoungGen: 498816K->4608K(509952K)] 889794K->397162K(1034240K), 0.0279011 secs] [Times: user=0.07 sys=0.00, real=0.02 secs] 
2021-05-25T06:14:35.195+0800: 938626.893: [GC (Allocation Failure) [PSYoungGen: 500224K->7712K(510976K)] 892778K->403440K(1035264K), 0.0272406 secs] [Times: user=0.03 sys=0.03, real=0.03 secs] 
2021-05-25T06:20:38.206+0800: 938989.904: [GC (Allocation Failure) [PSYoungGen: 504864K->5824K(510464K)] 900592K->407946K(1034752K), 0.0212889 secs] [Times: user=0.03 sys=0.04, real=0.02 secs] 
2021-05-25T06:26:37.414+0800: 939349.112: [GC (Allocation Failure) [PSYoungGen: 502976K->3872K(510976K)] 905098K->410486K(1035264K), 0.0237192 secs] [Times: user=0.04 sys=0.04, real=0.02 secs] 
2021-05-25T06:32:42.427+0800: 939714.126: [GC (Allocation Failure) [PSYoungGen: 501536K->9088K(510976K)] 908150K->418269K(1035264K), 0.0297556 secs] [Times: user=0.08 sys=0.00, real=0.03 secs] 
2021-05-25T06:38:43.897+0800: 940075.596: [GC (Allocation Failure) [PSYoungGen: 506752K->8192K(510976K)] 915933K->424919K(1035264K), 0.0253506 secs] [Times: user=0.03 sys=0.03, real=0.03 secs] 
2021-05-25T06:44:46.966+0800: 940438.665: [GC (Allocation Failure) [PSYoungGen: 505856K->5888K(510976K)] 922583K->429057K(1035264K), 0.0219970 secs] [Times: user=0.03 sys=0.03, real=0.02 secs] 
2021-05-25T06:50:51.864+0800: 940803.562: [GC (Allocation Failure) [PSYoungGen: 503552K->7424K(512000K)] 926721K->434720K(1036288K), 0.0222968 secs] [Times: user=0.03 sys=0.03, real=0.02 secs] 
2021-05-25T06:56:52.284+0800: 941163.983: [GC (Allocation Failure) [PSYoungGen: 506624K->6944K(511488K)] 933920K->440187K(1035776K), 0.0218589 secs] [Times: user=0.03 sys=0.04, real=0.02 secs] 
2021-05-25T07:02:49.421+0800: 941521.120: [GC (Allocation Failure) [PSYoungGen: 506144K->10368K(510464K)] 939387K->449006K(1034752K), 0.0248656 secs] [Times: user=0.04 sys=0.05, real=0.03 secs] 
2021-05-25T07:08:54.616+0800: 941886.314: [GC (Allocation Failure) [PSYoungGen: 509056K->7104K(511488K)] 947694K->453833K(1035776K), 0.0944654 secs] [Times: user=0.04 sys=0.04, real=0.09 secs] 
2021-05-25T07:14:57.006+0800: 942248.704: [GC (Allocation Failure) [PSYoungGen: 505792K->7200K(512512K)] 952521K->459260K(1036800K), 0.0382004 secs] [Times: user=0.03 sys=0.04, real=0.04 secs] 
2021-05-25T07:20:52.777+0800: 942604.475: [GC (Allocation Failure) [PSYoungGen: 507424K->9320K(512000K)] 959484K->467215K(1036288K), 0.0235572 secs] [Times: user=0.07 sys=0.00, real=0.02 secs] 
2021-05-25T07:27:08.239+0800: 942979.937: [GC (Allocation Failure) [PSYoungGen: 509544K->5600K(512512K)] 967439K->471360K(1036800K), 0.0220908 secs] [Times: user=0.03 sys=0.03, real=0.02 secs] 
2021-05-25T07:33:16.018+0800: 943347.716: [GC (Allocation Failure) [PSYoungGen: 505824K->8704K(512000K)] 971584K->478702K(1036288K), 0.0246623 secs] [Times: user=0.04 sys=0.04, real=0.03 secs] 
2021-05-25T07:39:25.033+0800: 943716.731: [GC (Allocation Failure) [PSYoungGen: 508928K->4352K(512000K)] 978926K->481294K(1036288K), 0.0762508 secs] [Times: user=0.05 sys=0.04, real=0.07 secs] 
2021-05-25T07:45:25.956+0800: 944077.654: [GC (Allocation Failure) [PSYoungGen: 504064K->8160K(512000K)] 981006K->488133K(1036288K), 0.0246151 secs] [Times: user=0.04 sys=0.04, real=0.02 secs] 
2021-05-25T07:51:30.646+0800: 944442.345: [GC (Allocation Failure) [PSYoungGen: 507872K->5536K(512512K)] 987845K->492263K(1036800K), 0.0221555 secs] [Times: user=0.06 sys=0.00, real=0.02 secs] 
2021-05-25T07:57:31.237+0800: 944802.936: [GC (Allocation Failure) [PSYoungGen: 505760K->9888K(512000K)] 992487K->500726K(1036288K), 0.0468037 secs] [Times: user=0.04 sys=0.05, real=0.05 secs] 
2021-05-25T08:03:35.312+0800: 945167.010: [GC (Allocation Failure) [PSYoungGen: 510112K->6080K(512000K)] 1000950K->505213K(1036288K), 0.0251520 secs] [Times: user=0.03 sys=0.04, real=0.03 secs] 
2021-05-25T08:09:32.529+0800: 945524.227: [GC (Allocation Failure) [PSYoungGen: 505792K->6272K(512000K)] 1004925K->510018K(1036288K), 0.0250810 secs] [Times: user=0.04 sys=0.04, real=0.03 secs] 
2021-05-25T08:15:31.581+0800: 945883.279: [GC (Allocation Failure) [PSYoungGen: 505984K->8928K(511488K)] 1009730K->517095K(1035776K), 0.0207577 secs] [Times: user=0.07 sys=0.00, real=0.02 secs] 
2021-05-25T08:21:30.656+0800: 946242.354: [GC (Allocation Failure) [PSYoungGen: 508640K->5120K(512000K)] 1016807K->521032K(1036288K), 0.0625655 secs] [Times: user=0.02 sys=0.03, real=0.06 secs] 
2021-05-25T08:21:30.719+0800: 946242.417: [Full GC (Ergonomics) [PSYoungGen: 5120K->0K(512000K)] [ParOldGen: 515912K->277259K(524288K)] 521032K->277259K(1036288K), [Metaspace: 95782K->95782K(1136640K)], 0.8343818 secs] [Times: user=2.04 sys=0.00, real=0.84 secs] 
2021-05-25T08:27:30.612+0800: 946602.310: [GC (Allocation Failure) [PSYoungGen: 499712K->9536K(512000K)] 776971K->286795K(1036288K), 0.0195175 secs] [Times: user=0.06 sys=0.00, real=0.01 secs] 
2021-05-25T08:33:33.817+0800: 946965.515: [GC (Allocation Failure) [PSYoungGen: 509248K->5248K(512000K)] 786507K->290428K(1036288K), 0.0268351 secs] [Times: user=0.03 sys=0.04, real=0.03 secs] 
2021-05-25T08:39:40.920+0800: 947332.619: [GC (Allocation Failure) [PSYoungGen: 504960K->7936K(512000K)] 790140K->297114K(1036288K), 0.0461848 secs] [Times: user=0.03 sys=0.03, real=0.05 secs] 
2021-05-25T08:45:41.798+0800: 947693.497: [GC (Allocation Failure) [PSYoungGen: 507645K->7712K(512000K)] 796823K->303525K(1036288K), 0.0430593 secs] [Times: user=0.04 sys=0.04, real=0.04 secs] 
2021-05-25T08:51:44.217+0800: 948055.916: [GC (Allocation Failure) [PSYoungGen: 507424K->6272K(512512K)] 803237K->308369K(1036800K), 0.0279440 secs] [Times: user=0.04 sys=0.04, real=0.03 secs] 
2021-05-25T08:57:51.365+0800: 948423.063: [GC (Allocation Failure) [PSYoungGen: 507008K->4672K(512512K)] 809105K->311756K(1036800K), 0.0197591 secs] [Times: user=0.03 sys=0.03, real=0.02 secs] 
2021-05-25T09:03:53.988+0800: 948785.686: [GC (Allocation Failure) [PSYoungGen: 505408K->5568K(513024K)] 812492K->315922K(1037312K), 0.0237943 secs] [Times: user=0.04 sys=0.04, real=0.03 secs] 
2021-05-25T09:10:00.558+0800: 949152.256: [GC (Allocation Failure) [PSYoungGen: 506816K->5952K(512512K)] 817170K->320223K(1036800K), 0.0206867 secs] [Times: user=0.03 sys=0.04, real=0.02 secs] 
2021-05-25T09:15:56.913+0800: 949508.611: [GC (Allocation Failure) [PSYoungGen: 507200K->9120K(512000K)] 821471K->327501K(1036288K), 0.0249587 secs] [Times: user=0.03 sys=0.04, real=0.02 secs] 
2021-05-25T09:22:01.371+0800: 949873.070: [GC (Allocation Failure) [PSYoungGen: 509856K->6112K(512512K)] 828237K->332038K(1036800K), 0.0240369 secs] [Times: user=0.03 sys=0.04, real=0.03 secs] 
2021-05-25T09:28:04.082+0800: 950235.780: [GC (Allocation Failure) [PSYoungGen: 506848K->6848K(513536K)] 832774K->337450K(1037824K), 0.0196327 secs] [Times: user=0.03 sys=0.03, real=0.02 secs] 
2021-05-25T09:34:06.632+0800: 950598.330: [GC (Allocation Failure) [PSYoungGen: 509120K->5792K(513024K)] 839722K->342061K(1037312K), 0.0238599 secs] [Times: user=0.03 sys=0.03, real=0.03 secs] 
2021-05-25T09:40:08.321+0800: 950960.019: [GC (Allocation Failure) [PSYoungGen: 508064K->8160K(513536K)] 844333K->348362K(1037824K), 0.0213878 secs] [Times: user=0.07 sys=0.00, real=0.03 secs] 
2021-05-25T09:46:04.194+0800: 951315.892: [GC (Allocation Failure) [PSYoungGen: 510944K->10720K(513536K)] 851146K->358703K(1037824K), 0.0303523 secs] [Times: user=0.09 sys=0.00, real=0.03 secs] 
2021-05-25T09:52:06.627+0800: 951678.325: [GC (Allocation Failure) [PSYoungGen: 513504K->6944K(506368K)] 861487K->363262K(1030656K), 0.0248894 secs] [Times: user=0.04 sys=0.03, real=0.03 secs] 
2021-05-25T09:58:02.301+0800: 952034.000: [GC (Allocation Failure) [PSYoungGen: 502560K->6560K(509952K)] 858878K->368026K(1034240K), 0.0199912 secs] [Times: user=0.07 sys=0.00, real=0.02 secs] 
2021-05-25T10:04:07.069+0800: 952398.767: [GC (Allocation Failure) [PSYoungGen: 502176K->6304K(510464K)] 863642K->373189K(1034752K), 0.0226731 secs] [Times: user=0.03 sys=0.04, real=0.02 secs] 
2021-05-25T10:10:07.219+0800: 952758.918: [GC (Allocation Failure) [PSYoungGen: 502944K->5952K(510464K)] 869829K->377194K(1034752K), 0.0449275 secs] [Times: user=0.03 sys=0.04, real=0.05 secs] 
2021-05-25T10:16:07.242+0800: 953118.940: [GC (Allocation Failure) [PSYoungGen: 502592K->4352K(510976K)] 873834K->380029K(1035264K), 0.0235405 secs] [Times: user=0.03 sys=0.03, real=0.03 secs] 
2021-05-25T10:22:02.285+0800: 953473.983: [GC (Allocation Failure) [PSYoungGen: 502016K->8448K(510976K)] 877693K->387116K(1035264K), 0.0216219 secs] [Times: user=0.03 sys=0.04, real=0.02 secs] 
2021-05-25T10:28:04.490+0800: 953836.188: [GC (Allocation Failure) [PSYoungGen: 506112K->9216K(510976K)] 884780K->394014K(1035264K), 0.0373292 secs] [Times: user=0.04 sys=0.05, real=0.04 secs] 
2021-05-25T10:33:59.950+0800: 954191.648: [GC (Allocation Failure) [PSYoungGen: 506880K->8992K(510976K)] 891678K->401407K(1035264K), 0.0316270 secs] [Times: user=0.03 sys=0.05, real=0.03 secs] 
2021-05-25T10:39:55.568+0800: 954547.266: [GC (Allocation Failure) [PSYoungGen: 506656K->5184K(510976K)] 899071K->404512K(1035264K), 0.0231124 secs] [Times: user=0.03 sys=0.04, real=0.02 secs] 
2021-05-25T10:45:52.405+0800: 954904.103: [GC (Allocation Failure) [PSYoungGen: 502848K->6272K(510976K)] 902176K->409294K(1035264K), 0.0225544 secs] [Times: user=0.07 sys=0.00, real=0.02 secs] 
2021-05-25T10:51:40.591+0800: 955252.289: [GC (Allocation Failure) [PSYoungGen: 503936K->11488K(509440K)] 906958K->418452K(1033728K), 0.0239581 secs] [Times: user=0.03 sys=0.03, real=0.03 secs] 
2021-05-25T10:57:38.462+0800: 955610.161: [GC (Allocation Failure) [PSYoungGen: 508128K->7968K(510464K)] 915092K->424116K(1034752K), 0.0290132 secs] [Times: user=0.04 sys=0.04, real=0.02 secs] 
2021-05-25T11:03:35.980+0800: 955967.679: [GC (Allocation Failure) [PSYoungGen: 504608K->9344K(510976K)] 920756K->431096K(1035264K), 0.0294691 secs] [Times: user=0.07 sys=0.00, real=0.03 secs] 
2021-05-25T11:09:35.945+0800: 956327.643: [GC (Allocation Failure) [PSYoungGen: 507008K->5792K(510976K)] 928760K->434896K(1035264K), 0.0332312 secs] [Times: user=0.10 sys=0.00, real=0.03 secs] 
2021-05-25T11:15:28.537+0800: 956680.235: [GC (Allocation Failure) [PSYoungGen: 503456K->7584K(511488K)] 932560K->440893K(1035776K), 0.0247594 secs] [Times: user=0.04 sys=0.04, real=0.02 secs] 
2021-05-25T11:21:32.862+0800: 957044.560: [GC (Allocation Failure) [PSYoungGen: 505760K->8256K(510976K)] 939069K->447624K(1035264K), 0.0547228 secs] [Times: user=0.03 sys=0.03, real=0.06 secs] 
2021-05-25T11:27:34.504+0800: 957406.202: [GC (Allocation Failure) [PSYoungGen: 506432K->4960K(512000K)] 945800K->451386K(1036288K), 0.0245956 secs] [Times: user=0.04 sys=0.04, real=0.02 secs] 
2021-05-25T11:33:36.395+0800: 957768.094: [GC (Allocation Failure) [PSYoungGen: 504672K->9696K(509440K)] 951098K->459360K(1033728K), 0.0254920 secs] [Times: user=0.03 sys=0.04, real=0.02 secs] 
2021-05-25T11:39:39.964+0800: 958131.662: [GC (Allocation Failure) [PSYoungGen: 509408K->8480K(511488K)] 959072K->465181K(1035776K), 0.0208382 secs] [Times: user=0.03 sys=0.03, real=0.02 secs] 
2021-05-25T11:45:39.418+0800: 958491.116: [GC (Allocation Failure) [PSYoungGen: 507168K->7936K(511488K)] 963869K->470792K(1035776K), 0.0247902 secs] [Times: user=0.04 sys=0.04, real=0.03 secs] 
2021-05-25T11:51:38.666+0800: 958850.364: [GC (Allocation Failure) [PSYoungGen: 506624K->11008K(510976K)] 969480K->480388K(1035264K), 0.0247029 secs] [Times: user=0.04 sys=0.04, real=0.02 secs] 
2021-05-25T11:57:40.985+0800: 959212.683: [GC (Allocation Failure) [PSYoungGen: 509696K->5888K(511488K)] 979076K->483356K(1035776K), 0.0258927 secs] [Times: user=0.04 sys=0.04, real=0.02 secs] 
2021-05-25T12:03:42.076+0800: 959573.774: [GC (Allocation Failure) [PSYoungGen: 504576K->7872K(512000K)] 982044K->489953K(1036288K), 0.0237729 secs] [Times: user=0.03 sys=0.04, real=0.02 secs] 
2021-05-25T12:09:41.313+0800: 959933.011: [GC (Allocation Failure) [PSYoungGen: 507072K->9152K(511488K)] 989153K->496695K(1035776K), 0.0239135 secs] [Times: user=0.04 sys=0.04, real=0.02 secs] 
2021-05-25T12:15:38.525+0800: 960290.223: [GC (Allocation Failure) [PSYoungGen: 508352K->11616K(509952K)] 995895K->505436K(1034240K), 0.0541091 secs] [Times: user=0.03 sys=0.04, real=0.05 secs] 
2021-05-25T12:21:45.183+0800: 960656.882: [GC (Allocation Failure) [PSYoungGen: 509280K->5440K(510976K)] 1003100K->508321K(1035264K), 0.0219585 secs] [Times: user=0.04 sys=0.03, real=0.02 secs] 
2021-05-25T12:27:48.797+0800: 961020.495: [GC (Allocation Failure) [PSYoungGen: 503104K->6592K(510976K)] 1005985K->513693K(1035264K), 0.0608551 secs] [Times: user=0.05 sys=0.04, real=0.06 secs] 
2021-05-25T12:33:45.410+0800: 961377.109: [GC (Allocation Failure) [PSYoungGen: 504256K->5248K(510976K)] 1011357K->517800K(1035264K), 0.0291708 secs] [Times: user=0.03 sys=0.04, real=0.03 secs] 
2021-05-25T12:39:53.663+0800: 961745.361: [GC (Allocation Failure) [PSYoungGen: 502912K->5312K(511488K)] 1015464K->521653K(1035776K), 0.0336989 secs] [Times: user=0.09 sys=0.00, real=0.03 secs] 
2021-05-25T12:39:53.697+0800: 961745.396: [Full GC (Ergonomics) [PSYoungGen: 5312K->0K(511488K)] [ParOldGen: 516341K->288538K(524288K)] 521653K->288538K(1035776K), [Metaspace: 95797K->95783K(1136640K)], 0.7928949 secs] [Times: user=1.54 sys=0.00, real=0.79 secs] 
2021-05-25T12:45:54.564+0800: 962106.262: [GC (Allocation Failure) [PSYoungGen: 498169K->6496K(510976K)] 786708K->295034K(1035264K), 0.0313618 secs] [Times: user=0.08 sys=0.00, real=0.03 secs] 
2021-05-25T12:52:02.375+0800: 962474.073: [GC (Allocation Failure) [PSYoungGen: 504672K->5696K(512000K)] 793210K->299290K(1036288K), 0.0279380 secs] [Times: user=0.04 sys=0.04, real=0.03 secs] 
2021-05-25T12:58:01.496+0800: 962833.194: [GC (Allocation Failure) [PSYoungGen: 504896K->11424K(510976K)] 798490K->309279K(1035264K), 0.0347486 secs] [Times: user=0.04 sys=0.04, real=0.03 secs] 
2021-05-25T13:04:03.022+0800: 963194.720: [GC (Allocation Failure) [PSYoungGen: 510624K->6752K(510976K)] 808479K->313120K(1035264K), 0.0306367 secs] [Times: user=0.04 sys=0.05, real=0.04 secs] 
2021-05-25T13:10:01.394+0800: 963553.093: [GC (Allocation Failure) [PSYoungGen: 504416K->7040K(510976K)] 810784K->318300K(1035264K), 0.0283102 secs] [Times: user=0.09 sys=0.00, real=0.03 secs] 
2021-05-25T13:15:54.949+0800: 963906.647: [GC (Allocation Failure) [PSYoungGen: 504704K->6112K(512000K)] 815964K->322767K(1036288K), 0.0264509 secs] [Times: user=0.04 sys=0.04, real=0.03 secs] 
2021-05-25T13:21:48.458+0800: 964260.157: [GC (Allocation Failure) [PSYoungGen: 505312K->7624K(511488K)] 821967K->328956K(1035776K), 0.0311869 secs] [Times: user=0.09 sys=0.00, real=0.03 secs] 
2021-05-25T13:27:54.096+0800: 964625.795: [GC (Allocation Failure) [PSYoungGen: 506824K->5952K(512512K)] 828156K->333838K(1036800K), 0.0265063 secs] [Times: user=0.04 sys=0.04, real=0.03 secs] 
2021-05-25T13:34:00.159+0800: 964991.857: [GC (Allocation Failure) [PSYoungGen: 506688K->3392K(512512K)] 834574K->336065K(1036800K), 0.0261575 secs] [Times: user=0.04 sys=0.04, real=0.03 secs] 
2021-05-25T13:40:09.545+0800: 965361.243: [GC (Allocation Failure) [PSYoungGen: 504128K->7104K(512512K)] 836801K->341665K(1036800K), 0.0677860 secs] [Times: user=0.04 sys=0.04, real=0.07 secs] 
2021-05-25T13:46:17.219+0800: 965728.917: [GC (Allocation Failure) [PSYoungGen: 507840K->6272K(512512K)] 842401K->346604K(1036800K), 0.0250019 secs] [Times: user=0.04 sys=0.04, real=0.03 secs] 
2021-05-25T13:52:23.370+0800: 966095.069: [GC (Allocation Failure) [PSYoungGen: 507008K->9024K(512000K)] 847340K->354025K(1036288K), 0.0282745 secs] [Times: user=0.05 sys=0.04, real=0.03 secs] 
2021-05-25T13:58:33.706+0800: 966465.404: [GC (Allocation Failure) [PSYoungGen: 509760K->4064K(512512K)] 854761K->357169K(1036800K), 0.0252423 secs] [Times: user=0.04 sys=0.04, real=0.02 secs] 
2021-05-25T14:04:33.996+0800: 966825.694: [GC (Allocation Failure) [PSYoungGen: 504800K->10592K(510464K)] 857905K->366009K(1034752K), 0.0273904 secs] [Times: user=0.04 sys=0.05, real=0.03 secs] 
2021-05-25T14:10:31.959+0800: 967183.657: [GC (Allocation Failure) [PSYoungGen: 509280K->6432K(511488K)] 864697K->370034K(1035776K), 0.0263003 secs] [Times: user=0.03 sys=0.04, real=0.03 secs] 
2021-05-25T14:16:36.258+0800: 967547.956: [GC (Allocation Failure) [PSYoungGen: 505120K->9632K(510976K)] 868722K->377512K(1035264K), 0.0258757 secs] [Times: user=0.03 sys=0.04, real=0.03 secs] 
2021-05-25T14:22:35.708+0800: 967907.406: [GC (Allocation Failure) [PSYoungGen: 508320K->12320K(511488K)] 876200K->387964K(1035776K), 0.0344931 secs] [Times: user=0.05 sys=0.05, real=0.04 secs] 
2021-05-25T14:28:32.237+0800: 968263.936: [GC (Allocation Failure) [PSYoungGen: 511008K->8224K(509440K)] 886652K->393307K(1033728K), 0.0308154 secs] [Times: user=0.04 sys=0.04, real=0.03 secs] 
2021-05-25T14:34:26.421+0800: 968618.119: [GC (Allocation Failure) [PSYoungGen: 504864K->9664K(510464K)] 889947K->401718K(1034752K), 0.0321663 secs] [Times: user=0.09 sys=0.00, real=0.04 secs] 
2021-05-25T14:40:20.538+0800: 968972.236: [GC (Allocation Failure) [PSYoungGen: 506304K->7360K(510976K)] 898358K->407270K(1035264K), 0.0330873 secs] [Times: user=0.10 sys=0.00, real=0.03 secs] 
2021-05-25T14:46:18.819+0800: 969330.517: [GC (Allocation Failure) [PSYoungGen: 504512K->6848K(510464K)] 904422K->412281K(1034752K), 0.0267447 secs] [Times: user=0.05 sys=0.05, real=0.03 secs] 
2021-05-25T14:52:15.973+0800: 969687.671: [GC (Allocation Failure) [PSYoungGen: 504000K->2880K(510464K)] 909433K->413260K(1034752K), 0.0232450 secs] [Times: user=0.03 sys=0.04, real=0.02 secs] 
2021-05-25T14:58:22.661+0800: 970054.359: [GC (Allocation Failure) [PSYoungGen: 500544K->3552K(510976K)] 910924K->415284K(1035264K), 0.0257585 secs] [Times: user=0.06 sys=0.00, real=0.03 secs] 
2021-05-25T15:04:23.208+0800: 970414.906: [GC (Allocation Failure) [PSYoungGen: 501216K->7808K(510976K)] 912948K->421635K(1035264K), 0.0288649 secs] [Times: user=0.03 sys=0.04, real=0.03 secs] 
2021-05-25T15:10:19.899+0800: 970771.597: [GC (Allocation Failure) [PSYoungGen: 505472K->8192K(510976K)] 919299K->428007K(1035264K), 0.0257289 secs] [Times: user=0.04 sys=0.04, real=0.03 secs] 
2021-05-25T15:16:12.569+0800: 971124.267: [GC (Allocation Failure) [PSYoungGen: 505856K->7584K(511488K)] 925671K->434106K(1035776K), 0.0256249 secs] [Times: user=0.04 sys=0.04, real=0.03 secs] 
2021-05-25T15:22:09.645+0800: 971481.343: [GC (Allocation Failure) [PSYoungGen: 506272K->6592K(511488K)] 932794K->439181K(1035776K), 0.0316697 secs] [Times: user=0.04 sys=0.04, real=0.03 secs] 
2021-05-25T15:28:02.593+0800: 971834.292: [GC (Allocation Failure) [PSYoungGen: 505280K->9024K(512000K)] 937869K->446769K(1036288K), 0.0255500 secs] [Times: user=0.04 sys=0.04, real=0.02 secs] 
2021-05-25T15:33:57.367+0800: 972189.065: [GC (Allocation Failure) [PSYoungGen: 508733K->8000K(512000K)] 946478K->453244K(1036288K), 0.0261923 secs] [Times: user=0.03 sys=0.04, real=0.03 secs] 
2021-05-25T15:40:03.367+0800: 972555.065: [GC (Allocation Failure) [PSYoungGen: 507712K->7872K(512512K)] 952956K->459208K(1036800K), 0.0306334 secs] [Times: user=0.04 sys=0.04, real=0.03 secs] 
2021-05-25T15:46:15.324+0800: 972927.022: [GC (Allocation Failure) [PSYoungGen: 508096K->7968K(512000K)] 959432K->465283K(1036288K), 0.0336375 secs] [Times: user=0.05 sys=0.04, real=0.03 secs] 
2021-05-25T15:52:26.404+0800: 973298.102: [GC (Allocation Failure) [PSYoungGen: 508192K->9024K(512512K)] 965507K->472439K(1036800K), 0.0283651 secs] [Times: user=0.04 sys=0.04, real=0.03 secs] 
2021-05-25T15:58:28.442+0800: 973660.140: [GC (Allocation Failure) [PSYoungGen: 509760K->7584K(512512K)] 973175K->478097K(1036800K), 0.0308476 secs] [Times: user=0.04 sys=0.04, real=0.04 secs] 
2021-05-25T16:04:35.966+0800: 974027.665: [GC (Allocation Failure) [PSYoungGen: 508320K->5568K(513024K)] 978833K->481588K(1037312K), 0.0211854 secs] [Times: user=0.04 sys=0.03, real=0.02 secs] 
2021-05-25T16:10:41.535+0800: 974393.233: [GC (Allocation Failure) [PSYoungGen: 507328K->7296K(513024K)] 983348K->487370K(1037312K), 0.0285587 secs] [Times: user=0.03 sys=0.04, real=0.03 secs] 
2021-05-25T16:16:47.046+0800: 974758.744: [GC (Allocation Failure) [PSYoungGen: 509056K->5408K(513024K)] 989130K->491548K(1037312K), 0.0198046 secs] [Times: user=0.06 sys=0.00, real=0.02 secs] 
2021-05-25T16:22:54.722+0800: 975126.420: [GC (Allocation Failure) [PSYoungGen: 507168K->7168K(513024K)] 993308K->497232K(1037312K), 0.0266154 secs] [Times: user=0.04 sys=0.04, real=0.03 secs] 
2021-05-25T16:29:01.456+0800: 975493.154: [GC (Allocation Failure) [PSYoungGen: 508928K->10368K(511488K)] 998992K->506221K(1035776K), 0.0354057 secs] [Times: user=0.03 sys=0.05, real=0.03 secs] 
2021-05-25T16:35:00.622+0800: 975852.320: [GC (Allocation Failure) [PSYoungGen: 511104K->9280K(512512K)] 1006957K->512647K(1036800K), 0.0337815 secs] [Times: user=0.08 sys=0.00, real=0.04 secs] 
2021-05-25T16:41:08.083+0800: 976219.781: [GC (Allocation Failure) [PSYoungGen: 510016K->9152K(512512K)] 1013383K->519833K(1036800K), 0.0284537 secs] [Times: user=0.04 sys=0.04, real=0.02 secs] 
2021-05-25T16:47:16.638+0800: 976588.337: [GC (Allocation Failure) [PSYoungGen: 509886K->5728K(512512K)] 1020567K->524522K(1036800K), 0.0279074 secs] [Times: user=0.04 sys=0.05, real=0.03 secs] 
2021-05-25T16:47:16.667+0800: 976588.365: [Full GC (Ergonomics) [PSYoungGen: 5728K->0K(512512K)] [ParOldGen: 518794K->285951K(524288K)] 524522K->285951K(1036800K), [Metaspace: 95783K->95783K(1136640K)], 0.5023983 secs] [Times: user=0.99 sys=0.00, real=0.50 secs] 
2021-05-25T16:53:13.738+0800: 976945.436: [GC (Allocation Failure) [PSYoungGen: 500736K->10112K(511488K)] 786687K->296063K(1035776K), 0.0239874 secs] [Times: user=0.04 sys=0.03, real=0.02 secs] 
2021-05-25T16:59:09.157+0800: 977300.855: [GC (Allocation Failure) [PSYoungGen: 509824K->11360K(511488K)] 795775K->305586K(1035776K), 0.0278139 secs] [Times: user=0.03 sys=0.03, real=0.03 secs] 
2021-05-25T17:05:17.429+0800: 977669.128: [GC (Allocation Failure) [PSYoungGen: 511072K->6176K(510464K)] 805298K->310145K(1034752K), 0.0270697 secs] [Times: user=0.05 sys=0.04, real=0.03 secs] 
2021-05-25T17:11:23.628+0800: 978035.326: [GC (Allocation Failure) [PSYoungGen: 503840K->5600K(510976K)] 807809K->314373K(1035264K), 0.0239717 secs] [Times: user=0.03 sys=0.04, real=0.03 secs] 
2021-05-25T17:17:27.351+0800: 978399.050: [GC (Allocation Failure) [PSYoungGen: 503264K->5696K(511488K)] 812037K->318793K(1035776K), 0.0221977 secs] [Times: user=0.03 sys=0.04, real=0.03 secs] 
2021-05-25T17:23:27.536+0800: 978759.234: [GC (Allocation Failure) [PSYoungGen: 503872K->8928K(510976K)] 816969K->326127K(1035264K), 0.0210359 secs] [Times: user=0.03 sys=0.03, real=0.02 secs] 
2021-05-25T17:29:31.452+0800: 979123.150: [GC (Allocation Failure) [PSYoungGen: 507104K->6816K(511488K)] 824303K->331776K(1035776K), 0.0276851 secs] [Times: user=0.04 sys=0.04, real=0.02 secs] 
2021-05-25T17:35:33.063+0800: 979484.762: [GC (Allocation Failure) [PSYoungGen: 505504K->9280K(511488K)] 830464K->339900K(1035776K), 0.0289491 secs] [Times: user=0.05 sys=0.04, real=0.03 secs] 
2021-05-25T17:41:40.203+0800: 979851.901: [GC (Allocation Failure) [PSYoungGen: 507968K->8192K(512000K)] 838588K->347021K(1036288K), 0.0238171 secs] [Times: user=0.03 sys=0.04, real=0.02 secs] 
2021-05-25T17:47:39.451+0800: 980211.149: [GC (Allocation Failure) [PSYoungGen: 507392K->9952K(511488K)] 846221K->355161K(1035776K), 0.0269284 secs] [Times: user=0.04 sys=0.04, real=0.03 secs] 
2021-05-25T17:53:42.680+0800: 980574.378: [GC (Allocation Failure) [PSYoungGen: 509152K->8096K(512000K)] 854361K->360516K(1036288K), 0.0238627 secs] [Times: user=0.03 sys=0.04, real=0.03 secs] 
2021-05-25T17:59:48.946+0800: 980940.645: [GC (Allocation Failure) [PSYoungGen: 507296K->5472K(511488K)] 859716K->364366K(1035776K), 0.0338542 secs] [Times: user=0.03 sys=0.04, real=0.03 secs] 
2021-05-25T18:05:48.283+0800: 981299.981: [GC (Allocation Failure) [PSYoungGen: 504672K->9600K(510976K)] 863566K->372468K(1035264K), 0.0289961 secs] [Times: user=0.04 sys=0.04, real=0.02 secs] 
2021-05-25T18:11:50.256+0800: 981661.954: [GC (Allocation Failure) [PSYoungGen: 508288K->10592K(509440K)] 871156K->381207K(1033728K), 0.0226983 secs] [Times: user=0.03 sys=0.03, real=0.02 secs] 
2021-05-25T18:17:45.332+0800: 982017.030: [GC (Allocation Failure) [PSYoungGen: 509280K->6976K(511488K)] 879895K->386040K(1035776K), 0.0291631 secs] [Times: user=0.03 sys=0.04, real=0.03 secs] 
2021-05-25T18:23:45.791+0800: 982377.489: [GC (Allocation Failure) [PSYoungGen: 505152K->9984K(510976K)] 884216K->394085K(1035264K), 0.0278780 secs] [Times: user=0.02 sys=0.03, real=0.03 secs] 
2021-05-25T18:29:43.537+0800: 982735.235: [GC (Allocation Failure) [PSYoungGen: 508160K->6752K(511488K)] 892261K->398614K(1035776K), 0.0232877 secs] [Times: user=0.04 sys=0.03, real=0.02 secs] 
2021-05-25T18:35:48.599+0800: 983100.298: [GC (Allocation Failure) [PSYoungGen: 504928K->5536K(510976K)] 896790K->402841K(1035264K), 0.0214222 secs] [Times: user=0.03 sys=0.03, real=0.02 secs] 
2021-05-25T18:41:50.923+0800: 983462.621: [GC (Allocation Failure) [PSYoungGen: 503712K->8032K(512000K)] 901017K->409518K(1036288K), 0.0253787 secs] [Times: user=0.03 sys=0.03, real=0.02 secs] 
2021-05-25T18:47:50.479+0800: 983822.177: [GC (Allocation Failure) [PSYoungGen: 507232K->5760K(511488K)] 908718K->414143K(1035776K), 0.0243555 secs] [Times: user=0.03 sys=0.03, real=0.03 secs] 
2021-05-25T18:53:52.138+0800: 984183.837: [GC (Allocation Failure) [PSYoungGen: 504960K->8256K(512000K)] 913343K->421245K(1036288K), 0.0265281 secs] [Times: user=0.04 sys=0.04, real=0.03 secs] 
2021-05-25T18:59:53.289+0800: 984544.987: [GC (Allocation Failure) [PSYoungGen: 507968K->8896K(512000K)] 920957K->428649K(1036288K), 0.0736247 secs] [Times: user=0.03 sys=0.03, real=0.08 secs] 
2021-05-25T19:05:49.088+0800: 984900.786: [GC (Allocation Failure) [PSYoungGen: 508608K->8352K(512512K)] 928361K->435475K(1036800K), 0.0520589 secs] [Times: user=0.09 sys=0.08, real=0.05 secs] 
2021-05-25T19:11:49.061+0800: 985260.759: [GC (Allocation Failure) [PSYoungGen: 508576K->7648K(512000K)] 935699K->441845K(1036288K), 0.0222413 secs] [Times: user=0.03 sys=0.03, real=0.03 secs] 
2021-05-25T19:17:46.508+0800: 985618.206: [GC (Allocation Failure) [PSYoungGen: 507872K->7560K(513024K)] 942069K->447817K(1037312K), 0.0234594 secs] [Times: user=0.04 sys=0.03, real=0.02 secs] 
2021-05-25T19:23:45.819+0800: 985977.517: [GC (Allocation Failure) [PSYoungGen: 508808K->9952K(512512K)] 949065K->456054K(1036800K), 0.0247299 secs] [Times: user=0.03 sys=0.04, real=0.03 secs] 
2021-05-25T19:29:53.566+0800: 986345.264: [GC (Allocation Failure) [PSYoungGen: 511200K->11264K(510464K)] 957302K->464864K(1034752K), 0.0831837 secs] [Times: user=0.03 sys=0.04, real=0.08 secs] 
2021-05-25T19:35:55.029+0800: 986706.728: [GC (Allocation Failure) [PSYoungGen: 509952K->10432K(511488K)] 963552K->472499K(1035776K), 0.0266584 secs] [Times: user=0.04 sys=0.05, real=0.03 secs] 
2021-05-25T19:41:53.761+0800: 987065.459: [GC (Allocation Failure) [PSYoungGen: 509120K->8512K(511488K)] 971187K->478604K(1035776K), 0.0303622 secs] [Times: user=0.03 sys=0.04, real=0.03 secs] 
2021-05-25T19:47:53.783+0800: 987425.481: [GC (Allocation Failure) [PSYoungGen: 507200K->9856K(511488K)] 977292K->486264K(1035776K), 0.0537197 secs] [Times: user=0.04 sys=0.04, real=0.05 secs] 
2021-05-25T19:53:56.352+0800: 987788.050: [GC (Allocation Failure) [PSYoungGen: 508544K->9888K(511488K)] 984952K->494994K(1035776K), 0.0248045 secs] [Times: user=0.04 sys=0.04, real=0.03 secs] 
2021-05-25T19:59:59.013+0800: 988150.712: [GC (Allocation Failure) [PSYoungGen: 508576K->7552K(511488K)] 993682K->500421K(1035776K), 0.0317875 secs] [Times: user=0.04 sys=0.05, real=0.03 secs] 
2021-05-25T20:05:49.240+0800: 988500.938: [GC (Allocation Failure) [PSYoungGen: 506240K->10720K(511488K)] 999109K->509457K(1035776K), 0.0583816 secs] [Times: user=0.04 sys=0.04, real=0.06 secs] 
2021-05-25T20:11:49.661+0800: 988861.359: [GC (Allocation Failure) [PSYoungGen: 509408K->9024K(511488K)] 1008145K->516124K(1035776K), 0.0259254 secs] [Times: user=0.04 sys=0.04, real=0.03 secs] 
2021-05-25T20:18:01.574+0800: 989233.272: [GC (Allocation Failure) [PSYoungGen: 507712K->5152K(511488K)] 1014812K->519357K(1035776K), 0.0233678 secs] [Times: user=0.03 sys=0.04, real=0.02 secs] 
2021-05-25T20:18:01.598+0800: 989233.296: [Full GC (Ergonomics) [PSYoungGen: 5152K->0K(511488K)] [ParOldGen: 514205K->292165K(524288K)] 519357K->292165K(1035776K), [Metaspace: 95783K->95778K(1136640K)], 0.4921291 secs] [Times: user=1.04 sys=0.00, real=0.49 secs] 
2021-05-25T20:24:00.400+0800: 989592.098: [GC (Allocation Failure) [PSYoungGen: 498688K->12128K(510976K)] 790853K->304293K(1035264K), 0.0357795 secs] [Times: user=0.04 sys=0.05, real=0.04 secs] 
2021-05-25T20:30:00.241+0800: 989951.939: [GC (Allocation Failure) [PSYoungGen: 510816K->7584K(509952K)] 802981K->310292K(1034240K), 0.0229112 secs] [Times: user=0.04 sys=0.03, real=0.03 secs] 
2021-05-25T20:35:59.719+0800: 990311.418: [GC (Allocation Failure) [PSYoungGen: 504224K->6368K(510464K)] 806932K->314543K(1034752K), 0.0238219 secs] [Times: user=0.04 sys=0.03, real=0.03 secs] 
2021-05-25T20:42:03.894+0800: 990675.593: [GC (Allocation Failure) [PSYoungGen: 503008K->6240K(510976K)] 811183K->319116K(1035264K), 0.0226344 secs] [Times: user=0.03 sys=0.03, real=0.02 secs] 
2021-05-25T20:48:04.910+0800: 991036.608: [GC (Allocation Failure) [PSYoungGen: 503904K->6208K(510976K)] 816780K->323840K(1035264K), 0.0214982 secs] [Times: user=0.03 sys=0.03, real=0.02 secs] 
2021-05-25T20:54:06.058+0800: 991397.756: [GC (Allocation Failure) [PSYoungGen: 503872K->4384K(510976K)] 821504K->327027K(1035264K), 0.0250043 secs] [Times: user=0.03 sys=0.03, real=0.03 secs] 
2021-05-25T21:00:13.605+0800: 991765.304: [GC (Allocation Failure) [PSYoungGen: 502048K->5600K(510976K)] 824691K->331265K(1035264K), 0.0247415 secs] [Times: user=0.03 sys=0.03, real=0.02 secs] 
2021-05-25T21:06:16.425+0800: 992128.123: [GC (Allocation Failure) [PSYoungGen: 503264K->10528K(509952K)] 828929K->340463K(1034240K), 0.0225727 secs] [Times: user=0.04 sys=0.03, real=0.02 secs] 
2021-05-25T21:12:11.000+0800: 992482.698: [GC (Allocation Failure) [PSYoungGen: 507168K->9312K(510464K)] 837103K->347961K(1034752K), 0.0267038 secs] [Times: user=0.03 sys=0.03, real=0.03 secs] 
2021-05-25T21:18:15.040+0800: 992846.739: [GC (Allocation Failure) [PSYoungGen: 505952K->7264K(510976K)] 844601K->353514K(1035264K), 0.0237836 secs] [Times: user=0.04 sys=0.03, real=0.03 secs] 
2021-05-25T21:24:14.410+0800: 993206.108: [GC (Allocation Failure) [PSYoungGen: 504416K->9568K(510464K)] 850666K->360744K(1034752K), 0.0207188 secs] [Times: user=0.03 sys=0.03, real=0.02 secs] 
2021-05-25T21:30:17.468+0800: 993569.166: [GC (Allocation Failure) [PSYoungGen: 506720K->8736K(510976K)] 857896K->368298K(1035264K), 0.0226484 secs] [Times: user=0.07 sys=0.00, real=0.02 secs] 
2021-05-25T21:36:15.952+0800: 993927.650: [GC (Allocation Failure) [PSYoungGen: 506400K->5504K(510976K)] 865962K->371923K(1035264K), 0.0300397 secs] [Times: user=0.04 sys=0.04, real=0.03 secs] 
2021-05-25T21:42:14.647+0800: 994286.345: [GC (Allocation Failure) [PSYoungGen: 503168K->9600K(510976K)] 869587K->379778K(1035264K), 0.0282307 secs] [Times: user=0.08 sys=0.00, real=0.03 secs] 
2021-05-25T21:48:15.595+0800: 994647.294: [GC (Allocation Failure) [PSYoungGen: 507264K->7616K(510976K)] 877442K->385332K(1035264K), 0.0291496 secs] [Times: user=0.04 sys=0.03, real=0.03 secs] 
2021-05-25T21:54:10.383+0800: 995002.081: [GC (Allocation Failure) [PSYoungGen: 505280K->9440K(511488K)] 882996K->392823K(1035776K), 0.0230318 secs] [Times: user=0.03 sys=0.04, real=0.02 secs] 
2021-05-25T22:00:13.184+0800: 995364.882: [GC (Allocation Failure) [PSYoungGen: 508128K->6848K(511488K)] 891511K->398033K(1035776K), 0.0230134 secs] [Times: user=0.04 sys=0.04, real=0.02 secs] 
2021-05-25T22:06:15.022+0800: 995726.721: [GC (Allocation Failure) [PSYoungGen: 505536K->9792K(511488K)] 896721K->406605K(1035776K), 0.0247047 secs] [Times: user=0.04 sys=0.03, real=0.02 secs] 
2021-05-25T22:12:18.692+0800: 996090.391: [GC (Allocation Failure) [PSYoungGen: 508480K->8160K(511488K)] 905293K->412736K(1035776K), 0.0225730 secs] [Times: user=0.03 sys=0.04, real=0.02 secs] 
2021-05-25T22:18:20.213+0800: 996451.911: [GC (Allocation Failure) [PSYoungGen: 506848K->9344K(512000K)] 911424K->420259K(1036288K), 0.0206927 secs] [Times: user=0.03 sys=0.04, real=0.02 secs] 
2021-05-25T22:24:25.565+0800: 996817.264: [GC (Allocation Failure) [PSYoungGen: 509056K->5472K(505344K)] 919971K->424291K(1029632K), 0.0325422 secs] [Times: user=0.04 sys=0.03, real=0.03 secs] 
2021-05-25T22:30:28.840+0800: 997180.538: [GC (Allocation Failure) [PSYoungGen: 505184K->8480K(512000K)] 924003K->431497K(1036288K), 0.0214874 secs] [Times: user=0.03 sys=0.03, real=0.02 secs] 
2021-05-25T22:36:33.807+0800: 997545.505: [GC (Allocation Failure) [PSYoungGen: 507680K->7424K(511488K)] 930697K->437011K(1035776K), 0.0245453 secs] [Times: user=0.03 sys=0.03, real=0.02 secs] 
2021-05-25T22:42:32.404+0800: 997904.103: [GC (Allocation Failure) [PSYoungGen: 506624K->9152K(512000K)] 936211K->444864K(1036288K), 0.0269242 secs] [Times: user=0.04 sys=0.04, real=0.02 secs] 
2021-05-25T22:48:34.684+0800: 998266.382: [GC (Allocation Failure) [PSYoungGen: 508864K->9248K(512000K)] 944576K->451739K(1036288K), 0.0309936 secs] [Times: user=0.04 sys=0.05, real=0.03 secs] 
2021-05-25T22:54:24.944+0800: 998616.642: [GC (Allocation Failure) [PSYoungGen: 508960K->9376K(512000K)] 951451K->459605K(1036288K), 0.0378673 secs] [Times: user=0.05 sys=0.05, real=0.03 secs] 
2021-05-25T23:00:24.018+0800: 998975.716: [GC (Allocation Failure) [PSYoungGen: 509088K->10016K(512000K)] 959317K->467575K(1036288K), 0.0296348 secs] [Times: user=0.04 sys=0.05, real=0.03 secs] 
2021-05-25T23:06:23.822+0800: 999335.521: [GC (Allocation Failure) [PSYoungGen: 509728K->4800K(510976K)] 967287K->470774K(1035264K), 0.0259336 secs] [Times: user=0.04 sys=0.04, real=0.02 secs] 
2021-05-25T23:12:17.882+0800: 999689.581: [GC (Allocation Failure) [PSYoungGen: 503488K->8672K(511488K)] 969462K->477460K(1035776K), 0.0245884 secs] [Times: user=0.04 sys=0.04, real=0.02 secs] 
2021-05-25T23:18:14.800+0800: 1000046.498: [GC (Allocation Failure) [PSYoungGen: 507360K->7840K(512000K)] 976148K->482990K(1036288K), 0.0217120 secs] [Times: user=0.03 sys=0.04, real=0.02 secs] 
2021-05-25T23:24:18.125+0800: 1000409.823: [GC (Allocation Failure) [PSYoungGen: 507552K->8480K(512000K)] 982702K->489872K(1036288K), 0.0219722 secs] [Times: user=0.07 sys=0.00, real=0.02 secs] 
2021-05-25T23:30:16.427+0800: 1000768.126: [GC (Allocation Failure) [PSYoungGen: 508192K->8672K(512512K)] 989584K->496866K(1036800K), 0.0282934 secs] [Times: user=0.04 sys=0.04, real=0.03 secs] 
2021-05-25T23:36:17.653+0800: 1001129.351: [GC (Allocation Failure) [PSYoungGen: 509408K->6656K(512512K)] 997602K->501476K(1036800K), 0.0236281 secs] [Times: user=0.03 sys=0.03, real=0.02 secs] 
2021-05-25T23:42:22.400+0800: 1001494.099: [GC (Allocation Failure) [PSYoungGen: 507392K->5056K(512512K)] 1002212K->505343K(1036800K), 0.0339883 secs] [Times: user=0.05 sys=0.05, real=0.04 secs] 
2021-05-25T23:48:21.401+0800: 1001853.099: [GC (Allocation Failure) [PSYoungGen: 505792K->9568K(510464K)] 1006079K->512854K(1034752K), 0.0269199 secs] [Times: user=0.04 sys=0.04, real=0.03 secs] 
2021-05-25T23:54:22.738+0800: 1002214.436: [GC (Allocation Failure) [PSYoungGen: 510304K->5824K(512000K)] 1013590K->516479K(1036288K), 0.0280038 secs] [Times: user=0.05 sys=0.04, real=0.03 secs] 
2021-05-26T00:00:12.843+0800: 1002564.541: [GC (Allocation Failure) [PSYoungGen: 505536K->7840K(512000K)] 1016191K->522788K(1036288K), 0.0287327 secs] [Times: user=0.05 sys=0.04, real=0.02 secs] 
2021-05-26T00:00:12.872+0800: 1002564.570: [Full GC (Ergonomics) [PSYoungGen: 7840K->0K(512000K)] [ParOldGen: 514948K->286291K(524288K)] 522788K->286291K(1036288K), [Metaspace: 95782K->95782K(1136640K)], 0.4743535 secs] [Times: user=1.04 sys=0.00, real=0.48 secs] 
2021-05-26T00:06:06.807+0800: 1002918.505: [GC (Allocation Failure) [PSYoungGen: 499712K->8032K(513024K)] 786003K->294323K(1037312K), 0.0239417 secs] [Times: user=0.03 sys=0.03, real=0.02 secs] 
2021-05-26T00:12:14.396+0800: 1003286.095: [GC (Allocation Failure) [PSYoungGen: 509280K->8224K(512512K)] 795571K->300728K(1036800K), 0.0227503 secs] [Times: user=0.03 sys=0.04, real=0.02 secs] 
2021-05-26T00:18:20.802+0800: 1003652.501: [GC (Allocation Failure) [PSYoungGen: 509472K->4192K(512000K)] 801976K->303106K(1036288K), 0.0203940 secs] [Times: user=0.03 sys=0.03, real=0.02 secs] 
2021-05-26T00:24:23.309+0800: 1004015.007: [GC (Allocation Failure) [PSYoungGen: 504928K->6208K(512512K)] 803842K->307968K(1036800K), 0.0200240 secs] [Times: user=0.03 sys=0.03, real=0.02 secs] 
2021-05-26T00:30:31.149+0800: 1004382.847: [GC (Allocation Failure) [PSYoungGen: 506944K->5536K(513024K)] 808704K->312205K(1037312K), 0.0224786 secs] [Times: user=0.03 sys=0.04, real=0.02 secs] 
2021-05-26T00:36:36.697+0800: 1004748.395: [GC (Allocation Failure) [PSYoungGen: 507296K->4128K(513024K)] 813965K->314842K(1037312K), 0.0329364 secs] [Times: user=0.02 sys=0.04, real=0.03 secs] 
2021-05-26T00:42:37.453+0800: 1005109.151: [GC (Allocation Failure) [PSYoungGen: 505888K->8128K(513024K)] 816602K->321664K(1037312K), 0.0214346 secs] [Times: user=0.03 sys=0.03, real=0.02 secs] 
2021-05-26T00:48:38.623+0800: 1005470.321: [GC (Allocation Failure) [PSYoungGen: 509888K->7040K(513024K)] 823424K->326747K(1037312K), 0.0265608 secs] [Times: user=0.04 sys=0.03, real=0.02 secs] 
2021-05-26T00:54:47.275+0800: 1005838.973: [GC (Allocation Failure) [PSYoungGen: 508800K->4160K(513024K)] 828507K->329558K(1037312K), 0.0684616 secs] [Times: user=0.03 sys=0.03, real=0.07 secs] 
2021-05-26T01:00:49.043+0800: 1006200.741: [GC (Allocation Failure) [PSYoungGen: 505920K->6880K(513024K)] 831318K->335093K(1037312K), 0.0242111 secs] [Times: user=0.07 sys=0.00, real=0.02 secs] 
2021-05-26T01:06:52.515+0800: 1006564.213: [GC (Allocation Failure) [PSYoungGen: 508640K->7520K(513536K)] 836853K->341240K(1037824K), 0.0376430 secs] [Times: user=0.08 sys=0.00, real=0.04 secs] 
2021-05-26T01:12:56.381+0800: 1006928.079: [GC (Allocation Failure) [PSYoungGen: 510304K->8832K(512000K)] 844024K->347980K(1036288K), 0.0330073 secs] [Times: user=0.09 sys=0.00, real=0.04 secs] 
2021-05-26T01:18:48.427+0800: 1007280.125: [GC (Allocation Failure) [PSYoungGen: 511616K->10760K(510976K)] 850764K->355991K(1035264K), 0.0295464 secs] [Times: user=0.04 sys=0.05, real=0.03 secs] 
2021-05-26T01:24:46.218+0800: 1007637.916: [GC (Allocation Failure) [PSYoungGen: 510472K->6304K(512000K)] 855703K->359846K(1036288K), 0.0265889 secs] [Times: user=0.04 sys=0.04, real=0.03 secs] 
2021-05-26T01:30:44.348+0800: 1007996.046: [GC (Allocation Failure) [PSYoungGen: 506016K->5184K(512512K)] 859558K->363682K(1036800K), 0.0283436 secs] [Times: user=0.04 sys=0.04, real=0.03 secs] 
2021-05-26T01:36:43.144+0800: 1008354.843: [GC (Allocation Failure) [PSYoungGen: 505920K->7104K(512512K)] 864418K->369104K(1036800K), 0.0274207 secs] [Times: user=0.04 sys=0.04, real=0.02 secs] 
2021-05-26T01:42:43.069+0800: 1008714.767: [GC (Allocation Failure) [PSYoungGen: 507840K->6496K(513024K)] 869840K->373980K(1037312K), 0.0273966 secs] [Times: user=0.04 sys=0.04, real=0.03 secs] 
2021-05-26T01:48:45.061+0800: 1009076.759: [GC (Allocation Failure) [PSYoungGen: 508256K->8640K(513024K)] 875740K->381312K(1037312K), 0.0302048 secs] [Times: user=0.05 sys=0.05, real=0.03 secs] 
2021-05-26T01:54:39.148+0800: 1009430.846: [GC (Allocation Failure) [PSYoungGen: 510400K->9056K(512000K)] 883072K->388594K(1036288K), 0.0282183 secs] [Times: user=0.04 sys=0.04, real=0.03 secs] 
2021-05-26T02:00:41.777+0800: 1009793.476: [GC (Allocation Failure) [PSYoungGen: 509792K->4192K(512512K)] 889330K->391417K(1036800K), 0.0260660 secs] [Times: user=0.04 sys=0.04, real=0.03 secs] 
2021-05-26T02:06:35.284+0800: 1010146.982: [GC (Allocation Failure) [PSYoungGen: 504928K->7648K(513024K)] 892153K->397504K(1037312K), 0.0281635 secs] [Times: user=0.04 sys=0.05, real=0.03 secs] 
2021-05-26T02:12:25.716+0800: 1010497.414: [GC (Allocation Failure) [PSYoungGen: 508896K->9600K(512512K)] 898752K->405517K(1036800K), 0.0255883 secs] [Times: user=0.04 sys=0.04, real=0.02 secs] 
2021-05-26T02:18:25.124+0800: 1010856.822: [GC (Allocation Failure) [PSYoungGen: 510848K->6656K(512512K)] 906765K->410629K(1036800K), 0.0431990 secs] [Times: user=0.08 sys=0.00, real=0.04 secs] 
2021-05-26T02:24:33.340+0800: 1011225.038: [GC (Allocation Failure) [PSYoungGen: 507392K->4416K(512512K)] 911365K->413495K(1036800K), 0.0265466 secs] [Times: user=0.04 sys=0.04, real=0.03 secs] 
2021-05-26T02:30:36.582+0800: 1011588.281: [GC (Allocation Failure) [PSYoungGen: 505152K->3456K(512512K)] 914231K->415326K(1036800K), 0.0210723 secs] [Times: user=0.03 sys=0.03, real=0.02 secs] 
2021-05-26T02:36:37.672+0800: 1011949.370: [GC (Allocation Failure) [PSYoungGen: 504192K->6048K(512512K)] 916062K->419774K(1036800K), 0.0235359 secs] [Times: user=0.03 sys=0.03, real=0.02 secs] 
2021-05-26T02:42:33.412+0800: 1012305.111: [GC (Allocation Failure) [PSYoungGen: 506784K->6496K(513024K)] 920510K->424753K(1037312K), 0.0261958 secs] [Times: user=0.04 sys=0.05, real=0.02 secs] 
2021-05-26T02:48:34.423+0800: 1012666.121: [GC (Allocation Failure) [PSYoungGen: 508256K->7456K(513024K)] 926513K->430893K(1037312K), 0.0304442 secs] [Times: user=0.05 sys=0.04, real=0.03 secs] 
2021-05-26T02:54:35.574+0800: 1013027.273: [GC (Allocation Failure) [PSYoungGen: 509216K->6112K(513536K)] 932653K->435240K(1037824K), 0.0334312 secs] [Times: user=0.04 sys=0.06, real=0.03 secs] 
2021-05-26T03:00:36.423+0800: 1013388.121: [GC (Allocation Failure) [PSYoungGen: 508896K->7552K(513536K)] 938024K->440941K(1037824K), 0.0264472 secs] [Times: user=0.04 sys=0.04, real=0.02 secs] 
2021-05-26T03:06:44.264+0800: 1013755.963: [GC (Allocation Failure) [PSYoungGen: 510336K->5696K(514048K)] 943725K->445367K(1038336K), 0.0262059 secs] [Times: user=0.08 sys=0.00, real=0.02 secs] 
2021-05-26T03:12:45.973+0800: 1014117.672: [GC (Allocation Failure) [PSYoungGen: 508992K->3520K(513536K)] 948663K->447436K(1037824K), 0.0311759 secs] [Times: user=0.04 sys=0.05, real=0.03 secs] 
2021-05-26T03:18:58.920+0800: 1014490.618: [GC (Allocation Failure) [PSYoungGen: 506816K->4288K(513536K)] 950732K->450026K(1037824K), 0.0223052 secs] [Times: user=0.03 sys=0.03, real=0.03 secs] 
2021-05-26T03:25:02.051+0800: 1014853.749: [GC (Allocation Failure) [PSYoungGen: 507072K->6848K(513536K)] 952810K->455336K(1037824K), 0.0250242 secs] [Times: user=0.08 sys=0.00, real=0.03 secs] 
2021-05-26T03:31:09.150+0800: 1015220.848: [GC (Allocation Failure) [PSYoungGen: 509632K->5568K(514048K)] 958120K->459715K(1038336K), 0.0302803 secs] [Times: user=0.04 sys=0.04, real=0.03 secs] 
2021-05-26T03:37:12.337+0800: 1015584.035: [GC (Allocation Failure) [PSYoungGen: 509376K->9536K(513536K)] 963523K->467929K(1037824K), 0.0299844 secs] [Times: user=0.04 sys=0.05, real=0.03 secs] 
2021-05-26T03:43:11.171+0800: 1015942.869: [GC (Allocation Failure) [PSYoungGen: 513335K->8832K(512512K)] 971729K->475467K(1036800K), 0.0254906 secs] [Times: user=0.04 sys=0.04, real=0.03 secs] 
2021-05-26T03:49:11.795+0800: 1016303.493: [GC (Allocation Failure) [PSYoungGen: 510592K->10656K(512512K)] 977227K->484613K(1036800K), 0.0319324 secs] [Times: user=0.04 sys=0.05, real=0.03 secs] 
2021-05-26T03:55:14.396+0800: 1016666.094: [GC (Allocation Failure) [PSYoungGen: 512416K->3104K(510464K)] 986373K->486426K(1034752K), 0.0292718 secs] [Times: user=0.04 sys=0.04, real=0.03 secs] 
2021-05-26T04:01:07.351+0800: 1017019.049: [GC (Allocation Failure) [PSYoungGen: 501792K->9536K(508416K)] 985114K->494474K(1032704K), 0.0290359 secs] [Times: user=0.04 sys=0.04, real=0.03 secs] 
2021-05-26T04:07:05.192+0800: 1017376.890: [GC (Allocation Failure) [PSYoungGen: 508224K->9568K(510976K)] 993162K->500237K(1035264K), 0.0270369 secs] [Times: user=0.07 sys=0.00, real=0.03 secs] 
2021-05-26T04:13:03.889+0800: 1017735.587: [GC (Allocation Failure) [PSYoungGen: 507232K->5824K(510976K)] 997901K->503574K(1035264K), 0.0245519 secs] [Times: user=0.03 sys=0.03, real=0.03 secs] 
2021-05-26T04:19:03.027+0800: 1018094.726: [GC (Allocation Failure) [PSYoungGen: 503488K->4512K(511488K)] 1001238K->506697K(1035776K), 0.0215946 secs] [Times: user=0.06 sys=0.00, real=0.02 secs] 
2021-05-26T04:25:00.918+0800: 1018452.616: [GC (Allocation Failure) [PSYoungGen: 502688K->7840K(510976K)] 1004873K->513159K(1035264K), 0.0268150 secs] [Times: user=0.04 sys=0.04, real=0.03 secs] 
2021-05-26T04:30:58.971+0800: 1018810.670: [GC (Allocation Failure) [PSYoungGen: 506016K->6336K(512000K)] 1011335K->518201K(1036288K), 0.0898895 secs] [Times: user=0.04 sys=0.04, real=0.09 secs] 
2021-05-26T04:37:05.994+0800: 1019177.693: [GC (Allocation Failure) [PSYoungGen: 505536K->6368K(511488K)] 1017401K->523197K(1035776K), 0.0261486 secs] [Times: user=0.04 sys=0.04, real=0.02 secs] 
2021-05-26T04:37:06.021+0800: 1019177.719: [Full GC (Ergonomics) [PSYoungGen: 6368K->0K(511488K)] [ParOldGen: 516829K->282439K(524288K)] 523197K->282439K(1035776K), [Metaspace: 95782K->95782K(1136640K)], 0.4547584 secs] [Times: user=1.01 sys=0.00, real=0.46 secs] 
2021-05-26T04:43:06.955+0800: 1019538.653: [GC (Allocation Failure) [PSYoungGen: 499200K->7264K(512512K)] 781639K->289703K(1036800K), 0.0209969 secs] [Times: user=0.03 sys=0.03, real=0.02 secs] 
2021-05-26T04:49:10.917+0800: 1019902.615: [GC (Allocation Failure) [PSYoungGen: 508000K->7936K(512512K)] 790439K->296339K(1036800K), 0.0222370 secs] [Times: user=0.04 sys=0.03, real=0.02 secs] 
2021-05-26T04:55:12.448+0800: 1020264.146: [GC (Allocation Failure) [PSYoungGen: 508672K->8064K(513024K)] 797075K->302359K(1037312K), 0.0292313 secs] [Times: user=0.03 sys=0.04, real=0.03 secs] 
2021-05-26T05:01:15.857+0800: 1020627.556: [GC (Allocation Failure) [PSYoungGen: 509824K->7712K(513024K)] 804119K->308426K(1037312K), 0.0453344 secs] [Times: user=0.03 sys=0.03, real=0.05 secs] 
2021-05-26T05:07:13.111+0800: 1020984.809: [GC (Allocation Failure) [PSYoungGen: 509472K->6400K(513024K)] 810186K->313611K(1037312K), 0.0336914 secs] [Times: user=0.03 sys=0.04, real=0.04 secs] 
2021-05-26T05:13:33.613+0800: 1021365.311: [GC (Allocation Failure) [PSYoungGen: 508160K->6464K(513024K)] 815371K->318945K(1037312K), 0.0250259 secs] [Times: user=0.07 sys=0.00, real=0.02 secs] 
2021-05-26T05:19:44.179+0800: 1021735.877: [GC (Allocation Failure) [PSYoungGen: 508224K->8096K(513536K)] 820705K->325294K(1037824K), 0.0234710 secs] [Times: user=0.03 sys=0.04, real=0.03 secs] 
2021-05-26T05:26:02.164+0800: 1022113.862: [GC (Allocation Failure) [PSYoungGen: 510880K->4544K(513536K)] 828078K->328230K(1037824K), 0.0288299 secs] [Times: user=0.03 sys=0.03, real=0.03 secs] 
2021-05-26T05:32:13.867+0800: 1022485.566: [GC (Allocation Failure) [PSYoungGen: 507328K->10720K(507392K)] 831014K->339883K(1031680K), 0.0247074 secs] [Times: user=0.04 sys=0.03, real=0.03 secs] 
2021-05-26T05:38:28.310+0800: 1022860.008: [GC (Allocation Failure) [PSYoungGen: 507360K->10144K(506880K)] 836523K->349087K(1031168K), 0.0263169 secs] [Times: user=0.04 sys=0.04, real=0.03 secs] 
2021-05-26T05:44:43.981+0800: 1023235.680: [GC (Allocation Failure) [PSYoungGen: 506784K->9216K(509952K)] 845727K->357072K(1034240K), 0.0292831 secs] [Times: user=0.04 sys=0.05, real=0.03 secs] 
2021-05-26T05:50:50.687+0800: 1023602.385: [GC (Allocation Failure) [PSYoungGen: 504832K->13408K(509440K)] 852688K->368845K(1033728K), 0.0250271 secs] [Times: user=0.04 sys=0.04, real=0.03 secs] 
2021-05-26T05:57:08.565+0800: 1023980.263: [GC (Allocation Failure) [PSYoungGen: 509022K->9632K(508416K)] 864460K->376077K(1032704K), 0.0260826 secs] [Times: user=0.04 sys=0.04, real=0.02 secs] 
2021-05-26T06:03:18.137+0800: 1024349.835: [GC (Allocation Failure) [PSYoungGen: 503200K->10688K(508928K)] 869645K->384879K(1033216K), 0.0267549 secs] [Times: user=0.03 sys=0.04, real=0.03 secs] 
2021-05-26T06:09:35.712+0800: 1024727.410: [GC (Allocation Failure) [PSYoungGen: 504256K->7264K(509440K)] 878447K->388504K(1033728K), 0.0281958 secs] [Times: user=0.04 sys=0.04, real=0.03 secs] 
2021-05-26T06:15:50.587+0800: 1025102.285: [GC (Allocation Failure) [PSYoungGen: 501344K->3296K(508928K)] 882584K->389882K(1033216K), 0.0217283 secs] [Times: user=0.02 sys=0.03, real=0.02 secs] 
2021-05-26T06:22:07.248+0800: 1025478.946: [GC (Allocation Failure) [PSYoungGen: 497376K->5184K(508928K)] 883962K->393505K(1033216K), 0.0209575 secs] [Times: user=0.02 sys=0.03, real=0.02 secs] 
2021-05-26T06:28:21.486+0800: 1025853.184: [GC (Allocation Failure) [PSYoungGen: 498752K->3040K(508928K)] 887073K->395277K(1033216K), 0.0205385 secs] [Times: user=0.02 sys=0.03, real=0.02 secs] 
2021-05-26T06:34:33.752+0800: 1026225.450: [GC (Allocation Failure) [PSYoungGen: 496608K->4576K(509440K)] 888845K->398324K(1033728K), 0.0655109 secs] [Times: user=0.03 sys=0.04, real=0.07 secs] 
2021-05-26T06:40:46.374+0800: 1026598.072: [GC (Allocation Failure) [PSYoungGen: 498656K->9472K(508928K)] 892404K->406155K(1033216K), 0.0232135 secs] [Times: user=0.03 sys=0.03, real=0.02 secs] 
2021-05-26T06:47:04.098+0800: 1026975.796: [GC (Allocation Failure) [PSYoungGen: 503544K->4800K(509440K)] 900227K->409475K(1033728K), 0.0264396 secs] [Times: user=0.04 sys=0.03, real=0.03 secs] 
2021-05-26T06:53:20.793+0800: 1027352.492: [GC (Allocation Failure) [PSYoungGen: 498880K->6080K(508928K)] 903555K->414208K(1033216K), 0.0218654 secs] [Times: user=0.03 sys=0.03, real=0.02 secs] 
2021-05-26T06:59:36.381+0800: 1027728.080: [GC (Allocation Failure) [PSYoungGen: 500160K->9504K(509952K)] 908288K->422198K(1034240K), 0.0234430 secs] [Times: user=0.03 sys=0.04, real=0.03 secs] 
2021-05-26T07:05:42.128+0800: 1028093.827: [GC (Allocation Failure) [PSYoungGen: 505120K->10048K(505856K)] 917814K->429298K(1030144K), 0.0244381 secs] [Times: user=0.03 sys=0.03, real=0.03 secs] 
2021-05-26T07:11:53.139+0800: 1028464.837: [GC (Allocation Failure) [PSYoungGen: 505664K->5568K(509952K)] 924914K->433081K(1034240K), 0.0252679 secs] [Times: user=0.07 sys=0.00, real=0.03 secs] 
2021-05-26T07:17:59.331+0800: 1028831.030: [GC (Allocation Failure) [PSYoungGen: 500672K->6056K(509440K)] 928185K->437063K(1033728K), 0.0399276 secs] [Times: user=0.04 sys=0.03, real=0.04 secs] 
2021-05-26T07:24:09.570+0800: 1029201.268: [GC (Allocation Failure) [PSYoungGen: 501160K->4832K(510464K)] 932167K->440402K(1034752K), 0.0284369 secs] [Times: user=0.02 sys=0.02, real=0.03 secs] 
2021-05-26T07:30:33.438+0800: 1029585.136: [GC (Allocation Failure) [PSYoungGen: 501472K->4256K(510464K)] 937042K->443232K(1034752K), 0.0209911 secs] [Times: user=0.03 sys=0.03, real=0.02 secs] 
2021-05-26T07:36:40.150+0800: 1029951.848: [GC (Allocation Failure) [PSYoungGen: 500896K->5504K(510976K)] 939872K->447237K(1035264K), 0.0222814 secs] [Times: user=0.03 sys=0.03, real=0.03 secs] 
2021-05-26T07:42:54.637+0800: 1030326.335: [GC (Allocation Failure) [PSYoungGen: 503168K->5600K(510976K)] 944901K->451298K(1035264K), 0.0206389 secs] [Times: user=0.03 sys=0.03, real=0.02 secs] 
2021-05-26T07:49:09.799+0800: 1030701.498: [GC (Allocation Failure) [PSYoungGen: 503264K->5376K(512000K)] 948962K->455279K(1036288K), 0.0354721 secs] [Times: user=0.03 sys=0.04, real=0.04 secs] 
2021-05-26T07:55:29.938+0800: 1031081.636: [GC (Allocation Failure) [PSYoungGen: 504576K->4192K(511488K)] 954479K->458075K(1035776K), 0.0194788 secs] [Times: user=0.03 sys=0.03, real=0.02 secs] 
2021-05-26T08:01:40.790+0800: 1031452.488: [GC (Allocation Failure) [PSYoungGen: 503392K->8864K(512000K)] 957275K->465474K(1036288K), 0.0254259 secs] [Times: user=0.03 sys=0.03, real=0.03 secs] 
2021-05-26T08:07:53.410+0800: 1031825.108: [GC (Allocation Failure) [PSYoungGen: 508576K->9664K(509440K)] 965186K->473430K(1033728K), 0.0263900 secs] [Times: user=0.04 sys=0.04, real=0.03 secs] 
2021-05-26T08:14:10.147+0800: 1032201.845: [GC (Allocation Failure) [PSYoungGen: 509376K->9024K(510976K)] 973142K->479928K(1035264K), 0.0255590 secs] [Times: user=0.07 sys=0.00, real=0.03 secs] 
2021-05-26T08:20:15.394+0800: 1032567.092: [GC (Allocation Failure) [PSYoungGen: 506688K->10272K(508416K)] 977592K->488019K(1032704K), 0.0258555 secs] [Times: user=0.04 sys=0.04, real=0.02 secs] 
2021-05-26T08:26:23.479+0800: 1032935.177: [GC (Allocation Failure) [PSYoungGen: 507936K->8704K(510464K)] 985683K->495170K(1034752K), 0.0251747 secs] [Times: user=0.08 sys=0.00, real=0.03 secs] 
2021-05-26T08:32:32.992+0800: 1033304.690: [GC (Allocation Failure) [PSYoungGen: 505344K->9024K(510464K)] 991810K->502085K(1034752K), 0.0301632 secs] [Times: user=0.03 sys=0.05, real=0.03 secs] 
2021-05-26T08:38:46.946+0800: 1033678.644: [GC (Allocation Failure) [PSYoungGen: 505664K->5824K(510976K)] 998725K->506582K(1035264K), 0.0220690 secs] [Times: user=0.03 sys=0.04, real=0.02 secs] 
2021-05-26T08:44:53.829+0800: 1034045.527: [GC (Allocation Failure) [PSYoungGen: 502976K->11648K(508928K)] 1003734K->516733K(1033216K), 0.0228896 secs] [Times: user=0.03 sys=0.04, real=0.02 secs] 
2021-05-26T08:50:59.276+0800: 1034410.974: [GC (Allocation Failure) [PSYoungGen: 508800K->6208K(509952K)] 1013885K->520107K(1034240K), 0.0275871 secs] [Times: user=0.03 sys=0.04, real=0.03 secs] 
2021-05-26T08:50:59.304+0800: 1034411.002: [Full GC (Ergonomics) [PSYoungGen: 6208K->0K(509952K)] [ParOldGen: 513899K->286772K(524288K)] 520107K->286772K(1034240K), [Metaspace: 95823K->95823K(1136640K)], 0.4717281 secs] [Times: user=1.06 sys=0.00, real=0.47 secs] 
2021-05-26T08:57:09.543+0800: 1034781.242: [GC (Allocation Failure) [PSYoungGen: 495616K->5728K(509952K)] 782388K->292500K(1034240K), 0.0208411 secs] [Times: user=0.03 sys=0.03, real=0.02 secs] 
2021-05-26T09:03:20.807+0800: 1035152.506: [GC (Allocation Failure) [PSYoungGen: 501344K->6880K(510976K)] 788116K->297705K(1035264K), 0.0232881 secs] [Times: user=0.03 sys=0.04, real=0.02 secs] 
2021-05-26T09:09:31.232+0800: 1035522.930: [GC (Allocation Failure) [PSYoungGen: 504032K->6464K(510464K)] 794857K->302397K(1034752K), 0.0255552 secs] [Times: user=0.04 sys=0.03, real=0.03 secs] 
2021-05-26T09:15:42.592+0800: 1035894.290: [GC (Allocation Failure) [PSYoungGen: 503616K->9728K(510464K)] 799549K->310041K(1034752K), 0.0216890 secs] [Times: user=0.03 sys=0.03, real=0.03 secs] 
2021-05-26T09:21:57.694+0800: 1036269.393: [GC (Allocation Failure) [PSYoungGen: 507389K->3104K(510976K)] 807702K->311559K(1035264K), 0.0221394 secs] [Times: user=0.03 sys=0.03, real=0.02 secs] 
2021-05-26T09:28:10.140+0800: 1036641.838: [GC (Allocation Failure) [PSYoungGen: 500768K->5376K(510976K)] 809223K->315327K(1035264K), 0.0211426 secs] [Times: user=0.03 sys=0.04, real=0.02 secs] 
2021-05-26T09:34:23.883+0800: 1037015.582: [GC (Allocation Failure) [PSYoungGen: 503040K->6624K(510976K)] 812991K->320579K(1035264K), 0.0404368 secs] [Times: user=0.03 sys=0.04, real=0.04 secs] 
2021-05-26T09:40:37.443+0800: 1037389.141: [GC (Allocation Failure) [PSYoungGen: 504288K->6016K(512000K)] 818243K->324623K(1036288K), 0.0253621 secs] [Times: user=0.04 sys=0.04, real=0.02 secs] 
2021-05-26T09:46:50.740+0800: 1037762.439: [GC (Allocation Failure) [PSYoungGen: 505216K->7392K(511488K)] 823823K->330620K(1035776K), 0.0243931 secs] [Times: user=0.03 sys=0.03, real=0.03 secs] 
2021-05-26T09:52:59.575+0800: 1038131.274: [GC (Allocation Failure) [PSYoungGen: 506592K->5472K(512512K)] 829820K->334383K(1036800K), 0.0292428 secs] [Times: user=0.04 sys=0.04, real=0.03 secs] 
2021-05-26T09:59:06.483+0800: 1038498.182: [GC (Allocation Failure) [PSYoungGen: 506208K->6912K(512512K)] 835119K->339996K(1036800K), 0.0315382 secs] [Times: user=0.03 sys=0.03, real=0.03 secs] 
2021-05-26T10:05:21.866+0800: 1038873.565: [GC (Allocation Failure) [PSYoungGen: 507648K->9568K(512000K)] 840732K->348001K(1036288K), 0.0297558 secs] [Times: user=0.04 sys=0.04, real=0.03 secs] 
2021-05-26T10:11:31.962+0800: 1039243.660: [GC (Allocation Failure) [PSYoungGen: 510304K->6560K(512512K)] 848737K->352931K(1036800K), 0.0271259 secs] [Times: user=0.04 sys=0.04, real=0.03 secs] 
2021-05-26T10:17:46.562+0800: 1039618.261: [GC (Allocation Failure) [PSYoungGen: 507296K->8448K(512512K)] 853667K->359351K(1036800K), 0.0242199 secs] [Times: user=0.03 sys=0.03, real=0.02 secs] 
2021-05-26T10:23:57.207+0800: 1039988.905: [GC (Allocation Failure) [PSYoungGen: 509184K->6848K(512512K)] 860087K->364561K(1036800K), 0.0271929 secs] [Times: user=0.03 sys=0.03, real=0.03 secs] 
2021-05-26T10:30:10.858+0800: 1040362.556: [GC (Allocation Failure) [PSYoungGen: 507584K->6432K(513536K)] 865297K->369732K(1037824K), 0.0226084 secs] [Times: user=0.04 sys=0.04, real=0.02 secs] 
2021-05-26T10:36:23.538+0800: 1040735.237: [GC (Allocation Failure) [PSYoungGen: 508704K->6592K(513024K)] 872004K->375048K(1037312K), 0.0321141 secs] [Times: user=0.08 sys=0.00, real=0.03 secs] 
2021-05-26T10:42:45.331+0800: 1041117.030: [GC (Allocation Failure) [PSYoungGen: 508864K->5312K(513536K)] 877320K->378660K(1037824K), 0.0336734 secs] [Times: user=0.07 sys=0.00, real=0.04 secs] 
2021-05-26T10:49:02.253+0800: 1041493.951: [GC (Allocation Failure) [PSYoungGen: 508096K->7264K(513536K)] 881444K->384393K(1037824K), 0.0260397 secs] [Times: user=0.07 sys=0.00, real=0.02 secs] 
2021-05-26T10:55:18.121+0800: 1041869.819: [GC (Allocation Failure) [PSYoungGen: 510048K->4000K(513024K)] 887177K->387003K(1037312K), 0.0243313 secs] [Times: user=0.03 sys=0.04, real=0.03 secs] 
2021-05-26T11:01:32.726+0800: 1042244.424: [GC (Allocation Failure) [PSYoungGen: 506784K->7840K(513536K)] 889787K->393330K(1037824K), 0.0202912 secs] [Times: user=0.04 sys=0.03, real=0.02 secs] 
2021-05-26T11:07:55.997+0800: 1042627.695: [GC (Allocation Failure) [PSYoungGen: 510624K->4960K(513536K)] 896114K->396868K(1037824K), 0.0272261 secs] [Times: user=0.04 sys=0.03, real=0.03 secs] 
2021-05-26T11:14:12.738+0800: 1043004.436: [GC (Allocation Failure) [PSYoungGen: 507744K->6976K(513536K)] 899652K->402002K(1037824K), 0.0382262 secs] [Times: user=0.03 sys=0.03, real=0.04 secs] 
2021-05-26T11:20:18.567+0800: 1043370.265: [GC (Allocation Failure) [PSYoungGen: 509760K->7840K(513024K)] 904786K->408349K(1037312K), 0.0291668 secs] [Times: user=0.03 sys=0.05, real=0.03 secs] 
2021-05-26T11:26:27.797+0800: 1043739.495: [GC (Allocation Failure) [PSYoungGen: 510624K->10752K(513536K)] 911133K->420987K(1037824K), 0.0220149 secs] [Times: user=0.04 sys=0.03, real=0.02 secs] 
2021-05-26T11:32:45.443+0800: 1044117.141: [GC (Allocation Failure) [PSYoungGen: 513536K->5536K(505344K)] 923771K->426248K(1029632K), 0.0294040 secs] [Times: user=0.05 sys=0.04, real=0.03 secs] 
2021-05-26T11:39:05.662+0800: 1044497.360: [GC (Allocation Failure) [PSYoungGen: 500128K->10144K(504832K)] 920840K->434549K(1029120K), 0.0310572 secs] [Times: user=0.04 sys=0.04, real=0.04 secs] 
2021-05-26T11:45:17.852+0800: 1044869.550: [GC (Allocation Failure) [PSYoungGen: 504736K->5632K(509440K)] 929141K->437159K(1033728K), 0.0275682 secs] [Times: user=0.03 sys=0.04, real=0.03 secs] 
2021-05-26T11:51:26.590+0800: 1045238.288: [GC (Allocation Failure) [PSYoungGen: 499712K->9920K(508928K)] 931239K->445165K(1033216K), 0.0262234 secs] [Times: user=0.08 sys=0.00, real=0.03 secs] 
2021-05-26T11:57:35.401+0800: 1045607.100: [GC (Allocation Failure) [PSYoungGen: 504000K->7488K(509952K)] 939245K->450926K(1034240K), 0.0261462 secs] [Times: user=0.08 sys=0.00, real=0.03 secs] 
2021-05-26T12:03:44.678+0800: 1045976.376: [GC (Allocation Failure) [PSYoungGen: 502592K->7136K(509440K)] 946030K->456385K(1033728K), 0.0278895 secs] [Times: user=0.04 sys=0.04, real=0.03 secs] 
2021-05-26T12:09:49.260+0800: 1046340.958: [GC (Allocation Failure) [PSYoungGen: 502240K->8256K(510976K)] 951489K->463148K(1035264K), 0.0254412 secs] [Times: user=0.04 sys=0.04, real=0.03 secs] 
2021-05-26T12:16:00.933+0800: 1046712.631: [GC (Allocation Failure) [PSYoungGen: 505408K->3072K(510464K)] 960300K->463981K(1034752K), 0.0275265 secs] [Times: user=0.03 sys=0.03, real=0.02 secs] 
2021-05-26T12:22:08.531+0800: 1047080.229: [GC (Allocation Failure) [PSYoungGen: 500224K->6688K(510976K)] 961133K->469124K(1035264K), 0.0219748 secs] [Times: user=0.03 sys=0.03, real=0.03 secs] 
2021-05-26T12:28:17.831+0800: 1047449.529: [GC (Allocation Failure) [PSYoungGen: 503840K->7456K(510464K)] 966276K->474736K(1034752K), 0.0234648 secs] [Times: user=0.04 sys=0.03, real=0.03 secs] 
2021-05-26T12:34:29.922+0800: 1047821.620: [GC (Allocation Failure) [PSYoungGen: 504608K->5440K(511488K)] 971888K->478299K(1035776K), 0.0230416 secs] [Times: user=0.03 sys=0.04, real=0.03 secs] 
2021-05-26T12:40:41.592+0800: 1048193.291: [GC (Allocation Failure) [PSYoungGen: 504128K->8416K(511488K)] 976987K->485216K(1035776K), 0.0287192 secs] [Times: user=0.04 sys=0.04, real=0.02 secs] 
2021-05-26T12:46:49.178+0800: 1048560.876: [GC (Allocation Failure) [PSYoungGen: 507104K->7808K(512000K)] 983904K->490915K(1036288K), 0.0270237 secs] [Times: user=0.04 sys=0.04, real=0.03 secs] 
2021-05-26T12:53:07.465+0800: 1048939.163: [GC (Allocation Failure) [PSYoungGen: 507520K->4512K(512000K)] 990627K->494021K(1036288K), 0.0262445 secs] [Times: user=0.03 sys=0.04, real=0.02 secs] 
2021-05-26T12:59:18.441+0800: 1049310.140: [GC (Allocation Failure) [PSYoungGen: 504224K->8576K(512000K)] 993733K->501091K(1036288K), 0.0517130 secs] [Times: user=0.03 sys=0.04, real=0.06 secs] 
2021-05-26T13:05:22.854+0800: 1049674.553: [GC (Allocation Failure) [PSYoungGen: 508288K->8512K(512000K)] 1000803K->507790K(1036288K), 0.0301211 secs] [Times: user=0.07 sys=0.00, real=0.03 secs] 
2021-05-26T13:11:31.783+0800: 1050043.481: [GC (Allocation Failure) [PSYoungGen: 508224K->7424K(512512K)] 1007502K->513256K(1036800K), 0.0335096 secs] [Times: user=0.05 sys=0.06, real=0.03 secs] 
2021-05-26T13:17:36.343+0800: 1050408.041: [GC (Allocation Failure) [PSYoungGen: 507648K->8872K(512000K)] 1013480K->520180K(1036288K), 0.0318728 secs] [Times: user=0.09 sys=0.00, real=0.03 secs] 
2021-05-26T13:23:42.974+0800: 1050774.672: [GC (Allocation Failure) [PSYoungGen: 509096K->10528K(510464K)] 1020404K->528114K(1034752K), 0.0255779 secs] [Times: user=0.04 sys=0.04, real=0.02 secs] 
2021-05-26T13:23:43.000+0800: 1050774.698: [Full GC (Ergonomics) [PSYoungGen: 10528K->0K(510464K)] [ParOldGen: 517586K->290686K(524288K)] 528114K->290686K(1034752K), [Metaspace: 95824K->95820K(1136640K)], 0.5015525 secs] [Times: user=1.04 sys=0.00, real=0.50 secs] 
2021-05-26T13:29:58.130+0800: 1051149.828: [GC (Allocation Failure) [PSYoungGen: 498688K->6720K(511488K)] 789374K->297406K(1035776K), 0.0189292 secs] [Times: user=0.03 sys=0.03, real=0.02 secs] 
2021-05-26T13:36:13.551+0800: 1051525.249: [GC (Allocation Failure) [PSYoungGen: 505408K->4576K(512000K)] 796094K->300785K(1036288K), 0.0205824 secs] [Times: user=0.04 sys=0.03, real=0.02 secs] 
2021-05-26T13:42:26.554+0800: 1051898.252: [GC (Allocation Failure) [PSYoungGen: 504288K->8608K(512000K)] 800497K->308046K(1036288K), 0.0243384 secs] [Times: user=0.04 sys=0.03, real=0.02 secs] 
2021-05-26T13:48:46.209+0800: 1052277.907: [GC (Allocation Failure) [PSYoungGen: 508320K->4416K(512000K)] 807758K->311254K(1036288K), 0.0224539 secs] [Times: user=0.03 sys=0.04, real=0.02 secs] 
2021-05-26T13:55:03.797+0800: 1052655.496: [GC (Allocation Failure) [PSYoungGen: 504128K->4416K(512000K)] 810966K->314244K(1036288K), 0.0207435 secs] [Times: user=0.02 sys=0.04, real=0.02 secs] 
2021-05-26T14:01:23.285+0800: 1053034.983: [GC (Allocation Failure) [PSYoungGen: 504128K->6656K(512512K)] 813956K->319490K(1036800K), 0.0249689 secs] [Times: user=0.03 sys=0.03, real=0.02 secs] 
2021-05-26T14:07:32.987+0800: 1053404.686: [GC (Allocation Failure) [PSYoungGen: 506880K->8768K(512000K)] 819714K->326326K(1036288K), 0.0230678 secs] [Times: user=0.03 sys=0.03, real=0.02 secs] 
2021-05-26T14:13:47.484+0800: 1053779.182: [GC (Allocation Failure) [PSYoungGen: 508992K->6368K(512512K)] 826550K->330920K(1036800K), 0.0248419 secs] [Times: user=0.04 sys=0.04, real=0.02 secs] 
2021-05-26T14:19:59.127+0800: 1054150.826: [GC (Allocation Failure) [PSYoungGen: 506592K->8288K(512000K)] 831144K->337556K(1036288K), 0.0231451 secs] [Times: user=0.03 sys=0.04, real=0.02 secs] 
2021-05-26T14:26:09.948+0800: 1054521.646: [GC (Allocation Failure) [PSYoungGen: 508512K->7008K(513024K)] 837780K->343206K(1037312K), 0.0251071 secs] [Times: user=0.07 sys=0.00, real=0.03 secs] 
2021-05-26T14:32:21.166+0800: 1054892.865: [GC (Allocation Failure) [PSYoungGen: 508256K->7680K(512512K)] 844454K->349194K(1036800K), 0.0196654 secs] [Times: user=0.03 sys=0.03, real=0.02 secs] 
2021-05-26T14:38:33.872+0800: 1055265.570: [GC (Allocation Failure) [PSYoungGen: 508928K->6336K(513536K)] 850442K->352694K(1037824K), 0.0214359 secs] [Times: user=0.03 sys=0.03, real=0.03 secs] 
2021-05-26T14:44:48.663+0800: 1055640.361: [GC (Allocation Failure) [PSYoungGen: 508608K->4768K(513024K)] 854966K->355810K(1037312K), 0.0252235 secs] [Times: user=0.04 sys=0.03, real=0.02 secs] 
2021-05-26T14:51:05.749+0800: 1056017.447: [GC (Allocation Failure) [PSYoungGen: 507040K->7840K(513536K)] 858082K->362096K(1037824K), 0.0330143 secs] [Times: user=0.07 sys=0.00, real=0.03 secs] 
2021-05-26T14:57:19.933+0800: 1056391.631: [GC (Allocation Failure) [PSYoungGen: 510112K->8768K(513024K)] 864368K->368475K(1037312K), 0.0273169 secs] [Times: user=0.04 sys=0.05, real=0.02 secs] 
2021-05-26T15:03:32.269+0800: 1056763.968: [GC (Allocation Failure) [PSYoungGen: 511040K->4704K(513024K)] 870747K->371237K(1037312K), 0.0319055 secs] [Times: user=0.09 sys=0.00, real=0.03 secs] 
2021-05-26T15:09:37.759+0800: 1057129.457: [GC (Allocation Failure) [PSYoungGen: 506464K->5344K(513024K)] 872997K->375091K(1037312K), 0.0245500 secs] [Times: user=0.03 sys=0.04, real=0.03 secs] 
2021-05-26T15:15:53.947+0800: 1057505.645: [GC (Allocation Failure) [PSYoungGen: 507104K->5984K(513536K)] 876851K->379128K(1037824K), 0.0201726 secs] [Times: user=0.02 sys=0.04, real=0.02 secs] 
2021-05-26T15:22:05.646+0800: 1057877.344: [GC (Allocation Failure) [PSYoungGen: 508256K->6624K(513024K)] 881400K->384133K(1037312K), 0.0204887 secs] [Times: user=0.03 sys=0.03, real=0.02 secs] 
2021-05-26T15:28:16.918+0800: 1058248.617: [GC (Allocation Failure) [PSYoungGen: 508896K->8384K(513024K)] 886405K->390769K(1037312K), 0.0314254 secs] [Times: user=0.05 sys=0.05, real=0.03 secs] 
2021-05-26T15:34:30.942+0800: 1058622.640: [GC (Allocation Failure) [PSYoungGen: 511168K->10720K(513536K)] 893553K->400014K(1037824K), 0.0261631 secs] [Times: user=0.08 sys=0.00, real=0.02 secs] 
2021-05-26T15:40:40.848+0800: 1058992.546: [GC (Allocation Failure) [PSYoungGen: 513504K->7552K(507392K)] 902798K->405735K(1031680K), 0.0261015 secs] [Times: user=0.04 sys=0.04, real=0.03 secs] 
2021-05-26T15:46:50.494+0800: 1059362.192: [GC (Allocation Failure) [PSYoungGen: 504192K->8928K(510464K)] 902375K->412907K(1034752K), 0.0322407 secs] [Times: user=0.04 sys=0.04, real=0.03 secs] 
2021-05-26T15:52:59.543+0800: 1059731.241: [GC (Allocation Failure) [PSYoungGen: 505568K->6400K(510976K)] 909547K->417493K(1035264K), 0.0299693 secs] [Times: user=0.04 sys=0.05, real=0.03 secs] 
2021-05-26T15:59:10.172+0800: 1060101.871: [GC (Allocation Failure) [PSYoungGen: 503552K->7008K(510464K)] 914645K->422569K(1034752K), 0.0246758 secs] [Times: user=0.03 sys=0.03, real=0.02 secs] 
2021-05-26T16:05:19.194+0800: 1060470.892: [GC (Allocation Failure) [PSYoungGen: 504160K->6176K(511488K)] 919721K->427093K(1035776K), 0.0235221 secs] [Times: user=0.03 sys=0.04, real=0.02 secs] 
2021-05-26T16:11:24.980+0800: 1060836.679: [GC (Allocation Failure) [PSYoungGen: 504864K->7424K(511488K)] 925781K->432969K(1035776K), 0.0270821 secs] [Times: user=0.04 sys=0.03, real=0.03 secs] 
2021-05-26T16:17:33.761+0800: 1061205.459: [GC (Allocation Failure) [PSYoungGen: 506112K->5472K(512000K)] 931657K->436292K(1036288K), 0.0240506 secs] [Times: user=0.03 sys=0.04, real=0.03 secs] 
2021-05-26T16:23:48.904+0800: 1061580.602: [GC (Allocation Failure) [PSYoungGen: 505184K->8448K(512000K)] 936004K->443138K(1036288K), 0.0451003 secs] [Times: user=0.02 sys=0.03, real=0.04 secs] 
2021-05-26T16:29:59.094+0800: 1061950.792: [GC (Allocation Failure) [PSYoungGen: 508160K->5568K(512512K)] 942850K->447347K(1036800K), 0.0253885 secs] [Times: user=0.04 sys=0.03, real=0.02 secs] 
2021-05-26T16:36:09.533+0800: 1062321.231: [GC (Allocation Failure) [PSYoungGen: 505792K->6400K(512000K)] 947571K->452095K(1036288K), 0.0222470 secs] [Times: user=0.07 sys=0.00, real=0.02 secs] 
2021-05-26T16:42:21.470+0800: 1062693.168: [GC (Allocation Failure) [PSYoungGen: 506624K->7776K(513024K)] 952319K->458307K(1037312K), 0.0246163 secs] [Times: user=0.06 sys=0.00, real=0.03 secs] 
2021-05-26T16:48:35.760+0800: 1063067.458: [GC (Allocation Failure) [PSYoungGen: 509024K->4864K(512512K)] 959555K->460838K(1036800K), 0.0253398 secs] [Times: user=0.03 sys=0.04, real=0.03 secs] 
2021-05-26T16:54:57.721+0800: 1063449.420: [GC (Allocation Failure) [PSYoungGen: 506112K->8256K(512512K)] 962086K->467660K(1036800K), 0.0249751 secs] [Times: user=0.03 sys=0.03, real=0.03 secs] 
2021-05-26T17:01:05.696+0800: 1063817.394: [GC (Allocation Failure) [PSYoungGen: 508992K->9216K(512512K)] 968396K->473815K(1036800K), 0.0330090 secs] [Times: user=0.04 sys=0.04, real=0.03 secs] 
2021-05-26T17:07:22.022+0800: 1064193.720: [GC (Allocation Failure) [PSYoungGen: 509952K->6816K(512512K)] 974551K->478489K(1036800K), 0.0304090 secs] [Times: user=0.05 sys=0.04, real=0.04 secs] 
2021-05-26T17:13:29.879+0800: 1064561.578: [GC (Allocation Failure) [PSYoungGen: 507551K->7328K(512512K)] 979225K->483158K(1036800K), 0.0253266 secs] [Times: user=0.03 sys=0.04, real=0.03 secs] 
2021-05-26T17:19:44.695+0800: 1064936.393: [GC (Allocation Failure) [PSYoungGen: 508064K->8096K(513024K)] 983894K->489248K(1037312K), 0.0280865 secs] [Times: user=0.03 sys=0.04, real=0.03 secs] 
2021-05-26T17:25:56.446+0800: 1065308.145: [GC (Allocation Failure) [PSYoungGen: 509856K->5792K(513024K)] 991008K->493003K(1037312K), 0.0433967 secs] [Times: user=0.09 sys=0.00, real=0.04 secs] 
2021-05-26T17:31:57.083+0800: 1065668.781: [GC (Allocation Failure) [PSYoungGen: 507552K->8576K(513024K)] 994763K->500183K(1037312K), 0.0330189 secs] [Times: user=0.04 sys=0.04, real=0.03 secs] 
2021-05-26T17:38:07.779+0800: 1066039.477: [GC (Allocation Failure) [PSYoungGen: 510336K->6464K(513024K)] 1001943K->504625K(1037312K), 0.0313545 secs] [Times: user=0.04 sys=0.04, real=0.03 secs] 
2021-05-26T17:44:16.280+0800: 1066407.978: [GC (Allocation Failure) [PSYoungGen: 508224K->6592K(513536K)] 1006385K->509413K(1037824K), 0.0247483 secs] [Times: user=0.04 sys=0.04, real=0.03 secs] 
2021-05-26T17:50:31.879+0800: 1066783.577: [GC (Allocation Failure) [PSYoungGen: 509376K->5888K(513536K)] 1012197K->513370K(1037824K), 0.0287658 secs] [Times: user=0.03 sys=0.03, real=0.03 secs] 
2021-05-26T17:56:42.545+0800: 1067154.244: [GC (Allocation Failure) [PSYoungGen: 508672K->9312K(512512K)] 1016154K->520928K(1036800K), 0.0314431 secs] [Times: user=0.03 sys=0.04, real=0.03 secs] 
2021-05-26T18:02:59.894+0800: 1067531.592: [GC (Allocation Failure) [PSYoungGen: 511072K->7040K(513024K)] 1022688K->526200K(1037312K), 0.0234108 secs] [Times: user=0.03 sys=0.03, real=0.02 secs] 
2021-05-26T18:02:59.918+0800: 1067531.616: [Full GC (Ergonomics) [PSYoungGen: 7040K->0K(513024K)] [ParOldGen: 519160K->280557K(524288K)] 526200K->280557K(1037312K), [Metaspace: 95820K->95816K(1136640K)], 0.5302245 secs] [Times: user=1.11 sys=0.00, real=0.53 secs] 
2021-05-26T18:09:14.966+0800: 1067906.664: [GC (Allocation Failure) [PSYoungGen: 501760K->10720K(510464K)] 782317K->292125K(1034752K), 0.0265463 secs] [Times: user=0.03 sys=0.04, real=0.03 secs] 
2021-05-26T18:15:17.098+0800: 1068268.797: [GC (Allocation Failure) [PSYoungGen: 510432K->9696K(512000K)] 791837K->299230K(1036288K), 0.0392388 secs] [Times: user=0.04 sys=0.03, real=0.04 secs] 
2021-05-26T18:21:33.080+0800: 1068644.778: [GC (Allocation Failure) [PSYoungGen: 509408K->9664K(510976K)] 798942K->307168K(1035264K), 0.0239682 secs] [Times: user=0.04 sys=0.03, real=0.03 secs] 
2021-05-26T18:27:43.829+0800: 1069015.527: [GC (Allocation Failure) [PSYoungGen: 508352K->9600K(511488K)] 805856K->313883K(1035776K), 0.0264214 secs] [Times: user=0.07 sys=0.00, real=0.03 secs] 
2021-05-26T18:33:57.920+0800: 1069389.618: [GC (Allocation Failure) [PSYoungGen: 508288K->5312K(511488K)] 812571K->317634K(1035776K), 0.0262547 secs] [Times: user=0.04 sys=0.04, real=0.03 secs] 
2021-05-26T18:40:05.990+0800: 1069757.688: [GC (Allocation Failure) [PSYoungGen: 504000K->5088K(511488K)] 816322K->321351K(1035776K), 0.0231456 secs] [Times: user=0.03 sys=0.03, real=0.03 secs] 
2021-05-26T18:46:22.554+0800: 1070134.252: [GC (Allocation Failure) [PSYoungGen: 503776K->7776K(512000K)] 820039K->327021K(1036288K), 0.0537834 secs] [Times: user=0.04 sys=0.04, real=0.05 secs] 
2021-05-26T18:52:28.355+0800: 1070500.054: [GC (Allocation Failure) [PSYoungGen: 506976K->7552K(511488K)] 826221K->332296K(1035776K), 0.0256827 secs] [Times: user=0.04 sys=0.04, real=0.02 secs] 
2021-05-26T18:58:36.799+0800: 1070868.498: [GC (Allocation Failure) [PSYoungGen: 506752K->8416K(512512K)] 831496K->338747K(1036800K), 0.0698965 secs] [Times: user=0.03 sys=0.03, real=0.07 secs] 
2021-05-26T19:04:47.385+0800: 1071239.084: [GC (Allocation Failure) [PSYoungGen: 509152K->8000K(512512K)] 839483K->344622K(1036800K), 0.0269780 secs] [Times: user=0.04 sys=0.03, real=0.03 secs] 
2021-05-26T19:11:03.942+0800: 1071615.640: [GC (Allocation Failure) [PSYoungGen: 508736K->5600K(512512K)] 845358K->348799K(1036800K), 0.0241507 secs] [Times: user=0.07 sys=0.00, real=0.03 secs] 
2021-05-26T19:17:21.016+0800: 1071992.714: [GC (Allocation Failure) [PSYoungGen: 506336K->5408K(512512K)] 849535K->352053K(1036800K), 0.0205584 secs] [Times: user=0.02 sys=0.04, real=0.02 secs] 
2021-05-26T19:23:34.921+0800: 1072366.619: [GC (Allocation Failure) [PSYoungGen: 506144K->4360K(512512K)] 852789K->354817K(1036800K), 0.0202287 secs] [Times: user=0.03 sys=0.03, real=0.02 secs] 
2021-05-26T19:29:54.658+0800: 1072746.356: [GC (Allocation Failure) [PSYoungGen: 505096K->4416K(512512K)] 855553K->357687K(1036800K), 0.0208518 secs] [Times: user=0.03 sys=0.04, real=0.02 secs] 
2021-05-26T19:36:09.088+0800: 1073120.786: [GC (Allocation Failure) [PSYoungGen: 505152K->5568K(513024K)] 858423K->361837K(1037312K), 0.0305154 secs] [Times: user=0.03 sys=0.04, real=0.03 secs] 
2021-05-26T19:42:23.981+0800: 1073495.679: [GC (Allocation Failure) [PSYoungGen: 506816K->5888K(512512K)] 863085K->366290K(1036800K), 0.0246444 secs] [Times: user=0.03 sys=0.04, real=0.03 secs] 
2021-05-26T19:48:33.070+0800: 1073864.769: [GC (Allocation Failure) [PSYoungGen: 507136K->7488K(513536K)] 867538K->372142K(1037824K), 0.0411136 secs] [Times: user=0.04 sys=0.04, real=0.04 secs] 
2021-05-26T19:54:43.265+0800: 1074234.963: [GC (Allocation Failure) [PSYoungGen: 509760K->7104K(513024K)] 874414K->377865K(1037312K), 0.0259265 secs] [Times: user=0.03 sys=0.03, real=0.02 secs] 
2021-05-26T20:01:00.167+0800: 1074611.866: [GC (Allocation Failure) [PSYoungGen: 509376K->8544K(512512K)] 880137K->384860K(1036800K), 0.0244618 secs] [Times: user=0.03 sys=0.03, real=0.03 secs] 
2021-05-26T20:07:12.933+0800: 1074984.631: [GC (Allocation Failure) [PSYoungGen: 510304K->6304K(513024K)] 886620K->389694K(1037312K), 0.0236394 secs] [Times: user=0.04 sys=0.04, real=0.02 secs] 
2021-05-26T20:13:28.486+0800: 1075360.184: [GC (Allocation Failure) [PSYoungGen: 508064K->6368K(514048K)] 891454K->393860K(1038336K), 0.0235032 secs] [Times: user=0.04 sys=0.03, real=0.02 secs] 
2021-05-26T20:19:44.995+0800: 1075736.693: [GC (Allocation Failure) [PSYoungGen: 509664K->5376K(513536K)] 897156K->397591K(1037824K), 0.0251964 secs] [Times: user=0.03 sys=0.04, real=0.02 secs] 
2021-05-26T20:26:02.142+0800: 1076113.840: [GC (Allocation Failure) [PSYoungGen: 508672K->5088K(514048K)] 900887K->401339K(1038336K), 0.0219842 secs] [Times: user=0.03 sys=0.03, real=0.03 secs] 
2021-05-26T20:32:16.166+0800: 1076487.864: [GC (Allocation Failure) [PSYoungGen: 508896K->10208K(514048K)] 905147K->410866K(1038336K), 0.0267577 secs] [Times: user=0.08 sys=0.00, real=0.03 secs] 
2021-05-26T20:38:37.936+0800: 1076869.634: [GC (Allocation Failure) [PSYoungGen: 514016K->4768K(508928K)] 914674K->413681K(1033216K), 0.0286385 secs] [Times: user=0.04 sys=0.05, real=0.03 secs] 
2021-05-26T20:44:49.538+0800: 1077241.237: [GC (Allocation Failure) [PSYoungGen: 503448K->7936K(511488K)] 912362K->420079K(1035776K), 0.0333975 secs] [Times: user=0.04 sys=0.05, real=0.04 secs] 
2021-05-26T20:51:02.480+0800: 1077614.178: [GC (Allocation Failure) [PSYoungGen: 506624K->6624K(512000K)] 918767K->425090K(1036288K), 0.0245387 secs] [Times: user=0.04 sys=0.04, real=0.03 secs] 
2021-05-26T20:57:18.883+0800: 1077990.582: [GC (Allocation Failure) [PSYoungGen: 505824K->4352K(511488K)] 924290K->427502K(1035776K), 0.0582316 secs] [Times: user=0.04 sys=0.03, real=0.05 secs] 
2021-05-26T21:03:25.160+0800: 1078356.859: [GC (Allocation Failure) [PSYoungGen: 503552K->6848K(512512K)] 926702K->432740K(1036800K), 0.0251533 secs] [Times: user=0.04 sys=0.04, real=0.03 secs] 
2021-05-26T21:09:34.956+0800: 1078726.655: [GC (Allocation Failure) [PSYoungGen: 507072K->10016K(512000K)] 932964K->440784K(1036288K), 0.0351049 secs] [Times: user=0.04 sys=0.04, real=0.03 secs] 
2021-05-26T21:15:54.581+0800: 1079106.279: [GC (Allocation Failure) [PSYoungGen: 510240K->7104K(512512K)] 941008K->445074K(1036800K), 0.0260338 secs] [Times: user=0.04 sys=0.04, real=0.03 secs] 
2021-05-26T21:22:05.940+0800: 1079477.638: [GC (Allocation Failure) [PSYoungGen: 507328K->7360K(512000K)] 945298K->450988K(1036288K), 0.0261344 secs] [Times: user=0.04 sys=0.04, real=0.03 secs] 
2021-05-26T21:28:24.233+0800: 1079855.931: [GC (Allocation Failure) [PSYoungGen: 507584K->6208K(513024K)] 951212K->455662K(1037312K), 0.0555456 secs] [Times: user=0.03 sys=0.03, real=0.05 secs] 
2021-05-26T21:34:33.641+0800: 1080225.339: [GC (Allocation Failure) [PSYoungGen: 507456K->7232K(512512K)] 956910K->461586K(1036800K), 0.0323460 secs] [Times: user=0.07 sys=0.00, real=0.04 secs] 
2021-05-26T21:40:38.361+0800: 1080590.060: [GC (Allocation Failure) [PSYoungGen: 508480K->7968K(513536K)] 962834K->467886K(1037824K), 0.0305209 secs] [Times: user=0.07 sys=0.00, real=0.03 secs] 
2021-05-26T21:46:49.219+0800: 1080960.917: [GC (Allocation Failure) [PSYoungGen: 510752K->7392K(513536K)] 970670K->473632K(1037824K), 0.0294429 secs] [Times: user=0.03 sys=0.03, real=0.03 secs] 
2021-05-26T21:53:07.019+0800: 1081338.717: [GC (Allocation Failure) [PSYoungGen: 510176K->5952K(513536K)] 976416K->477859K(1037824K), 0.0261363 secs] [Times: user=0.08 sys=0.00, real=0.03 secs] 
2021-05-26T21:59:25.288+0800: 1081716.986: [GC (Allocation Failure) [PSYoungGen: 508736K->5216K(513536K)] 980643K->481544K(1037824K), 0.0273024 secs] [Times: user=0.03 sys=0.04, real=0.03 secs] 
2021-05-26T22:05:40.180+0800: 1082091.879: [GC (Allocation Failure) [PSYoungGen: 508000K->7072K(514048K)] 984328K->486925K(1038336K), 0.0242651 secs] [Times: user=0.03 sys=0.03, real=0.03 secs] 
2021-05-26T22:11:55.153+0800: 1082466.851: [GC (Allocation Failure) [PSYoungGen: 510368K->4768K(513536K)] 990221K->489536K(1037824K), 0.0225022 secs] [Times: user=0.04 sys=0.03, real=0.02 secs] 
2021-05-26T22:18:10.643+0800: 1082842.341: [GC (Allocation Failure) [PSYoungGen: 508064K->6976K(514048K)] 992832K->494287K(1038336K), 0.0227529 secs] [Times: user=0.03 sys=0.04, real=0.02 secs] 
2021-05-26T22:24:20.319+0800: 1083212.017: [GC (Allocation Failure) [PSYoungGen: 510784K->10208K(514048K)] 998095K->503381K(1038336K), 0.0340772 secs] [Times: user=0.04 sys=0.04, real=0.04 secs] 
2021-05-26T22:30:36.834+0800: 1083588.532: [GC (Allocation Failure) [PSYoungGen: 514016K->6848K(508928K)] 1007189K->508269K(1033216K), 0.0293385 secs] [Times: user=0.04 sys=0.04, real=0.03 secs] 
2021-05-26T22:36:50.885+0800: 1083962.583: [GC (Allocation Failure) [PSYoungGen: 505536K->6464K(511488K)] 1006957K->513032K(1035776K), 0.0236027 secs] [Times: user=0.04 sys=0.04, real=0.02 secs] 
2021-05-26T22:43:02.932+0800: 1084334.630: [GC (Allocation Failure) [PSYoungGen: 505152K->5696K(512000K)] 1011720K->517428K(1036288K), 0.0269640 secs] [Times: user=0.05 sys=0.04, real=0.03 secs] 
2021-05-26T22:49:17.026+0800: 1084708.724: [GC (Allocation Failure) [PSYoungGen: 505408K->6432K(512000K)] 1017140K->522416K(1036288K), 0.0281751 secs] [Times: user=0.04 sys=0.05, real=0.03 secs] 
2021-05-26T22:55:30.341+0800: 1085082.040: [GC (Allocation Failure) [PSYoungGen: 506144K->3840K(511488K)] 1022128K->525011K(1035776K), 0.0671124 secs] [Times: user=0.03 sys=0.03, real=0.07 secs] 
2021-05-26T22:55:30.409+0800: 1085082.107: [Full GC (Ergonomics) [PSYoungGen: 3840K->0K(511488K)] [ParOldGen: 521171K->286755K(524288K)] 525011K->286755K(1035776K), [Metaspace: 95820K->95820K(1136640K)], 0.4194492 secs] [Times: user=0.97 sys=0.00, real=0.42 secs] 
2021-05-26T23:01:48.913+0800: 1085460.611: [GC (Allocation Failure) [PSYoungGen: 499712K->5664K(512000K)] 786467K->292419K(1036288K), 0.0220665 secs] [Times: user=0.03 sys=0.03, real=0.02 secs] 
2021-05-26T23:07:56.029+0800: 1085827.728: [GC (Allocation Failure) [PSYoungGen: 505376K->11104K(510464K)] 792131K->301850K(1034752K), 0.0372933 secs] [Times: user=0.05 sys=0.04, real=0.04 secs] 
2021-05-26T23:14:11.066+0800: 1086202.764: [GC (Allocation Failure) [PSYoungGen: 509792K->7200K(511488K)] 800538K->306098K(1035776K), 0.0222648 secs] [Times: user=0.04 sys=0.03, real=0.02 secs] 
2021-05-26T23:20:20.887+0800: 1086572.585: [GC (Allocation Failure) [PSYoungGen: 505888K->7232K(512512K)] 804786K->311102K(1036800K), 0.0207644 secs] [Times: user=0.03 sys=0.03, real=0.02 secs] 
2021-05-26T23:26:36.236+0800: 1086947.934: [GC (Allocation Failure) [PSYoungGen: 507456K->3584K(512000K)] 811326K->312833K(1036288K), 0.0247571 secs] [Times: user=0.03 sys=0.03, real=0.02 secs] 
2021-05-26T23:32:43.093+0800: 1087314.791: [GC (Allocation Failure) [PSYoungGen: 503808K->10272K(510976K)] 813057K->321521K(1035264K), 0.0277822 secs] [Times: user=0.04 sys=0.04, real=0.02 secs] 
2021-05-26T23:38:56.378+0800: 1087688.076: [GC (Allocation Failure) [PSYoungGen: 508960K->6496K(511488K)] 820209K->325697K(1035776K), 0.0271909 secs] [Times: user=0.04 sys=0.04, real=0.03 secs] 
2021-05-26T23:45:05.850+0800: 1088057.548: [GC (Allocation Failure) [PSYoungGen: 505184K->8192K(512000K)] 824385K->332341K(1036288K), 0.0751662 secs] [Times: user=0.03 sys=0.04, real=0.08 secs] 
2021-05-26T23:51:14.579+0800: 1088426.278: [GC (Allocation Failure) [PSYoungGen: 507904K->7296K(512000K)] 832053K->336896K(1036288K), 0.0221724 secs] [Times: user=0.04 sys=0.03, real=0.02 secs] 
2021-05-26T23:57:26.280+0800: 1088797.979: [GC (Allocation Failure) [PSYoungGen: 507008K->6432K(512512K)] 836608K->341588K(1036800K), 0.0257436 secs] [Times: user=0.04 sys=0.03, real=0.03 secs] 
2021-05-27T00:03:21.699+0800: 1089153.397: [GC (Allocation Failure) [PSYoungGen: 507168K->6336K(512512K)] 842324K->346431K(1036800K), 0.0235267 secs] [Times: user=0.04 sys=0.04, real=0.03 secs] 
2021-05-27T00:09:34.763+0800: 1089526.461: [GC (Allocation Failure) [PSYoungGen: 507072K->9504K(512000K)] 847167K->354060K(1036288K), 0.0388445 secs] [Times: user=0.09 sys=0.00, real=0.04 secs] 
2021-05-27T00:15:40.563+0800: 1089892.261: [GC (Allocation Failure) [PSYoungGen: 510240K->7296K(512512K)] 854796K->359149K(1036800K), 0.0253717 secs] [Times: user=0.03 sys=0.04, real=0.02 secs] 
2021-05-27T00:21:51.925+0800: 1090263.623: [GC (Allocation Failure) [PSYoungGen: 508032K->7712K(513024K)] 859885K->364178K(1037312K), 0.0256475 secs] [Times: user=0.04 sys=0.03, real=0.02 secs] 
2021-05-27T00:28:01.724+0800: 1090633.422: [GC (Allocation Failure) [PSYoungGen: 509472K->8448K(513024K)] 865938K->370957K(1037312K), 0.0233138 secs] [Times: user=0.04 sys=0.04, real=0.02 secs] 
2021-05-27T00:34:22.304+0800: 1091014.002: [GC (Allocation Failure) [PSYoungGen: 510208K->5440K(513024K)] 872717K->375038K(1037312K), 0.0234384 secs] [Times: user=0.03 sys=0.04, real=0.02 secs] 
2021-05-27T00:40:32.266+0800: 1091383.964: [GC (Allocation Failure) [PSYoungGen: 507200K->6272K(513024K)] 876798K->379874K(1037312K), 0.0242000 secs] [Times: user=0.07 sys=0.00, real=0.02 secs] 
2021-05-27T00:46:49.168+0800: 1091760.866: [GC (Allocation Failure) [PSYoungGen: 508032K->7872K(513536K)] 881634K->386343K(1037824K), 0.0228035 secs] [Times: user=0.04 sys=0.03, real=0.02 secs] 
2021-05-27T00:53:04.964+0800: 1092136.663: [GC (Allocation Failure) [PSYoungGen: 510656K->7968K(513536K)] 889127K->393010K(1037824K), 0.0259770 secs] [Times: user=0.05 sys=0.05, real=0.02 secs] 
2021-05-27T00:59:12.968+0800: 1092504.666: [GC (Allocation Failure) [PSYoungGen: 510752K->6912K(513536K)] 895794K->398277K(1037824K), 0.0297019 secs] [Times: user=0.04 sys=0.04, real=0.03 secs] 
2021-05-27T01:05:30.845+0800: 1092882.544: [GC (Allocation Failure) [PSYoungGen: 509696K->8128K(513536K)] 901061K->404624K(1037824K), 0.0269042 secs] [Times: user=0.04 sys=0.03, real=0.03 secs] 
2021-05-27T01:11:43.381+0800: 1093255.080: [GC (Allocation Failure) [PSYoungGen: 510912K->10176K(512512K)] 907408K->412747K(1036800K), 0.0244752 secs] [Times: user=0.04 sys=0.04, real=0.03 secs] 
2021-05-27T01:17:43.630+0800: 1093615.328: [GC (Allocation Failure) [PSYoungGen: 511936K->4968K(513024K)] 914507K->415259K(1037312K), 0.0217430 secs] [Times: user=0.03 sys=0.04, real=0.02 secs] 
2021-05-27T01:23:50.125+0800: 1093981.823: [GC (Allocation Failure) [PSYoungGen: 506728K->7712K(513024K)] 917019K->421592K(1037312K), 0.0262076 secs] [Times: user=0.03 sys=0.03, real=0.02 secs] 
2021-05-27T01:29:57.736+0800: 1094349.434: [GC (Allocation Failure) [PSYoungGen: 509472K->9184K(513024K)] 923352K->429123K(1037312K), 0.0298741 secs] [Times: user=0.04 sys=0.04, real=0.03 secs] 
2021-05-27T01:36:07.369+0800: 1094719.067: [GC (Allocation Failure) [PSYoungGen: 510944K->9568K(512000K)] 930883K->437508K(1036288K), 0.0269931 secs] [Times: user=0.03 sys=0.04, real=0.03 secs] 
2021-05-27T01:42:16.337+0800: 1095088.035: [GC (Allocation Failure) [PSYoungGen: 510304K->6528K(512512K)] 938244K->441061K(1036800K), 0.0321316 secs] [Times: user=0.04 sys=0.05, real=0.03 secs] 
2021-05-27T01:48:27.412+0800: 1095459.110: [GC (Allocation Failure) [PSYoungGen: 507264K->9600K(511488K)] 941797K->448818K(1035776K), 0.0713416 secs] [Times: user=0.04 sys=0.05, real=0.08 secs] 
2021-05-27T01:54:42.419+0800: 1095834.117: [GC (Allocation Failure) [PSYoungGen: 509312K->6848K(512000K)] 948530K->453347K(1036288K), 0.0464733 secs] [Times: user=0.03 sys=0.04, real=0.05 secs] 
2021-05-27T02:00:50.928+0800: 1096202.627: [GC (Allocation Failure) [PSYoungGen: 506560K->7968K(513024K)] 953059K->459638K(1037312K), 0.0263649 secs] [Times: user=0.05 sys=0.05, real=0.03 secs] 
2021-05-27T02:07:04.744+0800: 1096576.442: [GC (Allocation Failure) [PSYoungGen: 509216K->7552K(512512K)] 960886K->466048K(1036800K), 0.0261616 secs] [Times: user=0.04 sys=0.04, real=0.02 secs] 
2021-05-27T02:13:12.996+0800: 1096944.694: [GC (Allocation Failure) [PSYoungGen: 508800K->9152K(513024K)] 967296K->473428K(1037312K), 0.0272375 secs] [Times: user=0.04 sys=0.04, real=0.03 secs] 
2021-05-27T02:19:20.584+0800: 1097312.283: [GC (Allocation Failure) [PSYoungGen: 510912K->6944K(513024K)] 975188K->478412K(1037312K), 0.0228730 secs] [Times: user=0.03 sys=0.04, real=0.02 secs] 
2021-05-27T02:25:33.744+0800: 1097685.442: [GC (Allocation Failure) [PSYoungGen: 508704K->3520K(512000K)] 980172K->479783K(1036288K), 0.0244306 secs] [Times: user=0.08 sys=0.00, real=0.02 secs] 
2021-05-27T02:31:50.980+0800: 1098062.678: [GC (Allocation Failure) [PSYoungGen: 504256K->4000K(512512K)] 980519K->482246K(1036800K), 0.0246889 secs] [Times: user=0.03 sys=0.03, real=0.03 secs] 
2021-05-27T02:37:58.405+0800: 1098430.104: [GC (Allocation Failure) [PSYoungGen: 504736K->11232K(510464K)] 982982K->491997K(1034752K), 0.0275543 secs] [Times: user=0.04 sys=0.04, real=0.03 secs] 
2021-05-27T02:44:07.795+0800: 1098799.493: [GC (Allocation Failure) [PSYoungGen: 509920K->8448K(511488K)] 990685K->498055K(1035776K), 0.0301665 secs] [Times: user=0.04 sys=0.04, real=0.03 secs] 
2021-05-27T02:50:23.679+0800: 1099175.377: [GC (Allocation Failure) [PSYoungGen: 507136K->5984K(512000K)] 996743K->502736K(1036288K), 0.0249806 secs] [Times: user=0.04 sys=0.05, real=0.03 secs] 
2021-05-27T02:56:39.096+0800: 1099550.794: [GC (Allocation Failure) [PSYoungGen: 505184K->5664K(511488K)] 1001936K->506844K(1035776K), 0.0266766 secs] [Times: user=0.03 sys=0.04, real=0.03 secs] 
2021-05-27T03:02:53.825+0800: 1099925.524: [GC (Allocation Failure) [PSYoungGen: 504864K->9056K(512000K)] 1006044K->514130K(1036288K), 0.0244319 secs] [Times: user=0.04 sys=0.04, real=0.02 secs] 
2021-05-27T03:08:55.960+0800: 1100287.658: [GC (Allocation Failure) [PSYoungGen: 508768K->9504K(509440K)] 1013842K->521629K(1033728K), 0.0267981 secs] [Times: user=0.04 sys=0.04, real=0.03 secs] 
2021-05-27T03:15:07.960+0800: 1100659.658: [GC (Allocation Failure) [PSYoungGen: 509216K->8480K(511488K)] 1021341K->527647K(1035776K), 0.0268449 secs] [Times: user=0.03 sys=0.04, real=0.03 secs] 
2021-05-27T03:15:07.987+0800: 1100659.685: [Full GC (Ergonomics) [PSYoungGen: 8480K->0K(511488K)] [ParOldGen: 519167K->291371K(524288K)] 527647K->291371K(1035776K), [Metaspace: 95825K->95825K(1136640K)], 0.5176910 secs] [Times: user=1.09 sys=0.00, real=0.52 secs] 
2021-05-27T03:21:17.089+0800: 1101028.788: [GC (Allocation Failure) [PSYoungGen: 498688K->3136K(511488K)] 790059K->294507K(1035776K), 0.0183579 secs] [Times: user=0.03 sys=0.02, real=0.02 secs] 
2021-05-27T03:27:19.711+0800: 1101391.409: [GC (Allocation Failure) [PSYoungGen: 501824K->10592K(509440K)] 793195K->303611K(1033728K), 0.0402313 secs] [Times: user=0.03 sys=0.05, real=0.04 secs] 
2021-05-27T03:33:18.704+0800: 1101750.402: [GC (Allocation Failure) [PSYoungGen: 507232K->9664K(510464K)] 800251K->311175K(1034752K), 0.0858981 secs] [Times: user=0.04 sys=0.04, real=0.08 secs] 
2021-05-27T03:39:28.105+0800: 1102119.803: [GC (Allocation Failure) [PSYoungGen: 506304K->5376K(510464K)] 807815K->314470K(1034752K), 0.0243431 secs] [Times: user=0.07 sys=0.00, real=0.02 secs] 
2021-05-27T03:45:38.776+0800: 1102490.475: [GC (Allocation Failure) [PSYoungGen: 502016K->7104K(510464K)] 811110K->320163K(1034752K), 0.0257123 secs] [Times: user=0.04 sys=0.04, real=0.03 secs] 
2021-05-27T03:51:38.431+0800: 1102850.130: [GC (Allocation Failure) [PSYoungGen: 503744K->7872K(511488K)] 816803K->326374K(1035776K), 0.0239961 secs] [Times: user=0.03 sys=0.04, real=0.03 secs] 
2021-05-27T03:57:53.472+0800: 1103225.170: [GC (Allocation Failure) [PSYoungGen: 506048K->5984K(510976K)] 824550K->330097K(1035264K), 0.0222591 secs] [Times: user=0.04 sys=0.03, real=0.03 secs] 
2021-05-27T04:04:05.326+0800: 1103597.024: [GC (Allocation Failure) [PSYoungGen: 504160K->6048K(512000K)] 828273K->334612K(1036288K), 0.0345795 secs] [Times: user=0.04 sys=0.05, real=0.03 secs] 
2021-05-27T04:10:22.290+0800: 1103973.988: [GC (Allocation Failure) [PSYoungGen: 505760K->4992K(512000K)] 834324K->338009K(1036288K), 0.0228571 secs] [Times: user=0.03 sys=0.04, real=0.03 secs] 
2021-05-27T04:16:34.426+0800: 1104346.124: [GC (Allocation Failure) [PSYoungGen: 504704K->7808K(512512K)] 837721K->343702K(1036800K), 0.0596632 secs] [Times: user=0.03 sys=0.04, real=0.06 secs] 
2021-05-27T04:22:42.769+0800: 1104714.467: [GC (Allocation Failure) [PSYoungGen: 508032K->9600K(512000K)] 843926K->351593K(1036288K), 0.0224881 secs] [Times: user=0.03 sys=0.04, real=0.02 secs] 
2021-05-27T04:28:55.806+0800: 1105087.504: [GC (Allocation Failure) [PSYoungGen: 509824K->9504K(510976K)] 851817K->359179K(1035264K), 0.0302196 secs] [Times: user=0.04 sys=0.04, real=0.03 secs] 
2021-05-27T04:35:04.537+0800: 1105456.236: [GC (Allocation Failure) [PSYoungGen: 508192K->8384K(511488K)] 857867K->365820K(1035776K), 0.0835295 secs] [Times: user=0.03 sys=0.03, real=0.08 secs] 
2021-05-27T04:41:14.638+0800: 1105826.336: [GC (Allocation Failure) [PSYoungGen: 507072K->6752K(512000K)] 864508K->370782K(1036288K), 0.0894611 secs] [Times: user=0.04 sys=0.05, real=0.09 secs] 
2021-05-27T04:47:29.839+0800: 1106201.537: [GC (Allocation Failure) [PSYoungGen: 505952K->7264K(511488K)] 869982K->376402K(1035776K), 0.0680243 secs] [Times: user=0.06 sys=0.00, real=0.07 secs] 
2021-05-27T04:53:45.043+0800: 1106576.741: [GC (Allocation Failure) [PSYoungGen: 506464K->7232K(513024K)] 875602K->381270K(1037312K), 0.0270684 secs] [Times: user=0.04 sys=0.04, real=0.02 secs] 
2021-05-27T04:59:47.644+0800: 1106939.343: [GC (Allocation Failure) [PSYoungGen: 508480K->9120K(512512K)] 882518K->388857K(1036800K), 0.0327886 secs] [Times: user=0.04 sys=0.04, real=0.03 secs] 
2021-05-27T05:06:00.577+0800: 1107312.275: [GC (Allocation Failure) [PSYoungGen: 510368K->7840K(513024K)] 890105K->395099K(1037312K), 0.0247770 secs] [Times: user=0.08 sys=0.00, real=0.02 secs] 
2021-05-27T05:12:23.220+0800: 1107694.919: [GC (Allocation Failure) [PSYoungGen: 509088K->11264K(512512K)] 896347K->410566K(1036800K), 0.0311363 secs] [Times: user=0.05 sys=0.05, real=0.03 secs] 
2021-05-27T05:18:49.237+0800: 1108080.935: [GC (Allocation Failure) [PSYoungGen: 512512K->4160K(502272K)] 911814K->414578K(1026560K), 0.0264557 secs] [Times: user=0.04 sys=0.04, real=0.03 secs] 
2021-05-27T05:25:01.524+0800: 1108453.222: [GC (Allocation Failure) [PSYoungGen: 494656K->5312K(507392K)] 905074K->418440K(1031680K), 0.0272994 secs] [Times: user=0.07 sys=0.00, real=0.02 secs] 
2021-05-27T05:30:57.394+0800: 1108809.093: [GC (Allocation Failure) [PSYoungGen: 495808K->8384K(508416K)] 908936K->425325K(1032704K), 0.0514113 secs] [Times: user=0.03 sys=0.04, real=0.05 secs] 
2021-05-27T05:37:09.094+0800: 1109180.793: [GC (Allocation Failure) [PSYoungGen: 499904K->5920K(507392K)] 916845K->429435K(1031680K), 0.0275290 secs] [Times: user=0.04 sys=0.04, real=0.02 secs] 
2021-05-27T05:43:17.041+0800: 1109548.739: [GC (Allocation Failure) [PSYoungGen: 497440K->6720K(508928K)] 920955K->434783K(1033216K), 0.0248094 secs] [Times: user=0.04 sys=0.04, real=0.03 secs] 
2021-05-27T05:49:27.570+0800: 1109919.268: [GC (Allocation Failure) [PSYoungGen: 499776K->8000K(508416K)] 927839K->440584K(1032704K), 0.0278156 secs] [Times: user=0.04 sys=0.04, real=0.03 secs] 
2021-05-27T05:55:39.221+0800: 1110290.919: [GC (Allocation Failure) [PSYoungGen: 501056K->5824K(509952K)] 933640K->444146K(1034240K), 0.0329244 secs] [Times: user=0.04 sys=0.05, real=0.04 secs] 
2021-05-27T06:01:46.495+0800: 1110658.193: [GC (Allocation Failure) [PSYoungGen: 501440K->7936K(509952K)] 939762K->450582K(1034240K), 0.0248003 secs] [Times: user=0.04 sys=0.04, real=0.02 secs] 
2021-05-27T06:07:57.005+0800: 1111028.703: [GC (Allocation Failure) [PSYoungGen: 503552K->5056K(510976K)] 946198K->453960K(1035264K), 0.0290312 secs] [Times: user=0.09 sys=0.00, real=0.03 secs] 
2021-05-27T06:14:08.334+0800: 1111400.032: [GC (Allocation Failure) [PSYoungGen: 502208K->8224K(510464K)] 951112K->460310K(1034752K), 0.0276872 secs] [Times: user=0.04 sys=0.04, real=0.02 secs] 
2021-05-27T06:20:18.842+0800: 1111770.540: [GC (Allocation Failure) [PSYoungGen: 505376K->6688K(511488K)] 957462K->465321K(1035776K), 0.0313084 secs] [Times: user=0.04 sys=0.04, real=0.04 secs] 
2021-05-27T06:26:30.686+0800: 1112142.385: [GC (Allocation Failure) [PSYoungGen: 504864K->7616K(510976K)] 963497K->471636K(1035264K), 0.0326615 secs] [Times: user=0.04 sys=0.05, real=0.03 secs] 
2021-05-27T06:32:44.469+0800: 1112516.168: [GC (Allocation Failure) [PSYoungGen: 505792K->6624K(512000K)] 969812K->477087K(1036288K), 0.0274563 secs] [Times: user=0.04 sys=0.05, real=0.03 secs] 
2021-05-27T06:38:49.596+0800: 1112881.294: [GC (Allocation Failure) [PSYoungGen: 506336K->9536K(512000K)] 976799K->485211K(1036288K), 0.0880579 secs] [Times: user=0.04 sys=0.04, real=0.09 secs] 
2021-05-27T06:45:09.667+0800: 1113261.366: [GC (Allocation Failure) [PSYoungGen: 509248K->4608K(512000K)] 984923K->488003K(1036288K), 0.0247994 secs] [Times: user=0.03 sys=0.04, real=0.03 secs] 
2021-05-27T06:51:28.220+0800: 1113639.919: [GC (Allocation Failure) [PSYoungGen: 504320K->3936K(503808K)] 987715K->490408K(1028096K), 0.0277249 secs] [Times: user=0.03 sys=0.04, real=0.03 secs] 
2021-05-27T06:57:49.400+0800: 1114021.098: [GC (Allocation Failure) [PSYoungGen: 503648K->4640K(512000K)] 990120K->493263K(1036288K), 0.0258437 secs] [Times: user=0.04 sys=0.04, real=0.03 secs] 
2021-05-27T07:04:00.201+0800: 1114391.899: [GC (Allocation Failure) [PSYoungGen: 503840K->4576K(511488K)] 992463K->496372K(1035776K), 0.0279072 secs] [Times: user=0.03 sys=0.03, real=0.03 secs] 
2021-05-27T07:10:24.280+0800: 1114775.978: [GC (Allocation Failure) [PSYoungGen: 503776K->4768K(512512K)] 995572K->499418K(1036800K), 0.0215677 secs] [Times: user=0.03 sys=0.03, real=0.02 secs] 
2021-05-27T07:16:40.418+0800: 1115152.117: [GC (Allocation Failure) [PSYoungGen: 504992K->7616K(512000K)] 999642K->505064K(1036288K), 0.0254576 secs] [Times: user=0.07 sys=0.00, real=0.03 secs] 
2021-05-27T07:22:52.504+0800: 1115524.202: [GC (Allocation Failure) [PSYoungGen: 507840K->4616K(512512K)] 1005288K->507634K(1036800K), 0.0292888 secs] [Times: user=0.05 sys=0.05, real=0.03 secs] 
2021-05-27T07:29:10.892+0800: 1115902.590: [GC (Allocation Failure) [PSYoungGen: 505352K->5568K(512512K)] 1008370K->511792K(1036800K), 0.0264645 secs] [Times: user=0.08 sys=0.00, real=0.03 secs] 
2021-05-27T07:35:29.893+0800: 1116281.591: [GC (Allocation Failure) [PSYoungGen: 506304K->7136K(513024K)] 1012528K->517150K(1037312K), 0.0329636 secs] [Times: user=0.04 sys=0.04, real=0.03 secs] 
2021-05-27T07:41:49.849+0800: 1116661.548: [GC (Allocation Failure) [PSYoungGen: 508896K->6432K(513024K)] 1018910K->521481K(1037312K), 0.0270334 secs] [Times: user=0.04 sys=0.04, real=0.03 secs] 
2021-05-27T07:48:02.590+0800: 1117034.288: [GC (Allocation Failure) [PSYoungGen: 508192K->10016K(511488K)] 1023241K->529693K(1035776K), 0.0308401 secs] [Times: user=0.04 sys=0.05, real=0.03 secs] 
2021-05-27T07:48:02.621+0800: 1117034.319: [Full GC (Ergonomics) [PSYoungGen: 10016K->0K(511488K)] [ParOldGen: 519677K->287604K(524288K)] 529693K->287604K(1035776K), [Metaspace: 95837K->95833K(1136640K)], 0.5504085 secs] [Times: user=1.23 sys=0.00, real=0.55 secs] 
2021-05-27T07:54:23.416+0800: 1117415.114: [GC (Allocation Failure) [PSYoungGen: 500736K->3424K(512512K)] 788340K->291028K(1036800K), 0.0220384 secs] [Times: user=0.03 sys=0.03, real=0.02 secs] 
2021-05-27T08:00:39.175+0800: 1117790.873: [GC (Allocation Failure) [PSYoungGen: 504160K->10176K(510464K)] 791764K->299603K(1034752K), 0.0275699 secs] [Times: user=0.03 sys=0.04, real=0.03 secs] 
2021-05-27T08:06:58.610+0800: 1118170.308: [GC (Allocation Failure) [PSYoungGen: 508864K->4064K(511488K)] 798291K->301266K(1035776K), 0.0322539 secs] [Times: user=0.04 sys=0.04, real=0.04 secs] 
2021-05-27T08:13:15.163+0800: 1118546.861: [GC (Allocation Failure) [PSYoungGen: 502732K->3904K(512000K)] 799935K->303393K(1036288K), 0.0295467 secs] [Times: user=0.03 sys=0.04, real=0.03 secs] 
2021-05-27T08:19:26.537+0800: 1118918.235: [GC (Allocation Failure) [PSYoungGen: 503104K->7648K(511488K)] 802593K->309200K(1035776K), 0.0246607 secs] [Times: user=0.04 sys=0.04, real=0.02 secs] 
2021-05-27T08:25:35.976+0800: 1119287.674: [GC (Allocation Failure) [PSYoungGen: 506848K->6272K(512512K)] 808400K->314377K(1036800K), 0.0287581 secs] [Times: user=0.04 sys=0.04, real=0.03 secs] 
2021-05-27T08:31:46.039+0800: 1119657.737: [GC (Allocation Failure) [PSYoungGen: 506496K->6144K(512000K)] 814601K->318997K(1036288K), 0.0252997 secs] [Times: user=0.03 sys=0.04, real=0.03 secs] 
2021-05-27T08:38:00.711+0800: 1120032.409: [GC (Allocation Failure) [PSYoungGen: 506368K->4896K(513024K)] 819221K->322289K(1037312K), 0.0234742 secs] [Times: user=0.07 sys=0.00, real=0.03 secs] 
2021-05-27T08:44:17.410+0800: 1120409.108: [GC (Allocation Failure) [PSYoungGen: 506656K->8480K(513024K)] 824049K->329270K(1037312K), 0.0261903 secs] [Times: user=0.03 sys=0.04, real=0.03 secs] 
2021-05-27T08:50:37.412+0800: 1120789.111: [GC (Allocation Failure) [PSYoungGen: 510240K->7008K(513024K)] 831030K->334442K(1037312K), 0.0281422 secs] [Times: user=0.05 sys=0.04, real=0.02 secs] 
2021-05-27T08:56:56.402+0800: 1121168.100: [GC (Allocation Failure) [PSYoungGen: 508768K->8800K(510976K)] 836202K->340966K(1035264K), 0.0720059 secs] [Times: user=0.03 sys=0.03, real=0.08 secs] 
2021-05-27T09:03:04.193+0800: 1121535.891: [GC (Allocation Failure) [PSYoungGen: 510560K->7872K(512512K)] 842726K->347441K(1036800K), 0.0325472 secs] [Times: user=0.03 sys=0.05, real=0.03 secs] 
2021-05-27T09:09:13.619+0800: 1121905.317: [GC (Allocation Failure) [PSYoungGen: 508608K->7776K(512512K)] 848177K->353810K(1036800K), 0.0367846 secs] [Times: user=0.04 sys=0.04, real=0.04 secs] 
2021-05-27T09:15:26.470+0800: 1122278.169: [GC (Allocation Failure) [PSYoungGen: 508512K->5440K(513024K)] 854546K->357237K(1037312K), 0.0630447 secs] [Times: user=0.05 sys=0.04, real=0.07 secs] 
2021-05-27T09:21:31.991+0800: 1122643.689: [GC (Allocation Failure) [PSYoungGen: 507200K->6496K(513024K)] 858997K->361931K(1037312K), 0.1000900 secs] [Times: user=0.05 sys=0.05, real=0.10 secs] 
2021-05-27T09:27:45.101+0800: 1123016.799: [GC (Allocation Failure) [PSYoungGen: 508256K->10720K(507392K)] 863691K->371328K(1031680K), 0.0370533 secs] [Times: user=0.05 sys=0.05, real=0.04 secs] 
2021-05-27T09:33:57.213+0800: 1123388.911: [GC (Allocation Failure) [PSYoungGen: 507360K->6304K(510464K)] 867968K->376110K(1034752K), 0.0658276 secs] [Times: user=0.08 sys=0.00, real=0.06 secs] 
2021-05-27T09:40:14.785+0800: 1123766.483: [GC (Allocation Failure) [PSYoungGen: 502944K->4864K(510976K)] 872750K->379713K(1035264K), 0.0225013 secs] [Times: user=0.04 sys=0.03, real=0.02 secs] 
2021-05-27T09:46:25.695+0800: 1124137.393: [GC (Allocation Failure) [PSYoungGen: 502528K->9280K(507392K)] 877377K->387431K(1031680K), 0.0287202 secs] [Times: user=0.04 sys=0.05, real=0.03 secs] 
2021-05-27T09:52:35.653+0800: 1124507.352: [GC (Allocation Failure) [PSYoungGen: 506944K->13792K(500224K)] 885095K->401836K(1024512K), 0.0451483 secs] [Times: user=0.05 sys=0.05, real=0.04 secs] 
2021-05-27T09:58:46.552+0800: 1124878.250: [GC (Allocation Failure) [PSYoungGen: 500192K->15680K(502272K)] 888236K->414680K(1026560K), 0.0336697 secs] [Times: user=0.05 sys=0.05, real=0.04 secs] 
2021-05-27T10:04:46.893+0800: 1125238.591: [GC (Allocation Failure) [PSYoungGen: 502080K->13568K(502784K)] 901080K->424019K(1027072K), 0.0289356 secs] [Times: user=0.04 sys=0.04, real=0.02 secs] 
2021-05-27T10:10:40.446+0800: 1125592.144: [GC (Allocation Failure) [PSYoungGen: 495872K->18528K(501248K)] 906323K->437960K(1025536K), 0.0270572 secs] [Times: user=0.04 sys=0.04, real=0.03 secs] 
2021-05-27T10:16:33.561+0800: 1125945.260: [GC (Allocation Failure) [PSYoungGen: 500832K->8320K(502272K)] 920264K->439140K(1026560K), 0.0220759 secs] [Times: user=0.03 sys=0.03, real=0.03 secs] 
2021-05-27T10:22:23.970+0800: 1126295.668: [GC (Allocation Failure) [PSYoungGen: 487552K->13632K(501248K)] 918372K->451103K(1025536K), 0.0393464 secs] [Times: user=0.06 sys=0.05, real=0.04 secs] 
2021-05-27T10:28:27.029+0800: 1126658.727: [GC (Allocation Failure) [PSYoungGen: 492864K->15584K(501248K)] 930335K->462771K(1025536K), 0.0328234 secs] [Times: user=0.04 sys=0.05, real=0.03 secs] 
2021-05-27T10:34:21.334+0800: 1127013.032: [GC (Allocation Failure) [PSYoungGen: 494816K->14784K(494080K)] 942003K->472758K(1018368K), 0.0277171 secs] [Times: user=0.05 sys=0.04, real=0.02 secs] 
2021-05-27T10:40:16.770+0800: 1127368.468: [GC (Allocation Failure) [PSYoungGen: 494014K->15200K(501248K)] 951988K->484470K(1025536K), 0.0349635 secs] [Times: user=0.04 sys=0.04, real=0.04 secs] 
2021-05-27T10:46:18.338+0800: 1127730.037: [GC (Allocation Failure) [PSYoungGen: 493408K->15744K(494080K)] 962678K->493874K(1018368K), 0.0786747 secs] [Times: user=0.04 sys=0.03, real=0.08 secs] 
2021-05-27T10:52:08.846+0800: 1128080.544: [GC (Allocation Failure) [PSYoungGen: 493952K->16640K(499712K)] 972082K->505221K(1024000K), 0.0327415 secs] [Times: user=0.05 sys=0.04, real=0.03 secs] 
2021-05-27T10:58:08.450+0800: 1128440.148: [GC (Allocation Failure) [PSYoungGen: 492800K->18496K(495104K)] 981381K->519249K(1019392K), 0.0288324 secs] [Times: user=0.04 sys=0.04, real=0.03 secs] 
2021-05-27T11:04:02.245+0800: 1128793.943: [GC (Allocation Failure) [PSYoungGen: 494656K->15584K(499712K)] 995409K->527933K(1024000K), 0.0286552 secs] [Times: user=0.04 sys=0.05, real=0.03 secs] 
2021-05-27T11:04:02.274+0800: 1128793.972: [Full GC (Ergonomics) [PSYoungGen: 15584K->0K(499712K)] [ParOldGen: 512349K->303714K(524288K)] 527933K->303714K(1024000K), [Metaspace: 95894K->95894K(1136640K)], 0.4537515 secs] [Times: user=1.01 sys=0.00, real=0.45 secs] 
2021-05-27T11:09:56.158+0800: 1129147.856: [GC (Allocation Failure) [PSYoungGen: 475136K->17088K(499712K)] 778850K->320802K(1024000K), 0.0411905 secs] [Times: user=0.08 sys=0.00, real=0.04 secs] 
2021-05-27T11:15:46.313+0800: 1129498.011: [GC (Allocation Failure) [PSYoungGen: 492224K->15456K(500224K)] 795938K->331501K(1024512K), 0.0376647 secs] [Times: user=0.05 sys=0.05, real=0.03 secs] 
2021-05-27T11:21:41.822+0800: 1129853.520: [GC (Allocation Failure) [PSYoungGen: 491104K->16736K(499712K)] 807149K->343050K(1024000K), 0.0305472 secs] [Times: user=0.08 sys=0.00, real=0.03 secs] 
2021-05-27T11:27:37.531+0800: 1130209.230: [GC (Allocation Failure) [PSYoungGen: 492384K->15648K(500736K)] 818698K->352799K(1025024K), 0.0339585 secs] [Times: user=0.09 sys=0.00, real=0.04 secs] 
2021-05-27T11:33:33.313+0800: 1130565.012: [GC (Allocation Failure) [PSYoungGen: 492320K->14880K(500224K)] 829471K->362762K(1024512K), 0.0296921 secs] [Times: user=0.04 sys=0.04, real=0.03 secs] 
2021-05-27T11:39:34.432+0800: 1130926.130: [GC (Allocation Failure) [PSYoungGen: 491552K->17152K(501248K)] 839434K->375246K(1025536K), 0.0365960 secs] [Times: user=0.05 sys=0.05, real=0.04 secs] 
2021-05-27T11:45:39.422+0800: 1131291.120: [GC (Allocation Failure) [PSYoungGen: 495360K->18336K(496640K)] 853454K->388745K(1020928K), 0.0371143 secs] [Times: user=0.05 sys=0.04, real=0.04 secs] 
2021-05-27T11:51:45.043+0800: 1131656.742: [GC (Allocation Failure) [PSYoungGen: 496544K->20352K(498688K)] 866953K->401343K(1022976K), 0.0404836 secs] [Times: user=0.05 sys=0.05, real=0.04 secs] 
2021-05-27T11:57:54.937+0800: 1132026.636: [GC (Allocation Failure) [PSYoungGen: 495488K->18720K(494080K)] 876479K->410665K(1018368K), 0.0321927 secs] [Times: user=0.04 sys=0.04, real=0.03 secs] 
2021-05-27T12:04:03.814+0800: 1132395.512: [GC (Allocation Failure) [PSYoungGen: 493856K->12256K(499712K)] 885801K->416618K(1024000K), 0.0251402 secs] [Times: user=0.04 sys=0.04, real=0.02 secs] 
2021-05-27T12:10:10.776+0800: 1132762.474: [GC (Allocation Failure) [PSYoungGen: 486880K->9728K(499200K)] 891242K->423748K(1023488K), 0.0318832 secs] [Times: user=0.08 sys=0.00, real=0.03 secs] 
2021-05-27T12:16:25.177+0800: 1133136.875: [GC (Allocation Failure) [PSYoungGen: 484352K->7104K(498688K)] 898372K->427455K(1022976K), 0.0227579 secs] [Times: user=0.03 sys=0.04, real=0.02 secs] 
2021-05-27T12:22:32.043+0800: 1133503.741: [GC (Allocation Failure) [PSYoungGen: 481216K->14112K(499200K)] 901567K->439507K(1023488K), 0.0289084 secs] [Times: user=0.04 sys=0.04, real=0.02 secs] 
2021-05-27T12:28:44.874+0800: 1133876.573: [GC (Allocation Failure) [PSYoungGen: 488224K->7680K(500224K)] 913619K->443314K(1024512K), 0.0692269 secs] [Times: user=0.04 sys=0.04, real=0.07 secs] 
2021-05-27T12:34:55.447+0800: 1134247.145: [GC (Allocation Failure) [PSYoungGen: 483840K->11168K(500224K)] 919474K->452997K(1024512K), 0.0250766 secs] [Times: user=0.04 sys=0.04, real=0.02 secs] 
2021-05-27T12:41:04.747+0800: 1134616.445: [GC (Allocation Failure) [PSYoungGen: 487328K->14304K(501248K)] 929157K->463810K(1025536K), 0.0274155 secs] [Times: user=0.04 sys=0.04, real=0.03 secs] 
2021-05-27T12:47:21.307+0800: 1134993.005: [GC (Allocation Failure) [PSYoungGen: 492000K->9280K(500736K)] 941506K->469512K(1025024K), 0.0251457 secs] [Times: user=0.04 sys=0.04, real=0.03 secs] 
2021-05-27T12:53:37.763+0800: 1135369.462: [GC (Allocation Failure) [PSYoungGen: 486976K->5504K(501248K)] 947208K->472881K(1025536K), 0.0240631 secs] [Times: user=0.04 sys=0.04, real=0.02 secs] 
2021-05-27T12:59:58.588+0800: 1135750.286: [GC (Allocation Failure) [PSYoungGen: 483712K->5536K(501248K)] 951089K->477013K(1025536K), 0.0265484 secs] [Times: user=0.04 sys=0.05, real=0.03 secs] 
2021-05-27T13:06:10.041+0800: 1136121.739: [GC (Allocation Failure) [PSYoungGen: 483744K->10496K(502272K)] 955221K->485851K(1026560K), 0.0393706 secs] [Times: user=0.03 sys=0.04, real=0.04 secs] 
2021-05-27T13:12:19.212+0800: 1136490.910: [GC (Allocation Failure) [PSYoungGen: 489728K->13952K(501248K)] 965083K->497742K(1025536K), 0.0313385 secs] [Times: user=0.04 sys=0.05, real=0.04 secs] 
2021-05-27T13:18:22.938+0800: 1136854.636: [GC (Allocation Failure) [PSYoungGen: 493184K->8936K(502784K)] 976974K->503039K(1027072K), 0.0248891 secs] [Times: user=0.04 sys=0.04, real=0.03 secs] 
2021-05-27T13:24:40.212+0800: 1137231.910: [GC (Allocation Failure) [PSYoungGen: 489704K->8736K(502272K)] 983807K->510305K(1026560K), 0.0346926 secs] [Times: user=0.04 sys=0.04, real=0.04 secs] 
2021-05-27T13:30:55.205+0800: 1137606.903: [GC (Allocation Failure) [PSYoungGen: 489504K->6592K(503296K)] 991073K->515587K(1027584K), 0.0392141 secs] [Times: user=0.04 sys=0.04, real=0.04 secs] 
2021-05-27T13:37:13.413+0800: 1137985.111: [GC (Allocation Failure) [PSYoungGen: 488896K->13280K(503296K)] 997891K->527408K(1027584K), 0.0309418 secs] [Times: user=0.05 sys=0.05, real=0.03 secs] 
2021-05-27T13:37:13.445+0800: 1137985.143: [Full GC (Ergonomics) [PSYoungGen: 13280K->0K(503296K)] [ParOldGen: 514128K->300860K(524288K)] 527408K->300860K(1027584K), [Metaspace: 96044K->96044K(1138688K)], 0.4708131 secs] [Times: user=1.05 sys=0.00, real=0.47 secs] 
2021-05-27T13:43:25.391+0800: 1138357.090: [GC (Allocation Failure) [PSYoungGen: 482304K->14560K(503296K)] 783164K->315420K(1027584K), 0.0345103 secs] [Times: user=0.03 sys=0.04, real=0.04 secs] 
2021-05-27T13:49:36.352+0800: 1138728.050: [GC (Allocation Failure) [PSYoungGen: 496864K->10560K(503296K)] 797724K->323076K(1027584K), 0.0235905 secs] [Times: user=0.04 sys=0.04, real=0.03 secs] 
2021-05-27T13:55:51.150+0800: 1139102.848: [GC (Allocation Failure) [PSYoungGen: 492864K->10560K(504832K)] 805380K->332063K(1029120K), 0.0235514 secs] [Times: user=0.07 sys=0.00, real=0.03 secs] 
2021-05-27T14:01:58.960+0800: 1139470.658: [GC (Allocation Failure) [PSYoungGen: 494912K->15936K(503808K)] 816415K->345859K(1028096K), 0.0382167 secs] [Times: user=0.04 sys=0.04, real=0.04 secs] 
2021-05-27T14:08:19.842+0800: 1139851.540: [GC (Allocation Failure) [PSYoungGen: 500288K->9696K(504320K)] 830211K->351080K(1028608K), 0.0252869 secs] [Times: user=0.04 sys=0.03, real=0.03 secs] 
2021-05-27T14:14:34.501+0800: 1140226.199: [GC (Allocation Failure) [PSYoungGen: 493536K->9056K(503808K)] 834920K->357451K(1028096K), 0.0264018 secs] [Times: user=0.04 sys=0.04, real=0.03 secs] 
2021-05-27T14:20:59.608+0800: 1140611.306: [GC (Allocation Failure) [PSYoungGen: 492896K->9216K(505344K)] 841291K->364830K(1029632K), 0.0243663 secs] [Times: user=0.03 sys=0.03, real=0.03 secs] 
2021-05-27T14:27:11.286+0800: 1140982.984: [GC (Allocation Failure) [PSYoungGen: 495104K->9312K(504832K)] 850718K->372495K(1029120K), 0.0255011 secs] [Times: user=0.03 sys=0.04, real=0.02 secs] 
2021-05-27T14:33:30.956+0800: 1141362.654: [GC (Allocation Failure) [PSYoungGen: 495200K->8672K(505856K)] 858383K->378962K(1030144K), 0.0279624 secs] [Times: user=0.08 sys=0.00, real=0.03 secs] 
2021-05-27T14:39:51.135+0800: 1141742.833: [GC (Allocation Failure) [PSYoungGen: 496096K->13184K(505856K)] 866386K->389815K(1030144K), 0.0571912 secs] [Times: user=0.04 sys=0.04, real=0.06 secs] 
2021-05-27T14:46:16.198+0800: 1142127.896: [GC (Allocation Failure) [PSYoungGen: 500608K->12384K(505856K)] 877239K->397969K(1030144K), 0.0757366 secs] [Times: user=0.05 sys=0.05, real=0.08 secs] 
2021-05-27T14:52:31.339+0800: 1142503.037: [GC (Allocation Failure) [PSYoungGen: 499808K->16096K(503808K)] 885393K->410974K(1028096K), 0.0902411 secs] [Times: user=0.04 sys=0.04, real=0.09 secs] 
2021-05-27T14:58:49.206+0800: 1142880.904: [GC (Allocation Failure) [PSYoungGen: 503520K->11904K(505344K)] 898398K->417253K(1029632K), 0.0293395 secs] [Times: user=0.04 sys=0.04, real=0.03 secs] 
2021-05-27T15:05:09.557+0800: 1143261.255: [GC (Allocation Failure) [PSYoungGen: 497736K->11520K(504832K)] 903086K->426087K(1029120K), 0.0281791 secs] [Times: user=0.04 sys=0.04, real=0.03 secs] 
2021-05-27T15:11:28.270+0800: 1143639.968: [GC (Allocation Failure) [PSYoungGen: 497408K->10080K(506368K)] 911975K->433762K(1030656K), 0.0357920 secs] [Times: user=0.05 sys=0.05, real=0.04 secs] 
2021-05-27T15:17:45.781+0800: 1144017.480: [GC (Allocation Failure) [PSYoungGen: 498528K->16576K(505344K)] 922210K->446776K(1029632K), 0.0390042 secs] [Times: user=0.04 sys=0.05, real=0.04 secs] 
2021-05-27T15:24:03.848+0800: 1144395.546: [GC (Allocation Failure) [PSYoungGen: 505024K->10432K(505856K)] 935224K->450529K(1030144K), 0.0510627 secs] [Times: user=0.05 sys=0.06, real=0.05 secs] 
2021-05-27T15:30:19.215+0800: 1144770.913: [GC (Allocation Failure) [PSYoungGen: 497344K->15872K(503296K)] 937441K->462853K(1027584K), 0.0438208 secs] [Times: user=0.04 sys=0.06, real=0.04 secs] 
2021-05-27T15:36:35.634+0800: 1145147.332: [GC (Allocation Failure) [PSYoungGen: 502784K->16672K(502784K)] 949765K->474082K(1027072K), 0.0336009 secs] [Times: user=0.04 sys=0.05, real=0.03 secs] 
2021-05-27T15:42:53.223+0800: 1145524.921: [GC (Allocation Failure) [PSYoungGen: 500000K->13344K(503808K)] 957410K->481299K(1028096K), 0.0541358 secs] [Times: user=0.05 sys=0.05, real=0.05 secs] 
2021-05-27T15:49:11.606+0800: 1145903.304: [GC (Allocation Failure) [PSYoungGen: 496672K->14400K(504320K)] 964627K->491943K(1028608K), 0.0334890 secs] [Times: user=0.04 sys=0.04, real=0.03 secs] 
2021-05-27T15:55:29.688+0800: 1146281.386: [GC (Allocation Failure) [PSYoungGen: 498752K->11680K(504320K)] 976295K->499498K(1028608K), 0.0328655 secs] [Times: user=0.05 sys=0.05, real=0.03 secs] 
2021-05-27T16:01:45.911+0800: 1146657.609: [GC (Allocation Failure) [PSYoungGen: 496032K->11296K(505344K)] 983850K->509051K(1029632K), 0.0331230 secs] [Times: user=0.04 sys=0.05, real=0.04 secs] 
2021-05-27T16:07:57.862+0800: 1147029.560: [GC (Allocation Failure) [PSYoungGen: 497184K->12320K(504832K)] 994939K->518334K(1029120K), 0.0318502 secs] [Times: user=0.05 sys=0.04, real=0.04 secs] 
2021-05-27T16:14:13.921+0800: 1147405.620: [GC (Allocation Failure) [PSYoungGen: 498208K->7648K(504832K)] 1004222K->522901K(1029120K), 0.0261831 secs] [Times: user=0.04 sys=0.04, real=0.03 secs] 
2021-05-27T16:14:13.948+0800: 1147405.646: [Full GC (Ergonomics) [PSYoungGen: 7648K->0K(504832K)] [ParOldGen: 515253K->297740K(524288K)] 522901K->297740K(1029120K), [Metaspace: 96052K->96048K(1138688K)], 0.4952765 secs] [Times: user=1.04 sys=0.00, real=0.50 secs] 
2021-05-27T16:20:37.300+0800: 1147788.998: [GC (Allocation Failure) [PSYoungGen: 486400K->7232K(505344K)] 784140K->304972K(1029632K), 0.0196418 secs] [Times: user=0.03 sys=0.03, real=0.02 secs] 
2021-05-27T16:26:55.803+0800: 1148167.502: [GC (Allocation Failure) [PSYoungGen: 493632K->12608K(505856K)] 791372K->315464K(1030144K), 0.0300388 secs] [Times: user=0.04 sys=0.04, real=0.03 secs] 
2021-05-27T16:33:15.027+0800: 1148546.726: [GC (Allocation Failure) [PSYoungGen: 499520K->16128K(503296K)] 802376K->328611K(1027584K), 0.0283138 secs] [Times: user=0.04 sys=0.03, real=0.03 secs] 
2021-05-27T16:39:32.578+0800: 1148924.276: [GC (Allocation Failure) [PSYoungGen: 503040K->18784K(500736K)] 815523K->340583K(1025024K), 0.0351027 secs] [Times: user=0.07 sys=0.00, real=0.04 secs] 
2021-05-27T16:45:49.754+0800: 1149301.453: [GC (Allocation Failure) [PSYoungGen: 500064K->12960K(502784K)] 821863K->346619K(1027072K), 0.0273533 secs] [Times: user=0.04 sys=0.04, real=0.02 secs] 
2021-05-27T16:51:57.790+0800: 1149669.489: [GC (Allocation Failure) [PSYoungGen: 494240K->17792K(501760K)] 827899K->360000K(1026048K), 0.0858037 secs] [Times: user=0.05 sys=0.05, real=0.09 secs] 
2021-05-27T16:59:10.190+0800: 1150101.888: [GC (Allocation Failure) [PSYoungGen: 499072K->17856K(499200K)] 841280K->372484K(1023488K), 0.0333607 secs] [Times: user=0.05 sys=0.04, real=0.04 secs] 
2021-05-27T17:06:29.738+0800: 1150541.436: [GC (Allocation Failure) [PSYoungGen: 499136K->15200K(502272K)] 853764K->382645K(1026560K), 0.0298517 secs] [Times: user=0.04 sys=0.04, real=0.03 secs] 
2021-05-27T17:13:29.613+0800: 1150961.311: [GC (Allocation Failure) [PSYoungGen: 494944K->11552K(501760K)] 862389K->388528K(1026048K), 0.0370077 secs] [Times: user=0.08 sys=0.00, real=0.03 secs] 
2021-05-27T17:19:53.593+0800: 1151345.292: [GC (Allocation Failure) [PSYoungGen: 491296K->10944K(502784K)] 868272K->394811K(1027072K), 0.0264037 secs] [Times: user=0.03 sys=0.04, real=0.02 secs] 
2021-05-27T17:26:18.596+0800: 1151730.294: [GC (Allocation Failure) [PSYoungGen: 491712K->9472K(502272K)] 875579K->402618K(1026560K), 0.0256261 secs] [Times: user=0.03 sys=0.03, real=0.02 secs] 
2021-05-27T17:32:40.527+0800: 1152112.225: [GC (Allocation Failure) [PSYoungGen: 490240K->10304K(503296K)] 883386K->410644K(1027584K), 0.0275612 secs] [Times: user=0.04 sys=0.04, real=0.03 secs] 
2021-05-27T17:39:14.621+0800: 1152506.320: [GC (Allocation Failure) [PSYoungGen: 492096K->19232K(501248K)] 892436K->426986K(1025536K), 0.0368441 secs] [Times: user=0.05 sys=0.05, real=0.04 secs] 
2021-05-27T17:45:34.227+0800: 1152885.925: [GC (Allocation Failure) [PSYoungGen: 501024K->22208K(496640K)] 908778K->442672K(1020928K), 0.0432809 secs] [Times: user=0.09 sys=0.00, real=0.04 secs] 
2021-05-27T17:51:28.510+0800: 1153240.208: [GC (Allocation Failure) [PSYoungGen: 496320K->10976K(499200K)] 916784K->443134K(1023488K), 0.0394080 secs] [Times: user=0.04 sys=0.05, real=0.04 secs] 
2021-05-27T17:57:16.222+0800: 1153587.920: [GC (Allocation Failure) [PSYoungGen: 485088K->10624K(500224K)] 917246K->451318K(1024512K), 0.0244930 secs] [Times: user=0.04 sys=0.03, real=0.02 secs] 
2021-05-27T18:03:06.427+0800: 1153938.125: [GC (Allocation Failure) [PSYoungGen: 486272K->11168K(499712K)] 926966K->459994K(1024000K), 0.0284823 secs] [Times: user=0.08 sys=0.00, real=0.03 secs] 
2021-05-27T18:08:56.655+0800: 1154288.353: [GC (Allocation Failure) [PSYoungGen: 486816K->16736K(500736K)] 935642K->474528K(1025024K), 0.0363443 secs] [Times: user=0.04 sys=0.06, real=0.03 secs] 
2021-05-27T18:14:46.798+0800: 1154638.496: [GC (Allocation Failure) [PSYoungGen: 493920K->15104K(500736K)] 951712K->483907K(1025024K), 0.0293987 secs] [Times: user=0.04 sys=0.04, real=0.03 secs] 
2021-05-27T18:20:40.219+0800: 1154991.917: [GC (Allocation Failure) [PSYoungGen: 492288K->8864K(501248K)] 961091K->488170K(1025536K), 0.0308909 secs] [Times: user=0.05 sys=0.04, real=0.03 secs] 
2021-05-27T18:26:42.482+0800: 1155354.180: [GC (Allocation Failure) [PSYoungGen: 487072K->8480K(501248K)] 966378K->495053K(1025536K), 0.0532178 secs] [Times: user=0.04 sys=0.04, real=0.05 secs] 
2021-05-27T18:32:37.660+0800: 1155709.358: [GC (Allocation Failure) [PSYoungGen: 486688K->12480K(502272K)] 973261K->505849K(1026560K), 0.0330916 secs] [Times: user=0.05 sys=0.05, real=0.04 secs] 
2021-05-27T18:39:15.161+0800: 1156106.859: [GC (Allocation Failure) [PSYoungGen: 491712K->18248K(501248K)] 985081K->519935K(1025536K), 0.0442540 secs] [Times: user=0.05 sys=0.06, real=0.05 secs] 
2021-05-27T18:45:29.729+0800: 1156481.427: [GC (Allocation Failure) [PSYoungGen: 497480K->12224K(501760K)] 999167K->524912K(1026048K), 0.0359225 secs] [Times: user=0.05 sys=0.05, real=0.04 secs] 
2021-05-27T18:45:29.766+0800: 1156481.464: [Full GC (Ergonomics) [PSYoungGen: 12224K->0K(501760K)] [ParOldGen: 512688K->306169K(524288K)] 524912K->306169K(1026048K), [Metaspace: 96075K->96072K(1138688K)], 0.5568225 secs] [Times: user=1.19 sys=0.00, real=0.56 secs] 
2021-05-27T18:51:47.200+0800: 1156858.899: [GC (Allocation Failure) [PSYoungGen: 478720K->16288K(501248K)] 784889K->322457K(1025536K), 0.0328398 secs] [Times: user=0.07 sys=0.00, real=0.04 secs] 
2021-05-27T18:58:04.565+0800: 1157236.264: [GC (Allocation Failure) [PSYoungGen: 495008K->10752K(502272K)] 801177K->328719K(1026560K), 0.0261919 secs] [Times: user=0.04 sys=0.04, real=0.02 secs] 
2021-05-27T19:04:29.969+0800: 1157621.667: [GC (Allocation Failure) [PSYoungGen: 490496K->8448K(501760K)] 808463K->334584K(1026048K), 0.0263136 secs] [Times: user=0.04 sys=0.04, real=0.03 secs] 
2021-05-27T19:10:52.108+0800: 1158003.806: [GC (Allocation Failure) [PSYoungGen: 488192K->7104K(502272K)] 814328K->339762K(1026560K), 0.0221502 secs] [Times: user=0.04 sys=0.04, real=0.02 secs] 
2021-05-27T19:17:14.219+0800: 1158385.917: [GC (Allocation Failure) [PSYoungGen: 487355K->10368K(502272K)] 820013K->348095K(1026560K), 0.0270091 secs] [Times: user=0.08 sys=0.00, real=0.03 secs] 
2021-05-27T19:23:25.455+0800: 1158757.153: [GC (Allocation Failure) [PSYoungGen: 490624K->9352K(503296K)] 828351K->355712K(1027584K), 0.0365310 secs] [Times: user=0.08 sys=0.00, real=0.03 secs] 
2021-05-27T19:29:51.138+0800: 1159142.836: [GC (Allocation Failure) [PSYoungGen: 491144K->5888K(502784K)] 837504K->359018K(1027072K), 0.0233808 secs] [Times: user=0.03 sys=0.03, real=0.02 secs] 
2021-05-27T19:36:01.728+0800: 1159513.427: [GC (Allocation Failure) [PSYoungGen: 487680K->15968K(501248K)] 840810K->373647K(1025536K), 0.0335961 secs] [Times: user=0.04 sys=0.04, real=0.04 secs] 
2021-05-27T19:42:27.051+0800: 1159898.749: [GC (Allocation Failure) [PSYoungGen: 496224K->11520K(502272K)] 853903K->380039K(1026560K), 0.0269535 secs] [Times: user=0.04 sys=0.04, real=0.03 secs] 
2021-05-27T19:48:52.517+0800: 1160284.215: [GC (Allocation Failure) [PSYoungGen: 491776K->8480K(503808K)] 860295K->385817K(1028096K), 0.0314151 secs] [Times: user=0.04 sys=0.05, real=0.03 secs] 
2021-05-27T19:55:05.308+0800: 1160657.006: [GC (Allocation Failure) [PSYoungGen: 491296K->14752K(503296K)] 868633K->398647K(1027584K), 0.0815468 secs] [Times: user=0.04 sys=0.04, real=0.08 secs] 
2021-05-27T20:01:27.088+0800: 1161038.787: [GC (Allocation Failure) [PSYoungGen: 497568K->11872K(504320K)] 881463K->405912K(1028608K), 0.0488667 secs] [Times: user=0.03 sys=0.04, real=0.05 secs] 
2021-05-27T20:07:46.733+0800: 1161418.432: [GC (Allocation Failure) [PSYoungGen: 495200K->12864K(503296K)] 889240K->415513K(1027584K), 0.0656971 secs] [Times: user=0.08 sys=0.00, real=0.06 secs] 
2021-05-27T20:14:15.627+0800: 1161807.325: [GC (Allocation Failure) [PSYoungGen: 496192K->10304K(504832K)] 898841K->422963K(1029120K), 0.0757258 secs] [Times: user=0.05 sys=0.05, real=0.08 secs] 
2021-05-27T20:20:44.638+0800: 1162196.336: [GC (Allocation Failure) [PSYoungGen: 495168K->8704K(504320K)] 907827K->428964K(1028608K), 0.0286323 secs] [Times: user=0.08 sys=0.00, real=0.03 secs] 
2021-05-27T20:26:59.131+0800: 1162570.829: [GC (Allocation Failure) [PSYoungGen: 493568K->11648K(505856K)] 913828K->438983K(1030144K), 0.0266076 secs] [Times: user=0.04 sys=0.04, real=0.03 secs] 
2021-05-27T20:33:23.359+0800: 1162955.058: [GC (Allocation Failure) [PSYoungGen: 498560K->8480K(505344K)] 925895K->444105K(1029632K), 0.0298592 secs] [Times: user=0.04 sys=0.04, real=0.03 secs] 
2021-05-27T20:39:44.132+0800: 1163335.830: [GC (Allocation Failure) [PSYoungGen: 495392K->15008K(504832K)] 931017K->457029K(1029120K), 0.0294791 secs] [Times: user=0.04 sys=0.05, real=0.03 secs] 
2021-05-27T20:46:02.132+0800: 1163713.831: [GC (Allocation Failure) [PSYoungGen: 501408K->15680K(502272K)] 943429K->467560K(1026560K), 0.0568889 secs] [Times: user=0.04 sys=0.04, real=0.05 secs] 
2021-05-27T20:52:16.238+0800: 1164087.936: [GC (Allocation Failure) [PSYoungGen: 502080K->15648K(503296K)] 953960K->478707K(1027584K), 0.0618670 secs] [Times: user=0.09 sys=0.00, real=0.06 secs] 
2021-05-27T20:58:35.641+0800: 1164467.340: [GC (Allocation Failure) [PSYoungGen: 498976K->12576K(503808K)] 962035K->486085K(1028096K), 0.0302263 secs] [Times: user=0.04 sys=0.04, real=0.03 secs] 
2021-05-27T21:05:07.725+0800: 1164859.424: [GC (Allocation Failure) [PSYoungGen: 495904K->10720K(504832K)] 969413K->493166K(1029120K), 0.0324941 secs] [Times: user=0.09 sys=0.00, real=0.03 secs] 
2021-05-27T21:11:29.171+0800: 1165240.870: [GC (Allocation Failure) [PSYoungGen: 495584K->15232K(504320K)] 978030K->504707K(1028608K), 0.0282155 secs] [Times: user=0.08 sys=0.00, real=0.03 secs] 
2021-05-27T21:17:42.074+0800: 1165613.772: [GC (Allocation Failure) [PSYoungGen: 500096K->15968K(503296K)] 989571K->515973K(1027584K), 0.0358752 secs] [Times: user=0.08 sys=0.00, real=0.03 secs] 
2021-05-27T21:24:01.030+0800: 1165992.728: [GC (Allocation Failure) [PSYoungGen: 499296K->11840K(503808K)] 999301K->522270K(1028096K), 0.0335538 secs] [Times: user=0.04 sys=0.05, real=0.04 secs] 
2021-05-27T21:30:28.796+0800: 1166380.494: [GC (Allocation Failure) [PSYoungGen: 495168K->7456K(504320K)] 1005598K->527886K(1028608K), 0.0276906 secs] [Times: user=0.04 sys=0.05, real=0.03 secs] 
2021-05-27T21:30:28.824+0800: 1166380.522: [Full GC (Ergonomics) [PSYoungGen: 7456K->0K(504320K)] [ParOldGen: 520430K->296591K(524288K)] 527886K->296591K(1028608K), [Metaspace: 96075K->96075K(1138688K)], 0.5054944 secs] [Times: user=1.09 sys=0.00, real=0.50 secs] 
2021-05-27T21:36:59.639+0800: 1166771.337: [GC (Allocation Failure) [PSYoungGen: 484352K->10336K(504320K)] 780943K->306927K(1028608K), 0.0215163 secs] [Times: user=0.03 sys=0.03, real=0.02 secs] 
2021-05-27T21:43:29.123+0800: 1167160.821: [GC (Allocation Failure) [PSYoungGen: 494688K->9088K(504832K)] 791279K->314130K(1029120K), 0.0253896 secs] [Times: user=0.04 sys=0.04, real=0.02 secs] 
2021-05-27T21:49:47.932+0800: 1167539.630: [GC (Allocation Failure) [PSYoungGen: 494464K->14656K(504832K)] 799506K->326271K(1029120K), 0.0345884 secs] [Times: user=0.04 sys=0.04, real=0.04 secs] 
2021-05-27T21:56:03.589+0800: 1167915.287: [GC (Allocation Failure) [PSYoungGen: 500032K->14912K(503808K)] 811647K->336153K(1028096K), 0.0363102 secs] [Times: user=0.03 sys=0.04, real=0.04 secs] 
2021-05-27T22:02:23.085+0800: 1168294.784: [GC (Allocation Failure) [PSYoungGen: 499264K->15552K(500224K)] 820505K->346133K(1024512K), 0.0312051 secs] [Times: user=0.04 sys=0.05, real=0.03 secs] 
2021-05-27T22:08:49.530+0800: 1168681.228: [GC (Allocation Failure) [PSYoungGen: 499904K->9504K(503808K)] 830485K->351236K(1028096K), 0.0294269 secs] [Times: user=0.04 sys=0.05, real=0.03 secs] 
2021-05-27T22:15:00.681+0800: 1169052.380: [GC (Allocation Failure) [PSYoungGen: 492832K->14400K(503808K)] 834564K->362986K(1028096K), 0.0276217 secs] [Times: user=0.04 sys=0.04, real=0.03 secs] 
2021-05-27T22:21:14.618+0800: 1169426.316: [GC (Allocation Failure) [PSYoungGen: 497728K->13952K(504320K)] 846314K->373141K(1028608K), 0.0294815 secs] [Times: user=0.04 sys=0.04, real=0.03 secs] 
2021-05-27T22:27:36.081+0800: 1169807.779: [GC (Allocation Failure) [PSYoungGen: 497792K->9984K(503808K)] 856981K->379110K(1028096K), 0.0318419 secs] [Times: user=0.08 sys=0.00, real=0.04 secs] 
2021-05-27T22:33:54.095+0800: 1170185.793: [GC (Allocation Failure) [PSYoungGen: 493824K->15104K(504320K)] 862950K->392049K(1028608K), 0.0301996 secs] [Times: user=0.04 sys=0.04, real=0.03 secs] 
2021-05-27T22:40:12.585+0800: 1170564.284: [GC (Allocation Failure) [PSYoungGen: 499456K->9280K(504320K)] 876401K->397074K(1028608K), 0.0255978 secs] [Times: user=0.08 sys=0.00, real=0.02 secs] 
2021-05-27T22:46:32.984+0800: 1170944.682: [GC (Allocation Failure) [PSYoungGen: 493632K->12288K(505344K)] 881426K->407398K(1029632K), 0.0366975 secs] [Times: user=0.04 sys=0.04, real=0.03 secs] 
2021-05-27T22:52:48.876+0800: 1171320.574: [GC (Allocation Failure) [PSYoungGen: 497664K->13344K(504320K)] 892774K->417722K(1028608K), 0.0369122 secs] [Times: user=0.05 sys=0.05, real=0.04 secs] 
2021-05-27T22:59:10.513+0800: 1171702.211: [GC (Allocation Failure) [PSYoungGen: 498717K->13824K(505344K)] 903095K->428222K(1029632K), 0.0300126 secs] [Times: user=0.04 sys=0.04, real=0.03 secs] 
2021-05-27T23:05:30.452+0800: 1172082.151: [GC (Allocation Failure) [PSYoungGen: 500224K->14912K(505344K)] 914622K->438713K(1029632K), 0.0286058 secs] [Times: user=0.04 sys=0.04, real=0.02 secs] 
2021-05-27T23:11:21.947+0800: 1172433.646: [GC (Allocation Failure) [PSYoungGen: 501216K->12633K(505856K)] 925018K->448168K(1030144K), 0.0268336 secs] [Times: user=0.05 sys=0.04, real=0.03 secs] 
2021-05-27T23:11:51.660+0800: 1172463.359: [GC (Allocation Failure) [PSYoungGen: 499277K->6627K(505344K)] 934812K->450349K(1029632K), 0.0236420 secs] [Times: user=0.07 sys=0.00, real=0.03 secs] 
2021-05-27T23:12:26.132+0800: 1172497.831: [GC (Allocation Failure) [PSYoungGen: 492922K->2119K(503296K)] 936644K->449031K(1027584K), 0.0130893 secs] [Times: user=0.02 sys=0.02, real=0.01 secs] 
2021-05-27T23:13:00.855+0800: 1172532.553: [GC (Allocation Failure) [PSYoungGen: 486471K->960K(485376K)] 933383K->448319K(1009664K), 0.0132494 secs] [Times: user=0.02 sys=0.02, real=0.01 secs] 
2021-05-27T23:13:33.622+0800: 1172565.320: [GC (Allocation Failure) [PSYoungGen: 485025K->1959K(502272K)] 932385K->449487K(1026560K), 0.0129509 secs] [Times: user=0.02 sys=0.02, real=0.02 secs] 
2021-05-27T23:14:04.495+0800: 1172596.193: [GC (Allocation Failure) [PSYoungGen: 482810K->928K(502784K)] 930338K->448759K(1027072K), 0.0123031 secs] [Times: user=0.04 sys=0.00, real=0.01 secs] 
2021-05-27T23:14:35.467+0800: 1172627.166: [GC (Allocation Failure) [PSYoungGen: 481996K->3239K(503296K)] 929828K->451335K(1027584K), 0.0146213 secs] [Times: user=0.02 sys=0.02, real=0.02 secs] 
2021-05-27T23:15:06.548+0800: 1172658.246: [GC (Allocation Failure) [PSYoungGen: 484564K->2560K(502784K)] 932660K->452301K(1027072K), 0.0160565 secs] [Times: user=0.05 sys=0.00, real=0.02 secs] 
2021-05-27T23:15:40.968+0800: 1172692.666: [GC (Allocation Failure) [PSYoungGen: 484084K->1440K(503808K)] 933826K->453091K(1028096K), 0.0128174 secs] [Times: user=0.01 sys=0.03, real=0.01 secs] 
2021-05-27T23:16:15.362+0800: 1172727.060: [GC (Allocation Failure) [PSYoungGen: 483680K->1024K(503296K)] 935331K->453354K(1027584K), 0.0129204 secs] [Times: user=0.02 sys=0.02, real=0.02 secs] 
2021-05-27T23:16:48.914+0800: 1172760.612: [GC (Allocation Failure) [PSYoungGen: 483615K->2471K(504832K)] 935946K->454994K(1029120K), 0.0137958 secs] [Times: user=0.02 sys=0.02, real=0.01 secs] 
2021-05-27T23:17:19.832+0800: 1172791.530: [GC (Allocation Failure) [PSYoungGen: 486793K->2375K(504320K)] 939316K->455657K(1028608K), 0.0150780 secs] [Times: user=0.02 sys=0.02, real=0.02 secs] 
2021-05-27T23:17:50.842+0800: 1172822.540: [GC (Allocation Failure) [PSYoungGen: 486681K->928K(506368K)] 939963K->454945K(1030656K), 0.0122617 secs] [Times: user=0.02 sys=0.02, real=0.02 secs] 
2021-05-27T23:18:22.940+0800: 1172854.638: [GC (Allocation Failure) [PSYoungGen: 488864K->832K(505856K)] 942881K->455025K(1030144K), 0.0132161 secs] [Times: user=0.02 sys=0.02, real=0.02 secs] 
2021-05-27T23:18:57.900+0800: 1172889.599: [GC (Allocation Failure) [PSYoungGen: 488768K->1184K(507392K)] 942961K->455553K(1031680K), 0.0136164 secs] [Times: user=0.04 sys=0.00, real=0.02 secs] 
2021-05-27T23:19:33.217+0800: 1172924.915: [GC (Allocation Failure) [PSYoungGen: 490975K->2471K(506880K)] 945345K->457248K(1031168K), 0.0125816 secs] [Times: user=0.02 sys=0.03, real=0.01 secs] 
2021-05-27T23:20:05.113+0800: 1172956.811: [GC (Allocation Failure) [PSYoungGen: 491721K->1024K(508928K)] 946498K->456472K(1033216K), 0.0139965 secs] [Times: user=0.02 sys=0.02, real=0.01 secs] 
2021-05-27T23:20:36.162+0800: 1172987.860: [GC (Allocation Failure) [PSYoungGen: 493275K->1991K(508416K)] 948723K->457640K(1032704K), 0.0123422 secs] [Times: user=0.02 sys=0.02, real=0.02 secs] 
2021-05-27T23:21:08.899+0800: 1173020.598: [GC (Allocation Failure) [PSYoungGen: 494794K->2119K(510464K)] 950443K->457999K(1034752K), 0.0125688 secs] [Times: user=0.02 sys=0.02, real=0.02 secs] 
2021-05-27T23:21:44.812+0800: 1173056.510: [GC (Allocation Failure) [PSYoungGen: 497878K->1280K(509952K)] 953758K->457631K(1034240K), 0.0116252 secs] [Times: user=0.01 sys=0.02, real=0.02 secs] 
2021-05-27T23:22:19.483+0800: 1173091.181: [GC (Allocation Failure) [PSYoungGen: 496871K->1216K(512000K)] 953223K->457999K(1036288K), 0.0139184 secs] [Times: user=0.02 sys=0.02, real=0.01 secs] 
2021-05-27T23:22:50.448+0800: 1173122.146: [GC (Allocation Failure) [PSYoungGen: 498995K->864K(510976K)] 955779K->458191K(1035264K), 0.0116695 secs] [Times: user=0.01 sys=0.02, real=0.01 secs] 
2021-05-27T23:23:21.487+0800: 1173153.186: [GC (Allocation Failure) [PSYoungGen: 498942K->1696K(513024K)] 956269K->459183K(1037312K), 0.0139398 secs] [Times: user=0.02 sys=0.02, real=0.01 secs] 
2021-05-27T23:23:56.982+0800: 1173188.680: [GC (Allocation Failure) [PSYoungGen: 502279K->1248K(512512K)] 959766K->459614K(1036800K), 0.0120785 secs] [Times: user=0.02 sys=0.03, real=0.02 secs] 
2021-05-27T23:24:32.809+0800: 1173224.507: [GC (Allocation Failure) [PSYoungGen: 501753K->2311K(514560K)] 960120K->461085K(1038848K), 0.0130135 secs] [Times: user=0.01 sys=0.01, real=0.02 secs] 
2021-05-27T23:25:05.656+0800: 1173257.354: [GC (Allocation Failure) [PSYoungGen: 505223K->2151K(513536K)] 963997K->461397K(1037824K), 0.0124465 secs] [Times: user=0.02 sys=0.02, real=0.01 secs] 
2021-05-27T23:25:36.664+0800: 1173288.363: [GC (Allocation Failure) [PSYoungGen: 505087K->2119K(515584K)] 964332K->461860K(1039872K), 0.0129844 secs] [Times: user=0.02 sys=0.01, real=0.01 secs] 
2021-05-27T23:26:12.081+0800: 1173323.779: [GC (Allocation Failure) [PSYoungGen: 508487K->1440K(515072K)] 968228K->461589K(1039360K), 0.0146596 secs] [Times: user=0.05 sys=0.00, real=0.02 secs] 
2021-05-27T23:26:48.779+0800: 1173360.478: [GC (Allocation Failure) [PSYoungGen: 507808K->1536K(516608K)] 967957K->462396K(1040896K), 0.0133219 secs] [Times: user=0.02 sys=0.02, real=0.02 secs] 
2021-05-27T23:27:20.884+0800: 1173392.582: [GC (Allocation Failure) [PSYoungGen: 509197K->2983K(516096K)] 970058K->464730K(1040384K), 0.0141019 secs] [Times: user=0.02 sys=0.02, real=0.01 secs] 
2021-05-27T23:27:52.767+0800: 1173424.465: [GC (Allocation Failure) [PSYoungGen: 511215K->2343K(517120K)] 972962K->465504K(1041408K), 0.0123428 secs] [Times: user=0.04 sys=0.00, real=0.01 secs] 
2021-05-27T23:31:02.323+0800: 1173614.021: [GC (Allocation Failure) [PSYoungGen: 511783K->5632K(516608K)] 974944K->469424K(1040896K), 0.0314451 secs] [Times: user=0.03 sys=0.03, real=0.03 secs] 
2021-05-27T23:37:35.998+0800: 1174007.697: [GC (Allocation Failure) [PSYoungGen: 515072K->5152K(515584K)] 978864K->473340K(1039872K), 0.0214518 secs] [Times: user=0.03 sys=0.04, real=0.02 secs] 
2021-05-27T23:44:07.429+0800: 1174399.127: [GC (Allocation Failure) [PSYoungGen: 513056K->8192K(516096K)] 981244K->483506K(1040384K), 0.0213360 secs] [Times: user=0.04 sys=0.04, real=0.02 secs] 
2021-05-27T23:50:39.898+0800: 1174791.597: [GC (Allocation Failure) [PSYoungGen: 516096K->8192K(497664K)] 991410K->494851K(1021952K), 0.0276666 secs] [Times: user=0.04 sys=0.04, real=0.03 secs] 
2021-05-27T23:57:03.803+0800: 1175175.501: [GC (Allocation Failure) [PSYoungGen: 497664K->6848K(506880K)] 984323K->501339K(1031168K), 0.0270683 secs] [Times: user=0.08 sys=0.00, real=0.02 secs] 
2021-05-28T00:03:13.462+0800: 1175545.160: [GC (Allocation Failure) [PSYoungGen: 496320K->8416K(507904K)] 990811K->508246K(1032192K), 0.0246682 secs] [Times: user=0.04 sys=0.04, real=0.03 secs] 
2021-05-28T00:09:29.494+0800: 1175921.192: [GC (Allocation Failure) [PSYoungGen: 499936K->14240K(505856K)] 999766K->520188K(1030144K), 0.0706651 secs] [Times: user=0.05 sys=0.05, real=0.07 secs] 
2021-05-28T00:12:08.742+0800: 1176080.441: [GC (Allocation Failure) [PSYoungGen: 505750K->13743K(502784K)] 1011699K->529869K(1027072K), 0.0227695 secs] [Times: user=0.07 sys=0.00, real=0.02 secs] 
2021-05-28T00:12:08.765+0800: 1176080.464: [Full GC (Ergonomics) [PSYoungGen: 13743K->0K(502784K)] [ParOldGen: 516126K->301787K(524288K)] 529869K->301787K(1027072K), [Metaspace: 96129K->96125K(1138688K)], 0.4493369 secs] [Times: user=1.05 sys=0.00, real=0.45 secs] 
2021-05-28T00:12:40.878+0800: 1176112.576: [GC (Allocation Failure) [PSYoungGen: 484352K->3111K(504320K)] 786139K->304899K(1028608K), 0.0117370 secs] [Times: user=0.02 sys=0.01, real=0.01 secs] 
2021-05-28T00:13:15.145+0800: 1176146.844: [GC (Allocation Failure) [PSYoungGen: 487411K->2240K(505344K)] 789199K->306401K(1029632K), 0.0146810 secs] [Times: user=0.02 sys=0.02, real=0.01 secs] 
2021-05-28T00:13:49.466+0800: 1176181.164: [GC (Allocation Failure) [PSYoungGen: 487208K->1248K(504832K)] 791369K->306879K(1029120K), 0.0138327 secs] [Times: user=0.01 sys=0.03, real=0.01 secs] 
2021-05-28T00:14:21.146+0800: 1176212.844: [GC (Allocation Failure) [PSYoungGen: 486938K->2439K(506368K)] 792570K->308614K(1030656K), 0.0136908 secs] [Times: user=0.02 sys=0.02, real=0.01 secs] 
2021-05-28T00:14:49.904+0800: 1176241.602: [GC (Allocation Failure) [PSYoungGen: 489665K->4229K(505344K)] 795841K->311115K(1029632K), 0.0127418 secs] [Times: user=0.02 sys=0.02, real=0.01 secs] 
2021-05-28T00:15:21.267+0800: 1176272.965: [GC (Allocation Failure) [PSYoungGen: 491355K->2288K(507904K)] 798241K->311926K(1032192K), 0.0127500 secs] [Times: user=0.02 sys=0.03, real=0.01 secs] 
2021-05-28T00:15:52.864+0800: 1176304.562: [GC (Allocation Failure) [PSYoungGen: 491933K->2016K(506880K)] 801570K->312302K(1031168K), 0.0143044 secs] [Times: user=0.02 sys=0.02, real=0.01 secs] 
2021-05-28T00:16:24.786+0800: 1176336.484: [GC (Allocation Failure) [PSYoungGen: 491909K->2048K(508928K)] 802196K->313708K(1033216K), 0.0146291 secs] [Times: user=0.04 sys=0.00, real=0.01 secs] 
2021-05-28T00:16:58.007+0800: 1176369.705: [GC (Allocation Failure) [PSYoungGen: 494547K->1856K(508416K)] 806208K->314915K(1032704K), 0.0125001 secs] [Times: user=0.01 sys=0.02, real=0.01 secs] 
2021-05-28T00:17:33.240+0800: 1176404.939: [GC (Allocation Failure) [PSYoungGen: 494894K->2567K(509952K)] 807953K->316825K(1034240K), 0.0162200 secs] [Times: user=0.01 sys=0.02, real=0.02 secs] 
2021-05-28T00:18:06.633+0800: 1176438.331: [GC (Allocation Failure) [PSYoungGen: 496738K->3495K(509440K)] 810996K->318648K(1033728K), 0.0142996 secs] [Times: user=0.02 sys=0.02, real=0.01 secs] 
2021-05-28T00:18:38.185+0800: 1176469.884: [GC (Allocation Failure) [PSYoungGen: 498030K->2720K(511488K)] 813183K->319774K(1035776K), 0.0135323 secs] [Times: user=0.01 sys=0.01, real=0.01 secs] 
2021-05-28T00:19:10.158+0800: 1176501.856: [GC (Allocation Failure) [PSYoungGen: 500671K->3303K(510976K)] 817725K->322475K(1035264K), 0.0210264 secs] [Times: user=0.02 sys=0.02, real=0.02 secs] 
2021-05-28T00:19:45.485+0800: 1176537.183: [GC (Allocation Failure) [PSYoungGen: 501318K->3079K(513024K)] 820489K->323905K(1037312K), 0.0145205 secs] [Times: user=0.02 sys=0.02, real=0.01 secs] 
2021-05-28T00:20:21.883+0800: 1176573.581: [GC (Allocation Failure) [PSYoungGen: 504163K->2823K(512512K)] 824988K->325047K(1036800K), 0.0150590 secs] [Times: user=0.02 sys=0.02, real=0.01 secs] 
2021-05-28T00:20:53.454+0800: 1176605.152: [GC (Allocation Failure) [PSYoungGen: 503169K->864K(513536K)] 825392K->324358K(1037824K), 0.0118678 secs] [Times: user=0.02 sys=0.01, real=0.01 secs] 
2021-05-28T00:21:25.412+0800: 1176637.110: [GC (Allocation Failure) [PSYoungGen: 503161K->928K(513536K)] 826656K->324582K(1037824K), 0.0161777 secs] [Times: user=0.02 sys=0.03, real=0.02 secs] 
2021-05-28T00:22:00.684+0800: 1176672.382: [GC (Allocation Failure) [PSYoungGen: 503325K->1024K(514560K)] 826979K->324846K(1038848K), 0.0116219 secs] [Times: user=0.01 sys=0.02, real=0.01 secs] 
2021-05-28T00:22:37.153+0800: 1176708.852: [GC (Allocation Failure) [PSYoungGen: 504927K->2343K(514048K)] 828749K->326413K(1038336K), 0.0166664 secs] [Times: user=0.02 sys=0.02, real=0.01 secs] 
2021-05-28T00:23:08.711+0800: 1176740.409: [GC (Allocation Failure) [PSYoungGen: 506158K->960K(515072K)] 830228K->325701K(1039360K), 0.0119022 secs] [Times: user=0.01 sys=0.02, real=0.02 secs] 
2021-05-28T00:23:41.199+0800: 1176772.897: [GC (Allocation Failure) [PSYoungGen: 506399K->2055K(515072K)] 831141K->327045K(1039360K), 0.0129546 secs] [Times: user=0.02 sys=0.02, real=0.01 secs] 
2021-05-28T00:24:18.039+0800: 1176809.737: [GC (Allocation Failure) [PSYoungGen: 507392K->2663K(516096K)] 832381K->328052K(1040384K), 0.0369590 secs] [Times: user=0.02 sys=0.03, real=0.04 secs] 
2021-05-28T00:24:52.407+0800: 1176844.105: [GC (Allocation Failure) [PSYoungGen: 509843K->4143K(515584K)] 835231K->330491K(1039872K), 0.0149349 secs] [Times: user=0.02 sys=0.02, real=0.01 secs] 
2021-05-28T00:25:25.142+0800: 1176876.841: [GC (Allocation Failure) [PSYoungGen: 510697K->2272K(516608K)] 837045K->330273K(1040896K), 0.0155548 secs] [Times: user=0.01 sys=0.03, real=0.01 secs] 
2021-05-28T00:25:58.731+0800: 1176910.430: [GC (Allocation Failure) [PSYoungGen: 510659K->2343K(516096K)] 838661K->332023K(1040384K), 0.0133210 secs] [Times: user=0.01 sys=0.02, real=0.02 secs] 
2021-05-28T00:26:35.534+0800: 1176947.233: [GC (Allocation Failure) [PSYoungGen: 510759K->2855K(517632K)] 840439K->333174K(1041920K), 0.0125905 secs] [Times: user=0.01 sys=0.03, real=0.01 secs] 
2021-05-28T00:27:09.320+0800: 1176981.018: [GC (Allocation Failure) [PSYoungGen: 513133K->1959K(517120K)] 843452K->333421K(1041408K), 0.0143049 secs] [Times: user=0.02 sys=0.02, real=0.02 secs] 
2021-05-28T00:27:40.977+0800: 1177012.675: [GC (Allocation Failure) [PSYoungGen: 511934K->1895K(518144K)] 843396K->333605K(1042432K), 0.0127152 secs] [Times: user=0.01 sys=0.02, real=0.01 secs] 
2021-05-28T00:28:24.286+0800: 1177055.984: [GC (Allocation Failure) [PSYoungGen: 513383K->1920K(517632K)] 845093K->333797K(1041920K), 0.0162551 secs] [Times: user=0.02 sys=0.02, real=0.02 secs] 
2021-05-28T00:35:04.435+0800: 1177456.133: [GC (Allocation Failure) [PSYoungGen: 513408K->6144K(513024K)] 845285K->342787K(1037312K), 0.0192733 secs] [Times: user=0.03 sys=0.03, real=0.02 secs] 
2021-05-28T00:41:45.488+0800: 1177857.186: [GC (Allocation Failure) [PSYoungGen: 513024K->8704K(515584K)] 849667K->356055K(1039872K), 0.0231829 secs] [Times: user=0.04 sys=0.03, real=0.02 secs] 
2021-05-28T00:48:20.407+0800: 1178252.105: [GC (Allocation Failure) [PSYoungGen: 515584K->8672K(497152K)] 862935K->364537K(1021440K), 0.0640555 secs] [Times: user=0.04 sys=0.04, real=0.06 secs] 
2021-05-28T00:54:42.639+0800: 1178634.337: [GC (Allocation Failure) [PSYoungGen: 497120K->11360K(500224K)] 852985K->374115K(1024512K), 0.0320171 secs] [Times: user=0.04 sys=0.04, real=0.03 secs] 
2021-05-28T01:00:56.114+0800: 1179007.812: [GC (Allocation Failure) [PSYoungGen: 499808K->16896K(500224K)] 862563K->388336K(1024512K), 0.0387125 secs] [Times: user=0.05 sys=0.05, real=0.04 secs] 
2021-05-28T01:07:15.622+0800: 1179387.320: [GC (Allocation Failure) [PSYoungGen: 498176K->9696K(502784K)] 869616K->392366K(1027072K), 0.0860840 secs] [Times: user=0.04 sys=0.04, real=0.09 secs] 
2021-05-28T01:13:33.383+0800: 1179765.081: [GC (Allocation Failure) [PSYoungGen: 490976K->10144K(503808K)] 873646K->400273K(1028096K), 0.0245046 secs] [Times: user=0.04 sys=0.04, real=0.02 secs] 
2021-05-28T01:19:37.610+0800: 1180129.308: [GC (Allocation Failure) [PSYoungGen: 493472K->12232K(503808K)] 883601K->410517K(1028096K), 0.0416492 secs] [Times: user=0.05 sys=0.06, real=0.04 secs] 
2021-05-28T01:25:50.571+0800: 1180502.270: [GC (Allocation Failure) [PSYoungGen: 495560K->11168K(503808K)] 893845K->420158K(1028096K), 0.0427297 secs] [Times: user=0.08 sys=0.00, real=0.05 secs] 
2021-05-28T01:32:05.975+0800: 1180877.674: [GC (Allocation Failure) [PSYoungGen: 494496K->13984K(497664K)] 903486K->432307K(1021952K), 0.0594798 secs] [Times: user=0.03 sys=0.05, real=0.06 secs] 
2021-05-28T01:38:31.955+0800: 1181263.653: [GC (Allocation Failure) [PSYoungGen: 497312K->5632K(503808K)] 915635K->434480K(1028096K), 0.0235814 secs] [Times: user=0.03 sys=0.04, real=0.02 secs] 
2021-05-28T01:44:45.028+0800: 1181636.726: [GC (Allocation Failure) [PSYoungGen: 488448K->11136K(503296K)] 917296K->443877K(1027584K), 0.0312914 secs] [Times: user=0.04 sys=0.04, real=0.03 secs] 
2021-05-28T01:50:54.386+0800: 1182006.084: [GC (Allocation Failure) [PSYoungGen: 493952K->11104K(504320K)] 926693K->452288K(1028608K), 0.0328092 secs] [Times: user=0.04 sys=0.04, real=0.03 secs] 
2021-05-28T01:57:13.727+0800: 1182385.425: [GC (Allocation Failure) [PSYoungGen: 494944K->12032K(503808K)] 936128K->461419K(1028096K), 0.0345781 secs] [Times: user=0.05 sys=0.05, real=0.03 secs] 
2021-05-28T02:03:24.859+0800: 1182756.557: [GC (Allocation Failure) [PSYoungGen: 495872K->13344K(503296K)] 945259K->471486K(1027584K), 0.0335787 secs] [Times: user=0.04 sys=0.04, real=0.04 secs] 
2021-05-28T02:09:37.915+0800: 1183129.613: [GC (Allocation Failure) [PSYoungGen: 496672K->11552K(503808K)] 954814K->477960K(1028096K), 0.0341490 secs] [Times: user=0.04 sys=0.05, real=0.03 secs] 
2021-05-28T02:15:49.710+0800: 1183501.409: [GC (Allocation Failure) [PSYoungGen: 494880K->13632K(504320K)] 961288K->487316K(1028608K), 0.0568865 secs] [Times: user=0.04 sys=0.04, real=0.06 secs] 
2021-05-28T02:22:02.692+0800: 1183874.390: [GC (Allocation Failure) [PSYoungGen: 497984K->15392K(500224K)] 971668K->498719K(1024512K), 0.0415679 secs] [Times: user=0.05 sys=0.05, real=0.05 secs] 
2021-05-28T02:28:26.043+0800: 1184257.741: [GC (Allocation Failure) [PSYoungGen: 499744K->7712K(503808K)] 983071K->502363K(1028096K), 0.0336213 secs] [Times: user=0.05 sys=0.05, real=0.03 secs] 
2021-05-28T02:34:42.070+0800: 1184633.768: [GC (Allocation Failure) [PSYoungGen: 490528K->12064K(503296K)] 985179K->512777K(1027584K), 0.0432451 secs] [Times: user=0.05 sys=0.04, real=0.05 secs] 
2021-05-28T02:40:50.150+0800: 1185001.848: [GC (Allocation Failure) [PSYoungGen: 494880K->16864K(501248K)] 995593K->525895K(1025536K), 0.0354994 secs] [Times: user=0.09 sys=0.00, real=0.04 secs] 
2021-05-28T02:47:10.286+0800: 1185381.984: [GC (Allocation Failure) [PSYoungGen: 498144K->13792K(502784K)] 1007175K->533416K(1027072K), 0.0510762 secs] [Times: user=0.05 sys=0.04, real=0.05 secs] 
2021-05-28T02:47:10.337+0800: 1185382.036: [Full GC (Ergonomics) [PSYoungGen: 13792K->0K(502784K)] [ParOldGen: 519624K->308309K(524288K)] 533416K->308309K(1027072K), [Metaspace: 96174K->96174K(1138688K)], 0.4598642 secs] [Times: user=1.08 sys=0.00, real=0.46 secs] 
2021-05-28T02:53:25.337+0800: 1185757.035: [GC (Allocation Failure) [PSYoungGen: 481280K->11936K(503808K)] 789589K->320245K(1028096K), 0.0231381 secs] [Times: user=0.03 sys=0.03, real=0.02 secs] 
2021-05-28T02:59:42.811+0800: 1186134.509: [GC (Allocation Failure) [PSYoungGen: 494240K->11584K(502784K)] 802549K->330491K(1027072K), 0.0530446 secs] [Times: user=0.04 sys=0.04, real=0.06 secs] 
2021-05-28T03:05:58.666+0800: 1186510.364: [GC (Allocation Failure) [PSYoungGen: 493888K->13344K(504832K)] 812795K->341168K(1029120K), 0.0290918 secs] [Times: user=0.05 sys=0.05, real=0.03 secs] 
2021-05-28T03:12:13.690+0800: 1186885.388: [GC (Allocation Failure) [PSYoungGen: 498720K->13824K(504832K)] 826544K->352363K(1029120K), 0.0321830 secs] [Times: user=0.05 sys=0.04, real=0.04 secs] 
2021-05-28T03:18:30.975+0800: 1187262.673: [GC (Allocation Failure) [PSYoungGen: 499200K->12640K(505344K)] 837739K->360446K(1029632K), 0.0316215 secs] [Times: user=0.05 sys=0.04, real=0.03 secs] 
2021-05-28T03:24:46.195+0800: 1187637.893: [GC (Allocation Failure) [PSYoungGen: 498528K->14464K(504832K)] 846334K->370737K(1029120K), 0.0291902 secs] [Times: user=0.05 sys=0.04, real=0.03 secs] 
2021-05-28T03:31:06.962+0800: 1188018.660: [GC (Allocation Failure) [PSYoungGen: 500352K->8352K(504832K)] 856625K->376169K(1029120K), 0.0406662 secs] [Times: user=0.05 sys=0.03, real=0.05 secs] 
2021-05-28T03:37:18.727+0800: 1188390.425: [GC (Allocation Failure) [PSYoungGen: 493728K->14304K(504832K)] 861545K->388895K(1029120K), 0.0372697 secs] [Times: user=0.04 sys=0.04, real=0.04 secs] 
2021-05-28T03:43:35.283+0800: 1188766.981: [GC (Allocation Failure) [PSYoungGen: 499680K->13344K(505344K)] 874271K->397777K(1029632K), 0.0317414 secs] [Times: user=0.04 sys=0.05, real=0.03 secs] 
2021-05-28T03:49:51.991+0800: 1189143.689: [GC (Allocation Failure) [PSYoungGen: 499232K->9952K(504832K)] 883665K->405002K(1029120K), 0.0269421 secs] [Times: user=0.04 sys=0.05, real=0.03 secs] 
2021-05-28T03:56:05.335+0800: 1189517.033: [GC (Allocation Failure) [PSYoungGen: 495840K->14944K(504320K)] 890890K->417423K(1028608K), 0.0292906 secs] [Times: user=0.04 sys=0.05, real=0.03 secs] 
2021-05-28T04:02:24.187+0800: 1189895.885: [GC (Allocation Failure) [PSYoungGen: 500320K->12928K(504832K)] 902799K->425977K(1029120K), 0.0878432 secs] [Times: user=0.06 sys=0.06, real=0.09 secs] 
2021-05-28T04:08:48.313+0800: 1190280.011: [GC (Allocation Failure) [PSYoungGen: 498304K->7040K(505344K)] 911353K->430824K(1029632K), 0.0292223 secs] [Times: user=0.10 sys=0.00, real=0.03 secs] 
2021-05-28T04:15:06.929+0800: 1190658.628: [GC (Allocation Failure) [PSYoungGen: 493440K->9856K(505344K)] 917224K->438405K(1029632K), 0.0320416 secs] [Times: user=0.05 sys=0.05, real=0.03 secs] 
2021-05-28T04:21:26.928+0800: 1191038.626: [GC (Allocation Failure) [PSYoungGen: 496256K->9184K(505856K)] 924805K->445239K(1030144K), 0.0341842 secs] [Times: user=0.05 sys=0.05, real=0.04 secs] 
2021-05-28T04:27:41.292+0800: 1191412.990: [GC (Allocation Failure) [PSYoungGen: 496096K->17888K(504832K)] 932151K->460725K(1029120K), 0.0503765 secs] [Times: user=0.05 sys=0.05, real=0.06 secs] 
2021-05-28T04:33:54.729+0800: 1191786.427: [GC (Allocation Failure) [PSYoungGen: 504800K->10464K(504832K)] 947637K->465309K(1029120K), 0.0455773 secs] [Times: user=0.05 sys=0.05, real=0.05 secs] 
2021-05-28T04:40:17.963+0800: 1192169.661: [GC (Allocation Failure) [PSYoungGen: 495840K->8672K(504832K)] 950685K->471744K(1029120K), 0.0277125 secs] [Times: user=0.04 sys=0.04, real=0.02 secs] 
2021-05-28T04:46:35.860+0800: 1192547.559: [GC (Allocation Failure) [PSYoungGen: 494048K->11840K(505344K)] 957120K->481964K(1029632K), 0.0277870 secs] [Times: user=0.04 sys=0.04, real=0.03 secs] 
2021-05-28T04:52:59.017+0800: 1192930.716: [GC (Allocation Failure) [PSYoungGen: 497728K->7040K(504832K)] 967852K->486931K(1029120K), 0.0270156 secs] [Times: user=0.03 sys=0.04, real=0.03 secs] 
2021-05-28T04:59:22.717+0800: 1193314.415: [GC (Allocation Failure) [PSYoungGen: 492928K->7296K(505344K)] 972819K->492710K(1029632K), 0.0326784 secs] [Times: user=0.04 sys=0.03, real=0.03 secs] 
2021-05-28T05:05:42.086+0800: 1193693.785: [GC (Allocation Failure) [PSYoungGen: 493689K->8096K(505344K)] 979104K->499506K(1029632K), 0.0264630 secs] [Times: user=0.04 sys=0.04, real=0.03 secs] 
2021-05-28T05:11:55.668+0800: 1194067.366: [GC (Allocation Failure) [PSYoungGen: 494496K->18208K(501760K)] 985906K->515593K(1026048K), 0.0553902 secs] [Times: user=0.04 sys=0.04, real=0.06 secs] 
2021-05-28T05:18:08.842+0800: 1194440.540: [GC (Allocation Failure) [PSYoungGen: 501536K->11328K(503808K)] 998921K->520465K(1028096K), 0.0301937 secs] [Times: user=0.04 sys=0.04, real=0.03 secs] 
2021-05-28T05:24:28.025+0800: 1194819.723: [GC (Allocation Failure) [PSYoungGen: 494656K->7104K(504832K)] 1003793K->525399K(1029120K), 0.0292407 secs] [Times: user=0.05 sys=0.04, real=0.03 secs] 
2021-05-28T05:24:28.055+0800: 1194819.753: [Full GC (Ergonomics) [PSYoungGen: 7104K->0K(504832K)] [ParOldGen: 518295K->304084K(524288K)] 525399K->304084K(1029120K), [Metaspace: 96175K->96171K(1138688K)], 0.5410917 secs] [Times: user=1.14 sys=0.00, real=0.54 secs] 
2021-05-28T05:30:49.682+0800: 1195201.380: [GC (Allocation Failure) [PSYoungGen: 485376K->14464K(500224K)] 789460K->318548K(1024512K), 0.0464667 secs] [Times: user=0.04 sys=0.05, real=0.05 secs] 
2021-05-28T05:37:11.027+0800: 1195582.725: [GC (Allocation Failure) [PSYoungGen: 499840K->9952K(504832K)] 803924K->324548K(1029120K), 0.0610061 secs] [Times: user=0.04 sys=0.04, real=0.06 secs] 
2021-05-28T05:43:29.158+0800: 1195960.856: [GC (Allocation Failure) [PSYoungGen: 494816K->10432K(504320K)] 809412K->332655K(1028608K), 0.0278489 secs] [Times: user=0.04 sys=0.04, real=0.03 secs] 
2021-05-28T05:49:49.191+0800: 1196340.890: [GC (Allocation Failure) [PSYoungGen: 495293K->7904K(505856K)] 817517K->338511K(1030144K), 0.0331820 secs] [Times: user=0.03 sys=0.04, real=0.04 secs] 
2021-05-28T05:56:05.999+0800: 1196717.698: [GC (Allocation Failure) [PSYoungGen: 494816K->13152K(505344K)] 825423K->349946K(1029632K), 0.0261368 secs] [Times: user=0.04 sys=0.04, real=0.03 secs] 
2021-05-28T06:02:31.613+0800: 1197103.312: [GC (Allocation Failure) [PSYoungGen: 500064K->6848K(505856K)] 836858K->353968K(1030144K), 0.0529116 secs] [Times: user=0.04 sys=0.04, real=0.05 secs] 
2021-05-28T06:08:52.024+0800: 1197483.722: [GC (Allocation Failure) [PSYoungGen: 494272K->12224K(505856K)] 841392K->364132K(1030144K), 0.0278513 secs] [Times: user=0.08 sys=0.00, real=0.02 secs] 
2021-05-28T06:15:17.944+0800: 1197869.643: [GC (Allocation Failure) [PSYoungGen: 499648K->6944K(505856K)] 851556K->368263K(1030144K), 0.0245098 secs] [Times: user=0.04 sys=0.04, real=0.02 secs] 
2021-05-28T06:21:38.431+0800: 1198250.130: [GC (Allocation Failure) [PSYoungGen: 494368K->9664K(505856K)] 855687K->376579K(1030144K), 0.0315161 secs] [Times: user=0.05 sys=0.04, real=0.04 secs] 
2021-05-28T06:27:59.705+0800: 1198631.403: [GC (Allocation Failure) [PSYoungGen: 497088K->11456K(506880K)] 864003K->385494K(1031168K), 0.0365006 secs] [Times: user=0.04 sys=0.05, real=0.03 secs] 
2021-05-28T06:34:22.307+0800: 1199014.005: [GC (Allocation Failure) [PSYoungGen: 500416K->10400K(506368K)] 874454K->393161K(1030656K), 0.0320874 secs] [Times: user=0.05 sys=0.05, real=0.03 secs] 
2021-05-28T06:40:41.597+0800: 1199393.295: [GC (Allocation Failure) [PSYoungGen: 499360K->9248K(507904K)] 882121K->399155K(1032192K), 0.0362691 secs] [Times: user=0.04 sys=0.05, real=0.04 secs] 
2021-05-28T06:47:01.828+0800: 1199773.527: [GC (Allocation Failure) [PSYoungGen: 500256K->12704K(507392K)] 890163K->410036K(1031680K), 0.0407809 secs] [Times: user=0.04 sys=0.06, real=0.04 secs] 
2021-05-28T06:53:17.488+0800: 1200149.186: [GC (Allocation Failure) [PSYoungGen: 503712K->13728K(506368K)] 901044K->420800K(1030656K), 0.0415608 secs] [Times: user=0.10 sys=0.00, real=0.04 secs] 
2021-05-28T06:59:38.127+0800: 1200529.825: [GC (Allocation Failure) [PSYoungGen: 503200K->11552K(506880K)] 910272K->429410K(1031168K), 0.0293527 secs] [Times: user=0.05 sys=0.05, real=0.03 secs] 
2021-05-28T07:06:08.124+0800: 1200919.822: [GC (Allocation Failure) [PSYoungGen: 501024K->7904K(507392K)] 918882K->434858K(1031680K), 0.0328148 secs] [Times: user=0.04 sys=0.04, real=0.03 secs] 
2021-05-28T07:12:23.303+0800: 1201295.001: [GC (Allocation Failure) [PSYoungGen: 498400K->13888K(504832K)] 925354K->446031K(1029120K), 0.0341631 secs] [Times: user=0.05 sys=0.05, real=0.03 secs] 
2021-05-28T07:18:37.653+0800: 1201669.351: [GC (Allocation Failure) [PSYoungGen: 504384K->13704K(505856K)] 936527K->455269K(1030144K), 0.0316189 secs] [Times: user=0.05 sys=0.05, real=0.03 secs] 
2021-05-28T07:24:52.653+0800: 1202044.352: [GC (Allocation Failure) [PSYoungGen: 502152K->16192K(504832K)] 943717K->467433K(1029120K), 0.0312425 secs] [Times: user=0.08 sys=0.00, real=0.03 secs] 
2021-05-28T07:31:11.175+0800: 1202422.873: [GC (Allocation Failure) [PSYoungGen: 504640K->15168K(504320K)] 955881K->478531K(1028608K), 0.0350784 secs] [Times: user=0.05 sys=0.05, real=0.03 secs] 
2021-05-28T07:37:30.460+0800: 1202802.159: [GC (Allocation Failure) [PSYoungGen: 500544K->7936K(504832K)] 963907K->482572K(1029120K), 0.0307300 secs] [Times: user=0.04 sys=0.04, real=0.03 secs] 
2021-05-28T07:43:42.716+0800: 1203174.415: [GC (Allocation Failure) [PSYoungGen: 493312K->12128K(505344K)] 967948K->492280K(1029632K), 0.0250259 secs] [Times: user=0.04 sys=0.04, real=0.02 secs] 
2021-05-28T07:49:55.745+0800: 1203547.444: [GC (Allocation Failure) [PSYoungGen: 498016K->15360K(504832K)] 978168K->506066K(1029120K), 0.0541081 secs] [Times: user=0.05 sys=0.05, real=0.05 secs] 
2021-05-28T07:56:11.706+0800: 1203923.405: [GC (Allocation Failure) [PSYoungGen: 501248K->15328K(503808K)] 991954K->516301K(1028096K), 0.0401894 secs] [Times: user=0.11 sys=0.00, real=0.04 secs] 
2021-05-28T08:02:20.883+0800: 1204292.581: [GC (Allocation Failure) [PSYoungGen: 499680K->14944K(499712K)] 1000653K->525752K(1024000K), 0.0454392 secs] [Times: user=0.04 sys=0.04, real=0.04 secs] 
2021-05-28T08:02:20.929+0800: 1204292.627: [Full GC (Ergonomics) [PSYoungGen: 14944K->0K(499712K)] [ParOldGen: 510808K->311672K(524288K)] 525752K->311672K(1024000K), [Metaspace: 96175K->96171K(1138688K)], 0.4612612 secs] [Times: user=0.98 sys=0.00, real=0.46 secs] 
2021-05-28T08:08:28.056+0800: 1204659.755: [GC (Allocation Failure) [PSYoungGen: 484352K->16544K(502784K)] 796024K->328216K(1027072K), 0.0315025 secs] [Times: user=0.04 sys=0.04, real=0.03 secs] 
2021-05-28T08:14:36.021+0800: 1205027.720: [GC (Allocation Failure) [PSYoungGen: 498848K->12704K(503296K)] 810520K->336282K(1027584K), 0.0344721 secs] [Times: user=0.04 sys=0.05, real=0.04 secs] 
2021-05-28T08:20:42.439+0800: 1205394.137: [GC (Allocation Failure) [PSYoungGen: 495008K->18880K(500736K)] 818586K->350248K(1025024K), 0.0367331 secs] [Times: user=0.04 sys=0.04, real=0.04 secs] 
2021-05-28T08:27:01.259+0800: 1205772.957: [GC (Allocation Failure) [PSYoungGen: 499136K->5056K(485376K)] 830504K->349569K(1009664K), 0.0298458 secs] [Times: user=0.04 sys=0.04, real=0.03 secs] 
2021-05-28T08:33:20.153+0800: 1206151.851: [GC (Allocation Failure) [PSYoungGen: 485312K->7168K(501760K)] 829825K->355302K(1026048K), 0.0264695 secs] [Times: user=0.04 sys=0.04, real=0.02 secs] 
2021-05-28T08:39:36.701+0800: 1206528.399: [GC (Allocation Failure) [PSYoungGen: 486400K->12192K(501760K)] 834534K->365260K(1026048K), 0.0257447 secs] [Times: user=0.04 sys=0.04, real=0.03 secs] 
2021-05-28T08:45:51.274+0800: 1206902.973: [GC (Allocation Failure) [PSYoungGen: 491424K->13216K(503296K)] 844492K->376064K(1027584K), 0.0245510 secs] [Times: user=0.04 sys=0.03, real=0.02 secs] 
2021-05-28T08:52:01.080+0800: 1207272.778: [GC (Allocation Failure) [PSYoungGen: 495008K->14944K(502784K)] 857856K->388515K(1027072K), 0.0280526 secs] [Times: user=0.04 sys=0.04, real=0.03 secs] 
2021-05-28T08:58:17.157+0800: 1207648.855: [GC (Allocation Failure) [PSYoungGen: 496736K->12736K(503808K)] 870307K->396884K(1028096K), 0.0283026 secs] [Times: user=0.04 sys=0.04, real=0.03 secs] 
2021-05-28T09:04:31.516+0800: 1208023.215: [GC (Allocation Failure) [PSYoungGen: 495551K->14888K(503296K)] 879699K->408703K(1027584K), 0.0343153 secs] [Times: user=0.04 sys=0.04, real=0.03 secs] 
2021-05-28T09:10:56.818+0800: 1208408.516: [GC (Allocation Failure) [PSYoungGen: 497704K->7840K(503808K)] 891519K->413413K(1028096K), 0.0240002 secs] [Times: user=0.04 sys=0.04, real=0.03 secs] 
2021-05-28T09:17:09.876+0800: 1208781.574: [GC (Allocation Failure) [PSYoungGen: 491168K->13312K(503808K)] 896741K->424874K(1028096K), 0.0287647 secs] [Times: user=0.03 sys=0.03, real=0.03 secs] 
2021-05-28T09:23:20.432+0800: 1209152.131: [GC (Allocation Failure) [PSYoungGen: 496640K->17632K(501248K)] 908202K->438075K(1025536K), 0.0945268 secs] [Times: user=0.04 sys=0.05, real=0.09 secs] 
2021-05-28T09:29:31.077+0800: 1209522.775: [GC (Allocation Failure) [PSYoungGen: 498912K->15712K(502784K)] 919355K->447350K(1027072K), 0.0317940 secs] [Times: user=0.04 sys=0.05, real=0.03 secs] 
2021-05-28T09:35:32.683+0800: 1209884.381: [GC (Allocation Failure) [PSYoungGen: 496992K->15296K(502784K)] 928630K->458554K(1027072K), 0.0316338 secs] [Times: user=0.04 sys=0.04, real=0.03 secs] 
2021-05-28T09:41:33.687+0800: 1210245.385: [GC (Allocation Failure) [PSYoungGen: 496576K->18912K(500224K)] 939834K->471888K(1024512K), 0.0398307 secs] [Times: user=0.05 sys=0.05, real=0.04 secs] 
2021-05-28T09:47:42.555+0800: 1210614.254: [GC (Allocation Failure) [PSYoungGen: 500192K->17312K(500736K)] 953168K->481931K(1025024K), 0.0451409 secs] [Times: user=0.04 sys=0.05, real=0.04 secs] 
2021-05-28T09:52:31.715+0800: 1210903.413: [GC (Allocation Failure) [PSYoungGen: 494903K->19899K(498176K)] 959523K->494409K(1022464K), 0.0397122 secs] [Times: user=0.10 sys=0.00, real=0.04 secs] 
2021-05-28T09:52:58.669+0800: 1210930.367: [GC (Allocation Failure) [PSYoungGen: 498044K->4278K(498688K)] 972554K->494011K(1022976K), 0.0209678 secs] [Times: user=0.02 sys=0.04, real=0.02 secs] 
2021-05-28T09:53:29.627+0800: 1210961.325: [GC (Allocation Failure) [PSYoungGen: 477468K->4423K(478720K)] 967201K->497131K(1003008K), 0.0174049 secs] [Times: user=0.02 sys=0.02, real=0.02 secs] 
2021-05-28T09:53:59.358+0800: 1210991.056: [GC (Allocation Failure) [PSYoungGen: 477763K->2352K(497664K)] 970471K->497680K(1021952K), 0.0170887 secs] [Times: user=0.02 sys=0.02, real=0.02 secs] 
2021-05-28T09:54:31.944+0800: 1211023.642: [GC (Allocation Failure) [PSYoungGen: 474134K->2983K(498176K)] 969463K->500094K(1022464K), 0.0138619 secs] [Times: user=0.02 sys=0.02, real=0.01 secs] 
2021-05-28T09:55:03.660+0800: 1211055.358: [GC (Allocation Failure) [PSYoungGen: 474268K->2368K(498176K)] 971379K->500929K(1022464K), 0.0137605 secs] [Times: user=0.02 sys=0.02, real=0.02 secs] 
2021-05-28T09:55:33.746+0800: 1211085.444: [GC (Allocation Failure) [PSYoungGen: 473674K->3495K(498176K)] 972235K->503742K(1022464K), 0.0151648 secs] [Times: user=0.02 sys=0.03, real=0.01 secs] 
2021-05-28T09:56:04.109+0800: 1211115.808: [GC (Allocation Failure) [PSYoungGen: 475370K->1856K(498688K)] 975617K->504012K(1022976K), 0.0148213 secs] [Times: user=0.02 sys=0.02, real=0.02 secs] 
2021-05-28T09:56:35.986+0800: 1211147.685: [GC (Allocation Failure) [PSYoungGen: 474151K->3463K(498688K)] 976308K->506795K(1022976K), 0.0193474 secs] [Times: user=0.02 sys=0.03, real=0.02 secs] 
2021-05-28T09:57:06.236+0800: 1211177.934: [GC (Allocation Failure) [PSYoungGen: 475858K->2336K(500224K)] 979189K->507528K(1024512K), 0.0227045 secs] [Times: user=0.02 sys=0.02, real=0.02 secs] 
2021-05-28T09:57:38.434+0800: 1211210.132: [GC (Allocation Failure) [PSYoungGen: 477650K->3815K(499712K)] 982843K->510686K(1024000K), 0.0193517 secs] [Times: user=0.03 sys=0.03, real=0.02 secs] 
2021-05-28T09:58:11.492+0800: 1211243.190: [GC (Allocation Failure) [PSYoungGen: 479239K->2464K(501760K)] 986110K->511724K(1026048K), 0.0177929 secs] [Times: user=0.03 sys=0.04, real=0.02 secs] 
2021-05-28T09:58:11.510+0800: 1211243.209: [Full GC (Ergonomics) [PSYoungGen: 2464K->0K(501760K)] [ParOldGen: 509260K->294652K(524288K)] 511724K->294652K(1026048K), [Metaspace: 96486K->96486K(1138688K)], 0.8228315 secs] [Times: user=1.92 sys=0.01, real=0.83 secs] 
2021-05-28T10:03:55.433+0800: 1211587.131: [GC (Allocation Failure) [PSYoungGen: 478720K->14080K(493056K)] 773372K->308740K(1017344K), 0.0318454 secs] [Times: user=0.09 sys=0.00, real=0.03 secs] 
2021-05-28T10:10:03.839+0800: 1211955.537: [GC (Allocation Failure) [PSYoungGen: 492800K->5536K(502272K)] 787460K->312103K(1026560K), 0.0297763 secs] [Times: user=0.04 sys=0.04, real=0.03 secs] 
2021-05-28T10:16:34.725+0800: 1212346.423: [GC (Allocation Failure) [PSYoungGen: 484256K->15872K(495104K)] 790823K->325917K(1019392K), 0.0342876 secs] [Times: user=0.05 sys=0.05, real=0.03 secs] 
2021-05-28T10:23:27.076+0800: 1212758.775: [GC (Allocation Failure) [PSYoungGen: 494592K->15040K(498176K)] 804637K->335239K(1022464K), 0.0392317 secs] [Times: user=0.05 sys=0.06, real=0.04 secs] 
2021-05-28T10:30:08.322+0800: 1213160.020: [GC (Allocation Failure) [PSYoungGen: 489152K->16096K(490496K)] 809351K->346418K(1014784K), 0.0613383 secs] [Times: user=0.04 sys=0.04, real=0.07 secs] 
2021-05-28T10:36:48.118+0800: 1213559.816: [GC (Allocation Failure) [PSYoungGen: 490208K->11840K(499200K)] 820530K->352580K(1023488K), 0.0282820 secs] [Times: user=0.04 sys=0.05, real=0.03 secs] 
2021-05-28T10:43:32.490+0800: 1213964.188: [GC (Allocation Failure) [PSYoungGen: 484928K->13504K(498176K)] 825668K->362720K(1022464K), 0.0722421 secs] [Times: user=0.11 sys=0.00, real=0.08 secs] 
2021-05-28T10:50:21.738+0800: 1214373.436: [GC (Allocation Failure) [PSYoungGen: 486592K->14656K(499200K)] 835808K->372866K(1023488K), 0.0292971 secs] [Times: user=0.04 sys=0.05, real=0.03 secs] 
2021-05-28T10:57:07.612+0800: 1214779.310: [GC (Allocation Failure) [PSYoungGen: 488768K->15104K(489472K)] 846978K->383213K(1013760K), 0.0342964 secs] [Times: user=0.05 sys=0.05, real=0.03 secs] 
2021-05-28T11:03:56.631+0800: 1215188.329: [GC (Allocation Failure) [PSYoungGen: 489216K->14176K(499200K)] 857325K->393072K(1023488K), 0.0302061 secs] [Times: user=0.04 sys=0.05, real=0.03 secs] 
2021-05-28T11:10:41.983+0800: 1215593.681: [GC (Allocation Failure) [PSYoungGen: 487776K->13088K(498688K)] 866672K->401714K(1022976K), 0.0297220 secs] [Times: user=0.04 sys=0.04, real=0.03 secs] 
2021-05-28T11:17:24.082+0800: 1215995.780: [GC (Allocation Failure) [PSYoungGen: 486688K->15264K(499712K)] 875314K->412678K(1024000K), 0.0306288 secs] [Times: user=0.05 sys=0.04, real=0.03 secs] 
2021-05-28T11:24:00.343+0800: 1216392.041: [GC (Allocation Failure) [PSYoungGen: 490400K->14463K(499712K)] 887814K->422326K(1024000K), 0.0332090 secs] [Times: user=0.05 sys=0.05, real=0.03 secs] 
2021-05-28T11:25:37.891+0800: 1216489.589: [GC (Allocation Failure) [PSYoungGen: 489560K->9352K(500736K)] 897424K->427333K(1025024K), 0.0223663 secs] [Times: user=0.04 sys=0.04, real=0.03 secs] 
2021-05-28T11:26:08.460+0800: 1216520.158: [GC (Allocation Failure) [PSYoungGen: 484655K->1344K(499712K)] 902636K->427298K(1024000K), 0.0162361 secs] [Times: user=0.02 sys=0.03, real=0.02 secs] 
2021-05-28T11:26:39.638+0800: 1216551.336: [GC (Allocation Failure) [PSYoungGen: 477098K->2184K(499200K)] 903052K->429017K(1023488K), 0.0151203 secs] [Times: user=0.02 sys=0.02, real=0.02 secs] 
2021-05-28T11:27:13.636+0800: 1216585.334: [GC (Allocation Failure) [PSYoungGen: 477232K->1984K(499712K)] 904065K->429600K(1024000K), 0.0200990 secs] [Times: user=0.02 sys=0.03, real=0.02 secs] 
2021-05-28T11:27:47.126+0800: 1216618.824: [GC (Allocation Failure) [PSYoungGen: 477120K->2984K(500224K)] 904736K->432126K(1024512K), 0.0160442 secs] [Times: user=0.02 sys=0.03, real=0.02 secs] 
2021-05-28T11:28:53.954+0800: 1216685.652: [GC (Allocation Failure) [PSYoungGen: 478632K->4640K(499712K)] 907774K->435133K(1024000K), 0.0282928 secs] [Times: user=0.03 sys=0.03, real=0.03 secs] 
2021-05-28T11:35:35.222+0800: 1217086.920: [GC (Allocation Failure) [PSYoungGen: 480288K->12224K(501248K)] 910781K->446625K(1025536K), 0.0293227 secs] [Times: user=0.05 sys=0.04, real=0.03 secs] 
2021-05-28T11:42:21.308+0800: 1217493.006: [GC (Allocation Failure) [PSYoungGen: 490432K->14976K(493568K)] 924833K->458666K(1017856K), 0.0335767 secs] [Times: user=0.10 sys=0.00, real=0.03 secs] 
2021-05-28T11:49:03.600+0800: 1217895.298: [GC (Allocation Failure) [PSYoungGen: 493184K->14016K(499200K)] 936874K->467157K(1023488K), 0.0434884 secs] [Times: user=0.05 sys=0.05, real=0.05 secs] 
2021-05-28T11:55:49.665+0800: 1218301.363: [GC (Allocation Failure) [PSYoungGen: 489152K->14176K(499712K)] 942293K->476704K(1024000K), 0.0389974 secs] [Times: user=0.04 sys=0.04, real=0.04 secs] 
2021-05-28T12:02:29.980+0800: 1218701.679: [GC (Allocation Failure) [PSYoungGen: 489312K->12480K(500224K)] 951840K->485202K(1024512K), 0.0327372 secs] [Times: user=0.05 sys=0.05, real=0.04 secs] 
2021-05-28T12:09:06.872+0800: 1219098.571: [GC (Allocation Failure) [PSYoungGen: 488128K->15712K(499712K)] 960850K->497366K(1024000K), 0.0362881 secs] [Times: user=0.05 sys=0.05, real=0.03 secs] 
2021-05-28T12:15:44.994+0800: 1219496.693: [GC (Allocation Failure) [PSYoungGen: 491360K->14528K(499712K)] 973014K->506264K(1024000K), 0.0601672 secs] [Times: user=0.04 sys=0.04, real=0.06 secs] 
2021-05-28T12:22:26.332+0800: 1219898.030: [GC (Allocation Failure) [PSYoungGen: 489664K->15264K(490496K)] 981400K->516531K(1014784K), 0.0318074 secs] [Times: user=0.05 sys=0.04, real=0.04 secs] 
2021-05-28T12:29:10.392+0800: 1220302.090: [GC (Allocation Failure) [PSYoungGen: 490400K->11680K(500736K)] 991667K->523140K(1025024K), 0.0576626 secs] [Times: user=0.04 sys=0.04, real=0.05 secs] 
2021-05-28T12:29:10.450+0800: 1220302.149: [Full GC (Ergonomics) [PSYoungGen: 11680K->0K(500736K)] [ParOldGen: 511460K->316164K(524288K)] 523140K->316164K(1025024K), [Metaspace: 96510K->96486K(1138688K)], 0.4826509 secs] [Times: user=0.97 sys=0.00, real=0.49 secs] 
2021-05-28T12:35:47.747+0800: 1220699.445: [GC (Allocation Failure) [PSYoungGen: 475648K->13248K(499200K)] 791812K->329412K(1023488K), 0.0293736 secs] [Times: user=0.04 sys=0.04, real=0.03 secs] 
2021-05-28T12:42:25.540+0800: 1221097.238: [GC (Allocation Failure) [PSYoungGen: 488896K->13600K(501760K)] 805060K->339974K(1026048K), 0.0340446 secs] [Times: user=0.04 sys=0.04, real=0.04 secs] 
2021-05-28T12:49:07.999+0800: 1221499.697: [GC (Allocation Failure) [PSYoungGen: 492319K->12672K(501248K)] 818694K->349024K(1025536K), 0.0590756 secs] [Times: user=0.11 sys=0.00, real=0.06 secs] 
2021-05-28T12:55:49.402+0800: 1221901.100: [GC (Allocation Failure) [PSYoungGen: 491392K->14816K(501760K)] 827744K->360324K(1026048K), 0.0821233 secs] [Times: user=0.09 sys=0.00, real=0.09 secs] 
2021-05-28T13:02:29.444+0800: 1222301.142: [GC (Allocation Failure) [PSYoungGen: 495072K->14272K(502272K)] 840580K->369701K(1026560K), 0.0381890 secs] [Times: user=0.04 sys=0.05, real=0.04 secs] 
2021-05-28T13:09:12.807+0800: 1222704.505: [GC (Allocation Failure) [PSYoungGen: 494528K->15168K(502784K)] 849957K->379809K(1027072K), 0.0331755 secs] [Times: user=0.04 sys=0.05, real=0.03 secs] 
2021-05-28T13:15:58.633+0800: 1223110.331: [GC (Allocation Failure) [PSYoungGen: 496448K->12032K(502784K)] 861089K->387531K(1027072K), 0.0318834 secs] [Times: user=0.05 sys=0.04, real=0.03 secs] 
2021-05-28T13:22:36.210+0800: 1223507.908: [GC (Allocation Failure) [PSYoungGen: 493312K->15336K(503296K)] 868811K->399615K(1027584K), 0.0372207 secs] [Times: user=0.04 sys=0.05, real=0.04 secs] 
2021-05-28T13:29:24.024+0800: 1223915.722: [GC (Allocation Failure) [PSYoungGen: 497640K->13312K(503296K)] 881919K->408296K(1027584K), 0.0408177 secs] [Times: user=0.04 sys=0.04, real=0.04 secs] 
2021-05-28T13:36:05.223+0800: 1224316.922: [GC (Allocation Failure) [PSYoungGen: 495616K->13280K(504320K)] 890600K->417762K(1028608K), 0.0343090 secs] [Times: user=0.09 sys=0.00, real=0.03 secs] 
2021-05-28T13:42:55.879+0800: 1224727.577: [GC (Allocation Failure) [PSYoungGen: 497120K->11648K(503808K)] 901602K->425163K(1028096K), 0.0334104 secs] [Times: user=0.05 sys=0.05, real=0.04 secs] 
2021-05-28T13:49:39.663+0800: 1225131.361: [GC (Allocation Failure) [PSYoungGen: 495488K->12832K(505344K)] 909003K->434014K(1029632K), 0.0635645 secs] [Times: user=0.05 sys=0.05, real=0.06 secs] 
2021-05-28T13:56:22.229+0800: 1225533.927: [GC (Allocation Failure) [PSYoungGen: 498720K->12448K(504832K)] 919902K->442432K(1029120K), 0.0333259 secs] [Times: user=0.09 sys=0.00, real=0.04 secs] 
2021-05-28T14:03:02.573+0800: 1225934.271: [GC (Allocation Failure) [PSYoungGen: 498336K->12544K(506368K)] 928320K->451314K(1030656K), 0.0331786 secs] [Times: user=0.04 sys=0.04, real=0.03 secs] 
2021-05-28T14:09:45.249+0800: 1226336.947: [GC (Allocation Failure) [PSYoungGen: 500480K->13024K(505856K)] 939250K->460541K(1030144K), 0.0488221 secs] [Times: user=0.04 sys=0.05, real=0.05 secs] 
2021-05-28T14:16:28.477+0800: 1226740.175: [GC (Allocation Failure) [PSYoungGen: 500960K->14112K(506880K)] 948477K->470655K(1031168K), 0.0364274 secs] [Times: user=0.04 sys=0.05, real=0.04 secs] 
2021-05-28T14:23:16.348+0800: 1227148.046: [GC (Allocation Failure) [PSYoungGen: 503584K->12032K(506880K)] 960127K->478025K(1031168K), 0.0324383 secs] [Times: user=0.04 sys=0.04, real=0.03 secs] 
2021-05-28T14:30:10.611+0800: 1227562.309: [GC (Allocation Failure) [PSYoungGen: 501504K->12288K(507392K)] 967497K->487338K(1031680K), 0.1068402 secs] [Times: user=0.04 sys=0.04, real=0.11 secs] 
2021-05-28T14:37:00.710+0800: 1227972.408: [GC (Allocation Failure) [PSYoungGen: 502272K->14688K(506880K)] 977322K->498309K(1031168K), 0.0603240 secs] [Times: user=0.03 sys=0.04, real=0.06 secs] 
2021-05-28T14:43:55.847+0800: 1228387.545: [GC (Allocation Failure) [PSYoungGen: 504672K->14432K(506880K)] 988293K->508529K(1031168K), 0.0652120 secs] [Times: user=0.06 sys=0.05, real=0.07 secs] 
2021-05-28T14:50:47.540+0800: 1228799.238: [GC (Allocation Failure) [PSYoungGen: 503904K->16544K(506368K)] 998001K->522124K(1030656K), 0.0552595 secs] [Times: user=0.05 sys=0.04, real=0.06 secs] 
2021-05-28T14:57:40.968+0800: 1229212.667: [GC (Allocation Failure) [PSYoungGen: 506016K->10368K(505344K)] 1011596K->527101K(1029632K), 0.0319869 secs] [Times: user=0.05 sys=0.05, real=0.03 secs] 
2021-05-28T14:57:41.001+0800: 1229212.699: [Full GC (Ergonomics) [PSYoungGen: 10368K->0K(505344K)] [ParOldGen: 516733K->306443K(524288K)] 527101K->306443K(1029632K), [Metaspace: 96494K->96490K(1138688K)], 0.5759254 secs] [Times: user=1.09 sys=0.00, real=0.58 secs] 
2021-05-28T15:04:31.351+0800: 1229623.049: [GC (Allocation Failure) [PSYoungGen: 487424K->14368K(505856K)] 793867K->320811K(1030144K), 0.0249293 secs] [Times: user=0.03 sys=0.03, real=0.03 secs] 
2021-05-28T15:11:00.197+0800: 1230011.895: [GC (Allocation Failure) [PSYoungGen: 501792K->15766K(504832K)] 808235K->331973K(1029120K), 0.0289434 secs] [Times: user=0.04 sys=0.04, real=0.03 secs] 
2021-05-28T15:17:46.440+0800: 1230418.138: [GC (Allocation Failure) [PSYoungGen: 502166K->11808K(505344K)] 818373K->338775K(1029632K), 0.0836741 secs] [Times: user=0.03 sys=0.04, real=0.09 secs] 
2021-05-28T15:24:32.500+0800: 1230824.198: [GC (Allocation Failure) [PSYoungGen: 498208K->13472K(506368K)] 825175K->348506K(1030656K), 0.0312919 secs] [Times: user=0.05 sys=0.05, real=0.03 secs] 
2021-05-28T15:26:54.804+0800: 1230966.503: [GC (Allocation Failure) [PSYoungGen: 501270K->14150K(505856K)] 836304K->359071K(1030144K), 0.0243447 secs] [Times: user=0.07 sys=0.00, real=0.02 secs] 
2021-05-28T15:27:15.060+0800: 1230986.758: [GC (Allocation Failure) [PSYoungGen: 501665K->10450K(506368K)] 846587K->365316K(1030656K), 0.0176692 secs] [Times: user=0.03 sys=0.03, real=0.02 secs] 
2021-05-28T15:27:37.701+0800: 1231009.399: [GC (Allocation Failure) [PSYoungGen: 498680K->2525K(491008K)] 853546K->366352K(1015296K), 0.0152934 secs] [Times: user=0.03 sys=0.02, real=0.02 secs] 
2021-05-28T15:28:03.015+0800: 1231034.713: [GC (Allocation Failure) [PSYoungGen: 489704K->2493K(502784K)] 853531K->367247K(1027072K), 0.0153695 secs] [Times: user=0.01 sys=0.03, real=0.01 secs] 
2021-05-28T15:32:08.469+0800: 1231280.167: [GC (Allocation Failure) [PSYoungGen: 485821K->9888K(503808K)] 850575K->375249K(1028096K), 0.0218654 secs] [Times: user=0.03 sys=0.04, real=0.02 secs] 
2021-05-28T15:38:51.828+0800: 1231683.526: [GC (Allocation Failure) [PSYoungGen: 493215K->13184K(504832K)] 858577K->386272K(1029120K), 0.0841487 secs] [Times: user=0.04 sys=0.04, real=0.08 secs] 
2021-05-28T15:45:36.803+0800: 1232088.501: [GC (Allocation Failure) [PSYoungGen: 498560K->12896K(504832K)] 871648K->394635K(1029120K), 0.0298382 secs] [Times: user=0.04 sys=0.04, real=0.03 secs] 
2021-05-28T15:52:25.685+0800: 1232497.383: [GC (Allocation Failure) [PSYoungGen: 498272K->13280K(504832K)] 880011K->404263K(1029120K), 0.0285171 secs] [Times: user=0.04 sys=0.04, real=0.03 secs] 
2021-05-28T15:59:13.782+0800: 1232905.480: [GC (Allocation Failure) [PSYoungGen: 498656K->14208K(504832K)] 889639K->414442K(1029120K), 0.0480216 secs] [Times: user=0.04 sys=0.04, real=0.05 secs] 
2021-05-28T16:06:02.396+0800: 1233314.094: [GC (Allocation Failure) [PSYoungGen: 499578K->15328K(503808K)] 899812K->425949K(1028096K), 0.0777044 secs] [Times: user=0.12 sys=0.00, real=0.08 secs] 
2021-05-28T16:12:54.007+0800: 1233725.705: [GC (Allocation Failure) [PSYoungGen: 499680K->13952K(504320K)] 910301K->434558K(1028608K), 0.0337162 secs] [Times: user=0.05 sys=0.05, real=0.03 secs] 
2021-05-28T16:19:42.246+0800: 1234133.944: [GC (Allocation Failure) [PSYoungGen: 498304K->13312K(504832K)] 918910K->443138K(1029120K), 0.0363560 secs] [Times: user=0.05 sys=0.05, real=0.04 secs] 
2021-05-28T16:26:27.337+0800: 1234539.035: [GC (Allocation Failure) [PSYoungGen: 498176K->14880K(504320K)] 928002K->453908K(1028608K), 0.0332905 secs] [Times: user=0.09 sys=0.00, real=0.03 secs] 
2021-05-28T16:33:12.999+0800: 1234944.697: [GC (Allocation Failure) [PSYoungGen: 499744K->15776K(503296K)] 938772K->464129K(1027584K), 0.0332617 secs] [Times: user=0.05 sys=0.05, real=0.04 secs] 
2021-05-28T16:39:57.936+0800: 1235349.634: [GC (Allocation Failure) [PSYoungGen: 499104K->14880K(503808K)] 947457K->474059K(1028096K), 0.0809706 secs] [Times: user=0.04 sys=0.03, real=0.08 secs] 
2021-05-28T16:46:45.701+0800: 1235757.399: [GC (Allocation Failure) [PSYoungGen: 498208K->15904K(503808K)] 957387K->484774K(1028096K), 0.0374310 secs] [Times: user=0.05 sys=0.05, real=0.04 secs] 
2021-05-28T16:53:37.405+0800: 1236169.104: [GC (Allocation Failure) [PSYoungGen: 499232K->12672K(503808K)] 968102K->492561K(1028096K), 0.0316970 secs] [Times: user=0.05 sys=0.05, real=0.03 secs] 
2021-05-28T17:00:23.357+0800: 1236575.055: [GC (Allocation Failure) [PSYoungGen: 496000K->13760K(504832K)] 975889K->503658K(1029120K), 0.0303701 secs] [Times: user=0.04 sys=0.05, real=0.03 secs] 
2021-05-28T17:07:18.739+0800: 1236990.437: [GC (Allocation Failure) [PSYoungGen: 498624K->14208K(504320K)] 988522K->513805K(1028608K), 0.0331845 secs] [Times: user=0.05 sys=0.05, real=0.03 secs] 
2021-05-28T17:14:08.535+0800: 1237400.233: [GC (Allocation Failure) [PSYoungGen: 499072K->12800K(505344K)] 998669K->522184K(1029632K), 0.0317228 secs] [Times: user=0.04 sys=0.05, real=0.03 secs] 
2021-05-28T17:20:58.060+0800: 1237809.758: [GC (Allocation Failure) [PSYoungGen: 498688K->15584K(504832K)] 1008072K->533060K(1029120K), 0.0341427 secs] [Times: user=0.04 sys=0.04, real=0.04 secs] 
2021-05-28T17:20:58.095+0800: 1237809.793: [Full GC (Ergonomics) [PSYoungGen: 15584K->0K(504832K)] [ParOldGen: 517476K->317670K(524288K)] 533060K->317670K(1029120K), [Metaspace: 96558K->96558K(1138688K)], 0.5594177 secs] [Times: user=1.06 sys=0.00, real=0.56 secs] 
2021-05-28T17:27:48.773+0800: 1238220.471: [GC (Allocation Failure) [PSYoungGen: 485888K->15392K(504320K)] 803558K->333062K(1028608K), 0.0273931 secs] [Times: user=0.03 sys=0.04, real=0.02 secs] 
2021-05-28T17:34:39.169+0800: 1238630.868: [GC (Allocation Failure) [PSYoungGen: 500768K->12960K(504832K)] 818438K->341654K(1029120K), 0.0369468 secs] [Times: user=0.05 sys=0.05, real=0.04 secs] 
2021-05-28T17:41:28.730+0800: 1239040.428: [GC (Allocation Failure) [PSYoungGen: 498336K->14400K(505856K)] 827030K->352793K(1030144K), 0.0296692 secs] [Times: user=0.04 sys=0.04, real=0.03 secs] 
2021-05-28T17:48:25.158+0800: 1239456.856: [GC (Allocation Failure) [PSYoungGen: 501312K->9984K(505344K)] 839705K->357985K(1029632K), 0.0352333 secs] [Times: user=0.05 sys=0.05, real=0.04 secs] 
2021-05-28T17:55:17.929+0800: 1239869.627: [GC (Allocation Failure) [PSYoungGen: 496896K->13536K(505856K)] 844897K->368853K(1030144K), 0.0328004 secs] [Times: user=0.04 sys=0.04, real=0.03 secs] 
2021-05-28T18:01:57.783+0800: 1240269.481: [GC (Allocation Failure) [PSYoungGen: 500448K->12832K(505344K)] 855765K->377584K(1029632K), 0.0297438 secs] [Times: user=0.05 sys=0.05, real=0.03 secs] 
2021-05-28T18:08:48.782+0800: 1240680.480: [GC (Allocation Failure) [PSYoungGen: 499744K->13408K(506880K)] 864496K->387619K(1031168K), 0.0509794 secs] [Times: user=0.09 sys=0.00, real=0.06 secs] 
2021-05-28T18:15:35.999+0800: 1241087.698: [GC (Allocation Failure) [PSYoungGen: 502368K->14656K(506368K)] 876579K->398725K(1030656K), 0.0349142 secs] [Times: user=0.04 sys=0.04, real=0.04 secs] 
2021-05-28T18:22:27.581+0800: 1241499.280: [GC (Allocation Failure) [PSYoungGen: 503616K->12320K(506880K)] 887685K->405247K(1031168K), 0.0384266 secs] [Times: user=0.05 sys=0.05, real=0.04 secs] 
2021-05-28T18:29:19.577+0800: 1241911.275: [GC (Allocation Failure) [PSYoungGen: 501792K->13280K(506880K)] 894719K->415728K(1031168K), 0.0985798 secs] [Times: user=0.04 sys=0.04, real=0.10 secs] 
2021-05-28T18:36:11.330+0800: 1242323.028: [GC (Allocation Failure) [PSYoungGen: 502752K->12224K(507392K)] 905200K->423427K(1031680K), 0.0317521 secs] [Times: user=0.09 sys=0.00, real=0.03 secs] 
2021-05-28T18:43:03.172+0800: 1242734.871: [GC (Allocation Failure) [PSYoungGen: 502720K->14464K(507392K)] 913923K->434367K(1031680K), 0.0307524 secs] [Times: user=0.04 sys=0.04, real=0.03 secs] 
2021-05-28T18:50:02.509+0800: 1243154.208: [GC (Allocation Failure) [PSYoungGen: 504960K->13664K(507392K)] 924863K->444201K(1031680K), 0.0291277 secs] [Times: user=0.04 sys=0.05, real=0.03 secs] 
2021-05-28T18:56:54.182+0800: 1243565.881: [GC (Allocation Failure) [PSYoungGen: 504160K->14592K(507392K)] 934697K->454069K(1031680K), 0.0367364 secs] [Times: user=0.04 sys=0.05, real=0.03 secs] 
2021-05-28T19:03:46.279+0800: 1243977.977: [GC (Allocation Failure) [PSYoungGen: 505088K->12320K(507392K)] 944565K->461976K(1031680K), 0.0273506 secs] [Times: user=0.04 sys=0.04, real=0.03 secs] 
2021-05-28T19:10:46.723+0800: 1244398.422: [GC (Allocation Failure) [PSYoungGen: 502816K->12640K(507392K)] 952472K->470984K(1031680K), 0.0341211 secs] [Times: user=0.05 sys=0.05, real=0.03 secs] 
2021-05-28T19:17:35.630+0800: 1244807.328: [GC (Allocation Failure) [PSYoungGen: 503081K->15270K(506880K)] 961426K->482529K(1031168K), 0.0404258 secs] [Times: user=0.04 sys=0.04, real=0.04 secs] 
2021-05-28T19:24:17.513+0800: 1245209.211: [GC (Allocation Failure) [PSYoungGen: 505766K->14794K(505344K)] 973025K->491327K(1029632K), 0.0269320 secs] [Times: user=0.04 sys=0.04, real=0.02 secs] 
2021-05-28T19:31:11.014+0800: 1245622.712: [GC (Allocation Failure) [PSYoungGen: 505290K->13984K(507392K)] 981823K->501034K(1031680K), 0.0294256 secs] [Times: user=0.04 sys=0.04, real=0.03 secs] 
2021-05-28T19:38:02.269+0800: 1246033.967: [GC (Allocation Failure) [PSYoungGen: 503968K->12480K(506880K)] 991018K->508301K(1031168K), 0.0371461 secs] [Times: user=0.05 sys=0.05, real=0.04 secs] 
2021-05-28T19:44:47.318+0800: 1246439.016: [GC (Allocation Failure) [PSYoungGen: 502464K->15616K(506368K)] 998285K->520070K(1030656K), 0.0357268 secs] [Times: user=0.04 sys=0.05, real=0.04 secs] 
2021-05-28T19:51:33.540+0800: 1246845.239: [GC (Allocation Failure) [PSYoungGen: 505088K->13056K(506880K)] 1009542K->527177K(1031168K), 0.0282225 secs] [Times: user=0.04 sys=0.04, real=0.03 secs] 
2021-05-28T19:51:33.569+0800: 1246845.267: [Full GC (Ergonomics) [PSYoungGen: 13056K->0K(506880K)] [ParOldGen: 514121K->313923K(524288K)] 527177K->313923K(1031168K), [Metaspace: 96558K->96555K(1138688K)], 0.5060497 secs] [Times: user=1.02 sys=0.00, real=0.51 secs] 
2021-05-28T19:58:22.534+0800: 1247254.233: [GC (Allocation Failure) [PSYoungGen: 489472K->12000K(507392K)] 803395K->325923K(1031680K), 0.0245272 secs] [Times: user=0.03 sys=0.03, real=0.02 secs] 
2021-05-28T20:05:11.021+0800: 1247662.719: [GC (Allocation Failure) [PSYoungGen: 502496K->13888K(507392K)] 816419K->337205K(1031680K), 0.0702009 secs] [Times: user=0.04 sys=0.05, real=0.07 secs] 
2021-05-28T20:12:05.863+0800: 1248077.561: [GC (Allocation Failure) [PSYoungGen: 504384K->11648K(507392K)] 827701K->345166K(1031680K), 0.0268281 secs] [Times: user=0.03 sys=0.04, real=0.02 secs] 
2021-05-28T20:18:52.030+0800: 1248483.729: [GC (Allocation Failure) [PSYoungGen: 502144K->14048K(507392K)] 835662K->355330K(1031680K), 0.0312274 secs] [Times: user=0.07 sys=0.00, real=0.03 secs] 
2021-05-28T20:25:45.669+0800: 1248897.367: [GC (Allocation Failure) [PSYoungGen: 504544K->12352K(507392K)] 845826K->363650K(1031680K), 0.0252536 secs] [Times: user=0.04 sys=0.04, real=0.03 secs] 
2021-05-28T20:32:31.312+0800: 1249303.011: [GC (Allocation Failure) [PSYoungGen: 502848K->15104K(507392K)] 854146K->375598K(1031680K), 0.0441461 secs] [Times: user=0.03 sys=0.04, real=0.04 secs] 
2021-05-28T20:39:21.416+0800: 1249713.114: [GC (Allocation Failure) [PSYoungGen: 505600K->15424K(506368K)] 866094K->385537K(1030656K), 0.0887303 secs] [Times: user=0.11 sys=0.00, real=0.09 secs] 
2021-05-28T20:46:03.394+0800: 1250115.092: [GC (Allocation Failure) [PSYoungGen: 504896K->14464K(506880K)] 875009K->394811K(1031168K), 0.0342438 secs] [Times: user=0.05 sys=0.04, real=0.03 secs] 
2021-05-28T20:52:54.154+0800: 1250525.852: [GC (Allocation Failure) [PSYoungGen: 503936K->14432K(506880K)] 884283K->404421K(1031168K), 0.0315443 secs] [Times: user=0.04 sys=0.04, real=0.03 secs] 
2021-05-28T20:59:38.372+0800: 1250930.070: [GC (Allocation Failure) [PSYoungGen: 503904K->15040K(506880K)] 893893K->413002K(1031168K), 0.0311540 secs] [Times: user=0.04 sys=0.04, real=0.03 secs] 
2021-05-28T21:06:21.811+0800: 1251333.510: [GC (Allocation Failure) [PSYoungGen: 504512K->13632K(507392K)] 902474K->422020K(1031680K), 0.0306599 secs] [Times: user=0.05 sys=0.04, real=0.04 secs] 
2021-05-28T21:13:08.573+0800: 1251740.271: [GC (Allocation Failure) [PSYoungGen: 503616K->14144K(506880K)] 912004K->432493K(1031168K), 0.0386749 secs] [Times: user=0.05 sys=0.04, real=0.03 secs] 
2021-05-28T21:19:57.205+0800: 1252148.903: [GC (Allocation Failure) [PSYoungGen: 504128K->12256K(507392K)] 922477K->440295K(1031680K), 0.0262131 secs] [Times: user=0.04 sys=0.04, real=0.02 secs] 
2021-05-28T21:26:47.248+0800: 1252558.946: [GC (Allocation Failure) [PSYoungGen: 502752K->13728K(507392K)] 930791K->450907K(1031680K), 0.0267794 secs] [Times: user=0.04 sys=0.03, real=0.03 secs] 
2021-05-28T21:33:30.718+0800: 1252962.416: [GC (Allocation Failure) [PSYoungGen: 504224K->13952K(507904K)] 941403K->460598K(1032192K), 0.0294143 secs] [Times: user=0.04 sys=0.04, real=0.03 secs] 
2021-05-28T21:40:18.954+0800: 1253370.652: [GC (Allocation Failure) [PSYoungGen: 504960K->13472K(507392K)] 951606K->469376K(1031680K), 0.0442811 secs] [Times: user=0.04 sys=0.04, real=0.04 secs] 
2021-05-28T21:47:09.079+0800: 1253780.777: [GC (Allocation Failure) [PSYoungGen: 504480K->13120K(507904K)] 960384K->478043K(1032192K), 0.0335260 secs] [Times: user=0.04 sys=0.04, real=0.04 secs] 
2021-05-28T21:53:58.617+0800: 1254190.315: [GC (Allocation Failure) [PSYoungGen: 504640K->13600K(507904K)] 969563K->488453K(1032192K), 0.0316519 secs] [Times: user=0.05 sys=0.04, real=0.03 secs] 
2021-05-28T22:00:49.292+0800: 1254600.991: [GC (Allocation Failure) [PSYoungGen: 505120K->13600K(508416K)] 979973K->498320K(1032704K), 0.0291028 secs] [Times: user=0.08 sys=0.00, real=0.02 secs] 
2021-05-28T22:07:41.552+0800: 1255013.250: [GC (Allocation Failure) [PSYoungGen: 506144K->14112K(508416K)] 990864K->507906K(1032704K), 0.0419251 secs] [Times: user=0.06 sys=0.06, real=0.05 secs] 
2021-05-28T22:14:29.123+0800: 1255420.822: [GC (Allocation Failure) [PSYoungGen: 506656K->14368K(508416K)] 1000450K->517470K(1032704K), 0.0362106 secs] [Times: user=0.05 sys=0.05, real=0.03 secs] 
2021-05-28T22:21:18.798+0800: 1255830.496: [GC (Allocation Failure) [PSYoungGen: 506912K->14464K(508416K)] 1010014K->527793K(1032704K), 0.0738589 secs] [Times: user=0.05 sys=0.05, real=0.08 secs] 
2021-05-28T22:21:18.873+0800: 1255830.571: [Full GC (Ergonomics) [PSYoungGen: 14464K->0K(508416K)] [ParOldGen: 513329K->317899K(524288K)] 527793K->317899K(1032704K), [Metaspace: 96558K->96555K(1138688K)], 0.5460537 secs] [Times: user=1.16 sys=0.00, real=0.54 secs] 
2021-05-28T22:28:09.659+0800: 1256241.357: [GC (Allocation Failure) [PSYoungGen: 492544K->12896K(508416K)] 810443K->330795K(1032704K), 0.0281625 secs] [Times: user=0.04 sys=0.04, real=0.03 secs] 
2021-05-28T22:35:09.124+0800: 1256660.822: [GC (Allocation Failure) [PSYoungGen: 505440K->12224K(508416K)] 823339K->340621K(1032704K), 0.0304248 secs] [Times: user=0.04 sys=0.05, real=0.03 secs] 
2021-05-28T22:41:53.163+0800: 1257064.861: [GC (Allocation Failure) [PSYoungGen: 504768K->13408K(508416K)] 833165K->350455K(1032704K), 0.0364707 secs] [Times: user=0.04 sys=0.04, real=0.03 secs] 
2021-05-28T22:48:41.139+0800: 1257472.837: [GC (Allocation Failure) [PSYoungGen: 505952K->14144K(508416K)] 842999K->360713K(1032704K), 0.0268422 secs] [Times: user=0.04 sys=0.04, real=0.03 secs] 
2021-05-28T22:55:28.862+0800: 1257880.560: [GC (Allocation Failure) [PSYoungGen: 506688K->13984K(508416K)] 853257K->370444K(1032704K), 0.0307954 secs] [Times: user=0.08 sys=0.00, real=0.04 secs] 
2021-05-28T23:02:13.396+0800: 1258285.095: [GC (Allocation Failure) [PSYoungGen: 506528K->15072K(508416K)] 862988K->381832K(1032704K), 0.0509614 secs] [Times: user=0.04 sys=0.04, real=0.05 secs] 
2021-05-28T23:09:04.082+0800: 1258695.780: [GC (Allocation Failure) [PSYoungGen: 507616K->14048K(508416K)] 874376K->391450K(1032704K), 0.0332374 secs] [Times: user=0.04 sys=0.05, real=0.04 secs] 
2021-05-28T23:15:55.231+0800: 1259106.929: [GC (Allocation Failure) [PSYoungGen: 506586K->13600K(508416K)] 883988K->400692K(1032704K), 0.0314568 secs] [Times: user=0.04 sys=0.05, real=0.04 secs] 
2021-05-28T23:22:50.394+0800: 1259522.093: [GC (Allocation Failure) [PSYoungGen: 506144K->15424K(507392K)] 893236K->412317K(1031680K), 0.0329413 secs] [Times: user=0.04 sys=0.05, real=0.03 secs] 
2021-05-28T23:29:43.823+0800: 1259935.521: [GC (Allocation Failure) [PSYoungGen: 506944K->12288K(507904K)] 903837K->418585K(1032192K), 0.0333233 secs] [Times: user=0.04 sys=0.05, real=0.03 secs] 
2021-05-28T23:36:34.929+0800: 1260346.628: [GC (Allocation Failure) [PSYoungGen: 503808K->11136K(507904K)] 910105K->426243K(1032192K), 0.0287345 secs] [Times: user=0.04 sys=0.04, real=0.03 secs] 
2021-05-28T23:43:22.810+0800: 1260754.508: [GC (Allocation Failure) [PSYoungGen: 502656K->15936K(507904K)] 917763K->439265K(1032192K), 0.0330968 secs] [Times: user=0.04 sys=0.04, real=0.04 secs] 
2021-05-28T23:50:14.348+0800: 1261166.047: [GC (Allocation Failure) [PSYoungGen: 507456K->14944K(505856K)] 930785K->448788K(1030144K), 0.0293790 secs] [Times: user=0.04 sys=0.04, real=0.03 secs] 
2021-05-28T23:57:06.011+0800: 1261577.709: [GC (Allocation Failure) [PSYoungGen: 504416K->13792K(506880K)] 938260K->459414K(1031168K), 0.0454676 secs] [Times: user=0.11 sys=0.00, real=0.05 secs] 
2021-05-29T00:03:36.085+0800: 1261967.783: [GC (Allocation Failure) [PSYoungGen: 503264K->14528K(507392K)] 948886K->470296K(1031680K), 0.0621562 secs] [Times: user=0.09 sys=0.09, real=0.06 secs] 
2021-05-29T00:10:34.869+0800: 1262386.568: [GC (Allocation Failure) [PSYoungGen: 505024K->13120K(507392K)] 960792K->479771K(1031680K), 0.0304503 secs] [Times: user=0.05 sys=0.04, real=0.03 secs] 
2021-05-29T00:17:26.885+0800: 1262798.583: [GC (Allocation Failure) [PSYoungGen: 503616K->14592K(507392K)] 970267K->490798K(1031680K), 0.0298284 secs] [Times: user=0.04 sys=0.04, real=0.03 secs] 
2021-05-29T00:24:25.813+0800: 1263217.512: [GC (Allocation Failure) [PSYoungGen: 505088K->14720K(507392K)] 981294K->501265K(1031680K), 0.0308671 secs] [Times: user=0.04 sys=0.04, real=0.03 secs] 
2021-05-29T00:31:19.260+0800: 1263630.958: [GC (Allocation Failure) [PSYoungGen: 505216K->16000K(506368K)] 991761K->513022K(1030656K), 0.0359932 secs] [Times: user=0.05 sys=0.05, real=0.04 secs] 
2021-05-29T00:38:07.552+0800: 1264039.250: [GC (Allocation Failure) [PSYoungGen: 505472K->15616K(506880K)] 1002494K->523874K(1031168K), 0.0312288 secs] [Times: user=0.04 sys=0.04, real=0.04 secs] 
2021-05-29T00:44:59.968+0800: 1264451.666: [GC (Allocation Failure) [PSYoungGen: 505088K->14656K(506880K)] 1013346K->534213K(1031168K), 0.0357256 secs] [Times: user=0.10 sys=0.00, real=0.04 secs] 
2021-05-29T00:45:00.004+0800: 1264451.703: [Full GC (Ergonomics) [PSYoungGen: 14656K->0K(506880K)] [ParOldGen: 519557K->322593K(524288K)] 534213K->322593K(1031168K), [Metaspace: 96558K->96558K(1138688K)], 0.6252792 secs] [Times: user=1.28 sys=0.00, real=0.62 secs] 
2021-05-29T00:51:51.931+0800: 1264863.630: [GC (Allocation Failure) [PSYoungGen: 489472K->14752K(506880K)] 812065K->337345K(1031168K), 0.0512916 secs] [Times: user=0.03 sys=0.03, real=0.06 secs] 
2021-05-29T00:58:47.038+0800: 1265278.736: [GC (Allocation Failure) [PSYoungGen: 504224K->10688K(506880K)] 826817K->343131K(1031168K), 0.0444491 secs] [Times: user=0.05 sys=0.04, real=0.05 secs] 
2021-05-29T01:05:43.000+0800: 1265694.698: [GC (Allocation Failure) [PSYoungGen: 500160K->14560K(506880K)] 832603K->354120K(1031168K), 0.0331118 secs] [Times: user=0.04 sys=0.05, real=0.04 secs] 
2021-05-29T01:12:35.840+0800: 1266107.538: [GC (Allocation Failure) [PSYoungGen: 504031K->15200K(506880K)] 843592K->364907K(1031168K), 0.0466507 secs] [Times: user=0.05 sys=0.04, real=0.05 secs] 
2021-05-29T01:19:22.303+0800: 1266514.002: [GC (Allocation Failure) [PSYoungGen: 504672K->13386K(506880K)] 854379K->372895K(1031168K), 0.0416540 secs] [Times: user=0.09 sys=0.00, real=0.04 secs] 
2021-05-29T01:26:12.445+0800: 1266924.143: [GC (Allocation Failure) [PSYoungGen: 502858K->17376K(498688K)] 862367K->385884K(1022976K), 0.0468321 secs] [Times: user=0.05 sys=0.04, real=0.04 secs] 
2021-05-29T01:33:04.146+0800: 1267335.844: [GC (Allocation Failure) [PSYoungGen: 498656K->15296K(502784K)] 867164K->394655K(1027072K), 0.0306244 secs] [Times: user=0.09 sys=0.00, real=0.03 secs] 
2021-05-29T01:39:57.891+0800: 1267749.589: [GC (Allocation Failure) [PSYoungGen: 496576K->14752K(503808K)] 875935K->404155K(1028096K), 0.0284127 secs] [Times: user=0.04 sys=0.05, real=0.03 secs] 
2021-05-29T01:46:44.243+0800: 1268155.941: [GC (Allocation Failure) [PSYoungGen: 497568K->13664K(503296K)] 886971K->414700K(1027584K), 0.0282728 secs] [Times: user=0.04 sys=0.04, real=0.02 secs] 
2021-05-29T01:53:25.812+0800: 1268557.510: [GC (Allocation Failure) [PSYoungGen: 496480K->16320K(503808K)] 897516K->426503K(1028096K), 0.0377185 secs] [Times: user=0.05 sys=0.05, real=0.04 secs] 
2021-05-29T02:00:16.278+0800: 1268967.977: [GC (Allocation Failure) [PSYoungGen: 499648K->12736K(503808K)] 909831K->434001K(1028096K), 0.0300218 secs] [Times: user=0.04 sys=0.04, real=0.03 secs] 
2021-05-29T02:06:53.900+0800: 1269365.598: [GC (Allocation Failure) [PSYoungGen: 496064K->14816K(504320K)] 917329K->445285K(1028608K), 0.0276279 secs] [Times: user=0.04 sys=0.04, real=0.03 secs] 
2021-05-29T02:13:36.525+0800: 1269768.224: [GC (Allocation Failure) [PSYoungGen: 498656K->13696K(503808K)] 929125K->455032K(1028096K), 0.0342990 secs] [Times: user=0.04 sys=0.05, real=0.03 secs] 
2021-05-29T02:20:08.932+0800: 1270160.630: [GC (Allocation Failure) [PSYoungGen: 497536K->14720K(505344K)] 938872K->465243K(1029632K), 0.0402178 secs] [Times: user=0.09 sys=0.00, real=0.04 secs] 
2021-05-29T02:26:58.601+0800: 1270570.300: [GC (Allocation Failure) [PSYoungGen: 500608K->13568K(504832K)] 951131K->473580K(1029120K), 0.0430689 secs] [Times: user=0.04 sys=0.04, real=0.05 secs] 
2021-05-29T02:33:52.888+0800: 1270984.586: [GC (Allocation Failure) [PSYoungGen: 499456K->11232K(505344K)] 959468K->480790K(1029632K), 0.0340521 secs] [Times: user=0.05 sys=0.05, real=0.03 secs] 
2021-05-29T02:40:36.544+0800: 1271388.243: [GC (Allocation Failure) [PSYoungGen: 497632K->16832K(503296K)] 967190K->494380K(1027584K), 0.0336091 secs] [Times: user=0.05 sys=0.05, real=0.03 secs] 
2021-05-29T02:47:26.088+0800: 1271797.787: [GC (Allocation Failure) [PSYoungGen: 503232K->11680K(504832K)] 980780K->501555K(1029120K), 0.0353672 secs] [Times: user=0.04 sys=0.04, real=0.04 secs] 
2021-05-29T02:54:04.887+0800: 1272196.585: [GC (Allocation Failure) [PSYoungGen: 497056K->13248K(504832K)] 986931K->511382K(1029120K), 0.0335254 secs] [Times: user=0.04 sys=0.04, real=0.03 secs] 
2021-05-29T03:00:49.994+0800: 1272601.692: [GC (Allocation Failure) [PSYoungGen: 498624K->14656K(505344K)] 996758K->522138K(1029632K), 0.0296414 secs] [Times: user=0.09 sys=0.00, real=0.03 secs] 
2021-05-29T03:07:32.627+0800: 1273004.326: [GC (Allocation Failure) [PSYoungGen: 500544K->14528K(504832K)] 1008026K->532428K(1029120K), 0.0328607 secs] [Times: user=0.05 sys=0.05, real=0.03 secs] 
2021-05-29T03:07:32.661+0800: 1273004.359: [Full GC (Ergonomics) [PSYoungGen: 14528K->0K(504832K)] [ParOldGen: 517900K->312592K(524288K)] 532428K->312592K(1029120K), [Metaspace: 96558K->96558K(1138688K)], 0.5018830 secs] [Times: user=1.15 sys=0.00, real=0.51 secs] 
2021-05-29T03:14:16.488+0800: 1273408.187: [GC (Allocation Failure) [PSYoungGen: 485888K->15008K(505856K)] 798480K->327600K(1030144K), 0.0251074 secs] [Times: user=0.07 sys=0.00, real=0.03 secs] 
2021-05-29T03:21:09.240+0800: 1273820.938: [GC (Allocation Failure) [PSYoungGen: 502432K->13984K(505856K)] 815024K->338616K(1030144K), 0.0344441 secs] [Times: user=0.05 sys=0.05, real=0.04 secs] 
2021-05-29T03:27:56.119+0800: 1274227.817: [GC (Allocation Failure) [PSYoungGen: 501408K->12576K(506368K)] 826040K->345883K(1030656K), 0.0323928 secs] [Times: user=0.04 sys=0.04, real=0.03 secs] 
2021-05-29T03:34:45.418+0800: 1274637.116: [GC (Allocation Failure) [PSYoungGen: 501024K->15424K(504320K)] 834331K->356991K(1028608K), 0.0287063 secs] [Times: user=0.05 sys=0.04, real=0.03 secs] 
2021-05-29T03:41:39.910+0800: 1275051.609: [GC (Allocation Failure) [PSYoungGen: 503872K->13312K(506368K)] 845439K->366008K(1030656K), 0.0294962 secs] [Times: user=0.04 sys=0.04, real=0.03 secs] 
2021-05-29T03:48:22.602+0800: 1275454.300: [GC (Allocation Failure) [PSYoungGen: 501248K->15264K(505856K)] 853944K->378193K(1030144K), 0.0324104 secs] [Times: user=0.04 sys=0.04, real=0.04 secs] 
2021-05-29T03:55:08.371+0800: 1275860.070: [GC (Allocation Failure) [PSYoungGen: 503200K->14176K(506368K)] 866129K->385772K(1030656K), 0.0828995 secs] [Times: user=0.04 sys=0.03, real=0.09 secs] 
2021-05-29T04:01:55.309+0800: 1276267.008: [GC (Allocation Failure) [PSYoungGen: 502624K->16576K(505344K)] 874220K->398511K(1029632K), 0.0417035 secs] [Times: user=0.04 sys=0.05, real=0.04 secs] 
2021-05-29T04:08:43.613+0800: 1276675.312: [GC (Allocation Failure) [PSYoungGen: 505024K->12192K(505856K)] 886959K->406177K(1030144K), 0.0771594 secs] [Times: user=0.09 sys=0.00, real=0.07 secs] 
2021-05-29T04:15:29.177+0800: 1277080.875: [GC (Allocation Failure) [PSYoungGen: 499616K->14528K(505856K)] 893601K->416868K(1030144K), 0.0279915 secs] [Times: user=0.04 sys=0.04, real=0.03 secs] 
2021-05-29T04:22:17.441+0800: 1277489.140: [GC (Allocation Failure) [PSYoungGen: 501952K->12160K(506368K)] 904292K->424989K(1030656K), 0.0304871 secs] [Times: user=0.04 sys=0.05, real=0.03 secs] 
2021-05-29T04:29:04.378+0800: 1277896.076: [GC (Allocation Failure) [PSYoungGen: 500608K->14112K(506368K)] 913437K->435321K(1030656K), 0.0297768 secs] [Times: user=0.08 sys=0.00, real=0.03 secs] 
2021-05-29T04:35:54.005+0800: 1278305.703: [GC (Allocation Failure) [PSYoungGen: 502560K->12288K(506880K)] 923769K->444450K(1031168K), 0.0712877 secs] [Times: user=0.05 sys=0.04, real=0.07 secs] 
2021-05-29T04:42:47.028+0800: 1278718.726: [GC (Allocation Failure) [PSYoungGen: 501248K->12448K(506368K)] 933410K->452917K(1030656K), 0.0289831 secs] [Times: user=0.09 sys=0.00, real=0.03 secs] 
2021-05-29T04:49:36.145+0800: 1279127.843: [GC (Allocation Failure) [PSYoungGen: 501408K->14656K(506880K)] 941877K->464081K(1031168K), 0.0350375 secs] [Times: user=0.05 sys=0.04, real=0.03 secs] 
2021-05-29T04:56:23.418+0800: 1279535.116: [GC (Allocation Failure) [PSYoungGen: 504128K->15488K(505344K)] 953553K->475012K(1029632K), 0.0411742 secs] [Times: user=0.05 sys=0.06, real=0.04 secs] 
2021-05-29T05:03:10.476+0800: 1279942.175: [GC (Allocation Failure) [PSYoungGen: 504960K->13952K(506880K)] 964484K->483847K(1031168K), 0.0320958 secs] [Times: user=0.09 sys=0.00, real=0.03 secs] 
2021-05-29T05:10:01.569+0800: 1280353.267: [GC (Allocation Failure) [PSYoungGen: 502912K->15360K(506368K)] 972807K->494930K(1030656K), 0.0530957 secs] [Times: user=0.06 sys=0.05, real=0.05 secs] 
2021-05-29T05:16:52.218+0800: 1280763.917: [GC (Allocation Failure) [PSYoungGen: 504320K->14656K(506880K)] 983890K->504687K(1031168K), 0.0278678 secs] [Times: user=0.08 sys=0.00, real=0.03 secs] 
2021-05-29T05:23:47.993+0800: 1281179.691: [GC (Allocation Failure) [PSYoungGen: 504128K->11872K(506880K)] 994159K->512600K(1031168K), 0.0317524 secs] [Times: user=0.04 sys=0.05, real=0.03 secs] 
2021-05-29T05:30:41.660+0800: 1281593.358: [GC (Allocation Failure) [PSYoungGen: 501344K->13888K(506880K)] 1002072K->523588K(1031168K), 0.0506351 secs] [Times: user=0.04 sys=0.05, real=0.05 secs] 
2021-05-29T05:37:34.575+0800: 1282006.274: [GC (Allocation Failure) [PSYoungGen: 503360K->17184K(506880K)] 1013060K->536111K(1031168K), 0.0369477 secs] [Times: user=0.09 sys=0.00, real=0.04 secs] 
2021-05-29T05:37:34.613+0800: 1282006.311: [Full GC (Ergonomics) [PSYoungGen: 17184K->0K(506880K)] [ParOldGen: 518927K->321908K(524288K)] 536111K->321908K(1031168K), [Metaspace: 96558K->96558K(1138688K)], 0.4777967 secs] [Times: user=1.08 sys=0.00, real=0.47 secs] 
2021-05-29T05:44:18.537+0800: 1282410.235: [GC (Allocation Failure) [PSYoungGen: 489472K->15968K(504832K)] 811380K->337876K(1029120K), 0.0327087 secs] [Times: user=0.04 sys=0.04, real=0.03 secs] 
2021-05-29T05:51:09.544+0800: 1282821.242: [GC (Allocation Failure) [PSYoungGen: 503392K->15168K(505856K)] 825300K->348190K(1030144K), 0.0304063 secs] [Times: user=0.04 sys=0.04, real=0.03 secs] 
2021-05-29T05:57:52.800+0800: 1283224.499: [GC (Allocation Failure) [PSYoungGen: 502592K->14752K(506368K)] 835614K->357850K(1030656K), 0.0361543 secs] [Times: user=0.05 sys=0.05, real=0.04 secs] 
2021-05-29T06:04:35.833+0800: 1283627.531: [GC (Allocation Failure) [PSYoungGen: 502688K->16128K(505856K)] 845786K->369149K(1030144K), 0.0634537 secs] [Times: user=0.07 sys=0.00, real=0.06 secs] 
2021-05-29T06:11:28.119+0800: 1284039.817: [GC (Allocation Failure) [PSYoungGen: 504064K->15200K(506368K)] 857085K->377832K(1030656K), 0.0319541 secs] [Times: user=0.04 sys=0.04, real=0.03 secs] 
2021-05-29T06:18:20.731+0800: 1284452.430: [GC (Allocation Failure) [PSYoungGen: 503136K->15232K(505856K)] 865768K->387724K(1030144K), 0.0323769 secs] [Times: user=0.04 sys=0.04, real=0.04 secs] 
2021-05-29T06:25:08.627+0800: 1284860.325: [GC (Allocation Failure) [PSYoungGen: 503168K->16352K(505344K)] 875660K->399014K(1029632K), 0.0293787 secs] [Times: user=0.04 sys=0.04, real=0.03 secs] 
2021-05-29T06:31:59.160+0800: 1285270.858: [GC (Allocation Failure) [PSYoungGen: 503776K->14176K(505856K)] 886438K->407193K(1030144K), 0.0327027 secs] [Times: user=0.05 sys=0.05, real=0.04 secs] 
2021-05-29T06:38:52.735+0800: 1285684.434: [GC (Allocation Failure) [PSYoungGen: 501600K->14880K(506368K)] 894617K->417780K(1030656K), 0.0291118 secs] [Times: user=0.04 sys=0.04, real=0.03 secs] 
2021-05-29T06:45:39.427+0800: 1286091.125: [GC (Allocation Failure) [PSYoungGen: 503328K->14016K(506368K)] 906228K->427350K(1030656K), 0.0314638 secs] [Times: user=0.04 sys=0.05, real=0.03 secs] 
2021-05-29T06:52:32.778+0800: 1286504.476: [GC (Allocation Failure) [PSYoungGen: 502464K->11232K(506368K)] 915798K->434673K(1030656K), 0.0318389 secs] [Times: user=0.05 sys=0.05, real=0.03 secs] 
2021-05-29T06:59:25.486+0800: 1286917.184: [GC (Allocation Failure) [PSYoungGen: 499680K->14240K(506368K)] 923121K->446397K(1030656K), 0.0306818 secs] [Times: user=0.10 sys=0.00, real=0.03 secs] 
2021-05-29T07:06:17.742+0800: 1287329.441: [GC (Allocation Failure) [PSYoungGen: 502688K->16384K(506368K)] 934845K->458594K(1030656K), 0.0332644 secs] [Times: user=0.05 sys=0.05, real=0.03 secs] 
2021-05-29T07:13:06.645+0800: 1287738.343: [GC (Allocation Failure) [PSYoungGen: 504832K->13952K(506368K)] 947042K->467374K(1030656K), 0.0299811 secs] [Times: user=0.04 sys=0.05, real=0.03 secs] 
2021-05-29T07:19:48.056+0800: 1288139.754: [GC (Allocation Failure) [PSYoungGen: 502400K->14154K(506368K)] 955822K->477067K(1030656K), 0.0345248 secs] [Times: user=0.03 sys=0.04, real=0.03 secs] 
2021-05-29T07:26:37.698+0800: 1288549.396: [GC (Allocation Failure) [PSYoungGen: 502602K->13952K(506368K)] 965515K->487413K(1030656K), 0.0477382 secs] [Times: user=0.04 sys=0.05, real=0.05 secs] 
2021-05-29T07:33:28.619+0800: 1288960.317: [GC (Allocation Failure) [PSYoungGen: 502400K->14432K(506880K)] 975861K->497281K(1031168K), 0.0362869 secs] [Times: user=0.05 sys=0.04, real=0.04 secs] 
2021-05-29T07:40:17.851+0800: 1289369.549: [GC (Allocation Failure) [PSYoungGen: 503904K->13856K(506880K)] 986753K->507154K(1031168K), 0.0979036 secs] [Times: user=0.05 sys=0.05, real=0.10 secs] 
2021-05-29T07:47:04.337+0800: 1289776.036: [GC (Allocation Failure) [PSYoungGen: 503328K->16384K(506368K)] 996626K->519574K(1030656K), 0.0335098 secs] [Times: user=0.05 sys=0.05, real=0.03 secs] 
2021-05-29T07:53:53.813+0800: 1290185.511: [GC (Allocation Failure) [PSYoungGen: 505856K->15040K(506880K)] 1009046K->529688K(1031168K), 0.0341438 secs] [Times: user=0.04 sys=0.04, real=0.03 secs] 
2021-05-29T07:53:53.847+0800: 1290185.545: [Full GC (Ergonomics) [PSYoungGen: 15040K->0K(506880K)] [ParOldGen: 514648K->312195K(524288K)] 529688K->312195K(1031168K), [Metaspace: 96558K->96558K(1138688K)], 0.5125448 secs] [Times: user=1.07 sys=0.00, real=0.51 secs] 
2021-05-29T08:00:41.437+0800: 1290593.135: [GC (Allocation Failure) [PSYoungGen: 489472K->14816K(506880K)] 801667K->327011K(1031168K), 0.0233673 secs] [Times: user=0.03 sys=0.03, real=0.02 secs] 
2021-05-29T08:07:29.847+0800: 1291001.545: [GC (Allocation Failure) [PSYoungGen: 504288K->13728K(506880K)] 816483K->337157K(1031168K), 0.0320610 secs] [Times: user=0.09 sys=0.00, real=0.03 secs] 
2021-05-29T08:14:13.824+0800: 1291405.523: [GC (Allocation Failure) [PSYoungGen: 503200K->14144K(507392K)] 826629K->346766K(1031680K), 0.0279701 secs] [Times: user=0.04 sys=0.04, real=0.03 secs] 
2021-05-29T08:21:09.960+0800: 1291821.659: [GC (Allocation Failure) [PSYoungGen: 504128K->12672K(506880K)] 836750K->353944K(1031168K), 0.0301556 secs] [Times: user=0.03 sys=0.04, real=0.03 secs] 
2021-05-29T08:28:00.638+0800: 1292232.337: [GC (Allocation Failure) [PSYoungGen: 502656K->16576K(505344K)] 843928K->367228K(1029632K), 0.0332113 secs] [Times: user=0.09 sys=0.00, real=0.03 secs] 
2021-05-29T08:34:50.591+0800: 1292642.289: [GC (Allocation Failure) [PSYoungGen: 505024K->12448K(506368K)] 855676K->373301K(1030656K), 0.0313612 secs] [Times: user=0.04 sys=0.04, real=0.04 secs] 
2021-05-29T08:41:42.990+0800: 1293054.688: [GC (Allocation Failure) [PSYoungGen: 500896K->15712K(506368K)] 861749K->385553K(1030656K), 0.0306755 secs] [Times: user=0.09 sys=0.00, real=0.03 secs] 
2021-05-29T08:48:30.019+0800: 1293461.718: [GC (Allocation Failure) [PSYoungGen: 504160K->14432K(506368K)] 874001K->395115K(1030656K), 0.0410352 secs] [Times: user=0.03 sys=0.04, real=0.04 secs] 
2021-05-29T08:55:20.866+0800: 1293872.564: [GC (Allocation Failure) [PSYoungGen: 502880K->15328K(506880K)] 883563K->405127K(1031168K), 0.0300034 secs] [Times: user=0.05 sys=0.04, real=0.03 secs] 
2021-05-29T09:02:13.457+0800: 1294285.155: [GC (Allocation Failure) [PSYoungGen: 504800K->14240K(506880K)] 894599K->414275K(1031168K), 0.0401936 secs] [Times: user=0.06 sys=0.05, real=0.04 secs] 
2021-05-29T09:08:54.214+0800: 1294685.912: [GC (Allocation Failure) [PSYoungGen: 503712K->14752K(506880K)] 903747K->425044K(1031168K), 0.0541407 secs] [Times: user=0.05 sys=0.05, real=0.05 secs] 
2021-05-29T09:15:33.563+0800: 1295085.262: [GC (Allocation Failure) [PSYoungGen: 504224K->13930K(506880K)] 914516K->434577K(1031168K), 0.0350482 secs] [Times: user=0.08 sys=0.00, real=0.03 secs] 
2021-05-29T09:22:31.853+0800: 1295503.552: [GC (Allocation Failure) [PSYoungGen: 503402K->12288K(506368K)] 924049K->442475K(1030656K), 0.0433876 secs] [Times: user=0.06 sys=0.06, real=0.04 secs] 
2021-05-29T09:29:19.445+0800: 1295911.144: [GC (Allocation Failure) [PSYoungGen: 501760K->13696K(506880K)] 931947K->451758K(1031168K), 0.0294512 secs] [Times: user=0.04 sys=0.04, real=0.03 secs] 
2021-05-29T09:36:08.405+0800: 1296320.103: [GC (Allocation Failure) [PSYoungGen: 503168K->14720K(507392K)] 941230K->461537K(1031680K), 0.0260472 secs] [Times: user=0.04 sys=0.04, real=0.02 secs] 
2021-05-29T09:42:56.756+0800: 1296728.454: [GC (Allocation Failure) [PSYoungGen: 505216K->14176K(507392K)] 952033K->471749K(1031680K), 0.0286869 secs] [Times: user=0.04 sys=0.05, real=0.03 secs] 
2021-05-29T09:49:49.349+0800: 1297141.047: [GC (Allocation Failure) [PSYoungGen: 504672K->12096K(507392K)] 962245K->480550K(1031680K), 0.0264977 secs] [Times: user=0.04 sys=0.04, real=0.03 secs] 
2021-05-29T09:56:40.098+0800: 1297551.796: [GC (Allocation Failure) [PSYoungGen: 502592K->15008K(507392K)] 971046K->492850K(1031680K), 0.0357472 secs] [Times: user=0.04 sys=0.04, real=0.04 secs] 
2021-05-29T10:03:28.249+0800: 1297959.947: [GC (Allocation Failure) [PSYoungGen: 505504K->13376K(507392K)] 983346K->501891K(1031680K), 0.0315389 secs] [Times: user=0.09 sys=0.00, real=0.03 secs] 
2021-05-29T10:10:26.366+0800: 1298378.064: [GC (Allocation Failure) [PSYoungGen: 503872K->13728K(507392K)] 992387K->512684K(1031680K), 0.0445703 secs] [Times: user=0.04 sys=0.05, real=0.04 secs] 
2021-05-29T10:17:16.197+0800: 1298787.895: [GC (Allocation Failure) [PSYoungGen: 504224K->13088K(507904K)] 1003180K->520944K(1032192K), 0.0406466 secs] [Times: user=0.04 sys=0.06, real=0.04 secs] 
2021-05-29T10:24:01.919+0800: 1299193.617: [GC (Allocation Failure) [PSYoungGen: 504096K->15936K(507392K)] 1011952K->532971K(1031680K), 0.0374873 secs] [Times: user=0.04 sys=0.05, real=0.04 secs] 
2021-05-29T10:24:01.957+0800: 1299193.655: [Full GC (Ergonomics) [PSYoungGen: 15936K->0K(507392K)] [ParOldGen: 517035K->320248K(524288K)] 532971K->320248K(1031680K), [Metaspace: 96576K->96576K(1138688K)], 0.5645347 secs] [Times: user=1.15 sys=0.00, real=0.56 secs] 
2021-05-29T10:30:59.616+0800: 1299611.315: [GC (Allocation Failure) [PSYoungGen: 491008K->9632K(506368K)] 811256K->329880K(1030656K), 0.0278419 secs] [Times: user=0.03 sys=0.04, real=0.03 secs] 
2021-05-29T10:37:57.161+0800: 1300028.860: [GC (Allocation Failure) [PSYoungGen: 499104K->13952K(506880K)] 819352K->341652K(1031168K), 0.0329482 secs] [Times: user=0.05 sys=0.04, real=0.04 secs] 
2021-05-29T10:44:48.883+0800: 1300440.582: [GC (Allocation Failure) [PSYoungGen: 503424K->13568K(507392K)] 831124K->351757K(1031680K), 0.0374454 secs] [Times: user=0.05 sys=0.05, real=0.03 secs] 
2021-05-29T10:51:38.800+0800: 1300850.498: [GC (Allocation Failure) [PSYoungGen: 503552K->14880K(506880K)] 841741K->361707K(1031168K), 0.0279762 secs] [Times: user=0.08 sys=0.00, real=0.03 secs] 
2021-05-29T10:58:26.734+0800: 1301258.432: [GC (Allocation Failure) [PSYoungGen: 504864K->15744K(506368K)] 851691K->373845K(1030656K), 0.0247601 secs] [Times: user=0.07 sys=0.00, real=0.02 secs] 
2021-05-29T11:05:21.507+0800: 1301673.205: [GC (Allocation Failure) [PSYoungGen: 505216K->13536K(506880K)] 863317K->382712K(1031168K), 0.0364335 secs] [Times: user=0.04 sys=0.04, real=0.04 secs] 
2021-05-29T11:12:17.628+0800: 1302089.327: [GC (Allocation Failure) [PSYoungGen: 503008K->13760K(507392K)] 872184K->391978K(1031680K), 0.0293392 secs] [Times: user=0.04 sys=0.04, real=0.03 secs] 
2021-05-29T11:19:03.723+0800: 1302495.421: [GC (Allocation Failure) [PSYoungGen: 503744K->12288K(506880K)] 881962K->399260K(1031168K), 0.0283611 secs] [Times: user=0.04 sys=0.04, real=0.02 secs] 
2021-05-29T11:25:53.030+0800: 1302904.728: [GC (Allocation Failure) [PSYoungGen: 502272K->12992K(507392K)] 889244K->408479K(1031680K), 0.0291113 secs] [Times: user=0.08 sys=0.00, real=0.03 secs] 
2021-05-29T11:32:46.448+0800: 1303318.146: [GC (Allocation Failure) [PSYoungGen: 503488K->16000K(506880K)] 898975K->420204K(1031168K), 0.1153320 secs] [Times: user=0.05 sys=0.04, real=0.12 secs] 
2021-05-29T11:39:34.558+0800: 1303726.256: [GC (Allocation Failure) [PSYoungGen: 506496K->14432K(506880K)] 910700K->429455K(1031168K), 0.0280448 secs] [Times: user=0.07 sys=0.00, real=0.03 secs] 
2021-05-29T11:46:14.643+0800: 1304126.341: [GC (Allocation Failure) [PSYoungGen: 503904K->15456K(506880K)] 918927K->440641K(1031168K), 0.0326151 secs] [Times: user=0.04 sys=0.04, real=0.03 secs] 
2021-05-29T11:53:09.547+0800: 1304541.245: [GC (Allocation Failure) [PSYoungGen: 504928K->13056K(506880K)] 930113K->448810K(1031168K), 0.0338767 secs] [Times: user=0.09 sys=0.00, real=0.03 secs] 
2021-05-29T12:00:04.146+0800: 1304955.844: [GC (Allocation Failure) [PSYoungGen: 502528K->13504K(506880K)] 938282K->457974K(1031168K), 0.0303926 secs] [Times: user=0.03 sys=0.04, real=0.03 secs] 
2021-05-29T12:06:57.423+0800: 1305369.121: [GC (Allocation Failure) [PSYoungGen: 502976K->13312K(507392K)] 947446K->466378K(1031680K), 0.0283614 secs] [Times: user=0.04 sys=0.04, real=0.02 secs] 
2021-05-29T12:13:51.071+0800: 1305782.769: [GC (Allocation Failure) [PSYoungGen: 503296K->12416K(506880K)] 956362K->475106K(1031168K), 0.0413776 secs] [Times: user=0.05 sys=0.05, real=0.05 secs] 
2021-05-29T12:20:42.313+0800: 1306194.011: [GC (Allocation Failure) [PSYoungGen: 502400K->13824K(507392K)] 965090K->485423K(1031680K), 0.0657887 secs] [Times: user=0.03 sys=0.04, real=0.06 secs] 
2021-05-29T12:27:36.571+0800: 1306608.269: [GC (Allocation Failure) [PSYoungGen: 504320K->13824K(507392K)] 975919K->495137K(1031680K), 0.0285163 secs] [Times: user=0.04 sys=0.04, real=0.03 secs] 
2021-05-29T12:34:28.884+0800: 1307020.583: [GC (Allocation Failure) [PSYoungGen: 504320K->15968K(506880K)] 985633K->507180K(1031168K), 0.0368037 secs] [Times: user=0.04 sys=0.04, real=0.03 secs] 
2021-05-29T12:41:16.850+0800: 1307428.548: [GC (Allocation Failure) [PSYoungGen: 506464K->14432K(507392K)] 997676K->516463K(1031680K), 0.0287473 secs] [Times: user=0.05 sys=0.04, real=0.03 secs] 
2021-05-29T12:48:06.900+0800: 1307838.598: [GC (Allocation Failure) [PSYoungGen: 504928K->14432K(507392K)] 1006959K->526841K(1031680K), 0.0377186 secs] [Times: user=0.04 sys=0.05, real=0.04 secs] 
2021-05-29T12:48:06.938+0800: 1307838.637: [Full GC (Ergonomics) [PSYoungGen: 14432K->0K(507392K)] [ParOldGen: 512409K->309714K(524288K)] 526841K->309714K(1031680K), [Metaspace: 96576K->96576K(1138688K)], 0.4380085 secs] [Times: user=0.96 sys=0.00, real=0.44 secs] 
2021-05-29T12:54:53.145+0800: 1308244.843: [GC (Allocation Failure) [PSYoungGen: 490496K->14752K(507392K)] 800210K->324466K(1031680K), 0.0375907 secs] [Times: user=0.05 sys=0.04, real=0.04 secs] 
2021-05-29T13:01:39.226+0800: 1308650.924: [GC (Allocation Failure) [PSYoungGen: 505248K->14208K(507904K)] 814962K->334605K(1032192K), 0.0290055 secs] [Times: user=0.04 sys=0.04, real=0.03 secs] 
2021-05-29T13:08:29.451+0800: 1309061.149: [GC (Allocation Failure) [PSYoungGen: 505216K->14080K(507392K)] 825613K->344416K(1031680K), 0.0432021 secs] [Times: user=0.05 sys=0.05, real=0.05 secs] 
2021-05-29T13:15:19.332+0800: 1309471.030: [GC (Allocation Failure) [PSYoungGen: 505088K->14112K(507904K)] 835424K->354203K(1032192K), 0.0308909 secs] [Times: user=0.04 sys=0.04, real=0.04 secs] 
2021-05-29T13:21:58.520+0800: 1309870.218: [GC (Allocation Failure) [PSYoungGen: 505632K->15914K(507904K)] 845723K->365560K(1032192K), 0.0335375 secs] [Times: user=0.09 sys=0.00, real=0.04 secs] 
2021-05-29T13:28:44.535+0800: 1310276.233: [GC (Allocation Failure) [PSYoungGen: 507434K->14464K(507904K)] 857080K->374268K(1032192K), 0.0335766 secs] [Times: user=0.04 sys=0.05, real=0.03 secs] 
2021-05-29T13:35:35.977+0800: 1310687.676: [GC (Allocation Failure) [PSYoungGen: 505984K->14432K(507904K)] 865788K->384552K(1032192K), 0.0325223 secs] [Times: user=0.04 sys=0.04, real=0.03 secs] 
2021-05-29T13:42:28.521+0800: 1311100.220: [GC (Allocation Failure) [PSYoungGen: 505952K->14720K(507904K)] 876072K->395218K(1032192K), 0.0639197 secs] [Times: user=0.06 sys=0.07, real=0.07 secs] 
2021-05-29T13:49:16.011+0800: 1311507.709: [GC (Allocation Failure) [PSYoungGen: 506240K->14720K(507904K)] 886738K->405836K(1032192K), 0.0356060 secs] [Times: user=0.04 sys=0.05, real=0.04 secs] 
2021-05-29T13:56:07.504+0800: 1311919.202: [GC (Allocation Failure) [PSYoungGen: 506240K->11168K(506880K)] 897356K->412764K(1031168K), 0.0436813 secs] [Times: user=0.04 sys=0.05, real=0.04 secs] 
2021-05-29T14:03:03.842+0800: 1312335.540: [GC (Allocation Failure) [PSYoungGen: 501664K->15936K(507392K)] 903260K->425639K(1031680K), 0.0965116 secs] [Times: user=0.03 sys=0.03, real=0.09 secs] 
2021-05-29T14:09:55.459+0800: 1312747.157: [GC (Allocation Failure) [PSYoungGen: 506432K->13888K(507392K)] 916135K->433034K(1031680K), 0.0276471 secs] [Times: user=0.04 sys=0.04, real=0.03 secs] 
2021-05-29T14:16:47.793+0800: 1313159.492: [GC (Allocation Failure) [PSYoungGen: 504384K->13376K(507392K)] 923530K->441190K(1031680K), 0.0290273 secs] [Times: user=0.04 sys=0.04, real=0.03 secs] 
2021-05-29T14:23:39.491+0800: 1313571.189: [GC (Allocation Failure) [PSYoungGen: 503872K->15680K(507392K)] 931686K->452954K(1031680K), 0.0306540 secs] [Times: user=0.04 sys=0.05, real=0.03 secs] 
2021-05-29T14:30:35.659+0800: 1313987.357: [GC (Allocation Failure) [PSYoungGen: 506176K->15008K(505856K)] 943450K->463348K(1030144K), 0.0342383 secs] [Times: user=0.04 sys=0.05, real=0.04 secs] 
2021-05-29T14:37:30.791+0800: 1314402.489: [GC (Allocation Failure) [PSYoungGen: 505504K->11808K(506880K)] 953844K->470141K(1031168K), 0.0357766 secs] [Times: user=0.05 sys=0.05, real=0.04 secs] 
2021-05-29T14:44:22.595+0800: 1314814.294: [GC (Allocation Failure) [PSYoungGen: 501280K->15264K(506880K)] 959613K->482160K(1031168K), 0.0363983 secs] [Times: user=0.05 sys=0.05, real=0.03 secs] 
2021-05-29T14:51:13.688+0800: 1315225.387: [GC (Allocation Failure) [PSYoungGen: 504736K->12864K(506880K)] 971632K->490889K(1031168K), 0.0372097 secs] [Times: user=0.04 sys=0.05, real=0.04 secs] 
2021-05-29T14:58:04.252+0800: 1315635.950: [GC (Allocation Failure) [PSYoungGen: 502336K->13024K(506880K)] 980361K->500524K(1031168K), 0.0327714 secs] [Times: user=0.04 sys=0.05, real=0.04 secs] 
2021-05-29T15:04:55.721+0800: 1316047.419: [GC (Allocation Failure) [PSYoungGen: 502496K->17376K(497664K)] 989996K->514961K(1021952K), 0.0451551 secs] [Times: user=0.05 sys=0.06, real=0.05 secs] 
2021-05-29T15:11:42.471+0800: 1316454.169: [GC (Allocation Failure) [PSYoungGen: 497632K->16736K(502272K)] 995217K->525997K(1026560K), 0.0330023 secs] [Times: user=0.05 sys=0.04, real=0.04 secs] 
2021-05-29T15:18:30.171+0800: 1316861.869: [GC (Allocation Failure) [PSYoungGen: 496992K->12704K(502784K)] 1006253K->533648K(1027072K), 0.0358240 secs] [Times: user=0.05 sys=0.05, real=0.04 secs] 
2021-05-29T15:18:30.207+0800: 1316861.905: [Full GC (Ergonomics) [PSYoungGen: 12704K->0K(502784K)] [ParOldGen: 520944K->321816K(524288K)] 533648K->321816K(1027072K), [Metaspace: 96578K->96578K(1138688K)], 0.5536080 secs] [Times: user=1.14 sys=0.00, real=0.55 secs] 
2021-05-29T15:25:10.293+0800: 1317261.991: [GC (Allocation Failure) [PSYoungGen: 480768K->14688K(502272K)] 802584K->336504K(1026560K), 0.0390204 secs] [Times: user=0.04 sys=0.04, real=0.03 secs] 
2021-05-29T15:31:54.603+0800: 1317666.301: [GC (Allocation Failure) [PSYoungGen: 495456K->14304K(503808K)] 817272K->346594K(1028096K), 0.0290447 secs] [Times: user=0.04 sys=0.04, real=0.03 secs] 
2021-05-29T15:38:32.374+0800: 1318064.072: [GC (Allocation Failure) [PSYoungGen: 497120K->12672K(503296K)] 829410K->355202K(1027584K), 0.0283214 secs] [Times: user=0.04 sys=0.05, real=0.03 secs] 
2021-05-29T15:45:20.899+0800: 1318472.598: [GC (Allocation Failure) [PSYoungGen: 495488K->14880K(504320K)] 838018K->365895K(1028608K), 0.0279421 secs] [Times: user=0.04 sys=0.04, real=0.03 secs] 
2021-05-29T15:52:02.974+0800: 1318874.672: [GC (Allocation Failure) [PSYoungGen: 498720K->13888K(503808K)] 849735K->375473K(1028096K), 0.0315113 secs] [Times: user=0.05 sys=0.05, real=0.03 secs] 
2021-05-29T15:59:00.642+0800: 1319292.341: [GC (Allocation Failure) [PSYoungGen: 497728K->13632K(504832K)] 859313K->384723K(1029120K), 0.1074997 secs] [Times: user=0.04 sys=0.04, real=0.10 secs] 
2021-05-29T16:05:47.276+0800: 1319698.974: [GC (Allocation Failure) [PSYoungGen: 498496K->13920K(504320K)] 869587K->393806K(1028608K), 0.0526657 secs] [Times: user=0.05 sys=0.04, real=0.05 secs] 
2021-05-29T16:12:35.877+0800: 1320107.576: [GC (Allocation Failure) [PSYoungGen: 498784K->15520K(505344K)] 878670K->404762K(1029632K), 0.0978631 secs] [Times: user=0.04 sys=0.04, real=0.10 secs] 
2021-05-29T16:19:16.863+0800: 1320508.561: [GC (Allocation Failure) [PSYoungGen: 501920K->14400K(505344K)] 891162K->414325K(1029632K), 0.0420762 secs] [Times: user=0.05 sys=0.05, real=0.04 secs] 
2021-05-29T16:26:04.297+0800: 1320915.995: [GC (Allocation Failure) [PSYoungGen: 500800K->13056K(505856K)] 900725K->422215K(1030144K), 0.0333764 secs] [Times: user=0.04 sys=0.04, real=0.03 secs] 
2021-05-29T16:32:48.679+0800: 1321320.377: [GC (Allocation Failure) [PSYoungGen: 500476K->11904K(505856K)] 909636K->429642K(1030144K), 0.0292328 secs] [Times: user=0.04 sys=0.04, real=0.03 secs] 
2021-05-29T16:39:42.557+0800: 1321734.256: [GC (Allocation Failure) [PSYoungGen: 499328K->11712K(505856K)] 917066K->437238K(1030144K), 0.0274160 secs] [Times: user=0.08 sys=0.00, real=0.03 secs] 
2021-05-29T16:46:31.741+0800: 1322143.439: [GC (Allocation Failure) [PSYoungGen: 499136K->16576K(504320K)] 924662K->450633K(1028608K), 0.0339590 secs] [Times: user=0.04 sys=0.05, real=0.04 secs] 
2021-05-29T16:53:22.758+0800: 1322554.456: [GC (Allocation Failure) [PSYoungGen: 504000K->15008K(505344K)] 938057K->459883K(1029632K), 0.0282083 secs] [Times: user=0.04 sys=0.04, real=0.03 secs] 
2021-05-29T17:00:08.255+0800: 1322959.953: [GC (Allocation Failure) [PSYoungGen: 501408K->13120K(505344K)] 946283K->468405K(1029632K), 0.0296715 secs] [Times: user=0.04 sys=0.05, real=0.03 secs] 
2021-05-29T17:06:55.629+0800: 1323367.327: [GC (Allocation Failure) [PSYoungGen: 499520K->12416K(505856K)] 954805K->476681K(1030144K), 0.0364297 secs] [Times: user=0.04 sys=0.03, real=0.04 secs] 
2021-05-29T17:13:46.253+0800: 1323777.951: [GC (Allocation Failure) [PSYoungGen: 499328K->11648K(505344K)] 963593K->485482K(1029632K), 0.0358790 secs] [Times: user=0.04 sys=0.04, real=0.03 secs] 
2021-05-29T17:20:33.130+0800: 1324184.828: [GC (Allocation Failure) [PSYoungGen: 498560K->14592K(505856K)] 972394K->496269K(1030144K), 0.0309558 secs] [Times: user=0.03 sys=0.03, real=0.03 secs] 
2021-05-29T17:27:29.060+0800: 1324600.758: [GC (Allocation Failure) [PSYoungGen: 502016K->10976K(505856K)] 983693K->501518K(1030144K), 0.0265745 secs] [Times: user=0.04 sys=0.04, real=0.03 secs] 
2021-05-29T17:34:22.646+0800: 1325014.344: [GC (Allocation Failure) [PSYoungGen: 498400K->14560K(505856K)] 988942K->513178K(1030144K), 0.0317657 secs] [Times: user=0.04 sys=0.04, real=0.03 secs] 
2021-05-29T17:41:23.427+0800: 1325435.125: [GC (Allocation Failure) [PSYoungGen: 501984K->14656K(505856K)] 1000602K->522717K(1030144K), 0.0293631 secs] [Times: user=0.04 sys=0.04, real=0.03 secs] 
2021-05-29T17:48:20.070+0800: 1325851.768: [GC (Allocation Failure) [PSYoungGen: 502080K->13952K(506368K)] 1010141K->532918K(1030656K), 0.0277920 secs] [Times: user=0.04 sys=0.05, real=0.03 secs] 
2021-05-29T17:48:20.098+0800: 1325851.797: [Full GC (Ergonomics) [PSYoungGen: 13952K->0K(506368K)] [ParOldGen: 518966K->311217K(524288K)] 532918K->311217K(1030656K), [Metaspace: 96578K->96578K(1138688K)], 0.4777831 secs] [Times: user=1.04 sys=0.00, real=0.48 secs] 
2021-05-29T17:55:10.410+0800: 1326262.108: [GC (Allocation Failure) [PSYoungGen: 487936K->13952K(505856K)] 799153K->325170K(1030144K), 0.0250467 secs] [Times: user=0.04 sys=0.03, real=0.03 secs] 
2021-05-29T18:02:03.738+0800: 1326675.436: [GC (Allocation Failure) [PSYoungGen: 501888K->14816K(506880K)] 813106K->336740K(1031168K), 0.0475429 secs] [Times: user=0.05 sys=0.04, real=0.05 secs] 
2021-05-29T18:08:56.235+0800: 1327087.933: [GC (Allocation Failure) [PSYoungGen: 504288K->13984K(506880K)] 826212K->346110K(1031168K), 0.0352891 secs] [Times: user=0.05 sys=0.05, real=0.03 secs] 
2021-05-29T18:15:50.483+0800: 1327502.181: [GC (Allocation Failure) [PSYoungGen: 503456K->14176K(507392K)] 835582K->354825K(1031680K), 0.0562402 secs] [Times: user=0.06 sys=0.06, real=0.05 secs] 
2021-05-29T18:22:38.171+0800: 1327909.869: [GC (Allocation Failure) [PSYoungGen: 504160K->13088K(506880K)] 844809K->362565K(1031168K), 0.0313864 secs] [Times: user=0.09 sys=0.00, real=0.04 secs] 
2021-05-29T18:29:34.104+0800: 1328325.803: [GC (Allocation Failure) [PSYoungGen: 503072K->12384K(507392K)] 852549K->370183K(1031680K), 0.0300302 secs] [Times: user=0.04 sys=0.04, real=0.03 secs] 
2021-05-29T18:36:30.174+0800: 1328741.872: [GC (Allocation Failure) [PSYoungGen: 502880K->12320K(507392K)] 860679K->379402K(1031680K), 0.0277666 secs] [Times: user=0.04 sys=0.04, real=0.02 secs] 
2021-05-29T18:43:22.900+0800: 1329154.598: [GC (Allocation Failure) [PSYoungGen: 502816K->15808K(506368K)] 869898K->390871K(1030656K), 0.0284157 secs] [Times: user=0.04 sys=0.04, real=0.03 secs] 
2021-05-29T18:50:17.959+0800: 1329569.657: [GC (Allocation Failure) [PSYoungGen: 505280K->11840K(506880K)] 880343K->398504K(1031168K), 0.0340258 secs] [Times: user=0.03 sys=0.05, real=0.04 secs] 
2021-05-29T18:57:08.267+0800: 1329979.965: [GC (Allocation Failure) [PSYoungGen: 501312K->12544K(506880K)] 887976K->408148K(1031168K), 0.0732187 secs] [Times: user=0.04 sys=0.04, real=0.07 secs] 
2021-05-29T19:03:56.077+0800: 1330387.775: [GC (Allocation Failure) [PSYoungGen: 502016K->13728K(506880K)] 897620K->418830K(1031168K), 0.0827175 secs] [Times: user=0.11 sys=0.11, real=0.08 secs] 
2021-05-29T19:10:49.763+0800: 1330801.461: [GC (Allocation Failure) [PSYoungGen: 503200K->12128K(507392K)] 908302K->426704K(1031680K), 0.0408445 secs] [Times: user=0.05 sys=0.05, real=0.04 secs] 
2021-05-29T19:17:35.637+0800: 1331207.336: [GC (Allocation Failure) [PSYoungGen: 502223K->15609K(506368K)] 916800K->438487K(1030656K), 0.0309044 secs] [Times: user=0.04 sys=0.04, real=0.03 secs] 
2021-05-29T19:24:17.720+0800: 1331609.418: [GC (Allocation Failure) [PSYoungGen: 506105K->14858K(506880K)] 928983K->448043K(1031168K), 0.0451954 secs] [Times: user=0.10 sys=0.00, real=0.05 secs] 
2021-05-29T19:31:11.151+0800: 1332022.849: [GC (Allocation Failure) [PSYoungGen: 504330K->12800K(506880K)] 937515K->456413K(1031168K), 0.0328691 secs] [Times: user=0.04 sys=0.05, real=0.04 secs] 
2021-05-29T19:37:54.514+0800: 1332426.213: [GC (Allocation Failure) [PSYoungGen: 502272K->15584K(505856K)] 945885K->468145K(1030144K), 0.0307356 secs] [Times: user=0.09 sys=0.00, real=0.03 secs] 
2021-05-29T19:44:41.283+0800: 1332832.981: [GC (Allocation Failure) [PSYoungGen: 504032K->14432K(506368K)] 956593K->477773K(1030656K), 0.0348346 secs] [Times: user=0.03 sys=0.04, real=0.03 secs] 
2021-05-29T19:51:32.621+0800: 1333244.319: [GC (Allocation Failure) [PSYoungGen: 502880K->12256K(506880K)] 966221K->485255K(1031168K), 0.0298193 secs] [Times: user=0.04 sys=0.04, real=0.03 secs] 
2021-05-29T19:58:16.980+0800: 1333648.678: [GC (Allocation Failure) [PSYoungGen: 501728K->16352K(505856K)] 974727K->498067K(1030144K), 0.0296300 secs] [Times: user=0.04 sys=0.04, real=0.03 secs] 
2021-05-29T20:05:16.008+0800: 1334067.706: [GC (Allocation Failure) [PSYoungGen: 505824K->10752K(505344K)] 987539K->504492K(1029632K), 0.0266992 secs] [Times: user=0.04 sys=0.05, real=0.03 secs] 
2021-05-29T20:12:06.887+0800: 1334478.585: [GC (Allocation Failure) [PSYoungGen: 498176K->13152K(505856K)] 991916K->514889K(1030144K), 0.0316625 secs] [Times: user=0.04 sys=0.05, real=0.03 secs] 
2021-05-29T20:19:00.539+0800: 1334892.237: [GC (Allocation Failure) [PSYoungGen: 500576K->13792K(506880K)] 1002313K->524189K(1031168K), 0.0302658 secs] [Times: user=0.04 sys=0.05, real=0.03 secs] 
2021-05-29T20:25:54.749+0800: 1335306.447: [GC (Allocation Failure) [PSYoungGen: 502752K->13376K(506368K)] 1013149K->534399K(1030656K), 0.0313361 secs] [Times: user=0.04 sys=0.04, real=0.03 secs] 
2021-05-29T20:25:54.781+0800: 1335306.479: [Full GC (Ergonomics) [PSYoungGen: 13376K->0K(506368K)] [ParOldGen: 521023K->321857K(524288K)] 534399K->321857K(1030656K), [Metaspace: 96578K->96578K(1138688K)], 0.5133082 secs] [Times: user=1.12 sys=0.00, real=0.52 secs] 
2021-05-29T20:32:54.817+0800: 1335726.516: [GC (Allocation Failure) [PSYoungGen: 488956K->13472K(507392K)] 810813K->335329K(1031680K), 0.0253358 secs] [Times: user=0.03 sys=0.03, real=0.03 secs] 
2021-05-29T20:39:49.548+0800: 1336141.246: [GC (Allocation Failure) [PSYoungGen: 503456K->13632K(506880K)] 825313K->345708K(1031168K), 0.0272972 secs] [Times: user=0.04 sys=0.04, real=0.03 secs] 
2021-05-29T20:46:47.976+0800: 1336559.675: [GC (Allocation Failure) [PSYoungGen: 503616K->15008K(507392K)] 835692K->356854K(1031680K), 0.0285795 secs] [Times: user=0.04 sys=0.04, real=0.03 secs] 
2021-05-29T20:53:43.125+0800: 1336974.823: [GC (Allocation Failure) [PSYoungGen: 505504K->12224K(507392K)] 847350K->364192K(1031680K), 0.0437471 secs] [Times: user=0.05 sys=0.05, real=0.04 secs] 
2021-05-29T21:00:37.083+0800: 1337388.781: [GC (Allocation Failure) [PSYoungGen: 502720K->12416K(507392K)] 854688K->372994K(1031680K), 0.0284475 secs] [Times: user=0.04 sys=0.04, real=0.02 secs] 
2021-05-29T21:07:30.191+0800: 1337801.889: [GC (Allocation Failure) [PSYoungGen: 502912K->12384K(507392K)] 863490K->381557K(1031680K), 0.0482548 secs] [Times: user=0.04 sys=0.04, real=0.05 secs] 
2021-05-29T21:14:22.552+0800: 1338214.250: [GC (Allocation Failure) [PSYoungGen: 502880K->13312K(507904K)] 872053K->391823K(1032192K), 0.0268989 secs] [Times: user=0.03 sys=0.04, real=0.02 secs] 
2021-05-29T21:21:11.592+0800: 1338623.290: [GC (Allocation Failure) [PSYoungGen: 504832K->13056K(507904K)] 883343K->401137K(1032192K), 0.0262082 secs] [Times: user=0.03 sys=0.04, real=0.03 secs] 
2021-05-29T21:28:02.491+0800: 1339034.189: [GC (Allocation Failure) [PSYoungGen: 504576K->13792K(508416K)] 892657K->410868K(1032704K), 0.0335604 secs] [Times: user=0.04 sys=0.05, real=0.04 secs] 
2021-05-29T21:34:54.488+0800: 1339446.186: [GC (Allocation Failure) [PSYoungGen: 506336K->13728K(508416K)] 903412K->420424K(1032704K), 0.0276043 secs] [Times: user=0.08 sys=0.00, real=0.03 secs] 
2021-05-29T21:41:43.663+0800: 1339855.361: [GC (Allocation Failure) [PSYoungGen: 506272K->15072K(507392K)] 912968K->432276K(1031680K), 0.0361573 secs] [Times: user=0.04 sys=0.04, real=0.03 secs] 
2021-05-29T21:48:44.292+0800: 1340275.990: [GC (Allocation Failure) [PSYoungGen: 506592K->11648K(507904K)] 923796K->440092K(1032192K), 0.0291216 secs] [Times: user=0.04 sys=0.04, real=0.03 secs] 
2021-05-29T21:55:42.052+0800: 1340693.751: [GC (Allocation Failure) [PSYoungGen: 503168K->12928K(507904K)] 931612K->449917K(1032192K), 0.0323561 secs] [Times: user=0.04 sys=0.05, real=0.03 secs] 
2021-05-29T22:02:31.327+0800: 1341103.025: [GC (Allocation Failure) [PSYoungGen: 504448K->11520K(507904K)] 941437K->457096K(1032192K), 0.0279382 secs] [Times: user=0.08 sys=0.00, real=0.03 secs] 
2021-05-29T22:09:28.931+0800: 1341520.629: [GC (Allocation Failure) [PSYoungGen: 503040K->14848K(507904K)] 948616K->468971K(1032192K), 0.0336993 secs] [Times: user=0.10 sys=0.00, real=0.04 secs] 
2021-05-29T22:16:28.921+0800: 1341940.620: [GC (Allocation Failure) [PSYoungGen: 506368K->12480K(507904K)] 960491K->476925K(1032192K), 0.0261142 secs] [Times: user=0.04 sys=0.04, real=0.03 secs] 
2021-05-29T22:23:22.282+0800: 1342353.980: [GC (Allocation Failure) [PSYoungGen: 504000K->13792K(507904K)] 968445K->488134K(1032192K), 0.0331807 secs] [Times: user=0.05 sys=0.04, real=0.04 secs] 
2021-05-29T22:30:20.054+0800: 1342771.752: [GC (Allocation Failure) [PSYoungGen: 505312K->11872K(507904K)] 979654K->495888K(1032192K), 0.0300212 secs] [Times: user=0.09 sys=0.00, real=0.03 secs] 
2021-05-29T22:37:09.233+0800: 1343180.931: [GC (Allocation Failure) [PSYoungGen: 503392K->13568K(507904K)] 987408K->506628K(1032192K), 0.0305117 secs] [Times: user=0.04 sys=0.04, real=0.03 secs] 
2021-05-29T22:44:03.100+0800: 1343594.799: [GC (Allocation Failure) [PSYoungGen: 505088K->14048K(507904K)] 998148K->517229K(1032192K), 0.0373210 secs] [Times: user=0.05 sys=0.06, real=0.04 secs] 
2021-05-29T22:50:51.643+0800: 1344003.341: [GC (Allocation Failure) [PSYoungGen: 505568K->13600K(508416K)] 1008749K->526721K(1032704K), 0.0755350 secs] [Times: user=0.05 sys=0.05, real=0.07 secs] 
2021-05-29T22:50:51.720+0800: 1344003.418: [Full GC (Ergonomics) [PSYoungGen: 13600K->0K(508416K)] [ParOldGen: 513120K->307785K(524288K)] 526721K->307785K(1032704K), [Metaspace: 96578K->96578K(1138688K)], 0.6441793 secs] [Times: user=1.36 sys=0.00, real=0.65 secs] 
2021-05-29T22:57:42.023+0800: 1344413.721: [GC (Allocation Failure) [PSYoungGen: 492032K->15168K(507904K)] 799817K->322953K(1032192K), 0.0309374 secs] [Times: user=0.04 sys=0.04, real=0.03 secs] 
2021-05-29T23:04:38.425+0800: 1344830.123: [GC (Allocation Failure) [PSYoungGen: 507200K->16032K(505856K)] 814985K->335157K(1030144K), 0.0387464 secs] [Times: user=0.05 sys=0.06, real=0.04 secs] 
2021-05-29T23:11:26.001+0800: 1345237.699: [GC (Allocation Failure) [PSYoungGen: 505504K->13728K(506880K)] 824629K->343271K(1031168K), 0.0260542 secs] [Times: user=0.04 sys=0.05, real=0.03 secs] 
2021-05-29T23:18:19.509+0800: 1345651.207: [GC (Allocation Failure) [PSYoungGen: 503200K->13184K(507392K)] 832743K->352657K(1031680K), 0.0329931 secs] [Times: user=0.09 sys=0.00, real=0.03 secs] 
2021-05-29T23:25:11.567+0800: 1346063.265: [GC (Allocation Failure) [PSYoungGen: 503680K->14944K(507392K)] 843153K->364044K(1031680K), 0.0315396 secs] [Times: user=0.04 sys=0.04, real=0.03 secs] 
2021-05-29T23:32:00.010+0800: 1346471.708: [GC (Allocation Failure) [PSYoungGen: 505440K->14432K(507392K)] 854540K->374072K(1031680K), 0.0445368 secs] [Times: user=0.06 sys=0.06, real=0.05 secs] 
2021-05-29T23:38:51.053+0800: 1346882.751: [GC (Allocation Failure) [PSYoungGen: 504928K->11680K(507392K)] 864568K->381498K(1031680K), 0.0320513 secs] [Times: user=0.04 sys=0.05, real=0.03 secs] 
2021-05-29T23:45:43.590+0800: 1347295.288: [GC (Allocation Failure) [PSYoungGen: 502176K->13792K(507392K)] 871994K->392475K(1031680K), 0.0291025 secs] [Times: user=0.04 sys=0.04, real=0.03 secs] 
2021-05-29T23:52:27.651+0800: 1347699.349: [GC (Allocation Failure) [PSYoungGen: 504288K->13920K(507392K)] 882971K->402022K(1031680K), 0.0333985 secs] [Times: user=0.10 sys=0.00, real=0.04 secs] 
2021-05-29T23:59:15.285+0800: 1348106.984: [GC (Allocation Failure) [PSYoungGen: 504416K->13344K(507904K)] 892518K->411761K(1032192K), 0.0336724 secs] [Times: user=0.10 sys=0.00, real=0.03 secs] 
2021-05-30T00:05:46.832+0800: 1348498.530: [GC (Allocation Failure) [PSYoungGen: 504864K->16352K(507904K)] 903281K->425549K(1032192K), 0.0438295 secs] [Times: user=0.11 sys=0.00, real=0.05 secs] 
2021-05-30T00:12:25.234+0800: 1348896.932: [GC (Allocation Failure) [PSYoungGen: 507872K->16352K(498688K)] 917069K->437496K(1022976K), 0.0517958 secs] [Times: user=0.05 sys=0.05, real=0.05 secs] 
2021-05-30T00:19:06.072+0800: 1349297.770: [GC (Allocation Failure) [PSYoungGen: 498656K->12800K(503296K)] 919800K->445417K(1027584K), 0.0412905 secs] [Times: user=0.04 sys=0.05, real=0.05 secs] 
2021-05-30T00:25:43.732+0800: 1349695.430: [GC (Allocation Failure) [PSYoungGen: 495104K->14432K(503808K)] 927721K->454644K(1028096K), 0.0272074 secs] [Times: user=0.04 sys=0.04, real=0.03 secs] 
2021-05-30T00:32:27.373+0800: 1350099.072: [GC (Allocation Failure) [PSYoungGen: 497248K->13280K(503296K)] 937460K->463760K(1027584K), 0.0410970 secs] [Times: user=0.05 sys=0.06, real=0.04 secs] 
2021-05-30T00:39:13.342+0800: 1350505.041: [GC (Allocation Failure) [PSYoungGen: 496096K->13472K(504320K)] 946576K->474338K(1028608K), 0.0678800 secs] [Times: user=0.04 sys=0.05, real=0.06 secs] 
2021-05-30T00:45:59.668+0800: 1350911.366: [GC (Allocation Failure) [PSYoungGen: 497824K->12352K(504320K)] 958690K->482869K(1028608K), 0.0291652 secs] [Times: user=0.08 sys=0.00, real=0.03 secs] 
2021-05-30T00:52:43.920+0800: 1351315.618: [GC (Allocation Failure) [PSYoungGen: 496704K->11136K(504832K)] 967221K->491598K(1029120K), 0.0305665 secs] [Times: user=0.04 sys=0.04, real=0.03 secs] 
2021-05-30T00:59:29.653+0800: 1351721.351: [GC (Allocation Failure) [PSYoungGen: 496512K->13760K(504832K)] 976974K->502450K(1029120K), 0.0290006 secs] [Times: user=0.04 sys=0.04, real=0.03 secs] 
2021-05-30T01:06:15.813+0800: 1352127.511: [GC (Allocation Failure) [PSYoungGen: 499136K->13984K(505344K)] 987826K->512157K(1029632K), 0.0283056 secs] [Times: user=0.08 sys=0.00, real=0.02 secs] 
2021-05-30T01:12:58.835+0800: 1352530.533: [GC (Allocation Failure) [PSYoungGen: 500384K->16512K(505344K)] 998557K->524576K(1029632K), 0.0499986 secs] [Times: user=0.05 sys=0.04, real=0.05 secs] 
2021-05-30T01:19:31.290+0800: 1352922.988: [GC (Allocation Failure) [PSYoungGen: 502912K->13930K(505344K)] 1010976K->533596K(1029632K), 0.0279644 secs] [Times: user=0.04 sys=0.04, real=0.03 secs] 
2021-05-30T01:19:31.318+0800: 1352923.016: [Full GC (Ergonomics) [PSYoungGen: 13930K->0K(505344K)] [ParOldGen: 519666K->324465K(524288K)] 533596K->324465K(1029632K), [Metaspace: 96587K->96587K(1138688K)], 0.5000829 secs] [Times: user=1.07 sys=0.00, real=0.50 secs] 
2021-05-30T01:26:20.171+0800: 1353331.869: [GC (Allocation Failure) [PSYoungGen: 486400K->13728K(505344K)] 810865K->338193K(1029632K), 0.0246147 secs] [Times: user=0.03 sys=0.04, real=0.03 secs] 
2021-05-30T01:33:09.431+0800: 1353741.129: [GC (Allocation Failure) [PSYoungGen: 500128K->13280K(505856K)] 824593K->347339K(1030144K), 0.0364407 secs] [Times: user=0.04 sys=0.05, real=0.04 secs] 
2021-05-30T01:39:55.197+0800: 1354146.895: [GC (Allocation Failure) [PSYoungGen: 500704K->13760K(505856K)] 834763K->357231K(1030144K), 0.0278900 secs] [Times: user=0.04 sys=0.05, real=0.03 secs] 
2021-05-30T01:46:48.723+0800: 1354560.422: [GC (Allocation Failure) [PSYoungGen: 501184K->14976K(506368K)] 844655K->368145K(1030656K), 0.0295492 secs] [Times: user=0.04 sys=0.05, real=0.03 secs] 
2021-05-30T01:53:34.856+0800: 1354966.555: [GC (Allocation Failure) [PSYoungGen: 503424K->13536K(506368K)] 856593K->377492K(1030656K), 0.0290690 secs] [Times: user=0.05 sys=0.04, real=0.03 secs] 
2021-05-30T02:00:21.350+0800: 1355373.048: [GC (Allocation Failure) [PSYoungGen: 501984K->12000K(506880K)] 865940K->386334K(1031168K), 0.0292975 secs] [Times: user=0.04 sys=0.04, real=0.03 secs] 
2021-05-30T02:07:14.530+0800: 1355786.229: [GC (Allocation Failure) [PSYoungGen: 501472K->11232K(500736K)] 875806K->394608K(1025024K), 0.0280489 secs] [Times: user=0.04 sys=0.04, real=0.03 secs] 
2021-05-30T02:14:06.590+0800: 1356198.288: [GC (Allocation Failure) [PSYoungGen: 500704K->12864K(506880K)] 884080K->404868K(1031168K), 0.0293450 secs] [Times: user=0.04 sys=0.05, real=0.03 secs] 
2021-05-30T02:20:56.120+0800: 1356607.819: [GC (Allocation Failure) [PSYoungGen: 501824K->14464K(506368K)] 893828K->415494K(1030656K), 0.0501389 secs] [Times: user=0.05 sys=0.05, real=0.05 secs] 
2021-05-30T02:27:46.166+0800: 1357017.864: [GC (Allocation Failure) [PSYoungGen: 503424K->13120K(506880K)] 904454K->424191K(1031168K), 0.0341616 secs] [Times: user=0.04 sys=0.05, real=0.03 secs] 
2021-05-30T02:34:38.063+0800: 1357429.761: [GC (Allocation Failure) [PSYoungGen: 502592K->13984K(506880K)] 913663K->433841K(1031168K), 0.0346635 secs] [Times: user=0.05 sys=0.05, real=0.03 secs] 
2021-05-30T02:41:30.316+0800: 1357842.014: [GC (Allocation Failure) [PSYoungGen: 503456K->11392K(507392K)] 923313K->440972K(1031680K), 0.0378469 secs] [Times: user=0.05 sys=0.05, real=0.04 secs] 
2021-05-30T02:48:22.467+0800: 1358254.166: [GC (Allocation Failure) [PSYoungGen: 501888K->16448K(507392K)] 931468K->453407K(1031680K), 0.0344690 secs] [Times: user=0.04 sys=0.04, real=0.03 secs] 
2021-05-30T02:55:16.910+0800: 1358668.609: [GC (Allocation Failure) [PSYoungGen: 506944K->16256K(504320K)] 943903K->463165K(1028608K), 0.0297507 secs] [Times: user=0.05 sys=0.04, real=0.03 secs] 
2021-05-30T03:01:55.878+0800: 1359067.577: [GC (Allocation Failure) [PSYoungGen: 503680K->12672K(505856K)] 950589K->471189K(1030144K), 0.0380107 secs] [Times: user=0.05 sys=0.05, real=0.04 secs] 
2021-05-30T03:08:36.973+0800: 1359468.672: [GC (Allocation Failure) [PSYoungGen: 500096K->14816K(506368K)] 958613K->481633K(1030656K), 0.0460115 secs] [Times: user=0.04 sys=0.05, real=0.04 secs] 
2021-05-30T03:15:25.988+0800: 1359877.686: [GC (Allocation Failure) [PSYoungGen: 502752K->15968K(505856K)] 969569K->492948K(1030144K), 0.1439750 secs] [Times: user=0.05 sys=0.06, real=0.15 secs] 
2021-05-30T03:22:12.671+0800: 1360284.370: [GC (Allocation Failure) [PSYoungGen: 503904K->12864K(505856K)] 980884K->500047K(1030144K), 0.0263551 secs] [Times: user=0.04 sys=0.03, real=0.03 secs] 
2021-05-30T03:29:07.532+0800: 1360699.230: [GC (Allocation Failure) [PSYoungGen: 500288K->15232K(505856K)] 987471K->512033K(1030144K), 0.0287513 secs] [Times: user=0.04 sys=0.04, real=0.03 secs] 
2021-05-30T03:35:52.427+0800: 1361104.125: [GC (Allocation Failure) [PSYoungGen: 502656K->14432K(506368K)] 999457K->520963K(1030656K), 0.0409147 secs] [Times: user=0.04 sys=0.04, real=0.04 secs] 
2021-05-30T03:42:46.581+0800: 1361518.279: [GC (Allocation Failure) [PSYoungGen: 502368K->16128K(505856K)] 1008899K->532047K(1030144K), 0.0685918 secs] [Times: user=0.05 sys=0.05, real=0.07 secs] 
2021-05-30T03:42:46.650+0800: 1361518.348: [Full GC (Ergonomics) [PSYoungGen: 16128K->0K(505856K)] [ParOldGen: 515919K->310154K(524288K)] 532047K->310154K(1030144K), [Metaspace: 96587K->96587K(1138688K)], 0.4880309 secs] [Times: user=1.09 sys=0.00, real=0.49 secs] 
2021-05-30T03:49:35.446+0800: 1361927.144: [GC (Allocation Failure) [PSYoungGen: 487936K->15840K(505856K)] 798090K->325994K(1030144K), 0.0325772 secs] [Times: user=0.03 sys=0.04, real=0.03 secs] 
2021-05-30T03:56:21.942+0800: 1362333.640: [GC (Allocation Failure) [PSYoungGen: 503264K->16032K(503808K)] 813418K->337365K(1028096K), 0.0382236 secs] [Times: user=0.04 sys=0.04, real=0.04 secs] 
2021-05-30T04:03:12.863+0800: 1362744.561: [GC (Allocation Failure) [PSYoungGen: 503456K->14752K(505856K)] 824789K->346896K(1030144K), 0.0303752 secs] [Times: user=0.08 sys=0.00, real=0.03 secs] 
2021-05-30T04:10:05.704+0800: 1363157.403: [GC (Allocation Failure) [PSYoungGen: 501664K->15296K(505344K)] 833808K->358066K(1029632K), 0.0343915 secs] [Times: user=0.04 sys=0.04, real=0.03 secs] 
2021-05-30T04:16:57.215+0800: 1363568.913: [GC (Allocation Failure) [PSYoungGen: 502208K->15360K(505856K)] 844978K->368036K(1030144K), 0.1140096 secs] [Times: user=0.05 sys=0.05, real=0.11 secs] 
2021-05-30T04:23:38.292+0800: 1363969.990: [GC (Allocation Failure) [PSYoungGen: 502784K->14976K(505856K)] 855460K->377288K(1030144K), 0.0408719 secs] [Times: user=0.04 sys=0.05, real=0.05 secs] 
2021-05-30T04:30:31.390+0800: 1364383.088: [GC (Allocation Failure) [PSYoungGen: 502400K->13472K(506368K)] 864712K->386362K(1030656K), 0.0280546 secs] [Times: user=0.04 sys=0.04, real=0.03 secs] 
2021-05-30T04:37:13.469+0800: 1364785.167: [GC (Allocation Failure) [PSYoungGen: 501920K->16832K(505344K)] 874810K->399318K(1029632K), 0.0320989 secs] [Times: user=0.05 sys=0.04, real=0.03 secs] 
2021-05-30T04:44:08.868+0800: 1365200.567: [GC (Allocation Failure) [PSYoungGen: 505280K->14464K(506368K)] 887766K->407752K(1030656K), 0.0295161 secs] [Times: user=0.04 sys=0.05, real=0.03 secs] 
2021-05-30T04:50:57.622+0800: 1365609.320: [GC (Allocation Failure) [PSYoungGen: 502400K->15424K(505856K)] 895688K->419075K(1030144K), 0.1131712 secs] [Times: user=0.04 sys=0.05, real=0.11 secs] 
2021-05-30T04:57:48.874+0800: 1366020.573: [GC (Allocation Failure) [PSYoungGen: 503360K->14080K(506368K)] 907011K->426982K(1030656K), 0.0391386 secs] [Times: user=0.10 sys=0.00, real=0.04 secs] 
2021-05-30T05:04:32.624+0800: 1366424.322: [GC (Allocation Failure) [PSYoungGen: 502528K->16704K(505344K)] 915430K->439210K(1029632K), 0.0316761 secs] [Times: user=0.04 sys=0.04, real=0.03 secs] 
2021-05-30T05:11:21.837+0800: 1366833.535: [GC (Allocation Failure) [PSYoungGen: 505152K->14784K(506368K)] 927658K->448285K(1030656K), 0.0303096 secs] [Times: user=0.04 sys=0.04, real=0.03 secs] 
2021-05-30T05:18:03.106+0800: 1367234.804: [GC (Allocation Failure) [PSYoungGen: 502720K->17888K(505856K)] 936221K->460986K(1030144K), 0.0390507 secs] [Times: user=0.04 sys=0.04, real=0.04 secs] 
2021-05-30T05:24:43.065+0800: 1367634.764: [GC (Allocation Failure) [PSYoungGen: 505824K->14944K(498688K)] 948922K->470044K(1022976K), 0.0648568 secs] [Times: user=0.21 sys=0.00, real=0.06 secs] 
2021-05-30T05:31:26.540+0800: 1368038.238: [GC (Allocation Failure) [PSYoungGen: 495200K->14528K(502272K)] 950300K->479904K(1026560K), 0.0357367 secs] [Times: user=0.05 sys=0.06, real=0.04 secs] 
2021-05-30T05:38:04.641+0800: 1368436.339: [GC (Allocation Failure) [PSYoungGen: 494784K->13504K(502784K)] 960160K->489227K(1027072K), 0.0332283 secs] [Times: user=0.04 sys=0.05, real=0.04 secs] 
2021-05-30T05:44:50.641+0800: 1368842.340: [GC (Allocation Failure) [PSYoungGen: 494784K->16032K(502784K)] 970507K->500904K(1027072K), 0.0345903 secs] [Times: user=0.04 sys=0.05, real=0.04 secs] 
2021-05-30T05:51:34.790+0800: 1369246.488: [GC (Allocation Failure) [PSYoungGen: 497312K->15392K(503808K)] 982184K->510795K(1028096K), 0.0304288 secs] [Times: user=0.05 sys=0.05, real=0.03 secs] 
2021-05-30T05:58:25.101+0800: 1369656.799: [GC (Allocation Failure) [PSYoungGen: 498208K->14592K(503296K)] 993611K->521324K(1027584K), 0.0362228 secs] [Times: user=0.09 sys=0.00, real=0.04 secs] 
2021-05-30T06:05:09.294+0800: 1370060.993: [GC (Allocation Failure) [PSYoungGen: 497408K->15232K(504320K)] 1004140K->531608K(1028608K), 0.0336110 secs] [Times: user=0.04 sys=0.04, real=0.03 secs] 
2021-05-30T06:05:09.328+0800: 1370061.027: [Full GC (Ergonomics) [PSYoungGen: 15232K->0K(504320K)] [ParOldGen: 516376K->321530K(524288K)] 531608K->321530K(1028608K), [Metaspace: 96588K->96588K(1138688K)], 0.4092302 secs] [Times: user=0.93 sys=0.00, real=0.41 secs] 
2021-05-30T06:11:50.173+0800: 1370461.871: [GC (Allocation Failure) [PSYoungGen: 483840K->14592K(503808K)] 805370K->336122K(1028096K), 0.0266257 secs] [Times: user=0.04 sys=0.04, real=0.02 secs] 
2021-05-30T06:18:36.816+0800: 1370868.514: [GC (Allocation Failure) [PSYoungGen: 498432K->14368K(504832K)] 819962K->345621K(1029120K), 0.0326982 secs] [Times: user=0.04 sys=0.05, real=0.03 secs] 
2021-05-30T06:25:23.417+0800: 1371275.115: [GC (Allocation Failure) [PSYoungGen: 499232K->15712K(504320K)] 830485K->357296K(1028608K), 0.0387155 secs] [Times: user=0.10 sys=0.00, real=0.04 secs] 
2021-05-30T06:32:08.907+0800: 1371680.606: [GC (Allocation Failure) [PSYoungGen: 500576K->16416K(504832K)] 842160K->368493K(1029120K), 0.0300694 secs] [Times: user=0.05 sys=0.05, real=0.03 secs] 
2021-05-30T06:38:54.744+0800: 1372086.442: [GC (Allocation Failure) [PSYoungGen: 501792K->15584K(504832K)] 853869K->378672K(1029120K), 0.0325270 secs] [Times: user=0.05 sys=0.05, real=0.03 secs] 
2021-05-30T06:45:37.778+0800: 1372489.477: [GC (Allocation Failure) [PSYoungGen: 500960K->15488K(505856K)] 864048K->388306K(1030144K), 0.0415554 secs] [Times: user=0.05 sys=0.05, real=0.04 secs] 
2021-05-30T06:52:26.862+0800: 1372898.560: [GC (Allocation Failure) [PSYoungGen: 502400K->15392K(505344K)] 875218K->398069K(1029632K), 0.0277440 secs] [Times: user=0.05 sys=0.03, real=0.03 secs] 
2021-05-30T06:59:15.976+0800: 1373307.674: [GC (Allocation Failure) [PSYoungGen: 502304K->13664K(505856K)] 884981K->407053K(1030144K), 0.0329223 secs] [Times: user=0.04 sys=0.04, real=0.03 secs] 
2021-05-30T07:06:05.879+0800: 1373717.577: [GC (Allocation Failure) [PSYoungGen: 501088K->12992K(505856K)] 894477K->415624K(1030144K), 0.0341350 secs] [Times: user=0.04 sys=0.05, real=0.04 secs] 
2021-05-30T07:12:52.058+0800: 1374123.757: [GC (Allocation Failure) [PSYoungGen: 500416K->14880K(505856K)] 903048K->427069K(1030144K), 0.0296927 secs] [Times: user=0.04 sys=0.05, real=0.03 secs] 
2021-05-30T07:19:32.268+0800: 1374523.967: [GC (Allocation Failure) [PSYoungGen: 502304K->13482K(505856K)] 914493K->436409K(1030144K), 0.0344313 secs] [Times: user=0.04 sys=0.04, real=0.04 secs] 
2021-05-30T07:26:24.021+0800: 1374935.719: [GC (Allocation Failure) [PSYoungGen: 500906K->13664K(506368K)] 923833K->446428K(1030656K), 0.0329932 secs] [Times: user=0.04 sys=0.05, real=0.04 secs] 
2021-05-30T07:33:11.067+0800: 1375342.765: [GC (Allocation Failure) [PSYoungGen: 501600K->15456K(505856K)] 934364K->457663K(1030144K), 0.0315462 secs] [Times: user=0.04 sys=0.05, real=0.03 secs] 
2021-05-30T07:40:00.759+0800: 1375752.458: [GC (Allocation Failure) [PSYoungGen: 503392K->14304K(506368K)] 945599K->467873K(1030656K), 0.0332223 secs] [Times: user=0.04 sys=0.05, real=0.04 secs] 
2021-05-30T07:46:48.290+0800: 1376159.989: [GC (Allocation Failure) [PSYoungGen: 502752K->16352K(506368K)] 956321K->479077K(1030656K), 0.0359915 secs] [Times: user=0.04 sys=0.05, real=0.04 secs] 
2021-05-30T07:53:44.511+0800: 1376576.210: [GC (Allocation Failure) [PSYoungGen: 504800K->17344K(504320K)] 967525K->490384K(1028608K), 0.0336736 secs] [Times: user=0.09 sys=0.00, real=0.04 secs] 
2021-05-30T08:00:27.557+0800: 1376979.255: [GC (Allocation Failure) [PSYoungGen: 503744K->14496K(505344K)] 976784K->498594K(1029632K), 0.0327942 secs] [Times: user=0.10 sys=0.00, real=0.03 secs] 
2021-05-30T08:07:16.361+0800: 1377388.059: [GC (Allocation Failure) [PSYoungGen: 500896K->14208K(505856K)] 984994K->509389K(1030144K), 0.0314194 secs] [Times: user=0.04 sys=0.04, real=0.04 secs] 
2021-05-30T08:14:05.527+0800: 1377797.225: [GC (Allocation Failure) [PSYoungGen: 501632K->14112K(505856K)] 996813K->519992K(1030144K), 0.0508190 secs] [Times: user=0.04 sys=0.05, real=0.05 secs] 
2021-05-30T08:20:53.771+0800: 1378205.469: [GC (Allocation Failure) [PSYoungGen: 501536K->14336K(506368K)] 1007416K->528963K(1030656K), 0.0376542 secs] [Times: user=0.10 sys=0.00, real=0.04 secs] 
2021-05-30T08:20:53.809+0800: 1378205.507: [Full GC (Ergonomics) [PSYoungGen: 14336K->0K(506368K)] [ParOldGen: 514627K->312182K(524288K)] 528963K->312182K(1030656K), [Metaspace: 96588K->96588K(1138688K)], 0.4779310 secs] [Times: user=1.07 sys=0.00, real=0.48 secs] 
2021-05-30T08:27:41.621+0800: 1378613.319: [GC (Allocation Failure) [PSYoungGen: 487936K->14112K(505856K)] 800118K->326294K(1030144K), 0.0484818 secs] [Times: user=0.04 sys=0.04, real=0.05 secs] 
2021-05-30T08:34:25.817+0800: 1379017.515: [GC (Allocation Failure) [PSYoungGen: 502048K->13344K(506368K)] 814230K->336087K(1030656K), 0.0657911 secs] [Times: user=0.05 sys=0.05, real=0.07 secs] 
2021-05-30T08:41:10.244+0800: 1379421.942: [GC (Allocation Failure) [PSYoungGen: 501792K->16928K(505856K)] 824535K->347908K(1030144K), 0.0384683 secs] [Times: user=0.04 sys=0.05, real=0.04 secs] 
2021-05-30T08:47:58.465+0800: 1379830.163: [GC (Allocation Failure) [PSYoungGen: 505376K->13760K(505856K)] 836356K->355983K(1030144K), 0.0310414 secs] [Times: user=0.04 sys=0.04, real=0.03 secs] 
2021-05-30T08:54:49.672+0800: 1380241.371: [GC (Allocation Failure) [PSYoungGen: 501184K->17920K(505856K)] 843407K->369715K(1030144K), 0.0361720 secs] [Times: user=0.04 sys=0.05, real=0.03 secs] 
2021-05-30T09:01:31.882+0800: 1380643.580: [GC (Allocation Failure) [PSYoungGen: 505344K->13664K(504832K)] 857139K->377260K(1029120K), 0.0298132 secs] [Times: user=0.04 sys=0.05, real=0.03 secs] 
2021-05-30T09:08:10.083+0800: 1381041.781: [GC (Allocation Failure) [PSYoungGen: 500064K->15104K(505344K)] 863660K->388120K(1029632K), 0.0332869 secs] [Times: user=0.04 sys=0.05, real=0.03 secs] 
2021-05-30T09:14:57.933+0800: 1381449.632: [GC (Allocation Failure) [PSYoungGen: 501504K->14304K(505856K)] 874520K->397259K(1030144K), 0.0319968 secs] [Times: user=0.04 sys=0.04, real=0.03 secs] 
2021-05-30T09:21:42.949+0800: 1381854.648: [GC (Allocation Failure) [PSYoungGen: 501728K->15328K(505856K)] 884683K->408039K(1030144K), 0.0356185 secs] [Times: user=0.03 sys=0.05, real=0.04 secs] 
2021-05-30T09:28:24.794+0800: 1382256.492: [GC (Allocation Failure) [PSYoungGen: 502752K->14880K(506368K)] 895463K->417641K(1030656K), 0.0381296 secs] [Times: user=0.05 sys=0.05, real=0.03 secs] 
2021-05-30T09:35:12.765+0800: 1382664.463: [GC (Allocation Failure) [PSYoungGen: 502816K->14656K(505856K)] 905577K->426373K(1030144K), 0.0680198 secs] [Times: user=0.09 sys=0.00, real=0.07 secs] 
2021-05-30T09:42:08.695+0800: 1383080.393: [GC (Allocation Failure) [PSYoungGen: 502592K->16064K(506368K)] 914309K->438328K(1030656K), 0.0579435 secs] [Times: user=0.09 sys=0.00, real=0.06 secs] 
2021-05-30T09:48:56.901+0800: 1383488.600: [GC (Allocation Failure) [PSYoungGen: 504512K->14848K(506368K)] 926776K->447877K(1030656K), 0.1061636 secs] [Times: user=0.04 sys=0.04, real=0.11 secs] 
2021-05-30T09:55:48.119+0800: 1383899.818: [GC (Allocation Failure) [PSYoungGen: 503296K->14624K(506880K)] 936325K->458633K(1031168K), 0.0312915 secs] [Times: user=0.05 sys=0.04, real=0.03 secs] 
2021-05-30T10:02:38.233+0800: 1384309.932: [GC (Allocation Failure) [PSYoungGen: 504096K->13280K(506880K)] 948105K->466971K(1031168K), 0.0928900 secs] [Times: user=0.04 sys=0.05, real=0.09 secs] 
2021-05-30T10:09:24.536+0800: 1384716.235: [GC (Allocation Failure) [PSYoungGen: 502752K->16384K(505856K)] 956443K->479287K(1030144K), 0.0332260 secs] [Times: user=0.05 sys=0.05, real=0.03 secs] 
2021-05-30T10:16:12.307+0800: 1385124.005: [GC (Allocation Failure) [PSYoungGen: 504832K->13184K(506368K)] 967735K->487321K(1030656K), 0.0710490 secs] [Times: user=0.05 sys=0.05, real=0.07 secs] 
2021-05-30T10:23:02.435+0800: 1385534.133: [GC (Allocation Failure) [PSYoungGen: 501632K->12864K(506368K)] 975769K->497329K(1030656K), 0.0833395 secs] [Times: user=0.04 sys=0.04, real=0.08 secs] 
2021-05-30T10:29:50.176+0800: 1385941.874: [GC (Allocation Failure) [PSYoungGen: 501312K->14880K(506368K)] 985777K->508541K(1030656K), 0.0396280 secs] [Times: user=0.09 sys=0.00, real=0.04 secs] 
2021-05-30T10:36:43.684+0800: 1386355.382: [GC (Allocation Failure) [PSYoungGen: 503328K->15744K(506368K)] 996989K->518785K(1030656K), 0.0776481 secs] [Times: user=0.09 sys=0.00, real=0.07 secs] 
2021-05-30T10:43:34.928+0800: 1386766.626: [GC (Allocation Failure) [PSYoungGen: 504192K->15712K(506368K)] 1007233K->528813K(1030656K), 0.0396487 secs] [Times: user=0.05 sys=0.06, real=0.04 secs] 
2021-05-30T10:43:34.968+0800: 1386766.666: [Full GC (Ergonomics) [PSYoungGen: 15712K->0K(506368K)] [ParOldGen: 513101K->317845K(524288K)] 528813K->317845K(1030656K), [Metaspace: 96589K->96589K(1138688K)], 0.4920998 secs] [Times: user=1.05 sys=0.00, real=0.49 secs] 
2021-05-30T10:50:20.842+0800: 1387172.540: [GC (Allocation Failure) [PSYoungGen: 488448K->16192K(506368K)] 806293K->334037K(1030656K), 0.0310443 secs] [Times: user=0.03 sys=0.03, real=0.04 secs] 
2021-05-30T10:57:15.149+0800: 1387586.848: [GC (Allocation Failure) [PSYoungGen: 504640K->13312K(506368K)] 822485K->343093K(1030656K), 0.0364488 secs] [Times: user=0.04 sys=0.05, real=0.04 secs] 
2021-05-30T11:04:05.267+0800: 1387996.966: [GC (Allocation Failure) [PSYoungGen: 501760K->17888K(498176K)] 831541K->356227K(1022464K), 0.0341836 secs] [Times: user=0.04 sys=0.04, real=0.03 secs] 
2021-05-30T11:10:50.375+0800: 1388402.073: [GC (Allocation Failure) [PSYoungGen: 498144K->14528K(502272K)] 836483K->364931K(1026560K), 0.0338959 secs] [Times: user=0.05 sys=0.05, real=0.03 secs] 
2021-05-30T11:17:30.486+0800: 1388802.184: [GC (Allocation Failure) [PSYoungGen: 494784K->13408K(502784K)] 845187K->373877K(1027072K), 0.0303646 secs] [Times: user=0.04 sys=0.04, real=0.03 secs] 
2021-05-30T11:24:17.979+0800: 1389209.678: [GC (Allocation Failure) [PSYoungGen: 494176K->8736K(502272K)] 854645K->379237K(1026560K), 0.0268598 secs] [Times: user=0.04 sys=0.04, real=0.03 secs] 
2021-05-30T11:30:55.722+0800: 1389607.420: [GC (Allocation Failure) [PSYoungGen: 489504K->16416K(502272K)] 860005K->392194K(1026560K), 0.0414930 secs] [Times: user=0.04 sys=0.05, real=0.05 secs] 
2021-05-30T11:37:30.205+0800: 1390001.903: [GC (Allocation Failure) [PSYoungGen: 496672K->12992K(502272K)] 872450K->398507K(1026560K), 0.0324118 secs] [Times: user=0.04 sys=0.05, real=0.03 secs] 
2021-05-30T11:44:05.926+0800: 1390397.625: [GC (Allocation Failure) [PSYoungGen: 493248K->15712K(502784K)] 878763K->410398K(1027072K), 0.0471451 secs] [Times: user=0.04 sys=0.05, real=0.05 secs] 
2021-05-30T11:50:47.219+0800: 1390798.917: [GC (Allocation Failure) [PSYoungGen: 496992K->14208K(502784K)] 891678K->419186K(1027072K), 0.0491448 secs] [Times: user=0.10 sys=0.00, real=0.05 secs] 
2021-05-30T11:57:30.725+0800: 1391202.423: [GC (Allocation Failure) [PSYoungGen: 495488K->13536K(503808K)] 900466K->428644K(1028096K), 0.0319276 secs] [Times: user=0.05 sys=0.05, real=0.03 secs] 
2021-05-30T12:04:12.957+0800: 1391604.655: [GC (Allocation Failure) [PSYoungGen: 496352K->11840K(503296K)] 911460K->437173K(1027584K), 0.0318657 secs] [Times: user=0.05 sys=0.05, real=0.03 secs] 
2021-05-30T12:10:46.379+0800: 1391998.077: [GC (Allocation Failure) [PSYoungGen: 494656K->17920K(502784K)] 919989K->452145K(1027072K), 0.0337078 secs] [Times: user=0.05 sys=0.04, real=0.04 secs] 
2021-05-30T12:17:35.365+0800: 1392407.064: [GC (Allocation Failure) [PSYoungGen: 500224K->13184K(503296K)] 934449K->459754K(1027584K), 0.0306470 secs] [Times: user=0.09 sys=0.00, real=0.03 secs] 
2021-05-30T12:24:20.198+0800: 1392811.896: [GC (Allocation Failure) [PSYoungGen: 495488K->14912K(503808K)] 942058K->471542K(1028096K), 0.0274456 secs] [Times: user=0.04 sys=0.04, real=0.03 secs] 
2021-05-30T12:31:09.110+0800: 1393220.808: [GC (Allocation Failure) [PSYoungGen: 497728K->14816K(503296K)] 954358K->482666K(1027584K), 0.0358680 secs] [Times: user=0.10 sys=0.00, real=0.04 secs] 
2021-05-30T12:37:53.218+0800: 1393624.916: [GC (Allocation Failure) [PSYoungGen: 497632K->14880K(504832K)] 965482K->493309K(1029120K), 0.0403308 secs] [Times: user=0.05 sys=0.05, real=0.04 secs] 
2021-05-30T12:44:36.932+0800: 1394028.631: [GC (Allocation Failure) [PSYoungGen: 499744K->15008K(504320K)] 978173K->504009K(1028608K), 0.0394565 secs] [Times: user=0.05 sys=0.06, real=0.03 secs] 
2021-05-30T12:51:18.622+0800: 1394430.320: [GC (Allocation Failure) [PSYoungGen: 499872K->15968K(505344K)] 988873K->515291K(1029632K), 0.0312990 secs] [Times: user=0.04 sys=0.05, real=0.03 secs] 
2021-05-30T12:58:02.124+0800: 1394833.822: [GC (Allocation Failure) [PSYoungGen: 502368K->13440K(505344K)] 1001691K->524183K(1029632K), 0.0383263 secs] [Times: user=0.05 sys=0.04, real=0.04 secs] 
2021-05-30T13:04:43.638+0800: 1395235.337: [GC (Allocation Failure) [PSYoungGen: 499840K->15264K(505344K)] 1010583K->535595K(1029632K), 0.0301067 secs] [Times: user=0.04 sys=0.04, real=0.03 secs] 
2021-05-30T13:04:43.669+0800: 1395235.367: [Full GC (Ergonomics) [PSYoungGen: 15264K->0K(505344K)] [ParOldGen: 520331K->317901K(524288K)] 535595K->317901K(1029632K), [Metaspace: 96589K->96584K(1138688K)], 0.6182585 secs] [Times: user=1.46 sys=0.00, real=0.62 secs] 
2021-05-30T13:11:22.403+0800: 1395634.102: [GC (Allocation Failure) [PSYoungGen: 486400K->16480K(505344K)] 804301K->334381K(1029632K), 0.0316991 secs] [Times: user=0.09 sys=0.00, real=0.03 secs] 
2021-05-30T13:17:56.342+0800: 1396028.040: [GC (Allocation Failure) [PSYoungGen: 502880K->13578K(505344K)] 820781K->343735K(1029632K), 0.0313047 secs] [Times: user=0.03 sys=0.05, real=0.04 secs] 
2021-05-30T13:24:47.421+0800: 1396439.119: [GC (Allocation Failure) [PSYoungGen: 499978K->12608K(505344K)] 830135K->353089K(1029632K), 0.0296355 secs] [Times: user=0.04 sys=0.04, real=0.03 secs] 
2021-05-30T13:31:27.664+0800: 1396839.362: [GC (Allocation Failure) [PSYoungGen: 499008K->14688K(505856K)] 839489K->364197K(1030144K), 0.0302517 secs] [Times: user=0.04 sys=0.05, real=0.03 secs] 
2021-05-30T13:38:23.222+0800: 1397254.920: [GC (Allocation Failure) [PSYoungGen: 501600K->13216K(505344K)] 851109K->373031K(1029632K), 0.0304595 secs] [Times: user=0.08 sys=0.00, real=0.04 secs] 
2021-05-30T13:45:17.588+0800: 1397669.287: [GC (Allocation Failure) [PSYoungGen: 500128K->15424K(505856K)] 859943K->384497K(1030144K), 0.0307706 secs] [Times: user=0.04 sys=0.04, real=0.03 secs] 
2021-05-30T13:52:03.013+0800: 1398074.711: [GC (Allocation Failure) [PSYoungGen: 502848K->13728K(505856K)] 871921K->392708K(1030144K), 0.0758849 secs] [Times: user=0.05 sys=0.05, real=0.07 secs] 
2021-05-30T13:58:52.749+0800: 1398484.447: [GC (Allocation Failure) [PSYoungGen: 501152K->14208K(506368K)] 880132K->403093K(1030656K), 0.0311113 secs] [Times: user=0.04 sys=0.04, real=0.03 secs] 
2021-05-30T14:05:40.988+0800: 1398892.686: [GC (Allocation Failure) [PSYoungGen: 502656K->14400K(506368K)] 891541K->413418K(1030656K), 0.0515940 secs] [Times: user=0.03 sys=0.04, real=0.05 secs] 
2021-05-30T14:12:30.423+0800: 1399302.122: [GC (Allocation Failure) [PSYoungGen: 502848K->14912K(506880K)] 901866K->423270K(1031168K), 0.0273780 secs] [Times: user=0.04 sys=0.04, real=0.02 secs] 
2021-05-30T14:19:13.365+0800: 1399705.063: [GC (Allocation Failure) [PSYoungGen: 504384K->14464K(506880K)] 912742K->432256K(1031168K), 0.0428156 secs] [Times: user=0.05 sys=0.05, real=0.04 secs] 
2021-05-30T14:25:59.293+0800: 1400110.991: [GC (Allocation Failure) [PSYoungGen: 503936K->17376K(498688K)] 921728K->444829K(1022976K), 0.0405982 secs] [Times: user=0.05 sys=0.05, real=0.04 secs] 
2021-05-30T14:32:40.327+0800: 1400512.025: [GC (Allocation Failure) [PSYoungGen: 498656K->14080K(502784K)] 926109K->453736K(1027072K), 0.0303916 secs] [Times: user=0.04 sys=0.05, real=0.03 secs] 
2021-05-30T14:39:26.505+0800: 1400918.204: [GC (Allocation Failure) [PSYoungGen: 495360K->15520K(503296K)] 935016K->466155K(1027584K), 0.0337146 secs] [Times: user=0.10 sys=0.00, real=0.03 secs] 
2021-05-30T14:46:09.004+0800: 1401320.702: [GC (Allocation Failure) [PSYoungGen: 497312K->15776K(502784K)] 947947K->477470K(1027072K), 0.0745412 secs] [Times: user=0.06 sys=0.06, real=0.07 secs] 
2021-05-30T14:52:54.580+0800: 1401726.279: [GC (Allocation Failure) [PSYoungGen: 497568K->13792K(504320K)] 959262K->485584K(1028608K), 0.0286360 secs] [Times: user=0.08 sys=0.00, real=0.03 secs] 
2021-05-30T14:59:42.869+0800: 1402134.567: [GC (Allocation Failure) [PSYoungGen: 497632K->15392K(503808K)] 969424K->496156K(1028096K), 0.0666645 secs] [Times: user=0.05 sys=0.05, real=0.07 secs] 
2021-05-30T15:06:28.876+0800: 1402540.574: [GC (Allocation Failure) [PSYoungGen: 499232K->15424K(504832K)] 979996K->506351K(1029120K), 0.0344586 secs] [Times: user=0.04 sys=0.05, real=0.03 secs] 
2021-05-30T15:13:14.365+0800: 1402946.063: [GC (Allocation Failure) [PSYoungGen: 500288K->15168K(504320K)] 991215K->516618K(1028608K), 0.0403516 secs] [Times: user=0.05 sys=0.05, real=0.04 secs] 
2021-05-30T15:20:03.655+0800: 1403355.353: [GC (Allocation Failure) [PSYoungGen: 500032K->16192K(505344K)] 1001482K->528221K(1029632K), 0.0299237 secs] [Times: user=0.04 sys=0.05, real=0.03 secs] 
2021-05-30T15:20:03.686+0800: 1403355.384: [Full GC (Ergonomics) [PSYoungGen: 16192K->0K(505344K)] [ParOldGen: 512029K->312914K(524288K)] 528221K->312914K(1029632K), [Metaspace: 96588K->96588K(1138688K)], 0.4820090 secs] [Times: user=1.06 sys=0.00, real=0.48 secs] 
2021-05-30T15:26:57.455+0800: 1403769.154: [GC (Allocation Failure) [PSYoungGen: 486400K->15360K(505344K)] 799314K->328274K(1029632K), 0.0270883 secs] [Times: user=0.07 sys=0.00, real=0.03 secs] 
2021-05-30T15:33:44.659+0800: 1404176.357: [GC (Allocation Failure) [PSYoungGen: 501760K->17248K(504832K)] 814674K->341294K(1029120K), 0.0344497 secs] [Times: user=0.04 sys=0.04, real=0.04 secs] 
2021-05-30T15:40:33.142+0800: 1404584.840: [GC (Allocation Failure) [PSYoungGen: 503648K->14848K(505344K)] 827694K->350137K(1029632K), 0.0293882 secs] [Times: user=0.03 sys=0.04, real=0.03 secs] 
2021-05-30T15:47:14.922+0800: 1404986.620: [GC (Allocation Failure) [PSYoungGen: 501248K->16448K(505344K)] 836537K->362548K(1029632K), 0.0400398 secs] [Times: user=0.04 sys=0.04, real=0.04 secs] 
2021-05-30T15:54:04.452+0800: 1405396.150: [GC (Allocation Failure) [PSYoungGen: 502848K->11072K(497664K)] 848948K->368901K(1021952K), 0.0274967 secs] [Times: user=0.08 sys=0.00, real=0.03 secs] 
2021-05-30T16:00:49.970+0800: 1405801.668: [GC (Allocation Failure) [PSYoungGen: 497472K->16224K(504832K)] 855301K->381802K(1029120K), 0.0288544 secs] [Times: user=0.04 sys=0.04, real=0.03 secs] 
2021-05-30T16:07:32.531+0800: 1406204.229: [GC (Allocation Failure) [PSYoungGen: 501600K->15104K(504832K)] 867178K->391486K(1029120K), 0.0642993 secs] [Times: user=0.04 sys=0.05, real=0.07 secs] 
2021-05-30T16:14:17.117+0800: 1406608.816: [GC (Allocation Failure) [PSYoungGen: 500480K->17792K(504320K)] 876862K->404762K(1028608K), 0.0301493 secs] [Times: user=0.04 sys=0.05, real=0.03 secs] 
2021-05-30T16:21:03.377+0800: 1407015.075: [GC (Allocation Failure) [PSYoungGen: 503168K->16288K(504832K)] 890138K->415134K(1029120K), 0.0366608 secs] [Times: user=0.04 sys=0.05, real=0.04 secs] 
2021-05-30T16:27:45.523+0800: 1407417.221: [GC (Allocation Failure) [PSYoungGen: 501664K->13504K(504832K)] 900510K->423550K(1029120K), 0.0296536 secs] [Times: user=0.04 sys=0.04, real=0.03 secs] 
2021-05-30T16:34:34.368+0800: 1407826.066: [GC (Allocation Failure) [PSYoungGen: 498880K->15552K(504832K)] 908926K->435002K(1029120K), 0.0319023 secs] [Times: user=0.04 sys=0.04, real=0.03 secs] 
2021-05-30T16:41:19.769+0800: 1408231.467: [GC (Allocation Failure) [PSYoungGen: 500928K->15776K(505344K)] 920378K->445959K(1029632K), 0.0281208 secs] [Times: user=0.04 sys=0.04, real=0.03 secs] 
2021-05-30T16:48:10.266+0800: 1408641.965: [GC (Allocation Failure) [PSYoungGen: 502176K->15200K(505344K)] 932359K->456865K(1029632K), 0.0323302 secs] [Times: user=0.09 sys=0.00, real=0.03 secs] 
2021-05-30T16:54:54.007+0800: 1409045.705: [GC (Allocation Failure) [PSYoungGen: 501600K->16000K(505856K)] 943265K->468443K(1030144K), 0.0309855 secs] [Times: user=0.04 sys=0.04, real=0.03 secs] 
2021-05-30T17:01:43.293+0800: 1409454.991: [GC (Allocation Failure) [PSYoungGen: 503424K->13984K(505856K)] 955867K->476511K(1030144K), 0.0274708 secs] [Times: user=0.04 sys=0.04, real=0.02 secs] 
2021-05-30T17:08:37.278+0800: 1409868.977: [GC (Allocation Failure) [PSYoungGen: 501408K->13792K(505856K)] 963935K->486041K(1030144K), 0.0298635 secs] [Times: user=0.05 sys=0.05, real=0.03 secs] 
2021-05-30T17:15:28.399+0800: 1410280.097: [GC (Allocation Failure) [PSYoungGen: 501216K->14720K(505856K)] 973465K->495317K(1030144K), 0.0532512 secs] [Times: user=0.05 sys=0.05, real=0.06 secs] 
2021-05-30T17:22:23.498+0800: 1410695.197: [GC (Allocation Failure) [PSYoungGen: 502144K->12800K(505856K)] 982741K->503183K(1030144K), 0.0658805 secs] [Times: user=0.05 sys=0.05, real=0.07 secs] 
2021-05-30T17:29:15.325+0800: 1411107.024: [GC (Allocation Failure) [PSYoungGen: 500224K->10720K(498176K)] 990607K->509419K(1022464K), 0.0269451 secs] [Times: user=0.04 sys=0.04, real=0.03 secs] 
2021-05-30T17:36:06.045+0800: 1411517.743: [GC (Allocation Failure) [PSYoungGen: 498144K->16032K(505344K)] 996843K->523406K(1029632K), 0.0377087 secs] [Times: user=0.05 sys=0.05, real=0.04 secs] 
2021-05-30T17:42:56.059+0800: 1411927.758: [GC (Allocation Failure) [PSYoungGen: 502432K->14368K(505344K)] 1009806K->532010K(1029632K), 0.0376619 secs] [Times: user=0.04 sys=0.05, real=0.04 secs] 
2021-05-30T17:42:56.098+0800: 1411927.796: [Full GC (Ergonomics) [PSYoungGen: 14368K->0K(505344K)] [ParOldGen: 517642K->319644K(524288K)] 532010K->319644K(1029632K), [Metaspace: 96588K->96588K(1138688K)], 0.4438782 secs] [Times: user=1.00 sys=0.00, real=0.44 secs] 
2021-05-30T17:49:48.737+0800: 1412340.435: [GC (Allocation Failure) [PSYoungGen: 486400K->14624K(505856K)] 806044K->334268K(1030144K), 0.0242193 secs] [Times: user=0.04 sys=0.03, real=0.02 secs] 
2021-05-30T17:56:39.324+0800: 1412751.023: [GC (Allocation Failure) [PSYoungGen: 502048K->15456K(505856K)] 821692K->346319K(1030144K), 0.0312921 secs] [Times: user=0.04 sys=0.04, real=0.03 secs] 
2021-05-30T18:03:22.020+0800: 1413153.719: [GC (Allocation Failure) [PSYoungGen: 502880K->14880K(506368K)] 833743K->355843K(1030656K), 0.0351030 secs] [Times: user=0.04 sys=0.05, real=0.04 secs] 
2021-05-30T18:10:13.925+0800: 1413565.624: [GC (Allocation Failure) [PSYoungGen: 502756K->16288K(505856K)] 843719K->367063K(1030144K), 0.0346138 secs] [Times: user=0.09 sys=0.00, real=0.03 secs] 
2021-05-30T18:16:59.014+0800: 1413970.712: [GC (Allocation Failure) [PSYoungGen: 504224K->15200K(506368K)] 854999K->377217K(1030656K), 0.0301779 secs] [Times: user=0.04 sys=0.04, real=0.03 secs] 
2021-05-30T18:23:46.904+0800: 1414378.602: [GC (Allocation Failure) [PSYoungGen: 503136K->13632K(505856K)] 865153K->386252K(1030144K), 0.0286492 secs] [Times: user=0.04 sys=0.04, real=0.03 secs] 
2021-05-30T18:30:38.377+0800: 1414790.076: [GC (Allocation Failure) [PSYoungGen: 501568K->13856K(506368K)] 874188K->396304K(1030656K), 0.0276436 secs] [Times: user=0.04 sys=0.04, real=0.03 secs] 
2021-05-30T18:37:33.471+0800: 1415205.170: [GC (Allocation Failure) [PSYoungGen: 502304K->16000K(506368K)] 884752K->407836K(1030656K), 0.0338065 secs] [Times: user=0.04 sys=0.05, real=0.04 secs] 
2021-05-30T18:44:31.105+0800: 1415622.804: [GC (Allocation Failure) [PSYoungGen: 504448K->14624K(506368K)] 896284K->417542K(1030656K), 0.0352356 secs] [Times: user=0.05 sys=0.05, real=0.03 secs] 
2021-05-30T18:51:14.426+0800: 1416026.124: [GC (Allocation Failure) [PSYoungGen: 503072K->14912K(506368K)] 905990K->427674K(1030656K), 0.0362047 secs] [Times: user=0.04 sys=0.04, real=0.03 secs] 
2021-05-30T18:58:06.511+0800: 1416438.209: [GC (Allocation Failure) [PSYoungGen: 503360K->17088K(505856K)] 916122K->440087K(1030144K), 0.0332265 secs] [Times: user=0.04 sys=0.05, real=0.04 secs] 
2021-05-30T19:04:58.201+0800: 1416849.899: [GC (Allocation Failure) [PSYoungGen: 505536K->14464K(506368K)] 928535K->449032K(1030656K), 0.0308368 secs] [Times: user=0.09 sys=0.00, real=0.04 secs] 
2021-05-30T19:11:45.505+0800: 1417257.203: [GC (Allocation Failure) [PSYoungGen: 502912K->14592K(506368K)] 937480K->458427K(1030656K), 0.0351641 secs] [Times: user=0.05 sys=0.05, real=0.03 secs] 
2021-05-30T19:18:27.664+0800: 1417659.363: [GC (Allocation Failure) [PSYoungGen: 503040K->13290K(506368K)] 946875K->467766K(1030656K), 0.0264763 secs] [Times: user=0.04 sys=0.04, real=0.02 secs] 
2021-05-30T19:25:16.295+0800: 1418067.993: [GC (Allocation Failure) [PSYoungGen: 501738K->14208K(506880K)] 956214K->478545K(1031168K), 0.0339145 secs] [Times: user=0.04 sys=0.05, real=0.03 secs] 
2021-05-30T19:32:06.586+0800: 1418478.284: [GC (Allocation Failure) [PSYoungGen: 503168K->16224K(506368K)] 967505K->490382K(1030656K), 0.0288999 secs] [Times: user=0.04 sys=0.04, real=0.03 secs] 
2021-05-30T19:38:52.215+0800: 1418883.913: [GC (Allocation Failure) [PSYoungGen: 505184K->13824K(506368K)] 979342K->499001K(1030656K), 0.0319775 secs] [Times: user=0.04 sys=0.05, real=0.03 secs] 
2021-05-30T19:45:38.573+0800: 1419290.271: [GC (Allocation Failure) [PSYoungGen: 502272K->15456K(506368K)] 987449K->511452K(1030656K), 0.0391978 secs] [Times: user=0.04 sys=0.05, real=0.04 secs] 
2021-05-30T19:52:24.747+0800: 1419696.445: [GC (Allocation Failure) [PSYoungGen: 503904K->16704K(505344K)] 999900K->523145K(1029632K), 0.0314261 secs] [Times: user=0.04 sys=0.04, real=0.03 secs] 
2021-05-30T19:59:07.454+0800: 1420099.153: [GC (Allocation Failure) [PSYoungGen: 504128K->15360K(505856K)] 1010569K->533724K(1030144K), 0.0493218 secs] [Times: user=0.05 sys=0.04, real=0.05 secs] 
2021-05-30T19:59:07.504+0800: 1420099.202: [Full GC (Ergonomics) [PSYoungGen: 15360K->0K(505856K)] [ParOldGen: 518364K->316710K(524288K)] 533724K->316710K(1030144K), [Metaspace: 96589K->96585K(1138688K)], 0.4931114 secs] [Times: user=1.10 sys=0.00, real=0.49 secs] 
2021-05-30T20:05:50.169+0800: 1420501.868: [GC (Allocation Failure) [PSYoungGen: 487424K->16928K(505344K)] 804134K->333638K(1029632K), 0.0273091 secs] [Times: user=0.04 sys=0.04, real=0.03 secs] 
2021-05-30T20:12:41.440+0800: 1420913.139: [GC (Allocation Failure) [PSYoungGen: 504352K->13056K(505856K)] 821062K->341973K(1030144K), 0.0307277 secs] [Times: user=0.04 sys=0.05, real=0.03 secs] 
2021-05-30T20:19:36.383+0800: 1421328.081: [GC (Allocation Failure) [PSYoungGen: 500480K->13376K(505856K)] 829397K->349930K(1030144K), 0.0253598 secs] [Times: user=0.04 sys=0.04, real=0.02 secs] 
2021-05-30T20:26:23.702+0800: 1421735.400: [GC (Allocation Failure) [PSYoungGen: 500800K->13888K(505856K)] 837354K->360404K(1030144K), 0.0306839 secs] [Times: user=0.05 sys=0.04, real=0.04 secs] 
2021-05-30T20:33:15.096+0800: 1422146.794: [GC (Allocation Failure) [PSYoungGen: 501312K->11392K(505856K)] 847828K->367597K(1030144K), 0.0262111 secs] [Times: user=0.04 sys=0.04, real=0.03 secs] 
2021-05-30T20:40:02.244+0800: 1422553.943: [GC (Allocation Failure) [PSYoungGen: 498816K->14848K(505856K)] 855021K->379306K(1030144K), 0.0365709 secs] [Times: user=0.04 sys=0.04, real=0.03 secs] 
2021-05-30T20:46:53.538+0800: 1422965.236: [GC (Allocation Failure) [PSYoungGen: 502272K->12800K(505856K)] 866730K->388164K(1030144K), 0.0335955 secs] [Times: user=0.04 sys=0.04, real=0.03 secs] 
2021-05-30T20:53:41.153+0800: 1423372.851: [GC (Allocation Failure) [PSYoungGen: 500224K->14944K(505856K)] 875588K->399270K(1030144K), 0.0632614 secs] [Times: user=0.04 sys=0.05, real=0.06 secs] 
2021-05-30T21:00:31.232+0800: 1423782.930: [GC (Allocation Failure) [PSYoungGen: 502368K->16288K(505344K)] 886694K->410083K(1029632K), 0.0664113 secs] [Times: user=0.04 sys=0.05, real=0.07 secs] 
2021-05-30T21:07:21.896+0800: 1424193.594: [GC (Allocation Failure) [PSYoungGen: 503712K->11328K(505856K)] 897507K->417138K(1030144K), 0.0368437 secs] [Times: user=0.05 sys=0.05, real=0.04 secs] 
2021-05-30T21:14:05.762+0800: 1424597.460: [GC (Allocation Failure) [PSYoungGen: 498752K->14464K(505856K)] 904562K->428045K(1030144K), 0.0300592 secs] [Times: user=0.05 sys=0.04, real=0.04 secs] 
2021-05-30T21:20:49.939+0800: 1425001.638: [GC (Allocation Failure) [PSYoungGen: 501888K->14528K(505856K)] 915469K->437528K(1030144K), 0.0401834 secs] [Times: user=0.04 sys=0.04, real=0.04 secs] 
2021-05-30T21:27:31.066+0800: 1425402.764: [GC (Allocation Failure) [PSYoungGen: 501952K->15520K(506368K)] 924952K->447996K(1030656K), 0.0375949 secs] [Times: user=0.05 sys=0.05, real=0.04 secs] 
2021-05-30T21:34:16.408+0800: 1425808.106: [GC (Allocation Failure) [PSYoungGen: 503968K->15200K(506368K)] 936444K->457967K(1030656K), 0.0308456 secs] [Times: user=0.05 sys=0.04, real=0.03 secs] 
2021-05-30T21:41:05.749+0800: 1426217.448: [GC (Allocation Failure) [PSYoungGen: 503648K->15584K(506368K)] 946415K->468576K(1030656K), 0.0355608 secs] [Times: user=0.05 sys=0.05, real=0.04 secs] 
2021-05-30T21:47:52.625+0800: 1426624.323: [GC (Allocation Failure) [PSYoungGen: 504032K->15680K(504320K)] 957024K->477852K(1028608K), 0.0433802 secs] [Times: user=0.05 sys=0.05, real=0.04 secs] 
2021-05-30T21:54:39.767+0800: 1427031.465: [GC (Allocation Failure) [PSYoungGen: 504128K->16000K(505856K)] 966300K->488424K(1030144K), 0.0334990 secs] [Times: user=0.05 sys=0.05, real=0.03 secs] 
2021-05-30T22:01:33.493+0800: 1427445.191: [GC (Allocation Failure) [PSYoungGen: 503424K->9728K(497664K)] 975848K->492400K(1021952K), 0.0379691 secs] [Times: user=0.09 sys=0.00, real=0.03 secs] 
2021-05-30T22:08:20.034+0800: 1427851.732: [GC (Allocation Failure) [PSYoungGen: 497152K->12288K(505344K)] 979824K->502380K(1029632K), 0.0292544 secs] [Times: user=0.04 sys=0.04, real=0.03 secs] 
2021-05-30T22:15:08.052+0800: 1428259.750: [GC (Allocation Failure) [PSYoungGen: 498688K->12288K(505344K)] 988780K->510991K(1029632K), 0.0285336 secs] [Times: user=0.04 sys=0.04, real=0.03 secs] 
2021-05-30T22:21:57.139+0800: 1428668.837: [GC (Allocation Failure) [PSYoungGen: 498688K->12160K(505856K)] 997391K->519737K(1030144K), 0.0322314 secs] [Times: user=0.04 sys=0.05, real=0.03 secs] 
2021-05-30T22:28:55.907+0800: 1429087.605: [GC (Allocation Failure) [PSYoungGen: 499072K->11840K(505344K)] 1006649K->528378K(1029632K), 0.0434826 secs] [Times: user=0.04 sys=0.04, real=0.04 secs] 
2021-05-30T22:28:55.951+0800: 1429087.649: [Full GC (Ergonomics) [PSYoungGen: 11840K->0K(505344K)] [ParOldGen: 516538K->311218K(524288K)] 528378K->311218K(1029632K), [Metaspace: 96589K->96585K(1138688K)], 0.5388236 secs] [Times: user=1.20 sys=0.00, real=0.54 secs] 
2021-05-30T22:35:42.387+0800: 1429494.085: [GC (Allocation Failure) [PSYoungGen: 486912K->12096K(505856K)] 798130K->323314K(1030144K), 0.0659549 secs] [Times: user=0.06 sys=0.00, real=0.07 secs] 
2021-05-30T22:42:26.136+0800: 1429897.834: [GC (Allocation Failure) [PSYoungGen: 499520K->16288K(503808K)] 810738K->336372K(1028096K), 0.0391501 secs] [Times: user=0.10 sys=0.00, real=0.04 secs] 
2021-05-30T22:49:20.582+0800: 1430312.280: [GC (Allocation Failure) [PSYoungGen: 503712K->12416K(505856K)] 823796K->342965K(1030144K), 0.0345677 secs] [Times: user=0.04 sys=0.05, real=0.04 secs] 
2021-05-30T22:56:11.370+0800: 1430723.068: [GC (Allocation Failure) [PSYoungGen: 499328K->13152K(505344K)] 829877K->352912K(1029632K), 0.0326156 secs] [Times: user=0.03 sys=0.04, real=0.04 secs] 
2021-05-30T23:02:57.981+0800: 1431129.680: [GC (Allocation Failure) [PSYoungGen: 500064K->15968K(505344K)] 839824K->365325K(1029632K), 0.0278672 secs] [Times: user=0.04 sys=0.03, real=0.03 secs] 
2021-05-30T23:09:45.342+0800: 1431537.041: [GC (Allocation Failure) [PSYoungGen: 503392K->15872K(503808K)] 852749K->376791K(1028096K), 0.0379450 secs] [Times: user=0.05 sys=0.05, real=0.03 secs] 
2021-05-30T23:16:30.084+0800: 1431941.782: [GC (Allocation Failure) [PSYoungGen: 503296K->15424K(505344K)] 864215K->386346K(1029632K), 0.0337187 secs] [Times: user=0.04 sys=0.05, real=0.03 secs] 
2021-05-30T23:23:21.722+0800: 1432353.420: [GC (Allocation Failure) [PSYoungGen: 501824K->14112K(505344K)] 872746K->396133K(1029632K), 0.0392061 secs] [Times: user=0.04 sys=0.05, real=0.03 secs] 
2021-05-30T23:30:08.245+0800: 1432759.943: [GC (Allocation Failure) [PSYoungGen: 500512K->13184K(505856K)] 882533K->406040K(1030144K), 0.0351669 secs] [Times: user=0.09 sys=0.00, real=0.03 secs] 
2021-05-30T23:36:57.983+0800: 1433169.681: [GC (Allocation Failure) [PSYoungGen: 500608K->13696K(505856K)] 893464K->416034K(1030144K), 0.0365342 secs] [Times: user=0.04 sys=0.05, real=0.03 secs] 
2021-05-30T23:43:47.851+0800: 1433579.549: [GC (Allocation Failure) [PSYoungGen: 501120K->14656K(506368K)] 903458K->425702K(1030656K), 0.0358177 secs] [Times: user=0.05 sys=0.05, real=0.04 secs] 
2021-05-30T23:50:40.876+0800: 1433992.574: [GC (Allocation Failure) [PSYoungGen: 503104K->11904K(506368K)] 914150K->432449K(1030656K), 0.0301769 secs] [Times: user=0.04 sys=0.04, real=0.03 secs] 
2021-05-30T23:57:28.106+0800: 1434399.804: [GC (Allocation Failure) [PSYoungGen: 500352K->12480K(506368K)] 920897K->441842K(1030656K), 0.0323752 secs] [Times: user=0.05 sys=0.05, real=0.03 secs] 
2021-05-31T00:04:01.674+0800: 1434793.372: [GC (Allocation Failure) [PSYoungGen: 500928K->16448K(505344K)] 930290K->455116K(1029632K), 0.0449256 secs] [Times: user=0.05 sys=0.05, real=0.04 secs] 
2021-05-31T00:10:43.648+0800: 1435195.346: [GC (Allocation Failure) [PSYoungGen: 504896K->14080K(506368K)] 943564K->462896K(1030656K), 0.0617351 secs] [Times: user=0.04 sys=0.04, real=0.06 secs] 
2021-05-31T00:17:31.587+0800: 1435603.285: [GC (Allocation Failure) [PSYoungGen: 502016K->12032K(505856K)] 950832K->469808K(1030144K), 0.0364765 secs] [Times: user=0.05 sys=0.05, real=0.04 secs] 
2021-05-31T00:24:26.804+0800: 1436018.502: [GC (Allocation Failure) [PSYoungGen: 499968K->14144K(506368K)] 957744K->479933K(1030656K), 0.0287989 secs] [Times: user=0.04 sys=0.04, real=0.03 secs] 
2021-05-31T00:31:16.117+0800: 1436427.816: [GC (Allocation Failure) [PSYoungGen: 502592K->12768K(506368K)] 968381K->488688K(1030656K), 0.0387347 secs] [Times: user=0.04 sys=0.05, real=0.04 secs] 
2021-05-31T00:38:02.983+0800: 1436834.681: [GC (Allocation Failure) [PSYoungGen: 501216K->15296K(505856K)] 977136K->499277K(1030144K), 0.0332733 secs] [Times: user=0.05 sys=0.05, real=0.03 secs] 
2021-05-31T00:44:48.281+0800: 1437239.979: [GC (Allocation Failure) [PSYoungGen: 503744K->17600K(506368K)] 987725K->511858K(1030656K), 0.0332385 secs] [Times: user=0.05 sys=0.05, real=0.04 secs] 
2021-05-31T00:51:42.826+0800: 1437654.525: [GC (Allocation Failure) [PSYoungGen: 506048K->13952K(505344K)] 1000306K->520627K(1029632K), 0.0315657 secs] [Times: user=0.04 sys=0.05, real=0.03 secs] 
2021-05-31T00:58:29.238+0800: 1438060.937: [GC (Allocation Failure) [PSYoungGen: 501376K->15968K(505856K)] 1008051K->532688K(1030144K), 0.0679493 secs] [Times: user=0.08 sys=0.00, real=0.07 secs] 
2021-05-31T00:58:29.307+0800: 1438061.005: [Full GC (Ergonomics) [PSYoungGen: 15968K->0K(505856K)] [ParOldGen: 516720K->320559K(524288K)] 532688K->320559K(1030144K), [Metaspace: 96589K->96589K(1138688K)], 0.4099104 secs] [Times: user=0.99 sys=0.00, real=0.41 secs] 
2021-05-31T01:05:14.333+0800: 1438466.031: [GC (Allocation Failure) [PSYoungGen: 487424K->15072K(505856K)] 807983K->335631K(1030144K), 0.0603891 secs] [Times: user=0.03 sys=0.03, real=0.06 secs] 
2021-05-31T01:12:03.389+0800: 1438875.087: [GC (Allocation Failure) [PSYoungGen: 502496K->13120K(505856K)] 823055K->345870K(1030144K), 0.0341025 secs] [Times: user=0.04 sys=0.04, real=0.04 secs] 
2021-05-31T01:18:33.499+0800: 1439265.197: [GC (Allocation Failure) [PSYoungGen: 500544K->12394K(505856K)] 833294K->353884K(1030144K), 0.0286665 secs] [Times: user=0.03 sys=0.04, real=0.03 secs] 
2021-05-31T01:25:21.154+0800: 1439672.852: [GC (Allocation Failure) [PSYoungGen: 499818K->11808K(505856K)] 841308K->361367K(1030144K), 0.0325940 secs] [Times: user=0.04 sys=0.04, real=0.03 secs] 
2021-05-31T01:32:09.463+0800: 1440081.161: [GC (Allocation Failure) [PSYoungGen: 499232K->12512K(506368K)] 848791K->371136K(1030656K), 0.0324527 secs] [Times: user=0.04 sys=0.05, real=0.03 secs] 
2021-05-31T01:38:53.089+0800: 1440484.787: [GC (Allocation Failure) [PSYoungGen: 500448K->16000K(505856K)] 859072K->383309K(1030144K), 0.0300330 secs] [Times: user=0.04 sys=0.04, real=0.03 secs] 
2021-05-31T01:45:43.928+0800: 1440895.626: [GC (Allocation Failure) [PSYoungGen: 503936K->13312K(505856K)] 871245K->392143K(1030144K), 0.0902282 secs] [Times: user=0.04 sys=0.05, real=0.09 secs] 
2021-05-31T01:52:29.080+0800: 1441300.779: [GC (Allocation Failure) [PSYoungGen: 500736K->16064K(505856K)] 879567K->403787K(1030144K), 0.0308573 secs] [Times: user=0.04 sys=0.04, real=0.03 secs] 
2021-05-31T01:59:15.159+0800: 1441706.857: [GC (Allocation Failure) [PSYoungGen: 503488K->14656K(505856K)] 891211K->413430K(1030144K), 0.0581063 secs] [Times: user=0.05 sys=0.05, real=0.06 secs] 
2021-05-31T02:06:05.198+0800: 1442116.896: [GC (Allocation Failure) [PSYoungGen: 502080K->11040K(505856K)] 900854K->420239K(1030144K), 0.0715239 secs] [Times: user=0.05 sys=0.05, real=0.07 secs] 
2021-05-31T02:12:54.744+0800: 1442526.442: [GC (Allocation Failure) [PSYoungGen: 498464K->13504K(506368K)] 907663K->430035K(1030656K), 0.0336345 secs] [Times: user=0.05 sys=0.05, real=0.03 secs] 
2021-05-31T02:19:40.389+0800: 1442932.087: [GC (Allocation Failure) [PSYoungGen: 501440K->12416K(505856K)] 917971K->437806K(1030144K), 0.0851824 secs] [Times: user=0.05 sys=0.05, real=0.09 secs] 
2021-05-31T02:26:25.033+0800: 1443336.732: [GC (Allocation Failure) [PSYoungGen: 500352K->11040K(506368K)] 925742K->446175K(1030656K), 0.0403622 secs] [Times: user=0.05 sys=0.04, real=0.04 secs] 
2021-05-31T02:33:11.393+0800: 1443743.091: [GC (Allocation Failure) [PSYoungGen: 499488K->14784K(506368K)] 934623K->457116K(1030656K), 0.0357601 secs] [Times: user=0.05 sys=0.04, real=0.03 secs] 
2021-05-31T02:40:02.694+0800: 1444154.392: [GC (Allocation Failure) [PSYoungGen: 503232K->11808K(506368K)] 945564K->463470K(1030656K), 0.0419602 secs] [Times: user=0.06 sys=0.06, real=0.04 secs] 
2021-05-31T02:46:49.172+0800: 1444560.870: [GC (Allocation Failure) [PSYoungGen: 500256K->15200K(503808K)] 951918K->474651K(1028096K), 0.0354695 secs] [Times: user=0.05 sys=0.05, real=0.04 secs] 
2021-05-31T02:53:31.898+0800: 1444963.596: [GC (Allocation Failure) [PSYoungGen: 503648K->16000K(505856K)] 963099K->485557K(1030144K), 0.0439036 secs] [Times: user=0.06 sys=0.06, real=0.04 secs] 
2021-05-31T03:00:19.137+0800: 1445370.835: [GC (Allocation Failure) [PSYoungGen: 503424K->12864K(505856K)] 972981K->493310K(1030144K), 0.0847567 secs] [Times: user=0.05 sys=0.05, real=0.08 secs] 
2021-05-31T03:07:05.386+0800: 1445777.084: [GC (Allocation Failure) [PSYoungGen: 500288K->12992K(506368K)] 980734K->502727K(1030656K), 0.0363601 secs] [Times: user=0.04 sys=0.05, real=0.04 secs] 
2021-05-31T03:13:51.301+0800: 1446182.999: [GC (Allocation Failure) [PSYoungGen: 500928K->12160K(505856K)] 990663K->511434K(1030144K), 0.0325688 secs] [Times: user=0.09 sys=0.00, real=0.04 secs] 
2021-05-31T03:20:34.435+0800: 1446586.133: [GC (Allocation Failure) [PSYoungGen: 500096K->13856K(506880K)] 999370K->521350K(1031168K), 0.0398195 secs] [Times: user=0.04 sys=0.04, real=0.04 secs] 
2021-05-31T03:27:20.725+0800: 1446992.423: [GC (Allocation Failure) [PSYoungGen: 502816K->15168K(506368K)] 1010310K->531905K(1030656K), 0.0453611 secs] [Times: user=0.03 sys=0.05, real=0.04 secs] 
2021-05-31T03:27:20.771+0800: 1446992.469: [Full GC (Ergonomics) [PSYoungGen: 15168K->0K(506368K)] [ParOldGen: 516737K->311316K(524288K)] 531905K->311316K(1030656K), [Metaspace: 96591K->96591K(1138688K)], 0.5096890 secs] [Times: user=1.12 sys=0.00, real=0.51 secs] 
2021-05-31T03:34:15.380+0800: 1447407.079: [GC (Allocation Failure) [PSYoungGen: 488960K->14176K(506880K)] 800276K->325492K(1031168K), 0.0265138 secs] [Times: user=0.03 sys=0.03, real=0.03 secs] 
2021-05-31T03:40:53.334+0800: 1447805.032: [GC (Allocation Failure) [PSYoungGen: 503136K->15392K(506368K)] 814452K->337151K(1030656K), 0.0288593 secs] [Times: user=0.04 sys=0.05, real=0.03 secs] 
2021-05-31T03:47:39.996+0800: 1448211.694: [GC (Allocation Failure) [PSYoungGen: 504352K->15232K(506368K)] 826111K->348784K(1030656K), 0.0614646 secs] [Times: user=0.05 sys=0.05, real=0.06 secs] 
2021-05-31T03:54:21.424+0800: 1448613.122: [GC (Allocation Failure) [PSYoungGen: 503680K->15072K(506368K)] 837232K->357237K(1030656K), 0.0427932 secs] [Times: user=0.04 sys=0.04, real=0.04 secs] 
2021-05-31T04:01:11.293+0800: 1449022.991: [GC (Allocation Failure) [PSYoungGen: 503520K->14208K(506880K)] 845685K->366967K(1031168K), 0.0271282 secs] [Times: user=0.04 sys=0.03, real=0.02 secs] 
2021-05-31T04:08:02.661+0800: 1449434.359: [GC (Allocation Failure) [PSYoungGen: 503168K->14048K(506368K)] 855927K->376059K(1030656K), 0.0276065 secs] [Times: user=0.03 sys=0.04, real=0.03 secs] 
2021-05-31T04:14:58.586+0800: 1449850.285: [GC (Allocation Failure) [PSYoungGen: 503008K->12128K(506880K)] 865019K->384220K(1031168K), 0.0282887 secs] [Times: user=0.04 sys=0.04, real=0.03 secs] 
2021-05-31T04:21:52.612+0800: 1450264.311: [GC (Allocation Failure) [PSYoungGen: 501600K->13184K(506880K)] 873692K->394381K(1031168K), 0.0285793 secs] [Times: user=0.07 sys=0.00, real=0.02 secs] 
2021-05-31T04:28:42.607+0800: 1450674.305: [GC (Allocation Failure) [PSYoungGen: 502656K->12992K(507392K)] 883853K->403977K(1031680K), 0.0292844 secs] [Times: user=0.04 sys=0.04, real=0.03 secs] 
2021-05-31T04:35:35.414+0800: 1451087.112: [GC (Allocation Failure) [PSYoungGen: 502976K->12768K(506880K)] 893961K->413236K(1031168K), 0.0267548 secs] [Times: user=0.08 sys=0.00, real=0.02 secs] 
2021-05-31T04:42:22.164+0800: 1451493.862: [GC (Allocation Failure) [PSYoungGen: 502752K->12640K(507392K)] 903220K->422574K(1031680K), 0.0426511 secs] [Times: user=0.05 sys=0.05, real=0.04 secs] 
2021-05-31T04:49:04.881+0800: 1451896.580: [GC (Allocation Failure) [PSYoungGen: 503136K->14720K(507392K)] 913070K->433331K(1031680K), 0.0321898 secs] [Times: user=0.09 sys=0.00, real=0.04 secs] 
2021-05-31T04:55:55.414+0800: 1452307.112: [GC (Allocation Failure) [PSYoungGen: 505216K->14688K(507392K)] 923827K->443653K(1031680K), 0.0381574 secs] [Times: user=0.04 sys=0.05, real=0.03 secs] 
2021-05-31T05:02:42.506+0800: 1452714.204: [GC (Allocation Failure) [PSYoungGen: 505184K->12512K(507392K)] 934149K->451271K(1031680K), 0.0406939 secs] [Times: user=0.04 sys=0.05, real=0.04 secs] 
2021-05-31T05:09:33.750+0800: 1453125.448: [GC (Allocation Failure) [PSYoungGen: 503008K->16864K(499200K)] 941767K->464539K(1023488K), 0.0363092 secs] [Times: user=0.09 sys=0.00, real=0.04 secs] 
2021-05-31T05:16:19.779+0800: 1453531.477: [GC (Allocation Failure) [PSYoungGen: 499168K->14240K(503296K)] 946843K->473486K(1027584K), 0.0318333 secs] [Times: user=0.04 sys=0.04, real=0.03 secs] 
2021-05-31T05:23:01.387+0800: 1453933.085: [GC (Allocation Failure) [PSYoungGen: 496544K->12640K(503808K)] 955790K->482504K(1028096K), 0.0494156 secs] [Times: user=0.04 sys=0.04, real=0.05 secs] 
2021-05-31T05:29:42.116+0800: 1454333.814: [GC (Allocation Failure) [PSYoungGen: 495968K->13376K(503808K)] 965832K->492931K(1028096K), 0.0921143 secs] [Times: user=0.05 sys=0.05, real=0.09 secs] 
2021-05-31T05:36:24.832+0800: 1454736.530: [GC (Allocation Failure) [PSYoungGen: 496704K->14304K(504832K)] 976259K->503880K(1029120K), 0.0380167 secs] [Times: user=0.05 sys=0.05, real=0.04 secs] 
2021-05-31T05:43:07.443+0800: 1455139.141: [GC (Allocation Failure) [PSYoungGen: 499168K->14336K(504320K)] 988744K->513763K(1028608K), 0.0307826 secs] [Times: user=0.05 sys=0.05, real=0.03 secs] 
2021-05-31T05:49:49.780+0800: 1455541.479: [GC (Allocation Failure) [PSYoungGen: 499200K->16448K(504320K)] 998627K->525062K(1028608K), 0.0371118 secs] [Times: user=0.04 sys=0.04, real=0.04 secs] 
2021-05-31T05:56:33.589+0800: 1455945.287: [GC (Allocation Failure) [PSYoungGen: 501824K->13696K(504832K)] 1010438K->532472K(1029120K), 0.0375994 secs] [Times: user=0.04 sys=0.04, real=0.04 secs] 
2021-05-31T05:56:33.627+0800: 1455945.325: [Full GC (Ergonomics) [PSYoungGen: 13696K->0K(504832K)] [ParOldGen: 518776K->319848K(524288K)] 532472K->319848K(1029120K), [Metaspace: 96591K->96591K(1138688K)], 0.4702361 secs] [Times: user=0.93 sys=0.00, real=0.47 secs] 
2021-05-31T06:03:24.879+0800: 1456356.578: [GC (Allocation Failure) [PSYoungGen: 485376K->15040K(505344K)] 805224K->334888K(1029632K), 0.0249739 secs] [Times: user=0.03 sys=0.04, real=0.03 secs] 
2021-05-31T06:10:03.800+0800: 1456755.499: [GC (Allocation Failure) [PSYoungGen: 501440K->14784K(505344K)] 821288K->344681K(1029632K), 0.0998989 secs] [Times: user=0.04 sys=0.04, real=0.10 secs] 
2021-05-31T06:16:48.756+0800: 1457160.454: [GC (Allocation Failure) [PSYoungGen: 501184K->15200K(505856K)] 831081K->355037K(1030144K), 0.0295724 secs] [Times: user=0.04 sys=0.05, real=0.03 secs] 
2021-05-31T06:23:34.027+0800: 1457565.725: [GC (Allocation Failure) [PSYoungGen: 502624K->18240K(505856K)] 842461K->368162K(1030144K), 0.0894901 secs] [Times: user=0.04 sys=0.04, real=0.09 secs] 
2021-05-31T06:30:23.825+0800: 1457975.523: [GC (Allocation Failure) [PSYoungGen: 505664K->16064K(503808K)] 855586K->378032K(1028096K), 0.0387383 secs] [Times: user=0.10 sys=0.00, real=0.04 secs] 
2021-05-31T06:37:15.189+0800: 1458386.887: [GC (Allocation Failure) [PSYoungGen: 501440K->13984K(504832K)] 863408K->386578K(1029120K), 0.0448819 secs] [Times: user=0.04 sys=0.04, real=0.05 secs] 
2021-05-31T06:43:55.855+0800: 1458787.553: [GC (Allocation Failure) [PSYoungGen: 499360K->15584K(505344K)] 871954K->397774K(1029632K), 0.0372774 secs] [Times: user=0.05 sys=0.05, real=0.03 secs] 
2021-05-31T06:50:43.564+0800: 1459195.262: [GC (Allocation Failure) [PSYoungGen: 501984K->15552K(505344K)] 884174K->407834K(1029632K), 0.0514867 secs] [Times: user=0.04 sys=0.04, real=0.05 secs] 
2021-05-31T06:57:32.506+0800: 1459604.204: [GC (Allocation Failure) [PSYoungGen: 501952K->17312K(504320K)] 894234K->420310K(1028608K), 0.0507352 secs] [Times: user=0.05 sys=0.06, real=0.05 secs] 
2021-05-31T07:04:20.883+0800: 1460012.581: [GC (Allocation Failure) [PSYoungGen: 502688K->15200K(504832K)] 905686K->429976K(1029120K), 0.0312247 secs] [Times: user=0.04 sys=0.05, real=0.03 secs] 
2021-05-31T07:11:09.740+0800: 1460421.438: [GC (Allocation Failure) [PSYoungGen: 500576K->14720K(505856K)] 915352K->439635K(1030144K), 0.0299810 secs] [Times: user=0.04 sys=0.05, real=0.03 secs] 
2021-05-31T07:17:48.960+0800: 1460820.658: [GC (Allocation Failure) [PSYoungGen: 501632K->15658K(505344K)] 926547K->450266K(1029632K), 0.0383686 secs] [Times: user=0.05 sys=0.05, real=0.04 secs] 
2021-05-31T07:24:34.039+0800: 1461225.738: [GC (Allocation Failure) [PSYoungGen: 502570K->13600K(505856K)] 937178K->459197K(1030144K), 0.0363164 secs] [Times: user=0.05 sys=0.05, real=0.04 secs] 
2021-05-31T07:31:16.954+0800: 1461628.653: [GC (Allocation Failure) [PSYoungGen: 501024K->14752K(505856K)] 946621K->469351K(1030144K), 0.0298998 secs] [Times: user=0.04 sys=0.04, real=0.03 secs] 
2021-05-31T07:38:08.406+0800: 1462040.104: [GC (Allocation Failure) [PSYoungGen: 502176K->14336K(506368K)] 956775K->478943K(1030656K), 0.0347824 secs] [Times: user=0.04 sys=0.05, real=0.03 secs] 
2021-05-31T07:44:59.424+0800: 1462451.122: [GC (Allocation Failure) [PSYoungGen: 502272K->12992K(505856K)] 966879K->486386K(1030144K), 0.1008778 secs] [Times: user=0.09 sys=0.00, real=0.10 secs] 
2021-05-31T07:51:51.612+0800: 1462863.310: [GC (Allocation Failure) [PSYoungGen: 500928K->14208K(506368K)] 974322K->497269K(1030656K), 0.0291742 secs] [Times: user=0.04 sys=0.04, real=0.03 secs] 
2021-05-31T07:58:47.827+0800: 1463279.525: [GC (Allocation Failure) [PSYoungGen: 502656K->11008K(499712K)] 985717K->504702K(1024000K), 0.0383615 secs] [Times: user=0.05 sys=0.05, real=0.04 secs] 
2021-05-31T08:05:34.819+0800: 1463686.517: [GC (Allocation Failure) [PSYoungGen: 499456K->14720K(506368K)] 993150K->516282K(1030656K), 0.0732594 secs] [Times: user=0.07 sys=0.07, real=0.08 secs] 
2021-05-31T08:12:18.211+0800: 1464089.909: [GC (Allocation Failure) [PSYoungGen: 502656K->16928K(505856K)] 1004218K->527846K(1030144K), 0.0393523 secs] [Times: user=0.05 sys=0.05, real=0.04 secs] 
2021-05-31T08:19:04.349+0800: 1464496.047: [GC (Allocation Failure) [PSYoungGen: 504864K->15584K(505856K)] 1015782K->537418K(1030144K), 0.0385869 secs] [Times: user=0.05 sys=0.05, real=0.04 secs] 
2021-05-31T08:19:04.388+0800: 1464496.087: [Full GC (Ergonomics) [PSYoungGen: 15584K->0K(505856K)] [ParOldGen: 521834K->318937K(524288K)] 537418K->318937K(1030144K), [Metaspace: 96592K->96589K(1138688K)], 0.5146724 secs] [Times: user=1.16 sys=0.00, real=0.52 secs] 
2021-05-31T08:25:46.139+0800: 1464897.837: [GC (Allocation Failure) [PSYoungGen: 487424K->14080K(505856K)] 806361K->333017K(1030144K), 0.0831196 secs] [Times: user=0.07 sys=0.00, real=0.10 secs] 
2021-05-31T08:32:28.216+0800: 1465299.915: [GC (Allocation Failure) [PSYoungGen: 501504K->15616K(505856K)] 820441K->345205K(1030144K), 0.0366916 secs] [Times: user=0.05 sys=0.05, real=0.04 secs] 
2021-05-31T08:39:16.277+0800: 1465707.976: [GC (Allocation Failure) [PSYoungGen: 503040K->15648K(505856K)] 832629K->354424K(1030144K), 0.0317418 secs] [Times: user=0.04 sys=0.04, real=0.03 secs] 
2021-05-31T08:46:05.495+0800: 1466117.193: [GC (Allocation Failure) [PSYoungGen: 503072K->15328K(505856K)] 841848K->364243K(1030144K), 0.1000914 secs] [Times: user=0.05 sys=0.06, real=0.10 secs] 
2021-05-31T08:52:54.582+0800: 1466526.280: [GC (Allocation Failure) [PSYoungGen: 502752K->14592K(505856K)] 851667K->373798K(1030144K), 0.0318779 secs] [Times: user=0.05 sys=0.05, real=0.04 secs] 
2021-05-31T08:59:43.804+0800: 1466935.502: [GC (Allocation Failure) [PSYoungGen: 502016K->13536K(506368K)] 861222K->382857K(1030656K), 0.0272689 secs] [Times: user=0.03 sys=0.04, real=0.02 secs] 
2021-05-31T09:06:33.906+0800: 1467345.605: [GC (Allocation Failure) [PSYoungGen: 501984K->17184K(505856K)] 871305K->396027K(1030144K), 0.0327509 secs] [Times: user=0.09 sys=0.00, real=0.03 secs] 
2021-05-31T09:13:22.913+0800: 1467754.611: [GC (Allocation Failure) [PSYoungGen: 505632K->16480K(504832K)] 884475K->405654K(1029120K), 0.0531540 secs] [Times: user=0.04 sys=0.04, real=0.05 secs] 
2021-05-31T09:20:08.185+0800: 1468159.883: [GC (Allocation Failure) [PSYoungGen: 502880K->11936K(505344K)] 892054K->410824K(1029632K), 0.0274463 secs] [Times: user=0.03 sys=0.03, real=0.03 secs] 
2021-05-31T09:26:49.078+0800: 1468560.777: [GC (Allocation Failure) [PSYoungGen: 498336K->14400K(505856K)] 897224K->422475K(1030144K), 0.0332664 secs] [Times: user=0.05 sys=0.05, real=0.03 secs] 
2021-05-31T09:33:33.434+0800: 1468965.132: [GC (Allocation Failure) [PSYoungGen: 501312K->14304K(505344K)] 909387K->433151K(1029632K), 0.0308013 secs] [Times: user=0.04 sys=0.05, real=0.03 secs] 
2021-05-31T09:40:30.957+0800: 1469382.656: [GC (Allocation Failure) [PSYoungGen: 501216K->12256K(505856K)] 920063K->441112K(1030144K), 0.0265904 secs] [Times: user=0.03 sys=0.04, real=0.03 secs] 
2021-05-31T09:47:13.789+0800: 1469785.487: [GC (Allocation Failure) [PSYoungGen: 499680K->15296K(505856K)] 928536K->452860K(1030144K), 0.0295310 secs] [Times: user=0.04 sys=0.04, real=0.03 secs] 
2021-05-31T09:54:01.409+0800: 1470193.107: [GC (Allocation Failure) [PSYoungGen: 502720K->11680K(505856K)] 940284K->460588K(1030144K), 0.0302495 secs] [Times: user=0.05 sys=0.05, real=0.03 secs] 
2021-05-31T10:00:48.344+0800: 1470600.042: [GC (Allocation Failure) [PSYoungGen: 499104K->14560K(505856K)] 948012K->471673K(1030144K), 0.0280488 secs] [Times: user=0.04 sys=0.04, real=0.02 secs] 
2021-05-31T10:07:42.008+0800: 1471013.707: [GC (Allocation Failure) [PSYoungGen: 501984K->12864K(506368K)] 959097K->480473K(1030656K), 0.0313911 secs] [Times: user=0.04 sys=0.04, real=0.03 secs] 
2021-05-31T10:14:27.711+0800: 1471419.409: [GC (Allocation Failure) [PSYoungGen: 500800K->13248K(505856K)] 968409K->488900K(1030144K), 0.0529011 secs] [Times: user=0.07 sys=0.00, real=0.06 secs] 
2021-05-31T10:21:21.600+0800: 1471833.298: [GC (Allocation Failure) [PSYoungGen: 501184K->13152K(506368K)] 976836K->497630K(1030656K), 0.0285167 secs] [Times: user=0.04 sys=0.04, real=0.03 secs] 
2021-05-31T10:28:14.801+0800: 1472246.499: [GC (Allocation Failure) [PSYoungGen: 501600K->14304K(506368K)] 986078K->508025K(1030656K), 0.0289115 secs] [Times: user=0.04 sys=0.05, real=0.03 secs] 
2021-05-31T10:35:04.470+0800: 1472656.168: [GC (Allocation Failure) [PSYoungGen: 502752K->13440K(506880K)] 996473K->517268K(1031168K), 0.0284872 secs] [Times: user=0.04 sys=0.04, real=0.03 secs] 
2021-05-31T10:41:56.620+0800: 1473068.319: [GC (Allocation Failure) [PSYoungGen: 502912K->13824K(506880K)] 1006740K->527303K(1031168K), 0.0289221 secs] [Times: user=0.05 sys=0.05, real=0.03 secs] 
2021-05-31T10:41:56.650+0800: 1473068.348: [Full GC (Ergonomics) [PSYoungGen: 13824K->0K(506880K)] [ParOldGen: 513479K->310587K(524288K)] 527303K->310587K(1031168K), [Metaspace: 96592K->96592K(1138688K)], 0.5045384 secs] [Times: user=1.06 sys=0.00, real=0.51 secs] 
2021-05-31T10:48:53.150+0800: 1473484.848: [GC (Allocation Failure) [PSYoungGen: 489472K->13120K(507392K)] 800059K->323707K(1031680K), 0.0309821 secs] [Times: user=0.07 sys=0.00, real=0.03 secs] 
2021-05-31T10:55:47.899+0800: 1473899.598: [GC (Allocation Failure) [PSYoungGen: 503616K->13152K(507392K)] 814203K->333094K(1031680K), 0.0264109 secs] [Times: user=0.03 sys=0.04, real=0.03 secs] 
2021-05-31T11:02:39.786+0800: 1474311.485: [GC (Allocation Failure) [PSYoungGen: 503648K->12352K(507392K)] 823590K->341105K(1031680K), 0.0258853 secs] [Times: user=0.04 sys=0.04, real=0.03 secs] 
2021-05-31T11:09:29.129+0800: 1474720.828: [GC (Allocation Failure) [PSYoungGen: 502843K->15360K(507392K)] 831596K->353147K(1031680K), 0.0304001 secs] [Times: user=0.04 sys=0.05, real=0.03 secs] 
2021-05-31T11:16:23.115+0800: 1475134.814: [GC (Allocation Failure) [PSYoungGen: 505856K->12032K(507392K)] 843643K->359367K(1031680K), 0.0278683 secs] [Times: user=0.08 sys=0.00, real=0.03 secs] 
2021-05-31T11:23:18.937+0800: 1475550.635: [GC (Allocation Failure) [PSYoungGen: 502528K->12960K(507392K)] 849863K->368658K(1031680K), 0.0285741 secs] [Times: user=0.04 sys=0.04, real=0.03 secs] 
2021-05-31T11:30:09.846+0800: 1475961.544: [GC (Allocation Failure) [PSYoungGen: 503456K->16864K(498176K)] 859154K->382911K(1022464K), 0.0440391 secs] [Times: user=0.04 sys=0.04, real=0.04 secs] 
2021-05-31T11:36:58.829+0800: 1476370.527: [GC (Allocation Failure) [PSYoungGen: 498144K->15680K(502784K)] 864191K->393752K(1027072K), 0.0311563 secs] [Times: user=0.09 sys=0.00, real=0.03 secs] 
2021-05-31T11:43:40.366+0800: 1476772.065: [GC (Allocation Failure) [PSYoungGen: 496960K->13312K(503296K)] 875032K->401515K(1027584K), 0.0313580 secs] [Times: user=0.08 sys=0.00, real=0.03 secs] 
2021-05-31T11:50:13.984+0800: 1477165.682: [GC (Allocation Failure) [PSYoungGen: 495616K->13866K(503296K)] 883819K->411032K(1027584K), 0.0600294 secs] [Times: user=0.04 sys=0.04, real=0.06 secs] 
2021-05-31T11:56:56.251+0800: 1477567.949: [GC (Allocation Failure) [PSYoungGen: 496170K->13024K(503808K)] 893336K->419643K(1028096K), 0.0272352 secs] [Times: user=0.04 sys=0.04, real=0.03 secs] 
2021-05-31T12:03:40.328+0800: 1477972.026: [GC (Allocation Failure) [PSYoungGen: 496344K->12800K(503808K)] 902964K->428567K(1028096K), 0.0322166 secs] [Times: user=0.04 sys=0.05, real=0.03 secs] 
2021-05-31T12:10:25.430+0800: 1478377.128: [GC (Allocation Failure) [PSYoungGen: 496128K->13024K(504832K)] 911895K->438065K(1029120K), 0.0276141 secs] [Times: user=0.03 sys=0.04, real=0.03 secs] 
2021-05-31T12:17:18.036+0800: 1478789.734: [GC (Allocation Failure) [PSYoungGen: 497888K->15136K(504320K)] 922929K->449371K(1028608K), 0.0302919 secs] [Times: user=0.04 sys=0.04, real=0.03 secs] 
2021-05-31T12:24:07.308+0800: 1479199.006: [GC (Allocation Failure) [PSYoungGen: 500000K->16352K(503808K)] 934235K->459951K(1028096K), 0.0315030 secs] [Times: user=0.04 sys=0.04, real=0.03 secs] 
2021-05-31T12:30:51.046+0800: 1479602.744: [GC (Allocation Failure) [PSYoungGen: 500704K->15072K(504320K)] 944303K->470642K(1028608K), 0.0295147 secs] [Times: user=0.04 sys=0.04, real=0.03 secs] 
2021-05-31T12:37:37.803+0800: 1480009.501: [GC (Allocation Failure) [PSYoungGen: 499424K->13472K(505344K)] 954994K->479381K(1029632K), 0.0307126 secs] [Times: user=0.08 sys=0.00, real=0.03 secs] 
2021-05-31T12:44:24.808+0800: 1480416.506: [GC (Allocation Failure) [PSYoungGen: 499360K->14368K(504832K)] 965269K->489209K(1029120K), 0.0298315 secs] [Times: user=0.04 sys=0.04, real=0.03 secs] 
2021-05-31T12:51:14.347+0800: 1480826.045: [GC (Allocation Failure) [PSYoungGen: 500256K->14688K(505856K)] 975097K->499844K(1030144K), 0.0810668 secs] [Times: user=0.05 sys=0.05, real=0.08 secs] 
2021-05-31T12:58:03.237+0800: 1481234.935: [GC (Allocation Failure) [PSYoungGen: 501600K->16864K(505344K)] 986756K->512222K(1029632K), 0.0409170 secs] [Times: user=0.04 sys=0.04, real=0.04 secs] 
2021-05-31T13:04:47.914+0800: 1481639.612: [GC (Allocation Failure) [PSYoungGen: 503776K->13440K(505344K)] 999134K->519176K(1029632K), 0.0280853 secs] [Times: user=0.04 sys=0.05, real=0.03 secs] 
2021-05-31T13:11:38.909+0800: 1482050.607: [GC (Allocation Failure) [PSYoungGen: 499840K->14432K(505344K)] 1005576K->529108K(1029632K), 0.0386194 secs] [Times: user=0.05 sys=0.05, real=0.04 secs] 
2021-05-31T13:11:38.948+0800: 1482050.646: [Full GC (Ergonomics) [PSYoungGen: 14432K->0K(505344K)] [ParOldGen: 514676K->317141K(524288K)] 529108K->317141K(1029632K), [Metaspace: 96596K->96593K(1138688K)], 0.4748718 secs] [Times: user=1.09 sys=0.00, real=0.48 secs] 
2021-05-31T13:18:10.058+0800: 1482441.757: [GC (Allocation Failure) [PSYoungGen: 486400K->16842K(504832K)] 803541K->333984K(1029120K), 0.0273662 secs] [Times: user=0.04 sys=0.03, real=0.03 secs] 
2021-05-31T13:25:00.714+0800: 1482852.412: [GC (Allocation Failure) [PSYoungGen: 503242K->17728K(504320K)] 820384K->346722K(1028608K), 0.0519885 secs] [Times: user=0.13 sys=0.00, real=0.05 secs] 
2021-05-31T13:31:50.514+0800: 1483262.213: [GC (Allocation Failure) [PSYoungGen: 504128K->13280K(504832K)] 833122K->354091K(1029120K), 0.0295404 secs] [Times: user=0.09 sys=0.00, real=0.03 secs] 
2021-05-31T13:38:50.060+0800: 1483681.758: [GC (Allocation Failure) [PSYoungGen: 498651K->12480K(504832K)] 839462K->362982K(1029120K), 0.0689340 secs] [Times: user=0.04 sys=0.04, real=0.07 secs] 
2021-05-31T13:45:40.577+0800: 1484092.275: [GC (Allocation Failure) [PSYoungGen: 497856K->15296K(504832K)] 848358K->373674K(1029120K), 0.0329051 secs] [Times: user=0.04 sys=0.04, real=0.03 secs] 
2021-05-31T13:52:32.797+0800: 1484504.495: [GC (Allocation Failure) [PSYoungGen: 500672K->13824K(504832K)] 859050K->382356K(1029120K), 0.0278403 secs] [Times: user=0.04 sys=0.04, real=0.03 secs] 
2021-05-31T13:59:26.566+0800: 1484918.264: [GC (Allocation Failure) [PSYoungGen: 499200K->13152K(505344K)] 867732K->392062K(1029632K), 0.0310430 secs] [Times: user=0.03 sys=0.04, real=0.03 secs] 
2021-05-31T14:06:17.035+0800: 1485328.733: [GC (Allocation Failure) [PSYoungGen: 499544K->13088K(505344K)] 878455K->401104K(1029632K), 0.0309407 secs] [Times: user=0.04 sys=0.05, real=0.03 secs] 
2021-05-31T14:13:06.386+0800: 1485738.085: [GC (Allocation Failure) [PSYoungGen: 499488K->10304K(504832K)] 887504K->407625K(1029120K), 0.0253920 secs] [Times: user=0.04 sys=0.04, real=0.02 secs] 
2021-05-31T14:19:54.399+0800: 1486146.098: [GC (Allocation Failure) [PSYoungGen: 496704K->12384K(505344K)] 894025K->417094K(1029632K), 0.0278472 secs] [Times: user=0.04 sys=0.04, real=0.03 secs] 
2021-05-31T14:26:40.307+0800: 1486552.005: [GC (Allocation Failure) [PSYoungGen: 498784K->13344K(505856K)] 903494K->426120K(1030144K), 0.0274345 secs] [Times: user=0.04 sys=0.04, real=0.03 secs] 
2021-05-31T14:33:28.713+0800: 1486960.411: [GC (Allocation Failure) [PSYoungGen: 500256K->14208K(505344K)] 913032K->436868K(1029632K), 0.0267876 secs] [Times: user=0.04 sys=0.04, real=0.02 secs] 
2021-05-31T14:40:16.177+0800: 1487367.875: [GC (Allocation Failure) [PSYoungGen: 501120K->14688K(506368K)] 923780K->448252K(1030656K), 0.0466871 secs] [Times: user=0.04 sys=0.04, real=0.05 secs] 
2021-05-31T14:47:06.593+0800: 1487778.291: [GC (Allocation Failure) [PSYoungGen: 503136K->14528K(506368K)] 936700K->457288K(1030656K), 0.0293631 secs] [Times: user=0.04 sys=0.04, real=0.03 secs] 
2021-05-31T14:53:55.401+0800: 1488187.099: [GC (Allocation Failure) [PSYoungGen: 502976K->12800K(506368K)] 945736K->466441K(1030656K), 0.0301014 secs] [Times: user=0.04 sys=0.05, real=0.03 secs] 
2021-05-31T15:00:36.021+0800: 1488587.719: [GC (Allocation Failure) [PSYoungGen: 501248K->12320K(506368K)] 954889K->474715K(1030656K), 0.0282547 secs] [Times: user=0.08 sys=0.00, real=0.03 secs] 
2021-05-31T15:07:23.642+0800: 1488995.340: [GC (Allocation Failure) [PSYoungGen: 500768K->12736K(506880K)] 963163K->483895K(1031168K), 0.0313638 secs] [Times: user=0.08 sys=0.00, real=0.04 secs] 
2021-05-31T15:14:08.868+0800: 1489400.566: [GC (Allocation Failure) [PSYoungGen: 502208K->14112K(506880K)] 973367K->493796K(1031168K), 0.0287234 secs] [Times: user=0.05 sys=0.04, real=0.03 secs] 
2021-05-31T15:21:02.172+0800: 1489813.870: [GC (Allocation Failure) [PSYoungGen: 503584K->13216K(507392K)] 983268K->503470K(1031680K), 0.0276728 secs] [Times: user=0.04 sys=0.04, real=0.03 secs] 
2021-05-31T15:28:02.242+0800: 1490233.940: [GC (Allocation Failure) [PSYoungGen: 503200K->13312K(506880K)] 993454K->512648K(1031168K), 0.0295951 secs] [Times: user=0.04 sys=0.05, real=0.03 secs] 
2021-05-31T15:34:54.054+0800: 1490645.752: [GC (Allocation Failure) [PSYoungGen: 503296K->11264K(507392K)] 1002632K->519953K(1031680K), 0.0524779 secs] [Times: user=0.08 sys=0.00, real=0.05 secs] 
2021-05-31T15:41:47.677+0800: 1491059.376: [GC (Allocation Failure) [PSYoungGen: 501760K->13504K(507392K)] 1010449K->529093K(1031680K), 0.0468828 secs] [Times: user=0.04 sys=0.04, real=0.05 secs] 
2021-05-31T15:41:47.725+0800: 1491059.423: [Full GC (Ergonomics) [PSYoungGen: 13504K->0K(507392K)] [ParOldGen: 515589K->311738K(524288K)] 529093K->311738K(1031680K), [Metaspace: 96597K->96593K(1138688K)], 0.4845924 secs] [Times: user=1.05 sys=0.00, real=0.48 secs] 
2021-05-31T15:48:45.580+0800: 1491477.278: [GC (Allocation Failure) [PSYoungGen: 490496K->14272K(507904K)] 802234K->326011K(1032192K), 0.0266796 secs] [Times: user=0.03 sys=0.04, real=0.03 secs] 
2021-05-31T15:55:43.436+0800: 1491895.134: [GC (Allocation Failure) [PSYoungGen: 505792K->14304K(507904K)] 817531K->336245K(1032192K), 0.0350593 secs] [Times: user=0.05 sys=0.05, real=0.03 secs] 
2021-05-31T16:02:39.868+0800: 1492311.566: [GC (Allocation Failure) [PSYoungGen: 505824K->14464K(506880K)] 827765K->346838K(1031168K), 0.0344850 secs] [Times: user=0.09 sys=0.00, real=0.04 secs] 
2021-05-31T16:09:28.241+0800: 1492719.939: [GC (Allocation Failure) [PSYoungGen: 504960K->13344K(507392K)] 837334K->355873K(1031680K), 0.0364531 secs] [Times: user=0.03 sys=0.04, real=0.04 secs] 
2021-05-31T16:16:18.281+0800: 1493129.980: [GC (Allocation Failure) [PSYoungGen: 503840K->14176K(507904K)] 846369K->365990K(1032192K), 0.0314666 secs] [Times: user=0.05 sys=0.04, real=0.04 secs] 
2021-05-31T16:23:13.053+0800: 1493544.751: [GC (Allocation Failure) [PSYoungGen: 505696K->16352K(507904K)] 857510K->377859K(1032192K), 0.0543412 secs] [Times: user=0.05 sys=0.05, real=0.05 secs] 
2021-05-31T16:30:05.075+0800: 1493956.773: [GC (Allocation Failure) [PSYoungGen: 507872K->16096K(499712K)] 869379K->387765K(1024000K), 0.0351047 secs] [Times: user=0.05 sys=0.05, real=0.03 secs] 
2021-05-31T16:36:53.816+0800: 1494365.514: [GC (Allocation Failure) [PSYoungGen: 499424K->13888K(503808K)] 871093K->396749K(1028096K), 0.0319692 secs] [Times: user=0.04 sys=0.04, real=0.03 secs] 
2021-05-31T16:43:45.091+0800: 1494776.789: [GC (Allocation Failure) [PSYoungGen: 497216K->13856K(504320K)] 880077K->406246K(1028608K), 0.0290917 secs] [Times: user=0.08 sys=0.00, real=0.03 secs] 
2021-05-31T16:50:38.747+0800: 1495190.446: [GC (Allocation Failure) [PSYoungGen: 497696K->12512K(503808K)] 890086K->413681K(1028096K), 0.0296406 secs] [Times: user=0.04 sys=0.04, real=0.03 secs] 
2021-05-31T16:57:24.194+0800: 1495595.893: [GC (Allocation Failure) [PSYoungGen: 496352K->14528K(504832K)] 897521K->425356K(1029120K), 0.0363722 secs] [Times: user=0.05 sys=0.06, real=0.03 secs] 
2021-05-31T17:04:12.617+0800: 1496004.315: [GC (Allocation Failure) [PSYoungGen: 499390K->13792K(504320K)] 910218K->435215K(1028608K), 0.0352457 secs] [Times: user=0.05 sys=0.05, real=0.04 secs] 
2021-05-31T17:10:53.475+0800: 1496405.173: [GC (Allocation Failure) [PSYoungGen: 498656K->16192K(504320K)] 920079K->446323K(1028608K), 0.0908976 secs] [Times: user=0.10 sys=0.00, real=0.09 secs] 
2021-05-31T17:17:38.756+0800: 1496810.455: [GC (Allocation Failure) [PSYoungGen: 501568K->15104K(504832K)] 931699K->455431K(1029120K), 0.0287019 secs] [Times: user=0.04 sys=0.04, real=0.03 secs] 
2021-05-31T17:24:19.624+0800: 1497211.322: [GC (Allocation Failure) [PSYoungGen: 500480K->15712K(505344K)] 940807K->466346K(1029632K), 0.0331629 secs] [Times: user=0.05 sys=0.04, real=0.03 secs] 
2021-05-31T17:31:10.940+0800: 1497622.638: [GC (Allocation Failure) [PSYoungGen: 502112K->14752K(505344K)] 952746K->475005K(1029632K), 0.0347932 secs] [Times: user=0.05 sys=0.05, real=0.04 secs] 
2021-05-31T17:37:58.939+0800: 1498030.637: [GC (Allocation Failure) [PSYoungGen: 501152K->17440K(504832K)] 961405K->486666K(1029120K), 0.0550758 secs] [Times: user=0.04 sys=0.04, real=0.06 secs] 
2021-05-31T17:44:54.054+0800: 1498445.753: [GC (Allocation Failure) [PSYoungGen: 503840K->13728K(505344K)] 973066K->494452K(1029632K), 0.0559479 secs] [Times: user=0.04 sys=0.04, real=0.05 secs] 
2021-05-31T17:51:38.138+0800: 1498849.836: [GC (Allocation Failure) [PSYoungGen: 500128K->14400K(505344K)] 980852K->504127K(1029632K), 0.0301297 secs] [Times: user=0.04 sys=0.04, real=0.03 secs] 
2021-05-31T17:58:28.969+0800: 1499260.667: [GC (Allocation Failure) [PSYoungGen: 500800K->14688K(505344K)] 990527K->514212K(1029632K), 0.0298880 secs] [Times: user=0.04 sys=0.04, real=0.03 secs] 
2021-05-31T18:05:14.516+0800: 1499666.214: [GC (Allocation Failure) [PSYoungGen: 501088K->15968K(505856K)] 1000612K->526311K(1030144K), 0.0365647 secs] [Times: user=0.04 sys=0.06, real=0.04 secs] 
2021-05-31T18:12:06.172+0800: 1500077.871: [GC (Allocation Failure) [PSYoungGen: 503392K->16608K(504320K)] 1013735K->538410K(1028608K), 0.0340257 secs] [Times: user=0.04 sys=0.05, real=0.03 secs] 
2021-05-31T18:12:06.207+0800: 1500077.905: [Full GC (Ergonomics) [PSYoungGen: 16608K->0K(504320K)] [ParOldGen: 521802K->324798K(524288K)] 538410K->324798K(1028608K), [Metaspace: 96597K->96593K(1138688K)], 0.5290486 secs] [Times: user=1.15 sys=0.00, real=0.53 secs] 
2021-05-31T18:18:50.678+0800: 1500482.376: [GC (Allocation Failure) [PSYoungGen: 487424K->17344K(504320K)] 812222K->342142K(1028608K), 0.0308856 secs] [Times: user=0.07 sys=0.00, real=0.03 secs] 
2021-05-31T18:25:41.623+0800: 1500893.322: [GC (Allocation Failure) [PSYoungGen: 502720K->13632K(504832K)] 827518K->349999K(1029120K), 0.0360532 secs] [Times: user=0.05 sys=0.06, real=0.03 secs] 
2021-05-31T18:32:31.426+0800: 1501303.124: [GC (Allocation Failure) [PSYoungGen: 499008K->16416K(504320K)] 835375K->362450K(1028608K), 0.0346558 secs] [Times: user=0.04 sys=0.04, real=0.03 secs] 
2021-05-31T18:39:19.859+0800: 1501711.557: [GC (Allocation Failure) [PSYoungGen: 501792K->15456K(504832K)] 847826K->371846K(1029120K), 0.0800413 secs] [Times: user=0.05 sys=0.04, real=0.08 secs] 
2021-05-31T18:46:04.409+0800: 1502116.107: [GC (Allocation Failure) [PSYoungGen: 500832K->14880K(505856K)] 857222K->380721K(1030144K), 0.0316893 secs] [Times: user=0.04 sys=0.04, real=0.03 secs] 
2021-05-31T18:52:54.426+0800: 1502526.124: [GC (Allocation Failure) [PSYoungGen: 501792K->14048K(505344K)] 867633K->390188K(1029632K), 0.0289416 secs] [Times: user=0.04 sys=0.04, real=0.03 secs] 
2021-05-31T18:59:40.535+0800: 1502932.233: [GC (Allocation Failure) [PSYoungGen: 500960K->15264K(505856K)] 877100K->401519K(1030144K), 0.0276073 secs] [Times: user=0.04 sys=0.04, real=0.03 secs] 
2021-05-31T19:06:30.238+0800: 1503341.936: [GC (Allocation Failure) [PSYoungGen: 502688K->11872K(505856K)] 888943K->409481K(1030144K), 0.0706392 secs] [Times: user=0.05 sys=0.05, real=0.07 secs] 
2021-05-31T19:13:25.033+0800: 1503756.731: [GC (Allocation Failure) [PSYoungGen: 499296K->15456K(505856K)] 896905K->421932K(1030144K), 0.0303748 secs] [Times: user=0.03 sys=0.04, real=0.03 secs] 
2021-05-31T19:20:09.041+0800: 1504160.739: [GC (Allocation Failure) [PSYoungGen: 502880K->15402K(505856K)] 909356K->430939K(1030144K), 0.0274612 secs] [Times: user=0.04 sys=0.04, real=0.03 secs] 
2021-05-31T19:26:55.079+0800: 1504566.777: [GC (Allocation Failure) [PSYoungGen: 502825K->12384K(505856K)] 918362K->439538K(1030144K), 0.0314930 secs] [Times: user=0.08 sys=0.00, real=0.03 secs] 
2021-05-31T19:33:40.203+0800: 1504971.901: [GC (Allocation Failure) [PSYoungGen: 499808K->14368K(505856K)] 926962K->449751K(1030144K), 0.0293853 secs] [Times: user=0.04 sys=0.04, real=0.03 secs] 
2021-05-31T19:40:36.974+0800: 1505388.672: [GC (Allocation Failure) [PSYoungGen: 501792K->12160K(505344K)] 937175K->458439K(1029632K), 0.0283786 secs] [Times: user=0.04 sys=0.04, real=0.03 secs] 
2021-05-31T19:47:20.998+0800: 1505792.697: [GC (Allocation Failure) [PSYoungGen: 499584K->14272K(505856K)] 945863K->469044K(1030144K), 0.0263707 secs] [Times: user=0.04 sys=0.04, real=0.03 secs] 
2021-05-31T19:54:12.671+0800: 1506204.369: [GC (Allocation Failure) [PSYoungGen: 501696K->15808K(506368K)] 956468K->481775K(1030656K), 0.0296821 secs] [Times: user=0.04 sys=0.04, real=0.03 secs] 
2021-05-31T20:01:03.377+0800: 1506615.076: [GC (Allocation Failure) [PSYoungGen: 504256K->14592K(506368K)] 970223K->490890K(1030656K), 0.0283112 secs] [Times: user=0.04 sys=0.04, real=0.03 secs] 
2021-05-31T20:07:52.687+0800: 1507024.385: [GC (Allocation Failure) [PSYoungGen: 503040K->13664K(506880K)] 979338K->501355K(1031168K), 0.0316642 secs] [Times: user=0.04 sys=0.04, real=0.03 secs] 
2021-05-31T20:14:35.015+0800: 1507426.714: [GC (Allocation Failure) [PSYoungGen: 502624K->14304K(506368K)] 990315K->511558K(1030656K), 0.0288168 secs] [Times: user=0.03 sys=0.04, real=0.03 secs] 
2021-05-31T20:21:26.498+0800: 1507838.196: [GC (Allocation Failure) [PSYoungGen: 503264K->14016K(506880K)] 1000518K->520265K(1031168K), 0.0286646 secs] [Times: user=0.04 sys=0.04, real=0.03 secs] 
2021-05-31T20:28:13.898+0800: 1508245.596: [GC (Allocation Failure) [PSYoungGen: 503488K->12800K(506880K)] 1009737K->528138K(1031168K), 0.0387733 secs] [Times: user=0.09 sys=0.00, real=0.04 secs] 
2021-05-31T20:28:13.937+0800: 1508245.635: [Full GC (Ergonomics) [PSYoungGen: 12800K->0K(506880K)] [ParOldGen: 515338K->308260K(524288K)] 528138K->308260K(1031168K), [Metaspace: 96597K->96594K(1138688K)], 0.5190063 secs] [Times: user=1.06 sys=0.00, real=0.52 secs] 
2021-05-31T20:35:01.706+0800: 1508653.404: [GC (Allocation Failure) [PSYoungGen: 489472K->13440K(507392K)] 797732K->321700K(1031680K), 0.0230766 secs] [Times: user=0.03 sys=0.04, real=0.02 secs] 
2021-05-31T20:41:51.207+0800: 1509062.905: [GC (Allocation Failure) [PSYoungGen: 503424K->14976K(506880K)] 811684K->333694K(1031168K), 0.0321680 secs] [Times: user=0.04 sys=0.04, real=0.03 secs] 
2021-05-31T20:48:47.306+0800: 1509479.005: [GC (Allocation Failure) [PSYoungGen: 504960K->14464K(507392K)] 823678K->343856K(1031680K), 0.0266501 secs] [Times: user=0.04 sys=0.04, real=0.03 secs] 
2021-05-31T20:55:41.478+0800: 1509893.177: [GC (Allocation Failure) [PSYoungGen: 504960K->13984K(507392K)] 834352K->353994K(1031680K), 0.0301562 secs] [Times: user=0.04 sys=0.04, real=0.03 secs] 
2021-05-31T21:02:32.108+0800: 1510303.806: [GC (Allocation Failure) [PSYoungGen: 504480K->15744K(507392K)] 844490K->365390K(1031680K), 0.0315451 secs] [Times: user=0.03 sys=0.04, real=0.03 secs] 
2021-05-31T21:09:27.397+0800: 1510719.095: [GC (Allocation Failure) [PSYoungGen: 506240K->15328K(505856K)] 855886K->376280K(1030144K), 0.0318581 secs] [Times: user=0.05 sys=0.05, real=0.03 secs] 
2021-05-31T21:16:13.491+0800: 1511125.190: [GC (Allocation Failure) [PSYoungGen: 505824K->13856K(507392K)] 866776K->384923K(1031680K), 0.0265177 secs] [Times: user=0.03 sys=0.03, real=0.03 secs] 
2021-05-31T21:23:07.414+0800: 1511539.113: [GC (Allocation Failure) [PSYoungGen: 503840K->15328K(506880K)] 874907K->395702K(1031168K), 0.0362037 secs] [Times: user=0.04 sys=0.04, real=0.03 secs] 
2021-05-31T21:29:50.536+0800: 1511942.234: [GC (Allocation Failure) [PSYoungGen: 505312K->15904K(506368K)] 885686K->406649K(1030656K), 0.0285015 secs] [Times: user=0.04 sys=0.04, real=0.03 secs] 
2021-05-31T21:36:42.648+0800: 1512354.346: [GC (Allocation Failure) [PSYoungGen: 505376K->17216K(506880K)] 896121K->418517K(1031168K), 0.0386092 secs] [Times: user=0.08 sys=0.00, real=0.04 secs] 
2021-05-31T21:43:36.636+0800: 1512768.334: [GC (Allocation Failure) [PSYoungGen: 506688K->14624K(505856K)] 907989K->427871K(1030144K), 0.0287852 secs] [Times: user=0.04 sys=0.04, real=0.03 secs] 
2021-05-31T21:50:26.702+0800: 1513178.400: [GC (Allocation Failure) [PSYoungGen: 503072K->16096K(506368K)] 916319K->439187K(1030656K), 0.0348643 secs] [Times: user=0.04 sys=0.05, real=0.04 secs] 
2021-05-31T21:57:17.668+0800: 1513589.366: [GC (Allocation Failure) [PSYoungGen: 504544K->14432K(506368K)] 927635K->448341K(1030656K), 0.0623259 secs] [Times: user=0.10 sys=0.00, real=0.06 secs] 
2021-05-31T22:04:02.902+0800: 1513994.600: [GC (Allocation Failure) [PSYoungGen: 502880K->15328K(506368K)] 936789K->458881K(1030656K), 0.0997985 secs] [Times: user=0.04 sys=0.05, real=0.10 secs] 
2021-05-31T22:10:58.065+0800: 1514409.763: [GC (Allocation Failure) [PSYoungGen: 503776K->15840K(506368K)] 947329K->469971K(1030656K), 0.0625641 secs] [Times: user=0.04 sys=0.04, real=0.06 secs] 
2021-05-31T22:17:43.717+0800: 1514815.415: [GC (Allocation Failure) [PSYoungGen: 504288K->13760K(506368K)] 958419K->478740K(1030656K), 0.0282431 secs] [Times: user=0.04 sys=0.04, real=0.03 secs] 
2021-05-31T22:24:35.805+0800: 1515227.503: [GC (Allocation Failure) [PSYoungGen: 502208K->14048K(506368K)] 967188K->488718K(1030656K), 0.0270029 secs] [Times: user=0.04 sys=0.04, real=0.03 secs] 
2021-05-31T22:31:28.419+0800: 1515640.118: [GC (Allocation Failure) [PSYoungGen: 502496K->12896K(506368K)] 977166K->497728K(1030656K), 0.0252897 secs] [Times: user=0.03 sys=0.04, real=0.03 secs] 
2021-05-31T22:38:19.364+0800: 1516051.062: [GC (Allocation Failure) [PSYoungGen: 501344K->13088K(506368K)] 986176K->507850K(1030656K), 0.0346751 secs] [Times: user=0.09 sys=0.00, real=0.03 secs] 
2021-05-31T22:45:06.148+0800: 1516457.846: [GC (Allocation Failure) [PSYoungGen: 501536K->13760K(506368K)] 996298K->517774K(1030656K), 0.0290634 secs] [Times: user=0.04 sys=0.04, real=0.03 secs] 
2021-05-31T22:51:55.031+0800: 1516866.729: [GC (Allocation Failure) [PSYoungGen: 502208K->14048K(506880K)] 1006222K->527225K(1031168K), 0.0324767 secs] [Times: user=0.09 sys=0.00, real=0.04 secs] 
2021-05-31T22:51:55.064+0800: 1516866.762: [Full GC (Ergonomics) [PSYoungGen: 14048K->0K(506880K)] [ParOldGen: 513177K->319945K(524288K)] 527225K->319945K(1031168K), [Metaspace: 96597K->96597K(1138688K)], 0.5002218 secs] [Times: user=1.08 sys=0.00, real=0.50 secs] 
2021-05-31T22:58:46.819+0800: 1517278.517: [GC (Allocation Failure) [PSYoungGen: 489472K->11968K(506880K)] 809417K->331913K(1031168K), 0.0218014 secs] [Times: user=0.03 sys=0.03, real=0.02 secs] 
2021-05-31T23:05:48.910+0800: 1517700.609: [GC (Allocation Failure) [PSYoungGen: 501440K->12064K(506880K)] 821385K->341634K(1031168K), 0.0297548 secs] [Times: user=0.04 sys=0.04, real=0.03 secs] 
2021-05-31T23:12:41.814+0800: 1518113.512: [GC (Allocation Failure) [PSYoungGen: 501536K->13312K(506880K)] 831106K->351445K(1031168K), 0.0318317 secs] [Times: user=0.04 sys=0.04, real=0.03 secs] 
2021-05-31T23:19:34.092+0800: 1518525.791: [GC (Allocation Failure) [PSYoungGen: 502784K->13760K(507392K)] 840917K->360560K(1031680K), 0.0298781 secs] [Times: user=0.08 sys=0.00, real=0.03 secs] 
2021-05-31T23:26:04.245+0800: 1518915.944: [GC (Allocation Failure) [PSYoungGen: 503744K->13504K(506880K)] 850544K->369785K(1031168K), 0.0268737 secs] [Times: user=0.04 sys=0.04, real=0.03 secs] 
2021-05-31T23:32:34.472+0800: 1519306.170: [GC (Allocation Failure) [PSYoungGen: 503488K->14528K(507392K)] 859769K->379965K(1031680K), 0.0273740 secs] [Times: user=0.04 sys=0.04, real=0.03 secs] 
2021-05-31T23:39:09.152+0800: 1519700.850: [GC (Allocation Failure) [PSYoungGen: 505024K->13760K(507392K)] 870461K->390015K(1031680K), 0.0978156 secs] [Times: user=0.04 sys=0.04, real=0.10 secs] 
2021-05-31T23:45:35.262+0800: 1520086.960: [GC (Allocation Failure) [PSYoungGen: 504256K->13632K(507904K)] 880511K->400251K(1032192K), 0.0282338 secs] [Times: user=0.03 sys=0.05, real=0.03 secs] 
2021-05-31T23:52:06.333+0800: 1520478.031: [GC (Allocation Failure) [PSYoungGen: 505152K->14080K(507904K)] 891771K->410572K(1032192K), 0.0314452 secs] [Times: user=0.04 sys=0.04, real=0.03 secs] 
2021-05-31T23:58:34.405+0800: 1520866.103: [GC (Allocation Failure) [PSYoungGen: 505600K->16064K(506880K)] 902092K->421440K(1031168K), 0.0632612 secs] [Times: user=0.04 sys=0.03, real=0.06 secs] 
2021-06-01T00:04:40.773+0800: 1521232.471: [GC (Allocation Failure) [PSYoungGen: 506560K->13472K(507392K)] 911936K->429914K(1031680K), 0.0293285 secs] [Times: user=0.04 sys=0.04, real=0.03 secs] 
2021-06-01T00:11:04.774+0800: 1521616.472: [GC (Allocation Failure) [PSYoungGen: 503968K->15200K(507392K)] 920410K->441423K(1031680K), 0.0289497 secs] [Times: user=0.04 sys=0.04, real=0.03 secs] 
2021-06-01T00:17:31.681+0800: 1522003.380: [GC (Allocation Failure) [PSYoungGen: 505696K->15392K(507392K)] 931919K->452258K(1031680K), 0.0314527 secs] [Times: user=0.04 sys=0.04, real=0.04 secs] 
2021-06-01T00:24:01.998+0800: 1522393.696: [GC (Allocation Failure) [PSYoungGen: 505888K->14656K(507392K)] 942754K->460886K(1031680K), 0.0287360 secs] [Times: user=0.07 sys=0.00, real=0.03 secs] 
2021-06-01T00:30:33.738+0800: 1522785.436: [GC (Allocation Failure) [PSYoungGen: 505152K->13920K(507392K)] 951382K->471447K(1031680K), 0.0276344 secs] [Times: user=0.08 sys=0.00, real=0.03 secs] 
2021-06-01T00:37:05.061+0800: 1523176.759: [GC (Allocation Failure) [PSYoungGen: 504416K->13792K(507904K)] 961943K->481395K(1032192K), 0.0611453 secs] [Times: user=0.04 sys=0.04, real=0.07 secs] 
2021-06-01T00:43:35.222+0800: 1523566.920: [GC (Allocation Failure) [PSYoungGen: 504800K->13216K(507392K)] 972403K->490701K(1031680K), 0.0268754 secs] [Times: user=0.04 sys=0.04, real=0.03 secs] 
2021-06-01T00:50:05.858+0800: 1523957.556: [GC (Allocation Failure) [PSYoungGen: 504224K->13760K(507904K)] 981709K->501439K(1032192K), 0.0286146 secs] [Times: user=0.03 sys=0.04, real=0.03 secs] 
2021-06-01T00:56:42.592+0800: 1524354.291: [GC (Allocation Failure) [PSYoungGen: 505280K->10880K(502784K)] 992959K->508024K(1027072K), 0.0254364 secs] [Times: user=0.04 sys=0.03, real=0.02 secs] 
2021-06-01T01:03:12.034+0800: 1524743.732: [GC (Allocation Failure) [PSYoungGen: 502400K->12512K(507392K)] 999544K->517491K(1031680K), 0.0274085 secs] [Times: user=0.04 sys=0.04, real=0.02 secs] 
2021-06-01T01:09:40.541+0800: 1525132.239: [GC (Allocation Failure) [PSYoungGen: 503008K->12192K(507392K)] 1007987K->526613K(1031680K), 0.0282841 secs] [Times: user=0.04 sys=0.04, real=0.03 secs] 
2021-06-01T01:09:40.570+0800: 1525132.268: [Full GC (Ergonomics) [PSYoungGen: 12192K->0K(507392K)] [ParOldGen: 514421K->309199K(524288K)] 526613K->309199K(1031680K), [Metaspace: 96598K->96598K(1138688K)], 0.3959850 secs] [Times: user=0.93 sys=0.00, real=0.40 secs] 
2021-06-01T01:16:13.958+0800: 1525525.656: [GC (Allocation Failure) [PSYoungGen: 490496K->14080K(507904K)] 799695K->323279K(1032192K), 0.0377189 secs] [Times: user=0.04 sys=0.03, real=0.04 secs] 
2021-06-01T01:22:26.319+0800: 1525898.017: [GC (Allocation Failure) [PSYoungGen: 505088K->13898K(507392K)] 814287K->333548K(1031680K), 0.0289135 secs] [Times: user=0.08 sys=0.00, real=0.03 secs] 
2021-06-01T01:29:00.930+0800: 1526292.628: [GC (Allocation Failure) [PSYoungGen: 504906K->12992K(507904K)] 824556K->343653K(1032192K), 0.0257857 secs] [Times: user=0.04 sys=0.04, real=0.03 secs] 
2021-06-01T01:35:34.750+0800: 1526686.449: [GC (Allocation Failure) [PSYoungGen: 504512K->14656K(507904K)] 835173K->354327K(1032192K), 0.0308679 secs] [Times: user=0.04 sys=0.04, real=0.03 secs] 
2021-06-01T01:42:07.436+0800: 1527079.134: [GC (Allocation Failure) [PSYoungGen: 506176K->14720K(507904K)] 845847K->364666K(1032192K), 0.0300926 secs] [Times: user=0.05 sys=0.04, real=0.03 secs] 
2021-06-01T01:48:46.023+0800: 1527477.721: [GC (Allocation Failure) [PSYoungGen: 506240K->12160K(507904K)] 856186K->372284K(1032192K), 0.0503854 secs] [Times: user=0.04 sys=0.04, real=0.05 secs] 
2021-06-01T01:55:20.753+0800: 1527872.451: [GC (Allocation Failure) [PSYoungGen: 503680K->12128K(507904K)] 863804K->380240K(1032192K), 0.0303122 secs] [Times: user=0.04 sys=0.04, real=0.03 secs] 
2021-06-01T02:01:48.860+0800: 1528260.558: [GC (Allocation Failure) [PSYoungGen: 503648K->11648K(507904K)] 871760K->388252K(1032192K), 0.0258066 secs] [Times: user=0.03 sys=0.04, real=0.03 secs] 
2021-06-01T02:08:17.508+0800: 1528649.206: [GC (Allocation Failure) [PSYoungGen: 503168K->13216K(507904K)] 879772K->398622K(1032192K), 0.0307770 secs] [Times: user=0.04 sys=0.04, real=0.03 secs] 
2021-06-01T02:14:46.396+0800: 1529038.095: [GC (Allocation Failure) [PSYoungGen: 504736K->13056K(507904K)] 890142K->406810K(1032192K), 0.0563101 secs] [Times: user=0.04 sys=0.03, real=0.06 secs] 
2021-06-01T02:21:11.380+0800: 1529423.078: [GC (Allocation Failure) [PSYoungGen: 504576K->14080K(508416K)] 898330K->416566K(1032704K), 0.0320266 secs] [Times: user=0.08 sys=0.00, real=0.04 secs] 
2021-06-01T02:27:48.458+0800: 1529820.157: [GC (Allocation Failure) [PSYoungGen: 506624K->13376K(508416K)] 909110K->425936K(1032704K), 0.0296133 secs] [Times: user=0.04 sys=0.04, real=0.03 secs] 
2021-06-01T02:34:21.455+0800: 1530213.154: [GC (Allocation Failure) [PSYoungGen: 505920K->13888K(508416K)] 918480K->435427K(1032704K), 0.0621267 secs] [Times: user=0.08 sys=0.00, real=0.06 secs] 
2021-06-01T02:40:58.199+0800: 1530609.897: [GC (Allocation Failure) [PSYoungGen: 506432K->11840K(508416K)] 927971K->443293K(1032704K), 0.0275073 secs] [Times: user=0.04 sys=0.04, real=0.03 secs] 
2021-06-01T02:47:24.793+0800: 1530996.491: [GC (Allocation Failure) [PSYoungGen: 504384K->14272K(508416K)] 935837K->454155K(1032704K), 0.0299357 secs] [Times: user=0.08 sys=0.00, real=0.03 secs] 
2021-06-01T02:53:51.874+0800: 1531383.572: [GC (Allocation Failure) [PSYoungGen: 506816K->14816K(507392K)] 946699K->464557K(1031680K), 0.0872075 secs] [Times: user=0.04 sys=0.05, real=0.08 secs] 
2021-06-01T03:00:25.161+0800: 1531776.859: [GC (Allocation Failure) [PSYoungGen: 507360K->13568K(508416K)] 957101K->473694K(1032704K), 0.0273911 secs] [Times: user=0.03 sys=0.04, real=0.03 secs] 
2021-06-01T03:06:55.444+0800: 1532167.142: [GC (Allocation Failure) [PSYoungGen: 505600K->11584K(507904K)] 965726K->481680K(1032192K), 0.0265643 secs] [Times: user=0.04 sys=0.04, real=0.02 secs] 
2021-06-01T03:13:20.989+0800: 1532552.687: [GC (Allocation Failure) [PSYoungGen: 503616K->13568K(508416K)] 973712K->492493K(1032704K), 0.0393267 secs] [Times: user=0.04 sys=0.04, real=0.04 secs] 
2021-06-01T03:19:52.104+0800: 1532943.802: [GC (Allocation Failure) [PSYoungGen: 505600K->14112K(507904K)] 984525K->502705K(1032192K), 0.0877822 secs] [Times: user=0.05 sys=0.06, real=0.09 secs] 
2021-06-01T03:26:24.063+0800: 1533335.761: [GC (Allocation Failure) [PSYoungGen: 506144K->12512K(508416K)] 994737K->511522K(1032704K), 0.0553158 secs] [Times: user=0.17 sys=0.00, real=0.05 secs] 
2021-06-01T03:32:56.926+0800: 1533728.624: [GC (Allocation Failure) [PSYoungGen: 505051K->11328K(508416K)] 1004061K->519749K(1032704K), 0.0311520 secs] [Times: user=0.10 sys=0.00, real=0.03 secs] 
2021-06-01T03:39:26.563+0800: 1534118.261: [GC (Allocation Failure) [PSYoungGen: 503872K->13888K(508416K)] 1012293K->530584K(1032704K), 0.0315696 secs] [Times: user=0.04 sys=0.05, real=0.03 secs] 
2021-06-01T03:39:26.595+0800: 1534118.293: [Full GC (Ergonomics) [PSYoungGen: 13888K->0K(508416K)] [ParOldGen: 516696K->319691K(524288K)] 530584K->319691K(1032704K), [Metaspace: 96598K->96598K(1138688K)], 0.4661077 secs] [Times: user=1.05 sys=0.00, real=0.46 secs] 
2021-06-01T03:45:58.202+0800: 1534509.900: [GC (Allocation Failure) [PSYoungGen: 492544K->15840K(508416K)] 812235K->335803K(1032704K), 0.0277709 secs] [Times: user=0.04 sys=0.04, real=0.03 secs] 
2021-06-01T03:52:32.762+0800: 1534904.460: [GC (Allocation Failure) [PSYoungGen: 508384K->13184K(506368K)] 828347K->344524K(1030656K), 0.0336974 secs] [Times: user=0.04 sys=0.05, real=0.04 secs] 
2021-06-01T03:59:07.908+0800: 1535299.606: [GC (Allocation Failure) [PSYoungGen: 503680K->13248K(507392K)] 835020K->353543K(1031680K), 0.0361741 secs] [Times: user=0.05 sys=0.04, real=0.04 secs] 
2021-06-01T04:05:38.872+0800: 1535690.570: [GC (Allocation Failure) [PSYoungGen: 503744K->13344K(507904K)] 844039K->362603K(1032192K), 0.0293655 secs] [Times: user=0.03 sys=0.04, real=0.03 secs] 
2021-06-01T04:12:13.357+0800: 1536085.056: [GC (Allocation Failure) [PSYoungGen: 504864K->15232K(507904K)] 854123K->373608K(1032192K), 0.0685348 secs] [Times: user=0.05 sys=0.04, real=0.07 secs] 
2021-06-01T04:18:38.177+0800: 1536469.875: [GC (Allocation Failure) [PSYoungGen: 506752K->14208K(507904K)] 865128K->382348K(1032192K), 0.0364613 secs] [Times: user=0.05 sys=0.05, real=0.04 secs] 
2021-06-01T04:25:07.622+0800: 1536859.320: [GC (Allocation Failure) [PSYoungGen: 505728K->14112K(507904K)] 873868K->391640K(1032192K), 0.0376078 secs] [Times: user=0.10 sys=0.00, real=0.04 secs] 
2021-06-01T04:31:35.595+0800: 1537247.293: [GC (Allocation Failure) [PSYoungGen: 505632K->16064K(506880K)] 883160K->402331K(1031168K), 0.0314028 secs] [Times: user=0.09 sys=0.00, real=0.03 secs] 
2021-06-01T04:38:03.474+0800: 1537635.173: [GC (Allocation Failure) [PSYoungGen: 506560K->14880K(507392K)] 892827K->411493K(1031680K), 0.0425831 secs] [Times: user=0.05 sys=0.05, real=0.04 secs] 
2021-06-01T04:44:31.923+0800: 1538023.621: [GC (Allocation Failure) [PSYoungGen: 505376K->15072K(506368K)] 901989K->420970K(1030656K), 0.0305581 secs] [Times: user=0.09 sys=0.00, real=0.03 secs] 
2021-06-01T04:51:06.026+0800: 1538417.724: [GC (Allocation Failure) [PSYoungGen: 504544K->15584K(506880K)] 910442K->432374K(1031168K), 0.0306652 secs] [Times: user=0.09 sys=0.00, real=0.03 secs] 
2021-06-01T04:57:41.401+0800: 1538813.100: [GC (Allocation Failure) [PSYoungGen: 505056K->12960K(506880K)] 921846K->440777K(1031168K), 0.0329493 secs] [Times: user=0.04 sys=0.04, real=0.04 secs] 
2021-06-01T05:04:13.352+0800: 1539205.050: [GC (Allocation Failure) [PSYoungGen: 502432K->14592K(506880K)] 930249K->451603K(1031168K), 0.0303376 secs] [Times: user=0.04 sys=0.04, real=0.03 secs] 
2021-06-01T05:10:48.797+0800: 1539600.495: [GC (Allocation Failure) [PSYoungGen: 504064K->15904K(506880K)] 941075K->463431K(1031168K), 0.0407770 secs] [Times: user=0.04 sys=0.03, real=0.04 secs] 
2021-06-01T05:17:27.908+0800: 1539999.606: [GC (Allocation Failure) [PSYoungGen: 505376K->13248K(506880K)] 952903K->470506K(1031168K), 0.0250989 secs] [Times: user=0.03 sys=0.04, real=0.03 secs] 
2021-06-01T05:23:58.960+0800: 1540390.658: [GC (Allocation Failure) [PSYoungGen: 502720K->14432K(506880K)] 959978K->481165K(1031168K), 0.0272229 secs] [Times: user=0.04 sys=0.04, real=0.03 secs] 
2021-06-01T05:30:31.725+0800: 1540783.424: [GC (Allocation Failure) [PSYoungGen: 503904K->12544K(506880K)] 970637K->489847K(1031168K), 0.0255894 secs] [Times: user=0.04 sys=0.04, real=0.02 secs] 
2021-06-01T05:37:11.030+0800: 1541182.728: [GC (Allocation Failure) [PSYoungGen: 502016K->12000K(506880K)] 979319K->498066K(1031168K), 0.0309771 secs] [Times: user=0.04 sys=0.04, real=0.03 secs] 
2021-06-01T05:43:40.094+0800: 1541571.792: [GC (Allocation Failure) [PSYoungGen: 501472K->15968K(505856K)] 987538K->509535K(1030144K), 0.0277705 secs] [Times: user=0.04 sys=0.04, real=0.02 secs] 
2021-06-01T05:50:12.158+0800: 1541963.856: [GC (Allocation Failure) [PSYoungGen: 505440K->14112K(506880K)] 999007K->518650K(1031168K), 0.0265726 secs] [Times: user=0.04 sys=0.04, real=0.03 secs] 
2021-06-01T05:56:49.494+0800: 1542361.192: [GC (Allocation Failure) [PSYoungGen: 503072K->14592K(506368K)] 1007610K->529870K(1030656K), 0.0347800 secs] [Times: user=0.04 sys=0.04, real=0.03 secs] 
2021-06-01T05:56:49.529+0800: 1542361.228: [Full GC (Ergonomics) [PSYoungGen: 14592K->0K(506368K)] [ParOldGen: 515278K->312863K(524288K)] 529870K->312863K(1030656K), [Metaspace: 96598K->96598K(1138688K)], 0.4274367 secs] [Times: user=0.85 sys=0.00, real=0.43 secs] 
2021-06-01T06:03:27.555+0800: 1542759.253: [GC (Allocation Failure) [PSYoungGen: 488960K->12704K(506880K)] 801823K->325567K(1031168K), 0.0322095 secs] [Times: user=0.03 sys=0.03, real=0.03 secs] 
2021-06-01T06:10:03.623+0800: 1543155.321: [GC (Allocation Failure) [PSYoungGen: 502176K->16064K(505856K)] 815039K->338489K(1030144K), 0.0339071 secs] [Times: user=0.04 sys=0.04, real=0.03 secs] 
2021-06-01T06:16:38.277+0800: 1543549.975: [GC (Allocation Failure) [PSYoungGen: 505536K->12992K(506880K)] 827961K->344972K(1031168K), 0.0248567 secs] [Times: user=0.08 sys=0.00, real=0.02 secs] 
2021-06-01T06:23:09.891+0800: 1543941.589: [GC (Allocation Failure) [PSYoungGen: 501952K->13312K(506368K)] 833932K->354728K(1030656K), 0.0543102 secs] [Times: user=0.05 sys=0.05, real=0.06 secs] 
2021-06-01T06:29:36.935+0800: 1544328.633: [GC (Allocation Failure) [PSYoungGen: 502272K->15168K(506880K)] 843688K->366172K(1031168K), 0.0341186 secs] [Times: user=0.10 sys=0.00, real=0.03 secs] 
2021-06-01T06:36:00.900+0800: 1544712.598: [GC (Allocation Failure) [PSYoungGen: 504640K->15072K(506880K)] 855644K->376575K(1031168K), 0.0332642 secs] [Times: user=0.04 sys=0.05, real=0.04 secs] 
2021-06-01T06:42:25.370+0800: 1545097.068: [GC (Allocation Failure) [PSYoungGen: 504544K->16864K(504832K)] 866047K->389763K(1029120K), 0.0365066 secs] [Times: user=0.05 sys=0.05, real=0.04 secs] 
2021-06-01T06:48:55.360+0800: 1545487.058: [GC (Allocation Failure) [PSYoungGen: 504288K->13760K(505856K)] 877187K->397940K(1030144K), 0.0384817 secs] [Times: user=0.05 sys=0.06, real=0.04 secs] 
2021-06-01T06:55:26.507+0800: 1545878.205: [GC (Allocation Failure) [PSYoungGen: 501184K->12640K(506368K)] 885364K->405944K(1030656K), 0.0413840 secs] [Times: user=0.09 sys=0.00, real=0.04 secs] 
2021-06-01T07:01:54.410+0800: 1546266.109: [GC (Allocation Failure) [PSYoungGen: 501088K->14176K(506368K)] 894392K->416765K(1030656K), 0.0437018 secs] [Times: user=0.06 sys=0.06, real=0.05 secs] 
2021-06-01T07:08:13.429+0800: 1546645.127: [GC (Allocation Failure) [PSYoungGen: 502624K->13984K(506880K)] 905213K->426975K(1031168K), 0.0391565 secs] [Times: user=0.04 sys=0.04, real=0.04 secs] 
2021-06-01T07:14:48.019+0800: 1547039.718: [GC (Allocation Failure) [PSYoungGen: 503456K->14464K(506880K)] 916447K->436243K(1031168K), 0.0329805 secs] [Times: user=0.05 sys=0.04, real=0.04 secs] 
2021-06-01T07:21:07.574+0800: 1547419.272: [GC (Allocation Failure) [PSYoungGen: 503936K->14666K(507392K)] 925715K->445153K(1031680K), 0.0313521 secs] [Times: user=0.05 sys=0.05, real=0.03 secs] 
2021-06-01T07:27:30.683+0800: 1547802.382: [GC (Allocation Failure) [PSYoungGen: 504650K->13120K(506880K)] 935137K->455067K(1031168K), 0.0363107 secs] [Times: user=0.04 sys=0.05, real=0.03 secs] 
2021-06-01T07:34:01.096+0800: 1548192.794: [GC (Allocation Failure) [PSYoungGen: 503104K->16256K(506368K)] 945051K->467087K(1030656K), 0.0393180 secs] [Times: user=0.10 sys=0.00, real=0.04 secs] 
2021-06-01T07:40:22.802+0800: 1548574.500: [GC (Allocation Failure) [PSYoungGen: 505728K->11648K(501248K)] 956559K->474063K(1025536K), 0.0373902 secs] [Times: user=0.05 sys=0.04, real=0.04 secs] 
2021-06-01T07:46:56.046+0800: 1548967.745: [GC (Allocation Failure) [PSYoungGen: 501120K->10656K(506368K)] 963535K->481570K(1030656K), 0.1045702 secs] [Times: user=0.05 sys=0.06, real=0.10 secs] 
2021-06-01T07:53:20.767+0800: 1549352.466: [GC (Allocation Failure) [PSYoungGen: 499104K->13504K(506368K)] 970018K->491639K(1030656K), 0.0402745 secs] [Times: user=0.04 sys=0.05, real=0.04 secs] 
2021-06-01T07:59:46.144+0800: 1549737.842: [GC (Allocation Failure) [PSYoungGen: 501952K->13600K(506880K)] 980087K->501959K(1031168K), 0.0400745 secs] [Times: user=0.04 sys=0.06, real=0.04 secs] 
2021-06-01T08:06:16.213+0800: 1550127.912: [GC (Allocation Failure) [PSYoungGen: 503072K->14272K(506880K)] 991431K->511067K(1031168K), 0.0926368 secs] [Times: user=0.05 sys=0.06, real=0.09 secs] 
2021-06-01T08:12:42.744+0800: 1550514.442: [GC (Allocation Failure) [PSYoungGen: 503744K->13344K(507392K)] 1000539K->520316K(1031680K), 0.0363817 secs] [Times: user=0.04 sys=0.05, real=0.03 secs] 
2021-06-01T08:19:14.310+0800: 1550906.008: [GC (Allocation Failure) [PSYoungGen: 503840K->14272K(507392K)] 1010812K->529856K(1031680K), 0.0333581 secs] [Times: user=0.05 sys=0.05, real=0.04 secs] 
2021-06-01T08:19:14.343+0800: 1550906.042: [Full GC (Ergonomics) [PSYoungGen: 14272K->0K(507392K)] [ParOldGen: 515584K->317690K(524288K)] 529856K->317690K(1031680K), [Metaspace: 96598K->96598K(1138688K)], 0.5968679 secs] [Times: user=1.23 sys=0.00, real=0.59 secs] 
2021-06-01T08:25:44.603+0800: 1551296.301: [GC (Allocation Failure) [PSYoungGen: 490496K->13824K(507904K)] 808186K->331514K(1032192K), 0.0297366 secs] [Times: user=0.03 sys=0.05, real=0.03 secs] 
2021-06-01T08:32:15.155+0800: 1551686.853: [GC (Allocation Failure) [PSYoungGen: 504832K->13088K(507392K)] 822522K->341554K(1031680K), 0.0459414 secs] [Times: user=0.05 sys=0.05, real=0.04 secs] 
2021-06-01T08:38:51.180+0800: 1552082.878: [GC (Allocation Failure) [PSYoungGen: 504096K->14848K(507904K)] 832562K->352548K(1032192K), 0.0358961 secs] [Times: user=0.05 sys=0.05, real=0.04 secs] 
2021-06-01T08:45:20.207+0800: 1552471.906: [GC (Allocation Failure) [PSYoungGen: 506368K->15392K(507392K)] 844068K->363039K(1031680K), 0.0380045 secs] [Times: user=0.05 sys=0.05, real=0.04 secs] 
2021-06-01T08:51:50.658+0800: 1552862.356: [GC (Allocation Failure) [PSYoungGen: 506912K->12448K(507392K)] 854559K->370680K(1031680K), 0.0379127 secs] [Times: user=0.05 sys=0.04, real=0.04 secs] 
2021-06-01T08:58:26.287+0800: 1553257.986: [GC (Allocation Failure) [PSYoungGen: 502944K->12704K(507392K)] 861176K->379974K(1031680K), 0.0380980 secs] [Times: user=0.04 sys=0.05, real=0.04 secs] 
2021-06-01T09:04:54.015+0800: 1553645.713: [GC (Allocation Failure) [PSYoungGen: 503200K->14496K(507392K)] 870470K->391433K(1031680K), 0.0322716 secs] [Times: user=0.09 sys=0.00, real=0.03 secs] 
2021-06-01T09:11:27.639+0800: 1554039.337: [GC (Allocation Failure) [PSYoungGen: 504992K->16192K(506880K)] 881929K->402013K(1031168K), 0.0392559 secs] [Times: user=0.05 sys=0.06, real=0.04 secs] 
2021-06-01T09:17:32.115+0800: 1554403.814: [GC (Allocation Failure) [PSYoungGen: 506688K->12224K(506880K)] 892509K->407847K(1031168K), 0.0860693 secs] [Times: user=0.04 sys=0.03, real=0.08 secs] 
2021-06-01T09:23:27.329+0800: 1554759.027: [GC (Allocation Failure) [PSYoungGen: 501696K->10304K(500224K)] 897319K->414777K(1024512K), 0.0275843 secs] [Times: user=0.04 sys=0.04, real=0.03 secs] 
2021-06-01T09:29:13.022+0800: 1555104.720: [GC (Allocation Failure) [PSYoungGen: 499776K->14400K(506880K)] 904249K->426742K(1031168K), 0.0319574 secs] [Times: user=0.04 sys=0.04, real=0.04 secs] 
2021-06-01T09:34:52.180+0800: 1555443.878: [GC (Allocation Failure) [PSYoungGen: 503360K->12544K(506368K)] 915702K->435632K(1030656K), 0.0370981 secs] [Times: user=0.05 sys=0.05, real=0.04 secs] 
2021-06-01T09:40:14.695+0800: 1555766.394: [GC (Allocation Failure) [PSYoungGen: 501504K->13184K(507392K)] 924592K->445091K(1031680K), 0.0323133 secs] [Times: user=0.05 sys=0.05, real=0.03 secs] 
2021-06-01T09:45:19.353+0800: 1556071.051: [GC (Allocation Failure) [PSYoungGen: 503168K->7968K(498176K)] 935075K->449611K(1022464K), 0.0354405 secs] [Times: user=0.04 sys=0.05, real=0.03 secs] 
2021-06-01T09:50:43.582+0800: 1556395.280: [GC (Allocation Failure) [PSYoungGen: 497952K->3264K(504320K)] 939595K->450836K(1028608K), 0.0278842 secs] [Times: user=0.03 sys=0.03, real=0.03 secs] 
2021-06-01T09:56:11.845+0800: 1556723.543: [GC (Allocation Failure) [PSYoungGen: 489664K->3200K(489984K)] 937236K->452587K(1014272K), 0.0246755 secs] [Times: user=0.03 sys=0.03, real=0.02 secs] 
2021-06-01T10:01:37.831+0800: 1557049.529: [GC (Allocation Failure) [PSYoungGen: 489600K->6784K(504832K)] 938987K->457986K(1029120K), 0.0798483 secs] [Times: user=0.04 sys=0.04, real=0.08 secs] 
2021-06-01T10:06:59.159+0800: 1557370.857: [GC (Allocation Failure) [PSYoungGen: 492160K->7584K(504832K)] 943362K->464151K(1029120K), 0.0229088 secs] [Times: user=0.03 sys=0.04, real=0.03 secs] 
2021-06-01T10:12:19.858+0800: 1557691.556: [GC (Allocation Failure) [PSYoungGen: 492960K->9408K(505856K)] 949527K->472170K(1030144K), 0.0274193 secs] [Times: user=0.04 sys=0.04, real=0.03 secs] 
2021-06-01T10:17:42.830+0800: 1558014.528: [GC (Allocation Failure) [PSYoungGen: 495808K->6336K(504832K)] 958570K->476156K(1029120K), 0.0525020 secs] [Times: user=0.03 sys=0.03, real=0.06 secs] 
2021-06-01T10:23:02.987+0800: 1558334.685: [GC (Allocation Failure) [PSYoungGen: 492736K->9184K(506368K)] 962556K->484072K(1030656K), 0.0259422 secs] [Times: user=0.03 sys=0.04, real=0.03 secs] 
2021-06-01T10:28:30.760+0800: 1558662.459: [GC (Allocation Failure) [PSYoungGen: 497120K->3488K(505856K)] 972008K->485791K(1030144K), 0.0241072 secs] [Times: user=0.03 sys=0.03, real=0.03 secs] 
2021-06-01T10:33:59.404+0800: 1558991.103: [GC (Allocation Failure) [PSYoungGen: 491424K->5088K(506368K)] 973727K->489206K(1030656K), 0.0298487 secs] [Times: user=0.04 sys=0.04, real=0.03 secs] 
2021-06-01T10:39:26.005+0800: 1559317.703: [GC (Allocation Failure) [PSYoungGen: 493536K->4000K(506368K)] 977654K->491642K(1030656K), 0.0282569 secs] [Times: user=0.04 sys=0.04, real=0.03 secs] 
2021-06-01T10:44:45.350+0800: 1559637.048: [GC (Allocation Failure) [PSYoungGen: 492448K->7104K(507392K)] 980090K->497057K(1031680K), 0.0285271 secs] [Times: user=0.07 sys=0.00, real=0.03 secs] 
2021-06-01T10:50:03.486+0800: 1559955.184: [GC (Allocation Failure) [PSYoungGen: 496576K->5536K(506368K)] 986529K->501164K(1030656K), 0.0248959 secs] [Times: user=0.07 sys=0.00, real=0.02 secs] 
2021-06-01T10:55:02.923+0800: 1560254.621: [GC (Allocation Failure) [PSYoungGen: 495008K->16352K(494592K)] 990636K->522939K(1018880K), 0.0352555 secs] [Times: user=0.04 sys=0.05, real=0.03 secs] 
2021-06-01T10:59:53.689+0800: 1560545.387: [GC (Allocation Failure) [PSYoungGen: 494560K->21248K(499712K)] 1001147K->540266K(1024000K), 0.0377675 secs] [Times: user=0.04 sys=0.04, real=0.04 secs] 
2021-06-01T10:59:53.727+0800: 1560545.425: [Full GC (Ergonomics) [PSYoungGen: 21248K->0K(499712K)] [ParOldGen: 519018K->312311K(524288K)] 540266K->312311K(1024000K), [Metaspace: 96618K->96618K(1138688K)], 0.4442825 secs] [Times: user=1.00 sys=0.00, real=0.44 secs] 
2021-06-01T11:04:39.629+0800: 1560831.327: [GC (Allocation Failure) [PSYoungGen: 478208K->23296K(490496K)] 790519K->335607K(1014784K), 0.0279701 secs] [Times: user=0.04 sys=0.04, real=0.03 secs] 
2021-06-01T11:09:22.439+0800: 1561114.137: [GC (Allocation Failure) [PSYoungGen: 489216K->22112K(488448K)] 801527K->349593K(1012736K), 0.0338643 secs] [Times: user=0.04 sys=0.05, real=0.04 secs] 
2021-06-01T11:14:07.307+0800: 1561399.005: [GC (Allocation Failure) [PSYoungGen: 488032K->19840K(492032K)] 815513K->359591K(1016320K), 0.0325110 secs] [Times: user=0.04 sys=0.04, real=0.03 secs] 
2021-06-01T11:18:44.545+0800: 1561676.244: [GC (Allocation Failure) [PSYoungGen: 480640K->21216K(482304K)] 820391K->373565K(1006592K), 0.0346194 secs] [Times: user=0.04 sys=0.04, real=0.03 secs] 
2021-06-01T11:23:18.862+0800: 1561950.561: [GC (Allocation Failure) [PSYoungGen: 482016K->20192K(491520K)] 834365K->383522K(1015808K), 0.0377621 secs] [Times: user=0.04 sys=0.04, real=0.03 secs] 
2021-06-01T11:27:58.771+0800: 1562230.470: [GC (Allocation Failure) [PSYoungGen: 478944K->21824K(480768K)] 842274K->396624K(1005056K), 0.0330361 secs] [Times: user=0.04 sys=0.04, real=0.04 secs] 
2021-06-01T11:32:38.792+0800: 1562510.490: [GC (Allocation Failure) [PSYoungGen: 480576K->20480K(490496K)] 855376K->407525K(1014784K), 0.0360715 secs] [Times: user=0.04 sys=0.05, real=0.04 secs] 
2021-06-01T11:37:19.394+0800: 1562791.092: [GC (Allocation Failure) [PSYoungGen: 477184K->20128K(490496K)] 864229K->418051K(1014784K), 0.0330178 secs] [Times: user=0.04 sys=0.05, real=0.03 secs] 
2021-06-01T11:41:58.444+0800: 1563070.143: [GC (Allocation Failure) [PSYoungGen: 476832K->22400K(489984K)] 874755K->432234K(1014272K), 0.0382063 secs] [Times: user=0.09 sys=0.00, real=0.04 secs] 
2021-06-01T11:46:32.989+0800: 1563344.687: [GC (Allocation Failure) [PSYoungGen: 479104K->20416K(490496K)] 888938K->442272K(1014784K), 0.0348283 secs] [Times: user=0.04 sys=0.05, real=0.04 secs] 
2021-06-01T11:51:09.421+0800: 1563621.119: [GC (Allocation Failure) [PSYoungGen: 477120K->21440K(491008K)] 898976K->454573K(1015296K), 0.0335196 secs] [Times: user=0.03 sys=0.04, real=0.04 secs] 
2021-06-01T11:55:46.178+0800: 1563897.876: [GC (Allocation Failure) [PSYoungGen: 479168K->22240K(491008K)] 912301K->466235K(1015296K), 0.0352389 secs] [Times: user=0.04 sys=0.04, real=0.04 secs] 
2021-06-01T12:00:21.002+0800: 1564172.700: [GC (Allocation Failure) [PSYoungGen: 479968K->24736K(488960K)] 923963K->480842K(1013248K), 0.0428096 secs] [Times: user=0.04 sys=0.05, real=0.05 secs] 
2021-06-01T12:04:54.389+0800: 1564446.087: [GC (Allocation Failure) [PSYoungGen: 480411K->22016K(489984K)] 936518K->490513K(1014272K), 0.0484608 secs] [Times: user=0.10 sys=0.00, real=0.05 secs] 
2021-06-01T12:09:29.695+0800: 1564721.393: [GC (Allocation Failure) [PSYoungGen: 477696K->23424K(490496K)] 946193K->503543K(1014784K), 0.0561553 secs] [Times: user=0.04 sys=0.04, real=0.05 secs] 
2021-06-01T12:14:03.877+0800: 1564995.575: [GC (Allocation Failure) [PSYoungGen: 480128K->22880K(490496K)] 960247K->514503K(1014784K), 0.0426980 secs] [Times: user=0.05 sys=0.06, real=0.04 secs] 
2021-06-01T12:18:39.881+0800: 1565271.580: [GC (Allocation Failure) [PSYoungGen: 479584K->21952K(491008K)] 971207K->524069K(1015296K), 0.0568567 secs] [Times: user=0.04 sys=0.05, real=0.06 secs] 
2021-06-01T12:23:10.220+0800: 1565541.918: [GC (Allocation Failure) [PSYoungGen: 479168K->23616K(490496K)] 981285K->537659K(1014784K), 0.0565625 secs] [Times: user=0.04 sys=0.05, real=0.06 secs] 
2021-06-01T12:23:10.277+0800: 1565541.975: [Full GC (Ergonomics) [PSYoungGen: 23616K->0K(490496K)] [ParOldGen: 514043K->335683K(524288K)] 537659K->335683K(1014784K), [Metaspace: 96618K->96618K(1138688K)], 0.5326830 secs] [Times: user=1.13 sys=0.00, real=0.53 secs] 
2021-06-01T12:27:51.282+0800: 1565822.980: [GC (Allocation Failure) [PSYoungGen: 457216K->19520K(492032K)] 792899K->355203K(1016320K), 0.0343923 secs] [Times: user=0.07 sys=0.00, real=0.03 secs] 
2021-06-01T12:32:31.471+0800: 1566103.169: [GC (Allocation Failure) [PSYoungGen: 478272K->20032K(491008K)] 813955K->367778K(1015296K), 0.0310533 secs] [Times: user=0.04 sys=0.05, real=0.03 secs] 
2021-06-01T12:37:07.895+0800: 1566379.593: [GC (Allocation Failure) [PSYoungGen: 478784K->20000K(494080K)] 826530K->379504K(1018368K), 0.0323968 secs] [Times: user=0.04 sys=0.04, real=0.03 secs] 
2021-06-01T12:41:51.570+0800: 1566663.268: [GC (Allocation Failure) [PSYoungGen: 483360K->18240K(493568K)] 842864K->388597K(1017856K), 0.0405582 secs] [Times: user=0.05 sys=0.05, real=0.04 secs] 
2021-06-01T12:46:29.459+0800: 1566941.158: [GC (Allocation Failure) [PSYoungGen: 481596K->20192K(495616K)] 851954K->400355K(1019904K), 0.0353752 secs] [Times: user=0.05 sys=0.05, real=0.04 secs] 
2021-06-01T12:51:15.365+0800: 1567227.063: [GC (Allocation Failure) [PSYoungGen: 486624K->20544K(495104K)] 866787K->412912K(1019392K), 0.0324798 secs] [Times: user=0.04 sys=0.04, real=0.03 secs] 
2021-06-01T12:55:57.596+0800: 1567509.294: [GC (Allocation Failure) [PSYoungGen: 486976K->17728K(496640K)] 879344K->422174K(1020928K), 0.0371924 secs] [Times: user=0.05 sys=0.05, real=0.04 secs] 
2021-06-01T13:00:45.622+0800: 1567797.320: [GC (Allocation Failure) [PSYoungGen: 486720K->20800K(496640K)] 891166K->435860K(1020928K), 0.0844192 secs] [Times: user=0.06 sys=0.06, real=0.09 secs] 
2021-06-01T13:05:34.714+0800: 1568086.412: [GC (Allocation Failure) [PSYoungGen: 489792K->20704K(497664K)] 904852K->447569K(1021952K), 0.0370559 secs] [Times: user=0.04 sys=0.04, real=0.03 secs] 
2021-06-01T13:10:20.341+0800: 1568372.039: [GC (Allocation Failure) [PSYoungGen: 491232K->22208K(497152K)] 918097K->459607K(1021440K), 0.0452611 secs] [Times: user=0.04 sys=0.05, real=0.05 secs] 
2021-06-01T13:15:07.626+0800: 1568659.325: [GC (Allocation Failure) [PSYoungGen: 492736K->21088K(497664K)] 930135K->472061K(1021952K), 0.0491176 secs] [Times: user=0.05 sys=0.05, real=0.05 secs] 
2021-06-01T13:19:46.066+0800: 1568937.764: [GC (Allocation Failure) [PSYoungGen: 492128K->18154K(497664K)] 943101K->481284K(1021952K), 0.1094931 secs] [Times: user=0.11 sys=0.10, real=0.11 secs] 
2021-06-01T13:24:35.549+0800: 1569227.248: [GC (Allocation Failure) [PSYoungGen: 489194K->21184K(498176K)] 952324K->494762K(1022464K), 0.0500455 secs] [Times: user=0.05 sys=0.06, real=0.05 secs] 
2021-06-01T13:29:21.059+0800: 1569512.758: [GC (Allocation Failure) [PSYoungGen: 493248K->21856K(498176K)] 966826K->507704K(1022464K), 0.0858189 secs] [Times: user=0.11 sys=0.12, real=0.09 secs] 
2021-06-01T13:34:06.393+0800: 1569798.091: [GC (Allocation Failure) [PSYoungGen: 493920K->21664K(498176K)] 979768K->518527K(1022464K), 0.0762441 secs] [Times: user=0.05 sys=0.06, real=0.07 secs] 
2021-06-01T13:38:51.199+0800: 1570082.898: [GC (Allocation Failure) [PSYoungGen: 493728K->21440K(498176K)] 990591K->531189K(1022464K), 0.0490328 secs] [Times: user=0.05 sys=0.06, real=0.05 secs] 
2021-06-01T13:38:51.249+0800: 1570082.947: [Full GC (Ergonomics) [PSYoungGen: 21440K->0K(498176K)] [ParOldGen: 509749K->312030K(524288K)] 531189K->312030K(1022464K), [Metaspace: 96619K->96619K(1138688K)], 0.5550791 secs] [Times: user=1.18 sys=0.00, real=0.56 secs] 
2021-06-01T13:43:35.669+0800: 1570367.367: [GC (Allocation Failure) [PSYoungGen: 472064K->23232K(497664K)] 784094K->335262K(1021952K), 0.0381397 secs] [Times: user=0.04 sys=0.04, real=0.04 secs] 
2021-06-01T13:48:23.862+0800: 1570655.560: [GC (Allocation Failure) [PSYoungGen: 495296K->22304K(498176K)] 807326K->347124K(1022464K), 0.0447794 secs] [Times: user=0.05 sys=0.05, real=0.05 secs] 
2021-06-01T13:53:15.212+0800: 1570946.910: [GC (Allocation Failure) [PSYoungGen: 494368K->23456K(497152K)] 819188K->360458K(1021440K), 0.0361796 secs] [Times: user=0.04 sys=0.04, real=0.04 secs] 
2021-06-01T13:57:55.733+0800: 1571227.432: [GC (Allocation Failure) [PSYoungGen: 494496K->22208K(497664K)] 831498K->370961K(1021952K), 0.0339660 secs] [Times: user=0.04 sys=0.04, real=0.03 secs] 
2021-06-01T14:02:42.631+0800: 1571514.330: [GC (Allocation Failure) [PSYoungGen: 493248K->22144K(498176K)] 842001K->382592K(1022464K), 0.0408634 secs] [Times: user=0.04 sys=0.05, real=0.05 secs] 
2021-06-01T14:07:31.757+0800: 1571803.456: [GC (Allocation Failure) [PSYoungGen: 493693K->22816K(497664K)] 854142K->394774K(1021952K), 0.0345145 secs] [Times: user=0.05 sys=0.04, real=0.04 secs] 
2021-06-01T14:12:17.980+0800: 1572089.678: [GC (Allocation Failure) [PSYoungGen: 494368K->20736K(498176K)] 866326K->405276K(1022464K), 0.0452480 secs] [Times: user=0.04 sys=0.05, real=0.05 secs] 
2021-06-01T14:17:06.493+0800: 1572378.192: [GC (Allocation Failure) [PSYoungGen: 492800K->19936K(498176K)] 877340K->417185K(1022464K), 0.0308390 secs] [Times: user=0.04 sys=0.04, real=0.03 secs] 
2021-06-01T14:21:53.669+0800: 1572665.367: [GC (Allocation Failure) [PSYoungGen: 492000K->23104K(498176K)] 889249K->431415K(1022464K), 0.0388690 secs] [Times: user=0.04 sys=0.04, real=0.04 secs] 
2021-06-01T14:26:37.463+0800: 1572949.161: [GC (Allocation Failure) [PSYoungGen: 495168K->23392K(495616K)] 903479K->444397K(1019904K), 0.0440693 secs] [Times: user=0.05 sys=0.05, real=0.04 secs] 
2021-06-01T14:31:20.670+0800: 1573232.368: [GC (Allocation Failure) [PSYoungGen: 495456K->23200K(497664K)] 916461K->455947K(1021952K), 0.0477663 secs] [Times: user=0.05 sys=0.06, real=0.05 secs] 
2021-06-01T14:36:08.699+0800: 1573520.397: [GC (Allocation Failure) [PSYoungGen: 494240K->22848K(497664K)] 926987K->468969K(1021952K), 0.0357667 secs] [Times: user=0.04 sys=0.05, real=0.04 secs] 
2021-06-01T14:40:52.587+0800: 1573804.285: [GC (Allocation Failure) [PSYoungGen: 493888K->21984K(498176K)] 940009K->480983K(1022464K), 0.0383275 secs] [Times: user=0.05 sys=0.05, real=0.04 secs] 
2021-06-01T14:45:37.046+0800: 1574088.745: [GC (Allocation Failure) [PSYoungGen: 493536K->21632K(497664K)] 952535K->491973K(1021952K), 0.0569083 secs] [Times: user=0.15 sys=0.00, real=0.06 secs] 
2021-06-01T14:50:20.231+0800: 1574371.930: [GC (Allocation Failure) [PSYoungGen: 493184K->24384K(497664K)] 963525K->507556K(1021952K), 0.0404696 secs] [Times: user=0.05 sys=0.04, real=0.04 secs] 
2021-06-01T14:55:02.213+0800: 1574653.911: [GC (Allocation Failure) [PSYoungGen: 496448K->22656K(498176K)] 979620K->517963K(1022464K), 0.0416401 secs] [Times: user=0.05 sys=0.05, real=0.04 secs] 
2021-06-01T14:59:48.007+0800: 1574939.705: [GC (Allocation Failure) [PSYoungGen: 494716K->24480K(497152K)] 990024K->532618K(1021440K), 0.0429896 secs] [Times: user=0.04 sys=0.05, real=0.04 secs] 
2021-06-01T15:04:33.113+0800: 1575224.811: [GC (Allocation Failure) [PSYoungGen: 495520K->21920K(497664K)] 1003658K->542441K(1021952K), 0.0351216 secs] [Times: user=0.04 sys=0.05, real=0.03 secs] 
2021-06-01T15:04:33.148+0800: 1575224.847: [Full GC (Ergonomics) [PSYoungGen: 21920K->0K(497664K)] [ParOldGen: 520521K->338848K(524288K)] 542441K->338848K(1021952K), [Metaspace: 96619K->96619K(1138688K)], 0.5625027 secs] [Times: user=1.13 sys=0.00, real=0.56 secs] 
2021-06-01T15:09:22.585+0800: 1575514.283: [GC (Allocation Failure) [PSYoungGen: 471040K->20160K(498176K)] 809888K->359008K(1022464K), 0.1114652 secs] [Times: user=0.04 sys=0.04, real=0.11 secs] 
2021-06-01T15:14:08.270+0800: 1575799.968: [GC (Allocation Failure) [PSYoungGen: 492224K->23744K(496128K)] 831072K->376685K(1020416K), 0.0428071 secs] [Times: user=0.05 sys=0.05, real=0.05 secs] 
2021-06-01T15:18:53.578+0800: 1576085.276: [GC (Allocation Failure) [PSYoungGen: 495808K->23520K(497664K)] 848749K->388300K(1021952K), 0.0444088 secs] [Times: user=0.05 sys=0.05, real=0.05 secs] 
2021-06-01T15:23:41.589+0800: 1576373.287: [GC (Allocation Failure) [PSYoungGen: 494560K->21536K(497664K)] 859340K->399530K(1021952K), 0.0497701 secs] [Times: user=0.05 sys=0.05, real=0.05 secs] 
2021-06-01T15:28:27.910+0800: 1576659.608: [GC (Allocation Failure) [PSYoungGen: 492576K->21376K(498176K)] 870570K->412095K(1022464K), 0.0482028 secs] [Times: user=0.05 sys=0.06, real=0.05 secs] 
2021-06-01T15:33:17.364+0800: 1576949.062: [GC (Allocation Failure) [PSYoungGen: 493440K->17696K(489984K)] 884159K->419780K(1014272K), 0.0425072 secs] [Times: user=0.05 sys=0.05, real=0.04 secs] 
2021-06-01T15:38:06.235+0800: 1577237.933: [GC (Allocation Failure) [PSYoungGen: 489760K->23488K(497664K)] 891844K->435482K(1021952K), 0.0453476 secs] [Times: user=0.05 sys=0.06, real=0.04 secs] 
2021-06-01T15:42:50.896+0800: 1577522.595: [GC (Allocation Failure) [PSYoungGen: 494528K->21376K(497664K)] 906522K->444704K(1021952K), 0.0383902 secs] [Times: user=0.05 sys=0.05, real=0.04 secs] 
2021-06-01T15:47:41.272+0800: 1577812.970: [GC (Allocation Failure) [PSYoungGen: 492416K->18880K(497152K)] 915744K->454549K(1021440K), 0.0313901 secs] [Times: user=0.04 sys=0.04, real=0.04 secs] 
2021-06-01T15:52:27.836+0800: 1578099.534: [GC (Allocation Failure) [PSYoungGen: 489920K->20384K(497664K)] 925589K->468019K(1021952K), 0.0416753 secs] [Times: user=0.05 sys=0.05, real=0.04 secs] 
2021-06-01T15:57:14.219+0800: 1578385.917: [GC (Allocation Failure) [PSYoungGen: 491424K->22400K(498176K)] 939059K->480009K(1022464K), 0.0366434 secs] [Times: user=0.05 sys=0.05, real=0.04 secs] 
2021-06-01T16:02:04.890+0800: 1578676.588: [GC (Allocation Failure) [PSYoungGen: 494464K->20416K(498176K)] 952073K->491159K(1022464K), 0.0330401 secs] [Times: user=0.05 sys=0.05, real=0.04 secs] 
2021-06-01T16:06:52.995+0800: 1578964.693: [GC (Allocation Failure) [PSYoungGen: 492480K->21376K(498688K)] 963223K->502757K(1022976K), 0.0345774 secs] [Times: user=0.03 sys=0.05, real=0.03 secs] 
2021-06-01T16:11:38.312+0800: 1579250.010: [GC (Allocation Failure) [PSYoungGen: 494464K->21408K(498688K)] 975845K->514954K(1022976K), 0.0384993 secs] [Times: user=0.04 sys=0.05, real=0.04 secs] 
2021-06-01T16:16:27.846+0800: 1579539.544: [GC (Allocation Failure) [PSYoungGen: 494496K->22048K(499200K)] 988042K->526832K(1023488K), 0.0353094 secs] [Times: user=0.04 sys=0.05, real=0.03 secs] 
2021-06-01T16:21:16.237+0800: 1579827.935: [GC (Allocation Failure) [PSYoungGen: 496160K->22880K(499200K)] 1000944K->539535K(1023488K), 0.0377939 secs] [Times: user=0.09 sys=0.00, real=0.04 secs] 
2021-06-01T16:21:16.276+0800: 1579827.974: [Full GC (Ergonomics) [PSYoungGen: 22880K->0K(499200K)] [ParOldGen: 516655K->316395K(524288K)] 539535K->316395K(1023488K), [Metaspace: 96619K->96619K(1138688K)], 0.4599842 secs] [Times: user=1.00 sys=0.00, real=0.46 secs] 
2021-06-01T16:26:03.169+0800: 1580114.868: [GC (Allocation Failure) [PSYoungGen: 474112K->22176K(499200K)] 790507K->338571K(1023488K), 0.0329392 secs] [Times: user=0.03 sys=0.04, real=0.04 secs] 
2021-06-01T16:30:44.882+0800: 1580396.580: [GC (Allocation Failure) [PSYoungGen: 496288K->23392K(497664K)] 812683K->351480K(1021952K), 0.0413591 secs] [Times: user=0.05 sys=0.04, real=0.04 secs] 
2021-06-01T16:35:28.177+0800: 1580679.875: [GC (Allocation Failure) [PSYoungGen: 497504K->21408K(499200K)] 825592K->360999K(1023488K), 0.0382424 secs] [Times: user=0.05 sys=0.05, real=0.04 secs] 
2021-06-01T16:40:15.711+0800: 1580967.409: [GC (Allocation Failure) [PSYoungGen: 495008K->20096K(498688K)] 834599K->371955K(1022976K), 0.0406733 secs] [Times: user=0.05 sys=0.05, real=0.04 secs] 
2021-06-01T16:45:01.843+0800: 1581253.541: [GC (Allocation Failure) [PSYoungGen: 493696K->23616K(498176K)] 845555K->386786K(1022464K), 0.0549008 secs] [Times: user=0.06 sys=0.06, real=0.05 secs] 
2021-06-01T16:49:47.226+0800: 1581538.924: [GC (Allocation Failure) [PSYoungGen: 496704K->17120K(490496K)] 859874K->393495K(1014784K), 0.0403574 secs] [Times: user=0.05 sys=0.05, real=0.04 secs] 
2021-06-01T16:54:35.124+0800: 1581826.822: [GC (Allocation Failure) [PSYoungGen: 490208K->22432K(498176K)] 866583K->409637K(1022464K), 0.0926949 secs] [Times: user=0.10 sys=0.00, real=0.09 secs] 
2021-06-01T16:59:28.012+0800: 1582119.710: [GC (Allocation Failure) [PSYoungGen: 494496K->22368K(498176K)] 881701K->421459K(1022464K), 0.0415228 secs] [Times: user=0.05 sys=0.05, real=0.05 secs] 
2021-06-01T17:04:14.252+0800: 1582405.950: [GC (Allocation Failure) [PSYoungGen: 494432K->21792K(498688K)] 893523K->433897K(1022976K), 0.0388015 secs] [Times: user=0.05 sys=0.05, real=0.03 secs] 
2021-06-01T17:09:03.813+0800: 1582695.511: [GC (Allocation Failure) [PSYoungGen: 494880K->20352K(498688K)] 906985K->445024K(1022976K), 0.0476501 secs] [Times: user=0.10 sys=0.00, real=0.04 secs] 
2021-06-01T17:13:50.486+0800: 1582982.184: [GC (Allocation Failure) [PSYoungGen: 493440K->23456K(498688K)] 918112K->458351K(1022976K), 0.0999128 secs] [Times: user=0.05 sys=0.05, real=0.10 secs] 
2021-06-01T17:18:37.169+0800: 1583268.867: [GC (Allocation Failure) [PSYoungGen: 496544K->21952K(498688K)] 931439K->469669K(1022976K), 0.0428911 secs] [Times: user=0.05 sys=0.04, real=0.05 secs] 
2021-06-01T17:23:24.026+0800: 1583555.724: [GC (Allocation Failure) [PSYoungGen: 495040K->22752K(498688K)] 942757K->481828K(1022976K), 0.0412301 secs] [Times: user=0.05 sys=0.05, real=0.04 secs] 
2021-06-01T17:28:04.731+0800: 1583836.429: [GC (Allocation Failure) [PSYoungGen: 495840K->23328K(498688K)] 954916K->494610K(1022976K), 0.0432891 secs] [Times: user=0.05 sys=0.06, real=0.05 secs] 
2021-06-01T17:32:54.798+0800: 1584126.496: [GC (Allocation Failure) [PSYoungGen: 496416K->20704K(498688K)] 967698K->504655K(1022976K), 0.0429965 secs] [Times: user=0.05 sys=0.05, real=0.04 secs] 
2021-06-01T17:37:41.605+0800: 1584413.304: [GC (Allocation Failure) [PSYoungGen: 493792K->21792K(498688K)] 977743K->517356K(1022976K), 0.0524074 secs] [Times: user=0.05 sys=0.06, real=0.05 secs] 
2021-06-01T17:42:26.390+0800: 1584698.088: [GC (Allocation Failure) [PSYoungGen: 494880K->22400K(499200K)] 990444K->529066K(1023488K), 0.0448134 secs] [Times: user=0.05 sys=0.06, real=0.05 secs] 
2021-06-01T17:47:14.401+0800: 1584986.099: [GC (Allocation Failure) [PSYoungGen: 496512K->20416K(499200K)] 1003178K->539383K(1023488K), 0.0430618 secs] [Times: user=0.12 sys=0.00, real=0.05 secs] 
2021-06-01T17:47:14.444+0800: 1584986.143: [Full GC (Ergonomics) [PSYoungGen: 20416K->0K(499200K)] [ParOldGen: 518967K->332551K(524288K)] 539383K->332551K(1023488K), [Metaspace: 96619K->96619K(1138688K)], 0.6141286 secs] [Times: user=1.28 sys=0.00, real=0.61 secs] 
2021-06-01T17:52:01.371+0800: 1585273.069: [GC (Allocation Failure) [PSYoungGen: 474112K->23264K(499200K)] 806663K->355815K(1023488K), 0.0348771 secs] [Times: user=0.05 sys=0.04, real=0.04 secs] 
2021-06-01T17:56:49.318+0800: 1585561.016: [GC (Allocation Failure) [PSYoungGen: 497376K->22208K(499200K)] 829927K->367899K(1023488K), 0.0399498 secs] [Times: user=0.05 sys=0.05, real=0.04 secs] 
2021-06-01T18:01:34.331+0800: 1585846.029: [GC (Allocation Failure) [PSYoungGen: 496320K->18976K(499200K)] 842011K->376449K(1023488K), 0.0348643 secs] [Times: user=0.04 sys=0.04, real=0.04 secs] 
2021-06-01T18:06:19.483+0800: 1586131.182: [GC (Allocation Failure) [PSYoungGen: 493088K->20768K(499200K)] 850561K->389806K(1023488K), 0.0494360 secs] [Times: user=0.05 sys=0.05, real=0.05 secs] 
2021-06-01T18:11:01.611+0800: 1586413.309: [GC (Allocation Failure) [PSYoungGen: 494880K->24064K(498176K)] 863918K->405102K(1022464K), 0.0790783 secs] [Times: user=0.06 sys=0.06, real=0.08 secs] 
2021-06-01T18:15:44.458+0800: 1586696.157: [GC (Allocation Failure) [PSYoungGen: 497152K->22368K(498688K)] 878190K->415333K(1022976K), 0.0391506 secs] [Times: user=0.04 sys=0.05, real=0.04 secs] 
2021-06-01T18:20:37.672+0800: 1586989.370: [GC (Allocation Failure) [PSYoungGen: 495456K->21856K(499200K)] 888421K->427897K(1023488K), 0.0462919 secs] [Times: user=0.05 sys=0.05, real=0.05 secs] 
2021-06-01T18:25:21.013+0800: 1587272.711: [GC (Allocation Failure) [PSYoungGen: 495456K->20672K(498688K)] 901497K->437870K(1022976K), 0.0547754 secs] [Times: user=0.04 sys=0.05, real=0.05 secs] 
2021-06-01T18:30:07.278+0800: 1587558.976: [GC (Allocation Failure) [PSYoungGen: 494272K->23744K(498176K)] 911470K->452795K(1022464K), 0.0417998 secs] [Times: user=0.05 sys=0.05, real=0.04 secs] 
2021-06-01T18:34:49.664+0800: 1587841.362: [GC (Allocation Failure) [PSYoungGen: 496832K->22784K(498688K)] 925883K->463801K(1022976K), 0.0397824 secs] [Times: user=0.04 sys=0.04, real=0.04 secs] 
2021-06-01T18:39:41.638+0800: 1588133.337: [GC (Allocation Failure) [PSYoungGen: 495872K->18112K(497664K)] 936889K->470941K(1021952K), 0.0405048 secs] [Times: user=0.05 sys=0.05, real=0.04 secs] 
2021-06-01T18:44:29.571+0800: 1588421.269: [GC (Allocation Failure) [PSYoungGen: 490176K->19840K(498176K)] 943005K->484522K(1022464K), 0.0434710 secs] [Times: user=0.06 sys=0.05, real=0.05 secs] 
2021-06-01T18:49:15.630+0800: 1588707.328: [GC (Allocation Failure) [PSYoungGen: 491904K->20512K(498688K)] 956586K->497519K(1022976K), 0.0371831 secs] [Times: user=0.05 sys=0.05, real=0.04 secs] 
2021-06-01T18:54:02.312+0800: 1588994.010: [GC (Allocation Failure) [PSYoungGen: 493600K->21152K(498688K)] 970607K->509622K(1022976K), 0.0580713 secs] [Times: user=0.04 sys=0.05, real=0.05 secs] 
2021-06-01T18:58:51.497+0800: 1589283.196: [GC (Allocation Failure) [PSYoungGen: 494240K->22976K(498176K)] 982710K->523707K(1022464K), 0.0774381 secs] [Times: user=0.05 sys=0.05, real=0.08 secs] 
2021-06-01T19:03:40.017+0800: 1589571.715: [GC (Allocation Failure) [PSYoungGen: 496064K->21728K(498688K)] 996795K->534568K(1022976K), 0.0401280 secs] [Times: user=0.05 sys=0.05, real=0.04 secs] 
2021-06-01T19:03:40.057+0800: 1589571.756: [Full GC (Ergonomics) [PSYoungGen: 21728K->0K(498688K)] [ParOldGen: 512840K->317674K(524288K)] 534568K->317674K(1022976K), [Metaspace: 96619K->96619K(1138688K)], 0.4223804 secs] [Times: user=0.95 sys=0.00, real=0.42 secs] 
2021-06-01T19:08:28.866+0800: 1589860.564: [GC (Allocation Failure) [PSYoungGen: 473088K->20896K(499200K)] 790762K->338570K(1023488K), 0.0517278 secs] [Times: user=0.05 sys=0.05, real=0.05 secs] 
2021-06-01T19:13:11.015+0800: 1590142.713: [GC (Allocation Failure) [PSYoungGen: 495008K->22208K(499200K)] 812682K->352320K(1023488K), 0.0359339 secs] [Times: user=0.05 sys=0.04, real=0.03 secs] 
2021-06-01T19:17:55.786+0800: 1590427.485: [GC (Allocation Failure) [PSYoungGen: 496320K->21802K(499712K)] 826432K->364478K(1024000K), 0.0373435 secs] [Times: user=0.05 sys=0.05, real=0.04 secs] 
2021-06-01T19:22:47.839+0800: 1590719.537: [GC (Allocation Failure) [PSYoungGen: 496426K->19200K(499200K)] 839102K->373723K(1023488K), 0.0695658 secs] [Times: user=0.05 sys=0.04, real=0.07 secs] 
2021-06-01T19:27:31.492+0800: 1591003.190: [GC (Allocation Failure) [PSYoungGen: 493824K->22944K(498688K)] 848347K->388561K(1022976K), 0.0468272 secs] [Times: user=0.05 sys=0.06, real=0.05 secs] 
2021-06-01T19:32:20.413+0800: 1591292.111: [GC (Allocation Failure) [PSYoungGen: 497056K->23872K(498176K)] 862673K->401199K(1022464K), 0.0410524 secs] [Times: user=0.05 sys=0.05, real=0.04 secs] 
2021-06-01T19:37:13.073+0800: 1591584.772: [GC (Allocation Failure) [PSYoungGen: 497984K->22912K(498688K)] 875311K->412902K(1022976K), 0.0744671 secs] [Times: user=0.05 sys=0.05, real=0.07 secs] 
2021-06-01T19:41:58.088+0800: 1591869.786: [GC (Allocation Failure) [PSYoungGen: 495993K->23296K(496640K)] 885983K->426596K(1020928K), 0.0426638 secs] [Times: user=0.05 sys=0.06, real=0.04 secs] 
2021-06-01T19:46:48.321+0800: 1592160.019: [GC (Allocation Failure) [PSYoungGen: 496384K->18208K(498176K)] 899684K->433169K(1022464K), 0.0379102 secs] [Times: user=0.05 sys=0.05, real=0.04 secs] 
2021-06-01T19:51:36.283+0800: 1592447.981: [GC (Allocation Failure) [PSYoungGen: 490272K->21728K(498176K)] 905233K->447983K(1022464K), 0.0436465 secs] [Times: user=0.05 sys=0.05, real=0.04 secs] 
2021-06-01T19:56:20.642+0800: 1592732.340: [GC (Allocation Failure) [PSYoungGen: 493792K->18816K(498688K)] 920047K->458284K(1022976K), 0.0780973 secs] [Times: user=0.04 sys=0.05, real=0.08 secs] 
2021-06-01T20:01:09.603+0800: 1593021.302: [GC (Allocation Failure) [PSYoungGen: 491904K->19776K(498688K)] 931372K->470121K(1022976K), 0.0396207 secs] [Times: user=0.05 sys=0.05, real=0.04 secs] 
2021-06-01T20:05:54.643+0800: 1593306.341: [GC (Allocation Failure) [PSYoungGen: 492864K->24448K(496640K)] 943209K->486591K(1020928K), 0.0466433 secs] [Times: user=0.04 sys=0.05, real=0.04 secs] 
2021-06-01T20:10:45.054+0800: 1593596.752: [GC (Allocation Failure) [PSYoungGen: 495488K->23360K(497664K)] 957631K->497581K(1021952K), 0.0388397 secs] [Times: user=0.04 sys=0.05, real=0.04 secs] 
2021-06-01T20:15:27.157+0800: 1593878.855: [GC (Allocation Failure) [PSYoungGen: 494400K->21024K(498176K)] 968621K->508602K(1022464K), 0.0467431 secs] [Times: user=0.05 sys=0.05, real=0.05 secs] 
2021-06-01T20:20:15.992+0800: 1594167.690: [GC (Allocation Failure) [PSYoungGen: 492576K->19872K(497664K)] 980154K->519887K(1021952K), 0.0386682 secs] [Times: user=0.04 sys=0.05, real=0.03 secs] 
2021-06-01T20:25:05.041+0800: 1594456.739: [GC (Allocation Failure) [PSYoungGen: 491424K->22432K(498176K)] 991439K->533070K(1022464K), 0.0448091 secs] [Times: user=0.06 sys=0.05, real=0.05 secs] 
2021-06-01T20:25:05.086+0800: 1594456.785: [Full GC (Ergonomics) [PSYoungGen: 22432K->0K(498176K)] [ParOldGen: 510638K->328334K(524288K)] 533070K->328334K(1022464K), [Metaspace: 96619K->96619K(1138688K)], 0.5431980 secs] [Times: user=1.18 sys=0.00, real=0.54 secs] 
2021-06-01T20:29:49.827+0800: 1594741.525: [GC (Allocation Failure) [PSYoungGen: 472064K->23072K(498176K)] 800398K->351406K(1022464K), 0.0442040 secs] [Times: user=0.04 sys=0.04, real=0.04 secs] 
2021-06-01T20:34:37.046+0800: 1595028.745: [GC (Allocation Failure) [PSYoungGen: 495136K->25024K(496128K)] 823470K->366596K(1020416K), 0.0485822 secs] [Times: user=0.06 sys=0.07, real=0.05 secs] 
2021-06-01T20:39:22.421+0800: 1595314.119: [GC (Allocation Failure) [PSYoungGen: 495040K->23168K(497152K)] 836612K->377618K(1021440K), 0.0376090 secs] [Times: user=0.04 sys=0.04, real=0.04 secs] 
2021-06-01T20:44:08.358+0800: 1595600.057: [GC (Allocation Failure) [PSYoungGen: 493184K->22944K(497664K)] 847634K->388689K(1021952K), 0.0350338 secs] [Times: user=0.05 sys=0.05, real=0.04 secs] 
2021-06-01T20:48:56.318+0800: 1595888.016: [GC (Allocation Failure) [PSYoungGen: 493472K->20096K(497152K)] 859217K->399400K(1021440K), 0.0537439 secs] [Times: user=0.04 sys=0.05, real=0.05 secs] 
2021-06-01T20:53:39.089+0800: 1596170.787: [GC (Allocation Failure) [PSYoungGen: 490624K->20064K(497664K)] 869928K->412564K(1021952K), 0.0395080 secs] [Times: user=0.05 sys=0.05, real=0.04 secs] 
2021-06-01T20:58:24.074+0800: 1596455.773: [GC (Allocation Failure) [PSYoungGen: 491104K->20384K(497664K)] 883604K->423954K(1021952K), 0.0363505 secs] [Times: user=0.10 sys=0.00, real=0.03 secs] 
2021-06-01T21:03:08.636+0800: 1596740.335: [GC (Allocation Failure) [PSYoungGen: 491424K->20000K(498176K)] 894994K->435415K(1022464K), 0.0305863 secs] [Times: user=0.04 sys=0.04, real=0.03 secs] 
2021-06-01T21:07:54.584+0800: 1597026.282: [GC (Allocation Failure) [PSYoungGen: 491552K->20512K(497664K)] 906967K->447252K(1021952K), 0.0791965 secs] [Times: user=0.05 sys=0.05, real=0.08 secs] 
2021-06-01T21:12:38.807+0800: 1597310.506: [GC (Allocation Failure) [PSYoungGen: 492064K->21376K(498688K)] 918804K->459610K(1022976K), 0.0348060 secs] [Times: user=0.04 sys=0.04, real=0.04 secs] 
2021-06-01T21:17:24.731+0800: 1597596.430: [GC (Allocation Failure) [PSYoungGen: 493952K->23840K(498176K)] 932186K->473176K(1022464K), 0.0685685 secs] [Times: user=0.05 sys=0.05, real=0.07 secs] 
2021-06-01T21:22:09.916+0800: 1597881.614: [GC (Allocation Failure) [PSYoungGen: 496416K->23264K(498176K)] 945752K->485612K(1022464K), 0.0980693 secs] [Times: user=0.06 sys=0.06, real=0.10 secs] 
2021-06-01T21:26:55.774+0800: 1598167.472: [GC (Allocation Failure) [PSYoungGen: 495328K->23936K(496128K)] 957676K->497099K(1020416K), 0.0531981 secs] [Times: user=0.07 sys=0.06, real=0.05 secs] 
2021-06-01T21:31:43.270+0800: 1598454.968: [GC (Allocation Failure) [PSYoungGen: 496000K->20160K(497664K)] 969163K->506688K(1021952K), 0.0411898 secs] [Times: user=0.05 sys=0.06, real=0.04 secs] 
2021-06-01T21:36:29.646+0800: 1598741.344: [GC (Allocation Failure) [PSYoungGen: 491200K->20800K(497664K)] 977728K->518485K(1021952K), 0.0339275 secs] [Times: user=0.04 sys=0.04, real=0.03 secs] 
2021-06-01T21:41:16.781+0800: 1599028.480: [GC (Allocation Failure) [PSYoungGen: 491840K->20608K(498176K)] 989525K->531443K(1022464K), 0.0373683 secs] [Times: user=0.04 sys=0.05, real=0.04 secs] 
2021-06-01T21:41:16.819+0800: 1599028.518: [Full GC (Ergonomics) [PSYoungGen: 20608K->0K(498176K)] [ParOldGen: 510835K->316684K(524288K)] 531443K->316684K(1022464K), [Metaspace: 96619K->96619K(1138688K)], 0.4468857 secs] [Times: user=0.99 sys=0.00, real=0.45 secs] 
2021-06-01T21:46:05.301+0800: 1599316.999: [GC (Allocation Failure) [PSYoungGen: 472064K->19584K(498176K)] 788748K->336268K(1022464K), 0.0769786 secs] [Times: user=0.04 sys=0.04, real=0.08 secs] 
2021-06-01T21:50:48.029+0800: 1599599.727: [GC (Allocation Failure) [PSYoungGen: 491648K->24928K(497152K)] 808332K->352841K(1021440K), 0.0435620 secs] [Times: user=0.05 sys=0.06, real=0.05 secs] 
2021-06-01T21:55:30.480+0800: 1599882.178: [GC (Allocation Failure) [PSYoungGen: 495968K->21856K(497664K)] 823881K->361983K(1021952K), 0.0304464 secs] [Times: user=0.04 sys=0.04, real=0.03 secs] 
2021-06-01T22:00:23.989+0800: 1600175.687: [GC (Allocation Failure) [PSYoungGen: 492896K->20608K(498176K)] 833023K->373404K(1022464K), 0.0377955 secs] [Times: user=0.04 sys=0.05, real=0.04 secs] 
2021-06-01T22:05:07.603+0800: 1600459.302: [GC (Allocation Failure) [PSYoungGen: 492672K->25024K(497152K)] 845468K->389571K(1021440K), 0.0429561 secs] [Times: user=0.05 sys=0.05, real=0.04 secs] 
2021-06-01T22:09:55.545+0800: 1600747.243: [GC (Allocation Failure) [PSYoungGen: 497088K->20480K(497664K)] 861635K->397239K(1021952K), 0.0351279 secs] [Times: user=0.09 sys=0.00, real=0.03 secs] 
2021-06-01T22:14:44.635+0800: 1601036.333: [GC (Allocation Failure) [PSYoungGen: 491008K->22144K(497152K)] 867767K->410662K(1021440K), 0.0349776 secs] [Times: user=0.04 sys=0.04, real=0.03 secs] 
2021-06-01T22:19:25.228+0800: 1601316.926: [GC (Allocation Failure) [PSYoungGen: 492672K->23616K(497664K)] 881190K->424637K(1021952K), 0.0426483 secs] [Times: user=0.05 sys=0.05, real=0.04 secs] 
2021-06-01T22:24:09.572+0800: 1601601.271: [GC (Allocation Failure) [PSYoungGen: 494655K->23488K(497664K)] 895676K->437204K(1021952K), 0.0832888 secs] [Times: user=0.07 sys=0.06, real=0.08 secs] 
2021-06-01T22:28:54.747+0800: 1601886.446: [GC (Allocation Failure) [PSYoungGen: 494528K->22464K(497664K)] 908244K->448002K(1021952K), 0.0362119 secs] [Times: user=0.04 sys=0.05, real=0.04 secs] 
2021-06-01T22:33:37.937+0800: 1602169.635: [GC (Allocation Failure) [PSYoungGen: 493504K->22912K(497664K)] 919042K->461008K(1021952K), 0.0512017 secs] [Times: user=0.05 sys=0.06, real=0.05 secs] 
2021-06-01T22:38:25.501+0800: 1602457.199: [GC (Allocation Failure) [PSYoungGen: 493952K->20480K(498176K)] 932048K->471191K(1022464K), 0.0371225 secs] [Times: user=0.05 sys=0.05, real=0.04 secs] 
2021-06-01T22:43:12.344+0800: 1602744.042: [GC (Allocation Failure) [PSYoungGen: 492544K->22592K(498176K)] 943255K->486661K(1022464K), 0.0372642 secs] [Times: user=0.05 sys=0.04, real=0.03 secs] 
2021-06-01T22:47:58.629+0800: 1603030.328: [GC (Allocation Failure) [PSYoungGen: 494656K->19840K(498176K)] 958725K->496187K(1022464K), 0.0371602 secs] [Times: user=0.05 sys=0.05, real=0.04 secs] 
2021-06-01T22:52:48.374+0800: 1603320.073: [GC (Allocation Failure) [PSYoungGen: 491904K->21152K(498176K)] 968251K->508105K(1022464K), 0.0367336 secs] [Times: user=0.04 sys=0.04, real=0.03 secs] 
2021-06-01T22:57:40.023+0800: 1603611.721: [GC (Allocation Failure) [PSYoungGen: 493216K->18752K(497664K)] 980169K->517133K(1021952K), 0.0780923 secs] [Times: user=0.04 sys=0.04, real=0.07 secs] 
2021-06-01T23:02:28.910+0800: 1603900.608: [GC (Allocation Failure) [PSYoungGen: 490816K->21792K(498176K)] 989197K->531531K(1022464K), 0.0367039 secs] [Times: user=0.04 sys=0.05, real=0.04 secs] 
2021-06-01T23:02:28.947+0800: 1603900.645: [Full GC (Ergonomics) [PSYoungGen: 21792K->0K(498176K)] [ParOldGen: 509739K->327783K(524288K)] 531531K->327783K(1022464K), [Metaspace: 96619K->96619K(1138688K)], 0.4552617 secs] [Times: user=1.02 sys=0.00, real=0.46 secs] 
2021-06-01T23:07:21.097+0800: 1604192.796: [GC (Allocation Failure) [PSYoungGen: 472064K->19616K(498688K)] 799847K->347399K(1022976K), 0.0299120 secs] [Times: user=0.03 sys=0.03, real=0.03 secs] 
2021-06-01T23:12:12.787+0800: 1604484.485: [GC (Allocation Failure) [PSYoungGen: 492704K->18432K(498688K)] 820487K->358917K(1022976K), 0.0328452 secs] [Times: user=0.05 sys=0.04, real=0.03 secs] 
2021-06-01T23:16:58.469+0800: 1604770.167: [GC (Allocation Failure) [PSYoungGen: 491520K->22528K(498688K)] 832005K->373420K(1022976K), 0.0330531 secs] [Times: user=0.04 sys=0.03, real=0.03 secs] 
2021-06-01T23:21:47.010+0800: 1605058.708: [GC (Allocation Failure) [PSYoungGen: 495616K->19168K(498688K)] 846508K->382583K(1022976K), 0.0385942 secs] [Times: user=0.05 sys=0.05, real=0.04 secs] 
2021-06-01T23:26:33.900+0800: 1605345.599: [GC (Allocation Failure) [PSYoungGen: 492256K->20544K(499200K)] 855671K->394838K(1023488K), 0.0376950 secs] [Times: user=0.05 sys=0.05, real=0.04 secs] 
2021-06-01T23:31:25.498+0800: 1605637.196: [GC (Allocation Failure) [PSYoungGen: 494144K->20448K(498688K)] 868438K->407931K(1022976K), 0.0870336 secs] [Times: user=0.05 sys=0.06, real=0.09 secs] 
2021-06-01T23:36:12.991+0800: 1605924.689: [GC (Allocation Failure) [PSYoungGen: 494048K->19392K(499200K)] 881531K->417946K(1023488K), 0.0454633 secs] [Times: user=0.05 sys=0.06, real=0.05 secs] 
2021-06-01T23:41:08.062+0800: 1606219.760: [GC (Allocation Failure) [PSYoungGen: 493504K->19648K(499200K)] 892058K->429126K(1023488K), 0.0425052 secs] [Times: user=0.06 sys=0.05, real=0.05 secs] 
2021-06-01T23:45:55.716+0800: 1606507.414: [GC (Allocation Failure) [PSYoungGen: 493760K->17824K(499712K)] 903238K->439163K(1024000K), 0.0830012 secs] [Times: user=0.05 sys=0.05, real=0.08 secs] 
2021-06-01T23:50:42.562+0800: 1606794.260: [GC (Allocation Failure) [PSYoungGen: 492960K->21952K(497152K)] 914299K->453697K(1021440K), 0.0424822 secs] [Times: user=0.04 sys=0.05, real=0.05 secs] 
2021-06-01T23:55:28.684+0800: 1607080.382: [GC (Allocation Failure) [PSYoungGen: 497088K->17152K(499200K)] 928833K->460828K(1023488K), 0.0296187 secs] [Times: user=0.08 sys=0.00, real=0.03 secs] 
2021-06-02T00:00:10.948+0800: 1607362.646: [GC (Allocation Failure) [PSYoungGen: 491264K->20608K(499200K)] 934940K->473801K(1023488K), 0.0571802 secs] [Times: user=0.04 sys=0.04, real=0.06 secs] 
2021-06-02T00:04:58.902+0800: 1607650.600: [GC (Allocation Failure) [PSYoungGen: 494720K->21984K(498688K)] 947913K->486783K(1022976K), 0.0407716 secs] [Times: user=0.05 sys=0.05, real=0.05 secs] 
2021-06-02T00:09:44.160+0800: 1607935.858: [GC (Allocation Failure) [PSYoungGen: 496096K->22656K(497152K)] 960895K->499142K(1021440K), 0.0498692 secs] [Times: user=0.07 sys=0.06, real=0.05 secs] 
2021-06-02T00:14:28.889+0800: 1608220.587: [GC (Allocation Failure) [PSYoungGen: 496768K->21984K(498688K)] 973254K->511188K(1022976K), 0.0455898 secs] [Times: user=0.05 sys=0.06, real=0.05 secs] 
2021-06-02T00:19:19.343+0800: 1608511.041: [GC (Allocation Failure) [PSYoungGen: 495072K->22432K(498688K)] 984276K->523977K(1022976K), 0.0411674 secs] [Times: user=0.06 sys=0.05, real=0.04 secs] 
2021-06-02T00:24:10.410+0800: 1608802.109: [GC (Allocation Failure) [PSYoungGen: 495520K->21184K(499200K)] 997065K->536006K(1023488K), 0.0480725 secs] [Times: user=0.06 sys=0.06, real=0.05 secs] 
2021-06-02T00:24:10.459+0800: 1608802.157: [Full GC (Ergonomics) [PSYoungGen: 21184K->0K(499200K)] [ParOldGen: 514822K->320850K(524288K)] 536006K->320850K(1023488K), [Metaspace: 96619K->96619K(1138688K)], 0.5011779 secs] [Times: user=1.14 sys=0.00, real=0.50 secs] 
2021-06-02T00:28:55.165+0800: 1609086.863: [GC (Allocation Failure) [PSYoungGen: 473600K->18624K(498688K)] 794450K->339474K(1022976K), 0.0326002 secs] [Times: user=0.04 sys=0.04, real=0.03 secs] 
2021-06-02T00:33:42.159+0800: 1609373.857: [GC (Allocation Failure) [PSYoungGen: 492224K->21152K(499200K)] 813074K->354925K(1023488K), 0.0401896 secs] [Times: user=0.05 sys=0.04, real=0.04 secs] 
2021-06-02T00:38:31.509+0800: 1609663.207: [GC (Allocation Failure) [PSYoungGen: 495264K->21632K(499200K)] 829037K->367371K(1023488K), 0.0748035 secs] [Times: user=0.05 sys=0.05, real=0.08 secs] 
2021-06-02T00:43:25.575+0800: 1609957.273: [GC (Allocation Failure) [PSYoungGen: 495744K->22912K(499200K)] 841483K->380914K(1023488K), 0.0436274 secs] [Times: user=0.05 sys=0.06, real=0.04 secs] 
2021-06-02T00:48:14.709+0800: 1610246.407: [GC (Allocation Failure) [PSYoungGen: 497024K->21568K(499200K)] 855026K->392402K(1023488K), 0.0362773 secs] [Times: user=0.04 sys=0.04, real=0.04 secs] 
2021-06-02T00:53:02.913+0800: 1610534.611: [GC (Allocation Failure) [PSYoungGen: 495679K->23712K(498176K)] 866514K->407423K(1022464K), 0.0541792 secs] [Times: user=0.05 sys=0.06, real=0.05 secs] 
2021-06-02T00:57:52.339+0800: 1610824.037: [GC (Allocation Failure) [PSYoungGen: 496800K->22880K(498688K)] 880511K->418765K(1022976K), 0.0405535 secs] [Times: user=0.05 sys=0.05, real=0.04 secs] 
2021-06-02T01:02:43.072+0800: 1611114.771: [GC (Allocation Failure) [PSYoungGen: 495968K->20832K(498688K)] 891853K->428499K(1022976K), 0.0405996 secs] [Times: user=0.04 sys=0.05, real=0.04 secs] 
2021-06-02T01:07:29.618+0800: 1611401.317: [GC (Allocation Failure) [PSYoungGen: 493920K->23264K(498688K)] 901587K->442768K(1022976K), 0.0431901 secs] [Times: user=0.05 sys=0.05, real=0.04 secs] 
2021-06-02T01:12:15.126+0800: 1611686.824: [GC (Allocation Failure) [PSYoungGen: 496352K->24352K(496640K)] 915856K->456423K(1020928K), 0.0468533 secs] [Times: user=0.05 sys=0.05, real=0.05 secs] 
2021-06-02T01:17:06.529+0800: 1611978.228: [GC (Allocation Failure) [PSYoungGen: 495392K->21376K(497664K)] 927463K->465037K(1021952K), 0.0373069 secs] [Times: user=0.04 sys=0.04, real=0.04 secs] 
2021-06-02T01:21:42.139+0800: 1612253.837: [GC (Allocation Failure) [PSYoungGen: 492416K->20970K(498176K)] 936077K->476589K(1022464K), 0.0408408 secs] [Times: user=0.05 sys=0.05, real=0.04 secs] 
2021-06-02T01:26:32.314+0800: 1612544.012: [GC (Allocation Failure) [PSYoungGen: 493034K->19200K(498176K)] 948653K->487250K(1022464K), 0.0780518 secs] [Times: user=0.05 sys=0.05, real=0.07 secs] 
2021-06-02T01:31:16.638+0800: 1612828.336: [GC (Allocation Failure) [PSYoungGen: 491264K->20192K(498688K)] 959314K->500040K(1022976K), 0.0466376 secs] [Times: user=0.05 sys=0.05, real=0.05 secs] 
2021-06-02T01:36:02.556+0800: 1613114.255: [GC (Allocation Failure) [PSYoungGen: 492768K->22688K(498176K)] 972616K->514605K(1022464K), 0.0391910 secs] [Times: user=0.05 sys=0.05, real=0.04 secs] 
2021-06-02T01:40:45.459+0800: 1613397.157: [GC (Allocation Failure) [PSYoungGen: 495264K->20448K(498688K)] 987181K->524131K(1022976K), 0.0361773 secs] [Times: user=0.04 sys=0.04, real=0.04 secs] 
2021-06-02T01:45:28.752+0800: 1613680.450: [GC (Allocation Failure) [PSYoungGen: 493536K->22400K(498688K)] 997219K->536898K(1022976K), 0.0392214 secs] [Times: user=0.10 sys=0.00, real=0.03 secs] 
2021-06-02T01:45:28.792+0800: 1613680.490: [Full GC (Ergonomics) [PSYoungGen: 22400K->0K(498688K)] [ParOldGen: 514498K->328559K(524288K)] 536898K->328559K(1022976K), [Metaspace: 96619K->96619K(1138688K)], 0.4856546 secs] [Times: user=1.06 sys=0.00, real=0.49 secs] 
2021-06-02T01:50:18.453+0800: 1613970.151: [GC (Allocation Failure) [PSYoungGen: 473088K->19392K(498688K)] 801647K->347951K(1022976K), 0.0325628 secs] [Times: user=0.04 sys=0.04, real=0.03 secs] 
2021-06-02T01:55:10.567+0800: 1614262.265: [GC (Allocation Failure) [PSYoungGen: 492480K->20224K(498688K)] 821039K->360554K(1022976K), 0.0351822 secs] [Times: user=0.04 sys=0.05, real=0.04 secs] 
2021-06-02T01:59:59.867+0800: 1614551.565: [GC (Allocation Failure) [PSYoungGen: 493312K->22368K(498176K)] 833642K->372664K(1022464K), 0.0481179 secs] [Times: user=0.05 sys=0.06, real=0.05 secs] 
2021-06-02T02:04:46.377+0800: 1614838.075: [GC (Allocation Failure) [PSYoungGen: 495456K->23680K(497152K)] 845752K->386206K(1021440K), 0.0392977 secs] [Times: user=0.05 sys=0.05, real=0.04 secs] 
2021-06-02T02:09:34.780+0800: 1615126.478: [GC (Allocation Failure) [PSYoungGen: 496768K->21696K(498688K)] 859294K->397299K(1022976K), 0.0435074 secs] [Times: user=0.04 sys=0.05, real=0.05 secs] 
2021-06-02T02:14:23.000+0800: 1615414.698: [GC (Allocation Failure) [PSYoungGen: 494272K->22656K(498176K)] 869875K->409448K(1022464K), 0.0370323 secs] [Times: user=0.04 sys=0.05, real=0.04 secs] 
2021-06-02T02:19:05.269+0800: 1615696.967: [GC (Allocation Failure) [PSYoungGen: 495232K->21760K(499200K)] 882024K->420014K(1023488K), 0.1094817 secs] [Times: user=0.05 sys=0.06, real=0.11 secs] 
2021-06-02T02:23:51.656+0800: 1615983.354: [GC (Allocation Failure) [PSYoungGen: 495360K->24320K(498176K)] 893614K->434844K(1022464K), 0.0425663 secs] [Times: user=0.04 sys=0.05, real=0.04 secs] 
2021-06-02T02:28:31.183+0800: 1616262.881: [GC (Allocation Failure) [PSYoungGen: 497920K->23168K(498176K)] 908444K->445674K(1022464K), 0.0686578 secs] [Times: user=0.10 sys=0.00, real=0.06 secs] 
2021-06-02T02:33:20.647+0800: 1616552.345: [GC (Allocation Failure) [PSYoungGen: 495232K->18208K(498176K)] 917738K->453431K(1022464K), 0.0934008 secs] [Times: user=0.04 sys=0.04, real=0.09 secs] 
2021-06-02T02:38:10.752+0800: 1616842.450: [GC (Allocation Failure) [PSYoungGen: 490272K->17920K(497152K)] 925495K->465907K(1021440K), 0.0561373 secs] [Times: user=0.04 sys=0.05, real=0.06 secs] 
2021-06-02T02:42:56.402+0800: 1617128.100: [GC (Allocation Failure) [PSYoungGen: 488960K->23360K(497664K)] 936947K->481923K(1021952K), 0.0585567 secs] [Times: user=0.10 sys=0.00, real=0.06 secs] 
2021-06-02T02:47:43.809+0800: 1617415.508: [GC (Allocation Failure) [PSYoungGen: 494400K->19008K(497664K)] 952963K->488960K(1021952K), 0.0342729 secs] [Times: user=0.04 sys=0.05, real=0.04 secs] 
2021-06-02T02:52:33.957+0800: 1617705.655: [GC (Allocation Failure) [PSYoungGen: 490048K->18880K(497664K)] 960000K->500762K(1021952K), 0.0441782 secs] [Times: user=0.05 sys=0.05, real=0.04 secs] 
2021-06-02T02:57:16.075+0800: 1617987.773: [GC (Allocation Failure) [PSYoungGen: 489920K->19744K(498176K)] 971802K->512999K(1022464K), 0.0920857 secs] [Times: user=0.05 sys=0.06, real=0.09 secs] 
2021-06-02T03:02:03.451+0800: 1618275.150: [GC (Allocation Failure) [PSYoungGen: 491296K->23904K(497664K)] 984551K->528182K(1021952K), 0.0430151 secs] [Times: user=0.11 sys=0.00, real=0.05 secs] 
2021-06-02T03:06:49.389+0800: 1618561.087: [GC (Allocation Failure) [PSYoungGen: 495456K->22624K(497664K)] 999734K->538189K(1021952K), 0.0484526 secs] [Times: user=0.04 sys=0.05, real=0.05 secs] 
2021-06-02T03:06:49.438+0800: 1618561.136: [Full GC (Ergonomics) [PSYoungGen: 22624K->0K(497664K)] [ParOldGen: 515565K->322211K(524288K)] 538189K->322211K(1021952K), [Metaspace: 96619K->96619K(1138688K)], 0.5410413 secs] [Times: user=1.12 sys=0.00, real=0.54 secs] 
2021-06-02T03:11:35.041+0800: 1618846.739: [GC (Allocation Failure) [PSYoungGen: 471040K->24512K(495616K)] 793251K->346723K(1019904K), 0.0381982 secs] [Times: user=0.05 sys=0.05, real=0.04 secs] 
2021-06-02T03:16:16.612+0800: 1619128.310: [GC (Allocation Failure) [PSYoungGen: 495552K->21376K(497152K)] 817763K->356144K(1021440K), 0.0594117 secs] [Times: user=0.05 sys=0.05, real=0.06 secs] 
2021-06-02T03:20:56.243+0800: 1619407.941: [GC (Allocation Failure) [PSYoungGen: 490880K->23456K(496640K)] 825648K->369677K(1020928K), 0.0482801 secs] [Times: user=0.06 sys=0.06, real=0.04 secs] 
2021-06-02T03:25:41.353+0800: 1619693.052: [GC (Allocation Failure) [PSYoungGen: 492960K->22144K(497664K)] 839181K->380852K(1021952K), 0.0402986 secs] [Times: user=0.05 sys=0.05, real=0.04 secs] 
2021-06-02T03:30:28.552+0800: 1619980.250: [GC (Allocation Failure) [PSYoungGen: 492672K->22880K(497152K)] 851380K->392914K(1021440K), 0.0419424 secs] [Times: user=0.05 sys=0.05, real=0.05 secs] 
2021-06-02T03:35:13.175+0800: 1620264.873: [GC (Allocation Failure) [PSYoungGen: 493408K->19136K(497664K)] 863442K->400558K(1021952K), 0.0342923 secs] [Times: user=0.04 sys=0.04, real=0.03 secs] 
2021-06-02T03:39:59.132+0800: 1620550.830: [GC (Allocation Failure) [PSYoungGen: 490176K->20960K(497664K)] 871598K->412972K(1021952K), 0.0375785 secs] [Times: user=0.04 sys=0.05, real=0.04 secs] 
2021-06-02T03:44:42.106+0800: 1620833.804: [GC (Allocation Failure) [PSYoungGen: 492000K->21696K(498176K)] 884012K->425769K(1022464K), 0.0639958 secs] [Times: user=0.05 sys=0.04, real=0.06 secs] 
2021-06-02T03:49:27.209+0800: 1621118.907: [GC (Allocation Failure) [PSYoungGen: 493760K->23168K(498176K)] 897833K->439024K(1022464K), 0.0832240 secs] [Times: user=0.05 sys=0.06, real=0.09 secs] 
2021-06-02T03:54:13.147+0800: 1621404.846: [GC (Allocation Failure) [PSYoungGen: 495232K->22624K(498176K)] 911088K->450941K(1022464K), 0.0401701 secs] [Times: user=0.05 sys=0.05, real=0.04 secs] 
2021-06-02T03:58:57.448+0800: 1621689.146: [GC (Allocation Failure) [PSYoungGen: 494688K->21280K(498176K)] 923005K->462739K(1022464K), 0.0398148 secs] [Times: user=0.10 sys=0.00, real=0.04 secs] 
2021-06-02T04:03:43.106+0800: 1621974.805: [GC (Allocation Failure) [PSYoungGen: 493344K->22720K(498688K)] 934803K->475761K(1022976K), 0.0447509 secs] [Times: user=0.04 sys=0.05, real=0.04 secs] 
2021-06-02T04:08:32.694+0800: 1622264.392: [GC (Allocation Failure) [PSYoungGen: 495808K->21088K(498688K)] 948849K->487206K(1022976K), 0.0422388 secs] [Times: user=0.05 sys=0.04, real=0.04 secs] 
2021-06-02T04:13:18.780+0800: 1622550.478: [GC (Allocation Failure) [PSYoungGen: 494176K->20480K(498688K)] 960294K->498476K(1022976K), 0.0377840 secs] [Times: user=0.04 sys=0.05, real=0.04 secs] 
2021-06-02T04:17:55.956+0800: 1622827.654: [GC (Allocation Failure) [PSYoungGen: 493568K->24320K(497664K)] 971564K->513170K(1021952K), 0.0393298 secs] [Times: user=0.05 sys=0.05, real=0.04 secs] 
2021-06-02T04:22:40.671+0800: 1623112.369: [GC (Allocation Failure) [PSYoungGen: 497408K->19584K(498176K)] 986258K->521471K(1022464K), 0.0353092 secs] [Times: user=0.04 sys=0.05, real=0.04 secs] 
2021-06-02T04:27:25.323+0800: 1623397.021: [GC (Allocation Failure) [PSYoungGen: 491648K->21248K(498176K)] 993535K->534932K(1022464K), 0.0483164 secs] [Times: user=0.05 sys=0.06, real=0.04 secs] 
2021-06-02T04:27:25.372+0800: 1623397.070: [Full GC (Ergonomics) [PSYoungGen: 21248K->0K(498176K)] [ParOldGen: 513684K->325993K(524288K)] 534932K->325993K(1022464K), [Metaspace: 96619K->96619K(1138688K)], 0.4814339 secs] [Times: user=1.06 sys=0.00, real=0.49 secs] 
2021-06-02T04:32:05.976+0800: 1623677.674: [GC (Allocation Failure) [PSYoungGen: 472064K->21792K(498688K)] 798057K->347785K(1022976K), 0.0695422 secs] [Times: user=0.04 sys=0.03, real=0.07 secs] 
2021-06-02T04:36:51.106+0800: 1623962.804: [GC (Allocation Failure) [PSYoungGen: 494880K->22784K(498688K)] 820873K->361214K(1022976K), 0.0516898 secs] [Times: user=0.05 sys=0.05, real=0.05 secs] 
2021-06-02T04:41:38.141+0800: 1624249.840: [GC (Allocation Failure) [PSYoungGen: 495872K->23456K(498688K)] 834302K->374762K(1022976K), 0.0405394 secs] [Times: user=0.05 sys=0.05, real=0.05 secs] 
2021-06-02T04:46:19.644+0800: 1624531.343: [GC (Allocation Failure) [PSYoungGen: 496544K->23232K(498688K)] 847850K->385519K(1022976K), 0.0558910 secs] [Times: user=0.05 sys=0.05, real=0.05 secs] 
2021-06-02T04:51:08.308+0800: 1624820.006: [GC (Allocation Failure) [PSYoungGen: 496320K->22144K(498688K)] 858607K->394558K(1022976K), 0.0330824 secs] [Times: user=0.04 sys=0.04, real=0.03 secs] 
2021-06-02T04:55:57.538+0800: 1625109.236: [GC (Allocation Failure) [PSYoungGen: 495232K->21792K(498688K)] 867646K->406962K(1022976K), 0.0386543 secs] [Times: user=0.04 sys=0.05, real=0.04 secs] 
2021-06-02T05:00:44.176+0800: 1625395.875: [GC (Allocation Failure) [PSYoungGen: 494880K->22560K(499200K)] 880050K->419658K(1023488K), 0.0373495 secs] [Times: user=0.04 sys=0.05, real=0.04 secs] 
2021-06-02T05:05:26.667+0800: 1625678.366: [GC (Allocation Failure) [PSYoungGen: 496672K->20480K(499200K)] 893770K->429646K(1023488K), 0.0787147 secs] [Times: user=0.05 sys=0.05, real=0.08 secs] 
2021-06-02T05:10:08.944+0800: 1625960.642: [GC (Allocation Failure) [PSYoungGen: 494592K->23008K(499200K)] 903758K->442476K(1023488K), 0.0366454 secs] [Times: user=0.05 sys=0.04, real=0.03 secs] 
2021-06-02T05:14:51.559+0800: 1626243.257: [GC (Allocation Failure) [PSYoungGen: 497120K->20224K(499200K)] 916588K->451650K(1023488K), 0.0410975 secs] [Times: user=0.04 sys=0.05, real=0.04 secs] 
2021-06-02T05:19:39.083+0800: 1626530.781: [GC (Allocation Failure) [PSYoungGen: 494336K->25056K(487936K)] 925762K->469577K(1012224K), 0.1096243 secs] [Times: user=0.06 sys=0.05, real=0.11 secs] 
2021-06-02T05:24:22.433+0800: 1626814.131: [GC (Allocation Failure) [PSYoungGen: 487904K->19264K(493568K)] 932425K->476182K(1017856K), 0.0678537 secs] [Times: user=0.06 sys=0.07, real=0.06 secs] 
2021-06-02T05:29:00.592+0800: 1627092.290: [GC (Allocation Failure) [PSYoungGen: 482112K->21248K(493568K)] 939030K->490372K(1017856K), 0.0354981 secs] [Times: user=0.04 sys=0.04, real=0.04 secs] 
2021-06-02T05:33:37.299+0800: 1627368.997: [GC (Allocation Failure) [PSYoungGen: 484096K->20192K(493568K)] 953220K->500681K(1017856K), 0.0350362 secs] [Times: user=0.05 sys=0.04, real=0.04 secs] 
2021-06-02T05:38:16.575+0800: 1627648.273: [GC (Allocation Failure) [PSYoungGen: 483040K->15232K(493056K)] 963529K->506861K(1017344K), 0.0296485 secs] [Times: user=0.04 sys=0.04, real=0.03 secs] 
2021-06-02T05:42:54.823+0800: 1627926.521: [GC (Allocation Failure) [PSYoungGen: 478080K->22112K(493568K)] 969709K->524123K(1017856K), 0.0372901 secs] [Times: user=0.05 sys=0.05, real=0.03 secs] 
2021-06-02T05:47:37.925+0800: 1628209.623: [GC (Allocation Failure) [PSYoungGen: 484960K->19648K(494592K)] 986971K->533936K(1018880K), 0.0396444 secs] [Times: user=0.05 sys=0.05, real=0.04 secs] 
2021-06-02T05:47:37.965+0800: 1628209.664: [Full GC (Ergonomics) [PSYoungGen: 19648K->0K(494592K)] [ParOldGen: 514288K->318399K(524288K)] 533936K->318399K(1018880K), [Metaspace: 96619K->96619K(1138688K)], 0.5039673 secs] [Times: user=1.15 sys=0.00, real=0.50 secs] 
2021-06-02T05:52:19.263+0800: 1628490.961: [GC (Allocation Failure) [PSYoungGen: 464384K->20352K(494080K)] 782783K->338751K(1018368K), 0.0344221 secs] [Times: user=0.04 sys=0.04, real=0.03 secs] 
2021-06-02T05:56:56.605+0800: 1628768.303: [GC (Allocation Failure) [PSYoungGen: 484736K->22272K(495616K)] 803135K->354212K(1019904K), 0.0380391 secs] [Times: user=0.05 sys=0.05, real=0.04 secs] 
2021-06-02T06:01:38.845+0800: 1629050.543: [GC (Allocation Failure) [PSYoungGen: 488704K->19904K(495104K)] 820644K->364458K(1019392K), 0.0322749 secs] [Times: user=0.04 sys=0.04, real=0.03 secs] 
2021-06-02T06:06:19.350+0800: 1629331.048: [GC (Allocation Failure) [PSYoungGen: 486336K->21376K(496640K)] 830890K->376297K(1020928K), 0.0339631 secs] [Times: user=0.04 sys=0.05, real=0.04 secs] 
2021-06-02T06:11:08.127+0800: 1629619.825: [GC (Allocation Failure) [PSYoungGen: 489856K->19968K(496128K)] 844777K->386165K(1020416K), 0.0412106 secs] [Times: user=0.06 sys=0.05, real=0.04 secs] 
2021-06-02T06:15:55.225+0800: 1629906.923: [GC (Allocation Failure) [PSYoungGen: 488448K->20480K(497664K)] 854645K->398714K(1021952K), 0.0579831 secs] [Times: user=0.06 sys=0.06, real=0.06 secs] 
2021-06-02T06:20:40.445+0800: 1630192.144: [GC (Allocation Failure) [PSYoungGen: 491008K->23232K(497152K)] 869242K->412047K(1021440K), 0.0405707 secs] [Times: user=0.05 sys=0.05, real=0.04 secs] 
2021-06-02T06:25:23.187+0800: 1630474.886: [GC (Allocation Failure) [PSYoungGen: 493760K->23808K(497152K)] 882575K->425101K(1021440K), 0.0611707 secs] [Times: user=0.06 sys=0.07, real=0.06 secs] 
2021-06-02T06:30:07.743+0800: 1630759.441: [GC (Allocation Failure) [PSYoungGen: 493824K->20192K(497152K)] 895117K->434626K(1021440K), 0.0404249 secs] [Times: user=0.04 sys=0.05, real=0.04 secs] 
2021-06-02T06:34:52.072+0800: 1631043.770: [GC (Allocation Failure) [PSYoungGen: 490208K->20192K(497664K)] 904642K->445488K(1021952K), 0.0376242 secs] [Times: user=0.05 sys=0.05, real=0.04 secs] 
2021-06-02T06:39:35.628+0800: 1631327.327: [GC (Allocation Failure) [PSYoungGen: 490720K->20800K(497152K)] 916016K->457149K(1021440K), 0.0787682 secs] [Times: user=0.05 sys=0.05, real=0.08 secs] 
2021-06-02T06:44:20.735+0800: 1631612.433: [GC (Allocation Failure) [PSYoungGen: 491328K->23040K(497152K)] 927677K->471195K(1021440K), 0.0860587 secs] [Times: user=0.06 sys=0.06, real=0.08 secs] 
2021-06-02T06:49:05.356+0800: 1631897.054: [GC (Allocation Failure) [PSYoungGen: 494080K->20576K(497664K)] 942235K->480065K(1021952K), 0.0435057 secs] [Times: user=0.05 sys=0.05, real=0.04 secs] 
2021-06-02T06:53:46.011+0800: 1632177.710: [GC (Allocation Failure) [PSYoungGen: 491616K->21920K(498176K)] 951105K->492903K(1022464K), 0.0426056 secs] [Times: user=0.10 sys=0.00, real=0.05 secs] 
2021-06-02T06:58:35.362+0800: 1632467.060: [GC (Allocation Failure) [PSYoungGen: 493984K->20736K(498176K)] 964967K->503308K(1022464K), 0.0358366 secs] [Times: user=0.05 sys=0.04, real=0.04 secs] 
2021-06-02T07:03:26.248+0800: 1632757.947: [GC (Allocation Failure) [PSYoungGen: 492800K->18720K(498688K)] 975372K->512976K(1022976K), 0.0299989 secs] [Times: user=0.05 sys=0.05, real=0.03 secs] 
2021-06-02T07:08:13.882+0800: 1633045.580: [GC (Allocation Failure) [PSYoungGen: 491808K->18624K(498688K)] 986064K->524150K(1022976K), 0.0421994 secs] [Times: user=0.04 sys=0.05, real=0.05 secs] 
2021-06-02T07:13:01.423+0800: 1633333.121: [GC (Allocation Failure) [PSYoungGen: 491712K->21888K(498688K)] 997238K->537980K(1022976K), 0.0703014 secs] [Times: user=0.05 sys=0.05, real=0.07 secs] 
2021-06-02T07:13:01.494+0800: 1633333.192: [Full GC (Ergonomics) [PSYoungGen: 21888K->0K(498688K)] [ParOldGen: 516092K->331234K(524288K)] 537980K->331234K(1022976K), [Metaspace: 96619K->96614K(1138688K)], 0.5382526 secs] [Times: user=1.11 sys=0.00, real=0.54 secs] 
2021-06-02T07:17:39.708+0800: 1633611.406: [GC (Allocation Failure) [PSYoungGen: 473088K->22346K(498688K)] 804322K->353580K(1022976K), 0.0468871 secs] [Times: user=0.05 sys=0.05, real=0.05 secs] 
2021-06-02T07:22:30.207+0800: 1633901.906: [GC (Allocation Failure) [PSYoungGen: 495434K->20032K(498688K)] 826668K->365250K(1022976K), 0.0498506 secs] [Times: user=0.06 sys=0.06, real=0.05 secs] 
2021-06-02T07:27:18.491+0800: 1634190.189: [GC (Allocation Failure) [PSYoungGen: 493120K->24384K(497664K)] 838338K->381856K(1021952K), 0.0431998 secs] [Times: user=0.05 sys=0.05, real=0.05 secs] 
2021-06-02T07:32:05.240+0800: 1634476.938: [GC (Allocation Failure) [PSYoungGen: 497472K->21888K(498176K)] 854944K->391589K(1022464K), 0.0390575 secs] [Times: user=0.10 sys=0.00, real=0.04 secs] 
2021-06-02T07:36:52.114+0800: 1634763.812: [GC (Allocation Failure) [PSYoungGen: 493952K->22208K(498176K)] 863653K->404163K(1022464K), 0.0665136 secs] [Times: user=0.05 sys=0.05, real=0.06 secs] 
2021-06-02T07:41:39.728+0800: 1635051.426: [GC (Allocation Failure) [PSYoungGen: 494272K->21376K(498688K)] 876227K->415808K(1022976K), 0.0414042 secs] [Times: user=0.05 sys=0.05, real=0.04 secs] 
2021-06-02T07:46:25.834+0800: 1635337.532: [GC (Allocation Failure) [PSYoungGen: 493952K->20832K(498176K)] 888384K->426150K(1022464K), 0.0417407 secs] [Times: user=0.05 sys=0.05, real=0.04 secs] 
2021-06-02T07:51:14.101+0800: 1635625.800: [GC (Allocation Failure) [PSYoungGen: 493408K->20704K(499200K)] 898726K->437818K(1023488K), 0.0385131 secs] [Times: user=0.05 sys=0.04, real=0.04 secs] 
2021-06-02T07:56:02.106+0800: 1635913.804: [GC (Allocation Failure) [PSYoungGen: 494816K->17728K(499200K)] 911930K->446742K(1023488K), 0.0340118 secs] [Times: user=0.09 sys=0.00, real=0.03 secs] 
2021-06-02T08:00:48.582+0800: 1636200.280: [GC (Allocation Failure) [PSYoungGen: 491840K->23424K(498176K)] 920854K->464267K(1022464K), 0.0395519 secs] [Times: user=0.05 sys=0.05, real=0.04 secs] 
2021-06-02T08:05:37.550+0800: 1636489.248: [GC (Allocation Failure) [PSYoungGen: 496512K->18592K(498688K)] 937355K->471704K(1022976K), 0.0345387 secs] [Times: user=0.05 sys=0.04, real=0.04 secs] 
2021-06-02T08:10:23.396+0800: 1636775.095: [GC (Allocation Failure) [PSYoungGen: 491680K->21344K(498688K)] 944792K->485741K(1022976K), 0.0370357 secs] [Times: user=0.05 sys=0.05, real=0.04 secs] 
2021-06-02T08:15:14.692+0800: 1637066.390: [GC (Allocation Failure) [PSYoungGen: 494432K->19648K(498688K)] 958829K->495779K(1022976K), 0.0345960 secs] [Times: user=0.05 sys=0.04, real=0.04 secs] 
2021-06-02T08:19:57.728+0800: 1637349.426: [GC (Allocation Failure) [PSYoungGen: 492736K->22016K(499200K)] 968867K->509616K(1023488K), 0.0384700 secs] [Times: user=0.10 sys=0.00, real=0.04 secs] 
2021-06-02T08:24:44.470+0800: 1637636.168: [GC (Allocation Failure) [PSYoungGen: 496128K->18720K(499200K)] 983728K->518445K(1023488K), 0.0335123 secs] [Times: user=0.04 sys=0.05, real=0.04 secs] 
2021-06-02T08:29:32.577+0800: 1637924.275: [GC (Allocation Failure) [PSYoungGen: 492832K->20320K(499200K)] 992557K->530762K(1023488K), 0.0384996 secs] [Times: user=0.09 sys=0.00, real=0.04 secs] 
2021-06-02T08:29:32.616+0800: 1637924.314: [Full GC (Ergonomics) [PSYoungGen: 20320K->0K(499200K)] [ParOldGen: 510442K->314303K(524288K)] 530762K->314303K(1023488K), [Metaspace: 96620K->96620K(1138688K)], 0.5524455 secs] [Times: user=1.05 sys=0.00, real=0.55 secs] 
2021-06-02T08:34:18.305+0800: 1638210.003: [GC (Allocation Failure) [PSYoungGen: 474112K->20736K(499200K)] 788415K->335039K(1023488K), 0.0328902 secs] [Times: user=0.04 sys=0.04, real=0.03 secs] 
2021-06-02T08:39:05.866+0800: 1638497.565: [GC (Allocation Failure) [PSYoungGen: 494848K->22336K(499712K)] 809151K->349514K(1024000K), 0.0938437 secs] [Times: user=0.05 sys=0.05, real=0.09 secs] 
2021-06-02T08:43:49.769+0800: 1638781.467: [GC (Allocation Failure) [PSYoungGen: 497472K->21984K(499712K)] 824650K->360800K(1024000K), 0.0364912 secs] [Times: user=0.04 sys=0.05, real=0.04 secs] 
2021-06-02T08:48:41.442+0800: 1639073.140: [GC (Allocation Failure) [PSYoungGen: 497120K->21120K(499712K)] 835936K->372661K(1024000K), 0.0376932 secs] [Times: user=0.05 sys=0.05, real=0.03 secs] 
2021-06-02T08:53:22.469+0800: 1639354.167: [GC (Allocation Failure) [PSYoungGen: 496256K->24224K(499712K)] 847797K->386556K(1024000K), 0.0413557 secs] [Times: user=0.05 sys=0.05, real=0.04 secs] 
2021-06-02T08:58:09.609+0800: 1639641.307: [GC (Allocation Failure) [PSYoungGen: 499360K->24544K(488448K)] 861692K->397595K(1012736K), 0.0394425 secs] [Times: user=0.05 sys=0.05, real=0.04 secs] 
2021-06-02T09:02:46.996+0800: 1639918.694: [GC (Allocation Failure) [PSYoungGen: 488416K->23520K(494080K)] 861467K->408577K(1018368K), 0.0399511 secs] [Times: user=0.05 sys=0.05, real=0.04 secs] 
2021-06-02T09:07:28.414+0800: 1640200.112: [GC (Allocation Failure) [PSYoungGen: 487392K->23424K(495104K)] 872449K->419539K(1019392K), 0.0439247 secs] [Times: user=0.05 sys=0.05, real=0.04 secs] 
2021-06-02T09:12:10.730+0800: 1640482.428: [GC (Allocation Failure) [PSYoungGen: 488832K->22592K(494592K)] 884947K->430640K(1018880K), 0.0366433 secs] [Times: user=0.05 sys=0.05, real=0.04 secs] 
2021-06-02T09:16:51.442+0800: 1640763.140: [GC (Allocation Failure) [PSYoungGen: 488000K->20192K(495616K)] 896048K->440278K(1019904K), 0.0410359 secs] [Times: user=0.04 sys=0.04, real=0.05 secs] 
2021-06-02T09:21:34.101+0800: 1641045.800: [GC (Allocation Failure) [PSYoungGen: 487136K->20672K(495616K)] 907222K->452652K(1019904K), 0.0349730 secs] [Times: user=0.04 sys=0.04, real=0.04 secs] 
2021-06-02T09:26:18.748+0800: 1641330.446: [GC (Allocation Failure) [PSYoungGen: 487616K->24352K(495104K)] 919596K->467666K(1019392K), 0.0632568 secs] [Times: user=0.04 sys=0.05, real=0.06 secs] 
2021-06-02T09:31:03.916+0800: 1641615.614: [GC (Allocation Failure) [PSYoungGen: 491296K->22336K(495616K)] 934610K->477385K(1019904K), 0.0669649 secs] [Times: user=0.10 sys=0.00, real=0.07 secs] 
2021-06-02T09:35:48.683+0800: 1641900.381: [GC (Allocation Failure) [PSYoungGen: 489280K->19712K(496128K)] 944329K->487061K(1020416K), 0.0734454 secs] [Times: user=0.07 sys=0.07, real=0.07 secs] 
2021-06-02T09:40:33.821+0800: 1642185.519: [GC (Allocation Failure) [PSYoungGen: 487680K->22336K(496128K)] 955029K->500932K(1020416K), 0.0508135 secs] [Times: user=0.05 sys=0.06, real=0.05 secs] 
2021-06-02T09:45:18.793+0800: 1642470.491: [GC (Allocation Failure) [PSYoungGen: 490304K->19776K(497152K)] 968900K->509929K(1021440K), 0.0429213 secs] [Times: user=0.12 sys=0.00, real=0.04 secs] 
2021-06-02T09:50:02.524+0800: 1642754.223: [GC (Allocation Failure) [PSYoungGen: 489280K->19808K(496640K)] 979433K->522556K(1020928K), 0.0468787 secs] [Times: user=0.06 sys=0.06, real=0.04 secs] 
2021-06-02T09:54:44.644+0800: 1643036.342: [GC (Allocation Failure) [PSYoungGen: 489312K->22432K(497152K)] 992060K->537362K(1021440K), 0.0501551 secs] [Times: user=0.05 sys=0.05, real=0.05 secs] 
2021-06-02T09:54:44.695+0800: 1643036.393: [Full GC (Ergonomics) [PSYoungGen: 22432K->0K(497152K)] [ParOldGen: 514930K->331863K(524288K)] 537362K->331863K(1021440K), [Metaspace: 96620K->96620K(1138688K)], 0.5801444 secs] [Times: user=1.22 sys=0.00, real=0.58 secs] 
2021-06-02T09:59:30.774+0800: 1643322.473: [GC (Allocation Failure) [PSYoungGen: 470016K->20544K(497152K)] 801879K->352407K(1021440K), 0.0333361 secs] [Times: user=0.03 sys=0.04, real=0.03 secs] 
2021-06-02T10:04:16.779+0800: 1643608.477: [GC (Allocation Failure) [PSYoungGen: 490560K->21216K(498176K)] 822423K->364780K(1022464K), 0.0455211 secs] [Times: user=0.05 sys=0.06, real=0.05 secs] 
2021-06-02T10:09:01.793+0800: 1643893.492: [GC (Allocation Failure) [PSYoungGen: 492768K->21216K(497664K)] 836332K->376938K(1021952K), 0.0443105 secs] [Times: user=0.05 sys=0.05, real=0.04 secs] 
2021-06-02T10:13:44.657+0800: 1644176.355: [GC (Allocation Failure) [PSYoungGen: 492768K->22304K(498688K)] 848490K->388929K(1022976K), 0.0848810 secs] [Times: user=0.04 sys=0.05, real=0.08 secs] 
2021-06-02T10:18:32.199+0800: 1644463.897: [GC (Allocation Failure) [PSYoungGen: 494880K->20416K(498176K)] 861505K->398358K(1022464K), 0.0702789 secs] [Times: user=0.06 sys=0.06, real=0.07 secs] 
2021-06-02T10:23:14.798+0800: 1644746.496: [GC (Allocation Failure) [PSYoungGen: 492992K->19424K(498688K)] 870934K->409213K(1022976K), 0.0818958 secs] [Times: user=0.04 sys=0.04, real=0.08 secs] 
2021-06-02T10:28:04.896+0800: 1645036.594: [GC (Allocation Failure) [PSYoungGen: 492512K->19872K(498688K)] 882301K->419898K(1022976K), 0.0801767 secs] [Times: user=0.04 sys=0.05, real=0.08 secs] 
2021-06-02T10:32:51.481+0800: 1645323.179: [GC (Allocation Failure) [PSYoungGen: 492960K->22560K(498688K)] 892986K->433031K(1022976K), 0.0346510 secs] [Times: user=0.05 sys=0.04, real=0.04 secs] 
2021-06-02T10:37:37.341+0800: 1645609.039: [GC (Allocation Failure) [PSYoungGen: 495648K->21920K(498688K)] 906119K->446237K(1022976K), 0.0347256 secs] [Times: user=0.04 sys=0.05, real=0.04 secs] 
2021-06-02T10:42:26.597+0800: 1645898.295: [GC (Allocation Failure) [PSYoungGen: 495008K->24672K(497664K)] 919325K->460467K(1021952K), 0.0364576 secs] [Times: user=0.04 sys=0.04, real=0.04 secs] 
2021-06-02T10:47:12.985+0800: 1646184.683: [GC (Allocation Failure) [PSYoungGen: 496736K->19616K(498176K)] 932531K->468400K(1022464K), 0.1102876 secs] [Times: user=0.04 sys=0.04, real=0.11 secs] 
2021-06-02T10:51:55.394+0800: 1646467.092: [GC (Allocation Failure) [PSYoungGen: 491680K->20800K(498688K)] 940464K->480534K(1022976K), 0.0344815 secs] [Times: user=0.04 sys=0.05, real=0.03 secs] 
2021-06-02T10:56:41.291+0800: 1646752.989: [GC (Allocation Failure) [PSYoungGen: 493376K->22656K(498176K)] 953110K->494051K(1022464K), 0.0433136 secs] [Times: user=0.05 sys=0.05, real=0.05 secs] 
2021-06-02T11:01:28.248+0800: 1647039.946: [GC (Allocation Failure) [PSYoungGen: 495232K->22560K(498688K)] 966627K->505930K(1022976K), 0.0904201 secs] [Times: user=0.06 sys=0.07, real=0.09 secs] 
2021-06-02T11:06:16.057+0800: 1647327.756: [GC (Allocation Failure) [PSYoungGen: 495136K->21536K(498176K)] 978506K->517776K(1022464K), 0.0415988 secs] [Times: user=0.09 sys=0.00, real=0.04 secs] 
2021-06-02T11:11:00.159+0800: 1647611.857: [GC (Allocation Failure) [PSYoungGen: 494112K->22624K(498688K)] 990352K->530974K(1022976K), 0.0387008 secs] [Times: user=0.05 sys=0.05, real=0.04 secs] 
2021-06-02T11:15:45.816+0800: 1647897.514: [GC (Allocation Failure) [PSYoungGen: 495712K->23904K(497152K)] 1004062K->543932K(1021440K), 0.0667879 secs] [Times: user=0.05 sys=0.05, real=0.07 secs] 
2021-06-02T11:15:45.883+0800: 1647897.581: [Full GC (Ergonomics) [PSYoungGen: 23904K->0K(497152K)] [ParOldGen: 520028K->326371K(524288K)] 543932K->326371K(1021440K), [Metaspace: 96620K->96620K(1138688K)], 0.5119933 secs] [Times: user=1.05 sys=0.00, real=0.51 secs] 
2021-06-02T11:20:35.368+0800: 1648187.066: [GC (Allocation Failure) [PSYoungGen: 473088K->21600K(498688K)] 799459K->347971K(1022976K), 0.0314523 secs] [Times: user=0.04 sys=0.04, real=0.03 secs] 
2021-06-02T11:25:25.007+0800: 1648476.705: [GC (Allocation Failure) [PSYoungGen: 494176K->20768K(498176K)] 820547K->361871K(1022464K), 0.0299103 secs] [Times: user=0.04 sys=0.04, real=0.03 secs] 
2021-06-02T11:30:08.733+0800: 1648760.431: [GC (Allocation Failure) [PSYoungGen: 493344K->24096K(497664K)] 834447K->376254K(1021952K), 0.0554903 secs] [Times: user=0.04 sys=0.05, real=0.05 secs] 
2021-06-02T11:34:55.801+0800: 1649047.499: [GC (Allocation Failure) [PSYoungGen: 496160K->22112K(498176K)] 848318K->385820K(1022464K), 0.0375981 secs] [Times: user=0.05 sys=0.04, real=0.04 secs] 
2021-06-02T11:39:45.296+0800: 1649336.994: [GC (Allocation Failure) [PSYoungGen: 494176K->21504K(498688K)] 857884K->397193K(1022976K), 0.0404660 secs] [Times: user=0.05 sys=0.05, real=0.04 secs] 
2021-06-02T11:44:31.878+0800: 1649623.577: [GC (Allocation Failure) [PSYoungGen: 494592K->22240K(498688K)] 870281K->409791K(1022976K), 0.0355023 secs] [Times: user=0.10 sys=0.00, real=0.04 secs] 
2021-06-02T11:49:21.502+0800: 1649913.200: [GC (Allocation Failure) [PSYoungGen: 495328K->24576K(498176K)] 882879K->425006K(1022464K), 0.0865177 secs] [Times: user=0.05 sys=0.05, real=0.08 secs] 
2021-06-02T11:54:08.293+0800: 1650199.991: [GC (Allocation Failure) [PSYoungGen: 497664K->21152K(498688K)] 898094K->434043K(1022976K), 0.0327461 secs] [Times: user=0.04 sys=0.04, real=0.03 secs] 
2021-06-02T11:58:53.622+0800: 1650485.320: [GC (Allocation Failure) [PSYoungGen: 494240K->23040K(498688K)] 907131K->447025K(1022976K), 0.0391883 secs] [Times: user=0.04 sys=0.05, real=0.04 secs] 
2021-06-02T12:03:39.475+0800: 1650771.173: [GC (Allocation Failure) [PSYoungGen: 496128K->20864K(498688K)] 920113K->457142K(1022976K), 0.0361427 secs] [Times: user=0.04 sys=0.04, real=0.03 secs] 
2021-06-02T12:08:25.608+0800: 1651057.306: [GC (Allocation Failure) [PSYoungGen: 493952K->20512K(498688K)] 930230K->468771K(1022976K), 0.0353239 secs] [Times: user=0.08 sys=0.00, real=0.04 secs] 
2021-06-02T12:13:12.256+0800: 1651343.954: [GC (Allocation Failure) [PSYoungGen: 493600K->21568K(498688K)] 941859K->481705K(1022976K), 0.0457785 secs] [Times: user=0.04 sys=0.04, real=0.05 secs] 
2021-06-02T12:17:57.677+0800: 1651629.375: [GC (Allocation Failure) [PSYoungGen: 494656K->18176K(498176K)] 954793K->489455K(1022464K), 0.0348903 secs] [Times: user=0.04 sys=0.05, real=0.03 secs] 
2021-06-02T12:22:46.046+0800: 1651917.745: [GC (Allocation Failure) [PSYoungGen: 491264K->22752K(498688K)] 962543K->506765K(1022976K), 0.0456035 secs] [Times: user=0.06 sys=0.05, real=0.05 secs] 
2021-06-02T12:27:28.737+0800: 1652200.435: [GC (Allocation Failure) [PSYoungGen: 495840K->23584K(497664K)] 979853K->518660K(1021952K), 0.0358856 secs] [Times: user=0.04 sys=0.05, real=0.04 secs] 
2021-06-02T12:32:12.688+0800: 1652484.386: [GC (Allocation Failure) [PSYoungGen: 495648K->23008K(498176K)] 990724K->530490K(1022464K), 0.0454787 secs] [Times: user=0.05 sys=0.05, real=0.05 secs] 
2021-06-02T12:36:58.591+0800: 1652770.289: [GC (Allocation Failure) [PSYoungGen: 495072K->20480K(498176K)] 1002554K->541407K(1022464K), 0.0350890 secs] [Times: user=0.05 sys=0.05, real=0.04 secs] 
2021-06-02T12:36:58.627+0800: 1652770.325: [Full GC (Ergonomics) [PSYoungGen: 20480K->0K(498176K)] [ParOldGen: 520927K->326631K(524288K)] 541407K->326631K(1022464K), [Metaspace: 96620K->96620K(1138688K)], 0.5264546 secs] [Times: user=1.10 sys=0.00, real=0.53 secs] 
2021-06-02T12:41:42.632+0800: 1653054.330: [GC (Allocation Failure) [PSYoungGen: 472064K->23328K(498176K)] 798695K->349959K(1022464K), 0.0493049 secs] [Times: user=0.04 sys=0.04, real=0.04 secs] 
2021-06-02T12:46:23.905+0800: 1653335.603: [GC (Allocation Failure) [PSYoungGen: 495392K->18528K(498176K)] 822023K->357827K(1022464K), 0.0352153 secs] [Times: user=0.04 sys=0.05, real=0.03 secs] 
2021-06-02T12:51:06.122+0800: 1653617.821: [GC (Allocation Failure) [PSYoungGen: 490592K->21376K(498176K)] 829891K->372650K(1022464K), 0.0370904 secs] [Times: user=0.04 sys=0.05, real=0.03 secs] 
2021-06-02T12:55:46.861+0800: 1653898.559: [GC (Allocation Failure) [PSYoungGen: 493440K->22304K(498688K)] 844714K->385489K(1022976K), 0.0723647 secs] [Times: user=0.07 sys=0.06, real=0.08 secs] 
2021-06-02T13:00:28.207+0800: 1654179.905: [GC (Allocation Failure) [PSYoungGen: 494880K->24224K(498176K)] 858065K->399783K(1022464K), 0.0419656 secs] [Times: user=0.04 sys=0.05, real=0.04 secs] 
2021-06-02T13:05:15.934+0800: 1654467.632: [GC (Allocation Failure) [PSYoungGen: 496800K->20416K(498176K)] 872359K->408838K(1022464K), 0.0356932 secs] [Times: user=0.05 sys=0.04, real=0.03 secs] 
2021-06-02T13:10:02.225+0800: 1654753.923: [GC (Allocation Failure) [PSYoungGen: 492480K->21376K(498176K)] 880902K->421090K(1022464K), 0.0365458 secs] [Times: user=0.04 sys=0.04, real=0.03 secs] 
2021-06-02T13:14:48.323+0800: 1655040.021: [GC (Allocation Failure) [PSYoungGen: 493440K->21536K(498688K)] 893154K->433047K(1022976K), 0.0501455 secs] [Times: user=0.06 sys=0.07, real=0.05 secs] 
2021-06-02T13:19:25.501+0800: 1655317.199: [GC (Allocation Failure) [PSYoungGen: 494624K->22762K(498688K)] 906135K->446416K(1022976K), 0.0912014 secs] [Times: user=0.05 sys=0.05, real=0.10 secs] 
2021-06-02T13:24:14.498+0800: 1655606.197: [GC (Allocation Failure) [PSYoungGen: 495850K->20256K(498688K)] 919504K->456437K(1022976K), 0.0378042 secs] [Times: user=0.04 sys=0.05, real=0.04 secs] 
2021-06-02T13:29:00.818+0800: 1655892.517: [GC (Allocation Failure) [PSYoungGen: 493344K->21312K(498688K)] 929525K->469067K(1022976K), 0.0482758 secs] [Times: user=0.05 sys=0.05, real=0.05 secs] 
2021-06-02T13:33:44.570+0800: 1656176.268: [GC (Allocation Failure) [PSYoungGen: 494400K->20832K(499200K)] 942155K->481296K(1023488K), 0.0354716 secs] [Times: user=0.04 sys=0.04, real=0.04 secs] 
2021-06-02T13:38:33.865+0800: 1656465.564: [GC (Allocation Failure) [PSYoungGen: 494944K->20288K(499200K)] 955408K->492549K(1023488K), 0.0505975 secs] [Times: user=0.04 sys=0.05, real=0.05 secs] 
2021-06-02T13:43:18.748+0800: 1656750.447: [GC (Allocation Failure) [PSYoungGen: 494400K->20352K(499712K)] 966661K->503250K(1024000K), 0.0396833 secs] [Times: user=0.05 sys=0.05, real=0.04 secs] 
2021-06-02T13:48:03.775+0800: 1657035.473: [GC (Allocation Failure) [PSYoungGen: 494976K->24096K(499200K)] 977874K->518817K(1023488K), 0.0825651 secs] [Times: user=0.05 sys=0.05, real=0.08 secs] 
2021-06-02T13:52:55.115+0800: 1657326.813: [GC (Allocation Failure) [PSYoungGen: 498720K->22112K(499200K)] 993441K->529958K(1023488K), 0.0429178 secs] [Times: user=0.06 sys=0.06, real=0.04 secs] 
2021-06-02T13:57:39.026+0800: 1657610.725: [GC (Allocation Failure) [PSYoungGen: 496224K->23232K(497664K)] 1004070K->541508K(1021952K), 0.1246119 secs] [Times: user=0.19 sys=0.00, real=0.12 secs] 
2021-06-02T13:57:39.152+0800: 1657610.850: [Full GC (Ergonomics) [PSYoungGen: 23232K->0K(497664K)] [ParOldGen: 518276K->327359K(524288K)] 541508K->327359K(1021952K), [Metaspace: 96620K->96620K(1138688K)], 0.5718817 secs] [Times: user=1.14 sys=0.00, real=0.58 secs] 
2021-06-02T14:02:26.911+0800: 1657898.609: [GC (Allocation Failure) [PSYoungGen: 474112K->23648K(498688K)] 801471K->351007K(1022976K), 0.0445301 secs] [Times: user=0.05 sys=0.05, real=0.05 secs] 
2021-06-02T14:07:14.191+0800: 1658185.890: [GC (Allocation Failure) [PSYoungGen: 496736K->21664K(498688K)] 824095K->361443K(1022976K), 0.0382578 secs] [Times: user=0.09 sys=0.00, real=0.04 secs] 
2021-06-02T14:12:00.173+0800: 1658471.871: [GC (Allocation Failure) [PSYoungGen: 494752K->25568K(486400K)] 834531K->378777K(1010688K), 0.0426008 secs] [Times: user=0.05 sys=0.05, real=0.04 secs] 
2021-06-02T14:16:44.368+0800: 1658756.066: [GC (Allocation Failure) [PSYoungGen: 486368K->17664K(492544K)] 839577K->383455K(1016832K), 0.0304624 secs] [Times: user=0.08 sys=0.00, real=0.03 secs] 
2021-06-02T14:21:23.282+0800: 1659034.980: [GC (Allocation Failure) [PSYoungGen: 478464K->20224K(493056K)] 844255K->397060K(1017344K), 0.0344345 secs] [Times: user=0.04 sys=0.05, real=0.04 secs] 
2021-06-02T14:26:01.674+0800: 1659313.372: [GC (Allocation Failure) [PSYoungGen: 481536K->24928K(492544K)] 858372K->412402K(1016832K), 0.0392420 secs] [Times: user=0.04 sys=0.05, real=0.04 secs] 
2021-06-02T14:30:44.637+0800: 1659596.335: [GC (Allocation Failure) [PSYoungGen: 486240K->24512K(493056K)] 873714K->424208K(1017344K), 0.0396098 secs] [Times: user=0.04 sys=0.05, real=0.04 secs] 
2021-06-02T14:35:20.887+0800: 1659872.586: [GC (Allocation Failure) [PSYoungGen: 486336K->21504K(493056K)] 886032K->433151K(1017344K), 0.0390081 secs] [Times: user=0.05 sys=0.04, real=0.04 secs] 
2021-06-02T14:39:57.407+0800: 1660149.105: [GC (Allocation Failure) [PSYoungGen: 483328K->24128K(494080K)] 894975K->447190K(1018368K), 0.0382458 secs] [Times: user=0.10 sys=0.00, real=0.04 secs] 
2021-06-02T14:44:36.621+0800: 1660428.319: [GC (Allocation Failure) [PSYoungGen: 487488K->22368K(493568K)] 910550K->458404K(1017856K), 0.0534858 secs] [Times: user=0.05 sys=0.05, real=0.06 secs] 
2021-06-02T14:49:21.867+0800: 1660713.565: [GC (Allocation Failure) [PSYoungGen: 485728K->17184K(493568K)] 921764K->465473K(1017856K), 0.0298439 secs] [Times: user=0.04 sys=0.05, real=0.03 secs] 
2021-06-02T14:54:07.272+0800: 1660998.970: [GC (Allocation Failure) [PSYoungGen: 481056K->24096K(494080K)] 929345K->483632K(1018368K), 0.1238809 secs] [Times: user=0.04 sys=0.04, real=0.13 secs] 
2021-06-02T14:58:45.537+0800: 1661277.235: [GC (Allocation Failure) [PSYoungGen: 487968K->23168K(494592K)] 947504K->495775K(1018880K), 0.0340959 secs] [Times: user=0.04 sys=0.05, real=0.03 secs] 
2021-06-02T15:03:29.561+0800: 1661561.259: [GC (Allocation Failure) [PSYoungGen: 487552K->23168K(494080K)] 960159K->508414K(1018368K), 0.0427260 secs] [Times: user=0.04 sys=0.05, real=0.05 secs] 
2021-06-02T15:08:09.969+0800: 1661841.667: [GC (Allocation Failure) [PSYoungGen: 487552K->23680K(495616K)] 972798K->521315K(1019904K), 0.0435162 secs] [Times: user=0.05 sys=0.05, real=0.05 secs] 
2021-06-02T15:12:48.799+0800: 1662120.498: [GC (Allocation Failure) [PSYoungGen: 490112K->25120K(495104K)] 987747K->535515K(1019392K), 0.0366253 secs] [Times: user=0.05 sys=0.04, real=0.04 secs] 
2021-06-02T15:12:48.836+0800: 1662120.535: [Full GC (Ergonomics) [PSYoungGen: 25120K->0K(495104K)] [ParOldGen: 510395K->322295K(524288K)] 535515K->322295K(1019392K), [Metaspace: 96620K->96620K(1138688K)], 0.4739573 secs] [Times: user=1.04 sys=0.00, real=0.47 secs] 
2021-06-02T15:17:25.409+0800: 1662397.107: [GC (Allocation Failure) [PSYoungGen: 466432K->21440K(495616K)] 788727K->343735K(1019904K), 0.0332148 secs] [Times: user=0.08 sys=0.00, real=0.04 secs] 
2021-06-02T15:22:08.067+0800: 1662679.766: [GC (Allocation Failure) [PSYoungGen: 487872K->22752K(495104K)] 810167K->358148K(1019392K), 0.0379360 secs] [Times: user=0.05 sys=0.04, real=0.04 secs] 
2021-06-02T15:26:49.513+0800: 1662961.211: [GC (Allocation Failure) [PSYoungGen: 489184K->22240K(496640K)] 824580K->370153K(1020928K), 0.0414164 secs] [Times: user=0.04 sys=0.04, real=0.04 secs] 
2021-06-02T15:31:32.876+0800: 1663244.574: [GC (Allocation Failure) [PSYoungGen: 490720K->21664K(496128K)] 838633K->381775K(1020416K), 0.0330868 secs] [Times: user=0.08 sys=0.00, real=0.03 secs] 
2021-06-02T15:36:17.456+0800: 1663529.154: [GC (Allocation Failure) [PSYoungGen: 490144K->26528K(494592K)] 850255K->397717K(1018880K), 0.0436631 secs] [Times: user=0.04 sys=0.05, real=0.04 secs] 
2021-06-02T15:41:01.464+0800: 1663813.162: [GC (Allocation Failure) [PSYoungGen: 493472K->22368K(495616K)] 864661K->405244K(1019904K), 0.0375497 secs] [Times: user=0.04 sys=0.04, real=0.03 secs] 
2021-06-02T15:45:46.864+0800: 1664098.562: [GC (Allocation Failure) [PSYoungGen: 489312K->19296K(496128K)] 872188K->414618K(1020416K), 0.0326228 secs] [Times: user=0.05 sys=0.04, real=0.03 secs] 
2021-06-02T15:50:25.908+0800: 1664377.606: [GC (Allocation Failure) [PSYoungGen: 487264K->24192K(496128K)] 882586K->431489K(1020416K), 0.0583877 secs] [Times: user=0.04 sys=0.04, real=0.06 secs] 
2021-06-02T15:55:08.988+0800: 1664660.686: [GC (Allocation Failure) [PSYoungGen: 492160K->19232K(496128K)] 899457K->439910K(1020416K), 0.0344965 secs] [Times: user=0.04 sys=0.05, real=0.04 secs] 
2021-06-02T15:59:54.713+0800: 1664946.411: [GC (Allocation Failure) [PSYoungGen: 487200K->21024K(496128K)] 907878K->453746K(1020416K), 0.0653804 secs] [Times: user=0.05 sys=0.04, real=0.06 secs] 
2021-06-02T16:04:38.310+0800: 1665230.009: [GC (Allocation Failure) [PSYoungGen: 488992K->20416K(496640K)] 921714K->465105K(1020928K), 0.0361250 secs] [Times: user=0.04 sys=0.04, real=0.04 secs] 
2021-06-02T16:09:21.148+0800: 1665512.846: [GC (Allocation Failure) [PSYoungGen: 488896K->20160K(496128K)] 933585K->476566K(1020416K), 0.0425907 secs] [Times: user=0.04 sys=0.05, real=0.04 secs] 
2021-06-02T16:14:05.724+0800: 1665797.423: [GC (Allocation Failure) [PSYoungGen: 488640K->23360K(496640K)] 945046K->491381K(1020928K), 0.0420905 secs] [Times: user=0.09 sys=0.00, real=0.04 secs] 
2021-06-02T16:18:51.346+0800: 1666083.044: [GC (Allocation Failure) [PSYoungGen: 492352K->21504K(496640K)] 960373K->501411K(1020928K), 0.0754933 secs] [Times: user=0.05 sys=0.04, real=0.07 secs] 
2021-06-02T16:23:36.244+0800: 1666367.942: [GC (Allocation Failure) [PSYoungGen: 490496K->22176K(497664K)] 970403K->514193K(1021952K), 0.0348494 secs] [Times: user=0.04 sys=0.04, real=0.03 secs] 
2021-06-02T16:28:18.393+0800: 1666650.091: [GC (Allocation Failure) [PSYoungGen: 492704K->23168K(497152K)] 984721K->527655K(1021440K), 0.0461007 secs] [Times: user=0.05 sys=0.06, real=0.04 secs] 
2021-06-02T16:33:01.562+0800: 1666933.260: [GC (Allocation Failure) [PSYoungGen: 493696K->22880K(497664K)] 998183K->540268K(1021952K), 0.0524410 secs] [Times: user=0.06 sys=0.06, real=0.06 secs] 
2021-06-02T16:33:01.615+0800: 1666933.313: [Full GC (Ergonomics) [PSYoungGen: 22880K->0K(497664K)] [ParOldGen: 517388K->331143K(524288K)] 540268K->331143K(1021952K), [Metaspace: 96620K->96620K(1138688K)], 0.6894991 secs] [Times: user=1.31 sys=0.00, real=0.69 secs] 
2021-06-02T16:37:45.795+0800: 1667217.493: [GC (Allocation Failure) [PSYoungGen: 471040K->19264K(497664K)] 802183K->350407K(1021952K), 0.0362827 secs] [Times: user=0.04 sys=0.05, real=0.03 secs] 
2021-06-02T16:42:29.570+0800: 1667501.269: [GC (Allocation Failure) [PSYoungGen: 490304K->24608K(496640K)] 821447K->368548K(1020928K), 0.0450828 secs] [Times: user=0.05 sys=0.06, real=0.05 secs] 
2021-06-02T16:47:14.580+0800: 1667786.278: [GC (Allocation Failure) [PSYoungGen: 494624K->25664K(496128K)] 838564K->382035K(1020416K), 0.0426596 secs] [Times: user=0.05 sys=0.05, real=0.05 secs] 
2021-06-02T16:51:56.102+0800: 1668067.800: [GC (Allocation Failure) [PSYoungGen: 495680K->23520K(496640K)] 852051K->392745K(1020928K), 0.0447098 secs] [Times: user=0.10 sys=0.00, real=0.05 secs] 
2021-06-02T16:56:37.032+0800: 1668348.730: [GC (Allocation Failure) [PSYoungGen: 492000K->20640K(496128K)] 861225K->401832K(1020416K), 0.0483957 secs] [Times: user=0.05 sys=0.05, real=0.05 secs] 
2021-06-02T17:01:17.600+0800: 1668629.298: [GC (Allocation Failure) [PSYoungGen: 489120K->23616K(496640K)] 870312K->416766K(1020928K), 0.0417651 secs] [Times: user=0.05 sys=0.04, real=0.04 secs] 
2021-06-02T17:05:58.707+0800: 1668910.405: [GC (Allocation Failure) [PSYoungGen: 492608K->19648K(496640K)] 885758K->425196K(1020928K), 0.0368754 secs] [Times: user=0.09 sys=0.00, real=0.04 secs] 
2021-06-02T17:10:48.494+0800: 1669200.193: [GC (Allocation Failure) [PSYoungGen: 488640K->19488K(496640K)] 894188K->436498K(1020928K), 0.0363180 secs] [Times: user=0.05 sys=0.05, real=0.03 secs] 
2021-06-02T17:15:33.990+0800: 1669485.688: [GC (Allocation Failure) [PSYoungGen: 488480K->23584K(496640K)] 905490K->452590K(1020928K), 0.0390654 secs] [Times: user=0.10 sys=0.00, real=0.04 secs] 
2021-06-02T17:20:23.242+0800: 1669774.940: [GC (Allocation Failure) [PSYoungGen: 492576K->23936K(496640K)] 921582K->465044K(1020928K), 0.0415312 secs] [Times: user=0.10 sys=0.00, real=0.05 secs] 
2021-06-02T17:25:07.573+0800: 1670059.271: [GC (Allocation Failure) [PSYoungGen: 492928K->23616K(496640K)] 934036K->476987K(1020928K), 0.0375654 secs] [Times: user=0.04 sys=0.04, real=0.03 secs] 
2021-06-02T17:29:54.969+0800: 1670346.668: [GC (Allocation Failure) [PSYoungGen: 492608K->20320K(496640K)] 945979K->486248K(1020928K), 0.0546327 secs] [Times: user=0.04 sys=0.05, real=0.06 secs] 
2021-06-02T17:34:36.961+0800: 1670628.659: [GC (Allocation Failure) [PSYoungGen: 489312K->19808K(496640K)] 955240K->495509K(1020928K), 0.0352270 secs] [Times: user=0.05 sys=0.04, real=0.04 secs] 
2021-06-02T17:39:23.844+0800: 1670915.542: [GC (Allocation Failure) [PSYoungGen: 488800K->22432K(497152K)] 964501K->508739K(1021440K), 0.0349383 secs] [Times: user=0.05 sys=0.04, real=0.03 secs] 
2021-06-02T17:44:12.294+0800: 1671203.992: [GC (Allocation Failure) [PSYoungGen: 491936K->22016K(496640K)] 978243K->519681K(1020928K), 0.0335870 secs] [Times: user=0.04 sys=0.05, real=0.03 secs] 
2021-06-02T17:48:59.833+0800: 1671491.531: [GC (Allocation Failure) [PSYoungGen: 491520K->18752K(497664K)] 989185K->528973K(1021952K), 0.0363610 secs] [Times: user=0.04 sys=0.04, real=0.03 secs] 
2021-06-02T17:48:59.870+0800: 1671491.568: [Full GC (Ergonomics) [PSYoungGen: 18752K->0K(497664K)] [ParOldGen: 510221K->313333K(524288K)] 528973K->313333K(1021952K), [Metaspace: 96620K->96620K(1138688K)], 0.5835172 secs] [Times: user=1.15 sys=0.00, real=0.59 secs] 
2021-06-02T17:53:47.152+0800: 1671778.851: [GC (Allocation Failure) [PSYoungGen: 471040K->23840K(495104K)] 784373K->337173K(1019392K), 0.0309114 secs] [Times: user=0.03 sys=0.04, real=0.03 secs] 
2021-06-02T17:58:37.167+0800: 1672068.865: [GC (Allocation Failure) [PSYoungGen: 494880K->15776K(496128K)] 808213K->343725K(1020416K), 0.0280651 secs] [Times: user=0.04 sys=0.04, real=0.03 secs] 
2021-06-02T18:03:23.077+0800: 1672354.776: [GC (Allocation Failure) [PSYoungGen: 484768K->18240K(496640K)] 812717K->357241K(1020928K), 0.0589019 secs] [Times: user=0.04 sys=0.04, real=0.06 secs] 
2021-06-02T18:08:03.502+0800: 1672635.201: [GC (Allocation Failure) [PSYoungGen: 487232K->22272K(496640K)] 826233K->372240K(1020928K), 0.0455481 secs] [Times: user=0.04 sys=0.05, real=0.04 secs] 
2021-06-02T18:12:43.472+0800: 1672915.171: [GC (Allocation Failure) [PSYoungGen: 491264K->23424K(496640K)] 841232K->385774K(1020928K), 0.0374880 secs] [Times: user=0.04 sys=0.05, real=0.03 secs] 
2021-06-02T18:17:30.948+0800: 1673202.646: [GC (Allocation Failure) [PSYoungGen: 492410K->18880K(496640K)] 854760K->393076K(1020928K), 0.0339623 secs] [Times: user=0.04 sys=0.04, real=0.04 secs] 
2021-06-02T18:22:12.639+0800: 1673484.337: [GC (Allocation Failure) [PSYoungGen: 487872K->21728K(496640K)] 862068K->407289K(1020928K), 0.0593569 secs] [Times: user=0.06 sys=0.06, real=0.06 secs] 
2021-06-02T18:27:00.256+0800: 1673771.954: [GC (Allocation Failure) [PSYoungGen: 490720K->19136K(497664K)] 876281K->417159K(1021952K), 0.0487160 secs] [Times: user=0.06 sys=0.05, real=0.05 secs] 
2021-06-02T18:31:48.369+0800: 1674060.067: [GC (Allocation Failure) [PSYoungGen: 489664K->22592K(497152K)] 887687K->433572K(1021440K), 0.0421319 secs] [Times: user=0.05 sys=0.04, real=0.04 secs] 
2021-06-02T18:36:25.974+0800: 1674337.672: [GC (Allocation Failure) [PSYoungGen: 493120K->20960K(497664K)] 904100K->442889K(1021952K), 0.0356768 secs] [Times: user=0.04 sys=0.04, real=0.03 secs] 
2021-06-02T18:41:13.639+0800: 1674625.337: [GC (Allocation Failure) [PSYoungGen: 491488K->21216K(497152K)] 913417K->455374K(1021440K), 0.0340565 secs] [Times: user=0.04 sys=0.04, real=0.04 secs] 
2021-06-02T18:45:57.624+0800: 1674909.322: [GC (Allocation Failure) [PSYoungGen: 491744K->21184K(498688K)] 925902K->467100K(1022976K), 0.0351974 secs] [Times: user=0.04 sys=0.05, real=0.03 secs] 
2021-06-02T18:50:41.363+0800: 1675193.062: [GC (Allocation Failure) [PSYoungGen: 493760K->24320K(498176K)] 939676K->482883K(1022464K), 0.0375890 secs] [Times: user=0.04 sys=0.04, real=0.03 secs] 
2021-06-02T18:55:26.045+0800: 1675477.743: [GC (Allocation Failure) [PSYoungGen: 496896K->23328K(497152K)] 955459K->494683K(1021440K), 0.0374862 secs] [Times: user=0.04 sys=0.04, real=0.04 secs] 
2021-06-02T19:00:12.815+0800: 1675764.514: [GC (Allocation Failure) [PSYoungGen: 494368K->22400K(497664K)] 965723K->506617K(1021952K), 0.0382794 secs] [Times: user=0.04 sys=0.05, real=0.04 secs] 
2021-06-02T19:04:54.254+0800: 1676045.952: [GC (Allocation Failure) [PSYoungGen: 493440K->22464K(498176K)] 977657K->518448K(1022464K), 0.0424595 secs] [Times: user=0.04 sys=0.04, real=0.04 secs] 
2021-06-02T19:09:44.703+0800: 1676336.401: [GC (Allocation Failure) [PSYoungGen: 494528K->20704K(498176K)] 990512K->529811K(1022464K), 0.0320872 secs] [Times: user=0.04 sys=0.04, real=0.03 secs] 
2021-06-02T19:14:31.699+0800: 1676623.398: [GC (Allocation Failure) [PSYoungGen: 492768K->20160K(498688K)] 1001875K->542017K(1022976K), 0.0351532 secs] [Times: user=0.04 sys=0.04, real=0.04 secs] 
2021-06-02T19:14:31.735+0800: 1676623.433: [Full GC (Ergonomics) [PSYoungGen: 20160K->0K(498688K)] [ParOldGen: 521857K->337948K(524288K)] 542017K->337948K(1022976K), [Metaspace: 96620K->96620K(1138688K)], 0.4604232 secs] [Times: user=0.96 sys=0.00, real=0.46 secs] 
2021-06-02T19:19:10.498+0800: 1676902.196: [GC (Allocation Failure) [PSYoungGen: 472576K->23434K(498176K)] 810524K->361382K(1022464K), 0.0324102 secs] [Times: user=0.04 sys=0.04, real=0.03 secs] 
2021-06-02T19:23:58.172+0800: 1677189.870: [GC (Allocation Failure) [PSYoungGen: 496010K->21568K(498688K)] 833958K->372210K(1022976K), 0.0354990 secs] [Times: user=0.05 sys=0.05, real=0.04 secs] 
2021-06-02T19:28:43.969+0800: 1677475.667: [GC (Allocation Failure) [PSYoungGen: 494144K->23552K(498176K)] 844786K->386577K(1022464K), 0.0470121 secs] [Times: user=0.04 sys=0.06, real=0.05 secs] 
2021-06-02T19:33:26.542+0800: 1677758.240: [GC (Allocation Failure) [PSYoungGen: 496128K->22144K(498688K)] 859153K->397600K(1022976K), 0.0387492 secs] [Times: user=0.04 sys=0.05, real=0.04 secs] 
2021-06-02T19:38:11.196+0800: 1678042.895: [GC (Allocation Failure) [PSYoungGen: 494720K->19520K(498176K)] 870176K->406588K(1022464K), 0.0311944 secs] [Times: user=0.04 sys=0.04, real=0.03 secs] 
2021-06-02T19:42:59.822+0800: 1678331.521: [GC (Allocation Failure) [PSYoungGen: 492096K->21248K(498688K)] 879164K->419881K(1022976K), 0.0473312 secs] [Times: user=0.04 sys=0.05, real=0.04 secs] 
2021-06-02T19:47:45.025+0800: 1678616.724: [GC (Allocation Failure) [PSYoungGen: 494336K->24480K(497664K)] 892969K->435136K(1021952K), 0.0418553 secs] [Times: user=0.04 sys=0.05, real=0.04 secs] 
2021-06-02T19:52:32.215+0800: 1678903.914: [GC (Allocation Failure) [PSYoungGen: 497568K->24704K(497152K)] 908224K->446512K(1021440K), 0.0416989 secs] [Times: user=0.04 sys=0.04, real=0.04 secs] 
2021-06-02T19:57:15.518+0800: 1679187.216: [GC (Allocation Failure) [PSYoungGen: 495744K->22656K(497664K)] 917552K->457406K(1021952K), 0.0381128 secs] [Times: user=0.05 sys=0.05, real=0.04 secs] 
2021-06-02T20:02:03.259+0800: 1679474.958: [GC (Allocation Failure) [PSYoungGen: 493696K->24000K(497664K)] 928446K->469891K(1021952K), 0.0360163 secs] [Times: user=0.04 sys=0.04, real=0.04 secs] 
2021-06-02T20:06:45.727+0800: 1679757.425: [GC (Allocation Failure) [PSYoungGen: 495040K->21952K(497664K)] 940931K->479912K(1021952K), 0.0335399 secs] [Times: user=0.03 sys=0.05, real=0.03 secs] 
2021-06-02T20:11:35.167+0800: 1680046.865: [GC (Allocation Failure) [PSYoungGen: 492992K->19456K(497664K)] 950952K->488452K(1021952K), 0.0367571 secs] [Times: user=0.05 sys=0.04, real=0.04 secs] 
2021-06-02T20:16:20.342+0800: 1680332.040: [GC (Allocation Failure) [PSYoungGen: 490496K->24576K(496128K)] 959492K->505098K(1020416K), 0.0558210 secs] [Times: user=0.10 sys=0.00, real=0.05 secs] 
2021-06-02T20:21:01.076+0800: 1680612.774: [GC (Allocation Failure) [PSYoungGen: 495616K->20288K(497152K)] 976138K->512991K(1021440K), 0.0372045 secs] [Times: user=0.05 sys=0.05, real=0.04 secs] 
2021-06-02T20:25:44.956+0800: 1680896.655: [GC (Allocation Failure) [PSYoungGen: 490304K->22656K(497152K)] 983007K->527094K(1021440K), 0.0356319 secs] [Times: user=0.09 sys=0.00, real=0.04 secs] 
2021-06-02T20:30:31.288+0800: 1681182.986: [GC (Allocation Failure) [PSYoungGen: 492672K->17856K(496640K)] 997110K->535043K(1020928K), 0.0511796 secs] [Times: user=0.05 sys=0.06, real=0.05 secs] 
2021-06-02T20:30:31.340+0800: 1681183.038: [Full GC (Ergonomics) [PSYoungGen: 17856K->0K(496640K)] [ParOldGen: 517187K->311375K(524288K)] 535043K->311375K(1020928K), [Metaspace: 96621K->96621K(1138688K)], 0.4923944 secs] [Times: user=1.13 sys=0.00, real=0.50 secs] 
2021-06-02T20:35:20.541+0800: 1681472.240: [GC (Allocation Failure) [PSYoungGen: 470016K->17760K(497152K)] 781391K->329135K(1021440K), 0.0389794 secs] [Times: user=0.03 sys=0.03, real=0.04 secs] 
2021-06-02T20:40:05.662+0800: 1681757.360: [GC (Allocation Failure) [PSYoungGen: 487776K->22752K(497152K)] 799151K->345627K(1021440K), 0.0565607 secs] [Times: user=0.09 sys=0.00, real=0.06 secs] 
2021-06-02T20:44:50.129+0800: 1682041.827: [GC (Allocation Failure) [PSYoungGen: 492765K->21824K(497152K)] 815641K->356945K(1021440K), 0.0331058 secs] [Times: user=0.05 sys=0.04, real=0.04 secs] 
2021-06-02T20:49:35.255+0800: 1682326.953: [GC (Allocation Failure) [PSYoungGen: 491840K->21312K(498176K)] 826961K->369854K(1022464K), 0.0328784 secs] [Times: user=0.04 sys=0.04, real=0.03 secs] 
2021-06-02T20:54:25.993+0800: 1682617.691: [GC (Allocation Failure) [PSYoungGen: 492864K->19840K(497664K)] 841406K->379861K(1021952K), 0.0458228 secs] [Times: user=0.04 sys=0.05, real=0.04 secs] 
2021-06-02T20:59:11.386+0800: 1682903.084: [GC (Allocation Failure) [PSYoungGen: 491392K->23424K(497152K)] 851413K->394987K(1021440K), 0.0499927 secs] [Times: user=0.04 sys=0.05, real=0.05 secs] 
2021-06-02T21:03:58.632+0800: 1683190.330: [GC (Allocation Failure) [PSYoungGen: 494464K->23072K(497664K)] 866027K->405521K(1021952K), 0.0424185 secs] [Times: user=0.04 sys=0.06, real=0.05 secs] 
2021-06-02T21:08:49.032+0800: 1683480.731: [GC (Allocation Failure) [PSYoungGen: 494112K->22176K(498176K)] 876561K->416799K(1022464K), 0.0336621 secs] [Times: user=0.09 sys=0.00, real=0.03 secs] 
2021-06-02T21:13:33.232+0800: 1683764.930: [GC (Allocation Failure) [PSYoungGen: 493728K->21632K(497664K)] 888351K->428063K(1021952K), 0.0351451 secs] [Times: user=0.04 sys=0.05, real=0.04 secs] 
2021-06-02T21:18:20.886+0800: 1684052.584: [GC (Allocation Failure) [PSYoungGen: 493184K->23744K(497664K)] 899615K->441485K(1021952K), 0.0388089 secs] [Times: user=0.05 sys=0.05, real=0.04 secs] 
2021-06-02T21:23:08.848+0800: 1684340.547: [GC (Allocation Failure) [PSYoungGen: 495808K->17088K(489472K)] 913549K->447281K(1013760K), 0.0272276 secs] [Times: user=0.04 sys=0.04, real=0.03 secs] 
2021-06-02T21:28:00.574+0800: 1684632.272: [GC (Allocation Failure) [PSYoungGen: 489152K->17632K(497664K)] 919345K->460324K(1021952K), 0.0364467 secs] [Times: user=0.04 sys=0.04, real=0.03 secs] 
2021-06-02T21:32:43.910+0800: 1684915.609: [GC (Allocation Failure) [PSYoungGen: 488672K->19136K(497664K)] 931364K->473449K(1021952K), 0.0397966 secs] [Times: user=0.04 sys=0.04, real=0.04 secs] 
2021-06-02T21:37:29.536+0800: 1685201.234: [GC (Allocation Failure) [PSYoungGen: 490176K->20768K(498176K)] 944489K->486007K(1022464K), 0.0373749 secs] [Times: user=0.04 sys=0.04, real=0.04 secs] 
2021-06-02T21:42:16.675+0800: 1685488.373: [GC (Allocation Failure) [PSYoungGen: 492317K->22208K(497664K)] 957557K->500077K(1021952K), 0.0702404 secs] [Times: user=0.05 sys=0.05, real=0.07 secs] 
2021-06-02T21:47:03.320+0800: 1685775.018: [GC (Allocation Failure) [PSYoungGen: 493760K->22688K(498176K)] 971629K->511908K(1022464K), 0.0347487 secs] [Times: user=0.04 sys=0.05, real=0.04 secs] 
2021-06-02T21:51:52.527+0800: 1686064.226: [GC (Allocation Failure) [PSYoungGen: 494752K->19616K(498176K)] 983972K->520633K(1022464K), 0.0318162 secs] [Times: user=0.05 sys=0.04, real=0.03 secs] 
2021-06-02T21:56:45.826+0800: 1686357.524: [GC (Allocation Failure) [PSYoungGen: 491680K->18720K(498176K)] 992697K->533252K(1022464K), 0.0366552 secs] [Times: user=0.04 sys=0.04, real=0.04 secs] 
2021-06-02T21:56:45.863+0800: 1686357.561: [Full GC (Ergonomics) [PSYoungGen: 18720K->0K(498176K)] [ParOldGen: 514532K->331359K(524288K)] 533252K->331359K(1022464K), [Metaspace: 96621K->96621K(1138688K)], 0.4823360 secs] [Times: user=1.04 sys=0.00, real=0.48 secs] 
2021-06-02T22:01:35.626+0800: 1686647.324: [GC (Allocation Failure) [PSYoungGen: 472064K->22080K(498176K)] 803423K->353439K(1022464K), 0.0296923 secs] [Times: user=0.04 sys=0.04, real=0.03 secs] 
2021-06-02T22:06:22.725+0800: 1686934.423: [GC (Allocation Failure) [PSYoungGen: 494144K->20608K(498688K)] 825503K->364435K(1022976K), 0.0324830 secs] [Times: user=0.04 sys=0.04, real=0.03 secs] 
2021-06-02T22:11:10.021+0800: 1687221.719: [GC (Allocation Failure) [PSYoungGen: 493184K->23104K(498176K)] 837011K->379313K(1022464K), 0.0403491 secs] [Times: user=0.05 sys=0.05, real=0.04 secs] 
2021-06-02T22:15:53.960+0800: 1687505.658: [GC (Allocation Failure) [PSYoungGen: 495680K->22528K(498176K)] 851889K->390167K(1022464K), 0.0803637 secs] [Times: user=0.04 sys=0.05, real=0.08 secs] 
2021-06-02T22:20:39.781+0800: 1687791.479: [GC (Allocation Failure) [PSYoungGen: 494592K->23776K(496128K)] 862231K->402814K(1020416K), 0.0386042 secs] [Times: user=0.05 sys=0.04, real=0.04 secs] 
2021-06-02T22:25:27.586+0800: 1688079.284: [GC (Allocation Failure) [PSYoungGen: 495840K->22272K(498176K)] 874878K->413372K(1022464K), 0.0367612 secs] [Times: user=0.05 sys=0.04, real=0.04 secs] 
2021-06-02T22:30:10.648+0800: 1688362.347: [GC (Allocation Failure) [PSYoungGen: 493824K->21760K(497664K)] 884924K->425617K(1021952K), 0.0349717 secs] [Times: user=0.04 sys=0.04, real=0.04 secs] 
2021-06-02T22:34:56.208+0800: 1688647.906: [GC (Allocation Failure) [PSYoungGen: 493312K->18080K(498176K)] 897169K->434083K(1022464K), 0.0381349 secs] [Times: user=0.04 sys=0.05, real=0.04 secs] 
2021-06-02T22:39:47.308+0800: 1688939.006: [GC (Allocation Failure) [PSYoungGen: 490144K->19840K(498176K)] 906147K->447153K(1022464K), 0.0321191 secs] [Times: user=0.04 sys=0.05, real=0.03 secs] 
2021-06-02T22:44:35.571+0800: 1689227.269: [GC (Allocation Failure) [PSYoungGen: 491904K->19008K(498688K)] 919217K->458957K(1022976K), 0.0334391 secs] [Times: user=0.04 sys=0.05, real=0.04 secs] 
2021-06-02T22:49:26.525+0800: 1689518.224: [GC (Allocation Failure) [PSYoungGen: 492096K->21504K(498688K)] 932045K->472764K(1022976K), 0.0410424 secs] [Times: user=0.05 sys=0.05, real=0.04 secs] 
2021-06-02T22:54:15.901+0800: 1689807.599: [GC (Allocation Failure) [PSYoungGen: 494592K->16704K(498688K)] 945852K->480598K(1022976K), 0.0302967 secs] [Times: user=0.04 sys=0.04, real=0.03 secs] 
2021-06-02T22:59:05.069+0800: 1690096.767: [GC (Allocation Failure) [PSYoungGen: 489792K->19936K(498688K)] 953686K->494924K(1022976K), 0.0466124 secs] [Times: user=0.05 sys=0.05, real=0.05 secs] 
2021-06-02T23:03:56.640+0800: 1690388.338: [GC (Allocation Failure) [PSYoungGen: 493024K->21216K(499200K)] 968012K->507090K(1023488K), 0.0419409 secs] [Times: user=0.06 sys=0.06, real=0.04 secs] 
2021-06-02T23:08:45.015+0800: 1690676.714: [GC (Allocation Failure) [PSYoungGen: 494816K->23072K(498688K)] 980690K->520711K(1022976K), 0.0360006 secs] [Times: user=0.04 sys=0.04, real=0.03 secs] 
2021-06-02T23:13:28.662+0800: 1690960.360: [GC (Allocation Failure) [PSYoungGen: 496672K->22016K(498688K)] 994311K->531765K(1022976K), 0.0343758 secs] [Times: user=0.04 sys=0.05, real=0.04 secs] 
2021-06-02T23:18:09.531+0800: 1691241.229: [GC (Allocation Failure) [PSYoungGen: 495104K->23360K(496640K)] 1004853K->544596K(1020928K), 0.0356119 secs] [Times: user=0.04 sys=0.04, real=0.04 secs] 
2021-06-02T23:18:09.567+0800: 1691241.265: [Full GC (Ergonomics) [PSYoungGen: 23360K->0K(496640K)] [ParOldGen: 521236K->326160K(524288K)] 544596K->326160K(1020928K), [Metaspace: 96621K->96621K(1138688K)], 0.5020076 secs] [Times: user=1.02 sys=0.00, real=0.50 secs] 
2021-06-02T23:22:54.674+0800: 1691526.372: [GC (Allocation Failure) [PSYoungGen: 473088K->23392K(497152K)] 799248K->349552K(1021440K), 0.0347415 secs] [Times: user=0.03 sys=0.04, real=0.03 secs] 
2021-06-02T23:27:43.225+0800: 1691814.923: [GC (Allocation Failure) [PSYoungGen: 494432K->19136K(497664K)] 820592K->359980K(1021952K), 0.0323577 secs] [Times: user=0.04 sys=0.05, real=0.03 secs] 
2021-06-02T23:32:26.758+0800: 1692098.457: [GC (Allocation Failure) [PSYoungGen: 490176K->23456K(497664K)] 831020K->375331K(1021952K), 0.0372872 secs] [Times: user=0.05 sys=0.05, real=0.04 secs] 
2021-06-02T23:37:10.782+0800: 1692382.481: [GC (Allocation Failure) [PSYoungGen: 494496K->20320K(497664K)] 846371K->385400K(1021952K), 0.0358277 secs] [Times: user=0.04 sys=0.04, real=0.03 secs] 
2021-06-02T23:41:55.449+0800: 1692667.147: [GC (Allocation Failure) [PSYoungGen: 491360K->22976K(497664K)] 856440K->399574K(1021952K), 0.0455216 secs] [Times: user=0.06 sys=0.05, real=0.05 secs] 
2021-06-02T23:46:42.306+0800: 1692954.004: [GC (Allocation Failure) [PSYoungGen: 494016K->23136K(497664K)] 870614K->412723K(1021952K), 0.0380909 secs] [Times: user=0.05 sys=0.05, real=0.04 secs] 
2021-06-02T23:51:30.291+0800: 1693241.989: [GC (Allocation Failure) [PSYoungGen: 494176K->17248K(496640K)] 883763K->418671K(1020928K), 0.0351603 secs] [Times: user=0.04 sys=0.04, real=0.04 secs] 
2021-06-02T23:56:15.473+0800: 1693527.171: [GC (Allocation Failure) [PSYoungGen: 487264K->18752K(497152K)] 888687K->430236K(1021440K), 0.0658195 secs] [Times: user=0.04 sys=0.05, real=0.06 secs] 
2021-06-03T00:00:48.960+0800: 1693800.659: [GC (Allocation Failure) [PSYoungGen: 488768K->21184K(498176K)] 900252K->444041K(1022464K), 0.0421407 secs] [Times: user=0.10 sys=0.00, real=0.05 secs] 
2021-06-03T00:05:31.337+0800: 1694083.036: [GC (Allocation Failure) [PSYoungGen: 492736K->19456K(497664K)] 915593K->452310K(1021952K), 0.0345051 secs] [Times: user=0.05 sys=0.05, real=0.04 secs] 
2021-06-03T00:10:16.640+0800: 1694368.338: [GC (Allocation Failure) [PSYoungGen: 491008K->24800K(496128K)] 923862K->469109K(1020416K), 0.0347988 secs] [Times: user=0.04 sys=0.05, real=0.04 secs] 
2021-06-03T00:15:03.697+0800: 1694655.395: [GC (Allocation Failure) [PSYoungGen: 494816K->21280K(497152K)] 939125K->478970K(1021440K), 0.0383399 secs] [Times: user=0.04 sys=0.04, real=0.04 secs] 
2021-06-03T00:19:48.132+0800: 1694939.830: [GC (Allocation Failure) [PSYoungGen: 491296K->23200K(497664K)] 948986K->491447K(1021952K), 0.0401552 secs] [Times: user=0.04 sys=0.05, real=0.05 secs] 
2021-06-03T00:24:32.626+0800: 1695224.325: [GC (Allocation Failure) [PSYoungGen: 494240K->23616K(495104K)] 962487K->503269K(1019392K), 0.0383882 secs] [Times: user=0.04 sys=0.05, real=0.04 secs] 
2021-06-03T00:29:20.295+0800: 1695511.993: [GC (Allocation Failure) [PSYoungGen: 494624K->18976K(497152K)] 974278K->511539K(1021440K), 0.0322431 secs] [Times: user=0.04 sys=0.04, real=0.03 secs] 
2021-06-03T00:34:08.391+0800: 1695800.089: [GC (Allocation Failure) [PSYoungGen: 488992K->20512K(497152K)] 981555K->523666K(1021440K), 0.0329513 secs] [Times: user=0.04 sys=0.05, real=0.04 secs] 
2021-06-03T00:38:49.553+0800: 1696081.252: [GC (Allocation Failure) [PSYoungGen: 490528K->24512K(496640K)] 993682K->539872K(1020928K), 0.0568683 secs] [Times: user=0.05 sys=0.04, real=0.05 secs] 
2021-06-03T00:38:49.611+0800: 1696081.309: [Full GC (Ergonomics) [PSYoungGen: 24512K->0K(496640K)] [ParOldGen: 515360K->326431K(524288K)] 539872K->326431K(1020928K), [Metaspace: 96622K->96622K(1138688K)], 0.5145137 secs] [Times: user=1.07 sys=0.00, real=0.52 secs] 
2021-06-03T00:43:34.897+0800: 1696366.595: [GC (Allocation Failure) [PSYoungGen: 470016K->21696K(497152K)] 796447K->348127K(1021440K), 0.0334977 secs] [Times: user=0.03 sys=0.04, real=0.03 secs] 
2021-06-03T00:48:20.356+0800: 1696652.054: [GC (Allocation Failure) [PSYoungGen: 491712K->21152K(497664K)] 818143K->360499K(1021952K), 0.0371391 secs] [Times: user=0.03 sys=0.05, real=0.04 secs] 
2021-06-03T00:53:06.315+0800: 1696938.013: [GC (Allocation Failure) [PSYoungGen: 492192K->18880K(497664K)] 831539K->369312K(1021952K), 0.1014868 secs] [Times: user=0.05 sys=0.05, real=0.10 secs] 
2021-06-03T00:57:47.375+0800: 1697219.073: [GC (Allocation Failure) [PSYoungGen: 489920K->22784K(497664K)] 840352K->384759K(1021952K), 0.0399093 secs] [Times: user=0.04 sys=0.05, real=0.04 secs] 
2021-06-03T01:02:36.603+0800: 1697508.301: [GC (Allocation Failure) [PSYoungGen: 493824K->22368K(497664K)] 855799K->396262K(1021952K), 0.0396466 secs] [Times: user=0.04 sys=0.05, real=0.04 secs] 
2021-06-03T01:07:26.502+0800: 1697798.200: [GC (Allocation Failure) [PSYoungGen: 493408K->20640K(498176K)] 867302K->407427K(1022464K), 0.0698733 secs] [Times: user=0.04 sys=0.04, real=0.07 secs] 
2021-06-03T01:12:11.709+0800: 1698083.407: [GC (Allocation Failure) [PSYoungGen: 492704K->24512K(496640K)] 879491K->423235K(1020928K), 0.0371270 secs] [Times: user=0.05 sys=0.04, real=0.04 secs] 
2021-06-03T01:17:01.397+0800: 1698373.095: [GC (Allocation Failure) [PSYoungGen: 496576K->19520K(497664K)] 895299K->430832K(1021952K), 0.0501635 secs] [Times: user=0.05 sys=0.05, real=0.05 secs] 
2021-06-03T01:21:40.645+0800: 1698652.343: [GC (Allocation Failure) [PSYoungGen: 490558K->22442K(497664K)] 901871K->445456K(1021952K), 0.0317706 secs] [Times: user=0.08 sys=0.00, real=0.03 secs] 
2021-06-03T01:26:25.973+0800: 1698937.671: [GC (Allocation Failure) [PSYoungGen: 493482K->19360K(497664K)] 916496K->455333K(1021952K), 0.0472573 secs] [Times: user=0.05 sys=0.04, real=0.04 secs] 
2021-06-03T01:31:11.085+0800: 1699222.783: [GC (Allocation Failure) [PSYoungGen: 490400K->20352K(497664K)] 926373K->467930K(1021952K), 0.0354009 secs] [Times: user=0.05 sys=0.04, real=0.03 secs] 
2021-06-03T01:35:59.253+0800: 1699510.951: [GC (Allocation Failure) [PSYoungGen: 491392K->19712K(498176K)] 938970K->478494K(1022464K), 0.0322079 secs] [Times: user=0.05 sys=0.04, real=0.03 secs] 
2021-06-03T01:40:48.345+0800: 1699800.043: [GC (Allocation Failure) [PSYoungGen: 491774K->16768K(498176K)] 950556K->487201K(1022464K), 0.0297453 secs] [Times: user=0.08 sys=0.00, real=0.03 secs] 
2021-06-03T01:45:34.475+0800: 1700086.174: [GC (Allocation Failure) [PSYoungGen: 488832K->20512K(498688K)] 959265K->501222K(1022976K), 0.0377285 secs] [Times: user=0.04 sys=0.05, real=0.04 secs] 
2021-06-03T01:50:26.354+0800: 1700378.052: [GC (Allocation Failure) [PSYoungGen: 493088K->22208K(498176K)] 973798K->513773K(1022464K), 0.0374495 secs] [Times: user=0.04 sys=0.04, real=0.03 secs] 
2021-06-03T01:55:16.002+0800: 1700667.701: [GC (Allocation Failure) [PSYoungGen: 494784K->23584K(497664K)] 986349K->527131K(1021952K), 0.0360308 secs] [Times: user=0.05 sys=0.05, real=0.03 secs] 
2021-06-03T02:00:05.697+0800: 1700957.395: [GC (Allocation Failure) [PSYoungGen: 495648K->21632K(498176K)] 999195K->537872K(1022464K), 0.0369732 secs] [Times: user=0.04 sys=0.04, real=0.04 secs] 
2021-06-03T02:00:05.734+0800: 1700957.433: [Full GC (Ergonomics) [PSYoungGen: 21632K->0K(498176K)] [ParOldGen: 516240K->324931K(524288K)] 537872K->324931K(1022464K), [Metaspace: 96626K->96626K(1138688K)], 0.4099225 secs] [Times: user=0.46 sys=0.47, real=0.41 secs] 
2021-06-03T02:04:53.956+0800: 1701245.655: [GC (Allocation Failure) [PSYoungGen: 472064K->20832K(498688K)] 796995K->345763K(1022976K), 0.0280661 secs] [Times: user=0.03 sys=0.04, real=0.03 secs] 
2021-06-03T02:09:39.057+0800: 1701530.755: [GC (Allocation Failure) [PSYoungGen: 493408K->20256K(498176K)] 818339K->358014K(1022464K), 0.0325435 secs] [Times: user=0.04 sys=0.04, real=0.03 secs] 
2021-06-03T02:14:23.099+0800: 1701814.797: [GC (Allocation Failure) [PSYoungGen: 492832K->22400K(498688K)] 830590K->371293K(1022976K), 0.0598122 secs] [Times: user=0.04 sys=0.04, real=0.06 secs] 
2021-06-03T02:19:13.698+0800: 1702105.396: [GC (Allocation Failure) [PSYoungGen: 495488K->21728K(498688K)] 844381K->382954K(1022976K), 0.0400236 secs] [Times: user=0.04 sys=0.05, real=0.04 secs] 
2021-06-03T02:24:02.863+0800: 1702394.561: [GC (Allocation Failure) [PSYoungGen: 494816K->22208K(499200K)] 856042K->395552K(1023488K), 0.0471982 secs] [Times: user=0.05 sys=0.05, real=0.04 secs] 
2021-06-03T02:28:55.965+0800: 1702687.663: [GC (Allocation Failure) [PSYoungGen: 496320K->21728K(499200K)] 869664K->407486K(1023488K), 0.0327451 secs] [Times: user=0.04 sys=0.04, real=0.03 secs] 
2021-06-03T02:33:46.895+0800: 1702978.593: [GC (Allocation Failure) [PSYoungGen: 495840K->19744K(499200K)] 881598K->418275K(1023488K), 0.0596725 secs] [Times: user=0.04 sys=0.04, real=0.06 secs] 
2021-06-03T02:38:36.995+0800: 1703268.694: [GC (Allocation Failure) [PSYoungGen: 493856K->18528K(499200K)] 892387K->427937K(1023488K), 0.0298170 secs] [Times: user=0.04 sys=0.04, real=0.03 secs] 
2021-06-03T02:43:27.157+0800: 1703558.855: [GC (Allocation Failure) [PSYoungGen: 492640K->20864K(499712K)] 902049K->441567K(1024000K), 0.0429224 secs] [Times: user=0.09 sys=0.00, real=0.04 secs] 
2021-06-03T02:48:07.971+0800: 1703839.669: [GC (Allocation Failure) [PSYoungGen: 495488K->22048K(499200K)] 916191K->455061K(1023488K), 0.0378885 secs] [Times: user=0.05 sys=0.05, real=0.04 secs] 
2021-06-03T02:53:00.376+0800: 1704132.074: [GC (Allocation Failure) [PSYoungGen: 496672K->19264K(499712K)] 929685K->465092K(1024000K), 0.0434041 secs] [Times: user=0.05 sys=0.05, real=0.04 secs] 
2021-06-03T02:57:47.360+0800: 1704419.059: [GC (Allocation Failure) [PSYoungGen: 494400K->22848K(498176K)] 940228K->480234K(1022464K), 0.0406813 secs] [Times: user=0.05 sys=0.04, real=0.04 secs] 
2021-06-03T03:02:32.768+0800: 1704704.466: [GC (Allocation Failure) [PSYoungGen: 497984K->19584K(499200K)] 955370K->488991K(1023488K), 0.0382095 secs] [Times: user=0.05 sys=0.05, real=0.04 secs] 
2021-06-03T03:07:20.075+0800: 1704991.773: [GC (Allocation Failure) [PSYoungGen: 493696K->17600K(499200K)] 963103K->498133K(1023488K), 0.0454619 secs] [Times: user=0.04 sys=0.04, real=0.04 secs] 
2021-06-03T03:12:07.626+0800: 1705279.325: [GC (Allocation Failure) [PSYoungGen: 491712K->20608K(499712K)] 972245K->512587K(1024000K), 0.0686092 secs] [Times: user=0.05 sys=0.05, real=0.07 secs] 
2021-06-03T03:16:54.071+0800: 1705565.769: [GC (Allocation Failure) [PSYoungGen: 495232K->24544K(499200K)] 987211K->529146K(1023488K), 0.0583334 secs] [Times: user=0.05 sys=0.05, real=0.06 secs] 
2021-06-03T03:21:37.584+0800: 1705849.282: [GC (Allocation Failure) [PSYoungGen: 499168K->22720K(489984K)] 1003770K->539880K(1014272K), 0.0448965 secs] [Times: user=0.05 sys=0.05, real=0.04 secs] 
2021-06-03T03:21:37.629+0800: 1705849.327: [Full GC (Ergonomics) [PSYoungGen: 22720K->0K(489984K)] [ParOldGen: 517160K->325426K(524288K)] 539880K->325426K(1014272K), [Metaspace: 96626K->96626K(1138688K)], 0.5479694 secs] [Times: user=1.12 sys=0.00, real=0.55 secs] 
2021-06-03T03:26:23.290+0800: 1706134.988: [GC (Allocation Failure) [PSYoungGen: 464896K->20736K(494592K)] 790322K->346162K(1018880K), 0.0310458 secs] [Times: user=0.03 sys=0.04, real=0.04 secs] 
2021-06-03T03:31:03.333+0800: 1706415.031: [GC (Allocation Failure) [PSYoungGen: 485632K->21088K(495616K)] 811058K->360326K(1019904K), 0.0444727 secs] [Times: user=0.05 sys=0.06, real=0.04 secs] 
2021-06-03T03:35:53.418+0800: 1706705.116: [GC (Allocation Failure) [PSYoungGen: 487520K->19904K(495104K)] 826758K->371843K(1019392K), 0.0350703 secs] [Times: user=0.04 sys=0.04, real=0.04 secs] 
2021-06-03T03:40:37.625+0800: 1706989.323: [GC (Allocation Failure) [PSYoungGen: 486336K->23168K(495616K)] 838275K->385891K(1019904K), 0.0359954 secs] [Times: user=0.08 sys=0.00, real=0.03 secs] 
2021-06-03T03:45:19.677+0800: 1707271.375: [GC (Allocation Failure) [PSYoungGen: 490112K->20160K(495616K)] 852835K->396095K(1019904K), 0.0413646 secs] [Times: user=0.05 sys=0.05, real=0.04 secs] 
2021-06-03T03:50:02.580+0800: 1707554.278: [GC (Allocation Failure) [PSYoungGen: 487104K->21568K(496640K)] 863039K->409349K(1020928K), 0.0359119 secs] [Times: user=0.05 sys=0.04, real=0.04 secs] 
2021-06-03T03:54:50.877+0800: 1707842.575: [GC (Allocation Failure) [PSYoungGen: 490048K->23264K(496128K)] 877829K->422275K(1020416K), 0.0463498 secs] [Times: user=0.06 sys=0.05, real=0.05 secs] 
2021-06-03T03:59:31.652+0800: 1708123.350: [GC (Allocation Failure) [PSYoungGen: 491744K->23072K(496640K)] 890755K->432905K(1020928K), 0.0433159 secs] [Times: user=0.05 sys=0.05, real=0.05 secs] 
2021-06-03T04:04:13.859+0800: 1708405.557: [GC (Allocation Failure) [PSYoungGen: 492064K->23552K(496640K)] 901897K->445144K(1020928K), 0.0601945 secs] [Times: user=0.05 sys=0.05, real=0.06 secs] 
2021-06-03T04:08:57.384+0800: 1708689.083: [GC (Allocation Failure) [PSYoungGen: 492544K->21024K(497152K)] 914136K->455285K(1021440K), 0.0493491 secs] [Times: user=0.05 sys=0.06, real=0.05 secs] 
2021-06-03T04:13:42.893+0800: 1708974.592: [GC (Allocation Failure) [PSYoungGen: 490528K->21120K(496640K)] 924789K->466763K(1020928K), 0.0720059 secs] [Times: user=0.04 sys=0.05, real=0.07 secs] 
2021-06-03T04:18:29.206+0800: 1709260.905: [GC (Allocation Failure) [PSYoungGen: 490624K->22496K(497664K)] 936267K->479131K(1021952K), 0.0643089 secs] [Times: user=0.07 sys=0.08, real=0.06 secs] 
2021-06-03T04:23:15.188+0800: 1709546.886: [GC (Allocation Failure) [PSYoungGen: 493536K->22144K(497664K)] 950171K->491898K(1021952K), 0.0396816 secs] [Times: user=0.04 sys=0.05, real=0.04 secs] 
2021-06-03T04:27:58.795+0800: 1709830.493: [GC (Allocation Failure) [PSYoungGen: 493184K->24672K(497152K)] 962938K->505680K(1021440K), 0.0431358 secs] [Times: user=0.05 sys=0.05, real=0.04 secs] 
2021-06-03T04:32:44.945+0800: 1710116.644: [GC (Allocation Failure) [PSYoungGen: 495712K->22144K(497664K)] 976720K->516734K(1021952K), 0.0756061 secs] [Times: user=0.05 sys=0.06, real=0.07 secs] 
2021-06-03T04:37:29.538+0800: 1710401.236: [GC (Allocation Failure) [PSYoungGen: 493184K->20480K(498176K)] 987774K->527084K(1022464K), 0.0496261 secs] [Times: user=0.05 sys=0.04, real=0.05 secs] 
2021-06-03T04:42:15.825+0800: 1710687.524: [GC (Allocation Failure) [PSYoungGen: 492032K->21216K(497664K)] 998636K->539306K(1021952K), 0.0411259 secs] [Times: user=0.06 sys=0.05, real=0.04 secs] 
2021-06-03T04:42:15.867+0800: 1710687.566: [Full GC (Ergonomics) [PSYoungGen: 21216K->0K(497664K)] [ParOldGen: 518090K->327065K(524288K)] 539306K->327065K(1021952K), [Metaspace: 96626K->96626K(1138688K)], 0.5761951 secs] [Times: user=1.18 sys=0.00, real=0.58 secs] 
2021-06-03T04:47:00.837+0800: 1710972.535: [GC (Allocation Failure) [PSYoungGen: 471552K->21120K(498688K)] 798617K->348185K(1022976K), 0.0395730 secs] [Times: user=0.04 sys=0.05, real=0.04 secs] 
2021-06-03T04:51:50.658+0800: 1711262.357: [GC (Allocation Failure) [PSYoungGen: 493696K->21536K(498176K)] 820761K->360950K(1022464K), 0.0368357 secs] [Times: user=0.05 sys=0.05, real=0.04 secs] 
2021-06-03T04:56:37.105+0800: 1711548.803: [GC (Allocation Failure) [PSYoungGen: 494112K->22560K(498688K)] 833526K->374452K(1022976K), 0.0355381 secs] [Times: user=0.05 sys=0.05, real=0.03 secs] 
2021-06-03T05:01:21.305+0800: 1711833.003: [GC (Allocation Failure) [PSYoungGen: 495648K->20352K(498688K)] 847540K->384481K(1022976K), 0.0322596 secs] [Times: user=0.04 sys=0.04, real=0.03 secs] 
2021-06-03T05:06:05.189+0800: 1712116.887: [GC (Allocation Failure) [PSYoungGen: 493440K->19904K(498688K)] 857569K->395638K(1022976K), 0.0522308 secs] [Times: user=0.04 sys=0.05, real=0.05 secs] 
2021-06-03T05:10:50.216+0800: 1712401.914: [GC (Allocation Failure) [PSYoungGen: 492992K->22880K(498688K)] 868726K->408437K(1022976K), 0.0505907 secs] [Times: user=0.05 sys=0.04, real=0.05 secs] 
2021-06-03T05:15:31.880+0800: 1712683.578: [GC (Allocation Failure) [PSYoungGen: 495968K->20672K(499200K)] 881525K->417891K(1023488K), 0.0492270 secs] [Times: user=0.05 sys=0.05, real=0.05 secs] 
2021-06-03T05:20:22.327+0800: 1712974.026: [GC (Allocation Failure) [PSYoungGen: 494272K->19264K(498688K)] 891491K->428289K(1022976K), 0.0403422 secs] [Times: user=0.05 sys=0.05, real=0.04 secs] 
2021-06-03T05:25:10.402+0800: 1713262.100: [GC (Allocation Failure) [PSYoungGen: 492864K->21184K(499200K)] 901889K->442134K(1023488K), 0.0840478 secs] [Times: user=0.05 sys=0.05, real=0.09 secs] 
2021-06-03T05:30:00.700+0800: 1713552.398: [GC (Allocation Failure) [PSYoungGen: 494784K->22432K(498688K)] 915734K->456083K(1022976K), 0.0396779 secs] [Times: user=0.05 sys=0.05, real=0.04 secs] 
2021-06-03T05:34:43.295+0800: 1713834.993: [GC (Allocation Failure) [PSYoungGen: 496032K->24864K(497152K)] 929683K->469626K(1021440K), 0.0420494 secs] [Times: user=0.04 sys=0.05, real=0.04 secs] 
2021-06-03T05:39:25.907+0800: 1714117.605: [GC (Allocation Failure) [PSYoungGen: 496928K->22496K(498176K)] 941690K->480121K(1022464K), 0.0486640 secs] [Times: user=0.04 sys=0.04, real=0.05 secs] 
2021-06-03T05:44:06.048+0800: 1714397.746: [GC (Allocation Failure) [PSYoungGen: 494557K->23360K(498176K)] 952182K->493656K(1022464K), 0.0390251 secs] [Times: user=0.05 sys=0.05, real=0.04 secs] 
2021-06-03T05:48:50.221+0800: 1714681.920: [GC (Allocation Failure) [PSYoungGen: 495424K->21920K(498176K)] 965720K->506029K(1022464K), 0.0400053 secs] [Times: user=0.05 sys=0.05, real=0.04 secs] 
2021-06-03T05:53:29.288+0800: 1714960.987: [GC (Allocation Failure) [PSYoungGen: 493984K->22464K(498688K)] 978093K->518004K(1022976K), 0.0361584 secs] [Times: user=0.04 sys=0.05, real=0.04 secs] 
2021-06-03T05:58:16.135+0800: 1715247.833: [GC (Allocation Failure) [PSYoungGen: 495552K->16864K(489984K)] 991092K->525448K(1014272K), 0.0414263 secs] [Times: user=0.08 sys=0.00, real=0.04 secs] 
2021-06-03T06:03:02.735+0800: 1715534.434: [GC (Allocation Failure) [PSYoungGen: 489952K->20800K(498688K)] 998536K->540502K(1022976K), 0.0376858 secs] [Times: user=0.05 sys=0.05, real=0.04 secs] 
2021-06-03T06:03:02.774+0800: 1715534.472: [Full GC (Ergonomics) [PSYoungGen: 20800K->0K(498688K)] [ParOldGen: 519702K->325445K(524288K)] 540502K->325445K(1022976K), [Metaspace: 96626K->96626K(1138688K)], 0.4872183 secs] [Times: user=1.06 sys=0.00, real=0.48 secs] 
2021-06-03T06:07:51.204+0800: 1715822.902: [GC (Allocation Failure) [PSYoungGen: 472576K->23040K(498176K)] 798021K->348485K(1022464K), 0.0436495 secs] [Times: user=0.03 sys=0.04, real=0.04 secs] 
2021-06-03T06:12:35.201+0800: 1716106.899: [GC (Allocation Failure) [PSYoungGen: 495616K->23488K(498176K)] 821061K->362447K(1022464K), 0.0450135 secs] [Times: user=0.11 sys=0.00, real=0.05 secs] 
2021-06-03T06:17:24.843+0800: 1716396.541: [GC (Allocation Failure) [PSYoungGen: 495552K->17792K(489984K)] 834511K->368501K(1014272K), 0.0298219 secs] [Times: user=0.04 sys=0.04, real=0.03 secs] 
2021-06-03T06:22:09.794+0800: 1716681.492: [GC (Allocation Failure) [PSYoungGen: 489856K->21376K(498176K)] 840565K->384083K(1022464K), 0.0349905 secs] [Times: user=0.04 sys=0.05, real=0.03 secs] 
2021-06-03T06:26:56.687+0800: 1716968.386: [GC (Allocation Failure) [PSYoungGen: 492928K->18592K(497664K)] 855635K->393359K(1021952K), 0.0357174 secs] [Times: user=0.04 sys=0.05, real=0.04 secs] 
2021-06-03T06:31:41.802+0800: 1717253.500: [GC (Allocation Failure) [PSYoungGen: 490144K->24576K(497152K)] 864911K->408822K(1021440K), 0.0421275 secs] [Times: user=0.04 sys=0.05, real=0.05 secs] 
2021-06-03T06:36:25.708+0800: 1717537.406: [GC (Allocation Failure) [PSYoungGen: 495616K->20256K(497664K)] 879862K->417483K(1021952K), 0.0405162 secs] [Times: user=0.04 sys=0.05, real=0.04 secs] 
2021-06-03T06:41:06.311+0800: 1717818.010: [GC (Allocation Failure) [PSYoungGen: 491296K->20992K(498176K)] 888523K->429041K(1022464K), 0.0331715 secs] [Times: user=0.04 sys=0.04, real=0.04 secs] 
2021-06-03T06:45:52.331+0800: 1718104.030: [GC (Allocation Failure) [PSYoungGen: 492544K->25024K(496640K)] 900593K->444088K(1020928K), 0.0363506 secs] [Times: user=0.05 sys=0.05, real=0.04 secs] 
2021-06-03T06:50:39.198+0800: 1718390.896: [GC (Allocation Failure) [PSYoungGen: 496576K->17056K(497152K)] 915640K->449427K(1021440K), 0.0288375 secs] [Times: user=0.04 sys=0.04, real=0.03 secs] 
2021-06-03T06:55:22.374+0800: 1718674.072: [GC (Allocation Failure) [PSYoungGen: 487072K->22816K(497152K)] 919443K->465353K(1021440K), 0.0902031 secs] [Times: user=0.05 sys=0.05, real=0.10 secs] 
2021-06-03T07:00:07.565+0800: 1718959.263: [GC (Allocation Failure) [PSYoungGen: 492832K->21824K(497152K)] 935369K->476575K(1021440K), 0.0349116 secs] [Times: user=0.04 sys=0.05, real=0.03 secs] 
2021-06-03T07:04:53.909+0800: 1719245.607: [GC (Allocation Failure) [PSYoungGen: 491840K->19456K(497152K)] 946591K->485580K(1021440K), 0.0430563 secs] [Times: user=0.05 sys=0.05, real=0.05 secs] 
2021-06-03T07:09:34.718+0800: 1719526.416: [GC (Allocation Failure) [PSYoungGen: 489472K->22656K(497664K)] 955596K->500443K(1021952K), 0.0386016 secs] [Times: user=0.05 sys=0.04, real=0.04 secs] 
2021-06-03T07:14:16.813+0800: 1719808.511: [GC (Allocation Failure) [PSYoungGen: 493696K->23200K(494592K)] 971483K->512522K(1018880K), 0.0351753 secs] [Times: user=0.04 sys=0.04, real=0.03 secs] 
2021-06-03T07:18:53.483+0800: 1720085.181: [GC (Allocation Failure) [PSYoungGen: 494240K->22058K(497664K)] 983562K->522810K(1021952K), 0.0364829 secs] [Times: user=0.04 sys=0.04, real=0.03 secs] 
2021-06-03T07:23:35.854+0800: 1720367.552: [GC (Allocation Failure) [PSYoungGen: 492586K->22816K(497152K)] 993338K->535816K(1021440K), 0.0372198 secs] [Times: user=0.09 sys=0.00, real=0.03 secs] 
2021-06-03T07:23:35.891+0800: 1720367.590: [Full GC (Ergonomics) [PSYoungGen: 22816K->0K(497152K)] [ParOldGen: 513000K->322972K(524288K)] 535816K->322972K(1021440K), [Metaspace: 96626K->96626K(1138688K)], 0.4833187 secs] [Times: user=1.03 sys=0.00, real=0.49 secs] 
2021-06-03T07:28:21.766+0800: 1720653.464: [GC (Allocation Failure) [PSYoungGen: 470528K->20480K(498176K)] 793500K->343452K(1022464K), 0.0293723 secs] [Times: user=0.04 sys=0.04, real=0.03 secs] 
2021-06-03T07:33:02.917+0800: 1720934.615: [GC (Allocation Failure) [PSYoungGen: 492032K->23808K(497664K)] 815004K->357969K(1021952K), 0.0539975 secs] [Times: user=0.04 sys=0.04, real=0.05 secs] 
2021-06-03T07:37:48.204+0800: 1721219.902: [GC (Allocation Failure) [PSYoungGen: 495360K->21664K(498176K)] 829521K->367848K(1022464K), 0.0579780 secs] [Times: user=0.04 sys=0.04, real=0.05 secs] 
2021-06-03T07:42:33.687+0800: 1721505.386: [GC (Allocation Failure) [PSYoungGen: 493216K->21824K(497664K)] 839400K->379046K(1021952K), 0.0326576 secs] [Times: user=0.04 sys=0.05, real=0.03 secs] 
2021-06-03T07:47:20.551+0800: 1721792.249: [GC (Allocation Failure) [PSYoungGen: 493376K->23904K(497664K)] 850598K->393404K(1021952K), 0.0404118 secs] [Times: user=0.05 sys=0.05, real=0.04 secs] 
2021-06-03T07:52:08.555+0800: 1722080.254: [GC (Allocation Failure) [PSYoungGen: 495968K->18432K(491008K)] 865468K->400192K(1015296K), 0.0395226 secs] [Times: user=0.05 sys=0.05, real=0.04 secs] 
2021-06-03T07:56:53.650+0800: 1722365.348: [GC (Allocation Failure) [PSYoungGen: 490496K->22912K(497664K)] 872256K->414360K(1021952K), 0.0750419 secs] [Times: user=0.04 sys=0.05, real=0.08 secs] 
2021-06-03T08:01:33.994+0800: 1722645.692: [GC (Allocation Failure) [PSYoungGen: 493952K->23040K(497664K)] 885400K->425790K(1021952K), 0.0387255 secs] [Times: user=0.05 sys=0.04, real=0.04 secs] 
2021-06-03T08:06:16.026+0800: 1722927.724: [GC (Allocation Failure) [PSYoungGen: 494080K->21600K(498176K)] 896830K->436988K(1022464K), 0.0358883 secs] [Times: user=0.09 sys=0.00, real=0.04 secs] 
2021-06-03T08:11:04.043+0800: 1723215.741: [GC (Allocation Failure) [PSYoungGen: 493152K->22816K(497664K)] 908540K->450130K(1021952K), 0.0299949 secs] [Times: user=0.04 sys=0.04, real=0.03 secs] 
2021-06-03T08:15:46.235+0800: 1723497.933: [GC (Allocation Failure) [PSYoungGen: 494368K->23328K(498176K)] 921682K->460697K(1022464K), 0.0338311 secs] [Times: user=0.04 sys=0.04, real=0.03 secs] 
2021-06-03T08:20:32.392+0800: 1723784.091: [GC (Allocation Failure) [PSYoungGen: 495392K->20640K(498176K)] 932761K->470350K(1022464K), 0.0328325 secs] [Times: user=0.05 sys=0.04, real=0.03 secs] 
2021-06-03T08:25:20.225+0800: 1724071.923: [GC (Allocation Failure) [PSYoungGen: 492704K->22656K(498176K)] 942414K->483748K(1022464K), 0.0357320 secs] [Times: user=0.04 sys=0.05, real=0.03 secs] 
2021-06-03T08:30:04.183+0800: 1724355.881: [GC (Allocation Failure) [PSYoungGen: 494720K->24384K(496640K)] 955812K->498131K(1020928K), 0.0604898 secs] [Times: user=0.04 sys=0.04, real=0.06 secs] 
2021-06-03T08:34:50.987+0800: 1724642.686: [GC (Allocation Failure) [PSYoungGen: 496448K->21184K(498176K)] 970195K->508167K(1022464K), 0.0358829 secs] [Times: user=0.05 sys=0.04, real=0.04 secs] 
2021-06-03T08:39:30.816+0800: 1724922.514: [GC (Allocation Failure) [PSYoungGen: 492736K->21600K(497664K)] 979719K->518525K(1021952K), 0.0410217 secs] [Times: user=0.04 sys=0.05, real=0.04 secs] 
2021-06-03T08:44:14.438+0800: 1725206.136: [GC (Allocation Failure) [PSYoungGen: 493152K->23680K(498176K)] 990077K->531971K(1022464K), 0.0581771 secs] [Times: user=0.04 sys=0.04, real=0.06 secs] 
2021-06-03T08:49:01.999+0800: 1725493.697: [GC (Allocation Failure) [PSYoungGen: 495744K->25216K(497664K)] 1004035K->545249K(1021952K), 0.0362485 secs] [Times: user=0.08 sys=0.00, real=0.04 secs] 
2021-06-03T08:49:02.035+0800: 1725493.734: [Full GC (Ergonomics) [PSYoungGen: 25216K->0K(497664K)] [ParOldGen: 520033K->333822K(524288K)] 545249K->333822K(1021952K), [Metaspace: 96626K->96626K(1138688K)], 0.4911041 secs] [Times: user=1.07 sys=0.00, real=0.49 secs] 
2021-06-03T08:53:49.403+0800: 1725781.101: [GC (Allocation Failure) [PSYoungGen: 472064K->23648K(496640K)] 805886K->357470K(1020928K), 0.0338034 secs] [Times: user=0.03 sys=0.04, real=0.03 secs] 
2021-06-03T08:58:32.761+0800: 1726064.460: [GC (Allocation Failure) [PSYoungGen: 493664K->21664K(497152K)] 827486K->369267K(1021440K), 0.0371557 secs] [Times: user=0.04 sys=0.04, real=0.04 secs] 
2021-06-03T09:03:18.630+0800: 1726350.328: [GC (Allocation Failure) [PSYoungGen: 491680K->22976K(497664K)] 839283K->381673K(1021952K), 0.0367834 secs] [Times: user=0.04 sys=0.04, real=0.04 secs] 
2021-06-03T09:08:09.480+0800: 1726641.178: [GC (Allocation Failure) [PSYoungGen: 494016K->22816K(497664K)] 852713K->392975K(1021952K), 0.0350548 secs] [Times: user=0.04 sys=0.04, real=0.04 secs] 
2021-06-03T09:12:55.049+0800: 1726926.747: [GC (Allocation Failure) [PSYoungGen: 493856K->22784K(498176K)] 864015K->403812K(1022464K), 0.0596234 secs] [Times: user=0.06 sys=0.06, real=0.06 secs] 
2021-06-03T09:17:40.517+0800: 1727212.216: [GC (Allocation Failure) [PSYoungGen: 494848K->21728K(498176K)] 875876K->414378K(1022464K), 0.0371577 secs] [Times: user=0.04 sys=0.04, real=0.04 secs] 
2021-06-03T09:22:27.345+0800: 1727499.043: [GC (Allocation Failure) [PSYoungGen: 493792K->22144K(498688K)] 886442K->425632K(1022976K), 0.0352535 secs] [Times: user=0.05 sys=0.04, real=0.03 secs] 
2021-06-03T09:27:17.349+0800: 1727789.047: [GC (Allocation Failure) [PSYoungGen: 495232K->18752K(492032K)] 898720K->434879K(1016320K), 0.0305903 secs] [Times: user=0.04 sys=0.04, real=0.03 secs] 
2021-06-03T09:32:06.938+0800: 1728078.636: [GC (Allocation Failure) [PSYoungGen: 491840K->20576K(498688K)] 907967K->447812K(1022976K), 0.0422845 secs] [Times: user=0.04 sys=0.05, real=0.04 secs] 
2021-06-03T09:36:55.823+0800: 1728367.521: [GC (Allocation Failure) [PSYoungGen: 493152K->22752K(498176K)] 920388K->459963K(1022464K), 0.0381532 secs] [Times: user=0.05 sys=0.05, real=0.03 secs] 
2021-06-03T09:41:42.944+0800: 1728654.642: [GC (Allocation Failure) [PSYoungGen: 495328K->20640K(498688K)] 932539K->471016K(1022976K), 0.0332386 secs] [Times: user=0.04 sys=0.04, real=0.03 secs] 
2021-06-03T09:46:28.034+0800: 1728939.732: [GC (Allocation Failure) [PSYoungGen: 493728K->21344K(498688K)] 944104K->483742K(1022976K), 0.0384657 secs] [Times: user=0.04 sys=0.05, real=0.04 secs] 
2021-06-03T09:51:13.874+0800: 1729225.572: [GC (Allocation Failure) [PSYoungGen: 494432K->19072K(498688K)] 956830K->493924K(1022976K), 0.0358397 secs] [Times: user=0.04 sys=0.05, real=0.03 secs] 
2021-06-03T09:56:00.054+0800: 1729511.753: [GC (Allocation Failure) [PSYoungGen: 492160K->21536K(498688K)] 967012K->507442K(1022976K), 0.0826220 secs] [Times: user=0.08 sys=0.09, real=0.08 secs] 
2021-06-03T10:00:46.162+0800: 1729797.860: [GC (Allocation Failure) [PSYoungGen: 494624K->23680K(498176K)] 980530K->520802K(1022464K), 0.0383987 secs] [Times: user=0.05 sys=0.05, real=0.04 secs] 
2021-06-03T10:05:36.058+0800: 1730087.756: [GC (Allocation Failure) [PSYoungGen: 496768K->21568K(498688K)] 993890K->532150K(1022976K), 0.1208898 secs] [Times: user=0.06 sys=0.06, real=0.12 secs] 
2021-06-03T10:05:36.179+0800: 1730087.877: [Full GC (Ergonomics) [PSYoungGen: 21568K->0K(498688K)] [ParOldGen: 510582K->313930K(524288K)] 532150K->313930K(1022976K), [Metaspace: 96626K->96626K(1138688K)], 0.4968752 secs] [Times: user=0.99 sys=0.00, real=0.50 secs] 
2021-06-03T10:10:21.150+0800: 1730372.848: [GC (Allocation Failure) [PSYoungGen: 473088K->23584K(498176K)] 787018K->337514K(1022464K), 0.0394555 secs] [Times: user=0.04 sys=0.04, real=0.04 secs] 
2021-06-03T10:15:08.471+0800: 1730660.170: [GC (Allocation Failure) [PSYoungGen: 496672K->22432K(498688K)] 810602K->348648K(1022976K), 0.0477700 secs] [Times: user=0.03 sys=0.05, real=0.05 secs] 
2021-06-03T10:19:56.434+0800: 1730948.133: [GC (Allocation Failure) [PSYoungGen: 495520K->21632K(499200K)] 821736K->359231K(1023488K), 0.0836883 secs] [Times: user=0.05 sys=0.06, real=0.08 secs] 
2021-06-03T10:24:45.487+0800: 1731237.185: [GC (Allocation Failure) [PSYoungGen: 495232K->23712K(498688K)] 832831K->373262K(1022976K), 0.0622546 secs] [Times: user=0.05 sys=0.05, real=0.06 secs] 
2021-06-03T10:29:32.864+0800: 1731524.563: [GC (Allocation Failure) [PSYoungGen: 497312K->20640K(498688K)] 846862K->382292K(1022976K), 0.0397833 secs] [Times: user=0.05 sys=0.05, real=0.04 secs] 
2021-06-03T10:34:18.756+0800: 1731810.455: [GC (Allocation Failure) [PSYoungGen: 493728K->23712K(498688K)] 855380K->397554K(1022976K), 0.0410144 secs] [Times: user=0.04 sys=0.05, real=0.04 secs] 
2021-06-03T10:39:08.641+0800: 1732100.339: [GC (Allocation Failure) [PSYoungGen: 496800K->22880K(498688K)] 870642K->406952K(1022976K), 0.0392242 secs] [Times: user=0.04 sys=0.05, real=0.04 secs] 
2021-06-03T10:43:55.718+0800: 1732387.417: [GC (Allocation Failure) [PSYoungGen: 495968K->21504K(498688K)] 880040K->416917K(1022976K), 0.0392729 secs] [Times: user=0.04 sys=0.06, real=0.04 secs] 
2021-06-03T10:48:39.527+0800: 1732671.225: [GC (Allocation Failure) [PSYoungGen: 494592K->20640K(498688K)] 890005K->427659K(1022976K), 0.0343507 secs] [Times: user=0.05 sys=0.04, real=0.03 secs] 
2021-06-03T10:53:30.676+0800: 1732962.374: [GC (Allocation Failure) [PSYoungGen: 493728K->22880K(498688K)] 900747K->442073K(1022976K), 0.0349339 secs] [Times: user=0.05 sys=0.04, real=0.03 secs] 
2021-06-03T10:58:16.265+0800: 1733247.963: [GC (Allocation Failure) [PSYoungGen: 495968K->22656K(498688K)] 915161K->452928K(1022976K), 0.0488151 secs] [Times: user=0.05 sys=0.05, real=0.05 secs] 
2021-06-03T11:03:05.276+0800: 1733536.974: [GC (Allocation Failure) [PSYoungGen: 495744K->22240K(498688K)] 926016K->465143K(1022976K), 0.0395840 secs] [Times: user=0.05 sys=0.05, real=0.04 secs] 
2021-06-03T11:07:52.394+0800: 1733824.092: [GC (Allocation Failure) [PSYoungGen: 495328K->25056K(488960K)] 938231K->479854K(1013248K), 0.0823231 secs] [Times: user=0.05 sys=0.05, real=0.08 secs] 
2021-06-03T11:12:32.434+0800: 1734104.132: [GC (Allocation Failure) [PSYoungGen: 488928K->23168K(494080K)] 943726K->489389K(1018368K), 0.0922845 secs] [Times: user=0.05 sys=0.05, real=0.09 secs] 
2021-06-03T11:17:17.144+0800: 1734388.842: [GC (Allocation Failure) [PSYoungGen: 487040K->20832K(494592K)] 953261K->500241K(1018880K), 0.0432225 secs] [Times: user=0.05 sys=0.06, real=0.04 secs] 
2021-06-03T11:22:00.147+0800: 1734671.845: [GC (Allocation Failure) [PSYoungGen: 485728K->22432K(494592K)] 965137K->512902K(1018880K), 0.0400450 secs] [Times: user=0.05 sys=0.05, real=0.04 secs] 
2021-06-03T11:26:42.005+0800: 1734953.703: [GC (Allocation Failure) [PSYoungGen: 487328K->19264K(495104K)] 977798K->521810K(1019392K), 0.0471396 secs] [Times: user=0.06 sys=0.06, real=0.04 secs] 
2021-06-03T11:31:26.348+0800: 1735238.046: [GC (Allocation Failure) [PSYoungGen: 485184K->20064K(495104K)] 987730K->533520K(1019392K), 0.0439358 secs] [Times: user=0.04 sys=0.04, real=0.05 secs] 
2021-06-03T11:31:26.393+0800: 1735238.091: [Full GC (Ergonomics) [PSYoungGen: 20064K->0K(495104K)] [ParOldGen: 513456K->330814K(524288K)] 533520K->330814K(1019392K), [Metaspace: 96626K->96626K(1138688K)], 0.4919825 secs] [Times: user=1.08 sys=0.00, real=0.49 secs] 
2021-06-03T11:36:07.058+0800: 1735518.756: [GC (Allocation Failure) [PSYoungGen: 465920K->21152K(495616K)] 796734K->351966K(1019904K), 0.0302357 secs] [Times: user=0.04 sys=0.03, real=0.03 secs] 
2021-06-03T11:40:46.443+0800: 1735798.141: [GC (Allocation Failure) [PSYoungGen: 487584K->22816K(495104K)] 818398K->366706K(1019392K), 0.0674258 secs] [Times: user=0.06 sys=0.06, real=0.06 secs] 
2021-06-03T11:45:25.168+0800: 1736076.866: [GC (Allocation Failure) [PSYoungGen: 489248K->21472K(496640K)] 833138K->377477K(1020928K), 0.0446797 secs] [Times: user=0.10 sys=0.00, real=0.05 secs] 
2021-06-03T11:50:04.976+0800: 1736356.674: [GC (Allocation Failure) [PSYoungGen: 489952K->22208K(496128K)] 845957K->387947K(1020416K), 0.0477398 secs] [Times: user=0.06 sys=0.06, real=0.05 secs] 
2021-06-03T11:54:46.618+0800: 1736638.316: [GC (Allocation Failure) [PSYoungGen: 490688K->19264K(496128K)] 856427K->395880K(1020416K), 0.0557520 secs] [Times: user=0.05 sys=0.04, real=0.06 secs] 
2021-06-03T11:59:23.322+0800: 1736915.021: [GC (Allocation Failure) [PSYoungGen: 488256K->24960K(494080K)] 864872K->412607K(1018368K), 0.0633979 secs] [Times: user=0.11 sys=0.00, real=0.06 secs] 
2021-06-03T12:04:05.154+0800: 1737196.852: [GC (Allocation Failure) [PSYoungGen: 493952K->21344K(496640K)] 881599K->421523K(1020928K), 0.0441886 secs] [Times: user=0.06 sys=0.05, real=0.04 secs] 
2021-06-03T12:08:46.095+0800: 1737477.793: [GC (Allocation Failure) [PSYoungGen: 489824K->23072K(496128K)] 890003K->433522K(1020416K), 0.0529509 secs] [Times: user=0.11 sys=0.00, real=0.05 secs] 
2021-06-03T12:13:29.955+0800: 1737761.654: [GC (Allocation Failure) [PSYoungGen: 491552K->21184K(497152K)] 902002K->443920K(1021440K), 0.0341968 secs] [Times: user=0.05 sys=0.04, real=0.03 secs] 
2021-06-03T12:18:14.525+0800: 1738046.223: [GC (Allocation Failure) [PSYoungGen: 490688K->22752K(496640K)] 913424K->456759K(1020928K), 0.0421254 secs] [Times: user=0.05 sys=0.05, real=0.04 secs] 
2021-06-03T12:22:58.763+0800: 1738330.461: [GC (Allocation Failure) [PSYoungGen: 492256K->23104K(497664K)] 926263K->469510K(1021952K), 0.1369467 secs] [Times: user=0.05 sys=0.05, real=0.13 secs] 
2021-06-03T12:27:44.278+0800: 1738615.976: [GC (Allocation Failure) [PSYoungGen: 494144K->22560K(497664K)] 940550K->481068K(1021952K), 0.0438973 secs] [Times: user=0.05 sys=0.06, real=0.05 secs] 
2021-06-03T12:32:25.162+0800: 1738896.860: [GC (Allocation Failure) [PSYoungGen: 493600K->22944K(498176K)] 952108K->492889K(1022464K), 0.0358983 secs] [Times: user=0.05 sys=0.04, real=0.04 secs] 
2021-06-03T12:37:14.067+0800: 1739185.766: [GC (Allocation Failure) [PSYoungGen: 494496K->21568K(497664K)] 964441K->503304K(1021952K), 0.0467064 secs] [Times: user=0.05 sys=0.04, real=0.05 secs] 
2021-06-03T12:42:02.166+0800: 1739473.864: [GC (Allocation Failure) [PSYoungGen: 493120K->22976K(498176K)] 974856K->515935K(1022464K), 0.0479439 secs] [Times: user=0.04 sys=0.05, real=0.05 secs] 
2021-06-03T12:46:42.219+0800: 1739753.917: [GC (Allocation Failure) [PSYoungGen: 495040K->23424K(498176K)] 987999K->528292K(1022464K), 0.0372121 secs] [Times: user=0.04 sys=0.04, real=0.04 secs] 
2021-06-03T12:51:32.256+0800: 1740043.954: [GC (Allocation Failure) [PSYoungGen: 495488K->21056K(498176K)] 1000356K->538624K(1022464K), 0.0331327 secs] [Times: user=0.04 sys=0.04, real=0.03 secs] 
2021-06-03T12:51:32.290+0800: 1740043.988: [Full GC (Ergonomics) [PSYoungGen: 21056K->0K(498176K)] [ParOldGen: 517568K->320792K(524288K)] 538624K->320792K(1022464K), [Metaspace: 96626K->96626K(1138688K)], 0.4685510 secs] [Times: user=1.05 sys=0.00, real=0.47 secs] 
2021-06-03T12:56:20.911+0800: 1740332.609: [GC (Allocation Failure) [PSYoungGen: 472064K->18272K(498176K)] 792856K->339064K(1022464K), 0.0286193 secs] [Times: user=0.03 sys=0.04, real=0.03 secs] 
2021-06-03T13:01:04.994+0800: 1740616.692: [GC (Allocation Failure) [PSYoungGen: 490336K->21536K(498176K)] 811128K->353055K(1022464K), 0.0502965 secs] [Times: user=0.06 sys=0.07, real=0.05 secs] 
2021-06-03T13:05:55.948+0800: 1740907.647: [GC (Allocation Failure) [PSYoungGen: 493600K->21056K(498176K)] 825119K->365268K(1022464K), 0.0365157 secs] [Times: user=0.05 sys=0.04, real=0.04 secs] 
2021-06-03T13:10:40.530+0800: 1741192.228: [GC (Allocation Failure) [PSYoungGen: 493120K->20256K(498688K)] 837332K->376186K(1022976K), 0.0350044 secs] [Times: user=0.04 sys=0.05, real=0.04 secs] 
2021-06-03T13:15:26.692+0800: 1741478.390: [GC (Allocation Failure) [PSYoungGen: 493344K->19872K(498688K)] 849274K->387768K(1022976K), 0.0303213 secs] [Times: user=0.04 sys=0.04, real=0.04 secs] 
2021-06-03T13:20:07.382+0800: 1741759.080: [GC (Allocation Failure) [PSYoungGen: 492960K->20650K(499200K)] 860856K->401144K(1023488K), 0.0323181 secs] [Times: user=0.04 sys=0.04, real=0.03 secs] 
2021-06-03T13:24:55.603+0800: 1742047.301: [GC (Allocation Failure) [PSYoungGen: 494250K->22272K(498688K)] 874744K->414861K(1022976K), 0.0356094 secs] [Times: user=0.04 sys=0.04, real=0.03 secs] 
2021-06-03T13:29:48.324+0800: 1742340.022: [GC (Allocation Failure) [PSYoungGen: 495872K->18112K(498176K)] 888461K->422066K(1022464K), 0.0333997 secs] [Times: user=0.04 sys=0.04, real=0.03 secs] 
2021-06-03T13:34:35.390+0800: 1742627.088: [GC (Allocation Failure) [PSYoungGen: 491200K->21472K(498688K)] 895154K->435632K(1022976K), 0.0385279 secs] [Times: user=0.05 sys=0.04, real=0.04 secs] 
2021-06-03T13:39:22.734+0800: 1742914.432: [GC (Allocation Failure) [PSYoungGen: 494560K->21312K(499200K)] 908720K->445870K(1023488K), 0.0335069 secs] [Times: user=0.04 sys=0.04, real=0.03 secs] 
2021-06-03T13:44:04.591+0800: 1743196.289: [GC (Allocation Failure) [PSYoungGen: 495424K->25056K(499200K)] 919982K->461924K(1023488K), 0.0415854 secs] [Times: user=0.09 sys=0.00, real=0.05 secs] 
2021-06-03T13:48:50.335+0800: 1743482.033: [GC (Allocation Failure) [PSYoungGen: 499168K->22272K(489984K)] 936036K->470627K(1014272K), 0.0378875 secs] [Times: user=0.09 sys=0.00, real=0.04 secs] 
2021-06-03T13:53:32.050+0800: 1743763.749: [GC (Allocation Failure) [PSYoungGen: 487168K->24384K(494592K)] 935523K->484921K(1018880K), 0.0446305 secs] [Times: user=0.05 sys=0.06, real=0.05 secs] 
2021-06-03T13:58:09.177+0800: 1744040.875: [GC (Allocation Failure) [PSYoungGen: 489274K->21920K(495104K)] 949812K->494888K(1019392K), 0.0416837 secs] [Times: user=0.05 sys=0.05, real=0.04 secs] 
2021-06-03T14:02:51.231+0800: 1744322.929: [GC (Allocation Failure) [PSYoungGen: 487328K->22560K(494592K)] 960296K->508158K(1018880K), 0.0447458 secs] [Times: user=0.04 sys=0.05, real=0.05 secs] 
2021-06-03T14:07:31.738+0800: 1744603.436: [GC (Allocation Failure) [PSYoungGen: 487968K->20736K(495616K)] 973566K->518068K(1019904K), 0.0363855 secs] [Times: user=0.04 sys=0.05, real=0.04 secs] 
2021-06-03T14:12:13.533+0800: 1744885.231: [GC (Allocation Failure) [PSYoungGen: 487680K->20000K(495616K)] 985012K->529225K(1019904K), 0.0327310 secs] [Times: user=0.04 sys=0.05, real=0.03 secs] 
2021-06-03T14:16:55.211+0800: 1745166.909: [GC (Allocation Failure) [PSYoungGen: 486944K->22112K(496640K)] 996169K->541591K(1020928K), 0.0394074 secs] [Times: user=0.05 sys=0.05, real=0.04 secs] 
2021-06-03T14:16:55.251+0800: 1745166.949: [Full GC (Ergonomics) [PSYoungGen: 22112K->0K(496640K)] [ParOldGen: 519479K->332328K(524288K)] 541591K->332328K(1020928K), [Metaspace: 96627K->96627K(1138688K)], 0.4847688 secs] [Times: user=1.00 sys=0.00, real=0.49 secs] 
2021-06-03T14:21:40.414+0800: 1745452.112: [GC (Allocation Failure) [PSYoungGen: 468480K->20192K(496128K)] 800808K->352520K(1020416K), 0.0418077 secs] [Times: user=0.04 sys=0.04, real=0.04 secs] 
2021-06-03T14:26:26.123+0800: 1745737.822: [GC (Allocation Failure) [PSYoungGen: 488672K->23872K(496640K)] 821000K->368295K(1020928K), 0.0460937 secs] [Times: user=0.04 sys=0.04, real=0.04 secs] 
2021-06-03T14:31:11.595+0800: 1746023.294: [GC (Allocation Failure) [PSYoungGen: 492856K->23584K(496640K)] 837279K->380477K(1020928K), 0.0388795 secs] [Times: user=0.05 sys=0.05, real=0.04 secs] 
2021-06-03T14:35:59.350+0800: 1746311.048: [GC (Allocation Failure) [PSYoungGen: 492576K->21184K(496640K)] 849469K->389403K(1020928K), 0.0363317 secs] [Times: user=0.04 sys=0.05, real=0.04 secs] 
2021-06-03T14:40:43.615+0800: 1746595.313: [GC (Allocation Failure) [PSYoungGen: 490176K->22848K(496640K)] 858395K->402809K(1020928K), 0.0332321 secs] [Times: user=0.04 sys=0.05, real=0.03 secs] 
2021-06-03T14:45:29.157+0800: 1746880.855: [GC (Allocation Failure) [PSYoungGen: 491840K->21056K(497152K)] 871801K->413278K(1021440K), 0.0349820 secs] [Times: user=0.04 sys=0.04, real=0.03 secs] 
2021-06-03T14:50:14.492+0800: 1747166.190: [GC (Allocation Failure) [PSYoungGen: 491072K->24000K(497152K)] 883294K->427061K(1021440K), 0.0364602 secs] [Times: user=0.04 sys=0.05, real=0.04 secs] 
2021-06-03T14:54:58.752+0800: 1747450.451: [GC (Allocation Failure) [PSYoungGen: 494016K->21728K(497664K)] 897077K->437443K(1021952K), 0.0343827 secs] [Times: user=0.04 sys=0.05, real=0.03 secs] 
2021-06-03T14:59:48.502+0800: 1747740.200: [GC (Allocation Failure) [PSYoungGen: 492256K->19168K(497152K)] 907971K->447576K(1021440K), 0.0302874 secs] [Times: user=0.04 sys=0.04, real=0.04 secs] 
2021-06-03T15:04:39.982+0800: 1748031.680: [GC (Allocation Failure) [PSYoungGen: 489696K->19392K(497152K)] 918104K->458765K(1021440K), 0.0309906 secs] [Times: user=0.04 sys=0.04, real=0.04 secs] 
2021-06-03T15:09:24.635+0800: 1748316.333: [GC (Allocation Failure) [PSYoungGen: 489408K->20160K(497152K)] 928781K->471321K(1021440K), 0.0359165 secs] [Times: user=0.09 sys=0.00, real=0.03 secs] 
2021-06-03T15:14:10.241+0800: 1748601.940: [GC (Allocation Failure) [PSYoungGen: 490176K->20320K(497664K)] 941337K->482103K(1021952K), 0.0327506 secs] [Times: user=0.03 sys=0.04, real=0.04 secs] 
2021-06-03T15:18:54.955+0800: 1748886.653: [GC (Allocation Failure) [PSYoungGen: 491360K->21120K(497664K)] 953143K->493980K(1021952K), 0.0351674 secs] [Times: user=0.05 sys=0.05, real=0.03 secs] 
2021-06-03T15:23:39.734+0800: 1749171.432: [GC (Allocation Failure) [PSYoungGen: 492160K->19520K(498176K)] 965020K->505015K(1022464K), 0.0302640 secs] [Times: user=0.04 sys=0.04, real=0.03 secs] 
2021-06-03T15:28:24.108+0800: 1749455.806: [GC (Allocation Failure) [PSYoungGen: 491584K->20864K(498176K)] 977079K->518070K(1022464K), 0.0537025 secs] [Times: user=0.07 sys=0.07, real=0.05 secs] 
2021-06-03T15:33:09.911+0800: 1749741.609: [GC (Allocation Failure) [PSYoungGen: 492928K->23488K(497664K)] 990134K->532644K(1021952K), 0.0532952 secs] [Times: user=0.04 sys=0.05, real=0.06 secs] 
2021-06-03T15:37:55.729+0800: 1750027.427: [GC (Allocation Failure) [PSYoungGen: 495552K->19744K(498176K)] 1004708K->542130K(1022464K), 0.0395575 secs] [Times: user=0.04 sys=0.05, real=0.04 secs] 
2021-06-03T15:37:55.769+0800: 1750027.468: [Full GC (Ergonomics) [PSYoungGen: 19744K->0K(498176K)] [ParOldGen: 522386K->323135K(524288K)] 542130K->323135K(1022464K), [Metaspace: 96627K->96627K(1138688K)], 0.4968930 secs] [Times: user=1.08 sys=0.00, real=0.50 secs] 
2021-06-03T15:42:42.395+0800: 1750314.093: [GC (Allocation Failure) [PSYoungGen: 472064K->22912K(497664K)] 795199K->346047K(1021952K), 0.0679551 secs] [Times: user=0.03 sys=0.05, real=0.07 secs] 
2021-06-03T15:47:27.757+0800: 1750599.455: [GC (Allocation Failure) [PSYoungGen: 494976K->20288K(498176K)] 818111K->356571K(1022464K), 0.0357464 secs] [Times: user=0.05 sys=0.05, real=0.04 secs] 
2021-06-03T15:52:10.153+0800: 1750881.851: [GC (Allocation Failure) [PSYoungGen: 492352K->24512K(496640K)] 828635K->373633K(1020928K), 0.0418596 secs] [Times: user=0.04 sys=0.04, real=0.04 secs] 
2021-06-03T15:56:54.755+0800: 1751166.454: [GC (Allocation Failure) [PSYoungGen: 495552K->22400K(497664K)] 844673K->383056K(1021952K), 0.0332057 secs] [Times: user=0.05 sys=0.04, real=0.03 secs] 
2021-06-03T16:01:42.926+0800: 1751454.625: [GC (Allocation Failure) [PSYoungGen: 493433K->19584K(498176K)] 854089K->392523K(1022464K), 0.0328060 secs] [Times: user=0.04 sys=0.04, real=0.03 secs] 
2021-06-03T16:06:29.331+0800: 1751741.029: [GC (Allocation Failure) [PSYoungGen: 491648K->20896K(498176K)] 864587K->404977K(1022464K), 0.0536085 secs] [Times: user=0.12 sys=0.00, real=0.06 secs] 
2021-06-03T16:11:16.313+0800: 1752028.011: [GC (Allocation Failure) [PSYoungGen: 492960K->21056K(498688K)] 877041K->416422K(1022976K), 0.0395200 secs] [Times: user=0.05 sys=0.04, real=0.04 secs] 
2021-06-03T16:16:00.396+0800: 1752312.094: [GC (Allocation Failure) [PSYoungGen: 493632K->24256K(498176K)] 888998K->429924K(1022464K), 0.0517863 secs] [Times: user=0.06 sys=0.06, real=0.05 secs] 
2021-06-03T16:20:45.298+0800: 1752596.996: [GC (Allocation Failure) [PSYoungGen: 496832K->19936K(498176K)] 902500K->437737K(1022464K), 0.0447850 secs] [Times: user=0.05 sys=0.05, real=0.05 secs] 
2021-06-03T16:25:32.842+0800: 1752884.540: [GC (Allocation Failure) [PSYoungGen: 492000K->23456K(495616K)] 909801K->451102K(1019904K), 0.0448896 secs] [Times: user=0.05 sys=0.05, real=0.05 secs] 
2021-06-03T16:30:17.455+0800: 1753169.153: [GC (Allocation Failure) [PSYoungGen: 495520K->23008K(497664K)] 923166K->462869K(1021952K), 0.0413921 secs] [Times: user=0.05 sys=0.04, real=0.04 secs] 
2021-06-03T16:35:02.841+0800: 1753454.539: [GC (Allocation Failure) [PSYoungGen: 494048K->21504K(497664K)] 933909K->474609K(1021952K), 0.0402763 secs] [Times: user=0.05 sys=0.05, real=0.04 secs] 
2021-06-03T16:39:45.654+0800: 1753737.352: [GC (Allocation Failure) [PSYoungGen: 492544K->21792K(498688K)] 945649K->484383K(1022976K), 0.0457803 secs] [Times: user=0.04 sys=0.05, real=0.04 secs] 
2021-06-03T16:44:29.527+0800: 1754021.226: [GC (Allocation Failure) [PSYoungGen: 494368K->21504K(498176K)] 956959K->495979K(1022464K), 0.0383330 secs] [Times: user=0.05 sys=0.06, real=0.04 secs] 
2021-06-03T16:49:18.266+0800: 1754309.965: [GC (Allocation Failure) [PSYoungGen: 494080K->20544K(499200K)] 968555K->506289K(1023488K), 0.0335331 secs] [Times: user=0.08 sys=0.00, real=0.03 secs] 
2021-06-03T16:54:04.668+0800: 1754596.366: [GC (Allocation Failure) [PSYoungGen: 494656K->22944K(497152K)] 980401K->520007K(1021440K), 0.0383119 secs] [Times: user=0.04 sys=0.04, real=0.04 secs] 
2021-06-03T16:58:55.982+0800: 1754887.680: [GC (Allocation Failure) [PSYoungGen: 497056K->22656K(498688K)] 994119K->531453K(1022976K), 0.0457903 secs] [Times: user=0.04 sys=0.06, real=0.05 secs] 
2021-06-03T17:03:39.188+0800: 1755170.886: [GC (Allocation Failure) [PSYoungGen: 495744K->22528K(498688K)] 1004541K->543564K(1022976K), 0.0337992 secs] [Times: user=0.05 sys=0.05, real=0.04 secs] 
2021-06-03T17:03:39.222+0800: 1755170.921: [Full GC (Ergonomics) [PSYoungGen: 22528K->0K(498688K)] [ParOldGen: 521036K->330585K(524288K)] 543564K->330585K(1022976K), [Metaspace: 96627K->96627K(1138688K)], 0.4776367 secs] [Times: user=1.04 sys=0.00, real=0.47 secs] 
2021-06-03T17:08:22.831+0800: 1755454.530: [GC (Allocation Failure) [PSYoungGen: 473088K->18496K(498176K)] 803673K->349081K(1022464K), 0.0306419 secs] [Times: user=0.08 sys=0.00, real=0.04 secs] 
2021-06-03T17:13:02.526+0800: 1755734.225: [GC (Allocation Failure) [PSYoungGen: 491584K->18976K(498688K)] 822169K->360223K(1022976K), 0.0354359 secs] [Times: user=0.05 sys=0.05, real=0.03 secs] 
2021-06-03T17:17:50.125+0800: 1756021.823: [GC (Allocation Failure) [PSYoungGen: 492054K->19328K(498688K)] 833301K->372722K(1022976K), 0.0341824 secs] [Times: user=0.03 sys=0.05, real=0.03 secs] 
2021-06-03T17:22:29.010+0800: 1756300.708: [GC (Allocation Failure) [PSYoungGen: 492416K->23680K(497152K)] 845810K->387929K(1021440K), 0.0389546 secs] [Times: user=0.05 sys=0.04, real=0.04 secs] 
2021-06-03T17:27:16.095+0800: 1756587.794: [GC (Allocation Failure) [PSYoungGen: 496768K->22240K(498176K)] 861017K->398498K(1022464K), 0.0403433 secs] [Times: user=0.05 sys=0.05, real=0.04 secs] 
2021-06-03T17:31:57.750+0800: 1756869.448: [GC (Allocation Failure) [PSYoungGen: 494304K->22368K(498176K)] 870562K->410121K(1022464K), 0.0395308 secs] [Times: user=0.04 sys=0.05, real=0.04 secs] 
2021-06-03T17:36:43.872+0800: 1757155.570: [GC (Allocation Failure) [PSYoungGen: 494432K->14976K(497152K)] 882185K->414326K(1021440K), 0.0338808 secs] [Times: user=0.04 sys=0.04, real=0.04 secs] 
2021-06-03T17:41:33.806+0800: 1757445.504: [GC (Allocation Failure) [PSYoungGen: 486016K->19200K(497664K)] 885366K->428980K(1021952K), 0.0395341 secs] [Times: user=0.04 sys=0.05, real=0.04 secs] 
2021-06-03T17:46:20.571+0800: 1757732.270: [GC (Allocation Failure) [PSYoungGen: 490240K->22848K(497152K)] 900020K->443329K(1021440K), 0.0474166 secs] [Times: user=0.05 sys=0.05, real=0.05 secs] 
2021-06-03T17:51:06.486+0800: 1758018.184: [GC (Allocation Failure) [PSYoungGen: 493888K->22336K(497664K)] 914369K->453416K(1021952K), 0.0335418 secs] [Times: user=0.04 sys=0.04, real=0.03 secs] 
2021-06-03T17:55:51.282+0800: 1758302.980: [GC (Allocation Failure) [PSYoungGen: 493376K->23840K(496640K)] 924456K->466855K(1020928K), 0.0468138 secs] [Times: user=0.06 sys=0.05, real=0.05 secs] 
2021-06-03T18:00:35.590+0800: 1758587.288: [GC (Allocation Failure) [PSYoungGen: 493856K->23104K(497152K)] 936871K->477334K(1021440K), 0.0376228 secs] [Times: user=0.04 sys=0.05, real=0.04 secs] 
2021-06-03T18:05:20.008+0800: 1758871.707: [GC (Allocation Failure) [PSYoungGen: 493120K->20960K(497664K)] 947350K->487597K(1021952K), 0.0930907 secs] [Times: user=0.04 sys=0.04, real=0.09 secs] 
2021-06-03T18:10:06.330+0800: 1759158.028: [GC (Allocation Failure) [PSYoungGen: 491488K->21408K(497152K)] 958125K->498693K(1021440K), 0.0382476 secs] [Times: user=0.05 sys=0.05, real=0.04 secs] 
2021-06-03T18:14:55.151+0800: 1759446.849: [GC (Allocation Failure) [PSYoungGen: 491936K->22112K(498176K)] 969221K->510764K(1022464K), 0.0435940 secs] [Times: user=0.04 sys=0.05, real=0.05 secs] 
2021-06-03T18:19:40.840+0800: 1759732.539: [GC (Allocation Failure) [PSYoungGen: 494176K->24288K(496640K)] 982828K->524220K(1020928K), 0.0407636 secs] [Times: user=0.05 sys=0.04, real=0.04 secs] 
2021-06-03T18:24:25.996+0800: 1760017.695: [GC (Allocation Failure) [PSYoungGen: 496352K->21472K(498176K)] 996284K->534115K(1022464K), 0.0389949 secs] [Times: user=0.04 sys=0.06, real=0.04 secs] 
2021-06-03T18:24:26.036+0800: 1760017.734: [Full GC (Ergonomics) [PSYoungGen: 21472K->0K(498176K)] [ParOldGen: 512643K->318994K(524288K)] 534115K->318994K(1022464K), [Metaspace: 96629K->96629K(1138688K)], 0.4793738 secs] [Times: user=1.04 sys=0.00, real=0.48 secs] 
2021-06-03T18:29:14.800+0800: 1760306.499: [GC (Allocation Failure) [PSYoungGen: 471552K->24768K(496640K)] 790546K->343762K(1020928K), 0.0388980 secs] [Times: user=0.04 sys=0.04, real=0.04 secs] 
2021-06-03T18:33:57.261+0800: 1760588.959: [GC (Allocation Failure) [PSYoungGen: 496320K->23776K(497152K)] 815314K->358094K(1021440K), 0.0533992 secs] [Times: user=0.05 sys=0.05, real=0.06 secs] 
2021-06-03T18:38:38.297+0800: 1760869.995: [GC (Allocation Failure) [PSYoungGen: 493792K->20832K(497152K)] 828110K->366452K(1021440K), 0.0411644 secs] [Times: user=0.05 sys=0.05, real=0.04 secs] 
2021-06-03T18:43:22.409+0800: 1761154.107: [GC (Allocation Failure) [PSYoungGen: 490848K->23296K(497664K)] 836468K->378115K(1021952K), 0.0470112 secs] [Times: user=0.04 sys=0.04, real=0.05 secs] 
2021-06-03T18:48:10.888+0800: 1761442.586: [GC (Allocation Failure) [PSYoungGen: 494336K->21696K(497664K)] 849155K->387842K(1021952K), 0.0635392 secs] [Times: user=0.05 sys=0.05, real=0.06 secs] 
2021-06-03T18:52:57.560+0800: 1761729.258: [GC (Allocation Failure) [PSYoungGen: 492736K->22336K(498176K)] 858882K->398121K(1022464K), 0.0374828 secs] [Times: user=0.04 sys=0.04, real=0.04 secs] 
2021-06-03T18:57:42.650+0800: 1762014.348: [GC (Allocation Failure) [PSYoungGen: 493888K->22368K(497664K)] 869673K->409688K(1021952K), 0.0379162 secs] [Times: user=0.05 sys=0.05, real=0.04 secs] 
2021-06-03T19:02:28.898+0800: 1762300.596: [GC (Allocation Failure) [PSYoungGen: 493920K->22528K(498688K)] 881240K->420384K(1022976K), 0.0426647 secs] [Times: user=0.05 sys=0.04, real=0.04 secs] 
2021-06-03T19:07:08.664+0800: 1762580.362: [GC (Allocation Failure) [PSYoungGen: 495616K->25568K(498688K)] 893472K->434272K(1022976K), 0.0606418 secs] [Times: user=0.04 sys=0.05, real=0.06 secs] 
2021-06-03T19:11:54.316+0800: 1762866.015: [GC (Allocation Failure) [PSYoungGen: 498656K->22848K(489472K)] 907360K->442895K(1013760K), 0.0421418 secs] [Times: user=0.05 sys=0.05, real=0.04 secs] 
2021-06-03T19:16:39.959+0800: 1763151.657: [GC (Allocation Failure) [PSYoungGen: 486720K->18624K(494080K)] 906767K->449477K(1018368K), 0.0315783 secs] [Times: user=0.04 sys=0.05, real=0.03 secs] 
2021-06-03T19:21:16.644+0800: 1763428.342: [GC (Allocation Failure) [PSYoungGen: 482496K->21418K(494592K)] 913349K->463268K(1018880K), 0.0658748 secs] [Times: user=0.10 sys=0.00, real=0.06 secs] 
2021-06-03T19:26:01.671+0800: 1763713.370: [GC (Allocation Failure) [PSYoungGen: 485802K->21248K(494080K)] 927652K->473851K(1018368K), 0.0770775 secs] [Times: user=0.05 sys=0.04, real=0.08 secs] 
2021-06-03T19:30:43.184+0800: 1763994.882: [GC (Allocation Failure) [PSYoungGen: 485632K->24032K(495104K)] 938235K->486842K(1019392K), 0.0392871 secs] [Times: user=0.05 sys=0.05, real=0.04 secs] 
2021-06-03T19:35:23.248+0800: 1764274.947: [GC (Allocation Failure) [PSYoungGen: 489440K->21056K(494592K)] 952250K->497695K(1018880K), 0.0555418 secs] [Times: user=0.05 sys=0.06, real=0.06 secs] 
2021-06-03T19:40:06.657+0800: 1764558.355: [GC (Allocation Failure) [PSYoungGen: 486464K->21088K(495616K)] 963103K->509902K(1019904K), 0.1048415 secs] [Times: user=0.05 sys=0.05, real=0.10 secs] 
2021-06-03T19:44:52.111+0800: 1764843.809: [GC (Allocation Failure) [PSYoungGen: 487520K->23616K(495104K)] 976334K->523213K(1019392K), 0.0779716 secs] [Times: user=0.04 sys=0.05, real=0.08 secs] 
2021-06-03T19:49:35.174+0800: 1765126.872: [GC (Allocation Failure) [PSYoungGen: 490048K->20672K(496128K)] 989645K->531564K(1020416K), 0.0355116 secs] [Times: user=0.05 sys=0.05, real=0.03 secs] 
2021-06-03T19:49:35.210+0800: 1765126.908: [Full GC (Ergonomics) [PSYoungGen: 20672K->0K(496128K)] [ParOldGen: 510892K->323904K(524288K)] 531564K->323904K(1020416K), [Metaspace: 96629K->96629K(1138688K)], 0.4229813 secs] [Times: user=0.96 sys=0.00, real=0.43 secs] 
2021-06-03T19:54:18.596+0800: 1765410.294: [GC (Allocation Failure) [PSYoungGen: 467456K->21152K(495616K)] 791360K->345056K(1019904K), 0.0332277 secs] [Times: user=0.03 sys=0.04, real=0.03 secs] 
2021-06-03T19:59:02.008+0800: 1765693.707: [GC (Allocation Failure) [PSYoungGen: 488608K->20032K(496640K)] 812512K->356572K(1020928K), 0.0763543 secs] [Times: user=0.10 sys=0.00, real=0.08 secs] 
2021-06-03T20:03:45.867+0800: 1765977.565: [GC (Allocation Failure) [PSYoungGen: 488512K->21376K(496128K)] 825052K->369683K(1020416K), 0.0340472 secs] [Times: user=0.04 sys=0.04, real=0.03 secs] 
2021-06-03T20:08:29.919+0800: 1766261.617: [GC (Allocation Failure) [PSYoungGen: 489856K->24384K(496128K)] 838163K->384825K(1020416K), 0.0392797 secs] [Times: user=0.04 sys=0.05, real=0.04 secs] 
2021-06-03T20:13:17.721+0800: 1766549.419: [GC (Allocation Failure) [PSYoungGen: 493376K->22208K(496640K)] 853817K->392625K(1020928K), 0.0654585 secs] [Times: user=0.10 sys=0.00, real=0.07 secs] 
2021-06-03T20:17:59.391+0800: 1766831.090: [GC (Allocation Failure) [PSYoungGen: 491200K->20992K(497152K)] 861617K->402503K(1021440K), 0.0551416 secs] [Times: user=0.06 sys=0.07, real=0.06 secs] 
2021-06-03T20:22:42.941+0800: 1767114.639: [GC (Allocation Failure) [PSYoungGen: 491008K->23520K(497152K)] 872519K->416711K(1021440K), 0.0836976 secs] [Times: user=0.13 sys=0.00, real=0.09 secs] 
2021-06-03T20:27:26.368+0800: 1767398.066: [GC (Allocation Failure) [PSYoungGen: 493536K->24416K(497152K)] 886727K->429077K(1021440K), 0.0395427 secs] [Times: user=0.04 sys=0.04, real=0.04 secs] 
2021-06-03T20:32:11.792+0800: 1767683.490: [GC (Allocation Failure) [PSYoungGen: 494432K->23968K(494080K)] 899093K->440116K(1018368K), 0.0357907 secs] [Times: user=0.04 sys=0.05, real=0.03 secs] 
2021-06-03T20:36:52.469+0800: 1767964.167: [GC (Allocation Failure) [PSYoungGen: 493984K->21120K(497152K)] 910132K->449228K(1021440K), 0.0433872 secs] [Times: user=0.05 sys=0.05, real=0.05 secs] 
2021-06-03T20:41:38.344+0800: 1768250.043: [GC (Allocation Failure) [PSYoungGen: 490624K->21920K(496640K)] 918732K->460763K(1020928K), 0.0527708 secs] [Times: user=0.04 sys=0.06, real=0.05 secs] 
2021-06-03T20:46:27.925+0800: 1768539.623: [GC (Allocation Failure) [PSYoungGen: 491424K->20608K(497664K)] 930267K->471049K(1021952K), 0.0853222 secs] [Times: user=0.05 sys=0.04, real=0.08 secs] 
2021-06-03T20:51:14.057+0800: 1768825.755: [GC (Allocation Failure) [PSYoungGen: 491136K->23808K(497152K)] 941577K->484592K(1021440K), 0.0378362 secs] [Times: user=0.05 sys=0.04, real=0.04 secs] 
2021-06-03T20:55:58.750+0800: 1769110.449: [GC (Allocation Failure) [PSYoungGen: 494336K->20768K(497664K)] 955120K->492622K(1021952K), 0.0460475 secs] [Times: user=0.06 sys=0.06, real=0.05 secs] 
2021-06-03T21:00:44.671+0800: 1769396.369: [GC (Allocation Failure) [PSYoungGen: 491296K->20800K(497152K)] 963150K->503437K(1021440K), 0.0358293 secs] [Times: user=0.05 sys=0.05, real=0.04 secs] 
2021-06-03T21:05:28.256+0800: 1769679.954: [GC (Allocation Failure) [PSYoungGen: 491328K->25952K(495616K)] 973965K->520077K(1019904K), 0.0816947 secs] [Times: user=0.06 sys=0.05, real=0.08 secs] 
2021-06-03T21:10:13.763+0800: 1769965.461: [GC (Allocation Failure) [PSYoungGen: 494944K->23232K(496640K)] 989069K->529109K(1020928K), 0.0419908 secs] [Times: user=0.05 sys=0.05, real=0.04 secs] 
2021-06-03T21:15:01.418+0800: 1770253.116: [GC (Allocation Failure) [PSYoungGen: 492224K->20704K(497152K)] 998101K->538123K(1021440K), 0.0447737 secs] [Times: user=0.05 sys=0.05, real=0.05 secs] 
2021-06-03T21:15:01.464+0800: 1770253.162: [Full GC (Ergonomics) [PSYoungGen: 20704K->0K(497152K)] [ParOldGen: 517419K->325063K(524288K)] 538123K->325063K(1021440K), [Metaspace: 96629K->96629K(1138688K)], 0.5846332 secs] [Times: user=1.22 sys=0.00, real=0.58 secs] 
2021-06-03T21:19:42.620+0800: 1770534.318: [GC (Allocation Failure) [PSYoungGen: 470016K->21056K(497152K)] 795079K->346120K(1021440K), 0.0388375 secs] [Times: user=0.05 sys=0.05, real=0.04 secs] 
2021-06-03T21:24:32.100+0800: 1770823.798: [GC (Allocation Failure) [PSYoungGen: 491072K->23008K(497664K)] 816136K->360284K(1021952K), 0.0425033 secs] [Times: user=0.05 sys=0.05, real=0.05 secs] 
2021-06-03T21:29:18.089+0800: 1771109.787: [GC (Allocation Failure) [PSYoungGen: 493536K->21184K(497152K)] 830812K->371508K(1021440K), 0.0520171 secs] [Times: user=0.04 sys=0.06, real=0.05 secs] 
2021-06-03T21:33:56.743+0800: 1771388.441: [GC (Allocation Failure) [PSYoungGen: 491712K->24544K(496640K)] 842036K->385452K(1020928K), 0.0411193 secs] [Times: user=0.10 sys=0.00, real=0.04 secs] 
2021-06-03T21:38:43.253+0800: 1771674.951: [GC (Allocation Failure) [PSYoungGen: 494560K->20160K(497152K)] 855468K->392051K(1021440K), 0.0425769 secs] [Times: user=0.05 sys=0.05, real=0.04 secs] 
2021-06-03T21:43:25.379+0800: 1771957.077: [GC (Allocation Failure) [PSYoungGen: 490176K->23392K(497152K)] 862067K->404938K(1021440K), 0.0380195 secs] [Times: user=0.04 sys=0.04, real=0.04 secs] 
2021-06-03T21:48:07.049+0800: 1772238.747: [GC (Allocation Failure) [PSYoungGen: 493408K->21088K(497152K)] 874954K->414657K(1021440K), 0.0419920 secs] [Times: user=0.05 sys=0.06, real=0.04 secs] 
2021-06-03T21:52:55.390+0800: 1772527.089: [GC (Allocation Failure) [PSYoungGen: 491104K->19744K(497664K)] 884673K->424544K(1021952K), 0.0375747 secs] [Times: user=0.05 sys=0.04, real=0.04 secs] 
2021-06-03T21:57:41.250+0800: 1772812.949: [GC (Allocation Failure) [PSYoungGen: 490784K->19968K(497664K)] 895584K->437045K(1021952K), 0.0528246 secs] [Times: user=0.05 sys=0.04, real=0.06 secs] 
2021-06-03T22:02:30.958+0800: 1773102.656: [GC (Allocation Failure) [PSYoungGen: 491008K->22464K(497664K)] 908085K->451786K(1021952K), 0.0399255 secs] [Times: user=0.05 sys=0.05, real=0.04 secs] 
2021-06-03T22:07:16.867+0800: 1773388.565: [GC (Allocation Failure) [PSYoungGen: 493504K->21472K(497664K)] 922826K->462584K(1021952K), 0.0339816 secs] [Times: user=0.04 sys=0.05, real=0.03 secs] 
2021-06-03T22:12:10.852+0800: 1773682.550: [GC (Allocation Failure) [PSYoungGen: 492512K->18624K(498176K)] 933624K->471869K(1022464K), 0.0304046 secs] [Times: user=0.03 sys=0.05, real=0.03 secs] 
2021-06-03T22:16:57.552+0800: 1773969.251: [GC (Allocation Failure) [PSYoungGen: 490688K->21888K(498176K)] 943933K->485196K(1022464K), 0.0465819 secs] [Times: user=0.04 sys=0.05, real=0.04 secs] 
2021-06-03T22:21:49.340+0800: 1774261.039: [GC (Allocation Failure) [PSYoungGen: 493952K->24032K(497152K)] 957260K->496915K(1021440K), 0.0427949 secs] [Times: user=0.04 sys=0.05, real=0.05 secs] 
2021-06-03T22:26:36.028+0800: 1774547.726: [GC (Allocation Failure) [PSYoungGen: 495072K->22432K(497664K)] 967955K->507250K(1021952K), 0.0448540 secs] [Times: user=0.05 sys=0.05, real=0.05 secs] 
2021-06-03T22:31:30.098+0800: 1774841.796: [GC (Allocation Failure) [PSYoungGen: 493472K->21664K(498688K)] 978290K->516449K(1022976K), 0.0409180 secs] [Times: user=0.10 sys=0.00, real=0.04 secs] 
2021-06-03T22:36:21.194+0800: 1775132.892: [GC (Allocation Failure) [PSYoungGen: 494240K->21152K(498176K)] 989025K->526576K(1022464K), 0.0378720 secs] [Times: user=0.04 sys=0.04, real=0.03 secs] 
2021-06-03T22:41:11.257+0800: 1775422.955: [GC (Allocation Failure) [PSYoungGen: 493728K->21376K(499200K)] 999152K->537614K(1023488K), 0.0405690 secs] [Times: user=0.04 sys=0.05, real=0.04 secs] 
2021-06-03T22:41:11.298+0800: 1775422.996: [Full GC (Ergonomics) [PSYoungGen: 21376K->0K(499200K)] [ParOldGen: 516238K->323750K(524288K)] 537614K->323750K(1023488K), [Metaspace: 96629K->96629K(1138688K)], 0.4937320 secs] [Times: user=1.11 sys=0.00, real=0.49 secs] 
2021-06-03T22:45:58.813+0800: 1775710.512: [GC (Allocation Failure) [PSYoungGen: 473600K->22112K(498688K)] 797350K->345862K(1022976K), 0.0323508 secs] [Times: user=0.04 sys=0.03, real=0.03 secs] 
2021-06-03T22:50:48.978+0800: 1776000.676: [GC (Allocation Failure) [PSYoungGen: 495712K->21696K(499712K)] 819462K->357100K(1024000K), 0.0361519 secs] [Times: user=0.05 sys=0.04, real=0.04 secs] 
2021-06-03T22:55:36.180+0800: 1776287.879: [GC (Allocation Failure) [PSYoungGen: 496320K->23648K(499200K)] 831724K->370299K(1023488K), 0.0719721 secs] [Times: user=0.04 sys=0.04, real=0.08 secs] 
2021-06-03T23:00:23.302+0800: 1776575.001: [GC (Allocation Failure) [PSYoungGen: 498272K->19136K(498176K)] 844923K->376385K(1022464K), 0.0330432 secs] [Times: user=0.04 sys=0.04, real=0.03 secs] 
2021-06-03T23:05:07.649+0800: 1776859.347: [GC (Allocation Failure) [PSYoungGen: 492224K->23264K(498688K)] 849473K->392830K(1022976K), 0.0392572 secs] [Times: user=0.04 sys=0.04, real=0.04 secs] 
2021-06-03T23:09:56.714+0800: 1777148.412: [GC (Allocation Failure) [PSYoungGen: 496352K->21792K(499200K)] 865918K->401822K(1023488K), 0.0419115 secs] [Times: user=0.04 sys=0.04, real=0.04 secs] 
2021-06-03T23:14:46.997+0800: 1777438.696: [GC (Allocation Failure) [PSYoungGen: 495392K->20896K(498688K)] 875422K->412716K(1022976K), 0.0335970 secs] [Times: user=0.04 sys=0.04, real=0.03 secs] 
2021-06-03T23:19:36.606+0800: 1777728.304: [GC (Allocation Failure) [PSYoungGen: 494496K->21472K(499200K)] 886316K->424675K(1023488K), 0.0763783 secs] [Times: user=0.06 sys=0.06, real=0.08 secs] 
2021-06-03T23:24:20.901+0800: 1778012.599: [GC (Allocation Failure) [PSYoungGen: 495584K->25056K(499200K)] 898787K->441538K(1023488K), 0.0435315 secs] [Times: user=0.04 sys=0.05, real=0.05 secs] 
2021-06-03T23:29:10.912+0800: 1778302.610: [GC (Allocation Failure) [PSYoungGen: 499168K->19296K(487936K)] 915650K->448495K(1012224K), 0.0731247 secs] [Times: user=0.04 sys=0.05, real=0.08 secs] 
2021-06-03T23:33:52.820+0800: 1778584.518: [GC (Allocation Failure) [PSYoungGen: 482144K->22944K(493568K)] 911343K->461894K(1017856K), 0.0360647 secs] [Times: user=0.09 sys=0.00, real=0.04 secs] 
2021-06-03T23:38:33.244+0800: 1778864.942: [GC (Allocation Failure) [PSYoungGen: 485792K->23488K(494592K)] 924742K->476165K(1018880K), 0.0385448 secs] [Times: user=0.04 sys=0.05, real=0.04 secs] 
2021-06-03T23:43:16.104+0800: 1779147.802: [GC (Allocation Failure) [PSYoungGen: 487872K->20160K(494080K)] 940549K->484811K(1018368K), 0.0315124 secs] [Times: user=0.05 sys=0.05, real=0.03 secs] 
2021-06-03T23:47:56.564+0800: 1779428.263: [GC (Allocation Failure) [PSYoungGen: 484544K->21728K(495616K)] 949195K->497915K(1019904K), 0.0329402 secs] [Times: user=0.04 sys=0.04, real=0.03 secs] 
2021-06-03T23:52:37.495+0800: 1779709.194: [GC (Allocation Failure) [PSYoungGen: 488160K->22848K(495104K)] 964347K->510722K(1019392K), 0.0359698 secs] [Times: user=0.04 sys=0.04, real=0.03 secs] 
2021-06-03T23:57:13.949+0800: 1779985.647: [GC (Allocation Failure) [PSYoungGen: 489280K->25120K(495104K)] 977154K->524753K(1019392K), 0.0406027 secs] [Times: user=0.09 sys=0.00, real=0.04 secs] 
2021-06-04T00:01:42.630+0800: 1780254.328: [GC (Allocation Failure) [PSYoungGen: 492064K->20384K(495616K)] 991697K->531766K(1019904K), 0.0382951 secs] [Times: user=0.04 sys=0.04, real=0.04 secs] 
2021-06-04T00:01:42.669+0800: 1780254.367: [Full GC (Ergonomics) [PSYoungGen: 20384K->0K(495616K)] [ParOldGen: 511382K->319772K(524288K)] 531766K->319772K(1019904K), [Metaspace: 96629K->96629K(1138688K)], 0.4624587 secs] [Times: user=0.97 sys=0.00, real=0.46 secs] 
2021-06-04T00:06:24.095+0800: 1780535.793: [GC (Allocation Failure) [PSYoungGen: 466944K->19776K(495616K)] 786716K->339548K(1019904K), 0.0294885 secs] [Times: user=0.03 sys=0.04, real=0.03 secs] 
2021-06-04T00:11:07.314+0800: 1780819.012: [GC (Allocation Failure) [PSYoungGen: 486720K->20544K(495616K)] 806492K->352904K(1019904K), 0.0389371 secs] [Times: user=0.04 sys=0.04, real=0.04 secs] 
2021-06-04T00:15:50.985+0800: 1781102.683: [GC (Allocation Failure) [PSYoungGen: 487488K->24032K(496128K)] 819848K->369111K(1020416K), 0.0381967 secs] [Times: user=0.04 sys=0.05, real=0.04 secs] 
2021-06-04T00:20:36.366+0800: 1781388.065: [GC (Allocation Failure) [PSYoungGen: 492000K->19840K(496128K)] 837079K->377677K(1020416K), 0.0353978 secs] [Times: user=0.04 sys=0.04, real=0.03 secs] 
2021-06-04T00:25:17.945+0800: 1781669.643: [GC (Allocation Failure) [PSYoungGen: 487808K->18560K(496128K)] 845645K->387139K(1020416K), 0.1043830 secs] [Times: user=0.06 sys=0.06, real=0.10 secs] 
2021-06-04T00:30:01.640+0800: 1781953.338: [GC (Allocation Failure) [PSYoungGen: 486528K->19936K(496128K)] 855107K->399384K(1020416K), 0.0386986 secs] [Times: user=0.05 sys=0.05, real=0.04 secs] 
2021-06-04T00:34:50.159+0800: 1782241.858: [GC (Allocation Failure) [PSYoungGen: 487904K->23072K(496640K)] 867352K->412415K(1020928K), 0.0424360 secs] [Times: user=0.05 sys=0.05, real=0.05 secs] 
2021-06-04T00:39:37.827+0800: 1782529.525: [GC (Allocation Failure) [PSYoungGen: 492064K->22080K(496640K)] 881407K->421759K(1020928K), 0.0392910 secs] [Times: user=0.04 sys=0.04, real=0.04 secs] 
2021-06-04T00:44:26.103+0800: 1782817.801: [GC (Allocation Failure) [PSYoungGen: 491072K->21312K(497152K)] 890751K->432557K(1021440K), 0.0387786 secs] [Times: user=0.04 sys=0.04, real=0.03 secs] 
2021-06-04T00:49:08.921+0800: 1783100.619: [GC (Allocation Failure) [PSYoungGen: 490816K->20672K(496640K)] 902061K->442540K(1020928K), 0.0390660 secs] [Times: user=0.05 sys=0.06, real=0.04 secs] 
2021-06-04T00:53:55.034+0800: 1783386.732: [GC (Allocation Failure) [PSYoungGen: 490176K->19360K(497664K)] 912044K->453194K(1021952K), 0.0467971 secs] [Times: user=0.06 sys=0.06, real=0.04 secs] 
2021-06-04T00:58:41.713+0800: 1783673.412: [GC (Allocation Failure) [PSYoungGen: 490400K->19712K(497664K)] 924234K->463256K(1021952K), 0.0333735 secs] [Times: user=0.04 sys=0.04, real=0.03 secs] 
2021-06-04T01:03:27.289+0800: 1783958.988: [GC (Allocation Failure) [PSYoungGen: 490752K->21280K(498176K)] 934296K->474991K(1022464K), 0.0411481 secs] [Times: user=0.05 sys=0.04, real=0.04 secs] 
2021-06-04T01:08:14.542+0800: 1784246.241: [GC (Allocation Failure) [PSYoungGen: 493344K->22208K(498176K)] 947055K->486909K(1022464K), 0.0364694 secs] [Times: user=0.04 sys=0.05, real=0.03 secs] 
2021-06-04T01:12:56.730+0800: 1784528.428: [GC (Allocation Failure) [PSYoungGen: 494272K->25312K(496640K)] 958973K->499597K(1020928K), 0.0394892 secs] [Times: user=0.05 sys=0.05, real=0.04 secs] 
2021-06-04T01:17:35.627+0800: 1784807.325: [GC (Allocation Failure) [PSYoungGen: 495863K->21748K(497664K)] 970149K->507816K(1021952K), 0.0310128 secs] [Times: user=0.04 sys=0.04, real=0.03 secs] 
2021-06-04T01:22:17.486+0800: 1785089.185: [GC (Allocation Failure) [PSYoungGen: 492788K->19818K(498176K)] 978856K->517652K(1022464K), 0.0358015 secs] [Times: user=0.04 sys=0.05, real=0.04 secs] 
2021-06-04T01:27:05.105+0800: 1785376.803: [GC (Allocation Failure) [PSYoungGen: 491882K->22624K(498176K)] 989716K->531435K(1022464K), 0.0382415 secs] [Times: user=0.04 sys=0.05, real=0.04 secs] 
2021-06-04T01:31:54.747+0800: 1785666.445: [GC (Allocation Failure) [PSYoungGen: 494688K->20032K(498176K)] 1003499K->539682K(1022464K), 0.0234325 secs] [Times: user=0.03 sys=0.03, real=0.02 secs] 
2021-06-04T01:31:54.771+0800: 1785666.469: [Full GC (Ergonomics) [PSYoungGen: 20032K->0K(498176K)] [ParOldGen: 519649K->328928K(524288K)] 539682K->328928K(1022464K), [Metaspace: 96630K->96630K(1138688K)], 0.4251269 secs] [Times: user=0.94 sys=0.00, real=0.43 secs] 
2021-06-04T01:36:40.254+0800: 1785951.952: [GC (Allocation Failure) [PSYoungGen: 472060K->19584K(498176K)] 800989K->348512K(1022464K), 0.0299733 secs] [Times: user=0.04 sys=0.04, real=0.03 secs] 
2021-06-04T01:41:26.152+0800: 1786237.850: [GC (Allocation Failure) [PSYoungGen: 491648K->23488K(498176K)] 820576K->364030K(1022464K), 0.0358676 secs] [Times: user=0.04 sys=0.04, real=0.04 secs] 
2021-06-04T01:46:14.922+0800: 1786526.620: [GC (Allocation Failure) [PSYoungGen: 495552K->19808K(498176K)] 836094K->371444K(1022464K), 0.1102018 secs] [Times: user=0.05 sys=0.04, real=0.11 secs] 
2021-06-04T01:50:56.261+0800: 1786807.959: [GC (Allocation Failure) [PSYoungGen: 491872K->24608K(496128K)] 843508K->387963K(1020416K), 0.0707711 secs] [Times: user=0.05 sys=0.05, real=0.07 secs] 
2021-06-04T01:55:39.346+0800: 1787091.045: [GC (Allocation Failure) [PSYoungGen: 494624K->23456K(497152K)] 857979K->398219K(1021440K), 0.0490066 secs] [Times: user=0.06 sys=0.06, real=0.05 secs] 
2021-06-04T02:00:20.279+0800: 1787371.978: [GC (Allocation Failure) [PSYoungGen: 493472K->21440K(497664K)] 868235K->408362K(1021952K), 0.0804395 secs] [Times: user=0.05 sys=0.05, real=0.08 secs] 
2021-06-04T02:05:05.555+0800: 1787657.253: [GC (Allocation Failure) [PSYoungGen: 491968K->18464K(497152K)] 878890K->418520K(1021440K), 0.0377831 secs] [Times: user=0.04 sys=0.04, real=0.04 secs] 
2021-06-04T02:09:49.703+0800: 1787941.402: [GC (Allocation Failure) [PSYoungGen: 488992K->21152K(498176K)] 889048K->430359K(1022464K), 0.0372458 secs] [Times: user=0.04 sys=0.04, real=0.03 secs] 
2021-06-04T02:14:37.351+0800: 1788229.049: [GC (Allocation Failure) [PSYoungGen: 492704K->20320K(497664K)] 901911K->440853K(1021952K), 0.0360358 secs] [Times: user=0.05 sys=0.06, real=0.04 secs] 
2021-06-04T02:19:20.918+0800: 1788512.617: [GC (Allocation Failure) [PSYoungGen: 491872K->23392K(498176K)] 912405K->455277K(1022464K), 0.0615449 secs] [Times: user=0.04 sys=0.04, real=0.06 secs] 
2021-06-04T02:24:08.452+0800: 1788800.150: [GC (Allocation Failure) [PSYoungGen: 495456K->23840K(496128K)] 927341K->467300K(1020416K), 0.0417916 secs] [Times: user=0.05 sys=0.05, real=0.05 secs] 
2021-06-04T02:28:55.531+0800: 1789087.229: [GC (Allocation Failure) [PSYoungGen: 495904K->20448K(497664K)] 939364K->476539K(1021952K), 0.0346629 secs] [Times: user=0.04 sys=0.04, real=0.04 secs] 
2021-06-04T02:33:35.877+0800: 1789367.576: [GC (Allocation Failure) [PSYoungGen: 491488K->23488K(497664K)] 947579K->491128K(1021952K), 0.0380749 secs] [Times: user=0.04 sys=0.04, real=0.04 secs] 
2021-06-04T02:38:17.026+0800: 1789648.724: [GC (Allocation Failure) [PSYoungGen: 494528K->23392K(497664K)] 962168K->502280K(1021952K), 0.0469477 secs] [Times: user=0.05 sys=0.05, real=0.05 secs] 
2021-06-04T02:42:59.884+0800: 1789931.583: [GC (Allocation Failure) [PSYoungGen: 494432K->19488K(497664K)] 973320K->510279K(1021952K), 0.0345222 secs] [Times: user=0.04 sys=0.05, real=0.03 secs] 
2021-06-04T02:47:46.507+0800: 1790218.205: [GC (Allocation Failure) [PSYoungGen: 490528K->20384K(497664K)] 981319K->521806K(1021952K), 0.0347881 secs] [Times: user=0.04 sys=0.04, real=0.03 secs] 
2021-06-04T02:52:31.659+0800: 1790503.357: [GC (Allocation Failure) [PSYoungGen: 491424K->21952K(497664K)] 992846K->534420K(1021952K), 0.0373973 secs] [Times: user=0.05 sys=0.05, real=0.04 secs] 
2021-06-04T02:52:31.697+0800: 1790503.395: [Full GC (Ergonomics) [PSYoungGen: 21952K->0K(497664K)] [ParOldGen: 512468K->320411K(524288K)] 534420K->320411K(1021952K), [Metaspace: 96630K->96630K(1138688K)], 0.4534735 secs] [Times: user=1.08 sys=0.00, real=0.45 secs] 
2021-06-04T02:57:12.979+0800: 1790784.677: [GC (Allocation Failure) [PSYoungGen: 471040K->21280K(498688K)] 791451K->341691K(1022976K), 0.0283291 secs] [Times: user=0.04 sys=0.04, real=0.03 secs] 
2021-06-04T03:01:59.788+0800: 1791071.486: [GC (Allocation Failure) [PSYoungGen: 493856K->23072K(498176K)] 814267K->356898K(1022464K), 0.0481745 secs] [Times: user=0.06 sys=0.06, real=0.05 secs] 
2021-06-04T03:06:40.183+0800: 1791351.882: [GC (Allocation Failure) [PSYoungGen: 495648K->21376K(498688K)] 829474K->367144K(1022976K), 0.0354829 secs] [Times: user=0.09 sys=0.00, real=0.03 secs] 
2021-06-04T03:11:26.546+0800: 1791638.244: [GC (Allocation Failure) [PSYoungGen: 493952K->21248K(498176K)] 839720K->380023K(1022464K), 0.0402273 secs] [Times: user=0.05 sys=0.05, real=0.04 secs] 
2021-06-04T03:16:07.751+0800: 1791919.450: [GC (Allocation Failure) [PSYoungGen: 493824K->21024K(499200K)] 852599K->390486K(1023488K), 0.0368227 secs] [Times: user=0.04 sys=0.04, real=0.04 secs] 
2021-06-04T03:20:52.469+0800: 1792204.168: [GC (Allocation Failure) [PSYoungGen: 494624K->20000K(498688K)] 864086K->400427K(1022976K), 0.0903182 secs] [Times: user=0.05 sys=0.06, real=0.09 secs] 
2021-06-04T03:25:41.298+0800: 1792492.996: [GC (Allocation Failure) [PSYoungGen: 493600K->24928K(497152K)] 874027K->417123K(1021440K), 0.0723872 secs] [Times: user=0.05 sys=0.05, real=0.07 secs] 
2021-06-04T03:30:26.831+0800: 1792778.529: [GC (Allocation Failure) [PSYoungGen: 496992K->20736K(498176K)] 889187K->423993K(1022464K), 0.0358182 secs] [Times: user=0.04 sys=0.05, real=0.04 secs] 
2021-06-04T03:35:15.272+0800: 1793066.970: [GC (Allocation Failure) [PSYoungGen: 492800K->21440K(498688K)] 896057K->435913K(1022976K), 0.0346427 secs] [Times: user=0.04 sys=0.04, real=0.04 secs] 
2021-06-04T03:40:02.838+0800: 1793354.536: [GC (Allocation Failure) [PSYoungGen: 494528K->23904K(497152K)] 909001K->450544K(1021440K), 0.0424715 secs] [Times: user=0.04 sys=0.05, real=0.04 secs] 
2021-06-04T03:44:46.702+0800: 1793638.400: [GC (Allocation Failure) [PSYoungGen: 496992K->23328K(498176K)] 923632K->461327K(1022464K), 0.0954892 secs] [Times: user=0.05 sys=0.06, real=0.10 secs] 
2021-06-04T03:49:33.157+0800: 1793924.855: [GC (Allocation Failure) [PSYoungGen: 495392K->23008K(498176K)] 933391K->472894K(1022464K), 0.0438841 secs] [Times: user=0.04 sys=0.05, real=0.04 secs] 
2021-06-04T03:54:21.204+0800: 1794212.902: [GC (Allocation Failure) [PSYoungGen: 495072K->21408K(498688K)] 944958K->482572K(1022976K), 0.0395473 secs] [Times: user=0.05 sys=0.06, real=0.04 secs] 
2021-06-04T03:59:03.231+0800: 1794494.929: [GC (Allocation Failure) [PSYoungGen: 493984K->21760K(498176K)] 955148K->494195K(1022464K), 0.0344812 secs] [Times: user=0.05 sys=0.05, real=0.04 secs] 
2021-06-04T04:03:52.538+0800: 1794784.237: [GC (Allocation Failure) [PSYoungGen: 494336K->21088K(498688K)] 966771K->504802K(1022976K), 0.0363362 secs] [Times: user=0.05 sys=0.05, real=0.04 secs] 
2021-06-04T04:08:38.517+0800: 1795070.215: [GC (Allocation Failure) [PSYoungGen: 494176K->21312K(498688K)] 977890K->515537K(1022976K), 0.0468130 secs] [Times: user=0.09 sys=0.00, real=0.05 secs] 
2021-06-04T04:13:25.343+0800: 1795357.042: [GC (Allocation Failure) [PSYoungGen: 494400K->20064K(499200K)] 988625K->526313K(1023488K), 0.0385770 secs] [Times: user=0.04 sys=0.05, real=0.04 secs] 
2021-06-04T04:18:13.686+0800: 1795645.384: [GC (Allocation Failure) [PSYoungGen: 494176K->20736K(499200K)] 1000425K->537576K(1023488K), 0.0384227 secs] [Times: user=0.04 sys=0.05, real=0.04 secs] 
2021-06-04T04:18:13.725+0800: 1795645.423: [Full GC (Ergonomics) [PSYoungGen: 20736K->0K(499200K)] [ParOldGen: 516840K->329082K(524288K)] 537576K->329082K(1023488K), [Metaspace: 96630K->96630K(1138688K)], 0.5424242 secs] [Times: user=1.11 sys=0.00, real=0.54 secs] 
2021-06-04T04:23:02.888+0800: 1795934.586: [GC (Allocation Failure) [PSYoungGen: 474112K->24704K(498176K)] 803194K->353786K(1022464K), 0.0460899 secs] [Times: user=0.04 sys=0.05, real=0.05 secs] 
2021-06-04T04:27:46.129+0800: 1796217.828: [GC (Allocation Failure) [PSYoungGen: 497792K->22752K(498688K)] 826874K->365551K(1022976K), 0.0416801 secs] [Times: user=0.05 sys=0.06, real=0.04 secs] 
2021-06-04T04:32:30.126+0800: 1796501.824: [GC (Allocation Failure) [PSYoungGen: 495840K->25568K(487424K)] 838639K->380095K(1011712K), 0.0432504 secs] [Times: user=0.05 sys=0.06, real=0.04 secs] 
2021-06-04T04:37:11.553+0800: 1796783.251: [GC (Allocation Failure) [PSYoungGen: 487392K->19968K(493056K)] 841919K->387630K(1017344K), 0.0411657 secs] [Times: user=0.05 sys=0.05, real=0.04 secs] 
2021-06-04T04:41:54.476+0800: 1797066.174: [GC (Allocation Failure) [PSYoungGen: 481792K->24000K(493568K)] 849454K->402829K(1017856K), 0.0422690 secs] [Times: user=0.05 sys=0.05, real=0.04 secs] 
2021-06-04T04:46:35.371+0800: 1797347.069: [GC (Allocation Failure) [PSYoungGen: 486848K->24800K(493568K)] 865677K->416285K(1017856K), 0.0463769 secs] [Times: user=0.05 sys=0.06, real=0.05 secs] 
2021-06-04T04:51:16.347+0800: 1797628.045: [GC (Allocation Failure) [PSYoungGen: 487648K->20736K(494080K)] 879133K->424211K(1018368K), 0.0438693 secs] [Times: user=0.05 sys=0.05, real=0.04 secs] 
2021-06-04T04:56:00.123+0800: 1797911.831: [GC (Allocation Failure) [PSYoungGen: 484608K->20000K(494080K)] 888083K->434042K(1018368K), 0.1252119 secs] [Times: user=0.06 sys=0.06, real=0.12 secs] 
2021-06-04T05:00:39.769+0800: 1798191.467: [GC (Allocation Failure) [PSYoungGen: 483872K->21824K(494592K)] 897914K->446696K(1018880K), 0.0419021 secs] [Times: user=0.05 sys=0.05, real=0.04 secs] 
2021-06-04T05:05:20.393+0800: 1798472.091: [GC (Allocation Failure) [PSYoungGen: 486208K->22144K(494080K)] 911080K->457375K(1018368K), 0.0558929 secs] [Times: user=0.06 sys=0.05, real=0.05 secs] 
2021-06-04T05:09:59.751+0800: 1798751.449: [GC (Allocation Failure) [PSYoungGen: 486528K->24448K(495104K)] 921759K->470559K(1019392K), 0.0452828 secs] [Times: user=0.10 sys=0.00, real=0.05 secs] 
2021-06-04T05:14:38.873+0800: 1799030.571: [GC (Allocation Failure) [PSYoungGen: 490368K->22080K(495104K)] 936479K->479941K(1019392K), 0.0448781 secs] [Times: user=0.06 sys=0.05, real=0.04 secs] 
2021-06-04T05:19:17.557+0800: 1799309.256: [GC (Allocation Failure) [PSYoungGen: 488000K->19776K(495616K)] 945861K->488348K(1019904K), 0.0435567 secs] [Times: user=0.05 sys=0.06, real=0.04 secs] 
2021-06-04T05:23:59.857+0800: 1799591.555: [GC (Allocation Failure) [PSYoungGen: 486720K->19072K(495616K)] 955292K->498138K(1019904K), 0.0403484 secs] [Times: user=0.04 sys=0.05, real=0.04 secs] 
2021-06-04T05:28:39.331+0800: 1799871.030: [GC (Allocation Failure) [PSYoungGen: 486016K->22336K(496128K)] 965082K->512031K(1020416K), 0.1058240 secs] [Times: user=0.05 sys=0.05, real=0.11 secs] 
2021-06-04T05:33:23.709+0800: 1800155.408: [GC (Allocation Failure) [PSYoungGen: 489792K->23424K(495616K)] 979487K->524142K(1019904K), 0.0454972 secs] [Times: user=0.05 sys=0.05, real=0.05 secs] 
2021-06-04T05:38:05.682+0800: 1800437.380: [GC (Allocation Failure) [PSYoungGen: 490880K->21440K(496640K)] 991598K->534027K(1020928K), 0.0668742 secs] [Times: user=0.05 sys=0.05, real=0.07 secs] 
2021-06-04T05:38:05.749+0800: 1800437.448: [Full GC (Ergonomics) [PSYoungGen: 21440K->0K(496640K)] [ParOldGen: 512587K->317878K(524288K)] 534027K->317878K(1020928K), [Metaspace: 96630K->96626K(1138688K)], 0.6001177 secs] [Times: user=1.17 sys=0.00, real=0.60 secs] 
2021-06-04T05:42:49.906+0800: 1800721.604: [GC (Allocation Failure) [PSYoungGen: 468992K->23072K(496640K)] 786870K->340950K(1020928K), 0.0382472 secs] [Times: user=0.04 sys=0.04, real=0.04 secs] 
2021-06-04T05:47:35.333+0800: 1801007.031: [GC (Allocation Failure) [PSYoungGen: 492064K->21920K(497152K)] 809942K->351992K(1021440K), 0.0886141 secs] [Times: user=0.05 sys=0.04, real=0.08 secs] 
2021-06-04T05:52:24.384+0800: 1801296.082: [GC (Allocation Failure) [PSYoungGen: 491936K->19488K(497152K)] 822008K->360948K(1021440K), 0.0369640 secs] [Times: user=0.04 sys=0.04, real=0.03 secs] 
2021-06-04T05:57:10.914+0800: 1801582.613: [GC (Allocation Failure) [PSYoungGen: 489504K->23328K(497152K)] 830964K->374004K(1021440K), 0.0359348 secs] [Times: user=0.04 sys=0.04, real=0.03 secs] 
2021-06-04T06:01:52.845+0800: 1801864.543: [GC (Allocation Failure) [PSYoungGen: 493344K->22336K(497152K)] 844020K->385163K(1021440K), 0.0403673 secs] [Times: user=0.05 sys=0.05, real=0.04 secs] 
2021-06-04T06:06:36.731+0800: 1802148.430: [GC (Allocation Failure) [PSYoungGen: 492352K->20128K(497664K)] 855179K->394528K(1021952K), 0.0840756 secs] [Times: user=0.05 sys=0.05, real=0.09 secs] 
2021-06-04T06:11:22.819+0800: 1802434.517: [GC (Allocation Failure) [PSYoungGen: 491168K->17888K(497664K)] 865568K->402653K(1021952K), 0.0321549 secs] [Times: user=0.04 sys=0.04, real=0.03 secs] 
2021-06-04T06:16:10.563+0800: 1802722.262: [GC (Allocation Failure) [PSYoungGen: 488928K->20832K(497664K)] 873693K->415498K(1021952K), 0.0401263 secs] [Times: user=0.04 sys=0.05, real=0.04 secs] 
2021-06-04T06:20:51.707+0800: 1803003.406: [GC (Allocation Failure) [PSYoungGen: 491872K->24672K(496128K)] 886538K->430025K(1020416K), 0.0467813 secs] [Times: user=0.05 sys=0.05, real=0.05 secs] 
2021-06-04T06:25:32.401+0800: 1803284.099: [GC (Allocation Failure) [PSYoungGen: 495712K->19552K(497152K)] 901065K->436480K(1021440K), 0.0434946 secs] [Times: user=0.04 sys=0.05, real=0.05 secs] 
2021-06-04T06:30:18.398+0800: 1803570.096: [GC (Allocation Failure) [PSYoungGen: 489568K->21984K(497152K)] 906496K->449950K(1021440K), 0.0509611 secs] [Times: user=0.04 sys=0.05, real=0.05 secs] 
2021-06-04T06:35:05.119+0800: 1803856.817: [GC (Allocation Failure) [PSYoungGen: 492000K->20160K(497664K)] 919966K->459477K(1021952K), 0.0393953 secs] [Times: user=0.05 sys=0.05, real=0.04 secs] 
2021-06-04T06:39:46.666+0800: 1804138.365: [GC (Allocation Failure) [PSYoungGen: 491200K->20384K(497664K)] 930517K->470609K(1021952K), 0.0373200 secs] [Times: user=0.05 sys=0.05, real=0.04 secs] 
2021-06-04T06:44:31.690+0800: 1804423.388: [GC (Allocation Failure) [PSYoungGen: 491424K->21024K(498688K)] 941649K->483095K(1022976K), 0.0430611 secs] [Times: user=0.05 sys=0.05, real=0.05 secs] 
2021-06-04T06:49:17.885+0800: 1804709.583: [GC (Allocation Failure) [PSYoungGen: 493600K->22656K(498176K)] 955671K->494878K(1022464K), 0.0642302 secs] [Times: user=0.05 sys=0.06, real=0.06 secs] 
2021-06-04T06:54:04.177+0800: 1804995.876: [GC (Allocation Failure) [PSYoungGen: 495232K->23200K(497664K)] 967454K->507293K(1021952K), 0.0355538 secs] [Times: user=0.04 sys=0.05, real=0.04 secs] 
2021-06-04T06:58:53.905+0800: 1805285.603: [GC (Allocation Failure) [PSYoungGen: 495264K->21024K(498176K)] 979357K->517147K(1022464K), 0.0341874 secs] [Times: user=0.04 sys=0.04, real=0.03 secs] 
2021-06-04T07:03:43.046+0800: 1805574.744: [GC (Allocation Failure) [PSYoungGen: 493088K->22144K(498688K)] 989211K->529586K(1022976K), 0.1098132 secs] [Times: user=0.08 sys=0.08, real=0.11 secs] 
2021-06-04T07:08:32.684+0800: 1805864.382: [GC (Allocation Failure) [PSYoungGen: 495232K->20160K(498688K)] 1002674K->540224K(1022976K), 0.0371563 secs] [Times: user=0.05 sys=0.05, real=0.03 secs] 
2021-06-04T07:08:32.722+0800: 1805864.420: [Full GC (Ergonomics) [PSYoungGen: 20160K->0K(498688K)] [ParOldGen: 520064K->330514K(524288K)] 540224K->330514K(1022976K), [Metaspace: 96630K->96630K(1138688K)], 0.5362393 secs] [Times: user=1.05 sys=0.00, real=0.54 secs] 
2021-06-04T07:13:17.839+0800: 1806149.537: [GC (Allocation Failure) [PSYoungGen: 473088K->23456K(498688K)] 803602K->353970K(1022976K), 0.0420539 secs] [Times: user=0.04 sys=0.05, real=0.04 secs] 
2021-06-04T07:17:56.257+0800: 1806427.956: [GC (Allocation Failure) [PSYoungGen: 496544K->22506K(498688K)] 827058K->365483K(1022976K), 0.0373929 secs] [Times: user=0.05 sys=0.04, real=0.04 secs] 
2021-06-04T07:22:41.616+0800: 1806713.314: [GC (Allocation Failure) [PSYoungGen: 495594K->23264K(497664K)] 838571K->378850K(1021952K), 0.0404319 secs] [Times: user=0.04 sys=0.05, real=0.04 secs] 
2021-06-04T07:27:25.417+0800: 1806997.115: [GC (Allocation Failure) [PSYoungGen: 495328K->20960K(498176K)] 850914K->387306K(1022464K), 0.0351067 secs] [Times: user=0.04 sys=0.04, real=0.04 secs] 
2021-06-04T07:32:09.367+0800: 1807281.065: [GC (Allocation Failure) [PSYoungGen: 493024K->24544K(497664K)] 859370K->400274K(1021952K), 0.0386396 secs] [Times: user=0.09 sys=0.00, real=0.04 secs] 
2021-06-04T07:36:54.325+0800: 1807566.024: [GC (Allocation Failure) [PSYoungGen: 496608K->24512K(496640K)] 872338K->411961K(1020928K), 0.0469200 secs] [Times: user=0.05 sys=0.05, real=0.05 secs] 
2021-06-04T07:41:35.646+0800: 1807847.344: [GC (Allocation Failure) [PSYoungGen: 496576K->22368K(497664K)] 884025K->422569K(1021952K), 0.0481716 secs] [Times: user=0.06 sys=0.06, real=0.05 secs] 
2021-06-04T07:46:18.516+0800: 1808130.215: [GC (Allocation Failure) [PSYoungGen: 493408K->17792K(497664K)] 893609K->430518K(1021952K), 0.0332865 secs] [Times: user=0.04 sys=0.05, real=0.03 secs] 
2021-06-04T07:51:03.009+0800: 1808414.707: [GC (Allocation Failure) [PSYoungGen: 488832K->21472K(497664K)] 901558K->442772K(1021952K), 0.0856196 secs] [Times: user=0.04 sys=0.04, real=0.09 secs] 
2021-06-04T07:55:45.596+0800: 1808697.295: [GC (Allocation Failure) [PSYoungGen: 492512K->20704K(497664K)] 913812K->451994K(1021952K), 0.0360367 secs] [Times: user=0.09 sys=0.00, real=0.04 secs] 
2021-06-04T08:00:22.684+0800: 1808974.382: [GC (Allocation Failure) [PSYoungGen: 491744K->21088K(498176K)] 923034K->463553K(1022464K), 0.0356925 secs] [Times: user=0.10 sys=0.00, real=0.03 secs] 
2021-06-04T08:05:12.999+0800: 1809264.697: [GC (Allocation Failure) [PSYoungGen: 493152K->21632K(498176K)] 935617K->476033K(1022464K), 0.0334045 secs] [Times: user=0.04 sys=0.05, real=0.04 secs] 
2021-06-04T08:09:55.545+0800: 1809547.244: [GC (Allocation Failure) [PSYoungGen: 493696K->21568K(499200K)] 948097K->488024K(1023488K), 0.0340192 secs] [Times: user=0.05 sys=0.05, real=0.03 secs] 
2021-06-04T08:14:39.766+0800: 1809831.464: [GC (Allocation Failure) [PSYoungGen: 495168K->22496K(498688K)] 961624K->500000K(1022976K), 0.0357070 secs] [Times: user=0.04 sys=0.04, real=0.03 secs] 
2021-06-04T08:19:20.497+0800: 1810112.195: [GC (Allocation Failure) [PSYoungGen: 496096K->22304K(499200K)] 973600K->510782K(1023488K), 0.0359503 secs] [Times: user=0.05 sys=0.04, real=0.04 secs] 
2021-06-04T08:24:09.732+0800: 1810401.430: [GC (Allocation Failure) [PSYoungGen: 496416K->21952K(499200K)] 984894K->522174K(1023488K), 0.0349171 secs] [Times: user=0.04 sys=0.04, real=0.04 secs] 
2021-06-04T08:28:55.017+0800: 1810686.715: [GC (Allocation Failure) [PSYoungGen: 496064K->23840K(498688K)] 996286K->535277K(1022976K), 0.1243820 secs] [Times: user=0.05 sys=0.06, real=0.12 secs] 
2021-06-04T08:28:55.142+0800: 1810686.840: [Full GC (Ergonomics) [PSYoungGen: 23840K->0K(498688K)] [ParOldGen: 511437K->319506K(524288K)] 535277K->319506K(1022976K), [Metaspace: 96633K->96633K(1138688K)], 0.4703799 secs] [Times: user=1.04 sys=0.00, real=0.48 secs] 
2021-06-04T08:33:45.001+0800: 1810976.699: [GC (Allocation Failure) [PSYoungGen: 474112K->21760K(499200K)] 793618K->341266K(1023488K), 0.0324410 secs] [Times: user=0.03 sys=0.04, real=0.04 secs] 
2021-06-04T08:38:35.766+0800: 1811267.465: [GC (Allocation Failure) [PSYoungGen: 495872K->19744K(499200K)] 815378K->352430K(1023488K), 0.0703809 secs] [Times: user=0.09 sys=0.00, real=0.07 secs] 
2021-06-04T08:43:17.519+0800: 1811549.217: [GC (Allocation Failure) [PSYoungGen: 493856K->20064K(499200K)] 826542K->362916K(1023488K), 0.0341667 secs] [Times: user=0.05 sys=0.04, real=0.04 secs] 
2021-06-04T08:48:00.932+0800: 1811832.630: [GC (Allocation Failure) [PSYoungGen: 494176K->22592K(499200K)] 837028K->377195K(1023488K), 0.0838054 secs] [Times: user=0.09 sys=0.00, real=0.09 secs] 
2021-06-04T08:52:46.645+0800: 1812118.343: [GC (Allocation Failure) [PSYoungGen: 496704K->20384K(499200K)] 851307K->386891K(1023488K), 0.0373055 secs] [Times: user=0.04 sys=0.04, real=0.04 secs] 
2021-06-04T08:57:32.082+0800: 1812403.780: [GC (Allocation Failure) [PSYoungGen: 494496K->24864K(497152K)] 861003K->402225K(1021440K), 0.0398004 secs] [Times: user=0.04 sys=0.04, real=0.04 secs] 
2021-06-04T09:02:14.398+0800: 1812686.096: [GC (Allocation Failure) [PSYoungGen: 496928K->23808K(498176K)] 874289K->413521K(1022464K), 0.0292345 secs] [Times: user=0.08 sys=0.00, real=0.03 secs] 
2021-06-04T09:07:00.585+0800: 1812972.283: [GC (Allocation Failure) [PSYoungGen: 495872K->20800K(498176K)] 885585K->422464K(1022464K), 0.0304186 secs] [Times: user=0.08 sys=0.00, real=0.03 secs] 
2021-06-04T09:11:40.892+0800: 1813252.591: [GC (Allocation Failure) [PSYoungGen: 492864K->22880K(498176K)] 894528K->436006K(1022464K), 0.0372626 secs] [Times: user=0.05 sys=0.04, real=0.03 secs] 
2021-06-04T09:16:30.531+0800: 1813542.229: [GC (Allocation Failure) [PSYoungGen: 494944K->21728K(498688K)] 908070K->446373K(1022976K), 0.0348745 secs] [Times: user=0.04 sys=0.04, real=0.04 secs] 
2021-06-04T09:21:17.193+0800: 1813828.891: [GC (Allocation Failure) [PSYoungGen: 494304K->21792K(498176K)] 918949K->457836K(1022464K), 0.0400916 secs] [Times: user=0.04 sys=0.05, real=0.04 secs] 
2021-06-04T09:26:04.603+0800: 1814116.302: [GC (Allocation Failure) [PSYoungGen: 494368K->21056K(499200K)] 930412K->467554K(1023488K), 0.0365063 secs] [Times: user=0.05 sys=0.04, real=0.03 secs] 
2021-06-04T09:30:52.041+0800: 1814403.740: [GC (Allocation Failure) [PSYoungGen: 494656K->22848K(498688K)] 941154K->479049K(1022976K), 0.0485845 secs] [Times: user=0.04 sys=0.04, real=0.05 secs] 
2021-06-04T09:35:42.084+0800: 1814693.782: [GC (Allocation Failure) [PSYoungGen: 496448K->22304K(499200K)] 952649K->490504K(1023488K), 0.0552072 secs] [Times: user=0.04 sys=0.05, real=0.05 secs] 
2021-06-04T09:40:32.146+0800: 1814983.844: [GC (Allocation Failure) [PSYoungGen: 496416K->19648K(499200K)] 964616K->500223K(1023488K), 0.0868382 secs] [Times: user=0.05 sys=0.05, real=0.09 secs] 
2021-06-04T09:45:20.442+0800: 1815272.141: [GC (Allocation Failure) [PSYoungGen: 493760K->21856K(499200K)] 974335K->514405K(1023488K), 0.0336177 secs] [Times: user=0.04 sys=0.04, real=0.03 secs] 
2021-06-04T09:50:02.383+0800: 1815554.081: [GC (Allocation Failure) [PSYoungGen: 495968K->21920K(499200K)] 988517K->526283K(1023488K), 0.0667232 secs] [Times: user=0.04 sys=0.05, real=0.06 secs] 
2021-06-04T09:54:48.486+0800: 1815840.184: [GC (Allocation Failure) [PSYoungGen: 496032K->19936K(499712K)] 1000395K->534426K(1024000K), 0.0378359 secs] [Times: user=0.04 sys=0.04, real=0.04 secs] 
2021-06-04T09:54:48.524+0800: 1815840.222: [Full GC (Ergonomics) [PSYoungGen: 19936K->0K(499712K)] [ParOldGen: 514490K->325197K(524288K)] 534426K->325197K(1024000K), [Metaspace: 96633K->96633K(1138688K)], 0.4804479 secs] [Times: user=1.07 sys=0.00, real=0.48 secs] 
2021-06-04T09:59:37.776+0800: 1816129.475: [GC (Allocation Failure) [PSYoungGen: 475136K->21376K(499712K)] 800333K->346573K(1024000K), 0.0282895 secs] [Times: user=0.03 sys=0.04, real=0.03 secs] 
2021-06-04T10:04:20.201+0800: 1816411.899: [GC (Allocation Failure) [PSYoungGen: 496512K->24544K(488448K)] 821709K->363451K(1012736K), 0.0378178 secs] [Times: user=0.05 sys=0.04, real=0.04 secs] 
2021-06-04T10:09:02.900+0800: 1816694.599: [GC (Allocation Failure) [PSYoungGen: 488416K->22144K(494080K)] 827323K->372953K(1018368K), 0.0355510 secs] [Times: user=0.04 sys=0.04, real=0.04 secs] 
2021-06-04T10:13:48.427+0800: 1816980.125: [GC (Allocation Failure) [PSYoungGen: 486016K->20288K(494592K)] 836825K->381992K(1018880K), 0.0324406 secs] [Times: user=0.04 sys=0.04, real=0.03 secs] 
2021-06-04T10:18:27.342+0800: 1817259.041: [GC (Allocation Failure) [PSYoungGen: 485184K->23136K(494592K)] 846888K->396414K(1018880K), 0.0371860 secs] [Times: user=0.04 sys=0.04, real=0.03 secs] 
2021-06-04T10:23:07.025+0800: 1817538.723: [GC (Allocation Failure) [PSYoungGen: 488032K->23072K(495616K)] 861310K->407613K(1019904K), 0.0382502 secs] [Times: user=0.05 sys=0.04, real=0.04 secs] 
2021-06-04T10:27:47.859+0800: 1817819.557: [GC (Allocation Failure) [PSYoungGen: 489504K->23392K(495104K)] 874045K->419612K(1019392K), 0.0336936 secs] [Times: user=0.04 sys=0.04, real=0.04 secs] 
2021-06-04T10:32:26.905+0800: 1818098.603: [GC (Allocation Failure) [PSYoungGen: 489824K->20576K(496128K)] 886044K->428492K(1020416K), 0.0297965 secs] [Times: user=0.04 sys=0.04, real=0.03 secs] 
2021-06-04T10:37:06.412+0800: 1818378.110: [GC (Allocation Failure) [PSYoungGen: 488544K->21344K(496128K)] 896460K->440578K(1020416K), 0.0692442 secs] [Times: user=0.04 sys=0.04, real=0.06 secs] 
2021-06-04T10:41:51.465+0800: 1818663.163: [GC (Allocation Failure) [PSYoungGen: 489312K->21568K(496640K)] 908546K->451545K(1020928K), 0.0368326 secs] [Times: user=0.04 sys=0.05, real=0.03 secs] 
2021-06-04T10:46:35.237+0800: 1818946.935: [GC (Allocation Failure) [PSYoungGen: 490560K->22080K(496640K)] 920537K->463113K(1020928K), 0.0460778 secs] [Times: user=0.05 sys=0.05, real=0.05 secs] 
2021-06-04T10:51:24.512+0800: 1819236.210: [GC (Allocation Failure) [PSYoungGen: 491072K->19808K(497152K)] 932105K->471695K(1021440K), 0.0426553 secs] [Times: user=0.04 sys=0.04, real=0.05 secs] 
2021-06-04T10:56:08.960+0800: 1819520.659: [GC (Allocation Failure) [PSYoungGen: 489824K->22176K(497152K)] 941711K->486326K(1021440K), 0.0324804 secs] [Times: user=0.04 sys=0.04, real=0.04 secs] 
2021-06-04T11:00:55.294+0800: 1819806.992: [GC (Allocation Failure) [PSYoungGen: 492192K->20864K(497664K)] 956342K->496398K(1021952K), 0.0324380 secs] [Times: user=0.04 sys=0.04, real=0.03 secs] 
2021-06-04T11:05:39.074+0800: 1820090.772: [GC (Allocation Failure) [PSYoungGen: 491904K->21536K(497664K)] 967438K->508604K(1021952K), 0.0672528 secs] [Times: user=0.05 sys=0.05, real=0.06 secs] 
2021-06-04T11:10:26.961+0800: 1820378.659: [GC (Allocation Failure) [PSYoungGen: 492576K->23712K(497152K)] 979644K->522588K(1021440K), 0.0451635 secs] [Times: user=0.06 sys=0.06, real=0.05 secs] 
2021-06-04T11:15:12.635+0800: 1820664.333: [GC (Allocation Failure) [PSYoungGen: 494752K->21856K(497664K)] 993628K->531098K(1021952K), 0.0380147 secs] [Times: user=0.04 sys=0.05, real=0.04 secs] 
2021-06-04T11:20:04.189+0800: 1820955.887: [GC (Allocation Failure) [PSYoungGen: 492896K->23648K(498176K)] 1002138K->542874K(1022464K), 0.0484383 secs] [Times: user=0.05 sys=0.05, real=0.05 secs] 
2021-06-04T11:20:04.238+0800: 1820955.936: [Full GC (Ergonomics) [PSYoungGen: 23648K->0K(498176K)] [ParOldGen: 519226K->327716K(524288K)] 542874K->327716K(1022464K), [Metaspace: 96633K->96633K(1138688K)], 0.5192071 secs] [Times: user=1.05 sys=0.00, real=0.52 secs] 
2021-06-04T11:24:57.600+0800: 1821249.298: [GC (Allocation Failure) [PSYoungGen: 472064K->19552K(498176K)] 799780K->347268K(1022464K), 0.0341471 secs] [Times: user=0.04 sys=0.04, real=0.04 secs] 
2021-06-04T11:29:45.697+0800: 1821537.396: [GC (Allocation Failure) [PSYoungGen: 491616K->21664K(498176K)] 819332K->360409K(1022464K), 0.0333458 secs] [Times: user=0.08 sys=0.00, real=0.03 secs] 
2021-06-04T11:34:29.408+0800: 1821821.106: [GC (Allocation Failure) [PSYoungGen: 493728K->20928K(498176K)] 832473K->370968K(1022464K), 0.0409859 secs] [Times: user=0.04 sys=0.04, real=0.04 secs] 
2021-06-04T11:39:16.469+0800: 1822108.167: [GC (Allocation Failure) [PSYoungGen: 492992K->18656K(497664K)] 843032K->381621K(1021952K), 0.0363894 secs] [Times: user=0.05 sys=0.05, real=0.04 secs] 
2021-06-04T11:44:07.611+0800: 1822399.309: [GC (Allocation Failure) [PSYoungGen: 490720K->20960K(498176K)] 853685K->395412K(1022464K), 0.0408050 secs] [Times: user=0.05 sys=0.05, real=0.04 secs] 
2021-06-04T11:48:55.849+0800: 1822687.547: [GC (Allocation Failure) [PSYoungGen: 493023K->19520K(498688K)] 867475K->404512K(1022976K), 0.0361621 secs] [Times: user=0.05 sys=0.05, real=0.04 secs] 
2021-06-04T11:53:44.745+0800: 1822976.444: [GC (Allocation Failure) [PSYoungGen: 492608K->20032K(498688K)] 877600K->415110K(1022976K), 0.0383274 secs] [Times: user=0.06 sys=0.06, real=0.04 secs] 
2021-06-04T11:58:31.159+0800: 1823262.857: [GC (Allocation Failure) [PSYoungGen: 493120K->21408K(499200K)] 888198K->429461K(1023488K), 0.0344601 secs] [Times: user=0.04 sys=0.05, real=0.04 secs] 
2021-06-04T12:03:18.483+0800: 1823550.181: [GC (Allocation Failure) [PSYoungGen: 495008K->22528K(498688K)] 903061K->442484K(1022976K), 0.0472941 secs] [Times: user=0.06 sys=0.06, real=0.04 secs] 
2021-06-04T12:08:07.373+0800: 1823839.071: [GC (Allocation Failure) [PSYoungGen: 496128K->20416K(499200K)] 916084K->453163K(1023488K), 0.0383667 secs] [Times: user=0.05 sys=0.05, real=0.03 secs] 
2021-06-04T12:12:55.208+0800: 1824126.906: [GC (Allocation Failure) [PSYoungGen: 494528K->22272K(499200K)] 927275K->465793K(1023488K), 0.0487284 secs] [Times: user=0.05 sys=0.06, real=0.05 secs] 
2021-06-04T12:17:44.298+0800: 1824415.996: [GC (Allocation Failure) [PSYoungGen: 496384K->22816K(499200K)] 939905K->478545K(1023488K), 0.0475861 secs] [Times: user=0.05 sys=0.05, real=0.05 secs] 
2021-06-04T12:22:37.477+0800: 1824709.175: [GC (Allocation Failure) [PSYoungGen: 496873K->19936K(499200K)] 952603K->485647K(1023488K), 0.0428673 secs] [Times: user=0.12 sys=0.00, real=0.04 secs] 
2021-06-04T12:27:26.265+0800: 1824997.963: [GC (Allocation Failure) [PSYoungGen: 494048K->14688K(497152K)] 959759K->493183K(1021440K), 0.0527262 secs] [Times: user=0.05 sys=0.06, real=0.05 secs] 
2021-06-04T12:32:21.328+0800: 1825293.026: [GC (Allocation Failure) [PSYoungGen: 486752K->4608K(477184K)] 965247K->493579K(1001472K), 0.0251622 secs] [Times: user=0.04 sys=0.04, real=0.03 secs] 
2021-06-04T12:37:11.083+0800: 1825582.781: [GC (Allocation Failure) [PSYoungGen: 476672K->5856K(493056K)] 965643K->498073K(1017344K), 0.0376493 secs] [Times: user=0.02 sys=0.02, real=0.03 secs] 
2021-06-04T12:41:58.969+0800: 1825870.667: [GC (Allocation Failure) [PSYoungGen: 470752K->12480K(494592K)] 962969K->509206K(1018880K), 0.0471666 secs] [Times: user=0.04 sys=0.03, real=0.05 secs] 
2021-06-04T12:46:46.214+0800: 1826157.912: [GC (Allocation Failure) [PSYoungGen: 477376K->12704K(495616K)] 974102K->518265K(1019904K), 0.0281761 secs] [Times: user=0.04 sys=0.04, real=0.03 secs] 
2021-06-04T12:51:36.718+0800: 1826448.417: [GC (Allocation Failure) [PSYoungGen: 479136K->12032K(495104K)] 984697K->527028K(1019392K), 0.0335416 secs] [Times: user=0.04 sys=0.04, real=0.03 secs] 
2021-06-04T12:51:36.752+0800: 1826448.451: [Full GC (Ergonomics) [PSYoungGen: 12032K->0K(495104K)] [ParOldGen: 514996K->308461K(524288K)] 527028K->308461K(1019392K), [Metaspace: 96633K->96633K(1138688K)], 0.4870510 secs] [Times: user=1.11 sys=0.00, real=0.48 secs] 
2021-06-04T12:56:26.295+0800: 1826737.993: [GC (Allocation Failure) [PSYoungGen: 466432K->12320K(496128K)] 774893K->320781K(1020416K), 0.0211381 secs] [Times: user=0.02 sys=0.04, real=0.02 secs] 
2021-06-04T13:01:24.024+0800: 1827035.722: [GC (Allocation Failure) [PSYoungGen: 479773K->8768K(495616K)] 788235K->327628K(1019904K), 0.0246730 secs] [Times: user=0.08 sys=0.00, real=0.02 secs] 
2021-06-04T13:06:21.869+0800: 1827333.567: [GC (Allocation Failure) [PSYoungGen: 476224K->8128K(496128K)] 795084K->333774K(1020416K), 0.0315974 secs] [Times: user=0.03 sys=0.04, real=0.03 secs] 
2021-06-04T13:11:17.939+0800: 1827629.637: [GC (Allocation Failure) [PSYoungGen: 476096K->7744K(496128K)] 801742K->339609K(1020416K), 0.0276137 secs] [Times: user=0.04 sys=0.04, real=0.03 secs] 
2021-06-04T13:16:07.726+0800: 1827919.424: [GC (Allocation Failure) [PSYoungGen: 475712K->14144K(497664K)] 807577K->351335K(1021952K), 0.0292951 secs] [Times: user=0.04 sys=0.04, real=0.03 secs] 
2021-06-04T13:20:55.563+0800: 1828207.261: [GC (Allocation Failure) [PSYoungGen: 484160K->12298K(496640K)] 821351K->359980K(1020928K), 0.0353406 secs] [Times: user=0.04 sys=0.05, real=0.03 secs] 
2021-06-04T13:25:54.796+0800: 1828506.494: [GC (Allocation Failure) [PSYoungGen: 482314K->8288K(499200K)] 829996K->364860K(1023488K), 0.0904041 secs] [Times: user=0.04 sys=0.03, real=0.09 secs] 
2021-06-04T13:30:53.014+0800: 1828804.712: [GC (Allocation Failure) [PSYoungGen: 481888K->4768K(498688K)] 838460K->367494K(1022976K), 0.0286897 secs] [Times: user=0.05 sys=0.04, real=0.03 secs] 
2021-06-04T13:35:49.711+0800: 1829101.409: [GC (Allocation Failure) [PSYoungGen: 478368K->7552K(499200K)] 841094K->373467K(1023488K), 0.0287974 secs] [Times: user=0.03 sys=0.03, real=0.03 secs] 
2021-06-04T13:40:41.509+0800: 1829393.207: [GC (Allocation Failure) [PSYoungGen: 481152K->13792K(498688K)] 847067K->384945K(1022976K), 0.0414567 secs] [Times: user=0.05 sys=0.06, real=0.04 secs] 
2021-06-04T13:45:31.901+0800: 1829683.599: [GC (Allocation Failure) [PSYoungGen: 487392K->12704K(500736K)] 858545K->393611K(1025024K), 0.0333466 secs] [Times: user=0.10 sys=0.00, real=0.04 secs] 
2021-06-04T13:50:28.602+0800: 1829980.300: [GC (Allocation Failure) [PSYoungGen: 488864K->10528K(499712K)] 869771K->401235K(1024000K), 0.0303092 secs] [Times: user=0.09 sys=0.00, real=0.04 secs] 
2021-06-04T13:55:33.041+0800: 1830284.740: [GC (Allocation Failure) [PSYoungGen: 486688K->5152K(501760K)] 877395K->403906K(1026048K), 0.0221199 secs] [Times: user=0.03 sys=0.04, real=0.03 secs] 
2021-06-04T14:00:38.710+0800: 1830590.408: [GC (Allocation Failure) [PSYoungGen: 484384K->5504K(501760K)] 883138K->408198K(1026048K), 0.0229359 secs] [Times: user=0.04 sys=0.03, real=0.03 secs] 
2021-06-04T14:05:40.886+0800: 1830892.584: [GC (Allocation Failure) [PSYoungGen: 484736K->6464K(502272K)] 887430K->413348K(1026560K), 0.0202803 secs] [Times: user=0.03 sys=0.03, real=0.02 secs] 
2021-06-04T14:10:33.435+0800: 1831185.133: [GC (Allocation Failure) [PSYoungGen: 486208K->16352K(496128K)] 893092K->428440K(1020416K), 0.0729986 secs] [Times: user=0.04 sys=0.04, real=0.07 secs] 
2021-06-04T14:15:36.340+0800: 1831488.039: [GC (Allocation Failure) [PSYoungGen: 496096K->7168K(501760K)] 908184K->430086K(1026048K), 0.0229289 secs] [Times: user=0.04 sys=0.03, real=0.03 secs] 
2021-06-04T14:20:38.637+0800: 1831790.335: [GC (Allocation Failure) [PSYoungGen: 485888K->7808K(501248K)] 908806K->436209K(1025536K), 0.0226681 secs] [Times: user=0.04 sys=0.03, real=0.02 secs] 
2021-06-04T14:25:39.854+0800: 1832091.552: [GC (Allocation Failure) [PSYoungGen: 486528K->6784K(502784K)] 914929K->441819K(1027072K), 0.0273660 secs] [Times: user=0.04 sys=0.04, real=0.02 secs] 
2021-06-04T14:30:42.743+0800: 1832394.441: [GC (Allocation Failure) [PSYoungGen: 487552K->5888K(502272K)] 922587K->446519K(1026560K), 0.0296640 secs] [Times: user=0.03 sys=0.04, real=0.03 secs] 
2021-06-04T14:35:37.789+0800: 1832689.487: [GC (Allocation Failure) [PSYoungGen: 486656K->13536K(502272K)] 927287K->458525K(1026560K), 0.0892129 secs] [Times: user=0.04 sys=0.04, real=0.09 secs] 
2021-06-04T14:40:34.214+0800: 1832985.912: [GC (Allocation Failure) [PSYoungGen: 494816K->11168K(502784K)] 939805K->466318K(1027072K), 0.0318771 secs] [Times: user=0.04 sys=0.04, real=0.03 secs] 
2021-06-04T14:45:31.590+0800: 1833283.288: [GC (Allocation Failure) [PSYoungGen: 492448K->8608K(504320K)] 947598K->472518K(1028608K), 0.0313997 secs] [Times: user=0.04 sys=0.04, real=0.03 secs] 
2021-06-04T14:50:35.447+0800: 1833587.145: [GC (Allocation Failure) [PSYoungGen: 492448K->6016K(503808K)] 956358K->476527K(1028096K), 0.0262971 secs] [Times: user=0.04 sys=0.04, real=0.03 secs] 
2021-06-04T14:55:42.325+0800: 1833894.023: [GC (Allocation Failure) [PSYoungGen: 489856K->6400K(505344K)] 960367K->481571K(1029632K), 0.0233885 secs] [Times: user=0.03 sys=0.03, real=0.02 secs] 
2021-06-04T15:00:47.948+0800: 1834199.647: [GC (Allocation Failure) [PSYoungGen: 492288K->7328K(504832K)] 967459K->487359K(1029120K), 0.0211383 secs] [Times: user=0.03 sys=0.03, real=0.02 secs] 
2021-06-04T15:05:53.348+0800: 1834505.046: [GC (Allocation Failure) [PSYoungGen: 493216K->9536K(506368K)] 973247K->495651K(1030656K), 0.0248885 secs] [Times: user=0.03 sys=0.03, real=0.03 secs] 
2021-06-04T15:10:58.309+0800: 1834810.008: [GC (Allocation Failure) [PSYoungGen: 497472K->9312K(505856K)] 983587K->503253K(1030144K), 0.0519952 secs] [Times: user=0.03 sys=0.04, real=0.05 secs] 
2021-06-04T15:16:08.082+0800: 1835119.780: [GC (Allocation Failure) [PSYoungGen: 497248K->5856K(507392K)] 991189K->506766K(1031680K), 0.0253810 secs] [Times: user=0.04 sys=0.04, real=0.03 secs] 
2021-06-04T15:21:15.267+0800: 1835426.965: [GC (Allocation Failure) [PSYoungGen: 496352K->9632K(507392K)] 997262K->514643K(1031680K), 0.0235364 secs] [Times: user=0.03 sys=0.03, real=0.02 secs] 
2021-06-04T15:26:30.218+0800: 1835741.916: [GC (Allocation Failure) [PSYoungGen: 500128K->5408K(507904K)] 1005139K->517859K(1032192K), 0.0229617 secs] [Times: user=0.04 sys=0.03, real=0.02 secs] 
2021-06-04T15:31:38.424+0800: 1836050.122: [GC (Allocation Failure) [PSYoungGen: 496928K->8160K(507904K)] 1009379K->524536K(1032192K), 0.0296022 secs] [Times: user=0.03 sys=0.04, real=0.03 secs] 
2021-06-04T15:31:38.454+0800: 1836050.152: [Full GC (Ergonomics) [PSYoungGen: 8160K->0K(507904K)] [ParOldGen: 516376K->307058K(524288K)] 524536K->307058K(1032192K), [Metaspace: 96633K->96633K(1138688K)], 0.4830589 secs] [Times: user=1.03 sys=0.00, real=0.48 secs] 
2021-06-04T15:36:44.447+0800: 1836356.146: [GC (Allocation Failure) [PSYoungGen: 491520K->11360K(507904K)] 798578K->318418K(1032192K), 0.0221632 secs] [Times: user=0.03 sys=0.03, real=0.02 secs] 
2021-06-04T15:41:47.272+0800: 1836658.970: [GC (Allocation Failure) [PSYoungGen: 503904K->11136K(508416K)] 810962K->326621K(1032704K), 0.0241825 secs] [Times: user=0.04 sys=0.04, real=0.03 secs] 
2021-06-04T15:46:50.374+0800: 1836962.072: [GC (Allocation Failure) [PSYoungGen: 503659K->9856K(508416K)] 819144K->333582K(1032704K), 0.0245378 secs] [Times: user=0.04 sys=0.03, real=0.02 secs] 
2021-06-04T15:52:05.588+0800: 1837277.287: [GC (Allocation Failure) [PSYoungGen: 502400K->3200K(508416K)] 826126K->334030K(1032704K), 0.0285872 secs] [Times: user=0.07 sys=0.00, real=0.03 secs] 
2021-06-04T15:57:16.131+0800: 1837587.830: [GC (Allocation Failure) [PSYoungGen: 495744K->5184K(508416K)] 826574K->337813K(1032704K), 0.0218582 secs] [Times: user=0.03 sys=0.03, real=0.03 secs] 
2021-06-04T16:02:23.093+0800: 1837894.791: [GC (Allocation Failure) [PSYoungGen: 497728K->5056K(508416K)] 830357K->341409K(1032704K), 0.0251002 secs] [Times: user=0.03 sys=0.04, real=0.02 secs] 
2021-06-04T16:07:30.602+0800: 1838202.300: [GC (Allocation Failure) [PSYoungGen: 497600K->11232K(507392K)] 833953K->351232K(1031680K), 0.0232551 secs] [Times: user=0.03 sys=0.03, real=0.03 secs] 
2021-06-04T16:12:32.138+0800: 1838503.836: [GC (Allocation Failure) [PSYoungGen: 502752K->12160K(503808K)] 842752K->360499K(1028096K), 0.0274311 secs] [Times: user=0.03 sys=0.04, real=0.03 secs] 
2021-06-04T16:17:36.088+0800: 1838807.786: [GC (Allocation Failure) [PSYoungGen: 503680K->12640K(506368K)] 852019K->368608K(1030656K), 0.0287294 secs] [Times: user=0.03 sys=0.04, real=0.03 secs] 
2021-06-04T16:22:36.244+0800: 1839107.942: [GC (Allocation Failure) [PSYoungGen: 502112K->14976K(504832K)] 858080K->380315K(1029120K), 0.0399212 secs] [Times: user=0.04 sys=0.04, real=0.04 secs] 
2021-06-04T16:27:36.575+0800: 1839408.274: [GC (Allocation Failure) [PSYoungGen: 504448K->9056K(506368K)] 869787K->384706K(1030656K), 0.0282147 secs] [Times: user=0.06 sys=0.00, real=0.03 secs] 
2021-06-04T16:32:41.991+0800: 1839713.689: [GC (Allocation Failure) [PSYoungGen: 496480K->7264K(505344K)] 872130K->389884K(1029632K), 0.0211767 secs] [Times: user=0.03 sys=0.03, real=0.03 secs] 
2021-06-04T16:37:46.676+0800: 1840018.374: [GC (Allocation Failure) [PSYoungGen: 494688K->7104K(506880K)] 877308K->395663K(1031168K), 0.0298768 secs] [Times: user=0.03 sys=0.03, real=0.03 secs] 
2021-06-04T16:42:50.358+0800: 1840322.056: [GC (Allocation Failure) [PSYoungGen: 496064K->9280K(506368K)] 884623K->402970K(1030656K), 0.0229248 secs] [Times: user=0.04 sys=0.04, real=0.02 secs] 
2021-06-04T16:47:51.806+0800: 1840623.505: [GC (Allocation Failure) [PSYoungGen: 498240K->9952K(508416K)] 891930K->410862K(1032704K), 0.0393283 secs] [Times: user=0.03 sys=0.03, real=0.04 secs] 
2021-06-04T16:52:55.167+0800: 1840926.865: [GC (Allocation Failure) [PSYoungGen: 501984K->11808K(507904K)] 902894K->419795K(1032192K), 0.0303845 secs] [Times: user=0.03 sys=0.04, real=0.03 secs] 
2021-06-04T16:58:09.843+0800: 1841241.542: [GC (Allocation Failure) [PSYoungGen: 503840K->4096K(506880K)] 911827K->421601K(1031168K), 0.0457846 secs] [Times: user=0.03 sys=0.03, real=0.04 secs] 
2021-06-04T17:03:18.329+0800: 1841550.027: [GC (Allocation Failure) [PSYoungGen: 494592K->7424K(507392K)] 912097K->427671K(1031680K), 0.0611860 secs] [Times: user=0.03 sys=0.03, real=0.06 secs] 
2021-06-04T17:08:26.713+0800: 1841858.412: [GC (Allocation Failure) [PSYoungGen: 497920K->12416K(506880K)] 918167K->438443K(1031168K), 0.0275417 secs] [Times: user=0.03 sys=0.04, real=0.02 secs] 
2021-06-04T17:13:32.620+0800: 1842164.319: [GC (Allocation Failure) [PSYoungGen: 502912K->11296K(507392K)] 928939K->446277K(1031680K), 0.0266228 secs] [Times: user=0.04 sys=0.04, real=0.03 secs] 
2021-06-04T17:18:42.103+0800: 1842473.802: [GC (Allocation Failure) [PSYoungGen: 501792K->14208K(505344K)] 936773K->457521K(1029632K), 0.0348364 secs] [Times: user=0.03 sys=0.04, real=0.03 secs] 
2021-06-04T17:23:41.759+0800: 1842773.457: [GC (Allocation Failure) [PSYoungGen: 502656K->14816K(503296K)] 945969K->468795K(1027584K), 0.0299752 secs] [Times: user=0.04 sys=0.04, real=0.03 secs] 
2021-06-04T17:28:45.305+0800: 1843077.003: [GC (Allocation Failure) [PSYoungGen: 503264K->14688K(503296K)] 957243K->478967K(1027584K), 0.0259241 secs] [Times: user=0.04 sys=0.03, real=0.02 secs] 
2021-06-04T17:33:48.485+0800: 1843380.183: [GC (Allocation Failure) [PSYoungGen: 499040K->12960K(504320K)] 963319K->488522K(1028608K), 0.0301999 secs] [Times: user=0.07 sys=0.00, real=0.03 secs] 
2021-06-04T17:38:47.318+0800: 1843679.016: [GC (Allocation Failure) [PSYoungGen: 497312K->13472K(503808K)] 972874K->498364K(1028096K), 0.0292589 secs] [Times: user=0.04 sys=0.04, real=0.03 secs] 
2021-06-04T17:43:49.350+0800: 1843981.048: [GC (Allocation Failure) [PSYoungGen: 497824K->7264K(504320K)] 982716K->501787K(1028608K), 0.0262175 secs] [Times: user=0.04 sys=0.03, real=0.03 secs] 
2021-06-04T17:48:53.001+0800: 1844284.699: [GC (Allocation Failure) [PSYoungGen: 491616K->7936K(504832K)] 986139K->507655K(1029120K), 0.0238855 secs] [Times: user=0.03 sys=0.04, real=0.03 secs] 
2021-06-04T17:53:50.972+0800: 1844582.670: [GC (Allocation Failure) [PSYoungGen: 493312K->12064K(504832K)] 993031K->517067K(1029120K), 0.0238456 secs] [Times: user=0.04 sys=0.04, real=0.03 secs] 
2021-06-04T17:58:53.187+0800: 1844884.885: [GC (Allocation Failure) [PSYoungGen: 497440K->12896K(505344K)] 1002443K->526934K(1029632K), 0.0340013 secs] [Times: user=0.05 sys=0.05, real=0.03 secs] 
2021-06-04T17:58:53.221+0800: 1844884.920: [Full GC (Ergonomics) [PSYoungGen: 12896K->0K(505344K)] [ParOldGen: 514038K->314902K(524288K)] 526934K->314902K(1029632K), [Metaspace: 96633K->96633K(1138688K)], 0.5807587 secs] [Times: user=1.21 sys=0.00, real=0.59 secs] 
2021-06-04T18:03:53.697+0800: 1845185.395: [GC (Allocation Failure) [PSYoungGen: 486400K->10976K(505344K)] 801302K->325878K(1029632K), 0.0216520 secs] [Times: user=0.03 sys=0.04, real=0.02 secs] 
2021-06-04T18:09:00.488+0800: 1845492.186: [GC (Allocation Failure) [PSYoungGen: 497376K->10208K(506880K)] 812278K->334318K(1031168K), 0.0286782 secs] [Times: user=0.04 sys=0.04, real=0.03 secs] 
2021-06-04T18:14:03.091+0800: 1845794.789: [GC (Allocation Failure) [PSYoungGen: 498656K->12832K(505856K)] 822766K->343763K(1030144K), 0.0251688 secs] [Times: user=0.03 sys=0.04, real=0.03 secs] 
2021-06-04T18:18:58.106+0800: 1846089.805: [GC (Allocation Failure) [PSYoungGen: 501280K->14272K(505344K)] 832211K->353989K(1029632K), 0.0329777 secs] [Times: user=0.04 sys=0.04, real=0.03 secs] 
2021-06-04T18:24:04.658+0800: 1846396.356: [GC (Allocation Failure) [PSYoungGen: 501696K->11168K(505856K)] 841413K->361893K(1030144K), 0.0648177 secs] [Times: user=0.03 sys=0.04, real=0.07 secs] 
2021-06-04T18:29:09.702+0800: 1846701.401: [GC (Allocation Failure) [PSYoungGen: 498592K->12352K(506880K)] 849317K->370968K(1031168K), 0.0429567 secs] [Times: user=0.04 sys=0.03, real=0.04 secs] 
2021-06-04T18:34:12.521+0800: 1847004.219: [GC (Allocation Failure) [PSYoungGen: 501824K->11840K(506880K)] 860440K->379754K(1031168K), 0.0290291 secs] [Times: user=0.03 sys=0.05, real=0.03 secs] 
2021-06-04T18:39:14.360+0800: 1847306.059: [GC (Allocation Failure) [PSYoungGen: 501312K->12576K(507392K)] 869226K->389773K(1031680K), 0.0260882 secs] [Times: user=0.03 sys=0.04, real=0.03 secs] 
2021-06-04T18:44:13.915+0800: 1847605.614: [GC (Allocation Failure) [PSYoungGen: 503068K->16064K(506880K)] 880265K->402889K(1031168K), 0.0298590 secs] [Times: user=0.04 sys=0.04, real=0.03 secs] 
2021-06-04T18:49:17.974+0800: 1847909.672: [GC (Allocation Failure) [PSYoungGen: 506560K->9952K(505856K)] 893385K->408968K(1030144K), 0.0266473 secs] [Times: user=0.03 sys=0.04, real=0.02 secs] 
2021-06-04T18:54:25.476+0800: 1848217.174: [GC (Allocation Failure) [PSYoungGen: 498400K->5664K(494592K)] 897416K->412712K(1018880K), 0.0231917 secs] [Times: user=0.04 sys=0.03, real=0.02 secs] 
2021-06-04T18:59:25.255+0800: 1848516.953: [GC (Allocation Failure) [PSYoungGen: 494112K->11552K(506368K)] 901160K->422324K(1030656K), 0.0392213 secs] [Times: user=0.03 sys=0.03, real=0.04 secs] 
2021-06-04T19:04:26.180+0800: 1848817.878: [GC (Allocation Failure) [PSYoungGen: 499488K->12288K(505856K)] 910260K->432374K(1030144K), 0.0267643 secs] [Times: user=0.04 sys=0.04, real=0.03 secs] 
2021-06-04T19:09:27.387+0800: 1849119.086: [GC (Allocation Failure) [PSYoungGen: 500224K->9664K(506880K)] 920310K->439574K(1031168K), 0.0259817 secs] [Times: user=0.04 sys=0.04, real=0.03 secs] 
2021-06-04T19:14:31.986+0800: 1849423.684: [GC (Allocation Failure) [PSYoungGen: 499136K->6016K(506880K)] 929046K->442854K(1031168K), 0.0243264 secs] [Times: user=0.03 sys=0.04, real=0.02 secs] 
2021-06-04T19:19:29.756+0800: 1849721.454: [GC (Allocation Failure) [PSYoungGen: 495488K->7050K(506880K)] 932326K->448213K(1031168K), 0.0210326 secs] [Times: user=0.03 sys=0.03, real=0.02 secs] 
2021-06-04T19:24:29.982+0800: 1850021.680: [GC (Allocation Failure) [PSYoungGen: 496522K->13024K(502784K)] 937685K->459947K(1027072K), 0.0274205 secs] [Times: user=0.03 sys=0.05, real=0.02 secs] 
2021-06-04T19:29:29.690+0800: 1850321.389: [GC (Allocation Failure) [PSYoungGen: 502496K->9792K(506880K)] 949419K->465556K(1031168K), 0.0268215 secs] [Times: user=0.03 sys=0.04, real=0.03 secs] 
2021-06-04T19:34:33.127+0800: 1850624.825: [GC (Allocation Failure) [PSYoungGen: 498752K->12128K(506368K)] 954516K->475751K(1030656K), 0.0238045 secs] [Times: user=0.03 sys=0.04, real=0.02 secs] 
2021-06-04T19:39:32.176+0800: 1850923.874: [GC (Allocation Failure) [PSYoungGen: 501088K->12896K(506880K)] 964711K->485609K(1031168K), 0.0278911 secs] [Times: user=0.03 sys=0.04, real=0.03 secs] 
2021-06-04T19:44:34.232+0800: 1851225.931: [GC (Allocation Failure) [PSYoungGen: 502368K->12320K(506880K)] 975081K->493117K(1031168K), 0.0238768 secs] [Times: user=0.04 sys=0.03, real=0.02 secs] 
2021-06-04T19:49:35.263+0800: 1851526.961: [GC (Allocation Failure) [PSYoungGen: 501792K->12864K(506880K)] 982589K->503438K(1031168K), 0.0322826 secs] [Times: user=0.03 sys=0.04, real=0.03 secs] 
2021-06-04T19:54:35.993+0800: 1851827.691: [GC (Allocation Failure) [PSYoungGen: 502336K->13344K(506880K)] 992910K->513075K(1031168K), 0.0299889 secs] [Times: user=0.04 sys=0.05, real=0.03 secs] 
2021-06-04T19:59:43.076+0800: 1852134.774: [GC (Allocation Failure) [PSYoungGen: 502816K->13856K(505856K)] 1002547K->523030K(1030144K), 0.0365168 secs] [Times: user=0.04 sys=0.04, real=0.04 secs] 
2021-06-04T20:04:47.992+0800: 1852439.690: [GC (Allocation Failure) [PSYoungGen: 502304K->13120K(506368K)] 1011478K->532041K(1030656K), 0.0271141 secs] [Times: user=0.05 sys=0.04, real=0.03 secs] 
2021-06-04T20:04:48.019+0800: 1852439.718: [Full GC (Ergonomics) [PSYoungGen: 13120K->0K(506368K)] [ParOldGen: 518921K->315541K(524288K)] 532041K->315541K(1030656K), [Metaspace: 96634K->96634K(1138688K)], 0.5139962 secs] [Times: user=1.11 sys=0.00, real=0.52 secs] 
2021-06-04T20:09:48.365+0800: 1852740.064: [GC (Allocation Failure) [PSYoungGen: 488448K->10336K(506880K)] 803989K->325877K(1031168K), 0.0270536 secs] [Times: user=0.03 sys=0.04, real=0.03 secs] 
2021-06-04T20:14:54.833+0800: 1853046.531: [GC (Allocation Failure) [PSYoungGen: 499296K->6784K(506368K)] 814837K->330631K(1030656K), 0.0277506 secs] [Times: user=0.05 sys=0.04, real=0.02 secs] 
2021-06-04T20:19:56.612+0800: 1853348.310: [GC (Allocation Failure) [PSYoungGen: 495744K->14688K(505344K)] 819591K->342997K(1029632K), 0.0284042 secs] [Times: user=0.04 sys=0.04, real=0.03 secs] 
2021-06-04T20:24:59.511+0800: 1853651.209: [GC (Allocation Failure) [PSYoungGen: 502112K->7200K(505856K)] 830421K->346651K(1030144K), 0.0289789 secs] [Times: user=0.04 sys=0.05, real=0.03 secs] 
2021-06-04T20:30:01.606+0800: 1853953.305: [GC (Allocation Failure) [PSYoungGen: 494624K->9792K(506368K)] 834075K->354576K(1030656K), 0.0229821 secs] [Times: user=0.03 sys=0.04, real=0.02 secs] 
2021-06-04T20:35:07.037+0800: 1854258.735: [GC (Allocation Failure) [PSYoungGen: 497728K->9664K(505856K)] 842512K->362185K(1030144K), 0.0276924 secs] [Times: user=0.04 sys=0.04, real=0.03 secs] 
2021-06-04T20:40:06.682+0800: 1854558.380: [GC (Allocation Failure) [PSYoungGen: 497600K->12032K(506880K)] 850121K->371477K(1031168K), 0.0286145 secs] [Times: user=0.04 sys=0.05, real=0.03 secs] 
2021-06-04T20:45:12.613+0800: 1854864.311: [GC (Allocation Failure) [PSYoungGen: 501504K->12704K(506880K)] 860949K->381542K(1031168K), 0.0345200 secs] [Times: user=0.04 sys=0.04, real=0.03 secs] 
2021-06-04T20:50:10.207+0800: 1855161.906: [GC (Allocation Failure) [PSYoungGen: 502176K->15168K(504832K)] 871014K->393154K(1029120K), 0.0296032 secs] [Times: user=0.04 sys=0.04, real=0.03 secs] 
2021-06-04T20:55:11.343+0800: 1855463.042: [GC (Allocation Failure) [PSYoungGen: 502592K->16192K(503808K)] 880578K->404702K(1028096K), 0.0369790 secs] [Times: user=0.09 sys=0.00, real=0.03 secs] 
2021-06-04T21:00:12.754+0800: 1855764.452: [GC (Allocation Failure) [PSYoungGen: 503616K->10464K(505344K)] 892126K->411318K(1029632K), 0.0300112 secs] [Times: user=0.04 sys=0.05, real=0.03 secs] 
2021-06-04T21:05:16.554+0800: 1856068.252: [GC (Allocation Failure) [PSYoungGen: 496352K->11200K(504832K)] 897206K->420217K(1029120K), 0.0350609 secs] [Times: user=0.04 sys=0.04, real=0.03 secs] 
2021-06-04T21:10:21.557+0800: 1856373.255: [GC (Allocation Failure) [PSYoungGen: 497088K->14528K(504832K)] 906105K->431285K(1029120K), 0.0329681 secs] [Times: user=0.04 sys=0.05, real=0.03 secs] 
2021-06-04T21:15:23.233+0800: 1856674.931: [GC (Allocation Failure) [PSYoungGen: 500928K->12128K(505344K)] 917685K->439342K(1029632K), 0.0318755 secs] [Times: user=0.04 sys=0.04, real=0.03 secs] 
2021-06-04T21:20:21.307+0800: 1856973.005: [GC (Allocation Failure) [PSYoungGen: 498528K->10496K(506368K)] 925742K->445897K(1030656K), 0.0307320 secs] [Times: user=0.04 sys=0.04, real=0.03 secs] 
2021-06-04T21:25:21.892+0800: 1857273.590: [GC (Allocation Failure) [PSYoungGen: 498944K->10528K(506368K)] 934345K->453786K(1030656K), 0.0480929 secs] [Times: user=0.03 sys=0.04, real=0.04 secs] 
2021-06-04T21:30:21.647+0800: 1857573.345: [GC (Allocation Failure) [PSYoungGen: 498976K->10336K(506880K)] 942234K->460997K(1031168K), 0.0322491 secs] [Times: user=0.04 sys=0.05, real=0.03 secs] 
2021-06-04T21:35:28.145+0800: 1857879.843: [GC (Allocation Failure) [PSYoungGen: 499808K->6464K(506880K)] 950469K->465381K(1031168K), 0.0455184 secs] [Times: user=0.05 sys=0.06, real=0.04 secs] 
2021-06-04T21:40:27.894+0800: 1858179.593: [GC (Allocation Failure) [PSYoungGen: 495936K->13632K(505856K)] 954853K->476419K(1030144K), 0.0594951 secs] [Times: user=0.04 sys=0.04, real=0.06 secs] 
2021-06-04T21:45:28.093+0800: 1858479.791: [GC (Allocation Failure) [PSYoungGen: 502080K->11520K(506368K)] 964867K->483653K(1030656K), 0.0274285 secs] [Times: user=0.03 sys=0.05, real=0.02 secs] 
2021-06-04T21:50:31.277+0800: 1858782.975: [GC (Allocation Failure) [PSYoungGen: 499968K->14528K(505856K)] 972101K->495361K(1030144K), 0.0453520 secs] [Times: user=0.04 sys=0.05, real=0.05 secs] 
2021-06-04T21:55:31.057+0800: 1859082.755: [GC (Allocation Failure) [PSYoungGen: 502976K->14592K(503296K)] 983809K->505324K(1027584K), 0.0285272 secs] [Times: user=0.03 sys=0.04, real=0.03 secs] 
2021-06-04T22:00:36.421+0800: 1859388.120: [GC (Allocation Failure) [PSYoungGen: 503040K->12512K(506368K)] 993772K->513654K(1030656K), 0.0294358 secs] [Times: user=0.04 sys=0.05, real=0.03 secs] 
2021-06-04T22:05:39.552+0800: 1859691.250: [GC (Allocation Failure) [PSYoungGen: 500448K->15136K(505856K)] 1001590K->524842K(1030144K), 0.0290032 secs] [Times: user=0.04 sys=0.04, real=0.02 secs] 
2021-06-04T22:10:42.002+0800: 1859993.700: [GC (Allocation Failure) [PSYoungGen: 503072K->12224K(506368K)] 1012778K->532715K(1030656K), 0.0322294 secs] [Times: user=0.05 sys=0.05, real=0.04 secs] 
2021-06-04T22:10:42.035+0800: 1859993.733: [Full GC (Ergonomics) [PSYoungGen: 12224K->0K(506368K)] [ParOldGen: 520491K->315767K(524288K)] 532715K->315767K(1030656K), [Metaspace: 96634K->96634K(1138688K)], 0.5894680 secs] [Times: user=1.19 sys=0.00, real=0.59 secs] 
2021-06-04T22:15:48.140+0800: 1860299.839: [GC (Allocation Failure) [PSYoungGen: 487936K->12960K(505856K)] 803703K->328727K(1030144K), 0.0287596 secs] [Times: user=0.03 sys=0.04, real=0.03 secs] 
2021-06-04T22:20:50.051+0800: 1860601.749: [GC (Allocation Failure) [PSYoungGen: 500896K->13760K(506880K)] 816663K->339465K(1031168K), 0.0357220 secs] [Times: user=0.04 sys=0.05, real=0.04 secs] 
2021-06-04T22:25:55.345+0800: 1860907.043: [GC (Allocation Failure) [PSYoungGen: 503232K->6624K(496128K)] 828937K->343239K(1020416K), 0.0232171 secs] [Times: user=0.03 sys=0.04, real=0.02 secs] 
2021-06-04T22:31:08.555+0800: 1861220.253: [GC (Allocation Failure) [PSYoungGen: 496096K->3008K(504320K)] 832711K->344833K(1028608K), 0.0247937 secs] [Times: user=0.03 sys=0.04, real=0.02 secs] 
2021-06-04T22:36:13.295+0800: 1861524.993: [GC (Allocation Failure) [PSYoungGen: 489408K->12288K(505344K)] 831233K->355704K(1029632K), 0.0265465 secs] [Times: user=0.03 sys=0.04, real=0.02 secs] 
2021-06-04T22:41:19.195+0800: 1861830.893: [GC (Allocation Failure) [PSYoungGen: 498688K->9280K(505856K)] 842104K->361330K(1030144K), 0.0310177 secs] [Times: user=0.04 sys=0.04, real=0.03 secs] 
2021-06-04T22:46:26.021+0800: 1862137.720: [GC (Allocation Failure) [PSYoungGen: 496192K->7328K(505344K)] 848242K->367155K(1029632K), 0.0563648 secs] [Times: user=0.06 sys=0.06, real=0.06 secs] 
2021-06-04T22:51:26.682+0800: 1862438.381: [GC (Allocation Failure) [PSYoungGen: 494240K->10880K(506880K)] 854067K->376279K(1031168K), 0.0299413 secs] [Times: user=0.04 sys=0.04, real=0.03 secs] 
2021-06-04T22:56:29.501+0800: 1862741.199: [GC (Allocation Failure) [PSYoungGen: 499328K->12096K(505856K)] 864727K->385947K(1030144K), 0.0387769 secs] [Times: user=0.05 sys=0.06, real=0.04 secs] 
2021-06-04T23:01:30.561+0800: 1863042.259: [GC (Allocation Failure) [PSYoungGen: 500544K->11136K(507392K)] 874395K->394694K(1031680K), 0.0310121 secs] [Times: user=0.04 sys=0.04, real=0.04 secs] 
2021-06-04T23:06:28.699+0800: 1863340.397: [GC (Allocation Failure) [PSYoungGen: 501120K->11808K(506880K)] 884678K->403497K(1031168K), 0.0343723 secs] [Times: user=0.05 sys=0.05, real=0.04 secs] 
2021-06-04T23:11:27.407+0800: 1863639.105: [GC (Allocation Failure) [PSYoungGen: 501792K->13440K(507392K)] 893481K->413340K(1031680K), 0.0354777 secs] [Times: user=0.05 sys=0.05, real=0.04 secs] 
2021-06-04T23:16:28.605+0800: 1863940.303: [GC (Allocation Failure) [PSYoungGen: 503936K->14400K(505344K)] 903836K->423313K(1029632K), 0.0308602 secs] [Times: user=0.04 sys=0.05, real=0.03 secs] 
2021-06-04T23:21:30.685+0800: 1864242.384: [GC (Allocation Failure) [PSYoungGen: 504896K->14176K(506368K)] 913809K->433588K(1030656K), 0.0618060 secs] [Times: user=0.05 sys=0.05, real=0.06 secs] 
2021-06-04T23:26:30.133+0800: 1864541.831: [GC (Allocation Failure) [PSYoungGen: 502624K->13952K(502784K)] 922036K->443799K(1027072K), 0.0294084 secs] [Times: user=0.04 sys=0.04, real=0.03 secs] 
2021-06-04T23:31:29.035+0800: 1864840.733: [GC (Allocation Failure) [PSYoungGen: 502400K->13568K(505856K)] 932247K->453594K(1030144K), 0.0296435 secs] [Times: user=0.04 sys=0.05, real=0.03 secs] 
2021-06-04T23:36:26.454+0800: 1865138.153: [GC (Allocation Failure) [PSYoungGen: 500992K->10112K(505856K)] 941018K->459731K(1030144K), 0.0261616 secs] [Times: user=0.08 sys=0.00, real=0.02 secs] 
2021-06-04T23:41:29.746+0800: 1865441.444: [GC (Allocation Failure) [PSYoungGen: 497536K->15104K(505344K)] 947155K->472094K(1029632K), 0.0269626 secs] [Times: user=0.04 sys=0.04, real=0.03 secs] 
2021-06-04T23:46:28.514+0800: 1865740.213: [GC (Allocation Failure) [PSYoungGen: 502528K->12192K(505856K)] 959518K->479856K(1030144K), 0.0315953 secs] [Times: user=0.03 sys=0.05, real=0.03 secs] 
2021-06-04T23:51:36.889+0800: 1866048.587: [GC (Allocation Failure) [PSYoungGen: 499616K->8864K(506368K)] 967280K->486074K(1030656K), 0.0358260 secs] [Times: user=0.04 sys=0.04, real=0.04 secs] 
2021-06-04T23:56:32.794+0800: 1866344.492: [GC (Allocation Failure) [PSYoungGen: 497312K->11840K(506368K)] 974522K->495278K(1030656K), 0.0289773 secs] [Times: user=0.04 sys=0.05, real=0.03 secs] 
2021-06-05T00:01:26.297+0800: 1866637.995: [GC (Allocation Failure) [PSYoungGen: 500288K->11424K(507392K)] 983726K->502768K(1031680K), 0.0737149 secs] [Times: user=0.03 sys=0.04, real=0.07 secs] 
2021-06-05T00:06:27.903+0800: 1866939.601: [GC (Allocation Failure) [PSYoungGen: 501408K->13248K(506880K)] 992752K->513667K(1031168K), 0.0293754 secs] [Times: user=0.04 sys=0.05, real=0.03 secs] 
2021-06-05T00:11:28.612+0800: 1867240.311: [GC (Allocation Failure) [PSYoungGen: 503232K->11616K(507392K)] 1003651K->521981K(1031680K), 0.0316584 secs] [Times: user=0.04 sys=0.03, real=0.03 secs] 
2021-06-05T00:16:28.149+0800: 1867539.847: [GC (Allocation Failure) [PSYoungGen: 502112K->12352K(507392K)] 1012477K->531446K(1031680K), 0.0324577 secs] [Times: user=0.04 sys=0.05, real=0.03 secs] 
2021-06-05T00:16:28.182+0800: 1867539.880: [Full GC (Ergonomics) [PSYoungGen: 12352K->0K(507392K)] [ParOldGen: 519094K->315042K(524288K)] 531446K->315042K(1031680K), [Metaspace: 96635K->96635K(1138688K)], 0.5083191 secs] [Times: user=1.14 sys=0.00, real=0.51 secs] 
2021-06-05T00:21:29.427+0800: 1867841.126: [GC (Allocation Failure) [PSYoungGen: 490496K->12288K(508416K)] 805538K->327330K(1032704K), 0.0205379 secs] [Times: user=0.03 sys=0.03, real=0.02 secs] 
2021-06-05T00:26:33.632+0800: 1868145.330: [GC (Allocation Failure) [PSYoungGen: 504320K->10528K(507904K)] 819362K->335012K(1032192K), 0.0297656 secs] [Times: user=0.04 sys=0.05, real=0.03 secs] 
2021-06-05T00:31:35.701+0800: 1868447.399: [GC (Allocation Failure) [PSYoungGen: 502560K->11552K(508928K)] 827044K->344159K(1033216K), 0.0295346 secs] [Times: user=0.04 sys=0.05, real=0.03 secs] 
2021-06-05T00:36:35.775+0800: 1868747.473: [GC (Allocation Failure) [PSYoungGen: 504608K->10624K(508416K)] 837215K->352585K(1032704K), 0.0358145 secs] [Times: user=0.04 sys=0.04, real=0.03 secs] 
2021-06-05T00:41:39.410+0800: 1869051.109: [GC (Allocation Failure) [PSYoungGen: 503680K->15008K(506880K)] 845641K->364293K(1031168K), 0.0401267 secs] [Times: user=0.05 sys=0.05, real=0.04 secs] 
2021-06-05T00:46:47.816+0800: 1869359.514: [GC (Allocation Failure) [PSYoungGen: 506528K->12448K(507904K)] 855813K->372391K(1032192K), 0.0326194 secs] [Times: user=0.04 sys=0.04, real=0.03 secs] 
2021-06-05T00:51:47.095+0800: 1869658.793: [GC (Allocation Failure) [PSYoungGen: 503968K->14624K(507392K)] 863911K->382898K(1031680K), 0.0341022 secs] [Times: user=0.04 sys=0.05, real=0.03 secs] 
2021-06-05T00:56:46.995+0800: 1869958.693: [GC (Allocation Failure) [PSYoungGen: 506144K->13216K(507904K)] 874418K->391350K(1032192K), 0.0284358 secs] [Times: user=0.03 sys=0.04, real=0.03 secs] 
2021-06-05T01:01:49.768+0800: 1870261.466: [GC (Allocation Failure) [PSYoungGen: 504736K->14816K(506880K)] 882870K->402896K(1031168K), 0.0690009 secs] [Times: user=0.10 sys=0.00, real=0.07 secs] 
2021-06-05T01:06:50.841+0800: 1870562.539: [GC (Allocation Failure) [PSYoungGen: 505312K->13472K(507392K)] 893392K->411716K(1031680K), 0.0267577 secs] [Times: user=0.04 sys=0.04, real=0.03 secs] 
2021-06-05T01:11:56.168+0800: 1870867.866: [GC (Allocation Failure) [PSYoungGen: 503968K->15776K(506368K)] 902212K->424078K(1030656K), 0.0504041 secs] [Times: user=0.03 sys=0.04, real=0.05 secs] 
2021-06-05T01:16:52.877+0800: 1871164.576: [GC (Allocation Failure) [PSYoungGen: 505248K->14784K(504320K)] 913550K->432475K(1028608K), 0.0334600 secs] [Times: user=0.05 sys=0.04, real=0.03 secs] 
2021-06-05T01:21:41.898+0800: 1871453.596: [GC (Allocation Failure) [PSYoungGen: 504256K->14442K(506368K)] 921947K->441360K(1030656K), 0.0454807 secs] [Times: user=0.10 sys=0.00, real=0.05 secs] 
2021-06-05T01:26:46.271+0800: 1871757.970: [GC (Allocation Failure) [PSYoungGen: 502890K->14368K(506368K)] 929808K->452507K(1030656K), 0.0358449 secs] [Times: user=0.05 sys=0.04, real=0.04 secs] 
2021-06-05T01:31:56.177+0800: 1872067.876: [GC (Allocation Failure) [PSYoungGen: 502816K->15040K(506368K)] 940955K->463024K(1030656K), 0.0273268 secs] [Times: user=0.04 sys=0.04, real=0.03 secs] 
2021-06-05T01:36:54.292+0800: 1872365.991: [GC (Allocation Failure) [PSYoungGen: 503488K->14592K(506368K)] 951472K->473082K(1030656K), 0.0258909 secs] [Times: user=0.04 sys=0.04, real=0.02 secs] 
2021-06-05T01:41:55.474+0800: 1872667.172: [GC (Allocation Failure) [PSYoungGen: 503040K->12480K(506368K)] 961530K->481733K(1030656K), 0.0269869 secs] [Times: user=0.04 sys=0.04, real=0.02 secs] 
2021-06-05T01:46:59.581+0800: 1872971.279: [GC (Allocation Failure) [PSYoungGen: 500928K->13792K(506368K)] 970181K->492266K(1030656K), 0.0268918 secs] [Times: user=0.04 sys=0.04, real=0.03 secs] 
2021-06-05T01:52:02.132+0800: 1873273.830: [GC (Allocation Failure) [PSYoungGen: 502240K->12672K(506880K)] 980714K->501092K(1031168K), 0.0269749 secs] [Times: user=0.04 sys=0.04, real=0.03 secs] 
2021-06-05T01:57:06.444+0800: 1873578.142: [GC (Allocation Failure) [PSYoungGen: 502144K->11456K(506880K)] 990564K->509485K(1031168K), 0.0323578 secs] [Times: user=0.03 sys=0.05, real=0.03 secs] 
2021-06-05T02:02:03.820+0800: 1873875.518: [GC (Allocation Failure) [PSYoungGen: 500928K->8640K(505856K)] 998957K->514814K(1030144K), 0.0337663 secs] [Times: user=0.05 sys=0.06, real=0.04 secs] 
2021-06-05T02:07:07.746+0800: 1874179.444: [GC (Allocation Failure) [PSYoungGen: 497088K->7808K(506368K)] 1003262K->520820K(1030656K), 0.0292767 secs] [Times: user=0.04 sys=0.04, real=0.03 secs] 
2021-06-05T02:07:07.776+0800: 1874179.474: [Full GC (Ergonomics) [PSYoungGen: 7808K->0K(506368K)] [ParOldGen: 513012K->311261K(524288K)] 520820K->311261K(1030656K), [Metaspace: 96636K->96636K(1138688K)], 0.4630297 secs] [Times: user=1.02 sys=0.00, real=0.46 secs] 
2021-06-05T02:12:07.738+0800: 1874479.436: [GC (Allocation Failure) [PSYoungGen: 488448K->10016K(506368K)] 799709K->321277K(1030656K), 0.0527291 secs] [Times: user=0.02 sys=0.03, real=0.05 secs] 
2021-06-05T02:17:14.745+0800: 1874786.444: [GC (Allocation Failure) [PSYoungGen: 498464K->6944K(495616K)] 809725K->326494K(1019904K), 0.0218773 secs] [Times: user=0.03 sys=0.04, real=0.02 secs] 
2021-06-05T02:22:21.678+0800: 1875093.376: [GC (Allocation Failure) [PSYoungGen: 495392K->10752K(506368K)] 814942K->335516K(1030656K), 0.0230497 secs] [Times: user=0.04 sys=0.04, real=0.02 secs] 
2021-06-05T02:27:26.777+0800: 1875398.475: [GC (Allocation Failure) [PSYoungGen: 498688K->11072K(505856K)] 823452K->344152K(1030144K), 0.0241035 secs] [Times: user=0.03 sys=0.04, real=0.02 secs] 
2021-06-05T02:32:29.116+0800: 1875700.814: [GC (Allocation Failure) [PSYoungGen: 499008K->12288K(507392K)] 832088K->353954K(1031680K), 0.0536102 secs] [Times: user=0.04 sys=0.04, real=0.05 secs] 
2021-06-05T02:37:30.476+0800: 1876002.175: [GC (Allocation Failure) [PSYoungGen: 502272K->11200K(506880K)] 843938K->362149K(1031168K), 0.0231937 secs] [Times: user=0.07 sys=0.00, real=0.02 secs] 
2021-06-05T02:42:31.619+0800: 1876303.317: [GC (Allocation Failure) [PSYoungGen: 501184K->13696K(506880K)] 852133K->372992K(1031168K), 0.0272531 secs] [Times: user=0.03 sys=0.04, real=0.03 secs] 
2021-06-05T02:47:35.260+0800: 1876606.958: [GC (Allocation Failure) [PSYoungGen: 504192K->11648K(507392K)] 863488K->380737K(1031680K), 0.0229541 secs] [Times: user=0.04 sys=0.04, real=0.03 secs] 
2021-06-05T02:52:43.126+0800: 1876914.825: [GC (Allocation Failure) [PSYoungGen: 502144K->10976K(508416K)] 871233K->389988K(1032704K), 0.0250965 secs] [Times: user=0.04 sys=0.04, real=0.02 secs] 
2021-06-05T02:57:47.532+0800: 1877219.231: [GC (Allocation Failure) [PSYoungGen: 503008K->10784K(507904K)] 882020K->397959K(1032192K), 0.0267769 secs] [Times: user=0.04 sys=0.04, real=0.02 secs] 
2021-06-05T03:02:55.404+0800: 1877527.102: [GC (Allocation Failure) [PSYoungGen: 502816K->10368K(508928K)] 889991K->405818K(1033216K), 0.0415201 secs] [Times: user=0.04 sys=0.05, real=0.04 secs] 
2021-06-05T03:08:00.747+0800: 1877832.445: [GC (Allocation Failure) [PSYoungGen: 503424K->8544K(508416K)] 898874K->411051K(1032704K), 0.0224612 secs] [Times: user=0.03 sys=0.03, real=0.02 secs] 
2021-06-05T03:13:00.364+0800: 1878132.062: [GC (Allocation Failure) [PSYoungGen: 501600K->12096K(508416K)] 904107K->420991K(1032704K), 0.0264857 secs] [Times: user=0.04 sys=0.04, real=0.02 secs] 
2021-06-05T03:17:59.912+0800: 1878431.610: [GC (Allocation Failure) [PSYoungGen: 504640K->13248K(508416K)] 913535K->431586K(1032704K), 0.0358352 secs] [Times: user=0.04 sys=0.04, real=0.04 secs] 
2021-06-05T03:23:04.545+0800: 1878736.243: [GC (Allocation Failure) [PSYoungGen: 505792K->12288K(508416K)] 924130K->440564K(1032704K), 0.0268806 secs] [Times: user=0.04 sys=0.04, real=0.02 secs] 
2021-06-05T03:28:07.967+0800: 1879039.666: [GC (Allocation Failure) [PSYoungGen: 504832K->12128K(508416K)] 933108K->449855K(1032704K), 0.0249638 secs] [Times: user=0.03 sys=0.03, real=0.03 secs] 
2021-06-05T03:33:08.734+0800: 1879340.432: [GC (Allocation Failure) [PSYoungGen: 504670K->13312K(508416K)] 942398K->460675K(1032704K), 0.0273171 secs] [Times: user=0.04 sys=0.04, real=0.02 secs] 
2021-06-05T03:38:12.981+0800: 1879644.679: [GC (Allocation Failure) [PSYoungGen: 505856K->11488K(508416K)] 953219K->469565K(1032704K), 0.0294242 secs] [Times: user=0.04 sys=0.04, real=0.03 secs] 
2021-06-05T03:43:17.240+0800: 1879948.938: [GC (Allocation Failure) [PSYoungGen: 504032K->10336K(508928K)] 962109K->476511K(1033216K), 0.0304270 secs] [Times: user=0.04 sys=0.05, real=0.03 secs] 
2021-06-05T03:48:22.586+0800: 1880254.285: [GC (Allocation Failure) [PSYoungGen: 503904K->11712K(508928K)] 970079K->486360K(1033216K), 0.0292623 secs] [Times: user=0.04 sys=0.04, real=0.03 secs] 
2021-06-05T03:53:29.703+0800: 1880561.402: [GC (Allocation Failure) [PSYoungGen: 505280K->8608K(508928K)] 979928K->492074K(1033216K), 0.0689494 secs] [Times: user=0.05 sys=0.05, real=0.07 secs] 
2021-06-05T03:58:37.059+0800: 1880868.757: [GC (Allocation Failure) [PSYoungGen: 502176K->12064K(508928K)] 985642K->501776K(1033216K), 0.0393258 secs] [Times: user=0.04 sys=0.04, real=0.04 secs] 
2021-06-05T04:03:42.228+0800: 1881173.926: [GC (Allocation Failure) [PSYoungGen: 505632K->13216K(508928K)] 995344K->512410K(1033216K), 0.0317899 secs] [Times: user=0.04 sys=0.05, real=0.03 secs] 
2021-06-05T04:08:44.830+0800: 1881476.528: [GC (Allocation Failure) [PSYoungGen: 506784K->12160K(508928K)] 1005978K->521356K(1033216K), 0.0285987 secs] [Times: user=0.04 sys=0.04, real=0.03 secs] 
2021-06-05T04:13:52.678+0800: 1881784.376: [GC (Allocation Failure) [PSYoungGen: 505728K->12928K(508928K)] 1014924K->530575K(1033216K), 0.0263636 secs] [Times: user=0.04 sys=0.04, real=0.03 secs] 
2021-06-05T04:13:52.705+0800: 1881784.403: [Full GC (Ergonomics) [PSYoungGen: 12928K->0K(508928K)] [ParOldGen: 517647K->319230K(524288K)] 530575K->319230K(1033216K), [Metaspace: 96636K->96636K(1138688K)], 0.4709286 secs] [Times: user=0.52 sys=0.50, real=0.47 secs] 
2021-06-05T04:18:57.025+0800: 1882088.723: [GC (Allocation Failure) [PSYoungGen: 493568K->12384K(508928K)] 812798K->331614K(1033216K), 0.0222902 secs] [Times: user=0.03 sys=0.03, real=0.02 secs] 
2021-06-05T04:24:04.070+0800: 1882395.768: [GC (Allocation Failure) [PSYoungGen: 505952K->5248K(506880K)] 825182K->334580K(1031168K), 0.0220650 secs] [Times: user=0.04 sys=0.04, real=0.03 secs] 
2021-06-05T04:29:08.751+0800: 1882700.449: [GC (Allocation Failure) [PSYoungGen: 496768K->5856K(507904K)] 826100K->339136K(1032192K), 0.0254096 secs] [Times: user=0.03 sys=0.04, real=0.03 secs] 
2021-06-05T04:34:14.815+0800: 1883006.513: [GC (Allocation Failure) [PSYoungGen: 497376K->7392K(507904K)] 830656K->344766K(1032192K), 0.0236891 secs] [Times: user=0.04 sys=0.04, real=0.02 secs] 
2021-06-05T04:39:15.430+0800: 1883307.128: [GC (Allocation Failure) [PSYoungGen: 498912K->11232K(507904K)] 836286K->354187K(1032192K), 0.0247703 secs] [Times: user=0.07 sys=0.00, real=0.03 secs] 
2021-06-05T04:44:15.598+0800: 1883607.296: [GC (Allocation Failure) [PSYoungGen: 502752K->12672K(507904K)] 845707K->363478K(1032192K), 0.0282964 secs] [Times: user=0.04 sys=0.04, real=0.03 secs] 
2021-06-05T04:49:18.705+0800: 1883910.403: [GC (Allocation Failure) [PSYoungGen: 504192K->12768K(504320K)] 854998K->373352K(1028608K), 0.0250049 secs] [Times: user=0.04 sys=0.04, real=0.02 secs] 
2021-06-05T04:54:26.962+0800: 1884218.660: [GC (Allocation Failure) [PSYoungGen: 504288K->14912K(505344K)] 864872K->384467K(1029632K), 0.0258662 secs] [Times: user=0.04 sys=0.04, real=0.03 secs] 
2021-06-05T04:59:36.720+0800: 1884528.418: [GC (Allocation Failure) [PSYoungGen: 503360K->11648K(506368K)] 872915K->392038K(1030656K), 0.0847931 secs] [Times: user=0.03 sys=0.04, real=0.09 secs] 
2021-06-05T05:04:40.908+0800: 1884832.606: [GC (Allocation Failure) [PSYoungGen: 500096K->11392K(507392K)] 880486K->401847K(1031680K), 0.0677071 secs] [Times: user=0.05 sys=0.05, real=0.07 secs] 
2021-06-05T05:09:46.044+0800: 1885137.742: [GC (Allocation Failure) [PSYoungGen: 501376K->7968K(506880K)] 891831K->406575K(1031168K), 0.0712392 secs] [Times: user=0.04 sys=0.04, real=0.07 secs] 
2021-06-05T05:14:51.333+0800: 1885443.031: [GC (Allocation Failure) [PSYoungGen: 497952K->10592K(507904K)] 896559K->413845K(1032192K), 0.0743995 secs] [Times: user=0.03 sys=0.04, real=0.07 secs] 
2021-06-05T05:19:54.208+0800: 1885745.906: [GC (Allocation Failure) [PSYoungGen: 501600K->10848K(507392K)] 904853K->422662K(1031680K), 0.0292178 secs] [Times: user=0.04 sys=0.03, real=0.03 secs] 
2021-06-05T05:24:59.557+0800: 1886051.255: [GC (Allocation Failure) [PSYoungGen: 501856K->9376K(508928K)] 913670K->428945K(1033216K), 0.0316903 secs] [Times: user=0.03 sys=0.04, real=0.03 secs] 
2021-06-05T05:30:04.026+0800: 1886355.724: [GC (Allocation Failure) [PSYoungGen: 502432K->14528K(507904K)] 922001K->441022K(1032192K), 0.0260282 secs] [Times: user=0.04 sys=0.04, real=0.03 secs] 
2021-06-05T05:35:07.001+0800: 1886658.699: [GC (Allocation Failure) [PSYoungGen: 507584K->11648K(507904K)] 934078K->449511K(1032192K), 0.0265599 secs] [Times: user=0.04 sys=0.04, real=0.03 secs] 
2021-06-05T05:40:11.098+0800: 1886962.797: [GC (Allocation Failure) [PSYoungGen: 503168K->12480K(507904K)] 941031K->458371K(1032192K), 0.0231856 secs] [Times: user=0.04 sys=0.03, real=0.02 secs] 
2021-06-05T05:45:11.924+0800: 1887263.622: [GC (Allocation Failure) [PSYoungGen: 504000K->11552K(508416K)] 949891K->467470K(1032704K), 0.0475275 secs] [Times: user=0.03 sys=0.04, real=0.04 secs] 
2021-06-05T05:50:19.416+0800: 1887571.114: [GC (Allocation Failure) [PSYoungGen: 503584K->13376K(507904K)] 959502K->478041K(1032192K), 0.0372713 secs] [Times: user=0.05 sys=0.04, real=0.04 secs] 
2021-06-05T05:55:20.308+0800: 1887872.007: [GC (Allocation Failure) [PSYoungGen: 505408K->14048K(506880K)] 970073K->488349K(1031168K), 0.0287747 secs] [Times: user=0.04 sys=0.05, real=0.03 secs] 
2021-06-05T06:00:18.080+0800: 1888169.778: [GC (Allocation Failure) [PSYoungGen: 504544K->11840K(507392K)] 978845K->496869K(1031680K), 0.0303085 secs] [Times: user=0.05 sys=0.05, real=0.03 secs] 
2021-06-05T06:05:28.149+0800: 1888479.847: [GC (Allocation Failure) [PSYoungGen: 502336K->5216K(506880K)] 987365K->498820K(1031168K), 0.0260388 secs] [Times: user=0.03 sys=0.04, real=0.03 secs] 
2021-06-05T06:10:31.648+0800: 1888783.346: [GC (Allocation Failure) [PSYoungGen: 495712K->7168K(507392K)] 989316K->504377K(1031680K), 0.0282815 secs] [Times: user=0.03 sys=0.04, real=0.03 secs] 
2021-06-05T06:15:32.258+0800: 1889083.956: [GC (Allocation Failure) [PSYoungGen: 497658K->13632K(506368K)] 994867K->515343K(1030656K), 0.0271548 secs] [Times: user=0.04 sys=0.03, real=0.03 secs] 
2021-06-05T06:20:32.130+0800: 1889383.829: [GC (Allocation Failure) [PSYoungGen: 503104K->11584K(506880K)] 1004815K->523585K(1031168K), 0.0302283 secs] [Times: user=0.04 sys=0.05, real=0.03 secs] 
2021-06-05T06:20:32.161+0800: 1889383.859: [Full GC (Ergonomics) [PSYoungGen: 11584K->0K(506880K)] [ParOldGen: 512001K->305733K(524288K)] 523585K->305733K(1031168K), [Metaspace: 96636K->96636K(1138688K)], 0.4879474 secs] [Times: user=0.53 sys=0.52, real=0.49 secs] 
2021-06-05T06:25:31.972+0800: 1889683.670: [GC (Allocation Failure) [PSYoungGen: 489472K->14240K(505344K)] 795205K->319973K(1029632K), 0.0307581 secs] [Times: user=0.04 sys=0.03, real=0.04 secs] 
2021-06-05T06:30:35.977+0800: 1889987.675: [GC (Allocation Failure) [PSYoungGen: 502688K->13664K(506368K)] 808421K->329656K(1030656K), 0.0334570 secs] [Times: user=0.04 sys=0.05, real=0.03 secs] 
2021-06-05T06:35:36.409+0800: 1890288.107: [GC (Allocation Failure) [PSYoungGen: 502112K->13312K(506368K)] 818104K->338603K(1030656K), 0.0262655 secs] [Times: user=0.03 sys=0.04, real=0.03 secs] 
2021-06-05T06:40:40.870+0800: 1890592.568: [GC (Allocation Failure) [PSYoungGen: 501760K->11168K(506368K)] 827051K->345771K(1030656K), 0.0238811 secs] [Times: user=0.03 sys=0.03, real=0.03 secs] 
2021-06-05T06:45:47.399+0800: 1890899.097: [GC (Allocation Failure) [PSYoungGen: 499616K->11328K(507392K)] 834219K->354605K(1031680K), 0.0304659 secs] [Times: user=0.04 sys=0.04, real=0.03 secs] 
2021-06-05T06:50:53.686+0800: 1891205.384: [GC (Allocation Failure) [PSYoungGen: 501312K->10400K(506880K)] 844589K->362350K(1031168K), 0.0585257 secs] [Times: user=0.04 sys=0.05, real=0.06 secs] 
2021-06-05T06:55:56.458+0800: 1891508.156: [GC (Allocation Failure) [PSYoungGen: 500384K->9312K(507904K)] 852334K->368921K(1032192K), 0.0398763 secs] [Times: user=0.04 sys=0.04, real=0.04 secs] 
2021-06-05T07:00:56.097+0800: 1891807.795: [GC (Allocation Failure) [PSYoungGen: 500320K->14656K(505856K)] 859929K->381134K(1030144K), 0.0453826 secs] [Times: user=0.05 sys=0.05, real=0.05 secs] 
2021-06-05T07:06:06.446+0800: 1892118.144: [GC (Allocation Failure) [PSYoungGen: 505664K->10848K(507392K)] 872142K->388039K(1031680K), 0.0272931 secs] [Times: user=0.05 sys=0.04, real=0.03 secs] 
2021-06-05T07:11:09.325+0800: 1892421.024: [GC (Allocation Failure) [PSYoungGen: 500832K->13440K(506880K)] 878023K->398705K(1031168K), 0.0393248 secs] [Times: user=0.06 sys=0.06, real=0.04 secs] 
2021-06-05T07:16:10.455+0800: 1892722.153: [GC (Allocation Failure) [PSYoungGen: 503424K->13920K(506368K)] 888689K->408316K(1030656K), 0.0323691 secs] [Times: user=0.05 sys=0.04, real=0.03 secs] 
2021-06-05T07:21:01.709+0800: 1893013.407: [GC (Allocation Failure) [PSYoungGen: 503392K->13450K(506880K)] 897788K->417912K(1031168K), 0.0315970 secs] [Times: user=0.04 sys=0.04, real=0.03 secs] 
2021-06-05T07:26:04.125+0800: 1893315.823: [GC (Allocation Failure) [PSYoungGen: 502922K->12544K(507392K)] 907384K->426259K(1031680K), 0.0250292 secs] [Times: user=0.04 sys=0.04, real=0.02 secs] 
2021-06-05T07:31:04.589+0800: 1893616.287: [GC (Allocation Failure) [PSYoungGen: 502528K->11712K(506880K)] 916243K->434926K(1031168K), 0.0322300 secs] [Times: user=0.05 sys=0.04, real=0.03 secs] 
2021-06-05T07:36:02.570+0800: 1893914.268: [GC (Allocation Failure) [PSYoungGen: 501696K->15264K(506368K)] 924910K->447203K(1030656K), 0.0401069 secs] [Times: user=0.05 sys=0.05, real=0.04 secs] 
2021-06-05T07:41:05.507+0800: 1894217.206: [GC (Allocation Failure) [PSYoungGen: 504736K->7840K(497664K)] 936675K->450042K(1021952K), 0.0327253 secs] [Times: user=0.04 sys=0.04, real=0.03 secs] 
2021-06-05T07:46:08.650+0800: 1894520.348: [GC (Allocation Failure) [PSYoungGen: 497312K->15520K(505344K)] 939514K->463087K(1029632K), 0.0345973 secs] [Times: user=0.05 sys=0.05, real=0.04 secs] 
2021-06-05T07:51:07.769+0800: 1894819.467: [GC (Allocation Failure) [PSYoungGen: 502944K->8544K(505856K)] 950511K->467397K(1030144K), 0.0249622 secs] [Times: user=0.08 sys=0.00, real=0.03 secs] 
2021-06-05T07:56:11.598+0800: 1895123.296: [GC (Allocation Failure) [PSYoungGen: 495968K->11424K(506368K)] 954821K->477192K(1030656K), 0.0298144 secs] [Times: user=0.04 sys=0.04, real=0.03 secs] 
2021-06-05T08:01:09.933+0800: 1895421.632: [GC (Allocation Failure) [PSYoungGen: 499360K->12864K(505856K)] 965128K->487003K(1030144K), 0.0300579 secs] [Times: user=0.04 sys=0.04, real=0.03 secs] 
2021-06-05T08:06:08.672+0800: 1895720.370: [GC (Allocation Failure) [PSYoungGen: 500800K->12576K(506880K)] 974939K->496159K(1031168K), 0.0303736 secs] [Times: user=0.04 sys=0.04, real=0.04 secs] 
2021-06-05T08:11:08.436+0800: 1896020.135: [GC (Allocation Failure) [PSYoungGen: 501536K->16192K(505344K)] 985119K->509122K(1029632K), 0.0318070 secs] [Times: user=0.08 sys=0.00, real=0.03 secs] 
2021-06-05T08:16:10.322+0800: 1896322.020: [GC (Allocation Failure) [PSYoungGen: 505152K->13568K(505856K)] 998082K->517499K(1030144K), 0.0328117 secs] [Times: user=0.04 sys=0.05, real=0.04 secs] 
2021-06-05T08:21:13.807+0800: 1896625.505: [GC (Allocation Failure) [PSYoungGen: 500992K->11648K(505856K)] 1004923K->524942K(1030144K), 0.0285355 secs] [Times: user=0.04 sys=0.04, real=0.03 secs] 
2021-06-05T08:21:13.836+0800: 1896625.534: [Full GC (Ergonomics) [PSYoungGen: 11648K->0K(505856K)] [ParOldGen: 513294K->319425K(524288K)] 524942K->319425K(1030144K), [Metaspace: 96636K->96636K(1138688K)], 0.4426551 secs] [Times: user=0.51 sys=0.50, real=0.44 secs] 
2021-06-05T08:26:15.541+0800: 1896927.239: [GC (Allocation Failure) [PSYoungGen: 487424K->9536K(506368K)] 806849K->328961K(1030656K), 0.0244301 secs] [Times: user=0.03 sys=0.03, real=0.03 secs] 
2021-06-05T08:31:17.089+0800: 1897228.788: [GC (Allocation Failure) [PSYoungGen: 497984K->10624K(506368K)] 817409K->337898K(1030656K), 0.0243002 secs] [Times: user=0.04 sys=0.04, real=0.03 secs] 
2021-06-05T08:36:15.555+0800: 1897527.253: [GC (Allocation Failure) [PSYoungGen: 499072K->13792K(505856K)] 826346K->348687K(1030144K), 0.0270484 secs] [Times: user=0.04 sys=0.04, real=0.03 secs] 
2021-06-05T08:41:19.517+0800: 1897831.215: [GC (Allocation Failure) [PSYoungGen: 502240K->8608K(506368K)] 837135K->353365K(1030656K), 0.0234592 secs] [Times: user=0.04 sys=0.04, real=0.02 secs] 
2021-06-05T08:46:21.998+0800: 1898133.696: [GC (Allocation Failure) [PSYoungGen: 497056K->8544K(506368K)] 841813K->359864K(1030656K), 0.0454302 secs] [Times: user=0.04 sys=0.04, real=0.05 secs] 
2021-06-05T08:51:24.847+0800: 1898436.545: [GC (Allocation Failure) [PSYoungGen: 496992K->13664K(506368K)] 848312K->371436K(1030656K), 0.0293944 secs] [Times: user=0.04 sys=0.04, real=0.03 secs] 
2021-06-05T08:56:26.806+0800: 1898738.504: [GC (Allocation Failure) [PSYoungGen: 502112K->14656K(505344K)] 859884K->381871K(1029632K), 0.0270410 secs] [Times: user=0.04 sys=0.03, real=0.03 secs] 
2021-06-05T09:01:30.276+0800: 1899041.974: [GC (Allocation Failure) [PSYoungGen: 502080K->11360K(505856K)] 869295K->389063K(1030144K), 0.0295457 secs] [Times: user=0.04 sys=0.04, real=0.03 secs] 
2021-06-05T09:06:32.831+0800: 1899344.529: [GC (Allocation Failure) [PSYoungGen: 498784K->10336K(506368K)] 876487K->395321K(1030656K), 0.0278745 secs] [Times: user=0.04 sys=0.05, real=0.03 secs] 
2021-06-05T09:11:41.074+0800: 1899652.772: [GC (Allocation Failure) [PSYoungGen: 498784K->5120K(494080K)] 883769K->398080K(1018368K), 0.0248408 secs] [Times: user=0.03 sys=0.04, real=0.02 secs] 
2021-06-05T09:16:44.820+0800: 1899956.518: [GC (Allocation Failure) [PSYoungGen: 493568K->11872K(506368K)] 886528K->408071K(1030656K), 0.0257033 secs] [Times: user=0.04 sys=0.04, real=0.03 secs] 
2021-06-05T09:21:44.962+0800: 1900256.660: [GC (Allocation Failure) [PSYoungGen: 499808K->14528K(505856K)] 896007K->418628K(1030144K), 0.0288713 secs] [Times: user=0.05 sys=0.04, real=0.03 secs] 
2021-06-05T09:26:46.921+0800: 1900558.619: [GC (Allocation Failure) [PSYoungGen: 502464K->13792K(505856K)] 906564K->429014K(1030144K), 0.0267447 secs] [Times: user=0.04 sys=0.04, real=0.03 secs] 
2021-06-05T09:31:47.097+0800: 1900858.795: [GC (Allocation Failure) [PSYoungGen: 501216K->11328K(505856K)] 916438K->435919K(1030144K), 0.0289740 secs] [Times: user=0.04 sys=0.04, real=0.03 secs] 
2021-06-05T09:36:54.469+0800: 1901166.167: [GC (Allocation Failure) [PSYoungGen: 498752K->8960K(506368K)] 923343K->442496K(1030656K), 0.0278919 secs] [Times: user=0.04 sys=0.04, real=0.03 secs] 
2021-06-05T09:41:57.410+0800: 1901469.108: [GC (Allocation Failure) [PSYoungGen: 497408K->10944K(506368K)] 930944K->451123K(1030656K), 0.0552681 secs] [Times: user=0.04 sys=0.04, real=0.07 secs] 
2021-06-05T09:46:56.561+0800: 1901768.260: [GC (Allocation Failure) [PSYoungGen: 499392K->13152K(506880K)] 939571K->460799K(1031168K), 0.0293223 secs] [Times: user=0.05 sys=0.05, real=0.03 secs] 
2021-06-05T09:51:56.340+0800: 1902068.038: [GC (Allocation Failure) [PSYoungGen: 502624K->14944K(504832K)] 950271K->472467K(1029120K), 0.0508959 secs] [Times: user=0.04 sys=0.04, real=0.05 secs] 
2021-06-05T09:57:02.643+0800: 1902374.341: [GC (Allocation Failure) [PSYoungGen: 504416K->9216K(506368K)] 961939K->476748K(1030656K), 0.0319705 secs] [Times: user=0.04 sys=0.04, real=0.03 secs] 
2021-06-05T10:02:07.806+0800: 1902679.505: [GC (Allocation Failure) [PSYoungGen: 497664K->6368K(495104K)] 965196K->481134K(1019392K), 0.0580909 secs] [Times: user=0.03 sys=0.04, real=0.06 secs] 
2021-06-05T10:07:18.944+0800: 1902990.643: [GC (Allocation Failure) [PSYoungGen: 494816K->6784K(505856K)] 969582K->486513K(1030144K), 0.0216254 secs] [Times: user=0.03 sys=0.04, real=0.02 secs] 
2021-06-05T10:12:21.645+0800: 1903293.344: [GC (Allocation Failure) [PSYoungGen: 494208K->12480K(505856K)] 973937K->497422K(1030144K), 0.0427803 secs] [Times: user=0.04 sys=0.03, real=0.04 secs] 
2021-06-05T10:17:26.226+0800: 1903597.924: [GC (Allocation Failure) [PSYoungGen: 499904K->12704K(505856K)] 984846K->506416K(1030144K), 0.0373966 secs] [Times: user=0.03 sys=0.04, real=0.04 secs] 
2021-06-05T10:22:26.849+0800: 1903898.547: [GC (Allocation Failure) [PSYoungGen: 500128K->13344K(505856K)] 993840K->515596K(1030144K), 0.0825307 secs] [Times: user=0.05 sys=0.06, real=0.08 secs] 
2021-06-05T10:27:29.885+0800: 1904201.583: [GC (Allocation Failure) [PSYoungGen: 500768K->12896K(505856K)] 1003020K->524398K(1030144K), 0.0257713 secs] [Times: user=0.04 sys=0.04, real=0.02 secs] 
2021-06-05T10:32:32.783+0800: 1904504.481: [GC (Allocation Failure) [PSYoungGen: 500320K->6176K(505856K)] 1011822K->528147K(1030144K), 0.0224281 secs] [Times: user=0.04 sys=0.04, real=0.02 secs] 
2021-06-05T10:32:32.806+0800: 1904504.504: [Full GC (Ergonomics) [PSYoungGen: 6176K->0K(505856K)] [ParOldGen: 521971K->308151K(524288K)] 528147K->308151K(1030144K), [Metaspace: 96636K->96636K(1138688K)], 0.4292766 secs] [Times: user=0.94 sys=0.00, real=0.43 secs] 
2021-06-05T10:37:38.497+0800: 1904810.195: [GC (Allocation Failure) [PSYoungGen: 487424K->7712K(505856K)] 795575K->315863K(1030144K), 0.0336106 secs] [Times: user=0.03 sys=0.02, real=0.03 secs] 
2021-06-05T10:42:43.568+0800: 1905115.266: [GC (Allocation Failure) [PSYoungGen: 495136K->7968K(505856K)] 803287K->322153K(1030144K), 0.0564820 secs] [Times: user=0.03 sys=0.03, real=0.06 secs] 
2021-06-05T10:47:45.287+0800: 1905416.985: [GC (Allocation Failure) [PSYoungGen: 495392K->12576K(506368K)] 809577K->331566K(1030656K), 0.0270133 secs] [Times: user=0.03 sys=0.04, real=0.03 secs] 
2021-06-05T10:52:48.910+0800: 1905720.608: [GC (Allocation Failure) [PSYoungGen: 501024K->9664K(506368K)] 820014K->338054K(1030656K), 0.0225546 secs] [Times: user=0.04 sys=0.03, real=0.03 secs] 
2021-06-05T10:57:54.783+0800: 1906026.481: [GC (Allocation Failure) [PSYoungGen: 498112K->6240K(506880K)] 826502K->343365K(1031168K), 0.0213455 secs] [Times: user=0.03 sys=0.04, real=0.02 secs] 
2021-06-05T11:03:07.111+0800: 1906338.809: [GC (Allocation Failure) [PSYoungGen: 495712K->4832K(494592K)] 832837K->346641K(1018880K), 0.0227056 secs] [Times: user=0.03 sys=0.03, real=0.03 secs] 
2021-06-05T11:08:12.665+0800: 1906644.363: [GC (Allocation Failure) [PSYoungGen: 494304K->6272K(506880K)] 836113K->351549K(1031168K), 0.0225278 secs] [Times: user=0.03 sys=0.03, real=0.02 secs] 
2021-06-05T11:13:18.278+0800: 1906949.977: [GC (Allocation Failure) [PSYoungGen: 495232K->10208K(506368K)] 840509K->360035K(1030656K), 0.0232087 secs] [Times: user=0.03 sys=0.04, real=0.02 secs] 
2021-06-05T11:18:14.966+0800: 1907246.664: [GC (Allocation Failure) [PSYoungGen: 499168K->12704K(506368K)] 848995K->370376K(1030656K), 0.0266446 secs] [Times: user=0.04 sys=0.04, real=0.03 secs] 
2021-06-05T11:23:14.123+0800: 1907545.821: [GC (Allocation Failure) [PSYoungGen: 502176K->12576K(502272K)] 859848K->379129K(1026560K), 0.0257562 secs] [Times: user=0.03 sys=0.04, real=0.02 secs] 
2021-06-05T11:28:16.546+0800: 1907848.245: [GC (Allocation Failure) [PSYoungGen: 502048K->7136K(506880K)] 868601K->382400K(1031168K), 0.0224442 secs] [Times: user=0.06 sys=0.00, real=0.02 secs] 
2021-06-05T11:33:19.698+0800: 1908151.397: [GC (Allocation Failure) [PSYoungGen: 496096K->8672K(506368K)] 871360K->389284K(1030656K), 0.0185793 secs] [Times: user=0.02 sys=0.02, real=0.02 secs] 
2021-06-05T11:38:30.476+0800: 1908462.174: [GC (Allocation Failure) [PSYoungGen: 497632K->5952K(507392K)] 878244K->393166K(1031680K), 0.0269615 secs] [Times: user=0.03 sys=0.04, real=0.03 secs] 
2021-06-05T11:43:35.078+0800: 1908766.777: [GC (Allocation Failure) [PSYoungGen: 496448K->8032K(507392K)] 883662K->399411K(1031680K), 0.0238014 secs] [Times: user=0.03 sys=0.03, real=0.03 secs] 
2021-06-05T11:48:35.274+0800: 1909066.972: [GC (Allocation Failure) [PSYoungGen: 498528K->12000K(506880K)] 889907K->409632K(1031168K), 0.0276200 secs] [Times: user=0.04 sys=0.04, real=0.02 secs] 
2021-06-05T11:53:35.008+0800: 1909366.707: [GC (Allocation Failure) [PSYoungGen: 502496K->9024K(507392K)] 900128K->415057K(1031680K), 0.0456326 secs] [Times: user=0.03 sys=0.04, real=0.05 secs] 
2021-06-05T11:58:40.078+0800: 1909671.776: [GC (Allocation Failure) [PSYoungGen: 499520K->8192K(508928K)] 905553K->421531K(1033216K), 0.0290724 secs] [Times: user=0.09 sys=0.00, real=0.03 secs] 
2021-06-05T12:03:50.230+0800: 1909981.929: [GC (Allocation Failure) [PSYoungGen: 501248K->6496K(508416K)] 914587K->425909K(1032704K), 0.0509576 secs] [Times: user=0.04 sys=0.04, real=0.05 secs] 
2021-06-05T12:08:57.714+0800: 1910289.412: [GC (Allocation Failure) [PSYoungGen: 499552K->9152K(509440K)] 918965K->433354K(1033728K), 0.0299173 secs] [Times: user=0.04 sys=0.04, real=0.03 secs] 
2021-06-05T12:14:02.300+0800: 1910593.999: [GC (Allocation Failure) [PSYoungGen: 503232K->8960K(508928K)] 927434K->440493K(1033216K), 0.0246281 secs] [Times: user=0.04 sys=0.04, real=0.03 secs] 
2021-06-05T12:18:59.459+0800: 1910891.157: [GC (Allocation Failure) [PSYoungGen: 503040K->11232K(508928K)] 934573K->449921K(1033216K), 0.0272299 secs] [Times: user=0.04 sys=0.04, real=0.03 secs] 
2021-06-05T12:24:05.442+0800: 1911197.140: [GC (Allocation Failure) [PSYoungGen: 505824K->7904K(509440K)] 944513K->454394K(1033728K), 0.0262614 secs] [Times: user=0.04 sys=0.04, real=0.03 secs] 
2021-06-05T12:29:15.679+0800: 1911507.377: [GC (Allocation Failure) [PSYoungGen: 502496K->8096K(510464K)] 948986K->460491K(1034752K), 0.0440034 secs] [Times: user=0.03 sys=0.03, real=0.05 secs] 
2021-06-05T12:34:24.790+0800: 1911816.488: [GC (Allocation Failure) [PSYoungGen: 504224K->4704K(509952K)] 956619K->462997K(1034240K), 0.0217152 secs] [Times: user=0.03 sys=0.04, real=0.02 secs] 
2021-06-05T12:39:36.470+0800: 1912128.168: [GC (Allocation Failure) [PSYoungGen: 500832K->7456K(510464K)] 959125K->468955K(1034752K), 0.0342646 secs] [Times: user=0.04 sys=0.03, real=0.04 secs] 
2021-06-05T12:44:39.835+0800: 1912431.533: [GC (Allocation Failure) [PSYoungGen: 503584K->13792K(509952K)] 965083K->481665K(1034240K), 0.0289661 secs] [Times: user=0.04 sys=0.03, real=0.03 secs] 
2021-06-05T12:49:51.096+0800: 1912742.795: [GC (Allocation Failure) [PSYoungGen: 509920K->14272K(501760K)] 977793K->492517K(1026048K), 0.0368739 secs] [Times: user=0.05 sys=0.05, real=0.04 secs] 
2021-06-05T12:54:55.584+0800: 1913047.282: [GC (Allocation Failure) [PSYoungGen: 501696K->9472K(505856K)] 979941K->497069K(1030144K), 0.0246040 secs] [Times: user=0.04 sys=0.03, real=0.02 secs] 
2021-06-05T13:00:01.941+0800: 1913353.639: [GC (Allocation Failure) [PSYoungGen: 496896K->6144K(506368K)] 984493K->501140K(1030656K), 0.0345835 secs] [Times: user=0.03 sys=0.03, real=0.04 secs] 
2021-06-05T13:05:07.799+0800: 1913659.497: [GC (Allocation Failure) [PSYoungGen: 494592K->10368K(506368K)] 989588K->509530K(1030656K), 0.0242942 secs] [Times: user=0.03 sys=0.03, real=0.03 secs] 
2021-06-05T13:10:17.294+0800: 1913968.993: [GC (Allocation Failure) [PSYoungGen: 498814K->8512K(507392K)] 997977K->515626K(1031680K), 0.0227951 secs] [Times: user=0.03 sys=0.04, real=0.02 secs] 
2021-06-05T13:15:17.901+0800: 1914269.599: [GC (Allocation Failure) [PSYoungGen: 498496K->11840K(506880K)] 1005610K->524735K(1031168K), 0.0254809 secs] [Times: user=0.03 sys=0.05, real=0.03 secs] 
2021-06-05T13:20:09.622+0800: 1914561.320: [GC (Allocation Failure) [PSYoungGen: 501824K->13162K(506368K)] 1014719K->534492K(1030656K), 0.0312563 secs] [Times: user=0.04 sys=0.04, real=0.04 secs] 
2021-06-05T13:20:09.654+0800: 1914561.352: [Full GC (Ergonomics) [PSYoungGen: 13162K->0K(506368K)] [ParOldGen: 521330K->315482K(524288K)] 534492K->315482K(1030656K), [Metaspace: 96636K->96636K(1138688K)], 0.4403312 secs] [Times: user=0.50 sys=0.50, real=0.44 secs] 
2021-06-05T13:25:12.621+0800: 1914864.320: [GC (Allocation Failure) [PSYoungGen: 489472K->5088K(506880K)] 804954K->320570K(1031168K), 0.0227951 secs] [Times: user=0.03 sys=0.03, real=0.03 secs] 
2021-06-05T13:30:14.929+0800: 1915166.627: [GC (Allocation Failure) [PSYoungGen: 494560K->5312K(506880K)] 810042K->324599K(1031168K), 0.0230418 secs] [Times: user=0.03 sys=0.03, real=0.02 secs] 
2021-06-05T13:35:16.920+0800: 1915468.618: [GC (Allocation Failure) [PSYoungGen: 494784K->6880K(506880K)] 814071K->329877K(1031168K), 0.0196239 secs] [Times: user=0.03 sys=0.04, real=0.02 secs] 
2021-06-05T13:40:18.478+0800: 1915770.176: [GC (Allocation Failure) [PSYoungGen: 496352K->9600K(507904K)] 819349K->337905K(1032192K), 0.0229933 secs] [Times: user=0.03 sys=0.04, real=0.02 secs] 
2021-06-05T13:45:18.497+0800: 1916070.196: [GC (Allocation Failure) [PSYoungGen: 500096K->12608K(506880K)] 828401K->347701K(1031168K), 0.0261868 secs] [Times: user=0.03 sys=0.04, real=0.03 secs] 
2021-06-05T13:50:25.390+0800: 1916377.088: [GC (Allocation Failure) [PSYoungGen: 503104K->9568K(507904K)] 838197K->354197K(1032192K), 0.0315628 secs] [Times: user=0.05 sys=0.05, real=0.03 secs] 
2021-06-05T13:55:32.360+0800: 1916684.058: [GC (Allocation Failure) [PSYoungGen: 500064K->4416K(506880K)] 844693K->356133K(1031168K), 0.0404038 secs] [Times: user=0.03 sys=0.04, real=0.04 secs] 
2021-06-05T14:00:43.413+0800: 1916995.111: [GC (Allocation Failure) [PSYoungGen: 494912K->6848K(507904K)] 846629K->361323K(1032192K), 0.0257636 secs] [Times: user=0.04 sys=0.04, real=0.02 secs] 
2021-06-05T14:05:52.768+0800: 1917304.466: [GC (Allocation Failure) [PSYoungGen: 497856K->8288K(507392K)] 852331K->367687K(1031680K), 0.0253068 secs] [Times: user=0.04 sys=0.04, real=0.03 secs] 
2021-06-05T14:10:55.286+0800: 1917606.984: [GC (Allocation Failure) [PSYoungGen: 499296K->10272K(508928K)] 858695K->375835K(1033216K), 0.0417570 secs] [Times: user=0.03 sys=0.04, real=0.04 secs] 
2021-06-05T14:15:58.581+0800: 1917910.280: [GC (Allocation Failure) [PSYoungGen: 503840K->8672K(508928K)] 869403K->382070K(1033216K), 0.0265874 secs] [Times: user=0.04 sys=0.04, real=0.03 secs] 
2021-06-05T14:21:07.364+0800: 1918219.062: [GC (Allocation Failure) [PSYoungGen: 502240K->6240K(509440K)] 875638K->386614K(1033728K), 0.0260441 secs] [Times: user=0.04 sys=0.04, real=0.02 secs] 
2021-06-05T14:26:17.897+0800: 1918529.595: [GC (Allocation Failure) [PSYoungGen: 500832K->6048K(509440K)] 881206K->390450K(1033728K), 0.0302601 secs] [Times: user=0.04 sys=0.04, real=0.03 secs] 
2021-06-05T14:31:28.016+0800: 1918839.714: [GC (Allocation Failure) [PSYoungGen: 500640K->5536K(509952K)] 885042K->394591K(1034240K), 0.0245379 secs] [Times: user=0.04 sys=0.04, real=0.02 secs] 
2021-06-05T14:36:33.693+0800: 1919145.392: [GC (Allocation Failure) [PSYoungGen: 500640K->12096K(507392K)] 889695K->404837K(1031680K), 0.0511010 secs] [Times: user=0.04 sys=0.04, real=0.06 secs] 
2021-06-05T14:41:39.156+0800: 1919450.855: [GC (Allocation Failure) [PSYoungGen: 507200K->15232K(504832K)] 899941K->416992K(1029120K), 0.0363444 secs] [Times: user=0.05 sys=0.05, real=0.04 secs] 
2021-06-05T14:46:41.361+0800: 1919753.059: [GC (Allocation Failure) [PSYoungGen: 504704K->7712K(506880K)] 906464K->420126K(1031168K), 0.0319451 secs] [Times: user=0.05 sys=0.05, real=0.04 secs] 
2021-06-05T14:51:48.452+0800: 1920060.150: [GC (Allocation Failure) [PSYoungGen: 497184K->6080K(507904K)] 909598K->424576K(1032192K), 0.0225429 secs] [Times: user=0.03 sys=0.04, real=0.03 secs] 
2021-06-05T14:56:59.159+0800: 1920370.857: [GC (Allocation Failure) [PSYoungGen: 497088K->6752K(507392K)] 915584K->429684K(1031680K), 0.0268870 secs] [Times: user=0.03 sys=0.04, real=0.03 secs] 
2021-06-05T15:02:06.427+0800: 1920678.126: [GC (Allocation Failure) [PSYoungGen: 497760K->8128K(508928K)] 920692K->435897K(1033216K), 0.0229138 secs] [Times: user=0.04 sys=0.03, real=0.02 secs] 
2021-06-05T15:07:06.343+0800: 1920978.041: [GC (Allocation Failure) [PSYoungGen: 501184K->14528K(507904K)] 928953K->448742K(1032192K), 0.0278615 secs] [Times: user=0.04 sys=0.03, real=0.02 secs] 
2021-06-05T15:12:13.934+0800: 1921285.632: [GC (Allocation Failure) [PSYoungGen: 507584K->8928K(507904K)] 941798K->453381K(1032192K), 0.0262379 secs] [Times: user=0.04 sys=0.04, real=0.02 secs] 
2021-06-05T15:17:22.348+0800: 1921594.046: [GC (Allocation Failure) [PSYoungGen: 500448K->6688K(507904K)] 944901K->457671K(1032192K), 0.0233435 secs] [Times: user=0.03 sys=0.04, real=0.02 secs] 
2021-06-05T15:22:24.181+0800: 1921895.879: [GC (Allocation Failure) [PSYoungGen: 498208K->3296K(507392K)] 949191K->459458K(1031680K), 0.0260828 secs] [Times: user=0.03 sys=0.03, real=0.03 secs] 
2021-06-05T15:27:30.047+0800: 1922201.745: [GC (Allocation Failure) [PSYoungGen: 494816K->6976K(507904K)] 950978K->464881K(1032192K), 0.0199730 secs] [Times: user=0.03 sys=0.03, real=0.02 secs] 
2021-06-05T15:32:35.772+0800: 1922507.470: [GC (Allocation Failure) [PSYoungGen: 498496K->13504K(505856K)] 956401K->476919K(1030144K), 0.0253866 secs] [Times: user=0.04 sys=0.04, real=0.03 secs] 
2021-06-05T15:37:43.038+0800: 1922814.736: [GC (Allocation Failure) [PSYoungGen: 504000K->12480K(503296K)] 967415K->485232K(1027584K), 0.0270338 secs] [Times: user=0.04 sys=0.04, real=0.03 secs] 
2021-06-05T15:42:42.416+0800: 1923114.114: [GC (Allocation Failure) [PSYoungGen: 502976K->13600K(504832K)] 975728K->495485K(1029120K), 0.0372562 secs] [Times: user=0.05 sys=0.06, real=0.04 secs] 
2021-06-05T15:47:41.086+0800: 1923412.785: [GC (Allocation Failure) [PSYoungGen: 501024K->9824K(505856K)] 982909K->502501K(1030144K), 0.0332632 secs] [Times: user=0.05 sys=0.04, real=0.03 secs] 
2021-06-05T15:52:40.127+0800: 1923711.826: [GC (Allocation Failure) [PSYoungGen: 497248K->9344K(507392K)] 989925K->508705K(1031680K), 0.0265385 secs] [Times: user=0.04 sys=0.04, real=0.03 secs] 
2021-06-05T15:57:42.786+0800: 1924014.485: [GC (Allocation Failure) [PSYoungGen: 499268K->7904K(506880K)] 998629K->514530K(1031168K), 0.0290325 secs] [Times: user=0.04 sys=0.05, real=0.03 secs] 
2021-06-05T16:02:48.728+0800: 1924320.426: [GC (Allocation Failure) [PSYoungGen: 497888K->7136K(508416K)] 1004514K->519527K(1032704K), 0.0296650 secs] [Times: user=0.04 sys=0.04, real=0.03 secs] 
2021-06-05T16:02:48.758+0800: 1924320.456: [Full GC (Ergonomics) [PSYoungGen: 7136K->0K(508416K)] [ParOldGen: 512391K->299117K(524288K)] 519527K->299117K(1032704K), [Metaspace: 96636K->96632K(1138688K)], 0.5400875 secs] [Times: user=0.57 sys=0.56, real=0.54 secs] 
2021-06-05T16:07:59.403+0800: 1924631.101: [GC (Allocation Failure) [PSYoungGen: 492032K->5760K(507904K)] 791149K->304877K(1032192K), 0.0266733 secs] [Times: user=0.03 sys=0.03, real=0.02 secs] 
2021-06-05T16:13:03.297+0800: 1924934.995: [GC (Allocation Failure) [PSYoungGen: 497792K->8992K(508928K)] 796909K->312266K(1033216K), 0.0265961 secs] [Times: user=0.03 sys=0.05, real=0.03 secs] 
2021-06-05T16:18:05.441+0800: 1925237.139: [GC (Allocation Failure) [PSYoungGen: 502048K->6752K(508416K)] 805322K->317252K(1032704K), 0.0373713 secs] [Times: user=0.03 sys=0.04, real=0.04 secs] 
2021-06-05T16:23:14.345+0800: 1925546.043: [GC (Allocation Failure) [PSYoungGen: 499808K->6336K(509440K)] 810308K->322128K(1033728K), 0.0215345 secs] [Times: user=0.04 sys=0.03, real=0.02 secs] 
2021-06-05T16:28:27.524+0800: 1925859.223: [GC (Allocation Failure) [PSYoungGen: 500416K->4576K(508928K)] 816208K->324795K(1033216K), 0.0308612 secs] [Times: user=0.03 sys=0.03, real=0.03 secs] 
2021-06-05T16:33:34.463+0800: 1926166.161: [GC (Allocation Failure) [PSYoungGen: 498656K->8704K(509952K)] 818875K->331689K(1034240K), 0.0237958 secs] [Times: user=0.04 sys=0.03, real=0.02 secs] 
2021-06-05T16:38:39.706+0800: 1926471.405: [GC (Allocation Failure) [PSYoungGen: 503808K->10368K(509440K)] 826793K->340141K(1033728K), 0.0248072 secs] [Times: user=0.04 sys=0.04, real=0.02 secs] 
2021-06-05T16:43:43.515+0800: 1926775.214: [GC (Allocation Failure) [PSYoungGen: 505472K->12480K(507392K)] 835245K->349793K(1031680K), 0.0267886 secs] [Times: user=0.04 sys=0.03, real=0.03 secs] 
2021-06-05T16:48:41.337+0800: 1927073.035: [GC (Allocation Failure) [PSYoungGen: 505024K->11712K(508416K)] 842337K->357782K(1032704K), 0.0246351 secs] [Times: user=0.03 sys=0.03, real=0.02 secs] 
2021-06-05T16:53:45.427+0800: 1927377.125: [GC (Allocation Failure) [PSYoungGen: 504256K->12480K(506368K)] 850326K->368072K(1030656K), 0.0248387 secs] [Times: user=0.07 sys=0.00, real=0.02 secs] 
2021-06-05T16:58:49.198+0800: 1927680.896: [GC (Allocation Failure) [PSYoungGen: 502976K->8768K(507392K)] 858568K->373359K(1031680K), 0.0254489 secs] [Times: user=0.04 sys=0.04, real=0.03 secs] 
2021-06-05T17:03:52.881+0800: 1927984.580: [GC (Allocation Failure) [PSYoungGen: 499264K->6528K(508416K)] 863855K->378145K(1032704K), 0.0249644 secs] [Times: user=0.03 sys=0.04, real=0.03 secs] 
2021-06-05T17:08:57.326+0800: 1928289.024: [GC (Allocation Failure) [PSYoungGen: 499072K->9696K(508416K)] 870689K->386279K(1032704K), 0.0242295 secs] [Times: user=0.03 sys=0.04, real=0.02 secs] 
2021-06-05T17:14:05.327+0800: 1928597.025: [GC (Allocation Failure) [PSYoungGen: 502240K->6560K(508928K)] 878823K->389624K(1033216K), 0.0211655 secs] [Times: user=0.03 sys=0.03, real=0.02 secs] 
2021-06-05T17:19:14.197+0800: 1928905.895: [GC (Allocation Failure) [PSYoungGen: 500128K->7264K(508928K)] 883192K->394996K(1033216K), 0.0223275 secs] [Times: user=0.03 sys=0.04, real=0.02 secs] 
2021-06-05T17:24:18.272+0800: 1929209.971: [GC (Allocation Failure) [PSYoungGen: 500832K->10560K(509440K)] 888564K->403857K(1033728K), 0.0341314 secs] [Times: user=0.03 sys=0.04, real=0.03 secs] 
2021-06-05T17:29:31.844+0800: 1929523.542: [GC (Allocation Failure) [PSYoungGen: 505152K->5728K(509440K)] 898449K->406475K(1033728K), 0.0293948 secs] [Times: user=0.04 sys=0.04, real=0.03 secs] 
2021-06-05T17:34:36.214+0800: 1929827.912: [GC (Allocation Failure) [PSYoungGen: 500320K->6464K(509440K)] 901067K->411624K(1033728K), 0.0288701 secs] [Times: user=0.05 sys=0.05, real=0.03 secs] 
2021-06-05T17:39:40.842+0800: 1930132.540: [GC (Allocation Failure) [PSYoungGen: 501056K->8128K(509440K)] 906216K->418219K(1033728K), 0.0269360 secs] [Times: user=0.03 sys=0.04, real=0.03 secs] 
2021-06-05T17:44:46.627+0800: 1930438.325: [GC (Allocation Failure) [PSYoungGen: 502720K->8352K(510464K)] 912811K->424919K(1034752K), 0.0252127 secs] [Times: user=0.03 sys=0.04, real=0.03 secs] 
2021-06-05T17:49:57.519+0800: 1930749.217: [GC (Allocation Failure) [PSYoungGen: 504480K->4096K(509952K)] 921047K->426786K(1034240K), 0.0289092 secs] [Times: user=0.04 sys=0.05, real=0.03 secs] 
2021-06-05T17:54:58.887+0800: 1931050.586: [GC (Allocation Failure) [PSYoungGen: 500224K->12224K(508416K)] 922914K->437432K(1032704K), 0.0314885 secs] [Times: user=0.04 sys=0.04, real=0.03 secs] 
2021-06-05T18:00:03.135+0800: 1931354.834: [GC (Allocation Failure) [PSYoungGen: 506816K->11744K(506368K)] 932024K->446234K(1030656K), 0.0453056 secs] [Times: user=0.04 sys=0.04, real=0.04 secs] 
2021-06-05T18:05:10.095+0800: 1931661.793: [GC (Allocation Failure) [PSYoungGen: 506336K->11072K(507904K)] 940826K->453835K(1032192K), 0.0339320 secs] [Times: user=0.05 sys=0.05, real=0.03 secs] 
2021-06-05T18:10:19.534+0800: 1931971.232: [GC (Allocation Failure) [PSYoungGen: 503616K->6848K(508416K)] 946379K->457818K(1032704K), 0.0262107 secs] [Times: user=0.04 sys=0.04, real=0.02 secs] 
2021-06-05T18:15:28.751+0800: 1932280.449: [GC (Allocation Failure) [PSYoungGen: 499392K->5568K(508928K)] 950362K->461213K(1033216K), 0.0263127 secs] [Times: user=0.04 sys=0.03, real=0.03 secs] 
2021-06-05T18:20:36.248+0800: 1932587.946: [GC (Allocation Failure) [PSYoungGen: 499136K->8544K(508928K)] 954781K->468226K(1033216K), 0.0400334 secs] [Times: user=0.04 sys=0.04, real=0.04 secs] 
2021-06-05T18:25:42.487+0800: 1932894.185: [GC (Allocation Failure) [PSYoungGen: 502112K->7296K(509952K)] 961794K->473877K(1034240K), 0.0241174 secs] [Times: user=0.04 sys=0.04, real=0.02 secs] 
2021-06-05T18:30:49.093+0800: 1933200.791: [GC (Allocation Failure) [PSYoungGen: 502400K->7232K(509440K)] 968981K->479856K(1033728K), 0.0229405 secs] [Times: user=0.03 sys=0.04, real=0.02 secs] 
2021-06-05T18:35:59.933+0800: 1933511.632: [GC (Allocation Failure) [PSYoungGen: 502336K->12128K(508416K)] 974960K->489799K(1032704K), 0.0281154 secs] [Times: user=0.04 sys=0.04, real=0.02 secs] 
2021-06-05T18:41:08.168+0800: 1933819.866: [GC (Allocation Failure) [PSYoungGen: 506720K->11936K(506880K)] 984391K->499129K(1031168K), 0.0245063 secs] [Times: user=0.04 sys=0.04, real=0.03 secs] 
2021-06-05T18:46:17.498+0800: 1934129.196: [GC (Allocation Failure) [PSYoungGen: 506528K->4864K(508928K)] 993721K->502309K(1033216K), 0.0329728 secs] [Times: user=0.05 sys=0.05, real=0.03 secs] 
2021-06-05T18:51:23.026+0800: 1934434.724: [GC (Allocation Failure) [PSYoungGen: 498432K->6304K(508928K)] 995877K->507156K(1033216K), 0.0587308 secs] [Times: user=0.05 sys=0.05, real=0.06 secs] 
2021-06-05T18:56:31.122+0800: 1934742.820: [GC (Allocation Failure) [PSYoungGen: 499872K->6688K(509440K)] 1000724K->512160K(1033728K), 0.0263262 secs] [Times: user=0.03 sys=0.04, real=0.03 secs] 
2021-06-05T19:01:38.119+0800: 1935049.818: [GC (Allocation Failure) [PSYoungGen: 500768K->6304K(508928K)] 1006240K->516876K(1033216K), 0.0355375 secs] [Times: user=0.03 sys=0.03, real=0.04 secs] 
2021-06-05T19:06:44.706+0800: 1935356.404: [GC (Allocation Failure) [PSYoungGen: 500384K->6880K(510464K)] 1010956K->522368K(1034752K), 0.0223586 secs] [Times: user=0.03 sys=0.04, real=0.02 secs] 
2021-06-05T19:06:44.729+0800: 1935356.427: [Full GC (Ergonomics) [PSYoungGen: 6880K->0K(510464K)] [ParOldGen: 515488K->310211K(524288K)] 522368K->310211K(1034752K), [Metaspace: 96635K->96635K(1138688K)], 0.5095384 secs] [Times: user=0.50 sys=0.49, real=0.51 secs] 
2021-06-05T19:11:53.348+0800: 1935665.047: [GC (Allocation Failure) [PSYoungGen: 496128K->12320K(508928K)] 806339K->322531K(1033216K), 0.0575271 secs] [Times: user=0.03 sys=0.03, real=0.06 secs] 
2021-06-05T19:17:01.378+0800: 1935973.077: [GC (Allocation Failure) [PSYoungGen: 508448K->13504K(506368K)] 818659K->332206K(1030656K), 0.0274814 secs] [Times: user=0.03 sys=0.04, real=0.03 secs] 
2021-06-05T19:21:56.568+0800: 1936268.267: [GC (Allocation Failure) [PSYoungGen: 505024K->12714K(504320K)] 823726K->340979K(1028608K), 0.0251859 secs] [Times: user=0.04 sys=0.04, real=0.03 secs] 
2021-06-05T19:27:03.591+0800: 1936575.289: [GC (Allocation Failure) [PSYoungGen: 504234K->8064K(507904K)] 832499K->347225K(1032192K), 0.0227110 secs] [Times: user=0.03 sys=0.03, real=0.03 secs] 
2021-06-05T19:32:15.213+0800: 1936886.911: [GC (Allocation Failure) [PSYoungGen: 499072K->3296K(507392K)] 838233K->348835K(1031680K), 0.0655098 secs] [Times: user=0.03 sys=0.03, real=0.06 secs] 
2021-06-05T19:37:23.161+0800: 1937194.859: [GC (Allocation Failure) [PSYoungGen: 494304K->5696K(507904K)] 839843K->353066K(1032192K), 0.0222313 secs] [Times: user=0.02 sys=0.03, real=0.03 secs] 
2021-06-05T19:42:35.384+0800: 1937507.082: [GC (Allocation Failure) [PSYoungGen: 496704K->6112K(507392K)] 844074K->357182K(1031680K), 0.0451360 secs] [Times: user=0.03 sys=0.04, real=0.04 secs] 
2021-06-05T19:47:43.928+0800: 1937815.626: [GC (Allocation Failure) [PSYoungGen: 497120K->7328K(508928K)] 848190K->362906K(1033216K), 0.0222418 secs] [Times: user=0.03 sys=0.03, real=0.02 secs] 
2021-06-05T19:52:53.635+0800: 1938125.333: [GC (Allocation Failure) [PSYoungGen: 500384K->13312K(506880K)] 855962K->374439K(1031168K), 0.0292881 secs] [Times: user=0.03 sys=0.04, real=0.03 secs] 
2021-06-05T19:57:58.151+0800: 1938429.849: [GC (Allocation Failure) [PSYoungGen: 506368K->10496K(507904K)] 867495K->380513K(1032192K), 0.0331010 secs] [Times: user=0.04 sys=0.04, real=0.04 secs] 
2021-06-05T20:03:04.555+0800: 1938736.253: [GC (Allocation Failure) [PSYoungGen: 502016K->6848K(507904K)] 872033K->384185K(1032192K), 0.0253690 secs] [Times: user=0.03 sys=0.03, real=0.02 secs] 
2021-06-05T20:08:10.985+0800: 1939042.683: [GC (Allocation Failure) [PSYoungGen: 498368K->7840K(508928K)] 875705K->390548K(1033216K), 0.0294701 secs] [Times: user=0.03 sys=0.03, real=0.03 secs] 
2021-06-05T20:13:20.616+0800: 1939352.315: [GC (Allocation Failure) [PSYoungGen: 500384K->7072K(507904K)] 883092K->395591K(1032192K), 0.0277429 secs] [Times: user=0.03 sys=0.05, real=0.03 secs] 
2021-06-05T20:18:14.916+0800: 1939646.615: [GC (Allocation Failure) [PSYoungGen: 499616K->11968K(507392K)] 888135K->405372K(1031680K), 0.0245244 secs] [Times: user=0.03 sys=0.04, real=0.02 secs] 
2021-06-05T20:23:18.412+0800: 1939950.110: [GC (Allocation Failure) [PSYoungGen: 504512K->12544K(505344K)] 897916K->415223K(1029632K), 0.0253190 secs] [Times: user=0.04 sys=0.03, real=0.03 secs] 
2021-06-05T20:28:22.668+0800: 1940254.366: [GC (Allocation Failure) [PSYoungGen: 505088K->13600K(505856K)] 907767K->425730K(1030144K), 0.0267028 secs] [Times: user=0.03 sys=0.04, real=0.03 secs] 
2021-06-05T20:33:27.659+0800: 1940559.357: [GC (Allocation Failure) [PSYoungGen: 503072K->13536K(503296K)] 915202K->434661K(1027584K), 0.0221828 secs] [Times: user=0.04 sys=0.03, real=0.02 secs] 
2021-06-05T20:38:26.271+0800: 1940857.969: [GC (Allocation Failure) [PSYoungGen: 503008K->12992K(505856K)] 924133K->444183K(1030144K), 0.0429028 secs] [Times: user=0.03 sys=0.04, real=0.05 secs] 
2021-06-05T20:43:23.435+0800: 1941155.133: [GC (Allocation Failure) [PSYoungGen: 500416K->13024K(500736K)] 931607K->454307K(1025024K), 0.0269772 secs] [Times: user=0.04 sys=0.05, real=0.03 secs] 
2021-06-05T20:48:19.328+0800: 1941451.027: [GC (Allocation Failure) [PSYoungGen: 500448K->11232K(505856K)] 941731K->462587K(1030144K), 0.0295075 secs] [Times: user=0.03 sys=0.04, real=0.03 secs] 
2021-06-05T20:53:19.161+0800: 1941750.859: [GC (Allocation Failure) [PSYoungGen: 498144K->5440K(505344K)] 949499K->465451K(1029632K), 0.0314897 secs] [Times: user=0.03 sys=0.04, real=0.04 secs] 
2021-06-05T20:58:23.386+0800: 1942055.085: [GC (Allocation Failure) [PSYoungGen: 492352K->9152K(506368K)] 952363K->473097K(1030656K), 0.0220492 secs] [Times: user=0.03 sys=0.04, real=0.02 secs] 
2021-06-05T21:03:25.735+0800: 1942357.433: [GC (Allocation Failure) [PSYoungGen: 497088K->5312K(505856K)] 961033K->477049K(1030144K), 0.0236027 secs] [Times: user=0.03 sys=0.04, real=0.02 secs] 
2021-06-05T21:08:27.499+0800: 1942659.197: [GC (Allocation Failure) [PSYoungGen: 493248K->5952K(506880K)] 964985K->481605K(1031168K), 0.0233241 secs] [Times: user=0.04 sys=0.03, real=0.03 secs] 
2021-06-05T21:13:29.646+0800: 1942961.344: [GC (Allocation Failure) [PSYoungGen: 494912K->10848K(506368K)] 970565K->490555K(1030656K), 0.0268782 secs] [Times: user=0.04 sys=0.04, real=0.03 secs] 
2021-06-05T21:18:31.823+0800: 1943263.521: [GC (Allocation Failure) [PSYoungGen: 499808K->5696K(506880K)] 979515K->493219K(1031168K), 0.0241989 secs] [Times: user=0.02 sys=0.04, real=0.02 secs] 
2021-06-05T21:23:32.288+0800: 1943563.986: [GC (Allocation Failure) [PSYoungGen: 495168K->9376K(506880K)] 982691K->501041K(1031168K), 0.0242100 secs] [Times: user=0.04 sys=0.04, real=0.02 secs] 
2021-06-05T21:28:40.269+0800: 1943871.967: [GC (Allocation Failure) [PSYoungGen: 498848K->7456K(508416K)] 990513K->506202K(1032704K), 0.0256450 secs] [Times: user=0.04 sys=0.04, real=0.03 secs] 
2021-06-05T21:33:44.880+0800: 1944176.578: [GC (Allocation Failure) [PSYoungGen: 499488K->12384K(504832K)] 998234K->516438K(1029120K), 0.0243463 secs] [Times: user=0.04 sys=0.04, real=0.03 secs] 
2021-06-05T21:38:50.962+0800: 1944482.660: [GC (Allocation Failure) [PSYoungGen: 504416K->12352K(507392K)] 1008470K->526177K(1031680K), 0.0305323 secs] [Times: user=0.03 sys=0.04, real=0.04 secs] 
2021-06-05T21:38:50.993+0800: 1944482.691: [Full GC (Ergonomics) [PSYoungGen: 12352K->0K(507392K)] [ParOldGen: 513825K->310577K(524288K)] 526177K->310577K(1031680K), [Metaspace: 96635K->96635K(1138688K)], 0.4469274 secs] [Times: user=0.50 sys=0.50, real=0.44 secs] 
2021-06-05T21:43:51.003+0800: 1944782.701: [GC (Allocation Failure) [PSYoungGen: 490496K->12704K(503296K)] 801073K->323281K(1027584K), 0.0271585 secs] [Times: user=0.03 sys=0.03, real=0.02 secs] 
2021-06-05T21:48:56.030+0800: 1945087.729: [GC (Allocation Failure) [PSYoungGen: 503200K->12960K(505856K)] 813777K->333203K(1030144K), 0.0275292 secs] [Times: user=0.03 sys=0.04, real=0.03 secs] 
2021-06-05T21:53:58.080+0800: 1945389.779: [GC (Allocation Failure) [PSYoungGen: 501408K->12320K(506368K)] 821651K->342501K(1030656K), 0.0278411 secs] [Times: user=0.04 sys=0.04, real=0.03 secs] 
2021-06-05T21:59:05.381+0800: 1945697.079: [GC (Allocation Failure) [PSYoungGen: 500768K->8864K(506880K)] 830949K->348445K(1031168K), 0.0240002 secs] [Times: user=0.03 sys=0.04, real=0.03 secs] 
2021-06-05T22:04:14.644+0800: 1946006.342: [GC (Allocation Failure) [PSYoungGen: 497824K->4864K(506368K)] 837405K->351758K(1030656K), 0.0295372 secs] [Times: user=0.03 sys=0.03, real=0.03 secs] 
2021-06-05T22:09:16.551+0800: 1946308.249: [GC (Allocation Failure) [PSYoungGen: 493824K->10144K(507392K)] 840718K->360427K(1031680K), 0.0262026 secs] [Times: user=0.03 sys=0.04, real=0.03 secs] 
2021-06-05T22:14:16.837+0800: 1946608.535: [GC (Allocation Failure) [PSYoungGen: 499616K->12384K(506368K)] 849899K->369695K(1030656K), 0.0255139 secs] [Times: user=0.07 sys=0.00, real=0.03 secs] 
2021-06-05T22:19:16.556+0800: 1946908.254: [GC (Allocation Failure) [PSYoungGen: 501856K->12192K(506880K)] 859167K->378251K(1031168K), 0.0270078 secs] [Times: user=0.04 sys=0.04, real=0.03 secs] 
2021-06-05T22:24:21.560+0800: 1947213.259: [GC (Allocation Failure) [PSYoungGen: 501664K->13472K(503296K)] 867723K->388542K(1027584K), 0.0345198 secs] [Times: user=0.05 sys=0.04, real=0.04 secs] 
2021-06-05T22:29:30.105+0800: 1947521.804: [GC (Allocation Failure) [PSYoungGen: 502944K->7808K(506368K)] 878014K->392981K(1030656K), 0.0245050 secs] [Times: user=0.04 sys=0.04, real=0.02 secs] 
2021-06-05T22:34:32.503+0800: 1947824.201: [GC (Allocation Failure) [PSYoungGen: 496256K->6560K(506368K)] 881429K->398071K(1030656K), 0.0296618 secs] [Times: user=0.03 sys=0.03, real=0.03 secs] 
2021-06-05T22:39:36.741+0800: 1948128.439: [GC (Allocation Failure) [PSYoungGen: 495008K->11136K(506880K)] 886519K->407547K(1031168K), 0.0243995 secs] [Times: user=0.04 sys=0.03, real=0.03 secs] 
2021-06-05T22:44:36.249+0800: 1948427.948: [GC (Allocation Failure) [PSYoungGen: 500608K->12576K(506880K)] 897019K->417798K(1031168K), 0.0313143 secs] [Times: user=0.04 sys=0.04, real=0.03 secs] 
2021-06-05T22:49:38.638+0800: 1948730.336: [GC (Allocation Failure) [PSYoungGen: 502048K->11712K(506880K)] 907270K->425418K(1031168K), 0.0282363 secs] [Times: user=0.04 sys=0.04, real=0.03 secs] 
2021-06-05T22:54:42.453+0800: 1949034.151: [GC (Allocation Failure) [PSYoungGen: 501184K->11808K(506880K)] 914890K->434085K(1031168K), 0.0253712 secs] [Times: user=0.04 sys=0.04, real=0.02 secs] 
2021-06-05T22:59:46.358+0800: 1949338.057: [GC (Allocation Failure) [PSYoungGen: 501280K->9920K(507392K)] 923557K->440190K(1031680K), 0.0238161 secs] [Times: user=0.04 sys=0.03, real=0.03 secs] 
2021-06-05T23:04:56.371+0800: 1949648.070: [GC (Allocation Failure) [PSYoungGen: 499904K->4128K(506880K)] 930174K->442509K(1031168K), 0.0234857 secs] [Times: user=0.04 sys=0.03, real=0.03 secs] 
2021-06-05T23:10:02.383+0800: 1949954.081: [GC (Allocation Failure) [PSYoungGen: 494112K->5856K(506880K)] 932493K->446867K(1031168K), 0.0223202 secs] [Times: user=0.03 sys=0.04, real=0.02 secs] 
2021-06-05T23:15:07.440+0800: 1950259.138: [GC (Allocation Failure) [PSYoungGen: 495328K->9792K(506880K)] 936339K->454760K(1031168K), 0.0289939 secs] [Times: user=0.03 sys=0.04, real=0.03 secs] 
2021-06-05T23:20:12.613+0800: 1950564.311: [GC (Allocation Failure) [PSYoungGen: 499264K->12192K(506880K)] 944232K->464869K(1031168K), 0.0746956 secs] [Times: user=0.03 sys=0.03, real=0.07 secs] 
2021-06-05T23:25:16.050+0800: 1950867.748: [GC (Allocation Failure) [PSYoungGen: 502688K->11072K(507392K)] 955365K->472997K(1031680K), 0.0291972 secs] [Times: user=0.04 sys=0.05, real=0.03 secs] 
2021-06-05T23:30:17.709+0800: 1951169.408: [GC (Allocation Failure) [PSYoungGen: 501568K->13056K(506368K)] 963493K->483344K(1030656K), 0.0433899 secs] [Times: user=0.04 sys=0.04, real=0.05 secs] 
2021-06-05T23:35:14.560+0800: 1951466.259: [GC (Allocation Failure) [PSYoungGen: 502528K->12512K(506880K)] 972816K->491756K(1031168K), 0.0284318 secs] [Times: user=0.04 sys=0.04, real=0.03 secs] 
2021-06-05T23:40:22.963+0800: 1951774.662: [GC (Allocation Failure) [PSYoungGen: 501984K->12736K(506880K)] 981228K->501407K(1031168K), 0.1168369 secs] [Times: user=0.06 sys=0.06, real=0.11 secs] 
2021-06-05T23:45:23.070+0800: 1952074.768: [GC (Allocation Failure) [PSYoungGen: 502208K->12800K(502784K)] 990879K->509828K(1027072K), 0.0555974 secs] [Times: user=0.04 sys=0.05, real=0.06 secs] 
2021-06-05T23:50:24.082+0800: 1952375.781: [GC (Allocation Failure) [PSYoungGen: 502272K->9696K(506880K)] 999300K->516899K(1031168K), 0.0646209 secs] [Times: user=0.07 sys=0.00, real=0.07 secs] 
2021-06-05T23:55:27.982+0800: 1952679.681: [GC (Allocation Failure) [PSYoungGen: 498656K->9504K(506368K)] 1005859K->523845K(1030656K), 0.0290664 secs] [Times: user=0.03 sys=0.04, real=0.02 secs] 
2021-06-05T23:55:28.012+0800: 1952679.710: [Full GC (Ergonomics) [PSYoungGen: 9504K->0K(506368K)] [ParOldGen: 514341K->310784K(524288K)] 523845K->310784K(1030656K), [Metaspace: 96635K->96635K(1138688K)], 0.4448196 secs] [Times: user=0.97 sys=0.00, real=0.45 secs] 
2021-06-06T00:00:24.210+0800: 1952975.908: [GC (Allocation Failure) [PSYoungGen: 488960K->7264K(507392K)] 799744K->318048K(1031680K), 0.0586265 secs] [Times: user=0.03 sys=0.03, real=0.06 secs] 
2021-06-06T00:05:25.783+0800: 1953277.482: [GC (Allocation Failure) [PSYoungGen: 497760K->12320K(507392K)] 808544K->328444K(1031680K), 0.0246104 secs] [Times: user=0.03 sys=0.04, real=0.02 secs] 
2021-06-06T00:10:28.467+0800: 1953580.165: [GC (Allocation Failure) [PSYoungGen: 502816K->12800K(506368K)] 818940K->338039K(1030656K), 0.0823903 secs] [Times: user=0.04 sys=0.04, real=0.08 secs] 
2021-06-06T00:15:32.370+0800: 1953884.068: [GC (Allocation Failure) [PSYoungGen: 502272K->8064K(506880K)] 827511K->342149K(1031168K), 0.0236255 secs] [Times: user=0.04 sys=0.04, real=0.03 secs] 
2021-06-06T00:20:36.265+0800: 1954187.964: [GC (Allocation Failure) [PSYoungGen: 497536K->6656K(507392K)] 831621K->346656K(1031680K), 0.0230362 secs] [Times: user=0.03 sys=0.04, real=0.02 secs] 
2021-06-06T00:25:34.133+0800: 1954485.831: [GC (Allocation Failure) [PSYoungGen: 497152K->16512K(507392K)] 837152K->361398K(1031680K), 0.0269062 secs] [Times: user=0.04 sys=0.04, real=0.02 secs] 
2021-06-06T00:30:39.223+0800: 1954790.921: [GC (Allocation Failure) [PSYoungGen: 507008K->12064K(504320K)] 851894K->368350K(1028608K), 0.0265811 secs] [Times: user=0.03 sys=0.04, real=0.02 secs] 
2021-06-06T00:35:42.063+0800: 1955093.761: [GC (Allocation Failure) [PSYoungGen: 499488K->12256K(505856K)] 855774K->377185K(1030144K), 0.0279116 secs] [Times: user=0.04 sys=0.04, real=0.02 secs] 
2021-06-06T00:40:39.497+0800: 1955391.195: [GC (Allocation Failure) [PSYoungGen: 499680K->13152K(505856K)] 864609K->387245K(1030144K), 0.0237548 secs] [Times: user=0.04 sys=0.03, real=0.02 secs] 
2021-06-06T00:45:43.600+0800: 1955695.298: [GC (Allocation Failure) [PSYoungGen: 500576K->6784K(505856K)] 874669K->390866K(1030144K), 0.0237590 secs] [Times: user=0.03 sys=0.04, real=0.03 secs] 
2021-06-06T00:50:46.625+0800: 1955998.323: [GC (Allocation Failure) [PSYoungGen: 494208K->7520K(505856K)] 878290K->396903K(1030144K), 0.0215057 secs] [Times: user=0.03 sys=0.03, real=0.02 secs] 
2021-06-06T00:55:48.853+0800: 1956300.551: [GC (Allocation Failure) [PSYoungGen: 494944K->9568K(505856K)] 884327K->404962K(1030144K), 0.0242657 secs] [Times: user=0.04 sys=0.04, real=0.02 secs] 
2021-06-06T01:00:54.094+0800: 1956605.792: [GC (Allocation Failure) [PSYoungGen: 496992K->10976K(507392K)] 892386K->413758K(1031680K), 0.0528289 secs] [Times: user=0.05 sys=0.06, real=0.05 secs] 
2021-06-06T01:06:01.442+0800: 1956913.140: [GC (Allocation Failure) [PSYoungGen: 500960K->8224K(506880K)] 903742K->419262K(1031168K), 0.0245593 secs] [Times: user=0.03 sys=0.04, real=0.03 secs] 
2021-06-06T01:11:12.025+0800: 1957223.724: [GC (Allocation Failure) [PSYoungGen: 498208K->6144K(507392K)] 909246K->423919K(1031680K), 0.0473207 secs] [Times: user=0.07 sys=0.06, real=0.05 secs] 
2021-06-06T01:16:18.811+0800: 1957530.509: [GC (Allocation Failure) [PSYoungGen: 496640K->11808K(507392K)] 914415K->433790K(1031680K), 0.0315563 secs] [Times: user=0.04 sys=0.05, real=0.04 secs] 
2021-06-06T01:21:15.316+0800: 1957827.015: [GC (Allocation Failure) [PSYoungGen: 502304K->13290K(506368K)] 924286K->444412K(1030656K), 0.0764468 secs] [Times: user=0.04 sys=0.04, real=0.08 secs] 
2021-06-06T01:26:21.518+0800: 1958133.216: [GC (Allocation Failure) [PSYoungGen: 502762K->11840K(506880K)] 933884K->453143K(1031168K), 0.0268379 secs] [Times: user=0.03 sys=0.04, real=0.03 secs] 
2021-06-06T01:31:25.785+0800: 1958437.483: [GC (Allocation Failure) [PSYoungGen: 501312K->11296K(507392K)] 942615K->460938K(1031680K), 0.0447495 secs] [Times: user=0.03 sys=0.04, real=0.04 secs] 
2021-06-06T01:36:29.817+0800: 1958741.515: [GC (Allocation Failure) [PSYoungGen: 501280K->9120K(506880K)] 950922K->467435K(1031168K), 0.0288553 secs] [Times: user=0.04 sys=0.04, real=0.03 secs] 
2021-06-06T01:41:39.780+0800: 1959051.479: [GC (Allocation Failure) [PSYoungGen: 499104K->4128K(507392K)] 957419K->469516K(1031680K), 0.0215114 secs] [Times: user=0.03 sys=0.03, real=0.03 secs] 
2021-06-06T01:46:45.836+0800: 1959357.534: [GC (Allocation Failure) [PSYoungGen: 494624K->7072K(507392K)] 960012K->475017K(1031680K), 0.0255549 secs] [Times: user=0.03 sys=0.04, real=0.02 secs] 
2021-06-06T01:51:51.551+0800: 1959663.249: [GC (Allocation Failure) [PSYoungGen: 497568K->14976K(504320K)] 965513K->487959K(1028608K), 0.0296503 secs] [Times: user=0.09 sys=0.00, real=0.03 secs] 
2021-06-06T01:56:56.097+0800: 1959967.796: [GC (Allocation Failure) [PSYoungGen: 502400K->7360K(505856K)] 975383K->490926K(1030144K), 0.0247075 secs] [Times: user=0.04 sys=0.03, real=0.03 secs] 
2021-06-06T02:01:54.868+0800: 1960266.566: [GC (Allocation Failure) [PSYoungGen: 494784K->8032K(506880K)] 978350K->497145K(1031168K), 0.0288236 secs] [Times: user=0.04 sys=0.04, real=0.03 secs] 
2021-06-06T02:07:01.457+0800: 1960573.155: [GC (Allocation Failure) [PSYoungGen: 496992K->11232K(506368K)] 986105K->506094K(1030656K), 0.0270818 secs] [Times: user=0.04 sys=0.03, real=0.03 secs] 
2021-06-06T02:12:04.187+0800: 1960875.885: [GC (Allocation Failure) [PSYoungGen: 500192K->11232K(507392K)] 995054K->513882K(1031680K), 0.0292249 secs] [Times: user=0.04 sys=0.04, real=0.03 secs] 
2021-06-06T02:17:07.856+0800: 1961179.554: [GC (Allocation Failure) [PSYoungGen: 501216K->11456K(506880K)] 1003866K->522252K(1031168K), 0.0353846 secs] [Times: user=0.05 sys=0.05, real=0.03 secs] 
2021-06-06T02:22:15.513+0800: 1961487.211: [GC (Allocation Failure) [PSYoungGen: 501440K->9952K(507904K)] 1012236K->530004K(1032192K), 0.0362295 secs] [Times: user=0.03 sys=0.04, real=0.03 secs] 
2021-06-06T02:22:15.550+0800: 1961487.248: [Full GC (Ergonomics) [PSYoungGen: 9952K->0K(507904K)] [ParOldGen: 520052K->315339K(524288K)] 530004K->315339K(1032192K), [Metaspace: 96635K->96635K(1138688K)], 0.5014076 secs] [Times: user=0.96 sys=0.00, real=0.50 secs] 
2021-06-06T02:27:24.606+0800: 1961796.304: [GC (Allocation Failure) [PSYoungGen: 491008K->8736K(507392K)] 806347K->324075K(1031680K), 0.0252633 secs] [Times: user=0.03 sys=0.03, real=0.02 secs] 
2021-06-06T02:32:31.168+0800: 1962102.866: [GC (Allocation Failure) [PSYoungGen: 499744K->8672K(508928K)] 815083K->331165K(1033216K), 0.0253888 secs] [Times: user=0.04 sys=0.05, real=0.03 secs] 
2021-06-06T02:37:37.004+0800: 1962408.702: [GC (Allocation Failure) [PSYoungGen: 501728K->10176K(508416K)] 824221K->339865K(1032704K), 0.0266287 secs] [Times: user=0.03 sys=0.03, real=0.02 secs] 
2021-06-06T02:42:37.947+0800: 1962709.645: [GC (Allocation Failure) [PSYoungGen: 503232K->12256K(508928K)] 832921K->349580K(1033216K), 0.0298939 secs] [Times: user=0.03 sys=0.04, real=0.03 secs] 
2021-06-06T02:47:44.917+0800: 1963016.616: [GC (Allocation Failure) [PSYoungGen: 505824K->6112K(499712K)] 843148K->353186K(1024000K), 0.0530715 secs] [Times: user=0.04 sys=0.04, real=0.05 secs] 
2021-06-06T02:52:54.194+0800: 1963325.892: [GC (Allocation Failure) [PSYoungGen: 499680K->5760K(508416K)] 846754K->357694K(1032704K), 0.0234801 secs] [Times: user=0.03 sys=0.03, real=0.02 secs] 
2021-06-06T02:58:01.865+0800: 1963633.563: [GC (Allocation Failure) [PSYoungGen: 498304K->14976K(507904K)] 850238K->370990K(1032192K), 0.0267069 secs] [Times: user=0.03 sys=0.04, real=0.02 secs] 
2021-06-06T03:03:02.012+0800: 1963933.711: [GC (Allocation Failure) [PSYoungGen: 507520K->9632K(507904K)] 863534K->377093K(1032192K), 0.0302857 secs] [Times: user=0.05 sys=0.05, real=0.03 secs] 
2021-06-06T03:08:12.708+0800: 1964244.407: [GC (Allocation Failure) [PSYoungGen: 501152K->6880K(507904K)] 868613K->381845K(1032192K), 0.0209070 secs] [Times: user=0.03 sys=0.03, real=0.02 secs] 
2021-06-06T03:13:21.573+0800: 1964553.271: [GC (Allocation Failure) [PSYoungGen: 498400K->6080K(507904K)] 873365K->386345K(1032192K), 0.0659092 secs] [Times: user=0.02 sys=0.03, real=0.06 secs] 
2021-06-06T03:18:31.516+0800: 1964863.214: [GC (Allocation Failure) [PSYoungGen: 497600K->12224K(503808K)] 877865K->396639K(1028096K), 0.0264430 secs] [Times: user=0.07 sys=0.00, real=0.03 secs] 
2021-06-06T03:23:34.910+0800: 1965166.608: [GC (Allocation Failure) [PSYoungGen: 503744K->12544K(506368K)] 888159K->405778K(1030656K), 0.0289011 secs] [Times: user=0.04 sys=0.03, real=0.03 secs] 
2021-06-06T03:28:31.197+0800: 1965462.895: [GC (Allocation Failure) [PSYoungGen: 502016K->12672K(506880K)] 895250K->415644K(1031168K), 0.0283319 secs] [Times: user=0.03 sys=0.04, real=0.03 secs] 
2021-06-06T03:33:37.354+0800: 1965769.052: [GC (Allocation Failure) [PSYoungGen: 502144K->11584K(506880K)] 905116K->423079K(1031168K), 0.0377471 secs] [Times: user=0.05 sys=0.04, real=0.04 secs] 
2021-06-06T03:38:48.783+0800: 1966080.482: [GC (Allocation Failure) [PSYoungGen: 501056K->3040K(492544K)] 912551K->423731K(1016832K), 0.0216818 secs] [Times: user=0.03 sys=0.04, real=0.02 secs] 
2021-06-06T03:43:56.112+0800: 1966387.810: [GC (Allocation Failure) [PSYoungGen: 492512K->7744K(506880K)] 913203K->429955K(1031168K), 0.0221283 secs] [Times: user=0.03 sys=0.03, real=0.03 secs] 
2021-06-06T03:48:58.716+0800: 1966690.415: [GC (Allocation Failure) [PSYoungGen: 496704K->8928K(506368K)] 918915K->437439K(1030656K), 0.0232350 secs] [Times: user=0.03 sys=0.04, real=0.02 secs] 
2021-06-06T03:54:08.470+0800: 1967000.168: [GC (Allocation Failure) [PSYoungGen: 497888K->6048K(507904K)] 926399K->441576K(1032192K), 0.0271296 secs] [Times: user=0.04 sys=0.04, real=0.03 secs] 
2021-06-06T03:59:13.995+0800: 1967305.694: [GC (Allocation Failure) [PSYoungGen: 497056K->7616K(507392K)] 932584K->448052K(1031680K), 0.0547685 secs] [Times: user=0.03 sys=0.05, real=0.05 secs] 
2021-06-06T04:04:14.507+0800: 1967606.205: [GC (Allocation Failure) [PSYoungGen: 498624K->10240K(508416K)] 939060K->456386K(1032704K), 0.0326582 secs] [Times: user=0.04 sys=0.05, real=0.03 secs] 
2021-06-06T04:09:19.820+0800: 1967911.518: [GC (Allocation Failure) [PSYoungGen: 502784K->12896K(505856K)] 948930K->466079K(1030144K), 0.0332574 secs] [Times: user=0.04 sys=0.05, real=0.04 secs] 
2021-06-06T04:14:25.400+0800: 1968217.098: [GC (Allocation Failure) [PSYoungGen: 505440K->10240K(507904K)] 958623K->471712K(1032192K), 0.0275781 secs] [Times: user=0.04 sys=0.05, real=0.03 secs] 
2021-06-06T04:19:30.719+0800: 1968522.417: [GC (Allocation Failure) [PSYoungGen: 501248K->9920K(507392K)] 962720K->479577K(1031680K), 0.0282923 secs] [Times: user=0.04 sys=0.05, real=0.03 secs] 
2021-06-06T04:24:37.752+0800: 1968829.450: [GC (Allocation Failure) [PSYoungGen: 500928K->5472K(508416K)] 970585K->483217K(1032704K), 0.0283087 secs] [Times: user=0.04 sys=0.05, real=0.03 secs] 
2021-06-06T04:29:39.619+0800: 1969131.317: [GC (Allocation Failure) [PSYoungGen: 498016K->10624K(508416K)] 975761K->492238K(1032704K), 0.0651823 secs] [Times: user=0.04 sys=0.05, real=0.07 secs] 
2021-06-06T04:34:49.784+0800: 1969441.482: [GC (Allocation Failure) [PSYoungGen: 503168K->4160K(508416K)] 984782K->493590K(1032704K), 0.0412278 secs] [Times: user=0.03 sys=0.04, real=0.04 secs] 
2021-06-06T04:39:52.604+0800: 1969744.302: [GC (Allocation Failure) [PSYoungGen: 496704K->8384K(508416K)] 986134K->500379K(1032704K), 0.0290317 secs] [Times: user=0.04 sys=0.04, real=0.03 secs] 
2021-06-06T04:44:55.348+0800: 1970047.046: [GC (Allocation Failure) [PSYoungGen: 500928K->6560K(509440K)] 992923K->505533K(1033728K), 0.0289499 secs] [Times: user=0.04 sys=0.05, real=0.03 secs] 
2021-06-06T04:50:00.873+0800: 1970352.571: [GC (Allocation Failure) [PSYoungGen: 500640K->11616K(505856K)] 999613K->515411K(1030144K), 0.0323150 secs] [Times: user=0.05 sys=0.04, real=0.03 secs] 
2021-06-06T04:55:05.977+0800: 1970657.675: [GC (Allocation Failure) [PSYoungGen: 505696K->10464K(508928K)] 1009491K->522389K(1033216K), 0.0332444 secs] [Times: user=0.10 sys=0.00, real=0.03 secs] 
2021-06-06T05:00:10.069+0800: 1970961.767: [GC (Allocation Failure) [PSYoungGen: 503520K->5344K(508416K)] 1015445K->525580K(1032704K), 0.0259101 secs] [Times: user=0.04 sys=0.04, real=0.03 secs] 
2021-06-06T05:00:10.095+0800: 1970961.793: [Full GC (Ergonomics) [PSYoungGen: 5344K->0K(508416K)] [ParOldGen: 520236K->303494K(524288K)] 525580K->303494K(1032704K), [Metaspace: 96635K->96635K(1138688K)], 0.4671956 secs] [Times: user=0.97 sys=0.00, real=0.47 secs] 
2021-06-06T05:05:14.026+0800: 1971265.724: [GC (Allocation Failure) [PSYoungGen: 493056K->6080K(508928K)] 796550K->309574K(1033216K), 0.0196109 secs] [Times: user=0.02 sys=0.03, real=0.02 secs] 
2021-06-06T05:10:20.179+0800: 1971571.877: [GC (Allocation Failure) [PSYoungGen: 499648K->12160K(505856K)] 803142K->320228K(1030144K), 0.0279216 secs] [Times: user=0.03 sys=0.04, real=0.03 secs] 
2021-06-06T05:15:25.524+0800: 1971877.223: [GC (Allocation Failure) [PSYoungGen: 505728K->9824K(508416K)] 813796K->326278K(1032704K), 0.0243730 secs] [Times: user=0.03 sys=0.04, real=0.02 secs] 
2021-06-06T05:20:31.913+0800: 1972183.611: [GC (Allocation Failure) [PSYoungGen: 502368K->6048K(508416K)] 818822K->330158K(1032704K), 0.0253768 secs] [Times: user=0.03 sys=0.04, real=0.02 secs] 
2021-06-06T05:25:41.835+0800: 1972493.533: [GC (Allocation Failure) [PSYoungGen: 498592K->4768K(508928K)] 822702K->333401K(1033216K), 0.0406409 secs] [Times: user=0.03 sys=0.04, real=0.04 secs] 
2021-06-06T05:30:47.372+0800: 1972799.070: [GC (Allocation Failure) [PSYoungGen: 498328K->7936K(508928K)] 826961K->339976K(1033216K), 0.0200100 secs] [Times: user=0.03 sys=0.03, real=0.02 secs] 
2021-06-06T05:35:47.939+0800: 1973099.637: [GC (Allocation Failure) [PSYoungGen: 501504K->11328K(508416K)] 833544K->350060K(1032704K), 0.0307094 secs] [Times: user=0.05 sys=0.05, real=0.03 secs] 
2021-06-06T05:40:56.956+0800: 1973408.655: [GC (Allocation Failure) [PSYoungGen: 504896K->5760K(508928K)] 843628K->353490K(1033216K), 0.0272886 secs] [Times: user=0.04 sys=0.05, real=0.03 secs] 
2021-06-06T05:46:05.841+0800: 1973717.539: [GC (Allocation Failure) [PSYoungGen: 499328K->4928K(509440K)] 847058K->356687K(1033728K), 0.0349345 secs] [Times: user=0.05 sys=0.05, real=0.04 secs] 
2021-06-06T05:51:12.464+0800: 1974024.162: [GC (Allocation Failure) [PSYoungGen: 499008K->6624K(508928K)] 850767K->361788K(1033216K), 0.0209409 secs] [Times: user=0.03 sys=0.04, real=0.02 secs] 
2021-06-06T05:56:17.310+0800: 1974329.008: [GC (Allocation Failure) [PSYoungGen: 500704K->7232K(510464K)] 855868K->367720K(1034752K), 0.0237663 secs] [Times: user=0.04 sys=0.04, real=0.03 secs] 
2021-06-06T06:01:32.181+0800: 1974643.880: [GC (Allocation Failure) [PSYoungGen: 502848K->4224K(509440K)] 863336K->370130K(1033728K), 0.0258163 secs] [Times: user=0.04 sys=0.04, real=0.03 secs] 
2021-06-06T06:06:42.291+0800: 1974953.990: [GC (Allocation Failure) [PSYoungGen: 499840K->6304K(510976K)] 865746K->375000K(1035264K), 0.0349803 secs] [Times: user=0.04 sys=0.05, real=0.04 secs] 
2021-06-06T06:11:53.192+0800: 1975264.890: [GC (Allocation Failure) [PSYoungGen: 503456K->6528K(510464K)] 872152K->379557K(1034752K), 0.0295886 secs] [Times: user=0.04 sys=0.04, real=0.03 secs] 
2021-06-06T06:16:57.497+0800: 1975569.195: [GC (Allocation Failure) [PSYoungGen: 503680K->10240K(509952K)] 876709K->387938K(1034240K), 0.0641788 secs] [Times: user=0.04 sys=0.04, real=0.06 secs] 
2021-06-06T06:22:02.679+0800: 1975874.377: [GC (Allocation Failure) [PSYoungGen: 506880K->6944K(510464K)] 884578K->392507K(1034752K), 0.0391296 secs] [Times: user=0.03 sys=0.03, real=0.04 secs] 
2021-06-06T06:27:06.673+0800: 1976178.371: [GC (Allocation Failure) [PSYoungGen: 503584K->11072K(509952K)] 889147K->401791K(1034240K), 0.0291201 secs] [Times: user=0.04 sys=0.04, real=0.03 secs] 
2021-06-06T06:32:12.611+0800: 1976484.309: [GC (Allocation Failure) [PSYoungGen: 507712K->12640K(509440K)] 898431K->412010K(1033728K), 0.1139319 secs] [Times: user=0.05 sys=0.04, real=0.12 secs] 
2021-06-06T06:37:21.741+0800: 1976793.439: [GC (Allocation Failure) [PSYoungGen: 509280K->5600K(509440K)] 908650K->415183K(1033728K), 0.0279632 secs] [Times: user=0.04 sys=0.05, real=0.03 secs] 
2021-06-06T06:42:28.107+0800: 1977099.805: [GC (Allocation Failure) [PSYoungGen: 500192K->6880K(509440K)] 909775K->420540K(1033728K), 0.0317021 secs] [Times: user=0.04 sys=0.04, real=0.03 secs] 
2021-06-06T06:47:37.881+0800: 1977409.580: [GC (Allocation Failure) [PSYoungGen: 501472K->8320K(510464K)] 915132K->427384K(1034752K), 0.0462477 secs] [Times: user=0.05 sys=0.04, real=0.05 secs] 
2021-06-06T06:52:45.554+0800: 1977717.252: [GC (Allocation Failure) [PSYoungGen: 504448K->12800K(509440K)] 923512K->438501K(1033728K), 0.0305027 secs] [Times: user=0.03 sys=0.04, real=0.03 secs] 
2021-06-06T06:57:47.861+0800: 1978019.560: [GC (Allocation Failure) [PSYoungGen: 508928K->13056K(506368K)] 934629K->448456K(1030656K), 0.0298043 secs] [Times: user=0.04 sys=0.05, real=0.03 secs] 
2021-06-06T07:02:58.124+0800: 1978329.822: [GC (Allocation Failure) [PSYoungGen: 504576K->6432K(507904K)] 939976K->452191K(1032192K), 0.0896950 secs] [Times: user=0.06 sys=0.06, real=0.09 secs] 
2021-06-06T07:08:10.900+0800: 1978642.599: [GC (Allocation Failure) [PSYoungGen: 497952K->6048K(508416K)] 943711K->456682K(1032704K), 0.0355640 secs] [Times: user=0.04 sys=0.03, real=0.04 secs] 
2021-06-06T07:13:16.591+0800: 1978948.290: [GC (Allocation Failure) [PSYoungGen: 498592K->9728K(508416K)] 949226K->464774K(1032704K), 0.0256824 secs] [Times: user=0.04 sys=0.04, real=0.03 secs] 
2021-06-06T07:18:13.364+0800: 1979245.063: [GC (Allocation Failure) [PSYoungGen: 502272K->12714K(506880K)] 957318K->474694K(1031168K), 0.0585480 secs] [Times: user=0.04 sys=0.04, real=0.06 secs] 
2021-06-06T07:23:15.960+0800: 1979547.659: [GC (Allocation Failure) [PSYoungGen: 504234K->13376K(505344K)] 966214K->484592K(1029632K), 0.0375762 secs] [Times: user=0.05 sys=0.05, real=0.04 secs] 
2021-06-06T07:28:22.659+0800: 1979854.357: [GC (Allocation Failure) [PSYoungGen: 504896K->5728K(506880K)] 976112K->487071K(1031168K), 0.0276571 secs] [Times: user=0.05 sys=0.05, real=0.03 secs] 
2021-06-06T07:33:27.409+0800: 1980159.107: [GC (Allocation Failure) [PSYoungGen: 495200K->5728K(506880K)] 976543K->491467K(1031168K), 0.0437157 secs] [Times: user=0.04 sys=0.04, real=0.05 secs] 
2021-06-06T07:38:30.169+0800: 1980461.867: [GC (Allocation Failure) [PSYoungGen: 495200K->9312K(507904K)] 980939K->499248K(1032192K), 0.0293729 secs] [Times: user=0.04 sys=0.05, real=0.03 secs] 
2021-06-06T07:43:33.743+0800: 1980765.441: [GC (Allocation Failure) [PSYoungGen: 500320K->12512K(507392K)] 990256K->509262K(1031680K), 0.0312122 secs] [Times: user=0.05 sys=0.05, real=0.03 secs] 
2021-06-06T07:48:34.120+0800: 1981065.818: [GC (Allocation Failure) [PSYoungGen: 503520K->12704K(506368K)] 1000270K->518808K(1030656K), 0.0294735 secs] [Times: user=0.03 sys=0.05, real=0.03 secs] 
2021-06-06T07:53:37.451+0800: 1981369.149: [GC (Allocation Failure) [PSYoungGen: 502176K->7712K(506880K)] 1008280K->524598K(1031168K), 0.0277773 secs] [Times: user=0.04 sys=0.04, real=0.03 secs] 
2021-06-06T07:53:37.479+0800: 1981369.178: [Full GC (Ergonomics) [PSYoungGen: 7712K->0K(506880K)] [ParOldGen: 516886K->311529K(524288K)] 524598K->311529K(1031168K), [Metaspace: 96635K->96635K(1138688K)], 0.5424265 secs] [Times: user=1.24 sys=0.00, real=0.54 secs] 
2021-06-06T07:58:44.878+0800: 1981676.576: [GC (Allocation Failure) [PSYoungGen: 489472K->7712K(507904K)] 801001K->319241K(1032192K), 0.0373933 secs] [Times: user=0.03 sys=0.03, real=0.04 secs] 
2021-06-06T08:03:52.048+0800: 1981983.747: [GC (Allocation Failure) [PSYoungGen: 498720K->9568K(507392K)] 810249K->327284K(1031680K), 0.0288170 secs] [Times: user=0.04 sys=0.04, real=0.03 secs] 
2021-06-06T08:08:55.379+0800: 1982287.077: [GC (Allocation Failure) [PSYoungGen: 500576K->12032K(507392K)] 818292K->336817K(1031680K), 0.0278539 secs] [Times: user=0.04 sys=0.04, real=0.03 secs] 
2021-06-06T08:14:01.948+0800: 1982593.646: [GC (Allocation Failure) [PSYoungGen: 503552K->11776K(507904K)] 828337K->345932K(1032192K), 0.0243421 secs] [Times: user=0.03 sys=0.05, real=0.03 secs] 
2021-06-06T08:19:06.237+0800: 1982897.935: [GC (Allocation Failure) [PSYoungGen: 503296K->7552K(507904K)] 837452K->351108K(1032192K), 0.0241706 secs] [Times: user=0.04 sys=0.03, real=0.02 secs] 
2021-06-06T08:24:17.350+0800: 1983209.048: [GC (Allocation Failure) [PSYoungGen: 499072K->5920K(507904K)] 842628K->355821K(1032192K), 0.0250342 secs] [Times: user=0.04 sys=0.04, real=0.03 secs] 
2021-06-06T08:29:25.693+0800: 1983517.391: [GC (Allocation Failure) [PSYoungGen: 497440K->5088K(507904K)] 847341K->359409K(1032192K), 0.0418594 secs] [Times: user=0.03 sys=0.03, real=0.04 secs] 
2021-06-06T08:34:27.530+0800: 1983819.228: [GC (Allocation Failure) [PSYoungGen: 496608K->11392K(507904K)] 850929K->368967K(1032192K), 0.0263994 secs] [Times: user=0.04 sys=0.03, real=0.03 secs] 
2021-06-06T08:39:33.331+0800: 1984125.029: [GC (Allocation Failure) [PSYoungGen: 502912K->7872K(508416K)] 860487K->374423K(1032704K), 0.0266022 secs] [Times: user=0.04 sys=0.04, real=0.03 secs] 
2021-06-06T08:44:39.133+0800: 1984430.831: [GC (Allocation Failure) [PSYoungGen: 499904K->8480K(507904K)] 866455K->381482K(1032192K), 0.0277545 secs] [Times: user=0.04 sys=0.04, real=0.02 secs] 
2021-06-06T08:49:43.872+0800: 1984735.570: [GC (Allocation Failure) [PSYoungGen: 500512K->7008K(509440K)] 873514K->386797K(1033728K), 0.0275581 secs] [Times: user=0.04 sys=0.03, real=0.03 secs] 
2021-06-06T08:54:49.967+0800: 1985041.666: [GC (Allocation Failure) [PSYoungGen: 501088K->9312K(508928K)] 880877K->394802K(1033216K), 0.0594012 secs] [Times: user=0.04 sys=0.04, real=0.06 secs] 
2021-06-06T08:59:50.221+0800: 1985341.919: [GC (Allocation Failure) [PSYoungGen: 503392K->13312K(507392K)] 888882K->406158K(1031680K), 0.0327666 secs] [Times: user=0.04 sys=0.05, real=0.04 secs] 
2021-06-06T09:05:01.036+0800: 1985652.734: [GC (Allocation Failure) [PSYoungGen: 505856K->5984K(508416K)] 898702K->408243K(1032704K), 0.0679234 secs] [Times: user=0.12 sys=0.12, real=0.07 secs] 
2021-06-06T09:10:06.545+0800: 1985958.244: [GC (Allocation Failure) [PSYoungGen: 498528K->7168K(508928K)] 900787K->413495K(1033216K), 0.0340266 secs] [Times: user=0.04 sys=0.05, real=0.03 secs] 
2021-06-06T09:15:17.944+0800: 1986269.642: [GC (Allocation Failure) [PSYoungGen: 500224K->5152K(508416K)] 906551K->416930K(1032704K), 0.0271566 secs] [Times: user=0.04 sys=0.03, real=0.02 secs] 
2021-06-06T09:20:24.039+0800: 1986575.737: [GC (Allocation Failure) [PSYoungGen: 498208K->6688K(509440K)] 909986K->422287K(1033728K), 0.0295810 secs] [Times: user=0.04 sys=0.05, real=0.03 secs] 
2021-06-06T09:25:33.033+0800: 1986884.731: [GC (Allocation Failure) [PSYoungGen: 500768K->11392K(508928K)] 916367K->432109K(1033216K), 0.0320901 secs] [Times: user=0.05 sys=0.04, real=0.03 secs] 
2021-06-06T09:30:36.930+0800: 1987188.628: [GC (Allocation Failure) [PSYoungGen: 505472K->13536K(505856K)] 926189K->442576K(1030144K), 0.0529120 secs] [Times: user=0.04 sys=0.04, real=0.06 secs] 
2021-06-06T09:35:45.133+0800: 1987496.832: [GC (Allocation Failure) [PSYoungGen: 504032K->8160K(507392K)] 933072K->447862K(1031680K), 0.0250092 secs] [Times: user=0.04 sys=0.04, real=0.02 secs] 
2021-06-06T09:40:52.310+0800: 1987804.008: [GC (Allocation Failure) [PSYoungGen: 498656K->8640K(508928K)] 938358K->454888K(1033216K), 0.0468022 secs] [Times: user=0.04 sys=0.04, real=0.05 secs] 
2021-06-06T09:46:02.448+0800: 1988114.146: [GC (Allocation Failure) [PSYoungGen: 501696K->5216K(508416K)] 947944K->458362K(1032704K), 0.0301534 secs] [Times: user=0.04 sys=0.03, real=0.03 secs] 
2021-06-06T09:51:14.205+0800: 1988425.903: [GC (Allocation Failure) [PSYoungGen: 498272K->4640K(508928K)] 951418K->461479K(1033216K), 0.0261004 secs] [Times: user=0.03 sys=0.03, real=0.02 secs] 
2021-06-06T09:56:17.894+0800: 1988729.592: [GC (Allocation Failure) [PSYoungGen: 498208K->9824K(508928K)] 955047K->469869K(1033216K), 0.0263093 secs] [Times: user=0.03 sys=0.04, real=0.02 secs] 
2021-06-06T10:01:25.118+0800: 1989036.816: [GC (Allocation Failure) [PSYoungGen: 503392K->4608K(508928K)] 963437K->472020K(1033216K), 0.0251510 secs] [Times: user=0.04 sys=0.04, real=0.03 secs] 
2021-06-06T10:06:35.117+0800: 1989346.815: [GC (Allocation Failure) [PSYoungGen: 498176K->5824K(508928K)] 965588K->476242K(1033216K), 0.0258910 secs] [Times: user=0.04 sys=0.04, real=0.03 secs] 
2021-06-06T10:11:45.573+0800: 1989657.271: [GC (Allocation Failure) [PSYoungGen: 499392K->8256K(509952K)] 969810K->482519K(1034240K), 0.0323827 secs] [Times: user=0.05 sys=0.05, real=0.03 secs] 
2021-06-06T10:16:51.246+0800: 1989962.944: [GC (Allocation Failure) [PSYoungGen: 503360K->4928K(509440K)] 977623K->485849K(1033728K), 0.0227259 secs] [Times: user=0.04 sys=0.03, real=0.02 secs] 
2021-06-06T10:22:00.879+0800: 1990272.578: [GC (Allocation Failure) [PSYoungGen: 500032K->12416K(507904K)] 980953K->496136K(1032192K), 0.0265660 secs] [Times: user=0.04 sys=0.04, real=0.03 secs] 
2021-06-06T10:27:03.653+0800: 1990575.351: [GC (Allocation Failure) [PSYoungGen: 505984K->13632K(507392K)] 989704K->506498K(1031680K), 0.0327668 secs] [Times: user=0.05 sys=0.05, real=0.03 secs] 
2021-06-06T10:32:12.924+0800: 1990884.622: [GC (Allocation Failure) [PSYoungGen: 507200K->10976K(507392K)] 1000066K->512853K(1031680K), 0.0511976 secs] [Times: user=0.04 sys=0.05, real=0.05 secs] 
2021-06-06T10:37:13.364+0800: 1991185.062: [GC (Allocation Failure) [PSYoungGen: 501472K->11744K(502272K)] 1003349K->522256K(1026560K), 0.0315134 secs] [Times: user=0.05 sys=0.05, real=0.03 secs] 
2021-06-06T10:42:16.385+0800: 1991488.083: [GC (Allocation Failure) [PSYoungGen: 502240K->7936K(507904K)] 1012752K->526986K(1032192K), 0.0239485 secs] [Times: user=0.04 sys=0.04, real=0.02 secs] 
2021-06-06T10:42:16.409+0800: 1991488.107: [Full GC (Ergonomics) [PSYoungGen: 7936K->0K(507904K)] [ParOldGen: 519050K->306807K(524288K)] 526986K->306807K(1032192K), [Metaspace: 96636K->96636K(1138688K)], 0.5459380 secs] [Times: user=1.17 sys=0.00, real=0.55 secs] 
2021-06-06T10:47:29.750+0800: 1991801.448: [GC (Allocation Failure) [PSYoungGen: 490496K->3872K(506880K)] 797303K->310679K(1031168K), 0.0565903 secs] [Times: user=0.02 sys=0.03, real=0.06 secs] 
2021-06-06T10:52:34.181+0800: 1992105.879: [GC (Allocation Failure) [PSYoungGen: 494368K->7904K(508416K)] 801175K->317157K(1032704K), 0.0243382 secs] [Times: user=0.03 sys=0.03, real=0.03 secs] 
2021-06-06T10:57:34.961+0800: 1992406.659: [GC (Allocation Failure) [PSYoungGen: 499424K->12736K(507392K)] 808677K->328171K(1031680K), 0.0452245 secs] [Times: user=0.04 sys=0.05, real=0.05 secs] 
2021-06-06T11:02:37.181+0800: 1992708.880: [GC (Allocation Failure) [PSYoungGen: 504256K->9216K(507904K)] 819691K->333732K(1032192K), 0.0224604 secs] [Times: user=0.03 sys=0.03, real=0.03 secs] 
2021-06-06T11:07:44.719+0800: 1993016.418: [GC (Allocation Failure) [PSYoungGen: 500224K->6336K(507392K)] 824740K->338141K(1031680K), 0.0238119 secs] [Times: user=0.04 sys=0.03, real=0.03 secs] 
2021-06-06T11:12:47.381+0800: 1993319.079: [GC (Allocation Failure) [PSYoungGen: 497344K->8128K(508928K)] 829149K->344649K(1033216K), 0.0316282 secs] [Times: user=0.04 sys=0.04, real=0.04 secs] 
2021-06-06T11:17:51.349+0800: 1993623.047: [GC (Allocation Failure) [PSYoungGen: 501184K->12512K(505856K)] 837705K->354741K(1030144K), 0.0302880 secs] [Times: user=0.05 sys=0.05, real=0.03 secs] 
2021-06-06T11:22:55.609+0800: 1993927.307: [GC (Allocation Failure) [PSYoungGen: 505568K->12224K(506880K)] 847797K->363888K(1031168K), 0.0361455 secs] [Times: user=0.08 sys=0.00, real=0.04 secs] 
2021-06-06T11:28:02.937+0800: 1994234.635: [GC (Allocation Failure) [PSYoungGen: 502720K->12448K(507392K)] 854384K->372690K(1031680K), 0.0351019 secs] [Times: user=0.04 sys=0.04, real=0.04 secs] 
2021-06-06T11:33:05.141+0800: 1994536.839: [GC (Allocation Failure) [PSYoungGen: 502944K->10880K(507392K)] 863186K->381100K(1031680K), 0.0283315 secs] [Times: user=0.04 sys=0.04, real=0.03 secs] 
2021-06-06T11:38:09.689+0800: 1994841.387: [GC (Allocation Failure) [PSYoungGen: 501376K->8096K(507392K)] 871596K->386628K(1031680K), 0.0280438 secs] [Times: user=0.04 sys=0.03, real=0.03 secs] 
2021-06-06T11:43:19.148+0800: 1995150.846: [GC (Allocation Failure) [PSYoungGen: 498592K->8096K(508416K)] 877124K->392470K(1032704K), 0.0308783 secs] [Times: user=0.04 sys=0.04, real=0.03 secs] 
2021-06-06T11:48:23.888+0800: 1995455.587: [GC (Allocation Failure) [PSYoungGen: 500128K->11072K(507904K)] 884502K->401723K(1032192K), 0.0279530 secs] [Times: user=0.05 sys=0.05, real=0.03 secs] 
2021-06-06T11:53:25.814+0800: 1995757.513: [GC (Allocation Failure) [PSYoungGen: 503104K->12384K(507392K)] 893755K->410941K(1031680K), 0.0387964 secs] [Times: user=0.04 sys=0.05, real=0.04 secs] 
2021-06-06T11:58:29.965+0800: 1996061.663: [GC (Allocation Failure) [PSYoungGen: 503899K->9056K(507904K)] 902457K->417469K(1032192K), 0.0313268 secs] [Times: user=0.04 sys=0.05, real=0.03 secs] 
2021-06-06T12:03:36.258+0800: 1996367.956: [GC (Allocation Failure) [PSYoungGen: 500576K->8512K(508928K)] 908989K->423224K(1033216K), 0.0292221 secs] [Times: user=0.04 sys=0.04, real=0.03 secs] 
2021-06-06T12:08:44.442+0800: 1996676.140: [GC (Allocation Failure) [PSYoungGen: 501568K->12480K(508416K)] 916280K->432941K(1032704K), 0.0303457 secs] [Times: user=0.04 sys=0.05, real=0.04 secs] 
2021-06-06T12:13:46.022+0800: 1996977.720: [GC (Allocation Failure) [PSYoungGen: 505536K->13248K(506368K)] 925997K->442632K(1030656K), 0.0407930 secs] [Times: user=0.04 sys=0.04, real=0.05 secs] 
2021-06-06T12:18:50.531+0800: 1997282.229: [GC (Allocation Failure) [PSYoungGen: 503744K->11328K(507392K)] 933128K->450698K(1031680K), 0.0280296 secs] [Times: user=0.04 sys=0.04, real=0.03 secs] 
2021-06-06T12:23:53.117+0800: 1997584.815: [GC (Allocation Failure) [PSYoungGen: 501824K->11456K(507904K)] 941194K->458533K(1032192K), 0.0265577 secs] [Times: user=0.03 sys=0.04, real=0.03 secs] 
2021-06-06T12:28:55.607+0800: 1997887.305: [GC (Allocation Failure) [PSYoungGen: 502976K->11744K(507904K)] 950053K->467222K(1032192K), 0.0288170 secs] [Times: user=0.04 sys=0.04, real=0.03 secs] 
2021-06-06T12:33:56.741+0800: 1998188.439: [GC (Allocation Failure) [PSYoungGen: 503264K->10624K(508416K)] 958742K->473961K(1032704K), 0.0356010 secs] [Times: user=0.03 sys=0.04, real=0.04 secs] 
2021-06-06T12:39:02.224+0800: 1998493.922: [GC (Allocation Failure) [PSYoungGen: 502656K->8800K(507904K)] 965993K->480689K(1032192K), 0.0245507 secs] [Times: user=0.04 sys=0.04, real=0.02 secs] 
2021-06-06T12:44:04.740+0800: 1998796.438: [GC (Allocation Failure) [PSYoungGen: 500832K->13664K(506880K)] 972721K->492189K(1031168K), 0.0261415 secs] [Times: user=0.04 sys=0.04, real=0.03 secs] 
2021-06-06T12:49:11.215+0800: 1999102.913: [GC (Allocation Failure) [PSYoungGen: 505184K->13184K(507904K)] 983709K->502073K(1032192K), 0.0280983 secs] [Times: user=0.04 sys=0.05, real=0.03 secs] 
2021-06-06T12:54:15.548+0800: 1999407.246: [GC (Allocation Failure) [PSYoungGen: 504704K->11136K(508416K)] 993593K->510667K(1032704K), 0.0482173 secs] [Times: user=0.04 sys=0.03, real=0.05 secs] 
2021-06-06T12:59:21.307+0800: 1999713.006: [GC (Allocation Failure) [PSYoungGen: 503168K->6752K(507904K)] 1002699K->515274K(1032192K), 0.0228129 secs] [Times: user=0.04 sys=0.03, real=0.02 secs] 
2021-06-06T13:04:24.429+0800: 2000016.127: [GC (Allocation Failure) [PSYoungGen: 498784K->11488K(507904K)] 1007306K->525536K(1032192K), 0.0279197 secs] [Times: user=0.04 sys=0.04, real=0.03 secs] 
2021-06-06T13:04:24.457+0800: 2000016.155: [Full GC (Ergonomics) [PSYoungGen: 11488K->0K(507904K)] [ParOldGen: 514048K->315226K(524288K)] 525536K->315226K(1032192K), [Metaspace: 96636K->96636K(1138688K)], 0.5051741 secs] [Times: user=1.11 sys=0.00, real=0.51 secs] 
2021-06-06T13:09:26.964+0800: 2000318.663: [GC (Allocation Failure) [PSYoungGen: 491520K->16000K(507904K)] 806746K->331226K(1032192K), 0.0265638 secs] [Times: user=0.03 sys=0.03, real=0.02 secs] 
2021-06-06T13:14:27.988+0800: 2000619.686: [GC (Allocation Failure) [PSYoungGen: 507520K->13728K(504832K)] 822746K->340554K(1029120K), 0.0301755 secs] [Times: user=0.04 sys=0.04, real=0.03 secs] 
2021-06-06T13:19:22.017+0800: 2000913.716: [GC (Allocation Failure) [PSYoungGen: 502176K->14506K(503296K)] 829002K->349569K(1027584K), 0.0858307 secs] [Times: user=0.08 sys=0.09, real=0.09 secs] 
2021-06-06T13:24:22.506+0800: 2001214.204: [GC (Allocation Failure) [PSYoungGen: 502954K->14240K(505856K)] 838017K->359459K(1030144K), 0.0551267 secs] [Times: user=0.05 sys=0.05, real=0.05 secs] 
2021-06-06T13:29:21.168+0800: 2001512.866: [GC (Allocation Failure) [PSYoungGen: 501664K->12352K(505856K)] 846883K->368382K(1030144K), 0.0373437 secs] [Times: user=0.04 sys=0.04, real=0.04 secs] 
2021-06-06T13:34:19.129+0800: 2001810.827: [GC (Allocation Failure) [PSYoungGen: 499776K->12896K(506368K)] 855806K->377952K(1030656K), 0.0476963 secs] [Times: user=0.06 sys=0.06, real=0.05 secs] 
2021-06-06T13:39:13.645+0800: 2002105.344: [GC (Allocation Failure) [PSYoungGen: 501344K->13792K(506368K)] 866400K->387412K(1030656K), 0.0294438 secs] [Times: user=0.04 sys=0.04, real=0.03 secs] 
2021-06-06T13:44:08.347+0800: 2002400.046: [GC (Allocation Failure) [PSYoungGen: 502240K->16736K(504320K)] 875860K->400368K(1028608K), 0.0321403 secs] [Times: user=0.04 sys=0.04, real=0.03 secs] 
2021-06-06T13:49:03.654+0800: 2002695.352: [GC (Allocation Failure) [PSYoungGen: 503136K->16480K(503296K)] 886768K->411773K(1027584K), 0.0390897 secs] [Times: user=0.05 sys=0.05, real=0.04 secs] 
2021-06-06T13:54:00.683+0800: 2002992.381: [GC (Allocation Failure) [PSYoungGen: 502880K->14528K(504320K)] 898173K->421327K(1028608K), 0.0323161 secs] [Times: user=0.05 sys=0.05, real=0.03 secs] 
2021-06-06T13:58:55.462+0800: 2003287.161: [GC (Allocation Failure) [PSYoungGen: 498880K->16000K(504320K)] 905679K->433371K(1028608K), 0.0337101 secs] [Times: user=0.04 sys=0.04, real=0.03 secs] 
2021-06-06T14:03:54.272+0800: 2003585.970: [GC (Allocation Failure) [PSYoungGen: 500352K->15072K(504320K)] 917723K->443415K(1028608K), 0.0322065 secs] [Times: user=0.04 sys=0.04, real=0.03 secs] 
2021-06-06T14:08:47.901+0800: 2003879.599: [GC (Allocation Failure) [PSYoungGen: 499424K->14080K(504320K)] 927767K->453233K(1028608K), 0.0343890 secs] [Times: user=0.04 sys=0.05, real=0.04 secs] 
2021-06-06T14:13:43.502+0800: 2004175.201: [GC (Allocation Failure) [PSYoungGen: 498432K->14176K(505344K)] 937585K->462549K(1029632K), 0.1144802 secs] [Times: user=0.03 sys=0.04, real=0.11 secs] 
2021-06-06T14:18:40.313+0800: 2004472.012: [GC (Allocation Failure) [PSYoungGen: 500064K->16480K(504832K)] 948437K->475104K(1029120K), 0.0438851 secs] [Times: user=0.05 sys=0.05, real=0.04 secs] 
2021-06-06T14:23:39.297+0800: 2004770.995: [GC (Allocation Failure) [PSYoungGen: 502368K->9120K(503808K)] 960992K->478790K(1028096K), 0.0312225 secs] [Times: user=0.04 sys=0.04, real=0.03 secs] 
2021-06-06T14:28:36.294+0800: 2005067.992: [GC (Allocation Failure) [PSYoungGen: 493472K->10784K(504320K)] 963142K->486969K(1028608K), 0.0326690 secs] [Times: user=0.04 sys=0.04, real=0.03 secs] 
2021-06-06T14:33:36.072+0800: 2005367.770: [GC (Allocation Failure) [PSYoungGen: 495136K->9376K(504320K)] 971321K->493482K(1028608K), 0.0372413 secs] [Times: user=0.04 sys=0.04, real=0.04 secs] 
2021-06-06T14:38:30.633+0800: 2005662.332: [GC (Allocation Failure) [PSYoungGen: 493727K->12192K(504320K)] 977834K->503589K(1028608K), 0.0287137 secs] [Times: user=0.04 sys=0.04, real=0.03 secs] 
2021-06-06T14:43:25.069+0800: 2005956.767: [GC (Allocation Failure) [PSYoungGen: 496544K->12896K(505344K)] 987941K->512513K(1029632K), 0.0325320 secs] [Times: user=0.10 sys=0.00, real=0.03 secs] 
2021-06-06T14:48:19.515+0800: 2006251.213: [GC (Allocation Failure) [PSYoungGen: 498784K->12864K(504832K)] 998401K->521764K(1029120K), 0.0374767 secs] [Times: user=0.04 sys=0.05, real=0.04 secs] 
2021-06-06T14:53:21.675+0800: 2006553.373: [GC (Allocation Failure) [PSYoungGen: 498752K->6368K(504320K)] 1007652K->524489K(1028608K), 0.0287041 secs] [Times: user=0.04 sys=0.04, real=0.03 secs] 
2021-06-06T14:53:21.704+0800: 2006553.402: [Full GC (Ergonomics) [PSYoungGen: 6368K->0K(504320K)] [ParOldGen: 518121K->313008K(524288K)] 524489K->313008K(1028608K), [Metaspace: 96638K->96638K(1138688K)], 0.5059833 secs] [Times: user=1.09 sys=0.00, real=0.50 secs] 
2021-06-06T14:58:27.993+0800: 2006859.691: [GC (Allocation Failure) [PSYoungGen: 486400K->5120K(492032K)] 799408K->318128K(1016320K), 0.0199934 secs] [Times: user=0.03 sys=0.03, real=0.02 secs] 
2021-06-06T15:03:32.859+0800: 2007164.557: [GC (Allocation Failure) [PSYoungGen: 491520K->5056K(504832K)] 804528K->321653K(1029120K), 0.0246078 secs] [Times: user=0.03 sys=0.03, real=0.03 secs] 
2021-06-06T15:08:34.042+0800: 2007465.741: [GC (Allocation Failure) [PSYoungGen: 490432K->10752K(504832K)] 807029K->330986K(1029120K), 0.0312638 secs] [Times: user=0.04 sys=0.04, real=0.03 secs] 
2021-06-06T15:13:35.710+0800: 2007767.409: [GC (Allocation Failure) [PSYoungGen: 496128K->6592K(505344K)] 816362K->335426K(1029632K), 0.0265595 secs] [Times: user=0.04 sys=0.04, real=0.03 secs] 
2021-06-06T15:18:46.068+0800: 2008077.766: [GC (Allocation Failure) [PSYoungGen: 492992K->6784K(505344K)] 821826K->340718K(1029632K), 0.0625119 secs] [Times: user=0.05 sys=0.05, real=0.06 secs] 
2021-06-06T15:23:44.449+0800: 2008376.147: [GC (Allocation Failure) [PSYoungGen: 493184K->13792K(504832K)] 827118K->353075K(1029120K), 0.0351206 secs] [Times: user=0.04 sys=0.06, real=0.04 secs] 
2021-06-06T15:28:48.196+0800: 2008679.894: [GC (Allocation Failure) [PSYoungGen: 500192K->10464K(505344K)] 839475K->360011K(1029632K), 0.0306195 secs] [Times: user=0.05 sys=0.05, real=0.03 secs] 
2021-06-06T15:33:53.112+0800: 2008984.810: [GC (Allocation Failure) [PSYoungGen: 496864K->9472K(506368K)] 846411K->367381K(1030656K), 0.0330889 secs] [Times: user=0.05 sys=0.04, real=0.04 secs] 
2021-06-06T15:38:50.743+0800: 2009282.441: [GC (Allocation Failure) [PSYoungGen: 497408K->14304K(505856K)] 855317K->379897K(1030144K), 0.0326244 secs] [Times: user=0.03 sys=0.04, real=0.03 secs] 
2021-06-06T15:43:54.821+0800: 2009586.519: [GC (Allocation Failure) [PSYoungGen: 502239K->10592K(506368K)] 867833K->386442K(1030656K), 0.0289347 secs] [Times: user=0.03 sys=0.04, real=0.03 secs] 
2021-06-06T15:48:59.629+0800: 2009891.327: [GC (Allocation Failure) [PSYoungGen: 498528K->8608K(505856K)] 874378K->392954K(1030144K), 0.0258273 secs] [Times: user=0.04 sys=0.04, real=0.03 secs] 
2021-06-06T15:54:04.491+0800: 2010196.189: [GC (Allocation Failure) [PSYoungGen: 496544K->6144K(506880K)] 880890K->397291K(1031168K), 0.0256944 secs] [Times: user=0.03 sys=0.04, real=0.03 secs] 
2021-06-06T15:59:10.930+0800: 2010502.628: [GC (Allocation Failure) [PSYoungGen: 495616K->6048K(506880K)] 886763K->401671K(1031168K), 0.0234053 secs] [Times: user=0.04 sys=0.03, real=0.03 secs] 
2021-06-06T16:04:13.247+0800: 2010804.945: [GC (Allocation Failure) [PSYoungGen: 495520K->10496K(507392K)] 891143K->410532K(1031680K), 0.0289020 secs] [Times: user=0.04 sys=0.04, real=0.03 secs] 
2021-06-06T16:09:12.022+0800: 2011103.720: [GC (Allocation Failure) [PSYoungGen: 500480K->14464K(504832K)] 900516K->421375K(1029120K), 0.0275160 secs] [Times: user=0.04 sys=0.04, real=0.03 secs] 
2021-06-06T16:14:11.348+0800: 2011403.046: [GC (Allocation Failure) [PSYoungGen: 504448K->10496K(506880K)] 911359K->427336K(1031168K), 0.0250573 secs] [Times: user=0.03 sys=0.04, real=0.03 secs] 
2021-06-06T16:19:15.446+0800: 2011707.145: [GC (Allocation Failure) [PSYoungGen: 499456K->4896K(506368K)] 916296K->430278K(1030656K), 0.0382089 secs] [Times: user=0.02 sys=0.04, real=0.04 secs] 
2021-06-06T16:24:20.477+0800: 2012012.175: [GC (Allocation Failure) [PSYoungGen: 493856K->7808K(506880K)] 919238K->436636K(1031168K), 0.0270315 secs] [Times: user=0.03 sys=0.04, real=0.03 secs] 
2021-06-06T16:29:28.343+0800: 2012320.041: [GC (Allocation Failure) [PSYoungGen: 497280K->4416K(506880K)] 926108K->439318K(1031168K), 0.0243220 secs] [Times: user=0.03 sys=0.03, real=0.02 secs] 
2021-06-06T16:34:35.733+0800: 2012627.431: [GC (Allocation Failure) [PSYoungGen: 493888K->3200K(506880K)] 928790K->440884K(1031168K), 0.0221723 secs] [Times: user=0.02 sys=0.04, real=0.03 secs] 
2021-06-06T16:39:36.146+0800: 2012927.845: [GC (Allocation Failure) [PSYoungGen: 492672K->5440K(506880K)] 930356K->444747K(1031168K), 0.0210829 secs] [Times: user=0.06 sys=0.00, real=0.02 secs] 
2021-06-06T16:44:36.473+0800: 2013228.171: [GC (Allocation Failure) [PSYoungGen: 494912K->12000K(505344K)] 934219K->454937K(1029632K), 0.0231923 secs] [Times: user=0.03 sys=0.03, real=0.02 secs] 
2021-06-06T16:49:41.155+0800: 2013532.854: [GC (Allocation Failure) [PSYoungGen: 500448K->7040K(506368K)] 943385K->459617K(1030656K), 0.0535542 secs] [Times: user=0.03 sys=0.03, real=0.05 secs] 
2021-06-06T16:54:44.191+0800: 2013835.889: [GC (Allocation Failure) [PSYoungGen: 495488K->5280K(507392K)] 948065K->463452K(1031680K), 0.0223374 secs] [Times: user=0.04 sys=0.04, real=0.03 secs] 
2021-06-06T16:59:50.713+0800: 2014142.411: [GC (Allocation Failure) [PSYoungGen: 495776K->7520K(507392K)] 953948K->469401K(1031680K), 0.0227085 secs] [Times: user=0.03 sys=0.03, real=0.02 secs] 
2021-06-06T17:04:51.425+0800: 2014443.123: [GC (Allocation Failure) [PSYoungGen: 498016K->7232K(508928K)] 959897K->475157K(1033216K), 0.0371244 secs] [Times: user=0.04 sys=0.03, real=0.04 secs] 
2021-06-06T17:09:51.120+0800: 2014742.819: [GC (Allocation Failure) [PSYoungGen: 500288K->9888K(508416K)] 968213K->483210K(1032704K), 0.0247630 secs] [Times: user=0.04 sys=0.04, real=0.03 secs] 
2021-06-06T17:14:54.423+0800: 2015046.122: [GC (Allocation Failure) [PSYoungGen: 502944K->11424K(507904K)] 976266K->491232K(1032192K), 0.0239606 secs] [Times: user=0.03 sys=0.04, real=0.02 secs] 
2021-06-06T17:19:55.989+0800: 2015347.687: [GC (Allocation Failure) [PSYoungGen: 503968K->13024K(505856K)] 983776K->501841K(1030144K), 0.0320402 secs] [Times: user=0.04 sys=0.03, real=0.03 secs] 
2021-06-06T17:24:56.828+0800: 2015648.526: [GC (Allocation Failure) [PSYoungGen: 505568K->12896K(506368K)] 994385K->510356K(1030656K), 0.0293800 secs] [Times: user=0.09 sys=0.00, real=0.03 secs] 
2021-06-06T17:29:52.919+0800: 2015944.618: [GC (Allocation Failure) [PSYoungGen: 502368K->10176K(506880K)] 999828K->517268K(1031168K), 0.0257364 secs] [Times: user=0.04 sys=0.04, real=0.03 secs] 
2021-06-06T17:34:48.893+0800: 2016240.591: [GC (Allocation Failure) [PSYoungGen: 499648K->13184K(505344K)] 1006740K->527888K(1029632K), 0.0270798 secs] [Times: user=0.04 sys=0.04, real=0.02 secs] 
2021-06-06T17:34:48.921+0800: 2016240.619: [Full GC (Ergonomics) [PSYoungGen: 13184K->0K(505344K)] [ParOldGen: 514704K->308528K(524288K)] 527888K->308528K(1029632K), [Metaspace: 96638K->96638K(1138688K)], 0.4244761 secs] [Times: user=0.96 sys=0.00, real=0.43 secs] 
2021-06-06T17:39:52.285+0800: 2016543.983: [GC (Allocation Failure) [PSYoungGen: 488448K->5280K(506368K)] 796976K->313808K(1030656K), 0.0186954 secs] [Times: user=0.03 sys=0.03, real=0.02 secs] 
2021-06-06T17:44:54.465+0800: 2016846.163: [GC (Allocation Failure) [PSYoungGen: 493728K->6272K(506880K)] 802256K->318844K(1031168K), 0.0243675 secs] [Times: user=0.03 sys=0.03, real=0.02 secs] 
2021-06-06T17:49:54.016+0800: 2017145.715: [GC (Allocation Failure) [PSYoungGen: 495232K->9600K(506368K)] 807804K->326849K(1030656K), 0.0280151 secs] [Times: user=0.03 sys=0.04, real=0.03 secs] 
2021-06-06T17:54:53.134+0800: 2017444.833: [GC (Allocation Failure) [PSYoungGen: 498560K->9504K(507904K)] 815809K->334187K(1032192K), 0.0270450 secs] [Times: user=0.04 sys=0.04, real=0.02 secs] 
2021-06-06T17:59:54.533+0800: 2017746.231: [GC (Allocation Failure) [PSYoungGen: 500512K->11616K(507392K)] 825195K->343215K(1031680K), 0.0234989 secs] [Times: user=0.04 sys=0.03, real=0.02 secs] 
2021-06-06T18:04:59.370+0800: 2018051.068: [GC (Allocation Failure) [PSYoungGen: 502624K->10240K(508416K)] 834223K->350544K(1032704K), 0.0261319 secs] [Times: user=0.04 sys=0.04, real=0.03 secs] 
2021-06-06T18:10:06.382+0800: 2018358.080: [GC (Allocation Failure) [PSYoungGen: 502272K->6880K(507904K)] 842576K->355599K(1032192K), 0.0278196 secs] [Times: user=0.04 sys=0.04, real=0.03 secs] 
2021-06-06T18:15:10.602+0800: 2018662.300: [GC (Allocation Failure) [PSYoungGen: 498912K->7328K(508928K)] 847631K->360971K(1033216K), 0.0216159 secs] [Times: user=0.03 sys=0.04, real=0.02 secs] 
2021-06-06T18:20:15.999+0800: 2018967.697: [GC (Allocation Failure) [PSYoungGen: 500384K->6112K(508416K)] 854027K->365293K(1032704K), 0.0251133 secs] [Times: user=0.04 sys=0.04, real=0.03 secs] 
2021-06-06T18:25:19.820+0800: 2019271.518: [GC (Allocation Failure) [PSYoungGen: 499168K->9344K(509440K)] 858349K->373187K(1033728K), 0.0250656 secs] [Times: user=0.03 sys=0.04, real=0.03 secs] 
2021-06-06T18:30:25.087+0800: 2019576.786: [GC (Allocation Failure) [PSYoungGen: 503424K->11296K(508928K)] 867267K->382766K(1033216K), 0.0254658 secs] [Times: user=0.04 sys=0.04, real=0.03 secs] 
2021-06-06T18:35:32.431+0800: 2019884.130: [GC (Allocation Failure) [PSYoungGen: 505376K->12352K(507904K)] 876846K->392657K(1032192K), 0.0304882 secs] [Times: user=0.04 sys=0.04, real=0.03 secs] 
2021-06-06T18:40:35.831+0800: 2020187.529: [GC (Allocation Failure) [PSYoungGen: 504896K->11328K(508416K)] 885201K->400467K(1032704K), 0.0268191 secs] [Times: user=0.04 sys=0.04, real=0.03 secs] 
2021-06-06T18:45:34.648+0800: 2020486.346: [GC (Allocation Failure) [PSYoungGen: 503872K->13152K(506368K)] 893011K->410710K(1030656K), 0.0303807 secs] [Times: user=0.04 sys=0.04, real=0.03 secs] 
2021-06-06T18:50:36.719+0800: 2020788.417: [GC (Allocation Failure) [PSYoungGen: 503648K->11936K(507392K)] 901206K->417577K(1031680K), 0.0326163 secs] [Times: user=0.04 sys=0.04, real=0.03 secs] 
2021-06-06T18:55:39.839+0800: 2021091.538: [GC (Allocation Failure) [PSYoungGen: 502432K->13792K(506368K)] 908073K->427956K(1030656K), 0.0260800 secs] [Times: user=0.04 sys=0.04, real=0.03 secs] 
2021-06-06T19:00:47.038+0800: 2021398.736: [GC (Allocation Failure) [PSYoungGen: 503264K->10816K(506880K)] 917428K->435142K(1031168K), 0.0272170 secs] [Times: user=0.04 sys=0.05, real=0.03 secs] 
2021-06-06T19:05:49.458+0800: 2021701.157: [GC (Allocation Failure) [PSYoungGen: 500288K->9728K(507904K)] 924614K->442536K(1032192K), 0.0318970 secs] [Times: user=0.04 sys=0.05, real=0.03 secs] 
2021-06-06T19:10:53.369+0800: 2022005.067: [GC (Allocation Failure) [PSYoungGen: 500736K->7936K(507392K)] 933544K->448384K(1031680K), 0.0461802 secs] [Times: user=0.04 sys=0.05, real=0.05 secs] 
2021-06-06T19:16:01.975+0800: 2022313.673: [GC (Allocation Failure) [PSYoungGen: 498944K->4512K(506880K)] 939392K->450723K(1031168K), 0.0267071 secs] [Times: user=0.04 sys=0.05, real=0.02 secs] 
2021-06-06T19:20:58.682+0800: 2022610.380: [GC (Allocation Failure) [PSYoungGen: 495008K->8906K(507392K)] 941219K->458195K(1031680K), 0.0903704 secs] [Times: user=0.04 sys=0.04, real=0.10 secs] 
2021-06-06T19:26:06.083+0800: 2022917.781: [GC (Allocation Failure) [PSYoungGen: 499402K->5120K(507904K)] 948691K->462243K(1032192K), 0.0306309 secs] [Times: user=0.05 sys=0.05, real=0.03 secs] 
2021-06-06T19:31:12.262+0800: 2023223.960: [GC (Allocation Failure) [PSYoungGen: 496640K->5024K(507904K)] 953763K->465600K(1032192K), 0.0243955 secs] [Times: user=0.04 sys=0.03, real=0.02 secs] 
2021-06-06T19:36:16.052+0800: 2023527.751: [GC (Allocation Failure) [PSYoungGen: 496544K->5536K(508416K)] 957120K->469589K(1032704K), 0.0244829 secs] [Times: user=0.04 sys=0.03, real=0.02 secs] 
2021-06-06T19:41:19.232+0800: 2023830.931: [GC (Allocation Failure) [PSYoungGen: 497568K->10528K(507904K)] 961621K->478419K(1032192K), 0.0296659 secs] [Times: user=0.04 sys=0.05, real=0.03 secs] 
2021-06-06T19:46:23.417+0800: 2024135.115: [GC (Allocation Failure) [PSYoungGen: 502560K->12992K(506880K)] 970451K->489479K(1031168K), 0.0329657 secs] [Times: user=0.04 sys=0.04, real=0.03 secs] 
2021-06-06T19:51:26.215+0800: 2024437.913: [GC (Allocation Failure) [PSYoungGen: 503488K->13280K(503808K)] 979975K->498506K(1028096K), 0.0332654 secs] [Times: user=0.05 sys=0.04, real=0.03 secs] 
2021-06-06T19:56:25.003+0800: 2024736.701: [GC (Allocation Failure) [PSYoungGen: 503776K->12896K(505344K)] 989002K->507117K(1029632K), 0.0343445 secs] [Times: user=0.04 sys=0.05, real=0.03 secs] 
2021-06-06T20:01:22.323+0800: 2025034.021: [GC (Allocation Failure) [PSYoungGen: 500320K->13376K(501248K)] 994541K->516576K(1025536K), 0.0325675 secs] [Times: user=0.04 sys=0.04, real=0.03 secs] 
2021-06-06T20:06:24.708+0800: 2025336.406: [GC (Allocation Failure) [PSYoungGen: 500800K->11584K(505856K)] 1004000K->524283K(1030144K), 0.0429669 secs] [Times: user=0.04 sys=0.06, real=0.04 secs] 
2021-06-06T20:06:24.752+0800: 2025336.450: [Full GC (Ergonomics) [PSYoungGen: 11584K->0K(505856K)] [ParOldGen: 512699K->310195K(524288K)] 524283K->310195K(1030144K), [Metaspace: 96639K->96639K(1138688K)], 0.5542281 secs] [Times: user=1.19 sys=0.00, real=0.56 secs] 
2021-06-06T20:11:29.451+0800: 2025641.149: [GC (Allocation Failure) [PSYoungGen: 486912K->14208K(505344K)] 797107K->324403K(1029632K), 0.0458480 secs] [Times: user=0.03 sys=0.05, real=0.05 secs] 
2021-06-06T20:16:30.007+0800: 2025941.705: [GC (Allocation Failure) [PSYoungGen: 501120K->10240K(505856K)] 811315K->330515K(1030144K), 0.0295470 secs] [Times: user=0.04 sys=0.04, real=0.03 secs] 
2021-06-06T20:21:38.196+0800: 2026249.894: [GC (Allocation Failure) [PSYoungGen: 497152K->8032K(505344K)] 817427K->337315K(1029632K), 0.0312011 secs] [Times: user=0.04 sys=0.04, real=0.03 secs] 
2021-06-06T20:26:39.797+0800: 2026551.495: [GC (Allocation Failure) [PSYoungGen: 494944K->10624K(506880K)] 824227K->346440K(1031168K), 0.0490537 secs] [Times: user=0.04 sys=0.05, real=0.05 secs] 
2021-06-06T20:31:44.016+0800: 2026855.714: [GC (Allocation Failure) [PSYoungGen: 499584K->7296K(506368K)] 835400K->351034K(1030656K), 0.0288175 secs] [Times: user=0.04 sys=0.05, real=0.03 secs] 
2021-06-06T20:36:45.126+0800: 2027156.825: [GC (Allocation Failure) [PSYoungGen: 496256K->10944K(507392K)] 839994K->360046K(1031680K), 0.0287325 secs] [Times: user=0.04 sys=0.05, real=0.03 secs] 
2021-06-06T20:41:51.000+0800: 2027462.698: [GC (Allocation Failure) [PSYoungGen: 500928K->12448K(506880K)] 850030K->369617K(1031168K), 0.0839865 secs] [Times: user=0.04 sys=0.04, real=0.09 secs] 
2021-06-06T20:46:55.144+0800: 2027766.842: [GC (Allocation Failure) [PSYoungGen: 502432K->9664K(507904K)] 859601K->375723K(1032192K), 0.0315657 secs] [Times: user=0.04 sys=0.05, real=0.03 secs] 
2021-06-06T20:52:00.305+0800: 2028072.003: [GC (Allocation Failure) [PSYoungGen: 500672K->10816K(507392K)] 866731K->384718K(1031680K), 0.0418227 secs] [Times: user=0.04 sys=0.04, real=0.04 secs] 
2021-06-06T20:57:04.259+0800: 2028375.958: [GC (Allocation Failure) [PSYoungGen: 501824K->12832K(507904K)] 875726K->394586K(1032192K), 0.0324737 secs] [Times: user=0.05 sys=0.05, real=0.04 secs] 
2021-06-06T21:02:11.592+0800: 2028683.290: [GC (Allocation Failure) [PSYoungGen: 504352K->13888K(505856K)] 886106K->404791K(1030144K), 0.0414488 secs] [Times: user=0.04 sys=0.04, real=0.05 secs] 
2021-06-06T21:07:20.718+0800: 2028992.416: [GC (Allocation Failure) [PSYoungGen: 505408K->12192K(507392K)] 896311K->412440K(1031680K), 0.0412355 secs] [Times: user=0.05 sys=0.05, real=0.04 secs] 
2021-06-06T21:12:26.901+0800: 2029298.599: [GC (Allocation Failure) [PSYoungGen: 502176K->12448K(506880K)] 902424K->421537K(1031168K), 0.0363981 secs] [Times: user=0.05 sys=0.05, real=0.04 secs] 
2021-06-06T21:17:30.806+0800: 2029602.504: [GC (Allocation Failure) [PSYoungGen: 502432K->11520K(507904K)] 911521K->429148K(1032192K), 0.0386820 secs] [Times: user=0.05 sys=0.06, real=0.04 secs] 
2021-06-06T21:22:35.570+0800: 2029907.269: [GC (Allocation Failure) [PSYoungGen: 502528K->12416K(507392K)] 920156K->438557K(1031680K), 0.0366725 secs] [Times: user=0.05 sys=0.05, real=0.04 secs] 
2021-06-06T21:27:40.252+0800: 2030211.950: [GC (Allocation Failure) [PSYoungGen: 503424K->9568K(507904K)] 929565K->444638K(1032192K), 0.0319728 secs] [Times: user=0.04 sys=0.05, real=0.03 secs] 
2021-06-06T21:32:46.066+0800: 2030517.764: [GC (Allocation Failure) [PSYoungGen: 501088K->7424K(507904K)] 936158K->450000K(1032192K), 0.0330643 secs] [Times: user=0.05 sys=0.04, real=0.03 secs] 
2021-06-06T21:37:52.754+0800: 2030824.452: [GC (Allocation Failure) [PSYoungGen: 498944K->7232K(507904K)] 941520K->455474K(1032192K), 0.0288434 secs] [Times: user=0.04 sys=0.05, real=0.03 secs] 
2021-06-06T21:42:56.210+0800: 2031127.908: [GC (Allocation Failure) [PSYoungGen: 498752K->10784K(507904K)] 946994K->464271K(1032192K), 0.0318756 secs] [Times: user=0.05 sys=0.04, real=0.03 secs] 
2021-06-06T21:47:59.989+0800: 2031431.688: [GC (Allocation Failure) [PSYoungGen: 502304K->13472K(507392K)] 955791K->475020K(1031680K), 0.0335039 secs] [Times: user=0.05 sys=0.04, real=0.04 secs] 
2021-06-06T21:53:02.980+0800: 2031734.678: [GC (Allocation Failure) [PSYoungGen: 504992K->14432K(506368K)] 966540K->485200K(1030656K), 0.0394285 secs] [Times: user=0.05 sys=0.06, real=0.04 secs] 
2021-06-06T21:58:06.487+0800: 2032038.185: [GC (Allocation Failure) [PSYoungGen: 505952K->14464K(505856K)] 976720K->495882K(1030144K), 0.0337368 secs] [Times: user=0.05 sys=0.05, real=0.03 secs] 
2021-06-06T22:03:06.640+0800: 2032338.338: [GC (Allocation Failure) [PSYoungGen: 502912K->13056K(506368K)] 984330K->504860K(1030656K), 0.1013997 secs] [Times: user=0.05 sys=0.05, real=0.10 secs] 
2021-06-06T22:08:12.764+0800: 2032644.462: [GC (Allocation Failure) [PSYoungGen: 501504K->10400K(506880K)] 993308K->512180K(1031168K), 0.0297902 secs] [Times: user=0.04 sys=0.04, real=0.03 secs] 
2021-06-06T22:13:21.771+0800: 2032953.469: [GC (Allocation Failure) [PSYoungGen: 499360K->12352K(506368K)] 1001140K->521943K(1030656K), 0.0329485 secs] [Times: user=0.08 sys=0.00, real=0.04 secs] 
2021-06-06T22:18:21.886+0800: 2033253.584: [GC (Allocation Failure) [PSYoungGen: 501312K->12704K(506880K)] 1010903K->531243K(1031168K), 0.0377286 secs] [Times: user=0.09 sys=0.00, real=0.04 secs] 
2021-06-06T22:18:21.924+0800: 2033253.622: [Full GC (Ergonomics) [PSYoungGen: 12704K->0K(506880K)] [ParOldGen: 518539K->318218K(524288K)] 531243K->318218K(1031168K), [Metaspace: 96639K->96639K(1138688K)], 0.6905316 secs] [Times: user=1.12 sys=0.00, real=0.69 secs] 
2021-06-06T22:23:24.496+0800: 2033556.195: [GC (Allocation Failure) [PSYoungGen: 489472K->13408K(506880K)] 807690K->331626K(1031168K), 0.0293467 secs] [Times: user=0.03 sys=0.04, real=0.03 secs] 
2021-06-06T22:28:29.337+0800: 2033861.035: [GC (Allocation Failure) [PSYoungGen: 502880K->11232K(507392K)] 821098K->340251K(1031680K), 0.0261131 secs] [Times: user=0.03 sys=0.04, real=0.03 secs] 
2021-06-06T22:33:39.127+0800: 2034170.826: [GC (Allocation Failure) [PSYoungGen: 501216K->3648K(494080K)] 830235K->342232K(1018368K), 0.0264984 secs] [Times: user=0.04 sys=0.04, real=0.03 secs] 
2021-06-06T22:38:38.711+0800: 2034470.409: [GC (Allocation Failure) [PSYoungGen: 493632K->12832K(506368K)] 832216K->353734K(1030656K), 0.0301009 secs] [Times: user=0.08 sys=0.00, real=0.03 secs] 
2021-06-06T22:43:42.249+0800: 2034773.947: [GC (Allocation Failure) [PSYoungGen: 501280K->12736K(506368K)] 842182K->362864K(1030656K), 0.0337328 secs] [Times: user=0.05 sys=0.05, real=0.04 secs] 
2021-06-06T22:48:42.809+0800: 2035074.507: [GC (Allocation Failure) [PSYoungGen: 501184K->9728K(506880K)] 851312K->369983K(1031168K), 0.0263421 secs] [Times: user=0.03 sys=0.04, real=0.03 secs] 
2021-06-06T22:53:44.667+0800: 2035376.365: [GC (Allocation Failure) [PSYoungGen: 498688K->13088K(506368K)] 858943K->380027K(1030656K), 0.0370173 secs] [Times: user=0.04 sys=0.04, real=0.04 secs] 
2021-06-06T22:58:40.757+0800: 2035672.455: [GC (Allocation Failure) [PSYoungGen: 502048K->14464K(505856K)] 868987K->390286K(1030144K), 0.0357105 secs] [Times: user=0.04 sys=0.04, real=0.04 secs] 
2021-06-06T23:03:42.875+0800: 2035974.574: [GC (Allocation Failure) [PSYoungGen: 502912K->10720K(506368K)] 878734K->397383K(1030656K), 0.0273817 secs] [Times: user=0.04 sys=0.04, real=0.03 secs] 
2021-06-06T23:08:41.085+0800: 2036272.783: [GC (Allocation Failure) [PSYoungGen: 499168K->12896K(506880K)] 885831K->405908K(1031168K), 0.0310755 secs] [Times: user=0.05 sys=0.04, real=0.03 secs] 
2021-06-06T23:13:40.024+0800: 2036571.722: [GC (Allocation Failure) [PSYoungGen: 502368K->13536K(506880K)] 895380K->414727K(1031168K), 0.0379662 secs] [Times: user=0.05 sys=0.05, real=0.04 secs] 
2021-06-06T23:18:38.263+0800: 2036869.962: [GC (Allocation Failure) [PSYoungGen: 503008K->12800K(506880K)] 904199K->424728K(1031168K), 0.0296497 secs] [Times: user=0.05 sys=0.05, real=0.03 secs] 
2021-06-06T23:23:46.112+0800: 2037177.810: [GC (Allocation Failure) [PSYoungGen: 502272K->13504K(506880K)] 914200K->434844K(1031168K), 0.0293901 secs] [Times: user=0.04 sys=0.05, real=0.03 secs] 
2021-06-06T23:28:43.023+0800: 2037474.722: [GC (Allocation Failure) [PSYoungGen: 502976K->14784K(505856K)] 924316K->446271K(1030144K), 0.0382650 secs] [Times: user=0.06 sys=0.06, real=0.03 secs] 
2021-06-06T23:33:43.554+0800: 2037775.252: [GC (Allocation Failure) [PSYoungGen: 503232K->11584K(506368K)] 934719K->453977K(1030656K), 0.0270452 secs] [Times: user=0.04 sys=0.04, real=0.02 secs] 
2021-06-06T23:38:44.622+0800: 2038076.320: [GC (Allocation Failure) [PSYoungGen: 500032K->11200K(506880K)] 942425K->461268K(1031168K), 0.0279196 secs] [Times: user=0.08 sys=0.00, real=0.03 secs] 
2021-06-06T23:43:56.846+0800: 2038388.544: [GC (Allocation Failure) [PSYoungGen: 500672K->4992K(494592K)] 950740K->464337K(1018880K), 0.0294491 secs] [Times: user=0.04 sys=0.04, real=0.03 secs] 
2021-06-06T23:49:00.064+0800: 2038691.762: [GC (Allocation Failure) [PSYoungGen: 494464K->10432K(506880K)] 953809K->472976K(1031168K), 0.0235795 secs] [Times: user=0.03 sys=0.03, real=0.02 secs] 
2021-06-06T23:54:00.338+0800: 2038992.036: [GC (Allocation Failure) [PSYoungGen: 499392K->12960K(506368K)] 961936K->482938K(1030656K), 0.0298981 secs] [Times: user=0.04 sys=0.04, real=0.03 secs] 
2021-06-06T23:58:56.009+0800: 2039287.708: [GC (Allocation Failure) [PSYoungGen: 501920K->13184K(506880K)] 971898K->492508K(1031168K), 0.0266910 secs] [Times: user=0.04 sys=0.05, real=0.03 secs] 
2021-06-07T00:03:48.764+0800: 2039580.462: [GC (Allocation Failure) [PSYoungGen: 502656K->8864K(506880K)] 981980K->497796K(1031168K), 0.0645261 secs] [Times: user=0.04 sys=0.04, real=0.06 secs] 
2021-06-07T00:08:49.386+0800: 2039881.084: [GC (Allocation Failure) [PSYoungGen: 498336K->7936K(506880K)] 987268K->504055K(1031168K), 0.0670136 secs] [Times: user=0.05 sys=0.06, real=0.07 secs] 
2021-06-07T00:13:50.953+0800: 2040182.651: [GC (Allocation Failure) [PSYoungGen: 497408K->12512K(506880K)] 993527K->514092K(1031168K), 0.0284575 secs] [Times: user=0.04 sys=0.04, real=0.02 secs] 
2021-06-07T00:18:50.303+0800: 2040482.001: [GC (Allocation Failure) [PSYoungGen: 501984K->13312K(506880K)] 1003564K->524158K(1031168K), 0.0271217 secs] [Times: user=0.04 sys=0.04, real=0.02 secs] 
2021-06-07T00:23:54.248+0800: 2040785.946: [GC (Allocation Failure) [PSYoungGen: 502784K->13472K(503296K)] 1013630K->533962K(1027584K), 0.0307877 secs] [Times: user=0.04 sys=0.04, real=0.03 secs] 
2021-06-07T00:23:54.279+0800: 2040785.977: [Full GC (Ergonomics) [PSYoungGen: 13472K->0K(503296K)] [ParOldGen: 520490K->314836K(524288K)] 533962K->314836K(1027584K), [Metaspace: 96643K->96643K(1138688K)], 0.5183904 secs] [Times: user=0.55 sys=0.56, real=0.52 secs] 
2021-06-07T00:28:54.725+0800: 2041086.423: [GC (Allocation Failure) [PSYoungGen: 489472K->11680K(506880K)] 804308K->326516K(1031168K), 0.0543006 secs] [Times: user=0.03 sys=0.03, real=0.05 secs] 
2021-06-07T00:33:57.442+0800: 2041389.141: [GC (Allocation Failure) [PSYoungGen: 500640K->13056K(506368K)] 815476K->337704K(1030656K), 0.0295496 secs] [Times: user=0.04 sys=0.04, real=0.03 secs] 
2021-06-07T00:38:57.869+0800: 2041689.567: [GC (Allocation Failure) [PSYoungGen: 502016K->12928K(507392K)] 826664K->347052K(1031680K), 0.0267833 secs] [Times: user=0.03 sys=0.05, real=0.03 secs] 
2021-06-07T00:44:06.033+0800: 2041997.732: [GC (Allocation Failure) [PSYoungGen: 502912K->10240K(506880K)] 837036K->353908K(1031168K), 0.0279604 secs] [Times: user=0.04 sys=0.04, real=0.02 secs] 
2021-06-07T00:49:09.012+0800: 2042300.711: [GC (Allocation Failure) [PSYoungGen: 500224K->9728K(507392K)] 843892K->361552K(1031680K), 0.0251570 secs] [Times: user=0.04 sys=0.04, real=0.02 secs] 
2021-06-07T00:54:10.269+0800: 2042601.967: [GC (Allocation Failure) [PSYoungGen: 500224K->14048K(504832K)] 852048K->373381K(1029120K), 0.0249091 secs] [Times: user=0.04 sys=0.03, real=0.03 secs] 
2021-06-07T00:59:14.763+0800: 2042906.461: [GC (Allocation Failure) [PSYoungGen: 504544K->12960K(507392K)] 863877K->383662K(1031680K), 0.0361020 secs] [Times: user=0.03 sys=0.04, real=0.04 secs] 
2021-06-07T01:04:15.308+0800: 2043207.006: [GC (Allocation Failure) [PSYoungGen: 502944K->8832K(506880K)] 873646K->389528K(1031168K), 0.0610680 secs] [Times: user=0.03 sys=0.03, real=0.06 secs] 
2021-06-07T01:09:11.542+0800: 2043503.240: [GC (Allocation Failure) [PSYoungGen: 498816K->13984K(506368K)] 879512K->401493K(1030656K), 0.0527102 secs] [Times: user=0.03 sys=0.04, real=0.05 secs] 
2021-06-07T01:14:09.107+0800: 2043800.805: [GC (Allocation Failure) [PSYoungGen: 503456K->12992K(506880K)] 890965K->410064K(1031168K), 0.0292367 secs] [Times: user=0.04 sys=0.04, real=0.03 secs] 
2021-06-07T01:18:56.185+0800: 2044087.883: [GC (Allocation Failure) [PSYoungGen: 502464K->13546K(506880K)] 899536K->420604K(1031168K), 0.0274513 secs] [Times: user=0.04 sys=0.04, real=0.03 secs] 
2021-06-07T01:23:57.414+0800: 2044389.112: [GC (Allocation Failure) [PSYoungGen: 503018K->14240K(503808K)] 910076K->431616K(1028096K), 0.0296056 secs] [Times: user=0.04 sys=0.04, real=0.03 secs] 
2021-06-07T01:28:58.240+0800: 2044689.938: [GC (Allocation Failure) [PSYoungGen: 503712K->11872K(506880K)] 921088K->439434K(1031168K), 0.0313014 secs] [Times: user=0.04 sys=0.03, real=0.03 secs] 
2021-06-07T01:33:58.042+0800: 2044989.740: [GC (Allocation Failure) [PSYoungGen: 500832K->13344K(506368K)] 928394K->449182K(1030656K), 0.0344186 secs] [Times: user=0.04 sys=0.04, real=0.04 secs] 
2021-06-07T01:39:03.323+0800: 2045295.022: [GC (Allocation Failure) [PSYoungGen: 502304K->10144K(507392K)] 938142K->455367K(1031680K), 0.0240032 secs] [Times: user=0.03 sys=0.03, real=0.02 secs] 
2021-06-07T01:44:10.047+0800: 2045601.746: [GC (Allocation Failure) [PSYoungGen: 500128K->12736K(506880K)] 945351K->465260K(1031168K), 0.0323692 secs] [Times: user=0.04 sys=0.04, real=0.03 secs] 
2021-06-07T01:49:09.240+0800: 2045900.938: [GC (Allocation Failure) [PSYoungGen: 502720K->14400K(506368K)] 955244K->476254K(1030656K), 0.0325021 secs] [Times: user=0.04 sys=0.04, real=0.04 secs] 
2021-06-07T01:54:05.080+0800: 2046196.778: [GC (Allocation Failure) [PSYoungGen: 503872K->13728K(506880K)] 965726K->484058K(1031168K), 0.0279934 secs] [Times: user=0.04 sys=0.03, real=0.03 secs] 
2021-06-07T01:59:10.828+0800: 2046502.526: [GC (Allocation Failure) [PSYoungGen: 503200K->13056K(507392K)] 973530K->492955K(1031680K), 0.0741837 secs] [Times: user=0.04 sys=0.04, real=0.07 secs] 
2021-06-07T02:04:16.888+0800: 2046808.586: [GC (Allocation Failure) [PSYoungGen: 503040K->10208K(506880K)] 982939K->499382K(1031168K), 0.0536888 secs] [Times: user=0.04 sys=0.04, real=0.05 secs] 
2021-06-07T02:09:20.689+0800: 2047112.387: [GC (Allocation Failure) [PSYoungGen: 500192K->12736K(507392K)] 989366K->509929K(1031680K), 0.0318519 secs] [Times: user=0.04 sys=0.04, real=0.03 secs] 
2021-06-07T02:14:20.884+0800: 2047412.583: [GC (Allocation Failure) [PSYoungGen: 503232K->9984K(507392K)] 1000425K->516362K(1031680K), 0.0249652 secs] [Times: user=0.03 sys=0.04, real=0.02 secs] 
2021-06-07T02:19:24.505+0800: 2047716.203: [GC (Allocation Failure) [PSYoungGen: 500480K->13472K(507392K)] 1006858K->527518K(1031680K), 0.0321144 secs] [Times: user=0.04 sys=0.04, real=0.03 secs] 
2021-06-07T02:19:24.537+0800: 2047716.236: [Full GC (Ergonomics) [PSYoungGen: 13472K->0K(507392K)] [ParOldGen: 514045K->315979K(524288K)] 527518K->315979K(1031680K), [Metaspace: 96643K->96643K(1138688K)], 0.5273182 secs] [Times: user=0.54 sys=0.53, real=0.53 secs] 
2021-06-07T02:24:26.507+0800: 2048018.205: [GC (Allocation Failure) [PSYoungGen: 490496K->9632K(507392K)] 806475K->325611K(1031680K), 0.0642598 secs] [Times: user=0.03 sys=0.03, real=0.06 secs] 
2021-06-07T02:29:26.594+0800: 2048318.293: [GC (Allocation Failure) [PSYoungGen: 500128K->14496K(506368K)] 816107K->338006K(1030656K), 0.0427256 secs] [Times: user=0.04 sys=0.04, real=0.04 secs] 
2021-06-07T02:34:27.314+0800: 2048619.012: [GC (Allocation Failure) [PSYoungGen: 503968K->11936K(506880K)] 827478K->345200K(1031168K), 0.0334011 secs] [Times: user=0.04 sys=0.05, real=0.03 secs] 
2021-06-07T02:39:31.924+0800: 2048923.623: [GC (Allocation Failure) [PSYoungGen: 501408K->11424K(507904K)] 834672K->353331K(1032192K), 0.0476901 secs] [Times: user=0.03 sys=0.03, real=0.05 secs] 
2021-06-07T02:44:35.503+0800: 2049227.202: [GC (Allocation Failure) [PSYoungGen: 502432K->9312K(507392K)] 844339K->360083K(1031680K), 0.0232672 secs] [Times: user=0.04 sys=0.03, real=0.02 secs] 
2021-06-07T02:49:34.329+0800: 2049526.028: [GC (Allocation Failure) [PSYoungGen: 500320K->13088K(507904K)] 851091K->370544K(1032192K), 0.0331387 secs] [Times: user=0.04 sys=0.05, real=0.04 secs] 
2021-06-07T02:54:36.770+0800: 2049828.468: [GC (Allocation Failure) [PSYoungGen: 504608K->12096K(507904K)] 862064K->378715K(1032192K), 0.0348783 secs] [Times: user=0.05 sys=0.06, real=0.04 secs] 
2021-06-07T02:59:39.172+0800: 2050130.870: [GC (Allocation Failure) [PSYoungGen: 503616K->12544K(508416K)] 870235K->387982K(1032704K), 0.0479912 secs] [Times: user=0.09 sys=0.00, real=0.05 secs] 
2021-06-07T03:04:45.753+0800: 2050437.451: [GC (Allocation Failure) [PSYoungGen: 504576K->11776K(507904K)] 880014K->396312K(1032192K), 0.0354957 secs] [Times: user=0.05 sys=0.06, real=0.03 secs] 
2021-06-07T03:09:48.233+0800: 2050739.931: [GC (Allocation Failure) [PSYoungGen: 503808K->5568K(507392K)] 888344K->399733K(1031680K), 0.0897041 secs] [Times: user=0.04 sys=0.04, real=0.09 secs] 
2021-06-07T03:14:49.890+0800: 2051041.588: [GC (Allocation Failure) [PSYoungGen: 497088K->12960K(507904K)] 891253K->410092K(1032192K), 0.0309596 secs] [Times: user=0.04 sys=0.04, real=0.03 secs] 
2021-06-07T03:19:50.350+0800: 2051342.049: [GC (Allocation Failure) [PSYoungGen: 504480K->13760K(506880K)] 901612K->420967K(1031168K), 0.0351661 secs] [Times: user=0.04 sys=0.05, real=0.04 secs] 
2021-06-07T03:24:54.474+0800: 2051646.173: [GC (Allocation Failure) [PSYoungGen: 504256K->11520K(507392K)] 911463K->427801K(1031680K), 0.0291899 secs] [Times: user=0.08 sys=0.00, real=0.03 secs] 
2021-06-07T03:29:57.877+0800: 2051949.576: [GC (Allocation Failure) [PSYoungGen: 502016K->10656K(507904K)] 918297K->435508K(1032192K), 0.0442580 secs] [Times: user=0.03 sys=0.04, real=0.04 secs] 
2021-06-07T03:34:58.666+0800: 2052250.364: [GC (Allocation Failure) [PSYoungGen: 502176K->12864K(507904K)] 927028K->446055K(1032192K), 0.0870935 secs] [Times: user=0.05 sys=0.05, real=0.09 secs] 
2021-06-07T03:40:03.436+0800: 2052555.134: [GC (Allocation Failure) [PSYoungGen: 504384K->12288K(508416K)] 937575K->455041K(1032704K), 0.0427722 secs] [Times: user=0.04 sys=0.05, real=0.04 secs] 
2021-06-07T03:45:07.186+0800: 2052858.884: [GC (Allocation Failure) [PSYoungGen: 504320K->13088K(507904K)] 947073K->464294K(1032192K), 0.0279344 secs] [Times: user=0.04 sys=0.04, real=0.03 secs] 
2021-06-07T03:50:13.773+0800: 2053165.472: [GC (Allocation Failure) [PSYoungGen: 505120K->14400K(507392K)] 956326K->475384K(1031680K), 0.0309533 secs] [Times: user=0.04 sys=0.04, real=0.03 secs] 
2021-06-07T03:55:19.067+0800: 2053470.765: [GC (Allocation Failure) [PSYoungGen: 505920K->9216K(501248K)] 966904K->480209K(1025536K), 0.0649839 secs] [Times: user=0.04 sys=0.04, real=0.06 secs] 
2021-06-07T04:00:22.486+0800: 2053774.184: [GC (Allocation Failure) [PSYoungGen: 500736K->9632K(507904K)] 971729K->487997K(1032192K), 0.0271425 secs] [Times: user=0.03 sys=0.04, real=0.03 secs] 
2021-06-07T04:05:25.858+0800: 2054077.556: [GC (Allocation Failure) [PSYoungGen: 500640K->12352K(507392K)] 979005K->497658K(1031680K), 0.0249675 secs] [Times: user=0.03 sys=0.03, real=0.03 secs] 
2021-06-07T04:10:31.710+0800: 2054383.409: [GC (Allocation Failure) [PSYoungGen: 503360K->11328K(508416K)] 988666K->506323K(1032704K), 0.0253991 secs] [Times: user=0.03 sys=0.04, real=0.03 secs] 
2021-06-07T04:15:34.357+0800: 2054686.056: [GC (Allocation Failure) [PSYoungGen: 503360K->10432K(507904K)] 998355K->514044K(1032192K), 0.0355990 secs] [Times: user=0.03 sys=0.03, real=0.04 secs] 
2021-06-07T04:20:42.650+0800: 2054994.349: [GC (Allocation Failure) [PSYoungGen: 502464K->10848K(508928K)] 1006076K->522278K(1033216K), 0.0277256 secs] [Times: user=0.03 sys=0.04, real=0.03 secs] 
2021-06-07T04:25:43.797+0800: 2055295.496: [GC (Allocation Failure) [PSYoungGen: 503904K->13248K(508416K)] 1015334K->533354K(1032704K), 0.0493964 secs] [Times: user=0.04 sys=0.05, real=0.05 secs] 
2021-06-07T04:25:43.847+0800: 2055295.546: [Full GC (Ergonomics) [PSYoungGen: 13248K->0K(508416K)] [ParOldGen: 520106K->317069K(524288K)] 533354K->317069K(1032704K), [Metaspace: 96643K->96643K(1138688K)], 0.4431620 secs] [Times: user=0.47 sys=0.45, real=0.44 secs] 
2021-06-07T04:30:44.316+0800: 2055596.014: [GC (Allocation Failure) [PSYoungGen: 493056K->14848K(507392K)] 810125K->331917K(1031680K), 0.0259851 secs] [Times: user=0.03 sys=0.04, real=0.03 secs] 
2021-06-07T04:35:48.551+0800: 2055900.249: [GC (Allocation Failure) [PSYoungGen: 506368K->13088K(507904K)] 823437K->341446K(1032192K), 0.0264185 secs] [Times: user=0.03 sys=0.04, real=0.03 secs] 
2021-06-07T04:40:44.885+0800: 2056196.583: [GC (Allocation Failure) [PSYoungGen: 504608K->10592K(507904K)] 832966K->348017K(1032192K), 0.0565955 secs] [Times: user=0.03 sys=0.03, real=0.05 secs] 
2021-06-07T04:45:54.279+0800: 2056505.977: [GC (Allocation Failure) [PSYoungGen: 502112K->6624K(498176K)] 839537K->352225K(1022464K), 0.0369660 secs] [Times: user=0.03 sys=0.03, real=0.04 secs] 
2021-06-07T04:50:55.045+0800: 2056806.744: [GC (Allocation Failure) [PSYoungGen: 498144K->12608K(507392K)] 843745K->362784K(1031680K), 0.0800031 secs] [Times: user=0.03 sys=0.04, real=0.08 secs] 
2021-06-07T04:56:00.365+0800: 2057112.063: [GC (Allocation Failure) [PSYoungGen: 503104K->12256K(507392K)] 853280K->371411K(1031680K), 0.0457390 secs] [Times: user=0.03 sys=0.04, real=0.04 secs] 
2021-06-07T05:00:59.736+0800: 2057411.434: [GC (Allocation Failure) [PSYoungGen: 502752K->13088K(506880K)] 861907K->380511K(1031168K), 0.0308960 secs] [Times: user=0.04 sys=0.04, real=0.03 secs] 
2021-06-07T05:06:01.012+0800: 2057712.710: [GC (Allocation Failure) [PSYoungGen: 503584K->13760K(507392K)] 871007K->390867K(1031680K), 0.0256357 secs] [Times: user=0.04 sys=0.04, real=0.03 secs] 
2021-06-07T05:11:08.252+0800: 2058019.950: [GC (Allocation Failure) [PSYoungGen: 504256K->12800K(507392K)] 881363K->400134K(1031680K), 0.0335301 secs] [Times: user=0.03 sys=0.04, real=0.03 secs] 
2021-06-07T05:16:17.598+0800: 2058329.296: [GC (Allocation Failure) [PSYoungGen: 503296K->13568K(507392K)] 890630K->409555K(1031680K), 0.0238105 secs] [Times: user=0.04 sys=0.04, real=0.02 secs] 
2021-06-07T05:21:20.032+0800: 2058631.730: [GC (Allocation Failure) [PSYoungGen: 504064K->11552K(507904K)] 900051K->417404K(1032192K), 0.0769621 secs] [Times: user=0.04 sys=0.04, real=0.08 secs] 
2021-06-07T05:26:20.227+0800: 2058931.925: [GC (Allocation Failure) [PSYoungGen: 502560K->12256K(507392K)] 908412K->427247K(1031680K), 0.0587134 secs] [Times: user=0.04 sys=0.05, real=0.06 secs] 
2021-06-07T05:31:24.073+0800: 2059235.771: [GC (Allocation Failure) [PSYoungGen: 503264K->7040K(506880K)] 918255K->431823K(1031168K), 0.0307412 secs] [Times: user=0.04 sys=0.04, real=0.03 secs] 
2021-06-07T05:36:22.559+0800: 2059534.257: [GC (Allocation Failure) [PSYoungGen: 497536K->14368K(505344K)] 922319K->444406K(1029632K), 0.0324804 secs] [Times: user=0.04 sys=0.04, real=0.03 secs] 
2021-06-07T05:41:26.719+0800: 2059838.418: [GC (Allocation Failure) [PSYoungGen: 504864K->8672K(506880K)] 934902K->449732K(1031168K), 0.0435746 secs] [Times: user=0.04 sys=0.05, real=0.05 secs] 
2021-06-07T05:46:30.838+0800: 2060142.536: [GC (Allocation Failure) [PSYoungGen: 498144K->9152K(506880K)] 939204K->457534K(1031168K), 0.0240488 secs] [Times: user=0.04 sys=0.04, real=0.02 secs] 
2021-06-07T05:51:34.227+0800: 2060445.926: [GC (Allocation Failure) [PSYoungGen: 498624K->10752K(507392K)] 947006K->466498K(1031680K), 0.0258073 secs] [Times: user=0.03 sys=0.04, real=0.03 secs] 
2021-06-07T05:56:37.571+0800: 2060749.269: [GC (Allocation Failure) [PSYoungGen: 501248K->12672K(507392K)] 956994K->476525K(1031680K), 0.0279460 secs] [Times: user=0.04 sys=0.04, real=0.03 secs] 
2021-06-07T06:01:40.840+0800: 2061052.538: [GC (Allocation Failure) [PSYoungGen: 503168K->12768K(507392K)] 967021K->484720K(1031680K), 0.0290971 secs] [Times: user=0.04 sys=0.04, real=0.03 secs] 
2021-06-07T06:06:42.029+0800: 2061353.727: [GC (Allocation Failure) [PSYoungGen: 503264K->12832K(507392K)] 975216K->493635K(1031680K), 0.0378037 secs] [Times: user=0.04 sys=0.06, real=0.04 secs] 
2021-06-07T06:11:43.556+0800: 2061655.254: [GC (Allocation Failure) [PSYoungGen: 503328K->12064K(507904K)] 984131K->502949K(1032192K), 0.0266650 secs] [Times: user=0.04 sys=0.04, real=0.03 secs] 
2021-06-07T06:16:43.262+0800: 2061954.960: [GC (Allocation Failure) [PSYoungGen: 503072K->12576K(507392K)] 993957K->511895K(1031680K), 0.0282714 secs] [Times: user=0.04 sys=0.04, real=0.02 secs] 
2021-06-07T06:21:44.862+0800: 2062256.560: [GC (Allocation Failure) [PSYoungGen: 503584K->13056K(507904K)] 1002903K->520779K(1032192K), 0.0248947 secs] [Times: user=0.04 sys=0.04, real=0.03 secs] 
2021-06-07T06:26:54.264+0800: 2062565.962: [GC (Allocation Failure) [PSYoungGen: 504576K->4608K(496640K)] 1012299K->522392K(1020928K), 0.0234774 secs] [Times: user=0.04 sys=0.04, real=0.02 secs] 
2021-06-07T06:26:54.288+0800: 2062565.986: [Full GC (Ergonomics) [PSYoungGen: 4608K->0K(496640K)] [ParOldGen: 517784K->308040K(524288K)] 522392K->308040K(1020928K), [Metaspace: 96643K->96643K(1138688K)], 0.4525726 secs] [Times: user=0.51 sys=0.50, real=0.45 secs] 
2021-06-07T06:32:01.689+0800: 2062873.387: [GC (Allocation Failure) [PSYoungGen: 491520K->11520K(507392K)] 799560K->319560K(1031680K), 0.0278234 secs] [Times: user=0.04 sys=0.04, real=0.03 secs] 
2021-06-07T06:37:05.663+0800: 2063177.361: [GC (Allocation Failure) [PSYoungGen: 502016K->13504K(507392K)] 810056K->329492K(1031680K), 0.0269413 secs] [Times: user=0.04 sys=0.04, real=0.02 secs] 
2021-06-07T06:42:09.163+0800: 2063480.861: [GC (Allocation Failure) [PSYoungGen: 504000K->13600K(506368K)] 819988K->338197K(1030656K), 0.0276064 secs] [Times: user=0.04 sys=0.04, real=0.02 secs] 
2021-06-07T06:47:15.461+0800: 2063787.159: [GC (Allocation Failure) [PSYoungGen: 503072K->6368K(506880K)] 827669K->340044K(1031168K), 0.0212227 secs] [Times: user=0.04 sys=0.04, real=0.03 secs] 
2021-06-07T06:52:18.167+0800: 2064089.865: [GC (Allocation Failure) [PSYoungGen: 495840K->11136K(507392K)] 829516K->349928K(1031680K), 0.0253837 secs] [Times: user=0.03 sys=0.04, real=0.03 secs] 
2021-06-07T06:57:17.546+0800: 2064389.244: [GC (Allocation Failure) [PSYoungGen: 501120K->13760K(506880K)] 839912K->360628K(1031168K), 0.0389275 secs] [Times: user=0.05 sys=0.05, real=0.04 secs] 
2021-06-07T07:02:11.175+0800: 2064682.873: [GC (Allocation Failure) [PSYoungGen: 503744K->13056K(506880K)] 850612K->369328K(1031168K), 0.0341864 secs] [Times: user=0.04 sys=0.05, real=0.03 secs] 
2021-06-07T07:07:12.421+0800: 2064984.119: [GC (Allocation Failure) [PSYoungGen: 502528K->12832K(506880K)] 858800K->377914K(1031168K), 0.0324408 secs] [Times: user=0.04 sys=0.04, real=0.04 secs] 
2021-06-07T07:12:09.893+0800: 2065281.592: [GC (Allocation Failure) [PSYoungGen: 502304K->10240K(507392K)] 867386K->384324K(1031680K), 0.0295978 secs] [Times: user=0.04 sys=0.05, real=0.03 secs] 
2021-06-07T07:17:16.486+0800: 2065588.184: [GC (Allocation Failure) [PSYoungGen: 500224K->7776K(506880K)] 874308K->388854K(1031168K), 0.0266007 secs] [Times: user=0.04 sys=0.04, real=0.03 secs] 
2021-06-07T07:22:06.441+0800: 2065878.139: [GC (Allocation Failure) [PSYoungGen: 497760K->13354K(506880K)] 878838K->400388K(1031168K), 0.0313108 secs] [Times: user=0.04 sys=0.04, real=0.04 secs] 
2021-06-07T07:27:08.639+0800: 2066180.337: [GC (Allocation Failure) [PSYoungGen: 502826K->11904K(506880K)] 889860K->408231K(1031168K), 0.0276078 secs] [Times: user=0.04 sys=0.04, real=0.03 secs] 
2021-06-07T07:32:07.678+0800: 2066479.376: [GC (Allocation Failure) [PSYoungGen: 501376K->12800K(507392K)] 897703K->416715K(1031680K), 0.0312623 secs] [Times: user=0.05 sys=0.05, real=0.03 secs] 
2021-06-07T07:37:10.383+0800: 2066782.082: [GC (Allocation Failure) [PSYoungGen: 503296K->12544K(507392K)] 907211K->426453K(1031680K), 0.0277356 secs] [Times: user=0.03 sys=0.04, real=0.02 secs] 
2021-06-07T07:42:11.972+0800: 2067083.670: [GC (Allocation Failure) [PSYoungGen: 503040K->9440K(507392K)] 916949K->432732K(1031680K), 0.0284691 secs] [Times: user=0.04 sys=0.05, real=0.03 secs] 
2021-06-07T07:47:14.092+0800: 2067385.790: [GC (Allocation Failure) [PSYoungGen: 499936K->8864K(507392K)] 923228K->439486K(1031680K), 0.0267957 secs] [Times: user=0.03 sys=0.03, real=0.03 secs] 
2021-06-07T07:52:16.324+0800: 2067688.022: [GC (Allocation Failure) [PSYoungGen: 499360K->13440K(507392K)] 929982K->450691K(1031680K), 0.0285336 secs] [Times: user=0.04 sys=0.04, real=0.03 secs] 
2021-06-07T07:57:17.913+0800: 2067989.612: [GC (Allocation Failure) [PSYoungGen: 503936K->12736K(507392K)] 941187K->459502K(1031680K), 0.0283211 secs] [Times: user=0.04 sys=0.03, real=0.02 secs] 
2021-06-07T08:02:18.083+0800: 2068289.781: [GC (Allocation Failure) [PSYoungGen: 503232K->11808K(507904K)] 949998K->467514K(1032192K), 0.1011487 secs] [Times: user=0.04 sys=0.05, real=0.10 secs] 
2021-06-07T08:07:21.162+0800: 2068592.860: [GC (Allocation Failure) [PSYoungGen: 502816K->9344K(507392K)] 958522K->474395K(1031680K), 0.0240175 secs] [Times: user=0.03 sys=0.04, real=0.03 secs] 
2021-06-07T08:12:23.636+0800: 2068895.334: [GC (Allocation Failure) [PSYoungGen: 500352K->10976K(508416K)] 965403K->483366K(1032704K), 0.0237742 secs] [Times: user=0.04 sys=0.04, real=0.02 secs] 
2021-06-07T08:17:28.358+0800: 2069200.056: [GC (Allocation Failure) [PSYoungGen: 503008K->12320K(507904K)] 975398K->492825K(1032192K), 0.0793869 secs] [Times: user=0.04 sys=0.05, real=0.08 secs] 
2021-06-07T08:22:31.982+0800: 2069503.680: [GC (Allocation Failure) [PSYoungGen: 504352K->14176K(507392K)] 984857K->502900K(1031680K), 0.0256607 secs] [Times: user=0.04 sys=0.04, real=0.03 secs] 
2021-06-07T08:27:34.931+0800: 2069806.629: [GC (Allocation Failure) [PSYoungGen: 505696K->13312K(505344K)] 994420K->513414K(1029632K), 0.0269556 secs] [Times: user=0.04 sys=0.04, real=0.03 secs] 
2021-06-07T08:32:39.712+0800: 2070111.410: [GC (Allocation Failure) [PSYoungGen: 504832K->11680K(507904K)] 1004934K->521576K(1032192K), 0.0310813 secs] [Times: user=0.04 sys=0.05, real=0.04 secs] 
2021-06-07T08:37:41.507+0800: 2070413.205: [GC (Allocation Failure) [PSYoungGen: 502688K->10688K(507392K)] 1012584K->529490K(1031680K), 0.0248932 secs] [Times: user=0.04 sys=0.04, real=0.03 secs] 
2021-06-07T08:37:41.532+0800: 2070413.231: [Full GC (Ergonomics) [PSYoungGen: 10688K->0K(507392K)] [ParOldGen: 518802K->320310K(524288K)] 529490K->320310K(1031680K), [Metaspace: 96644K->96644K(1138688K)], 0.4246915 secs] [Times: user=0.49 sys=0.49, real=0.42 secs] 
2021-06-07T08:42:42.892+0800: 2070714.590: [GC (Allocation Failure) [PSYoungGen: 491008K->11136K(508416K)] 811318K->331446K(1032704K), 0.0318205 secs] [Times: user=0.03 sys=0.04, real=0.04 secs] 
2021-06-07T08:47:49.802+0800: 2071021.500: [GC (Allocation Failure) [PSYoungGen: 503680K->11840K(508416K)] 823990K->340433K(1032704K), 0.0248366 secs] [Times: user=0.04 sys=0.04, real=0.03 secs] 
2021-06-07T08:52:53.991+0800: 2071325.689: [GC (Allocation Failure) [PSYoungGen: 504384K->13088K(508928K)] 832977K->350524K(1033216K), 0.1185782 secs] [Times: user=0.10 sys=0.11, real=0.12 secs] 
2021-06-07T08:58:04.115+0800: 2071635.813: [GC (Allocation Failure) [PSYoungGen: 506656K->7744K(501760K)] 844092K->354812K(1026048K), 0.0732843 secs] [Times: user=0.04 sys=0.04, real=0.07 secs] 
2021-06-07T09:03:10.450+0800: 2071942.148: [GC (Allocation Failure) [PSYoungGen: 501312K->11616K(508928K)] 848380K->364543K(1033216K), 0.0320196 secs] [Times: user=0.04 sys=0.04, real=0.03 secs] 
2021-06-07T09:08:12.926+0800: 2072244.624: [GC (Allocation Failure) [PSYoungGen: 504672K->13216K(508416K)] 857599K->373938K(1032704K), 0.0265819 secs] [Times: user=0.03 sys=0.04, real=0.03 secs] 
2021-06-07T09:13:13.623+0800: 2072545.321: [GC (Allocation Failure) [PSYoungGen: 506272K->14976K(506368K)] 866994K->386061K(1030656K), 0.0324749 secs] [Times: user=0.04 sys=0.05, real=0.03 secs] 
2021-06-07T09:18:14.786+0800: 2072846.485: [GC (Allocation Failure) [PSYoungGen: 505472K->13536K(507392K)] 876557K->394136K(1031680K), 0.0369081 secs] [Times: user=0.05 sys=0.06, real=0.04 secs] 
2021-06-07T09:23:20.702+0800: 2073152.400: [GC (Allocation Failure) [PSYoungGen: 504032K->11296K(507904K)] 884632K->401922K(1032192K), 0.0327274 secs] [Times: user=0.04 sys=0.05, real=0.04 secs] 
2021-06-07T09:28:04.721+0800: 2073436.419: [GC (Allocation Failure) [PSYoungGen: 502304K->16096K(507392K)] 892930K->415623K(1031680K), 0.0621930 secs] [Times: user=0.05 sys=0.05, real=0.07 secs] 
2021-06-07T09:32:46.306+0800: 2073718.004: [GC (Allocation Failure) [PSYoungGen: 507098K->16864K(491008K)] 906626K->432942K(1015296K), 0.0355423 secs] [Times: user=0.04 sys=0.05, real=0.03 secs] 
2021-06-07T09:37:28.841+0800: 2074000.539: [GC (Allocation Failure) [PSYoungGen: 490976K->20320K(494592K)] 907054K->448420K(1018880K), 0.0372700 secs] [Times: user=0.05 sys=0.05, real=0.04 secs] 
2021-06-07T09:42:11.169+0800: 2074282.867: [GC (Allocation Failure) [PSYoungGen: 494432K->19008K(497152K)] 922532K->459871K(1021440K), 0.0342531 secs] [Times: user=0.04 sys=0.05, real=0.04 secs] 
2021-06-07T09:46:45.793+0800: 2074557.491: [GC (Allocation Failure) [PSYoungGen: 490048K->21152K(492544K)] 930911K->473390K(1016832K), 0.0354230 secs] [Times: user=0.04 sys=0.05, real=0.03 secs] 
2021-06-07T09:51:16.677+0800: 2074828.375: [GC (Allocation Failure) [PSYoungGen: 492192K->19200K(496640K)] 944430K->483388K(1020928K), 0.0404401 secs] [Times: user=0.04 sys=0.05, real=0.04 secs] 
2021-06-07T09:55:58.337+0800: 2075110.036: [GC (Allocation Failure) [PSYoungGen: 488192K->22336K(491520K)] 952380K->498105K(1015808K), 0.0383738 secs] [Times: user=0.05 sys=0.05, real=0.04 secs] 
2021-06-07T10:00:40.966+0800: 2075392.664: [GC (Allocation Failure) [PSYoungGen: 491328K->20384K(495616K)] 967097K->509102K(1019904K), 0.0394887 secs] [Times: user=0.04 sys=0.05, real=0.04 secs] 
2021-06-07T10:05:18.538+0800: 2075670.236: [GC (Allocation Failure) [PSYoungGen: 487328K->16928K(495616K)] 976046K->517291K(1019904K), 0.0304762 secs] [Times: user=0.04 sys=0.04, real=0.03 secs] 
2021-06-07T10:09:58.532+0800: 2075950.230: [GC (Allocation Failure) [PSYoungGen: 483872K->20480K(496640K)] 984235K->531326K(1020928K), 0.0327391 secs] [Times: user=0.05 sys=0.05, real=0.04 secs] 
2021-06-07T10:09:58.565+0800: 2075950.263: [Full GC (Ergonomics) [PSYoungGen: 20480K->0K(496640K)] [ParOldGen: 510846K->316424K(524288K)] 531326K->316424K(1020928K), [Metaspace: 96644K->96644K(1138688K)], 0.5347669 secs] [Times: user=0.57 sys=0.58, real=0.53 secs] 
2021-06-07T10:14:35.082+0800: 2076226.780: [GC (Allocation Failure) [PSYoungGen: 468992K->20416K(496640K)] 785416K->336840K(1020928K), 0.0293314 secs] [Times: user=0.03 sys=0.03, real=0.03 secs] 
2021-06-07T10:19:09.680+0800: 2076501.378: [GC (Allocation Failure) [PSYoungGen: 489408K->23328K(494592K)] 805832K->351958K(1018880K), 0.0441966 secs] [Times: user=0.05 sys=0.06, real=0.05 secs] 
2021-06-07T10:23:43.497+0800: 2076775.196: [GC (Allocation Failure) [PSYoungGen: 490269K->21888K(488960K)] 818900K->362851K(1013248K), 0.0393278 secs] [Times: user=0.05 sys=0.05, real=0.04 secs] 
2021-06-07T10:28:22.227+0800: 2077053.925: [GC (Allocation Failure) [PSYoungGen: 488832K->20288K(495616K)] 829795K->372553K(1019904K), 0.0344163 secs] [Times: user=0.04 sys=0.05, real=0.03 secs] 
2021-06-07T10:33:00.348+0800: 2077332.046: [GC (Allocation Failure) [PSYoungGen: 486720K->21152K(495104K)] 838985K->384350K(1019392K), 0.0354530 secs] [Times: user=0.04 sys=0.05, real=0.04 secs] 
2021-06-07T10:37:36.007+0800: 2077607.706: [GC (Allocation Failure) [PSYoungGen: 487584K->22016K(495616K)] 850782K->397651K(1019904K), 0.0883891 secs] [Times: user=0.04 sys=0.04, real=0.09 secs] 
2021-06-07T10:42:16.152+0800: 2077887.851: [GC (Allocation Failure) [PSYoungGen: 488960K->22304K(495616K)] 864595K->410129K(1019904K), 0.0596884 secs] [Times: user=0.05 sys=0.05, real=0.06 secs] 
2021-06-07T10:46:55.586+0800: 2078167.285: [GC (Allocation Failure) [PSYoungGen: 489248K->21728K(495616K)] 877073K->420240K(1019904K), 0.0461515 secs] [Times: user=0.05 sys=0.05, real=0.05 secs] 
2021-06-07T10:51:26.731+0800: 2078438.429: [GC (Allocation Failure) [PSYoungGen: 488672K->20064K(495616K)] 887184K->431022K(1019904K), 0.0425622 secs] [Times: user=0.05 sys=0.05, real=0.05 secs] 
2021-06-07T10:56:11.907+0800: 2078723.605: [GC (Allocation Failure) [PSYoungGen: 487008K->8608K(494080K)] 897966K->432419K(1018368K), 0.0299270 secs] [Times: user=0.04 sys=0.04, real=0.03 secs] 
2021-06-07T11:01:02.614+0800: 2079014.312: [GC (Allocation Failure) [PSYoungGen: 474528K->12576K(495104K)] 898339K->442863K(1019392K), 0.0374837 secs] [Times: user=0.05 sys=0.05, real=0.03 secs] 
2021-06-07T11:05:52.758+0800: 2079304.457: [GC (Allocation Failure) [PSYoungGen: 478496K->11744K(495104K)] 908783K->450339K(1019392K), 0.0312604 secs] [Times: user=0.05 sys=0.04, real=0.03 secs] 
2021-06-07T11:10:35.203+0800: 2079586.901: [GC (Allocation Failure) [PSYoungGen: 477664K->19744K(495104K)] 916259K->466362K(1019392K), 0.0347125 secs] [Times: user=0.04 sys=0.04, real=0.03 secs] 
2021-06-07T11:15:23.707+0800: 2079875.405: [GC (Allocation Failure) [PSYoungGen: 485664K->13472K(495616K)] 932282K->472067K(1019904K), 0.0323135 secs] [Times: user=0.04 sys=0.04, real=0.03 secs] 
2021-06-07T11:20:11.302+0800: 2080163.000: [GC (Allocation Failure) [PSYoungGen: 480416K->11552K(495616K)] 939011K->478374K(1019904K), 0.0253123 secs] [Times: user=0.03 sys=0.04, real=0.03 secs] 
2021-06-07T11:24:49.774+0800: 2080441.472: [GC (Allocation Failure) [PSYoungGen: 478496K->18592K(496128K)] 945318K->494756K(1020416K), 0.0342624 secs] [Times: user=0.04 sys=0.04, real=0.03 secs] 
2021-06-07T11:29:34.329+0800: 2080726.027: [GC (Allocation Failure) [PSYoungGen: 486560K->15072K(496128K)] 962724K->503088K(1020416K), 0.0296932 secs] [Times: user=0.04 sys=0.04, real=0.03 secs] 
2021-06-07T11:34:29.337+0800: 2081021.035: [GC (Allocation Failure) [PSYoungGen: 483040K->7872K(496128K)] 971056K->505479K(1020416K), 0.0245575 secs] [Times: user=0.04 sys=0.03, real=0.02 secs] 
2021-06-07T11:39:24.356+0800: 2081316.054: [GC (Allocation Failure) [PSYoungGen: 476864K->7296K(476672K)] 974471K->511225K(1000960K), 0.0265056 secs] [Times: user=0.03 sys=0.04, real=0.03 secs] 
2021-06-07T11:44:19.741+0800: 2081611.440: [GC (Allocation Failure) [PSYoungGen: 476288K->10912K(497152K)] 980217K->520030K(1021440K), 0.0353614 secs] [Times: user=0.04 sys=0.04, real=0.04 secs] 
2021-06-07T11:44:19.777+0800: 2081611.476: [Full GC (Ergonomics) [PSYoungGen: 10912K->0K(497152K)] [ParOldGen: 509118K->312907K(524288K)] 520030K->312907K(1021440K), [Metaspace: 96646K->96646K(1138688K)], 0.4494339 secs] [Times: user=0.98 sys=0.00, real=0.45 secs] 
2021-06-07T11:49:16.337+0800: 2081908.036: [GC (Allocation Failure) [PSYoungGen: 468992K->7072K(496128K)] 781899K->319979K(1020416K), 0.0353224 secs] [Times: user=0.04 sys=0.04, real=0.04 secs] 
2021-06-07T11:54:12.612+0800: 2082204.310: [GC (Allocation Failure) [PSYoungGen: 476064K->6624K(497152K)] 788971K->325189K(1021440K), 0.0299227 secs] [Times: user=0.04 sys=0.04, real=0.03 secs] 
2021-06-07T11:59:04.613+0800: 2082496.311: [GC (Allocation Failure) [PSYoungGen: 476128K->7488K(496640K)] 794693K->330922K(1020928K), 0.0266869 secs] [Times: user=0.03 sys=0.03, real=0.02 secs] 
2021-06-07T12:03:59.955+0800: 2082791.653: [GC (Allocation Failure) [PSYoungGen: 476992K->5600K(497664K)] 800426K->334845K(1021952K), 0.0254479 secs] [Times: user=0.04 sys=0.05, real=0.02 secs] 
2021-06-07T12:09:02.190+0800: 2083093.888: [GC (Allocation Failure) [PSYoungGen: 476640K->7392K(497664K)] 805885K->340745K(1021952K), 0.0257971 secs] [Times: user=0.03 sys=0.03, real=0.03 secs] 
2021-06-07T12:13:55.753+0800: 2083387.451: [GC (Allocation Failure) [PSYoungGen: 478432K->5728K(498688K)] 811785K->344596K(1022976K), 0.0226249 secs] [Times: user=0.03 sys=0.03, real=0.02 secs] 
2021-06-07T12:18:56.857+0800: 2083688.556: [GC (Allocation Failure) [PSYoungGen: 478304K->5856K(498176K)] 817172K->348649K(1022464K), 0.0296399 secs] [Times: user=0.04 sys=0.04, real=0.03 secs] 
2021-06-07T12:23:58.786+0800: 2083990.484: [GC (Allocation Failure) [PSYoungGen: 478432K->5568K(500224K)] 821225K->352820K(1024512K), 0.0270419 secs] [Times: user=0.07 sys=0.00, real=0.03 secs] 
2021-06-07T12:29:03.456+0800: 2084295.154: [GC (Allocation Failure) [PSYoungGen: 480704K->5152K(499200K)] 827956K->355841K(1023488K), 0.0257421 secs] [Times: user=0.04 sys=0.04, real=0.02 secs] 
2021-06-07T12:34:05.354+0800: 2084597.052: [GC (Allocation Failure) [PSYoungGen: 480288K->5664K(501248K)] 830977K->360085K(1025536K), 0.0245193 secs] [Times: user=0.03 sys=0.03, real=0.02 secs] 
2021-06-07T12:39:07.838+0800: 2084899.536: [GC (Allocation Failure) [PSYoungGen: 483360K->8640K(500736K)] 837781K->367226K(1025024K), 0.0226023 secs] [Times: user=0.03 sys=0.04, real=0.02 secs] 
2021-06-07T12:44:02.168+0800: 2085193.866: [GC (Allocation Failure) [PSYoungGen: 486336K->9376K(503808K)] 844922K->374599K(1028096K), 0.0248355 secs] [Times: user=0.04 sys=0.04, real=0.03 secs] 
2021-06-07T12:48:59.658+0800: 2085491.356: [GC (Allocation Failure) [PSYoungGen: 491680K->10368K(502784K)] 856903K->382554K(1027072K), 0.0462709 secs] [Times: user=0.04 sys=0.04, real=0.05 secs] 
2021-06-07T12:54:02.732+0800: 2085794.431: [GC (Allocation Failure) [PSYoungGen: 492672K->5824K(504832K)] 864858K->385323K(1029120K), 0.0264910 secs] [Times: user=0.04 sys=0.05, real=0.02 secs] 
2021-06-07T12:59:08.600+0800: 2086100.299: [GC (Allocation Failure) [PSYoungGen: 490688K->4640K(504320K)] 870187K->388559K(1028608K), 0.0621496 secs] [Times: user=0.03 sys=0.04, real=0.07 secs] 
2021-06-07T13:04:16.078+0800: 2086407.777: [GC (Allocation Failure) [PSYoungGen: 489504K->6272K(505856K)] 873423K->393460K(1030144K), 0.0240722 secs] [Times: user=0.03 sys=0.04, real=0.03 secs] 
2021-06-07T13:09:25.998+0800: 2086717.697: [GC (Allocation Failure) [PSYoungGen: 493184K->8704K(505344K)] 880372K->400705K(1029632K), 0.0236810 secs] [Times: user=0.04 sys=0.04, real=0.03 secs] 
2021-06-07T13:14:31.552+0800: 2087023.250: [GC (Allocation Failure) [PSYoungGen: 495616K->5792K(507392K)] 887617K->404427K(1031680K), 0.0210568 secs] [Times: user=0.03 sys=0.03, real=0.03 secs] 
2021-06-07T13:19:32.144+0800: 2087323.842: [GC (Allocation Failure) [PSYoungGen: 495776K->5834K(506880K)] 894411K->408681K(1031168K), 0.0220116 secs] [Times: user=0.04 sys=0.04, real=0.02 secs] 
2021-06-07T13:24:44.101+0800: 2087635.799: [GC (Allocation Failure) [PSYoungGen: 495818K->5312K(507904K)] 898665K->412558K(1032192K), 0.0634946 secs] [Times: user=0.03 sys=0.04, real=0.07 secs] 
2021-06-07T13:29:54.128+0800: 2087945.826: [GC (Allocation Failure) [PSYoungGen: 496832K->5440K(507904K)] 904078K->416603K(1032192K), 0.0343062 secs] [Times: user=0.02 sys=0.03, real=0.04 secs] 
2021-06-07T13:35:04.544+0800: 2088256.242: [GC (Allocation Failure) [PSYoungGen: 496960K->5088K(508928K)] 908123K->420431K(1033216K), 0.0250482 secs] [Times: user=0.03 sys=0.03, real=0.02 secs] 
2021-06-07T13:40:12.175+0800: 2088563.873: [GC (Allocation Failure) [PSYoungGen: 498144K->4576K(508416K)] 913487K->423675K(1032704K), 0.0221031 secs] [Times: user=0.03 sys=0.04, real=0.02 secs] 
2021-06-07T13:45:17.839+0800: 2088869.537: [GC (Allocation Failure) [PSYoungGen: 497632K->7328K(509952K)] 916731K->429617K(1034240K), 0.0247136 secs] [Times: user=0.08 sys=0.00, real=0.03 secs] 
2021-06-07T13:50:29.105+0800: 2089180.803: [GC (Allocation Failure) [PSYoungGen: 502432K->5696K(509440K)] 924721K->433380K(1033728K), 0.0326135 secs] [Times: user=0.04 sys=0.03, real=0.03 secs] 
2021-06-07T13:55:44.581+0800: 2089496.280: [GC (Allocation Failure) [PSYoungGen: 500800K->7584K(510976K)] 928484K->439233K(1035264K), 0.0665671 secs] [Times: user=0.04 sys=0.04, real=0.07 secs] 
2021-06-07T14:01:00.573+0800: 2089812.272: [GC (Allocation Failure) [PSYoungGen: 504736K->5824K(510464K)] 936385K->443811K(1034752K), 0.0227689 secs] [Times: user=0.03 sys=0.04, real=0.02 secs] 
2021-06-07T14:06:13.445+0800: 2090125.143: [GC (Allocation Failure) [PSYoungGen: 502976K->5536K(511488K)] 940963K->447768K(1035776K), 0.0232558 secs] [Times: user=0.03 sys=0.03, real=0.02 secs] 
2021-06-07T14:11:23.563+0800: 2090435.262: [GC (Allocation Failure) [PSYoungGen: 504224K->6272K(511488K)] 946456K->452125K(1035776K), 0.0320279 secs] [Times: user=0.03 sys=0.04, real=0.03 secs] 
2021-06-07T14:16:41.904+0800: 2090753.602: [GC (Allocation Failure) [PSYoungGen: 504960K->6912K(512512K)] 950813K->457010K(1036800K), 0.0221025 secs] [Times: user=0.03 sys=0.03, real=0.02 secs] 
2021-06-07T14:21:57.923+0800: 2091069.621: [GC (Allocation Failure) [PSYoungGen: 507136K->5344K(512000K)] 957234K->460741K(1036288K), 0.0235793 secs] [Times: user=0.04 sys=0.04, real=0.02 secs] 
2021-06-07T14:27:13.755+0800: 2091385.453: [GC (Allocation Failure) [PSYoungGen: 505568K->8096K(512000K)] 960965K->467322K(1036288K), 0.0250225 secs] [Times: user=0.04 sys=0.03, real=0.02 secs] 
2021-06-07T14:32:25.082+0800: 2091696.780: [GC (Allocation Failure) [PSYoungGen: 508828K->5088K(512512K)] 968055K->470684K(1036800K), 0.0250092 secs] [Times: user=0.04 sys=0.04, real=0.03 secs] 
2021-06-07T14:37:46.552+0800: 2092018.250: [GC (Allocation Failure) [PSYoungGen: 505824K->5504K(513024K)] 971420K->474353K(1037312K), 0.0207913 secs] [Times: user=0.04 sys=0.03, real=0.03 secs] 
2021-06-07T14:43:02.198+0800: 2092333.896: [GC (Allocation Failure) [PSYoungGen: 507264K->6112K(513024K)] 976113K->478909K(1037312K), 0.0235051 secs] [Times: user=0.03 sys=0.04, real=0.02 secs] 
2021-06-07T14:48:14.940+0800: 2092646.638: [GC (Allocation Failure) [PSYoungGen: 507865K->7200K(513536K)] 980663K->484682K(1037824K), 0.0237380 secs] [Times: user=0.04 sys=0.03, real=0.03 secs] 
2021-06-07T14:53:28.282+0800: 2092959.980: [GC (Allocation Failure) [PSYoungGen: 509984K->6432K(513536K)] 987466K->489644K(1037824K), 0.0215240 secs] [Times: user=0.03 sys=0.03, real=0.03 secs] 
2021-06-07T14:58:45.798+0800: 2093277.497: [GC (Allocation Failure) [PSYoungGen: 509216K->5024K(514048K)] 992428K->492696K(1038336K), 0.0425578 secs] [Times: user=0.03 sys=0.03, real=0.04 secs] 
2021-06-07T15:03:57.321+0800: 2093589.020: [GC (Allocation Failure) [PSYoungGen: 508832K->7648K(514048K)] 996504K->498565K(1038336K), 0.0237724 secs] [Times: user=0.04 sys=0.03, real=0.03 secs] 
2021-06-07T15:09:12.374+0800: 2093904.072: [GC (Allocation Failure) [PSYoungGen: 511456K->6592K(514560K)] 1002373K->503104K(1038848K), 0.0227311 secs] [Times: user=0.03 sys=0.03, real=0.02 secs] 
2021-06-07T15:14:30.692+0800: 2094222.391: [GC (Allocation Failure) [PSYoungGen: 510912K->4608K(514048K)] 1007424K->505660K(1038336K), 0.0215515 secs] [Times: user=0.03 sys=0.03, real=0.02 secs] 
2021-06-07T15:19:49.117+0800: 2094540.815: [GC (Allocation Failure) [PSYoungGen: 508926K->6176K(514560K)] 1009978K->510186K(1038848K), 0.0229225 secs] [Times: user=0.03 sys=0.04, real=0.02 secs] 
2021-06-07T15:25:08.433+0800: 2094860.132: [GC (Allocation Failure) [PSYoungGen: 511008K->5504K(514560K)] 1015018K->514214K(1038848K), 0.0210596 secs] [Times: user=0.03 sys=0.03, real=0.02 secs] 
2021-06-07T15:30:26.906+0800: 2095178.604: [GC (Allocation Failure) [PSYoungGen: 510336K->5472K(515072K)] 1019046K->518379K(1039360K), 0.0243476 secs] [Times: user=0.03 sys=0.04, real=0.02 secs] 
2021-06-07T15:35:49.513+0800: 2095501.211: [GC (Allocation Failure) [PSYoungGen: 511328K->4896K(515072K)] 1024235K->521751K(1039360K), 0.0244719 secs] [Times: user=0.03 sys=0.04, real=0.02 secs] 
2021-06-07T15:41:10.274+0800: 2095821.972: [GC (Allocation Failure) [PSYoungGen: 510752K->4384K(515072K)] 1027607K->524756K(1039360K), 0.0230649 secs] [Times: user=0.04 sys=0.04, real=0.02 secs] 
2021-06-07T15:41:10.298+0800: 2095821.996: [Full GC (Ergonomics) [PSYoungGen: 4384K->0K(515072K)] [ParOldGen: 520372K->290695K(524288K)] 524756K->290695K(1039360K), [Metaspace: 96647K->96647K(1138688K)], 0.4867519 secs] [Times: user=0.54 sys=0.55, real=0.49 secs] 
2021-06-07T15:46:30.631+0800: 2096142.329: [GC (Allocation Failure) [PSYoungGen: 505856K->4864K(515072K)] 796551K->295559K(1039360K), 0.0212212 secs] [Times: user=0.03 sys=0.04, real=0.03 secs] 
2021-06-07T15:51:45.406+0800: 2096457.105: [GC (Allocation Failure) [PSYoungGen: 510720K->5984K(515584K)] 801415K->299741K(1039872K), 0.0317032 secs] [Times: user=0.04 sys=0.04, real=0.03 secs] 
2021-06-07T15:56:58.177+0800: 2096769.876: [GC (Allocation Failure) [PSYoungGen: 512352K->8672K(515072K)] 806109K->307307K(1039360K), 0.0289424 secs] [Times: user=0.03 sys=0.04, real=0.03 secs] 
2021-06-07T16:02:17.433+0800: 2097089.131: [GC (Allocation Failure) [PSYoungGen: 515040K->6272K(512000K)] 813675K->311299K(1036288K), 0.0267528 secs] [Times: user=0.04 sys=0.04, real=0.02 secs] 
2021-06-07T16:07:32.450+0800: 2097404.148: [GC (Allocation Failure) [PSYoungGen: 509056K->4384K(513536K)] 814083K->314127K(1037824K), 0.0265351 secs] [Times: user=0.04 sys=0.04, real=0.03 secs] 
2021-06-07T16:12:47.657+0800: 2097719.356: [GC (Allocation Failure) [PSYoungGen: 507168K->6496K(513536K)] 816911K->319180K(1037824K), 0.0885847 secs] [Times: user=0.03 sys=0.03, real=0.09 secs] 
2021-06-07T16:18:04.229+0800: 2098035.927: [GC (Allocation Failure) [PSYoungGen: 509280K->5440K(513536K)] 821964K->322520K(1037824K), 0.0229353 secs] [Times: user=0.03 sys=0.03, real=0.02 secs] 
2021-06-07T16:23:21.813+0800: 2098353.511: [GC (Allocation Failure) [PSYoungGen: 508224K->6400K(514048K)] 825304K->326894K(1038336K), 0.0213047 secs] [Times: user=0.03 sys=0.04, real=0.02 secs] 
2021-06-07T16:28:37.150+0800: 2098668.848: [GC (Allocation Failure) [PSYoungGen: 510208K->7936K(514048K)] 830702K->332827K(1038336K), 0.0618615 secs] [Times: user=0.04 sys=0.03, real=0.07 secs] 
2021-06-07T16:33:52.832+0800: 2098984.530: [GC (Allocation Failure) [PSYoungGen: 511744K->7616K(514048K)] 836635K->338653K(1038336K), 0.0228211 secs] [Times: user=0.03 sys=0.04, real=0.02 secs] 
2021-06-07T16:39:05.746+0800: 2099297.444: [GC (Allocation Failure) [PSYoungGen: 511424K->6304K(514048K)] 842461K->343015K(1038336K), 0.0192105 secs] [Times: user=0.03 sys=0.03, real=0.02 secs] 
2021-06-07T16:44:14.440+0800: 2099606.139: [GC (Allocation Failure) [PSYoungGen: 510112K->8768K(513024K)] 846823K->350132K(1037312K), 0.0265710 secs] [Times: user=0.04 sys=0.04, real=0.03 secs] 
2021-06-07T16:49:28.456+0800: 2099920.154: [GC (Allocation Failure) [PSYoungGen: 511552K->9472K(512512K)] 852916K->357559K(1036800K), 0.0343011 secs] [Times: user=0.04 sys=0.05, real=0.03 secs] 
2021-06-07T16:54:44.086+0800: 2100235.784: [GC (Allocation Failure) [PSYoungGen: 512256K->8160K(513024K)] 860343K->363553K(1037312K), 0.0240876 secs] [Times: user=0.04 sys=0.03, real=0.02 secs] 
2021-06-07T17:00:01.061+0800: 2100552.759: [GC (Allocation Failure) [PSYoungGen: 509920K->6208K(513024K)] 865313K->368034K(1037312K), 0.0595334 secs] [Times: user=0.03 sys=0.03, real=0.06 secs] 
2021-06-07T17:05:16.147+0800: 2100867.845: [GC (Allocation Failure) [PSYoungGen: 507968K->6912K(513536K)] 869794K->373686K(1037824K), 0.0321399 secs] [Times: user=0.03 sys=0.03, real=0.03 secs] 
2021-06-07T17:10:30.945+0800: 2101182.643: [GC (Allocation Failure) [PSYoungGen: 509696K->7840K(513536K)] 876470K->379130K(1037824K), 0.0257218 secs] [Times: user=0.04 sys=0.04, real=0.02 secs] 
2021-06-07T17:15:41.035+0800: 2101492.733: [GC (Allocation Failure) [PSYoungGen: 510624K->5824K(513536K)] 881914K->382957K(1037824K), 0.0211938 secs] [Times: user=0.03 sys=0.04, real=0.02 secs] 
2021-06-07T17:20:51.807+0800: 2101803.505: [GC (Allocation Failure) [PSYoungGen: 508608K->7200K(513536K)] 885741K->388913K(1037824K), 0.0322962 secs] [Times: user=0.04 sys=0.04, real=0.03 secs] 
2021-06-07T17:26:04.791+0800: 2102116.489: [GC (Allocation Failure) [PSYoungGen: 509984K->6272K(514048K)] 891697K->392702K(1038336K), 0.0356061 secs] [Times: user=0.03 sys=0.04, real=0.04 secs] 
2021-06-07T17:31:21.492+0800: 2102433.190: [GC (Allocation Failure) [PSYoungGen: 510080K->7072K(514048K)] 896510K->398130K(1038336K), 0.0244451 secs] [Times: user=0.03 sys=0.03, real=0.02 secs] 
2021-06-07T17:36:39.607+0800: 2102751.305: [GC (Allocation Failure) [PSYoungGen: 510880K->6720K(514560K)] 901938K->403374K(1038848K), 0.0260310 secs] [Times: user=0.07 sys=0.00, real=0.03 secs] 
2021-06-07T17:41:54.869+0800: 2103066.567: [GC (Allocation Failure) [PSYoungGen: 511552K->9696K(514560K)] 908206K->411754K(1038848K), 0.0239181 secs] [Times: user=0.03 sys=0.04, real=0.03 secs] 
2021-06-07T17:47:09.402+0800: 2103381.100: [GC (Allocation Failure) [PSYoungGen: 514528K->8864K(509440K)] 916586K->418642K(1033728K), 0.0293888 secs] [Times: user=0.04 sys=0.05, real=0.03 secs] 
2021-06-07T17:52:20.510+0800: 2103692.208: [GC (Allocation Failure) [PSYoungGen: 508576K->6688K(512000K)] 918354K->422981K(1036288K), 0.0255045 secs] [Times: user=0.04 sys=0.04, real=0.03 secs] 
2021-06-07T17:57:33.944+0800: 2104005.642: [GC (Allocation Failure) [PSYoungGen: 506400K->8384K(512512K)] 922693K->429554K(1036800K), 0.0853897 secs] [Times: user=0.03 sys=0.04, real=0.08 secs] 
2021-06-07T18:02:46.800+0800: 2104318.498: [GC (Allocation Failure) [PSYoungGen: 508608K->7232K(512000K)] 929778K->435220K(1036288K), 0.0222771 secs] [Times: user=0.03 sys=0.03, real=0.02 secs] 
2021-06-07T18:08:02.024+0800: 2104633.722: [GC (Allocation Failure) [PSYoungGen: 507456K->7712K(513024K)] 935444K->441024K(1037312K), 0.0270668 secs] [Times: user=0.04 sys=0.04, real=0.02 secs] 
2021-06-07T18:13:17.070+0800: 2104948.768: [GC (Allocation Failure) [PSYoungGen: 508960K->7328K(512512K)] 942272K->446234K(1036800K), 0.0279814 secs] [Times: user=0.03 sys=0.04, real=0.03 secs] 
2021-06-07T18:18:29.959+0800: 2105261.657: [GC (Allocation Failure) [PSYoungGen: 508572K->4736K(513024K)] 947479K->449397K(1037312K), 0.0242614 secs] [Times: user=0.03 sys=0.04, real=0.03 secs] 
2021-06-07T18:23:42.209+0800: 2105573.907: [GC (Allocation Failure) [PSYoungGen: 506496K->5888K(513024K)] 951157K->453570K(1037312K), 0.0290747 secs] [Times: user=0.04 sys=0.04, real=0.03 secs] 
2021-06-07T18:28:55.256+0800: 2105886.954: [GC (Allocation Failure) [PSYoungGen: 507648K->6560K(513536K)] 955330K->458670K(1037824K), 0.0235446 secs] [Times: user=0.04 sys=0.04, real=0.02 secs] 
2021-06-07T18:34:09.286+0800: 2106200.984: [GC (Allocation Failure) [PSYoungGen: 508832K->7232K(513024K)] 960942K->463834K(1037312K), 0.0649458 secs] [Times: user=0.03 sys=0.03, real=0.06 secs] 
2021-06-07T18:39:29.528+0800: 2106521.226: [GC (Allocation Failure) [PSYoungGen: 509504K->4608K(513536K)] 966106K->466877K(1037824K), 0.0196565 secs] [Times: user=0.03 sys=0.03, real=0.02 secs] 
2021-06-07T18:44:47.511+0800: 2106839.209: [GC (Allocation Failure) [PSYoungGen: 507392K->6464K(513536K)] 969661K->471691K(1037824K), 0.0238945 secs] [Times: user=0.03 sys=0.03, real=0.03 secs] 
2021-06-07T18:50:05.839+0800: 2107157.537: [GC (Allocation Failure) [PSYoungGen: 509248K->5056K(514048K)] 974475K->475015K(1038336K), 0.0269877 secs] [Times: user=0.03 sys=0.05, real=0.03 secs] 
2021-06-07T18:55:21.082+0800: 2107472.780: [GC (Allocation Failure) [PSYoungGen: 508864K->6336K(514048K)] 978823K->479748K(1038336K), 0.0229133 secs] [Times: user=0.03 sys=0.04, real=0.03 secs] 
2021-06-07T19:00:37.778+0800: 2107789.476: [GC (Allocation Failure) [PSYoungGen: 510144K->7136K(514560K)] 983556K->484800K(1038848K), 0.0246886 secs] [Times: user=0.04 sys=0.04, real=0.03 secs] 
2021-06-07T19:05:52.163+0800: 2108103.862: [GC (Allocation Failure) [PSYoungGen: 511456K->5568K(514048K)] 989120K->488922K(1038336K), 0.0328790 secs] [Times: user=0.04 sys=0.05, real=0.03 secs] 
2021-06-07T19:11:07.654+0800: 2108419.352: [GC (Allocation Failure) [PSYoungGen: 509888K->5312K(514560K)] 993242K->492287K(1038848K), 0.0677836 secs] [Times: user=0.04 sys=0.04, real=0.06 secs] 
2021-06-07T19:16:18.615+0800: 2108730.313: [GC (Allocation Failure) [PSYoungGen: 510144K->5664K(514560K)] 997119K->495997K(1038848K), 0.0306288 secs] [Times: user=0.03 sys=0.05, real=0.03 secs] 
2021-06-07T19:21:30.091+0800: 2109041.789: [GC (Allocation Failure) [PSYoungGen: 510496K->5386K(514560K)] 1000829K->500067K(1038848K), 0.0316178 secs] [Times: user=0.03 sys=0.03, real=0.04 secs] 
2021-06-07T19:26:45.130+0800: 2109356.829: [GC (Allocation Failure) [PSYoungGen: 510218K->9088K(514048K)] 1004899K->507722K(1038336K), 0.0461335 secs] [Times: user=0.03 sys=0.03, real=0.05 secs] 
2021-06-07T19:32:10.437+0800: 2109682.135: [GC (Allocation Failure) [PSYoungGen: 513920K->5952K(514048K)] 1012554K->512186K(1038336K), 0.0263342 secs] [Times: user=0.03 sys=0.04, real=0.03 secs] 
2021-06-07T19:37:25.409+0800: 2109997.107: [GC (Allocation Failure) [PSYoungGen: 509760K->4640K(514048K)] 1015994K->515134K(1038336K), 0.0662877 secs] [Times: user=0.03 sys=0.03, real=0.07 secs] 
2021-06-07T19:42:41.317+0800: 2110313.015: [GC (Allocation Failure) [PSYoungGen: 508448K->6208K(514560K)] 1018942K->519612K(1038848K), 0.0233528 secs] [Times: user=0.04 sys=0.03, real=0.02 secs] 
2021-06-07T19:47:56.684+0800: 2110628.383: [GC (Allocation Failure) [PSYoungGen: 510528K->7008K(514048K)] 1023932K->525184K(1038336K), 0.0276515 secs] [Times: user=0.08 sys=0.00, real=0.03 secs] 
2021-06-07T19:47:56.713+0800: 2110628.411: [Full GC (Ergonomics) [PSYoungGen: 7008K->0K(514048K)] [ParOldGen: 518176K->308790K(524288K)] 525184K->308790K(1038336K), [Metaspace: 96652K->96652K(1138688K)], 0.4891452 secs] [Times: user=1.12 sys=0.00, real=0.48 secs] 
2021-06-07T19:53:12.755+0800: 2110944.454: [GC (Allocation Failure) [PSYoungGen: 504320K->6016K(515072K)] 813110K->314806K(1039360K), 0.0232715 secs] [Times: user=0.03 sys=0.04, real=0.02 secs] 
2021-06-07T19:58:28.927+0800: 2111260.625: [GC (Allocation Failure) [PSYoungGen: 511360K->5344K(514560K)] 820150K->318898K(1038848K), 0.0443634 secs] [Times: user=0.03 sys=0.04, real=0.04 secs] 
2021-06-07T20:03:42.069+0800: 2111573.767: [GC (Allocation Failure) [PSYoungGen: 510688K->6880K(515072K)] 824242K->323457K(1039360K), 0.0235975 secs] [Times: user=0.04 sys=0.03, real=0.03 secs] 
2021-06-07T20:08:57.613+0800: 2111889.311: [GC (Allocation Failure) [PSYoungGen: 512736K->8352K(514560K)] 829313K->330492K(1038848K), 0.0239991 secs] [Times: user=0.03 sys=0.04, real=0.02 secs] 
2021-06-07T20:14:13.019+0800: 2112204.717: [GC (Allocation Failure) [PSYoungGen: 514208K->7168K(514560K)] 836348K->335550K(1038848K), 0.0390872 secs] [Times: user=0.06 sys=0.06, real=0.04 secs] 
2021-06-07T20:19:29.011+0800: 2112520.709: [GC (Allocation Failure) [PSYoungGen: 512000K->6720K(514560K)] 840382K->340265K(1038848K), 0.0400023 secs] [Times: user=0.05 sys=0.06, real=0.04 secs] 
2021-06-07T20:24:38.514+0800: 2112830.212: [GC (Allocation Failure) [PSYoungGen: 511552K->6912K(515072K)] 845097K->345613K(1039360K), 0.0290352 secs] [Times: user=0.03 sys=0.04, real=0.03 secs] 
2021-06-07T20:29:56.171+0800: 2113147.869: [GC (Allocation Failure) [PSYoungGen: 512768K->6400K(515072K)] 851469K->349768K(1039360K), 0.0313779 secs] [Times: user=0.03 sys=0.04, real=0.04 secs] 
2021-06-07T20:35:09.311+0800: 2113461.009: [GC (Allocation Failure) [PSYoungGen: 512256K->4928K(515072K)] 855624K->353020K(1039360K), 0.0408385 secs] [Times: user=0.04 sys=0.03, real=0.04 secs] 
2021-06-07T20:40:25.849+0800: 2113777.547: [GC (Allocation Failure) [PSYoungGen: 510784K->8736K(515072K)] 858876K->360073K(1039360K), 0.0269646 secs] [Times: user=0.07 sys=0.00, real=0.03 secs] 
2021-06-07T20:45:40.536+0800: 2114092.234: [GC (Allocation Failure) [PSYoungGen: 514592K->5344K(514048K)] 865929K->363267K(1038336K), 0.0280613 secs] [Times: user=0.04 sys=0.04, real=0.03 secs] 
2021-06-07T20:50:55.959+0800: 2114407.657: [GC (Allocation Failure) [PSYoungGen: 510176K->5760K(514560K)] 868099K->367377K(1038848K), 0.0280162 secs] [Times: user=0.03 sys=0.04, real=0.03 secs] 
2021-06-07T20:56:11.212+0800: 2114722.910: [GC (Allocation Failure) [PSYoungGen: 510592K->6464K(515072K)] 872209K->371797K(1039360K), 0.0239355 secs] [Times: user=0.03 sys=0.04, real=0.03 secs] 
2021-06-07T21:01:29.452+0800: 2115041.150: [GC (Allocation Failure) [PSYoungGen: 511808K->5152K(514560K)] 877141K->375440K(1038848K), 0.0250719 secs] [Times: user=0.04 sys=0.04, real=0.03 secs] 
2021-06-07T21:06:46.939+0800: 2115358.637: [GC (Allocation Failure) [PSYoungGen: 510496K->5536K(515072K)] 880784K->379405K(1039360K), 0.0226165 secs] [Times: user=0.03 sys=0.03, real=0.02 secs] 
2021-06-07T21:12:03.796+0800: 2115675.495: [GC (Allocation Failure) [PSYoungGen: 511392K->7584K(515072K)] 885261K->385329K(1039360K), 0.0264834 secs] [Times: user=0.04 sys=0.03, real=0.03 secs] 
2021-06-07T21:17:18.036+0800: 2115989.734: [GC (Allocation Failure) [PSYoungGen: 513440K->7968K(514048K)] 891185K->390893K(1038336K), 0.0242048 secs] [Times: user=0.04 sys=0.04, real=0.02 secs] 
2021-06-07T21:22:35.772+0800: 2116307.470: [GC (Allocation Failure) [PSYoungGen: 512800K->4992K(514560K)] 895725K->393734K(1038848K), 0.0239777 secs] [Times: user=0.04 sys=0.03, real=0.03 secs] 
2021-06-07T21:27:51.475+0800: 2116623.173: [GC (Allocation Failure) [PSYoungGen: 509824K->9696K(510464K)] 898566K->402020K(1034752K), 0.0277780 secs] [Times: user=0.04 sys=0.04, real=0.03 secs] 
2021-06-07T21:33:00.157+0800: 2116931.855: [GC (Allocation Failure) [PSYoungGen: 510432K->7456K(512512K)] 902756K->406862K(1036800K), 0.0414910 secs] [Times: user=0.04 sys=0.05, real=0.04 secs] 
2021-06-07T21:38:10.931+0800: 2117242.629: [GC (Allocation Failure) [PSYoungGen: 508192K->6816K(513024K)] 907598K->412234K(1037312K), 0.0285087 secs] [Times: user=0.04 sys=0.04, real=0.03 secs] 
2021-06-07T21:43:24.847+0800: 2117556.546: [GC (Allocation Failure) [PSYoungGen: 508064K->7392K(512512K)] 913482K->418141K(1036800K), 0.0234596 secs] [Times: user=0.03 sys=0.04, real=0.02 secs] 
2021-06-07T21:48:35.229+0800: 2117866.927: [GC (Allocation Failure) [PSYoungGen: 508640K->5632K(513536K)] 919389K->421624K(1037824K), 0.0241480 secs] [Times: user=0.04 sys=0.04, real=0.03 secs] 
2021-06-07T21:53:47.091+0800: 2118178.789: [GC (Allocation Failure) [PSYoungGen: 508416K->8576K(511488K)] 924408K->428510K(1035776K), 0.0233851 secs] [Times: user=0.03 sys=0.04, real=0.03 secs] 
2021-06-07T21:58:56.341+0800: 2118488.040: [GC (Allocation Failure) [PSYoungGen: 511360K->5824K(513536K)] 931294K->433063K(1037824K), 0.0234276 secs] [Times: user=0.03 sys=0.03, real=0.03 secs] 
2021-06-07T22:04:04.548+0800: 2118796.246: [GC (Allocation Failure) [PSYoungGen: 508096K->8160K(513024K)] 935335K->439588K(1037312K), 0.0245783 secs] [Times: user=0.03 sys=0.03, real=0.03 secs] 
2021-06-07T22:09:17.930+0800: 2119109.628: [GC (Allocation Failure) [PSYoungGen: 510424K->5280K(513536K)] 941852K->442790K(1037824K), 0.0191580 secs] [Times: user=0.02 sys=0.02, real=0.02 secs] 
2021-06-07T22:14:32.770+0800: 2119424.468: [GC (Allocation Failure) [PSYoungGen: 508064K->5984K(513536K)] 945574K->446803K(1037824K), 0.0274356 secs] [Times: user=0.04 sys=0.04, real=0.03 secs] 
2021-06-07T22:19:42.988+0800: 2119734.686: [GC (Allocation Failure) [PSYoungGen: 508768K->5664K(513536K)] 949587K->450896K(1037824K), 0.1174553 secs] [Times: user=0.03 sys=0.04, real=0.12 secs] 
2021-06-07T22:24:58.433+0800: 2120050.131: [GC (Allocation Failure) [PSYoungGen: 508448K->4448K(513536K)] 953680K->453660K(1037824K), 0.0216618 secs] [Times: user=0.03 sys=0.04, real=0.02 secs] 
2021-06-07T22:30:13.706+0800: 2120365.404: [GC (Allocation Failure) [PSYoungGen: 507232K->5760K(514048K)] 956444K->457938K(1038336K), 0.0206137 secs] [Times: user=0.03 sys=0.03, real=0.02 secs] 
2021-06-07T22:35:28.905+0800: 2120680.604: [GC (Allocation Failure) [PSYoungGen: 509056K->8288K(513536K)] 961234K->464414K(1037824K), 0.0228015 secs] [Times: user=0.03 sys=0.03, real=0.02 secs] 
2021-06-07T22:40:41.126+0800: 2120992.824: [GC (Allocation Failure) [PSYoungGen: 511584K->5408K(514048K)] 967710K->467897K(1038336K), 0.0262258 secs] [Times: user=0.03 sys=0.04, real=0.03 secs] 
2021-06-07T22:45:56.221+0800: 2121307.919: [GC (Allocation Failure) [PSYoungGen: 508704K->5280K(513536K)] 971193K->471686K(1037824K), 0.0513535 secs] [Times: user=0.03 sys=0.04, real=0.06 secs] 
2021-06-07T22:51:13.848+0800: 2121625.547: [GC (Allocation Failure) [PSYoungGen: 508576K->6176K(514560K)] 974982K->476252K(1038848K), 0.0244722 secs] [Times: user=0.03 sys=0.05, real=0.03 secs] 
2021-06-07T22:56:28.660+0800: 2121940.358: [GC (Allocation Failure) [PSYoungGen: 510496K->6368K(514048K)] 980572K->481359K(1038336K), 0.0376056 secs] [Times: user=0.02 sys=0.04, real=0.04 secs] 
2021-06-07T23:01:43.644+0800: 2122255.342: [GC (Allocation Failure) [PSYoungGen: 510688K->6848K(514560K)] 985679K->486331K(1038848K), 0.0638924 secs] [Times: user=0.03 sys=0.03, real=0.06 secs] 
2021-06-07T23:07:01.904+0800: 2122573.602: [GC (Allocation Failure) [PSYoungGen: 511680K->4832K(514560K)] 991163K->490045K(1038848K), 0.0308460 secs] [Times: user=0.03 sys=0.03, real=0.03 secs] 
2021-06-07T23:12:12.322+0800: 2122884.021: [GC (Allocation Failure) [PSYoungGen: 509664K->5024K(515072K)] 994877K->493634K(1039360K), 0.0264429 secs] [Times: user=0.04 sys=0.03, real=0.02 secs] 
2021-06-07T23:17:32.924+0800: 2123204.623: [GC (Allocation Failure) [PSYoungGen: 510368K->8032K(514560K)] 998978K->499639K(1038848K), 0.0318387 secs] [Times: user=0.03 sys=0.03, real=0.03 secs] 
2021-06-07T23:22:49.412+0800: 2123521.110: [GC (Allocation Failure) [PSYoungGen: 513376K->6560K(514560K)] 1004983K->504649K(1038848K), 0.0339852 secs] [Times: user=0.04 sys=0.04, real=0.04 secs] 
2021-06-07T23:28:06.896+0800: 2123838.595: [GC (Allocation Failure) [PSYoungGen: 511392K->5312K(514560K)] 1009481K->508165K(1038848K), 0.0273343 secs] [Times: user=0.04 sys=0.04, real=0.03 secs] 
2021-06-07T23:33:24.708+0800: 2124156.406: [GC (Allocation Failure) [PSYoungGen: 510144K->6560K(515072K)] 1012997K->513147K(1039360K), 0.0261278 secs] [Times: user=0.03 sys=0.03, real=0.03 secs] 
2021-06-07T23:38:44.066+0800: 2124475.764: [GC (Allocation Failure) [PSYoungGen: 512416K->5120K(515072K)] 1019003K->516685K(1039360K), 0.0275906 secs] [Times: user=0.03 sys=0.03, real=0.03 secs] 
2021-06-07T23:44:07.057+0800: 2124798.755: [GC (Allocation Failure) [PSYoungGen: 510976K->5536K(515072K)] 1022541K->520818K(1039360K), 0.0231926 secs] [Times: user=0.07 sys=0.00, real=0.02 secs] 
2021-06-07T23:49:30.516+0800: 2125122.214: [GC (Allocation Failure) [PSYoungGen: 511392K->7200K(515072K)] 1026674K->526455K(1039360K), 0.0246616 secs] [Times: user=0.04 sys=0.04, real=0.02 secs] 
2021-06-07T23:49:30.541+0800: 2125122.240: [Full GC (Ergonomics) [PSYoungGen: 7200K->0K(515072K)] [ParOldGen: 519255K->295565K(524288K)] 526455K->295565K(1039360K), [Metaspace: 96652K->96648K(1138688K)], 0.4685618 secs] [Times: user=1.00 sys=0.00, real=0.47 secs] 
2021-06-07T23:54:45.965+0800: 2125437.664: [GC (Allocation Failure) [PSYoungGen: 505856K->6112K(515584K)] 801421K->301677K(1039872K), 0.0202368 secs] [Times: user=0.03 sys=0.03, real=0.02 secs] 
2021-06-08T00:00:01.376+0800: 2125753.074: [GC (Allocation Failure) [PSYoungGen: 512480K->4864K(515072K)] 808045K->304754K(1039360K), 0.0277212 secs] [Times: user=0.03 sys=0.03, real=0.03 secs] 
2021-06-08T00:05:06.815+0800: 2126058.513: [GC (Allocation Failure) [PSYoungGen: 511232K->5856K(515584K)] 811122K->308984K(1039872K), 0.0229620 secs] [Times: user=0.03 sys=0.04, real=0.02 secs] 
2021-06-08T00:10:22.912+0800: 2126374.610: [GC (Allocation Failure) [PSYoungGen: 512736K->6528K(515584K)] 815864K->313828K(1039872K), 0.0225258 secs] [Times: user=0.03 sys=0.03, real=0.03 secs] 
2021-06-08T00:15:42.956+0800: 2126694.654: [GC (Allocation Failure) [PSYoungGen: 513408K->7104K(515584K)] 820708K->318817K(1039872K), 0.0232482 secs] [Times: user=0.03 sys=0.03, real=0.02 secs] 
2021-06-08T00:20:56.964+0800: 2127008.663: [GC (Allocation Failure) [PSYoungGen: 513984K->5920K(515584K)] 825697K->323156K(1039872K), 0.0230999 secs] [Times: user=0.07 sys=0.00, real=0.02 secs] 
2021-06-08T00:26:15.296+0800: 2127326.994: [GC (Allocation Failure) [PSYoungGen: 512800K->5888K(516096K)] 830036K->327624K(1040384K), 0.0214967 secs] [Times: user=0.03 sys=0.03, real=0.02 secs] 
2021-06-08T00:31:34.117+0800: 2127645.816: [GC (Allocation Failure) [PSYoungGen: 513280K->8160K(515584K)] 835016K->334654K(1039872K), 0.0279147 secs] [Times: user=0.03 sys=0.03, real=0.03 secs] 
2021-06-08T00:36:55.066+0800: 2127966.764: [GC (Allocation Failure) [PSYoungGen: 515552K->5152K(511488K)] 842046K->338758K(1035776K), 0.0205231 secs] [Times: user=0.03 sys=0.03, real=0.02 secs] 
2021-06-08T00:42:13.015+0800: 2128284.713: [GC (Allocation Failure) [PSYoungGen: 507936K->6432K(513536K)] 841542K->343739K(1037824K), 0.0248862 secs] [Times: user=0.03 sys=0.03, real=0.02 secs] 
2021-06-08T00:47:30.411+0800: 2128602.109: [GC (Allocation Failure) [PSYoungGen: 509216K->6336K(514048K)] 846523K->348646K(1038336K), 0.0351123 secs] [Times: user=0.03 sys=0.03, real=0.04 secs] 
2021-06-08T00:52:48.144+0800: 2128919.842: [GC (Allocation Failure) [PSYoungGen: 510144K->6208K(514048K)] 852454K->353449K(1038336K), 0.0304699 secs] [Times: user=0.03 sys=0.03, real=0.03 secs] 
2021-06-08T00:58:04.636+0800: 2129236.334: [GC (Allocation Failure) [PSYoungGen: 510016K->4384K(514560K)] 857257K->356605K(1038848K), 0.0207160 secs] [Times: user=0.03 sys=0.03, real=0.02 secs] 
2021-06-08T01:03:17.907+0800: 2129549.605: [GC (Allocation Failure) [PSYoungGen: 509216K->6592K(514560K)] 861437K->361747K(1038848K), 0.0219934 secs] [Times: user=0.03 sys=0.03, real=0.02 secs] 
2021-06-08T01:08:37.924+0800: 2129869.622: [GC (Allocation Failure) [PSYoungGen: 511424K->4768K(514560K)] 866579K->364830K(1038848K), 0.0215290 secs] [Times: user=0.03 sys=0.04, real=0.02 secs] 
2021-06-08T01:13:56.498+0800: 2130188.196: [GC (Allocation Failure) [PSYoungGen: 509600K->4864K(514560K)] 869662K->367652K(1038848K), 0.0445996 secs] [Times: user=0.03 sys=0.03, real=0.05 secs] 
2021-06-08T01:19:03.725+0800: 2130495.423: [GC (Allocation Failure) [PSYoungGen: 509696K->5930K(515072K)] 872484K->371947K(1039360K), 0.0306348 secs] [Times: user=0.03 sys=0.04, real=0.03 secs] 
2021-06-08T01:24:16.752+0800: 2130808.451: [GC (Allocation Failure) [PSYoungGen: 511274K->6848K(514560K)] 877291K->377543K(1038848K), 0.0319289 secs] [Times: user=0.02 sys=0.03, real=0.03 secs] 
2021-06-08T01:29:32.732+0800: 2131124.430: [GC (Allocation Failure) [PSYoungGen: 512192K->7680K(514048K)] 882887K->383818K(1038336K), 0.0231441 secs] [Times: user=0.03 sys=0.03, real=0.03 secs] 
2021-06-08T01:34:48.962+0800: 2131440.661: [GC (Allocation Failure) [PSYoungGen: 512512K->5088K(514560K)] 888650K->387084K(1038848K), 0.0247583 secs] [Times: user=0.03 sys=0.03, real=0.02 secs] 
2021-06-08T01:40:04.047+0800: 2131755.745: [GC (Allocation Failure) [PSYoungGen: 509920K->5088K(515072K)] 891916K->390617K(1039360K), 0.0221402 secs] [Times: user=0.03 sys=0.03, real=0.02 secs] 
2021-06-08T01:45:20.080+0800: 2132071.778: [GC (Allocation Failure) [PSYoungGen: 510944K->5312K(515072K)] 896473K->394534K(1039360K), 0.0198662 secs] [Times: user=0.03 sys=0.03, real=0.02 secs] 
2021-06-08T01:50:39.255+0800: 2132390.953: [GC (Allocation Failure) [PSYoungGen: 511168K->7744K(514048K)] 900390K->400707K(1038336K), 0.0219652 secs] [Times: user=0.03 sys=0.03, real=0.02 secs] 
2021-06-08T01:55:56.701+0800: 2132708.399: [GC (Allocation Failure) [PSYoungGen: 512576K->6400K(514560K)] 905539K->405532K(1038848K), 0.0901561 secs] [Times: user=0.03 sys=0.03, real=0.09 secs] 
2021-06-08T02:01:11.857+0800: 2133023.555: [GC (Allocation Failure) [PSYoungGen: 511232K->5952K(515072K)] 910364K->409080K(1039360K), 0.0676633 secs] [Times: user=0.03 sys=0.03, real=0.07 secs] 
2021-06-08T02:06:27.320+0800: 2133339.018: [GC (Allocation Failure) [PSYoungGen: 511806K->5440K(515072K)] 914935K->413060K(1039360K), 0.0322110 secs] [Times: user=0.03 sys=0.04, real=0.04 secs] 
2021-06-08T02:11:40.819+0800: 2133652.518: [GC (Allocation Failure) [PSYoungGen: 511296K->6336K(515584K)] 918916K->417522K(1039872K), 0.0221611 secs] [Times: user=0.03 sys=0.03, real=0.02 secs] 
2021-06-08T02:17:03.130+0800: 2133974.829: [GC (Allocation Failure) [PSYoungGen: 513216K->5568K(515584K)] 924402K->420830K(1039872K), 0.0204444 secs] [Times: user=0.03 sys=0.04, real=0.02 secs] 
2021-06-08T02:22:21.625+0800: 2134293.323: [GC (Allocation Failure) [PSYoungGen: 512448K->5376K(515584K)] 927710K->424706K(1039872K), 0.0238087 secs] [Times: user=0.04 sys=0.03, real=0.02 secs] 
2021-06-08T02:27:38.536+0800: 2134610.234: [GC (Allocation Failure) [PSYoungGen: 512256K->5952K(515584K)] 931586K->429335K(1039872K), 0.0204810 secs] [Times: user=0.03 sys=0.03, real=0.02 secs] 
2021-06-08T02:32:52.482+0800: 2134924.180: [GC (Allocation Failure) [PSYoungGen: 512832K->6848K(516096K)] 936215K->434907K(1040384K), 0.0572473 secs] [Times: user=0.04 sys=0.03, real=0.06 secs] 
2021-06-08T02:38:15.247+0800: 2135246.945: [GC (Allocation Failure) [PSYoungGen: 514752K->6208K(516096K)] 942811K->439583K(1040384K), 0.0227456 secs] [Times: user=0.03 sys=0.03, real=0.02 secs] 
2021-06-08T02:43:35.536+0800: 2135567.234: [GC (Allocation Failure) [PSYoungGen: 514112K->8160K(510976K)] 947487K->446597K(1035264K), 0.0233666 secs] [Times: user=0.04 sys=0.04, real=0.02 secs] 
2021-06-08T02:48:50.880+0800: 2135882.578: [GC (Allocation Failure) [PSYoungGen: 510944K->8576K(513536K)] 949381K->452464K(1037824K), 0.0239993 secs] [Times: user=0.03 sys=0.04, real=0.03 secs] 
2021-06-08T02:54:06.051+0800: 2136197.749: [GC (Allocation Failure) [PSYoungGen: 511360K->6496K(513536K)] 955248K->457210K(1037824K), 0.0227222 secs] [Times: user=0.04 sys=0.03, real=0.03 secs] 
2021-06-08T02:59:24.720+0800: 2136516.418: [GC (Allocation Failure) [PSYoungGen: 509280K->5504K(513536K)] 959994K->461397K(1037824K), 0.0261564 secs] [Times: user=0.04 sys=0.03, real=0.03 secs] 
2021-06-08T03:04:41.846+0800: 2136833.545: [GC (Allocation Failure) [PSYoungGen: 508288K->5568K(514048K)] 964181K->465482K(1038336K), 0.0235245 secs] [Times: user=0.04 sys=0.03, real=0.02 secs] 
2021-06-08T03:09:56.887+0800: 2137148.586: [GC (Allocation Failure) [PSYoungGen: 508864K->6496K(513536K)] 968778K->470526K(1037824K), 0.0233843 secs] [Times: user=0.03 sys=0.04, real=0.02 secs] 
2021-06-08T03:15:15.374+0800: 2137467.072: [GC (Allocation Failure) [PSYoungGen: 509792K->7040K(514560K)] 973822K->475323K(1038848K), 0.0237371 secs] [Times: user=0.03 sys=0.03, real=0.02 secs] 
2021-06-08T03:20:29.619+0800: 2137781.317: [GC (Allocation Failure) [PSYoungGen: 511360K->8640K(514048K)] 979643K->482414K(1038336K), 0.0300357 secs] [Times: user=0.05 sys=0.04, real=0.03 secs] 
2021-06-08T03:25:48.658+0800: 2138100.356: [GC (Allocation Failure) [PSYoungGen: 512960K->7680K(514048K)] 986734K->488376K(1038336K), 0.0256888 secs] [Times: user=0.04 sys=0.05, real=0.03 secs] 
2021-06-08T03:31:02.467+0800: 2138414.166: [GC (Allocation Failure) [PSYoungGen: 511488K->6720K(514048K)] 992184K->493778K(1038336K), 0.0248003 secs] [Times: user=0.04 sys=0.04, real=0.03 secs] 
2021-06-08T03:36:19.525+0800: 2138731.223: [GC (Allocation Failure) [PSYoungGen: 510528K->6464K(514560K)] 997586K->498461K(1038848K), 0.0326163 secs] [Times: user=0.03 sys=0.04, real=0.03 secs] 
2021-06-08T03:41:32.649+0800: 2139044.347: [GC (Allocation Failure) [PSYoungGen: 510784K->6880K(514048K)] 1002781K->504001K(1038336K), 0.0234634 secs] [Times: user=0.03 sys=0.03, real=0.03 secs] 
2021-06-08T03:46:47.591+0800: 2139359.289: [GC (Allocation Failure) [PSYoungGen: 511200K->6144K(515072K)] 1008321K->508764K(1039360K), 0.0473465 secs] [Times: user=0.03 sys=0.04, real=0.05 secs] 
2021-06-08T03:52:06.637+0800: 2139678.336: [GC (Allocation Failure) [PSYoungGen: 511488K->5536K(514560K)] 1014108K->512831K(1038848K), 0.0502845 secs] [Times: user=0.03 sys=0.03, real=0.05 secs] 
2021-06-08T03:57:21.404+0800: 2139993.102: [GC (Allocation Failure) [PSYoungGen: 510880K->6976K(515072K)] 1018175K->518252K(1039360K), 0.0245333 secs] [Times: user=0.03 sys=0.03, real=0.02 secs] 
2021-06-08T04:02:37.041+0800: 2140308.740: [GC (Allocation Failure) [PSYoungGen: 512832K->4640K(515072K)] 1024108K->520894K(1039360K), 0.0253407 secs] [Times: user=0.03 sys=0.04, real=0.03 secs] 
2021-06-08T04:07:54.420+0800: 2140626.118: [GC (Allocation Failure) [PSYoungGen: 510496K->9088K(513024K)] 1026750K->528596K(1037312K), 0.0224049 secs] [Times: user=0.04 sys=0.04, real=0.03 secs] 
2021-06-08T04:07:54.443+0800: 2140626.141: [Full GC (Ergonomics) [PSYoungGen: 9088K->0K(513024K)] [ParOldGen: 519508K->304222K(524288K)] 528596K->304222K(1037312K), [Metaspace: 96652K->96652K(1138688K)], 0.4903083 secs] [Times: user=1.06 sys=0.00, real=0.49 secs] 
2021-06-08T04:13:11.214+0800: 2140942.912: [GC (Allocation Failure) [PSYoungGen: 503808K->5664K(514048K)] 808030K->309886K(1038336K), 0.0208106 secs] [Times: user=0.02 sys=0.03, real=0.02 secs] 
2021-06-08T04:18:30.512+0800: 2141262.210: [GC (Allocation Failure) [PSYoungGen: 509472K->5952K(514560K)] 813694K->313947K(1038848K), 0.0229005 secs] [Times: user=0.03 sys=0.03, real=0.02 secs] 
2021-06-08T04:23:44.601+0800: 2141576.299: [GC (Allocation Failure) [PSYoungGen: 510272K->6048K(514048K)] 818267K->318471K(1038336K), 0.0698252 secs] [Times: user=0.03 sys=0.03, real=0.07 secs] 
2021-06-08T04:29:04.447+0800: 2141896.145: [GC (Allocation Failure) [PSYoungGen: 510368K->5056K(514560K)] 822791K->322163K(1038848K), 0.0196063 secs] [Times: user=0.03 sys=0.03, real=0.02 secs] 
2021-06-08T04:34:14.727+0800: 2142206.426: [GC (Allocation Failure) [PSYoungGen: 509888K->5536K(514560K)] 826995K->326136K(1038848K), 0.0440192 secs] [Times: user=0.03 sys=0.03, real=0.04 secs] 
2021-06-08T04:39:26.260+0800: 2142517.959: [GC (Allocation Failure) [PSYoungGen: 510368K->7936K(514048K)] 830968K->332749K(1038336K), 0.0227731 secs] [Times: user=0.03 sys=0.04, real=0.03 secs] 
2021-06-08T04:44:44.911+0800: 2142836.609: [GC (Allocation Failure) [PSYoungGen: 512768K->5408K(514560K)] 837581K->336303K(1038848K), 0.0532321 secs] [Times: user=0.03 sys=0.03, real=0.06 secs] 
2021-06-08T04:50:00.815+0800: 2143152.513: [GC (Allocation Failure) [PSYoungGen: 510240K->5216K(514560K)] 841135K->340115K(1038848K), 0.0208638 secs] [Times: user=0.03 sys=0.04, real=0.02 secs] 
2021-06-08T04:55:12.554+0800: 2143464.252: [GC (Allocation Failure) [PSYoungGen: 510048K->5056K(514560K)] 844947K->343680K(1038848K), 0.0196085 secs] [Times: user=0.03 sys=0.03, real=0.02 secs] 
2021-06-08T05:00:32.723+0800: 2143784.421: [GC (Allocation Failure) [PSYoungGen: 509888K->5408K(515072K)] 848512K->347486K(1039360K), 0.0168828 secs] [Times: user=0.02 sys=0.03, real=0.01 secs] 
2021-06-08T05:05:53.973+0800: 2144105.672: [GC (Allocation Failure) [PSYoungGen: 511264K->4416K(515072K)] 853342K->350514K(1039360K), 0.0498298 secs] [Times: user=0.03 sys=0.03, real=0.05 secs] 
2021-06-08T05:11:13.272+0800: 2144424.970: [GC (Allocation Failure) [PSYoungGen: 510272K->7232K(515072K)] 856370K->356015K(1039360K), 0.0223589 secs] [Times: user=0.03 sys=0.04, real=0.03 secs] 
2021-06-08T05:16:33.191+0800: 2144744.890: [GC (Allocation Failure) [PSYoungGen: 513088K->5408K(515072K)] 861871K->359227K(1039360K), 0.0230601 secs] [Times: user=0.04 sys=0.04, real=0.03 secs] 
2021-06-08T05:21:48.317+0800: 2145060.015: [GC (Allocation Failure) [PSYoungGen: 511264K->9184K(509952K)] 865083K->367785K(1034240K), 0.0255274 secs] [Times: user=0.04 sys=0.04, real=0.03 secs] 
2021-06-08T05:27:05.909+0800: 2145377.607: [GC (Allocation Failure) [PSYoungGen: 509920K->7712K(512512K)] 868521K->374378K(1036800K), 0.0396854 secs] [Times: user=0.02 sys=0.03, real=0.04 secs] 
2021-06-08T05:32:25.384+0800: 2145697.083: [GC (Allocation Failure) [PSYoungGen: 508448K->5024K(512512K)] 875114K->377836K(1036800K), 0.0277132 secs] [Times: user=0.04 sys=0.04, real=0.03 secs] 
2021-06-08T05:37:45.311+0800: 2146017.009: [GC (Allocation Failure) [PSYoungGen: 505760K->8480K(512512K)] 878572K->385040K(1036800K), 0.0243234 secs] [Times: user=0.03 sys=0.04, real=0.03 secs] 
2021-06-08T05:42:57.605+0800: 2146329.304: [GC (Allocation Failure) [PSYoungGen: 509216K->8928K(511488K)] 885776K->392169K(1035776K), 0.0335803 secs] [Times: user=0.03 sys=0.05, real=0.03 secs] 
2021-06-08T05:48:15.860+0800: 2146647.559: [GC (Allocation Failure) [PSYoungGen: 508640K->6336K(512000K)] 891881K->396411K(1036288K), 0.0356233 secs] [Times: user=0.04 sys=0.05, real=0.04 secs] 
2021-06-08T05:53:30.536+0800: 2146962.234: [GC (Allocation Failure) [PSYoungGen: 506048K->7840K(512512K)] 896123K->402894K(1036800K), 0.0235034 secs] [Times: user=0.04 sys=0.04, real=0.02 secs] 
2021-06-08T05:58:47.362+0800: 2147279.060: [GC (Allocation Failure) [PSYoungGen: 508576K->7808K(512512K)] 903630K->409390K(1036800K), 0.0276471 secs] [Times: user=0.04 sys=0.04, real=0.03 secs] 
2021-06-08T06:04:07.580+0800: 2147599.278: [GC (Allocation Failure) [PSYoungGen: 508544K->5952K(513024K)] 910126K->412857K(1037312K), 0.0247488 secs] [Times: user=0.03 sys=0.04, real=0.03 secs] 
2021-06-08T06:09:30.945+0800: 2147922.644: [GC (Allocation Failure) [PSYoungGen: 507712K->8448K(513024K)] 914617K->419812K(1037312K), 0.0393067 secs] [Times: user=0.03 sys=0.04, real=0.04 secs] 
2021-06-08T06:14:50.600+0800: 2148242.299: [GC (Allocation Failure) [PSYoungGen: 510208K->9408K(512000K)] 921572K->426720K(1036288K), 0.0325915 secs] [Times: user=0.04 sys=0.04, real=0.04 secs] 
2021-06-08T06:20:07.206+0800: 2148558.904: [GC (Allocation Failure) [PSYoungGen: 510144K->6624K(512512K)] 927456K->431339K(1036800K), 0.0255226 secs] [Times: user=0.03 sys=0.04, real=0.02 secs] 
2021-06-08T06:25:29.539+0800: 2148881.237: [GC (Allocation Failure) [PSYoungGen: 507360K->8064K(513024K)] 932075K->437959K(1037312K), 0.0300451 secs] [Times: user=0.04 sys=0.04, real=0.03 secs] 
2021-06-08T06:30:54.945+0800: 2149206.643: [GC (Allocation Failure) [PSYoungGen: 509824K->4928K(513024K)] 939719K->441232K(1037312K), 0.0244084 secs] [Times: user=0.03 sys=0.04, real=0.02 secs] 
2021-06-08T06:36:19.171+0800: 2149530.869: [GC (Allocation Failure) [PSYoungGen: 506688K->5472K(513024K)] 942992K->445316K(1037312K), 0.0226234 secs] [Times: user=0.03 sys=0.03, real=0.03 secs] 
2021-06-08T06:41:45.925+0800: 2149857.623: [GC (Allocation Failure) [PSYoungGen: 507232K->6528K(513024K)] 947076K->450337K(1037312K), 0.0224408 secs] [Times: user=0.03 sys=0.03, real=0.02 secs] 
2021-06-08T06:47:11.210+0800: 2150182.909: [GC (Allocation Failure) [PSYoungGen: 508288K->7104K(513536K)] 952097K->455853K(1037824K), 0.0486110 secs] [Times: user=0.04 sys=0.04, real=0.05 secs] 
2021-06-08T06:52:36.475+0800: 2150508.174: [GC (Allocation Failure) [PSYoungGen: 509888K->5664K(513536K)] 958637K->460071K(1037824K), 0.0594608 secs] [Times: user=0.04 sys=0.03, real=0.06 secs] 
2021-06-08T06:57:55.631+0800: 2150827.329: [GC (Allocation Failure) [PSYoungGen: 508448K->7744K(513536K)] 962855K->466148K(1037824K), 0.0342051 secs] [Times: user=0.03 sys=0.04, real=0.04 secs] 
2021-06-08T07:03:19.135+0800: 2151150.833: [GC (Allocation Failure) [PSYoungGen: 510528K->7680K(513536K)] 968932K->472415K(1037824K), 0.0244593 secs] [Times: user=0.04 sys=0.03, real=0.02 secs] 
2021-06-08T07:08:36.554+0800: 2151468.252: [GC (Allocation Failure) [PSYoungGen: 510464K->8768K(513024K)] 975199K->479299K(1037312K), 0.0586916 secs] [Times: user=0.03 sys=0.04, real=0.06 secs] 
2021-06-08T07:13:58.479+0800: 2151790.177: [GC (Allocation Failure) [PSYoungGen: 511552K->5440K(513536K)] 982083K->482805K(1037824K), 0.0266152 secs] [Times: user=0.04 sys=0.05, real=0.03 secs] 
2021-06-08T07:19:08.783+0800: 2152100.481: [GC (Allocation Failure) [PSYoungGen: 508224K->9290K(512512K)] 985589K->490292K(1036800K), 0.0218409 secs] [Times: user=0.04 sys=0.04, real=0.02 secs] 
2021-06-08T07:24:32.668+0800: 2152424.367: [GC (Allocation Failure) [PSYoungGen: 511050K->5920K(513024K)] 992052K->494470K(1037312K), 0.0263505 secs] [Times: user=0.04 sys=0.04, real=0.03 secs] 
2021-06-08T07:29:51.604+0800: 2152743.302: [GC (Allocation Failure) [PSYoungGen: 507680K->5344K(513024K)] 996230K->497618K(1037312K), 0.0213484 secs] [Times: user=0.03 sys=0.03, real=0.02 secs] 
2021-06-08T07:35:14.975+0800: 2153066.673: [GC (Allocation Failure) [PSYoungGen: 507104K->8000K(513024K)] 999378K->504208K(1037312K), 0.0252333 secs] [Times: user=0.03 sys=0.04, real=0.02 secs] 
2021-06-08T07:40:37.891+0800: 2153389.589: [GC (Allocation Failure) [PSYoungGen: 509760K->6880K(513536K)] 1005968K->508987K(1037824K), 0.0319971 secs] [Times: user=0.04 sys=0.04, real=0.04 secs] 
2021-06-08T07:45:55.733+0800: 2153707.431: [GC (Allocation Failure) [PSYoungGen: 509152K->8384K(513024K)] 1011259K->515351K(1037312K), 0.0226148 secs] [Times: user=0.03 sys=0.03, real=0.02 secs] 
2021-06-08T07:51:21.209+0800: 2154032.907: [GC (Allocation Failure) [PSYoungGen: 510656K->4896K(513536K)] 1017623K->518720K(1037824K), 0.0232097 secs] [Times: user=0.03 sys=0.03, real=0.03 secs] 
2021-06-08T07:56:42.169+0800: 2154353.867: [GC (Allocation Failure) [PSYoungGen: 507680K->5088K(513536K)] 1021504K->522445K(1037824K), 0.0280701 secs] [Times: user=0.04 sys=0.04, real=0.03 secs] 
2021-06-08T07:56:42.198+0800: 2154353.896: [Full GC (Ergonomics) [PSYoungGen: 5088K->0K(513536K)] [ParOldGen: 517357K->298167K(524288K)] 522445K->298167K(1037824K), [Metaspace: 96686K->96686K(1138688K)], 0.3971651 secs] [Times: user=0.47 sys=0.45, real=0.40 secs] 
2021-06-08T08:02:09.752+0800: 2154681.451: [GC (Allocation Failure) [PSYoungGen: 502784K->8448K(512512K)] 800951K->306615K(1036800K), 0.0200083 secs] [Times: user=0.03 sys=0.02, real=0.02 secs] 
2021-06-08T08:07:30.493+0800: 2155002.192: [GC (Allocation Failure) [PSYoungGen: 510208K->8160K(513024K)] 808375K->313473K(1037312K), 0.0267257 secs] [Times: user=0.04 sys=0.04, real=0.02 secs] 
2021-06-08T08:12:52.998+0800: 2155324.697: [GC (Allocation Failure) [PSYoungGen: 509920K->7136K(513536K)] 815233K->318779K(1037824K), 0.0556300 secs] [Times: user=0.03 sys=0.03, real=0.06 secs] 
2021-06-08T08:18:12.213+0800: 2155643.911: [GC (Allocation Failure) [PSYoungGen: 509408K->5376K(513024K)] 821051K->322071K(1037312K), 0.0200502 secs] [Times: user=0.03 sys=0.03, real=0.02 secs] 
2021-06-08T08:23:27.735+0800: 2155959.434: [GC (Allocation Failure) [PSYoungGen: 507648K->10016K(511488K)] 824343K->330517K(1035776K), 0.0229094 secs] [Times: user=0.03 sys=0.03, real=0.02 secs] 
2021-06-08T08:28:43.498+0800: 2156275.196: [GC (Allocation Failure) [PSYoungGen: 510752K->9376K(512512K)] 831253K->336448K(1036800K), 0.0332789 secs] [Times: user=0.04 sys=0.03, real=0.03 secs] 
2021-06-08T08:33:58.482+0800: 2156590.180: [GC (Allocation Failure) [PSYoungGen: 510112K->6144K(512512K)] 837184K->339913K(1036800K), 0.0259104 secs] [Times: user=0.04 sys=0.03, real=0.03 secs] 
2021-06-08T08:39:17.854+0800: 2156909.553: [GC (Allocation Failure) [PSYoungGen: 506880K->6112K(512512K)] 840649K->344372K(1036800K), 0.0208567 secs] [Times: user=0.04 sys=0.04, real=0.02 secs] 
2021-06-08T08:44:40.093+0800: 2157231.791: [GC (Allocation Failure) [PSYoungGen: 506848K->5696K(513024K)] 845108K->348456K(1037312K), 0.0250029 secs] [Times: user=0.03 sys=0.04, real=0.02 secs] 
2021-06-08T08:49:57.987+0800: 2157549.685: [GC (Allocation Failure) [PSYoungGen: 507456K->5632K(513024K)] 850216K->352396K(1037312K), 0.0315802 secs] [Times: user=0.05 sys=0.04, real=0.03 secs] 
2021-06-08T08:55:16.592+0800: 2157868.290: [GC (Allocation Failure) [PSYoungGen: 507392K->5984K(513536K)] 854156K->356513K(1037824K), 0.0268452 secs] [Times: user=0.03 sys=0.04, real=0.03 secs] 
2021-06-08T09:00:37.108+0800: 2158188.806: [GC (Allocation Failure) [PSYoungGen: 508256K->9856K(512512K)] 858785K->364629K(1036800K), 0.0321650 secs] [Times: user=0.04 sys=0.04, real=0.03 secs] 
2021-06-08T09:05:57.527+0800: 2158509.226: [GC (Allocation Failure) [PSYoungGen: 512128K->4544K(512512K)] 866901K->367174K(1036800K), 0.0395257 secs] [Times: user=0.04 sys=0.06, real=0.04 secs] 
2021-06-08T09:11:22.987+0800: 2158834.685: [GC (Allocation Failure) [PSYoungGen: 505280K->5024K(512512K)] 867910K->370643K(1036800K), 0.0244651 secs] [Times: user=0.03 sys=0.04, real=0.02 secs] 
2021-06-08T09:16:35.658+0800: 2159147.356: [GC (Allocation Failure) [PSYoungGen: 505760K->8160K(512512K)] 871379K->376857K(1036800K), 0.0270908 secs] [Times: user=0.04 sys=0.04, real=0.03 secs] 
2021-06-08T09:21:50.266+0800: 2159461.964: [GC (Allocation Failure) [PSYoungGen: 508896K->7872K(512512K)] 877593K->382988K(1036800K), 0.0273154 secs] [Times: user=0.03 sys=0.04, real=0.03 secs] 
2021-06-08T09:27:07.128+0800: 2159778.826: [GC (Allocation Failure) [PSYoungGen: 508608K->6624K(513024K)] 883724K->387703K(1037312K), 0.0282256 secs] [Times: user=0.03 sys=0.04, real=0.03 secs] 
2021-06-08T09:32:23.606+0800: 2160095.305: [GC (Allocation Failure) [PSYoungGen: 507872K->7200K(512512K)] 888951K->393243K(1036800K), 0.0279824 secs] [Times: user=0.04 sys=0.05, real=0.03 secs] 
2021-06-08T09:37:44.321+0800: 2160416.019: [GC (Allocation Failure) [PSYoungGen: 508448K->7904K(513536K)] 894491K->399806K(1037824K), 0.0859459 secs] [Times: user=0.04 sys=0.03, real=0.09 secs] 
2021-06-08T09:43:04.509+0800: 2160736.207: [GC (Allocation Failure) [PSYoungGen: 510688K->7424K(513536K)] 902590K->405465K(1037824K), 0.0464814 secs] [Times: user=0.03 sys=0.03, real=0.05 secs] 
2021-06-08T09:48:26.389+0800: 2161058.088: [GC (Allocation Failure) [PSYoungGen: 510208K->6176K(514048K)] 908249K->409661K(1038336K), 0.0237952 secs] [Times: user=0.04 sys=0.04, real=0.03 secs] 
2021-06-08T09:53:50.905+0800: 2161382.604: [GC (Allocation Failure) [PSYoungGen: 509472K->5728K(513536K)] 912957K->413482K(1037824K), 0.0270788 secs] [Times: user=0.03 sys=0.04, real=0.03 secs] 
2021-06-08T09:59:14.025+0800: 2161705.723: [GC (Allocation Failure) [PSYoungGen: 509024K->4960K(514048K)] 916778K->416926K(1038336K), 0.0231639 secs] [Times: user=0.03 sys=0.04, real=0.02 secs] 
2021-06-08T10:04:34.787+0800: 2162026.485: [GC (Allocation Failure) [PSYoungGen: 508768K->5184K(514048K)] 920734K->420715K(1038336K), 0.0808320 secs] [Times: user=0.04 sys=0.04, real=0.08 secs] 
2021-06-08T10:09:59.973+0800: 2162351.672: [GC (Allocation Failure) [PSYoungGen: 508992K->6624K(514560K)] 924523K->425808K(1038848K), 0.0779171 secs] [Times: user=0.03 sys=0.04, real=0.07 secs] 
2021-06-08T10:15:24.238+0800: 2162675.936: [GC (Allocation Failure) [PSYoungGen: 510944K->5728K(514048K)] 930128K->429844K(1038336K), 0.0229321 secs] [Times: user=0.03 sys=0.04, real=0.02 secs] 
2021-06-08T10:20:36.021+0800: 2162987.720: [GC (Allocation Failure) [PSYoungGen: 510046K->6592K(514560K)] 934163K->435088K(1038848K), 0.0263407 secs] [Times: user=0.03 sys=0.03, real=0.03 secs] 
2021-06-08T10:25:22.771+0800: 2163274.469: [GC (Allocation Failure) [PSYoungGen: 511424K->9696K(514560K)] 939920K->447026K(1038848K), 0.0267684 secs] [Times: user=0.03 sys=0.04, real=0.03 secs] 
2021-06-08T10:26:13.963+0800: 2163325.661: [GC (Allocation Failure) [PSYoungGen: 513449K->4823K(506368K)] 950779K->451556K(1030656K), 0.0202851 secs] [Times: user=0.04 sys=0.03, real=0.02 secs] 
2021-06-08T10:27:05.267+0800: 2163376.965: [GC (Allocation Failure) [PSYoungGen: 501463K->1440K(510464K)] 948196K->450874K(1034752K), 0.0231758 secs] [Times: user=0.01 sys=0.02, real=0.02 secs] 
2021-06-08T10:27:58.130+0800: 2163429.828: [GC (Allocation Failure) [PSYoungGen: 496997K->2973K(510464K)] 946431K->452896K(1034752K), 0.0186593 secs] [Times: user=0.02 sys=0.02, real=0.02 secs] 
2021-06-08T10:31:45.071+0800: 2163656.770: [GC (Allocation Failure) [PSYoungGen: 499613K->3840K(510464K)] 949536K->454521K(1034752K), 0.0229790 secs] [Times: user=0.03 sys=0.03, real=0.03 secs] 
2021-06-08T10:37:00.402+0800: 2163972.100: [GC (Allocation Failure) [PSYoungGen: 500480K->9440K(509440K)] 951161K->462487K(1033728K), 0.0986754 secs] [Times: user=0.03 sys=0.04, real=0.10 secs] 
2021-06-08T10:42:18.543+0800: 2164290.241: [GC (Allocation Failure) [PSYoungGen: 505056K->6944K(509952K)] 958103K->467768K(1034240K), 0.0242302 secs] [Times: user=0.04 sys=0.04, real=0.02 secs] 
2021-06-08T10:47:33.269+0800: 2164604.967: [GC (Allocation Failure) [PSYoungGen: 502560K->7776K(510976K)] 963384K->473820K(1035264K), 0.0345690 secs] [Times: user=0.04 sys=0.05, real=0.04 secs] 
2021-06-08T10:52:49.958+0800: 2164921.656: [GC (Allocation Failure) [PSYoungGen: 504928K->4576K(510464K)] 970972K->476199K(1034752K), 0.0219925 secs] [Times: user=0.03 sys=0.03, real=0.02 secs] 
2021-06-08T10:58:05.271+0800: 2165236.969: [GC (Allocation Failure) [PSYoungGen: 501728K->6240K(512000K)] 973351K->480916K(1036288K), 0.0244641 secs] [Times: user=0.04 sys=0.04, real=0.03 secs] 
2021-06-08T11:03:26.110+0800: 2165557.808: [GC (Allocation Failure) [PSYoungGen: 504928K->6720K(510976K)] 979604K->486352K(1035264K), 0.0509092 secs] [Times: user=0.02 sys=0.03, real=0.05 secs] 
2021-06-08T11:08:37.798+0800: 2165869.497: [GC (Allocation Failure) [PSYoungGen: 505408K->7488K(512512K)] 985040K->491989K(1036800K), 0.0260166 secs] [Times: user=0.04 sys=0.04, real=0.03 secs] 
2021-06-08T11:13:53.207+0800: 2166184.905: [GC (Allocation Failure) [PSYoungGen: 508224K->11744K(512512K)] 992725K->503002K(1036800K), 0.0312327 secs] [Times: user=0.04 sys=0.05, real=0.03 secs] 
2021-06-08T11:19:16.343+0800: 2166508.041: [GC (Allocation Failure) [PSYoungGen: 512480K->9216K(505344K)] 1003738K->509354K(1029632K), 0.0646974 secs] [Times: user=0.05 sys=0.05, real=0.07 secs] 
2021-06-08T11:24:33.435+0800: 2166825.134: [GC (Allocation Failure) [PSYoungGen: 502784K->7936K(508928K)] 1002922K->515380K(1033216K), 0.0656943 secs] [Times: user=0.04 sys=0.05, real=0.06 secs] 
2021-06-08T11:29:46.439+0800: 2167138.137: [GC (Allocation Failure) [PSYoungGen: 501504K->7904K(509952K)] 1008948K->521400K(1034240K), 0.1160614 secs] [Times: user=0.04 sys=0.04, real=0.12 secs] 
2021-06-08T11:35:00.801+0800: 2167452.499: [GC (Allocation Failure) [PSYoungGen: 503008K->7488K(509440K)] 1016504K->527202K(1033728K), 0.0249507 secs] [Times: user=0.03 sys=0.04, real=0.03 secs] 
2021-06-08T11:35:00.826+0800: 2167452.525: [Full GC (Ergonomics) [PSYoungGen: 7488K->0K(509440K)] [ParOldGen: 519713K->306864K(524288K)] 527202K->306864K(1033728K), [Metaspace: 96828K->96824K(1138688K)], 0.4932838 secs] [Times: user=0.55 sys=0.54, real=0.49 secs] 
2021-06-08T11:40:16.637+0800: 2167768.335: [GC (Allocation Failure) [PSYoungGen: 495104K->7520K(510976K)] 801968K->314384K(1035264K), 0.0559666 secs] [Times: user=0.03 sys=0.04, real=0.06 secs] 
2021-06-08T11:45:36.757+0800: 2168088.456: [GC (Allocation Failure) [PSYoungGen: 504672K->6976K(510464K)] 811536K->319379K(1034752K), 0.0583210 secs] [Times: user=0.04 sys=0.04, real=0.06 secs] 
2021-06-08T11:50:50.965+0800: 2168402.664: [GC (Allocation Failure) [PSYoungGen: 504128K->5344K(511488K)] 816531K->322927K(1035776K), 0.0408283 secs] [Times: user=0.04 sys=0.05, real=0.04 secs] 
2021-06-08T11:56:06.369+0800: 2168718.067: [GC (Allocation Failure) [PSYoungGen: 504032K->6880K(511488K)] 821615K->328164K(1035776K), 0.0247742 secs] [Times: user=0.03 sys=0.04, real=0.03 secs] 
2021-06-08T12:01:21.001+0800: 2169032.700: [GC (Allocation Failure) [PSYoungGen: 505568K->4800K(512000K)] 826852K->331063K(1036288K), 0.0326244 secs] [Times: user=0.04 sys=0.04, real=0.04 secs] 
2021-06-08T12:06:37.174+0800: 2169348.872: [GC (Allocation Failure) [PSYoungGen: 504512K->4864K(512000K)] 830775K->334444K(1036288K), 0.0577374 secs] [Times: user=0.03 sys=0.03, real=0.05 secs] 
2021-06-08T12:11:51.450+0800: 2169663.148: [GC (Allocation Failure) [PSYoungGen: 504576K->7168K(512512K)] 834156K->339466K(1036800K), 0.0223750 secs] [Times: user=0.02 sys=0.04, real=0.03 secs] 
2021-06-08T12:17:07.031+0800: 2169978.729: [GC (Allocation Failure) [PSYoungGen: 507392K->4832K(512000K)] 839690K->341821K(1036288K), 0.0254791 secs] [Times: user=0.02 sys=0.03, real=0.03 secs] 
2021-06-08T12:22:22.652+0800: 2170294.350: [GC (Allocation Failure) [PSYoungGen: 505056K->7232K(513024K)] 842045K->347571K(1037312K), 0.0575827 secs] [Times: user=0.03 sys=0.03, real=0.06 secs] 
2021-06-08T12:27:38.357+0800: 2170610.056: [GC (Allocation Failure) [PSYoungGen: 508480K->7264K(512512K)] 848819K->353582K(1036800K), 0.0343425 secs] [Times: user=0.03 sys=0.04, real=0.03 secs] 
2021-06-08T12:32:57.738+0800: 2170929.436: [GC (Allocation Failure) [PSYoungGen: 508512K->9280K(512000K)] 854830K->361209K(1036288K), 0.0410131 secs] [Times: user=0.03 sys=0.03, real=0.04 secs] 
2021-06-08T12:38:17.791+0800: 2171249.490: [GC (Allocation Failure) [PSYoungGen: 510016K->5408K(512512K)] 861945K->364992K(1036800K), 0.0622446 secs] [Times: user=0.04 sys=0.03, real=0.07 secs] 
2021-06-08T12:43:34.032+0800: 2171565.730: [GC (Allocation Failure) [PSYoungGen: 506144K->11232K(507904K)] 865728K->374366K(1032192K), 0.0286443 secs] [Times: user=0.03 sys=0.03, real=0.03 secs] 
2021-06-08T12:48:50.815+0800: 2171882.514: [GC (Allocation Failure) [PSYoungGen: 507872K->4800K(510464K)] 871006K->377100K(1034752K), 0.0223208 secs] [Times: user=0.03 sys=0.03, real=0.02 secs] 
2021-06-08T12:54:13.189+0800: 2172204.887: [GC (Allocation Failure) [PSYoungGen: 501440K->4256K(510464K)] 873740K->379881K(1034752K), 0.0495390 secs] [Times: user=0.03 sys=0.04, real=0.05 secs] 
2021-06-08T12:59:36.881+0800: 2172528.580: [GC (Allocation Failure) [PSYoungGen: 500896K->6432K(510464K)] 876521K->384639K(1034752K), 0.0232151 secs] [Times: user=0.03 sys=0.03, real=0.03 secs] 
2021-06-08T13:04:57.731+0800: 2172849.429: [GC (Allocation Failure) [PSYoungGen: 503072K->5312K(511488K)] 881279K->388242K(1035776K), 0.0217831 secs] [Times: user=0.03 sys=0.03, real=0.03 secs] 
2021-06-08T13:10:13.554+0800: 2173165.252: [GC (Allocation Failure) [PSYoungGen: 503488K->6112K(510976K)] 886418K->392511K(1035264K), 0.0738011 secs] [Times: user=0.03 sys=0.03, real=0.07 secs] 
2021-06-08T13:15:32.120+0800: 2173483.818: [GC (Allocation Failure) [PSYoungGen: 504288K->4992K(512000K)] 890687K->395563K(1036288K), 0.0245948 secs] [Times: user=0.06 sys=0.00, real=0.03 secs] 
2021-06-08T13:20:34.494+0800: 2173786.192: [GC (Allocation Failure) [PSYoungGen: 504704K->9834K(509952K)] 895275K->403564K(1034240K), 0.0300974 secs] [Times: user=0.04 sys=0.04, real=0.03 secs] 
2021-06-08T13:25:52.454+0800: 2174104.152: [GC (Allocation Failure) [PSYoungGen: 509546K->9888K(510464K)] 903276K->410776K(1034752K), 0.0255697 secs] [Times: user=0.03 sys=0.04, real=0.02 secs] 
2021-06-08T13:31:08.011+0800: 2174419.709: [GC (Allocation Failure) [PSYoungGen: 507552K->6560K(510976K)] 908440K->415201K(1035264K), 0.0246544 secs] [Times: user=0.03 sys=0.04, real=0.03 secs] 
2021-06-08T13:36:20.594+0800: 2174732.292: [GC (Allocation Failure) [PSYoungGen: 504224K->9376K(510464K)] 912865K->422733K(1034752K), 0.0317076 secs] [Times: user=0.04 sys=0.05, real=0.03 secs] 
2021-06-08T13:41:35.546+0800: 2175047.244: [GC (Allocation Failure) [PSYoungGen: 507040K->8320K(510976K)] 920397K->428912K(1035264K), 0.0279987 secs] [Times: user=0.04 sys=0.05, real=0.03 secs] 
2021-06-08T13:46:51.828+0800: 2175363.526: [GC (Allocation Failure) [PSYoungGen: 505984K->6368K(511488K)] 926576K->433346K(1035776K), 0.0323691 secs] [Times: user=0.04 sys=0.04, real=0.03 secs] 
2021-06-08T13:52:06.232+0800: 2175677.930: [GC (Allocation Failure) [PSYoungGen: 505056K->5504K(511488K)] 932034K->437422K(1035776K), 0.0298906 secs] [Times: user=0.04 sys=0.04, real=0.03 secs] 
2021-06-08T13:57:22.438+0800: 2175994.136: [GC (Allocation Failure) [PSYoungGen: 504192K->7520K(512000K)] 936110K->443434K(1036288K), 0.0288868 secs] [Times: user=0.03 sys=0.03, real=0.03 secs] 
2021-06-08T14:02:38.432+0800: 2176310.130: [GC (Allocation Failure) [PSYoungGen: 507232K->5408K(512000K)] 943146K->447468K(1036288K), 0.0248992 secs] [Times: user=0.04 sys=0.04, real=0.03 secs] 
2021-06-08T14:07:51.842+0800: 2176623.540: [GC (Allocation Failure) [PSYoungGen: 505113K->9952K(510464K)] 947173K->455777K(1034752K), 0.0371214 secs] [Times: user=0.04 sys=0.05, real=0.03 secs] 
2021-06-08T14:13:04.685+0800: 2176936.383: [GC (Allocation Failure) [PSYoungGen: 508640K->8544K(511488K)] 954465K->462298K(1035776K), 0.0458244 secs] [Times: user=0.04 sys=0.05, real=0.04 secs] 
2021-06-08T14:18:18.458+0800: 2177250.156: [GC (Allocation Failure) [PSYoungGen: 507232K->8384K(512000K)] 960986K->468557K(1036288K), 0.0245395 secs] [Times: user=0.04 sys=0.04, real=0.03 secs] 
2021-06-08T14:23:38.139+0800: 2177569.837: [GC (Allocation Failure) [PSYoungGen: 508096K->5728K(512000K)] 968269K->472639K(1036288K), 0.0565970 secs] [Times: user=0.04 sys=0.04, real=0.06 secs] 
2021-06-08T14:28:53.781+0800: 2177885.479: [GC (Allocation Failure) [PSYoungGen: 505440K->6912K(512512K)] 972351K->477627K(1036800K), 0.0242454 secs] [Times: user=0.03 sys=0.03, real=0.03 secs] 
2021-06-08T14:34:03.360+0800: 2178195.058: [GC (Allocation Failure) [PSYoungGen: 507136K->10464K(510976K)] 977851K->486281K(1035264K), 0.0322499 secs] [Times: user=0.04 sys=0.05, real=0.04 secs] 
2021-06-08T14:39:23.499+0800: 2178515.197: [GC (Allocation Failure) [PSYoungGen: 510688K->9600K(511488K)] 986505K->493370K(1035776K), 0.0401626 secs] [Times: user=0.11 sys=0.00, real=0.04 secs] 
2021-06-08T14:44:39.831+0800: 2178831.529: [GC (Allocation Failure) [PSYoungGen: 508288K->9568K(511488K)] 992058K->499862K(1035776K), 0.0313639 secs] [Times: user=0.04 sys=0.04, real=0.04 secs] 
2021-06-08T14:49:57.998+0800: 2179149.697: [GC (Allocation Failure) [PSYoungGen: 508256K->6240K(511488K)] 998550K->503855K(1035776K), 0.0362036 secs] [Times: user=0.05 sys=0.05, real=0.04 secs] 
2021-06-08T14:55:17.397+0800: 2179469.096: [GC (Allocation Failure) [PSYoungGen: 504928K->6080K(511488K)] 1002543K->508139K(1035776K), 0.0274746 secs] [Times: user=0.08 sys=0.00, real=0.03 secs] 
2021-06-08T15:00:33.787+0800: 2179785.485: [GC (Allocation Failure) [PSYoungGen: 504768K->10592K(510464K)] 1006827K->516794K(1034752K), 0.0273123 secs] [Times: user=0.04 sys=0.05, real=0.03 secs] 
2021-06-08T15:05:52.873+0800: 2180104.571: [GC (Allocation Failure) [PSYoungGen: 508256K->9536K(510976K)] 1014458K->523885K(1035264K), 0.0387756 secs] [Times: user=0.04 sys=0.05, real=0.03 secs] 
2021-06-08T15:05:52.912+0800: 2180104.610: [Full GC (Ergonomics) [PSYoungGen: 9536K->0K(510976K)] [ParOldGen: 514349K->304127K(524288K)] 523885K->304127K(1035264K), [Metaspace: 96825K->96825K(1138688K)], 0.5063661 secs] [Times: user=1.09 sys=0.00, real=0.51 secs] 
2021-06-08T15:11:09.087+0800: 2180420.785: [GC (Allocation Failure) [PSYoungGen: 497664K->12000K(508928K)] 801791K->316127K(1033216K), 0.0288409 secs] [Times: user=0.08 sys=0.00, real=0.03 secs] 
2021-06-08T15:16:24.156+0800: 2180735.854: [GC (Allocation Failure) [PSYoungGen: 507616K->9728K(509952K)] 811743K->323415K(1034240K), 0.0261612 secs] [Times: user=0.04 sys=0.04, real=0.03 secs] 
2021-06-08T15:21:40.242+0800: 2181051.940: [GC (Allocation Failure) [PSYoungGen: 505339K->8576K(510464K)] 819027K->330184K(1034752K), 0.0370083 secs] [Times: user=0.04 sys=0.05, real=0.04 secs] 
2021-06-08T15:26:55.783+0800: 2181367.481: [GC (Allocation Failure) [PSYoungGen: 504704K->9632K(509952K)] 826312K->338331K(1034240K), 0.0263248 secs] [Times: user=0.04 sys=0.04, real=0.02 secs] 
2021-06-08T15:32:10.227+0800: 2181681.925: [GC (Allocation Failure) [PSYoungGen: 505760K->8896K(510976K)] 834459K->345014K(1035264K), 0.0304044 secs] [Times: user=0.04 sys=0.05, real=0.03 secs] 
2021-06-08T15:37:24.501+0800: 2181996.199: [GC (Allocation Failure) [PSYoungGen: 506560K->8704K(510976K)] 842678K->350657K(1035264K), 0.0269543 secs] [Times: user=0.04 sys=0.04, real=0.03 secs] 
2021-06-08T15:42:36.617+0800: 2182308.315: [GC (Allocation Failure) [PSYoungGen: 506368K->7296K(511488K)] 848321K->355603K(1035776K), 0.0284110 secs] [Times: user=0.04 sys=0.05, real=0.03 secs] 
2021-06-08T15:47:56.727+0800: 2182628.425: [GC (Allocation Failure) [PSYoungGen: 505984K->6080K(511488K)] 854291K->359838K(1035776K), 0.0227112 secs] [Times: user=0.03 sys=0.04, real=0.02 secs] 
2021-06-08T15:53:12.980+0800: 2182944.678: [GC (Allocation Failure) [PSYoungGen: 504768K->10464K(511488K)] 858526K->368634K(1035776K), 0.0251775 secs] [Times: user=0.03 sys=0.04, real=0.03 secs] 
2021-06-08T15:58:29.586+0800: 2183261.284: [GC (Allocation Failure) [PSYoungGen: 509152K->10784K(509952K)] 867322K->376461K(1034240K), 0.0274674 secs] [Times: user=0.04 sys=0.04, real=0.03 secs] 
2021-06-08T16:03:40.212+0800: 2183571.911: [GC (Allocation Failure) [PSYoungGen: 509472K->9440K(510976K)] 875149K->383877K(1035264K), 0.0433297 secs] [Times: user=0.03 sys=0.04, real=0.04 secs] 
2021-06-08T16:08:50.289+0800: 2183881.987: [GC (Allocation Failure) [PSYoungGen: 507104K->11264K(509440K)] 881541K->393088K(1033728K), 0.0751300 secs] [Times: user=0.04 sys=0.04, real=0.08 secs] 
2021-06-08T16:14:08.883+0800: 2184200.581: [GC (Allocation Failure) [PSYoungGen: 508928K->5632K(510464K)] 890752K->396423K(1034752K), 0.0242945 secs] [Times: user=0.04 sys=0.04, real=0.02 secs] 
2021-06-08T16:19:25.160+0800: 2184516.858: [GC (Allocation Failure) [PSYoungGen: 502272K->6176K(510464K)] 893063K->401140K(1034752K), 0.0285001 secs] [Times: user=0.03 sys=0.04, real=0.03 secs] 
2021-06-08T16:24:34.659+0800: 2184826.358: [GC (Allocation Failure) [PSYoungGen: 502816K->6624K(510464K)] 897780K->406041K(1034752K), 0.0269264 secs] [Times: user=0.04 sys=0.04, real=0.03 secs] 
2021-06-08T16:29:45.230+0800: 2185136.928: [GC (Allocation Failure) [PSYoungGen: 503264K->8864K(510464K)] 902681K->413102K(1034752K), 0.0260332 secs] [Times: user=0.04 sys=0.04, real=0.03 secs] 
2021-06-08T16:35:00.354+0800: 2185452.053: [GC (Allocation Failure) [PSYoungGen: 505504K->9632K(510976K)] 909742K->420162K(1035264K), 0.0267400 secs] [Times: user=0.04 sys=0.04, real=0.02 secs] 
2021-06-08T16:40:16.336+0800: 2185768.035: [GC (Allocation Failure) [PSYoungGen: 507296K->7392K(510976K)] 917826K->425522K(1035264K), 0.0312634 secs] [Times: user=0.04 sys=0.05, real=0.03 secs] 
2021-06-08T16:45:27.858+0800: 2186079.557: [GC (Allocation Failure) [PSYoungGen: 505056K->11744K(509952K)] 923186K->435717K(1034240K), 0.0442275 secs] [Times: user=0.09 sys=0.00, real=0.05 secs] 
2021-06-08T16:50:44.434+0800: 2186396.132: [GC (Allocation Failure) [PSYoungGen: 508384K->10304K(510464K)] 932357K->443104K(1034752K), 0.0270678 secs] [Times: user=0.04 sys=0.04, real=0.02 secs] 
2021-06-08T16:55:53.643+0800: 2186705.341: [GC (Allocation Failure) [PSYoungGen: 506944K->8608K(510976K)] 939744K->448977K(1035264K), 0.0296711 secs] [Times: user=0.04 sys=0.05, real=0.03 secs] 
2021-06-08T17:01:08.123+0800: 2187019.822: [GC (Allocation Failure) [PSYoungGen: 505760K->7040K(510464K)] 946129K->453842K(1034752K), 0.0548637 secs] [Times: user=0.03 sys=0.04, real=0.05 secs] 
2021-06-08T17:06:17.356+0800: 2187329.054: [GC (Allocation Failure) [PSYoungGen: 504192K->10208K(510976K)] 950994K->462430K(1035264K), 0.0302640 secs] [Times: user=0.04 sys=0.04, real=0.03 secs] 
2021-06-08T17:11:32.333+0800: 2187644.031: [GC (Allocation Failure) [PSYoungGen: 507872K->8768K(510976K)] 960094K->469111K(1035264K), 0.0260962 secs] [Times: user=0.04 sys=0.04, real=0.02 secs] 
2021-06-08T17:16:46.473+0800: 2187958.171: [GC (Allocation Failure) [PSYoungGen: 506432K->9248K(511488K)] 966775K->476178K(1035776K), 0.0246933 secs] [Times: user=0.04 sys=0.03, real=0.02 secs] 
2021-06-08T17:22:02.990+0800: 2188274.688: [GC (Allocation Failure) [PSYoungGen: 507424K->5216K(510976K)] 974354K->479658K(1035264K), 0.0316708 secs] [Times: user=0.04 sys=0.05, real=0.03 secs] 
2021-06-08T17:27:18.724+0800: 2188590.423: [GC (Allocation Failure) [PSYoungGen: 503392K->6080K(510976K)] 977834K->484103K(1035264K), 0.0228030 secs] [Times: user=0.04 sys=0.03, real=0.02 secs] 
2021-06-08T17:32:33.681+0800: 2188905.379: [GC (Allocation Failure) [PSYoungGen: 503744K->6272K(510976K)] 981767K->488755K(1035264K), 0.0562990 secs] [Times: user=0.03 sys=0.04, real=0.06 secs] 
2021-06-08T17:37:48.108+0800: 2189219.807: [GC (Allocation Failure) [PSYoungGen: 503936K->8160K(512000K)] 986419K->495343K(1036288K), 0.0266733 secs] [Times: user=0.04 sys=0.05, real=0.03 secs] 
2021-06-08T17:42:58.872+0800: 2189530.571: [GC (Allocation Failure) [PSYoungGen: 507360K->11936K(511488K)] 994543K->505258K(1035776K), 0.0537800 secs] [Times: user=0.03 sys=0.04, real=0.05 secs] 
2021-06-08T17:48:20.130+0800: 2189851.829: [GC (Allocation Failure) [PSYoungGen: 511136K->7264K(510464K)] 1004458K->510025K(1034752K), 0.0271909 secs] [Times: user=0.04 sys=0.03, real=0.03 secs] 
2021-06-08T17:53:33.985+0800: 2190165.683: [GC (Allocation Failure) [PSYoungGen: 504928K->6688K(510976K)] 1007689K->515421K(1035264K), 0.0615991 secs] [Times: user=0.03 sys=0.03, real=0.06 secs] 
2021-06-08T17:58:49.755+0800: 2190481.454: [GC (Allocation Failure) [PSYoungGen: 504352K->7296K(511488K)] 1013085K->521208K(1035776K), 0.0198202 secs] [Times: user=0.03 sys=0.04, real=0.02 secs] 
2021-06-08T18:04:07.416+0800: 2190799.114: [GC (Allocation Failure) [PSYoungGen: 505472K->7104K(510976K)] 1019384K->526251K(1035264K), 0.0305849 secs] [Times: user=0.04 sys=0.04, real=0.03 secs] 
2021-06-08T18:04:07.447+0800: 2190799.146: [Full GC (Ergonomics) [PSYoungGen: 7104K->0K(510976K)] [ParOldGen: 519147K->313734K(524288K)] 526251K->313734K(1035264K), [Metaspace: 96826K->96826K(1138688K)], 0.5562401 secs] [Times: user=1.23 sys=0.00, real=0.56 secs] 
2021-06-08T18:09:21.981+0800: 2191113.679: [GC (Allocation Failure) [PSYoungGen: 498176K->7200K(512000K)] 811910K->320934K(1036288K), 0.0184218 secs] [Times: user=0.03 sys=0.03, real=0.02 secs] 
2021-06-08T18:14:39.636+0800: 2191431.335: [GC (Allocation Failure) [PSYoungGen: 506912K->8256K(512000K)] 820646K->327370K(1036288K), 0.0249723 secs] [Times: user=0.04 sys=0.04, real=0.02 secs] 
2021-06-08T18:19:56.961+0800: 2191748.659: [GC (Allocation Failure) [PSYoungGen: 507968K->6784K(512512K)] 827082K->332413K(1036800K), 0.0235913 secs] [Times: user=0.03 sys=0.03, real=0.03 secs] 
2021-06-08T18:25:14.654+0800: 2192066.353: [GC (Allocation Failure) [PSYoungGen: 507520K->5088K(512512K)] 833149K->335928K(1036800K), 0.0226560 secs] [Times: user=0.03 sys=0.04, real=0.02 secs] 
2021-06-08T18:30:36.461+0800: 2192388.160: [GC (Allocation Failure) [PSYoungGen: 505824K->6016K(512512K)] 836664K->340085K(1036800K), 0.0175179 secs] [Times: user=0.02 sys=0.03, real=0.02 secs] 
2021-06-08T18:35:55.353+0800: 2192707.052: [GC (Allocation Failure) [PSYoungGen: 506752K->8160K(512512K)] 840821K->346442K(1036800K), 0.0197115 secs] [Times: user=0.03 sys=0.03, real=0.02 secs] 
2021-06-08T18:41:11.338+0800: 2193023.036: [GC (Allocation Failure) [PSYoungGen: 508896K->8704K(512512K)] 847178K->353557K(1036800K), 0.0245866 secs] [Times: user=0.04 sys=0.03, real=0.03 secs] 
2021-06-08T18:46:32.406+0800: 2193344.104: [GC (Allocation Failure) [PSYoungGen: 509440K->7456K(512512K)] 854293K->359319K(1036800K), 0.0350837 secs] [Times: user=0.03 sys=0.03, real=0.03 secs] 
2021-06-08T18:51:50.093+0800: 2193661.791: [GC (Allocation Failure) [PSYoungGen: 508192K->6496K(513024K)] 860055K->364211K(1037312K), 0.0219082 secs] [Times: user=0.04 sys=0.04, real=0.02 secs] 
2021-06-08T18:57:08.640+0800: 2193980.338: [GC (Allocation Failure) [PSYoungGen: 508256K->6528K(513024K)] 865971K->369206K(1037312K), 0.0228497 secs] [Times: user=0.03 sys=0.03, real=0.03 secs] 
2021-06-08T19:02:27.582+0800: 2194299.280: [GC (Allocation Failure) [PSYoungGen: 508288K->8128K(513536K)] 870966K->375762K(1037824K), 0.0305128 secs] [Times: user=0.03 sys=0.03, real=0.04 secs] 
2021-06-08T19:07:48.625+0800: 2194620.323: [GC (Allocation Failure) [PSYoungGen: 510912K->7264K(513536K)] 878546K->381332K(1037824K), 0.0246063 secs] [Times: user=0.04 sys=0.03, real=0.02 secs] 
2021-06-08T19:13:08.086+0800: 2194939.784: [GC (Allocation Failure) [PSYoungGen: 510048K->7168K(514048K)] 884116K->386720K(1038336K), 0.0291729 secs] [Times: user=0.04 sys=0.04, real=0.03 secs] 
2021-06-08T19:18:21.448+0800: 2195253.146: [GC (Allocation Failure) [PSYoungGen: 510464K->6506K(513536K)] 890016K->390879K(1037824K), 0.0246737 secs] [Times: user=0.03 sys=0.04, real=0.03 secs] 
2021-06-08T19:23:39.810+0800: 2195571.509: [GC (Allocation Failure) [PSYoungGen: 509802K->9344K(513024K)] 894175K->398197K(1037312K), 0.0231376 secs] [Times: user=0.03 sys=0.03, real=0.03 secs] 
2021-06-08T19:28:57.891+0800: 2195889.589: [GC (Allocation Failure) [PSYoungGen: 512128K->8128K(513536K)] 900981K->403568K(1037824K), 0.0216916 secs] [Times: user=0.04 sys=0.03, real=0.03 secs] 
2021-06-08T19:34:22.112+0800: 2196213.810: [GC (Allocation Failure) [PSYoungGen: 510912K->6624K(513536K)] 906352K->408434K(1037824K), 0.0248957 secs] [Times: user=0.04 sys=0.04, real=0.03 secs] 
2021-06-08T19:39:40.052+0800: 2196531.750: [GC (Allocation Failure) [PSYoungGen: 509408K->4960K(513536K)] 911218K->411749K(1037824K), 0.0289557 secs] [Times: user=0.03 sys=0.04, real=0.03 secs] 
2021-06-08T19:45:02.647+0800: 2196854.345: [GC (Allocation Failure) [PSYoungGen: 507744K->7680K(513536K)] 914533K->417674K(1037824K), 0.0297063 secs] [Times: user=0.04 sys=0.04, real=0.03 secs] 
2021-06-08T19:50:21.063+0800: 2197172.761: [GC (Allocation Failure) [PSYoungGen: 510464K->6272K(513536K)] 920458K->421765K(1037824K), 0.0236001 secs] [Times: user=0.04 sys=0.03, real=0.02 secs] 
2021-06-08T19:55:43.510+0800: 2197495.208: [GC (Allocation Failure) [PSYoungGen: 509056K->6624K(514048K)] 924549K->426777K(1038336K), 0.0618317 secs] [Times: user=0.03 sys=0.04, real=0.06 secs] 
2021-06-08T20:01:06.720+0800: 2197818.418: [GC (Allocation Failure) [PSYoungGen: 510432K->6496K(514048K)] 930585K->431605K(1038336K), 0.0272014 secs] [Times: user=0.04 sys=0.04, real=0.03 secs] 
2021-06-08T20:06:20.490+0800: 2198132.189: [GC (Allocation Failure) [PSYoungGen: 510304K->10080K(513024K)] 935413K->440153K(1037312K), 0.0246366 secs] [Times: user=0.03 sys=0.04, real=0.03 secs] 
2021-06-08T20:11:36.604+0800: 2198448.302: [GC (Allocation Failure) [PSYoungGen: 512864K->6944K(513536K)] 942937K->445024K(1037824K), 0.0252151 secs] [Times: user=0.04 sys=0.03, real=0.02 secs] 
2021-06-08T20:16:54.513+0800: 2198766.212: [GC (Allocation Failure) [PSYoungGen: 509728K->5568K(513536K)] 947808K->448651K(1037824K), 0.0234966 secs] [Times: user=0.04 sys=0.04, real=0.02 secs] 
2021-06-08T20:22:18.231+0800: 2199089.929: [GC (Allocation Failure) [PSYoungGen: 508352K->5792K(513536K)] 951435K->452449K(1037824K), 0.0224641 secs] [Times: user=0.04 sys=0.04, real=0.03 secs] 
2021-06-08T20:27:39.473+0800: 2199411.171: [GC (Allocation Failure) [PSYoungGen: 508576K->8032K(513536K)] 955233K->458734K(1037824K), 0.0284534 secs] [Times: user=0.04 sys=0.04, real=0.02 secs] 
2021-06-08T20:32:54.980+0800: 2199726.679: [GC (Allocation Failure) [PSYoungGen: 510816K->8608K(513536K)] 961518K->464890K(1037824K), 0.0196761 secs] [Times: user=0.03 sys=0.03, real=0.02 secs] 
2021-06-08T20:38:15.708+0800: 2200047.407: [GC (Allocation Failure) [PSYoungGen: 511392K->10080K(511488K)] 967674K->472886K(1035776K), 0.0237110 secs] [Times: user=0.07 sys=0.00, real=0.03 secs] 
2021-06-08T20:43:29.956+0800: 2200361.655: [GC (Allocation Failure) [PSYoungGen: 510814K->8480K(512512K)] 973620K->478855K(1036800K), 0.0257234 secs] [Times: user=0.03 sys=0.04, real=0.03 secs] 
2021-06-08T20:48:45.812+0800: 2200677.510: [GC (Allocation Failure) [PSYoungGen: 509216K->10208K(510976K)] 979591K->487139K(1035264K), 0.0246712 secs] [Times: user=0.08 sys=0.00, real=0.03 secs] 
2021-06-08T20:54:04.230+0800: 2200995.928: [GC (Allocation Failure) [PSYoungGen: 509920K->7552K(512000K)] 986851K->492379K(1036288K), 0.0318412 secs] [Times: user=0.03 sys=0.03, real=0.03 secs] 
2021-06-08T20:59:24.088+0800: 2201315.786: [GC (Allocation Failure) [PSYoungGen: 507264K->4704K(512512K)] 992091K->495653K(1036800K), 0.0240229 secs] [Times: user=0.03 sys=0.03, real=0.02 secs] 
2021-06-08T21:04:41.622+0800: 2201633.320: [GC (Allocation Failure) [PSYoungGen: 505440K->4416K(505344K)] 996389K->498659K(1029632K), 0.0241772 secs] [Times: user=0.03 sys=0.04, real=0.03 secs] 
2021-06-08T21:09:54.445+0800: 2201946.143: [GC (Allocation Failure) [PSYoungGen: 505152K->8512K(512000K)] 999395K->505226K(1036288K), 0.0271147 secs] [Times: user=0.03 sys=0.03, real=0.03 secs] 
2021-06-08T21:15:04.510+0800: 2202256.208: [GC (Allocation Failure) [PSYoungGen: 508224K->8672K(512000K)] 1004938K->511813K(1036288K), 0.0343435 secs] [Times: user=0.04 sys=0.04, real=0.04 secs] 
2021-06-08T21:20:19.083+0800: 2202570.781: [GC (Allocation Failure) [PSYoungGen: 508384K->11392K(509952K)] 1011525K->521192K(1034240K), 0.0272213 secs] [Times: user=0.04 sys=0.04, real=0.02 secs] 
2021-06-08T21:25:33.025+0800: 2202884.723: [GC (Allocation Failure) [PSYoungGen: 509056K->8256K(510976K)] 1018856K->526778K(1035264K), 0.0244312 secs] [Times: user=0.03 sys=0.04, real=0.02 secs] 
2021-06-08T21:25:33.050+0800: 2202884.748: [Full GC (Ergonomics) [PSYoungGen: 8256K->0K(510976K)] [ParOldGen: 518522K->302815K(524288K)] 526778K->302815K(1035264K), [Metaspace: 96828K->96828K(1138688K)], 0.4429617 secs] [Times: user=0.49 sys=0.48, real=0.45 secs] 
2021-06-08T21:30:38.827+0800: 2203190.525: [GC (Allocation Failure) [PSYoungGen: 497664K->8608K(511488K)] 800479K->311423K(1035776K), 0.0256158 secs] [Times: user=0.03 sys=0.04, real=0.03 secs] 
2021-06-08T21:35:55.992+0800: 2203507.690: [GC (Allocation Failure) [PSYoungGen: 507296K->8448K(511488K)] 810111K->318408K(1035776K), 0.0235738 secs] [Times: user=0.03 sys=0.04, real=0.03 secs] 
2021-06-08T21:41:09.612+0800: 2203821.310: [GC (Allocation Failure) [PSYoungGen: 507128K->7328K(512512K)] 817089K->323883K(1036800K), 0.0238937 secs] [Times: user=0.04 sys=0.04, real=0.02 secs] 
2021-06-08T21:46:30.219+0800: 2204141.917: [GC (Allocation Failure) [PSYoungGen: 507552K->5920K(512000K)] 824107K->328046K(1036288K), 0.0267773 secs] [Times: user=0.03 sys=0.04, real=0.03 secs] 
2021-06-08T21:51:45.065+0800: 2204456.763: [GC (Allocation Failure) [PSYoungGen: 506144K->6944K(512512K)] 828270K->333059K(1036800K), 0.0239144 secs] [Times: user=0.04 sys=0.03, real=0.02 secs] 
2021-06-08T21:57:01.115+0800: 2204772.813: [GC (Allocation Failure) [PSYoungGen: 507680K->6944K(512512K)] 833795K->337951K(1036800K), 0.0246590 secs] [Times: user=0.03 sys=0.04, real=0.02 secs] 
2021-06-08T22:02:17.865+0800: 2205089.564: [GC (Allocation Failure) [PSYoungGen: 507680K->7488K(513024K)] 838687K->343658K(1037312K), 0.0269509 secs] [Times: user=0.03 sys=0.04, real=0.03 secs] 
2021-06-08T22:07:41.830+0800: 2205413.529: [GC (Allocation Failure) [PSYoungGen: 509248K->5344K(513024K)] 845418K->347748K(1037312K), 0.0211282 secs] [Times: user=0.03 sys=0.03, real=0.02 secs] 
2021-06-08T22:12:57.682+0800: 2205729.381: [GC (Allocation Failure) [PSYoungGen: 507104K->6560K(513536K)] 849508K->352896K(1037824K), 0.0235254 secs] [Times: user=0.03 sys=0.04, real=0.02 secs] 
2021-06-08T22:18:20.666+0800: 2206052.364: [GC (Allocation Failure) [PSYoungGen: 508832K->6304K(513024K)] 855168K->356917K(1037312K), 0.0259967 secs] [Times: user=0.04 sys=0.04, real=0.02 secs] 
2021-06-08T22:23:39.290+0800: 2206370.989: [GC (Allocation Failure) [PSYoungGen: 508576K->6624K(513536K)] 859189K->361369K(1037824K), 0.0248379 secs] [Times: user=0.04 sys=0.04, real=0.03 secs] 
2021-06-08T22:28:54.251+0800: 2206685.950: [GC (Allocation Failure) [PSYoungGen: 509408K->6688K(513536K)] 864153K->366110K(1037824K), 0.0236420 secs] [Times: user=0.03 sys=0.04, real=0.03 secs] 
2021-06-08T22:34:14.914+0800: 2207006.613: [GC (Allocation Failure) [PSYoungGen: 509472K->6848K(514048K)] 868894K->371689K(1038336K), 0.0245161 secs] [Times: user=0.03 sys=0.05, real=0.02 secs] 
2021-06-08T22:39:35.928+0800: 2207327.626: [GC (Allocation Failure) [PSYoungGen: 510656K->7008K(514048K)] 875497K->376749K(1038336K), 0.0244012 secs] [Times: user=0.03 sys=0.03, real=0.03 secs] 
2021-06-08T22:44:55.915+0800: 2207647.613: [GC (Allocation Failure) [PSYoungGen: 510816K->8352K(513536K)] 880557K->383017K(1037824K), 0.0225260 secs] [Times: user=0.03 sys=0.04, real=0.02 secs] 
2021-06-08T22:50:06.864+0800: 2207958.562: [GC (Allocation Failure) [PSYoungGen: 512160K->10208K(514048K)] 886825K->391237K(1038336K), 0.0253196 secs] [Times: user=0.04 sys=0.04, real=0.02 secs] 
2021-06-08T22:55:30.900+0800: 2208282.598: [GC (Allocation Failure) [PSYoungGen: 514016K->7136K(508928K)] 895045K->396245K(1033216K), 0.0236331 secs] [Times: user=0.04 sys=0.03, real=0.03 secs] 
2021-06-08T23:00:48.800+0800: 2208600.499: [GC (Allocation Failure) [PSYoungGen: 505824K->7648K(511488K)] 894933K->402225K(1035776K), 0.0460743 secs] [Times: user=0.04 sys=0.03, real=0.05 secs] 
2021-06-08T23:06:03.167+0800: 2208914.865: [GC (Allocation Failure) [PSYoungGen: 506336K->7584K(512000K)] 900913K->408346K(1036288K), 0.0291422 secs] [Times: user=0.08 sys=0.00, real=0.03 secs] 
2021-06-08T23:11:17.679+0800: 2209229.378: [GC (Allocation Failure) [PSYoungGen: 507296K->6720K(512000K)] 908058K->413222K(1036288K), 0.0250041 secs] [Times: user=0.04 sys=0.04, real=0.03 secs] 
2021-06-08T23:16:33.804+0800: 2209545.502: [GC (Allocation Failure) [PSYoungGen: 506432K->6208K(512512K)] 912934K->417234K(1036800K), 0.0244778 secs] [Times: user=0.03 sys=0.04, real=0.02 secs] 
2021-06-08T23:21:51.394+0800: 2209863.092: [GC (Allocation Failure) [PSYoungGen: 506944K->10400K(511488K)] 917970K->425752K(1035776K), 0.0527510 secs] [Times: user=0.06 sys=0.00, real=0.05 secs] 
2021-06-08T23:27:03.802+0800: 2210175.501: [GC (Allocation Failure) [PSYoungGen: 511136K->9600K(510976K)] 926488K->432553K(1035264K), 0.0212781 secs] [Times: user=0.03 sys=0.04, real=0.02 secs] 
2021-06-08T23:32:20.259+0800: 2210491.957: [GC (Allocation Failure) [PSYoungGen: 508288K->6464K(511488K)] 931241K->436915K(1035776K), 0.0270801 secs] [Times: user=0.03 sys=0.04, real=0.03 secs] 
2021-06-08T23:37:38.037+0800: 2210809.735: [GC (Allocation Failure) [PSYoungGen: 505152K->7104K(512000K)] 935603K->441768K(1036288K), 0.0264439 secs] [Times: user=0.04 sys=0.04, real=0.03 secs] 
2021-06-08T23:42:52.812+0800: 2211124.510: [GC (Allocation Failure) [PSYoungGen: 506816K->7264K(512000K)] 941480K->447307K(1036288K), 0.0283452 secs] [Times: user=0.04 sys=0.04, real=0.03 secs] 
2021-06-08T23:48:18.036+0800: 2211449.734: [GC (Allocation Failure) [PSYoungGen: 506976K->8512K(512512K)] 947019K->453417K(1036800K), 0.0257879 secs] [Times: user=0.03 sys=0.04, real=0.02 secs] 
2021-06-08T23:53:34.804+0800: 2211766.502: [GC (Allocation Failure) [PSYoungGen: 509248K->11424K(512512K)] 954153K->461996K(1036800K), 0.0248081 secs] [Times: user=0.04 sys=0.04, real=0.02 secs] 
2021-06-08T23:58:54.729+0800: 2212086.427: [GC (Allocation Failure) [PSYoungGen: 512160K->9056K(510464K)] 962732K->468797K(1034752K), 0.0473986 secs] [Times: user=0.04 sys=0.03, real=0.05 secs] 
2021-06-09T00:04:00.475+0800: 2212392.174: [GC (Allocation Failure) [PSYoungGen: 507744K->11584K(510464K)] 967485K->477672K(1034752K), 0.0270259 secs] [Times: user=0.04 sys=0.04, real=0.03 secs] 
2021-06-09T00:09:12.114+0800: 2212703.813: [GC (Allocation Failure) [PSYoungGen: 510272K->12192K(508928K)] 976360K->485996K(1033216K), 0.0490903 secs] [Times: user=0.05 sys=0.05, real=0.05 secs] 
2021-06-09T00:14:30.042+0800: 2213021.741: [GC (Allocation Failure) [PSYoungGen: 507808K->5792K(509952K)] 981612K->488346K(1034240K), 0.0611446 secs] [Times: user=0.03 sys=0.03, real=0.06 secs] 
2021-06-09T00:19:43.846+0800: 2213335.544: [GC (Allocation Failure) [PSYoungGen: 501408K->4992K(509952K)] 983962K->491486K(1034240K), 0.0219017 secs] [Times: user=0.03 sys=0.03, real=0.02 secs] 
2021-06-09T00:25:02.420+0800: 2213654.118: [GC (Allocation Failure) [PSYoungGen: 500608K->4800K(509952K)] 987102K->494548K(1034240K), 0.0268285 secs] [Times: user=0.03 sys=0.04, real=0.03 secs] 
2021-06-09T00:30:16.777+0800: 2213968.475: [GC (Allocation Failure) [PSYoungGen: 500416K->9952K(509952K)] 990164K->502451K(1034240K), 0.0246254 secs] [Times: user=0.03 sys=0.03, real=0.02 secs] 
2021-06-09T00:35:30.222+0800: 2214281.920: [GC (Allocation Failure) [PSYoungGen: 505568K->9152K(509952K)] 998067K->509597K(1034240K), 0.0246384 secs] [Times: user=0.03 sys=0.04, real=0.03 secs] 
2021-06-09T00:40:47.818+0800: 2214599.516: [GC (Allocation Failure) [PSYoungGen: 504768K->11520K(508928K)] 1005213K->517738K(1033216K), 0.0542797 secs] [Times: user=0.03 sys=0.04, real=0.05 secs] 
2021-06-09T00:45:56.093+0800: 2214907.791: [GC (Allocation Failure) [PSYoungGen: 506112K->9152K(509440K)] 1012330K->524322K(1033728K), 0.0305386 secs] [Times: user=0.04 sys=0.05, real=0.03 secs] 
2021-06-09T00:45:56.124+0800: 2214907.822: [Full GC (Ergonomics) [PSYoungGen: 9152K->0K(509440K)] [ParOldGen: 515170K->308396K(524288K)] 524322K->308396K(1033728K), [Metaspace: 96848K->96848K(1138688K)], 0.5345334 secs] [Times: user=1.12 sys=0.00, real=0.53 secs] 
2021-06-09T00:51:07.977+0800: 2215219.675: [GC (Allocation Failure) [PSYoungGen: 494592K->7904K(509952K)] 802988K->316300K(1034240K), 0.0277467 secs] [Times: user=0.03 sys=0.03, real=0.03 secs] 
2021-06-09T00:56:23.055+0800: 2215534.753: [GC (Allocation Failure) [PSYoungGen: 503520K->9280K(509952K)] 811916K->324343K(1034240K), 0.0291770 secs] [Times: user=0.05 sys=0.04, real=0.03 secs] 
2021-06-09T01:01:38.340+0800: 2215850.038: [GC (Allocation Failure) [PSYoungGen: 504896K->7296K(510976K)] 819959K->329449K(1035264K), 0.0389957 secs] [Times: user=0.03 sys=0.03, real=0.04 secs] 
2021-06-09T01:06:53.260+0800: 2216164.959: [GC (Allocation Failure) [PSYoungGen: 504448K->8832K(510464K)] 826601K->336645K(1034752K), 0.0450584 secs] [Times: user=0.04 sys=0.04, real=0.05 secs] 
2021-06-09T01:12:01.198+0800: 2216472.896: [GC (Allocation Failure) [PSYoungGen: 505984K->9408K(510976K)] 833797K->343974K(1035264K), 0.0299331 secs] [Times: user=0.03 sys=0.04, real=0.03 secs] 
2021-06-09T01:17:13.517+0800: 2216785.215: [GC (Allocation Failure) [PSYoungGen: 507072K->8096K(510976K)] 841638K->349759K(1035264K), 0.0240058 secs] [Times: user=0.03 sys=0.04, real=0.02 secs] 
2021-06-09T01:22:17.793+0800: 2217089.491: [GC (Allocation Failure) [PSYoungGen: 505760K->9194K(511488K)] 847423K->356612K(1035776K), 0.0257434 secs] [Times: user=0.04 sys=0.04, real=0.02 secs] 
2021-06-09T01:27:33.557+0800: 2217405.255: [GC (Allocation Failure) [PSYoungGen: 507882K->11136K(509952K)] 855300K->364731K(1034240K), 0.0236591 secs] [Times: user=0.04 sys=0.04, real=0.02 secs] 
2021-06-09T01:32:44.968+0800: 2217716.667: [GC (Allocation Failure) [PSYoungGen: 509824K->12256K(509952K)] 863419K->374285K(1034240K), 0.0258133 secs] [Times: user=0.03 sys=0.04, real=0.03 secs] 
2021-06-09T01:38:00.339+0800: 2218032.038: [GC (Allocation Failure) [PSYoungGen: 508896K->8160K(510464K)] 870925K->379318K(1034752K), 0.0263237 secs] [Times: user=0.04 sys=0.03, real=0.03 secs] 
2021-06-09T01:43:17.312+0800: 2218349.010: [GC (Allocation Failure) [PSYoungGen: 504800K->11360K(509440K)] 875958K->388586K(1033728K), 0.0279601 secs] [Times: user=0.03 sys=0.04, real=0.03 secs] 
2021-06-09T01:48:26.119+0800: 2218657.817: [GC (Allocation Failure) [PSYoungGen: 506976K->9408K(509952K)] 884202K->395812K(1034240K), 0.0235683 secs] [Times: user=0.04 sys=0.04, real=0.03 secs] 
2021-06-09T01:53:35.278+0800: 2218966.976: [GC (Allocation Failure) [PSYoungGen: 505024K->9632K(510976K)] 891428K->403574K(1035264K), 0.0274353 secs] [Times: user=0.04 sys=0.04, real=0.03 secs] 
2021-06-09T01:58:48.213+0800: 2219279.912: [GC (Allocation Failure) [PSYoungGen: 506784K->9952K(510464K)] 900726K->411584K(1034752K), 0.0312291 secs] [Times: user=0.04 sys=0.05, real=0.03 secs] 
2021-06-09T02:03:58.377+0800: 2219590.075: [GC (Allocation Failure) [PSYoungGen: 507104K->11424K(509952K)] 908736K->420786K(1034240K), 0.0326842 secs] [Times: user=0.05 sys=0.05, real=0.03 secs] 
2021-06-09T02:09:10.329+0800: 2219902.027: [GC (Allocation Failure) [PSYoungGen: 508064K->6656K(510464K)] 917426K->425016K(1034752K), 0.0267386 secs] [Times: user=0.04 sys=0.04, real=0.03 secs] 
2021-06-09T02:14:22.507+0800: 2220214.206: [GC (Allocation Failure) [PSYoungGen: 503296K->11008K(510464K)] 921656K->434157K(1034752K), 0.0311338 secs] [Times: user=0.04 sys=0.04, real=0.03 secs] 
2021-06-09T02:19:31.998+0800: 2220523.696: [GC (Allocation Failure) [PSYoungGen: 507648K->12320K(509440K)] 930797K->443273K(1033728K), 0.0320597 secs] [Times: user=0.09 sys=0.00, real=0.03 secs] 
2021-06-09T02:24:46.275+0800: 2220837.973: [GC (Allocation Failure) [PSYoungGen: 508960K->11136K(508928K)] 939913K->451171K(1033216K), 0.0265666 secs] [Times: user=0.04 sys=0.04, real=0.02 secs] 
2021-06-09T02:30:00.495+0800: 2221152.193: [GC (Allocation Failure) [PSYoungGen: 505728K->9696K(509440K)] 945763K->458444K(1033728K), 0.0265647 secs] [Times: user=0.03 sys=0.04, real=0.02 secs] 
2021-06-09T02:35:12.806+0800: 2221464.505: [GC (Allocation Failure) [PSYoungGen: 504288K->7744K(509952K)] 953036K->463829K(1034240K), 0.0222293 secs] [Times: user=0.03 sys=0.04, real=0.02 secs] 
2021-06-09T02:40:27.902+0800: 2221779.600: [GC (Allocation Failure) [PSYoungGen: 503360K->8448K(509952K)] 959445K->470361K(1034240K), 0.0279869 secs] [Times: user=0.04 sys=0.04, real=0.03 secs] 
2021-06-09T02:45:43.161+0800: 2222094.859: [GC (Allocation Failure) [PSYoungGen: 504064K->11552K(509440K)] 965977K->479414K(1033728K), 0.0349715 secs] [Times: user=0.05 sys=0.05, real=0.04 secs] 
2021-06-09T02:50:56.053+0800: 2222407.751: [GC (Allocation Failure) [PSYoungGen: 507168K->9056K(509952K)] 975030K->486142K(1034240K), 0.0268261 secs] [Times: user=0.05 sys=0.04, real=0.02 secs] 
2021-06-09T02:56:12.044+0800: 2222723.742: [GC (Allocation Failure) [PSYoungGen: 504672K->5088K(509440K)] 981758K->489295K(1033728K), 0.0286997 secs] [Times: user=0.04 sys=0.04, real=0.03 secs] 
2021-06-09T03:01:21.636+0800: 2223033.335: [GC (Allocation Failure) [PSYoungGen: 500704K->12160K(507904K)] 984911K->499358K(1032192K), 0.0278375 secs] [Times: user=0.03 sys=0.04, real=0.03 secs] 
2021-06-09T03:06:37.360+0800: 2223349.059: [GC (Allocation Failure) [PSYoungGen: 507776K->11360K(508416K)] 994974K->507975K(1032704K), 0.0296075 secs] [Times: user=0.04 sys=0.04, real=0.03 secs] 
2021-06-09T03:11:41.115+0800: 2223652.813: [GC (Allocation Failure) [PSYoungGen: 504928K->9184K(508928K)] 1001543K->513975K(1033216K), 0.0296417 secs] [Times: user=0.04 sys=0.05, real=0.03 secs] 
2021-06-09T03:16:57.889+0800: 2223969.587: [GC (Allocation Failure) [PSYoungGen: 502746K->7584K(509952K)] 1007538K->518737K(1034240K), 0.0316933 secs] [Times: user=0.04 sys=0.04, real=0.03 secs] 
2021-06-09T03:22:08.636+0800: 2224280.334: [GC (Allocation Failure) [PSYoungGen: 502688K->10272K(509440K)] 1013841K->526894K(1033728K), 0.0251140 secs] [Times: user=0.04 sys=0.04, real=0.02 secs] 
2021-06-09T03:22:08.670+0800: 2224280.368: [Full GC (Ergonomics) [PSYoungGen: 10272K->0K(509440K)] [ParOldGen: 516622K->315000K(524288K)] 526894K->315000K(1033728K), [Metaspace: 96848K->96848K(1138688K)], 0.5123667 secs] [Times: user=0.56 sys=0.56, real=0.52 secs] 
2021-06-09T03:27:20.562+0800: 2224592.261: [GC (Allocation Failure) [PSYoungGen: 495104K->8864K(510464K)] 810104K->323864K(1034752K), 0.0262977 secs] [Times: user=0.04 sys=0.04, real=0.02 secs] 
2021-06-09T03:32:42.362+0800: 2224914.060: [GC (Allocation Failure) [PSYoungGen: 504992K->7296K(509952K)] 819992K->329488K(1034240K), 0.0259769 secs] [Times: user=0.04 sys=0.04, real=0.03 secs] 
2021-06-09T03:37:54.344+0800: 2225226.042: [GC (Allocation Failure) [PSYoungGen: 503424K->7392K(510464K)] 825616K->335019K(1034752K), 0.0232328 secs] [Times: user=0.03 sys=0.04, real=0.02 secs] 
2021-06-09T03:43:09.637+0800: 2225541.336: [GC (Allocation Failure) [PSYoungGen: 504032K->9312K(510464K)] 831659K->342064K(1034752K), 0.0286885 secs] [Times: user=0.04 sys=0.05, real=0.03 secs] 
2021-06-09T03:48:25.280+0800: 2225856.979: [GC (Allocation Failure) [PSYoungGen: 505952K->8544K(510976K)] 838704K->348178K(1035264K), 0.0308483 secs] [Times: user=0.04 sys=0.05, real=0.03 secs] 
2021-06-09T03:53:37.519+0800: 2226169.217: [GC (Allocation Failure) [PSYoungGen: 506208K->6432K(510976K)] 845842K->352445K(1035264K), 0.0210594 secs] [Times: user=0.03 sys=0.03, real=0.02 secs] 
2021-06-09T03:58:51.037+0800: 2226482.735: [GC (Allocation Failure) [PSYoungGen: 504094K->9152K(511488K)] 850107K->360010K(1035776K), 0.0263892 secs] [Times: user=0.04 sys=0.04, real=0.03 secs] 
2021-06-09T04:04:01.507+0800: 2226793.205: [GC (Allocation Failure) [PSYoungGen: 507328K->9280K(510976K)] 858186K->366460K(1035264K), 0.0228841 secs] [Times: user=0.04 sys=0.03, real=0.02 secs] 
2021-06-09T04:09:14.026+0800: 2227105.724: [GC (Allocation Failure) [PSYoungGen: 507456K->7072K(511488K)] 864636K->371487K(1035776K), 0.0262346 secs] [Times: user=0.04 sys=0.04, real=0.03 secs] 
2021-06-09T04:14:31.646+0800: 2227423.344: [GC (Allocation Failure) [PSYoungGen: 505760K->6688K(511488K)] 870175K->376386K(1035776K), 0.0205065 secs] [Times: user=0.03 sys=0.03, real=0.02 secs] 
2021-06-09T04:19:51.682+0800: 2227743.380: [GC (Allocation Failure) [PSYoungGen: 505376K->7168K(512000K)] 875074K->381765K(1036288K), 0.0780366 secs] [Times: user=0.04 sys=0.04, real=0.08 secs] 
2021-06-09T04:25:06.751+0800: 2228058.449: [GC (Allocation Failure) [PSYoungGen: 506368K->8160K(511488K)] 880965K->387992K(1035776K), 0.0402925 secs] [Times: user=0.04 sys=0.04, real=0.04 secs] 
2021-06-09T04:30:23.369+0800: 2228375.067: [GC (Allocation Failure) [PSYoungGen: 507360K->6880K(512512K)] 887192K->393043K(1036800K), 0.0229168 secs] [Times: user=0.04 sys=0.03, real=0.02 secs] 
2021-06-09T04:35:46.090+0800: 2228697.788: [GC (Allocation Failure) [PSYoungGen: 507104K->6592K(512000K)] 893267K->397910K(1036288K), 0.0237775 secs] [Times: user=0.04 sys=0.03, real=0.03 secs] 
2021-06-09T04:41:05.119+0800: 2229016.817: [GC (Allocation Failure) [PSYoungGen: 506816K->9120K(512512K)] 898134K->404931K(1036800K), 0.0830496 secs] [Times: user=0.04 sys=0.05, real=0.09 secs] 
2021-06-09T04:46:21.509+0800: 2229333.208: [GC (Allocation Failure) [PSYoungGen: 509856K->11744K(512512K)] 905667K->414870K(1036800K), 0.0282543 secs] [Times: user=0.04 sys=0.04, real=0.03 secs] 
2021-06-09T04:51:37.357+0800: 2229649.055: [GC (Allocation Failure) [PSYoungGen: 512480K->7328K(505344K)] 915606K->419710K(1029632K), 0.0392833 secs] [Times: user=0.03 sys=0.03, real=0.04 secs] 
2021-06-09T04:56:50.710+0800: 2229962.408: [GC (Allocation Failure) [PSYoungGen: 500896K->5952K(508928K)] 913278K->424017K(1033216K), 0.0216260 secs] [Times: user=0.03 sys=0.04, real=0.02 secs] 
2021-06-09T05:02:02.395+0800: 2230274.093: [GC (Allocation Failure) [PSYoungGen: 499520K->10400K(508928K)] 917585K->432552K(1033216K), 0.0372843 secs] [Times: user=0.05 sys=0.04, real=0.04 secs] 
2021-06-09T05:07:17.622+0800: 2230589.320: [GC (Allocation Failure) [PSYoungGen: 503968K->11392K(508928K)] 926120K->442194K(1033216K), 0.0355217 secs] [Times: user=0.03 sys=0.05, real=0.04 secs] 
2021-06-09T05:12:23.153+0800: 2230894.851: [GC (Allocation Failure) [PSYoungGen: 504960K->8608K(509440K)] 935762K->447421K(1033728K), 0.0339205 secs] [Times: user=0.03 sys=0.04, real=0.03 secs] 
2021-06-09T05:17:23.614+0800: 2231195.313: [GC (Allocation Failure) [PSYoungGen: 502688K->4032K(508928K)] 941501K->450037K(1033216K), 0.0238558 secs] [Times: user=0.03 sys=0.03, real=0.02 secs] 
2021-06-09T05:22:34.416+0800: 2231506.114: [GC (Allocation Failure) [PSYoungGen: 498112K->5120K(508928K)] 944117K->453643K(1033216K), 0.0333832 secs] [Times: user=0.04 sys=0.03, real=0.03 secs] 
2021-06-09T05:27:43.872+0800: 2231815.570: [GC (Allocation Failure) [PSYoungGen: 498688K->5184K(508928K)] 947211K->457615K(1033216K), 0.0199920 secs] [Times: user=0.03 sys=0.03, real=0.02 secs] 
2021-06-09T05:32:53.937+0800: 2232125.635: [GC (Allocation Failure) [PSYoungGen: 498752K->5472K(509440K)] 951183K->461908K(1033728K), 0.0243361 secs] [Times: user=0.04 sys=0.04, real=0.02 secs] 
2021-06-09T05:38:04.489+0800: 2232436.188: [GC (Allocation Failure) [PSYoungGen: 499552K->8000K(508928K)] 955988K->468173K(1033216K), 0.0293160 secs] [Times: user=0.04 sys=0.05, real=0.03 secs] 
2021-06-09T05:43:17.501+0800: 2232749.199: [GC (Allocation Failure) [PSYoungGen: 502080K->5344K(510464K)] 962253K->471699K(1034752K), 0.0757015 secs] [Times: user=0.04 sys=0.04, real=0.08 secs] 
2021-06-09T05:48:22.655+0800: 2233054.353: [GC (Allocation Failure) [PSYoungGen: 501470K->7712K(509952K)] 967825K->477921K(1034240K), 0.0243645 secs] [Times: user=0.04 sys=0.03, real=0.02 secs] 
2021-06-09T05:53:32.754+0800: 2233364.452: [GC (Allocation Failure) [PSYoungGen: 503840K->7424K(511488K)] 974049K->484068K(1035776K), 0.0294986 secs] [Times: user=0.04 sys=0.04, real=0.03 secs] 
2021-06-09T05:58:41.143+0800: 2233672.841: [GC (Allocation Failure) [PSYoungGen: 505600K->5984K(510976K)] 982244K->487902K(1035264K), 0.0233514 secs] [Times: user=0.03 sys=0.04, real=0.02 secs] 
2021-06-09T06:03:48.714+0800: 2233980.412: [GC (Allocation Failure) [PSYoungGen: 504160K->5568K(512000K)] 986078K->491523K(1036288K), 0.0307164 secs] [Times: user=0.03 sys=0.03, real=0.03 secs] 
2021-06-09T06:09:02.893+0800: 2234294.591: [GC (Allocation Failure) [PSYoungGen: 504768K->6848K(511488K)] 990723K->496799K(1035776K), 0.0871097 secs] [Times: user=0.03 sys=0.04, real=0.09 secs] 
2021-06-09T06:14:15.692+0800: 2234607.390: [GC (Allocation Failure) [PSYoungGen: 506048K->4128K(511488K)] 995999K->498747K(1035776K), 0.0218587 secs] [Times: user=0.07 sys=0.00, real=0.03 secs] 
2021-06-09T06:19:23.050+0800: 2234914.748: [GC (Allocation Failure) [PSYoungGen: 503840K->5600K(512000K)] 998459K->502824K(1036288K), 0.0665028 secs] [Times: user=0.04 sys=0.04, real=0.07 secs] 
2021-06-09T06:24:35.789+0800: 2235227.487: [GC (Allocation Failure) [PSYoungGen: 505312K->4896K(512512K)] 1002536K->506421K(1036800K), 0.0207280 secs] [Times: user=0.03 sys=0.03, real=0.02 secs] 
2021-06-09T06:29:49.970+0800: 2235541.668: [GC (Allocation Failure) [PSYoungGen: 505632K->5024K(512512K)] 1007157K->510106K(1036800K), 0.0353590 secs] [Times: user=0.08 sys=0.00, real=0.04 secs] 
2021-06-09T06:35:02.999+0800: 2235854.697: [GC (Allocation Failure) [PSYoungGen: 505760K->5568K(513024K)] 1010842K->514263K(1037312K), 0.0352656 secs] [Times: user=0.04 sys=0.05, real=0.04 secs] 
2021-06-09T06:40:10.006+0800: 2236161.704: [GC (Allocation Failure) [PSYoungGen: 507328K->6624K(513024K)] 1016023K->519603K(1037312K), 0.0318614 secs] [Times: user=0.04 sys=0.05, real=0.03 secs] 
2021-06-09T06:45:15.354+0800: 2236467.052: [GC (Allocation Failure) [PSYoungGen: 508384K->10752K(506368K)] 1021363K->530737K(1030656K), 0.0273331 secs] [Times: user=0.04 sys=0.05, real=0.02 secs] 
2021-06-09T06:45:15.382+0800: 2236467.080: [Full GC (Ergonomics) [PSYoungGen: 10752K->0K(506368K)] [ParOldGen: 519985K->301412K(524288K)] 530737K->301412K(1030656K), [Metaspace: 96861K->96861K(1138688K)], 0.5389754 secs] [Times: user=0.59 sys=0.58, real=0.54 secs] 
2021-06-09T06:50:26.259+0800: 2236777.958: [GC (Allocation Failure) [PSYoungGen: 495613K->10272K(506368K)] 797025K->311684K(1030656K), 0.0267898 secs] [Times: user=0.04 sys=0.04, real=0.03 secs] 
2021-06-09T06:55:35.936+0800: 2237087.634: [GC (Allocation Failure) [PSYoungGen: 505888K->7680K(509952K)] 807300K->317373K(1034240K), 0.0301143 secs] [Times: user=0.04 sys=0.04, real=0.03 secs] 
2021-06-09T07:00:44.697+0800: 2237396.395: [GC (Allocation Failure) [PSYoungGen: 502784K->4480K(509440K)] 812477K->320670K(1033728K), 0.0239348 secs] [Times: user=0.04 sys=0.04, real=0.02 secs] 
2021-06-09T07:05:54.320+0800: 2237706.018: [GC (Allocation Failure) [PSYoungGen: 499584K->5408K(510464K)] 815774K->324669K(1034752K), 0.0267576 secs] [Times: user=0.04 sys=0.04, real=0.03 secs] 
2021-06-09T07:11:02.317+0800: 2238014.015: [GC (Allocation Failure) [PSYoungGen: 501536K->8704K(509952K)] 820797K->331450K(1034240K), 0.0267815 secs] [Times: user=0.04 sys=0.04, real=0.03 secs] 
2021-06-09T07:16:13.630+0800: 2238325.328: [GC (Allocation Failure) [PSYoungGen: 504832K->6464K(510976K)] 827578K->335915K(1035264K), 0.0437978 secs] [Times: user=0.05 sys=0.06, real=0.05 secs] 
2021-06-09T07:21:09.913+0800: 2238621.612: [GC (Allocation Failure) [PSYoungGen: 503616K->5770K(510464K)] 833067K->339977K(1034752K), 0.0224387 secs] [Times: user=0.03 sys=0.03, real=0.02 secs] 
2021-06-09T07:26:17.244+0800: 2238928.942: [GC (Allocation Failure) [PSYoungGen: 502899K->9216K(510464K)] 837105K->347406K(1034752K), 0.0291166 secs] [Times: user=0.04 sys=0.04, real=0.03 secs] 
2021-06-09T07:31:28.832+0800: 2239240.531: [GC (Allocation Failure) [PSYoungGen: 506880K->7264K(510976K)] 845070K->352408K(1035264K), 0.0242077 secs] [Times: user=0.04 sys=0.03, real=0.02 secs] 
2021-06-09T07:36:35.440+0800: 2239547.139: [GC (Allocation Failure) [PSYoungGen: 504928K->7264K(512000K)] 850072K->358354K(1036288K), 0.0267700 secs] [Times: user=0.04 sys=0.04, real=0.03 secs] 
2021-06-09T07:41:44.827+0800: 2239856.526: [GC (Allocation Failure) [PSYoungGen: 506464K->6336K(511488K)] 857554K->362941K(1035776K), 0.0304997 secs] [Times: user=0.04 sys=0.04, real=0.03 secs] 
2021-06-09T07:46:54.085+0800: 2240165.783: [GC (Allocation Failure) [PSYoungGen: 505536K->8096K(512512K)] 862141K->369297K(1036800K), 0.0404713 secs] [Times: user=0.03 sys=0.05, real=0.04 secs] 
2021-06-09T07:52:05.019+0800: 2240476.717: [GC (Allocation Failure) [PSYoungGen: 508832K->7584K(512512K)] 870033K->374892K(1036800K), 0.0429570 secs] [Times: user=0.04 sys=0.04, real=0.05 secs] 
2021-06-09T07:57:17.161+0800: 2240788.859: [GC (Allocation Failure) [PSYoungGen: 508320K->6176K(513024K)] 875628K->379671K(1037312K), 0.0225229 secs] [Times: user=0.03 sys=0.04, real=0.03 secs] 
2021-06-09T08:02:24.271+0800: 2241095.969: [GC (Allocation Failure) [PSYoungGen: 507936K->8672K(513024K)] 881431K->386684K(1037312K), 0.0239091 secs] [Times: user=0.03 sys=0.03, real=0.03 secs] 
2021-06-09T08:07:36.664+0800: 2241408.362: [GC (Allocation Failure) [PSYoungGen: 510432K->6368K(513024K)] 888444K->391813K(1037312K), 0.0232309 secs] [Times: user=0.04 sys=0.04, real=0.02 secs] 
2021-06-09T08:12:53.055+0800: 2241724.754: [GC (Allocation Failure) [PSYoungGen: 508128K->5344K(513024K)] 893573K->395593K(1037312K), 0.0248254 secs] [Times: user=0.04 sys=0.04, real=0.02 secs] 
2021-06-09T08:18:06.695+0800: 2242038.393: [GC (Allocation Failure) [PSYoungGen: 507104K->4800K(513024K)] 897353K->398581K(1037312K), 0.0242848 secs] [Times: user=0.04 sys=0.04, real=0.02 secs] 
2021-06-09T08:23:20.381+0800: 2242352.079: [GC (Allocation Failure) [PSYoungGen: 506560K->7296K(513024K)] 900341K->404107K(1037312K), 0.0500465 secs] [Times: user=0.03 sys=0.04, real=0.05 secs] 
2021-06-09T08:28:34.659+0800: 2242666.357: [GC (Allocation Failure) [PSYoungGen: 509056K->5344K(513536K)] 905867K->408005K(1037824K), 0.0234899 secs] [Times: user=0.03 sys=0.04, real=0.03 secs] 
2021-06-09T08:33:42.817+0800: 2242974.515: [GC (Allocation Failure) [PSYoungGen: 508128K->5472K(513536K)] 910789K->411946K(1037824K), 0.0216383 secs] [Times: user=0.03 sys=0.04, real=0.02 secs] 
2021-06-09T08:38:55.792+0800: 2243287.490: [GC (Allocation Failure) [PSYoungGen: 508256K->5440K(514048K)] 914730K->415958K(1038336K), 0.0360096 secs] [Times: user=0.03 sys=0.04, real=0.04 secs] 
2021-06-09T08:44:07.755+0800: 2243599.453: [GC (Allocation Failure) [PSYoungGen: 508736K->6080K(513536K)] 919254K->420386K(1037824K), 0.0265286 secs] [Times: user=0.04 sys=0.04, real=0.02 secs] 
2021-06-09T08:49:24.130+0800: 2243915.828: [GC (Allocation Failure) [PSYoungGen: 509376K->5408K(514048K)] 923682K->424071K(1038336K), 0.0205365 secs] [Times: user=0.03 sys=0.03, real=0.02 secs] 
2021-06-09T08:54:33.395+0800: 2244225.093: [GC (Allocation Failure) [PSYoungGen: 509216K->6464K(514048K)] 927879K->429189K(1038336K), 0.0217958 secs] [Times: user=0.03 sys=0.04, real=0.02 secs] 
2021-06-09T08:59:45.090+0800: 2244536.788: [GC (Allocation Failure) [PSYoungGen: 510264K->6528K(515072K)] 932989K->434284K(1039360K), 0.0330871 secs] [Times: user=0.03 sys=0.04, real=0.04 secs] 
2021-06-09T09:04:56.321+0800: 2244848.020: [GC (Allocation Failure) [PSYoungGen: 511872K->5504K(514560K)] 939628K->438304K(1038848K), 0.0459833 secs] [Times: user=0.03 sys=0.03, real=0.05 secs] 
2021-06-09T09:10:02.395+0800: 2245154.094: [GC (Allocation Failure) [PSYoungGen: 510848K->6752K(515072K)] 943648K->443006K(1039360K), 0.0265239 secs] [Times: user=0.03 sys=0.05, real=0.03 secs] 
2021-06-09T09:15:12.627+0800: 2245464.325: [GC (Allocation Failure) [PSYoungGen: 512608K->6688K(515072K)] 948862K->447873K(1039360K), 0.0250099 secs] [Times: user=0.03 sys=0.04, real=0.03 secs] 
2021-06-09T09:20:22.799+0800: 2245774.497: [GC (Allocation Failure) [PSYoungGen: 512544K->5184K(515072K)] 953729K->451564K(1039360K), 0.0262411 secs] [Times: user=0.03 sys=0.04, real=0.03 secs] 
2021-06-09T09:25:35.440+0800: 2246087.138: [GC (Allocation Failure) [PSYoungGen: 511040K->5568K(515072K)] 957420K->455769K(1039360K), 0.0257045 secs] [Times: user=0.03 sys=0.03, real=0.03 secs] 
2021-06-09T09:30:51.776+0800: 2246403.474: [GC (Allocation Failure) [PSYoungGen: 511424K->6272K(515584K)] 961625K->460494K(1039872K), 0.0277053 secs] [Times: user=0.03 sys=0.04, real=0.03 secs] 
2021-06-09T09:36:06.730+0800: 2246718.428: [GC (Allocation Failure) [PSYoungGen: 513152K->6080K(515584K)] 967374K->465050K(1039872K), 0.0793560 secs] [Times: user=0.06 sys=0.00, real=0.08 secs] 
2021-06-09T09:41:21.501+0800: 2247033.199: [GC (Allocation Failure) [PSYoungGen: 512960K->4288K(515584K)] 971930K->468014K(1039872K), 0.0208371 secs] [Times: user=0.03 sys=0.03, real=0.03 secs] 
2021-06-09T09:46:36.854+0800: 2247348.553: [GC (Allocation Failure) [PSYoungGen: 511168K->5696K(515584K)] 974894K->471997K(1039872K), 0.0895621 secs] [Times: user=0.03 sys=0.03, real=0.09 secs] 
2021-06-09T09:51:52.695+0800: 2247664.393: [GC (Allocation Failure) [PSYoungGen: 512563K->5664K(516096K)] 978865K->476058K(1040384K), 0.0261526 secs] [Times: user=0.04 sys=0.04, real=0.02 secs] 
2021-06-09T09:57:04.775+0800: 2247976.473: [GC (Allocation Failure) [PSYoungGen: 513568K->5344K(516096K)] 983962K->479319K(1040384K), 0.0211265 secs] [Times: user=0.03 sys=0.03, real=0.02 secs] 
2021-06-09T10:02:19.656+0800: 2248291.354: [GC (Allocation Failure) [PSYoungGen: 513248K->7840K(515072K)] 987223K->485612K(1039360K), 0.0259986 secs] [Times: user=0.03 sys=0.04, real=0.03 secs] 
2021-06-09T10:07:34.612+0800: 2248606.311: [GC (Allocation Failure) [PSYoungGen: 514716K->7104K(515584K)] 992489K->491606K(1039872K), 0.0250280 secs] [Times: user=0.04 sys=0.04, real=0.02 secs] 
2021-06-09T10:12:49.141+0800: 2248920.839: [GC (Allocation Failure) [PSYoungGen: 513984K->7936K(514560K)] 998486K->497451K(1038848K), 0.0256168 secs] [Times: user=0.04 sys=0.04, real=0.03 secs] 
2021-06-09T10:18:04.333+0800: 2249236.031: [GC (Allocation Failure) [PSYoungGen: 513792K->4928K(515072K)] 1003307K->500907K(1039360K), 0.0264925 secs] [Times: user=0.03 sys=0.03, real=0.02 secs] 
2021-06-09T10:23:14.759+0800: 2249546.457: [GC (Allocation Failure) [PSYoungGen: 510784K->8064K(514048K)] 1006763K->507577K(1038336K), 0.0281044 secs] [Times: user=0.03 sys=0.05, real=0.03 secs] 
2021-06-09T10:28:30.877+0800: 2249862.575: [GC (Allocation Failure) [PSYoungGen: 512896K->6112K(514560K)] 1012409K->512084K(1038848K), 0.0212492 secs] [Times: user=0.04 sys=0.04, real=0.02 secs] 
2021-06-09T10:33:40.693+0800: 2250172.392: [GC (Allocation Failure) [PSYoungGen: 510944K->5824K(515072K)] 1016916K->516359K(1039360K), 0.0502917 secs] [Times: user=0.04 sys=0.05, real=0.05 secs] 
2021-06-09T10:38:51.122+0800: 2250482.820: [GC (Allocation Failure) [PSYoungGen: 511680K->9216K(515072K)] 1022215K->525708K(1039360K), 0.0270181 secs] [Times: user=0.05 sys=0.04, real=0.03 secs] 
2021-06-09T10:44:01.429+0800: 2250793.127: [GC (Allocation Failure) --[PSYoungGen: 515072K->515072K(515072K)] 1031564K->1039352K(1039360K), 0.3150399 secs] [Times: user=0.18 sys=0.19, real=0.32 secs] 
2021-06-09T10:44:01.745+0800: 2250793.443: [Full GC (Ergonomics) [PSYoungGen: 515072K->0K(515072K)] [ParOldGen: 524280K->309006K(524288K)] 1039352K->309006K(1039360K), [Metaspace: 96862K->96862K(1138688K)], 0.4821817 secs] [Times: user=1.03 sys=0.00, real=0.48 secs] 
2021-06-09T10:49:16.190+0800: 2251107.888: [GC (Allocation Failure) [PSYoungGen: 505856K->8224K(508928K)] 814862K->317230K(1033216K), 0.0194892 secs] [Times: user=0.03 sys=0.03, real=0.02 secs] 
2021-06-09T10:54:32.991+0800: 2251424.689: [GC (Allocation Failure) [PSYoungGen: 507936K->4768K(512000K)] 816942K->320903K(1036288K), 0.0636219 secs] [Times: user=0.04 sys=0.03, real=0.07 secs] 
2021-06-09T10:59:43.284+0800: 2251734.982: [GC (Allocation Failure) [PSYoungGen: 504480K->5024K(512512K)] 820615K->324485K(1036800K), 0.0216295 secs] [Times: user=0.04 sys=0.03, real=0.02 secs] 
2021-06-09T11:04:55.238+0800: 2252046.937: [GC (Allocation Failure) [PSYoungGen: 505248K->5632K(512000K)] 824709K->328698K(1036288K), 0.0195524 secs] [Times: user=0.03 sys=0.04, real=0.02 secs] 
2021-06-09T11:10:03.365+0800: 2252355.063: [GC (Allocation Failure) [PSYoungGen: 505856K->7840K(512512K)] 828922K->335103K(1036800K), 0.0840050 secs] [Times: user=0.04 sys=0.05, real=0.08 secs] 
2021-06-09T11:15:13.459+0800: 2252665.158: [GC (Allocation Failure) [PSYoungGen: 508576K->6432K(512512K)] 835839K->339353K(1036800K), 0.0473022 secs] [Times: user=0.03 sys=0.03, real=0.05 secs] 
2021-06-09T11:20:22.823+0800: 2252974.521: [GC (Allocation Failure) [PSYoungGen: 507168K->9408K(512000K)] 840089K->347540K(1036288K), 0.0246197 secs] [Times: user=0.03 sys=0.04, real=0.02 secs] 
2021-06-09T11:25:30.847+0800: 2253282.546: [GC (Allocation Failure) [PSYoungGen: 510144K->4768K(512512K)] 848276K->350636K(1036800K), 0.0235747 secs] [Times: user=0.03 sys=0.04, real=0.02 secs] 
2021-06-09T11:30:41.443+0800: 2253593.141: [GC (Allocation Failure) [PSYoungGen: 505504K->6016K(513024K)] 851372K->355201K(1037312K), 0.0225521 secs] [Times: user=0.03 sys=0.03, real=0.02 secs] 
2021-06-09T11:35:56.301+0800: 2253908.000: [GC (Allocation Failure) [PSYoungGen: 507264K->8864K(512512K)] 856449K->362279K(1036800K), 0.0235954 secs] [Times: user=0.04 sys=0.04, real=0.03 secs] 
2021-06-09T11:40:59.555+0800: 2254211.253: [GC (Allocation Failure) [PSYoungGen: 510112K->10272K(511488K)] 863527K->370147K(1035776K), 0.0278402 secs] [Times: user=0.04 sys=0.03, real=0.03 secs] 
2021-06-09T11:46:06.618+0800: 2254518.316: [GC (Allocation Failure) [PSYoungGen: 509984K->12064K(512000K)] 869859K->379877K(1036288K), 0.0238771 secs] [Times: user=0.04 sys=0.04, real=0.03 secs] 
2021-06-09T11:51:16.613+0800: 2254828.311: [GC (Allocation Failure) [PSYoungGen: 511776K->8800K(508928K)] 879589K->386342K(1033216K), 0.0275517 secs] [Times: user=0.04 sys=0.03, real=0.02 secs] 
2021-06-09T11:56:23.728+0800: 2255135.427: [GC (Allocation Failure) [PSYoungGen: 505440K->7168K(510464K)] 882982K->391832K(1034752K), 0.0232744 secs] [Times: user=0.03 sys=0.04, real=0.02 secs] 
2021-06-09T12:01:28.274+0800: 2255439.972: [GC (Allocation Failure) [PSYoungGen: 503808K->6016K(511488K)] 888472K->395963K(1035776K), 0.0264141 secs] [Times: user=0.03 sys=0.04, real=0.02 secs] 
2021-06-09T12:06:41.095+0800: 2255752.793: [GC (Allocation Failure) [PSYoungGen: 504192K->6048K(510976K)] 894139K->400759K(1035264K), 0.0254380 secs] [Times: user=0.04 sys=0.04, real=0.02 secs] 
2021-06-09T12:11:48.247+0800: 2256059.946: [GC (Allocation Failure) [PSYoungGen: 504224K->7296K(512000K)] 898935K->406259K(1036288K), 0.0289210 secs] [Times: user=0.04 sys=0.04, real=0.03 secs] 
2021-06-09T12:16:58.578+0800: 2256370.276: [GC (Allocation Failure) [PSYoungGen: 506496K->7712K(511488K)] 905459K->411256K(1035776K), 0.0220932 secs] [Times: user=0.03 sys=0.04, real=0.02 secs] 
2021-06-09T12:22:08.693+0800: 2256680.391: [GC (Allocation Failure) [PSYoungGen: 506912K->6080K(512512K)] 910456K->415569K(1036800K), 0.0259906 secs] [Times: user=0.04 sys=0.03, real=0.02 secs] 
2021-06-09T12:27:17.659+0800: 2256989.358: [GC (Allocation Failure) [PSYoungGen: 506816K->9280K(512512K)] 916305K->423398K(1036800K), 0.0231189 secs] [Times: user=0.03 sys=0.04, real=0.03 secs] 
2021-06-09T12:32:25.097+0800: 2257296.795: [GC (Allocation Failure) [PSYoungGen: 510016K->8672K(512512K)] 924134K->429864K(1036800K), 0.0363811 secs] [Times: user=0.04 sys=0.03, real=0.04 secs] 
2021-06-09T12:37:32.205+0800: 2257603.903: [GC (Allocation Failure) [PSYoungGen: 509408K->10112K(510976K)] 930600K->438163K(1035264K), 0.0234958 secs] [Times: user=0.03 sys=0.04, real=0.02 secs] 
2021-06-09T12:42:44.060+0800: 2257915.759: [GC (Allocation Failure) [PSYoungGen: 510848K->6720K(512000K)] 938899K->442396K(1036288K), 0.0307115 secs] [Times: user=0.03 sys=0.04, real=0.03 secs] 
2021-06-09T12:47:48.572+0800: 2258220.270: [GC (Allocation Failure) [PSYoungGen: 506432K->8192K(512000K)] 942108K->448952K(1036288K), 0.0276605 secs] [Times: user=0.05 sys=0.04, real=0.03 secs] 
2021-06-09T12:53:00.015+0800: 2258531.713: [GC (Allocation Failure) [PSYoungGen: 507904K->8000K(512512K)] 948664K->455316K(1036800K), 0.0933023 secs] [Times: user=0.07 sys=0.07, real=0.09 secs] 
2021-06-09T12:58:10.620+0800: 2258842.318: [GC (Allocation Failure) [PSYoungGen: 508736K->6112K(512512K)] 956052K->459390K(1036800K), 0.0260376 secs] [Times: user=0.04 sys=0.04, real=0.03 secs] 
2021-06-09T13:03:23.521+0800: 2259155.219: [GC (Allocation Failure) [PSYoungGen: 506848K->5984K(512512K)] 960126K->464066K(1036800K), 0.0251851 secs] [Times: user=0.04 sys=0.04, real=0.03 secs] 
2021-06-09T13:08:33.900+0800: 2259465.598: [GC (Allocation Failure) [PSYoungGen: 506720K->5152K(512512K)] 964802K->468022K(1036800K), 0.0262161 secs] [Times: user=0.03 sys=0.04, real=0.03 secs] 
2021-06-09T13:13:45.101+0800: 2259776.800: [GC (Allocation Failure) [PSYoungGen: 505888K->5568K(513024K)] 968758K->471739K(1037312K), 0.0258310 secs] [Times: user=0.03 sys=0.04, real=0.03 secs] 
2021-06-09T13:18:53.890+0800: 2260085.588: [GC (Allocation Failure) [PSYoungGen: 506816K->6346K(512512K)] 972987K->476450K(1036800K), 0.0227761 secs] [Times: user=0.04 sys=0.04, real=0.03 secs] 
2021-06-09T13:24:06.523+0800: 2260398.221: [GC (Allocation Failure) [PSYoungGen: 507594K->5568K(513024K)] 977698K->480726K(1037312K), 0.0247551 secs] [Times: user=0.04 sys=0.03, real=0.02 secs] 
2021-06-09T13:29:13.307+0800: 2260705.005: [GC (Allocation Failure) [PSYoungGen: 507328K->8736K(513024K)] 982486K->487684K(1037312K), 0.0270696 secs] [Times: user=0.04 sys=0.04, real=0.03 secs] 
2021-06-09T13:34:21.801+0800: 2261013.499: [GC (Allocation Failure) [PSYoungGen: 510496K->7872K(513024K)] 989444K->493247K(1037312K), 0.0273263 secs] [Times: user=0.04 sys=0.04, real=0.03 secs] 
2021-06-09T13:39:30.662+0800: 2261322.361: [GC (Allocation Failure) [PSYoungGen: 509632K->6464K(513024K)] 995007K->498320K(1037312K), 0.0310850 secs] [Times: user=0.04 sys=0.04, real=0.03 secs] 
2021-06-09T13:44:39.904+0800: 2261631.602: [GC (Allocation Failure) [PSYoungGen: 508224K->6208K(513536K)] 1000080K->502812K(1037824K), 0.0303612 secs] [Times: user=0.04 sys=0.05, real=0.03 secs] 
2021-06-09T13:49:51.970+0800: 2261943.668: [GC (Allocation Failure) [PSYoungGen: 508992K->7008K(513536K)] 1005596K->508224K(1037824K), 0.0255709 secs] [Times: user=0.04 sys=0.03, real=0.03 secs] 
2021-06-09T13:55:05.048+0800: 2262256.746: [GC (Allocation Failure) [PSYoungGen: 509792K->10208K(507904K)] 1011008K->516494K(1032192K), 0.0498480 secs] [Times: user=0.03 sys=0.04, real=0.05 secs] 
2021-06-09T14:00:11.867+0800: 2262563.565: [GC (Allocation Failure) [PSYoungGen: 507872K->6816K(510976K)] 1014158K->522382K(1035264K), 0.0243062 secs] [Times: user=0.08 sys=0.00, real=0.02 secs] 
2021-06-09T14:00:11.892+0800: 2262563.590: [Full GC (Ergonomics) [PSYoungGen: 6816K->0K(510976K)] [ParOldGen: 515566K->300579K(524288K)] 522382K->300579K(1035264K), [Metaspace: 96862K->96858K(1138688K)], 0.5462016 secs] [Times: user=1.05 sys=0.00, real=0.55 secs] 
2021-06-09T14:05:25.141+0800: 2262876.840: [GC (Allocation Failure) [PSYoungGen: 497664K->5024K(511488K)] 798243K->305603K(1035776K), 0.0186534 secs] [Times: user=0.03 sys=0.03, real=0.02 secs] 
2021-06-09T14:10:31.760+0800: 2263183.458: [GC (Allocation Failure) [PSYoungGen: 503712K->7136K(511488K)] 804291K->311336K(1035776K), 0.0247501 secs] [Times: user=0.03 sys=0.04, real=0.03 secs] 
2021-06-09T14:15:34.421+0800: 2263486.119: [GC (Allocation Failure) [PSYoungGen: 505824K->5024K(512000K)] 810024K->314564K(1036288K), 0.0204683 secs] [Times: user=0.03 sys=0.04, real=0.02 secs] 
2021-06-09T14:20:45.124+0800: 2263796.823: [GC (Allocation Failure) [PSYoungGen: 504736K->6944K(512000K)] 814276K->320193K(1036288K), 0.0248788 secs] [Times: user=0.04 sys=0.04, real=0.02 secs] 
2021-06-09T14:25:51.716+0800: 2264103.414: [GC (Allocation Failure) [PSYoungGen: 506656K->8608K(512512K)] 819905K->326846K(1036800K), 0.0401034 secs] [Times: user=0.04 sys=0.04, real=0.04 secs] 
2021-06-09T14:31:00.778+0800: 2264412.477: [GC (Allocation Failure) [PSYoungGen: 509344K->10208K(510976K)] 827582K->335057K(1035264K), 0.0236497 secs] [Times: user=0.03 sys=0.03, real=0.03 secs] 
2021-06-09T14:36:08.514+0800: 2264720.212: [GC (Allocation Failure) [PSYoungGen: 510944K->6464K(512000K)] 835793K->339905K(1036288K), 0.0278558 secs] [Times: user=0.04 sys=0.04, real=0.02 secs] 
2021-06-09T14:41:17.171+0800: 2265028.870: [GC (Allocation Failure) [PSYoungGen: 505664K->5088K(511488K)] 839105K->343765K(1035776K), 0.0291255 secs] [Times: user=0.07 sys=0.00, real=0.03 secs] 
2021-06-09T14:46:24.111+0800: 2265335.809: [GC (Allocation Failure) [PSYoungGen: 504288K->7520K(512512K)] 842965K->349499K(1036800K), 0.0264551 secs] [Times: user=0.04 sys=0.04, real=0.03 secs] 
2021-06-09T14:51:32.291+0800: 2265643.989: [GC (Allocation Failure) [PSYoungGen: 507744K->8544K(512000K)] 849723K->356477K(1036288K), 0.0526134 secs] [Times: user=0.05 sys=0.05, real=0.06 secs] 
2021-06-09T14:56:40.824+0800: 2265952.522: [GC (Allocation Failure) [PSYoungGen: 508768K->7136K(513024K)] 856701K->361944K(1037312K), 0.0294054 secs] [Times: user=0.09 sys=0.00, real=0.03 secs] 
2021-06-09T15:01:48.254+0800: 2266259.953: [GC (Allocation Failure) [PSYoungGen: 508384K->6208K(512512K)] 863192K->366358K(1036800K), 0.0429583 secs] [Times: user=0.05 sys=0.05, real=0.04 secs] 
2021-06-09T15:06:51.174+0800: 2266562.872: [GC (Allocation Failure) [PSYoungGen: 507456K->5856K(513024K)] 867606K->370538K(1037312K), 0.0246492 secs] [Times: user=0.03 sys=0.04, real=0.02 secs] 
2021-06-09T15:11:50.469+0800: 2266862.167: [GC (Allocation Failure) [PSYoungGen: 507616K->7200K(513024K)] 872298K->376071K(1037312K), 0.0280146 secs] [Times: user=0.04 sys=0.04, real=0.03 secs] 
2021-06-09T15:16:57.309+0800: 2267169.007: [GC (Allocation Failure) [PSYoungGen: 508960K->6592K(513536K)] 877831K->380825K(1037824K), 0.0215489 secs] [Times: user=0.03 sys=0.04, real=0.02 secs] 
2021-06-09T15:22:09.779+0800: 2267481.478: [GC (Allocation Failure) [PSYoungGen: 509376K->6144K(513536K)] 883609K->385061K(1037824K), 0.0249559 secs] [Times: user=0.04 sys=0.04, real=0.03 secs] 
2021-06-09T15:27:17.604+0800: 2267789.302: [GC (Allocation Failure) [PSYoungGen: 508928K->8992K(513024K)] 887845K->392753K(1037312K), 0.0338674 secs] [Times: user=0.05 sys=0.05, real=0.03 secs] 
2021-06-09T15:32:26.003+0800: 2268097.701: [GC (Allocation Failure) [PSYoungGen: 511776K->8832K(512000K)] 895537K->399243K(1036288K), 0.0381452 secs] [Times: user=0.05 sys=0.05, real=0.03 secs] 
2021-06-09T15:37:38.000+0800: 2268409.698: [GC (Allocation Failure) [PSYoungGen: 511616K->9920K(512000K)] 902027K->405959K(1036288K), 0.0264218 secs] [Times: user=0.04 sys=0.04, real=0.03 secs] 
2021-06-09T15:42:50.102+0800: 2268721.800: [GC (Allocation Failure) [PSYoungGen: 510656K->10752K(512000K)] 906695K->414106K(1036288K), 0.0377499 secs] [Times: user=0.06 sys=0.06, real=0.04 secs] 
2021-06-09T15:47:59.067+0800: 2269030.765: [GC (Allocation Failure) [PSYoungGen: 511488K->4928K(510976K)] 914842K->417257K(1035264K), 0.0326174 secs] [Times: user=0.09 sys=0.00, real=0.03 secs] 
2021-06-09T15:53:08.157+0800: 2269339.855: [GC (Allocation Failure) [PSYoungGen: 503616K->6528K(511488K)] 915945K->421848K(1035776K), 0.0258664 secs] [Times: user=0.04 sys=0.04, real=0.03 secs] 
2021-06-09T15:58:16.852+0800: 2269648.550: [GC (Allocation Failure) [PSYoungGen: 505216K->5184K(512000K)] 920536K->425555K(1036288K), 0.0287321 secs] [Times: user=0.04 sys=0.04, real=0.03 secs] 
2021-06-09T16:03:23.537+0800: 2269955.235: [GC (Allocation Failure) [PSYoungGen: 504896K->6496K(512000K)] 925267K->430711K(1036288K), 0.0326869 secs] [Times: user=0.04 sys=0.05, real=0.03 secs] 
2021-06-09T16:08:32.156+0800: 2270263.854: [GC (Allocation Failure) [PSYoungGen: 506208K->7616K(512512K)] 930423K->436532K(1036800K), 0.0340272 secs] [Times: user=0.05 sys=0.06, real=0.03 secs] 
2021-06-09T16:13:44.493+0800: 2270576.191: [GC (Allocation Failure) [PSYoungGen: 508352K->5856K(512512K)] 937268K->439927K(1036800K), 0.0412894 secs] [Times: user=0.04 sys=0.05, real=0.04 secs] 
2021-06-09T16:18:58.934+0800: 2270890.632: [GC (Allocation Failure) [PSYoungGen: 506592K->7040K(513024K)] 940663K->445091K(1037312K), 0.0252551 secs] [Times: user=0.04 sys=0.04, real=0.02 secs] 
2021-06-09T16:24:05.591+0800: 2271197.289: [GC (Allocation Failure) [PSYoungGen: 508800K->6240K(513024K)] 946851K->449423K(1037312K), 0.0301697 secs] [Times: user=0.04 sys=0.05, real=0.03 secs] 
2021-06-09T16:29:18.787+0800: 2271510.485: [GC (Allocation Failure) [PSYoungGen: 508000K->8352K(513536K)] 951183K->456204K(1037824K), 0.0269984 secs] [Times: user=0.04 sys=0.05, real=0.03 secs] 
2021-06-09T16:34:27.334+0800: 2271819.032: [GC (Allocation Failure) [PSYoungGen: 511136K->8224K(513536K)] 958988K->462759K(1037824K), 0.0280678 secs] [Times: user=0.04 sys=0.04, real=0.03 secs] 
2021-06-09T16:39:40.753+0800: 2272132.451: [GC (Allocation Failure) [PSYoungGen: 511008K->9152K(512512K)] 965543K->470228K(1036800K), 0.0380656 secs] [Times: user=0.05 sys=0.06, real=0.03 secs] 
2021-06-09T16:44:50.737+0800: 2272442.436: [GC (Allocation Failure) [PSYoungGen: 510912K->10272K(512512K)] 971988K->478583K(1036800K), 0.0276421 secs] [Times: user=0.04 sys=0.04, real=0.03 secs] 
2021-06-09T16:49:59.568+0800: 2272751.267: [GC (Allocation Failure) [PSYoungGen: 512032K->7328K(512512K)] 980343K->483320K(1036800K), 0.0281648 secs] [Times: user=0.04 sys=0.04, real=0.03 secs] 
2021-06-09T16:55:09.743+0800: 2273061.441: [GC (Allocation Failure) [PSYoungGen: 508064K->6656K(512512K)] 984056K->488379K(1036800K), 0.0572729 secs] [Times: user=0.04 sys=0.05, real=0.05 secs] 
2021-06-09T17:00:20.562+0800: 2273372.261: [GC (Allocation Failure) [PSYoungGen: 507392K->8512K(513024K)] 989115K->495408K(1037312K), 0.0322633 secs] [Times: user=0.05 sys=0.05, real=0.03 secs] 
2021-06-09T17:05:30.692+0800: 2273682.390: [GC (Allocation Failure) [PSYoungGen: 510272K->5184K(507392K)] 997168K->499026K(1031680K), 0.0321419 secs] [Times: user=0.04 sys=0.05, real=0.04 secs] 
2021-06-09T17:10:43.081+0800: 2273994.779: [GC (Allocation Failure) [PSYoungGen: 506944K->7872K(513024K)] 1000786K->505191K(1037312K), 0.0269164 secs] [Times: user=0.03 sys=0.05, real=0.03 secs] 
2021-06-09T17:15:54.723+0800: 2274306.422: [GC (Allocation Failure) [PSYoungGen: 509120K->5376K(512512K)] 1006439K->508513K(1036800K), 0.0274892 secs] [Times: user=0.04 sys=0.04, real=0.02 secs] 
2021-06-09T17:21:05.093+0800: 2274616.792: [GC (Allocation Failure) [PSYoungGen: 506624K->6464K(513024K)] 1009761K->513358K(1037312K), 0.0263505 secs] [Times: user=0.04 sys=0.05, real=0.02 secs] 
2021-06-09T17:26:14.812+0800: 2274926.510: [GC (Allocation Failure) [PSYoungGen: 508224K->5632K(513024K)] 1015118K->517313K(1037312K), 0.1046600 secs] [Times: user=0.04 sys=0.04, real=0.11 secs] 
2021-06-09T17:31:24.778+0800: 2275236.476: [GC (Allocation Failure) [PSYoungGen: 507392K->9152K(512512K)] 1019073K->525079K(1036800K), 0.0272971 secs] [Times: user=0.04 sys=0.04, real=0.03 secs] 
2021-06-09T17:31:24.806+0800: 2275236.504: [Full GC (Ergonomics) [PSYoungGen: 9152K->0K(512512K)] [ParOldGen: 515927K->308467K(524288K)] 525079K->308467K(1036800K), [Metaspace: 96862K->96862K(1138688K)], 0.5674938 secs] [Times: user=1.02 sys=0.00, real=0.57 secs] 
2021-06-09T17:36:40.447+0800: 2275552.145: [GC (Allocation Failure) [PSYoungGen: 501760K->5600K(513024K)] 810227K->314067K(1037312K), 0.0205287 secs] [Times: user=0.02 sys=0.04, real=0.02 secs] 
2021-06-09T17:41:54.134+0800: 2275865.833: [GC (Allocation Failure) [PSYoungGen: 507360K->6112K(513024K)] 815827K->318728K(1037312K), 0.0350449 secs] [Times: user=0.05 sys=0.05, real=0.03 secs] 
2021-06-09T17:47:07.393+0800: 2276179.091: [GC (Allocation Failure) [PSYoungGen: 507872K->4512K(513024K)] 820488K->321755K(1037312K), 0.0217452 secs] [Times: user=0.07 sys=0.00, real=0.02 secs] 
2021-06-09T17:52:20.395+0800: 2276492.094: [GC (Allocation Failure) [PSYoungGen: 506272K->6304K(513536K)] 823515K->326609K(1037824K), 0.0200040 secs] [Times: user=0.03 sys=0.03, real=0.02 secs] 
2021-06-09T17:57:33.126+0800: 2276804.825: [GC (Allocation Failure) [PSYoungGen: 508576K->7360K(513024K)] 828881K->332190K(1037312K), 0.0228885 secs] [Times: user=0.03 sys=0.04, real=0.02 secs] 
2021-06-09T18:02:46.281+0800: 2277117.979: [GC (Allocation Failure) [PSYoungGen: 509632K->6304K(514048K)] 834462K->336672K(1038336K), 0.0281178 secs] [Times: user=0.04 sys=0.04, real=0.03 secs] 
2021-06-09T18:07:59.033+0800: 2277430.731: [GC (Allocation Failure) [PSYoungGen: 509600K->5408K(513536K)] 839968K->340843K(1037824K), 0.0317983 secs] [Times: user=0.04 sys=0.04, real=0.03 secs] 
2021-06-09T18:13:09.265+0800: 2277740.963: [GC (Allocation Failure) [PSYoungGen: 508704K->5408K(514048K)] 844139K->344664K(1038336K), 0.0256132 secs] [Times: user=0.02 sys=0.04, real=0.02 secs] 
2021-06-09T18:18:22.910+0800: 2278054.609: [GC (Allocation Failure) [PSYoungGen: 509216K->5792K(514048K)] 848472K->348773K(1038336K), 0.0256133 secs] [Times: user=0.03 sys=0.03, real=0.03 secs] 
2021-06-09T18:23:36.764+0800: 2278368.462: [GC (Allocation Failure) [PSYoungGen: 509600K->6752K(514560K)] 852581K->353977K(1038848K), 0.0222539 secs] [Times: user=0.03 sys=0.04, real=0.02 secs] 
2021-06-09T18:28:45.529+0800: 2278677.228: [GC (Allocation Failure) [PSYoungGen: 511584K->5184K(514560K)] 858809K->357988K(1038848K), 0.0249554 secs] [Times: user=0.04 sys=0.03, real=0.03 secs] 
2021-06-09T18:34:01.018+0800: 2278992.717: [GC (Allocation Failure) [PSYoungGen: 510016K->6496K(515072K)] 862820K->362834K(1039360K), 0.0480373 secs] [Times: user=0.04 sys=0.03, real=0.05 secs] 
2021-06-09T18:39:18.622+0800: 2279310.321: [GC (Allocation Failure) [PSYoungGen: 511840K->9120K(514560K)] 868178K->370469K(1038848K), 0.0363208 secs] [Times: user=0.04 sys=0.06, real=0.03 secs] 
2021-06-09T18:44:33.904+0800: 2279625.603: [GC (Allocation Failure) [PSYoungGen: 514464K->6048K(514560K)] 875813K->374998K(1038848K), 0.0451741 secs] [Times: user=0.05 sys=0.05, real=0.04 secs] 
2021-06-09T18:49:51.467+0800: 2279943.166: [GC (Allocation Failure) [PSYoungGen: 510880K->4960K(514560K)] 879830K->378506K(1038848K), 0.0374324 secs] [Times: user=0.03 sys=0.04, real=0.04 secs] 
2021-06-09T18:54:56.722+0800: 2280248.420: [GC (Allocation Failure) [PSYoungGen: 509792K->5504K(514560K)] 883338K->382208K(1038848K), 0.0199420 secs] [Times: user=0.03 sys=0.04, real=0.02 secs] 
2021-06-09T19:00:09.314+0800: 2280561.012: [GC (Allocation Failure) [PSYoungGen: 510336K->5408K(514560K)] 887040K->385916K(1038848K), 0.0229332 secs] [Times: user=0.03 sys=0.03, real=0.02 secs] 
2021-06-09T19:05:14.754+0800: 2280866.453: [GC (Allocation Failure) [PSYoungGen: 510240K->8608K(513536K)] 890748K->392961K(1037824K), 0.0435880 secs] [Times: user=0.08 sys=0.00, real=0.04 secs] 
2021-06-09T19:10:27.769+0800: 2281179.468: [GC (Allocation Failure) [PSYoungGen: 512416K->5696K(514048K)] 896769K->396682K(1038336K), 0.0234457 secs] [Times: user=0.04 sys=0.03, real=0.03 secs] 
2021-06-09T19:15:38.294+0800: 2281489.992: [GC (Allocation Failure) [PSYoungGen: 509504K->4576K(514560K)] 900490K->399495K(1038848K), 0.0264019 secs] [Times: user=0.04 sys=0.04, real=0.02 secs] 
2021-06-09T19:20:45.027+0800: 2281796.725: [GC (Allocation Failure) [PSYoungGen: 509408K->5962K(514560K)] 904327K->403918K(1038848K), 0.0291203 secs] [Times: user=0.03 sys=0.04, real=0.03 secs] 
2021-06-09T19:25:57.853+0800: 2282109.552: [GC (Allocation Failure) [PSYoungGen: 510794K->5216K(515072K)] 908750K->407706K(1039360K), 0.0268505 secs] [Times: user=0.04 sys=0.05, real=0.02 secs] 
2021-06-09T19:31:13.669+0800: 2282425.367: [GC (Allocation Failure) [PSYoungGen: 510560K->5696K(514560K)] 913050K->412007K(1038848K), 0.0328441 secs] [Times: user=0.04 sys=0.04, real=0.04 secs] 
2021-06-09T19:36:26.260+0800: 2282737.958: [GC (Allocation Failure) [PSYoungGen: 511040K->8448K(514048K)] 917351K->418789K(1038336K), 0.0267714 secs] [Times: user=0.04 sys=0.04, real=0.03 secs] 
2021-06-09T19:41:36.814+0800: 2283048.512: [GC (Allocation Failure) [PSYoungGen: 513280K->5376K(514560K)] 923621K->422431K(1038848K), 0.0243572 secs] [Times: user=0.03 sys=0.04, real=0.02 secs] 
2021-06-09T19:46:51.952+0800: 2283363.650: [GC (Allocation Failure) [PSYoungGen: 510208K->6848K(514560K)] 927263K->427459K(1038848K), 0.0257323 secs] [Times: user=0.08 sys=0.00, real=0.03 secs] 
2021-06-09T19:52:04.889+0800: 2283676.587: [GC (Allocation Failure) [PSYoungGen: 511680K->5440K(514560K)] 932291K->431103K(1038848K), 0.0296829 secs] [Times: user=0.04 sys=0.04, real=0.03 secs] 
2021-06-09T19:57:19.178+0800: 2283990.876: [GC (Allocation Failure) [PSYoungGen: 510272K->4512K(515072K)] 935935K->434259K(1039360K), 0.0375526 secs] [Times: user=0.04 sys=0.04, real=0.04 secs] 
2021-06-09T20:02:28.431+0800: 2284300.129: [GC (Allocation Failure) [PSYoungGen: 510368K->4992K(515072K)] 940115K->437873K(1039360K), 0.0229957 secs] [Times: user=0.04 sys=0.04, real=0.03 secs] 
2021-06-09T20:07:39.603+0800: 2284611.301: [GC (Allocation Failure) [PSYoungGen: 510848K->8768K(514048K)] 943729K->445230K(1038336K), 0.0501062 secs] [Times: user=0.04 sys=0.04, real=0.05 secs] 
2021-06-09T20:12:49.240+0800: 2284920.938: [GC (Allocation Failure) [PSYoungGen: 513600K->4704K(514560K)] 950062K->447943K(1038848K), 0.0249272 secs] [Times: user=0.04 sys=0.04, real=0.03 secs] 
2021-06-09T20:18:02.737+0800: 2285234.435: [GC (Allocation Failure) [PSYoungGen: 509536K->4896K(514560K)] 952775K->450693K(1038848K), 0.0396585 secs] [Times: user=0.03 sys=0.03, real=0.04 secs] 
2021-06-09T20:23:15.912+0800: 2285547.610: [GC (Allocation Failure) [PSYoungGen: 509728K->5472K(514560K)] 955525K->454817K(1038848K), 0.0320239 secs] [Times: user=0.03 sys=0.04, real=0.03 secs] 
2021-06-09T20:28:26.079+0800: 2285857.777: [GC (Allocation Failure) [PSYoungGen: 510304K->6144K(515072K)] 959649K->459422K(1039360K), 0.0255848 secs] [Times: user=0.04 sys=0.04, real=0.03 secs] 
2021-06-09T20:33:40.341+0800: 2286172.039: [GC (Allocation Failure) [PSYoungGen: 512000K->6432K(515072K)] 965278K->464018K(1039360K), 0.0236794 secs] [Times: user=0.04 sys=0.04, real=0.03 secs] 
2021-06-09T20:38:53.389+0800: 2286485.088: [GC (Allocation Failure) [PSYoungGen: 512288K->5120K(515584K)] 969874K->467989K(1039872K), 0.0235675 secs] [Times: user=0.04 sys=0.04, real=0.03 secs] 
2021-06-09T20:44:06.254+0800: 2286797.952: [GC (Allocation Failure) [PSYoungGen: 511488K->7296K(515072K)] 974357K->473442K(1039360K), 0.0298331 secs] [Times: user=0.04 sys=0.04, real=0.03 secs] 
2021-06-09T20:49:22.441+0800: 2287114.139: [GC (Allocation Failure) [PSYoungGen: 513664K->5760K(515584K)] 979810K->477757K(1039872K), 0.0295777 secs] [Times: user=0.04 sys=0.04, real=0.03 secs] 
2021-06-09T20:54:38.372+0800: 2287430.070: [GC (Allocation Failure) [PSYoungGen: 512128K->5600K(515072K)] 984125K->482161K(1039360K), 0.0299966 secs] [Times: user=0.03 sys=0.03, real=0.04 secs] 
2021-06-09T20:59:56.617+0800: 2287748.315: [GC (Allocation Failure) [PSYoungGen: 511968K->6496K(515584K)] 988529K->487357K(1039872K), 0.0341002 secs] [Times: user=0.04 sys=0.04, real=0.03 secs] 
2021-06-09T21:05:11.813+0800: 2288063.511: [GC (Allocation Failure) [PSYoungGen: 513376K->5440K(515584K)] 994237K->491073K(1039872K), 0.0259944 secs] [Times: user=0.03 sys=0.04, real=0.02 secs] 
2021-06-09T21:10:21.804+0800: 2288373.502: [GC (Allocation Failure) [PSYoungGen: 512320K->5376K(516096K)] 997953K->495037K(1040384K), 0.0272177 secs] [Times: user=0.03 sys=0.03, real=0.02 secs] 
2021-06-09T21:15:33.495+0800: 2288685.193: [GC (Allocation Failure) [PSYoungGen: 512768K->5824K(515584K)] 1002429K->498883K(1039872K), 0.0565215 secs] [Times: user=0.04 sys=0.05, real=0.05 secs] 
2021-06-09T21:20:48.564+0800: 2289000.262: [GC (Allocation Failure) [PSYoungGen: 513216K->5120K(516096K)] 1006275K->502662K(1040384K), 0.0626551 secs] [Times: user=0.04 sys=0.04, real=0.06 secs] 
2021-06-09T21:25:59.607+0800: 2289311.305: [GC (Allocation Failure) [PSYoungGen: 513024K->5248K(516096K)] 1010566K->506180K(1040384K), 0.0284484 secs] [Times: user=0.04 sys=0.04, real=0.03 secs] 
2021-06-09T21:31:17.057+0800: 2289628.755: [GC (Allocation Failure) [PSYoungGen: 513152K->7616K(515072K)] 1014084K->512104K(1039360K), 0.0341196 secs] [Times: user=0.04 sys=0.05, real=0.03 secs] 
2021-06-09T21:36:27.631+0800: 2289939.330: [GC (Allocation Failure) [PSYoungGen: 514496K->6656K(515584K)] 1018984K->516388K(1039872K), 0.0254909 secs] [Times: user=0.04 sys=0.05, real=0.03 secs] 
2021-06-09T21:41:42.233+0800: 2290253.931: [GC (Allocation Failure) [PSYoungGen: 513536K->5408K(516096K)] 1023268K->520192K(1040384K), 0.0371556 secs] [Times: user=0.05 sys=0.05, real=0.03 secs] 
2021-06-09T21:46:49.180+0800: 2290560.878: [GC (Allocation Failure) [PSYoungGen: 512800K->6688K(515584K)] 1027584K->525021K(1039872K), 0.0800831 secs] [Times: user=0.04 sys=0.04, real=0.08 secs] 
2021-06-09T21:46:49.260+0800: 2290560.959: [Full GC (Ergonomics) [PSYoungGen: 6688K->0K(515584K)] [ParOldGen: 518333K->292253K(524288K)] 525021K->292253K(1039872K), [Metaspace: 96862K->96859K(1138688K)], 0.5200688 secs] [Times: user=0.55 sys=0.54, real=0.52 secs] 
2021-06-09T21:52:00.567+0800: 2290872.265: [GC (Allocation Failure) [PSYoungGen: 507392K->6400K(516096K)] 799645K->298653K(1040384K), 0.0242093 secs] [Times: user=0.04 sys=0.03, real=0.02 secs] 
2021-06-09T21:57:15.250+0800: 2291186.948: [GC (Allocation Failure) [PSYoungGen: 513785K->5600K(515584K)] 806039K->302345K(1039872K), 0.0273923 secs] [Times: user=0.04 sys=0.04, real=0.03 secs] 
2021-06-09T22:02:31.976+0800: 2291503.675: [GC (Allocation Failure) [PSYoungGen: 512992K->5632K(516096K)] 809737K->306462K(1040384K), 0.0288157 secs] [Times: user=0.03 sys=0.04, real=0.03 secs] 
2021-06-09T22:07:44.355+0800: 2291816.054: [GC (Allocation Failure) [PSYoungGen: 513536K->8000K(516096K)] 814366K->313138K(1040384K), 0.0460370 secs] [Times: user=0.04 sys=0.04, real=0.04 secs] 
2021-06-09T22:12:55.112+0800: 2292126.810: [GC (Allocation Failure) [PSYoungGen: 515904K->7200K(515072K)] 821042K->318589K(1039360K), 0.0276705 secs] [Times: user=0.04 sys=0.04, real=0.03 secs] 
2021-06-09T22:18:07.542+0800: 2292439.240: [GC (Allocation Failure) [PSYoungGen: 514080K->5792K(515584K)] 825469K->321880K(1039872K), 0.0229379 secs] [Times: user=0.03 sys=0.03, real=0.03 secs] 
2021-06-09T22:23:17.642+0800: 2292749.340: [GC (Allocation Failure) [PSYoungGen: 512672K->8128K(514560K)] 828760K->328731K(1038848K), 0.0284884 secs] [Times: user=0.03 sys=0.05, real=0.03 secs] 
2021-06-09T22:28:27.935+0800: 2293059.634: [GC (Allocation Failure) [PSYoungGen: 513984K->6048K(515072K)] 834587K->333237K(1039360K), 0.0253554 secs] [Times: user=0.03 sys=0.03, real=0.02 secs] 
2021-06-09T22:33:38.009+0800: 2293369.707: [GC (Allocation Failure) [PSYoungGen: 511904K->9184K(510976K)] 839093K->340923K(1035264K), 0.0365365 secs] [Times: user=0.04 sys=0.05, real=0.04 secs] 
2021-06-09T22:38:48.189+0800: 2293679.887: [GC (Allocation Failure) [PSYoungGen: 510944K->8576K(510464K)] 842683K->346860K(1034752K), 0.0273232 secs] [Times: user=0.04 sys=0.04, real=0.03 secs] 
2021-06-09T22:44:00.312+0800: 2293992.010: [GC (Allocation Failure) [PSYoungGen: 510336K->6656K(513024K)] 848620K->351405K(1037312K), 0.0290747 secs] [Times: user=0.04 sys=0.04, real=0.03 secs] 
2021-06-09T22:49:16.418+0800: 2294308.116: [GC (Allocation Failure) [PSYoungGen: 507904K->5536K(512512K)] 852653K->355385K(1036800K), 0.0273699 secs] [Times: user=0.04 sys=0.03, real=0.03 secs] 
2021-06-09T22:54:27.945+0800: 2294619.643: [GC (Allocation Failure) [PSYoungGen: 506784K->5568K(513024K)] 856633K->359006K(1037312K), 0.0250549 secs] [Times: user=0.04 sys=0.04, real=0.02 secs] 
2021-06-09T22:59:35.481+0800: 2294927.179: [GC (Allocation Failure) [PSYoungGen: 507328K->4992K(513024K)] 860766K->362483K(1037312K), 0.0266359 secs] [Times: user=0.04 sys=0.04, real=0.03 secs] 
2021-06-09T23:04:47.011+0800: 2295238.709: [GC (Allocation Failure) [PSYoungGen: 506752K->5824K(513536K)] 864243K->366935K(1037824K), 0.0303605 secs] [Times: user=0.04 sys=0.05, real=0.03 secs] 
2021-06-09T23:09:59.740+0800: 2295551.438: [GC (Allocation Failure) [PSYoungGen: 508608K->5376K(513536K)] 869719K->370516K(1037824K), 0.0315538 secs] [Times: user=0.09 sys=0.00, real=0.03 secs] 
2021-06-09T23:15:06.057+0800: 2295857.755: [GC (Allocation Failure) [PSYoungGen: 508160K->5216K(514048K)] 873300K->373490K(1038336K), 0.0280310 secs] [Times: user=0.03 sys=0.04, real=0.03 secs] 
2021-06-09T23:20:20.672+0800: 2296172.370: [GC (Allocation Failure) [PSYoungGen: 508512K->7392K(513536K)] 876786K->379391K(1037824K), 0.0440433 secs] [Times: user=0.03 sys=0.04, real=0.05 secs] 
2021-06-09T23:25:28.760+0800: 2296480.458: [GC (Allocation Failure) [PSYoungGen: 510688K->5504K(514048K)] 882687K->382795K(1038336K), 0.0267843 secs] [Times: user=0.03 sys=0.05, real=0.03 secs] 
2021-06-09T23:30:40.033+0800: 2296791.731: [GC (Allocation Failure) [PSYoungGen: 509312K->5664K(514048K)] 886603K->386999K(1038336K), 0.0247140 secs] [Times: user=0.03 sys=0.03, real=0.02 secs] 
2021-06-09T23:35:51.616+0800: 2297103.314: [GC (Allocation Failure) [PSYoungGen: 509472K->6464K(514560K)] 890807K->391883K(1038848K), 0.0280807 secs] [Times: user=0.04 sys=0.04, real=0.03 secs] 
2021-06-09T23:41:02.389+0800: 2297414.087: [GC (Allocation Failure) [PSYoungGen: 511296K->6048K(514560K)] 896715K->396542K(1038848K), 0.0299008 secs] [Times: user=0.04 sys=0.04, real=0.03 secs] 
2021-06-09T23:46:12.085+0800: 2297723.783: [GC (Allocation Failure) [PSYoungGen: 510880K->4448K(515072K)] 901374K->399729K(1039360K), 0.0329635 secs] [Times: user=0.04 sys=0.04, real=0.03 secs] 
2021-06-09T23:51:19.157+0800: 2298030.855: [GC (Allocation Failure) [PSYoungGen: 510304K->6432K(515072K)] 905585K->404559K(1039360K), 0.0261228 secs] [Times: user=0.04 sys=0.04, real=0.03 secs] 
2021-06-09T23:56:31.056+0800: 2298342.754: [GC (Allocation Failure) [PSYoungGen: 512288K->5888K(515072K)] 910415K->408827K(1039360K), 0.0291822 secs] [Times: user=0.04 sys=0.05, real=0.03 secs] 
2021-06-10T00:01:34.640+0800: 2298646.338: [GC (Allocation Failure) [PSYoungGen: 511744K->6944K(515072K)] 914683K->414471K(1039360K), 0.0314021 secs] [Times: user=0.04 sys=0.05, real=0.03 secs] 
2021-06-10T00:06:44.375+0800: 2298956.073: [GC (Allocation Failure) [PSYoungGen: 512800K->6016K(515584K)] 920327K->418867K(1039872K), 0.0344175 secs] [Times: user=0.04 sys=0.05, real=0.03 secs] 
2021-06-10T00:11:52.550+0800: 2299264.248: [GC (Allocation Failure) [PSYoungGen: 512384K->7008K(515072K)] 925235K->423856K(1039360K), 0.0316213 secs] [Times: user=0.03 sys=0.04, real=0.03 secs] 
2021-06-10T00:17:05.312+0800: 2299577.011: [GC (Allocation Failure) [PSYoungGen: 513376K->4864K(515584K)] 930224K->427121K(1039872K), 0.0206858 secs] [Times: user=0.03 sys=0.03, real=0.02 secs] 
2021-06-10T00:22:20.887+0800: 2299892.585: [GC (Allocation Failure) [PSYoungGen: 511744K->4768K(515584K)] 934001K->429791K(1039872K), 0.0362885 secs] [Times: user=0.03 sys=0.03, real=0.04 secs] 
2021-06-10T00:27:36.441+0800: 2300208.139: [GC (Allocation Failure) [PSYoungGen: 511648K->8448K(513536K)] 936671K->436845K(1037824K), 0.0254235 secs] [Times: user=0.04 sys=0.04, real=0.03 secs] 
2021-06-10T00:32:49.803+0800: 2300521.501: [GC (Allocation Failure) [PSYoungGen: 513280K->6752K(514560K)] 941677K->441575K(1038848K), 0.0276009 secs] [Times: user=0.03 sys=0.04, real=0.02 secs] 
2021-06-10T00:37:59.538+0800: 2300831.236: [GC (Allocation Failure) [PSYoungGen: 511584K->7808K(514048K)] 946407K->447683K(1038336K), 0.0256844 secs] [Times: user=0.04 sys=0.04, real=0.03 secs] 
2021-06-10T00:43:09.984+0800: 2301141.682: [GC (Allocation Failure) [PSYoungGen: 512640K->7456K(514560K)] 952515K->453270K(1038848K), 0.0237528 secs] [Times: user=0.03 sys=0.04, real=0.02 secs] 
2021-06-10T00:48:22.877+0800: 2301454.575: [GC (Allocation Failure) [PSYoungGen: 512288K->6816K(514560K)] 958102K->458448K(1038848K), 0.0253735 secs] [Times: user=0.04 sys=0.04, real=0.03 secs] 
2021-06-10T00:53:33.953+0800: 2301765.651: [GC (Allocation Failure) [PSYoungGen: 511648K->6912K(514560K)] 963280K->463484K(1038848K), 0.0217488 secs] [Times: user=0.03 sys=0.04, real=0.02 secs] 
2021-06-10T00:58:54.621+0800: 2302086.319: [GC (Allocation Failure) [PSYoungGen: 511744K->6688K(515072K)] 968316K->467985K(1039360K), 0.0246891 secs] [Times: user=0.04 sys=0.04, real=0.03 secs] 
2021-06-10T01:04:04.022+0800: 2302395.720: [GC (Allocation Failure) [PSYoungGen: 512544K->6464K(515072K)] 973841K->472876K(1039360K), 0.0219445 secs] [Times: user=0.04 sys=0.04, real=0.03 secs] 
2021-06-10T01:09:17.079+0800: 2302708.777: [GC (Allocation Failure) [PSYoungGen: 512320K->6752K(515584K)] 978732K->478152K(1039872K), 0.0252057 secs] [Times: user=0.04 sys=0.04, real=0.03 secs] 
2021-06-10T01:14:28.055+0800: 2303019.753: [GC (Allocation Failure) [PSYoungGen: 513120K->5472K(515072K)] 984520K->481244K(1039360K), 0.0253410 secs] [Times: user=0.03 sys=0.03, real=0.02 secs] 
2021-06-10T01:19:27.483+0800: 2303319.182: [GC (Allocation Failure) [PSYoungGen: 511840K->5226K(515584K)] 987612K->484803K(1039872K), 0.0306786 secs] [Times: user=0.05 sys=0.05, real=0.03 secs] 
2021-06-10T01:24:40.606+0800: 2303632.304: [GC (Allocation Failure) [PSYoungGen: 512106K->5376K(515584K)] 991683K->488697K(1039872K), 0.0548494 secs] [Times: user=0.04 sys=0.04, real=0.05 secs] 
2021-06-10T01:29:54.723+0800: 2303946.421: [GC (Allocation Failure) [PSYoungGen: 512256K->7136K(515584K)] 995577K->494015K(1039872K), 0.0258154 secs] [Times: user=0.03 sys=0.04, real=0.02 secs] 
2021-06-10T01:35:12.009+0800: 2304263.707: [GC (Allocation Failure) [PSYoungGen: 514016K->6208K(515584K)] 1000895K->499161K(1039872K), 0.0298506 secs] [Times: user=0.03 sys=0.03, real=0.03 secs] 
2021-06-10T01:40:23.564+0800: 2304575.262: [GC (Allocation Failure) [PSYoungGen: 513088K->6240K(515584K)] 1006041K->504252K(1039872K), 0.0226484 secs] [Times: user=0.04 sys=0.04, real=0.02 secs] 
2021-06-10T01:45:38.497+0800: 2304890.196: [GC (Allocation Failure) [PSYoungGen: 513120K->5120K(515584K)] 1011132K->507600K(1039872K), 0.0311463 secs] [Times: user=0.04 sys=0.04, real=0.03 secs] 
2021-06-10T01:50:48.491+0800: 2305200.189: [GC (Allocation Failure) [PSYoungGen: 512000K->6144K(516096K)] 1014480K->512030K(1040384K), 0.0500136 secs] [Times: user=0.03 sys=0.04, real=0.05 secs] 
2021-06-10T01:56:05.851+0800: 2305517.549: [GC (Allocation Failure) [PSYoungGen: 513536K->6208K(515584K)] 1019422K->516873K(1039872K), 0.0243322 secs] [Times: user=0.04 sys=0.04, real=0.03 secs] 
2021-06-10T02:01:16.556+0800: 2305828.254: [GC (Allocation Failure) [PSYoungGen: 513600K->5600K(516096K)] 1024265K->521078K(1040384K), 0.0269709 secs] [Times: user=0.04 sys=0.05, real=0.03 secs] 
2021-06-10T02:06:32.979+0800: 2306144.678: [GC (Allocation Failure) [PSYoungGen: 513504K->4896K(516096K)] 1028982K->524506K(1040384K), 0.0218599 secs] [Times: user=0.03 sys=0.04, real=0.02 secs] 
2021-06-10T02:06:33.002+0800: 2306144.700: [Full GC (Ergonomics) [PSYoungGen: 4896K->0K(516096K)] [ParOldGen: 519610K->304098K(524288K)] 524506K->304098K(1040384K), [Metaspace: 96862K->96862K(1138688K)], 0.4360807 secs] [Times: user=0.50 sys=0.49, real=0.44 secs] 
2021-06-10T02:11:46.500+0800: 2306458.199: [GC (Allocation Failure) [PSYoungGen: 507904K->6880K(516096K)] 812002K->310978K(1040384K), 0.0331939 secs] [Times: user=0.03 sys=0.03, real=0.04 secs] 
2021-06-10T02:17:01.067+0800: 2306772.766: [GC (Allocation Failure) [PSYoungGen: 514784K->7392K(515584K)] 818882K->316639K(1039872K), 0.0268984 secs] [Times: user=0.04 sys=0.04, real=0.03 secs] 
2021-06-10T02:22:13.869+0800: 2307085.567: [GC (Allocation Failure) [PSYoungGen: 515296K->6688K(515584K)] 824543K->321386K(1039872K), 0.0254043 secs] [Times: user=0.03 sys=0.04, real=0.03 secs] 
2021-06-10T02:27:30.872+0800: 2307402.570: [GC (Allocation Failure) [PSYoungGen: 513568K->5536K(515584K)] 828266K->325302K(1039872K), 0.0223798 secs] [Times: user=0.03 sys=0.04, real=0.03 secs] 
2021-06-10T02:32:43.309+0800: 2307715.008: [GC (Allocation Failure) [PSYoungGen: 512416K->5536K(516096K)] 832182K->329155K(1040384K), 0.0197881 secs] [Times: user=0.02 sys=0.04, real=0.02 secs] 
2021-06-10T02:37:55.214+0800: 2308026.912: [GC (Allocation Failure) [PSYoungGen: 513440K->6624K(516096K)] 837059K->334095K(1040384K), 0.0272511 secs] [Times: user=0.03 sys=0.03, real=0.02 secs] 
2021-06-10T02:43:11.245+0800: 2308342.944: [GC (Allocation Failure) [PSYoungGen: 514528K->6272K(516096K)] 841999K->338723K(1040384K), 0.0228472 secs] [Times: user=0.03 sys=0.04, real=0.02 secs] 
2021-06-10T02:48:24.452+0800: 2308656.151: [GC (Allocation Failure) [PSYoungGen: 514176K->6272K(516096K)] 846627K->343319K(1040384K), 0.0575730 secs] [Times: user=0.03 sys=0.03, real=0.05 secs] 
2021-06-10T02:53:42.471+0800: 2308974.169: [GC (Allocation Failure) [PSYoungGen: 514176K->6656K(516096K)] 851223K->348659K(1040384K), 0.0226961 secs] [Times: user=0.03 sys=0.03, real=0.03 secs] 
2021-06-10T02:58:59.606+0800: 2309291.305: [GC (Allocation Failure) [PSYoungGen: 514560K->5856K(516096K)] 856563K->353079K(1040384K), 0.0419457 secs] [Times: user=0.03 sys=0.03, real=0.04 secs] 
2021-06-10T03:04:14.229+0800: 2309605.927: [GC (Allocation Failure) [PSYoungGen: 513760K->4928K(516096K)] 860983K->356331K(1040384K), 0.0224767 secs] [Times: user=0.03 sys=0.03, real=0.02 secs] 
2021-06-10T03:09:27.611+0800: 2309919.309: [GC (Allocation Failure) [PSYoungGen: 512832K->7744K(516096K)] 864235K->362665K(1040384K), 0.0230141 secs] [Times: user=0.04 sys=0.03, real=0.03 secs] 
2021-06-10T03:14:43.975+0800: 2310235.673: [GC (Allocation Failure) [PSYoungGen: 515648K->6496K(516096K)] 870569K->367228K(1040384K), 0.0231725 secs] [Times: user=0.03 sys=0.03, real=0.02 secs] 
2021-06-10T03:19:55.602+0800: 2310547.300: [GC (Allocation Failure) [PSYoungGen: 514400K->6176K(516096K)] 875132K->371671K(1040384K), 0.0240560 secs] [Times: user=0.03 sys=0.03, real=0.03 secs] 
2021-06-10T03:25:09.461+0800: 2310861.159: [GC (Allocation Failure) [PSYoungGen: 514080K->6944K(516096K)] 879575K->376987K(1040384K), 0.0219056 secs] [Times: user=0.04 sys=0.04, real=0.03 secs] 
2021-06-10T03:30:28.122+0800: 2311179.820: [GC (Allocation Failure) [PSYoungGen: 514848K->5952K(516096K)] 884891K->381742K(1040384K), 0.0232962 secs] [Times: user=0.03 sys=0.03, real=0.03 secs] 
2021-06-10T03:35:40.570+0800: 2311492.269: [GC (Allocation Failure) [PSYoungGen: 513856K->5824K(516096K)] 889646K->385939K(1040384K), 0.0214093 secs] [Times: user=0.04 sys=0.04, real=0.03 secs] 
2021-06-10T03:40:55.460+0800: 2311807.158: [GC (Allocation Failure) [PSYoungGen: 513728K->8192K(516096K)] 893843K->394361K(1040384K), 0.0559539 secs] [Times: user=0.03 sys=0.04, real=0.06 secs] 
2021-06-10T03:46:12.373+0800: 2312124.072: [GC (Allocation Failure) [PSYoungGen: 516096K->7264K(510976K)] 902265K->400915K(1035264K), 0.0246979 secs] [Times: user=0.03 sys=0.04, real=0.02 secs] 
2021-06-10T03:51:23.305+0800: 2312435.004: [GC (Allocation Failure) [PSYoungGen: 510048K->5344K(513536K)] 903699K->404798K(1037824K), 0.0374368 secs] [Times: user=0.04 sys=0.03, real=0.04 secs] 
2021-06-10T03:56:33.409+0800: 2312745.108: [GC (Allocation Failure) [PSYoungGen: 508128K->5248K(513536K)] 907582K->408738K(1037824K), 0.0522918 secs] [Times: user=0.03 sys=0.03, real=0.05 secs] 
2021-06-10T04:01:43.536+0800: 2313055.234: [GC (Allocation Failure) [PSYoungGen: 508032K->5632K(513536K)] 911522K->412974K(1037824K), 0.0306887 secs] [Times: user=0.04 sys=0.03, real=0.03 secs] 
2021-06-10T04:06:57.717+0800: 2313369.416: [GC (Allocation Failure) [PSYoungGen: 508416K->6464K(514048K)] 915758K->418147K(1038336K), 0.0248954 secs] [Times: user=0.03 sys=0.04, real=0.03 secs] 
2021-06-10T04:12:10.084+0800: 2313681.782: [GC (Allocation Failure) [PSYoungGen: 510272K->7552K(514048K)] 921955K->424175K(1038336K), 0.0224926 secs] [Times: user=0.04 sys=0.04, real=0.02 secs] 
2021-06-10T04:17:20.616+0800: 2313992.314: [GC (Allocation Failure) [PSYoungGen: 511360K->5536K(514560K)] 927983K->427211K(1038848K), 0.0249740 secs] [Times: user=0.03 sys=0.03, real=0.02 secs] 
2021-06-10T04:22:26.852+0800: 2314298.550: [GC (Allocation Failure) [PSYoungGen: 509856K->9696K(514048K)] 931531K->436009K(1038336K), 0.0298431 secs] [Times: user=0.03 sys=0.04, real=0.03 secs] 
2021-06-10T04:27:46.498+0800: 2314618.196: [GC (Allocation Failure) [PSYoungGen: 514016K->5984K(509952K)] 940329K->440697K(1034240K), 0.0450251 secs] [Times: user=0.03 sys=0.03, real=0.05 secs] 
2021-06-10T04:32:54.885+0800: 2314926.583: [GC (Allocation Failure) [PSYoungGen: 505696K->5408K(512000K)] 940409K->444932K(1036288K), 0.0222529 secs] [Times: user=0.04 sys=0.04, real=0.02 secs] 
2021-06-10T04:38:11.552+0800: 2315243.250: [GC (Allocation Failure) [PSYoungGen: 505120K->6496K(512512K)] 944644K->450113K(1036800K), 0.0242932 secs] [Times: user=0.04 sys=0.04, real=0.03 secs] 
2021-06-10T04:43:21.042+0800: 2315552.740: [GC (Allocation Failure) [PSYoungGen: 506720K->5376K(512000K)] 950337K->453532K(1036288K), 0.0219173 secs] [Times: user=0.04 sys=0.04, real=0.03 secs] 
2021-06-10T04:48:29.224+0800: 2315860.922: [GC (Allocation Failure) [PSYoungGen: 505600K->6464K(513024K)] 953756K->458729K(1037312K), 0.0267609 secs] [Times: user=0.07 sys=0.00, real=0.02 secs] 
2021-06-10T04:53:37.524+0800: 2316169.222: [GC (Allocation Failure) [PSYoungGen: 507712K->6624K(512512K)] 959977K->463813K(1036800K), 0.0232428 secs] [Times: user=0.04 sys=0.04, real=0.02 secs] 
2021-06-10T04:58:52.490+0800: 2316484.188: [GC (Allocation Failure) [PSYoungGen: 507872K->6528K(514048K)] 965061K->468960K(1038336K), 0.0250778 secs] [Times: user=0.03 sys=0.04, real=0.03 secs] 
2021-06-10T05:04:04.495+0800: 2316796.193: [GC (Allocation Failure) [PSYoungGen: 509824K->5856K(513536K)] 972256K->473611K(1037824K), 0.0221290 secs] [Times: user=0.04 sys=0.03, real=0.02 secs] 
2021-06-10T05:09:10.536+0800: 2317102.234: [GC (Allocation Failure) [PSYoungGen: 509152K->10112K(512000K)] 976907K->482337K(1036288K), 0.0259755 secs] [Times: user=0.04 sys=0.04, real=0.03 secs] 
2021-06-10T05:14:19.974+0800: 2317411.672: [GC (Allocation Failure) [PSYoungGen: 511872K->8224K(513024K)] 984097K->488858K(1037312K), 0.0251383 secs] [Times: user=0.04 sys=0.04, real=0.02 secs] 
2021-06-10T05:19:32.353+0800: 2317724.052: [GC (Allocation Failure) [PSYoungGen: 509984K->8352K(513024K)] 990618K->496090K(1037312K), 0.0301906 secs] [Times: user=0.05 sys=0.05, real=0.03 secs] 
2021-06-10T05:25:03.748+0800: 2318055.446: [GC (Allocation Failure) [PSYoungGen: 510112K->4576K(513024K)] 997850K->499484K(1037312K), 0.0301627 secs] [Times: user=0.04 sys=0.03, real=0.03 secs] 
2021-06-10T05:30:20.251+0800: 2318371.950: [GC (Allocation Failure) [PSYoungGen: 506336K->5664K(513024K)] 1001244K->503786K(1037312K), 0.0230411 secs] [Times: user=0.03 sys=0.04, real=0.03 secs] 
2021-06-10T05:35:47.104+0800: 2318698.802: [GC (Allocation Failure) [PSYoungGen: 507424K->4768K(513024K)] 1005546K->506822K(1037312K), 0.0218447 secs] [Times: user=0.02 sys=0.03, real=0.02 secs] 
2021-06-10T05:41:08.449+0800: 2319020.148: [GC (Allocation Failure) [PSYoungGen: 506528K->4544K(513024K)] 1008582K->509628K(1037312K), 0.0213015 secs] [Times: user=0.03 sys=0.03, real=0.02 secs] 
2021-06-10T05:46:26.812+0800: 2319338.510: [GC (Allocation Failure) [PSYoungGen: 506304K->8704K(513024K)] 1011388K->516970K(1037312K), 0.0334776 secs] [Times: user=0.09 sys=0.00, real=0.04 secs] 
2021-06-10T05:51:52.785+0800: 2319664.483: [GC (Allocation Failure) [PSYoungGen: 510464K->7648K(513024K)] 1018730K->522309K(1037312K), 0.0440042 secs] [Times: user=0.05 sys=0.06, real=0.04 secs] 
2021-06-10T05:57:17.093+0800: 2319988.791: [GC (Allocation Failure) [PSYoungGen: 509408K->7872K(513024K)] 1024069K->528423K(1037312K), 0.0384746 secs] [Times: user=0.04 sys=0.03, real=0.03 secs] 
2021-06-10T05:57:17.132+0800: 2319988.830: [Full GC (Ergonomics) [PSYoungGen: 7872K->0K(513024K)] [ParOldGen: 520551K->302494K(524288K)] 528423K->302494K(1037312K), [Metaspace: 96886K->96886K(1138688K)], 0.5439540 secs] [Times: user=1.10 sys=0.00, real=0.55 secs] 
2021-06-10T06:02:35.750+0800: 2320307.448: [GC (Allocation Failure) [PSYoungGen: 501760K->7424K(513024K)] 804254K->309918K(1037312K), 0.0224356 secs] [Times: user=0.04 sys=0.03, real=0.03 secs] 
2021-06-10T06:07:54.020+0800: 2320625.718: [GC (Allocation Failure) [PSYoungGen: 509184K->8384K(513024K)] 811678K->317168K(1037312K), 0.0339600 secs] [Times: user=0.04 sys=0.05, real=0.04 secs] 
2021-06-10T06:13:13.789+0800: 2320945.488: [GC (Allocation Failure) [PSYoungGen: 510144K->4768K(513024K)] 818928K->320009K(1037312K), 0.0935353 secs] [Times: user=0.03 sys=0.03, real=0.10 secs] 
2021-06-10T06:18:28.880+0800: 2321260.578: [GC (Allocation Failure) [PSYoungGen: 506528K->6048K(513024K)] 821769K->324398K(1037312K), 0.0475975 secs] [Times: user=0.02 sys=0.03, real=0.05 secs] 
2021-06-10T06:23:54.594+0800: 2321586.292: [GC (Allocation Failure) [PSYoungGen: 507808K->6560K(513536K)] 826158K->329355K(1037824K), 0.0246472 secs] [Times: user=0.03 sys=0.03, real=0.02 secs] 
2021-06-10T06:29:09.412+0800: 2321901.110: [GC (Allocation Failure) [PSYoungGen: 509344K->5728K(513536K)] 832139K->333495K(1037824K), 0.0217310 secs] [Times: user=0.03 sys=0.04, real=0.03 secs] 
2021-06-10T06:34:34.885+0800: 2322226.584: [GC (Allocation Failure) [PSYoungGen: 508512K->5344K(514048K)] 836279K->337507K(1038336K), 0.0232570 secs] [Times: user=0.03 sys=0.03, real=0.02 secs] 
2021-06-10T06:39:56.189+0800: 2322547.888: [GC (Allocation Failure) [PSYoungGen: 509152K->5952K(514048K)] 841315K->341888K(1038336K), 0.0251022 secs] [Times: user=0.03 sys=0.04, real=0.03 secs] 
2021-06-10T06:45:22.242+0800: 2322873.940: [GC (Allocation Failure) [PSYoungGen: 509760K->5088K(514560K)] 845696K->345483K(1038848K), 0.0252571 secs] [Times: user=0.04 sys=0.04, real=0.03 secs] 
2021-06-10T06:50:45.498+0800: 2323197.196: [GC (Allocation Failure) [PSYoungGen: 509408K->6592K(514048K)] 849803K->350585K(1038336K), 0.0266062 secs] [Times: user=0.04 sys=0.04, real=0.03 secs] 
2021-06-10T06:56:11.491+0800: 2323523.190: [GC (Allocation Failure) [PSYoungGen: 510912K->4672K(514560K)] 854905K->353164K(1038848K), 0.0253776 secs] [Times: user=0.07 sys=0.00, real=0.03 secs] 
2021-06-10T07:01:36.898+0800: 2323848.596: [GC (Allocation Failure) [PSYoungGen: 509504K->5184K(514560K)] 857996K->356737K(1038848K), 0.0243861 secs] [Times: user=0.03 sys=0.04, real=0.03 secs] 
2021-06-10T07:07:00.001+0800: 2324171.699: [GC (Allocation Failure) [PSYoungGen: 510016K->5344K(515072K)] 861569K->360431K(1039360K), 0.0249207 secs] [Times: user=0.03 sys=0.03, real=0.03 secs] 
2021-06-10T07:12:24.749+0800: 2324496.447: [GC (Allocation Failure) [PSYoungGen: 510688K->7584K(514560K)] 865775K->366388K(1038848K), 0.0675820 secs] [Times: user=0.03 sys=0.04, real=0.07 secs] 
2021-06-10T07:17:39.022+0800: 2324810.720: [GC (Allocation Failure) [PSYoungGen: 512928K->7722K(514560K)] 871732K->372097K(1038848K), 0.0221234 secs] [Times: user=0.03 sys=0.04, real=0.03 secs] 
2021-06-10T07:22:57.627+0800: 2325129.325: [GC (Allocation Failure) [PSYoungGen: 512554K->6016K(514560K)] 876929K->376244K(1038848K), 0.0319326 secs] [Times: user=0.04 sys=0.04, real=0.03 secs] 
2021-06-10T07:28:20.154+0800: 2325451.853: [GC (Allocation Failure) [PSYoungGen: 510848K->5312K(515072K)] 881076K->380217K(1039360K), 0.0236726 secs] [Times: user=0.03 sys=0.03, real=0.02 secs] 
2021-06-10T07:33:36.149+0800: 2325767.847: [GC (Allocation Failure) [PSYoungGen: 510656K->6912K(514560K)] 885561K->385574K(1038848K), 0.0253319 secs] [Times: user=0.04 sys=0.04, real=0.03 secs] 
2021-06-10T07:38:55.743+0800: 2326087.441: [GC (Allocation Failure) [PSYoungGen: 512256K->7776K(514048K)] 890918K->391577K(1038336K), 0.0283797 secs] [Times: user=0.03 sys=0.04, real=0.02 secs] 
2021-06-10T07:44:17.545+0800: 2326409.243: [GC (Allocation Failure) [PSYoungGen: 512608K->5088K(514560K)] 896409K->395243K(1038848K), 0.0245558 secs] [Times: user=0.04 sys=0.04, real=0.02 secs] 
2021-06-10T07:49:44.099+0800: 2326735.797: [GC (Allocation Failure) [PSYoungGen: 509920K->6912K(514560K)] 900075K->400673K(1038848K), 0.0227364 secs] [Times: user=0.03 sys=0.03, real=0.02 secs] 
2021-06-10T07:55:08.694+0800: 2327060.392: [GC (Allocation Failure) [PSYoungGen: 511744K->5344K(514560K)] 905505K->404540K(1038848K), 0.0272052 secs] [Times: user=0.04 sys=0.04, real=0.02 secs] 
2021-06-10T08:00:31.081+0800: 2327382.779: [GC (Allocation Failure) [PSYoungGen: 510176K->6496K(515072K)] 909372K->409465K(1039360K), 0.0686658 secs] [Times: user=0.03 sys=0.04, real=0.07 secs] 
2021-06-10T08:05:54.359+0800: 2327706.058: [GC (Allocation Failure) [PSYoungGen: 512352K->9184K(515072K)] 915321K->418254K(1039360K), 0.0253655 secs] [Times: user=0.04 sys=0.04, real=0.03 secs] 
2021-06-10T08:11:19.675+0800: 2328031.374: [GC (Allocation Failure) [PSYoungGen: 515040K->9216K(500736K)] 924110K->428224K(1025024K), 0.0413093 secs] [Times: user=0.05 sys=0.05, real=0.04 secs] 
2021-06-10T08:16:31.313+0800: 2328343.011: [GC (Allocation Failure) [PSYoungGen: 500736K->10240K(507904K)] 919744K->437754K(1032192K), 0.0293380 secs] [Times: user=0.04 sys=0.04, real=0.03 secs] 
2021-06-10T08:21:46.564+0800: 2328658.262: [GC (Allocation Failure) [PSYoungGen: 501760K->5312K(508416K)] 929274K->441281K(1032704K), 0.0184645 secs] [Times: user=0.03 sys=0.03, real=0.02 secs] 
2021-06-10T08:27:03.134+0800: 2328974.832: [GC (Allocation Failure) [PSYoungGen: 497344K->7008K(507904K)] 933313K->446262K(1032192K), 0.0251245 secs] [Times: user=0.03 sys=0.04, real=0.02 secs] 
2021-06-10T08:32:18.720+0800: 2329290.418: [GC (Allocation Failure) [PSYoungGen: 499040K->6816K(509440K)] 938294K->451002K(1033728K), 0.0251502 secs] [Times: user=0.04 sys=0.04, real=0.03 secs] 
2021-06-10T08:37:33.981+0800: 2329605.680: [GC (Allocation Failure) [PSYoungGen: 500896K->5792K(508928K)] 945082K->454933K(1033216K), 0.0249596 secs] [Times: user=0.03 sys=0.04, real=0.03 secs] 
2021-06-10T08:42:52.694+0800: 2329924.392: [GC (Allocation Failure) [PSYoungGen: 499872K->6976K(509952K)] 949013K->460106K(1034240K), 0.0322017 secs] [Times: user=0.03 sys=0.05, real=0.03 secs] 
2021-06-10T08:48:06.905+0800: 2330238.604: [GC (Allocation Failure) [PSYoungGen: 502080K->7072K(509440K)] 955210K->465398K(1033728K), 0.0262089 secs] [Times: user=0.04 sys=0.04, real=0.02 secs] 
2021-06-10T08:53:17.285+0800: 2330548.983: [GC (Allocation Failure) [PSYoungGen: 502176K->10688K(509440K)] 960502K->474170K(1033728K), 0.0250163 secs] [Times: user=0.04 sys=0.04, real=0.02 secs] 
2021-06-10T08:58:29.200+0800: 2330860.898: [GC (Allocation Failure) [PSYoungGen: 506304K->9344K(509952K)] 969786K->481197K(1034240K), 0.0266768 secs] [Times: user=0.04 sys=0.04, real=0.03 secs] 
2021-06-10T09:03:43.031+0800: 2331174.730: [GC (Allocation Failure) [PSYoungGen: 504960K->9280K(510464K)] 976813K->488255K(1034752K), 0.0269628 secs] [Times: user=0.05 sys=0.04, real=0.03 secs] 
2021-06-10T09:08:57.133+0800: 2331488.831: [GC (Allocation Failure) [PSYoungGen: 505408K->6656K(509952K)] 984383K->493726K(1034240K), 0.0232395 secs] [Times: user=0.03 sys=0.05, real=0.02 secs] 
2021-06-10T09:14:10.464+0800: 2331802.162: [GC (Allocation Failure) [PSYoungGen: 502784K->7040K(510976K)] 989854K->499298K(1035264K), 0.0236301 secs] [Times: user=0.03 sys=0.03, real=0.02 secs] 
2021-06-10T09:19:31.348+0800: 2332123.046: [GC (Allocation Failure) [PSYoungGen: 504192K->5568K(510464K)] 996450K->502869K(1034752K), 0.0258022 secs] [Times: user=0.03 sys=0.04, real=0.03 secs] 
2021-06-10T09:24:49.961+0800: 2332441.659: [GC (Allocation Failure) [PSYoungGen: 502720K->6528K(511488K)] 1000021K->507475K(1035776K), 0.0239413 secs] [Times: user=0.04 sys=0.03, real=0.03 secs] 
2021-06-10T09:30:02.179+0800: 2332753.877: [GC (Allocation Failure) [PSYoungGen: 504704K->9472K(510976K)] 1005651K->515279K(1035264K), 0.0248927 secs] [Times: user=0.04 sys=0.04, real=0.03 secs] 
2021-06-10T09:35:23.519+0800: 2333075.217: [GC (Allocation Failure) [PSYoungGen: 507648K->6368K(511488K)] 1013455K->519759K(1035776K), 0.0246554 secs] [Times: user=0.04 sys=0.04, real=0.03 secs] 
2021-06-10T09:40:42.925+0800: 2333394.623: [GC (Allocation Failure) [PSYoungGen: 504544K->7584K(510976K)] 1017935K->525660K(1035264K), 0.0849637 secs] [Times: user=0.03 sys=0.04, real=0.08 secs] 
2021-06-10T09:40:43.011+0800: 2333394.709: [Full GC (Ergonomics) [PSYoungGen: 7584K->0K(510976K)] [ParOldGen: 518076K->305492K(524288K)] 525660K->305492K(1035264K), [Metaspace: 96886K->96882K(1138688K)], 0.4174157 secs] [Times: user=0.95 sys=0.00, real=0.42 secs] 
2021-06-10T09:46:03.041+0800: 2333714.739: [GC (Allocation Failure) [PSYoungGen: 498176K->6944K(512512K)] 803668K->312436K(1036800K), 0.0745131 secs] [Times: user=0.03 sys=0.03, real=0.08 secs] 
2021-06-10T09:51:27.809+0800: 2334039.507: [GC (Allocation Failure) [PSYoungGen: 507168K->5664K(512000K)] 812660K->316480K(1036288K), 0.0237355 secs] [Times: user=0.03 sys=0.03, real=0.03 secs] 
2021-06-10T09:56:48.181+0800: 2334359.880: [GC (Allocation Failure) [PSYoungGen: 505888K->6784K(512512K)] 816704K->321549K(1036800K), 0.0319696 secs] [Times: user=0.03 sys=0.04, real=0.04 secs] 
2021-06-10T10:02:10.980+0800: 2334682.679: [GC (Allocation Failure) [PSYoungGen: 507520K->6848K(512512K)] 822285K->327120K(1036800K), 0.0229852 secs] [Times: user=0.03 sys=0.04, real=0.03 secs] 
2021-06-10T10:07:27.142+0800: 2334998.841: [GC (Allocation Failure) [PSYoungGen: 507584K->6848K(513536K)] 827856K->332603K(1037824K), 0.0231152 secs] [Times: user=0.03 sys=0.03, real=0.02 secs] 
2021-06-10T10:12:45.081+0800: 2335316.780: [GC (Allocation Failure) [PSYoungGen: 509120K->7136K(513024K)] 834875K->337902K(1037312K), 0.0218705 secs] [Times: user=0.03 sys=0.03, real=0.03 secs] 
2021-06-10T10:18:04.573+0800: 2335636.271: [GC (Allocation Failure) [PSYoungGen: 509408K->5376K(513536K)] 840174K->340737K(1037824K), 0.0208969 secs] [Times: user=0.03 sys=0.03, real=0.02 secs] 
2021-06-10T10:23:17.945+0800: 2335949.644: [GC (Allocation Failure) [PSYoungGen: 508160K->10208K(513024K)] 843521K->349103K(1037312K), 0.0562589 secs] [Times: user=0.04 sys=0.03, real=0.05 secs] 
2021-06-10T10:28:36.612+0800: 2336268.310: [GC (Allocation Failure) [PSYoungGen: 512992K->6944K(513024K)] 851887K->352665K(1037312K), 0.0228630 secs] [Times: user=0.04 sys=0.03, real=0.03 secs] 
2021-06-10T10:33:53.857+0800: 2336585.555: [GC (Allocation Failure) [PSYoungGen: 508704K->6080K(513024K)] 854425K->356988K(1037312K), 0.0213204 secs] [Times: user=0.07 sys=0.00, real=0.02 secs] 
2021-06-10T10:39:11.875+0800: 2336903.574: [GC (Allocation Failure) [PSYoungGen: 507840K->7808K(513536K)] 858748K->363184K(1037824K), 0.0311806 secs] [Times: user=0.05 sys=0.05, real=0.03 secs] 
2021-06-10T10:44:36.622+0800: 2337228.321: [GC (Allocation Failure) [PSYoungGen: 510592K->6240K(513536K)] 865968K->367761K(1037824K), 0.0264959 secs] [Times: user=0.04 sys=0.04, real=0.02 secs] 
2021-06-10T10:49:59.280+0800: 2337550.978: [GC (Allocation Failure) [PSYoungGen: 509024K->6976K(514048K)] 870545K->373350K(1038336K), 0.0234652 secs] [Times: user=0.03 sys=0.04, real=0.03 secs] 
2021-06-10T10:55:20.837+0800: 2337872.535: [GC (Allocation Failure) [PSYoungGen: 510272K->8320K(513536K)] 876646K->379842K(1037824K), 0.0237707 secs] [Times: user=0.04 sys=0.03, real=0.02 secs] 
2021-06-10T11:00:41.706+0800: 2338193.404: [GC (Allocation Failure) [PSYoungGen: 511616K->7488K(514048K)] 883138K->384653K(1038336K), 0.0244863 secs] [Times: user=0.04 sys=0.04, real=0.02 secs] 
2021-06-10T11:06:04.614+0800: 2338516.312: [GC (Allocation Failure) [PSYoungGen: 510784K->5792K(513536K)] 887949K->388448K(1037824K), 0.0223000 secs] [Times: user=0.03 sys=0.04, real=0.02 secs] 
2021-06-10T11:11:22.789+0800: 2338834.487: [GC (Allocation Failure) [PSYoungGen: 509087K->8512K(513024K)] 891744K->395100K(1037312K), 0.0248044 secs] [Times: user=0.04 sys=0.03, real=0.03 secs] 
2021-06-10T11:16:40.642+0800: 2339152.340: [GC (Allocation Failure) [PSYoungGen: 511296K->7552K(513536K)] 897884K->400727K(1037824K), 0.0533890 secs] [Times: user=0.05 sys=0.04, real=0.06 secs] 
2021-06-10T11:21:53.850+0800: 2339465.548: [GC (Allocation Failure) [PSYoungGen: 510336K->7264K(514048K)] 903511K->405699K(1038336K), 0.0301781 secs] [Times: user=0.04 sys=0.04, real=0.03 secs] 
2021-06-10T11:27:15.197+0800: 2339786.896: [GC (Allocation Failure) [PSYoungGen: 511072K->6048K(514048K)] 909507K->410149K(1038336K), 0.0298614 secs] [Times: user=0.04 sys=0.04, real=0.03 secs] 
2021-06-10T11:32:43.747+0800: 2340115.445: [GC (Allocation Failure) [PSYoungGen: 509856K->6368K(514560K)] 913957K->414953K(1038848K), 0.0212479 secs] [Times: user=0.03 sys=0.03, real=0.02 secs] 
2021-06-10T11:38:05.148+0800: 2340436.846: [GC (Allocation Failure) [PSYoungGen: 510688K->7072K(514048K)] 919273K->420381K(1038336K), 0.0317670 secs] [Times: user=0.04 sys=0.04, real=0.03 secs] 
2021-06-10T11:43:26.377+0800: 2340758.075: [GC (Allocation Failure) [PSYoungGen: 511392K->7808K(514560K)] 924701K->426481K(1038848K), 0.0452917 secs] [Times: user=0.03 sys=0.04, real=0.05 secs] 
2021-06-10T11:48:45.165+0800: 2341076.863: [GC (Allocation Failure) [PSYoungGen: 512640K->8000K(514560K)] 931313K->432804K(1038848K), 0.0413837 secs] [Times: user=0.04 sys=0.04, real=0.04 secs] 
2021-06-10T11:54:10.197+0800: 2341401.895: [GC (Allocation Failure) [PSYoungGen: 512832K->9696K(508416K)] 937636K->441304K(1032704K), 0.0390931 secs] [Times: user=0.04 sys=0.04, real=0.04 secs] 
2021-06-10T11:59:26.106+0800: 2341717.804: [GC (Allocation Failure) [PSYoungGen: 508384K->9312K(511488K)] 939992K->449138K(1035776K), 0.0279035 secs] [Times: user=0.04 sys=0.04, real=0.03 secs] 
2021-06-10T12:04:45.464+0800: 2342037.162: [GC (Allocation Failure) [PSYoungGen: 508000K->9152K(511488K)] 947826K->456198K(1035776K), 0.0363258 secs] [Times: user=0.08 sys=0.00, real=0.03 secs] 
2021-06-10T12:09:54.401+0800: 2342346.100: [GC (Allocation Failure) [PSYoungGen: 507840K->9024K(511488K)] 954886K->463328K(1035776K), 0.0306017 secs] [Times: user=0.09 sys=0.00, real=0.04 secs] 
2021-06-10T12:15:12.464+0800: 2342664.162: [GC (Allocation Failure) [PSYoungGen: 507712K->7488K(512000K)] 962016K->468602K(1036288K), 0.0350891 secs] [Times: user=0.05 sys=0.05, real=0.03 secs] 
2021-06-10T12:20:28.805+0800: 2342980.503: [GC (Allocation Failure) [PSYoungGen: 506688K->6496K(511488K)] 967802K->473205K(1035776K), 0.0302104 secs] [Times: user=0.05 sys=0.05, real=0.03 secs] 
2021-06-10T12:25:46.939+0800: 2343298.637: [GC (Allocation Failure) [PSYoungGen: 505696K->6016K(512000K)] 972405K->477386K(1036288K), 0.0291089 secs] [Times: user=0.04 sys=0.05, real=0.03 secs] 
2021-06-10T12:31:00.939+0800: 2343612.637: [GC (Allocation Failure) [PSYoungGen: 505728K->9536K(512000K)] 977098K->485270K(1036288K), 0.0264490 secs] [Times: user=0.07 sys=0.00, real=0.03 secs] 
2021-06-10T12:36:16.766+0800: 2343928.465: [GC (Allocation Failure) [PSYoungGen: 509248K->5344K(512000K)] 984982K->488895K(1036288K), 0.0220756 secs] [Times: user=0.03 sys=0.04, real=0.02 secs] 
2021-06-10T12:41:40.375+0800: 2344252.074: [GC (Allocation Failure) [PSYoungGen: 505056K->6400K(512000K)] 988607K->493916K(1036288K), 0.0214283 secs] [Times: user=0.03 sys=0.03, real=0.02 secs] 
2021-06-10T12:46:55.801+0800: 2344567.499: [GC (Allocation Failure) [PSYoungGen: 506112K->7264K(512512K)] 993628K->499641K(1036800K), 0.0263031 secs] [Times: user=0.03 sys=0.04, real=0.03 secs] 
2021-06-10T12:52:16.365+0800: 2344888.063: [GC (Allocation Failure) [PSYoungGen: 507488K->9504K(512000K)] 999865K->507493K(1036288K), 0.0563808 secs] [Times: user=0.03 sys=0.04, real=0.05 secs] 
2021-06-10T12:57:35.424+0800: 2345207.123: [GC (Allocation Failure) [PSYoungGen: 509728K->7488K(512512K)] 1007717K->513046K(1036800K), 0.0290107 secs] [Times: user=0.04 sys=0.04, real=0.03 secs] 
2021-06-10T13:02:57.414+0800: 2345529.112: [GC (Allocation Failure) [PSYoungGen: 507712K->6112K(512000K)] 1013270K->517832K(1036288K), 0.0238206 secs] [Times: user=0.03 sys=0.04, real=0.02 secs] 
2021-06-10T13:08:13.293+0800: 2345844.991: [GC (Allocation Failure) [PSYoungGen: 506336K->8064K(512512K)] 1018056K->524277K(1036800K), 0.0326073 secs] [Times: user=0.04 sys=0.05, real=0.03 secs] 
2021-06-10T13:08:13.326+0800: 2345845.025: [Full GC (Ergonomics) [PSYoungGen: 8064K->0K(512512K)] [ParOldGen: 516213K->305479K(524288K)] 524277K->305479K(1036800K), [Metaspace: 96893K->96889K(1138688K)], 0.5707412 secs] [Times: user=1.15 sys=0.00, real=0.57 secs] 
2021-06-10T13:13:30.796+0800: 2346162.494: [GC (Allocation Failure) [PSYoungGen: 500736K->11584K(512512K)] 806215K->317063K(1036800K), 0.0344944 secs] [Times: user=0.04 sys=0.05, real=0.03 secs] 
2021-06-10T13:18:38.317+0800: 2346470.015: [GC (Allocation Failure) [PSYoungGen: 512320K->6442K(511488K)] 817799K->321870K(1035776K), 0.0219434 secs] [Times: user=0.03 sys=0.03, real=0.02 secs] 
2021-06-10T13:23:59.599+0800: 2346791.297: [GC (Allocation Failure) [PSYoungGen: 506154K->5760K(512000K)] 821582K->325859K(1036288K), 0.0338607 secs] [Times: user=0.05 sys=0.05, real=0.04 secs] 
2021-06-10T13:29:22.049+0800: 2347113.747: [GC (Allocation Failure) [PSYoungGen: 505472K->5120K(512000K)] 825571K->329247K(1036288K), 0.0196063 secs] [Times: user=0.02 sys=0.03, real=0.02 secs] 
2021-06-10T13:34:41.590+0800: 2347433.288: [GC (Allocation Failure) [PSYoungGen: 504832K->5504K(512000K)] 828959K->333364K(1036288K), 0.0209992 secs] [Times: user=0.03 sys=0.03, real=0.02 secs] 
2021-06-10T13:40:02.310+0800: 2347754.008: [GC (Allocation Failure) [PSYoungGen: 505216K->5344K(512000K)] 833076K->337169K(1036288K), 0.0273263 secs] [Times: user=0.03 sys=0.04, real=0.03 secs] 
2021-06-10T13:45:16.310+0800: 2348068.008: [GC (Allocation Failure) [PSYoungGen: 505056K->8640K(512000K)] 836881K->344087K(1036288K), 0.0634435 secs] [Times: user=0.04 sys=0.04, real=0.07 secs] 
2021-06-10T13:50:28.525+0800: 2348380.223: [GC (Allocation Failure) [PSYoungGen: 508352K->9312K(512000K)] 843799K->351618K(1036288K), 0.0275862 secs] [Times: user=0.04 sys=0.04, real=0.03 secs] 
2021-06-10T13:55:47.485+0800: 2348699.183: [GC (Allocation Failure) [PSYoungGen: 509024K->9664K(509440K)] 851330K->359052K(1033728K), 0.0392320 secs] [Times: user=0.04 sys=0.04, real=0.04 secs] 
2021-06-10T14:01:02.578+0800: 2349014.276: [GC (Allocation Failure) [PSYoungGen: 509376K->6144K(511488K)] 858764K->362885K(1035776K), 0.0486299 secs] [Times: user=0.04 sys=0.04, real=0.05 secs] 
2021-06-10T14:06:23.690+0800: 2349335.388: [GC (Allocation Failure) [PSYoungGen: 504832K->4864K(511488K)] 861573K->366353K(1035776K), 0.0218327 secs] [Times: user=0.04 sys=0.04, real=0.02 secs] 
2021-06-10T14:11:37.714+0800: 2349649.412: [GC (Allocation Failure) [PSYoungGen: 503552K->6048K(512000K)] 865041K->370750K(1036288K), 0.0266639 secs] [Times: user=0.03 sys=0.04, real=0.02 secs] 
2021-06-10T14:16:59.712+0800: 2349971.410: [GC (Allocation Failure) [PSYoungGen: 505248K->8704K(511488K)] 869950K->377339K(1035776K), 0.0243161 secs] [Times: user=0.04 sys=0.04, real=0.03 secs] 
2021-06-10T14:22:15.070+0800: 2350286.768: [GC (Allocation Failure) [PSYoungGen: 507904K->10208K(510976K)] 876539K->385231K(1035264K), 0.0239945 secs] [Times: user=0.07 sys=0.00, real=0.03 secs] 
2021-06-10T14:27:28.940+0800: 2350600.638: [GC (Allocation Failure) [PSYoungGen: 508896K->10080K(508928K)] 883919K->393497K(1033216K), 0.0243368 secs] [Times: user=0.04 sys=0.04, real=0.03 secs] 
2021-06-10T14:32:49.274+0800: 2350920.973: [GC (Allocation Failure) [PSYoungGen: 508768K->6048K(510976K)] 892185K->397482K(1035264K), 0.0266799 secs] [Times: user=0.03 sys=0.04, real=0.02 secs] 
2021-06-10T14:38:02.168+0800: 2351233.867: [GC (Allocation Failure) [PSYoungGen: 503712K->6848K(510976K)] 895146K->402286K(1035264K), 0.0283927 secs] [Times: user=0.04 sys=0.05, real=0.03 secs] 
2021-06-10T14:43:16.098+0800: 2351547.797: [GC (Allocation Failure) [PSYoungGen: 504512K->11232K(509440K)] 899950K->411315K(1033728K), 0.0282526 secs] [Times: user=0.03 sys=0.04, real=0.03 secs] 
2021-06-10T14:48:28.714+0800: 2351860.412: [GC (Allocation Failure) [PSYoungGen: 507872K->6656K(510464K)] 907955K->415251K(1034752K), 0.0603763 secs] [Times: user=0.03 sys=0.03, real=0.06 secs] 
2021-06-10T14:53:48.319+0800: 2352180.017: [GC (Allocation Failure) [PSYoungGen: 503296K->6080K(510976K)] 911891K->419647K(1035264K), 0.0261338 secs] [Times: user=0.04 sys=0.03, real=0.03 secs] 
2021-06-10T14:59:08.020+0800: 2352499.718: [GC (Allocation Failure) [PSYoungGen: 503744K->8640K(510976K)] 917311K->426675K(1035264K), 0.1182487 secs] [Times: user=0.03 sys=0.04, real=0.12 secs] 
2021-06-10T15:04:27.315+0800: 2352819.014: [GC (Allocation Failure) [PSYoungGen: 506304K->8288K(511488K)] 924339K->432973K(1035776K), 0.0393425 secs] [Times: user=0.04 sys=0.05, real=0.04 secs] 
2021-06-10T15:09:52.971+0800: 2353144.669: [GC (Allocation Failure) [PSYoungGen: 506976K->7968K(511488K)] 931661K->439000K(1035776K), 0.0216982 secs] [Times: user=0.03 sys=0.03, real=0.03 secs] 
2021-06-10T15:15:13.606+0800: 2353465.305: [GC (Allocation Failure) [PSYoungGen: 506656K->7776K(512512K)] 937688K->444731K(1036800K), 0.0303489 secs] [Times: user=0.03 sys=0.03, real=0.03 secs] 
2021-06-10T15:20:29.363+0800: 2353781.062: [GC (Allocation Failure) [PSYoungGen: 507995K->9632K(512000K)] 944951K->452383K(1036288K), 0.0409894 secs] [Times: user=0.04 sys=0.04, real=0.04 secs] 
2021-06-10T15:25:49.777+0800: 2354101.475: [GC (Allocation Failure) [PSYoungGen: 509856K->7040K(512512K)] 952607K->456856K(1036800K), 0.0231320 secs] [Times: user=0.03 sys=0.03, real=0.02 secs] 
2021-06-10T15:31:10.851+0800: 2354422.550: [GC (Allocation Failure) [PSYoungGen: 507264K->8064K(512000K)] 957080K->463405K(1036288K), 0.0223230 secs] [Times: user=0.03 sys=0.03, real=0.03 secs] 
2021-06-10T15:36:26.492+0800: 2354738.190: [GC (Allocation Failure) [PSYoungGen: 508288K->11488K(510464K)] 963629K->472418K(1034752K), 0.0246883 secs] [Times: user=0.04 sys=0.04, real=0.03 secs] 
2021-06-10T15:41:43.401+0800: 2355055.099: [GC (Allocation Failure) [PSYoungGen: 510176K->12768K(511488K)] 971106K->483307K(1035776K), 0.0263000 secs] [Times: user=0.04 sys=0.04, real=0.03 secs] 
2021-06-10T15:47:06.799+0800: 2355378.497: [GC (Allocation Failure) [PSYoungGen: 511456K->8128K(503296K)] 981995K->488484K(1027584K), 0.0371794 secs] [Times: user=0.05 sys=0.05, real=0.04 secs] 
2021-06-10T15:52:18.682+0800: 2355690.381: [GC (Allocation Failure) [PSYoungGen: 498624K->11040K(507392K)] 978980K->497583K(1031680K), 0.0354087 secs] [Times: user=0.04 sys=0.04, real=0.03 secs] 
2021-06-10T15:57:32.260+0800: 2356003.958: [GC (Allocation Failure) [PSYoungGen: 501536K->6496K(507904K)] 988079K->500823K(1032192K), 0.0269288 secs] [Times: user=0.04 sys=0.05, real=0.03 secs] 
2021-06-10T16:02:41.974+0800: 2356313.673: [GC (Allocation Failure) [PSYoungGen: 497504K->5120K(507392K)] 991831K->504203K(1031680K), 0.0244102 secs] [Times: user=0.03 sys=0.04, real=0.02 secs] 
2021-06-10T16:07:55.783+0800: 2356627.482: [GC (Allocation Failure) [PSYoungGen: 496128K->5120K(507904K)] 995211K->507448K(1032192K), 0.0224205 secs] [Times: user=0.04 sys=0.04, real=0.02 secs] 
2021-06-10T16:13:07.671+0800: 2356939.369: [GC (Allocation Failure) [PSYoungGen: 496640K->4544K(507904K)] 998968K->510437K(1032192K), 0.0221107 secs] [Times: user=0.03 sys=0.03, real=0.03 secs] 
2021-06-10T16:18:17.361+0800: 2357249.059: [GC (Allocation Failure) [PSYoungGen: 496064K->10176K(507904K)] 1001957K->518683K(1032192K), 0.0269691 secs] [Times: user=0.04 sys=0.04, real=0.03 secs] 
2021-06-10T16:23:25.274+0800: 2357556.973: [GC (Allocation Failure) [PSYoungGen: 501696K->8192K(507904K)] 1010203K->523950K(1032192K), 0.0680007 secs] [Times: user=0.04 sys=0.04, real=0.07 secs] 
2021-06-10T16:23:25.343+0800: 2357557.041: [Full GC (Ergonomics) [PSYoungGen: 8192K->0K(507904K)] [ParOldGen: 515758K->307621K(524288K)] 523950K->307621K(1032192K), [Metaspace: 96897K->96897K(1138688K)], 0.4872155 secs] [Times: user=0.55 sys=0.54, real=0.48 secs] 
2021-06-10T16:28:37.249+0800: 2357868.947: [GC (Allocation Failure) [PSYoungGen: 491520K->6688K(508928K)] 799141K->314309K(1033216K), 0.0202761 secs] [Times: user=0.06 sys=0.00, real=0.02 secs] 
2021-06-10T16:33:52.558+0800: 2358184.256: [GC (Allocation Failure) [PSYoungGen: 499744K->4416K(508416K)] 807365K->317335K(1032704K), 0.0267882 secs] [Times: user=0.03 sys=0.03, real=0.03 secs] 
2021-06-10T16:39:05.512+0800: 2358497.211: [GC (Allocation Failure) [PSYoungGen: 497472K->6240K(509440K)] 810391K->321909K(1033728K), 0.0619422 secs] [Times: user=0.05 sys=0.05, real=0.06 secs] 
2021-06-10T16:44:19.472+0800: 2358811.170: [GC (Allocation Failure) [PSYoungGen: 500320K->6720K(508928K)] 815989K->327025K(1033216K), 0.0451898 secs] [Times: user=0.05 sys=0.05, real=0.05 secs] 
2021-06-10T16:49:36.595+0800: 2359128.293: [GC (Allocation Failure) [PSYoungGen: 500800K->5568K(510464K)] 821105K->331118K(1034752K), 0.0274917 secs] [Times: user=0.04 sys=0.04, real=0.03 secs] 
2021-06-10T16:54:49.573+0800: 2359441.272: [GC (Allocation Failure) [PSYoungGen: 501696K->8768K(509952K)] 827246K->338291K(1034240K), 0.0261450 secs] [Times: user=0.03 sys=0.03, real=0.02 secs] 
2021-06-10T17:00:01.676+0800: 2359753.375: [GC (Allocation Failure) [PSYoungGen: 504896K->9568K(510464K)] 834419K->346086K(1034752K), 0.0236180 secs] [Times: user=0.03 sys=0.03, real=0.02 secs] 
2021-06-10T17:05:17.077+0800: 2360068.775: [GC (Allocation Failure) [PSYoungGen: 506208K->6272K(510464K)] 842726K->350414K(1034752K), 0.0212984 secs] [Times: user=0.03 sys=0.03, real=0.02 secs] 
2021-06-10T17:10:37.244+0800: 2360388.942: [GC (Allocation Failure) [PSYoungGen: 502912K->5056K(510976K)] 847054K->353826K(1035264K), 0.0252712 secs] [Times: user=0.03 sys=0.04, real=0.02 secs] 
2021-06-10T17:15:51.859+0800: 2360703.557: [GC (Allocation Failure) [PSYoungGen: 502208K->7040K(510464K)] 850978K->358920K(1034752K), 0.0301941 secs] [Times: user=0.03 sys=0.06, real=0.03 secs] 
2021-06-10T17:21:12.451+0800: 2361024.149: [GC (Allocation Failure) [PSYoungGen: 504192K->6016K(511488K)] 856072K->363495K(1035776K), 0.0266235 secs] [Times: user=0.04 sys=0.04, real=0.03 secs] 
2021-06-10T17:26:28.588+0800: 2361340.286: [GC (Allocation Failure) [PSYoungGen: 504704K->7456K(511488K)] 862183K->369171K(1035776K), 0.0232494 secs] [Times: user=0.04 sys=0.04, real=0.02 secs] 
2021-06-10T17:31:47.857+0800: 2361659.556: [GC (Allocation Failure) [PSYoungGen: 506144K->5344K(512512K)] 867859K->372846K(1036800K), 0.0214492 secs] [Times: user=0.03 sys=0.03, real=0.02 secs] 
2021-06-10T17:37:04.726+0800: 2361976.424: [GC (Allocation Failure) [PSYoungGen: 505568K->8128K(512000K)] 873070K->379610K(1036288K), 0.0236664 secs] [Times: user=0.03 sys=0.03, real=0.02 secs] 
2021-06-10T17:42:20.685+0800: 2362292.383: [GC (Allocation Failure) [PSYoungGen: 508352K->10784K(510464K)] 879834K->388413K(1034752K), 0.0700942 secs] [Times: user=0.04 sys=0.04, real=0.07 secs] 
2021-06-10T17:47:31.571+0800: 2362603.269: [GC (Allocation Failure) [PSYoungGen: 509472K->8928K(511488K)] 887101K->394182K(1035776K), 0.0261726 secs] [Times: user=0.04 sys=0.04, real=0.03 secs] 
2021-06-10T17:52:53.656+0800: 2362925.354: [GC (Allocation Failure) [PSYoungGen: 507616K->8128K(511488K)] 892870K->400016K(1035776K), 0.0237384 secs] [Times: user=0.03 sys=0.04, real=0.02 secs] 
2021-06-10T17:58:09.701+0800: 2363241.399: [GC (Allocation Failure) [PSYoungGen: 506816K->8832K(511488K)] 898704K->406627K(1035776K), 0.0285739 secs] [Times: user=0.04 sys=0.04, real=0.03 secs] 
2021-06-10T18:03:30.628+0800: 2363562.326: [GC (Allocation Failure) [PSYoungGen: 507520K->6304K(512000K)] 905315K->410693K(1036288K), 0.0333819 secs] [Times: user=0.04 sys=0.05, real=0.03 secs] 
2021-06-10T18:08:47.243+0800: 2363878.942: [GC (Allocation Failure) [PSYoungGen: 506016K->8832K(512000K)] 910405K->417969K(1036288K), 0.0243086 secs] [Times: user=0.07 sys=0.00, real=0.02 secs] 
2021-06-10T18:14:05.854+0800: 2364197.552: [GC (Allocation Failure) [PSYoungGen: 508544K->4768K(512000K)] 917681K->420779K(1036288K), 0.0234416 secs] [Times: user=0.04 sys=0.03, real=0.02 secs] 
2021-06-10T18:19:24.314+0800: 2364516.012: [GC (Allocation Failure) [PSYoungGen: 504480K->6528K(512000K)] 920491K->425417K(1036288K), 0.0271512 secs] [Times: user=0.04 sys=0.05, real=0.02 secs] 
2021-06-10T18:24:42.379+0800: 2364834.077: [GC (Allocation Failure) [PSYoungGen: 506240K->5792K(512512K)] 925129K->429292K(1036800K), 0.0666368 secs] [Times: user=0.04 sys=0.04, real=0.07 secs] 
2021-06-10T18:30:01.958+0800: 2365153.656: [GC (Allocation Failure) [PSYoungGen: 506016K->7168K(512000K)] 929516K->434809K(1036288K), 0.0249645 secs] [Times: user=0.04 sys=0.04, real=0.03 secs] 
2021-06-10T18:35:21.772+0800: 2365473.470: [GC (Allocation Failure) [PSYoungGen: 507392K->5536K(513024K)] 935033K->438836K(1037312K), 0.0254723 secs] [Times: user=0.04 sys=0.05, real=0.02 secs] 
2021-06-10T18:40:43.337+0800: 2365795.035: [GC (Allocation Failure) [PSYoungGen: 507296K->5824K(513024K)] 940596K->443344K(1037312K), 0.0218211 secs] [Times: user=0.03 sys=0.04, real=0.02 secs] 
2021-06-10T18:46:01.652+0800: 2366113.351: [GC (Allocation Failure) [PSYoungGen: 507584K->6656K(513536K)] 945104K->448620K(1037824K), 0.0749917 secs] [Times: user=0.04 sys=0.04, real=0.07 secs] 
2021-06-10T18:51:23.309+0800: 2366435.007: [GC (Allocation Failure) [PSYoungGen: 508928K->8128K(513024K)] 950892K->455329K(1037312K), 0.0239038 secs] [Times: user=0.03 sys=0.04, real=0.03 secs] 
2021-06-10T18:56:42.791+0800: 2366754.489: [GC (Allocation Failure) [PSYoungGen: 510400K->6016K(513536K)] 957601K->460050K(1037824K), 0.0290606 secs] [Times: user=0.03 sys=0.04, real=0.03 secs] 
2021-06-10T19:02:05.516+0800: 2367077.215: [GC (Allocation Failure) [PSYoungGen: 508800K->10720K(513536K)] 962834K->469447K(1037824K), 0.0264939 secs] [Times: user=0.03 sys=0.04, real=0.03 secs] 
2021-06-10T19:07:21.223+0800: 2367392.921: [GC (Allocation Failure) [PSYoungGen: 513504K->5312K(511488K)] 972231K->472398K(1035776K), 0.0242285 secs] [Times: user=0.04 sys=0.03, real=0.02 secs] 
2021-06-10T19:12:37.480+0800: 2367709.178: [GC (Allocation Failure) [PSYoungGen: 506048K->5312K(512512K)] 973134K->475731K(1036800K), 0.0257012 secs] [Times: user=0.03 sys=0.04, real=0.03 secs] 
2021-06-10T19:17:48.959+0800: 2368020.658: [GC (Allocation Failure) [PSYoungGen: 506048K->6058K(513024K)] 976467K->479851K(1037312K), 0.0266191 secs] [Times: user=0.04 sys=0.04, real=0.03 secs] 
2021-06-10T19:23:07.954+0800: 2368339.652: [GC (Allocation Failure) [PSYoungGen: 507306K->11264K(512512K)] 981099K->491666K(1036800K), 0.0256951 secs] [Times: user=0.04 sys=0.05, real=0.02 secs] 
2021-06-10T19:28:29.302+0800: 2368661.001: [GC (Allocation Failure) [PSYoungGen: 512512K->4032K(506368K)] 992914K->495485K(1030656K), 0.0285389 secs] [Times: user=0.05 sys=0.05, real=0.02 secs] 
2021-06-10T19:33:42.846+0800: 2368974.544: [GC (Allocation Failure) [PSYoungGen: 498624K->6560K(509440K)] 990077K->500540K(1033728K), 0.0248120 secs] [Times: user=0.03 sys=0.04, real=0.02 secs] 
2021-06-10T19:38:58.994+0800: 2369290.693: [GC (Allocation Failure) [PSYoungGen: 501152K->7616K(510464K)] 995132K->506064K(1034752K), 0.0513567 secs] [Times: user=0.05 sys=0.06, real=0.05 secs] 
2021-06-10T19:44:17.035+0800: 2369608.734: [GC (Allocation Failure) [PSYoungGen: 503744K->5472K(509952K)] 1002192K->510041K(1034240K), 0.0301994 secs] [Times: user=0.05 sys=0.05, real=0.03 secs] 
2021-06-10T19:49:33.845+0800: 2369925.543: [GC (Allocation Failure) [PSYoungGen: 501600K->9408K(509952K)] 1006169K->517847K(1034240K), 0.0262393 secs] [Times: user=0.04 sys=0.04, real=0.02 secs] 
2021-06-10T19:54:51.748+0800: 2370243.446: [GC (Allocation Failure) [PSYoungGen: 506048K->6880K(510464K)] 1014487K->522880K(1034752K), 0.0256826 secs] [Times: user=0.04 sys=0.04, real=0.03 secs] 
2021-06-10T19:54:51.774+0800: 2370243.472: [Full GC (Ergonomics) [PSYoungGen: 6880K->0K(510464K)] [ParOldGen: 516000K->300997K(524288K)] 522880K->300997K(1034752K), [Metaspace: 96897K->96897K(1138688K)], 0.7246890 secs] [Times: user=1.91 sys=0.00, real=0.72 secs] 
2021-06-10T20:00:07.591+0800: 2370559.290: [GC (Allocation Failure) [PSYoungGen: 496640K->6304K(511488K)] 797637K->307301K(1035776K), 0.0217892 secs] [Times: user=0.03 sys=0.04, real=0.03 secs] 
2021-06-10T20:05:23.959+0800: 2370875.658: [GC (Allocation Failure) [PSYoungGen: 504480K->11008K(509440K)] 805477K->317011K(1033728K), 0.0380314 secs] [Times: user=0.04 sys=0.04, real=0.04 secs] 
2021-06-10T20:10:42.440+0800: 2371194.138: [GC (Allocation Failure) [PSYoungGen: 509184K->7616K(510976K)] 815187K->322330K(1035264K), 0.0245954 secs] [Times: user=0.04 sys=0.04, real=0.03 secs] 
2021-06-10T20:16:06.873+0800: 2371518.572: [GC (Allocation Failure) [PSYoungGen: 504768K->4416K(510464K)] 819482K->324629K(1034752K), 0.0328684 secs] [Times: user=0.04 sys=0.04, real=0.03 secs] 
2021-06-10T20:21:24.867+0800: 2371836.565: [GC (Allocation Failure) [PSYoungGen: 501568K->4512K(510976K)] 821781K->327659K(1035264K), 0.0233328 secs] [Times: user=0.02 sys=0.04, real=0.02 secs] 
2021-06-10T20:26:45.478+0800: 2372157.176: [GC (Allocation Failure) [PSYoungGen: 502176K->6176K(510976K)] 825323K->331858K(1035264K), 0.0224183 secs] [Times: user=0.04 sys=0.04, real=0.02 secs] 
2021-06-10T20:32:05.860+0800: 2372477.558: [GC (Allocation Failure) [PSYoungGen: 503840K->7872K(512000K)] 829522K->338102K(1036288K), 0.0225264 secs] [Times: user=0.03 sys=0.03, real=0.03 secs] 
2021-06-10T20:37:24.554+0800: 2372796.252: [GC (Allocation Failure) [PSYoungGen: 507072K->6176K(511488K)] 837302K->342784K(1035776K), 0.0228982 secs] [Times: user=0.07 sys=0.00, real=0.02 secs] 
2021-06-10T20:42:45.625+0800: 2373117.324: [GC (Allocation Failure) [PSYoungGen: 505376K->6528K(512512K)] 841984K->347845K(1036800K), 0.0291856 secs] [Times: user=0.05 sys=0.05, real=0.03 secs] 
2021-06-10T20:48:09.531+0800: 2373441.229: [GC (Allocation Failure) [PSYoungGen: 506752K->5984K(512000K)] 848069K->352272K(1036288K), 0.0309245 secs] [Times: user=0.04 sys=0.03, real=0.03 secs] 
2021-06-10T20:53:30.338+0800: 2373762.037: [GC (Allocation Failure) [PSYoungGen: 506208K->5440K(513024K)] 852496K->356228K(1037312K), 0.0383518 secs] [Times: user=0.02 sys=0.03, real=0.04 secs] 
2021-06-10T20:58:51.474+0800: 2374083.172: [GC (Allocation Failure) [PSYoungGen: 507200K->7776K(513024K)] 857988K->362345K(1037312K), 0.0316804 secs] [Times: user=0.03 sys=0.04, real=0.03 secs] 
2021-06-10T21:04:10.679+0800: 2374402.377: [GC (Allocation Failure) [PSYoungGen: 509536K->9952K(512000K)] 864105K->369964K(1036288K), 0.0235657 secs] [Times: user=0.04 sys=0.04, real=0.03 secs] 
2021-06-10T21:09:26.551+0800: 2374718.249: [GC (Allocation Failure) [PSYoungGen: 510688K->9472K(510464K)] 870700K->377046K(1034752K), 0.0292332 secs] [Times: user=0.03 sys=0.05, real=0.03 secs] 
2021-06-10T21:14:45.166+0800: 2375036.864: [GC (Allocation Failure) [PSYoungGen: 510208K->8672K(512000K)] 877782K->383080K(1036288K), 0.0288344 secs] [Times: user=0.04 sys=0.05, real=0.03 secs] 
2021-06-10T21:19:57.773+0800: 2375349.471: [GC (Allocation Failure) [PSYoungGen: 508384K->11104K(510976K)] 882792K->391308K(1035264K), 0.0335235 secs] [Times: user=0.05 sys=0.06, real=0.03 secs] 
2021-06-10T21:25:19.043+0800: 2375670.741: [GC (Allocation Failure) [PSYoungGen: 510816K->9632K(510976K)] 891020K->398278K(1035264K), 0.0264123 secs] [Times: user=0.04 sys=0.03, real=0.02 secs] 
2021-06-10T21:30:39.540+0800: 2375991.238: [GC (Allocation Failure) [PSYoungGen: 507296K->10496K(508416K)] 895942K->406281K(1032704K), 0.0267642 secs] [Times: user=0.03 sys=0.04, real=0.03 secs] 
2021-06-10T21:35:58.529+0800: 2376310.227: [GC (Allocation Failure) [PSYoungGen: 508160K->6784K(510976K)] 903945K->410811K(1035264K), 0.0271666 secs] [Times: user=0.04 sys=0.04, real=0.03 secs] 
2021-06-10T21:41:10.904+0800: 2376622.602: [GC (Allocation Failure) [PSYoungGen: 503936K->7360K(510464K)] 907963K->416782K(1034752K), 0.0245901 secs] [Times: user=0.03 sys=0.04, real=0.02 secs] 
2021-06-10T21:46:30.818+0800: 2376942.517: [GC (Allocation Failure) [PSYoungGen: 504512K->5952K(511488K)] 913934K->421009K(1035776K), 0.0415388 secs] [Times: user=0.03 sys=0.04, real=0.04 secs] 
2021-06-10T21:51:51.738+0800: 2377263.437: [GC (Allocation Failure) [PSYoungGen: 504128K->5792K(510976K)] 919185K->425126K(1035264K), 0.0382204 secs] [Times: user=0.04 sys=0.04, real=0.04 secs] 
2021-06-10T21:57:11.216+0800: 2377582.914: [GC (Allocation Failure) [PSYoungGen: 503968K->5696K(511488K)] 923302K->429266K(1035776K), 0.0269224 secs] [Times: user=0.04 sys=0.04, real=0.03 secs] 
2021-06-10T22:02:27.697+0800: 2377899.395: [GC (Allocation Failure) [PSYoungGen: 504384K->5312K(511488K)] 927954K->433126K(1035776K), 0.0275248 secs] [Times: user=0.03 sys=0.04, real=0.03 secs] 
2021-06-10T22:07:48.242+0800: 2378219.941: [GC (Allocation Failure) [PSYoungGen: 504000K->6432K(512000K)] 931814K->437916K(1036288K), 0.0234877 secs] [Times: user=0.03 sys=0.04, real=0.02 secs] 
2021-06-10T22:13:00.136+0800: 2378531.834: [GC (Allocation Failure) [PSYoungGen: 505632K->7616K(511488K)] 937116K->443864K(1035776K), 0.0264949 secs] [Times: user=0.03 sys=0.04, real=0.03 secs] 
2021-06-10T22:18:15.493+0800: 2378847.192: [GC (Allocation Failure) [PSYoungGen: 506816K->9984K(511488K)] 943064K->451444K(1035776K), 0.0260808 secs] [Times: user=0.04 sys=0.04, real=0.02 secs] 
2021-06-10T22:23:26.669+0800: 2379158.368: [GC (Allocation Failure) [PSYoungGen: 509696K->12224K(512000K)] 951156K->461447K(1036288K), 0.0315702 secs] [Times: user=0.04 sys=0.04, real=0.03 secs] 
2021-06-10T22:28:38.117+0800: 2379469.815: [GC (Allocation Failure) [PSYoungGen: 511936K->9440K(508928K)] 961159K->468055K(1033216K), 0.0327137 secs] [Times: user=0.05 sys=0.05, real=0.03 secs] 
2021-06-10T22:33:49.864+0800: 2379781.562: [GC (Allocation Failure) [PSYoungGen: 506080K->8480K(510464K)] 964695K->474322K(1034752K), 0.0251772 secs] [Times: user=0.04 sys=0.04, real=0.02 secs] 
2021-06-10T22:39:01.577+0800: 2380093.276: [GC (Allocation Failure) [PSYoungGen: 505120K->10752K(509952K)] 970962K->482708K(1034240K), 0.0295549 secs] [Times: user=0.05 sys=0.05, real=0.03 secs] 
2021-06-10T22:44:13.180+0800: 2380404.878: [GC (Allocation Failure) [PSYoungGen: 507392K->10176K(510464K)] 979348K->490286K(1034752K), 0.0345540 secs] [Times: user=0.05 sys=0.04, real=0.04 secs] 
2021-06-10T22:49:26.980+0800: 2380718.678: [GC (Allocation Failure) [PSYoungGen: 506816K->10336K(509440K)] 986926K->498008K(1033728K), 0.0454970 secs] [Times: user=0.04 sys=0.04, real=0.05 secs] 
2021-06-10T22:54:39.699+0800: 2381031.397: [GC (Allocation Failure) [PSYoungGen: 505952K->4352K(509952K)] 993624K->500591K(1034240K), 0.0290533 secs] [Times: user=0.04 sys=0.04, real=0.03 secs] 
2021-06-10T22:59:58.383+0800: 2381350.081: [GC (Allocation Failure) [PSYoungGen: 499968K->5248K(509952K)] 996207K->504470K(1034240K), 0.0400712 secs] [Times: user=0.04 sys=0.04, real=0.04 secs] 
2021-06-10T23:05:15.710+0800: 2381667.408: [GC (Allocation Failure) [PSYoungGen: 500864K->4384K(509952K)] 1000086K->507410K(1034240K), 0.0799092 secs] [Times: user=0.03 sys=0.03, real=0.08 secs] 
2021-06-10T23:10:31.088+0800: 2381982.786: [GC (Allocation Failure) [PSYoungGen: 500000K->7680K(510464K)] 1003026K->513212K(1034752K), 0.0246710 secs] [Times: user=0.03 sys=0.04, real=0.03 secs] 
2021-06-10T23:15:46.460+0800: 2382298.159: [GC (Allocation Failure) [PSYoungGen: 503808K->6496K(509952K)] 1009340K->517823K(1034240K), 0.0278880 secs] [Times: user=0.04 sys=0.04, real=0.03 secs] 
2021-06-10T23:20:57.737+0800: 2382609.435: [GC (Allocation Failure) [PSYoungGen: 502624K->10528K(509952K)] 1013951K->526164K(1034240K), 0.0265931 secs] [Times: user=0.04 sys=0.04, real=0.03 secs] 
2021-06-10T23:20:57.764+0800: 2382609.462: [Full GC (Ergonomics) [PSYoungGen: 10528K->0K(509952K)] [ParOldGen: 515636K->312012K(524288K)] 526164K->312012K(1034240K), [Metaspace: 96897K->96897K(1138688K)], 0.4304833 secs] [Times: user=0.99 sys=0.00, real=0.43 secs] 
2021-06-10T23:26:11.600+0800: 2382923.299: [GC (Allocation Failure) [PSYoungGen: 496640K->8832K(510464K)] 808652K->320844K(1034752K), 0.0240192 secs] [Times: user=0.03 sys=0.03, real=0.03 secs] 
2021-06-10T23:31:31.484+0800: 2383243.182: [GC (Allocation Failure) [PSYoungGen: 505472K->8640K(510976K)] 817484K->327519K(1035264K), 0.0374970 secs] [Times: user=0.05 sys=0.04, real=0.03 secs] 
2021-06-10T23:36:51.032+0800: 2383562.730: [GC (Allocation Failure) [PSYoungGen: 505792K->4640K(510464K)] 824671K->330903K(1034752K), 0.0248273 secs] [Times: user=0.03 sys=0.03, real=0.02 secs] 
2021-06-10T23:42:11.063+0800: 2383882.761: [GC (Allocation Failure) [PSYoungGen: 501792K->5472K(510976K)] 828055K->334533K(1035264K), 0.0198641 secs] [Times: user=0.03 sys=0.04, real=0.02 secs] 
2021-06-10T23:47:25.079+0800: 2384196.777: [GC (Allocation Failure) [PSYoungGen: 503136K->8672K(510976K)] 832197K->341187K(1035264K), 0.0250061 secs] [Times: user=0.07 sys=0.00, real=0.03 secs] 
2021-06-10T23:52:41.930+0800: 2384513.628: [GC (Allocation Failure) [PSYoungGen: 506336K->10592K(509952K)] 838851K->349247K(1034240K), 0.0277006 secs] [Times: user=0.04 sys=0.04, real=0.03 secs] 
2021-06-10T23:57:53.906+0800: 2384825.604: [GC (Allocation Failure) [PSYoungGen: 507232K->8544K(510464K)] 845887K->355694K(1034752K), 0.0294928 secs] [Times: user=0.03 sys=0.04, real=0.03 secs] 
2021-06-11T00:03:01.506+0800: 2385133.205: [GC (Allocation Failure) [PSYoungGen: 505184K->9280K(510976K)] 852334K->362778K(1035264K), 0.0249977 secs] [Times: user=0.04 sys=0.04, real=0.02 secs] 
2021-06-11T00:08:14.904+0800: 2385446.602: [GC (Allocation Failure) [PSYoungGen: 506944K->9088K(510976K)] 860442K->369677K(1035264K), 0.0227973 secs] [Times: user=0.03 sys=0.03, real=0.02 secs] 
2021-06-11T00:13:31.486+0800: 2385763.185: [GC (Allocation Failure) [PSYoungGen: 506752K->5024K(510976K)] 867341K->372326K(1035264K), 0.0278664 secs] [Times: user=0.04 sys=0.04, real=0.03 secs] 
2021-06-11T00:18:45.627+0800: 2386077.325: [GC (Allocation Failure) [PSYoungGen: 502688K->6752K(510976K)] 869990K->376915K(1035264K), 0.0247865 secs] [Times: user=0.04 sys=0.03, real=0.02 secs] 
2021-06-11T00:23:58.462+0800: 2386390.160: [GC (Allocation Failure) [PSYoungGen: 504413K->8000K(511488K)] 874576K->383241K(1035776K), 0.0261358 secs] [Times: user=0.04 sys=0.03, real=0.03 secs] 
2021-06-11T00:29:13.499+0800: 2386705.197: [GC (Allocation Failure) [PSYoungGen: 506688K->8928K(511488K)] 881929K->390052K(1035776K), 0.0258123 secs] [Times: user=0.04 sys=0.04, real=0.03 secs] 
2021-06-11T00:34:31.650+0800: 2387023.349: [GC (Allocation Failure) [PSYoungGen: 507616K->7488K(512000K)] 888740K->394927K(1036288K), 0.0215223 secs] [Times: user=0.03 sys=0.04, real=0.03 secs] 
2021-06-11T00:39:48.743+0800: 2387340.441: [GC (Allocation Failure) [PSYoungGen: 506688K->5568K(511488K)] 894127K->399184K(1035776K), 0.0246870 secs] [Times: user=0.03 sys=0.03, real=0.02 secs] 
2021-06-11T00:45:10.120+0800: 2387661.818: [GC (Allocation Failure) [PSYoungGen: 504768K->4832K(512000K)] 898384K->402676K(1036288K), 0.0309308 secs] [Times: user=0.04 sys=0.04, real=0.03 secs] 
2021-06-11T00:50:30.441+0800: 2387982.139: [GC (Allocation Failure) [PSYoungGen: 504544K->5024K(512000K)] 902388K->406218K(1036288K), 0.0211921 secs] [Times: user=0.03 sys=0.03, real=0.02 secs] 
2021-06-11T00:55:46.389+0800: 2388298.087: [GC (Allocation Failure) [PSYoungGen: 504736K->6784K(512512K)] 905930K->411055K(1036800K), 0.0214883 secs] [Times: user=0.03 sys=0.03, real=0.02 secs] 
2021-06-11T01:01:00.149+0800: 2388611.847: [GC (Allocation Failure) [PSYoungGen: 507008K->9120K(512000K)] 911279K->418260K(1036288K), 0.0261011 secs] [Times: user=0.04 sys=0.04, real=0.03 secs] 
2021-06-11T01:06:20.145+0800: 2388931.844: [GC (Allocation Failure) [PSYoungGen: 509344K->10048K(510976K)] 918484K->426208K(1035264K), 0.0302227 secs] [Times: user=0.03 sys=0.04, real=0.03 secs] 
2021-06-11T01:11:29.265+0800: 2389240.963: [GC (Allocation Failure) [PSYoungGen: 508736K->8640K(511488K)] 924896K->432034K(1035776K), 0.0984997 secs] [Times: user=0.04 sys=0.05, real=0.10 secs] 
2021-06-11T01:16:44.111+0800: 2389555.810: [GC (Allocation Failure) [PSYoungGen: 507328K->7744K(512000K)] 930722K->438250K(1036288K), 0.0259050 secs] [Times: user=0.04 sys=0.03, real=0.03 secs] 
2021-06-11T01:21:47.960+0800: 2389859.658: [GC (Allocation Failure) [PSYoungGen: 507456K->9546K(512000K)] 937962K->445793K(1036288K), 0.0828767 secs] [Times: user=0.03 sys=0.03, real=0.09 secs] 
2021-06-11T01:27:05.946+0800: 2390177.645: [GC (Allocation Failure) [PSYoungGen: 509258K->6272K(512000K)] 945505K->449012K(1036288K), 0.0245131 secs] [Times: user=0.03 sys=0.04, real=0.02 secs] 
2021-06-11T01:32:21.264+0800: 2390492.963: [GC (Allocation Failure) [PSYoungGen: 505984K->5088K(512000K)] 948724K->452527K(1036288K), 0.0206274 secs] [Times: user=0.03 sys=0.03, real=0.02 secs] 
2021-06-11T01:37:39.846+0800: 2390811.544: [GC (Allocation Failure) [PSYoungGen: 504800K->4032K(512000K)] 952239K->454949K(1036288K), 0.0249546 secs] [Times: user=0.03 sys=0.03, real=0.02 secs] 
2021-06-11T01:42:59.804+0800: 2391131.502: [GC (Allocation Failure) [PSYoungGen: 503744K->5632K(512000K)] 954661K->459107K(1036288K), 0.0721190 secs] [Times: user=0.03 sys=0.04, real=0.07 secs] 
2021-06-11T01:48:20.316+0800: 2391452.014: [GC (Allocation Failure) [PSYoungGen: 505344K->6144K(512512K)] 958819K->463895K(1036800K), 0.0207469 secs] [Times: user=0.03 sys=0.04, real=0.02 secs] 
2021-06-11T01:53:39.033+0800: 2391770.732: [GC (Allocation Failure) [PSYoungGen: 506368K->5536K(512000K)] 964119K->468058K(1036288K), 0.0213132 secs] [Times: user=0.03 sys=0.04, real=0.02 secs] 
2021-06-11T01:58:56.884+0800: 2392088.582: [GC (Allocation Failure) [PSYoungGen: 505760K->7584K(513024K)] 968282K->473792K(1037312K), 0.0227240 secs] [Times: user=0.03 sys=0.04, real=0.02 secs] 
2021-06-11T02:04:15.064+0800: 2392406.762: [GC (Allocation Failure) [PSYoungGen: 508832K->8736K(512512K)] 975040K->481106K(1036800K), 0.0382647 secs] [Times: user=0.07 sys=0.00, real=0.04 secs] 
2021-06-11T02:09:26.990+0800: 2392718.689: [GC (Allocation Failure) [PSYoungGen: 509984K->8896K(512512K)] 982354K->488604K(1036800K), 0.0269939 secs] [Times: user=0.04 sys=0.04, real=0.03 secs] 
2021-06-11T02:14:48.701+0800: 2393040.399: [GC (Allocation Failure) [PSYoungGen: 509632K->8480K(512512K)] 989340K->495494K(1036800K), 0.0231707 secs] [Times: user=0.04 sys=0.03, real=0.03 secs] 
2021-06-11T02:20:02.817+0800: 2393354.515: [GC (Allocation Failure) [PSYoungGen: 509216K->6080K(512512K)] 996230K->499377K(1036800K), 0.0280368 secs] [Times: user=0.03 sys=0.04, real=0.03 secs] 
2021-06-11T02:25:20.736+0800: 2393672.434: [GC (Allocation Failure) [PSYoungGen: 506816K->8384K(512512K)] 1000113K->506110K(1036800K), 0.0502084 secs] [Times: user=0.04 sys=0.04, real=0.05 secs] 
2021-06-11T02:30:38.003+0800: 2393989.701: [GC (Allocation Failure) [PSYoungGen: 509120K->6048K(512512K)] 1006846K->510783K(1036800K), 0.0520339 secs] [Times: user=0.05 sys=0.05, real=0.05 secs] 
2021-06-11T02:35:54.251+0800: 2394305.949: [GC (Allocation Failure) [PSYoungGen: 506784K->7232K(512512K)] 1011519K->516515K(1036800K), 0.0544618 secs] [Times: user=0.03 sys=0.03, real=0.06 secs] 
2021-06-11T02:41:11.060+0800: 2394622.758: [GC (Allocation Failure) [PSYoungGen: 507968K->8800K(513024K)] 1017251K->523207K(1037312K), 0.0241709 secs] [Times: user=0.03 sys=0.04, real=0.03 secs] 
2021-06-11T02:46:34.446+0800: 2394946.144: [GC (Allocation Failure) [PSYoungGen: 510560K->8544K(513024K)] 1024967K->529010K(1037312K), 0.0778957 secs] [Times: user=0.04 sys=0.03, real=0.08 secs] 
2021-06-11T02:46:34.524+0800: 2394946.222: [Full GC (Ergonomics) [PSYoungGen: 8544K->0K(513024K)] [ParOldGen: 520466K->303794K(524288K)] 529010K->303794K(1037312K), [Metaspace: 96898K->96898K(1138688K)], 0.4737679 secs] [Times: user=0.51 sys=0.51, real=0.47 secs] 
2021-06-11T02:51:55.665+0800: 2395267.364: [GC (Allocation Failure) [PSYoungGen: 501760K->8608K(513024K)] 805554K->312402K(1037312K), 0.0226673 secs] [Times: user=0.03 sys=0.03, real=0.02 secs] 
2021-06-11T02:57:14.180+0800: 2395585.878: [GC (Allocation Failure) [PSYoungGen: 510368K->11232K(513024K)] 814162K->322477K(1037312K), 0.0260739 secs] [Times: user=0.04 sys=0.03, real=0.03 secs] 
2021-06-11T03:02:26.425+0800: 2395898.124: [GC (Allocation Failure) [PSYoungGen: 512992K->11232K(497664K)] 824237K->331895K(1021952K), 0.0314450 secs] [Times: user=0.04 sys=0.04, real=0.03 secs] 
2021-06-11T03:07:41.085+0800: 2396212.783: [GC (Allocation Failure) [PSYoungGen: 497632K->7488K(505344K)] 818295K->336895K(1029632K), 0.0219437 secs] [Times: user=0.04 sys=0.03, real=0.02 secs] 
2021-06-11T03:12:53.389+0800: 2396525.088: [GC (Allocation Failure) [PSYoungGen: 493888K->5376K(505856K)] 823295K->340769K(1030144K), 0.0263507 secs] [Times: user=0.04 sys=0.04, real=0.03 secs] 
2021-06-11T03:18:01.709+0800: 2396833.407: [GC (Allocation Failure) [PSYoungGen: 492800K->6272K(505856K)] 828193K->345261K(1030144K), 0.0563353 secs] [Times: user=0.03 sys=0.03, real=0.06 secs] 
2021-06-11T03:23:19.427+0800: 2397151.125: [GC (Allocation Failure) [PSYoungGen: 493696K->6112K(506880K)] 832685K->349609K(1031168K), 0.0254561 secs] [Times: user=0.04 sys=0.05, real=0.03 secs] 
2021-06-11T03:28:33.580+0800: 2397465.279: [GC (Allocation Failure) [PSYoungGen: 495072K->9824K(506368K)] 838569K->357495K(1030656K), 0.0291671 secs] [Times: user=0.04 sys=0.05, real=0.03 secs] 
2021-06-11T03:33:42.039+0800: 2397773.737: [GC (Allocation Failure) [PSYoungGen: 498784K->10048K(507392K)] 846455K->365201K(1031680K), 0.0635859 secs] [Times: user=0.04 sys=0.05, real=0.07 secs] 
2021-06-11T03:38:55.472+0800: 2398087.170: [GC (Allocation Failure) [PSYoungGen: 500032K->8960K(506880K)] 855185K->372523K(1031168K), 0.0346506 secs] [Times: user=0.05 sys=0.05, real=0.04 secs] 
2021-06-11T03:44:02.299+0800: 2398393.997: [GC (Allocation Failure) [PSYoungGen: 498944K->9952K(508416K)] 862507K->380046K(1032704K), 0.0339555 secs] [Times: user=0.04 sys=0.04, real=0.04 secs] 
2021-06-11T03:49:15.895+0800: 2398707.593: [GC (Allocation Failure) [PSYoungGen: 502496K->6368K(508416K)] 872590K->384581K(1032704K), 0.0295213 secs] [Times: user=0.04 sys=0.04, real=0.03 secs] 
2021-06-11T03:54:29.471+0800: 2399021.170: [GC (Allocation Failure) [PSYoungGen: 498912K->7232K(508928K)] 877125K->390425K(1033216K), 0.0258282 secs] [Times: user=0.04 sys=0.04, real=0.03 secs] 
2021-06-11T03:59:52.912+0800: 2399344.611: [GC (Allocation Failure) [PSYoungGen: 500800K->5824K(508928K)] 883993K->394667K(1033216K), 0.0231864 secs] [Times: user=0.03 sys=0.04, real=0.02 secs] 
2021-06-11T04:05:05.109+0800: 2399656.808: [GC (Allocation Failure) [PSYoungGen: 499392K->8160K(509952K)] 888235K->401567K(1034240K), 0.0233327 secs] [Times: user=0.04 sys=0.03, real=0.03 secs] 
2021-06-11T04:10:18.456+0800: 2399970.155: [GC (Allocation Failure) [PSYoungGen: 503264K->9664K(509440K)] 896671K->409393K(1033728K), 0.0332121 secs] [Times: user=0.04 sys=0.04, real=0.03 secs] 
2021-06-11T04:15:35.921+0800: 2400287.619: [GC (Allocation Failure) [PSYoungGen: 504768K->9952K(509952K)] 904497K->416859K(1034240K), 0.0238538 secs] [Times: user=0.03 sys=0.03, real=0.03 secs] 
2021-06-11T04:20:46.360+0800: 2400598.058: [GC (Allocation Failure) [PSYoungGen: 505568K->9248K(509952K)] 912475K->423303K(1034240K), 0.0669588 secs] [Times: user=0.04 sys=0.04, real=0.07 secs] 
2021-06-11T04:26:02.871+0800: 2400914.569: [GC (Allocation Failure) [PSYoungGen: 504864K->6016K(510464K)] 918919K->426704K(1034752K), 0.0814083 secs] [Times: user=0.03 sys=0.05, real=0.09 secs] 
2021-06-11T04:31:20.676+0800: 2401232.374: [GC (Allocation Failure) [PSYoungGen: 502656K->6464K(510464K)] 923344K->431740K(1034752K), 0.0212463 secs] [Times: user=0.04 sys=0.03, real=0.02 secs] 
2021-06-11T04:36:33.060+0800: 2401544.758: [GC (Allocation Failure) [PSYoungGen: 503104K->6240K(510976K)] 928380K->436703K(1035264K), 0.0302626 secs] [Times: user=0.04 sys=0.05, real=0.03 secs] 
2021-06-11T04:41:53.832+0800: 2401865.530: [GC (Allocation Failure) [PSYoungGen: 503392K->4704K(510464K)] 933855K->439643K(1034752K), 0.0218547 secs] [Times: user=0.03 sys=0.03, real=0.03 secs] 
2021-06-11T04:47:03.402+0800: 2402175.100: [GC (Allocation Failure) [PSYoungGen: 501856K->6592K(510976K)] 936795K->444745K(1035264K), 0.0210246 secs] [Times: user=0.04 sys=0.04, real=0.03 secs] 
2021-06-11T04:52:22.464+0800: 2402494.162: [GC (Allocation Failure) [PSYoungGen: 503744K->8384K(510464K)] 941897K->451462K(1034752K), 0.0401824 secs] [Times: user=0.03 sys=0.03, real=0.04 secs] 
2021-06-11T04:57:38.208+0800: 2402809.906: [GC (Allocation Failure) [PSYoungGen: 505536K->7616K(512000K)] 948614K->456769K(1036288K), 0.0237665 secs] [Times: user=0.03 sys=0.03, real=0.02 secs] 
2021-06-11T05:02:58.435+0800: 2403130.133: [GC (Allocation Failure) [PSYoungGen: 506816K->10272K(511488K)] 955969K->464750K(1035776K), 0.0251879 secs] [Times: user=0.04 sys=0.03, real=0.02 secs] 
2021-06-11T05:08:17.195+0800: 2403448.893: [GC (Allocation Failure) [PSYoungGen: 509472K->4160K(510464K)] 963950K->466973K(1034752K), 0.0293255 secs] [Times: user=0.03 sys=0.05, real=0.03 secs] 
2021-06-11T05:13:34.295+0800: 2403765.993: [GC (Allocation Failure) [PSYoungGen: 501824K->5728K(510976K)] 964637K->470916K(1035264K), 0.0251517 secs] [Times: user=0.03 sys=0.04, real=0.02 secs] 
2021-06-11T05:18:46.149+0800: 2404077.848: [GC (Allocation Failure) [PSYoungGen: 503392K->9024K(511488K)] 968580K->478233K(1035776K), 0.0259202 secs] [Times: user=0.04 sys=0.04, real=0.03 secs] 
2021-06-11T05:24:01.426+0800: 2404393.124: [GC (Allocation Failure) [PSYoungGen: 507712K->12800K(511488K)] 976921K->491390K(1035776K), 0.0338159 secs] [Times: user=0.05 sys=0.05, real=0.03 secs] 
2021-06-11T05:29:07.454+0800: 2404699.152: [GC (Allocation Failure) [PSYoungGen: 511488K->7808K(502272K)] 990078K->499131K(1026560K), 0.0475197 secs] [Times: user=0.05 sys=0.04, real=0.04 secs] 
2021-06-11T05:34:23.704+0800: 2405015.402: [GC (Allocation Failure) [PSYoungGen: 497280K->5472K(506880K)] 988603K->502877K(1031168K), 0.0554162 secs] [Times: user=0.03 sys=0.03, real=0.05 secs] 
2021-06-11T05:39:39.057+0800: 2405330.755: [GC (Allocation Failure) [PSYoungGen: 494944K->5536K(507392K)] 992349K->507009K(1031680K), 0.0239317 secs] [Times: user=0.03 sys=0.04, real=0.02 secs] 
2021-06-11T05:44:52.775+0800: 2405644.473: [GC (Allocation Failure) [PSYoungGen: 496032K->5408K(507392K)] 997505K->510957K(1031680K), 0.0212672 secs] [Times: user=0.03 sys=0.03, real=0.02 secs] 
2021-06-11T05:50:02.773+0800: 2405954.471: [GC (Allocation Failure) [PSYoungGen: 495904K->5696K(508416K)] 1001453K->515162K(1032704K), 0.0223597 secs] [Times: user=0.04 sys=0.03, real=0.02 secs] 
2021-06-11T05:55:20.283+0800: 2406271.981: [GC (Allocation Failure) [PSYoungGen: 497728K->5120K(507904K)] 1007194K->518830K(1032192K), 0.0246963 secs] [Times: user=0.04 sys=0.05, real=0.02 secs] 
2021-06-11T05:55:20.308+0800: 2406272.006: [Full GC (Ergonomics) [PSYoungGen: 5120K->0K(507904K)] [ParOldGen: 513710K->303876K(524288K)] 518830K->303876K(1032192K), [Metaspace: 96929K->96925K(1138688K)], 0.5730212 secs] [Times: user=1.16 sys=0.00, real=0.57 secs] 
2021-06-11T06:00:36.247+0800: 2406587.945: [GC (Allocation Failure) [PSYoungGen: 492032K->5952K(509440K)] 795908K->309828K(1033728K), 0.0192893 secs] [Times: user=0.03 sys=0.03, real=0.02 secs] 
2021-06-11T06:05:46.106+0800: 2406897.805: [GC (Allocation Failure) [PSYoungGen: 500032K->11808K(506368K)] 803908K->319979K(1030656K), 0.0329033 secs] [Times: user=0.09 sys=0.00, real=0.03 secs] 
2021-06-11T06:10:47.356+0800: 2407199.054: [GC (Allocation Failure) [PSYoungGen: 505888K->15840K(496128K)] 814059K->334483K(1020416K), 0.0337552 secs] [Times: user=0.03 sys=0.04, real=0.03 secs] 
2021-06-11T06:15:48.289+0800: 2407499.987: [GC (Allocation Failure) [PSYoungGen: 496096K->12832K(502272K)] 814739K->342439K(1026560K), 0.0284506 secs] [Times: user=0.04 sys=0.04, real=0.03 secs] 
2021-06-11T06:20:48.083+0800: 2407799.781: [GC (Allocation Failure) [PSYoungGen: 493088K->14976K(501248K)] 822695K->354004K(1025536K), 0.0292964 secs] [Times: user=0.03 sys=0.04, real=0.03 secs] 
2021-06-11T06:25:49.336+0800: 2408101.034: [GC (Allocation Failure) [PSYoungGen: 494208K->13376K(501760K)] 833236K->363837K(1026048K), 0.0250126 secs] [Times: user=0.04 sys=0.03, real=0.02 secs] 
2021-06-11T06:30:48.880+0800: 2408400.578: [GC (Allocation Failure) [PSYoungGen: 492608K->12704K(502272K)] 843069K->372585K(1026560K), 0.0274896 secs] [Times: user=0.04 sys=0.04, real=0.03 secs] 
2021-06-11T06:35:53.459+0800: 2408705.157: [GC (Allocation Failure) [PSYoungGen: 492448K->12544K(501760K)] 852329K->381539K(1026048K), 0.0404036 secs] [Times: user=0.03 sys=0.04, real=0.04 secs] 
2021-06-11T06:40:48.571+0800: 2409000.269: [GC (Allocation Failure) [PSYoungGen: 492288K->16608K(500736K)] 861283K->393712K(1025024K), 0.0399340 secs] [Times: user=0.03 sys=0.03, real=0.04 secs] 
2021-06-11T06:45:44.145+0800: 2409295.844: [GC (Allocation Failure) [PSYoungGen: 495840K->18944K(498688K)] 872944K->406596K(1022976K), 0.0324091 secs] [Times: user=0.04 sys=0.04, real=0.03 secs] 
2021-06-11T06:50:35.111+0800: 2409586.809: [GC (Allocation Failure) [PSYoungGen: 498176K->16544K(499200K)] 885828K->416488K(1023488K), 0.0375400 secs] [Times: user=0.05 sys=0.05, real=0.04 secs] 
2021-06-11T06:55:22.890+0800: 2409874.588: [GC (Allocation Failure) [PSYoungGen: 491680K->16832K(492032K)] 891624K->427317K(1016320K), 0.0313812 secs] [Times: user=0.04 sys=0.04, real=0.03 secs] 
2021-06-11T07:00:11.140+0800: 2410162.838: [GC (Allocation Failure) [PSYoungGen: 491968K->16864K(499200K)] 902453K->437890K(1023488K), 0.0415079 secs] [Times: user=0.05 sys=0.05, real=0.04 secs] 
2021-06-11T07:05:11.423+0800: 2410463.121: [GC (Allocation Failure) [PSYoungGen: 490976K->12160K(499200K)] 912002K->444644K(1023488K), 0.0317853 secs] [Times: user=0.04 sys=0.05, real=0.03 secs] 
2021-06-11T07:10:03.589+0800: 2410755.287: [GC (Allocation Failure) [PSYoungGen: 486272K->13408K(501248K)] 918756K->455015K(1025536K), 0.0266426 secs] [Times: user=0.04 sys=0.05, real=0.03 secs] 
2021-06-11T07:15:02.347+0800: 2411054.046: [GC (Allocation Failure) [PSYoungGen: 490592K->14528K(500224K)] 932199K->466226K(1024512K), 0.0254606 secs] [Times: user=0.08 sys=0.00, real=0.03 secs] 
2021-06-11T07:19:49.383+0800: 2411341.082: [GC (Allocation Failure) [PSYoungGen: 491712K->14506K(502272K)] 943410K->476384K(1026560K), 0.0291691 secs] [Times: user=0.03 sys=0.05, real=0.03 secs] 
2021-06-11T07:24:44.134+0800: 2411635.832: [GC (Allocation Failure) [PSYoungGen: 494250K->12576K(501760K)] 956128K->484635K(1026048K), 0.0407511 secs] [Times: user=0.05 sys=0.04, real=0.04 secs] 
2021-06-11T07:29:44.363+0800: 2411936.061: [GC (Allocation Failure) [PSYoungGen: 492320K->11936K(503296K)] 964379K->493758K(1027584K), 0.0402184 secs] [Times: user=0.04 sys=0.05, real=0.04 secs] 
2021-06-11T07:34:46.941+0800: 2412238.640: [GC (Allocation Failure) [PSYoungGen: 493728K->11520K(502784K)] 975550K->502338K(1027072K), 0.0269938 secs] [Times: user=0.04 sys=0.04, real=0.03 secs] 
2021-06-11T07:39:48.174+0800: 2412539.872: [GC (Allocation Failure) [PSYoungGen: 493312K->14208K(503808K)] 984130K->513150K(1028096K), 0.0261350 secs] [Times: user=0.03 sys=0.04, real=0.02 secs] 
2021-06-11T07:44:42.552+0800: 2412834.251: [GC (Allocation Failure) [PSYoungGen: 497536K->18848K(502272K)] 996478K->527699K(1026560K), 0.0392014 secs] [Times: user=0.04 sys=0.05, real=0.03 secs] 
2021-06-11T07:49:39.658+0800: 2413131.356: [GC (Allocation Failure) [PSYoungGen: 502176K->14688K(503296K)] 1011027K->535853K(1027584K), 0.0278419 secs] [Times: user=0.04 sys=0.04, real=0.03 secs] 
2021-06-11T07:49:39.686+0800: 2413131.385: [Full GC (Ergonomics) [PSYoungGen: 14688K->0K(503296K)] [ParOldGen: 521165K->336227K(524288K)] 535853K->336227K(1027584K), [Metaspace: 96929K->96925K(1138688K)], 0.5405149 secs] [Times: user=1.16 sys=0.00, real=0.54 secs] 
2021-06-11T07:54:37.465+0800: 2413429.163: [GC (Allocation Failure) [PSYoungGen: 481792K->12224K(502784K)] 818019K->348451K(1027072K), 0.0240146 secs] [Times: user=0.03 sys=0.03, real=0.02 secs] 
2021-06-11T07:59:39.468+0800: 2413731.167: [GC (Allocation Failure) [PSYoungGen: 494016K->9280K(503296K)] 830243K->354949K(1027584K), 0.0495048 secs] [Times: user=0.05 sys=0.04, real=0.05 secs] 
2021-06-11T08:04:39.670+0800: 2414031.368: [GC (Allocation Failure) [PSYoungGen: 491584K->11296K(503296K)] 837253K->363816K(1027584K), 0.0260406 secs] [Times: user=0.04 sys=0.04, real=0.03 secs] 
2021-06-11T08:09:42.699+0800: 2414334.397: [GC (Allocation Failure) [PSYoungGen: 493600K->10304K(503808K)] 846120K->371778K(1028096K), 0.0279745 secs] [Times: user=0.04 sys=0.04, real=0.03 secs] 
2021-06-11T08:14:44.883+0800: 2414636.581: [GC (Allocation Failure) [PSYoungGen: 493632K->13984K(503808K)] 855106K->382678K(1028096K), 0.0297326 secs] [Times: user=0.03 sys=0.04, real=0.03 secs] 
2021-06-11T08:19:39.767+0800: 2414931.465: [GC (Allocation Failure) [PSYoungGen: 497312K->17216K(502272K)] 866006K->393914K(1026560K), 0.0524732 secs] [Times: user=0.04 sys=0.05, real=0.05 secs] 
2021-06-11T08:24:47.598+0800: 2415239.296: [GC (Allocation Failure) [PSYoungGen: 499520K->12640K(503296K)] 876218K->401500K(1027584K), 0.0275147 secs] [Times: user=0.05 sys=0.04, real=0.03 secs] 
2021-06-11T08:29:42.524+0800: 2415534.222: [GC (Allocation Failure) [PSYoungGen: 494944K->17120K(502784K)] 883804K->415248K(1027072K), 0.0348879 secs] [Times: user=0.05 sys=0.04, real=0.03 secs] 
2021-06-11T08:34:35.720+0800: 2415827.419: [GC (Allocation Failure) [PSYoungGen: 499424K->19808K(502272K)] 897552K->428213K(1026560K), 0.0327785 secs] [Times: user=0.04 sys=0.05, real=0.04 secs] 
2021-06-11T08:39:28.379+0800: 2416120.077: [GC (Allocation Failure) [PSYoungGen: 502096K->14496K(502272K)] 910502K->435384K(1026560K), 0.0334515 secs] [Times: user=0.04 sys=0.05, real=0.04 secs] 
2021-06-11T08:44:27.476+0800: 2416419.174: [GC (Allocation Failure) [PSYoungGen: 494752K->12352K(502272K)] 915640K->442235K(1026560K), 0.0391514 secs] [Times: user=0.04 sys=0.05, real=0.04 secs] 
2021-06-11T08:49:30.658+0800: 2416722.356: [GC (Allocation Failure) [PSYoungGen: 492608K->11808K(503296K)] 922491K->451884K(1027584K), 0.0328683 secs] [Times: user=0.05 sys=0.04, real=0.03 secs] 
2021-06-11T08:54:37.635+0800: 2417029.333: [GC (Allocation Failure) [PSYoungGen: 493600K->9792K(502784K)] 933676K->459254K(1027072K), 0.0281260 secs] [Times: user=0.04 sys=0.04, real=0.03 secs] 
2021-06-11T08:59:38.871+0800: 2417330.569: [GC (Allocation Failure) [PSYoungGen: 491584K->12576K(503808K)] 941046K->468932K(1028096K), 0.0294711 secs] [Times: user=0.03 sys=0.04, real=0.03 secs] 
2021-06-11T09:04:31.440+0800: 2417623.139: [GC (Allocation Failure) [PSYoungGen: 495392K->13280K(503296K)] 951748K->479671K(1027584K), 0.0270660 secs] [Times: user=0.03 sys=0.04, real=0.03 secs] 
2021-06-11T09:09:25.896+0800: 2417917.594: [GC (Allocation Failure) [PSYoungGen: 496096K->13632K(504832K)] 962487K->490177K(1029120K), 0.0299182 secs] [Times: user=0.04 sys=0.04, real=0.03 secs] 
2021-06-11T09:14:25.702+0800: 2418217.401: [GC (Allocation Failure) [PSYoungGen: 498492K->13472K(504320K)] 975037K->499445K(1028608K), 0.0514709 secs] [Times: user=0.03 sys=0.03, real=0.05 secs] 
2021-06-11T09:19:23.592+0800: 2418515.290: [GC (Allocation Failure) [PSYoungGen: 498335K->17888K(503296K)] 984309K->512274K(1027584K), 0.0306831 secs] [Times: user=0.04 sys=0.05, real=0.04 secs] 
2021-06-11T09:24:21.023+0800: 2418812.722: [GC (Allocation Failure) [PSYoungGen: 502240K->13408K(504320K)] 996626K->519197K(1028608K), 0.0366171 secs] [Times: user=0.04 sys=0.05, real=0.03 secs] 
2021-06-11T09:29:24.769+0800: 2419116.467: [GC (Allocation Failure) [PSYoungGen: 497760K->12288K(505344K)] 1003549K->527703K(1029632K), 0.0701685 secs] [Times: user=0.05 sys=0.05, real=0.07 secs] 
2021-06-11T09:29:24.839+0800: 2419116.538: [Full GC (Ergonomics) [PSYoungGen: 12288K->0K(505344K)] [ParOldGen: 515415K->304319K(524288K)] 527703K->304319K(1029632K), [Metaspace: 96938K->96938K(1138688K)], 0.5357715 secs] [Times: user=0.57 sys=0.57, real=0.54 secs] 
2021-06-11T09:34:24.558+0800: 2419416.256: [GC (Allocation Failure) [PSYoungGen: 485888K->11616K(504832K)] 790207K->315935K(1029120K), 0.0229129 secs] [Times: user=0.04 sys=0.04, real=0.02 secs] 
2021-06-11T09:39:26.843+0800: 2419718.541: [GC (Allocation Failure) [PSYoungGen: 497504K->15040K(505344K)] 801823K->328785K(1029632K), 0.0343296 secs] [Times: user=0.04 sys=0.04, real=0.03 secs] 
2021-06-11T09:44:29.956+0800: 2420021.654: [GC (Allocation Failure) [PSYoungGen: 501440K->18016K(504832K)] 815185K->341870K(1029120K), 0.1433527 secs] [Times: user=0.09 sys=0.09, real=0.14 secs] 
2021-06-11T09:49:32.476+0800: 2420324.174: [GC (Allocation Failure) [PSYoungGen: 504416K->9408K(502784K)] 828270K->344636K(1027072K), 0.0272883 secs] [Times: user=0.03 sys=0.05, real=0.03 secs] 
2021-06-11T09:54:38.353+0800: 2420630.051: [GC (Allocation Failure) [PSYoungGen: 492736K->9184K(503808K)] 827964K->351240K(1028096K), 0.0287162 secs] [Times: user=0.04 sys=0.04, real=0.02 secs] 
2021-06-11T09:59:38.828+0800: 2420930.526: [GC (Allocation Failure) [PSYoungGen: 492512K->12352K(504320K)] 834568K->361156K(1028608K), 0.0508320 secs] [Times: user=0.04 sys=0.05, real=0.05 secs] 
2021-06-11T10:04:34.545+0800: 2421226.243: [GC (Allocation Failure) [PSYoungGen: 496192K->17984K(502272K)] 844996K->374649K(1026560K), 0.0328749 secs] [Times: user=0.04 sys=0.05, real=0.03 secs] 
2021-06-11T10:09:35.886+0800: 2421527.584: [GC (Allocation Failure) [PSYoungGen: 501824K->13184K(503808K)] 858489K->381299K(1028096K), 0.0313577 secs] [Times: user=0.05 sys=0.05, real=0.03 secs] 
2021-06-11T10:14:31.739+0800: 2421823.437: [GC (Allocation Failure) [PSYoungGen: 496000K->16000K(503296K)] 864115K->392136K(1027584K), 0.0472866 secs] [Times: user=0.05 sys=0.04, real=0.05 secs] 
2021-06-11T10:19:33.941+0800: 2422125.640: [GC (Allocation Failure) [PSYoungGen: 498816K->12320K(503808K)] 874952K->399361K(1028096K), 0.0260128 secs] [Times: user=0.04 sys=0.04, real=0.03 secs] 
2021-06-11T10:24:35.990+0800: 2422427.689: [GC (Allocation Failure) [PSYoungGen: 495648K->10752K(503808K)] 882689K->406540K(1028096K), 0.0260347 secs] [Times: user=0.04 sys=0.04, real=0.03 secs] 
2021-06-11T10:29:44.279+0800: 2422735.977: [GC (Allocation Failure) [PSYoungGen: 494080K->9184K(504320K)] 889868K->412981K(1028608K), 0.0279958 secs] [Times: user=0.04 sys=0.04, real=0.03 secs] 
2021-06-11T10:34:44.224+0800: 2423035.923: [GC (Allocation Failure) [PSYoungGen: 493536K->14432K(504320K)] 897333K->425658K(1028608K), 0.0283294 secs] [Times: user=0.04 sys=0.04, real=0.03 secs] 
2021-06-11T10:39:47.053+0800: 2423338.751: [GC (Allocation Failure) [PSYoungGen: 498784K->11200K(504832K)] 910010K->432762K(1029120K), 0.0344204 secs] [Times: user=0.04 sys=0.04, real=0.03 secs] 
2021-06-11T10:44:56.411+0800: 2423648.109: [GC (Allocation Failure) [PSYoungGen: 496064K->8352K(504320K)] 917626K->438580K(1028608K), 0.0296310 secs] [Times: user=0.04 sys=0.04, real=0.03 secs] 
2021-06-11T10:49:58.015+0800: 2423949.713: [GC (Allocation Failure) [PSYoungGen: 493216K->12064K(505344K)] 923444K->448249K(1029632K), 0.0256221 secs] [Times: user=0.04 sys=0.04, real=0.02 secs] 
2021-06-11T10:54:52.534+0800: 2424244.232: [GC (Allocation Failure) [PSYoungGen: 497440K->18912K(504320K)] 933625K->467896K(1028608K), 0.0364840 secs] [Times: user=0.04 sys=0.05, real=0.03 secs] 
2021-06-11T10:59:56.230+0800: 2424547.928: [GC (Allocation Failure) [PSYoungGen: 504288K->15104K(495104K)] 953272K->476531K(1019392K), 0.0358823 secs] [Times: user=0.04 sys=0.04, real=0.04 secs] 
2021-06-11T11:04:52.209+0800: 2424843.907: [GC (Allocation Failure) [PSYoungGen: 490240K->16032K(499712K)] 951667K->487631K(1024000K), 0.0303541 secs] [Times: user=0.04 sys=0.04, real=0.03 secs] 
2021-06-11T11:09:42.296+0800: 2425133.994: [GC (Allocation Failure) [PSYoungGen: 491168K->15072K(500736K)] 962767K->497508K(1025024K), 0.0300162 secs] [Times: user=0.04 sys=0.04, real=0.03 secs] 
2021-06-11T11:14:47.310+0800: 2425439.008: [GC (Allocation Failure) [PSYoungGen: 491232K->8352K(499712K)] 973668K->503057K(1024000K), 0.0305724 secs] [Times: user=0.03 sys=0.03, real=0.03 secs] 
2021-06-11T11:19:44.165+0800: 2425735.864: [GC (Allocation Failure) [PSYoungGen: 484512K->12320K(501248K)] 979217K->512981K(1025536K), 0.0304740 secs] [Times: user=0.04 sys=0.04, real=0.03 secs] 
2021-06-11T11:24:37.505+0800: 2426029.203: [GC (Allocation Failure) [PSYoungGen: 489504K->15584K(500224K)] 990165K->524250K(1024512K), 0.0282274 secs] [Times: user=0.04 sys=0.04, real=0.03 secs] 
2021-06-11T11:29:37.567+0800: 2426329.265: [GC (Allocation Failure) [PSYoungGen: 492768K->6944K(501248K)] 1001434K->527368K(1025536K), 0.0268974 secs] [Times: user=0.03 sys=0.04, real=0.03 secs] 
2021-06-11T11:29:37.595+0800: 2426329.293: [Full GC (Ergonomics) [PSYoungGen: 6944K->0K(501248K)] [ParOldGen: 520424K->322006K(524288K)] 527368K->322006K(1025536K), [Metaspace: 96947K->96947K(1138688K)], 0.5081087 secs] [Times: user=1.10 sys=0.00, real=0.51 secs] 
2021-06-11T11:34:35.370+0800: 2426627.068: [GC (Allocation Failure) [PSYoungGen: 478208K->10240K(501248K)] 800214K->332246K(1025536K), 0.0215735 secs] [Times: user=0.03 sys=0.04, real=0.02 secs] 
2021-06-11T11:39:32.564+0800: 2426924.262: [GC (Allocation Failure) [PSYoungGen: 488448K->12768K(502272K)] 810454K->343497K(1026560K), 0.0313412 secs] [Times: user=0.04 sys=0.04, real=0.03 secs] 
2021-06-11T11:44:30.008+0800: 2427221.706: [GC (Allocation Failure) [PSYoungGen: 492512K->14976K(501760K)] 823241K->354765K(1026048K), 0.0379723 secs] [Times: user=0.05 sys=0.05, real=0.04 secs] 
2021-06-11T11:49:26.753+0800: 2427518.451: [GC (Allocation Failure) [PSYoungGen: 494720K->16896K(500736K)] 834509K->367104K(1025024K), 0.0347372 secs] [Times: user=0.05 sys=0.06, real=0.03 secs] 
2021-06-11T11:54:22.838+0800: 2427814.536: [GC (Allocation Failure) [PSYoungGen: 496128K->9888K(501760K)] 846336K->371911K(1026048K), 0.0262710 secs] [Times: user=0.04 sys=0.04, real=0.03 secs] 
2021-06-11T11:59:20.838+0800: 2428112.537: [GC (Allocation Failure) [PSYoungGen: 489120K->11520K(502784K)] 851143K->380747K(1027072K), 0.0318706 secs] [Times: user=0.05 sys=0.05, real=0.03 secs] 
2021-06-11T12:04:18.004+0800: 2428409.702: [GC (Allocation Failure) [PSYoungGen: 492288K->10720K(502272K)] 861515K->389317K(1026560K), 0.0417004 secs] [Times: user=0.05 sys=0.05, real=0.04 secs] 
2021-06-11T12:09:21.846+0800: 2428713.544: [GC (Allocation Failure) [PSYoungGen: 491488K->10016K(503808K)] 870085K->396863K(1028096K), 0.0272354 secs] [Times: user=0.05 sys=0.04, real=0.03 secs] 
2021-06-11T12:14:19.153+0800: 2429010.851: [GC (Allocation Failure) [PSYoungGen: 492832K->13920K(503296K)] 879679K->408506K(1027584K), 0.0361955 secs] [Times: user=0.09 sys=0.00, real=0.03 secs] 
2021-06-11T12:19:18.638+0800: 2429310.336: [GC (Allocation Failure) [PSYoungGen: 496736K->12704K(504832K)] 891322K->417389K(1029120K), 0.0299793 secs] [Times: user=0.04 sys=0.04, real=0.03 secs] 
2021-06-11T12:24:16.009+0800: 2429607.708: [GC (Allocation Failure) [PSYoungGen: 497056K->11072K(503808K)] 901741K->424687K(1028096K), 0.0321798 secs] [Times: user=0.04 sys=0.05, real=0.03 secs] 
2021-06-11T12:29:14.982+0800: 2429906.680: [GC (Allocation Failure) [PSYoungGen: 495424K->8800K(504832K)] 909039K->430010K(1029120K), 0.0262692 secs] [Times: user=0.04 sys=0.04, real=0.02 secs] 
2021-06-11T12:34:17.158+0800: 2430208.856: [GC (Allocation Failure) [PSYoungGen: 494176K->14528K(504832K)] 915386K->442654K(1029120K), 0.0468093 secs] [Times: user=0.04 sys=0.05, real=0.05 secs] 
2021-06-11T12:39:11.749+0800: 2430503.448: [GC (Allocation Failure) [PSYoungGen: 499904K->14944K(503808K)] 928030K->453211K(1028096K), 0.0896937 secs] [Times: user=0.04 sys=0.04, real=0.09 secs] 
2021-06-11T12:44:07.674+0800: 2430799.372: [GC (Allocation Failure) [PSYoungGen: 499296K->12544K(504320K)] 937563K->461293K(1028608K), 0.0284520 secs] [Times: user=0.04 sys=0.04, real=0.03 secs] 
2021-06-11T12:49:11.913+0800: 2431103.611: [GC (Allocation Failure) [PSYoungGen: 496896K->8416K(505344K)] 945645K->467124K(1029632K), 0.0275762 secs] [Times: user=0.04 sys=0.05, real=0.02 secs] 
2021-06-11T12:54:18.625+0800: 2431410.323: [GC (Allocation Failure) [PSYoungGen: 494816K->8928K(505344K)] 953524K->474039K(1029632K), 0.0304642 secs] [Times: user=0.04 sys=0.04, real=0.03 secs] 
2021-06-11T12:59:12.576+0800: 2431704.274: [GC (Allocation Failure) [PSYoungGen: 495328K->14656K(504320K)] 960439K->486795K(1028608K), 0.0327644 secs] [Times: user=0.04 sys=0.05, real=0.03 secs] 
2021-06-11T13:04:13.001+0800: 2432004.700: [GC (Allocation Failure) [PSYoungGen: 500032K->17312K(502784K)] 972171K->499600K(1027072K), 0.0401884 secs] [Times: user=0.05 sys=0.05, real=0.04 secs] 
2021-06-11T13:09:17.809+0800: 2432309.507: [GC (Allocation Failure) [PSYoungGen: 502688K->10272K(503808K)] 984976K->503207K(1028096K), 0.0326188 secs] [Times: user=0.05 sys=0.05, real=0.03 secs] 
2021-06-11T13:14:21.776+0800: 2432613.474: [GC (Allocation Failure) [PSYoungGen: 493600K->7616K(503808K)] 986535K->507377K(1028096K), 0.0300081 secs] [Times: user=0.04 sys=0.04, real=0.03 secs] 
2021-06-11T13:19:16.168+0800: 2432907.866: [GC (Allocation Failure) [PSYoungGen: 490944K->10570K(504320K)] 990705K->515560K(1028608K), 0.0281264 secs] [Times: user=0.03 sys=0.04, real=0.03 secs] 
2021-06-11T13:24:13.163+0800: 2433204.862: [GC (Allocation Failure) [PSYoungGen: 494410K->9792K(503808K)] 999400K->522770K(1028096K), 0.0233276 secs] [Times: user=0.04 sys=0.04, real=0.02 secs] 
2021-06-11T13:24:13.187+0800: 2433204.885: [Full GC (Ergonomics) [PSYoungGen: 9792K->0K(503808K)] [ParOldGen: 512978K->309484K(524288K)] 522770K->309484K(1028096K), [Metaspace: 96969K->96969K(1138688K)], 0.4666751 secs] [Times: user=0.50 sys=0.49, real=0.47 secs] 
2021-06-11T13:29:09.907+0800: 2433501.605: [GC (Allocation Failure) [PSYoungGen: 483840K->11040K(505856K)] 793324K->320524K(1030144K), 0.0251789 secs] [Times: user=0.04 sys=0.04, real=0.03 secs] 
2021-06-11T13:34:14.492+0800: 2433806.190: [GC (Allocation Failure) [PSYoungGen: 497440K->9728K(504832K)] 806924K->328283K(1029120K), 0.0265385 secs] [Times: user=0.04 sys=0.04, real=0.03 secs] 
2021-06-11T13:39:20.154+0800: 2434111.853: [GC (Allocation Failure) [PSYoungGen: 496128K->10208K(506368K)] 814683K->336741K(1030656K), 0.0286307 secs] [Times: user=0.04 sys=0.04, real=0.03 secs] 
2021-06-11T13:44:27.214+0800: 2434418.913: [GC (Allocation Failure) [PSYoungGen: 498144K->9696K(505856K)] 824677K->343992K(1030144K), 0.0255836 secs] [Times: user=0.04 sys=0.04, real=0.02 secs] 
2021-06-11T13:49:27.109+0800: 2434718.807: [GC (Allocation Failure) [PSYoungGen: 497632K->11552K(507392K)] 831928K->352923K(1031680K), 0.0280074 secs] [Times: user=0.03 sys=0.04, real=0.03 secs] 
2021-06-11T13:54:27.534+0800: 2435019.232: [GC (Allocation Failure) [PSYoungGen: 501536K->15328K(505344K)] 842907K->363944K(1029632K), 0.0355973 secs] [Times: user=0.04 sys=0.05, real=0.03 secs] 
2021-06-11T13:59:34.216+0800: 2435325.915: [GC (Allocation Failure) [PSYoungGen: 505312K->10592K(506880K)] 853928K->370240K(1031168K), 0.0292362 secs] [Times: user=0.04 sys=0.05, real=0.03 secs] 
2021-06-11T14:04:34.093+0800: 2435625.791: [GC (Allocation Failure) [PSYoungGen: 499552K->14400K(506368K)] 859200K->382004K(1030656K), 0.0293723 secs] [Times: user=0.04 sys=0.04, real=0.03 secs] 
2021-06-11T14:09:38.399+0800: 2435930.097: [GC (Allocation Failure) [PSYoungGen: 503360K->9632K(506368K)] 870964K->388245K(1030656K), 0.0276947 secs] [Times: user=0.03 sys=0.03, real=0.03 secs] 
2021-06-11T14:14:41.626+0800: 2436233.324: [GC (Allocation Failure) [PSYoungGen: 498080K->8576K(506368K)] 876693K->393489K(1030656K), 0.0270999 secs] [Times: user=0.04 sys=0.05, real=0.03 secs] 
2021-06-11T14:19:39.660+0800: 2436531.358: [GC (Allocation Failure) [PSYoungGen: 497024K->16320K(504320K)] 881937K->407173K(1028608K), 0.0882391 secs] [Times: user=0.04 sys=0.05, real=0.09 secs] 
2021-06-11T14:24:36.440+0800: 2436828.139: [GC (Allocation Failure) [PSYoungGen: 502720K->14176K(505344K)] 893573K->415560K(1029632K), 0.0310767 secs] [Times: user=0.04 sys=0.05, real=0.03 secs] 
2021-06-11T14:29:37.969+0800: 2437129.667: [GC (Allocation Failure) [PSYoungGen: 500576K->11584K(505856K)] 901960K->424090K(1030144K), 0.0267791 secs] [Times: user=0.04 sys=0.04, real=0.03 secs] 
2021-06-11T14:34:40.042+0800: 2437431.741: [GC (Allocation Failure) [PSYoungGen: 498496K->12288K(505344K)] 911002K->433932K(1029632K), 0.0272991 secs] [Times: user=0.04 sys=0.04, real=0.02 secs] 
2021-06-11T14:39:45.869+0800: 2437737.567: [GC (Allocation Failure) [PSYoungGen: 499200K->8384K(506368K)] 920844K->439507K(1030656K), 0.0284725 secs] [Times: user=0.04 sys=0.04, real=0.03 secs] 
2021-06-11T14:44:57.034+0800: 2438048.732: [GC (Allocation Failure) [PSYoungGen: 496832K->7616K(506368K)] 927955K->444582K(1030656K), 0.0256269 secs] [Times: user=0.04 sys=0.04, real=0.02 secs] 
2021-06-11T14:50:03.788+0800: 2438355.486: [GC (Allocation Failure) [PSYoungGen: 496064K->9088K(506368K)] 933030K->451586K(1030656K), 0.0243011 secs] [Times: user=0.04 sys=0.04, real=0.03 secs] 
2021-06-11T14:55:05.419+0800: 2438657.118: [GC (Allocation Failure) [PSYoungGen: 497536K->8864K(506368K)] 940034K->457710K(1030656K), 0.0303559 secs] [Times: user=0.04 sys=0.05, real=0.03 secs] 
2021-06-11T15:00:11.867+0800: 2438963.566: [GC (Allocation Failure) [PSYoungGen: 497312K->9024K(506880K)] 946158K->464743K(1031168K), 0.0270684 secs] [Times: user=0.04 sys=0.04, real=0.03 secs] 
2021-06-11T15:05:14.409+0800: 2439266.108: [GC (Allocation Failure) [PSYoungGen: 498496K->10016K(506880K)] 954215K->472642K(1031168K), 0.0331468 secs] [Times: user=0.03 sys=0.04, real=0.04 secs] 
2021-06-11T15:10:17.697+0800: 2439569.395: [GC (Allocation Failure) [PSYoungGen: 499488K->13248K(507392K)] 962114K->483806K(1031680K), 0.0300273 secs] [Times: user=0.04 sys=0.04, real=0.03 secs] 
2021-06-11T15:15:20.569+0800: 2439872.268: [GC (Allocation Failure) [PSYoungGen: 503744K->11456K(507392K)] 974302K->489833K(1031680K), 0.0275191 secs] [Times: user=0.04 sys=0.04, real=0.03 secs] 
2021-06-11T15:20:20.671+0800: 2440172.370: [GC (Allocation Failure) [PSYoungGen: 501952K->13856K(506368K)] 980329K->500557K(1030656K), 0.0281056 secs] [Times: user=0.04 sys=0.05, real=0.03 secs] 
2021-06-11T15:25:29.312+0800: 2440481.010: [GC (Allocation Failure) [PSYoungGen: 503328K->8992K(506880K)] 990029K->506595K(1031168K), 0.0352234 secs] [Times: user=0.05 sys=0.06, real=0.04 secs] 
2021-06-11T15:30:29.745+0800: 2440781.443: [GC (Allocation Failure) [PSYoungGen: 498464K->8960K(507392K)] 996067K->512863K(1031680K), 0.0243276 secs] [Times: user=0.04 sys=0.04, real=0.02 secs] 
2021-06-11T15:35:35.245+0800: 2441086.943: [GC (Allocation Failure) [PSYoungGen: 499456K->8320K(507392K)] 1003359K->518809K(1031680K), 0.0336793 secs] [Times: user=0.05 sys=0.04, real=0.03 secs] 
2021-06-11T15:40:35.901+0800: 2441387.599: [GC (Allocation Failure) [PSYoungGen: 498816K->12832K(506880K)] 1009305K->528887K(1031168K), 0.0279788 secs] [Times: user=0.04 sys=0.05, real=0.03 secs] 
2021-06-11T15:40:35.930+0800: 2441387.628: [Full GC (Ergonomics) [PSYoungGen: 12832K->0K(506880K)] [ParOldGen: 516055K->319926K(524288K)] 528887K->319926K(1031168K), [Metaspace: 96969K->96969K(1138688K)], 0.5417855 secs] [Times: user=1.09 sys=0.00, real=0.54 secs] 
2021-06-11T15:45:39.831+0800: 2441691.530: [GC (Allocation Failure) [PSYoungGen: 490496K->13792K(504320K)] 810422K->333718K(1028608K), 0.0249680 secs] [Times: user=0.04 sys=0.03, real=0.03 secs] 
2021-06-11T15:50:41.897+0800: 2441993.595: [GC (Allocation Failure) [PSYoungGen: 504288K->12320K(506880K)] 824214K->343169K(1031168K), 0.0314859 secs] [Times: user=0.04 sys=0.05, real=0.03 secs] 
2021-06-11T15:55:45.860+0800: 2442297.558: [GC (Allocation Failure) [PSYoungGen: 501792K->10816K(506880K)] 832641K->350092K(1031168K), 0.0737133 secs] [Times: user=0.07 sys=0.00, real=0.08 secs] 
2021-06-11T16:00:43.102+0800: 2442594.800: [GC (Allocation Failure) [PSYoungGen: 500288K->14240K(506368K)] 839564K->361039K(1030656K), 0.0272860 secs] [Times: user=0.04 sys=0.04, real=0.03 secs] 
2021-06-11T16:05:45.259+0800: 2442896.957: [GC (Allocation Failure) [PSYoungGen: 503712K->13408K(506880K)] 850511K->370458K(1031168K), 0.0293741 secs] [Times: user=0.04 sys=0.04, real=0.03 secs] 
2021-06-11T16:10:49.603+0800: 2443201.301: [GC (Allocation Failure) [PSYoungGen: 502880K->12480K(506880K)] 859930K->378954K(1031168K), 0.0229293 secs] [Times: user=0.03 sys=0.04, real=0.02 secs] 
2021-06-11T16:15:58.625+0800: 2443510.324: [GC (Allocation Failure) [PSYoungGen: 501952K->8320K(506880K)] 868426K->383875K(1031168K), 0.0321485 secs] [Times: user=0.04 sys=0.04, real=0.03 secs] 
2021-06-11T16:21:00.491+0800: 2443812.189: [GC (Allocation Failure) [PSYoungGen: 497792K->15040K(505856K)] 873347K->396863K(1030144K), 0.0314121 secs] [Times: user=0.04 sys=0.05, real=0.04 secs] 
2021-06-11T16:26:05.788+0800: 2444117.487: [GC (Allocation Failure) [PSYoungGen: 503488K->7648K(496128K)] 885311K->400149K(1020416K), 0.0238705 secs] [Times: user=0.04 sys=0.04, real=0.03 secs] 
2021-06-11T16:31:06.410+0800: 2444418.108: [GC (Allocation Failure) [PSYoungGen: 496096K->9984K(506368K)] 888597K->408537K(1030656K), 0.0233677 secs] [Times: user=0.03 sys=0.03, real=0.03 secs] 
2021-06-11T16:36:05.575+0800: 2444717.273: [GC (Allocation Failure) [PSYoungGen: 497920K->15680K(503808K)] 896473K->421229K(1028096K), 0.0289318 secs] [Times: user=0.03 sys=0.04, real=0.03 secs] 
2021-06-11T16:41:06.355+0800: 2445018.054: [GC (Allocation Failure) [PSYoungGen: 503616K->13088K(505856K)] 909165K->429112K(1030144K), 0.0376968 secs] [Times: user=0.04 sys=0.04, real=0.04 secs] 
2021-06-11T16:46:03.037+0800: 2445314.735: [GC (Allocation Failure) [PSYoungGen: 500000K->14336K(505344K)] 916024K->439658K(1029632K), 0.0341197 secs] [Times: user=0.05 sys=0.04, real=0.03 secs] 
2021-06-11T16:51:06.635+0800: 2445618.333: [GC (Allocation Failure) [PSYoungGen: 501248K->11840K(505856K)] 926570K->447556K(1030144K), 0.0282276 secs] [Times: user=0.04 sys=0.04, real=0.03 secs] 
2021-06-11T16:56:07.976+0800: 2445919.674: [GC (Allocation Failure) [PSYoungGen: 498752K->10048K(505344K)] 934468K->455117K(1029632K), 0.0255570 secs] [Times: user=0.04 sys=0.03, real=0.02 secs] 
2021-06-11T17:01:03.837+0800: 2446215.535: [GC (Allocation Failure) [PSYoungGen: 496960K->14048K(505344K)] 942029K->466043K(1029632K), 0.0436476 secs] [Times: user=0.05 sys=0.05, real=0.04 secs] 
2021-06-11T17:06:01.663+0800: 2446513.361: [GC (Allocation Failure) [PSYoungGen: 501472K->17024K(504832K)] 953467K->478991K(1029120K), 0.0486336 secs] [Times: user=0.05 sys=0.04, real=0.04 secs] 
2021-06-11T17:10:56.804+0800: 2446808.503: [GC (Allocation Failure) [PSYoungGen: 504448K->13920K(504832K)] 966415K->486625K(1029120K), 0.0284323 secs] [Times: user=0.04 sys=0.04, real=0.03 secs] 
2021-06-11T17:15:55.071+0800: 2447106.769: [GC (Allocation Failure) [PSYoungGen: 499296K->15040K(504832K)] 972001K->497957K(1029120K), 0.0285893 secs] [Times: user=0.04 sys=0.04, real=0.03 secs] 
2021-06-11T17:20:54.252+0800: 2447405.950: [GC (Allocation Failure) [PSYoungGen: 500416K->11392K(505344K)] 983333K->505238K(1029632K), 0.0271611 secs] [Times: user=0.03 sys=0.04, real=0.03 secs] 
2021-06-11T17:25:59.411+0800: 2447711.109: [GC (Allocation Failure) [PSYoungGen: 497280K->6688K(504832K)] 991126K->509055K(1029120K), 0.0307753 secs] [Times: user=0.05 sys=0.05, real=0.03 secs] 
2021-06-11T17:31:04.586+0800: 2448016.284: [GC (Allocation Failure) [PSYoungGen: 492576K->7616K(504832K)] 994943K->515138K(1029120K), 0.0278274 secs] [Times: user=0.05 sys=0.04, real=0.03 secs] 
2021-06-11T17:36:06.337+0800: 2448318.036: [GC (Allocation Failure) [PSYoungGen: 492992K->8672K(504832K)] 1000514K->521837K(1029120K), 0.0260660 secs] [Times: user=0.04 sys=0.04, real=0.03 secs] 
2021-06-11T17:36:06.364+0800: 2448318.062: [Full GC (Ergonomics) [PSYoungGen: 8672K->0K(504832K)] [ParOldGen: 513165K->308922K(524288K)] 521837K->308922K(1029120K), [Metaspace: 96972K->96972K(1138688K)], 0.4303502 secs] [Times: user=0.50 sys=0.48, real=0.43 secs] 
2021-06-11T17:41:12.217+0800: 2448623.916: [GC (Allocation Failure) [PSYoungGen: 485376K->9920K(505344K)] 794298K->318842K(1029632K), 0.0221673 secs] [Times: user=0.07 sys=0.00, real=0.02 secs] 
2021-06-11T17:46:16.008+0800: 2448927.707: [GC (Allocation Failure) [PSYoungGen: 495808K->11296K(504832K)] 804730K->328484K(1029120K), 0.0250256 secs] [Times: user=0.04 sys=0.04, real=0.03 secs] 
2021-06-11T17:51:20.037+0800: 2449231.736: [GC (Allocation Failure) [PSYoungGen: 497184K->13056K(506368K)] 814372K->338897K(1030656K), 0.0842302 secs] [Times: user=0.05 sys=0.05, real=0.08 secs] 
2021-06-11T17:56:23.721+0800: 2449535.419: [GC (Allocation Failure) [PSYoungGen: 501504K->9408K(506368K)] 827345K->344921K(1030656K), 0.0396064 secs] [Times: user=0.04 sys=0.05, real=0.04 secs] 
2021-06-11T18:01:28.996+0800: 2449840.694: [GC (Allocation Failure) [PSYoungGen: 497856K->10688K(506880K)] 833369K->353181K(1031168K), 0.0335751 secs] [Times: user=0.04 sys=0.05, real=0.03 secs] 
2021-06-11T18:06:33.982+0800: 2450145.680: [GC (Allocation Failure) [PSYoungGen: 499648K->8896K(506368K)] 842141K->359887K(1030656K), 0.0256535 secs] [Times: user=0.04 sys=0.03, real=0.03 secs] 
2021-06-11T18:11:36.827+0800: 2450448.526: [GC (Allocation Failure) [PSYoungGen: 497856K->16032K(504320K)] 848847K->373092K(1028608K), 0.0338894 secs] [Times: user=0.04 sys=0.05, real=0.03 secs] 
2021-06-11T18:16:35.264+0800: 2450746.962: [GC (Allocation Failure) [PSYoungGen: 503456K->13728K(505856K)] 860516K->381557K(1030144K), 0.0328117 secs] [Times: user=0.04 sys=0.04, real=0.03 secs] 
2021-06-11T18:21:29.269+0800: 2451040.967: [GC (Allocation Failure) [PSYoungGen: 501152K->15904K(503808K)] 868981K->394273K(1028096K), 0.0304284 secs] [Times: user=0.04 sys=0.04, real=0.03 secs] 
2021-06-11T18:26:24.932+0800: 2451336.630: [GC (Allocation Failure) [PSYoungGen: 501280K->16864K(502272K)] 879649K->405615K(1026560K), 0.0306078 secs] [Times: user=0.05 sys=0.04, real=0.04 secs] 
2021-06-11T18:31:19.261+0800: 2451630.959: [GC (Allocation Failure) [PSYoungGen: 502240K->13888K(503808K)] 890991K->414394K(1028096K), 0.0259065 secs] [Times: user=0.08 sys=0.00, real=0.03 secs] 
2021-06-11T18:36:13.048+0800: 2451924.746: [GC (Allocation Failure) [PSYoungGen: 497216K->17920K(501760K)] 897722K->429007K(1026048K), 0.0355529 secs] [Times: user=0.04 sys=0.04, real=0.04 secs] 
2021-06-11T18:41:12.137+0800: 2452223.836: [GC (Allocation Failure) [PSYoungGen: 501248K->14976K(502784K)] 912335K->437107K(1027072K), 0.0417107 secs] [Times: user=0.05 sys=0.06, real=0.04 secs] 
2021-06-11T18:46:12.905+0800: 2452524.603: [GC (Allocation Failure) [PSYoungGen: 496256K->10432K(502784K)] 918387K->442898K(1027072K), 0.0353136 secs] [Times: user=0.05 sys=0.04, real=0.03 secs] 
2021-06-11T18:51:12.679+0800: 2452824.377: [GC (Allocation Failure) [PSYoungGen: 491712K->12352K(503808K)] 924178K->451439K(1028096K), 0.0332137 secs] [Times: user=0.04 sys=0.05, real=0.04 secs] 
2021-06-11T18:56:14.093+0800: 2453125.791: [GC (Allocation Failure) [PSYoungGen: 495168K->14048K(503296K)] 934255K->460602K(1027584K), 0.0349421 secs] [Times: user=0.05 sys=0.05, real=0.03 secs] 
2021-06-11T19:01:12.470+0800: 2453424.169: [GC (Allocation Failure) [PSYoungGen: 496864K->13952K(504832K)] 943418K->469574K(1029120K), 0.0326901 secs] [Times: user=0.04 sys=0.05, real=0.04 secs] 
2021-06-11T19:06:10.745+0800: 2453722.444: [GC (Allocation Failure) [PSYoungGen: 498816K->14784K(504320K)] 954438K->478692K(1028608K), 0.0447449 secs] [Times: user=0.04 sys=0.04, real=0.04 secs] 
2021-06-11T19:11:11.810+0800: 2454023.508: [GC (Allocation Failure) [PSYoungGen: 499648K->11232K(504832K)] 963556K->485716K(1029120K), 0.0278512 secs] [Times: user=0.03 sys=0.03, real=0.03 secs] 
2021-06-11T19:16:13.230+0800: 2454324.928: [GC (Allocation Failure) [PSYoungGen: 496608K->13088K(504832K)] 971092K->496294K(1029120K), 0.0330787 secs] [Times: user=0.05 sys=0.05, real=0.04 secs] 
2021-06-11T19:21:03.801+0800: 2454615.500: [GC (Allocation Failure) [PSYoungGen: 498464K->16714K(504320K)] 981670K->509101K(1028608K), 0.0410744 secs] [Times: user=0.06 sys=0.06, real=0.05 secs] 
2021-06-11T19:26:03.095+0800: 2454914.793: [GC (Allocation Failure) [PSYoungGen: 502090K->14976K(504832K)] 994477K->519937K(1029120K), 0.0393152 secs] [Times: user=0.05 sys=0.06, real=0.04 secs] 
2021-06-11T19:31:05.859+0800: 2455217.557: [GC (Allocation Failure) [PSYoungGen: 500352K->14976K(504832K)] 1005313K->530107K(1029120K), 0.0370701 secs] [Times: user=0.05 sys=0.04, real=0.04 secs] 
2021-06-11T19:31:05.897+0800: 2455217.595: [Full GC (Ergonomics) [PSYoungGen: 14976K->0K(504832K)] [ParOldGen: 515131K->327856K(524288K)] 530107K->327856K(1029120K), [Metaspace: 96972K->96972K(1138688K)], 0.5576480 secs] [Times: user=1.19 sys=0.00, real=0.56 secs] 
2021-06-11T19:36:06.043+0800: 2455517.741: [GC (Allocation Failure) [PSYoungGen: 485376K->17088K(502784K)] 813232K->344944K(1027072K), 0.0483229 secs] [Times: user=0.09 sys=0.00, real=0.04 secs] 
2021-06-11T19:41:07.525+0800: 2455819.223: [GC (Allocation Failure) [PSYoungGen: 502464K->13440K(504832K)] 830320K->353799K(1029120K), 0.0435409 secs] [Times: user=0.05 sys=0.05, real=0.04 secs] 
2021-06-11T19:46:12.317+0800: 2456124.015: [GC (Allocation Failure) [PSYoungGen: 498304K->12768K(504320K)] 838663K->363185K(1028608K), 0.0308044 secs] [Times: user=0.05 sys=0.05, real=0.03 secs] 
2021-06-11T19:51:18.596+0800: 2456430.294: [GC (Allocation Failure) [PSYoungGen: 497632K->8832K(503808K)] 848049K->369249K(1028096K), 0.1084376 secs] [Times: user=0.05 sys=0.06, real=0.11 secs] 
2021-06-11T19:56:17.363+0800: 2456729.061: [GC (Allocation Failure) [PSYoungGen: 493184K->13024K(504320K)] 853601K->380383K(1028608K), 0.0339443 secs] [Times: user=0.05 sys=0.05, real=0.03 secs] 
2021-06-11T20:01:18.853+0800: 2457030.551: [GC (Allocation Failure) [PSYoungGen: 497376K->10816K(505344K)] 864735K->387808K(1029632K), 0.0279083 secs] [Times: user=0.04 sys=0.04, real=0.02 secs] 
2021-06-11T20:06:23.546+0800: 2457335.244: [GC (Allocation Failure) [PSYoungGen: 497216K->13216K(505344K)] 874208K->397491K(1029632K), 0.0314034 secs] [Times: user=0.04 sys=0.05, real=0.03 secs] 
2021-06-11T20:11:20.687+0800: 2457632.386: [GC (Allocation Failure) [PSYoungGen: 499616K->14080K(505856K)] 883891K->407631K(1030144K), 0.0386341 secs] [Times: user=0.03 sys=0.06, real=0.04 secs] 
2021-06-11T20:16:21.127+0800: 2457932.825: [GC (Allocation Failure) [PSYoungGen: 501504K->11616K(505856K)] 895055K->414785K(1030144K), 0.0412964 secs] [Times: user=0.04 sys=0.06, real=0.04 secs] 
2021-06-11T20:21:16.603+0800: 2458228.302: [GC (Allocation Failure) [PSYoungGen: 499040K->17760K(503296K)] 902209K->428982K(1027584K), 0.0412650 secs] [Times: user=0.05 sys=0.04, real=0.04 secs] 
2021-06-11T20:26:13.563+0800: 2458525.261: [GC (Allocation Failure) [PSYoungGen: 503136K->15264K(504832K)] 914358K->437706K(1029120K), 0.0324679 secs] [Times: user=0.09 sys=0.00, real=0.03 secs] 
2021-06-11T20:31:12.413+0800: 2458824.111: [GC (Allocation Failure) [PSYoungGen: 500640K->16256K(503808K)] 923082K->448327K(1028096K), 0.0320242 secs] [Times: user=0.05 sys=0.04, real=0.03 secs] 
2021-06-11T20:36:11.682+0800: 2459123.381: [GC (Allocation Failure) [PSYoungGen: 500608K->12416K(504320K)] 932679K->455927K(1028608K), 0.0660018 secs] [Times: user=0.04 sys=0.04, real=0.06 secs] 
2021-06-11T20:41:14.398+0800: 2459426.096: [GC (Allocation Failure) [PSYoungGen: 496768K->11264K(504832K)] 940279K->462697K(1029120K), 0.0342393 secs] [Times: user=0.04 sys=0.04, real=0.04 secs] 
2021-06-11T20:46:18.392+0800: 2459730.091: [GC (Allocation Failure) [PSYoungGen: 496640K->12960K(504832K)] 948073K->471557K(1029120K), 0.0312920 secs] [Times: user=0.04 sys=0.04, real=0.03 secs] 
2021-06-11T20:51:18.576+0800: 2460030.274: [GC (Allocation Failure) [PSYoungGen: 498336K->15456K(505344K)] 956933K->482698K(1029632K), 0.0366654 secs] [Times: user=0.04 sys=0.05, real=0.04 secs] 
2021-06-11T20:56:20.531+0800: 2460332.230: [GC (Allocation Failure) [PSYoungGen: 501856K->13952K(505344K)] 969098K->493987K(1029632K), 0.0304650 secs] [Times: user=0.04 sys=0.04, real=0.04 secs] 
2021-06-11T21:01:21.576+0800: 2460633.274: [GC (Allocation Failure) [PSYoungGen: 500352K->16576K(504320K)] 980387K->507154K(1028608K), 0.0353582 secs] [Times: user=0.05 sys=0.05, real=0.03 secs] 
2021-06-11T21:06:19.811+0800: 2460931.509: [GC (Allocation Failure) [PSYoungGen: 501952K->12640K(504832K)] 992530K->514180K(1029120K), 0.0349264 secs] [Times: user=0.04 sys=0.05, real=0.04 secs] 
2021-06-11T21:11:17.775+0800: 2461229.473: [GC (Allocation Failure) [PSYoungGen: 498016K->18080K(503296K)] 999556K->527681K(1027584K), 0.0362038 secs] [Times: user=0.04 sys=0.05, real=0.03 secs] 
2021-06-11T21:16:20.606+0800: 2461532.304: [GC (Allocation Failure) [PSYoungGen: 502432K->14048K(504320K)] 1012033K->533987K(1028608K), 0.0386753 secs] [Times: user=0.04 sys=0.05, real=0.04 secs] 
2021-06-11T21:16:20.645+0800: 2461532.344: [Full GC (Ergonomics) [PSYoungGen: 14048K->0K(504320K)] [ParOldGen: 519939K->314093K(524288K)] 533987K->314093K(1028608K), [Metaspace: 96972K->96972K(1138688K)], 0.4990592 secs] [Times: user=0.56 sys=0.54, real=0.50 secs] 
2021-06-11T21:21:25.167+0800: 2461836.865: [GC (Allocation Failure) [PSYoungGen: 484352K->8480K(503808K)] 798445K->322573K(1028096K), 0.0269847 secs] [Times: user=0.03 sys=0.04, real=0.03 secs] 
2021-06-11T21:26:22.184+0800: 2462133.882: [GC (Allocation Failure) [PSYoungGen: 492832K->9440K(504320K)] 806925K->329897K(1028608K), 0.0275760 secs] [Times: user=0.04 sys=0.04, real=0.02 secs] 
2021-06-11T21:31:22.906+0800: 2462434.604: [GC (Allocation Failure) [PSYoungGen: 493792K->13984K(504320K)] 814249K->341629K(1028608K), 0.0283138 secs] [Times: user=0.04 sys=0.04, real=0.03 secs] 
2021-06-11T21:36:29.058+0800: 2462740.757: [GC (Allocation Failure) [PSYoungGen: 498336K->11872K(504320K)] 825981K->349055K(1028608K), 0.0308696 secs] [Times: user=0.04 sys=0.05, real=0.03 secs] 
2021-06-11T21:41:22.558+0800: 2463034.256: [GC (Allocation Failure) [PSYoungGen: 496224K->14720K(504832K)] 833407K->360675K(1029120K), 0.0311945 secs] [Times: user=0.04 sys=0.04, real=0.03 secs] 
2021-06-11T21:46:20.214+0800: 2463331.912: [GC (Allocation Failure) [PSYoungGen: 500096K->12576K(504832K)] 846051K->369009K(1029120K), 0.0285746 secs] [Times: user=0.05 sys=0.04, real=0.03 secs] 
2021-06-11T21:51:20.123+0800: 2463631.821: [GC (Allocation Failure) [PSYoungGen: 497952K->10816K(505344K)] 854385K->376267K(1029632K), 0.0298319 secs] [Times: user=0.04 sys=0.04, real=0.03 secs] 
2021-06-11T21:56:22.460+0800: 2463934.158: [GC (Allocation Failure) [PSYoungGen: 497216K->8768K(505344K)] 862667K->381533K(1029632K), 0.0293440 secs] [Times: user=0.04 sys=0.05, real=0.03 secs] 
2021-06-11T22:01:20.311+0800: 2464232.009: [GC (Allocation Failure) [PSYoungGen: 495168K->11008K(505856K)] 867933K->390360K(1030144K), 0.0298121 secs] [Times: user=0.04 sys=0.05, real=0.03 secs] 
2021-06-11T22:06:20.530+0800: 2464532.228: [GC (Allocation Failure) [PSYoungGen: 497920K->16544K(503808K)] 877272K->403951K(1028096K), 0.0378721 secs] [Times: user=0.05 sys=0.05, real=0.04 secs] 
2021-06-11T22:11:20.488+0800: 2464832.186: [GC (Allocation Failure) [PSYoungGen: 503456K->14912K(504832K)] 890863K->415242K(1029120K), 0.0353493 secs] [Times: user=0.04 sys=0.04, real=0.04 secs] 
2021-06-11T22:16:12.541+0800: 2465124.239: [GC (Allocation Failure) [PSYoungGen: 500288K->15616K(501248K)] 900618K->426366K(1025536K), 0.0311773 secs] [Times: user=0.04 sys=0.05, real=0.04 secs] 
2021-06-11T22:21:10.537+0800: 2465422.235: [GC (Allocation Failure) [PSYoungGen: 500992K->12416K(504832K)] 911742K->433687K(1029120K), 0.0360738 secs] [Times: user=0.04 sys=0.05, real=0.04 secs] 
2021-06-11T22:26:15.432+0800: 2465727.130: [GC (Allocation Failure) [PSYoungGen: 497280K->9344K(504320K)] 918551K->439297K(1028608K), 0.0577607 secs] [Times: user=0.10 sys=0.00, real=0.05 secs] 
2021-06-11T22:31:12.128+0800: 2466023.826: [GC (Allocation Failure) [PSYoungGen: 494208K->9056K(504832K)] 924161K->446298K(1029120K), 0.0242921 secs] [Times: user=0.07 sys=0.00, real=0.03 secs] 
2021-06-11T22:36:07.809+0800: 2466319.507: [GC (Allocation Failure) [PSYoungGen: 494432K->12704K(504832K)] 931674K->456663K(1029120K), 0.0354871 secs] [Times: user=0.05 sys=0.05, real=0.04 secs] 
2021-06-11T22:41:02.377+0800: 2466614.076: [GC (Allocation Failure) [PSYoungGen: 498080K->14240K(505344K)] 942039K->467467K(1029632K), 0.0346832 secs] [Times: user=0.05 sys=0.04, real=0.04 secs] 
2021-06-11T22:46:00.499+0800: 2466912.197: [GC (Allocation Failure) [PSYoungGen: 500640K->15424K(502272K)] 953867K->477167K(1026560K), 0.0273571 secs] [Times: user=0.04 sys=0.04, real=0.03 secs] 
2021-06-11T22:50:51.101+0800: 2467202.799: [GC (Allocation Failure) [PSYoungGen: 501816K->15744K(503808K)] 963559K->489139K(1028096K), 0.0311236 secs] [Times: user=0.04 sys=0.04, real=0.04 secs] 
2021-06-11T22:55:49.452+0800: 2467501.150: [GC (Allocation Failure) [PSYoungGen: 500096K->13120K(504320K)] 973491K->497613K(1028608K), 0.0292820 secs] [Times: user=0.04 sys=0.04, real=0.03 secs] 
2021-06-11T23:00:43.097+0800: 2467794.795: [GC (Allocation Failure) [PSYoungGen: 497472K->14368K(505344K)] 981965K->506600K(1029632K), 0.0306534 secs] [Times: user=0.04 sys=0.04, real=0.03 secs] 
2021-06-11T23:05:37.231+0800: 2468088.929: [GC (Allocation Failure) [PSYoungGen: 500256K->14912K(504832K)] 992488K->517211K(1029120K), 0.0289915 secs] [Times: user=0.04 sys=0.04, real=0.03 secs] 
2021-06-11T23:10:32.975+0800: 2468384.674: [GC (Allocation Failure) [PSYoungGen: 500800K->12896K(505856K)] 1003099K->525909K(1030144K), 0.0275385 secs] [Times: user=0.04 sys=0.04, real=0.03 secs] 
2021-06-11T23:10:33.004+0800: 2468384.702: [Full GC (Ergonomics) [PSYoungGen: 12896K->0K(505856K)] [ParOldGen: 513013K->318202K(524288K)] 525909K->318202K(1030144K), [Metaspace: 96972K->96968K(1138688K)], 0.5804838 secs] [Times: user=1.18 sys=0.00, real=0.58 secs] 
2021-06-11T23:15:35.649+0800: 2468687.348: [GC (Allocation Failure) [PSYoungGen: 486912K->13408K(505344K)] 805114K->331610K(1029632K), 0.0261212 secs] [Times: user=0.03 sys=0.04, real=0.03 secs] 
2021-06-11T23:20:38.215+0800: 2468989.913: [GC (Allocation Failure) [PSYoungGen: 500320K->15520K(505344K)] 818522K->343660K(1029632K), 0.0303299 secs] [Times: user=0.04 sys=0.04, real=0.03 secs] 
2021-06-11T23:25:30.765+0800: 2469282.463: [GC (Allocation Failure) [PSYoungGen: 502944K->15584K(503296K)] 831084K->354616K(1027584K), 0.0298595 secs] [Times: user=0.04 sys=0.04, real=0.03 secs] 
2021-06-11T23:30:25.571+0800: 2469577.269: [GC (Allocation Failure) [PSYoungGen: 503008K->14912K(505344K)] 842040K->363868K(1029632K), 0.0312268 secs] [Times: user=0.04 sys=0.04, real=0.03 secs] 
2021-06-11T23:35:28.596+0800: 2469880.294: [GC (Allocation Failure) [PSYoungGen: 501312K->15872K(505344K)] 850268K->375423K(1029632K), 0.0604195 secs] [Times: user=0.04 sys=0.04, real=0.06 secs] 
2021-06-11T23:40:26.405+0800: 2470178.103: [GC (Allocation Failure) [PSYoungGen: 502272K->15552K(505344K)] 861823K->387068K(1029632K), 0.0682262 secs] [Times: user=0.06 sys=0.06, real=0.07 secs] 
2021-06-11T23:45:24.669+0800: 2470476.367: [GC (Allocation Failure) [PSYoungGen: 501952K->14848K(505344K)] 873468K->396968K(1029632K), 0.0301332 secs] [Times: user=0.09 sys=0.00, real=0.03 secs] 
2021-06-11T23:50:26.263+0800: 2470777.961: [GC (Allocation Failure) [PSYoungGen: 501248K->13920K(505856K)] 883368K->405619K(1030144K), 0.0268988 secs] [Times: user=0.03 sys=0.04, real=0.02 secs] 
2021-06-11T23:55:23.836+0800: 2471075.534: [GC (Allocation Failure) [PSYoungGen: 500832K->16832K(505344K)] 892531K->418303K(1029632K), 0.0723126 secs] [Times: user=0.05 sys=0.05, real=0.07 secs] 
2021-06-12T00:00:16.790+0800: 2471368.489: [GC (Allocation Failure) [PSYoungGen: 503744K->14752K(505856K)] 905215K->426835K(1030144K), 0.0273038 secs] [Times: user=0.04 sys=0.04, real=0.03 secs] 
2021-06-12T00:05:12.689+0800: 2471664.388: [GC (Allocation Failure) [PSYoungGen: 501664K->14784K(505344K)] 913747K->438573K(1029632K), 0.0306418 secs] [Times: user=0.04 sys=0.04, real=0.03 secs] 
2021-06-12T00:10:12.479+0800: 2471964.177: [GC (Allocation Failure) [PSYoungGen: 501696K->15264K(505856K)] 925485K->448205K(1030144K), 0.0300583 secs] [Times: user=0.03 sys=0.04, real=0.03 secs] 
2021-06-12T00:15:17.002+0800: 2472268.700: [GC (Allocation Failure) [PSYoungGen: 502688K->10944K(505856K)] 935629K->453862K(1030144K), 0.0272366 secs] [Times: user=0.04 sys=0.05, real=0.03 secs] 
2021-06-12T00:20:19.139+0800: 2472570.837: [GC (Allocation Failure) [PSYoungGen: 498368K->10976K(504832K)] 941286K->461832K(1029120K), 0.0521232 secs] [Times: user=0.03 sys=0.03, real=0.05 secs] 
2021-06-12T00:25:17.325+0800: 2472869.023: [GC (Allocation Failure) [PSYoungGen: 497376K->12160K(505344K)] 948232K->470501K(1029632K), 0.0271854 secs] [Times: user=0.04 sys=0.04, real=0.03 secs] 
2021-06-12T00:30:19.263+0800: 2473170.961: [GC (Allocation Failure) [PSYoungGen: 498560K->14432K(505856K)] 956901K->481073K(1030144K), 0.0520093 secs] [Times: user=0.04 sys=0.04, real=0.05 secs] 
2021-06-12T00:35:25.578+0800: 2473477.277: [GC (Allocation Failure) [PSYoungGen: 501856K->9952K(505856K)] 968497K->486634K(1030144K), 0.0314416 secs] [Times: user=0.04 sys=0.05, real=0.03 secs] 
2021-06-12T00:40:22.139+0800: 2473773.838: [GC (Allocation Failure) [PSYoungGen: 497376K->14240K(505856K)] 974058K->497911K(1030144K), 0.0579245 secs] [Times: user=0.04 sys=0.03, real=0.06 secs] 
2021-06-12T00:45:18.429+0800: 2474070.127: [GC (Allocation Failure) [PSYoungGen: 501664K->14144K(505856K)] 985335K->507553K(1030144K), 0.0258003 secs] [Times: user=0.04 sys=0.03, real=0.03 secs] 
2021-06-12T00:50:18.160+0800: 2474369.858: [GC (Allocation Failure) [PSYoungGen: 501568K->6944K(504320K)] 994977K->510360K(1028608K), 0.0350687 secs] [Times: user=0.05 sys=0.05, real=0.04 secs] 
2021-06-12T00:55:21.350+0800: 2474673.048: [GC (Allocation Failure) [PSYoungGen: 493344K->8544K(505344K)] 996760K->517405K(1029632K), 0.0261330 secs] [Times: user=0.04 sys=0.04, real=0.03 secs] 
2021-06-12T01:00:25.244+0800: 2474976.942: [GC (Allocation Failure) [PSYoungGen: 494944K->12704K(505856K)] 1003805K->527657K(1030144K), 0.0282091 secs] [Times: user=0.04 sys=0.05, real=0.03 secs] 
2021-06-12T01:00:25.273+0800: 2474976.971: [Full GC (Ergonomics) [PSYoungGen: 12704K->0K(505856K)] [ParOldGen: 514953K->317031K(524288K)] 527657K->317031K(1030144K), [Metaspace: 96972K->96972K(1138688K)], 0.4785026 secs] [Times: user=0.53 sys=0.52, real=0.47 secs] 
2021-06-12T01:05:32.571+0800: 2475284.269: [GC (Allocation Failure) [PSYoungGen: 486912K->12352K(505344K)] 803943K->329383K(1029632K), 0.0250752 secs] [Times: user=0.04 sys=0.03, real=0.03 secs] 
2021-06-12T01:10:30.990+0800: 2475582.688: [GC (Allocation Failure) [PSYoungGen: 499264K->10656K(506368K)] 816295K->337162K(1030656K), 0.0260428 secs] [Times: user=0.04 sys=0.04, real=0.03 secs] 
2021-06-12T01:15:35.647+0800: 2475887.345: [GC (Allocation Failure) [PSYoungGen: 499104K->9568K(506368K)] 825610K->343174K(1030656K), 0.0258313 secs] [Times: user=0.03 sys=0.04, real=0.03 secs] 
2021-06-12T01:20:27.869+0800: 2476179.567: [GC (Allocation Failure) [PSYoungGen: 498016K->9642K(506880K)] 831622K->350994K(1031168K), 0.0270434 secs] [Times: user=0.04 sys=0.03, real=0.03 secs] 
2021-06-12T01:25:28.805+0800: 2476480.503: [GC (Allocation Failure) [PSYoungGen: 498602K->14656K(506368K)] 839954K->362912K(1030656K), 0.0332610 secs] [Times: user=0.09 sys=0.00, real=0.03 secs] 
2021-06-12T01:30:37.074+0800: 2476788.772: [GC (Allocation Failure) [PSYoungGen: 503616K->11680K(506880K)] 851872K->370912K(1031168K), 0.0309233 secs] [Times: user=0.04 sys=0.05, real=0.03 secs] 
2021-06-12T01:35:42.977+0800: 2477094.676: [GC (Allocation Failure) [PSYoungGen: 500640K->9088K(506368K)] 859872K->377427K(1030656K), 0.0286530 secs] [Times: user=0.04 sys=0.05, real=0.03 secs] 
2021-06-12T01:40:43.404+0800: 2477395.102: [GC (Allocation Failure) [PSYoungGen: 498048K->12800K(506880K)] 866387K->388327K(1031168K), 0.0310962 secs] [Times: user=0.04 sys=0.04, real=0.03 secs] 
2021-06-12T01:45:45.552+0800: 2477697.250: [GC (Allocation Failure) [PSYoungGen: 502272K->16384K(506368K)] 877799K->401002K(1030656K), 0.0356726 secs] [Times: user=0.04 sys=0.04, real=0.04 secs] 
2021-06-12T01:50:48.059+0800: 2477999.757: [GC (Allocation Failure) [PSYoungGen: 505856K->16320K(503296K)] 890474K->411006K(1027584K), 0.0322104 secs] [Times: user=0.04 sys=0.05, real=0.03 secs] 
2021-06-12T01:55:55.231+0800: 2478306.929: [GC (Allocation Failure) [PSYoungGen: 501696K->11232K(504832K)] 896382K->416215K(1029120K), 0.0255229 secs] [Times: user=0.04 sys=0.03, real=0.03 secs] 
2021-06-12T02:00:53.885+0800: 2478605.583: [GC (Allocation Failure) [PSYoungGen: 496600K->12512K(505856K)] 901583K->425155K(1030144K), 0.0255140 secs] [Times: user=0.04 sys=0.04, real=0.02 secs] 
2021-06-12T02:05:57.243+0800: 2478908.942: [GC (Allocation Failure) [PSYoungGen: 499424K->12064K(505344K)] 912067K->434557K(1029632K), 0.0295856 secs] [Times: user=0.04 sys=0.04, real=0.03 secs] 
2021-06-12T02:10:58.896+0800: 2479210.594: [GC (Allocation Failure) [PSYoungGen: 498976K->10016K(506368K)] 921469K->441800K(1030656K), 0.0435327 secs] [Times: user=0.03 sys=0.04, real=0.04 secs] 
2021-06-12T02:15:58.779+0800: 2479510.477: [GC (Allocation Failure) [PSYoungGen: 498464K->16736K(505344K)] 930248K->456013K(1029632K), 0.0301488 secs] [Times: user=0.04 sys=0.04, real=0.03 secs] 
2021-06-12T02:20:58.607+0800: 2479810.306: [GC (Allocation Failure) [PSYoungGen: 505184K->13280K(505856K)] 944461K->463255K(1030144K), 0.0503049 secs] [Times: user=0.04 sys=0.04, real=0.05 secs] 
2021-06-12T02:25:59.442+0800: 2480111.140: [GC (Allocation Failure) [PSYoungGen: 500192K->9504K(505344K)] 950167K->469598K(1029632K), 0.0239518 secs] [Times: user=0.03 sys=0.04, real=0.03 secs] 
2021-06-12T02:31:03.789+0800: 2480415.487: [GC (Allocation Failure) [PSYoungGen: 496416K->10304K(505856K)] 956510K->478097K(1030144K), 0.0257293 secs] [Times: user=0.04 sys=0.04, real=0.03 secs] 
2021-06-12T02:36:08.881+0800: 2480720.580: [GC (Allocation Failure) [PSYoungGen: 497728K->12320K(505856K)] 965521K->487069K(1030144K), 0.0488744 secs] [Times: user=0.03 sys=0.04, real=0.05 secs] 
2021-06-12T02:41:06.544+0800: 2481018.243: [GC (Allocation Failure) [PSYoungGen: 499744K->12032K(506880K)] 974493K->495176K(1031168K), 0.0274573 secs] [Times: user=0.04 sys=0.04, real=0.02 secs] 
2021-06-12T02:46:04.035+0800: 2481315.733: [GC (Allocation Failure) [PSYoungGen: 500992K->9568K(506368K)] 984136K->502529K(1030656K), 0.0322488 secs] [Times: user=0.04 sys=0.05, real=0.03 secs] 
2021-06-12T02:51:08.779+0800: 2481620.478: [GC (Allocation Failure) [PSYoungGen: 498528K->10240K(507392K)] 991489K->509900K(1031680K), 0.0241509 secs] [Times: user=0.04 sys=0.03, real=0.03 secs] 
2021-06-12T02:56:13.690+0800: 2481925.388: [GC (Allocation Failure) [PSYoungGen: 500224K->12320K(506880K)] 999884K->519656K(1031168K), 0.0264857 secs] [Times: user=0.04 sys=0.03, real=0.03 secs] 
2021-06-12T03:01:14.309+0800: 2482226.007: [GC (Allocation Failure) [PSYoungGen: 502304K->10752K(507904K)] 1009640K->526235K(1032192K), 0.0307230 secs] [Times: user=0.04 sys=0.04, real=0.03 secs] 
2021-06-12T03:01:14.340+0800: 2482226.038: [Full GC (Ergonomics) [PSYoungGen: 10752K->0K(507904K)] [ParOldGen: 515483K->314674K(524288K)] 526235K->314674K(1032192K), [Metaspace: 96972K->96972K(1138688K)], 0.5128602 secs] [Times: user=0.52 sys=0.53, real=0.52 secs] 
2021-06-12T03:06:20.937+0800: 2482532.636: [GC (Allocation Failure) [PSYoungGen: 491008K->9120K(507392K)] 805682K->323794K(1031680K), 0.0201882 secs] [Times: user=0.03 sys=0.04, real=0.02 secs] 
2021-06-12T03:11:19.362+0800: 2482831.061: [GC (Allocation Failure) [PSYoungGen: 500128K->14496K(506880K)] 814802K->336742K(1031168K), 0.0275141 secs] [Times: user=0.04 sys=0.04, real=0.02 secs] 
2021-06-12T03:16:19.461+0800: 2483131.159: [GC (Allocation Failure) [PSYoungGen: 504992K->14528K(505344K)] 827238K->347482K(1029632K), 0.0410647 secs] [Times: user=0.04 sys=0.03, real=0.05 secs] 
2021-06-12T03:21:19.530+0800: 2483431.228: [GC (Allocation Failure) [PSYoungGen: 505024K->12992K(506880K)] 837978K->354843K(1031168K), 0.0355250 secs] [Times: user=0.04 sys=0.04, real=0.04 secs] 
2021-06-12T03:26:27.179+0800: 2483738.878: [GC (Allocation Failure) [PSYoungGen: 502464K->11360K(506880K)] 844315K->362340K(1031168K), 0.0311668 secs] [Times: user=0.04 sys=0.03, real=0.03 secs] 
2021-06-12T03:31:30.189+0800: 2484041.887: [GC (Allocation Failure) [PSYoungGen: 500832K->11232K(507392K)] 851812K->370406K(1031680K), 0.0280172 secs] [Times: user=0.04 sys=0.04, real=0.03 secs] 
2021-06-12T03:36:31.356+0800: 2484343.054: [GC (Allocation Failure) [PSYoungGen: 501727K->15616K(506368K)] 860902K->382890K(1030656K), 0.0336184 secs] [Times: user=0.03 sys=0.04, real=0.03 secs] 
2021-06-12T03:41:35.635+0800: 2484647.333: [GC (Allocation Failure) [PSYoungGen: 506112K->14176K(505856K)] 873386K->392803K(1030144K), 0.0259237 secs] [Times: user=0.03 sys=0.04, real=0.02 secs] 
2021-06-12T03:46:44.805+0800: 2484956.503: [GC (Allocation Failure) [PSYoungGen: 502624K->9120K(506368K)] 881251K->397947K(1030656K), 0.0339841 secs] [Times: user=0.04 sys=0.03, real=0.03 secs] 
2021-06-12T03:51:45.155+0800: 2485256.853: [GC (Allocation Failure) [PSYoungGen: 497568K->9792K(506368K)] 886395K->405766K(1030656K), 0.0225164 secs] [Times: user=0.03 sys=0.04, real=0.02 secs] 
2021-06-12T03:56:47.469+0800: 2485559.168: [GC (Allocation Failure) [PSYoungGen: 498240K->13088K(506368K)] 894214K->416793K(1030656K), 0.0263880 secs] [Times: user=0.04 sys=0.04, real=0.03 secs] 
2021-06-12T04:01:49.678+0800: 2485861.376: [GC (Allocation Failure) [PSYoungGen: 501536K->15520K(504832K)] 905241K->427503K(1029120K), 0.0294293 secs] [Times: user=0.04 sys=0.04, real=0.03 secs] 
2021-06-12T04:06:49.457+0800: 2486161.155: [GC (Allocation Failure) [PSYoungGen: 502944K->17152K(504832K)] 914927K->439299K(1029120K), 0.0295503 secs] [Times: user=0.04 sys=0.04, real=0.03 secs] 
2021-06-12T04:11:52.731+0800: 2486464.429: [GC (Allocation Failure) [PSYoungGen: 504576K->11424K(505344K)] 926723K->446077K(1029632K), 0.0298367 secs] [Times: user=0.04 sys=0.04, real=0.03 secs] 
2021-06-12T04:16:56.993+0800: 2486768.691: [GC (Allocation Failure) [PSYoungGen: 497312K->11392K(504832K)] 931965K->453791K(1029120K), 0.0807729 secs] [Times: user=0.04 sys=0.03, real=0.08 secs] 
2021-06-12T04:22:00.314+0800: 2487072.013: [GC (Allocation Failure) [PSYoungGen: 497280K->10080K(505856K)] 939679K->462040K(1030144K), 0.0295330 secs] [Times: user=0.05 sys=0.04, real=0.03 secs] 
2021-06-12T04:27:05.107+0800: 2487376.805: [GC (Allocation Failure) [PSYoungGen: 496992K->9536K(505344K)] 948952K->469307K(1029632K), 0.0273430 secs] [Times: user=0.04 sys=0.03, real=0.03 secs] 
2021-06-12T04:32:06.939+0800: 2487678.637: [GC (Allocation Failure) [PSYoungGen: 496448K->10464K(506368K)] 956219K->477564K(1030656K), 0.0235191 secs] [Times: user=0.03 sys=0.04, real=0.03 secs] 
2021-06-12T04:37:09.465+0800: 2487981.163: [GC (Allocation Failure) [PSYoungGen: 498400K->13216K(505856K)] 965500K->488225K(1030144K), 0.0283050 secs] [Times: user=0.04 sys=0.04, real=0.03 secs] 
2021-06-12T04:42:11.714+0800: 2488283.412: [GC (Allocation Failure) [PSYoungGen: 501152K->14208K(505344K)] 976161K->497687K(1029632K), 0.0296159 secs] [Times: user=0.04 sys=0.04, real=0.03 secs] 
2021-06-12T04:47:11.496+0800: 2488583.194: [GC (Allocation Failure) [PSYoungGen: 501632K->15200K(502784K)] 985111K->509711K(1027072K), 0.0335081 secs] [Times: user=0.04 sys=0.05, real=0.03 secs] 
2021-06-12T04:52:07.199+0800: 2488878.897: [GC (Allocation Failure) [PSYoungGen: 502624K->16192K(504320K)] 997135K->518900K(1028608K), 0.0351743 secs] [Times: user=0.05 sys=0.05, real=0.04 secs] 
2021-06-12T04:57:05.860+0800: 2489177.558: [GC (Allocation Failure) [PSYoungGen: 501568K->11104K(504832K)] 1004276K->524263K(1029120K), 0.0333513 secs] [Times: user=0.05 sys=0.05, real=0.04 secs] 
2021-06-12T04:57:05.894+0800: 2489177.592: [Full GC (Ergonomics) [PSYoungGen: 11104K->0K(504832K)] [ParOldGen: 513159K->315850K(524288K)] 524263K->315850K(1029120K), [Metaspace: 96972K->96972K(1138688K)], 0.4948467 secs] [Times: user=0.50 sys=0.49, real=0.49 secs] 
2021-06-12T05:02:08.397+0800: 2489480.096: [GC (Allocation Failure) [PSYoungGen: 485376K->13088K(505344K)] 801226K->328938K(1029632K), 0.0301153 secs] [Times: user=0.04 sys=0.04, real=0.03 secs] 
2021-06-12T05:07:04.578+0800: 2489776.276: [GC (Allocation Failure) [PSYoungGen: 499488K->18912K(505344K)] 815338K->345982K(1029632K), 0.0371005 secs] [Times: user=0.04 sys=0.04, real=0.04 secs] 
2021-06-12T05:12:08.063+0800: 2490079.762: [GC (Allocation Failure) [PSYoungGen: 505312K->16256K(495104K)] 832382K->355917K(1019392K), 0.0334548 secs] [Times: user=0.04 sys=0.04, real=0.03 secs] 
2021-06-12T05:16:53.428+0800: 2490365.127: [GC (Allocation Failure) [PSYoungGen: 492416K->10976K(500224K)] 832077K->361064K(1024512K), 0.0332371 secs] [Times: user=0.03 sys=0.04, real=0.03 secs] 
2021-06-12T05:21:42.402+0800: 2490654.100: [GC (Allocation Failure) [PSYoungGen: 487136K->17888K(500224K)] 837224K->376238K(1024512K), 0.0318261 secs] [Times: user=0.04 sys=0.04, real=0.04 secs] 
2021-06-12T05:26:32.653+0800: 2490944.351: [GC (Allocation Failure) [PSYoungGen: 494048K->11584K(500224K)] 852398K->382214K(1024512K), 0.0301257 secs] [Times: user=0.05 sys=0.05, real=0.03 secs] 
2021-06-12T05:31:16.862+0800: 2491228.560: [GC (Allocation Failure) [PSYoungGen: 487744K->14784K(501248K)] 858374K->394713K(1025536K), 0.0349158 secs] [Times: user=0.04 sys=0.04, real=0.04 secs] 
2021-06-12T05:36:09.597+0800: 2491521.295: [GC (Allocation Failure) [PSYoungGen: 491968K->14464K(500224K)] 871897K->404877K(1024512K), 0.0310499 secs] [Times: user=0.04 sys=0.04, real=0.03 secs] 
2021-06-12T05:41:02.736+0800: 2491814.434: [GC (Allocation Failure) [PSYoungGen: 491648K->15904K(502272K)] 882061K->416224K(1026560K), 0.0346563 secs] [Times: user=0.05 sys=0.04, real=0.03 secs] 
2021-06-12T05:45:57.114+0800: 2492108.813: [GC (Allocation Failure) [PSYoungGen: 495648K->18144K(501760K)] 895968K->428533K(1026048K), 0.0313264 secs] [Times: user=0.04 sys=0.05, real=0.03 secs] 
2021-06-12T05:50:51.999+0800: 2492403.697: [GC (Allocation Failure) [PSYoungGen: 497888K->14976K(502272K)] 908277K->437936K(1026560K), 0.0275853 secs] [Times: user=0.04 sys=0.04, real=0.03 secs] 
2021-06-12T05:55:41.743+0800: 2492693.442: [GC (Allocation Failure) [PSYoungGen: 494720K->16512K(501760K)] 917680K->450190K(1026048K), 0.0542481 secs] [Times: user=0.04 sys=0.04, real=0.05 secs] 
2021-06-12T06:00:37.182+0800: 2492988.881: [GC (Allocation Failure) [PSYoungGen: 496256K->13120K(502784K)] 929934K->458832K(1027072K), 0.0292859 secs] [Times: user=0.04 sys=0.04, real=0.02 secs] 
2021-06-12T06:05:27.224+0800: 2493278.922: [GC (Allocation Failure) [PSYoungGen: 493888K->15808K(502272K)] 939600K->470268K(1026560K), 0.0293300 secs] [Times: user=0.04 sys=0.04, real=0.03 secs] 
2021-06-12T06:10:19.837+0800: 2493571.535: [GC (Allocation Failure) [PSYoungGen: 496576K->13280K(503296K)] 951036K->477151K(1027584K), 0.0261073 secs] [Times: user=0.04 sys=0.04, real=0.03 secs] 
2021-06-12T06:15:18.734+0800: 2493870.432: [GC (Allocation Failure) [PSYoungGen: 495072K->14624K(502784K)] 958943K->488050K(1027072K), 0.0353102 secs] [Times: user=0.04 sys=0.05, real=0.03 secs] 
2021-06-12T06:20:09.729+0800: 2494161.427: [GC (Allocation Failure) [PSYoungGen: 496416K->15232K(504320K)] 969842K->498134K(1028608K), 0.0299921 secs] [Times: user=0.03 sys=0.04, real=0.03 secs] 
2021-06-12T06:25:07.073+0800: 2494458.771: [GC (Allocation Failure) [PSYoungGen: 499072K->11520K(503808K)] 981974K->505007K(1028096K), 0.0644275 secs] [Times: user=0.03 sys=0.04, real=0.06 secs] 
2021-06-12T06:30:02.098+0800: 2494753.796: [GC (Allocation Failure) [PSYoungGen: 495360K->13504K(504320K)] 988847K->514860K(1028608K), 0.0605603 secs] [Times: user=0.03 sys=0.04, real=0.06 secs] 
2021-06-12T06:34:56.381+0800: 2495048.080: [GC (Allocation Failure) [PSYoungGen: 497856K->12448K(504320K)] 999212K->523975K(1028608K), 0.0274171 secs] [Times: user=0.04 sys=0.04, real=0.03 secs] 
2021-06-12T06:34:56.409+0800: 2495048.107: [Full GC (Ergonomics) [PSYoungGen: 12448K->0K(504320K)] [ParOldGen: 511527K->317241K(524288K)] 523975K->317241K(1028608K), [Metaspace: 97009K->97005K(1138688K)], 0.4118711 secs] [Times: user=0.93 sys=0.00, real=0.41 secs] 
2021-06-12T06:39:48.310+0800: 2495340.009: [GC (Allocation Failure) [PSYoungGen: 484352K->19424K(501760K)] 801593K->336945K(1026048K), 0.0265227 secs] [Times: user=0.03 sys=0.04, real=0.03 secs] 
2021-06-12T06:44:48.648+0800: 2495640.346: [GC (Allocation Failure) [PSYoungGen: 501728K->12416K(503296K)] 819249K->343777K(1027584K), 0.0258174 secs] [Times: user=0.04 sys=0.03, real=0.03 secs] 
2021-06-12T06:49:46.445+0800: 2495938.143: [GC (Allocation Failure) [PSYoungGen: 494720K->13536K(503808K)] 826081K->353628K(1028096K), 0.0249801 secs] [Times: user=0.03 sys=0.04, real=0.02 secs] 
2021-06-12T06:54:47.314+0800: 2496239.012: [GC (Allocation Failure) [PSYoungGen: 496352K->12192K(503296K)] 836444K->361822K(1027584K), 0.0456135 secs] [Times: user=0.04 sys=0.03, real=0.04 secs] 
2021-06-12T06:59:42.896+0800: 2496534.594: [GC (Allocation Failure) [PSYoungGen: 495008K->13760K(504320K)] 844638K->372713K(1028608K), 0.0292384 secs] [Times: user=0.04 sys=0.04, real=0.03 secs] 
2021-06-12T07:04:40.823+0800: 2496832.522: [GC (Allocation Failure) [PSYoungGen: 497600K->15456K(503808K)] 856553K->383668K(1028096K), 0.0280571 secs] [Times: user=0.04 sys=0.04, real=0.02 secs] 
2021-06-12T07:09:38.892+0800: 2497130.590: [GC (Allocation Failure) [PSYoungGen: 499296K->11968K(504832K)] 867508K->390685K(1029120K), 0.0265856 secs] [Times: user=0.03 sys=0.04, real=0.03 secs] 
2021-06-12T07:14:33.706+0800: 2497425.404: [GC (Allocation Failure) [PSYoungGen: 497336K->14624K(504832K)] 876053K->401802K(1029120K), 0.0345502 secs] [Times: user=0.04 sys=0.04, real=0.03 secs] 
2021-06-12T07:19:33.186+0800: 2497724.884: [GC (Allocation Failure) [PSYoungGen: 500000K->13898K(505344K)] 887178K->409214K(1029632K), 0.0318982 secs] [Times: user=0.04 sys=0.04, real=0.03 secs] 
2021-06-12T07:24:31.246+0800: 2498022.944: [GC (Allocation Failure) [PSYoungGen: 499786K->14432K(504832K)] 895102K->420073K(1029120K), 0.0252100 secs] [Times: user=0.04 sys=0.04, real=0.02 secs] 
2021-06-12T07:29:30.371+0800: 2498322.069: [GC (Allocation Failure) [PSYoungGen: 500320K->12320K(505856K)] 905961K->428099K(1030144K), 0.0261755 secs] [Times: user=0.03 sys=0.04, real=0.03 secs] 
2021-06-12T07:34:28.128+0800: 2498619.826: [GC (Allocation Failure) [PSYoungGen: 499744K->16160K(503808K)] 915523K->440703K(1028096K), 0.0285953 secs] [Times: user=0.04 sys=0.04, real=0.03 secs] 
2021-06-12T07:39:27.089+0800: 2498918.787: [GC (Allocation Failure) [PSYoungGen: 503584K->13312K(505856K)] 928127K->448259K(1030144K), 0.0260841 secs] [Times: user=0.03 sys=0.04, real=0.03 secs] 
2021-06-12T07:44:31.426+0800: 2499223.124: [GC (Allocation Failure) [PSYoungGen: 500224K->11008K(505344K)] 935171K->456779K(1029632K), 0.0259217 secs] [Times: user=0.03 sys=0.04, real=0.03 secs] 
2021-06-12T07:49:28.513+0800: 2499520.211: [GC (Allocation Failure) [PSYoungGen: 497920K->11808K(505856K)] 943691K->465126K(1030144K), 0.0269792 secs] [Times: user=0.04 sys=0.04, real=0.02 secs] 
2021-06-12T07:54:33.295+0800: 2499824.993: [GC (Allocation Failure) [PSYoungGen: 499232K->16576K(504320K)] 952550K->477106K(1028608K), 0.0289626 secs] [Times: user=0.04 sys=0.04, real=0.03 secs] 
2021-06-12T07:59:34.224+0800: 2500125.922: [GC (Allocation Failure) [PSYoungGen: 504000K->11136K(505344K)] 964530K->483763K(1029632K), 0.0297099 secs] [Times: user=0.04 sys=0.04, real=0.03 secs] 
2021-06-12T08:04:31.164+0800: 2500422.863: [GC (Allocation Failure) [PSYoungGen: 497536K->16960K(503808K)] 970163K->496434K(1028096K), 0.0331321 secs] [Times: user=0.04 sys=0.05, real=0.03 secs] 
2021-06-12T08:09:29.134+0800: 2500720.832: [GC (Allocation Failure) [PSYoungGen: 503360K->19392K(501248K)] 982834K->509886K(1025536K), 0.0374947 secs] [Times: user=0.05 sys=0.04, real=0.03 secs] 
2021-06-12T08:14:24.360+0800: 2501016.058: [GC (Allocation Failure) [PSYoungGen: 500672K->13472K(502784K)] 991166K->516161K(1027072K), 0.0262232 secs] [Times: user=0.03 sys=0.03, real=0.03 secs] 
2021-06-12T08:19:23.530+0800: 2501315.229: [GC (Allocation Failure) [PSYoungGen: 494752K->15904K(503808K)] 997441K->527718K(1028096K), 0.0275068 secs] [Times: user=0.04 sys=0.04, real=0.03 secs] 
2021-06-12T08:19:23.558+0800: 2501315.257: [Full GC (Ergonomics) [PSYoungGen: 15904K->0K(503808K)] [ParOldGen: 511814K->317830K(524288K)] 527718K->317830K(1028096K), [Metaspace: 97009K->97009K(1138688K)], 0.5150938 secs] [Times: user=0.48 sys=0.48, real=0.52 secs] 
2021-06-12T08:24:20.007+0800: 2501611.705: [GC (Allocation Failure) [PSYoungGen: 482816K->17280K(503296K)] 800646K->335110K(1027584K), 0.0284518 secs] [Times: user=0.03 sys=0.03, real=0.03 secs] 
2021-06-12T08:29:15.037+0800: 2501906.735: [GC (Allocation Failure) [PSYoungGen: 500096K->16000K(503296K)] 817926K->346489K(1027584K), 0.0388733 secs] [Times: user=0.05 sys=0.04, real=0.04 secs] 
2021-06-12T08:34:09.960+0800: 2502201.658: [GC (Allocation Failure) [PSYoungGen: 498304K->13344K(503296K)] 828793K->355851K(1027584K), 0.0270424 secs] [Times: user=0.07 sys=0.00, real=0.03 secs] 
2021-06-12T08:39:08.602+0800: 2502500.300: [GC (Allocation Failure) [PSYoungGen: 495648K->11200K(503808K)] 838155K->364492K(1028096K), 0.0249977 secs] [Times: user=0.03 sys=0.03, real=0.03 secs] 
2021-06-12T08:44:04.477+0800: 2502796.175: [GC (Allocation Failure) [PSYoungGen: 494528K->11104K(503808K)] 847820K->373534K(1028096K), 0.0492841 secs] [Times: user=0.04 sys=0.04, real=0.05 secs] 
2021-06-12T08:49:04.582+0800: 2503096.281: [GC (Allocation Failure) [PSYoungGen: 494432K->8672K(502784K)] 856862K->379824K(1027072K), 0.0303430 secs] [Times: user=0.04 sys=0.04, real=0.03 secs] 
2021-06-12T08:54:00.435+0800: 2503392.133: [GC (Allocation Failure) [PSYoungGen: 490976K->11840K(503296K)] 862128K->389492K(1027584K), 0.0301658 secs] [Times: user=0.04 sys=0.04, real=0.03 secs] 
2021-06-12T08:59:01.069+0800: 2503692.767: [GC (Allocation Failure) [PSYoungGen: 494144K->10720K(503808K)] 871796K->397648K(1028096K), 0.0302491 secs] [Times: user=0.05 sys=0.04, real=0.03 secs] 
2021-06-12T09:03:52.728+0800: 2503984.426: [GC (Allocation Failure) [PSYoungGen: 494048K->18080K(501760K)] 880976K->412853K(1026048K), 0.0313133 secs] [Times: user=0.04 sys=0.04, real=0.03 secs] 
2021-06-12T09:08:46.591+0800: 2504278.289: [GC (Allocation Failure) [PSYoungGen: 501408K->15872K(502784K)] 896181K->421257K(1027072K), 0.0315233 secs] [Times: user=0.05 sys=0.04, real=0.04 secs] 
2021-06-12T09:13:39.907+0800: 2504571.605: [GC (Allocation Failure) [PSYoungGen: 497152K->12896K(502784K)] 902537K->429883K(1027072K), 0.0284646 secs] [Times: user=0.04 sys=0.04, real=0.03 secs] 
2021-06-12T09:18:34.979+0800: 2504866.677: [GC (Allocation Failure) [PSYoungGen: 494176K->14272K(503808K)] 911163K->440486K(1028096K), 0.0272534 secs] [Times: user=0.03 sys=0.04, real=0.03 secs] 
2021-06-12T09:23:29.997+0800: 2505161.696: [GC (Allocation Failure) [PSYoungGen: 497088K->11840K(503296K)] 923302K->448985K(1027584K), 0.0440508 secs] [Times: user=0.09 sys=0.00, real=0.04 secs] 
2021-06-12T09:28:21.229+0800: 2505452.927: [GC (Allocation Failure) [PSYoungGen: 494656K->12864K(504832K)] 931801K->457653K(1029120K), 0.0285036 secs] [Times: user=0.04 sys=0.03, real=0.03 secs] 
2021-06-12T09:33:15.224+0800: 2505746.923: [GC (Allocation Failure) [PSYoungGen: 497728K->14336K(504320K)] 942517K->466760K(1028608K), 0.0264671 secs] [Times: user=0.04 sys=0.04, real=0.02 secs] 
2021-06-12T09:38:10.244+0800: 2506041.943: [GC (Allocation Failure) [PSYoungGen: 499200K->11648K(505344K)] 951624K->474578K(1029632K), 0.0304956 secs] [Times: user=0.04 sys=0.05, real=0.03 secs] 
2021-06-12T09:43:10.334+0800: 2506342.032: [GC (Allocation Failure) [PSYoungGen: 497536K->11200K(504832K)] 960466K->482077K(1029120K), 0.0320871 secs] [Times: user=0.03 sys=0.04, real=0.03 secs] 
2021-06-12T09:48:07.069+0800: 2506638.767: [GC (Allocation Failure) [PSYoungGen: 497088K->15104K(505344K)] 967965K->493850K(1029632K), 0.0301007 secs] [Times: user=0.05 sys=0.05, real=0.03 secs] 
2021-06-12T09:53:06.347+0800: 2506938.045: [GC (Allocation Failure) [PSYoungGen: 501504K->13184K(505344K)] 980250K->503997K(1029632K), 0.0298845 secs] [Times: user=0.04 sys=0.04, real=0.03 secs] 
2021-06-12T09:58:00.802+0800: 2507232.500: [GC (Allocation Failure) [PSYoungGen: 499584K->13088K(506368K)] 990397K->512961K(1030656K), 0.0344793 secs] [Times: user=0.05 sys=0.06, real=0.04 secs] 
2021-06-12T10:03:00.529+0800: 2507532.227: [GC (Allocation Failure) [PSYoungGen: 501024K->10464K(505856K)] 1000897K->520185K(1030144K), 0.0372644 secs] [Times: user=0.04 sys=0.05, real=0.04 secs] 
2021-06-12T10:07:59.809+0800: 2507831.508: [GC (Allocation Failure) [PSYoungGen: 498400K->16000K(504832K)] 1008121K->533103K(1029120K), 0.0339060 secs] [Times: user=0.04 sys=0.05, real=0.04 secs] 
2021-06-12T10:07:59.844+0800: 2507831.542: [Full GC (Ergonomics) [PSYoungGen: 16000K->0K(504832K)] [ParOldGen: 517103K->321317K(524288K)] 533103K->321317K(1029120K), [Metaspace: 97009K->97009K(1138688K)], 0.5736095 secs] [Times: user=1.12 sys=0.00, real=0.57 secs] 
2021-06-12T10:13:03.979+0800: 2508135.677: [GC (Allocation Failure) [PSYoungGen: 486400K->11328K(505344K)] 807717K->332645K(1029632K), 0.0225731 secs] [Times: user=0.03 sys=0.04, real=0.02 secs] 
2021-06-12T10:18:02.452+0800: 2508434.150: [GC (Allocation Failure) [PSYoungGen: 497728K->13408K(505856K)] 819045K->343007K(1030144K), 0.0304047 secs] [Times: user=0.04 sys=0.04, real=0.04 secs] 
2021-06-12T10:22:57.677+0800: 2508729.376: [GC (Allocation Failure) [PSYoungGen: 500832K->15808K(505856K)] 830431K->353747K(1030144K), 0.0366015 secs] [Times: user=0.05 sys=0.05, real=0.04 secs] 
2021-06-12T10:27:55.882+0800: 2509027.580: [GC (Allocation Failure) [PSYoungGen: 503232K->13600K(505856K)] 841171K->362861K(1030144K), 0.0365170 secs] [Times: user=0.05 sys=0.05, real=0.04 secs] 
2021-06-12T10:32:56.667+0800: 2509328.365: [GC (Allocation Failure) [PSYoungGen: 501024K->12864K(505856K)] 850285K->371920K(1030144K), 0.0327934 secs] [Times: user=0.04 sys=0.05, real=0.03 secs] 
2021-06-12T10:38:01.110+0800: 2509632.808: [GC (Allocation Failure) [PSYoungGen: 500288K->11840K(506368K)] 859344K->380329K(1030656K), 0.0347543 secs] [Times: user=0.04 sys=0.04, real=0.04 secs] 
2021-06-12T10:43:01.878+0800: 2509933.576: [GC (Allocation Failure) [PSYoungGen: 500288K->12320K(506368K)] 868777K->389205K(1030656K), 0.0283540 secs] [Times: user=0.04 sys=0.04, real=0.03 secs] 
2021-06-12T10:48:00.839+0800: 2510232.537: [GC (Allocation Failure) [PSYoungGen: 500768K->13440K(506880K)] 877653K->399673K(1031168K), 0.0320266 secs] [Times: user=0.05 sys=0.04, real=0.03 secs] 
2021-06-12T10:52:56.322+0800: 2510528.020: [GC (Allocation Failure) [PSYoungGen: 502912K->14592K(506880K)] 889145K->410309K(1031168K), 0.0286228 secs] [Times: user=0.04 sys=0.04, real=0.03 secs] 
2021-06-12T10:57:55.842+0800: 2510827.540: [GC (Allocation Failure) [PSYoungGen: 504064K->13408K(507392K)] 899781K->418649K(1031680K), 0.0893312 secs] [Times: user=0.04 sys=0.05, real=0.09 secs] 
2021-06-12T11:02:51.562+0800: 2511123.260: [GC (Allocation Failure) [PSYoungGen: 503392K->13760K(506880K)] 908633K->428099K(1031168K), 0.0439313 secs] [Times: user=0.04 sys=0.05, real=0.05 secs] 
2021-06-12T11:07:51.531+0800: 2511423.229: [GC (Allocation Failure) [PSYoungGen: 503744K->14112K(507392K)] 918083K->437055K(1031680K), 0.0275658 secs] [Times: user=0.04 sys=0.05, real=0.03 secs] 
2021-06-12T11:12:53.476+0800: 2511725.175: [GC (Allocation Failure) [PSYoungGen: 504608K->10528K(507392K)] 927551K->444024K(1031680K), 0.0275407 secs] [Times: user=0.04 sys=0.04, real=0.03 secs] 
2021-06-12T11:17:54.848+0800: 2512026.546: [GC (Allocation Failure) [PSYoungGen: 501024K->10368K(507392K)] 934520K->451780K(1031680K), 0.0286379 secs] [Times: user=0.03 sys=0.04, real=0.03 secs] 
2021-06-12T11:22:55.546+0800: 2512327.245: [GC (Allocation Failure) [PSYoungGen: 500864K->13664K(507392K)] 942276K->462480K(1031680K), 0.0298421 secs] [Times: user=0.04 sys=0.04, real=0.03 secs] 
2021-06-12T11:27:54.079+0800: 2512625.777: [GC (Allocation Failure) [PSYoungGen: 504160K->16896K(497152K)] 952976K->476775K(1021440K), 0.0326067 secs] [Times: user=0.05 sys=0.04, real=0.03 secs] 
2021-06-12T11:32:45.608+0800: 2512917.306: [GC (Allocation Failure) [PSYoungGen: 497152K->16832K(497152K)] 957031K->488219K(1021440K), 0.0312280 secs] [Times: user=0.04 sys=0.04, real=0.03 secs] 
2021-06-12T11:37:41.237+0800: 2513212.935: [GC (Allocation Failure) [PSYoungGen: 497088K->11104K(502272K)] 968475K->493413K(1026560K), 0.0304651 secs] [Times: user=0.04 sys=0.04, real=0.03 secs] 
2021-06-12T11:42:39.675+0800: 2513511.374: [GC (Allocation Failure) [PSYoungGen: 490848K->10304K(501760K)] 973157K->501374K(1026048K), 0.0283333 secs] [Times: user=0.04 sys=0.04, real=0.03 secs] 
2021-06-12T11:47:32.911+0800: 2513804.610: [GC (Allocation Failure) [PSYoungGen: 490048K->14528K(502784K)] 981118K->513290K(1027072K), 0.0531042 secs] [Times: user=0.05 sys=0.06, real=0.06 secs] 
2021-06-12T11:52:27.736+0800: 2514099.435: [GC (Allocation Failure) [PSYoungGen: 495296K->7040K(502272K)] 994058K->517400K(1026560K), 0.0270338 secs] [Times: user=0.04 sys=0.05, real=0.03 secs] 
2021-06-12T11:57:26.829+0800: 2514398.527: [GC (Allocation Failure) [PSYoungGen: 487808K->12480K(502784K)] 998168K->528461K(1027072K), 0.0345937 secs] [Times: user=0.04 sys=0.05, real=0.04 secs] 
2021-06-12T11:57:26.864+0800: 2514398.562: [Full GC (Ergonomics) [PSYoungGen: 12480K->0K(502784K)] [ParOldGen: 515981K->313961K(524288K)] 528461K->313961K(1027072K), [Metaspace: 97009K->97009K(1138688K)], 0.5352517 secs] [Times: user=0.57 sys=0.55, real=0.53 secs] 
2021-06-12T12:02:23.731+0800: 2514695.429: [GC (Allocation Failure) [PSYoungGen: 480768K->9952K(502272K)] 794729K->323913K(1026560K), 0.0331030 secs] [Times: user=0.03 sys=0.03, real=0.04 secs] 
2021-06-12T12:07:26.549+0800: 2514998.248: [GC (Allocation Failure) [PSYoungGen: 490720K->11168K(503808K)] 804681K->333171K(1028096K), 0.0260706 secs] [Times: user=0.03 sys=0.04, real=0.03 secs] 
2021-06-12T12:12:23.582+0800: 2515295.280: [GC (Allocation Failure) [PSYoungGen: 493984K->11936K(503296K)] 815987K->341711K(1027584K), 0.0313974 secs] [Times: user=0.04 sys=0.04, real=0.04 secs] 
2021-06-12T12:17:24.952+0800: 2515596.651: [GC (Allocation Failure) [PSYoungGen: 494752K->12224K(504832K)] 824527K->350952K(1029120K), 0.0318264 secs] [Times: user=0.04 sys=0.04, real=0.03 secs] 
2021-06-12T12:22:27.772+0800: 2515899.470: [GC (Allocation Failure) [PSYoungGen: 497088K->11520K(504320K)] 835816K->359586K(1028608K), 0.0418491 secs] [Times: user=0.04 sys=0.05, real=0.04 secs] 
2021-06-12T12:27:28.150+0800: 2516199.848: [GC (Allocation Failure) [PSYoungGen: 496384K->16384K(504320K)] 844450K->372377K(1028608K), 0.0483637 secs] [Times: user=0.04 sys=0.04, real=0.05 secs] 
2021-06-12T12:32:27.984+0800: 2516499.682: [GC (Allocation Failure) [PSYoungGen: 501760K->12416K(504832K)] 857753K->380569K(1029120K), 0.0285632 secs] [Times: user=0.04 sys=0.04, real=0.03 secs] 
2021-06-12T12:37:29.420+0800: 2516801.118: [GC (Allocation Failure) [PSYoungGen: 497792K->13760K(505344K)] 865945K->390125K(1029632K), 0.0376420 secs] [Times: user=0.04 sys=0.04, real=0.04 secs] 
2021-06-12T12:42:32.608+0800: 2517104.307: [GC (Allocation Failure) [PSYoungGen: 500160K->15040K(505344K)] 876525K->400967K(1029632K), 0.0790819 secs] [Times: user=0.05 sys=0.05, real=0.08 secs] 
2021-06-12T12:47:30.315+0800: 2517402.014: [GC (Allocation Failure) [PSYoungGen: 501440K->13216K(505856K)] 887367K->408675K(1030144K), 0.0236866 secs] [Times: user=0.04 sys=0.04, real=0.02 secs] 
2021-06-12T12:52:30.962+0800: 2517702.661: [GC (Allocation Failure) [PSYoungGen: 500128K->12352K(505344K)] 895587K->418557K(1029632K), 0.0560566 secs] [Times: user=0.04 sys=0.04, real=0.05 secs] 
2021-06-12T12:57:33.367+0800: 2518005.065: [GC (Allocation Failure) [PSYoungGen: 499264K->12736K(506368K)] 905469K->426641K(1030656K), 0.0392864 secs] [Times: user=0.04 sys=0.04, real=0.04 secs] 
2021-06-12T13:02:36.064+0800: 2518307.763: [GC (Allocation Failure) [PSYoungGen: 501184K->10720K(506368K)] 915089K->434715K(1030656K), 0.0717151 secs] [Times: user=0.04 sys=0.03, real=0.07 secs] 
2021-06-12T13:07:31.760+0800: 2518603.459: [GC (Allocation Failure) [PSYoungGen: 499168K->17408K(497664K)] 923163K->450273K(1021952K), 0.0299155 secs] [Times: user=0.05 sys=0.03, real=0.03 secs] 
2021-06-12T13:12:27.676+0800: 2518899.375: [GC (Allocation Failure) [PSYoungGen: 497664K->14848K(502272K)] 930529K->459756K(1026560K), 0.0272614 secs] [Times: user=0.04 sys=0.04, real=0.03 secs] 
2021-06-12T13:17:27.591+0800: 2519199.289: [GC (Allocation Failure) [PSYoungGen: 495104K->12256K(502784K)] 940012K->467127K(1027072K), 0.0291813 secs] [Times: user=0.04 sys=0.04, real=0.03 secs] 
2021-06-12T13:22:10.062+0800: 2519481.760: [GC (Allocation Failure) [PSYoungGen: 493536K->13034K(502784K)] 948407K->476932K(1027072K), 0.0344883 secs] [Times: user=0.05 sys=0.06, real=0.04 secs] 
2021-06-12T13:27:08.339+0800: 2519780.037: [GC (Allocation Failure) [PSYoungGen: 494314K->12288K(503808K)] 958212K->485776K(1028096K), 0.0362651 secs] [Times: user=0.05 sys=0.04, real=0.04 secs] 
2021-06-12T13:32:06.009+0800: 2520077.707: [GC (Allocation Failure) [PSYoungGen: 495104K->17856K(500736K)] 968592K->499846K(1025024K), 0.0332770 secs] [Times: user=0.04 sys=0.05, real=0.04 secs] 
2021-06-12T13:37:01.272+0800: 2520372.970: [GC (Allocation Failure) [PSYoungGen: 500672K->16672K(502784K)] 982662K->511169K(1027072K), 0.0301928 secs] [Times: user=0.04 sys=0.04, real=0.04 secs] 
2021-06-12T13:41:56.043+0800: 2520667.741: [GC (Allocation Failure) [PSYoungGen: 497952K->15680K(502784K)] 992449K->521230K(1027072K), 0.0322776 secs] [Times: user=0.09 sys=0.00, real=0.03 secs] 
2021-06-12T13:46:53.131+0800: 2520964.829: [GC (Allocation Failure) [PSYoungGen: 496958K->9792K(502784K)] 1002508K->525957K(1027072K), 0.0280927 secs] [Times: user=0.04 sys=0.04, real=0.03 secs] 
2021-06-12T13:46:53.159+0800: 2520964.857: [Full GC (Ergonomics) [PSYoungGen: 9792K->0K(502784K)] [ParOldGen: 516165K->318574K(524288K)] 525957K->318574K(1027072K), [Metaspace: 97009K->97009K(1138688K)], 0.5175313 secs] [Times: user=1.11 sys=0.00, real=0.52 secs] 
2021-06-12T13:51:53.165+0800: 2521264.863: [GC (Allocation Failure) [PSYoungGen: 481280K->9696K(502784K)] 799854K->328270K(1027072K), 0.0274914 secs] [Times: user=0.03 sys=0.04, real=0.03 secs] 
2021-06-12T13:56:53.294+0800: 2521564.992: [GC (Allocation Failure) [PSYoungGen: 490976K->11392K(503296K)] 809550K->337609K(1027584K), 0.0278118 secs] [Times: user=0.03 sys=0.04, real=0.02 secs] 
2021-06-12T14:01:53.635+0800: 2521865.333: [GC (Allocation Failure) [PSYoungGen: 493184K->12576K(502784K)] 819401K->346949K(1027072K), 0.0327598 secs] [Times: user=0.04 sys=0.05, real=0.03 secs] 
2021-06-12T14:06:50.579+0800: 2522162.277: [GC (Allocation Failure) [PSYoungGen: 494368K->10848K(504320K)] 828741K->354631K(1028608K), 0.0269758 secs] [Times: user=0.08 sys=0.00, real=0.03 secs] 
2021-06-12T14:11:55.103+0800: 2522466.801: [GC (Allocation Failure) [PSYoungGen: 494688K->10016K(503808K)] 838471K->362096K(1028096K), 0.0244903 secs] [Times: user=0.04 sys=0.03, real=0.02 secs] 
2021-06-12T14:17:01.832+0800: 2522773.531: [GC (Allocation Failure) [PSYoungGen: 493856K->10176K(504320K)] 845936K->369810K(1028608K), 0.0568739 secs] [Times: user=0.03 sys=0.04, real=0.05 secs] 
2021-06-12T14:22:00.677+0800: 2523072.376: [GC (Allocation Failure) [PSYoungGen: 494528K->11392K(504320K)] 854162K->378541K(1028608K), 0.0304778 secs] [Times: user=0.05 sys=0.04, real=0.03 secs] 
2021-06-12T14:26:59.392+0800: 2523371.090: [GC (Allocation Failure) [PSYoungGen: 495744K->11808K(505344K)] 862893K->387513K(1029632K), 0.0263629 secs] [Times: user=0.03 sys=0.04, real=0.03 secs] 
2021-06-12T14:31:57.010+0800: 2523668.708: [GC (Allocation Failure) [PSYoungGen: 497696K->16160K(504832K)] 873401K->399981K(1029120K), 0.0943324 secs] [Times: user=0.05 sys=0.04, real=0.10 secs] 
2021-06-12T14:36:57.054+0800: 2523968.752: [GC (Allocation Failure) [PSYoungGen: 502048K->10304K(504832K)] 885869K->405893K(1029120K), 0.0505693 secs] [Times: user=0.05 sys=0.04, real=0.05 secs] 
2021-06-12T14:41:54.749+0800: 2524266.447: [GC (Allocation Failure) [PSYoungGen: 495680K->8736K(504832K)] 891269K->412127K(1029120K), 0.0420230 secs] [Times: user=0.03 sys=0.05, real=0.04 secs] 
2021-06-12T14:46:46.866+0800: 2524558.565: [GC (Allocation Failure) [PSYoungGen: 494112K->10368K(505344K)] 897503K->420137K(1029632K), 0.0259841 secs] [Times: user=0.04 sys=0.04, real=0.03 secs] 
2021-06-12T14:51:44.993+0800: 2524856.691: [GC (Allocation Failure) [PSYoungGen: 496256K->13056K(504832K)] 906025K->430892K(1029120K), 0.0328852 secs] [Times: user=0.05 sys=0.05, real=0.03 secs] 
2021-06-12T14:56:43.353+0800: 2525155.051: [GC (Allocation Failure) [PSYoungGen: 498944K->14368K(504832K)] 916780K->441920K(1029120K), 0.0290399 secs] [Times: user=0.04 sys=0.05, real=0.02 secs] 
2021-06-12T15:01:40.229+0800: 2525451.928: [GC (Allocation Failure) [PSYoungGen: 500768K->12736K(505344K)] 928320K->451250K(1029632K), 0.0343552 secs] [Times: user=0.04 sys=0.04, real=0.04 secs] 
2021-06-12T15:06:42.938+0800: 2525754.636: [GC (Allocation Failure) [PSYoungGen: 499136K->11072K(506368K)] 937650K->458971K(1030656K), 0.0324210 secs] [Times: user=0.09 sys=0.00, real=0.03 secs] 
2021-06-12T15:11:49.610+0800: 2526061.308: [GC (Allocation Failure) [PSYoungGen: 499008K->9376K(505856K)] 946907K->464902K(1030144K), 0.0266723 secs] [Times: user=0.04 sys=0.04, real=0.03 secs] 
2021-06-12T15:16:49.674+0800: 2526361.372: [GC (Allocation Failure) [PSYoungGen: 497312K->12000K(506880K)] 952838K->474569K(1031168K), 0.0261493 secs] [Times: user=0.04 sys=0.04, real=0.02 secs] 
2021-06-12T15:21:47.610+0800: 2526659.308: [GC (Allocation Failure) [PSYoungGen: 500960K->8384K(506368K)] 963529K->480688K(1030656K), 0.0513273 secs] [Times: user=0.05 sys=0.05, real=0.05 secs] 
2021-06-12T15:26:53.434+0800: 2526965.133: [GC (Allocation Failure) [PSYoungGen: 497344K->7872K(506880K)] 969648K->485987K(1031168K), 0.0373934 secs] [Times: user=0.05 sys=0.06, real=0.03 secs] 
2021-06-12T15:31:52.698+0800: 2527264.396: [GC (Allocation Failure) [PSYoungGen: 497344K->9440K(506880K)] 975459K->493679K(1031168K), 0.0518341 secs] [Times: user=0.04 sys=0.05, real=0.05 secs] 
2021-06-12T15:36:52.791+0800: 2527564.490: [GC (Allocation Failure) [PSYoungGen: 498912K->13568K(506880K)] 983151K->504355K(1031168K), 0.0605235 secs] [Times: user=0.04 sys=0.04, real=0.06 secs] 
2021-06-12T15:41:52.684+0800: 2527864.382: [GC (Allocation Failure) [PSYoungGen: 503035K->11808K(506880K)] 993823K->513581K(1031168K), 0.0310872 secs] [Times: user=0.04 sys=0.05, real=0.03 secs] 
2021-06-12T15:46:47.725+0800: 2528159.423: [GC (Allocation Failure) [PSYoungGen: 501280K->16096K(504832K)] 1003053K->526634K(1029120K), 0.0354877 secs] [Times: user=0.05 sys=0.05, real=0.03 secs] 
2021-06-12T15:51:53.260+0800: 2528464.958: [GC (Allocation Failure) [PSYoungGen: 503520K->12544K(505856K)] 1014058K->533141K(1030144K), 0.0347984 secs] [Times: user=0.05 sys=0.05, real=0.04 secs] 
2021-06-12T15:51:53.295+0800: 2528464.994: [Full GC (Ergonomics) [PSYoungGen: 12544K->0K(505856K)] [ParOldGen: 520597K->317672K(524288K)] 533141K->317672K(1030144K), [Metaspace: 97009K->97009K(1138688K)], 0.6517201 secs] [Times: user=1.47 sys=0.00, real=0.65 secs] 
2021-06-12T15:56:50.928+0800: 2528762.626: [GC (Allocation Failure) [PSYoungGen: 487424K->15328K(504320K)] 805096K->333000K(1028608K), 0.0267335 secs] [Times: user=0.04 sys=0.03, real=0.03 secs] 
2021-06-12T16:02:00.148+0800: 2529071.847: [GC (Allocation Failure) [PSYoungGen: 501728K->10272K(505344K)] 819400K->340007K(1029632K), 0.0314611 secs] [Times: user=0.09 sys=0.00, real=0.03 secs] 
2021-06-12T16:07:04.761+0800: 2529376.459: [GC (Allocation Failure) [PSYoungGen: 496672K->8608K(505856K)] 826407K->346232K(1030144K), 0.0334446 secs] [Times: user=0.04 sys=0.04, real=0.04 secs] 
2021-06-12T16:12:05.562+0800: 2529677.261: [GC (Allocation Failure) [PSYoungGen: 496032K->8928K(505856K)] 833656K->353180K(1030144K), 0.0250553 secs] [Times: user=0.04 sys=0.04, real=0.02 secs] 
2021-06-12T16:17:10.957+0800: 2529982.655: [GC (Allocation Failure) [PSYoungGen: 496352K->8896K(506368K)] 840604K->359950K(1030656K), 0.0257147 secs] [Times: user=0.07 sys=0.00, real=0.03 secs] 
2021-06-12T16:22:11.166+0800: 2530282.864: [GC (Allocation Failure) [PSYoungGen: 496832K->10816K(505856K)] 847886K->368674K(1030144K), 0.0296255 secs] [Times: user=0.04 sys=0.04, real=0.03 secs] 
2021-06-12T16:27:15.398+0800: 2530587.096: [GC (Allocation Failure) [PSYoungGen: 498752K->8672K(506880K)] 856610K->374668K(1031168K), 0.0295092 secs] [Times: user=0.04 sys=0.04, real=0.03 secs] 
2021-06-12T16:32:21.266+0800: 2530892.965: [GC (Allocation Failure) [PSYoungGen: 498144K->10528K(506880K)] 864140K->383032K(1031168K), 0.0354243 secs] [Times: user=0.04 sys=0.04, real=0.03 secs] 
2021-06-12T16:37:26.428+0800: 2531198.127: [GC (Allocation Failure) [PSYoungGen: 500000K->9376K(507904K)] 872504K->390387K(1032192K), 0.0256226 secs] [Times: user=0.04 sys=0.04, real=0.03 secs] 
2021-06-12T16:42:33.306+0800: 2531505.004: [GC (Allocation Failure) [PSYoungGen: 500384K->8224K(507392K)] 881395K->397292K(1031680K), 0.0417528 secs] [Times: user=0.04 sys=0.04, real=0.04 secs] 
2021-06-12T16:47:43.962+0800: 2531815.660: [GC (Allocation Failure) [PSYoungGen: 499232K->9984K(508416K)] 888300K->405647K(1032704K), 0.0557549 secs] [Times: user=0.04 sys=0.04, real=0.06 secs] 
2021-06-12T16:52:48.747+0800: 2532120.445: [GC (Allocation Failure) [PSYoungGen: 502016K->10400K(507904K)] 897679K->413914K(1032192K), 0.0298148 secs] [Times: user=0.04 sys=0.04, real=0.03 secs] 
2021-06-12T16:57:56.339+0800: 2532428.037: [GC (Allocation Failure) [PSYoungGen: 502432K->10912K(509440K)] 905946K->422004K(1033728K), 0.0317252 secs] [Times: user=0.05 sys=0.05, real=0.03 secs] 
2021-06-12T17:03:04.651+0800: 2532736.350: [GC (Allocation Failure) [PSYoungGen: 504992K->8192K(508928K)] 916084K->428484K(1033216K), 0.0228963 secs] [Times: user=0.04 sys=0.04, real=0.03 secs] 
2021-06-12T17:08:05.715+0800: 2533037.413: [GC (Allocation Failure) [PSYoungGen: 502272K->9792K(509952K)] 922564K->436535K(1034240K), 0.0242537 secs] [Times: user=0.03 sys=0.04, real=0.02 secs] 
2021-06-12T17:13:06.390+0800: 2533338.088: [GC (Allocation Failure) [PSYoungGen: 504896K->10720K(509440K)] 931639K->444667K(1033728K), 0.0230358 secs] [Times: user=0.03 sys=0.03, real=0.03 secs] 
2021-06-12T17:18:12.124+0800: 2533643.823: [GC (Allocation Failure) [PSYoungGen: 505824K->12608K(508928K)] 939771K->454045K(1033216K), 0.0258679 secs] [Times: user=0.03 sys=0.04, real=0.02 secs] 
2021-06-12T17:23:16.376+0800: 2533948.074: [GC (Allocation Failure) [PSYoungGen: 507200K->12064K(509440K)] 948637K->462679K(1033728K), 0.0639064 secs] [Times: user=0.04 sys=0.04, real=0.06 secs] 
2021-06-12T17:28:18.596+0800: 2534250.294: [GC (Allocation Failure) [PSYoungGen: 506656K->11648K(509440K)] 957271K->471848K(1033728K), 0.0428942 secs] [Times: user=0.05 sys=0.04, real=0.04 secs] 
2021-06-12T17:33:20.851+0800: 2534552.550: [GC (Allocation Failure) [PSYoungGen: 506240K->12960K(507904K)] 966440K->480796K(1032192K), 0.0271422 secs] [Times: user=0.04 sys=0.04, real=0.03 secs] 
2021-06-12T17:38:23.007+0800: 2534854.705: [GC (Allocation Failure) [PSYoungGen: 507552K->9184K(508928K)] 975388K->486757K(1033216K), 0.0288938 secs] [Times: user=0.03 sys=0.04, real=0.03 secs] 
2021-06-12T17:43:29.737+0800: 2535161.435: [GC (Allocation Failure) [PSYoungGen: 502752K->8672K(508928K)] 980325K->493359K(1033216K), 0.0298797 secs] [Times: user=0.04 sys=0.05, real=0.03 secs] 
2021-06-12T17:48:39.204+0800: 2535470.903: [GC (Allocation Failure) [PSYoungGen: 502240K->8224K(508928K)] 986927K->499625K(1033216K), 0.0452807 secs] [Times: user=0.04 sys=0.04, real=0.04 secs] 
2021-06-12T17:53:38.444+0800: 2535770.142: [GC (Allocation Failure) [PSYoungGen: 501792K->10816K(508928K)] 993193K->508573K(1033216K), 0.0273311 secs] [Times: user=0.04 sys=0.04, real=0.02 secs] 
2021-06-12T17:58:39.307+0800: 2536071.005: [GC (Allocation Failure) [PSYoungGen: 504384K->14816K(499200K)] 1002141K->522915K(1023488K), 0.0362607 secs] [Times: user=0.04 sys=0.03, real=0.04 secs] 
2021-06-12T18:03:35.911+0800: 2536367.609: [GC (Allocation Failure) [PSYoungGen: 499168K->11104K(504320K)] 1007267K->532004K(1028608K), 0.0294703 secs] [Times: user=0.04 sys=0.04, real=0.03 secs] 
2021-06-12T18:03:35.941+0800: 2536367.639: [Full GC (Ergonomics) [PSYoungGen: 11104K->0K(504320K)] [ParOldGen: 520900K->313278K(524288K)] 532004K->313278K(1028608K), [Metaspace: 97009K->97009K(1138688K)], 0.4132538 secs] [Times: user=0.47 sys=0.46, real=0.42 secs] 
2021-06-12T18:08:29.410+0800: 2536661.108: [GC (Allocation Failure) [PSYoungGen: 484352K->14272K(504832K)] 797630K->327550K(1029120K), 0.0590674 secs] [Times: user=0.03 sys=0.04, real=0.06 secs] 
2021-06-12T18:13:27.170+0800: 2536958.868: [GC (Allocation Failure) [PSYoungGen: 499648K->11840K(504832K)] 812926K->336525K(1029120K), 0.0243757 secs] [Times: user=0.03 sys=0.04, real=0.03 secs] 
2021-06-12T18:18:21.461+0800: 2537253.159: [GC (Allocation Failure) [PSYoungGen: 497216K->9472K(505856K)] 821901K->343741K(1030144K), 0.0221493 secs] [Times: user=0.03 sys=0.03, real=0.03 secs] 
2021-06-12T18:23:27.010+0800: 2537558.708: [GC (Allocation Failure) [PSYoungGen: 496384K->9056K(505344K)] 830653K->350407K(1029632K), 0.0828229 secs] [Times: user=0.03 sys=0.04, real=0.09 secs] 
2021-06-12T18:28:26.637+0800: 2537858.335: [GC (Allocation Failure) [PSYoungGen: 495968K->10912K(506368K)] 837319K->358500K(1030656K), 0.0231391 secs] [Times: user=0.03 sys=0.04, real=0.02 secs] 
2021-06-12T18:33:27.724+0800: 2538159.422: [GC (Allocation Failure) [PSYoungGen: 498848K->10752K(505856K)] 846436K->366549K(1030144K), 0.0319448 secs] [Times: user=0.03 sys=0.04, real=0.03 secs] 
2021-06-12T18:38:28.763+0800: 2538460.462: [GC (Allocation Failure) [PSYoungGen: 498688K->11648K(507392K)] 854485K->375873K(1031680K), 0.0263510 secs] [Times: user=0.04 sys=0.04, real=0.02 secs] 
2021-06-12T18:43:27.786+0800: 2538759.485: [GC (Allocation Failure) [PSYoungGen: 501632K->13280K(506880K)] 865857K->386141K(1031168K), 0.0282192 secs] [Times: user=0.03 sys=0.05, real=0.03 secs] 
2021-06-12T18:48:26.137+0800: 2539057.835: [GC (Allocation Failure) [PSYoungGen: 503264K->14432K(506368K)] 876125K->396647K(1030656K), 0.0301631 secs] [Times: user=0.04 sys=0.04, real=0.03 secs] 
2021-06-12T18:53:28.711+0800: 2539360.409: [GC (Allocation Failure) [PSYoungGen: 503904K->9248K(506880K)] 886119K->400935K(1031168K), 0.0256560 secs] [Times: user=0.04 sys=0.04, real=0.03 secs] 
2021-06-12T18:58:30.905+0800: 2539662.603: [GC (Allocation Failure) [PSYoungGen: 498720K->7648K(506880K)] 890407K->406697K(1031168K), 0.0227144 secs] [Times: user=0.03 sys=0.03, real=0.02 secs] 
2021-06-12T19:03:30.275+0800: 2539961.973: [GC (Allocation Failure) [PSYoungGen: 497120K->14080K(503808K)] 896169K->418903K(1028096K), 0.0287711 secs] [Times: user=0.04 sys=0.03, real=0.03 secs] 
2021-06-12T19:08:33.218+0800: 2540264.916: [GC (Allocation Failure) [PSYoungGen: 503552K->9856K(506368K)] 908375K->425039K(1030656K), 0.0316675 secs] [Times: user=0.04 sys=0.04, real=0.03 secs] 
2021-06-12T19:13:36.077+0800: 2540567.775: [GC (Allocation Failure) [PSYoungGen: 498304K->10656K(506368K)] 913487K->433970K(1030656K), 0.0257605 secs] [Times: user=0.03 sys=0.03, real=0.03 secs] 
2021-06-12T19:18:27.058+0800: 2540858.757: [GC (Allocation Failure) [PSYoungGen: 499104K->15786K(504832K)] 922418K->446642K(1029120K), 0.0288622 secs] [Times: user=0.04 sys=0.03, real=0.03 secs] 
2021-06-12T19:23:17.358+0800: 2541149.056: [GC (Allocation Failure) [PSYoungGen: 503210K->15072K(502784K)] 934066K->457422K(1027072K), 0.0318415 secs] [Times: user=0.04 sys=0.05, real=0.03 secs] 
2021-06-12T19:28:12.112+0800: 2541443.810: [GC (Allocation Failure) [PSYoungGen: 502496K->11456K(505856K)] 944846K->463991K(1030144K), 0.0266517 secs] [Times: user=0.03 sys=0.04, real=0.03 secs] 
2021-06-12T19:33:09.565+0800: 2541741.264: [GC (Allocation Failure) [PSYoungGen: 498368K->10432K(505344K)] 950903K->470882K(1029632K), 0.0255371 secs] [Times: user=0.03 sys=0.04, real=0.02 secs] 
2021-06-12T19:38:07.822+0800: 2542039.520: [GC (Allocation Failure) [PSYoungGen: 497344K->11520K(506880K)] 957794K->479757K(1031168K), 0.0286002 secs] [Times: user=0.04 sys=0.04, real=0.02 secs] 
2021-06-12T19:43:10.427+0800: 2542342.126: [GC (Allocation Failure) [PSYoungGen: 500480K->9472K(506368K)] 968717K->485927K(1030656K), 0.0237919 secs] [Times: user=0.03 sys=0.04, real=0.02 secs] 
2021-06-12T19:48:10.919+0800: 2542642.617: [GC (Allocation Failure) [PSYoungGen: 498432K->12640K(506880K)] 974887K->496619K(1031168K), 0.0344689 secs] [Times: user=0.04 sys=0.04, real=0.04 secs] 
2021-06-12T19:53:11.309+0800: 2542943.008: [GC (Allocation Failure) [PSYoungGen: 502112K->9632K(506880K)] 986091K->501381K(1031168K), 0.0399885 secs] [Times: user=0.05 sys=0.05, real=0.04 secs] 
2021-06-12T19:58:07.552+0800: 2543239.251: [GC (Allocation Failure) [PSYoungGen: 499104K->16864K(498176K)] 990853K->517138K(1022464K), 0.0392763 secs] [Times: user=0.05 sys=0.06, real=0.03 secs] 
2021-06-12T20:02:56.383+0800: 2543528.081: [GC (Allocation Failure) [PSYoungGen: 498144K->12800K(502784K)] 998418K->525675K(1027072K), 0.0313545 secs] [Times: user=0.04 sys=0.05, real=0.03 secs] 
2021-06-12T20:02:56.415+0800: 2543528.113: [Full GC (Ergonomics) [PSYoungGen: 12800K->0K(502784K)] [ParOldGen: 512875K->313941K(524288K)] 525675K->313941K(1027072K), [Metaspace: 97009K->97009K(1138688K)], 0.5047413 secs] [Times: user=1.11 sys=0.00, real=0.50 secs] 
2021-06-12T20:07:53.243+0800: 2543824.942: [GC (Allocation Failure) [PSYoungGen: 481280K->8928K(503808K)] 795221K->322869K(1028096K), 0.0436262 secs] [Times: user=0.03 sys=0.03, real=0.04 secs] 
2021-06-12T20:12:50.458+0800: 2544122.157: [GC (Allocation Failure) [PSYoungGen: 491744K->9696K(503296K)] 805685K->331192K(1027584K), 0.0280660 secs] [Times: user=0.04 sys=0.04, real=0.03 secs] 
2021-06-12T20:17:43.281+0800: 2544414.980: [GC (Allocation Failure) [PSYoungGen: 492512K->11264K(504320K)] 814008K->339803K(1028608K), 0.0261301 secs] [Times: user=0.04 sys=0.04, real=0.03 secs] 
2021-06-12T20:22:44.020+0800: 2544715.718: [GC (Allocation Failure) [PSYoungGen: 495104K->7936K(503808K)] 823643K->345419K(1028096K), 0.0318655 secs] [Times: user=0.04 sys=0.05, real=0.03 secs] 
2021-06-12T20:27:41.598+0800: 2545013.297: [GC (Allocation Failure) [PSYoungGen: 491776K->12192K(505344K)] 829259K->355896K(1029632K), 0.0290996 secs] [Times: user=0.03 sys=0.04, real=0.03 secs] 
2021-06-12T20:32:38.021+0800: 2545309.720: [GC (Allocation Failure) [PSYoungGen: 498080K->17952K(504320K)] 841784K->369246K(1028608K), 0.0349019 secs] [Times: user=0.05 sys=0.04, real=0.04 secs] 
2021-06-12T20:37:38.123+0800: 2545609.821: [GC (Allocation Failure) [PSYoungGen: 503840K->13824K(503296K)] 855134K->376352K(1027584K), 0.0300349 secs] [Times: user=0.04 sys=0.04, real=0.03 secs] 
2021-06-12T20:42:26.534+0800: 2545898.233: [GC (Allocation Failure) [PSYoungGen: 497152K->14208K(503808K)] 859680K->386716K(1028096K), 0.0307047 secs] [Times: user=0.05 sys=0.04, real=0.03 secs] 
2021-06-12T20:47:24.325+0800: 2546196.023: [GC (Allocation Failure) [PSYoungGen: 497536K->13024K(504832K)] 870044K->394846K(1029120K), 0.0318035 secs] [Times: user=0.04 sys=0.04, real=0.03 secs] 
2021-06-12T20:52:23.644+0800: 2546495.342: [GC (Allocation Failure) [PSYoungGen: 497376K->9280K(503808K)] 879198K->401702K(1028096K), 0.0251539 secs] [Times: user=0.03 sys=0.03, real=0.02 secs] 
2021-06-12T20:57:27.725+0800: 2546799.423: [GC (Allocation Failure) [PSYoungGen: 493632K->7840K(504832K)] 886054K->407584K(1029120K), 0.0266269 secs] [Times: user=0.04 sys=0.04, real=0.02 secs] 
2021-06-12T21:02:25.283+0800: 2547096.982: [GC (Allocation Failure) [PSYoungGen: 493216K->9888K(504832K)] 892960K->415563K(1029120K), 0.0256924 secs] [Times: user=0.04 sys=0.04, real=0.02 secs] 
2021-06-12T21:07:23.964+0800: 2547395.662: [GC (Allocation Failure) [PSYoungGen: 495264K->10432K(505344K)] 900939K->423807K(1029632K), 0.0654442 secs] [Times: user=0.04 sys=0.04, real=0.06 secs] 
2021-06-12T21:12:22.617+0800: 2547694.316: [GC (Allocation Failure) [PSYoungGen: 496320K->13152K(504832K)] 909695K->434050K(1029120K), 0.0261214 secs] [Times: user=0.04 sys=0.04, real=0.03 secs] 
2021-06-12T21:17:24.394+0800: 2547996.092: [GC (Allocation Failure) [PSYoungGen: 499040K->10720K(506368K)] 919938K->441651K(1030656K), 0.0252598 secs] [Times: user=0.03 sys=0.04, real=0.02 secs] 
2021-06-12T21:22:25.447+0800: 2548297.145: [GC (Allocation Failure) [PSYoungGen: 498656K->6848K(505856K)] 929587K->446139K(1030144K), 0.0296212 secs] [Times: user=0.03 sys=0.04, real=0.03 secs] 
2021-06-12T21:27:25.817+0800: 2548597.515: [GC (Allocation Failure) [PSYoungGen: 494784K->10560K(506368K)] 934075K->454703K(1030656K), 0.0271309 secs] [Times: user=0.04 sys=0.05, real=0.03 secs] 
2021-06-12T21:32:26.415+0800: 2548898.113: [GC (Allocation Failure) [PSYoungGen: 498496K->12768K(505856K)] 942639K->464587K(1030144K), 0.0487167 secs] [Times: user=0.04 sys=0.04, real=0.05 secs] 
2021-06-12T21:37:24.222+0800: 2549195.920: [GC (Allocation Failure) [PSYoungGen: 500704K->13568K(506368K)] 952523K->474432K(1030656K), 0.0299411 secs] [Times: user=0.04 sys=0.04, real=0.03 secs] 
2021-06-12T21:42:27.105+0800: 2549498.803: [GC (Allocation Failure) [PSYoungGen: 502016K->9600K(506368K)] 962880K->480191K(1030656K), 0.0294593 secs] [Times: user=0.04 sys=0.05, real=0.03 secs] 
2021-06-12T21:47:24.672+0800: 2549796.370: [GC (Allocation Failure) [PSYoungGen: 498048K->14208K(505856K)] 968639K->492203K(1030144K), 0.0269374 secs] [Times: user=0.03 sys=0.04, real=0.02 secs] 
2021-06-12T21:52:21.184+0800: 2550092.882: [GC (Allocation Failure) [PSYoungGen: 502656K->12960K(506368K)] 980651K->501223K(1030656K), 0.0275968 secs] [Times: user=0.04 sys=0.05, real=0.02 secs] 
2021-06-12T21:57:23.415+0800: 2550395.113: [GC (Allocation Failure) [PSYoungGen: 501408K->12160K(506880K)] 989671K->509962K(1031168K), 0.0286434 secs] [Times: user=0.04 sys=0.04, real=0.03 secs] 
2021-06-12T22:02:25.131+0800: 2550696.829: [GC (Allocation Failure) [PSYoungGen: 501120K->10304K(506368K)] 998922K->517507K(1030656K), 0.0354033 secs] [Times: user=0.04 sys=0.04, real=0.04 secs] 
2021-06-12T22:07:30.160+0800: 2551001.859: [GC (Allocation Failure) [PSYoungGen: 499264K->9824K(507392K)] 1006467K->524526K(1031680K), 0.0281877 secs] [Times: user=0.04 sys=0.05, real=0.03 secs] 
2021-06-12T22:07:30.189+0800: 2551001.887: [Full GC (Ergonomics) [PSYoungGen: 9824K->0K(507392K)] [ParOldGen: 514702K->314762K(524288K)] 524526K->314762K(1031680K), [Metaspace: 97009K->97009K(1138688K)], 0.5082064 secs] [Times: user=1.05 sys=0.00, real=0.51 secs] 
2021-06-12T22:12:35.619+0800: 2551307.317: [GC (Allocation Failure) [PSYoungGen: 489984K->10784K(506880K)] 804746K->325546K(1031168K), 0.0484721 secs] [Times: user=0.03 sys=0.04, real=0.05 secs] 
2021-06-12T22:17:33.863+0800: 2551605.561: [GC (Allocation Failure) [PSYoungGen: 500768K->11392K(508416K)] 815530K->335204K(1032704K), 0.0261453 secs] [Times: user=0.04 sys=0.04, real=0.02 secs] 
2021-06-12T22:22:33.359+0800: 2551905.058: [GC (Allocation Failure) [PSYoungGen: 503424K->13376K(507904K)] 827236K->345689K(1032192K), 0.0264292 secs] [Times: user=0.04 sys=0.04, real=0.03 secs] 
2021-06-12T22:27:32.515+0800: 2552204.213: [GC (Allocation Failure) [PSYoungGen: 505408K->13696K(506880K)] 837721K->355244K(1031168K), 0.0262432 secs] [Times: user=0.04 sys=0.04, real=0.02 secs] 
2021-06-12T22:32:30.472+0800: 2552502.170: [GC (Allocation Failure) [PSYoungGen: 504192K->16160K(506880K)] 845740K->367856K(1031168K), 0.0337548 secs] [Times: user=0.04 sys=0.04, real=0.04 secs] 
2021-06-12T22:37:30.470+0800: 2552802.168: [GC (Allocation Failure) [PSYoungGen: 506656K->14272K(505856K)] 858352K->376675K(1030144K), 0.0279124 secs] [Times: user=0.04 sys=0.04, real=0.03 secs] 
2021-06-12T22:42:32.495+0800: 2553104.193: [GC (Allocation Failure) [PSYoungGen: 502720K->15424K(504320K)] 865123K->387815K(1028608K), 0.0319988 secs] [Times: user=0.04 sys=0.04, real=0.03 secs] 
2021-06-12T22:47:35.556+0800: 2553407.254: [GC (Allocation Failure) [PSYoungGen: 503872K->14816K(504832K)] 876263K->396683K(1029120K), 0.0362879 secs] [Times: user=0.04 sys=0.05, real=0.04 secs] 
2021-06-12T22:52:26.649+0800: 2553698.348: [GC (Allocation Failure) [PSYoungGen: 501216K->16320K(502784K)] 883083K->408317K(1027072K), 0.0316505 secs] [Times: user=0.04 sys=0.04, real=0.03 secs] 
2021-06-12T22:57:20.766+0800: 2553992.464: [GC (Allocation Failure) [PSYoungGen: 502720K->15488K(503808K)] 894717K->418160K(1028096K), 0.0312293 secs] [Times: user=0.04 sys=0.05, real=0.03 secs] 
2021-06-12T23:02:14.585+0800: 2554286.283: [GC (Allocation Failure) [PSYoungGen: 499840K->10496K(504320K)] 902512K->423386K(1028608K), 0.0339851 secs] [Times: user=0.05 sys=0.05, real=0.03 secs] 
2021-06-12T23:07:10.865+0800: 2554582.563: [GC (Allocation Failure) [PSYoungGen: 494848K->14688K(504832K)] 907738K->434976K(1029120K), 0.0298112 secs] [Times: user=0.04 sys=0.04, real=0.03 secs] 
2021-06-12T23:12:05.631+0800: 2554877.329: [GC (Allocation Failure) [PSYoungGen: 500064K->16160K(501760K)] 920352K->445972K(1026048K), 0.0302138 secs] [Times: user=0.04 sys=0.04, real=0.03 secs] 
2021-06-12T23:17:04.876+0800: 2555176.574: [GC (Allocation Failure) [PSYoungGen: 501536K->10816K(504320K)] 931348K->451766K(1028608K), 0.0307918 secs] [Times: user=0.04 sys=0.05, real=0.03 secs] 
2021-06-12T23:21:54.858+0800: 2555466.557: [GC (Allocation Failure) [PSYoungGen: 495168K->19936K(504320K)] 936118K->469835K(1028608K), 0.0382879 secs] [Times: user=0.04 sys=0.05, real=0.04 secs] 
2021-06-12T23:26:46.118+0800: 2555757.816: [GC (Allocation Failure) [PSYoungGen: 504288K->14624K(496128K)] 954187K->476060K(1020416K), 0.0365148 secs] [Times: user=0.05 sys=0.06, real=0.04 secs] 
2021-06-12T23:31:38.215+0800: 2556049.913: [GC (Allocation Failure) [PSYoungGen: 490784K->19488K(496128K)] 952220K->489465K(1020416K), 0.0391044 secs] [Times: user=0.04 sys=0.05, real=0.04 secs] 
2021-06-12T23:36:25.452+0800: 2556337.151: [GC (Allocation Failure) [PSYoungGen: 495648K->16640K(499712K)] 965625K->497693K(1024000K), 0.0405469 secs] [Times: user=0.06 sys=0.06, real=0.04 secs] 
2021-06-12T23:41:13.517+0800: 2556625.215: [GC (Allocation Failure) [PSYoungGen: 491264K->15552K(499200K)] 972317K->507464K(1023488K), 0.0396487 secs] [Times: user=0.05 sys=0.05, real=0.04 secs] 
2021-06-12T23:46:04.895+0800: 2556916.594: [GC (Allocation Failure) [PSYoungGen: 490150K->10816K(500736K)] 982063K->513273K(1025024K), 0.0302612 secs] [Times: user=0.04 sys=0.05, real=0.03 secs] 
2021-06-12T23:50:53.666+0800: 2557205.364: [GC (Allocation Failure) [PSYoungGen: 488000K->18944K(496640K)] 990457K->528799K(1020928K), 0.0353839 secs] [Times: user=0.04 sys=0.04, real=0.03 secs] 
2021-06-12T23:55:41.915+0800: 2557493.613: [GC (Allocation Failure) [PSYoungGen: 496128K->16672K(500224K)] 1005983K->538443K(1024512K), 0.0320434 secs] [Times: user=0.04 sys=0.05, real=0.03 secs] 
2021-06-12T23:55:41.947+0800: 2557493.646: [Full GC (Ergonomics) [PSYoungGen: 16672K->0K(500224K)] [ParOldGen: 521771K->328949K(524288K)] 538443K->328949K(1024512K), [Metaspace: 97009K->97005K(1138688K)], 0.5137840 secs] [Times: user=1.05 sys=0.00, real=0.51 secs] 
2021-06-13T00:00:29.957+0800: 2557781.655: [GC (Allocation Failure) [PSYoungGen: 476160K->12064K(500224K)] 805109K->341013K(1024512K), 0.0225002 secs] [Times: user=0.03 sys=0.04, real=0.02 secs] 
2021-06-13T00:05:16.038+0800: 2558067.736: [GC (Allocation Failure) [PSYoungGen: 488224K->12064K(500736K)] 817173K->351084K(1025024K), 0.0663280 secs] [Times: user=0.04 sys=0.04, real=0.07 secs] 
2021-06-13T00:10:08.204+0800: 2558359.902: [GC (Allocation Failure) [PSYoungGen: 489248K->8384K(500736K)] 828268K->356395K(1025024K), 0.0292259 secs] [Times: user=0.04 sys=0.04, real=0.03 secs] 
2021-06-13T00:15:02.905+0800: 2558654.603: [GC (Allocation Failure) [PSYoungGen: 485568K->8480K(500736K)] 833579K->361959K(1025024K), 0.0253356 secs] [Times: user=0.07 sys=0.00, real=0.02 secs] 
2021-06-13T00:19:57.913+0800: 2558949.611: [GC (Allocation Failure) [PSYoungGen: 485664K->11936K(500736K)] 839143K->371643K(1025024K), 0.0296114 secs] [Times: user=0.05 sys=0.04, real=0.03 secs] 
2021-06-13T00:24:51.635+0800: 2559243.333: [GC (Allocation Failure) [PSYoungGen: 489120K->12640K(502272K)] 848827K->382222K(1026560K), 0.0330951 secs] [Times: user=0.04 sys=0.05, real=0.03 secs] 
2021-06-13T00:29:42.618+0800: 2559534.317: [GC (Allocation Failure) [PSYoungGen: 491872K->14272K(501248K)] 861454K->392290K(1025536K), 0.0278726 secs] [Times: user=0.03 sys=0.04, real=0.03 secs] 
2021-06-13T00:34:33.329+0800: 2559825.028: [GC (Allocation Failure) [PSYoungGen: 493504K->12512K(503296K)] 871522K->399998K(1027584K), 0.0279068 secs] [Times: user=0.03 sys=0.04, real=0.03 secs] 
2021-06-13T00:39:29.515+0800: 2560121.213: [GC (Allocation Failure) [PSYoungGen: 494304K->14048K(502784K)] 881790K->410145K(1027072K), 0.0329573 secs] [Times: user=0.05 sys=0.04, real=0.03 secs] 
2021-06-13T00:44:29.427+0800: 2560421.125: [GC (Allocation Failure) [PSYoungGen: 495840K->8544K(503808K)] 891937K->414817K(1028096K), 0.0250975 secs] [Times: user=0.04 sys=0.04, real=0.03 secs] 
2021-06-13T00:49:30.491+0800: 2560722.189: [GC (Allocation Failure) [PSYoungGen: 491872K->8608K(503808K)] 898145K->421755K(1028096K), 0.0236804 secs] [Times: user=0.04 sys=0.04, real=0.03 secs] 
2021-06-13T00:54:25.292+0800: 2561016.991: [GC (Allocation Failure) [PSYoungGen: 491936K->9888K(503808K)] 905083K->429583K(1028096K), 0.0274312 secs] [Times: user=0.03 sys=0.04, real=0.02 secs] 
2021-06-13T00:59:17.188+0800: 2561308.886: [GC (Allocation Failure) [PSYoungGen: 493216K->12928K(503808K)] 912911K->439556K(1028096K), 0.0275195 secs] [Times: user=0.04 sys=0.03, real=0.03 secs] 
2021-06-13T01:04:16.335+0800: 2561608.033: [GC (Allocation Failure) [PSYoungGen: 496256K->9920K(504832K)] 922884K->446637K(1029120K), 0.0244948 secs] [Times: user=0.04 sys=0.04, real=0.02 secs] 
2021-06-13T01:09:08.576+0800: 2561900.275: [GC (Allocation Failure) [PSYoungGen: 494784K->14624K(504320K)] 931501K->458506K(1028608K), 0.0594209 secs] [Times: user=0.04 sys=0.05, real=0.06 secs] 
2021-06-13T01:14:04.490+0800: 2562196.189: [GC (Allocation Failure) [PSYoungGen: 499488K->8896K(504832K)] 943370K->463691K(1029120K), 0.0263388 secs] [Times: user=0.03 sys=0.04, real=0.03 secs] 
2021-06-13T01:18:50.362+0800: 2562482.060: [GC (Allocation Failure) [PSYoungGen: 493760K->15498K(504320K)] 948555K->476785K(1028608K), 0.0298730 secs] [Times: user=0.03 sys=0.04, real=0.03 secs] 
2021-06-13T01:23:50.247+0800: 2562781.945: [GC (Allocation Failure) [PSYoungGen: 500362K->14208K(504320K)] 961649K->486558K(1028608K), 0.0258900 secs] [Times: user=0.04 sys=0.04, real=0.03 secs] 
2021-06-13T01:28:51.361+0800: 2563083.059: [GC (Allocation Failure) [PSYoungGen: 498560K->11232K(504320K)] 970910K->493854K(1028608K), 0.0267306 secs] [Times: user=0.04 sys=0.04, real=0.03 secs] 
2021-06-13T01:33:52.653+0800: 2563384.351: [GC (Allocation Failure) [PSYoungGen: 495584K->9408K(504832K)] 978206K->500071K(1029120K), 0.0331526 secs] [Times: user=0.03 sys=0.03, real=0.03 secs] 
2021-06-13T01:38:53.539+0800: 2563685.237: [GC (Allocation Failure) [PSYoungGen: 494784K->8960K(504832K)] 985447K->506753K(1029120K), 0.0233294 secs] [Times: user=0.03 sys=0.04, real=0.03 secs] 
2021-06-13T01:43:57.726+0800: 2563989.424: [GC (Allocation Failure) [PSYoungGen: 494336K->9728K(505344K)] 992129K->514348K(1029632K), 0.0252560 secs] [Times: user=0.04 sys=0.05, real=0.02 secs] 
2021-06-13T01:48:57.733+0800: 2564289.431: [GC (Allocation Failure) [PSYoungGen: 495616K->10080K(504832K)] 1000236K->522318K(1029120K), 0.0253929 secs] [Times: user=0.04 sys=0.04, real=0.02 secs] 
2021-06-13T01:48:57.759+0800: 2564289.457: [Full GC (Ergonomics) [PSYoungGen: 10080K->0K(504832K)] [ParOldGen: 512238K->300177K(524288K)] 522318K->300177K(1029120K), [Metaspace: 97009K->97009K(1138688K)], 0.4772408 secs] [Times: user=1.01 sys=0.00, real=0.48 secs] 
2021-06-13T01:54:01.343+0800: 2564593.042: [GC (Allocation Failure) [PSYoungGen: 485888K->9440K(506368K)] 786065K->309617K(1030656K), 0.0205819 secs] [Times: user=0.03 sys=0.03, real=0.02 secs] 
2021-06-13T01:58:58.057+0800: 2564889.755: [GC (Allocation Failure) [PSYoungGen: 497376K->10848K(505856K)] 797553K->318908K(1030144K), 0.0318941 secs] [Times: user=0.03 sys=0.04, real=0.03 secs] 
2021-06-13T02:03:56.478+0800: 2565188.177: [GC (Allocation Failure) [PSYoungGen: 498784K->14592K(505856K)] 806844K->330976K(1030144K), 0.0278264 secs] [Times: user=0.04 sys=0.04, real=0.03 secs] 
2021-06-13T02:08:57.536+0800: 2565489.234: [GC (Allocation Failure) [PSYoungGen: 503040K->13312K(506368K)] 819424K->339922K(1030656K), 0.0357222 secs] [Times: user=0.03 sys=0.04, real=0.03 secs] 
2021-06-13T02:13:53.422+0800: 2565785.120: [GC (Allocation Failure) [PSYoungGen: 501760K->12288K(506368K)] 828370K->348359K(1030656K), 0.0572932 secs] [Times: user=0.04 sys=0.05, real=0.05 secs] 
2021-06-13T02:18:48.709+0800: 2566080.407: [GC (Allocation Failure) [PSYoungGen: 500736K->13888K(506368K)] 836807K->358306K(1030656K), 0.0325764 secs] [Times: user=0.05 sys=0.05, real=0.03 secs] 
2021-06-13T02:23:48.760+0800: 2566380.458: [GC (Allocation Failure) [PSYoungGen: 502336K->12640K(506880K)] 846754K->366468K(1031168K), 0.0298655 secs] [Times: user=0.04 sys=0.04, real=0.03 secs] 
2021-06-13T02:28:47.998+0800: 2566679.696: [GC (Allocation Failure) [PSYoungGen: 501600K->13728K(506368K)] 855428K->376536K(1030656K), 0.0301689 secs] [Times: user=0.04 sys=0.04, real=0.03 secs] 
2021-06-13T02:33:48.192+0800: 2566979.890: [GC (Allocation Failure) [PSYoungGen: 502688K->13792K(506368K)] 865496K->386307K(1030656K), 0.0303898 secs] [Times: user=0.09 sys=0.00, real=0.04 secs] 
2021-06-13T02:38:51.004+0800: 2567282.702: [GC (Allocation Failure) [PSYoungGen: 502240K->11840K(506368K)] 874755K->394516K(1030656K), 0.0383082 secs] [Times: user=0.05 sys=0.05, real=0.04 secs] 
2021-06-13T02:43:53.973+0800: 2567585.672: [GC (Allocation Failure) [PSYoungGen: 500288K->11072K(507392K)] 882964K->402253K(1031680K), 0.0266649 secs] [Times: user=0.04 sys=0.04, real=0.02 secs] 
2021-06-13T02:48:50.041+0800: 2567881.739: [GC (Allocation Failure) [PSYoungGen: 501056K->7360K(506880K)] 892237K->407118K(1031168K), 0.0257308 secs] [Times: user=0.04 sys=0.04, real=0.03 secs] 
2021-06-13T02:53:45.263+0800: 2568176.962: [GC (Allocation Failure) [PSYoungGen: 497344K->16864K(503808K)] 897102K->421925K(1028096K), 0.0761357 secs] [Times: user=0.04 sys=0.04, real=0.07 secs] 
2021-06-13T02:58:46.493+0800: 2568478.191: [GC (Allocation Failure) [PSYoungGen: 503264K->8288K(505344K)] 908325K->425890K(1029632K), 0.0256936 secs] [Times: user=0.04 sys=0.04, real=0.02 secs] 
2021-06-13T03:03:44.436+0800: 2568776.134: [GC (Allocation Failure) [PSYoungGen: 494688K->14784K(504320K)] 912290K->438608K(1028608K), 0.0355188 secs] [Times: user=0.04 sys=0.05, real=0.03 secs] 
2021-06-13T03:08:46.430+0800: 2569078.129: [GC (Allocation Failure) [PSYoungGen: 500160K->11104K(504832K)] 923984K->445193K(1029120K), 0.0271405 secs] [Times: user=0.04 sys=0.04, real=0.03 secs] 
2021-06-13T03:13:40.301+0800: 2569371.999: [GC (Allocation Failure) [PSYoungGen: 496480K->16000K(504320K)] 930569K->457789K(1028608K), 0.0365107 secs] [Times: user=0.04 sys=0.04, real=0.04 secs] 
2021-06-13T03:18:40.878+0800: 2569672.576: [GC (Allocation Failure) [PSYoungGen: 501376K->13184K(504832K)] 943165K->465246K(1029120K), 0.0318716 secs] [Times: user=0.05 sys=0.05, real=0.03 secs] 
2021-06-13T03:23:39.614+0800: 2569971.313: [GC (Allocation Failure) [PSYoungGen: 498560K->9472K(505344K)] 950622K->471997K(1029632K), 0.0312129 secs] [Times: user=0.05 sys=0.04, real=0.03 secs] 
2021-06-13T03:28:39.246+0800: 2570270.944: [GC (Allocation Failure) [PSYoungGen: 495872K->12160K(505344K)] 958397K->481904K(1029632K), 0.0304862 secs] [Times: user=0.04 sys=0.05, real=0.03 secs] 
2021-06-13T03:33:41.252+0800: 2570572.951: [GC (Allocation Failure) [PSYoungGen: 498560K->12832K(506368K)] 968304K->491419K(1030656K), 0.0333480 secs] [Times: user=0.05 sys=0.05, real=0.03 secs] 
2021-06-13T03:38:43.132+0800: 2570874.830: [GC (Allocation Failure) [PSYoungGen: 500768K->9312K(505856K)] 979355K->496723K(1030144K), 0.0275235 secs] [Times: user=0.05 sys=0.04, real=0.03 secs] 
2021-06-13T03:43:44.862+0800: 2571176.560: [GC (Allocation Failure) [PSYoungGen: 497248K->11424K(506880K)] 984659K->506366K(1031168K), 0.0365988 secs] [Times: user=0.05 sys=0.05, real=0.04 secs] 
2021-06-13T03:48:44.946+0800: 2571476.646: [GC (Allocation Failure) [PSYoungGen: 500384K->11648K(506368K)] 995326K->513673K(1030656K), 0.0476292 secs] [Times: user=0.06 sys=0.05, real=0.05 secs] 
2021-06-13T03:53:47.515+0800: 2571779.214: [GC (Allocation Failure) [PSYoungGen: 500608K->7264K(506368K)] 1002633K->518289K(1030656K), 0.0269701 secs] [Times: user=0.04 sys=0.04, real=0.03 secs] 
2021-06-13T03:58:47.550+0800: 2572079.249: [GC (Allocation Failure) [PSYoungGen: 496736K->13280K(506880K)] 1007761K->530103K(1031168K), 0.0320587 secs] [Times: user=0.04 sys=0.05, real=0.04 secs] 
2021-06-13T03:58:47.583+0800: 2572079.281: [Full GC (Ergonomics) [PSYoungGen: 13280K->0K(506880K)] [ParOldGen: 516823K->328173K(524288K)] 530103K->328173K(1031168K), [Metaspace: 97009K->97009K(1138688K)], 0.4815359 secs] [Times: user=0.53 sys=0.52, real=0.48 secs] 
2021-06-13T04:03:42.958+0800: 2572374.657: [GC (Allocation Failure) [PSYoungGen: 489472K->16352K(504832K)] 817645K->344525K(1029120K), 0.0288794 secs] [Times: user=0.03 sys=0.04, real=0.03 secs] 
2021-06-13T04:08:41.885+0800: 2572673.583: [GC (Allocation Failure) [PSYoungGen: 503776K->10208K(505856K)] 831949K->349540K(1030144K), 0.0287353 secs] [Times: user=0.05 sys=0.04, real=0.03 secs] 
2021-06-13T04:13:45.110+0800: 2572976.808: [GC (Allocation Failure) [PSYoungGen: 497632K->9664K(506368K)] 836964K->356797K(1030656K), 0.0237358 secs] [Times: user=0.04 sys=0.04, real=0.03 secs] 
2021-06-13T04:18:45.294+0800: 2573276.992: [GC (Allocation Failure) [PSYoungGen: 497600K->9280K(505856K)] 844733K->364273K(1030144K), 0.0255066 secs] [Times: user=0.04 sys=0.03, real=0.02 secs] 
2021-06-13T04:23:40.907+0800: 2573572.605: [GC (Allocation Failure) [PSYoungGen: 497216K->14528K(505344K)] 852209K->376782K(1029632K), 0.0312794 secs] [Times: user=0.04 sys=0.04, real=0.03 secs] 
2021-06-13T04:28:33.756+0800: 2573865.454: [GC (Allocation Failure) [PSYoungGen: 501952K->17056K(504832K)] 864206K->388923K(1029120K), 0.0359765 secs] [Times: user=0.03 sys=0.05, real=0.04 secs] 
2021-06-13T04:33:30.649+0800: 2574162.347: [GC (Allocation Failure) [PSYoungGen: 504480K->14784K(503808K)] 876347K->397471K(1028096K), 0.0333250 secs] [Times: user=0.04 sys=0.04, real=0.04 secs] 
2021-06-13T04:38:29.986+0800: 2574461.684: [GC (Allocation Failure) [PSYoungGen: 499136K->10752K(504320K)] 881823K->403328K(1028608K), 0.0691678 secs] [Times: user=0.03 sys=0.04, real=0.07 secs] 
2021-06-13T04:43:25.304+0800: 2574757.003: [GC (Allocation Failure) [PSYoungGen: 495104K->14336K(504832K)] 887680K->414101K(1029120K), 0.0268483 secs] [Times: user=0.04 sys=0.04, real=0.02 secs] 
2021-06-13T04:48:22.160+0800: 2575053.859: [GC (Allocation Failure) [PSYoungGen: 499712K->11840K(504832K)] 899477K->421958K(1029120K), 0.0259452 secs] [Times: user=0.04 sys=0.04, real=0.03 secs] 
2021-06-13T04:53:18.912+0800: 2575350.611: [GC (Allocation Failure) [PSYoungGen: 497216K->12096K(505856K)] 907334K->431073K(1030144K), 0.0262556 secs] [Times: user=0.08 sys=0.00, real=0.02 secs] 
2021-06-13T04:58:18.157+0800: 2575649.855: [GC (Allocation Failure) [PSYoungGen: 499008K->14048K(505344K)] 917985K->442116K(1029632K), 0.0271208 secs] [Times: user=0.04 sys=0.04, real=0.03 secs] 
2021-06-13T05:03:23.437+0800: 2575955.135: [GC (Allocation Failure) [PSYoungGen: 500960K->18400K(494592K)] 929028K->457387K(1018880K), 0.0371861 secs] [Times: user=0.04 sys=0.04, real=0.04 secs] 
2021-06-13T05:08:30.085+0800: 2576261.783: [GC (Allocation Failure) [PSYoungGen: 494560K->14272K(500224K)] 933547K->465554K(1024512K), 0.0336637 secs] [Times: user=0.04 sys=0.04, real=0.03 secs] 
2021-06-13T05:13:28.345+0800: 2576560.043: [GC (Allocation Failure) [PSYoungGen: 490432K->12736K(501760K)] 941714K->473197K(1026048K), 0.0236795 secs] [Times: user=0.04 sys=0.04, real=0.02 secs] 
2021-06-13T05:18:24.121+0800: 2576855.819: [GC (Allocation Failure) [PSYoungGen: 491456K->12416K(501248K)] 951917K->482927K(1025536K), 0.0306276 secs] [Times: user=0.04 sys=0.04, real=0.03 secs] 
2021-06-13T05:23:29.316+0800: 2577161.014: [GC (Allocation Failure) [PSYoungGen: 491136K->14208K(502784K)] 961647K->492939K(1027072K), 0.0574041 secs] [Times: user=0.04 sys=0.04, real=0.06 secs] 
2021-06-13T05:28:29.048+0800: 2577460.746: [GC (Allocation Failure) [PSYoungGen: 494976K->13664K(502272K)] 973707K->502014K(1026560K), 0.0344529 secs] [Times: user=0.04 sys=0.04, real=0.04 secs] 
2021-06-13T05:33:32.833+0800: 2577764.531: [GC (Allocation Failure) [PSYoungGen: 494432K->14368K(504320K)] 982782K->511983K(1028608K), 0.0325289 secs] [Times: user=0.04 sys=0.05, real=0.03 secs] 
2021-06-13T05:38:35.280+0800: 2578066.978: [GC (Allocation Failure) [PSYoungGen: 498208K->16864K(503808K)] 995823K->524347K(1028096K), 0.0290900 secs] [Times: user=0.03 sys=0.04, real=0.03 secs] 
2021-06-13T05:43:42.618+0800: 2578374.316: [GC (Allocation Failure) [PSYoungGen: 500704K->13376K(504320K)] 1008187K->532405K(1028608K), 0.0290819 secs] [Times: user=0.04 sys=0.04, real=0.03 secs] 
2021-06-13T05:43:42.647+0800: 2578374.346: [Full GC (Ergonomics) [PSYoungGen: 13376K->0K(504320K)] [ParOldGen: 519029K->312052K(524288K)] 532405K->312052K(1028608K), [Metaspace: 97027K->97027K(1138688K)], 0.4742105 secs] [Times: user=0.53 sys=0.51, real=0.47 secs] 
2021-06-13T05:48:46.713+0800: 2578678.411: [GC (Allocation Failure) [PSYoungGen: 483840K->12864K(503808K)] 795892K->324916K(1028096K), 0.0226536 secs] [Times: user=0.03 sys=0.03, real=0.02 secs] 
2021-06-13T05:53:54.829+0800: 2578986.527: [GC (Allocation Failure) [PSYoungGen: 496704K->11360K(504320K)] 808756K->333557K(1028608K), 0.0336645 secs] [Times: user=0.04 sys=0.05, real=0.04 secs] 
2021-06-13T05:58:57.435+0800: 2579289.134: [GC (Allocation Failure) [PSYoungGen: 495712K->11936K(504320K)] 817909K->342889K(1028608K), 0.0331368 secs] [Times: user=0.04 sys=0.05, real=0.03 secs] 
2021-06-13T06:04:04.511+0800: 2579596.209: [GC (Allocation Failure) [PSYoungGen: 496288K->16608K(503808K)] 827241K->355373K(1028096K), 0.0314301 secs] [Times: user=0.04 sys=0.04, real=0.04 secs] 
2021-06-13T06:09:09.568+0800: 2579901.267: [GC (Allocation Failure) [PSYoungGen: 500960K->12128K(504320K)] 839725K->361503K(1028608K), 0.0286327 secs] [Times: user=0.04 sys=0.04, real=0.03 secs] 
2021-06-13T06:14:20.613+0800: 2580212.311: [GC (Allocation Failure) [PSYoungGen: 496480K->10464K(504320K)] 845855K->368633K(1028608K), 0.0316516 secs] [Times: user=0.04 sys=0.04, real=0.03 secs] 
2021-06-13T06:19:32.067+0800: 2580523.765: [GC (Allocation Failure) [PSYoungGen: 494816K->9984K(504320K)] 852985K->375547K(1028608K), 0.0326446 secs] [Times: user=0.03 sys=0.05, real=0.03 secs] 
2021-06-13T06:24:35.819+0800: 2580827.518: [GC (Allocation Failure) [PSYoungGen: 494336K->18592K(501760K)] 859899K->391073K(1026048K), 0.0321032 secs] [Times: user=0.05 sys=0.05, real=0.03 secs] 
2021-06-13T06:29:38.723+0800: 2581130.421: [GC (Allocation Failure) [PSYoungGen: 500896K->10048K(503296K)] 873377K->394823K(1027584K), 0.0257545 secs] [Times: user=0.04 sys=0.04, real=0.02 secs] 
2021-06-13T06:34:41.505+0800: 2581433.203: [GC (Allocation Failure) [PSYoungGen: 492352K->13888K(503808K)] 877127K->406012K(1028096K), 0.0303763 secs] [Times: user=0.04 sys=0.05, real=0.03 secs] 
2021-06-13T06:39:45.044+0800: 2581736.742: [GC (Allocation Failure) [PSYoungGen: 496703K->14624K(503296K)] 888827K->416561K(1027584K), 0.0446278 secs] [Times: user=0.04 sys=0.04, real=0.04 secs] 
2021-06-13T06:44:48.168+0800: 2582039.866: [GC (Allocation Failure) [PSYoungGen: 497440K->16704K(502784K)] 899377K->428110K(1027072K), 0.0281069 secs] [Times: user=0.04 sys=0.03, real=0.03 secs] 
2021-06-13T06:49:51.497+0800: 2582343.195: [GC (Allocation Failure) [PSYoungGen: 499008K->15200K(503296K)] 910414K->436680K(1027584K), 0.0341370 secs] [Times: user=0.04 sys=0.05, real=0.03 secs] 
2021-06-13T06:54:55.070+0800: 2582646.769: [GC (Allocation Failure) [PSYoungGen: 497504K->15552K(503808K)] 918984K->446563K(1028096K), 0.0296746 secs] [Times: user=0.03 sys=0.04, real=0.03 secs] 
2021-06-13T06:59:58.413+0800: 2582950.111: [GC (Allocation Failure) [PSYoungGen: 498880K->14400K(503808K)] 929891K->455365K(1028096K), 0.0290962 secs] [Times: user=0.05 sys=0.05, real=0.02 secs] 
2021-06-13T07:05:04.852+0800: 2583256.550: [GC (Allocation Failure) [PSYoungGen: 497728K->14528K(504832K)] 938693K->466104K(1029120K), 0.0281292 secs] [Times: user=0.04 sys=0.05, real=0.03 secs] 
2021-06-13T07:10:11.564+0800: 2583563.262: [GC (Allocation Failure) [PSYoungGen: 499392K->12288K(504320K)] 950968K->474619K(1028608K), 0.0682539 secs] [Times: user=0.04 sys=0.04, real=0.07 secs] 
2021-06-13T07:15:18.396+0800: 2583870.095: [GC (Allocation Failure) [PSYoungGen: 497152K->16224K(503808K)] 959483K->486825K(1028096K), 0.0310097 secs] [Times: user=0.04 sys=0.04, real=0.03 secs] 
2021-06-13T07:20:15.554+0800: 2584167.255: [GC (Allocation Failure) [PSYoungGen: 500576K->14122K(504320K)] 971177K->495486K(1028608K), 0.0522434 secs] [Times: user=0.05 sys=0.04, real=0.05 secs] 
2021-06-13T07:25:18.611+0800: 2584470.309: [GC (Allocation Failure) [PSYoungGen: 498474K->14144K(505344K)] 979838K->506272K(1029632K), 0.0346090 secs] [Times: user=0.05 sys=0.05, real=0.04 secs] 
2021-06-13T07:30:18.083+0800: 2584769.781: [GC (Allocation Failure) [PSYoungGen: 500032K->17120K(504832K)] 992160K->517998K(1029120K), 0.0332553 secs] [Times: user=0.04 sys=0.04, real=0.03 secs] 
2021-06-13T07:35:20.625+0800: 2585072.324: [GC (Allocation Failure) [PSYoungGen: 503008K->12480K(504832K)] 1003886K->524895K(1029120K), 0.0290005 secs] [Times: user=0.04 sys=0.04, real=0.03 secs] 
2021-06-13T07:35:20.655+0800: 2585072.353: [Full GC (Ergonomics) [PSYoungGen: 12480K->0K(504832K)] [ParOldGen: 512415K->320452K(524288K)] 524895K->320452K(1029120K), [Metaspace: 97027K->97027K(1138688K)], 0.5445310 secs] [Times: user=0.56 sys=0.56, real=0.54 secs] 
2021-06-13T07:40:29.556+0800: 2585381.254: [GC (Allocation Failure) [PSYoungGen: 485376K->11840K(504832K)] 805828K->332292K(1029120K), 0.0207920 secs] [Times: user=0.03 sys=0.03, real=0.02 secs] 
2021-06-13T07:45:35.751+0800: 2585687.450: [GC (Allocation Failure) [PSYoungGen: 497216K->13888K(505344K)] 817668K->343318K(1029632K), 0.0285506 secs] [Times: user=0.04 sys=0.04, real=0.03 secs] 
2021-06-13T07:50:46.990+0800: 2585998.688: [GC (Allocation Failure) [PSYoungGen: 499776K->9440K(504832K)] 829206K->348501K(1029120K), 0.0261759 secs] [Times: user=0.04 sys=0.04, real=0.03 secs] 
2021-06-13T07:55:53.887+0800: 2586305.585: [GC (Allocation Failure) [PSYoungGen: 495328K->15552K(504320K)] 834389K->361090K(1028608K), 0.0328175 secs] [Times: user=0.04 sys=0.04, real=0.03 secs] 
2021-06-13T08:00:55.966+0800: 2586607.664: [GC (Allocation Failure) [PSYoungGen: 500928K->13600K(504832K)] 846466K->370598K(1029120K), 0.0334995 secs] [Times: user=0.05 sys=0.05, real=0.03 secs] 
2021-06-13T08:06:02.208+0800: 2586913.906: [GC (Allocation Failure) [PSYoungGen: 498976K->12256K(505856K)] 855974K->378289K(1030144K), 0.0299511 secs] [Times: user=0.04 sys=0.04, real=0.03 secs] 
2021-06-13T08:11:10.801+0800: 2587222.499: [GC (Allocation Failure) [PSYoungGen: 499168K->14144K(505344K)] 865201K->388796K(1029632K), 0.0268179 secs] [Times: user=0.04 sys=0.04, real=0.03 secs] 
2021-06-13T08:16:17.122+0800: 2587528.821: [GC (Allocation Failure) [PSYoungGen: 501056K->10848K(505856K)] 875708K->394260K(1030144K), 0.0256361 secs] [Times: user=0.04 sys=0.04, real=0.02 secs] 
2021-06-13T08:21:27.982+0800: 2587839.680: [GC (Allocation Failure) [PSYoungGen: 498272K->10144K(505856K)] 881684K->401045K(1030144K), 0.0310970 secs] [Times: user=0.05 sys=0.05, real=0.04 secs] 
2021-06-13T08:26:33.233+0800: 2588144.931: [GC (Allocation Failure) [PSYoungGen: 497568K->13280K(506368K)] 888469K->412058K(1030656K), 0.0283748 secs] [Times: user=0.05 sys=0.04, real=0.02 secs] 
2021-06-13T08:31:36.208+0800: 2588447.906: [GC (Allocation Failure) [PSYoungGen: 501216K->13600K(505856K)] 899994K->421134K(1030144K), 0.0299996 secs] [Times: user=0.03 sys=0.04, real=0.03 secs] 
2021-06-13T08:36:44.170+0800: 2588755.869: [GC (Allocation Failure) [PSYoungGen: 501536K->15072K(506368K)] 909070K->431978K(1030656K), 0.0322790 secs] [Times: user=0.05 sys=0.04, real=0.04 secs] 
2021-06-13T08:41:53.511+0800: 2589065.209: [GC (Allocation Failure) [PSYoungGen: 503520K->12512K(506368K)] 920426K->439683K(1030656K), 0.0274152 secs] [Times: user=0.04 sys=0.04, real=0.03 secs] 
2021-06-13T08:47:09.962+0800: 2589381.661: [GC (Allocation Failure) [PSYoungGen: 500960K->10400K(506368K)] 928131K->446420K(1030656K), 0.0268133 secs] [Times: user=0.04 sys=0.04, real=0.02 secs] 
2021-06-13T08:52:17.047+0800: 2589688.745: [GC (Allocation Failure) [PSYoungGen: 498842K->8032K(506368K)] 934863K->452198K(1030656K), 0.0303187 secs] [Times: user=0.04 sys=0.04, real=0.03 secs] 
2021-06-13T08:57:26.615+0800: 2589998.314: [GC (Allocation Failure) [PSYoungGen: 496480K->12800K(506368K)] 940646K->462907K(1030656K), 0.0269057 secs] [Times: user=0.04 sys=0.04, real=0.03 secs] 
2021-06-13T09:02:41.041+0800: 2590312.740: [GC (Allocation Failure) [PSYoungGen: 501248K->9248K(506368K)] 951355K->468900K(1030656K), 0.0250100 secs] [Times: user=0.04 sys=0.04, real=0.03 secs] 
2021-06-13T09:07:50.881+0800: 2590622.579: [GC (Allocation Failure) [PSYoungGen: 497696K->12000K(506880K)] 957348K->479319K(1031168K), 0.0258140 secs] [Times: user=0.04 sys=0.04, real=0.03 secs] 
2021-06-13T09:12:56.049+0800: 2590927.747: [GC (Allocation Failure) [PSYoungGen: 500960K->12192K(506368K)] 968279K->488467K(1030656K), 0.0247008 secs] [Times: user=0.04 sys=0.03, real=0.03 secs] 
2021-06-13T09:17:58.341+0800: 2591230.039: [GC (Allocation Failure) [PSYoungGen: 501152K->14336K(506368K)] 977427K->499406K(1030656K), 0.0307780 secs] [Times: user=0.05 sys=0.04, real=0.03 secs] 
2021-06-13T09:23:07.826+0800: 2591539.524: [GC (Allocation Failure) [PSYoungGen: 503808K->14048K(506880K)] 988878K->508529K(1031168K), 0.0286982 secs] [Times: user=0.04 sys=0.04, real=0.03 secs] 
2021-06-13T09:28:13.670+0800: 2591845.368: [GC (Allocation Failure) [PSYoungGen: 503520K->17376K(497664K)] 998001K->521141K(1021952K), 0.0304702 secs] [Times: user=0.04 sys=0.04, real=0.03 secs] 
2021-06-13T09:33:13.819+0800: 2592145.517: [GC (Allocation Failure) [PSYoungGen: 497632K->13024K(502272K)] 1001397K->528303K(1026560K), 0.0264730 secs] [Times: user=0.03 sys=0.04, real=0.03 secs] 
2021-06-13T09:33:13.846+0800: 2592145.544: [Full GC (Ergonomics) [PSYoungGen: 13024K->0K(502272K)] [ParOldGen: 515279K->315545K(524288K)] 528303K->315545K(1026560K), [Metaspace: 97027K->97023K(1138688K)], 0.5159095 secs] [Times: user=0.54 sys=0.54, real=0.52 secs] 
2021-06-13T09:38:17.495+0800: 2592449.193: [GC (Allocation Failure) [PSYoungGen: 480256K->12448K(503296K)] 795801K->327993K(1027584K), 0.0225970 secs] [Times: user=0.03 sys=0.04, real=0.02 secs] 
2021-06-13T09:43:22.157+0800: 2592753.856: [GC (Allocation Failure) [PSYoungGen: 494240K->8480K(502784K)] 809785K->334276K(1027072K), 0.0258425 secs] [Times: user=0.03 sys=0.04, real=0.03 secs] 
2021-06-13T09:48:28.316+0800: 2593060.014: [GC (Allocation Failure) [PSYoungGen: 490272K->8800K(503296K)] 816068K->341374K(1027584K), 0.0317313 secs] [Times: user=0.04 sys=0.05, real=0.03 secs] 
2021-06-13T09:53:28.519+0800: 2593360.217: [GC (Allocation Failure) [PSYoungGen: 491104K->13952K(503296K)] 823678K->353436K(1027584K), 0.0280491 secs] [Times: user=0.05 sys=0.04, real=0.03 secs] 
2021-06-13T09:58:32.433+0800: 2593664.131: [GC (Allocation Failure) [PSYoungGen: 496256K->13408K(504320K)] 835740K->362670K(1028608K), 0.0329906 secs] [Times: user=0.04 sys=0.04, real=0.03 secs] 
2021-06-13T10:03:42.471+0800: 2593974.169: [GC (Allocation Failure) [PSYoungGen: 496736K->8608K(503296K)] 845998K->367862K(1027584K), 0.0666488 secs] [Times: user=0.04 sys=0.05, real=0.07 secs] 
2021-06-13T10:08:48.825+0800: 2594280.524: [GC (Allocation Failure) [PSYoungGen: 491936K->8352K(504320K)] 851190K->373642K(1028608K), 0.0253843 secs] [Times: user=0.03 sys=0.04, real=0.02 secs] 
2021-06-13T10:13:48.691+0800: 2594580.389: [GC (Allocation Failure) [PSYoungGen: 492192K->15584K(503808K)] 857482K->387023K(1028096K), 0.0615554 secs] [Times: user=0.03 sys=0.04, real=0.07 secs] 
2021-06-13T10:18:53.539+0800: 2594885.237: [GC (Allocation Failure) [PSYoungGen: 499424K->15328K(502784K)] 870863K->396611K(1027072K), 0.0277880 secs] [Times: user=0.04 sys=0.04, real=0.03 secs] 
2021-06-13T10:24:03.786+0800: 2595195.484: [GC (Allocation Failure) [PSYoungGen: 497632K->12992K(503296K)] 878915K->405869K(1027584K), 0.0702402 secs] [Times: user=0.05 sys=0.04, real=0.07 secs] 
2021-06-13T10:29:02.842+0800: 2595494.540: [GC (Allocation Failure) [PSYoungGen: 495296K->14784K(503808K)] 888173K->416730K(1028096K), 0.0561276 secs] [Times: user=0.05 sys=0.04, real=0.06 secs] 
2021-06-13T10:34:04.575+0800: 2595796.273: [GC (Allocation Failure) [PSYoungGen: 498112K->13888K(503808K)] 900058K->425284K(1028096K), 0.0297365 secs] [Times: user=0.04 sys=0.04, real=0.03 secs] 
2021-06-13T10:39:13.050+0800: 2596104.749: [GC (Allocation Failure) [PSYoungGen: 497216K->11936K(504832K)] 908612K->433286K(1029120K), 0.0336369 secs] [Times: user=0.04 sys=0.04, real=0.04 secs] 
2021-06-13T10:44:19.416+0800: 2596411.114: [GC (Allocation Failure) [PSYoungGen: 496800K->11008K(504320K)] 918150K->441130K(1028608K), 0.0307642 secs] [Times: user=0.04 sys=0.05, real=0.03 secs] 
2021-06-13T10:49:22.966+0800: 2596714.664: [GC (Allocation Failure) [PSYoungGen: 495872K->15200K(504320K)] 925994K->452989K(1028608K), 0.0367867 secs] [Times: user=0.05 sys=0.05, real=0.04 secs] 
2021-06-13T10:54:23.119+0800: 2597014.817: [GC (Allocation Failure) [PSYoungGen: 500576K->12864K(504832K)] 938365K->461112K(1029120K), 0.0855284 secs] [Times: user=0.04 sys=0.05, real=0.09 secs] 
2021-06-13T10:59:27.305+0800: 2597319.004: [GC (Allocation Failure) [PSYoungGen: 498240K->9536K(505344K)] 946488K->467152K(1029632K), 0.0255280 secs] [Times: user=0.04 sys=0.04, real=0.02 secs] 
2021-06-13T11:04:28.205+0800: 2597619.903: [GC (Allocation Failure) [PSYoungGen: 495936K->15168K(501760K)] 953552K->479652K(1026048K), 0.0580681 secs] [Times: user=0.04 sys=0.05, real=0.06 secs] 
2021-06-13T11:09:34.474+0800: 2597926.173: [GC (Allocation Failure) [PSYoungGen: 501568K->12224K(505344K)] 966052K->486815K(1029632K), 0.0340229 secs] [Times: user=0.04 sys=0.04, real=0.03 secs] 
2021-06-13T11:14:40.500+0800: 2598232.198: [GC (Allocation Failure) [PSYoungGen: 498112K->18912K(504832K)] 972703K->504179K(1029120K), 0.0394633 secs] [Times: user=0.05 sys=0.05, real=0.04 secs] 
2021-06-13T11:19:42.872+0800: 2598534.571: [GC (Allocation Failure) [PSYoungGen: 504800K->17888K(494592K)] 990067K->515084K(1018880K), 0.0593220 secs] [Times: user=0.06 sys=0.06, real=0.05 secs] 
2021-06-13T11:24:44.544+0800: 2598836.242: [GC (Allocation Failure) [PSYoungGen: 493024K->15424K(499712K)] 990220K->523633K(1024000K), 0.0366472 secs] [Times: user=0.05 sys=0.04, real=0.03 secs] 
2021-06-13T11:29:37.805+0800: 2599129.503: [GC (Allocation Failure) [PSYoungGen: 490560K->16288K(500736K)] 998769K->534469K(1025024K), 0.0379683 secs] [Times: user=0.05 sys=0.05, real=0.04 secs] 
2021-06-13T11:29:37.843+0800: 2599129.542: [Full GC (Ergonomics) [PSYoungGen: 16288K->0K(500736K)] [ParOldGen: 518181K->322692K(524288K)] 534469K->322692K(1025024K), [Metaspace: 97084K->97084K(1138688K)], 0.5206481 secs] [Times: user=1.15 sys=0.00, real=0.52 secs] 
2021-06-13T11:34:39.252+0800: 2599430.950: [GC (Allocation Failure) [PSYoungGen: 476672K->12672K(500224K)] 799364K->335364K(1024512K), 0.0275152 secs] [Times: user=0.04 sys=0.04, real=0.02 secs] 
2021-06-13T11:39:38.719+0800: 2599730.417: [GC (Allocation Failure) [PSYoungGen: 489344K->18592K(500224K)] 812036K->350608K(1024512K), 0.0374680 secs] [Times: user=0.05 sys=0.05, real=0.04 secs] 
2021-06-13T11:44:35.491+0800: 2600027.190: [GC (Allocation Failure) [PSYoungGen: 495776K->14752K(500736K)] 827792K->359458K(1025024K), 0.0708489 secs] [Times: user=0.05 sys=0.04, real=0.08 secs] 
2021-06-13T11:49:31.630+0800: 2600323.329: [GC (Allocation Failure) [PSYoungGen: 491936K->16000K(501760K)] 836642K->370625K(1026048K), 0.0346817 secs] [Times: user=0.04 sys=0.05, real=0.04 secs] 
2021-06-13T11:54:31.773+0800: 2600623.471: [GC (Allocation Failure) [PSYoungGen: 494720K->12256K(501248K)] 849345K->378208K(1025536K), 0.0339353 secs] [Times: user=0.04 sys=0.05, real=0.03 secs] 
2021-06-13T11:59:30.930+0800: 2600922.629: [GC (Allocation Failure) [PSYoungGen: 490976K->18048K(501760K)] 856928K->391781K(1026048K), 0.0881283 secs] [Times: user=0.04 sys=0.04, real=0.09 secs] 
2021-06-13T12:04:32.282+0800: 2601223.980: [GC (Allocation Failure) [PSYoungGen: 497280K->18880K(498176K)] 871013K->403770K(1022464K), 0.0355957 secs] [Times: user=0.05 sys=0.05, real=0.04 secs] 
2021-06-13T12:09:28.539+0800: 2601520.237: [GC (Allocation Failure) [PSYoungGen: 498112K->19712K(499712K)] 883002K->415368K(1024000K), 0.0531221 secs] [Times: user=0.05 sys=0.05, real=0.06 secs] 
2021-06-13T12:14:25.958+0800: 2601817.656: [GC (Allocation Failure) [PSYoungGen: 495872K->15872K(500224K)] 891528K->422412K(1024512K), 0.0425151 secs] [Times: user=0.05 sys=0.04, real=0.04 secs] 
2021-06-13T12:19:21.386+0800: 2602113.084: [GC (Allocation Failure) [PSYoungGen: 492032K->17152K(501248K)] 898572K->433768K(1025536K), 0.0380817 secs] [Times: user=0.05 sys=0.05, real=0.04 secs] 
2021-06-13T12:24:21.039+0800: 2602412.737: [GC (Allocation Failure) [PSYoungGen: 494848K->15936K(500736K)] 911464K->443245K(1025024K), 0.0343995 secs] [Times: user=0.04 sys=0.05, real=0.04 secs] 
2021-06-13T12:29:22.763+0800: 2602714.461: [GC (Allocation Failure) [PSYoungGen: 493632K->15584K(502272K)] 920941K->453792K(1026560K), 0.0718276 secs] [Times: user=0.05 sys=0.05, real=0.07 secs] 
2021-06-13T12:34:18.919+0800: 2603010.617: [GC (Allocation Failure) [PSYoungGen: 495328K->15136K(501760K)] 933536K->463212K(1026048K), 0.0478937 secs] [Times: user=0.04 sys=0.04, real=0.05 secs] 
2021-06-13T12:39:17.842+0800: 2603309.540: [GC (Allocation Failure) [PSYoungGen: 494880K->18112K(501760K)] 942956K->475400K(1026048K), 0.0382673 secs] [Times: user=0.05 sys=0.05, real=0.04 secs] 
2021-06-13T12:44:14.766+0800: 2603606.464: [GC (Allocation Failure) [PSYoungGen: 498368K->15200K(502272K)] 955656K->483357K(1026560K), 0.0423824 secs] [Times: user=0.04 sys=0.05, real=0.04 secs] 
2021-06-13T12:49:13.676+0800: 2603905.374: [GC (Allocation Failure) [PSYoungGen: 495456K->12768K(502784K)] 963613K->491784K(1027072K), 0.0293777 secs] [Times: user=0.04 sys=0.05, real=0.03 secs] 
2021-06-13T12:54:16.808+0800: 2604208.507: [GC (Allocation Failure) [PSYoungGen: 494048K->14432K(502784K)] 973064K->502577K(1027072K), 0.0253184 secs] [Times: user=0.04 sys=0.03, real=0.03 secs] 
2021-06-13T12:59:16.557+0800: 2604508.255: [GC (Allocation Failure) [PSYoungGen: 495712K->12128K(503296K)] 983857K->509316K(1027584K), 0.0942804 secs] [Times: user=0.03 sys=0.04, real=0.09 secs] 
2021-06-13T13:04:16.851+0800: 2604808.549: [GC (Allocation Failure) [PSYoungGen: 494432K->16160K(503296K)] 991620K->522232K(1027584K), 0.0757561 secs] [Times: user=0.04 sys=0.04, real=0.08 secs] 
2021-06-13T13:09:21.550+0800: 2605113.248: [GC (Allocation Failure) [PSYoungGen: 498464K->12064K(503296K)] 1004536K->530113K(1027584K), 0.0286606 secs] [Times: user=0.04 sys=0.05, real=0.03 secs] 
2021-06-13T13:09:21.579+0800: 2605113.277: [Full GC (Ergonomics) [PSYoungGen: 12064K->0K(503296K)] [ParOldGen: 518049K->320625K(524288K)] 530113K->320625K(1027584K), [Metaspace: 97086K->97086K(1138688K)], 0.4722617 secs] [Times: user=0.49 sys=0.48, real=0.47 secs] 
2021-06-13T13:14:22.569+0800: 2605414.267: [GC (Allocation Failure) [PSYoungGen: 482304K->16896K(503296K)] 802929K->337521K(1027584K), 0.0234763 secs] [Times: user=0.03 sys=0.03, real=0.03 secs] 
2021-06-13T13:19:16.284+0800: 2605707.982: [GC (Allocation Failure) [PSYoungGen: 499200K->16682K(503296K)] 819825K->350048K(1027584K), 0.0286258 secs] [Times: user=0.03 sys=0.05, real=0.03 secs] 
2021-06-13T13:24:18.776+0800: 2606010.474: [GC (Allocation Failure) [PSYoungGen: 498986K->14048K(503296K)] 832352K->359060K(1027584K), 0.0455613 secs] [Times: user=0.05 sys=0.05, real=0.04 secs] 
2021-06-13T13:29:22.158+0800: 2606313.857: [GC (Allocation Failure) [PSYoungGen: 496352K->15808K(503808K)] 841364K->370816K(1028096K), 0.0789290 secs] [Times: user=0.04 sys=0.04, real=0.08 secs] 
2021-06-13T13:34:31.804+0800: 2606623.502: [GC (Allocation Failure) [PSYoungGen: 498624K->13504K(503296K)] 853632K->379617K(1027584K), 0.0295624 secs] [Times: user=0.04 sys=0.04, real=0.03 secs] 
2021-06-13T13:39:32.568+0800: 2606924.266: [GC (Allocation Failure) [PSYoungGen: 496320K->13056K(504320K)] 862433K->388373K(1028608K), 0.0428407 secs] [Times: user=0.05 sys=0.06, real=0.04 secs] 
2021-06-13T13:44:36.494+0800: 2607228.192: [GC (Allocation Failure) [PSYoungGen: 496896K->14816K(503808K)] 872213K->397745K(1028096K), 0.0280135 secs] [Times: user=0.04 sys=0.03, real=0.02 secs] 
2021-06-13T13:49:40.538+0800: 2607532.236: [GC (Allocation Failure) [PSYoungGen: 498656K->16736K(503808K)] 881585K->409774K(1028096K), 0.0407831 secs] [Times: user=0.06 sys=0.06, real=0.04 secs] 
2021-06-13T13:54:38.018+0800: 2607829.716: [GC (Allocation Failure) [PSYoungGen: 501088K->15136K(504320K)] 894126K->420224K(1028608K), 0.0330645 secs] [Times: user=0.05 sys=0.04, real=0.03 secs] 
2021-06-13T13:59:47.092+0800: 2608138.790: [GC (Allocation Failure) [PSYoungGen: 499488K->10496K(503808K)] 904576K->425648K(1028096K), 0.0271948 secs] [Times: user=0.04 sys=0.04, real=0.02 secs] 
2021-06-13T14:04:57.243+0800: 2608448.941: [GC (Allocation Failure) [PSYoungGen: 494848K->13216K(504320K)] 910000K->436003K(1028608K), 0.0835121 secs] [Times: user=0.07 sys=0.00, real=0.08 secs] 
2021-06-13T14:10:05.476+0800: 2608757.174: [GC (Allocation Failure) [PSYoungGen: 497568K->14720K(505344K)] 920355K->446505K(1029632K), 0.0362282 secs] [Times: user=0.04 sys=0.04, real=0.04 secs] 
2021-06-13T14:15:12.334+0800: 2609064.032: [GC (Allocation Failure) [PSYoungGen: 500608K->11392K(504832K)] 932393K->454867K(1029120K), 0.0888169 secs] [Times: user=0.03 sys=0.05, real=0.09 secs] 
2021-06-13T14:20:17.316+0800: 2609369.014: [GC (Allocation Failure) [PSYoungGen: 497280K->17536K(503808K)] 940755K->468618K(1028096K), 0.0326946 secs] [Times: user=0.04 sys=0.04, real=0.03 secs] 
2021-06-13T14:25:18.221+0800: 2609669.919: [GC (Allocation Failure) [PSYoungGen: 501888K->15904K(504320K)] 952970K->479005K(1028608K), 0.0297426 secs] [Times: user=0.08 sys=0.00, real=0.03 secs] 
2021-06-13T14:30:16.788+0800: 2609968.486: [GC (Allocation Failure) [PSYoungGen: 500256K->19936K(493056K)] 963357K->494139K(1017344K), 0.0291566 secs] [Times: user=0.04 sys=0.04, real=0.03 secs] 
2021-06-13T14:35:10.155+0800: 2610261.853: [GC (Allocation Failure) [PSYoungGen: 493024K->15872K(498688K)] 967227K->501527K(1022976K), 0.0362071 secs] [Times: user=0.04 sys=0.04, real=0.03 secs] 
2021-06-13T14:40:07.484+0800: 2610559.182: [GC (Allocation Failure) [PSYoungGen: 488960K->16640K(500224K)] 974615K->512818K(1024512K), 0.0315790 secs] [Times: user=0.04 sys=0.04, real=0.03 secs] 
2021-06-13T14:45:03.329+0800: 2610855.027: [GC (Allocation Failure) [PSYoungGen: 492288K->17216K(499712K)] 988466K->524583K(1024000K), 0.0343148 secs] [Times: user=0.04 sys=0.05, real=0.04 secs] 
2021-06-13T14:50:06.197+0800: 2611157.896: [GC (Allocation Failure) [PSYoungGen: 492864K->13536K(500736K)] 1000231K->531659K(1025024K), 0.0262391 secs] [Times: user=0.04 sys=0.04, real=0.03 secs] 
2021-06-13T14:50:06.224+0800: 2611157.922: [Full GC (Ergonomics) [PSYoungGen: 13536K->0K(500736K)] [ParOldGen: 518123K->320819K(524288K)] 531659K->320819K(1025024K), [Metaspace: 97086K->97086K(1138688K)], 0.4748102 secs] [Times: user=0.51 sys=0.51, real=0.47 secs] 
2021-06-13T14:55:06.192+0800: 2611457.890: [GC (Allocation Failure) [PSYoungGen: 477184K->15840K(500736K)] 798003K->336659K(1025024K), 0.0245369 secs] [Times: user=0.03 sys=0.03, real=0.03 secs] 
2021-06-13T15:00:00.856+0800: 2611752.555: [GC (Allocation Failure) [PSYoungGen: 493024K->17504K(501760K)] 813843K->348656K(1026048K), 0.0587083 secs] [Times: user=0.05 sys=0.06, real=0.06 secs] 
2021-06-13T15:05:04.134+0800: 2612055.832: [GC (Allocation Failure) [PSYoungGen: 496736K->16672K(501760K)] 827888K->358750K(1026048K), 0.0278860 secs] [Times: user=0.07 sys=0.00, real=0.03 secs] 
2021-06-13T15:10:05.652+0800: 2612357.358: [GC (Allocation Failure) [PSYoungGen: 495904K->17472K(502272K)] 837982K->370579K(1026560K), 0.0369522 secs] [Times: user=0.04 sys=0.04, real=0.04 secs] 
2021-06-13T15:15:09.847+0800: 2612661.545: [GC (Allocation Failure) [PSYoungGen: 497728K->15008K(502272K)] 850835K->380028K(1026560K), 0.0266273 secs] [Times: user=0.04 sys=0.03, real=0.03 secs] 
2021-06-13T15:20:17.472+0800: 2612969.170: [GC (Allocation Failure) [PSYoungGen: 495259K->13664K(502784K)] 860280K->388550K(1027072K), 0.0286184 secs] [Times: user=0.04 sys=0.04, real=0.03 secs] 
2021-06-13T15:25:21.191+0800: 2613272.889: [GC (Allocation Failure) [PSYoungGen: 494432K->9824K(502272K)] 869318K->395048K(1026560K), 0.0236907 secs] [Times: user=0.03 sys=0.04, real=0.03 secs] 
2021-06-13T15:30:28.832+0800: 2613580.530: [GC (Allocation Failure) [PSYoungGen: 490592K->13024K(502272K)] 875816K->406372K(1026560K), 0.0252885 secs] [Times: user=0.04 sys=0.04, real=0.03 secs] 
2021-06-13T15:35:27.032+0800: 2613878.730: [GC (Allocation Failure) [PSYoungGen: 493280K->16064K(502272K)] 886628K->419511K(1026560K), 0.0299626 secs] [Times: user=0.04 sys=0.04, real=0.03 secs] 
2021-06-13T15:40:28.097+0800: 2614179.795: [GC (Allocation Failure) [PSYoungGen: 496320K->16448K(502784K)] 899767K->429406K(1027072K), 0.0473264 secs] [Times: user=0.04 sys=0.04, real=0.05 secs] 
2021-06-13T15:45:32.355+0800: 2614484.053: [GC (Allocation Failure) [PSYoungGen: 497728K->13408K(502784K)] 910686K->436968K(1027072K), 0.0295319 secs] [Times: user=0.04 sys=0.05, real=0.03 secs] 
2021-06-13T15:50:33.996+0800: 2614785.694: [GC (Allocation Failure) [PSYoungGen: 494688K->15008K(503808K)] 918248K->448731K(1028096K), 0.0294150 secs] [Times: user=0.05 sys=0.04, real=0.03 secs] 
2021-06-13T15:55:34.618+0800: 2615086.316: [GC (Allocation Failure) [PSYoungGen: 497824K->15264K(503296K)] 931547K->459608K(1027584K), 0.0367590 secs] [Times: user=0.05 sys=0.06, real=0.04 secs] 
2021-06-13T16:00:33.297+0800: 2615384.996: [GC (Allocation Failure) [PSYoungGen: 498074K->19392K(501248K)] 942418K->474413K(1025536K), 0.0350262 secs] [Times: user=0.09 sys=0.00, real=0.04 secs] 
2021-06-13T16:05:37.080+0800: 2615688.779: [GC (Allocation Failure) [PSYoungGen: 500672K->13536K(502784K)] 955693K->481134K(1027072K), 0.0272959 secs] [Times: user=0.04 sys=0.04, real=0.03 secs] 
2021-06-13T16:10:38.526+0800: 2615990.224: [GC (Allocation Failure) [PSYoungGen: 494816K->14592K(503808K)] 962414K->491618K(1028096K), 0.0282991 secs] [Times: user=0.04 sys=0.03, real=0.03 secs] 
2021-06-13T16:15:37.982+0800: 2616289.680: [GC (Allocation Failure) [PSYoungGen: 497408K->17440K(503296K)] 974434K->503664K(1027584K), 0.0329471 secs] [Times: user=0.04 sys=0.05, real=0.04 secs] 
2021-06-13T16:20:37.704+0800: 2616589.402: [GC (Allocation Failure) [PSYoungGen: 500256K->14688K(503808K)] 986480K->512049K(1028096K), 0.0291305 secs] [Times: user=0.04 sys=0.05, real=0.03 secs] 
2021-06-13T16:25:38.269+0800: 2616889.967: [GC (Allocation Failure) [PSYoungGen: 497504K->12576K(503296K)] 994865K->520866K(1027584K), 0.0345290 secs] [Times: user=0.04 sys=0.04, real=0.04 secs] 
2021-06-13T16:30:43.337+0800: 2617195.035: [GC (Allocation Failure) [PSYoungGen: 495392K->13440K(503808K)] 1003682K->529870K(1028096K), 0.0246731 secs] [Times: user=0.03 sys=0.04, real=0.02 secs] 
2021-06-13T16:30:43.362+0800: 2617195.061: [Full GC (Ergonomics) [PSYoungGen: 13440K->0K(503808K)] [ParOldGen: 516430K->320983K(524288K)] 529870K->320983K(1028096K), [Metaspace: 97086K->97086K(1138688K)], 0.5306900 secs] [Times: user=0.52 sys=0.52, real=0.53 secs] 
2021-06-13T16:35:45.218+0800: 2617496.916: [GC (Allocation Failure) [PSYoungGen: 483328K->12512K(503808K)] 804311K->333495K(1028096K), 0.0203071 secs] [Times: user=0.03 sys=0.03, real=0.02 secs] 
2021-06-13T16:40:49.707+0800: 2617801.405: [GC (Allocation Failure) [PSYoungGen: 495840K->14976K(504320K)] 816823K->346345K(1028608K), 0.0303903 secs] [Times: user=0.04 sys=0.04, real=0.03 secs] 
2021-06-13T16:46:03.517+0800: 2618115.215: [GC (Allocation Failure) [PSYoungGen: 498816K->13408K(503808K)] 830185K->354948K(1028096K), 0.0266022 secs] [Times: user=0.08 sys=0.00, real=0.03 secs] 
2021-06-13T16:51:09.154+0800: 2618420.853: [GC (Allocation Failure) [PSYoungGen: 497248K->12896K(504832K)] 838788K->363974K(1029120K), 0.0324993 secs] [Times: user=0.04 sys=0.04, real=0.03 secs] 
2021-06-13T16:56:11.673+0800: 2618723.372: [GC (Allocation Failure) [PSYoungGen: 498272K->13984K(504832K)] 849350K->374476K(1029120K), 0.0249690 secs] [Times: user=0.03 sys=0.04, real=0.02 secs] 
2021-06-13T17:01:19.247+0800: 2619030.945: [GC (Allocation Failure) [PSYoungGen: 499360K->12352K(505344K)] 859852K->383887K(1029632K), 0.0287390 secs] [Times: user=0.04 sys=0.04, real=0.03 secs] 
2021-06-13T17:06:24.089+0800: 2619335.788: [GC (Allocation Failure) [PSYoungGen: 498752K->15104K(505344K)] 870287K->394923K(1029632K), 0.0530952 secs] [Times: user=0.06 sys=0.06, real=0.06 secs] 
2021-06-13T17:11:32.015+0800: 2619643.714: [GC (Allocation Failure) [PSYoungGen: 501504K->13120K(505856K)] 881323K->403310K(1030144K), 0.0327808 secs] [Times: user=0.03 sys=0.04, real=0.03 secs] 
2021-06-13T17:16:37.342+0800: 2619949.040: [GC (Allocation Failure) [PSYoungGen: 500032K->16160K(505344K)] 890222K->416410K(1029632K), 0.0517556 secs] [Times: user=0.03 sys=0.05, real=0.06 secs] 
2021-06-13T17:21:42.865+0800: 2620254.563: [GC (Allocation Failure) [PSYoungGen: 503072K->14176K(505856K)] 903322K->424269K(1030144K), 0.0368420 secs] [Times: user=0.04 sys=0.06, real=0.03 secs] 
2021-06-13T17:26:47.065+0800: 2620558.763: [GC (Allocation Failure) [PSYoungGen: 501088K->13408K(505344K)] 911181K->432751K(1029632K), 0.0382325 secs] [Times: user=0.04 sys=0.05, real=0.04 secs] 
2021-06-13T17:31:50.393+0800: 2620862.091: [GC (Allocation Failure) [PSYoungGen: 500320K->13312K(506368K)] 919663K->441611K(1030656K), 0.0339032 secs] [Times: user=0.08 sys=0.00, real=0.03 secs] 
2021-06-13T17:36:57.396+0800: 2621169.095: [GC (Allocation Failure) [PSYoungGen: 501248K->13600K(505856K)] 929547K->450824K(1030144K), 0.0291948 secs] [Times: user=0.04 sys=0.04, real=0.03 secs] 
2021-06-13T17:42:04.637+0800: 2621476.335: [GC (Allocation Failure) [PSYoungGen: 501536K->8224K(505344K)] 938760K->455590K(1029632K), 0.0235069 secs] [Times: user=0.03 sys=0.04, real=0.02 secs] 
2021-06-13T17:47:12.058+0800: 2621783.756: [GC (Allocation Failure) [PSYoungGen: 495648K->13152K(505856K)] 943014K->466923K(1030144K), 0.0256126 secs] [Times: user=0.04 sys=0.03, real=0.03 secs] 
2021-06-13T17:52:17.591+0800: 2622089.289: [GC (Allocation Failure) [PSYoungGen: 500576K->8320K(505344K)] 954347K->471379K(1029632K), 0.0254021 secs] [Times: user=0.04 sys=0.04, real=0.03 secs] 
2021-06-13T17:57:31.298+0800: 2622402.996: [GC (Allocation Failure) [PSYoungGen: 495744K->11072K(505856K)] 958803K->479392K(1030144K), 0.0770597 secs] [Times: user=0.04 sys=0.04, real=0.08 secs] 
2021-06-13T18:02:41.923+0800: 2622713.621: [GC (Allocation Failure) [PSYoungGen: 498496K->8608K(505856K)] 966816K->484913K(1030144K), 0.0238903 secs] [Times: user=0.03 sys=0.04, real=0.02 secs] 
2021-06-13T18:07:49.614+0800: 2623021.313: [GC (Allocation Failure) [PSYoungGen: 496032K->12992K(505856K)] 972337K->495542K(1030144K), 0.0918970 secs] [Times: user=0.05 sys=0.04, real=0.09 secs] 
2021-06-13T18:12:52.792+0800: 2623324.490: [GC (Allocation Failure) [PSYoungGen: 500416K->9856K(506368K)] 982966K->502327K(1030656K), 0.0255969 secs] [Times: user=0.04 sys=0.04, real=0.03 secs] 
2021-06-13T18:18:02.019+0800: 2623633.717: [GC (Allocation Failure) [PSYoungGen: 498304K->12992K(506368K)] 990775K->512475K(1030656K), 0.0277346 secs] [Times: user=0.08 sys=0.00, real=0.03 secs] 
2021-06-13T18:23:03.421+0800: 2623935.120: [GC (Allocation Failure) [PSYoungGen: 501440K->17888K(496128K)] 1000923K->526952K(1020416K), 0.0433463 secs] [Times: user=0.04 sys=0.04, real=0.05 secs] 
2021-06-13T18:28:03.360+0800: 2624235.058: [GC (Allocation Failure) [PSYoungGen: 496096K->14000K(501248K)] 1005160K->535164K(1025536K), 0.0280953 secs] [Times: user=0.04 sys=0.04, real=0.03 secs] 
2021-06-13T18:28:03.389+0800: 2624235.087: [Full GC (Ergonomics) [PSYoungGen: 14000K->0K(501248K)] [ParOldGen: 521164K->323691K(524288K)] 535164K->323691K(1025536K), [Metaspace: 97086K->97086K(1138688K)], 0.5002196 secs] [Times: user=0.55 sys=0.53, real=0.50 secs] 
2021-06-13T18:33:07.226+0800: 2624538.924: [GC (Allocation Failure) [PSYoungGen: 478208K->13280K(502784K)] 801899K->336971K(1027072K), 0.0214430 secs] [Times: user=0.03 sys=0.03, real=0.02 secs] 
2021-06-13T18:38:12.032+0800: 2624843.730: [GC (Allocation Failure) [PSYoungGen: 494048K->14208K(502272K)] 817739K->348853K(1026560K), 0.0491481 secs] [Times: user=0.04 sys=0.04, real=0.05 secs] 
2021-06-13T18:43:15.802+0800: 2625147.501: [GC (Allocation Failure) [PSYoungGen: 494976K->15584K(503296K)] 829621K->360561K(1027584K), 0.0273211 secs] [Times: user=0.03 sys=0.04, real=0.02 secs] 
2021-06-13T18:48:24.610+0800: 2625456.308: [GC (Allocation Failure) [PSYoungGen: 497888K->11136K(503296K)] 842865K->365897K(1027584K), 0.0317681 secs] [Times: user=0.03 sys=0.04, real=0.03 secs] 
2021-06-13T18:53:26.334+0800: 2625758.032: [GC (Allocation Failure) [PSYoungGen: 493440K->10624K(503808K)] 848201K->373612K(1028096K), 0.0269641 secs] [Times: user=0.03 sys=0.04, real=0.02 secs] 
2021-06-13T18:58:30.843+0800: 2626062.541: [GC (Allocation Failure) [PSYoungGen: 493952K->15648K(503808K)] 856940K->386216K(1028096K), 0.0323303 secs] [Times: user=0.04 sys=0.04, real=0.03 secs] 
2021-06-13T19:03:28.627+0800: 2626360.325: [GC (Allocation Failure) [PSYoungGen: 498976K->15456K(503808K)] 869544K->396092K(1028096K), 0.0385062 secs] [Times: user=0.05 sys=0.05, real=0.04 secs] 
2021-06-13T19:08:28.068+0800: 2626659.766: [GC (Allocation Failure) [PSYoungGen: 498784K->14912K(503808K)] 879420K->405887K(1028096K), 0.0281204 secs] [Times: user=0.04 sys=0.04, real=0.03 secs] 
2021-06-13T19:13:32.514+0800: 2626964.212: [GC (Allocation Failure) [PSYoungGen: 498240K->14240K(504320K)] 889215K->414825K(1028608K), 0.0294854 secs] [Times: user=0.04 sys=0.04, real=0.03 secs] 
2021-06-13T19:18:22.108+0800: 2627253.806: [GC (Allocation Failure) [PSYoungGen: 498080K->13642K(503808K)] 898665K->424429K(1028096K), 0.0263292 secs] [Times: user=0.04 sys=0.04, real=0.03 secs] 
2021-06-13T19:23:25.975+0800: 2627557.673: [GC (Allocation Failure) [PSYoungGen: 497482K->11680K(504832K)] 908269K->432320K(1029120K), 0.0303665 secs] [Times: user=0.04 sys=0.04, real=0.03 secs] 
2021-06-13T19:28:28.176+0800: 2627859.874: [GC (Allocation Failure) [PSYoungGen: 497056K->17376K(502784K)] 917696K->445740K(1027072K), 0.0303117 secs] [Times: user=0.04 sys=0.05, real=0.03 secs] 
2021-06-13T19:33:33.264+0800: 2628164.962: [GC (Allocation Failure) [PSYoungGen: 502752K->13248K(504832K)] 931116K->453335K(1029120K), 0.0303985 secs] [Times: user=0.04 sys=0.05, real=0.03 secs] 
2021-06-13T19:38:36.674+0800: 2628468.372: [GC (Allocation Failure) [PSYoungGen: 498112K->14784K(504320K)] 938199K->463867K(1028608K), 0.0326712 secs] [Times: user=0.04 sys=0.04, real=0.03 secs] 
2021-06-13T19:43:42.085+0800: 2628773.784: [GC (Allocation Failure) [PSYoungGen: 499648K->13280K(505344K)] 948731K->472246K(1029632K), 0.0256873 secs] [Times: user=0.04 sys=0.04, real=0.02 secs] 
2021-06-13T19:48:49.287+0800: 2629080.985: [GC (Allocation Failure) [PSYoungGen: 499168K->11456K(504832K)] 958134K->480448K(1029120K), 0.0316192 secs] [Times: user=0.03 sys=0.05, real=0.03 secs] 
2021-06-13T19:53:52.435+0800: 2629384.134: [GC (Allocation Failure) [PSYoungGen: 497344K->15360K(505344K)] 966336K->492877K(1029632K), 0.0319059 secs] [Times: user=0.08 sys=0.00, real=0.03 secs] 
2021-06-13T19:58:58.675+0800: 2629690.373: [GC (Allocation Failure) [PSYoungGen: 501760K->13856K(505344K)] 979277K->501072K(1029632K), 0.0274216 secs] [Times: user=0.04 sys=0.04, real=0.03 secs] 
2021-06-13T20:04:03.279+0800: 2629994.977: [GC (Allocation Failure) [PSYoungGen: 500256K->15200K(505856K)] 987472K->511310K(1030144K), 0.0304483 secs] [Times: user=0.04 sys=0.04, real=0.03 secs] 
2021-06-13T20:09:10.922+0800: 2630302.620: [GC (Allocation Failure) [PSYoungGen: 502624K->13984K(505856K)] 998734K->520503K(1030144K), 0.0334004 secs] [Times: user=0.04 sys=0.04, real=0.04 secs] 
2021-06-13T20:14:16.300+0800: 2630607.999: [GC (Allocation Failure) [PSYoungGen: 501408K->11424K(505856K)] 1007927K->527223K(1030144K), 0.0295968 secs] [Times: user=0.03 sys=0.05, real=0.03 secs] 
2021-06-13T20:14:16.330+0800: 2630608.029: [Full GC (Ergonomics) [PSYoungGen: 11424K->0K(505856K)] [ParOldGen: 515799K->314234K(524288K)] 527223K->314234K(1030144K), [Metaspace: 97086K->97086K(1138688K)], 0.4584842 secs] [Times: user=1.02 sys=0.00, real=0.46 secs] 
2021-06-13T20:19:26.603+0800: 2630918.301: [GC (Allocation Failure) [PSYoungGen: 487424K->17824K(505344K)] 801658K->332058K(1029632K), 0.0339459 secs] [Times: user=0.03 sys=0.04, real=0.03 secs] 
2021-06-13T20:24:34.906+0800: 2631226.604: [GC (Allocation Failure) [PSYoungGen: 505248K->18912K(492032K)] 819482K->346198K(1016320K), 0.0369152 secs] [Times: user=0.04 sys=0.05, real=0.04 secs] 
2021-06-13T20:29:33.587+0800: 2631525.286: [GC (Allocation Failure) [PSYoungGen: 492000K->12512K(498688K)] 819286K->352208K(1022976K), 0.0273080 secs] [Times: user=0.04 sys=0.04, real=0.03 secs] 
2021-06-13T20:34:32.718+0800: 2631824.417: [GC (Allocation Failure) [PSYoungGen: 485600K->11616K(499200K)] 825296K->360786K(1023488K), 0.0345016 secs] [Times: user=0.03 sys=0.04, real=0.04 secs] 
2021-06-13T20:39:33.433+0800: 2632125.131: [GC (Allocation Failure) [PSYoungGen: 485728K->14912K(499200K)] 834898K->372838K(1023488K), 0.0536099 secs] [Times: user=0.03 sys=0.03, real=0.05 secs] 
2021-06-13T20:44:32.172+0800: 2632423.871: [GC (Allocation Failure) [PSYoungGen: 489024K->14752K(501248K)] 846950K->381873K(1025536K), 0.0319869 secs] [Times: user=0.03 sys=0.05, real=0.03 secs] 
2021-06-13T20:49:33.550+0800: 2632725.248: [GC (Allocation Failure) [PSYoungGen: 491936K->14720K(500224K)] 859057K->391619K(1024512K), 0.0655991 secs] [Times: user=0.04 sys=0.05, real=0.07 secs] 
2021-06-13T20:54:33.643+0800: 2633025.341: [GC (Allocation Failure) [PSYoungGen: 491904K->15200K(502272K)] 868803K->402573K(1026560K), 0.0561420 secs] [Times: user=0.04 sys=0.04, real=0.05 secs] 
2021-06-13T20:59:34.581+0800: 2633326.280: [GC (Allocation Failure) [PSYoungGen: 494944K->14400K(501760K)] 882317K->411594K(1026048K), 0.0365087 secs] [Times: user=0.04 sys=0.04, real=0.04 secs] 
2021-06-13T21:04:32.370+0800: 2633624.069: [GC (Allocation Failure) [PSYoungGen: 494144K->15008K(503808K)] 891338K->422332K(1028096K), 0.0313213 secs] [Times: user=0.04 sys=0.04, real=0.03 secs] 
2021-06-13T21:09:37.709+0800: 2633929.408: [GC (Allocation Failure) [PSYoungGen: 497312K->14496K(502784K)] 904636K->431832K(1027072K), 0.0276301 secs] [Times: user=0.04 sys=0.04, real=0.03 secs] 
2021-06-13T21:14:42.475+0800: 2634234.173: [GC (Allocation Failure) [PSYoungGen: 496800K->15104K(504320K)] 914136K->442082K(1028608K), 0.0292076 secs] [Times: user=0.03 sys=0.03, real=0.03 secs] 
2021-06-13T21:19:47.561+0800: 2634539.259: [GC (Allocation Failure) [PSYoungGen: 499456K->14656K(504320K)] 926434K->451958K(1028608K), 0.0275882 secs] [Times: user=0.04 sys=0.04, real=0.03 secs] 
2021-06-13T21:24:54.100+0800: 2634845.798: [GC (Allocation Failure) [PSYoungGen: 499008K->12768K(504832K)] 936310K->460265K(1029120K), 0.0465196 secs] [Times: user=0.03 sys=0.03, real=0.05 secs] 
2021-06-13T21:29:55.256+0800: 2635146.954: [GC (Allocation Failure) [PSYoungGen: 498144K->13536K(504832K)] 945641K->470867K(1029120K), 0.0289270 secs] [Times: user=0.03 sys=0.04, real=0.03 secs] 
2021-06-13T21:35:00.962+0800: 2635452.660: [GC (Allocation Failure) [PSYoungGen: 498912K->16800K(504320K)] 956243K->483657K(1028608K), 0.0304807 secs] [Times: user=0.04 sys=0.04, real=0.03 secs] 
2021-06-13T21:40:00.607+0800: 2635752.306: [GC (Allocation Failure) [PSYoungGen: 502176K->14528K(504832K)] 969033K->492043K(1029120K), 0.0270877 secs] [Times: user=0.04 sys=0.04, real=0.03 secs] 
2021-06-13T21:45:07.009+0800: 2636058.707: [GC (Allocation Failure) [PSYoungGen: 499904K->12896K(505344K)] 977419K->500239K(1029632K), 0.0255141 secs] [Times: user=0.04 sys=0.04, real=0.03 secs] 
2021-06-13T21:50:11.983+0800: 2636363.682: [GC (Allocation Failure) [PSYoungGen: 499296K->15552K(505344K)] 986639K->513075K(1029632K), 0.0284715 secs] [Times: user=0.03 sys=0.04, real=0.02 secs] 
2021-06-13T21:55:16.577+0800: 2636668.276: [GC (Allocation Failure) [PSYoungGen: 501952K->18752K(503296K)] 999475K->525703K(1027584K), 0.0374644 secs] [Times: user=0.04 sys=0.04, real=0.04 secs] 
2021-06-13T22:00:17.556+0800: 2636969.254: [GC (Allocation Failure) [PSYoungGen: 503104K->15968K(504320K)] 1010055K->533860K(1028608K), 0.0316982 secs] [Times: user=0.04 sys=0.04, real=0.03 secs] 
2021-06-13T22:00:17.588+0800: 2636969.287: [Full GC (Ergonomics) [PSYoungGen: 15968K->0K(504320K)] [ParOldGen: 517892K->327678K(524288K)] 533860K->327678K(1028608K), [Metaspace: 97086K->97086K(1138688K)], 0.4673077 secs] [Times: user=0.51 sys=0.51, real=0.47 secs] 
2021-06-13T22:05:31.333+0800: 2637283.031: [GC (Allocation Failure) [PSYoungGen: 484352K->16000K(504320K)] 812030K->343678K(1028608K), 0.0257108 secs] [Times: user=0.03 sys=0.03, real=0.02 secs] 
2021-06-13T22:10:34.069+0800: 2637585.767: [GC (Allocation Failure) [PSYoungGen: 500352K->14080K(504320K)] 828030K->352767K(1028608K), 0.0297587 secs] [Times: user=0.04 sys=0.04, real=0.03 secs] 
2021-06-13T22:15:42.883+0800: 2637894.581: [GC (Allocation Failure) [PSYoungGen: 498432K->14368K(504832K)] 837119K->362873K(1029120K), 0.0298010 secs] [Times: user=0.04 sys=0.04, real=0.03 secs] 
2021-06-13T22:20:51.392+0800: 2638203.090: [GC (Allocation Failure) [PSYoungGen: 499744K->12128K(504832K)] 848249K->371083K(1029120K), 0.0285971 secs] [Times: user=0.04 sys=0.05, real=0.03 secs] 
2021-06-13T22:25:58.355+0800: 2638510.054: [GC (Allocation Failure) [PSYoungGen: 497504K->14016K(505344K)] 856459K->381311K(1029632K), 0.0251940 secs] [Times: user=0.04 sys=0.04, real=0.02 secs] 
2021-06-13T22:31:02.146+0800: 2638813.844: [GC (Allocation Failure) [PSYoungGen: 499904K->15232K(504832K)] 867199K->393114K(1029120K), 0.0754282 secs] [Times: user=0.08 sys=0.00, real=0.07 secs] 
2021-06-13T22:36:12.414+0800: 2639124.113: [GC (Allocation Failure) [PSYoungGen: 501120K->11808K(505344K)] 879002K->399907K(1029632K), 0.0286114 secs] [Times: user=0.03 sys=0.04, real=0.03 secs] 
2021-06-13T22:41:19.833+0800: 2639431.531: [GC (Allocation Failure) [PSYoungGen: 498208K->12256K(505344K)] 886307K->408231K(1029632K), 0.0547860 secs] [Times: user=0.04 sys=0.04, real=0.05 secs] 
2021-06-13T22:46:24.356+0800: 2639736.055: [GC (Allocation Failure) [PSYoungGen: 498656K->15552K(505344K)] 894631K->420043K(1029632K), 0.0331797 secs] [Times: user=0.04 sys=0.04, real=0.03 secs] 
2021-06-13T22:51:33.839+0800: 2640045.537: [GC (Allocation Failure) [PSYoungGen: 501952K->11552K(505344K)] 906443K->427483K(1029632K), 0.0268509 secs] [Times: user=0.04 sys=0.03, real=0.03 secs] 
2021-06-13T22:56:43.787+0800: 2640355.486: [GC (Allocation Failure) [PSYoungGen: 497952K->8768K(504320K)] 913883K->433668K(1028608K), 0.0279897 secs] [Times: user=0.03 sys=0.04, real=0.03 secs] 
2021-06-13T23:01:50.098+0800: 2640661.796: [GC (Allocation Failure) [PSYoungGen: 494144K->12928K(504832K)] 919044K->444473K(1029120K), 0.0602014 secs] [Times: user=0.04 sys=0.04, real=0.06 secs] 
2021-06-13T23:06:57.111+0800: 2640968.809: [GC (Allocation Failure) [PSYoungGen: 498304K->12800K(505856K)] 929849K->454052K(1030144K), 0.0261201 secs] [Times: user=0.03 sys=0.03, real=0.03 secs] 
2021-06-13T23:12:05.607+0800: 2641277.305: [GC (Allocation Failure) [PSYoungGen: 499712K->10336K(505344K)] 940964K->461380K(1029632K), 0.0236833 secs] [Times: user=0.04 sys=0.04, real=0.02 secs] 
2021-06-13T23:17:11.424+0800: 2641583.122: [GC (Allocation Failure) [PSYoungGen: 497248K->10784K(505856K)] 948292K->469262K(1030144K), 0.0248042 secs] [Times: user=0.03 sys=0.04, real=0.02 secs] 
2021-06-13T23:22:15.041+0800: 2641886.739: [GC (Allocation Failure) [PSYoungGen: 498208K->16096K(503808K)] 956686K->481866K(1028096K), 0.0269876 secs] [Times: user=0.04 sys=0.04, real=0.03 secs] 
2021-06-13T23:27:21.123+0800: 2642192.821: [GC (Allocation Failure) [PSYoungGen: 503520K->14208K(505344K)] 969290K->490317K(1029632K), 0.0291950 secs] [Times: user=0.04 sys=0.04, real=0.02 secs] 
2021-06-13T23:32:24.216+0800: 2642495.914: [GC (Allocation Failure) [PSYoungGen: 500608K->13152K(505344K)] 976717K->498520K(1029632K), 0.0389057 secs] [Times: user=0.05 sys=0.05, real=0.04 secs] 
2021-06-13T23:37:29.368+0800: 2642801.067: [GC (Allocation Failure) [PSYoungGen: 499552K->14944K(505856K)] 984920K->509819K(1030144K), 0.0368045 secs] [Times: user=0.05 sys=0.05, real=0.04 secs] 
2021-06-13T23:42:39.744+0800: 2643111.442: [GC (Allocation Failure) [PSYoungGen: 502368K->9856K(505856K)] 997243K->515149K(1030144K), 0.0279078 secs] [Times: user=0.04 sys=0.04, real=0.02 secs] 
2021-06-13T23:47:40.605+0800: 2643412.303: [GC (Allocation Failure) [PSYoungGen: 497280K->14752K(504832K)] 1002573K->527177K(1029120K), 0.0866235 secs] [Times: user=0.04 sys=0.04, real=0.08 secs] 
2021-06-13T23:47:40.692+0800: 2643412.390: [Full GC (Ergonomics) [PSYoungGen: 14752K->0K(504832K)] [ParOldGen: 512425K->312258K(524288K)] 527177K->312258K(1029120K), [Metaspace: 97086K->97086K(1138688K)], 0.4815163 secs] [Times: user=1.04 sys=0.00, real=0.48 secs] 
2021-06-13T23:52:44.968+0800: 2643716.666: [GC (Allocation Failure) [PSYoungGen: 486400K->17536K(504320K)] 798658K->329794K(1028608K), 0.0312064 secs] [Times: user=0.03 sys=0.04, real=0.03 secs] 
2021-06-13T23:57:54.819+0800: 2644026.518: [GC (Allocation Failure) [PSYoungGen: 503936K->12608K(504832K)] 816194K->338728K(1029120K), 0.0452810 secs] [Times: user=0.05 sys=0.05, real=0.05 secs] 
2021-06-14T00:02:45.763+0800: 2644317.461: [GC (Allocation Failure) [PSYoungGen: 497472K->13600K(504320K)] 823592K->347380K(1028608K), 0.0686363 secs] [Times: user=0.03 sys=0.04, real=0.06 secs] 
2021-06-14T00:07:48.070+0800: 2644619.768: [GC (Allocation Failure) [PSYoungGen: 498464K->14880K(505344K)] 832244K->357276K(1029632K), 0.0522774 secs] [Times: user=0.03 sys=0.04, real=0.06 secs] 
2021-06-14T00:12:55.647+0800: 2644927.345: [GC (Allocation Failure) [PSYoungGen: 501280K->11968K(505344K)] 843676K->363965K(1029632K), 0.0273578 secs] [Times: user=0.04 sys=0.04, real=0.03 secs] 
2021-06-14T00:18:03.168+0800: 2645234.866: [GC (Allocation Failure) [PSYoungGen: 498368K->14464K(505856K)] 850365K->375704K(1030144K), 0.0387159 secs] [Times: user=0.04 sys=0.03, real=0.04 secs] 
2021-06-14T00:23:12.379+0800: 2645544.077: [GC (Allocation Failure) [PSYoungGen: 501888K->11808K(505856K)] 863128K->382344K(1030144K), 0.0282545 secs] [Times: user=0.03 sys=0.05, real=0.03 secs] 
2021-06-14T00:28:17.677+0800: 2645849.376: [GC (Allocation Failure) [PSYoungGen: 499232K->12704K(506368K)] 869768K->391925K(1030656K), 0.0254411 secs] [Times: user=0.04 sys=0.03, real=0.03 secs] 
2021-06-14T00:33:24.000+0800: 2646155.698: [GC (Allocation Failure) [PSYoungGen: 500640K->11552K(505856K)] 879861K->399839K(1030144K), 0.0290904 secs] [Times: user=0.04 sys=0.03, real=0.03 secs] 
2021-06-14T00:38:30.197+0800: 2646461.896: [GC (Allocation Failure) [PSYoungGen: 499488K->12000K(506880K)] 887775K->409569K(1031168K), 0.0292132 secs] [Times: user=0.04 sys=0.04, real=0.03 secs] 
2021-06-14T00:43:37.102+0800: 2646768.800: [GC (Allocation Failure) [PSYoungGen: 500959K->12320K(506368K)] 898528K->417741K(1030656K), 0.0561303 secs] [Times: user=0.04 sys=0.04, real=0.06 secs] 
2021-06-14T00:48:52.677+0800: 2647084.375: [GC (Allocation Failure) [PSYoungGen: 501280K->10304K(506880K)] 906701K->424629K(1031168K), 0.0377152 secs] [Times: user=0.03 sys=0.03, real=0.04 secs] 
2021-06-14T00:53:55.980+0800: 2647387.679: [GC (Allocation Failure) [PSYoungGen: 499776K->11264K(506880K)] 914101K->433073K(1031168K), 0.0316073 secs] [Times: user=0.04 sys=0.03, real=0.04 secs] 
2021-06-14T00:59:04.489+0800: 2647696.188: [GC (Allocation Failure) [PSYoungGen: 500736K->13344K(507392K)] 922545K->441916K(1031680K), 0.0342394 secs] [Times: user=0.03 sys=0.04, real=0.04 secs] 
2021-06-14T01:04:15.651+0800: 2648007.350: [GC (Allocation Failure) [PSYoungGen: 503328K->11072K(506880K)] 931900K->449636K(1031168K), 0.0269067 secs] [Times: user=0.04 sys=0.04, real=0.03 secs] 
2021-06-14T01:09:23.563+0800: 2648315.261: [GC (Allocation Failure) [PSYoungGen: 501056K->13696K(507392K)] 939620K->460704K(1031680K), 0.0290203 secs] [Times: user=0.04 sys=0.04, real=0.03 secs] 
2021-06-14T01:14:28.081+0800: 2648619.779: [GC (Allocation Failure) [PSYoungGen: 504192K->11616K(507392K)] 951200K->468122K(1031680K), 0.0293220 secs] [Times: user=0.04 sys=0.04, real=0.03 secs] 
2021-06-14T01:19:27.019+0800: 2648918.717: [GC (Allocation Failure) [PSYoungGen: 502112K->14314K(507392K)] 958618K->478192K(1031680K), 0.0281493 secs] [Times: user=0.04 sys=0.05, real=0.03 secs] 
2021-06-14T01:24:34.408+0800: 2649226.106: [GC (Allocation Failure) [PSYoungGen: 504810K->14144K(507392K)] 968688K->488202K(1031680K), 0.0311630 secs] [Times: user=0.05 sys=0.04, real=0.03 secs] 
2021-06-14T01:29:44.501+0800: 2649536.199: [GC (Allocation Failure) [PSYoungGen: 504640K->13280K(507392K)] 978698K->496686K(1031680K), 0.0267390 secs] [Times: user=0.04 sys=0.04, real=0.03 secs] 
2021-06-14T01:34:50.884+0800: 2649842.583: [GC (Allocation Failure) [PSYoungGen: 503776K->14752K(505344K)] 987182K->507145K(1029632K), 0.0295420 secs] [Times: user=0.04 sys=0.05, real=0.03 secs] 
2021-06-14T01:39:59.079+0800: 2650150.777: [GC (Allocation Failure) [PSYoungGen: 505248K->13632K(507392K)] 997641K->516156K(1031680K), 0.0460373 secs] [Times: user=0.03 sys=0.04, real=0.05 secs] 
2021-06-14T01:45:09.076+0800: 2650460.774: [GC (Allocation Failure) [PSYoungGen: 503616K->14016K(506880K)] 1006140K->526365K(1031168K), 0.0313993 secs] [Times: user=0.08 sys=0.00, real=0.03 secs] 
2021-06-14T01:50:16.014+0800: 2650767.713: [GC (Allocation Failure) [PSYoungGen: 504000K->14208K(507392K)] 1016349K->536241K(1031680K), 0.0334165 secs] [Times: user=0.05 sys=0.05, real=0.03 secs] 
2021-06-14T01:50:16.048+0800: 2650767.747: [Full GC (Ergonomics) [PSYoungGen: 14208K->0K(507392K)] [ParOldGen: 522033K->327724K(524288K)] 536241K->327724K(1031680K), [Metaspace: 97088K->97088K(1138688K)], 0.4500997 secs] [Times: user=0.53 sys=0.52, real=0.45 secs] 
2021-06-14T01:55:23.111+0800: 2651074.810: [GC (Allocation Failure) [PSYoungGen: 490496K->14304K(507392K)] 818220K->342028K(1031680K), 0.0280388 secs] [Times: user=0.03 sys=0.03, real=0.03 secs] 
2021-06-14T02:00:31.649+0800: 2651383.348: [GC (Allocation Failure) [PSYoungGen: 504800K->13184K(507392K)] 832524K->352899K(1031680K), 0.0303841 secs] [Times: user=0.05 sys=0.05, real=0.03 secs] 
2021-06-14T02:05:41.538+0800: 2651693.237: [GC (Allocation Failure) [PSYoungGen: 503680K->12928K(507392K)] 843395K->361423K(1031680K), 0.0302523 secs] [Times: user=0.05 sys=0.05, real=0.03 secs] 
2021-06-14T02:10:50.192+0800: 2652001.891: [GC (Allocation Failure) [PSYoungGen: 503424K->14944K(506880K)] 851919K->372349K(1031168K), 0.0280244 secs] [Times: user=0.03 sys=0.04, real=0.02 secs] 
2021-06-14T02:15:50.004+0800: 2652301.703: [GC (Allocation Failure) [PSYoungGen: 505440K->16864K(507392K)] 862845K->384752K(1031680K), 0.0307770 secs] [Times: user=0.03 sys=0.04, real=0.03 secs] 
2021-06-14T02:20:58.406+0800: 2652610.105: [GC (Allocation Failure) [PSYoungGen: 507360K->16864K(487936K)] 875248K->397917K(1012224K), 0.0287974 secs] [Times: user=0.08 sys=0.00, real=0.03 secs] 
2021-06-14T02:25:57.312+0800: 2652909.010: [GC (Allocation Failure) [PSYoungGen: 487904K->18112K(497664K)] 868957K->410736K(1021952K), 0.0416686 secs] [Times: user=0.05 sys=0.05, real=0.05 secs] 
2021-06-14T02:30:59.663+0800: 2653211.361: [GC (Allocation Failure) [PSYoungGen: 489152K->13216K(498688K)] 881776K->416011K(1022976K), 0.0392623 secs] [Times: user=0.04 sys=0.04, real=0.04 secs] 
2021-06-14T02:35:57.708+0800: 2653509.406: [GC (Allocation Failure) [PSYoungGen: 485792K->15520K(498176K)] 888587K->426791K(1022464K), 0.0342108 secs] [Times: user=0.04 sys=0.04, real=0.04 secs] 
2021-06-14T02:40:53.050+0800: 2653804.748: [GC (Allocation Failure) [PSYoungGen: 488096K->16160K(500224K)] 899367K->437290K(1024512K), 0.0303747 secs] [Times: user=0.04 sys=0.04, real=0.03 secs] 
2021-06-14T02:45:52.240+0800: 2654103.938: [GC (Allocation Failure) [PSYoungGen: 491296K->14624K(499200K)] 912426K->445614K(1023488K), 0.0332015 secs] [Times: user=0.05 sys=0.04, real=0.04 secs] 
2021-06-14T02:50:50.753+0800: 2654402.451: [GC (Allocation Failure) [PSYoungGen: 489760K->12128K(500736K)] 920750K->452919K(1025024K), 0.0331753 secs] [Times: user=0.04 sys=0.05, real=0.03 secs] 
2021-06-14T02:55:49.956+0800: 2654701.654: [GC (Allocation Failure) [PSYoungGen: 489312K->16736K(500736K)] 930103K->467545K(1025024K), 0.0355915 secs] [Times: user=0.05 sys=0.04, real=0.03 secs] 
2021-06-14T03:00:46.747+0800: 2654998.445: [GC (Allocation Failure) [PSYoungGen: 493920K->14368K(501760K)] 944729K->476165K(1026048K), 0.0301491 secs] [Times: user=0.04 sys=0.04, real=0.03 secs] 
2021-06-14T03:05:46.425+0800: 2655298.123: [GC (Allocation Failure) [PSYoungGen: 493088K->13792K(501248K)] 954885K->484632K(1025536K), 0.0365839 secs] [Times: user=0.04 sys=0.04, real=0.03 secs] 
2021-06-14T03:10:47.438+0800: 2655599.136: [GC (Allocation Failure) [PSYoungGen: 492512K->12224K(502272K)] 963352K->492755K(1026560K), 0.0288135 secs] [Times: user=0.04 sys=0.05, real=0.03 secs] 
2021-06-14T03:15:52.753+0800: 2655904.451: [GC (Allocation Failure) [PSYoungGen: 491968K->10240K(501760K)] 972499K->500460K(1026048K), 0.0282548 secs] [Times: user=0.05 sys=0.04, real=0.02 secs] 
2021-06-14T03:20:55.017+0800: 2656206.715: [GC (Allocation Failure) [PSYoungGen: 489984K->11616K(502272K)] 980204K->509416K(1026560K), 0.0285098 secs] [Times: user=0.03 sys=0.04, real=0.03 secs] 
2021-06-14T03:26:00.827+0800: 2656512.525: [GC (Allocation Failure) [PSYoungGen: 491360K->8864K(501760K)] 989160K->516191K(1026048K), 0.0255645 secs] [Times: user=0.04 sys=0.04, real=0.03 secs] 
2021-06-14T03:31:07.983+0800: 2656819.681: [GC (Allocation Failure) [PSYoungGen: 488608K->10720K(502272K)] 995935K->525081K(1026560K), 0.0344953 secs] [Times: user=0.05 sys=0.04, real=0.03 secs] 
2021-06-14T03:31:08.018+0800: 2656819.716: [Full GC (Ergonomics) [PSYoungGen: 10720K->0K(502272K)] [ParOldGen: 514361K->308389K(524288K)] 525081K->308389K(1026560K), [Metaspace: 97088K->97084K(1138688K)], 0.6148631 secs] [Times: user=0.64 sys=0.64, real=0.62 secs] 
2021-06-14T03:36:12.083+0800: 2657123.781: [GC (Allocation Failure) [PSYoungGen: 479744K->11648K(501760K)] 788133K->320037K(1026048K), 0.0256762 secs] [Times: user=0.03 sys=0.04, real=0.02 secs] 
2021-06-14T03:41:13.605+0800: 2657425.303: [GC (Allocation Failure) [PSYoungGen: 491392K->12672K(503296K)] 799781K->331261K(1027584K), 0.0325384 secs] [Times: user=0.04 sys=0.05, real=0.03 secs] 
2021-06-14T03:46:19.243+0800: 2657730.941: [GC (Allocation Failure) [PSYoungGen: 494464K->11456K(502784K)] 813053K->339784K(1027072K), 0.0322890 secs] [Times: user=0.04 sys=0.05, real=0.03 secs] 
2021-06-14T03:51:27.673+0800: 2658039.371: [GC (Allocation Failure) [PSYoungGen: 493248K->9888K(504320K)] 821576K->346866K(1028608K), 0.0261931 secs] [Times: user=0.04 sys=0.04, real=0.02 secs] 
2021-06-14T03:56:34.281+0800: 2658345.979: [GC (Allocation Failure) [PSYoungGen: 493728K->11840K(503808K)] 830706K->356604K(1028096K), 0.0290638 secs] [Times: user=0.04 sys=0.05, real=0.03 secs] 
2021-06-14T04:01:41.544+0800: 2658653.243: [GC (Allocation Failure) [PSYoungGen: 495680K->10816K(504832K)] 840444K->364406K(1029120K), 0.0296916 secs] [Times: user=0.04 sys=0.05, real=0.03 secs] 
2021-06-14T04:06:48.449+0800: 2658960.147: [GC (Allocation Failure) [PSYoungGen: 496192K->9664K(504832K)] 849782K->371672K(1029120K), 0.0279068 secs] [Times: user=0.04 sys=0.04, real=0.03 secs] 
2021-06-14T04:12:00.370+0800: 2659272.068: [GC (Allocation Failure) [PSYoungGen: 495040K->12160K(505856K)] 857048K->380659K(1030144K), 0.0311101 secs] [Times: user=0.04 sys=0.05, real=0.03 secs] 
2021-06-14T04:17:04.800+0800: 2659576.498: [GC (Allocation Failure) [PSYoungGen: 499072K->14912K(505344K)] 867571K->390790K(1029632K), 0.0318624 secs] [Times: user=0.04 sys=0.04, real=0.04 secs] 
2021-06-14T04:22:12.943+0800: 2659884.641: [GC (Allocation Failure) [PSYoungGen: 501824K->14944K(505344K)] 877702K->400147K(1029632K), 0.0317188 secs] [Times: user=0.04 sys=0.05, real=0.03 secs] 
2021-06-14T04:27:20.547+0800: 2660192.245: [GC (Allocation Failure) [PSYoungGen: 501344K->12832K(505344K)] 886547K->408598K(1029632K), 0.0302115 secs] [Times: user=0.04 sys=0.04, real=0.03 secs] 
2021-06-14T04:32:32.749+0800: 2660504.447: [GC (Allocation Failure) [PSYoungGen: 499232K->9056K(505856K)] 894998K->413726K(1030144K), 0.0294442 secs] [Times: user=0.04 sys=0.05, real=0.03 secs] 
2021-06-14T04:37:39.361+0800: 2660811.060: [GC (Allocation Failure) [PSYoungGen: 496480K->11072K(505856K)] 901150K->422018K(1030144K), 0.0253014 secs] [Times: user=0.04 sys=0.04, real=0.03 secs] 
2021-06-14T04:42:41.877+0800: 2661113.575: [GC (Allocation Failure) [PSYoungGen: 498496K->15232K(504832K)] 909442K->434415K(1029120K), 0.0301291 secs] [Times: user=0.04 sys=0.05, real=0.03 secs] 
2021-06-14T04:47:50.060+0800: 2661421.758: [GC (Allocation Failure) [PSYoungGen: 501632K->9536K(505344K)] 920815K->440429K(1029632K), 0.0278025 secs] [Times: user=0.04 sys=0.05, real=0.03 secs] 
2021-06-14T04:52:59.884+0800: 2661731.582: [GC (Allocation Failure) [PSYoungGen: 495936K->14368K(504832K)] 926829K->452267K(1029120K), 0.0755225 secs] [Times: user=0.04 sys=0.04, real=0.08 secs] 
2021-06-14T04:58:04.368+0800: 2662036.066: [GC (Allocation Failure) [PSYoungGen: 500768K->13728K(505344K)] 938667K->461101K(1029632K), 0.0324795 secs] [Times: user=0.05 sys=0.05, real=0.03 secs] 
2021-06-14T05:03:10.260+0800: 2662341.958: [GC (Allocation Failure) [PSYoungGen: 500128K->15808K(504320K)] 947501K->473926K(1028608K), 0.1018173 secs] [Times: user=0.04 sys=0.05, real=0.11 secs] 
2021-06-14T05:08:15.499+0800: 2662647.197: [GC (Allocation Failure) [PSYoungGen: 501184K->14816K(504832K)] 959302K->484461K(1029120K), 0.0763179 secs] [Times: user=0.04 sys=0.04, real=0.08 secs] 
2021-06-14T05:13:20.597+0800: 2662952.296: [GC (Allocation Failure) [PSYoungGen: 500192K->17888K(502784K)] 969837K->497730K(1027072K), 0.0393787 secs] [Times: user=0.04 sys=0.05, real=0.04 secs] 
2021-06-14T05:18:21.288+0800: 2663252.986: [GC (Allocation Failure) [PSYoungGen: 501216K->15488K(503808K)] 981058K->507590K(1028096K), 0.0470237 secs] [Times: user=0.05 sys=0.05, real=0.05 secs] 
2021-06-14T05:23:21.215+0800: 2663552.913: [GC (Allocation Failure) [PSYoungGen: 498816K->16320K(502784K)] 990918K->518851K(1027072K), 0.0373604 secs] [Times: user=0.05 sys=0.06, real=0.04 secs] 
2021-06-14T05:28:15.081+0800: 2663846.779: [GC (Allocation Failure) [PSYoungGen: 498624K->16480K(503296K)] 1001155K->529494K(1027584K), 0.0536806 secs] [Times: user=0.05 sys=0.05, real=0.06 secs] 
2021-06-14T05:28:15.135+0800: 2663846.833: [Full GC (Ergonomics) [PSYoungGen: 16480K->0K(503296K)] [ParOldGen: 513014K->326468K(524288K)] 529494K->326468K(1027584K), [Metaspace: 97131K->97131K(1138688K)], 0.6184080 secs] [Times: user=1.20 sys=0.00, real=0.62 secs] 
2021-06-14T05:33:09.430+0800: 2664141.128: [GC (Allocation Failure) [PSYoungGen: 482304K->19488K(500224K)] 808772K->345956K(1024512K), 0.0340850 secs] [Times: user=0.04 sys=0.04, real=0.04 secs] 
2021-06-14T05:38:08.662+0800: 2664440.360: [GC (Allocation Failure) [PSYoungGen: 498720K->16096K(501760K)] 825188K->354923K(1026048K), 0.0337998 secs] [Times: user=0.04 sys=0.04, real=0.04 secs] 
2021-06-14T05:43:15.507+0800: 2664747.205: [GC (Allocation Failure) [PSYoungGen: 495328K->15264K(502784K)] 834155K->364910K(1027072K), 0.0363047 secs] [Times: user=0.04 sys=0.04, real=0.04 secs] 
2021-06-14T05:48:19.687+0800: 2665051.386: [GC (Allocation Failure) [PSYoungGen: 496032K->16352K(502272K)] 845678K->375315K(1026560K), 0.0300328 secs] [Times: user=0.04 sys=0.04, real=0.03 secs] 
2021-06-14T05:53:20.760+0800: 2665352.458: [GC (Allocation Failure) [PSYoungGen: 497120K->14400K(503296K)] 856083K->384447K(1027584K), 0.0641425 secs] [Times: user=0.04 sys=0.04, real=0.07 secs] 
2021-06-14T05:58:26.401+0800: 2665658.099: [GC (Allocation Failure) [PSYoungGen: 496192K->15840K(502784K)] 866239K->396380K(1027072K), 0.0323548 secs] [Times: user=0.04 sys=0.04, real=0.04 secs] 
2021-06-14T06:03:35.882+0800: 2665967.580: [GC (Allocation Failure) [PSYoungGen: 497632K->16288K(503808K)] 878172K->407528K(1028096K), 0.0597647 secs] [Times: user=0.04 sys=0.05, real=0.06 secs] 
2021-06-14T06:08:40.877+0800: 2666272.576: [GC (Allocation Failure) [PSYoungGen: 499616K->17760K(501248K)] 890856K->418820K(1025536K), 0.0595633 secs] [Times: user=0.05 sys=0.06, real=0.06 secs] 
2021-06-14T06:13:42.892+0800: 2666574.590: [GC (Allocation Failure) [PSYoungGen: 501088K->17792K(502272K)] 902148K->429760K(1026560K), 0.0440432 secs] [Times: user=0.12 sys=0.00, real=0.05 secs] 
2021-06-14T06:18:50.964+0800: 2666882.662: [GC (Allocation Failure) [PSYoungGen: 499072K->14912K(502784K)] 911040K->438035K(1027072K), 0.0938271 secs] [Times: user=0.04 sys=0.04, real=0.09 secs] 
2021-06-14T06:23:56.658+0800: 2667188.356: [GC (Allocation Failure) [PSYoungGen: 496192K->14304K(503808K)] 919315K->447086K(1028096K), 0.0385194 secs] [Times: user=0.05 sys=0.05, real=0.04 secs] 
2021-06-14T06:29:02.877+0800: 2667494.575: [GC (Allocation Failure) [PSYoungGen: 497120K->16480K(503296K)] 929902K->458043K(1027584K), 0.0332004 secs] [Times: user=0.05 sys=0.05, real=0.03 secs] 
2021-06-14T06:34:04.688+0800: 2667796.386: [GC (Allocation Failure) [PSYoungGen: 499296K->19680K(501760K)] 940859K->471024K(1026048K), 0.0337566 secs] [Times: user=0.04 sys=0.05, real=0.03 secs] 
2021-06-14T06:39:04.428+0800: 2668096.126: [GC (Allocation Failure) [PSYoungGen: 500960K->14016K(502784K)] 952304K->477571K(1027072K), 0.0351318 secs] [Times: user=0.04 sys=0.04, real=0.04 secs] 
2021-06-14T06:44:04.333+0800: 2668396.032: [GC (Allocation Failure) [PSYoungGen: 495296K->14528K(503296K)] 958851K->487007K(1027584K), 0.0254438 secs] [Times: user=0.04 sys=0.04, real=0.02 secs] 
2021-06-14T06:49:12.084+0800: 2668703.782: [GC (Allocation Failure) [PSYoungGen: 496320K->10592K(502784K)] 968799K->493999K(1027072K), 0.0291225 secs] [Times: user=0.04 sys=0.05, real=0.03 secs] 
2021-06-14T06:54:18.392+0800: 2669010.090: [GC (Allocation Failure) [PSYoungGen: 492384K->14784K(503296K)] 975791K->505109K(1027584K), 0.0320126 secs] [Times: user=0.03 sys=0.04, real=0.03 secs] 
2021-06-14T06:59:18.067+0800: 2669309.765: [GC (Allocation Failure) [PSYoungGen: 496576K->19168K(501248K)] 986901K->519067K(1025536K), 0.0327985 secs] [Times: user=0.04 sys=0.05, real=0.03 secs] 
2021-06-14T07:04:20.341+0800: 2669612.040: [GC (Allocation Failure) [PSYoungGen: 500960K->15200K(502784K)] 1000859K->526710K(1027072K), 0.0297864 secs] [Times: user=0.09 sys=0.00, real=0.03 secs] 
2021-06-14T07:04:20.372+0800: 2669612.070: [Full GC (Ergonomics) [PSYoungGen: 15200K->0K(502784K)] [ParOldGen: 511510K->315776K(524288K)] 526710K->315776K(1027072K), [Metaspace: 97133K->97130K(1138688K)], 0.5810332 secs] [Times: user=1.38 sys=0.00, real=0.59 secs] 
2021-06-14T07:09:22.241+0800: 2669913.939: [GC (Allocation Failure) [PSYoungGen: 480768K->20448K(501248K)] 796544K->336224K(1025536K), 0.0271114 secs] [Times: user=0.03 sys=0.04, real=0.03 secs] 
2021-06-14T07:14:26.508+0800: 2670218.206: [GC (Allocation Failure) [PSYoungGen: 501216K->15968K(502272K)] 816992K->345913K(1026560K), 0.0294771 secs] [Times: user=0.04 sys=0.04, real=0.03 secs] 
2021-06-14T07:19:18.588+0800: 2670510.286: [GC (Allocation Failure) [PSYoungGen: 495712K->13994K(501760K)] 825657K->355454K(1026048K), 0.0270126 secs] [Times: user=0.04 sys=0.04, real=0.03 secs] 
2021-06-14T07:24:22.052+0800: 2670813.751: [GC (Allocation Failure) [PSYoungGen: 493738K->14432K(502784K)] 835198K->365066K(1027072K), 0.0308640 secs] [Times: user=0.03 sys=0.04, real=0.03 secs] 
2021-06-14T07:29:26.459+0800: 2671118.157: [GC (Allocation Failure) [PSYoungGen: 495712K->12768K(502784K)] 846346K->373763K(1027072K), 0.0343710 secs] [Times: user=0.05 sys=0.05, real=0.04 secs] 
2021-06-14T07:34:29.031+0800: 2671420.729: [GC (Allocation Failure) [PSYoungGen: 494048K->14848K(503296K)] 855043K->385184K(1027584K), 0.0325351 secs] [Times: user=0.04 sys=0.04, real=0.04 secs] 
2021-06-14T07:39:35.330+0800: 2671727.029: [GC (Allocation Failure) [PSYoungGen: 496640K->11744K(502784K)] 866976K->392754K(1027072K), 0.0240324 secs] [Times: user=0.03 sys=0.03, real=0.03 secs] 
2021-06-14T07:44:40.049+0800: 2672031.747: [GC (Allocation Failure) [PSYoungGen: 493536K->11360K(503296K)] 874546K->401668K(1027584K), 0.0271567 secs] [Times: user=0.04 sys=0.04, real=0.03 secs] 
2021-06-14T07:49:49.935+0800: 2672341.634: [GC (Allocation Failure) [PSYoungGen: 493664K->11232K(503296K)] 883972K->410358K(1027584K), 0.0247639 secs] [Times: user=0.04 sys=0.04, real=0.02 secs] 
2021-06-14T07:54:52.830+0800: 2672644.529: [GC (Allocation Failure) [PSYoungGen: 493536K->14048K(503808K)] 892662K->421770K(1028096K), 0.0356806 secs] [Times: user=0.05 sys=0.05, real=0.04 secs] 
2021-06-14T07:59:58.007+0800: 2672949.705: [GC (Allocation Failure) [PSYoungGen: 496864K->12704K(503296K)] 904586K->429540K(1027584K), 0.0440541 secs] [Times: user=0.03 sys=0.04, real=0.04 secs] 
2021-06-14T08:05:01.476+0800: 2673253.174: [GC (Allocation Failure) [PSYoungGen: 495520K->17120K(503296K)] 912356K->442609K(1027584K), 0.0322083 secs] [Times: user=0.04 sys=0.05, real=0.03 secs] 
2021-06-14T08:10:05.157+0800: 2673556.855: [GC (Allocation Failure) [PSYoungGen: 500448K->14720K(503808K)] 925937K->450275K(1028096K), 0.0315575 secs] [Times: user=0.04 sys=0.04, real=0.03 secs] 
2021-06-14T08:15:07.802+0800: 2673859.500: [GC (Allocation Failure) [PSYoungGen: 498048K->14912K(504320K)] 933603K->460502K(1028608K), 0.0281794 secs] [Times: user=0.04 sys=0.04, real=0.03 secs] 
2021-06-14T08:20:14.726+0800: 2674166.424: [GC (Allocation Failure) [PSYoungGen: 499258K->15904K(504320K)] 944848K->470147K(1028608K), 0.0481073 secs] [Times: user=0.05 sys=0.05, real=0.05 secs] 
2021-06-14T08:25:20.379+0800: 2674472.078: [GC (Allocation Failure) [PSYoungGen: 500256K->18528K(503296K)] 954499K->482711K(1027584K), 0.0316122 secs] [Times: user=0.05 sys=0.04, real=0.03 secs] 
2021-06-14T08:30:26.764+0800: 2674778.462: [GC (Allocation Failure) [PSYoungGen: 501856K->12192K(503808K)] 966039K->487647K(1028096K), 0.0295257 secs] [Times: user=0.04 sys=0.04, real=0.03 secs] 
2021-06-14T08:35:29.028+0800: 2675080.726: [GC (Allocation Failure) [PSYoungGen: 495520K->13024K(503808K)] 970975K->496715K(1028096K), 0.0328000 secs] [Times: user=0.04 sys=0.04, real=0.03 secs] 
2021-06-14T08:40:32.532+0800: 2675384.231: [GC (Allocation Failure) [PSYoungGen: 496352K->12448K(503808K)] 980043K->506309K(1028096K), 0.0425839 secs] [Times: user=0.07 sys=0.00, real=0.04 secs] 
2021-06-14T08:45:34.391+0800: 2675686.090: [GC (Allocation Failure) [PSYoungGen: 495776K->16800K(503296K)] 989637K->519547K(1027584K), 0.0536441 secs] [Times: user=0.05 sys=0.04, real=0.06 secs] 
2021-06-14T08:50:40.115+0800: 2675991.813: [GC (Allocation Failure) [PSYoungGen: 500128K->18304K(501760K)] 1002875K->532673K(1026048K), 0.0688633 secs] [Times: user=0.05 sys=0.05, real=0.07 secs] 
2021-06-14T08:50:40.184+0800: 2675991.882: [Full GC (Ergonomics) [PSYoungGen: 18304K->0K(501760K)] [ParOldGen: 514369K->325570K(524288K)] 532673K->325570K(1026048K), [Metaspace: 97133K->97133K(1138688K)], 0.4972951 secs] [Times: user=1.03 sys=0.00, real=0.49 secs] 
2021-06-14T08:55:48.551+0800: 2676300.249: [GC (Allocation Failure) [PSYoungGen: 483328K->15232K(503296K)] 808898K->340802K(1027584K), 0.0608980 secs] [Times: user=0.04 sys=0.03, real=0.06 secs] 
2021-06-14T09:00:48.932+0800: 2676600.630: [GC (Allocation Failure) [PSYoungGen: 497024K->18048K(502784K)] 822594K->356101K(1027072K), 0.0335014 secs] [Times: user=0.04 sys=0.05, real=0.04 secs] 
2021-06-14T09:05:49.642+0800: 2676901.340: [GC (Allocation Failure) [PSYoungGen: 499840K->15904K(503296K)] 837893K->366152K(1027584K), 0.0328466 secs] [Times: user=0.04 sys=0.05, real=0.04 secs] 
2021-06-14T09:10:53.996+0800: 2677205.694: [GC (Allocation Failure) [PSYoungGen: 497696K->12192K(502784K)] 847944K->373778K(1027072K), 0.0301684 secs] [Times: user=0.04 sys=0.04, real=0.03 secs] 
2021-06-14T09:16:00.032+0800: 2677511.730: [GC (Allocation Failure) [PSYoungGen: 493984K->18048K(502272K)] 855570K->388726K(1026560K), 0.0317012 secs] [Times: user=0.05 sys=0.05, real=0.04 secs] 
2021-06-14T09:21:04.223+0800: 2677815.921: [GC (Allocation Failure) [PSYoungGen: 499326K->13664K(502784K)] 870004K->395561K(1027072K), 0.0303591 secs] [Times: user=0.04 sys=0.03, real=0.03 secs] 
2021-06-14T09:26:07.768+0800: 2678119.466: [GC (Allocation Failure) [PSYoungGen: 494944K->17344K(502784K)] 876841K->408879K(1027072K), 0.0326866 secs] [Times: user=0.04 sys=0.04, real=0.03 secs] 
2021-06-14T09:31:04.266+0800: 2678415.964: [GC (Allocation Failure) [PSYoungGen: 498624K->11808K(502784K)] 890159K->414830K(1027072K), 0.0318346 secs] [Times: user=0.04 sys=0.04, real=0.03 secs] 
2021-06-14T09:36:09.268+0800: 2678720.966: [GC (Allocation Failure) [PSYoungGen: 493088K->14464K(503296K)] 896110K->425824K(1027584K), 0.0269158 secs] [Times: user=0.04 sys=0.04, real=0.03 secs] 
2021-06-14T09:41:09.566+0800: 2679021.265: [GC (Allocation Failure) [PSYoungGen: 496256K->14272K(502784K)] 907616K->434890K(1027072K), 0.0370299 secs] [Times: user=0.04 sys=0.06, real=0.04 secs] 
2021-06-14T09:46:15.388+0800: 2679327.086: [GC (Allocation Failure) [PSYoungGen: 496064K->14368K(504320K)] 916682K->443974K(1028608K), 0.0267391 secs] [Times: user=0.04 sys=0.04, real=0.03 secs] 
2021-06-14T09:51:21.674+0800: 2679633.372: [GC (Allocation Failure) [PSYoungGen: 498208K->16320K(503808K)] 927814K->456219K(1028096K), 0.0260460 secs] [Times: user=0.04 sys=0.03, real=0.02 secs] 
2021-06-14T09:56:28.513+0800: 2679940.212: [GC (Allocation Failure) [PSYoungGen: 500160K->11296K(503296K)] 940059K->463331K(1027584K), 0.0319329 secs] [Times: user=0.04 sys=0.05, real=0.03 secs] 
2021-06-14T10:01:33.835+0800: 2680245.533: [GC (Allocation Failure) [PSYoungGen: 494624K->10528K(503808K)] 946659K->471366K(1028096K), 0.0243504 secs] [Times: user=0.04 sys=0.04, real=0.02 secs] 
2021-06-14T10:06:34.792+0800: 2680546.490: [GC (Allocation Failure) [PSYoungGen: 493854K->13888K(504320K)] 954692K->482571K(1028608K), 0.0370038 secs] [Times: user=0.04 sys=0.04, real=0.04 secs] 
2021-06-14T10:11:38.356+0800: 2680850.054: [GC (Allocation Failure) [PSYoungGen: 497728K->15872K(503808K)] 966411K->494287K(1028096K), 0.0705928 secs] [Times: user=0.04 sys=0.04, real=0.07 secs] 
2021-06-14T10:16:44.807+0800: 2681156.505: [GC (Allocation Failure) [PSYoungGen: 499712K->17152K(503296K)] 978127K->505612K(1027584K), 0.0299694 secs] [Times: user=0.04 sys=0.04, real=0.03 secs] 
2021-06-14T10:21:50.043+0800: 2681461.742: [GC (Allocation Failure) [PSYoungGen: 500480K->13920K(503808K)] 988940K->515269K(1028096K), 0.0297122 secs] [Times: user=0.04 sys=0.05, real=0.03 secs] 
2021-06-14T10:26:53.020+0800: 2681764.718: [GC (Allocation Failure) [PSYoungGen: 497248K->13952K(504832K)] 998597K->525632K(1029120K), 0.0293759 secs] [Times: user=0.04 sys=0.04, real=0.03 secs] 
2021-06-14T10:26:53.050+0800: 2681764.748: [Full GC (Ergonomics) [PSYoungGen: 13952K->0K(504832K)] [ParOldGen: 511680K->312767K(524288K)] 525632K->312767K(1029120K), [Metaspace: 97133K->97130K(1138688K)], 0.5519602 secs] [Times: user=0.56 sys=0.56, real=0.55 secs] 
2021-06-14T10:31:50.382+0800: 2682062.080: [GC (Allocation Failure) [PSYoungGen: 484864K->16384K(504320K)] 797631K->329151K(1028608K), 0.0309658 secs] [Times: user=0.04 sys=0.04, real=0.04 secs] 
2021-06-14T10:36:59.304+0800: 2682371.002: [GC (Allocation Failure) [PSYoungGen: 501248K->11712K(504320K)] 814015K->336153K(1028608K), 0.0338612 secs] [Times: user=0.04 sys=0.05, real=0.03 secs] 
2021-06-14T10:42:05.626+0800: 2682677.324: [GC (Allocation Failure) [PSYoungGen: 496064K->14976K(504320K)] 820505K->347371K(1028608K), 0.0279153 secs] [Times: user=0.04 sys=0.04, real=0.03 secs] 
2021-06-14T10:47:13.638+0800: 2682985.336: [GC (Allocation Failure) [PSYoungGen: 499328K->12192K(504832K)] 831723K->353645K(1029120K), 0.0310592 secs] [Times: user=0.04 sys=0.04, real=0.03 secs] 
2021-06-14T10:52:25.404+0800: 2683297.103: [GC (Allocation Failure) [PSYoungGen: 497568K->11072K(504832K)] 839021K->361383K(1029120K), 0.0260701 secs] [Times: user=0.03 sys=0.03, real=0.02 secs] 
2021-06-14T10:57:28.543+0800: 2683600.241: [GC (Allocation Failure) [PSYoungGen: 496448K->14688K(504832K)] 846759K->373394K(1029120K), 0.0325936 secs] [Times: user=0.04 sys=0.04, real=0.03 secs] 
2021-06-14T11:02:35.149+0800: 2683906.847: [GC (Allocation Failure) [PSYoungGen: 500064K->15712K(504832K)] 858770K->383343K(1029120K), 0.0473263 secs] [Times: user=0.04 sys=0.04, real=0.05 secs] 
2021-06-14T11:07:39.457+0800: 2684211.156: [GC (Allocation Failure) [PSYoungGen: 501088K->15968K(504832K)] 868719K->393985K(1029120K), 0.0353866 secs] [Times: user=0.05 sys=0.05, real=0.04 secs] 
2021-06-14T11:12:40.315+0800: 2684512.013: [GC (Allocation Failure) [PSYoungGen: 501344K->15008K(504832K)] 879361K->401792K(1029120K), 0.0711649 secs] [Times: user=0.05 sys=0.04, real=0.07 secs] 
2021-06-14T11:17:45.445+0800: 2684817.143: [GC (Allocation Failure) [PSYoungGen: 500384K->13824K(505344K)] 887168K->410619K(1029632K), 0.0295522 secs] [Times: user=0.04 sys=0.04, real=0.03 secs] 
2021-06-14T11:22:44.998+0800: 2685116.697: [GC (Allocation Failure) [PSYoungGen: 499712K->17280K(504832K)] 896507K->424103K(1029120K), 0.0299732 secs] [Times: user=0.04 sys=0.04, real=0.03 secs] 
2021-06-14T11:27:55.431+0800: 2685427.130: [GC (Allocation Failure) [PSYoungGen: 503168K->11456K(504832K)] 909991K->430984K(1029120K), 0.0275102 secs] [Times: user=0.04 sys=0.04, real=0.03 secs] 
2021-06-14T11:33:01.441+0800: 2685733.139: [GC (Allocation Failure) [PSYoungGen: 496832K->12352K(504832K)] 916360K->440179K(1029120K), 0.0296362 secs] [Times: user=0.05 sys=0.05, real=0.03 secs] 
2021-06-14T11:38:10.317+0800: 2686042.015: [GC (Allocation Failure) [PSYoungGen: 497728K->11648K(504832K)] 925555K->449205K(1029120K), 0.0348260 secs] [Times: user=0.04 sys=0.05, real=0.04 secs] 
2021-06-14T11:43:16.403+0800: 2686348.101: [GC (Allocation Failure) [PSYoungGen: 497024K->13568K(504832K)] 934581K->459225K(1029120K), 0.0327533 secs] [Times: user=0.04 sys=0.04, real=0.03 secs] 
2021-06-14T11:48:22.195+0800: 2686653.893: [GC (Allocation Failure) [PSYoungGen: 498944K->8896K(504320K)] 944601K->464176K(1028608K), 0.0273031 secs] [Times: user=0.04 sys=0.04, real=0.03 secs] 
2021-06-14T11:53:31.869+0800: 2686963.567: [GC (Allocation Failure) [PSYoungGen: 494272K->12128K(504832K)] 949552K->474283K(1029120K), 0.0282396 secs] [Times: user=0.05 sys=0.05, real=0.03 secs] 
2021-06-14T11:58:40.751+0800: 2687272.449: [GC (Allocation Failure) [PSYoungGen: 497504K->11520K(505856K)] 959659K->482878K(1030144K), 0.0240382 secs] [Times: user=0.03 sys=0.04, real=0.03 secs] 
2021-06-14T12:03:40.979+0800: 2687572.677: [GC (Allocation Failure) [PSYoungGen: 498432K->18048K(505344K)] 969790K->498323K(1029632K), 0.0576631 secs] [Times: user=0.04 sys=0.04, real=0.06 secs] 
2021-06-14T12:08:42.827+0800: 2687874.525: [GC (Allocation Failure) [PSYoungGen: 504960K->18432K(501248K)] 985235K->510032K(1025536K), 0.0312465 secs] [Times: user=0.04 sys=0.04, real=0.03 secs] 
2021-06-14T12:13:45.518+0800: 2688177.216: [GC (Allocation Failure) [PSYoungGen: 500736K->13920K(503296K)] 992336K->516955K(1027584K), 0.0268247 secs] [Times: user=0.03 sys=0.04, real=0.03 secs] 
2021-06-14T12:18:58.618+0800: 2688490.316: [GC (Allocation Failure) [PSYoungGen: 496224K->11360K(503808K)] 999259K->523279K(1028096K), 0.0257811 secs] [Times: user=0.04 sys=0.04, real=0.03 secs] 
2021-06-14T12:18:58.644+0800: 2688490.343: [Full GC (Ergonomics) [PSYoungGen: 11360K->0K(503808K)] [ParOldGen: 511919K->318690K(524288K)] 523279K->318690K(1028096K), [Metaspace: 97133K->97133K(1138688K)], 0.4687589 secs] [Times: user=1.01 sys=0.00, real=0.47 secs] 
2021-06-14T12:24:04.604+0800: 2688796.302: [GC (Allocation Failure) [PSYoungGen: 483328K->13216K(503808K)] 802018K->331906K(1028096K), 0.0588586 secs] [Times: user=0.03 sys=0.04, real=0.06 secs] 
2021-06-14T12:29:01.549+0800: 2689093.247: [GC (Allocation Failure) [PSYoungGen: 496544K->12672K(504832K)] 815234K->341686K(1029120K), 0.0233034 secs] [Times: user=0.03 sys=0.04, real=0.03 secs] 
2021-06-14T12:34:04.694+0800: 2689396.393: [GC (Allocation Failure) [PSYoungGen: 497536K->14816K(504320K)] 826550K->353041K(1028608K), 0.0297486 secs] [Times: user=0.04 sys=0.03, real=0.03 secs] 
2021-06-14T12:39:14.940+0800: 2689706.638: [GC (Allocation Failure) [PSYoungGen: 499680K->10848K(504832K)] 837905K->359562K(1029120K), 0.0287878 secs] [Times: user=0.03 sys=0.04, real=0.03 secs] 
2021-06-14T12:44:21.897+0800: 2690013.595: [GC (Allocation Failure) [PSYoungGen: 496224K->11264K(504832K)] 844938K->367558K(1029120K), 0.0223757 secs] [Times: user=0.04 sys=0.04, real=0.02 secs] 
2021-06-14T12:49:26.673+0800: 2690318.371: [GC (Allocation Failure) [PSYoungGen: 496640K->14048K(505344K)] 852934K->379385K(1029632K), 0.0300776 secs] [Times: user=0.04 sys=0.04, real=0.03 secs] 
2021-06-14T12:54:32.316+0800: 2690624.014: [GC (Allocation Failure) [PSYoungGen: 500430K->15200K(505344K)] 865767K->389828K(1029632K), 0.0299423 secs] [Times: user=0.04 sys=0.04, real=0.03 secs] 
2021-06-14T12:59:41.848+0800: 2690933.546: [GC (Allocation Failure) [PSYoungGen: 501600K->16544K(504320K)] 876228K->401681K(1028608K), 0.0278312 secs] [Times: user=0.04 sys=0.04, real=0.03 secs] 
2021-06-14T13:04:46.093+0800: 2691237.791: [GC (Allocation Failure) [PSYoungGen: 501920K->12224K(504832K)] 887057K->407562K(1029120K), 0.0315573 secs] [Times: user=0.04 sys=0.05, real=0.03 secs] 
2021-06-14T13:09:48.637+0800: 2691540.335: [GC (Allocation Failure) [PSYoungGen: 497600K->14432K(505344K)] 892938K->418005K(1029632K), 0.0254735 secs] [Times: user=0.04 sys=0.04, real=0.03 secs] 
2021-06-14T13:14:48.334+0800: 2691840.032: [GC (Allocation Failure) [PSYoungGen: 500320K->17664K(503808K)] 903893K->430769K(1028096K), 0.0354470 secs] [Times: user=0.04 sys=0.04, real=0.03 secs] 
2021-06-14T13:19:43.010+0800: 2692134.708: [GC (Allocation Failure) [PSYoungGen: 503552K->19562K(501248K)] 916657K->443592K(1025536K), 0.0309526 secs] [Times: user=0.04 sys=0.04, real=0.03 secs] 
2021-06-14T13:24:47.080+0800: 2692438.778: [GC (Allocation Failure) [PSYoungGen: 500842K->14400K(502784K)] 924872K->450867K(1027072K), 0.0378616 secs] [Times: user=0.10 sys=0.00, real=0.04 secs] 
2021-06-14T13:29:48.919+0800: 2692740.617: [GC (Allocation Failure) [PSYoungGen: 495680K->14464K(503808K)] 932147K->460663K(1028096K), 0.0301618 secs] [Times: user=0.04 sys=0.04, real=0.03 secs] 
2021-06-14T13:34:49.195+0800: 2693040.893: [GC (Allocation Failure) [PSYoungGen: 497280K->15680K(503296K)] 943479K->471003K(1027584K), 0.0374085 secs] [Times: user=0.08 sys=0.00, real=0.04 secs] 
2021-06-14T13:39:52.052+0800: 2693343.751: [GC (Allocation Failure) [PSYoungGen: 498496K->13440K(504320K)] 953819K->479500K(1028608K), 0.0270664 secs] [Times: user=0.05 sys=0.04, real=0.02 secs] 
2021-06-14T13:44:56.215+0800: 2693647.913: [GC (Allocation Failure) [PSYoungGen: 497792K->15296K(504320K)] 963852K->491400K(1028608K), 0.0274992 secs] [Times: user=0.04 sys=0.03, real=0.03 secs] 
2021-06-14T13:50:02.955+0800: 2693954.654: [GC (Allocation Failure) [PSYoungGen: 499648K->14432K(505344K)] 975752K->501587K(1029632K), 0.0323514 secs] [Times: user=0.04 sys=0.04, real=0.03 secs] 
2021-06-14T13:55:06.182+0800: 2694257.880: [GC (Allocation Failure) [PSYoungGen: 500320K->12992K(504832K)] 987475K->511054K(1029120K), 0.0345679 secs] [Times: user=0.04 sys=0.05, real=0.04 secs] 
2021-06-14T14:00:15.634+0800: 2694567.332: [GC (Allocation Failure) [PSYoungGen: 498880K->13248K(505344K)] 996942K->519641K(1029632K), 0.0832092 secs] [Times: user=0.03 sys=0.04, real=0.08 secs] 
2021-06-14T14:05:22.686+0800: 2694874.384: [GC (Allocation Failure) [PSYoungGen: 499648K->10464K(505344K)] 1006041K->525931K(1029632K), 0.0305143 secs] [Times: user=0.04 sys=0.04, real=0.03 secs] 
2021-06-14T14:05:22.717+0800: 2694874.415: [Full GC (Ergonomics) [PSYoungGen: 10464K->0K(505344K)] [ParOldGen: 515467K->319596K(524288K)] 525931K->319596K(1029632K), [Metaspace: 97133K->97133K(1138688K)], 0.4866408 secs] [Times: user=0.50 sys=0.50, real=0.49 secs] 
2021-06-14T14:10:27.626+0800: 2695179.324: [GC (Allocation Failure) [PSYoungGen: 486400K->13344K(505856K)] 805996K->332940K(1030144K), 0.0301953 secs] [Times: user=0.04 sys=0.04, real=0.03 secs] 
2021-06-14T14:15:32.519+0800: 2695484.217: [GC (Allocation Failure) [PSYoungGen: 500256K->17184K(504320K)] 819852K->346491K(1028608K), 0.1028526 secs] [Times: user=0.05 sys=0.05, real=0.10 secs] 
2021-06-14T14:20:39.034+0800: 2695790.732: [GC (Allocation Failure) [PSYoungGen: 504096K->13472K(505344K)] 833403K->354493K(1029632K), 0.0265915 secs] [Times: user=0.03 sys=0.04, real=0.02 secs] 
2021-06-14T14:25:39.445+0800: 2696091.144: [GC (Allocation Failure) [PSYoungGen: 499360K->16352K(504832K)] 840381K->366209K(1029120K), 0.0346468 secs] [Times: user=0.03 sys=0.04, real=0.03 secs] 
2021-06-14T14:30:47.667+0800: 2696399.365: [GC (Allocation Failure) [PSYoungGen: 502240K->15936K(504832K)] 852097K->376180K(1029120K), 0.0621659 secs] [Times: user=0.04 sys=0.04, real=0.06 secs] 
2021-06-14T14:35:48.427+0800: 2696700.125: [GC (Allocation Failure) [PSYoungGen: 501312K->16800K(502272K)] 861556K->386201K(1026560K), 0.0305242 secs] [Times: user=0.04 sys=0.04, real=0.03 secs] 
2021-06-14T14:40:55.993+0800: 2697007.691: [GC (Allocation Failure) [PSYoungGen: 502176K->10848K(504320K)] 871577K->390776K(1028608K), 0.0635575 secs] [Times: user=0.04 sys=0.05, real=0.06 secs] 
2021-06-14T14:46:03.147+0800: 2697314.846: [GC (Allocation Failure) [PSYoungGen: 495200K->12480K(504320K)] 875128K->400236K(1028608K), 0.0296843 secs] [Times: user=0.03 sys=0.04, real=0.03 secs] 
2021-06-14T14:51:09.184+0800: 2697620.883: [GC (Allocation Failure) [PSYoungGen: 496832K->13664K(504832K)] 884588K->409815K(1029120K), 0.0251833 secs] [Times: user=0.03 sys=0.04, real=0.02 secs] 
2021-06-14T14:56:17.794+0800: 2697929.492: [GC (Allocation Failure) [PSYoungGen: 498528K->8192K(504320K)] 894679K->414184K(1028608K), 0.0630364 secs] [Times: user=0.04 sys=0.03, real=0.06 secs] 
2021-06-14T15:01:18.409+0800: 2698230.107: [GC (Allocation Failure) [PSYoungGen: 493056K->12608K(504832K)] 899048K->424844K(1029120K), 0.0256579 secs] [Times: user=0.03 sys=0.03, real=0.03 secs] 
2021-06-14T15:06:27.897+0800: 2698539.595: [GC (Allocation Failure) [PSYoungGen: 497472K->11328K(504320K)] 909708K->432878K(1028608K), 0.0255747 secs] [Times: user=0.04 sys=0.03, real=0.03 secs] 
2021-06-14T15:11:31.994+0800: 2698843.692: [GC (Allocation Failure) [PSYoungGen: 496192K->13248K(505856K)] 917742K->443259K(1030144K), 0.0288123 secs] [Times: user=0.03 sys=0.04, real=0.03 secs] 
2021-06-14T15:16:33.346+0800: 2699145.044: [GC (Allocation Failure) [PSYoungGen: 499648K->13664K(504832K)] 929659K->453660K(1029120K), 0.0367691 secs] [Times: user=0.04 sys=0.05, real=0.04 secs] 
2021-06-14T15:21:39.530+0800: 2699451.228: [GC (Allocation Failure) [PSYoungGen: 500064K->14496K(505856K)] 940060K->462967K(1030144K), 0.0250430 secs] [Times: user=0.03 sys=0.04, real=0.03 secs] 
2021-06-14T15:26:43.565+0800: 2699755.264: [GC (Allocation Failure) [PSYoungGen: 501920K->17920K(505856K)] 950391K->476084K(1030144K), 0.0349074 secs] [Times: user=0.04 sys=0.03, real=0.03 secs] 
2021-06-14T15:31:50.742+0800: 2700062.440: [GC (Allocation Failure) [PSYoungGen: 505344K->15744K(503808K)] 963508K->485065K(1028096K), 0.0293519 secs] [Times: user=0.08 sys=0.00, real=0.03 secs] 
2021-06-14T15:36:54.811+0800: 2700366.510: [GC (Allocation Failure) [PSYoungGen: 501120K->14176K(504832K)] 970441K->495011K(1029120K), 0.0353282 secs] [Times: user=0.04 sys=0.04, real=0.04 secs] 
2021-06-14T15:42:00.798+0800: 2700672.497: [GC (Allocation Failure) [PSYoungGen: 499552K->16384K(504320K)] 980387K->507496K(1028608K), 0.0291712 secs] [Times: user=0.05 sys=0.05, real=0.03 secs] 
2021-06-14T15:47:08.716+0800: 2700980.414: [GC (Allocation Failure) [PSYoungGen: 501760K->13920K(504832K)] 992872K->516060K(1029120K), 0.0291219 secs] [Times: user=0.04 sys=0.04, real=0.03 secs] 
2021-06-14T15:52:10.383+0800: 2701282.082: [GC (Allocation Failure) [PSYoungGen: 499296K->12672K(505344K)] 1001436K->524063K(1029632K), 0.0250732 secs] [Times: user=0.08 sys=0.00, real=0.02 secs] 
2021-06-14T15:52:10.409+0800: 2701282.107: [Full GC (Ergonomics) [PSYoungGen: 12672K->0K(505344K)] [ParOldGen: 511391K->315657K(524288K)] 524063K->315657K(1029632K), [Metaspace: 97133K->97130K(1138688K)], 0.5142359 secs] [Times: user=1.10 sys=0.00, real=0.52 secs] 
2021-06-14T15:57:13.843+0800: 2701585.541: [GC (Allocation Failure) [PSYoungGen: 486400K->13344K(505344K)] 802057K->329001K(1029632K), 0.0239919 secs] [Times: user=0.02 sys=0.03, real=0.02 secs] 
2021-06-14T16:02:19.364+0800: 2701891.062: [GC (Allocation Failure) [PSYoungGen: 499744K->12352K(505856K)] 815401K->337811K(1030144K), 0.0295656 secs] [Times: user=0.04 sys=0.03, real=0.03 secs] 
2021-06-14T16:07:23.979+0800: 2702195.677: [GC (Allocation Failure) [PSYoungGen: 499776K->12288K(505856K)] 825235K->346366K(1030144K), 0.0258861 secs] [Times: user=0.04 sys=0.04, real=0.03 secs] 
2021-06-14T16:12:27.039+0800: 2702498.737: [GC (Allocation Failure) [PSYoungGen: 499712K->12928K(506368K)] 833790K->355737K(1030656K), 0.0253570 secs] [Times: user=0.03 sys=0.04, real=0.03 secs] 
2021-06-14T16:17:39.327+0800: 2702811.025: [GC (Allocation Failure) [PSYoungGen: 500864K->10432K(505856K)] 843673K->362922K(1030144K), 0.0240472 secs] [Times: user=0.03 sys=0.04, real=0.02 secs] 
2021-06-14T16:22:44.054+0800: 2703115.752: [GC (Allocation Failure) [PSYoungGen: 498368K->13920K(506368K)] 850858K->373773K(1030656K), 0.0362305 secs] [Times: user=0.04 sys=0.03, real=0.03 secs] 
2021-06-14T16:27:50.997+0800: 2703422.695: [GC (Allocation Failure) [PSYoungGen: 502368K->11712K(506368K)] 862221K->380783K(1030656K), 0.0280252 secs] [Times: user=0.03 sys=0.03, real=0.03 secs] 
2021-06-14T16:32:59.621+0800: 2703731.320: [GC (Allocation Failure) [PSYoungGen: 500160K->14336K(506368K)] 869231K->391739K(1030656K), 0.0259892 secs] [Times: user=0.03 sys=0.04, real=0.03 secs] 
2021-06-14T16:38:00.363+0800: 2704032.062: [GC (Allocation Failure) [PSYoungGen: 502784K->15200K(506368K)] 880187K->402990K(1030656K), 0.0385522 secs] [Times: user=0.05 sys=0.05, real=0.04 secs] 
2021-06-14T16:43:00.742+0800: 2704332.440: [GC (Allocation Failure) [PSYoungGen: 503648K->14880K(506368K)] 891438K->412290K(1030656K), 0.0285750 secs] [Times: user=0.04 sys=0.04, real=0.03 secs] 
2021-06-14T16:47:59.485+0800: 2704631.183: [GC (Allocation Failure) [PSYoungGen: 503328K->17888K(506368K)] 900738K->427030K(1030656K), 0.0362177 secs] [Times: user=0.09 sys=0.00, real=0.03 secs] 
2021-06-14T16:52:58.166+0800: 2704929.864: [GC (Allocation Failure) [PSYoungGen: 506336K->15328K(496128K)] 915478K->437626K(1020416K), 0.0270935 secs] [Times: user=0.04 sys=0.04, real=0.03 secs] 
2021-06-14T16:57:59.664+0800: 2705231.363: [GC (Allocation Failure) [PSYoungGen: 493536K->9408K(501248K)] 915834K->443514K(1025536K), 0.0270335 secs] [Times: user=0.04 sys=0.04, real=0.02 secs] 
2021-06-14T17:02:59.524+0800: 2705531.222: [GC (Allocation Failure) [PSYoungGen: 487616K->14880K(501760K)] 921722K->456232K(1026048K), 0.0563620 secs] [Times: user=0.04 sys=0.05, real=0.06 secs] 
2021-06-14T17:08:01.565+0800: 2705833.263: [GC (Allocation Failure) [PSYoungGen: 493600K->12864K(501248K)] 934952K->465050K(1025536K), 0.0308444 secs] [Times: user=0.04 sys=0.04, real=0.03 secs] 
2021-06-14T17:13:03.792+0800: 2706135.490: [GC (Allocation Failure) [PSYoungGen: 491584K->15296K(502784K)] 943770K->476127K(1027072K), 0.0310448 secs] [Times: user=0.04 sys=0.04, real=0.04 secs] 
2021-06-14T17:18:05.714+0800: 2706437.412: [GC (Allocation Failure) [PSYoungGen: 496064K->13088K(502272K)] 956895K->484792K(1026560K), 0.0293473 secs] [Times: user=0.03 sys=0.04, real=0.03 secs] 
2021-06-14T17:23:12.180+0800: 2706743.879: [GC (Allocation Failure) [PSYoungGen: 493856K->13568K(503808K)] 965560K->494188K(1028096K), 0.0296019 secs] [Times: user=0.03 sys=0.04, real=0.03 secs] 
2021-06-14T17:28:16.868+0800: 2707048.566: [GC (Allocation Failure) [PSYoungGen: 496384K->14496K(503296K)] 977004K->504232K(1027584K), 0.0262056 secs] [Times: user=0.03 sys=0.04, real=0.03 secs] 
2021-06-14T17:33:15.040+0800: 2707346.738: [GC (Allocation Failure) [PSYoungGen: 497312K->12384K(504320K)] 987048K->512393K(1028608K), 0.0264658 secs] [Times: user=0.04 sys=0.04, real=0.03 secs] 
2021-06-14T17:38:20.625+0800: 2707652.323: [GC (Allocation Failure) [PSYoungGen: 496736K->9152K(504320K)] 996745K->518010K(1028608K), 0.0247503 secs] [Times: user=0.04 sys=0.04, real=0.02 secs] 
2021-06-14T17:43:23.864+0800: 2707955.563: [GC (Allocation Failure) [PSYoungGen: 493504K->13824K(504832K)] 1002362K->530085K(1029120K), 0.0249903 secs] [Times: user=0.03 sys=0.04, real=0.02 secs] 
2021-06-14T17:43:23.890+0800: 2707955.588: [Full GC (Ergonomics) [PSYoungGen: 13824K->0K(504832K)] [ParOldGen: 516261K->321755K(524288K)] 530085K->321755K(1029120K), [Metaspace: 97133K->97133K(1138688K)], 0.4244317 secs] [Times: user=0.98 sys=0.00, real=0.43 secs] 
2021-06-14T17:48:30.894+0800: 2708262.592: [GC (Allocation Failure) [PSYoungGen: 484864K->11936K(504320K)] 806619K->333691K(1028608K), 0.0243949 secs] [Times: user=0.04 sys=0.04, real=0.02 secs] 
2021-06-14T17:53:35.357+0800: 2708567.055: [GC (Allocation Failure) [PSYoungGen: 496800K->14688K(505344K)] 818555K->344928K(1029632K), 0.0315104 secs] [Times: user=0.04 sys=0.04, real=0.03 secs] 
2021-06-14T17:58:45.120+0800: 2708876.818: [GC (Allocation Failure) [PSYoungGen: 500576K->12864K(504832K)] 830816K->352440K(1029120K), 0.0339684 secs] [Times: user=0.04 sys=0.04, real=0.04 secs] 
2021-06-14T18:03:54.861+0800: 2709186.560: [GC (Allocation Failure) [PSYoungGen: 498752K->12480K(505856K)] 838328K->361091K(1030144K), 0.0282357 secs] [Times: user=0.04 sys=0.03, real=0.03 secs] 
2021-06-14T18:08:57.504+0800: 2709489.202: [GC (Allocation Failure) [PSYoungGen: 499392K->12288K(505344K)] 848003K->369150K(1029632K), 0.0265584 secs] [Times: user=0.03 sys=0.04, real=0.02 secs] 
2021-06-14T18:13:58.717+0800: 2709790.415: [GC (Allocation Failure) [PSYoungGen: 499200K->18048K(503808K)] 856062K->383803K(1028096K), 0.0287544 secs] [Times: user=0.04 sys=0.04, real=0.03 secs] 
2021-06-14T18:19:03.730+0800: 2710095.428: [GC (Allocation Failure) [PSYoungGen: 503424K->12352K(504832K)] 869179K->390022K(1029120K), 0.0310377 secs] [Times: user=0.04 sys=0.03, real=0.03 secs] 
2021-06-14T18:24:03.324+0800: 2710395.022: [GC (Allocation Failure) [PSYoungGen: 497728K->16480K(504320K)] 875398K->402906K(1028608K), 0.0285652 secs] [Times: user=0.04 sys=0.04, real=0.03 secs] 
2021-06-14T18:29:06.485+0800: 2710698.183: [GC (Allocation Failure) [PSYoungGen: 501856K->10848K(504832K)] 888282K->409706K(1029120K), 0.0251181 secs] [Times: user=0.03 sys=0.04, real=0.02 secs] 
2021-06-14T18:34:06.499+0800: 2710998.197: [GC (Allocation Failure) [PSYoungGen: 496224K->19200K(501760K)] 895082K->425809K(1026048K), 0.0301883 secs] [Times: user=0.04 sys=0.04, real=0.03 secs] 
2021-06-14T18:39:13.386+0800: 2711305.084: [GC (Allocation Failure) [PSYoungGen: 501504K->14496K(503296K)] 908113K->433818K(1027584K), 0.0673063 secs] [Times: user=0.04 sys=0.04, real=0.07 secs] 
2021-06-14T18:44:13.402+0800: 2711605.100: [GC (Allocation Failure) [PSYoungGen: 496800K->12768K(503808K)] 916122K->441973K(1028096K), 0.0532376 secs] [Times: user=0.04 sys=0.04, real=0.05 secs] 
2021-06-14T18:49:16.915+0800: 2711908.614: [GC (Allocation Failure) [PSYoungGen: 496096K->12288K(503808K)] 925301K->451526K(1028096K), 0.0252525 secs] [Times: user=0.04 sys=0.04, real=0.02 secs] 
2021-06-14T18:54:22.243+0800: 2712213.941: [GC (Allocation Failure) [PSYoungGen: 495616K->13376K(504832K)] 934854K->461937K(1029120K), 0.0254796 secs] [Times: user=0.04 sys=0.04, real=0.02 secs] 
2021-06-14T18:59:27.734+0800: 2712519.432: [GC (Allocation Failure) [PSYoungGen: 498240K->12896K(504320K)] 946801K->471195K(1028608K), 0.0283899 secs] [Times: user=0.03 sys=0.04, real=0.03 secs] 
2021-06-14T19:04:35.710+0800: 2712827.408: [GC (Allocation Failure) [PSYoungGen: 497760K->12832K(505344K)] 956059K->480365K(1029632K), 0.0326112 secs] [Times: user=0.02 sys=0.05, real=0.04 secs] 
2021-06-14T19:09:38.630+0800: 2713130.328: [GC (Allocation Failure) [PSYoungGen: 499232K->11424K(505344K)] 966765K->487864K(1029632K), 0.0561082 secs] [Times: user=0.03 sys=0.04, real=0.06 secs] 
2021-06-14T19:14:42.854+0800: 2713434.552: [GC (Allocation Failure) [PSYoungGen: 497824K->11552K(505856K)] 974264K->495354K(1030144K), 0.0241736 secs] [Times: user=0.03 sys=0.03, real=0.02 secs] 
2021-06-14T19:19:43.898+0800: 2713735.596: [GC (Allocation Failure) [PSYoungGen: 498976K->12138K(505856K)] 982778K->504511K(1030144K), 0.0270957 secs] [Times: user=0.03 sys=0.04, real=0.03 secs] 
2021-06-14T19:24:47.961+0800: 2714039.659: [GC (Allocation Failure) [PSYoungGen: 499562K->15104K(505344K)] 991935K->517052K(1029632K), 0.0267669 secs] [Times: user=0.04 sys=0.04, real=0.03 secs] 
2021-06-14T19:29:53.464+0800: 2714345.162: [GC (Allocation Failure) [PSYoungGen: 502528K->15488K(503296K)] 1004476K->527568K(1027584K), 0.0276830 secs] [Times: user=0.04 sys=0.04, real=0.02 secs] 
2021-06-14T19:29:53.492+0800: 2714345.190: [Full GC (Ergonomics) [PSYoungGen: 15488K->0K(503296K)] [ParOldGen: 512080K->318492K(524288K)] 527568K->318492K(1027584K), [Metaspace: 97135K->97135K(1138688K)], 0.4873268 secs] [Times: user=0.50 sys=0.49, real=0.49 secs] 
2021-06-14T19:34:57.897+0800: 2714649.595: [GC (Allocation Failure) [PSYoungGen: 487424K->16192K(504320K)] 805916K->334684K(1028608K), 0.0277218 secs] [Times: user=0.03 sys=0.04, real=0.03 secs] 
2021-06-14T19:40:05.807+0800: 2714957.506: [GC (Allocation Failure) [PSYoungGen: 501568K->12352K(504832K)] 820060K->343414K(1029120K), 0.0255929 secs] [Times: user=0.04 sys=0.04, real=0.03 secs] 
2021-06-14T19:45:08.323+0800: 2715260.021: [GC (Allocation Failure) [PSYoungGen: 497728K->14464K(505344K)] 828790K->353771K(1029632K), 0.0258917 secs] [Times: user=0.04 sys=0.04, real=0.02 secs] 
2021-06-14T19:50:14.987+0800: 2715566.685: [GC (Allocation Failure) [PSYoungGen: 500864K->18624K(505344K)] 840171K->367520K(1029632K), 0.0332814 secs] [Times: user=0.04 sys=0.05, real=0.03 secs] 
2021-06-14T19:55:19.967+0800: 2715871.666: [GC (Allocation Failure) [PSYoungGen: 505024K->16480K(502272K)] 853920K->377069K(1026560K), 0.0295338 secs] [Times: user=0.04 sys=0.03, real=0.03 secs] 
2021-06-14T20:00:26.641+0800: 2716178.340: [GC (Allocation Failure) [PSYoungGen: 499808K->14176K(503808K)] 860397K->385505K(1028096K), 0.0582218 secs] [Times: user=0.04 sys=0.04, real=0.06 secs] 
2021-06-14T20:05:31.245+0800: 2716482.943: [GC (Allocation Failure) [PSYoungGen: 497504K->13056K(504832K)] 868833K->393499K(1029120K), 0.0260021 secs] [Times: user=0.04 sys=0.04, real=0.02 secs] 
2021-06-14T20:10:31.687+0800: 2716783.385: [GC (Allocation Failure) [PSYoungGen: 497920K->12064K(504320K)] 878363K->401062K(1028608K), 0.0827994 secs] [Times: user=0.04 sys=0.04, real=0.08 secs] 
2021-06-14T20:15:33.841+0800: 2717085.539: [GC (Allocation Failure) [PSYoungGen: 496928K->12864K(505344K)] 885926K->409554K(1029632K), 0.0274840 secs] [Times: user=0.04 sys=0.04, real=0.03 secs] 
2021-06-14T20:20:42.447+0800: 2717394.146: [GC (Allocation Failure) [PSYoungGen: 498752K->13856K(504832K)] 895442K->420350K(1029120K), 0.0307256 secs] [Times: user=0.04 sys=0.04, real=0.03 secs] 
2021-06-14T20:25:47.201+0800: 2717698.900: [GC (Allocation Failure) [PSYoungGen: 499744K->14112K(505856K)] 906238K->430400K(1030144K), 0.0320181 secs] [Times: user=0.08 sys=0.00, real=0.04 secs] 
2021-06-14T20:30:53.033+0800: 2718004.732: [GC (Allocation Failure) [PSYoungGen: 501536K->14496K(505856K)] 917824K->440052K(1030144K), 0.0277464 secs] [Times: user=0.03 sys=0.03, real=0.02 secs] 
2021-06-14T20:35:58.370+0800: 2718310.068: [GC (Allocation Failure) [PSYoungGen: 501920K->12064K(506368K)] 927476K->447094K(1030656K), 0.0301687 secs] [Times: user=0.03 sys=0.04, real=0.03 secs] 
2021-06-14T20:41:00.632+0800: 2718612.330: [GC (Allocation Failure) [PSYoungGen: 500512K->16512K(505344K)] 935542K->460994K(1029632K), 0.0280698 secs] [Times: user=0.05 sys=0.04, real=0.03 secs] 
2021-06-14T20:46:05.038+0800: 2718916.736: [GC (Allocation Failure) [PSYoungGen: 504960K->13504K(505856K)] 949442K->469245K(1030144K), 0.0269060 secs] [Times: user=0.04 sys=0.04, real=0.03 secs] 
2021-06-14T20:51:07.178+0800: 2719218.876: [GC (Allocation Failure) [PSYoungGen: 500928K->15392K(505856K)] 956669K->481048K(1030144K), 0.0410423 secs] [Times: user=0.03 sys=0.03, real=0.04 secs] 
2021-06-14T20:56:11.052+0800: 2719522.750: [GC (Allocation Failure) [PSYoungGen: 502816K->15232K(505856K)] 968472K->491748K(1030144K), 0.0303913 secs] [Times: user=0.03 sys=0.05, real=0.04 secs] 
2021-06-14T21:01:15.193+0800: 2719826.892: [GC (Allocation Failure) [PSYoungGen: 502656K->11424K(505856K)] 979172K->497862K(1030144K), 0.0260128 secs] [Times: user=0.04 sys=0.04, real=0.02 secs] 
2021-06-14T21:06:20.796+0800: 2720132.494: [GC (Allocation Failure) [PSYoungGen: 498848K->11840K(505856K)] 985286K->507392K(1030144K), 0.0334370 secs] [Times: user=0.04 sys=0.04, real=0.03 secs] 
2021-06-14T21:11:21.487+0800: 2720433.185: [GC (Allocation Failure) [PSYoungGen: 499263K->9440K(497152K)] 994815K->513154K(1021440K), 0.0217948 secs] [Times: user=0.07 sys=0.00, real=0.02 secs] 
2021-06-14T21:16:26.959+0800: 2720738.658: [GC (Allocation Failure) [PSYoungGen: 496864K->8416K(505344K)] 1000578K->519868K(1029632K), 0.0240630 secs] [Times: user=0.03 sys=0.03, real=0.03 secs] 
2021-06-14T21:21:34.885+0800: 2721046.583: [GC (Allocation Failure) [PSYoungGen: 494816K->11520K(505344K)] 1006268K->529255K(1029632K), 0.0504045 secs] [Times: user=0.03 sys=0.04, real=0.05 secs] 
2021-06-14T21:21:34.936+0800: 2721046.634: [Full GC (Ergonomics) [PSYoungGen: 11520K->0K(505344K)] [ParOldGen: 517735K->320046K(524288K)] 529255K->320046K(1029632K), [Metaspace: 97135K->97131K(1138688K)], 0.4889231 secs] [Times: user=0.51 sys=0.50, real=0.49 secs] 
2021-06-14T21:26:43.171+0800: 2721354.869: [GC (Allocation Failure) [PSYoungGen: 486400K->14848K(504832K)] 806446K->334894K(1029120K), 0.0301198 secs] [Times: user=0.03 sys=0.04, real=0.03 secs] 
2021-06-14T21:31:52.695+0800: 2721664.393: [GC (Allocation Failure) [PSYoungGen: 501248K->11008K(505344K)] 821294K->341710K(1029632K), 0.0253243 secs] [Times: user=0.03 sys=0.04, real=0.02 secs] 
2021-06-14T21:36:58.934+0800: 2721970.632: [GC (Allocation Failure) [PSYoungGen: 497408K->12160K(505856K)] 828110K->350465K(1030144K), 0.0309610 secs] [Times: user=0.04 sys=0.04, real=0.03 secs] 
2021-06-14T21:42:06.336+0800: 2722278.034: [GC (Allocation Failure) [PSYoungGen: 499584K->11840K(505856K)] 837889K->358940K(1030144K), 0.0267026 secs] [Times: user=0.03 sys=0.05, real=0.03 secs] 
2021-06-14T21:47:13.384+0800: 2722585.082: [GC (Allocation Failure) [PSYoungGen: 499264K->8608K(506368K)] 846364K->364900K(1030656K), 0.0223824 secs] [Times: user=0.03 sys=0.04, real=0.02 secs] 
2021-06-14T21:52:22.817+0800: 2722894.515: [GC (Allocation Failure) [PSYoungGen: 497056K->7520K(496128K)] 853348K->370421K(1020416K), 0.0447827 secs] [Times: user=0.07 sys=0.00, real=0.04 secs] 
2021-06-14T21:57:30.242+0800: 2723201.940: [GC (Allocation Failure) [PSYoungGen: 495968K->8640K(506368K)] 858869K->377161K(1030656K), 0.0679359 secs] [Times: user=0.03 sys=0.03, real=0.07 secs] 
2021-06-14T22:02:33.154+0800: 2723504.853: [GC (Allocation Failure) [PSYoungGen: 496576K->12864K(505856K)] 865097K->387582K(1030144K), 0.0284094 secs] [Times: user=0.04 sys=0.04, real=0.03 secs] 
2021-06-14T22:07:36.665+0800: 2723808.363: [GC (Allocation Failure) [PSYoungGen: 500800K->14688K(505344K)] 875518K->397978K(1029632K), 0.0282904 secs] [Times: user=0.03 sys=0.04, real=0.03 secs] 
2021-06-14T22:12:41.092+0800: 2724112.790: [GC (Allocation Failure) [PSYoungGen: 502112K->15648K(503296K)] 885402K->408447K(1027584K), 0.0273690 secs] [Times: user=0.04 sys=0.04, real=0.03 secs] 
2021-06-14T22:17:49.416+0800: 2724421.114: [GC (Allocation Failure) [PSYoungGen: 503072K->9376K(505344K)] 895871K->414020K(1029632K), 0.0231082 secs] [Times: user=0.03 sys=0.04, real=0.02 secs] 
2021-06-14T22:22:55.584+0800: 2724727.282: [GC (Allocation Failure) [PSYoungGen: 495264K->11872K(504832K)] 899908K->423601K(1029120K), 0.0251598 secs] [Times: user=0.04 sys=0.04, real=0.02 secs] 
2021-06-14T22:28:03.338+0800: 2725035.036: [GC (Allocation Failure) [PSYoungGen: 497760K->8128K(505856K)] 909489K->429153K(1030144K), 0.0292449 secs] [Times: user=0.04 sys=0.04, real=0.03 secs] 
2021-06-14T22:33:14.169+0800: 2725345.867: [GC (Allocation Failure) [PSYoungGen: 495552K->8576K(505856K)] 916577K->435932K(1030144K), 0.0215421 secs] [Times: user=0.02 sys=0.03, real=0.02 secs] 
2021-06-14T22:38:22.236+0800: 2725653.934: [GC (Allocation Failure) [PSYoungGen: 496000K->14496K(504832K)] 923356K->448815K(1029120K), 0.0275957 secs] [Times: user=0.03 sys=0.03, real=0.03 secs] 
2021-06-14T22:43:23.900+0800: 2725955.598: [GC (Allocation Failure) [PSYoungGen: 500896K->11232K(505344K)] 935215K->456217K(1029632K), 0.0279477 secs] [Times: user=0.03 sys=0.03, real=0.03 secs] 
2021-06-14T22:48:23.861+0800: 2726255.560: [GC (Allocation Failure) [PSYoungGen: 497632K->15296K(504832K)] 942617K->467581K(1029120K), 0.0296518 secs] [Times: user=0.03 sys=0.04, real=0.03 secs] 
2021-06-14T22:53:25.896+0800: 2726557.595: [GC (Allocation Failure) [PSYoungGen: 501696K->13600K(505344K)] 953981K->475472K(1029632K), 0.0263204 secs] [Times: user=0.04 sys=0.04, real=0.03 secs] 
2021-06-14T22:58:30.890+0800: 2726862.589: [GC (Allocation Failure) [PSYoungGen: 500000K->12608K(505856K)] 961872K->483235K(1030144K), 0.0341912 secs] [Times: user=0.05 sys=0.05, real=0.04 secs] 
2021-06-14T23:03:39.343+0800: 2727171.041: [GC (Allocation Failure) [PSYoungGen: 499520K->10464K(505344K)] 970147K->490428K(1029632K), 0.0262626 secs] [Times: user=0.04 sys=0.03, real=0.02 secs] 
2021-06-14T23:08:45.717+0800: 2727477.415: [GC (Allocation Failure) [PSYoungGen: 497376K->9856K(506368K)] 977340K->498158K(1030656K), 0.0235016 secs] [Times: user=0.03 sys=0.04, real=0.02 secs] 
2021-06-14T23:13:53.767+0800: 2727785.465: [GC (Allocation Failure) [PSYoungGen: 498304K->6752K(506368K)] 986606K->502935K(1030656K), 0.0291953 secs] [Times: user=0.03 sys=0.03, real=0.03 secs] 
2021-06-14T23:19:01.144+0800: 2728092.842: [GC (Allocation Failure) [PSYoungGen: 495200K->9824K(506368K)] 991383K->511035K(1030656K), 0.0240875 secs] [Times: user=0.03 sys=0.03, real=0.02 secs] 
2021-06-14T23:24:13.390+0800: 2728405.089: [GC (Allocation Failure) [PSYoungGen: 498272K->9056K(506368K)] 999483K->517228K(1030656K), 0.0365866 secs] [Times: user=0.04 sys=0.05, real=0.04 secs] 
2021-06-14T23:29:18.978+0800: 2728710.676: [GC (Allocation Failure) [PSYoungGen: 497504K->8928K(506880K)] 1005676K->524255K(1031168K), 0.0237190 secs] [Times: user=0.03 sys=0.04, real=0.03 secs] 
2021-06-14T23:29:19.002+0800: 2728710.701: [Full GC (Ergonomics) [PSYoungGen: 8928K->0K(506880K)] [ParOldGen: 515327K->310300K(524288K)] 524255K->310300K(1031168K), [Metaspace: 97135K->97135K(1138688K)], 0.4415786 secs] [Times: user=0.50 sys=0.49, real=0.44 secs] 
2021-06-14T23:34:29.145+0800: 2729020.844: [GC (Allocation Failure) [PSYoungGen: 489472K->14624K(504320K)] 799772K->324924K(1028608K), 0.0264827 secs] [Times: user=0.03 sys=0.04, real=0.03 secs] 
2021-06-14T23:39:36.812+0800: 2729328.510: [GC (Allocation Failure) [PSYoungGen: 504096K->7872K(506368K)] 814396K->329409K(1030656K), 0.0302991 secs] [Times: user=0.03 sys=0.03, real=0.04 secs] 
2021-06-14T23:44:39.819+0800: 2729631.518: [GC (Allocation Failure) [PSYoungGen: 496320K->11168K(506368K)] 817857K->338445K(1030656K), 0.0309369 secs] [Times: user=0.03 sys=0.03, real=0.03 secs] 
2021-06-14T23:49:50.355+0800: 2729942.053: [GC (Allocation Failure) [PSYoungGen: 499616K->10784K(507392K)] 826893K->345776K(1031680K), 0.0253748 secs] [Times: user=0.03 sys=0.04, real=0.02 secs] 
2021-06-14T23:54:56.393+0800: 2730248.091: [GC (Allocation Failure) [PSYoungGen: 500768K->12544K(506880K)] 835760K->355939K(1031168K), 0.0321629 secs] [Times: user=0.03 sys=0.04, real=0.03 secs] 
2021-06-15T00:00:01.367+0800: 2730553.065: [GC (Allocation Failure) [PSYoungGen: 502528K->10976K(507904K)] 845923K->364204K(1032192K), 0.0358110 secs] [Times: user=0.03 sys=0.03, real=0.04 secs] 
2021-06-15T00:04:59.353+0800: 2730851.051: [GC (Allocation Failure) [PSYoungGen: 501984K->12128K(507392K)] 855212K->373879K(1031680K), 0.0292586 secs] [Times: user=0.04 sys=0.04, real=0.03 secs] 
2021-06-15T00:10:09.225+0800: 2731160.923: [GC (Allocation Failure) [PSYoungGen: 503136K->12960K(507904K)] 864887K->383108K(1032192K), 0.0256544 secs] [Times: user=0.04 sys=0.04, real=0.02 secs] 
2021-06-15T00:15:19.628+0800: 2731471.326: [GC (Allocation Failure) [PSYoungGen: 504480K->10816K(507904K)] 874628K->389725K(1032192K), 0.0242925 secs] [Times: user=0.03 sys=0.03, real=0.03 secs] 
2021-06-15T00:20:31.818+0800: 2731783.517: [GC (Allocation Failure) [PSYoungGen: 502336K->9856K(508416K)] 881245K->396725K(1032704K), 0.0230700 secs] [Times: user=0.03 sys=0.04, real=0.02 secs] 
2021-06-15T00:25:39.429+0800: 2732091.127: [GC (Allocation Failure) [PSYoungGen: 502400K->13888K(506880K)] 889269K->407458K(1031168K), 0.0266955 secs] [Times: user=0.04 sys=0.04, real=0.03 secs] 
2021-06-15T00:30:43.025+0800: 2732394.724: [GC (Allocation Failure) [PSYoungGen: 506432K->10464K(508416K)] 900002K->414124K(1032704K), 0.0258037 secs] [Times: user=0.04 sys=0.04, real=0.02 secs] 
2021-06-15T00:35:50.937+0800: 2732702.636: [GC (Allocation Failure) [PSYoungGen: 502496K->14688K(506880K)] 906156K->426336K(1031168K), 0.0315492 secs] [Times: user=0.04 sys=0.04, real=0.03 secs] 
2021-06-15T00:41:04.801+0800: 2733016.499: [GC (Allocation Failure) [PSYoungGen: 506720K->10272K(507904K)] 918368K->432161K(1032192K), 0.0379042 secs] [Times: user=0.03 sys=0.03, real=0.04 secs] 
2021-06-15T00:46:12.230+0800: 2733323.928: [GC (Allocation Failure) [PSYoungGen: 501280K->11616K(507392K)] 923169K->441581K(1031680K), 0.0260740 secs] [Times: user=0.03 sys=0.04, real=0.03 secs] 
2021-06-15T00:51:19.334+0800: 2733631.033: [GC (Allocation Failure) [PSYoungGen: 502624K->11040K(508416K)] 932589K->449352K(1032704K), 0.0258725 secs] [Times: user=0.04 sys=0.05, real=0.02 secs] 
2021-06-15T00:56:31.747+0800: 2733943.445: [GC (Allocation Failure) [PSYoungGen: 503072K->10080K(507904K)] 941384K->456841K(1032192K), 0.0457051 secs] [Times: user=0.04 sys=0.03, real=0.05 secs] 
2021-06-15T01:01:39.264+0800: 2734250.962: [GC (Allocation Failure) [PSYoungGen: 502112K->12224K(508928K)] 948873K->466526K(1033216K), 0.0301003 secs] [Times: user=0.04 sys=0.04, real=0.03 secs] 
2021-06-15T01:06:48.096+0800: 2734559.794: [GC (Allocation Failure) [PSYoungGen: 505792K->10016K(508928K)] 960094K->472953K(1033216K), 0.0256152 secs] [Times: user=0.03 sys=0.03, real=0.02 secs] 
2021-06-15T01:11:55.426+0800: 2734867.124: [GC (Allocation Failure) [PSYoungGen: 503584K->12160K(508928K)] 966521K->482491K(1033216K), 0.0260495 secs] [Times: user=0.04 sys=0.04, real=0.03 secs] 
2021-06-15T01:17:06.867+0800: 2735178.566: [GC (Allocation Failure) [PSYoungGen: 505728K->11776K(508928K)] 976059K->490791K(1033216K), 0.0252504 secs] [Times: user=0.03 sys=0.04, real=0.03 secs] 
2021-06-15T01:22:00.099+0800: 2735471.797: [GC (Allocation Failure) [PSYoungGen: 505344K->13386K(508928K)] 984359K->500931K(1033216K), 0.0276173 secs] [Times: user=0.03 sys=0.04, real=0.03 secs] 
2021-06-15T01:27:08.463+0800: 2735780.161: [GC (Allocation Failure) [PSYoungGen: 506954K->15040K(508928K)] 994499K->511479K(1033216K), 0.0439157 secs] [Times: user=0.04 sys=0.04, real=0.04 secs] 
2021-06-15T01:32:20.388+0800: 2736092.086: [GC (Allocation Failure) [PSYoungGen: 508608K->11296K(507904K)] 1005047K->517744K(1032192K), 0.0419773 secs] [Times: user=0.04 sys=0.04, real=0.04 secs] 
2021-06-15T01:37:30.485+0800: 2736402.184: [GC (Allocation Failure) [PSYoungGen: 503840K->10688K(508416K)] 1010288K->526033K(1032704K), 0.0267988 secs] [Times: user=0.03 sys=0.04, real=0.03 secs] 
2021-06-15T01:37:30.513+0800: 2736402.211: [Full GC (Ergonomics) [PSYoungGen: 10688K->0K(508416K)] [ParOldGen: 515345K->320405K(524288K)] 526033K->320405K(1032704K), [Metaspace: 97138K->97138K(1138688K)], 0.4852296 secs] [Times: user=1.12 sys=0.00, real=0.48 secs] 
2021-06-15T01:42:39.259+0800: 2736710.957: [GC (Allocation Failure) [PSYoungGen: 492544K->14144K(507392K)] 812949K->334549K(1031680K), 0.0261595 secs] [Times: user=0.03 sys=0.03, real=0.03 secs] 
2021-06-15T01:47:45.961+0800: 2737017.659: [GC (Allocation Failure) [PSYoungGen: 505664K->13120K(507904K)] 826069K->343568K(1032192K), 0.0248105 secs] [Times: user=0.04 sys=0.03, real=0.03 secs] 
2021-06-15T01:52:50.565+0800: 2737322.263: [GC (Allocation Failure) [PSYoungGen: 504640K->13856K(506880K)] 835088K->353563K(1031168K), 0.0434450 secs] [Times: user=0.04 sys=0.04, real=0.04 secs] 
2021-06-15T01:58:01.846+0800: 2737633.544: [GC (Allocation Failure) [PSYoungGen: 504352K->8800K(507392K)] 844059K->357636K(1031680K), 0.0237287 secs] [Times: user=0.04 sys=0.04, real=0.02 secs] 
2021-06-15T02:03:10.605+0800: 2737942.303: [GC (Allocation Failure) [PSYoungGen: 499296K->9632K(507392K)] 848132K->365438K(1031680K), 0.0246850 secs] [Times: user=0.04 sys=0.04, real=0.02 secs] 
2021-06-15T02:08:16.547+0800: 2738248.245: [GC (Allocation Failure) [PSYoungGen: 500128K->13696K(507392K)] 855934K->376418K(1031680K), 0.0293462 secs] [Times: user=0.03 sys=0.04, real=0.03 secs] 
2021-06-15T02:13:21.653+0800: 2738553.351: [GC (Allocation Failure) [PSYoungGen: 504192K->11136K(507392K)] 866914K->384050K(1031680K), 0.0253256 secs] [Times: user=0.04 sys=0.03, real=0.02 secs] 
2021-06-15T02:18:31.013+0800: 2738862.711: [GC (Allocation Failure) [PSYoungGen: 501632K->9824K(507392K)] 874546K->390317K(1031680K), 0.0363271 secs] [Times: user=0.03 sys=0.03, real=0.03 secs] 
2021-06-15T02:23:38.422+0800: 2739170.120: [GC (Allocation Failure) [PSYoungGen: 500320K->12416K(507904K)] 880813K->400712K(1032192K), 0.0246061 secs] [Times: user=0.04 sys=0.04, real=0.03 secs] 
2021-06-15T02:28:42.713+0800: 2739474.412: [GC (Allocation Failure) [PSYoungGen: 503936K->16352K(507904K)] 892232K->414150K(1032192K), 0.0274721 secs] [Times: user=0.04 sys=0.04, real=0.02 secs] 
2021-06-15T02:33:54.499+0800: 2739786.197: [GC (Allocation Failure) [PSYoungGen: 507872K->13664K(499712K)] 905670K->422961K(1024000K), 0.0323048 secs] [Times: user=0.04 sys=0.04, real=0.03 secs] 
2021-06-15T02:38:56.478+0800: 2740088.176: [GC (Allocation Failure) [PSYoungGen: 496992K->12768K(503808K)] 906289K->432307K(1028096K), 0.0251337 secs] [Times: user=0.03 sys=0.04, real=0.03 secs] 
2021-06-15T02:44:01.407+0800: 2740393.105: [GC (Allocation Failure) [PSYoungGen: 496096K->9344K(504320K)] 915635K->438396K(1028608K), 0.0312755 secs] [Times: user=0.03 sys=0.03, real=0.03 secs] 
2021-06-15T02:49:11.293+0800: 2740702.992: [GC (Allocation Failure) [PSYoungGen: 493696K->12384K(504320K)] 922748K->447610K(1028608K), 0.0590554 secs] [Times: user=0.03 sys=0.03, real=0.06 secs] 
2021-06-15T02:54:11.494+0800: 2741003.192: [GC (Allocation Failure) [PSYoungGen: 496736K->13216K(505344K)] 931962K->457278K(1029632K), 0.0354002 secs] [Times: user=0.04 sys=0.04, real=0.03 secs] 
2021-06-15T02:59:20.100+0800: 2741311.798: [GC (Allocation Failure) [PSYoungGen: 499104K->8800K(504832K)] 943166K->463236K(1029120K), 0.0245279 secs] [Times: user=0.04 sys=0.03, real=0.03 secs] 
2021-06-15T03:04:30.842+0800: 2741622.540: [GC (Allocation Failure) [PSYoungGen: 494688K->10560K(505856K)] 949124K->471919K(1030144K), 0.0265334 secs] [Times: user=0.07 sys=0.00, real=0.02 secs] 
2021-06-15T03:09:36.662+0800: 2741928.360: [GC (Allocation Failure) [PSYoungGen: 497472K->14336K(505344K)] 958831K->483235K(1029632K), 0.0261090 secs] [Times: user=0.04 sys=0.03, real=0.03 secs] 
2021-06-15T03:14:43.776+0800: 2742235.474: [GC (Allocation Failure) [PSYoungGen: 501248K->11328K(505856K)] 970147K->489759K(1030144K), 0.0255009 secs] [Times: user=0.03 sys=0.03, real=0.02 secs] 
2021-06-15T03:19:46.799+0800: 2742538.497: [GC (Allocation Failure) [PSYoungGen: 498240K->13440K(505344K)] 976671K->500202K(1029632K), 0.0282664 secs] [Times: user=0.03 sys=0.03, real=0.03 secs] 
2021-06-15T03:24:51.689+0800: 2742843.387: [GC (Allocation Failure) [PSYoungGen: 500352K->15104K(505856K)] 987114K->511125K(1030144K), 0.0563730 secs] [Times: user=0.04 sys=0.05, real=0.06 secs] 
2021-06-15T03:29:58.701+0800: 2743150.399: [GC (Allocation Failure) [PSYoungGen: 502528K->9664K(505856K)] 998549K->516046K(1030144K), 0.0784366 secs] [Times: user=0.04 sys=0.04, real=0.09 secs] 
2021-06-15T03:35:01.945+0800: 2743453.643: [GC (Allocation Failure) [PSYoungGen: 497088K->13696K(505856K)] 1003470K->527594K(1030144K), 0.0300230 secs] [Times: user=0.04 sys=0.04, real=0.03 secs] 
2021-06-15T03:35:01.975+0800: 2743453.674: [Full GC (Ergonomics) [PSYoungGen: 13696K->0K(505856K)] [ParOldGen: 513898K->315447K(524288K)] 527594K->315447K(1030144K), [Metaspace: 97138K->97138K(1138688K)], 0.4276496 secs] [Times: user=0.49 sys=0.47, real=0.43 secs] 
2021-06-15T03:39:59.855+0800: 2743751.553: [GC (Allocation Failure) [PSYoungGen: 487424K->15200K(502784K)] 802871K->330647K(1027072K), 0.0299147 secs] [Times: user=0.04 sys=0.04, real=0.03 secs] 
2021-06-15T03:45:06.581+0800: 2744058.279: [GC (Allocation Failure) [PSYoungGen: 502624K->14912K(505344K)] 818071K->342247K(1029632K), 0.0381911 secs] [Times: user=0.04 sys=0.05, real=0.04 secs] 
2021-06-15T03:50:11.239+0800: 2744362.937: [GC (Allocation Failure) [PSYoungGen: 501312K->13280K(505344K)] 828647K->350810K(1029632K), 0.0286084 secs] [Times: user=0.04 sys=0.04, real=0.03 secs] 
2021-06-15T03:55:12.647+0800: 2744664.345: [GC (Allocation Failure) [PSYoungGen: 499680K->15904K(504832K)] 837210K->362957K(1029120K), 0.0279791 secs] [Times: user=0.03 sys=0.04, real=0.03 secs] 
2021-06-15T04:00:23.184+0800: 2744974.882: [GC (Allocation Failure) [PSYoungGen: 502304K->12608K(505344K)] 849357K->370791K(1029632K), 0.0436232 secs] [Times: user=0.03 sys=0.04, real=0.04 secs] 
2021-06-15T04:05:23.585+0800: 2745275.283: [GC (Allocation Failure) [PSYoungGen: 499008K->15520K(505344K)] 857191K->383124K(1029632K), 0.0274524 secs] [Times: user=0.04 sys=0.03, real=0.03 secs] 
2021-06-15T04:10:27.350+0800: 2745579.048: [GC (Allocation Failure) [PSYoungGen: 501920K->15744K(502272K)] 869524K->393928K(1026560K), 0.0589591 secs] [Times: user=0.04 sys=0.04, real=0.06 secs] 
2021-06-15T04:15:36.025+0800: 2745887.724: [GC (Allocation Failure) [PSYoungGen: 502144K->16640K(503808K)] 880328K->404493K(1028096K), 0.0313215 secs] [Times: user=0.03 sys=0.04, real=0.03 secs] 
2021-06-15T04:20:41.590+0800: 2746193.289: [GC (Allocation Failure) [PSYoungGen: 500992K->13760K(504320K)] 888845K->413111K(1028608K), 0.0289023 secs] [Times: user=0.04 sys=0.04, real=0.03 secs] 
2021-06-15T04:25:47.190+0800: 2746498.888: [GC (Allocation Failure) [PSYoungGen: 498112K->14976K(504832K)] 897463K->423185K(1029120K), 0.0271323 secs] [Times: user=0.03 sys=0.03, real=0.03 secs] 
2021-06-15T04:30:54.438+0800: 2746806.136: [GC (Allocation Failure) [PSYoungGen: 500352K->12768K(504832K)] 908561K->430332K(1029120K), 0.0991692 secs] [Times: user=0.04 sys=0.04, real=0.10 secs] 
2021-06-15T04:35:57.317+0800: 2747109.016: [GC (Allocation Failure) [PSYoungGen: 498144K->12256K(505344K)] 915708K->438267K(1029632K), 0.0274639 secs] [Times: user=0.04 sys=0.04, real=0.03 secs] 
2021-06-15T04:41:04.660+0800: 2747416.358: [GC (Allocation Failure) [PSYoungGen: 498656K->13440K(505344K)] 924667K->448967K(1029632K), 0.0317330 secs] [Times: user=0.03 sys=0.04, real=0.03 secs] 
2021-06-15T04:46:13.054+0800: 2747724.752: [GC (Allocation Failure) [PSYoungGen: 499840K->13600K(506368K)] 935367K->458322K(1030656K), 0.0268645 secs] [Times: user=0.04 sys=0.03, real=0.02 secs] 
2021-06-15T04:51:17.188+0800: 2748028.886: [GC (Allocation Failure) [PSYoungGen: 501536K->15456K(505856K)] 946258K->470479K(1030144K), 0.0275906 secs] [Times: user=0.05 sys=0.04, real=0.03 secs] 
2021-06-15T04:56:23.014+0800: 2748334.713: [GC (Allocation Failure) [PSYoungGen: 503392K->16128K(505856K)] 958415K->482204K(1030144K), 0.0389471 secs] [Times: user=0.04 sys=0.04, real=0.05 secs] 
2021-06-15T05:01:28.525+0800: 2748640.224: [GC (Allocation Failure) [PSYoungGen: 503552K->10592K(498176K)] 969628K->488045K(1022464K), 0.0249513 secs] [Times: user=0.03 sys=0.03, real=0.02 secs] 
2021-06-15T05:06:20.629+0800: 2748932.327: [GC (Allocation Failure) [PSYoungGen: 498016K->16800K(504320K)] 975469K->503138K(1028608K), 0.0380160 secs] [Times: user=0.05 sys=0.05, real=0.04 secs] 
2021-06-15T05:11:22.267+0800: 2749233.965: [GC (Allocation Failure) [PSYoungGen: 502176K->19424K(504832K)] 988514K->520964K(1029120K), 0.0403153 secs] [Times: user=0.04 sys=0.05, real=0.04 secs] 
2021-06-15T05:16:32.741+0800: 2749544.439: [GC (Allocation Failure) [PSYoungGen: 504800K->17184K(491520K)] 1006340K->530893K(1015808K), 0.0347600 secs] [Times: user=0.04 sys=0.04, real=0.04 secs] 
2021-06-15T05:16:32.776+0800: 2749544.474: [Full GC (Ergonomics) [PSYoungGen: 17184K->0K(491520K)] [ParOldGen: 513709K->322732K(524288K)] 530893K->322732K(1015808K), [Metaspace: 97168K->97164K(1138688K)], 0.5324160 secs] [Times: user=1.05 sys=0.00, real=0.53 secs] 
2021-06-15T05:21:36.432+0800: 2749848.130: [GC (Allocation Failure) [PSYoungGen: 472064K->16736K(498176K)] 794796K->339468K(1022464K), 0.0263590 secs] [Times: user=0.03 sys=0.03, real=0.03 secs] 
2021-06-15T05:26:41.848+0800: 2750153.546: [GC (Allocation Failure) [PSYoungGen: 488800K->12736K(499200K)] 811532K->348148K(1023488K), 0.0312176 secs] [Times: user=0.03 sys=0.04, real=0.03 secs] 
2021-06-15T05:31:39.051+0800: 2750450.749: [GC (Allocation Failure) [PSYoungGen: 486848K->19392K(499200K)] 822260K->363307K(1023488K), 0.0317043 secs] [Times: user=0.04 sys=0.04, real=0.04 secs] 
2021-06-15T05:36:42.000+0800: 2750753.698: [GC (Allocation Failure) [PSYoungGen: 493504K->18144K(499200K)] 837419K->372764K(1023488K), 0.0305512 secs] [Times: user=0.04 sys=0.04, real=0.03 secs] 
2021-06-15T05:41:49.510+0800: 2751061.208: [GC (Allocation Failure) [PSYoungGen: 492256K->15744K(499200K)] 846876K->382022K(1023488K), 0.0305495 secs] [Times: user=0.04 sys=0.04, real=0.03 secs] 
2021-06-15T05:46:52.727+0800: 2751364.425: [GC (Allocation Failure) [PSYoungGen: 489856K->15776K(500736K)] 856134K->392075K(1025024K), 0.0363366 secs] [Times: user=0.03 sys=0.03, real=0.04 secs] 
2021-06-15T05:51:54.364+0800: 2751666.062: [GC (Allocation Failure) [PSYoungGen: 491936K->17920K(499712K)] 868235K->402505K(1024000K), 0.0314243 secs] [Times: user=0.08 sys=0.00, real=0.03 secs] 
2021-06-15T05:57:02.435+0800: 2751974.133: [GC (Allocation Failure) [PSYoungGen: 494080K->12768K(500736K)] 878665K->408187K(1025024K), 0.0262757 secs] [Times: user=0.04 sys=0.04, real=0.02 secs] 
2021-06-15T06:02:10.833+0800: 2752282.532: [GC (Allocation Failure) [PSYoungGen: 489952K->11904K(500736K)] 885371K->416732K(1025024K), 0.0300127 secs] [Times: user=0.04 sys=0.03, real=0.03 secs] 
2021-06-15T06:07:16.251+0800: 2752587.950: [GC (Allocation Failure) [PSYoungGen: 489088K->18112K(500736K)] 893916K->430666K(1025024K), 0.0303358 secs] [Times: user=0.04 sys=0.04, real=0.03 secs] 
2021-06-15T06:12:17.287+0800: 2752888.985: [GC (Allocation Failure) [PSYoungGen: 495296K->19360K(496640K)] 907850K->442263K(1020928K), 0.0666721 secs] [Times: user=0.05 sys=0.04, real=0.07 secs] 
2021-06-15T06:17:26.482+0800: 2753198.180: [GC (Allocation Failure) [PSYoungGen: 496544K->13728K(500224K)] 919447K->448210K(1024512K), 0.0276583 secs] [Times: user=0.04 sys=0.04, real=0.03 secs] 
2021-06-15T06:22:31.340+0800: 2753503.038: [GC (Allocation Failure) [PSYoungGen: 489888K->15360K(500224K)] 924370K->459532K(1024512K), 0.0283467 secs] [Times: user=0.04 sys=0.03, real=0.03 secs] 
2021-06-15T06:27:27.826+0800: 2753799.525: [GC (Allocation Failure) [PSYoungGen: 491520K->16608K(501760K)] 935692K->470890K(1026048K), 0.0965918 secs] [Times: user=0.09 sys=0.00, real=0.10 secs] 
2021-06-15T06:32:31.857+0800: 2754103.555: [GC (Allocation Failure) [PSYoungGen: 495328K->15680K(501248K)] 949610K->480767K(1025536K), 0.0302868 secs] [Times: user=0.04 sys=0.04, real=0.03 secs] 
2021-06-15T06:37:34.030+0800: 2754405.729: [GC (Allocation Failure) [PSYoungGen: 494400K->17984K(501248K)] 959487K->492348K(1025536K), 0.0309808 secs] [Times: user=0.04 sys=0.05, real=0.03 secs] 
2021-06-15T06:42:41.330+0800: 2754713.029: [GC (Allocation Failure) [PSYoungGen: 497216K->15296K(501760K)] 971580K->501270K(1026048K), 0.0247892 secs] [Times: user=0.03 sys=0.04, real=0.03 secs] 
2021-06-15T06:47:45.483+0800: 2755017.181: [GC (Allocation Failure) [PSYoungGen: 494528K->14944K(502784K)] 980502K->512267K(1027072K), 0.0272366 secs] [Times: user=0.03 sys=0.04, real=0.02 secs] 
2021-06-15T06:52:55.685+0800: 2755327.383: [GC (Allocation Failure) [PSYoungGen: 495712K->14432K(502272K)] 993035K->522478K(1026560K), 0.0275533 secs] [Times: user=0.04 sys=0.04, real=0.03 secs] 
2021-06-15T06:58:01.496+0800: 2755633.194: [GC (Allocation Failure) [PSYoungGen: 495200K->16576K(503296K)] 1003246K->534194K(1027584K), 0.0295549 secs] [Times: user=0.03 sys=0.04, real=0.03 secs] 
2021-06-15T06:58:01.526+0800: 2755633.224: [Full GC (Ergonomics) [PSYoungGen: 16576K->0K(503296K)] [ParOldGen: 517618K->327222K(524288K)] 534194K->327222K(1027584K), [Metaspace: 97176K->97176K(1138688K)], 0.4829195 secs] [Times: user=0.54 sys=0.52, real=0.48 secs] 
2021-06-15T07:03:06.131+0800: 2755937.829: [GC (Allocation Failure) [PSYoungGen: 481792K->16832K(502784K)] 809014K->344054K(1027072K), 0.0246456 secs] [Times: user=0.03 sys=0.04, real=0.03 secs] 
2021-06-15T07:08:12.893+0800: 2756244.591: [GC (Allocation Failure) [PSYoungGen: 498624K->13472K(503296K)] 825846K->352415K(1027584K), 0.0648890 secs] [Times: user=0.03 sys=0.04, real=0.06 secs] 
2021-06-15T07:13:16.808+0800: 2756548.507: [GC (Allocation Failure) [PSYoungGen: 495776K->17664K(503296K)] 834719K->364781K(1027584K), 0.0325449 secs] [Times: user=0.04 sys=0.03, real=0.03 secs] 
2021-06-15T07:18:17.842+0800: 2756849.540: [GC (Allocation Failure) [PSYoungGen: 499968K->14666K(503296K)] 847085K->372522K(1027584K), 0.0299177 secs] [Times: user=0.03 sys=0.04, real=0.04 secs] 
2021-06-15T07:23:17.981+0800: 2757149.680: [GC (Allocation Failure) [PSYoungGen: 496970K->17152K(503296K)] 854826K->384839K(1027584K), 0.0555953 secs] [Times: user=0.04 sys=0.04, real=0.06 secs] 
2021-06-15T07:28:20.421+0800: 2757452.120: [GC (Allocation Failure) [PSYoungGen: 499456K->14496K(503808K)] 867143K->392693K(1028096K), 0.0658736 secs] [Times: user=0.05 sys=0.05, real=0.07 secs] 
2021-06-15T07:33:28.882+0800: 2757760.580: [GC (Allocation Failure) [PSYoungGen: 497312K->16544K(503296K)] 875509K->405680K(1027584K), 0.0322871 secs] [Times: user=0.05 sys=0.04, real=0.04 secs] 
2021-06-15T07:38:38.314+0800: 2758070.012: [GC (Allocation Failure) [PSYoungGen: 499360K->18976K(502784K)] 888496K->419342K(1027072K), 0.0536836 secs] [Times: user=0.04 sys=0.04, real=0.05 secs] 
2021-06-15T07:43:48.539+0800: 2758380.237: [GC (Allocation Failure) [PSYoungGen: 501280K->17248K(503296K)] 901646K->427473K(1027584K), 0.0350060 secs] [Times: user=0.03 sys=0.05, real=0.04 secs] 
2021-06-15T07:49:00.349+0800: 2758692.047: [GC (Allocation Failure) [PSYoungGen: 499552K->13376K(503296K)] 909777K->435907K(1027584K), 0.0287944 secs] [Times: user=0.04 sys=0.04, real=0.03 secs] 
2021-06-15T07:54:06.771+0800: 2758998.469: [GC (Allocation Failure) [PSYoungGen: 495680K->12512K(503296K)] 918211K->443816K(1027584K), 0.0287867 secs] [Times: user=0.04 sys=0.04, real=0.03 secs] 
2021-06-15T07:59:13.653+0800: 2759305.351: [GC (Allocation Failure) [PSYoungGen: 494816K->16576K(503296K)] 926120K->456508K(1027584K), 0.0302860 secs] [Times: user=0.04 sys=0.04, real=0.03 secs] 
2021-06-15T08:04:18.590+0800: 2759610.288: [GC (Allocation Failure) [PSYoungGen: 498880K->14528K(503296K)] 938812K->464416K(1027584K), 0.0357834 secs] [Times: user=0.04 sys=0.04, real=0.04 secs] 
2021-06-15T08:09:28.581+0800: 2759920.279: [GC (Allocation Failure) [PSYoungGen: 496832K->15040K(503808K)] 946720K->475900K(1028096K), 0.0281973 secs] [Times: user=0.04 sys=0.04, real=0.03 secs] 
2021-06-15T08:14:36.012+0800: 2760227.710: [GC (Allocation Failure) [PSYoungGen: 498368K->17344K(503808K)] 959228K->487914K(1028096K), 0.0426038 secs] [Times: user=0.04 sys=0.04, real=0.05 secs] 
2021-06-15T08:19:37.945+0800: 2760529.643: [GC (Allocation Failure) [PSYoungGen: 500672K->15712K(504320K)] 971242K->497367K(1028608K), 0.0313256 secs] [Times: user=0.04 sys=0.03, real=0.03 secs] 
2021-06-15T08:24:43.949+0800: 2760835.647: [GC (Allocation Failure) [PSYoungGen: 499552K->15264K(503808K)] 981207K->507786K(1028096K), 0.0309915 secs] [Times: user=0.04 sys=0.04, real=0.03 secs] 
2021-06-15T08:29:50.830+0800: 2761142.528: [GC (Allocation Failure) [PSYoungGen: 499104K->15072K(504832K)] 991626K->517717K(1029120K), 0.0303964 secs] [Times: user=0.04 sys=0.04, real=0.03 secs] 
2021-06-15T08:34:57.976+0800: 2761449.674: [GC (Allocation Failure) [PSYoungGen: 499936K->15200K(504320K)] 1002581K->527594K(1028608K), 0.0294591 secs] [Times: user=0.03 sys=0.04, real=0.03 secs] 
2021-06-15T08:34:58.006+0800: 2761449.704: [Full GC (Ergonomics) [PSYoungGen: 15200K->0K(504320K)] [ParOldGen: 512394K->317545K(524288K)] 527594K->317545K(1028608K), [Metaspace: 97176K->97176K(1138688K)], 0.4014872 secs] [Times: user=0.46 sys=0.47, real=0.40 secs] 
2021-06-15T08:40:04.700+0800: 2761756.398: [GC (Allocation Failure) [PSYoungGen: 484864K->14112K(505344K)] 802409K->331657K(1029632K), 0.0715847 secs] [Times: user=0.03 sys=0.03, real=0.08 secs] 
2021-06-15T08:45:09.767+0800: 2762061.466: [GC (Allocation Failure) [PSYoungGen: 500000K->13504K(504832K)] 817545K->342489K(1029120K), 0.0813542 secs] [Times: user=0.04 sys=0.06, real=0.08 secs] 
2021-06-15T08:50:14.829+0800: 2762366.527: [GC (Allocation Failure) [PSYoungGen: 499392K->13568K(505344K)] 828377K->351260K(1029632K), 0.0814170 secs] [Times: user=0.03 sys=0.04, real=0.08 secs] 
2021-06-15T08:55:14.679+0800: 2762666.377: [GC (Allocation Failure) [PSYoungGen: 499968K->14752K(505344K)] 837660K->361632K(1029632K), 0.0281462 secs] [Times: user=0.03 sys=0.04, real=0.03 secs] 
2021-06-15T09:00:22.562+0800: 2762974.260: [GC (Allocation Failure) [PSYoungGen: 501152K->14336K(505856K)] 848032K->371771K(1030144K), 0.0454993 secs] [Times: user=0.03 sys=0.04, real=0.05 secs] 
2021-06-15T09:05:32.306+0800: 2763284.004: [GC (Allocation Failure) [PSYoungGen: 501248K->16736K(505344K)] 858683K->384191K(1029632K), 0.0301665 secs] [Times: user=0.03 sys=0.04, real=0.03 secs] 
2021-06-15T09:10:40.651+0800: 2763592.350: [GC (Allocation Failure) [PSYoungGen: 503648K->14208K(505856K)] 871103K->391714K(1030144K), 0.0250664 secs] [Times: user=0.04 sys=0.04, real=0.03 secs] 
2021-06-15T09:15:54.575+0800: 2763906.273: [GC (Allocation Failure) [PSYoungGen: 501120K->13024K(505344K)] 878626K->399636K(1029632K), 0.0471203 secs] [Times: user=0.04 sys=0.04, real=0.04 secs] 
2021-06-15T09:20:57.359+0800: 2764209.058: [GC (Allocation Failure) [PSYoungGen: 499936K->17408K(503808K)] 886548K->413706K(1028096K), 0.0477982 secs] [Times: user=0.05 sys=0.05, real=0.05 secs] 
2021-06-15T09:26:04.431+0800: 2764516.129: [GC (Allocation Failure) [PSYoungGen: 502784K->15360K(504832K)] 899082K->423190K(1029120K), 0.0313662 secs] [Times: user=0.04 sys=0.04, real=0.04 secs] 
2021-06-15T09:31:15.047+0800: 2764826.745: [GC (Allocation Failure) [PSYoungGen: 500736K->13088K(505344K)] 908566K->431010K(1029632K), 0.0304894 secs] [Times: user=0.04 sys=0.05, real=0.03 secs] 
2021-06-15T09:36:24.502+0800: 2765136.200: [GC (Allocation Failure) [PSYoungGen: 499488K->14112K(505344K)] 917410K->441860K(1029632K), 0.0293272 secs] [Times: user=0.03 sys=0.04, real=0.02 secs] 
2021-06-15T09:41:26.709+0800: 2765438.408: [GC (Allocation Failure) [PSYoungGen: 500508K->18912K(497152K)] 928256K->455553K(1021440K), 0.0339055 secs] [Times: user=0.04 sys=0.04, real=0.04 secs] 
2021-06-15T09:46:32.046+0800: 2765743.745: [GC (Allocation Failure) [PSYoungGen: 497120K->17024K(501248K)] 933761K->465926K(1025536K), 0.0336730 secs] [Times: user=0.03 sys=0.05, real=0.03 secs] 
2021-06-15T09:51:34.183+0800: 2766045.881: [GC (Allocation Failure) [PSYoungGen: 495232K->18240K(501248K)] 944134K->477842K(1025536K), 0.0413235 secs] [Times: user=0.06 sys=0.05, real=0.04 secs] 
2021-06-15T09:56:35.779+0800: 2766347.477: [GC (Allocation Failure) [PSYoungGen: 496448K->18272K(501248K)] 956050K->487631K(1025536K), 0.0588712 secs] [Times: user=0.04 sys=0.05, real=0.06 secs] 
2021-06-15T10:01:43.842+0800: 2766655.540: [GC (Allocation Failure) [PSYoungGen: 496480K->14720K(501760K)] 965839K->494370K(1026048K), 0.0461162 secs] [Times: user=0.04 sys=0.04, real=0.05 secs] 
2021-06-15T10:06:45.874+0800: 2766957.572: [GC (Allocation Failure) [PSYoungGen: 493440K->15168K(501248K)] 973090K->504253K(1025536K), 0.0477579 secs] [Times: user=0.04 sys=0.04, real=0.05 secs] 
2021-06-15T10:11:50.603+0800: 2767262.302: [GC (Allocation Failure) [PSYoungGen: 493888K->13536K(502272K)] 982973K->513615K(1026560K), 0.0955122 secs] [Times: user=0.06 sys=0.06, real=0.09 secs] 
2021-06-15T10:16:56.734+0800: 2767568.433: [GC (Allocation Failure) [PSYoungGen: 493280K->17632K(501760K)] 993359K->526708K(1026048K), 0.0359546 secs] [Times: user=0.05 sys=0.05, real=0.03 secs] 
2021-06-15T10:22:02.163+0800: 2767873.861: [GC (Allocation Failure) [PSYoungGen: 497376K->18496K(501248K)] 1006452K->538018K(1025536K), 0.0474677 secs] [Times: user=0.04 sys=0.05, real=0.04 secs] 
2021-06-15T10:22:02.212+0800: 2767873.910: [Full GC (Ergonomics) [PSYoungGen: 18496K->0K(501248K)] [ParOldGen: 519522K->331098K(524288K)] 538018K->331098K(1025536K), [Metaspace: 97176K->97176K(1138688K)], 0.6012029 secs] [Times: user=1.28 sys=0.00, real=0.61 secs] 
2021-06-15T10:27:07.274+0800: 2768178.972: [GC (Allocation Failure) [PSYoungGen: 479232K->13280K(501760K)] 810330K->344378K(1026048K), 0.0250427 secs] [Times: user=0.03 sys=0.04, real=0.02 secs] 
2021-06-15T10:32:06.442+0800: 2768478.141: [GC (Allocation Failure) [PSYoungGen: 492512K->15488K(502272K)] 823610K->357283K(1026560K), 0.0343513 secs] [Times: user=0.04 sys=0.04, real=0.03 secs] 
2021-06-15T10:37:20.866+0800: 2768792.564: [GC (Allocation Failure) [PSYoungGen: 495232K->12576K(501760K)] 837027K->364182K(1026048K), 0.0601009 secs] [Times: user=0.04 sys=0.04, real=0.06 secs] 
2021-06-15T10:42:30.270+0800: 2769101.968: [GC (Allocation Failure) [PSYoungGen: 492320K->13120K(502272K)] 843926K->374129K(1026560K), 0.0286651 secs] [Times: user=0.05 sys=0.05, real=0.03 secs] 
2021-06-15T10:47:36.313+0800: 2769408.011: [GC (Allocation Failure) [PSYoungGen: 493376K->18272K(502272K)] 854385K->388487K(1026560K), 0.0480637 secs] [Times: user=0.06 sys=0.06, real=0.04 secs] 
2021-06-15T10:52:49.380+0800: 2769721.079: [GC (Allocation Failure) [PSYoungGen: 498528K->15232K(502784K)] 868743K->397818K(1027072K), 0.0314051 secs] [Times: user=0.05 sys=0.05, real=0.04 secs] 
2021-06-15T10:58:03.527+0800: 2770035.226: [GC (Allocation Failure) [PSYoungGen: 496000K->10976K(502272K)] 878586K->404427K(1026560K), 0.0506735 secs] [Times: user=0.06 sys=0.07, real=0.05 secs] 
2021-06-15T11:03:09.032+0800: 2770340.730: [GC (Allocation Failure) [PSYoungGen: 491744K->16608K(502272K)] 885195K->417241K(1026560K), 0.0394941 secs] [Times: user=0.04 sys=0.05, real=0.04 secs] 
2021-06-15T11:08:15.992+0800: 2770647.690: [GC (Allocation Failure) [PSYoungGen: 496864K->16896K(502272K)] 897497K->428334K(1026560K), 0.0342077 secs] [Times: user=0.10 sys=0.00, real=0.04 secs] 
2021-06-15T11:13:20.622+0800: 2770952.320: [GC (Allocation Failure) [PSYoungGen: 497152K->16576K(502784K)] 908590K->439619K(1027072K), 0.0472216 secs] [Times: user=0.05 sys=0.05, real=0.05 secs] 
2021-06-15T11:18:20.835+0800: 2771252.533: [GC (Allocation Failure) [PSYoungGen: 497856K->16288K(502784K)] 920899K->450486K(1027072K), 0.0408196 secs] [Times: user=0.05 sys=0.05, real=0.04 secs] 
2021-06-15T11:23:34.290+0800: 2771565.988: [GC (Allocation Failure) [PSYoungGen: 497568K->13568K(503296K)] 931766K->458041K(1027584K), 0.0326166 secs] [Times: user=0.05 sys=0.05, real=0.04 secs] 
2021-06-15T11:28:46.797+0800: 2771878.495: [GC (Allocation Failure) [PSYoungGen: 495872K->9728K(492544K)] 940345K->464497K(1016832K), 0.0245414 secs] [Times: user=0.04 sys=0.04, real=0.02 secs] 
2021-06-15T11:33:52.531+0800: 2772184.229: [GC (Allocation Failure) [PSYoungGen: 492032K->16480K(502784K)] 946801K->478038K(1027072K), 0.0327796 secs] [Times: user=0.05 sys=0.04, real=0.04 secs] 
2021-06-15T11:38:55.917+0800: 2772487.615: [GC (Allocation Failure) [PSYoungGen: 497760K->15360K(502784K)] 959318K->487056K(1027072K), 0.0394524 secs] [Times: user=0.05 sys=0.04, real=0.04 secs] 
2021-06-15T11:44:03.854+0800: 2772795.552: [GC (Allocation Failure) [PSYoungGen: 496640K->13888K(503808K)] 968336K->497049K(1028096K), 0.0284663 secs] [Times: user=0.03 sys=0.05, real=0.03 secs] 
2021-06-15T11:49:11.472+0800: 2773103.170: [GC (Allocation Failure) [PSYoungGen: 496704K->14240K(503296K)] 979865K->506572K(1027584K), 0.0319658 secs] [Times: user=0.05 sys=0.04, real=0.04 secs] 
2021-06-15T11:54:18.742+0800: 2773410.440: [GC (Allocation Failure) [PSYoungGen: 497056K->14944K(504832K)] 989388K->517896K(1029120K), 0.0306817 secs] [Times: user=0.08 sys=0.00, real=0.04 secs] 
2021-06-15T11:59:27.348+0800: 2773719.046: [GC (Allocation Failure) [PSYoungGen: 499808K->13216K(504320K)] 1002760K->525786K(1028608K), 0.0530034 secs] [Times: user=0.03 sys=0.03, real=0.05 secs] 
2021-06-15T11:59:27.402+0800: 2773719.100: [Full GC (Ergonomics) [PSYoungGen: 13216K->0K(504320K)] [ParOldGen: 512570K->313501K(524288K)] 525786K->313501K(1028608K), [Metaspace: 97176K->97176K(1138688K)], 0.5393180 secs] [Times: user=1.16 sys=0.00, real=0.54 secs] 
2021-06-15T12:04:36.111+0800: 2774027.809: [GC (Allocation Failure) [PSYoungGen: 484864K->14560K(505344K)] 798365K->328061K(1029632K), 0.0246344 secs] [Times: user=0.03 sys=0.03, real=0.03 secs] 
2021-06-15T12:09:46.533+0800: 2774338.232: [GC (Allocation Failure) [PSYoungGen: 500448K->16704K(504832K)] 813949K->341089K(1029120K), 0.0289053 secs] [Times: user=0.03 sys=0.04, real=0.03 secs] 
2021-06-15T12:14:57.000+0800: 2774648.698: [GC (Allocation Failure) [PSYoungGen: 502592K->17376K(503808K)] 826977K->351557K(1028096K), 0.0589198 secs] [Times: user=0.05 sys=0.04, real=0.06 secs] 
2021-06-15T12:20:02.078+0800: 2774953.776: [GC (Allocation Failure) [PSYoungGen: 501728K->10208K(494592K)] 835909K->354766K(1018880K), 0.0452103 secs] [Times: user=0.03 sys=0.03, real=0.05 secs] 
2021-06-15T12:25:11.327+0800: 2775263.025: [GC (Allocation Failure) [PSYoungGen: 494560K->13120K(504320K)] 839118K->365099K(1028608K), 0.0310934 secs] [Times: user=0.03 sys=0.05, real=0.03 secs] 
2021-06-15T12:30:24.455+0800: 2775576.153: [GC (Allocation Failure) [PSYoungGen: 496960K->10528K(503808K)] 848939K->372260K(1028096K), 0.0248068 secs] [Times: user=0.03 sys=0.03, real=0.02 secs] 
2021-06-15T12:35:42.218+0800: 2775893.917: [GC (Allocation Failure) [PSYoungGen: 494368K->12928K(504320K)] 856100K->383559K(1028608K), 0.0493360 secs] [Times: user=0.03 sys=0.04, real=0.05 secs] 
2021-06-15T12:40:52.516+0800: 2776204.215: [GC (Allocation Failure) [PSYoungGen: 497280K->11328K(504320K)] 867911K->391642K(1028608K), 0.0258951 secs] [Times: user=0.03 sys=0.03, real=0.03 secs] 
2021-06-15T12:46:01.673+0800: 2776513.372: [GC (Allocation Failure) [PSYoungGen: 495680K->13728K(505344K)] 875994K->401942K(1029632K), 0.0263994 secs] [Times: user=0.04 sys=0.04, real=0.02 secs] 
2021-06-15T12:51:11.728+0800: 2776823.426: [GC (Allocation Failure) [PSYoungGen: 499616K->15872K(504832K)] 887830K->413528K(1029120K), 0.0358918 secs] [Times: user=0.04 sys=0.04, real=0.04 secs] 
2021-06-15T12:56:21.761+0800: 2777133.459: [GC (Allocation Failure) [PSYoungGen: 501760K->11072K(504832K)] 899416K->419811K(1029120K), 0.0314938 secs] [Times: user=0.04 sys=0.04, real=0.04 secs] 
2021-06-15T13:01:33.247+0800: 2777444.945: [GC (Allocation Failure) [PSYoungGen: 496448K->13632K(504832K)] 905187K->431639K(1029120K), 0.0260769 secs] [Times: user=0.08 sys=0.00, real=0.03 secs] 
2021-06-15T13:06:44.552+0800: 2777756.250: [GC (Allocation Failure) [PSYoungGen: 499008K->13664K(505856K)] 917015K->441818K(1030144K), 0.0378553 secs] [Times: user=0.04 sys=0.05, real=0.04 secs] 
2021-06-15T13:11:54.942+0800: 2778066.641: [GC (Allocation Failure) [PSYoungGen: 500576K->11008K(505344K)] 928730K->447962K(1029632K), 0.0266434 secs] [Times: user=0.03 sys=0.04, real=0.02 secs] 
2021-06-15T13:17:07.848+0800: 2778379.546: [GC (Allocation Failure) [PSYoungGen: 497920K->8576K(504832K)] 934874K->454370K(1029120K), 0.0257801 secs] [Times: user=0.04 sys=0.04, real=0.03 secs] 
2021-06-15T13:22:12.030+0800: 2778683.729: [GC (Allocation Failure) [PSYoungGen: 494976K->12522K(505344K)] 940770K->465008K(1029632K), 0.0322180 secs] [Times: user=0.04 sys=0.05, real=0.04 secs] 
2021-06-15T13:27:24.495+0800: 2778996.194: [GC (Allocation Failure) [PSYoungGen: 498922K->12928K(506368K)] 951408K->475396K(1030656K), 0.0379524 secs] [Times: user=0.05 sys=0.05, real=0.04 secs] 
2021-06-15T13:32:36.585+0800: 2779308.284: [GC (Allocation Failure) [PSYoungGen: 500864K->15200K(505856K)] 963332K->487439K(1030144K), 0.0339586 secs] [Times: user=0.05 sys=0.05, real=0.03 secs] 
2021-06-15T13:37:47.372+0800: 2779619.070: [GC (Allocation Failure) [PSYoungGen: 503136K->13568K(506368K)] 975375K->495803K(1030656K), 0.0376095 secs] [Times: user=0.05 sys=0.05, real=0.04 secs] 
2021-06-15T13:42:57.975+0800: 2779929.673: [GC (Allocation Failure) [PSYoungGen: 502016K->11424K(506368K)] 984251K->502516K(1030656K), 0.0538257 secs] [Times: user=0.04 sys=0.04, real=0.05 secs] 
2021-06-15T13:48:08.069+0800: 2780239.767: [GC (Allocation Failure) [PSYoungGen: 499872K->13504K(506880K)] 990964K->513480K(1031168K), 0.0356259 secs] [Times: user=0.05 sys=0.04, real=0.04 secs] 
2021-06-15T13:53:15.943+0800: 2780547.642: [GC (Allocation Failure) [PSYoungGen: 502464K->17376K(506368K)] 1002440K->526781K(1030656K), 0.0365092 secs] [Times: user=0.04 sys=0.04, real=0.03 secs] 
2021-06-15T13:58:28.151+0800: 2780859.849: [GC (Allocation Failure) [PSYoungGen: 506336K->17152K(497152K)] 1015741K->537847K(1021440K), 0.0314142 secs] [Times: user=0.04 sys=0.05, real=0.04 secs] 
2021-06-15T13:58:28.182+0800: 2780859.881: [Full GC (Ergonomics) [PSYoungGen: 17152K->0K(497152K)] [ParOldGen: 520695K->332373K(524288K)] 537847K->332373K(1021440K), [Metaspace: 97176K->97176K(1138688K)], 0.5669801 secs] [Times: user=1.14 sys=0.00, real=0.56 secs] 
2021-06-15T14:03:38.948+0800: 2781170.646: [GC (Allocation Failure) [PSYoungGen: 479232K->13376K(501760K)] 811605K->345749K(1026048K), 0.0235213 secs] [Times: user=0.03 sys=0.04, real=0.02 secs] 
2021-06-15T14:08:47.541+0800: 2781479.239: [GC (Allocation Failure) [PSYoungGen: 492608K->12224K(502784K)] 824981K->354230K(1027072K), 0.0251562 secs] [Times: user=0.04 sys=0.04, real=0.03 secs] 
2021-06-15T14:14:01.581+0800: 2781793.280: [GC (Allocation Failure) [PSYoungGen: 492992K->8672K(502272K)] 834998K->359350K(1026560K), 0.0273464 secs] [Times: user=0.03 sys=0.03, real=0.03 secs] 
2021-06-15T14:19:05.005+0800: 2782096.703: [GC (Allocation Failure) [PSYoungGen: 489440K->14784K(502784K)] 840118K->371347K(1027072K), 0.0286091 secs] [Times: user=0.04 sys=0.03, real=0.03 secs] 
2021-06-15T14:24:10.821+0800: 2782402.519: [GC (Allocation Failure) [PSYoungGen: 495552K->14816K(502272K)] 852115K->380934K(1026560K), 0.0320222 secs] [Times: user=0.04 sys=0.05, real=0.04 secs] 
2021-06-15T14:29:19.316+0800: 2782711.014: [GC (Allocation Failure) [PSYoungGen: 495584K->11808K(503808K)] 861702K->388856K(1028096K), 0.0692239 secs] [Times: user=0.04 sys=0.03, real=0.07 secs] 
2021-06-15T14:34:26.192+0800: 2783017.891: [GC (Allocation Failure) [PSYoungGen: 494624K->17440K(500736K)] 871672K->402309K(1025024K), 0.0345824 secs] [Times: user=0.04 sys=0.05, real=0.03 secs] 
2021-06-15T14:39:33.199+0800: 2783324.897: [GC (Allocation Failure) [PSYoungGen: 500256K->15296K(503296K)] 885125K->410913K(1027584K), 0.0292744 secs] [Times: user=0.09 sys=0.00, real=0.03 secs] 
2021-06-15T14:44:38.642+0800: 2783630.341: [GC (Allocation Failure) [PSYoungGen: 497088K->17920K(500224K)] 892705K->423894K(1024512K), 0.0744076 secs] [Times: user=0.05 sys=0.05, real=0.07 secs] 
2021-06-15T14:49:45.760+0800: 2783937.458: [GC (Allocation Failure) [PSYoungGen: 499712K->14656K(503296K)] 905686K->432946K(1027584K), 0.0301259 secs] [Times: user=0.04 sys=0.04, real=0.03 secs] 
2021-06-15T14:54:56.239+0800: 2784247.937: [GC (Allocation Failure) [PSYoungGen: 495936K->9472K(502272K)] 914226K->437810K(1026560K), 0.0241172 secs] [Times: user=0.03 sys=0.04, real=0.03 secs] 
2021-06-15T15:00:09.377+0800: 2784561.075: [GC (Allocation Failure) [PSYoungGen: 490752K->12480K(503296K)] 919090K->448166K(1027584K), 0.0322858 secs] [Times: user=0.04 sys=0.05, real=0.03 secs] 
2021-06-15T15:05:20.672+0800: 2784872.371: [GC (Allocation Failure) [PSYoungGen: 494272K->10720K(502784K)] 929958K->454664K(1027072K), 0.0306552 secs] [Times: user=0.04 sys=0.04, real=0.03 secs] 
2021-06-15T15:10:31.903+0800: 2785183.601: [GC (Allocation Failure) [PSYoungGen: 492512K->11744K(503808K)] 936456K->464089K(1028096K), 0.0269420 secs] [Times: user=0.04 sys=0.04, real=0.02 secs] 
2021-06-15T15:15:39.721+0800: 2785491.419: [GC (Allocation Failure) [PSYoungGen: 494560K->12448K(503296K)] 946905K->473437K(1027584K), 0.0297047 secs] [Times: user=0.04 sys=0.04, real=0.03 secs] 
2021-06-15T15:20:52.692+0800: 2785804.390: [GC (Allocation Failure) [PSYoungGen: 495264K->11744K(504832K)] 956253K->481199K(1029120K), 0.0301209 secs] [Times: user=0.04 sys=0.04, real=0.03 secs] 
2021-06-15T15:25:59.993+0800: 2786111.691: [GC (Allocation Failure) [PSYoungGen: 496608K->16416K(504320K)] 966063K->494514K(1028608K), 0.0300824 secs] [Times: user=0.05 sys=0.04, real=0.03 secs] 
2021-06-15T15:31:09.105+0800: 2786420.803: [GC (Allocation Failure) [PSYoungGen: 501280K->12160K(504320K)] 979378K->501411K(1028608K), 0.1047303 secs] [Times: user=0.04 sys=0.05, real=0.10 secs] 
2021-06-15T15:36:13.017+0800: 2786724.716: [GC (Allocation Failure) [PSYoungGen: 496512K->9728K(504320K)] 985763K->507430K(1028608K), 0.0319136 secs] [Times: user=0.04 sys=0.04, real=0.03 secs] 
2021-06-15T15:41:27.542+0800: 2787039.240: [GC (Allocation Failure) [PSYoungGen: 494080K->8768K(504320K)] 991782K->514017K(1028608K), 0.0238157 secs] [Times: user=0.04 sys=0.03, real=0.03 secs] 
2021-06-15T15:46:36.548+0800: 2787348.246: [GC (Allocation Failure) [PSYoungGen: 493120K->11328K(504320K)] 998369K->522797K(1028608K), 0.0247917 secs] [Times: user=0.03 sys=0.04, real=0.03 secs] 
2021-06-15T15:51:49.905+0800: 2787661.603: [GC (Allocation Failure) [PSYoungGen: 495680K->9568K(505344K)] 1007149K->529606K(1029632K), 0.0318273 secs] [Times: user=0.05 sys=0.04, real=0.03 secs] 
2021-06-15T15:51:49.937+0800: 2787661.636: [Full GC (Ergonomics) [PSYoungGen: 9568K->0K(505344K)] [ParOldGen: 520038K->311085K(524288K)] 529606K->311085K(1029632K), [Metaspace: 97176K->97176K(1138688K)], 0.5229553 secs] [Times: user=1.09 sys=0.00, real=0.52 secs] 
2021-06-15T15:57:05.704+0800: 2787977.402: [GC (Allocation Failure) [PSYoungGen: 485888K->10080K(504832K)] 796973K->321166K(1029120K), 0.0222122 secs] [Times: user=0.03 sys=0.03, real=0.02 secs] 
2021-06-15T16:02:14.198+0800: 2788285.896: [GC (Allocation Failure) [PSYoungGen: 495968K->12992K(505856K)] 807054K->331497K(1030144K), 0.0301023 secs] [Times: user=0.03 sys=0.03, real=0.03 secs] 
2021-06-15T16:07:32.064+0800: 2788603.763: [GC (Allocation Failure) [PSYoungGen: 499904K->10656K(505344K)] 818409K->338505K(1029632K), 0.0257687 secs] [Times: user=0.04 sys=0.04, real=0.02 secs] 
2021-06-15T16:12:38.130+0800: 2788909.828: [GC (Allocation Failure) [PSYoungGen: 497568K->15424K(504320K)] 825417K->350143K(1028608K), 0.0271957 secs] [Times: user=0.03 sys=0.04, real=0.03 secs] 
2021-06-15T16:17:42.550+0800: 2789214.248: [GC (Allocation Failure) [PSYoungGen: 501824K->16480K(503296K)] 836543K->361474K(1027584K), 0.0369196 secs] [Times: user=0.04 sys=0.05, real=0.04 secs] 
2021-06-15T16:22:46.610+0800: 2789518.308: [GC (Allocation Failure) [PSYoungGen: 502880K->15072K(504320K)] 847874K->372246K(1028608K), 0.0343719 secs] [Times: user=0.04 sys=0.05, real=0.04 secs] 
2021-06-15T16:27:53.663+0800: 2789825.361: [GC (Allocation Failure) [PSYoungGen: 499424K->14752K(504320K)] 856598K->382786K(1028608K), 0.0389584 secs] [Times: user=0.04 sys=0.04, real=0.03 secs] 
2021-06-15T16:32:59.089+0800: 2790130.787: [GC (Allocation Failure) [PSYoungGen: 499104K->14752K(504320K)] 867138K->393191K(1028608K), 0.0365901 secs] [Times: user=0.04 sys=0.05, real=0.04 secs] 
2021-06-15T16:38:13.251+0800: 2790444.949: [GC (Allocation Failure) [PSYoungGen: 499104K->10112K(504320K)] 877543K->398774K(1028608K), 0.0265470 secs] [Times: user=0.04 sys=0.04, real=0.03 secs] 
2021-06-15T16:43:22.647+0800: 2790754.345: [GC (Allocation Failure) [PSYoungGen: 494464K->13344K(504832K)] 883126K->409250K(1029120K), 0.0330753 secs] [Times: user=0.04 sys=0.05, real=0.03 secs] 
2021-06-15T16:48:35.960+0800: 2791067.658: [GC (Allocation Failure) [PSYoungGen: 498208K->10016K(504320K)] 894114K->415557K(1028608K), 0.0824454 secs] [Times: user=0.05 sys=0.05, real=0.09 secs] 
2021-06-15T16:53:44.381+0800: 2791376.080: [GC (Allocation Failure) [PSYoungGen: 494880K->10464K(505344K)] 900421K->423368K(1029632K), 0.0343898 secs] [Times: user=0.04 sys=0.05, real=0.04 secs] 
2021-06-15T16:58:50.339+0800: 2791682.037: [GC (Allocation Failure) [PSYoungGen: 496352K->12064K(504832K)] 909256K->432964K(1029120K), 0.0295683 secs] [Times: user=0.04 sys=0.05, real=0.03 secs] 
2021-06-15T17:03:59.553+0800: 2791991.251: [GC (Allocation Failure) [PSYoungGen: 497952K->17312K(503808K)] 918852K->446778K(1028096K), 0.0368044 secs] [Times: user=0.05 sys=0.04, real=0.03 secs] 
2021-06-15T17:09:09.576+0800: 2792301.274: [GC (Allocation Failure) [PSYoungGen: 502688K->12384K(504832K)] 932154K->451836K(1029120K), 0.0339231 secs] [Times: user=0.04 sys=0.04, real=0.03 secs] 
2021-06-15T17:11:39.853+0800: 2792451.551: [GC (Allocation Failure) [PSYoungGen: 497388K->11804K(505856K)] 936840K->461040K(1030144K), 0.0229346 secs] [Times: user=0.03 sys=0.04, real=0.02 secs] 
2021-06-15T17:12:32.976+0800: 2792504.674: [GC (Allocation Failure) [PSYoungGen: 497672K->2720K(489984K)] 946908K->461711K(1014272K), 0.0188406 secs] [Times: user=0.02 sys=0.03, real=0.02 secs] 
2021-06-15T17:13:22.953+0800: 2792554.651: [GC (Allocation Failure) [PSYoungGen: 488544K->2272K(503296K)] 947535K->463181K(1027584K), 0.0188907 secs] [Times: user=0.02 sys=0.03, real=0.02 secs] 
2021-06-15T17:14:13.021+0800: 2792604.719: [GC (Allocation Failure) [PSYoungGen: 485492K->2528K(485888K)] 946402K->464891K(1010176K), 0.0172335 secs] [Times: user=0.02 sys=0.02, real=0.02 secs] 
2021-06-15T17:15:05.171+0800: 2792656.869: [GC (Allocation Failure) [PSYoungGen: 485106K->3646K(503296K)] 947470K->467680K(1027584K), 0.0188283 secs] [Times: user=0.02 sys=0.03, real=0.02 secs] 
2021-06-15T17:15:53.715+0800: 2792705.413: [GC (Allocation Failure) [PSYoungGen: 485950K->2688K(503296K)] 949984K->468184K(1027584K), 0.0231432 secs] [Times: user=0.03 sys=0.03, real=0.02 secs] 
2021-06-15T17:16:44.245+0800: 2792755.943: [GC (Allocation Failure) [PSYoungGen: 484228K->5662K(503808K)] 949724K->473100K(1028096K), 0.0206389 secs] [Times: user=0.02 sys=0.03, real=0.02 secs] 
2021-06-15T17:17:36.633+0800: 2792808.331: [GC (Allocation Failure) [PSYoungGen: 488478K->3840K(503296K)] 955916K->474905K(1027584K), 0.0211720 secs] [Times: user=0.03 sys=0.04, real=0.02 secs] 
2021-06-15T17:18:25.217+0800: 2792856.915: [GC (Allocation Failure) [PSYoungGen: 486175K->3678K(504832K)] 957240K->477883K(1029120K), 0.0874656 secs] [Times: user=0.02 sys=0.03, real=0.09 secs] 
2021-06-15T17:19:16.914+0800: 2792908.612: [GC (Allocation Failure) [PSYoungGen: 488232K->3454K(504320K)] 962437K->479081K(1028608K), 0.0155757 secs] [Times: user=0.02 sys=0.03, real=0.01 secs] 
2021-06-15T17:20:08.639+0800: 2792960.337: [GC (Allocation Failure) [PSYoungGen: 487094K->1952K(505344K)] 962721K->478785K(1029632K), 0.0177174 secs] [Times: user=0.02 sys=0.03, real=0.02 secs] 
2021-06-15T17:20:58.010+0800: 2793009.708: [GC (Allocation Failure) [PSYoungGen: 487917K->3136K(505344K)] 964751K->481176K(1029632K), 0.0161159 secs] [Times: user=0.03 sys=0.03, real=0.02 secs] 
2021-06-15T17:21:49.591+0800: 2793061.289: [GC (Allocation Failure) [PSYoungGen: 489536K->2880K(506880K)] 967576K->483333K(1031168K), 0.0172968 secs] [Times: user=0.02 sys=0.03, real=0.02 secs] 
2021-06-15T17:22:39.608+0800: 2793111.307: [GC (Allocation Failure) [PSYoungGen: 491840K->3424K(506368K)] 972293K->485947K(1030656K), 0.0177136 secs] [Times: user=0.02 sys=0.03, real=0.02 secs] 
2021-06-15T17:23:29.397+0800: 2793161.095: [GC (Allocation Failure) [PSYoungGen: 492384K->3328K(508416K)] 974907K->488464K(1032704K), 0.0467654 secs] [Times: user=0.02 sys=0.04, real=0.05 secs] 
2021-06-15T17:24:21.055+0800: 2793212.753: [GC (Allocation Failure) [PSYoungGen: 494848K->3552K(507392K)] 979984K->491333K(1031680K), 0.0212290 secs] [Times: user=0.03 sys=0.03, real=0.02 secs] 
2021-06-15T17:25:10.313+0800: 2793262.011: [GC (Allocation Failure) [PSYoungGen: 495072K->3648K(509440K)] 982853K->494329K(1033728K), 0.0486770 secs] [Times: user=0.02 sys=0.03, real=0.04 secs] 
2021-06-15T17:26:01.406+0800: 2793313.105: [GC (Allocation Failure) [PSYoungGen: 497728K->5212K(508928K)] 988409K->498786K(1033216K), 0.0340930 secs] [Times: user=0.02 sys=0.03, real=0.03 secs] 
2021-06-15T17:26:54.302+0800: 2793366.001: [GC (Allocation Failure) [PSYoungGen: 499292K->3774K(510976K)] 992866K->499041K(1035264K), 0.0440135 secs] [Times: user=0.02 sys=0.03, real=0.04 secs] 
2021-06-15T17:27:42.743+0800: 2793414.441: [GC (Allocation Failure) [PSYoungGen: 500926K->3550K(510464K)] 996193K->500495K(1034752K), 0.0174191 secs] [Times: user=0.03 sys=0.03, real=0.01 secs] 
2021-06-15T17:30:07.764+0800: 2793559.463: [GC (Allocation Failure) [PSYoungGen: 500702K->4864K(512512K)] 997647K->503016K(1036800K), 0.0233364 secs] [Times: user=0.03 sys=0.03, real=0.02 secs] 
2021-06-15T17:35:20.004+0800: 2793871.702: [GC (Allocation Failure) [PSYoungGen: 504576K->11776K(511488K)] 1002728K->516597K(1035776K), 0.0229617 secs] [Times: user=0.04 sys=0.04, real=0.02 secs] 
2021-06-15T17:40:32.078+0800: 2794183.777: [GC (Allocation Failure) [PSYoungGen: 511488K->10080K(503296K)] 1016309K->526294K(1027584K), 0.0344236 secs] [Times: user=0.05 sys=0.05, real=0.04 secs] 
2021-06-15T17:40:32.113+0800: 2794183.812: [Full GC (Ergonomics) [PSYoungGen: 10080K->0K(503296K)] [ParOldGen: 516214K->326301K(524288K)] 526294K->326301K(1027584K), [Metaspace: 97180K->97180K(1138688K)], 0.4983108 secs] [Times: user=1.09 sys=0.00, real=0.49 secs] 
2021-06-15T17:45:40.786+0800: 2794492.484: [GC (Allocation Failure) [PSYoungGen: 490489K->14976K(505856K)] 816790K->341277K(1030144K), 0.0271387 secs] [Times: user=0.03 sys=0.04, real=0.03 secs] 
2021-06-15T17:50:52.601+0800: 2794804.299: [GC (Allocation Failure) [PSYoungGen: 505472K->10304K(504832K)] 831773K->347683K(1029120K), 0.0366069 secs] [Times: user=0.04 sys=0.04, real=0.04 secs] 
2021-06-15T17:56:07.305+0800: 2795119.004: [GC (Allocation Failure) [PSYoungGen: 496704K->12416K(499200K)] 834083K->357670K(1023488K), 0.0306131 secs] [Times: user=0.04 sys=0.05, real=0.03 secs] 
2021-06-15T18:01:20.210+0800: 2795431.908: [GC (Allocation Failure) [PSYoungGen: 498809K->13952K(502784K)] 844063K->367547K(1027072K), 0.0340517 secs] [Times: user=0.08 sys=0.00, real=0.04 secs] 
2021-06-15T18:06:21.911+0800: 2795733.609: [GC (Allocation Failure) [PSYoungGen: 497280K->14048K(497664K)] 850875K->376968K(1021952K), 0.0644294 secs] [Times: user=0.04 sys=0.05, real=0.07 secs] 
2021-06-15T18:11:27.906+0800: 2796039.604: [GC (Allocation Failure) [PSYoungGen: 497376K->18528K(498688K)] 860296K->390803K(1022976K), 0.0336931 secs] [Times: user=0.05 sys=0.05, real=0.03 secs] 
2021-06-15T18:16:25.885+0800: 2796337.584: [GC (Allocation Failure) [PSYoungGen: 495712K->17248K(494592K)] 867987K->400450K(1018880K), 0.0940111 secs] [Times: user=0.06 sys=0.05, real=0.09 secs] 
2021-06-15T18:21:27.153+0800: 2796638.851: [GC (Allocation Failure) [PSYoungGen: 494432K->12192K(500224K)] 877634K->407020K(1024512K), 0.0932979 secs] [Times: user=0.16 sys=0.00, real=0.09 secs] 
2021-06-15T18:23:20.146+0800: 2796751.844: [GC (Allocation Failure) [PSYoungGen: 486422K->7106K(499200K)] 881251K->411204K(1023488K), 0.0260421 secs] [Times: user=0.04 sys=0.04, real=0.03 secs] 
2021-06-15T18:24:11.292+0800: 2796802.991: [GC (Allocation Failure) [PSYoungGen: 481542K->2974K(500736K)] 885640K->412261K(1025024K), 0.0164687 secs] [Times: user=0.03 sys=0.03, real=0.01 secs] 
2021-06-15T18:24:58.590+0800: 2796850.289: [GC (Allocation Failure) [PSYoungGen: 478951K->4352K(500736K)] 888238K->414358K(1025024K), 0.0225718 secs] [Times: user=0.02 sys=0.03, real=0.03 secs] 
2021-06-15T18:25:48.319+0800: 2796900.018: [GC (Allocation Failure) [PSYoungGen: 480466K->3998K(501760K)] 890472K->417648K(1026048K), 0.0180872 secs] [Times: user=0.02 sys=0.03, real=0.02 secs] 
2021-06-15T18:26:40.935+0800: 2796952.633: [GC (Allocation Failure) [PSYoungGen: 482281K->3360K(501248K)] 895931K->418943K(1025536K), 0.0200911 secs] [Times: user=0.02 sys=0.02, real=0.02 secs] 
2021-06-15T18:27:28.681+0800: 2797000.379: [GC (Allocation Failure) [PSYoungGen: 481194K->4702K(502784K)] 896778K->422931K(1027072K), 0.0157701 secs] [Times: user=0.03 sys=0.02, real=0.02 secs] 
2021-06-15T18:28:28.666+0800: 2797060.364: [GC (Allocation Failure) [PSYoungGen: 485470K->3840K(502272K)] 903699K->424674K(1026560K), 0.0212004 secs] [Times: user=0.02 sys=0.04, real=0.02 secs] 
2021-06-15T18:32:10.667+0800: 2797282.365: [GC (Allocation Failure) [PSYoungGen: 483640K->13801K(501248K)] 904474K->437440K(1025536K), 0.0265957 secs] [Times: user=0.04 sys=0.04, real=0.03 secs] 
2021-06-15T18:32:59.422+0800: 2797331.120: [GC (Allocation Failure) [PSYoungGen: 494057K->3072K(502272K)] 917696K->435719K(1026560K), 0.0387564 secs] [Times: user=0.03 sys=0.03, real=0.04 secs] 
2021-06-15T18:33:49.206+0800: 2797380.904: [GC (Allocation Failure) [PSYoungGen: 482662K->3200K(503808K)] 915310K->438012K(1028096K), 0.0163827 secs] [Times: user=0.02 sys=0.03, real=0.02 secs] 
2021-06-15T18:34:41.292+0800: 2797432.990: [GC (Allocation Failure) [PSYoungGen: 484506K->4064K(502784K)] 919319K->441281K(1027072K), 0.0171480 secs] [Times: user=0.02 sys=0.02, real=0.02 secs] 
2021-06-15T18:35:30.168+0800: 2797481.866: [GC (Allocation Failure) [PSYoungGen: 485687K->2944K(504832K)] 922905K->443565K(1029120K), 0.0190131 secs] [Times: user=0.02 sys=0.03, real=0.02 secs] 
2021-06-15T18:36:21.368+0800: 2797533.066: [GC (Allocation Failure) [PSYoungGen: 487560K->2272K(504320K)] 928182K->445082K(1028608K), 0.0163781 secs] [Times: user=0.02 sys=0.03, real=0.02 secs] 
2021-06-15T18:37:14.268+0800: 2797585.967: [GC (Allocation Failure) [PSYoungGen: 487046K->3776K(506368K)] 929856K->448025K(1030656K), 0.0166267 secs] [Times: user=0.02 sys=0.03, real=0.02 secs] 
2021-06-15T18:38:01.240+0800: 2797632.938: [GC (Allocation Failure) [PSYoungGen: 491199K->3232K(505344K)] 935449K->450613K(1029632K), 0.0163162 secs] [Times: user=0.02 sys=0.03, real=0.02 secs] 
2021-06-15T18:38:54.427+0800: 2797686.126: [GC (Allocation Failure) [PSYoungGen: 490017K->3840K(507904K)] 937398K->453626K(1032192K), 0.0153442 secs] [Times: user=0.02 sys=0.02, real=0.02 secs] 
2021-06-15T18:39:45.457+0800: 2797737.155: [GC (Allocation Failure) [PSYoungGen: 494266K->4608K(506880K)] 944052K->457526K(1031168K), 0.0188060 secs] [Times: user=0.03 sys=0.03, real=0.02 secs] 
2021-06-15T18:40:34.632+0800: 2797786.330: [GC (Allocation Failure) [PSYoungGen: 495104K->2624K(509440K)] 948022K->459617K(1033728K), 0.0196765 secs] [Times: user=0.02 sys=0.03, real=0.02 secs] 
2021-06-15T18:41:27.835+0800: 2797839.533: [GC (Allocation Failure) [PSYoungGen: 496704K->3168K(508928K)] 953697K->461863K(1033216K), 0.0205646 secs] [Times: user=0.03 sys=0.02, real=0.02 secs] 
2021-06-15T18:42:16.617+0800: 2797888.315: [GC (Allocation Failure) [PSYoungGen: 496876K->4959K(510976K)] 955571K->466067K(1035264K), 0.0270602 secs] [Times: user=0.02 sys=0.02, real=0.03 secs] 
2021-06-15T18:43:09.958+0800: 2797941.657: [GC (Allocation Failure) [PSYoungGen: 501355K->4480K(509952K)] 962464K->468473K(1034240K), 0.0210203 secs] [Times: user=0.03 sys=0.03, real=0.02 secs] 
2021-06-15T18:44:01.164+0800: 2797992.862: [GC (Allocation Failure) [PSYoungGen: 501120K->3424K(512000K)] 965113K->471308K(1036288K), 0.0303013 secs] [Times: user=0.04 sys=0.04, real=0.03 secs] 
2021-06-15T18:44:51.723+0800: 2798043.421: [GC (Allocation Failure) [PSYoungGen: 502624K->4160K(511488K)] 970508K->474713K(1035776K), 0.0196932 secs] [Times: user=0.03 sys=0.03, real=0.02 secs] 
2021-06-15T18:45:46.177+0800: 2798097.875: [GC (Allocation Failure) [PSYoungGen: 503341K->4735K(513536K)] 973894K->478779K(1037824K), 0.0171427 secs] [Times: user=0.01 sys=0.03, real=0.02 secs] 
2021-06-15T18:46:36.954+0800: 2798148.652: [GC (Allocation Failure) [PSYoungGen: 506281K->2816K(513024K)] 980326K->479489K(1037312K), 0.0176481 secs] [Times: user=0.02 sys=0.02, real=0.01 secs] 
2021-06-15T18:47:31.594+0800: 2798203.293: [GC (Allocation Failure) [PSYoungGen: 503821K->4319K(514048K)] 980495K->482934K(1038336K), 0.0211501 secs] [Times: user=0.03 sys=0.02, real=0.02 secs] 
2021-06-15T18:48:22.222+0800: 2798253.920: [GC (Allocation Failure) [PSYoungGen: 506759K->1984K(513536K)] 985375K->482829K(1037824K), 0.0188478 secs] [Times: user=0.02 sys=0.03, real=0.02 secs] 
2021-06-15T18:49:16.937+0800: 2798308.635: [GC (Allocation Failure) [PSYoungGen: 504474K->5599K(514560K)] 985319K->487650K(1038848K), 0.0184958 secs] [Times: user=0.03 sys=0.03, real=0.02 secs] 
2021-06-15T18:50:07.529+0800: 2798359.227: [GC (Allocation Failure) [PSYoungGen: 510431K->3488K(514560K)] 992482K->489048K(1038848K), 0.0613410 secs] [Times: user=0.03 sys=0.03, real=0.06 secs] 
2021-06-15T18:51:02.398+0800: 2798414.096: [GC (Allocation Failure) [PSYoungGen: 507835K->5343K(515072K)] 993395K->493556K(1039360K), 0.0199594 secs] [Times: user=0.03 sys=0.02, real=0.02 secs] 
2021-06-15T18:51:53.142+0800: 2798464.841: [GC (Allocation Failure) [PSYoungGen: 510394K->3360K(514560K)] 998607K->494960K(1038848K), 0.0170076 secs] [Times: user=0.02 sys=0.03, real=0.01 secs] 
2021-06-15T18:52:47.684+0800: 2798519.382: [GC (Allocation Failure) [PSYoungGen: 507682K->2528K(515584K)] 999283K->496765K(1039872K), 0.0162937 secs] [Times: user=0.02 sys=0.02, real=0.01 secs] 
2021-06-15T18:53:38.774+0800: 2798570.473: [GC (Allocation Failure) [PSYoungGen: 508896K->2560K(515072K)] 1003133K->498483K(1039360K), 0.0178526 secs] [Times: user=0.02 sys=0.03, real=0.02 secs] 
2021-06-15T18:54:32.844+0800: 2798624.542: [GC (Allocation Failure) [PSYoungGen: 508030K->4831K(515584K)] 1003953K->502424K(1039872K), 0.0191172 secs] [Times: user=0.03 sys=0.03, real=0.02 secs] 
2021-06-15T18:55:24.803+0800: 2798676.501: [GC (Allocation Failure) [PSYoungGen: 511260K->3168K(515584K)] 1008854K->503422K(1039872K), 0.0178545 secs] [Times: user=0.06 sys=0.00, real=0.01 secs] 
2021-06-15T18:56:18.000+0800: 2798729.698: [GC (Allocation Failure) [PSYoungGen: 509317K->1856K(516096K)] 1009571K->504579K(1040384K), 0.0191150 secs] [Times: user=0.02 sys=0.02, real=0.02 secs] 
2021-06-15T18:57:09.098+0800: 2798780.796: [GC (Allocation Failure) [PSYoungGen: 508955K->2976K(516096K)] 1011679K->506666K(1040384K), 0.0160081 secs] [Times: user=0.02 sys=0.02, real=0.02 secs] 
2021-06-15T18:58:03.058+0800: 2798834.756: [GC (Allocation Failure) [PSYoungGen: 509854K->6047K(516096K)] 1013544K->511902K(1040384K), 0.0448928 secs] [Times: user=0.04 sys=0.04, real=0.05 secs] 
2021-06-15T19:02:20.948+0800: 2799092.646: [GC (Allocation Failure) [PSYoungGen: 513951K->8192K(516096K)] 1019806K->523048K(1040384K), 0.0262567 secs] [Times: user=0.04 sys=0.04, real=0.03 secs] 
2021-06-15T19:07:36.262+0800: 2799407.960: [GC (Allocation Failure) --[PSYoungGen: 516096K->516096K(516096K)] 1030952K->1040378K(1040384K), 0.3289100 secs] [Times: user=0.39 sys=0.00, real=0.33 secs] 
2021-06-15T19:07:36.592+0800: 2799408.290: [Full GC (Ergonomics) [PSYoungGen: 516096K->0K(516096K)] [ParOldGen: 524282K->323012K(524288K)] 1040378K->323012K(1040384K), [Metaspace: 97205K->97205K(1138688K)], 0.5706510 secs] [Times: user=1.21 sys=0.00, real=0.58 secs] 
2021-06-15T19:12:56.120+0800: 2799727.818: [GC (Allocation Failure) [PSYoungGen: 507904K->8192K(498688K)] 830916K->340624K(1022976K), 0.0283202 secs] [Times: user=0.05 sys=0.04, real=0.03 secs] 
2021-06-15T19:17:56.831+0800: 2800028.529: [GC (Allocation Failure) [PSYoungGen: 498688K->14666K(505344K)] 831120K->355334K(1029632K), 0.0293744 secs] [Times: user=0.04 sys=0.04, real=0.03 secs] 
2021-06-15T19:23:11.621+0800: 2800343.320: [GC (Allocation Failure) [PSYoungGen: 505162K->14784K(502272K)] 845830K->365208K(1026560K), 0.0386033 secs] [Times: user=0.05 sys=0.05, real=0.04 secs] 
2021-06-15T19:28:14.716+0800: 2800646.414: [GC (Allocation Failure) [PSYoungGen: 498112K->14912K(498688K)] 848536K->375556K(1022976K), 0.0343607 secs] [Times: user=0.05 sys=0.05, real=0.03 secs] 
2021-06-15T19:33:19.942+0800: 2800951.641: [GC (Allocation Failure) [PSYoungGen: 498240K->13120K(502272K)] 858884K->383614K(1026560K), 0.0302242 secs] [Times: user=0.04 sys=0.04, real=0.03 secs] 
2021-06-15T19:38:28.219+0800: 2801259.918: [GC (Allocation Failure) [PSYoungGen: 493376K->13152K(493568K)] 863870K->393567K(1017856K), 0.0515308 secs] [Times: user=0.05 sys=0.05, real=0.05 secs] 
2021-06-15T19:43:39.123+0800: 2801570.821: [GC (Allocation Failure) [PSYoungGen: 493408K->11520K(502272K)] 873823K->401546K(1026560K), 0.0329744 secs] [Times: user=0.04 sys=0.05, real=0.03 secs] 
2021-06-15T19:48:46.555+0800: 2801878.254: [GC (Allocation Failure) [PSYoungGen: 491264K->14272K(501760K)] 881290K->413582K(1026048K), 0.0406014 secs] [Times: user=0.05 sys=0.05, real=0.04 secs] 
2021-06-15T19:53:47.193+0800: 2802178.891: [GC (Allocation Failure) [PSYoungGen: 494016K->16224K(499712K)] 893326K->424604K(1024000K), 0.0556530 secs] [Times: user=0.04 sys=0.05, real=0.05 secs] 
2021-06-15T19:58:45.056+0800: 2802476.754: [GC (Allocation Failure) [PSYoungGen: 493408K->16032K(493568K)] 901788K->435191K(1017856K), 0.0365240 secs] [Times: user=0.04 sys=0.05, real=0.04 secs] 
2021-06-15T20:03:48.560+0800: 2802780.258: [GC (Allocation Failure) [PSYoungGen: 493216K->16224K(499200K)] 912375K->446042K(1023488K), 0.0344332 secs] [Times: user=0.04 sys=0.05, real=0.04 secs] 
2021-06-15T20:08:52.717+0800: 2803084.416: [GC (Allocation Failure) [PSYoungGen: 491360K->14368K(499712K)] 921178K->455230K(1024000K), 0.0364467 secs] [Times: user=0.04 sys=0.05, real=0.04 secs] 
2021-06-15T20:13:53.014+0800: 2803384.713: [GC (Allocation Failure) [PSYoungGen: 489504K->18304K(497152K)] 930366K->467595K(1021440K), 0.0346858 secs] [Times: user=0.05 sys=0.04, real=0.03 secs] 
2021-06-15T20:18:53.142+0800: 2803684.840: [GC (Allocation Failure) [PSYoungGen: 491392K->14368K(498688K)] 940683K->473568K(1022976K), 0.0378870 secs] [Times: user=0.05 sys=0.05, real=0.04 secs] 
2021-06-15T20:23:54.878+0800: 2803986.576: [GC (Allocation Failure) [PSYoungGen: 487456K->16512K(498688K)] 946656K->485313K(1022976K), 0.0318976 secs] [Times: user=0.05 sys=0.05, real=0.03 secs] 
2021-06-15T20:28:58.785+0800: 2804290.483: [GC (Allocation Failure) [PSYoungGen: 490624K->16096K(499200K)] 959425K->494766K(1023488K), 0.0701175 secs] [Times: user=0.04 sys=0.04, real=0.07 secs] 
2021-06-15T20:34:00.043+0800: 2804591.741: [GC (Allocation Failure) [PSYoungGen: 490208K->20736K(496128K)] 968878K->509748K(1020416K), 0.0362615 secs] [Times: user=0.03 sys=0.05, real=0.03 secs] 
2021-06-15T20:39:02.089+0800: 2804893.788: [GC (Allocation Failure) [PSYoungGen: 491776K->14496K(497664K)] 980788K->515575K(1021952K), 0.0407803 secs] [Times: user=0.04 sys=0.05, real=0.04 secs] 
2021-06-15T20:44:06.765+0800: 2805198.464: [GC (Allocation Failure) [PSYoungGen: 485536K->11456K(499712K)] 986615K->522680K(1024000K), 0.0317161 secs] [Times: user=0.04 sys=0.04, real=0.03 secs] 
2021-06-15T20:44:06.798+0800: 2805198.496: [Full GC (Ergonomics) [PSYoungGen: 11456K->0K(499712K)] [ParOldGen: 511224K->314935K(524288K)] 522680K->314935K(1024000K), [Metaspace: 97227K->97227K(1138688K)], 0.6146259 secs] [Times: user=0.69 sys=0.69, real=0.62 secs] 
2021-06-15T20:49:09.241+0800: 2805500.939: [GC (Allocation Failure) [PSYoungGen: 474624K->14592K(499200K)] 789559K->329527K(1023488K), 0.0326819 secs] [Times: user=0.04 sys=0.05, real=0.04 secs] 
2021-06-15T20:54:12.979+0800: 2805804.677: [GC (Allocation Failure) [PSYoungGen: 489216K->13088K(501248K)] 804151K->339209K(1025536K), 0.0604056 secs] [Times: user=0.05 sys=0.06, real=0.06 secs] 
2021-06-15T20:59:18.451+0800: 2806110.149: [GC (Allocation Failure) [PSYoungGen: 490272K->10336K(500224K)] 816393K->345977K(1024512K), 0.0252767 secs] [Times: user=0.08 sys=0.00, real=0.03 secs] 
2021-06-15T21:04:28.104+0800: 2806419.802: [GC (Allocation Failure) [PSYoungGen: 487520K->10464K(501760K)] 823161K->354115K(1026048K), 0.0264150 secs] [Times: user=0.03 sys=0.04, real=0.02 secs] 
2021-06-15T21:09:28.512+0800: 2806720.210: [GC (Allocation Failure) [PSYoungGen: 489184K->16704K(501248K)] 832835K->368191K(1025536K), 0.0290295 secs] [Times: user=0.04 sys=0.04, real=0.03 secs] 
2021-06-15T21:14:28.898+0800: 2807020.596: [GC (Allocation Failure) [PSYoungGen: 495424K->15072K(501760K)] 846911K->377004K(1026048K), 0.0352218 secs] [Times: user=0.04 sys=0.05, real=0.04 secs] 
2021-06-15T21:19:27.011+0800: 2807318.709: [GC (Allocation Failure) [PSYoungGen: 493792K->14784K(501248K)] 855724K->387376K(1025536K), 0.0506046 secs] [Times: user=0.03 sys=0.04, real=0.05 secs] 
2021-06-15T21:24:30.149+0800: 2807621.848: [GC (Allocation Failure) [PSYoungGen: 493504K->14976K(502784K)] 866096K->397535K(1027072K), 0.0451373 secs] [Times: user=0.04 sys=0.04, real=0.05 secs] 
2021-06-15T21:29:37.926+0800: 2807929.624: [GC (Allocation Failure) [PSYoungGen: 495744K->9920K(502272K)] 878303K->402791K(1026560K), 0.0254196 secs] [Times: user=0.08 sys=0.00, real=0.02 secs] 
2021-06-15T21:34:43.002+0800: 2808234.700: [GC (Allocation Failure) [PSYoungGen: 490688K->15328K(502784K)] 883559K->415993K(1027072K), 0.0341158 secs] [Times: user=0.04 sys=0.04, real=0.04 secs] 
2021-06-15T21:39:47.571+0800: 2808539.269: [GC (Allocation Failure) [PSYoungGen: 496608K->15456K(502784K)] 897273K->424790K(1027072K), 0.0328214 secs] [Times: user=0.04 sys=0.04, real=0.04 secs] 
2021-06-15T21:44:56.702+0800: 2808848.400: [GC (Allocation Failure) [PSYoungGen: 496736K->14496K(503296K)] 906070K->434328K(1027584K), 0.0259556 secs] [Times: user=0.07 sys=0.00, real=0.03 secs] 
2021-06-15T21:50:03.083+0800: 2809154.781: [GC (Allocation Failure) [PSYoungGen: 496288K->13440K(502784K)] 916120K->444244K(1027072K), 0.0263792 secs] [Times: user=0.04 sys=0.04, real=0.02 secs] 
2021-06-15T21:55:06.929+0800: 2809458.627: [GC (Allocation Failure) [PSYoungGen: 495232K->16736K(503808K)] 926036K->456681K(1028096K), 0.0275141 secs] [Times: user=0.04 sys=0.05, real=0.03 secs] 
2021-06-15T22:00:18.334+0800: 2809770.032: [GC (Allocation Failure) [PSYoungGen: 500064K->12192K(503808K)] 940009K->463433K(1028096K), 0.0283036 secs] [Times: user=0.04 sys=0.04, real=0.03 secs] 
2021-06-15T22:05:26.237+0800: 2810077.936: [GC (Allocation Failure) [PSYoungGen: 495520K->13952K(504320K)] 946761K->473645K(1028608K), 0.0268476 secs] [Times: user=0.04 sys=0.03, real=0.03 secs] 
2021-06-15T22:10:30.061+0800: 2810381.759: [GC (Allocation Failure) [PSYoungGen: 497792K->17376K(503808K)] 957485K->486472K(1028096K), 0.0820015 secs] [Times: user=0.04 sys=0.05, real=0.09 secs] 
2021-06-15T22:15:37.547+0800: 2810689.245: [GC (Allocation Failure) [PSYoungGen: 501216K->8608K(502784K)] 970312K->488031K(1027072K), 0.0237742 secs] [Times: user=0.03 sys=0.04, real=0.02 secs] 
2021-06-15T22:20:41.651+0800: 2810993.349: [GC (Allocation Failure) [PSYoungGen: 490912K->12064K(503296K)] 970335K->496717K(1027584K), 0.0295489 secs] [Times: user=0.03 sys=0.04, real=0.03 secs] 
2021-06-15T22:25:45.209+0800: 2811296.907: [GC (Allocation Failure) [PSYoungGen: 494368K->13792K(504320K)] 979021K->507991K(1028608K), 0.0551906 secs] [Times: user=0.04 sys=0.04, real=0.06 secs] 
2021-06-15T22:30:54.735+0800: 2811606.433: [GC (Allocation Failure) [PSYoungGen: 497632K->12032K(503808K)] 991831K->515194K(1028096K), 0.0253483 secs] [Times: user=0.04 sys=0.03, real=0.02 secs] 
2021-06-15T22:36:03.673+0800: 2811915.371: [GC (Allocation Failure) [PSYoungGen: 495872K->13376K(505344K)] 999034K->524191K(1029632K), 0.0318934 secs] [Times: user=0.05 sys=0.05, real=0.03 secs] 
2021-06-15T22:41:12.606+0800: 2812224.304: [GC (Allocation Failure) [PSYoungGen: 499264K->14240K(504832K)] 1010079K->533762K(1029120K), 0.0306891 secs] [Times: user=0.04 sys=0.04, real=0.03 secs] 
2021-06-15T22:41:12.637+0800: 2812224.335: [Full GC (Ergonomics) [PSYoungGen: 14240K->0K(504832K)] [ParOldGen: 519522K->331609K(524288K)] 533762K->331609K(1029120K), [Metaspace: 97227K->97227K(1138688K)], 0.4748259 secs] [Times: user=0.52 sys=0.51, real=0.47 secs] 
2021-06-15T22:46:24.188+0800: 2812535.887: [GC (Allocation Failure) [PSYoungGen: 485888K->10720K(505344K)] 817497K->342329K(1029632K), 0.0202801 secs] [Times: user=0.03 sys=0.03, real=0.02 secs] 
2021-06-15T22:51:29.553+0800: 2812841.252: [GC (Allocation Failure) [PSYoungGen: 497120K->14848K(505344K)] 828729K->354596K(1029632K), 0.0304204 secs] [Times: user=0.04 sys=0.04, real=0.03 secs] 
2021-06-15T22:56:42.702+0800: 2813154.400: [GC (Allocation Failure) [PSYoungGen: 501248K->13568K(505856K)] 840996K->362350K(1030144K), 0.0325349 secs] [Times: user=0.03 sys=0.03, real=0.04 secs] 
2021-06-15T23:01:58.645+0800: 2813470.343: [GC (Allocation Failure) [PSYoungGen: 500480K->10528K(505344K)] 849262K->368798K(1029632K), 0.0256964 secs] [Times: user=0.03 sys=0.04, real=0.02 secs] 
2021-06-15T23:07:07.199+0800: 2813778.898: [GC (Allocation Failure) [PSYoungGen: 497440K->12608K(506368K)] 855710K->378898K(1030656K), 0.0266178 secs] [Times: user=0.04 sys=0.03, real=0.03 secs] 
2021-06-15T23:12:14.242+0800: 2814085.940: [GC (Allocation Failure) [PSYoungGen: 500544K->14400K(505856K)] 866834K->389070K(1030144K), 0.0640006 secs] [Times: user=0.03 sys=0.04, real=0.06 secs] 
2021-06-15T23:17:29.127+0800: 2814400.825: [GC (Allocation Failure) [PSYoungGen: 502336K->11936K(506368K)] 877006K->396409K(1030656K), 0.0254007 secs] [Times: user=0.03 sys=0.04, real=0.03 secs] 
2021-06-15T23:22:36.400+0800: 2814708.098: [GC (Allocation Failure) [PSYoungGen: 500384K->16096K(504832K)] 884857K->408644K(1029120K), 0.0268461 secs] [Times: user=0.04 sys=0.04, real=0.03 secs] 
2021-06-15T23:27:46.610+0800: 2815018.309: [GC (Allocation Failure) [PSYoungGen: 504544K->10144K(505856K)] 897092K->414444K(1030144K), 0.0311694 secs] [Times: user=0.03 sys=0.04, real=0.03 secs] 
2021-06-15T23:32:54.437+0800: 2815326.135: [GC (Allocation Failure) [PSYoungGen: 497568K->16160K(503808K)] 901868K->427929K(1028096K), 0.0599070 secs] [Times: user=0.04 sys=0.04, real=0.06 secs] 
2021-06-15T23:38:00.043+0800: 2815631.742: [GC (Allocation Failure) [PSYoungGen: 503584K->15648K(504320K)] 915353K->438741K(1028608K), 0.0303653 secs] [Times: user=0.03 sys=0.05, real=0.03 secs] 
2021-06-15T23:43:09.525+0800: 2815941.224: [GC (Allocation Failure) [PSYoungGen: 501024K->12864K(504832K)] 924117K->446633K(1029120K), 0.0277418 secs] [Times: user=0.04 sys=0.04, real=0.03 secs] 
2021-06-15T23:48:12.521+0800: 2816244.219: [GC (Allocation Failure) [PSYoungGen: 498240K->17056K(503296K)] 932009K->459607K(1027584K), 0.0299677 secs] [Times: user=0.04 sys=0.04, real=0.03 secs] 
2021-06-15T23:53:24.420+0800: 2816556.118: [GC (Allocation Failure) [PSYoungGen: 501408K->13792K(504320K)] 943959K->467648K(1028608K), 0.0298417 secs] [Times: user=0.04 sys=0.04, real=0.03 secs] 
2021-06-15T23:58:33.335+0800: 2816865.033: [GC (Allocation Failure) [PSYoungGen: 498144K->15136K(505344K)] 952000K->478147K(1029632K), 0.0285632 secs] [Times: user=0.04 sys=0.05, real=0.03 secs] 
2021-06-16T00:03:19.565+0800: 2817151.263: [GC (Allocation Failure) [PSYoungGen: 501024K->15616K(504832K)] 964035K->488422K(1029120K), 0.0287162 secs] [Times: user=0.04 sys=0.04, real=0.03 secs] 
2021-06-16T00:08:22.326+0800: 2817454.024: [GC (Allocation Failure) [PSYoungGen: 501504K->16768K(503808K)] 974310K->499813K(1028096K), 0.0403648 secs] [Times: user=0.04 sys=0.05, real=0.04 secs] 
2021-06-16T00:13:24.521+0800: 2817756.219: [GC (Allocation Failure) [PSYoungGen: 501120K->17312K(501760K)] 984165K->509938K(1026048K), 0.0283765 secs] [Times: user=0.04 sys=0.04, real=0.03 secs] 
2021-06-16T00:18:32.625+0800: 2818064.323: [GC (Allocation Failure) [PSYoungGen: 501664K->16480K(503808K)] 994290K->520831K(1028096K), 0.0402273 secs] [Times: user=0.04 sys=0.06, real=0.04 secs] 
2021-06-16T00:23:39.755+0800: 2818371.453: [GC (Allocation Failure) [PSYoungGen: 499808K->14816K(503808K)] 1004159K->530986K(1028096K), 0.0305931 secs] [Times: user=0.04 sys=0.04, real=0.03 secs] 
2021-06-16T00:23:39.786+0800: 2818371.484: [Full GC (Ergonomics) [PSYoungGen: 14816K->0K(503808K)] [ParOldGen: 516170K->319009K(524288K)] 530986K->319009K(1028096K), [Metaspace: 97238K->97238K(1138688K)], 0.4386620 secs] [Times: user=0.47 sys=0.46, real=0.44 secs] 
2021-06-16T00:28:50.090+0800: 2818681.788: [GC (Allocation Failure) [PSYoungGen: 483328K->13376K(504832K)] 802337K->332385K(1029120K), 0.0190226 secs] [Times: user=0.02 sys=0.03, real=0.02 secs] 
2021-06-16T00:34:00.813+0800: 2818992.511: [GC (Allocation Failure) [PSYoungGen: 498240K->13504K(504320K)] 817249K->343458K(1028608K), 0.0252138 secs] [Times: user=0.03 sys=0.03, real=0.02 secs] 
2021-06-16T00:39:07.926+0800: 2819299.624: [GC (Allocation Failure) [PSYoungGen: 498368K->12256K(504832K)] 828322K->351566K(1029120K), 0.0287860 secs] [Times: user=0.04 sys=0.04, real=0.03 secs] 
2021-06-16T00:44:16.987+0800: 2819608.685: [GC (Allocation Failure) [PSYoungGen: 497632K->15904K(504832K)] 836942K->364152K(1029120K), 0.1010736 secs] [Times: user=0.08 sys=0.00, real=0.10 secs] 
2021-06-16T00:49:27.214+0800: 2819918.912: [GC (Allocation Failure) [PSYoungGen: 501255K->15296K(504832K)] 849504K->374501K(1029120K), 0.0263914 secs] [Times: user=0.04 sys=0.04, real=0.02 secs] 
2021-06-16T00:54:33.761+0800: 2820225.459: [GC (Allocation Failure) [PSYoungGen: 500672K->16928K(504832K)] 859877K->386650K(1029120K), 0.0294747 secs] [Times: user=0.04 sys=0.04, real=0.03 secs] 
2021-06-16T00:59:41.345+0800: 2820533.044: [GC (Allocation Failure) [PSYoungGen: 502304K->13920K(504832K)] 872026K->394388K(1029120K), 0.0272608 secs] [Times: user=0.04 sys=0.03, real=0.03 secs] 
2021-06-16T01:04:50.215+0800: 2820841.913: [GC (Allocation Failure) [PSYoungGen: 499296K->12768K(504832K)] 879764K->403566K(1029120K), 0.0290148 secs] [Times: user=0.05 sys=0.04, real=0.03 secs] 
2021-06-16T01:09:56.707+0800: 2821148.405: [GC (Allocation Failure) [PSYoungGen: 498144K->12320K(504832K)] 888942K->412089K(1029120K), 0.0255879 secs] [Times: user=0.08 sys=0.00, real=0.03 secs] 
2021-06-16T01:15:08.027+0800: 2821459.726: [GC (Allocation Failure) [PSYoungGen: 497696K->11776K(504832K)] 897465K->419316K(1029120K), 0.0236916 secs] [Times: user=0.03 sys=0.04, real=0.02 secs] 
2021-06-16T01:20:03.102+0800: 2821754.800: [GC (Allocation Failure) [PSYoungGen: 497152K->15434K(504320K)] 904692K->432106K(1028608K), 0.0306520 secs] [Times: user=0.04 sys=0.04, real=0.04 secs] 
2021-06-16T01:25:10.635+0800: 2822062.333: [GC (Allocation Failure) [PSYoungGen: 500810K->11872K(504832K)] 917482K->440341K(1029120K), 0.0440374 secs] [Times: user=0.04 sys=0.04, real=0.04 secs] 
2021-06-16T01:30:13.105+0800: 2822364.804: [GC (Allocation Failure) [PSYoungGen: 497248K->16480K(504320K)] 925717K->454089K(1028608K), 0.0280456 secs] [Times: user=0.04 sys=0.03, real=0.03 secs] 
2021-06-16T01:35:20.564+0800: 2822672.262: [GC (Allocation Failure) [PSYoungGen: 501856K->14592K(504832K)] 939465K->463057K(1029120K), 0.0302075 secs] [Times: user=0.03 sys=0.04, real=0.03 secs] 
2021-06-16T01:40:30.594+0800: 2822982.292: [GC (Allocation Failure) [PSYoungGen: 499968K->10176K(504320K)] 948433K->467682K(1028608K), 0.0242109 secs] [Times: user=0.03 sys=0.04, real=0.02 secs] 
2021-06-16T01:45:45.900+0800: 2823297.598: [GC (Allocation Failure) [PSYoungGen: 495552K->10784K(504832K)] 953058K->476124K(1029120K), 0.0541949 secs] [Times: user=0.03 sys=0.04, real=0.06 secs] 
2021-06-16T01:50:58.350+0800: 2823610.048: [GC (Allocation Failure) [PSYoungGen: 496160K->15808K(504832K)] 961500K->487969K(1029120K), 0.0271316 secs] [Times: user=0.03 sys=0.04, real=0.03 secs] 
2021-06-16T01:56:07.972+0800: 2823919.671: [GC (Allocation Failure) [PSYoungGen: 501184K->16256K(501760K)] 973345K->500348K(1026048K), 0.0553776 secs] [Times: user=0.04 sys=0.04, real=0.05 secs] 
2021-06-16T02:01:16.455+0800: 2824228.154: [GC (Allocation Failure) [PSYoungGen: 501632K->14304K(504832K)] 985724K->509183K(1029120K), 0.0285960 secs] [Times: user=0.03 sys=0.04, real=0.03 secs] 
2021-06-16T02:06:20.370+0800: 2824532.068: [GC (Allocation Failure) [PSYoungGen: 499168K->13728K(504320K)] 994047K->517460K(1028608K), 0.0422408 secs] [Times: user=0.03 sys=0.04, real=0.05 secs] 
2021-06-16T02:11:26.816+0800: 2824838.515: [GC (Allocation Failure) [PSYoungGen: 498592K->16224K(504320K)] 1002324K->530392K(1028608K), 0.0295376 secs] [Times: user=0.03 sys=0.04, real=0.03 secs] 
2021-06-16T02:11:26.846+0800: 2824838.545: [Full GC (Ergonomics) [PSYoungGen: 16224K->0K(504320K)] [ParOldGen: 514168K->326268K(524288K)] 530392K->326268K(1028608K), [Metaspace: 97238K->97238K(1138688K)], 0.4911800 secs] [Times: user=0.55 sys=0.54, real=0.49 secs] 
2021-06-16T02:16:38.824+0800: 2825150.523: [GC (Allocation Failure) [PSYoungGen: 485376K->12640K(504832K)] 811644K->338908K(1029120K), 0.0217302 secs] [Times: user=0.02 sys=0.03, real=0.02 secs] 
2021-06-16T02:21:50.672+0800: 2825462.370: [GC (Allocation Failure) [PSYoungGen: 498016K->12992K(505344K)] 824284K->349518K(1029632K), 0.0266295 secs] [Times: user=0.04 sys=0.04, real=0.03 secs] 
2021-06-16T02:27:02.776+0800: 2825774.475: [GC (Allocation Failure) [PSYoungGen: 498880K->12000K(504832K)] 835406K->357505K(1029120K), 0.0237445 secs] [Times: user=0.04 sys=0.04, real=0.02 secs] 
2021-06-16T02:32:11.193+0800: 2826082.892: [GC (Allocation Failure) [PSYoungGen: 497888K->17600K(503296K)] 843393K->371685K(1027584K), 0.0313746 secs] [Times: user=0.04 sys=0.04, real=0.03 secs] 
2021-06-16T02:37:18.990+0800: 2826390.688: [GC (Allocation Failure) [PSYoungGen: 501952K->13760K(504320K)] 856037K->377393K(1028608K), 0.0249142 secs] [Times: user=0.04 sys=0.04, real=0.03 secs] 
2021-06-16T02:42:22.738+0800: 2826694.436: [GC (Allocation Failure) [PSYoungGen: 498112K->15008K(505344K)] 861745K->389620K(1029632K), 0.0311093 secs] [Times: user=0.04 sys=0.05, real=0.03 secs] 
2021-06-16T02:47:32.260+0800: 2827003.959: [GC (Allocation Failure) [PSYoungGen: 500896K->16704K(504832K)] 875508K->401714K(1029120K), 0.0276925 secs] [Times: user=0.03 sys=0.04, real=0.03 secs] 
2021-06-16T02:52:46.464+0800: 2827318.162: [GC (Allocation Failure) [PSYoungGen: 502592K->12128K(504832K)] 887602K->408226K(1029120K), 0.0642039 secs] [Times: user=0.05 sys=0.05, real=0.06 secs] 
2021-06-16T02:58:00.197+0800: 2827631.895: [GC (Allocation Failure) [PSYoungGen: 497504K->12256K(504832K)] 893602K->417301K(1029120K), 0.0270025 secs] [Times: user=0.04 sys=0.04, real=0.03 secs] 
2021-06-16T03:03:11.490+0800: 2827943.188: [GC (Allocation Failure) [PSYoungGen: 497632K->14336K(505344K)] 902677K->428249K(1029632K), 0.0252408 secs] [Times: user=0.04 sys=0.04, real=0.03 secs] 
2021-06-16T03:08:23.570+0800: 2828255.268: [GC (Allocation Failure) [PSYoungGen: 500224K->10944K(504832K)] 914137K->435457K(1029120K), 0.0247342 secs] [Times: user=0.04 sys=0.03, real=0.03 secs] 
2021-06-16T03:13:28.251+0800: 2828559.950: [GC (Allocation Failure) [PSYoungGen: 496832K->14560K(505344K)] 921345K->446614K(1029632K), 0.0306765 secs] [Times: user=0.04 sys=0.04, real=0.04 secs] 
2021-06-16T03:18:35.863+0800: 2828867.561: [GC (Allocation Failure) [PSYoungGen: 500960K->16000K(505344K)] 933014K->457826K(1029632K), 0.0312230 secs] [Times: user=0.04 sys=0.04, real=0.03 secs] 
2021-06-16T03:23:44.753+0800: 2829176.451: [GC (Allocation Failure) [PSYoungGen: 502400K->12352K(505344K)] 944226K->464860K(1029632K), 0.0286634 secs] [Times: user=0.04 sys=0.04, real=0.02 secs] 
2021-06-16T03:28:56.484+0800: 2829488.182: [GC (Allocation Failure) [PSYoungGen: 498752K->17760K(504320K)] 951260K->479201K(1028608K), 0.0278112 secs] [Times: user=0.04 sys=0.03, real=0.02 secs] 
2021-06-16T03:34:09.336+0800: 2829801.035: [GC (Allocation Failure) [PSYoungGen: 504160K->10720K(504320K)] 965601K->484386K(1028608K), 0.0533371 secs] [Times: user=0.06 sys=0.05, real=0.05 secs] 
2021-06-16T03:39:16.866+0800: 2830108.564: [GC (Allocation Failure) [PSYoungGen: 495072K->12992K(504320K)] 968738K->494476K(1028608K), 0.0291820 secs] [Times: user=0.04 sys=0.04, real=0.03 secs] 
2021-06-16T03:44:23.285+0800: 2830414.983: [GC (Allocation Failure) [PSYoungGen: 497344K->13408K(505344K)] 978828K->504425K(1029632K), 0.0277389 secs] [Times: user=0.04 sys=0.04, real=0.03 secs] 
2021-06-16T03:49:35.072+0800: 2830726.770: [GC (Allocation Failure) [PSYoungGen: 499296K->12000K(504832K)] 990313K->511786K(1029120K), 0.0371244 secs] [Times: user=0.05 sys=0.05, real=0.04 secs] 
2021-06-16T03:54:45.127+0800: 2831036.826: [GC (Allocation Failure) [PSYoungGen: 497888K->13152K(505856K)] 997674K->522205K(1030144K), 0.0383999 secs] [Times: user=0.05 sys=0.05, real=0.04 secs] 
2021-06-16T03:59:50.800+0800: 2831342.498: [GC (Allocation Failure) [PSYoungGen: 500064K->15776K(505344K)] 1009117K->534020K(1029632K), 0.0383750 secs] [Times: user=0.04 sys=0.05, real=0.04 secs] 
2021-06-16T03:59:50.839+0800: 2831342.537: [Full GC (Ergonomics) [PSYoungGen: 15776K->0K(505344K)] [ParOldGen: 518244K->323772K(524288K)] 534020K->323772K(1029632K), [Metaspace: 97238K->97234K(1138688K)], 0.5674751 secs] [Times: user=0.57 sys=0.58, real=0.57 secs] 
2021-06-16T04:04:57.371+0800: 2831649.070: [GC (Allocation Failure) [PSYoungGen: 486912K->15552K(505344K)] 810684K->339324K(1029632K), 0.0873389 secs] [Times: user=0.04 sys=0.04, real=0.09 secs] 
2021-06-16T04:10:08.791+0800: 2831960.489: [GC (Allocation Failure) [PSYoungGen: 501952K->10944K(505344K)] 825724K->345779K(1029632K), 0.0299213 secs] [Times: user=0.03 sys=0.03, real=0.03 secs] 
2021-06-16T04:15:16.082+0800: 2832267.780: [GC (Allocation Failure) [PSYoungGen: 497344K->13792K(505856K)] 832179K->357079K(1030144K), 0.0432399 secs] [Times: user=0.05 sys=0.05, real=0.05 secs] 
2021-06-16T04:20:19.088+0800: 2832570.786: [GC (Allocation Failure) [PSYoungGen: 500704K->16768K(503808K)] 843991K->368203K(1028096K), 0.0387347 secs] [Times: user=0.05 sys=0.05, real=0.04 secs] 
2021-06-16T04:25:31.107+0800: 2832882.805: [GC (Allocation Failure) [PSYoungGen: 503680K->12192K(505344K)] 855115K->375060K(1029632K), 0.0388665 secs] [Times: user=0.04 sys=0.05, real=0.04 secs] 
2021-06-16T04:30:44.215+0800: 2833195.913: [GC (Allocation Failure) [PSYoungGen: 498080K->12160K(504832K)] 860948K->384078K(1029120K), 0.0324041 secs] [Times: user=0.03 sys=0.04, real=0.03 secs] 
2021-06-16T04:36:01.912+0800: 2833513.611: [GC (Allocation Failure) [PSYoungGen: 498048K->13120K(505856K)] 869966K->393882K(1030144K), 0.0464978 secs] [Times: user=0.05 sys=0.05, real=0.04 secs] 
2021-06-16T04:41:12.758+0800: 2833824.456: [GC (Allocation Failure) [PSYoungGen: 500032K->13248K(505344K)] 880794K->403956K(1029632K), 0.0855712 secs] [Times: user=0.05 sys=0.04, real=0.09 secs] 
2021-06-16T04:46:25.128+0800: 2834136.827: [GC (Allocation Failure) [PSYoungGen: 500160K->12672K(506368K)] 890868K->413470K(1030656K), 0.0281525 secs] [Times: user=0.08 sys=0.00, real=0.03 secs] 
2021-06-16T04:51:38.282+0800: 2834449.980: [GC (Allocation Failure) [PSYoungGen: 501120K->12160K(506368K)] 901918K->421760K(1030656K), 0.0268730 secs] [Times: user=0.04 sys=0.04, real=0.03 secs] 
2021-06-16T04:56:52.748+0800: 2834764.446: [GC (Allocation Failure) [PSYoungGen: 500608K->11744K(506880K)] 910208K->430323K(1031168K), 0.0247161 secs] [Times: user=0.04 sys=0.03, real=0.03 secs] 
2021-06-16T05:02:01.945+0800: 2835073.644: [GC (Allocation Failure) [PSYoungGen: 501216K->13920K(506880K)] 919795K->441623K(1031168K), 0.0287085 secs] [Times: user=0.04 sys=0.04, real=0.03 secs] 
2021-06-16T05:07:10.943+0800: 2835382.641: [GC (Allocation Failure) [PSYoungGen: 503392K->12320K(507392K)] 931095K->450184K(1031680K), 0.0288791 secs] [Times: user=0.04 sys=0.04, real=0.02 secs] 
2021-06-16T05:12:23.608+0800: 2835695.306: [GC (Allocation Failure) [PSYoungGen: 502304K->14624K(506880K)] 940168K->461069K(1031168K), 0.0242383 secs] [Times: user=0.03 sys=0.03, real=0.03 secs] 
2021-06-16T05:17:30.468+0800: 2836002.167: [GC (Allocation Failure) [PSYoungGen: 504608K->15168K(506880K)] 951053K->472065K(1031168K), 0.0284814 secs] [Times: user=0.04 sys=0.04, real=0.03 secs] 
2021-06-16T05:22:38.645+0800: 2836310.343: [GC (Allocation Failure) [PSYoungGen: 504640K->15008K(504832K)] 961537K->482760K(1029120K), 0.0373693 secs] [Times: user=0.05 sys=0.05, real=0.04 secs] 
2021-06-16T05:27:38.734+0800: 2836610.432: [GC (Allocation Failure) [PSYoungGen: 504480K->17888K(495104K)] 972232K->498444K(1019392K), 0.0354573 secs] [Times: user=0.04 sys=0.05, real=0.03 secs] 
2021-06-16T05:32:19.817+0800: 2836891.515: [GC (Allocation Failure) [PSYoungGen: 495072K->16192K(500736K)] 975628K->509121K(1025024K), 0.0312473 secs] [Times: user=0.04 sys=0.04, real=0.03 secs] 
2021-06-16T05:37:11.785+0800: 2837183.483: [GC (Allocation Failure) [PSYoungGen: 493376K->13920K(501760K)] 986305K->517950K(1026048K), 0.0272522 secs] [Times: user=0.04 sys=0.04, real=0.02 secs] 
2021-06-16T05:42:08.909+0800: 2837480.608: [GC (Allocation Failure) [PSYoungGen: 492640K->14336K(501248K)] 996670K->526986K(1025536K), 0.0447908 secs] [Times: user=0.04 sys=0.04, real=0.05 secs] 
2021-06-16T05:42:08.955+0800: 2837480.653: [Full GC (Ergonomics) [PSYoungGen: 14336K->0K(501248K)] [ParOldGen: 512650K->320328K(524288K)] 526986K->320328K(1025536K), [Metaspace: 97281K->97281K(1138688K)], 0.4839659 secs] [Times: user=0.48 sys=0.48, real=0.48 secs] 
2021-06-16T05:46:54.493+0800: 2837766.191: [GC (Allocation Failure) [PSYoungGen: 478720K->16992K(502272K)] 799048K->337320K(1026560K), 0.0257427 secs] [Times: user=0.03 sys=0.04, real=0.02 secs] 
2021-06-16T05:51:41.592+0800: 2838053.290: [GC (Allocation Failure) [PSYoungGen: 497248K->16704K(502272K)] 817576K->347980K(1026560K), 0.0356910 secs] [Times: user=0.04 sys=0.04, real=0.04 secs] 
2021-06-16T05:56:31.472+0800: 2838343.170: [GC (Allocation Failure) [PSYoungGen: 496960K->15392K(502784K)] 828236K->356967K(1027072K), 0.0316145 secs] [Times: user=0.04 sys=0.04, real=0.04 secs] 
2021-06-16T06:01:23.031+0800: 2838634.729: [GC (Allocation Failure) [PSYoungGen: 496160K->18688K(502272K)] 837735K->369859K(1026560K), 0.0295700 secs] [Times: user=0.04 sys=0.04, real=0.03 secs] 
2021-06-16T06:06:19.221+0800: 2838930.919: [GC (Allocation Failure) [PSYoungGen: 499456K->14912K(502784K)] 850627K->376907K(1027072K), 0.0843489 secs] [Times: user=0.04 sys=0.04, real=0.09 secs] 
2021-06-16T06:11:09.698+0800: 2839221.397: [GC (Allocation Failure) [PSYoungGen: 495680K->17568K(502272K)] 857675K->389912K(1026560K), 0.0291904 secs] [Times: user=0.04 sys=0.04, real=0.03 secs] 
2021-06-16T06:16:04.433+0800: 2839516.131: [GC (Allocation Failure) [PSYoungGen: 498336K->14752K(502784K)] 870680K->398907K(1027072K), 0.0660989 secs] [Times: user=0.04 sys=0.04, real=0.06 secs] 
2021-06-16T06:20:54.333+0800: 2839806.032: [GC (Allocation Failure) [PSYoungGen: 496032K->15552K(502784K)] 880187K->409478K(1027072K), 0.0247322 secs] [Times: user=0.03 sys=0.03, real=0.02 secs] 
2021-06-16T06:25:44.630+0800: 2840096.328: [GC (Allocation Failure) [PSYoungGen: 496832K->16096K(503808K)] 890758K->421880K(1028096K), 0.0549368 secs] [Times: user=0.05 sys=0.04, real=0.06 secs] 
2021-06-16T06:30:35.767+0800: 2840387.465: [GC (Allocation Failure) [PSYoungGen: 498912K->12160K(503296K)] 904696K->428739K(1027584K), 0.0249960 secs] [Times: user=0.03 sys=0.04, real=0.02 secs] 
2021-06-16T06:35:25.139+0800: 2840676.837: [GC (Allocation Failure) [PSYoungGen: 494976K->16896K(503808K)] 911555K->442017K(1028096K), 0.0298840 secs] [Times: user=0.03 sys=0.05, real=0.03 secs] 
2021-06-16T06:40:17.723+0800: 2840969.421: [GC (Allocation Failure) [PSYoungGen: 500224K->17536K(501248K)] 925345K->453332K(1025536K), 0.0280846 secs] [Times: user=0.04 sys=0.04, real=0.02 secs] 
2021-06-16T06:45:14.591+0800: 2841266.289: [GC (Allocation Failure) [PSYoungGen: 500864K->13792K(503296K)] 936660K->461655K(1027584K), 0.0450475 secs] [Times: user=0.03 sys=0.04, real=0.05 secs] 
2021-06-16T06:50:09.665+0800: 2841561.364: [GC (Allocation Failure) [PSYoungGen: 496096K->14432K(503296K)] 943959K->471698K(1027584K), 0.0286930 secs] [Times: user=0.04 sys=0.04, real=0.03 secs] 
2021-06-16T06:55:00.806+0800: 2841852.504: [GC (Allocation Failure) [PSYoungGen: 496736K->14944K(504320K)] 954002K->482471K(1028608K), 0.0352900 secs] [Times: user=0.05 sys=0.04, real=0.03 secs] 
2021-06-16T06:59:51.364+0800: 2842143.062: [GC (Allocation Failure) [PSYoungGen: 498784K->14592K(503808K)] 966311K->493034K(1028096K), 0.0518138 secs] [Times: user=0.04 sys=0.06, real=0.05 secs] 
2021-06-16T07:04:47.932+0800: 2842439.630: [GC (Allocation Failure) [PSYoungGen: 498432K->13280K(504320K)] 976874K->500265K(1028608K), 0.0315554 secs] [Times: user=0.04 sys=0.04, real=0.04 secs] 
2021-06-16T07:09:50.024+0800: 2842741.722: [GC (Allocation Failure) [PSYoungGen: 497632K->14400K(504320K)] 984617K->511259K(1028608K), 0.0547773 secs] [Times: user=0.04 sys=0.04, real=0.05 secs] 
2021-06-16T07:14:43.581+0800: 2843035.280: [GC (Allocation Failure) [PSYoungGen: 498752K->13728K(504832K)] 995611K->520109K(1029120K), 0.0277665 secs] [Times: user=0.04 sys=0.05, real=0.03 secs] 
2021-06-16T07:19:28.897+0800: 2843320.596: [GC (Allocation Failure) [PSYoungGen: 499104K->14762K(504832K)] 1005485K->530772K(1029120K), 0.0397011 secs] [Times: user=0.05 sys=0.05, real=0.04 secs] 
2021-06-16T07:19:28.938+0800: 2843320.636: [Full GC (Ergonomics) [PSYoungGen: 14762K->0K(504832K)] [ParOldGen: 516010K->325915K(524288K)] 530772K->325915K(1029120K), [Metaspace: 97293K->97289K(1138688K)], 0.6707568 secs] [Times: user=1.22 sys=0.00, real=0.67 secs] 
2021-06-16T07:24:24.495+0800: 2843616.193: [GC (Allocation Failure) [PSYoungGen: 485376K->14976K(505856K)] 811291K->340891K(1030144K), 0.0259854 secs] [Times: user=0.03 sys=0.04, real=0.02 secs] 
2021-06-16T07:29:18.339+0800: 2843910.037: [GC (Allocation Failure) [PSYoungGen: 501888K->17248K(505344K)] 827803K->355191K(1029632K), 0.0316330 secs] [Times: user=0.04 sys=0.04, real=0.03 secs] 
2021-06-16T07:34:11.592+0800: 2844203.291: [GC (Allocation Failure) [PSYoungGen: 504160K->15072K(505856K)] 842103K->364379K(1030144K), 0.0305067 secs] [Times: user=0.04 sys=0.04, real=0.03 secs] 
2021-06-16T07:39:04.570+0800: 2844496.268: [GC (Allocation Failure) [PSYoungGen: 501984K->16672K(505344K)] 851291K->376199K(1029632K), 0.0409542 secs] [Times: user=0.04 sys=0.05, real=0.04 secs] 
2021-06-16T07:43:55.847+0800: 2844787.546: [GC (Allocation Failure) [PSYoungGen: 503584K->15488K(505856K)] 863111K->386218K(1030144K), 0.0271112 secs] [Times: user=0.04 sys=0.03, real=0.03 secs] 
2021-06-16T07:48:53.190+0800: 2845084.888: [GC (Allocation Failure) [PSYoungGen: 502400K->11168K(505344K)] 873130K->392545K(1029632K), 0.0257477 secs] [Times: user=0.04 sys=0.03, real=0.03 secs] 
2021-06-16T07:53:52.861+0800: 2845384.559: [GC (Allocation Failure) [PSYoungGen: 498080K->14816K(505856K)] 879457K->403957K(1030144K), 0.0303038 secs] [Times: user=0.04 sys=0.03, real=0.03 secs] 
2021-06-16T07:58:43.599+0800: 2845675.298: [GC (Allocation Failure) [PSYoungGen: 501728K->15136K(505344K)] 890869K->414546K(1029632K), 0.0285861 secs] [Times: user=0.04 sys=0.04, real=0.03 secs] 
2021-06-16T08:03:41.144+0800: 2845972.842: [GC (Allocation Failure) [PSYoungGen: 502048K->16256K(505856K)] 901458K->426405K(1030144K), 0.0308914 secs] [Times: user=0.04 sys=0.04, real=0.03 secs] 
2021-06-16T08:08:36.269+0800: 2846267.968: [GC (Allocation Failure) [PSYoungGen: 503680K->14944K(505856K)] 913829K->435825K(1030144K), 0.0293336 secs] [Times: user=0.08 sys=0.00, real=0.03 secs] 
2021-06-16T08:13:35.917+0800: 2846567.615: [GC (Allocation Failure) [PSYoungGen: 502368K->14080K(506368K)] 923249K->445060K(1030656K), 0.0473198 secs] [Times: user=0.04 sys=0.04, real=0.05 secs] 
2021-06-16T08:18:27.010+0800: 2846858.709: [GC (Allocation Failure) [PSYoungGen: 502016K->14784K(505856K)] 932996K->456030K(1030144K), 0.0265075 secs] [Times: user=0.04 sys=0.04, real=0.03 secs] 
2021-06-16T08:23:21.239+0800: 2847152.937: [GC (Allocation Failure) [PSYoungGen: 502720K->12800K(506368K)] 943966K->464376K(1030656K), 0.0295195 secs] [Times: user=0.04 sys=0.05, real=0.03 secs] 
2021-06-16T08:28:18.832+0800: 2847450.530: [GC (Allocation Failure) [PSYoungGen: 501248K->14304K(506368K)] 952824K->475470K(1030656K), 0.0271132 secs] [Times: user=0.04 sys=0.04, real=0.03 secs] 
2021-06-16T08:33:16.339+0800: 2847748.038: [GC (Allocation Failure) [PSYoungGen: 502752K->12192K(506368K)] 963918K->482793K(1030656K), 0.0331431 secs] [Times: user=0.05 sys=0.05, real=0.04 secs] 
2021-06-16T08:38:17.658+0800: 2848049.356: [GC (Allocation Failure) [PSYoungGen: 500640K->14240K(506368K)] 971241K->493438K(1030656K), 0.0291524 secs] [Times: user=0.04 sys=0.04, real=0.03 secs] 
2021-06-16T08:43:13.439+0800: 2848345.137: [GC (Allocation Failure) [PSYoungGen: 502688K->16096K(505856K)] 981886K->504594K(1030144K), 0.0382497 secs] [Times: user=0.05 sys=0.05, real=0.04 secs] 
2021-06-16T08:48:11.417+0800: 2848643.115: [GC (Allocation Failure) [PSYoungGen: 504544K->15488K(506368K)] 993042K->516109K(1030656K), 0.0313398 secs] [Times: user=0.04 sys=0.04, real=0.03 secs] 
2021-06-16T08:53:06.975+0800: 2848938.673: [GC (Allocation Failure) [PSYoungGen: 503936K->17888K(496128K)] 1004557K->529387K(1020416K), 0.0324961 secs] [Times: user=0.04 sys=0.04, real=0.03 secs] 
2021-06-16T08:53:07.008+0800: 2848938.706: [Full GC (Ergonomics) [PSYoungGen: 17888K->0K(496128K)] [ParOldGen: 511499K->319939K(524288K)] 529387K->319939K(1020416K), [Metaspace: 97293K->97289K(1138688K)], 0.5092831 secs] [Times: user=1.08 sys=0.00, real=0.51 secs] 
2021-06-16T08:57:51.164+0800: 2849222.862: [GC (Allocation Failure) [PSYoungGen: 478208K->12704K(501248K)] 798147K->332643K(1025536K), 0.0260212 secs] [Times: user=0.04 sys=0.04, real=0.02 secs] 
2021-06-16T09:02:43.162+0800: 2849514.860: [GC (Allocation Failure) [PSYoungGen: 490912K->13792K(501760K)] 810851K->343973K(1026048K), 0.0295181 secs] [Times: user=0.04 sys=0.04, real=0.02 secs] 
2021-06-16T09:07:39.670+0800: 2849811.368: [GC (Allocation Failure) [PSYoungGen: 493024K->15648K(501760K)] 823205K->354769K(1026048K), 0.0373012 secs] [Times: user=0.05 sys=0.04, real=0.04 secs] 
2021-06-16T09:12:31.797+0800: 2850103.496: [GC (Allocation Failure) [PSYoungGen: 494875K->14560K(502784K)] 833996K->364397K(1027072K), 0.0860410 secs] [Times: user=0.05 sys=0.05, real=0.09 secs] 
2021-06-16T09:17:24.656+0800: 2850396.354: [GC (Allocation Failure) [PSYoungGen: 495328K->14720K(502272K)] 845165K->375920K(1026560K), 0.0319590 secs] [Times: user=0.05 sys=0.04, real=0.03 secs] 
2021-06-16T09:22:15.007+0800: 2850686.705: [GC (Allocation Failure) [PSYoungGen: 495488K->13600K(503808K)] 856688K->385307K(1028096K), 0.0291255 secs] [Times: user=0.04 sys=0.04, real=0.03 secs] 
2021-06-16T09:27:03.947+0800: 2850975.645: [GC (Allocation Failure) [PSYoungGen: 496416K->14240K(503296K)] 868123K->395574K(1027584K), 0.0307227 secs] [Times: user=0.04 sys=0.04, real=0.03 secs] 
2021-06-16T09:32:01.564+0800: 2851273.263: [GC (Allocation Failure) [PSYoungGen: 497056K->15264K(504320K)] 878390K->406059K(1028608K), 0.0281835 secs] [Times: user=0.04 sys=0.04, real=0.03 secs] 
2021-06-16T09:36:58.842+0800: 2851570.540: [GC (Allocation Failure) [PSYoungGen: 499104K->16640K(503808K)] 889899K->417679K(1028096K), 0.0357173 secs] [Times: user=0.04 sys=0.04, real=0.04 secs] 
2021-06-16T09:41:59.825+0800: 2851871.523: [GC (Allocation Failure) [PSYoungGen: 500480K->12224K(504320K)] 901519K->425055K(1028608K), 0.0330916 secs] [Times: user=0.04 sys=0.05, real=0.03 secs] 
2021-06-16T09:46:50.950+0800: 2852162.648: [GC (Allocation Failure) [PSYoungGen: 496576K->14048K(504320K)] 909407K->434178K(1028608K), 0.0309863 secs] [Times: user=0.04 sys=0.04, real=0.03 secs] 
2021-06-16T09:51:41.849+0800: 2852453.547: [GC (Allocation Failure) [PSYoungGen: 498400K->13888K(504832K)] 918530K->443645K(1029120K), 0.0798278 secs] [Times: user=0.04 sys=0.04, real=0.08 secs] 
2021-06-16T09:56:38.058+0800: 2852749.756: [GC (Allocation Failure) [PSYoungGen: 498752K->16384K(504320K)] 928509K->454857K(1028608K), 0.0382738 secs] [Times: user=0.05 sys=0.05, real=0.04 secs] 
2021-06-16T10:01:31.863+0800: 2853043.561: [GC (Allocation Failure) [PSYoungGen: 501248K->10880K(503808K)] 939721K->459962K(1028096K), 0.0330978 secs] [Times: user=0.05 sys=0.04, real=0.03 secs] 
2021-06-16T10:06:32.643+0800: 2853344.341: [GC (Allocation Failure) [PSYoungGen: 495232K->14464K(504320K)] 944314K->471055K(1028608K), 0.0293620 secs] [Times: user=0.04 sys=0.05, real=0.03 secs] 
2021-06-16T10:11:29.800+0800: 2853641.498: [GC (Allocation Failure) [PSYoungGen: 498816K->14208K(505344K)] 955407K->480874K(1029632K), 0.0259068 secs] [Times: user=0.04 sys=0.04, real=0.03 secs] 
2021-06-16T10:16:27.833+0800: 2853939.531: [GC (Allocation Failure) [PSYoungGen: 500096K->14976K(504832K)] 966762K->492557K(1029120K), 0.0293812 secs] [Times: user=0.04 sys=0.04, real=0.03 secs] 
2021-06-16T10:21:28.231+0800: 2854239.929: [GC (Allocation Failure) [PSYoungGen: 500864K->12640K(505856K)] 978445K->500805K(1030144K), 0.0317844 secs] [Times: user=0.04 sys=0.05, real=0.04 secs] 
2021-06-16T10:26:25.038+0800: 2854536.736: [GC (Allocation Failure) [PSYoungGen: 499552K->12832K(505344K)] 987717K->510447K(1029632K), 0.0325936 secs] [Times: user=0.04 sys=0.05, real=0.03 secs] 
2021-06-16T10:31:22.248+0800: 2854833.947: [GC (Allocation Failure) [PSYoungGen: 499744K->14048K(506368K)] 997359K->521011K(1030656K), 0.0280416 secs] [Times: user=0.04 sys=0.04, real=0.03 secs] 
2021-06-16T10:36:19.459+0800: 2855131.158: [GC (Allocation Failure) [PSYoungGen: 501984K->13536K(505856K)] 1008947K->530757K(1030144K), 0.0238816 secs] [Times: user=0.03 sys=0.03, real=0.03 secs] 
2021-06-16T10:36:19.484+0800: 2855131.182: [Full GC (Ergonomics) [PSYoungGen: 13536K->0K(505856K)] [ParOldGen: 517221K->322340K(524288K)] 530757K->322340K(1030144K), [Metaspace: 97307K->97307K(1138688K)], 0.4736445 secs] [Times: user=1.12 sys=0.00, real=0.47 secs] 
2021-06-16T10:41:14.774+0800: 2855426.472: [GC (Allocation Failure) [PSYoungGen: 487936K->14464K(506880K)] 810276K->336804K(1031168K), 0.0305280 secs] [Times: user=0.03 sys=0.04, real=0.03 secs] 
2021-06-16T10:46:12.386+0800: 2855724.085: [GC (Allocation Failure) [PSYoungGen: 503424K->15744K(506368K)] 825764K->349660K(1030656K), 0.0359996 secs] [Times: user=0.04 sys=0.05, real=0.04 secs] 
2021-06-16T10:51:08.197+0800: 2856019.895: [GC (Allocation Failure) [PSYoungGen: 504704K->15008K(506368K)] 838620K->359648K(1030656K), 0.0330646 secs] [Times: user=0.04 sys=0.05, real=0.03 secs] 
2021-06-16T10:56:00.490+0800: 2856312.188: [GC (Allocation Failure) [PSYoungGen: 503456K->17888K(506368K)] 848096K->373749K(1030656K), 0.0328498 secs] [Times: user=0.05 sys=0.05, real=0.04 secs] 
2021-06-16T11:00:59.462+0800: 2856611.160: [GC (Allocation Failure) [PSYoungGen: 506336K->14560K(497152K)] 862197K->384245K(1021440K), 0.0416736 secs] [Times: user=0.06 sys=0.05, real=0.04 secs] 
2021-06-16T11:05:51.145+0800: 2856902.843: [GC (Allocation Failure) [PSYoungGen: 493792K->15744K(501760K)] 863477K->394908K(1026048K), 0.0321919 secs] [Times: user=0.05 sys=0.05, real=0.03 secs] 
2021-06-16T11:10:40.333+0800: 2857192.031: [GC (Allocation Failure) [PSYoungGen: 494976K->14688K(502784K)] 874140K->405447K(1027072K), 0.0334688 secs] [Times: user=0.04 sys=0.05, real=0.03 secs] 
2021-06-16T11:15:30.861+0800: 2857482.560: [GC (Allocation Failure) [PSYoungGen: 495456K->17856K(502272K)] 886215K->418501K(1026560K), 0.0391431 secs] [Times: user=0.04 sys=0.05, real=0.04 secs] 
2021-06-16T11:20:18.706+0800: 2857770.405: [GC (Allocation Failure) [PSYoungGen: 498624K->16576K(502784K)] 899269K->428568K(1027072K), 0.0360067 secs] [Times: user=0.04 sys=0.05, real=0.04 secs] 
2021-06-16T11:25:13.291+0800: 2858064.990: [GC (Allocation Failure) [PSYoungGen: 497856K->13248K(502784K)] 909848K->435722K(1027072K), 0.0352308 secs] [Times: user=0.10 sys=0.00, real=0.04 secs] 
2021-06-16T11:30:02.928+0800: 2858354.626: [GC (Allocation Failure) [PSYoungGen: 494528K->13984K(503296K)] 917002K->445577K(1027584K), 0.0312978 secs] [Times: user=0.04 sys=0.04, real=0.03 secs] 
2021-06-16T11:34:53.525+0800: 2858645.223: [GC (Allocation Failure) [PSYoungGen: 495775K->12960K(502784K)] 927369K->453668K(1027072K), 0.0317500 secs] [Times: user=0.04 sys=0.04, real=0.03 secs] 
2021-06-16T11:39:52.908+0800: 2858944.606: [GC (Allocation Failure) [PSYoungGen: 494752K->12448K(503296K)] 935460K->463534K(1027584K), 0.0287491 secs] [Times: user=0.04 sys=0.05, real=0.03 secs] 
2021-06-16T11:44:38.169+0800: 2859229.868: [GC (Allocation Failure) [PSYoungGen: 494752K->16224K(503296K)] 945838K->476681K(1027584K), 0.0332696 secs] [Times: user=0.05 sys=0.05, real=0.04 secs] 
2021-06-16T11:49:34.543+0800: 2859526.241: [GC (Allocation Failure) [PSYoungGen: 498528K->13312K(503808K)] 958985K->484858K(1028096K), 0.0356600 secs] [Times: user=0.06 sys=0.05, real=0.03 secs] 
2021-06-16T11:54:25.789+0800: 2859817.487: [GC (Allocation Failure) [PSYoungGen: 496128K->13792K(503296K)] 967674K->493998K(1027584K), 0.0486658 secs] [Times: user=0.04 sys=0.04, real=0.05 secs] 
2021-06-16T11:59:24.752+0800: 2860116.450: [GC (Allocation Failure) [PSYoungGen: 496608K->11040K(503296K)] 976814K->502158K(1027584K), 0.0253363 secs] [Times: user=0.04 sys=0.04, real=0.03 secs] 
2021-06-16T12:04:18.482+0800: 2860410.181: [GC (Allocation Failure) [PSYoungGen: 494368K->14336K(503808K)] 985486K->513651K(1028096K), 0.0771539 secs] [Times: user=0.04 sys=0.04, real=0.08 secs] 
2021-06-16T12:09:13.881+0800: 2860705.579: [GC (Allocation Failure) [PSYoungGen: 497664K->19072K(502272K)] 996979K->528662K(1026560K), 0.0337344 secs] [Times: user=0.05 sys=0.04, real=0.04 secs] 
2021-06-16T12:14:10.200+0800: 2861001.898: [GC (Allocation Failure) [PSYoungGen: 501376K->15008K(503296K)] 1010966K->536273K(1027584K), 0.0329169 secs] [Times: user=0.09 sys=0.00, real=0.04 secs] 
2021-06-16T12:14:10.233+0800: 2861001.932: [Full GC (Ergonomics) [PSYoungGen: 15008K->0K(503296K)] [ParOldGen: 521265K->325645K(524288K)] 536273K->325645K(1027584K), [Metaspace: 97308K->97305K(1138688K)], 0.5141232 secs] [Times: user=1.12 sys=0.00, real=0.51 secs] 
2021-06-16T12:19:06.525+0800: 2861298.223: [GC (Allocation Failure) [PSYoungGen: 482304K->11936K(503808K)] 807949K->337581K(1028096K), 0.0249711 secs] [Times: user=0.04 sys=0.04, real=0.02 secs] 
2021-06-16T12:23:55.585+0800: 2861587.284: [GC (Allocation Failure) [PSYoungGen: 495264K->12352K(503808K)] 820909K->347703K(1028096K), 0.0265776 secs] [Times: user=0.04 sys=0.04, real=0.03 secs] 
2021-06-16T12:28:49.863+0800: 2861881.561: [GC (Allocation Failure) [PSYoungGen: 495680K->14624K(504320K)] 831031K->359259K(1028608K), 0.0360322 secs] [Times: user=0.09 sys=0.00, real=0.03 secs] 
2021-06-16T12:33:47.037+0800: 2862178.735: [GC (Allocation Failure) [PSYoungGen: 498464K->13280K(503808K)] 843099K->367024K(1028096K), 0.0263402 secs] [Times: user=0.04 sys=0.04, real=0.03 secs] 
2021-06-16T12:38:45.705+0800: 2862477.403: [GC (Allocation Failure) [PSYoungGen: 497120K->13184K(505344K)] 850864K->377379K(1029632K), 0.0251516 secs] [Times: user=0.04 sys=0.04, real=0.02 secs] 
2021-06-16T12:43:40.148+0800: 2862771.846: [GC (Allocation Failure) [PSYoungGen: 499072K->17152K(503296K)] 863267K->391814K(1027584K), 0.0317297 secs] [Times: user=0.04 sys=0.05, real=0.03 secs] 
2021-06-16T12:48:38.886+0800: 2863070.584: [GC (Allocation Failure) [PSYoungGen: 503040K->13152K(504832K)] 877702K->398368K(1029120K), 0.0306438 secs] [Times: user=0.04 sys=0.05, real=0.03 secs] 
2021-06-16T12:53:31.190+0800: 2863362.888: [GC (Allocation Failure) [PSYoungGen: 498016K->18464K(503808K)] 883232K->413483K(1028096K), 0.0367923 secs] [Times: user=0.05 sys=0.05, real=0.04 secs] 
2021-06-16T12:58:24.001+0800: 2863655.699: [GC (Allocation Failure) [PSYoungGen: 503328K->12672K(503808K)] 898347K->419598K(1028096K), 0.0775121 secs] [Times: user=0.10 sys=0.10, real=0.08 secs] 
2021-06-16T13:03:16.626+0800: 2863948.325: [GC (Allocation Failure) [PSYoungGen: 496000K->14336K(503808K)] 902926K->430425K(1028096K), 0.0293915 secs] [Times: user=0.04 sys=0.04, real=0.03 secs] 
2021-06-16T13:08:11.160+0800: 2864242.858: [GC (Allocation Failure) [PSYoungGen: 497664K->11232K(504320K)] 913753K->437953K(1028608K), 0.0373136 secs] [Times: user=0.05 sys=0.06, real=0.04 secs] 
2021-06-16T13:13:07.606+0800: 2864539.304: [GC (Allocation Failure) [PSYoungGen: 495584K->10912K(504320K)] 922305K->446388K(1028608K), 0.0303389 secs] [Times: user=0.04 sys=0.05, real=0.03 secs] 
2021-06-16T13:17:53.613+0800: 2864825.311: [GC (Allocation Failure) [PSYoungGen: 495264K->14314K(504832K)] 930740K->457483K(1029120K), 0.0325732 secs] [Times: user=0.05 sys=0.05, real=0.03 secs] 
2021-06-16T13:22:44.576+0800: 2865116.274: [GC (Allocation Failure) [PSYoungGen: 499178K->16384K(504320K)] 942347K->469541K(1028608K), 0.0361588 secs] [Times: user=0.05 sys=0.05, real=0.03 secs] 
2021-06-16T13:27:43.801+0800: 2865415.499: [GC (Allocation Failure) [PSYoungGen: 501248K->13120K(504832K)] 954405K->476123K(1029120K), 0.0262468 secs] [Times: user=0.03 sys=0.03, real=0.03 secs] 
2021-06-16T13:32:39.572+0800: 2865711.270: [GC (Allocation Failure) [PSYoungGen: 497984K->14048K(504320K)] 960987K->486551K(1028608K), 0.0474407 secs] [Times: user=0.05 sys=0.04, real=0.05 secs] 
2021-06-16T13:37:30.461+0800: 2866002.159: [GC (Allocation Failure) [PSYoungGen: 498912K->13760K(505856K)] 971415K->495386K(1030144K), 0.0866082 secs] [Times: user=0.06 sys=0.06, real=0.09 secs] 
2021-06-16T13:42:28.784+0800: 2866300.482: [GC (Allocation Failure) [PSYoungGen: 500672K->16160K(505344K)] 982298K->506174K(1029632K), 0.0368705 secs] [Times: user=0.05 sys=0.04, real=0.03 secs] 
2021-06-16T13:47:27.873+0800: 2866599.571: [GC (Allocation Failure) [PSYoungGen: 503072K->14848K(505344K)] 993086K->514720K(1029632K), 0.0419703 secs] [Times: user=0.06 sys=0.05, real=0.04 secs] 
2021-06-16T13:52:24.809+0800: 2866896.507: [GC (Allocation Failure) [PSYoungGen: 501248K->14720K(505344K)] 1001120K->525842K(1029632K), 0.0646580 secs] [Times: user=0.05 sys=0.05, real=0.07 secs] 
2021-06-16T13:57:24.586+0800: 2867196.284: [GC (Allocation Failure) [PSYoungGen: 501120K->14080K(506368K)] 1012242K->535341K(1030656K), 0.0375581 secs] [Times: user=0.05 sys=0.05, real=0.04 secs] 
2021-06-16T13:57:24.624+0800: 2867196.322: [Full GC (Ergonomics) [PSYoungGen: 14080K->0K(506368K)] [ParOldGen: 521261K->322441K(524288K)] 535341K->322441K(1030656K), [Metaspace: 97309K->97309K(1138688K)], 0.5520782 secs] [Times: user=0.52 sys=0.52, real=0.55 secs] 
2021-06-16T14:02:20.245+0800: 2867491.943: [GC (Allocation Failure) [PSYoungGen: 487936K->14080K(505856K)] 810377K->336522K(1030144K), 0.0276902 secs] [Times: user=0.04 sys=0.03, real=0.03 secs] 
2021-06-16T14:07:16.279+0800: 2867787.977: [GC (Allocation Failure) [PSYoungGen: 502016K->16640K(505344K)] 824458K->350181K(1029632K), 0.0342980 secs] [Times: user=0.05 sys=0.04, real=0.04 secs] 
2021-06-16T14:12:10.783+0800: 2868082.481: [GC (Allocation Failure) [PSYoungGen: 504064K->14816K(505856K)] 837605K->358384K(1030144K), 0.0374436 secs] [Times: user=0.06 sys=0.05, real=0.03 secs] 
2021-06-16T14:17:02.804+0800: 2868374.503: [GC (Allocation Failure) [PSYoungGen: 502240K->17344K(504320K)] 845808K->371108K(1028608K), 0.0506204 secs] [Times: user=0.04 sys=0.05, real=0.05 secs] 
2021-06-16T14:21:58.491+0800: 2868670.189: [GC (Allocation Failure) [PSYoungGen: 503744K->14304K(505344K)] 857508K->378720K(1029632K), 0.0361143 secs] [Times: user=0.05 sys=0.04, real=0.04 secs] 
2021-06-16T14:26:59.980+0800: 2868971.679: [GC (Allocation Failure) [PSYoungGen: 500704K->15456K(505856K)] 865120K->389977K(1030144K), 0.0559661 secs] [Times: user=0.05 sys=0.05, real=0.06 secs] 
2021-06-16T14:32:02.326+0800: 2869274.024: [GC (Allocation Failure) [PSYoungGen: 502880K->10592K(498176K)] 877401K->396426K(1022464K), 0.0297063 secs] [Times: user=0.04 sys=0.04, real=0.03 secs] 
2021-06-16T14:36:59.702+0800: 2869571.401: [GC (Allocation Failure) [PSYoungGen: 498016K->17152K(504320K)] 883850K->410207K(1028608K), 0.0624058 secs] [Times: user=0.05 sys=0.06, real=0.07 secs] 
2021-06-16T14:41:50.262+0800: 2869861.960: [GC (Allocation Failure) [PSYoungGen: 502528K->17792K(503296K)] 895583K->421826K(1027584K), 0.0937649 secs] [Times: user=0.06 sys=0.06, real=0.10 secs] 
2021-06-16T14:46:50.611+0800: 2870162.309: [GC (Allocation Failure) [PSYoungGen: 503168K->15104K(504832K)] 907202K->430399K(1029120K), 0.0402164 secs] [Times: user=0.04 sys=0.05, real=0.04 secs] 
2021-06-16T14:51:48.883+0800: 2870460.582: [GC (Allocation Failure) [PSYoungGen: 499968K->13376K(504320K)] 915263K->439466K(1028608K), 0.0456765 secs] [Times: user=0.05 sys=0.05, real=0.04 secs] 
2021-06-16T14:56:39.336+0800: 2870751.034: [GC (Allocation Failure) [PSYoungGen: 498240K->17472K(503808K)] 924330K->453390K(1028096K), 0.0333271 secs] [Times: user=0.05 sys=0.05, real=0.03 secs] 
2021-06-16T15:01:35.737+0800: 2871047.435: [GC (Allocation Failure) [PSYoungGen: 501824K->14592K(504320K)] 937742K->462232K(1028608K), 0.0382672 secs] [Times: user=0.05 sys=0.05, real=0.04 secs] 
2021-06-16T15:06:32.300+0800: 2871343.998: [GC (Allocation Failure) [PSYoungGen: 498944K->16480K(503808K)] 946584K->473931K(1028096K), 0.0338608 secs] [Times: user=0.04 sys=0.05, real=0.04 secs] 
2021-06-16T15:11:27.580+0800: 2871639.278: [GC (Allocation Failure) [PSYoungGen: 500832K->15200K(504320K)] 958283K->482215K(1028608K), 0.0404365 secs] [Times: user=0.03 sys=0.06, real=0.04 secs] 
2021-06-16T15:16:16.108+0800: 2871927.806: [GC (Allocation Failure) [PSYoungGen: 499552K->12832K(504832K)] 966567K->489897K(1029120K), 0.0307240 secs] [Times: user=0.05 sys=0.05, real=0.03 secs] 
2021-06-16T15:21:15.886+0800: 2872227.584: [GC (Allocation Failure) [PSYoungGen: 498208K->11904K(504832K)] 975273K->498257K(1029120K), 0.0754929 secs] [Times: user=0.05 sys=0.05, real=0.07 secs] 
2021-06-16T15:26:00.776+0800: 2872512.474: [GC (Allocation Failure) [PSYoungGen: 497280K->10880K(504832K)] 983633K->506828K(1029120K), 0.0406114 secs] [Times: user=0.05 sys=0.05, real=0.04 secs] 
2021-06-16T15:30:25.976+0800: 2872777.674: [GC (Allocation Failure) [PSYoungGen: 496256K->11808K(504832K)] 992204K->516055K(1029120K), 0.0750291 secs] [Times: user=0.03 sys=0.03, real=0.07 secs] 
2021-06-16T15:35:23.750+0800: 2873075.448: [GC (Allocation Failure) [PSYoungGen: 497184K->12416K(504832K)] 1001431K->525833K(1029120K), 0.0276602 secs] [Times: user=0.04 sys=0.04, real=0.03 secs] 
2021-06-16T15:35:23.778+0800: 2873075.476: [Full GC (Ergonomics) [PSYoungGen: 12416K->0K(504832K)] [ParOldGen: 513417K->318543K(524288K)] 525833K->318543K(1029120K), [Metaspace: 97331K->97331K(1138688K)], 0.5018522 secs] [Times: user=0.55 sys=0.54, real=0.50 secs] 
2021-06-16T15:40:20.101+0800: 2873371.799: [GC (Allocation Failure) [PSYoungGen: 485376K->15680K(504832K)] 803919K->334223K(1029120K), 0.0292231 secs] [Times: user=0.04 sys=0.04, real=0.03 secs] 
2021-06-16T15:45:20.442+0800: 2873672.140: [GC (Allocation Failure) [PSYoungGen: 501056K->13344K(505344K)] 819599K->344030K(1029632K), 0.0381388 secs] [Times: user=0.05 sys=0.05, real=0.04 secs] 
2021-06-16T15:50:15.893+0800: 2873967.591: [GC (Allocation Failure) [PSYoungGen: 499232K->12928K(504832K)] 829918K->352841K(1029120K), 0.0374560 secs] [Times: user=0.04 sys=0.05, real=0.03 secs] 
2021-06-16T15:55:18.029+0800: 2874269.727: [GC (Allocation Failure) [PSYoungGen: 498816K->8736K(505344K)] 838729K->358337K(1029632K), 0.0276090 secs] [Times: user=0.04 sys=0.04, real=0.03 secs] 
2021-06-16T16:00:21.040+0800: 2874572.739: [GC (Allocation Failure) [PSYoungGen: 495133K->10016K(505344K)] 844734K->365860K(1029632K), 0.0330155 secs] [Times: user=0.04 sys=0.04, real=0.04 secs] 
2021-06-16T16:05:27.166+0800: 2874878.864: [GC (Allocation Failure) [PSYoungGen: 496416K->8416K(504320K)] 852260K->371486K(1028608K), 0.0234881 secs] [Times: user=0.03 sys=0.04, real=0.02 secs] 
2021-06-16T16:10:27.677+0800: 2875179.375: [GC (Allocation Failure) [PSYoungGen: 493792K->14880K(504832K)] 856862K->383906K(1029120K), 0.0330733 secs] [Times: user=0.04 sys=0.05, real=0.03 secs] 
2021-06-16T16:15:09.092+0800: 2875460.790: [GC (Allocation Failure) [PSYoungGen: 500256K->8352K(504832K)] 869282K->388585K(1029120K), 0.0279628 secs] [Times: user=0.04 sys=0.04, real=0.03 secs] 
2021-06-16T16:20:10.733+0800: 2875762.431: [GC (Allocation Failure) [PSYoungGen: 493728K->6464K(492032K)] 873961K->392922K(1016320K), 0.0255136 secs] [Times: user=0.03 sys=0.04, real=0.02 secs] 
2021-06-16T16:25:11.445+0800: 2876063.143: [GC (Allocation Failure) [PSYoungGen: 491840K->3936K(503296K)] 878298K->395725K(1027584K), 0.0583899 secs] [Times: user=0.03 sys=0.04, real=0.06 secs] 
2021-06-16T16:30:06.174+0800: 2876357.872: [GC (Allocation Failure) [PSYoungGen: 487264K->8768K(503808K)] 879053K->402644K(1028096K), 0.0236405 secs] [Times: user=0.04 sys=0.04, real=0.02 secs] 
2021-06-16T16:35:06.543+0800: 2876658.241: [GC (Allocation Failure) [PSYoungGen: 492096K->14432K(503296K)] 885972K->415066K(1027584K), 0.0764184 secs] [Times: user=0.05 sys=0.04, real=0.07 secs] 
2021-06-16T16:40:02.575+0800: 2876954.273: [GC (Allocation Failure) [PSYoungGen: 497760K->12096K(503808K)] 898394K->422517K(1028096K), 0.0305904 secs] [Times: user=0.04 sys=0.04, real=0.03 secs] 
2021-06-16T16:45:05.968+0800: 2877257.666: [GC (Allocation Failure) [PSYoungGen: 495424K->12608K(504832K)] 905845K->431830K(1029120K), 0.0273468 secs] [Times: user=0.04 sys=0.04, real=0.03 secs] 
2021-06-16T16:50:01.581+0800: 2877553.280: [GC (Allocation Failure) [PSYoungGen: 497472K->17888K(502784K)] 916694K->445563K(1027072K), 0.0378296 secs] [Times: user=0.05 sys=0.05, real=0.04 secs] 
2021-06-16T16:54:58.818+0800: 2877850.516: [GC (Allocation Failure) [PSYoungGen: 502752K->14144K(503296K)] 930427K->453046K(1027584K), 0.0288644 secs] [Times: user=0.04 sys=0.04, real=0.03 secs] 
2021-06-16T16:59:56.949+0800: 2878148.647: [GC (Allocation Failure) [PSYoungGen: 496448K->12192K(503296K)] 935350K->461519K(1027584K), 0.0282959 secs] [Times: user=0.04 sys=0.05, real=0.03 secs] 
2021-06-16T17:04:51.802+0800: 2878443.500: [GC (Allocation Failure) [PSYoungGen: 494496K->15680K(503296K)] 943823K->473164K(1027584K), 0.0336057 secs] [Times: user=0.05 sys=0.05, real=0.04 secs] 
2021-06-16T17:09:35.086+0800: 2878726.785: [GC (Allocation Failure) [PSYoungGen: 499008K->13344K(503808K)] 956492K->481103K(1028096K), 0.0304202 secs] [Times: user=0.04 sys=0.04, real=0.03 secs] 
2021-06-16T17:14:23.183+0800: 2879014.881: [GC (Allocation Failure) [PSYoungGen: 496672K->14752K(503296K)] 964431K->491603K(1027584K), 0.0370424 secs] [Times: user=0.05 sys=0.06, real=0.03 secs] 
2021-06-16T17:19:20.131+0800: 2879311.829: [GC (Allocation Failure) [PSYoungGen: 498080K->13344K(503808K)] 974931K->499639K(1028096K), 0.0334758 secs] [Times: user=0.05 sys=0.05, real=0.04 secs] 
2021-06-16T17:24:14.352+0800: 2879606.050: [GC (Allocation Failure) [PSYoungGen: 496672K->13504K(504832K)] 982967K->509433K(1029120K), 0.0715838 secs] [Times: user=0.05 sys=0.05, real=0.08 secs] 
2021-06-16T17:29:06.937+0800: 2879898.635: [GC (Allocation Failure) [PSYoungGen: 498368K->15168K(504320K)] 994297K->519948K(1028608K), 0.0424068 secs] [Times: user=0.06 sys=0.05, real=0.04 secs] 
2021-06-16T17:34:01.993+0800: 2880193.691: [GC (Allocation Failure) [PSYoungGen: 500032K->13856K(505344K)] 1004812K->527936K(1029632K), 0.0368873 secs] [Times: user=0.05 sys=0.05, real=0.03 secs] 
2021-06-16T17:34:02.031+0800: 2880193.729: [Full GC (Ergonomics) [PSYoungGen: 13856K->0K(505344K)] [ParOldGen: 514080K->319183K(524288K)] 527936K->319183K(1029632K), [Metaspace: 97361K->97361K(1138688K)], 0.5855176 secs] [Times: user=0.55 sys=0.56, real=0.59 secs] 
2021-06-16T17:39:02.040+0800: 2880493.738: [GC (Allocation Failure) [PSYoungGen: 485888K->13248K(504832K)] 805071K->332431K(1029120K), 0.0264797 secs] [Times: user=0.04 sys=0.03, real=0.03 secs] 
2021-06-16T17:43:57.058+0800: 2880788.757: [GC (Allocation Failure) [PSYoungGen: 499136K->14816K(505856K)] 818319K->344728K(1030144K), 0.0326026 secs] [Times: user=0.05 sys=0.05, real=0.03 secs] 
2021-06-16T17:48:52.883+0800: 2881084.581: [GC (Allocation Failure) [PSYoungGen: 502240K->11968K(505856K)] 832152K->351699K(1030144K), 0.0360203 secs] [Times: user=0.04 sys=0.05, real=0.03 secs] 
2021-06-16T17:53:49.983+0800: 2881381.681: [GC (Allocation Failure) [PSYoungGen: 499392K->12896K(506368K)] 839123K->360909K(1030656K), 0.0329373 secs] [Times: user=0.05 sys=0.05, real=0.03 secs] 
2021-06-16T17:58:50.584+0800: 2881682.282: [GC (Allocation Failure) [PSYoungGen: 500832K->17536K(505856K)] 848845K->375681K(1030144K), 0.0458910 secs] [Times: user=0.05 sys=0.05, real=0.04 secs] 
2021-06-16T18:03:48.535+0800: 2881980.233: [GC (Allocation Failure) [PSYoungGen: 505472K->14112K(504832K)] 863617K->383522K(1029120K), 0.0386015 secs] [Times: user=0.05 sys=0.05, real=0.04 secs] 
2021-06-16T18:08:51.673+0800: 2882283.371: [GC (Allocation Failure) [PSYoungGen: 500512K->9792K(505344K)] 869922K->388746K(1029632K), 0.0285179 secs] [Times: user=0.04 sys=0.04, real=0.02 secs] 
2021-06-16T18:13:52.091+0800: 2882583.789: [GC (Allocation Failure) [PSYoungGen: 496192K->8768K(505344K)] 875146K->395156K(1029632K), 0.0339486 secs] [Times: user=0.05 sys=0.05, real=0.04 secs] 
2021-06-16T18:18:40.406+0800: 2882872.104: [GC (Allocation Failure) [PSYoungGen: 495168K->8896K(495616K)] 881556K->402111K(1019904K), 0.0296756 secs] [Times: user=0.04 sys=0.04, real=0.03 secs] 
2021-06-16T18:23:28.297+0800: 2883159.995: [GC (Allocation Failure) [PSYoungGen: 495296K->5184K(503808K)] 888511K->405439K(1028096K), 0.0261975 secs] [Times: user=0.03 sys=0.03, real=0.03 secs] 
2021-06-16T18:28:15.807+0800: 2883447.506: [GC (Allocation Failure) [PSYoungGen: 489536K->4832K(489472K)] 889791K->408628K(1013760K), 0.0258692 secs] [Times: user=0.04 sys=0.04, real=0.03 secs] 
2021-06-16T18:33:03.383+0800: 2883735.081: [GC (Allocation Failure) [PSYoungGen: 489184K->6240K(504320K)] 892980K->413201K(1028608K), 0.0231486 secs] [Times: user=0.02 sys=0.03, real=0.02 secs] 
2021-06-16T18:37:47.818+0800: 2884019.516: [GC (Allocation Failure) [PSYoungGen: 490080K->5056K(503808K)] 897041K->417013K(1028096K), 0.0258782 secs] [Times: user=0.04 sys=0.04, real=0.03 secs] 
2021-06-16T18:42:32.753+0800: 2884304.451: [GC (Allocation Failure) [PSYoungGen: 488896K->4640K(504320K)] 900853K->420385K(1028608K), 0.0228200 secs] [Times: user=0.03 sys=0.04, real=0.02 secs] 
2021-06-16T18:47:19.939+0800: 2884591.637: [GC (Allocation Failure) [PSYoungGen: 488992K->4608K(504320K)] 904737K->423647K(1028608K), 0.0251571 secs] [Times: user=0.03 sys=0.04, real=0.03 secs] 
2021-06-16T18:52:07.459+0800: 2884879.157: [GC (Allocation Failure) [PSYoungGen: 488959K->8096K(505344K)] 907998K->430252K(1029632K), 0.0264982 secs] [Times: user=0.04 sys=0.04, real=0.03 secs] 
2021-06-16T18:56:51.805+0800: 2885163.503: [GC (Allocation Failure) [PSYoungGen: 493472K->7008K(504320K)] 915628K->435392K(1028608K), 0.0299875 secs] [Times: user=0.04 sys=0.04, real=0.03 secs] 
2021-06-16T19:01:41.073+0800: 2885452.771: [GC (Allocation Failure) [PSYoungGen: 492384K->5344K(506368K)] 920768K->439506K(1030656K), 0.0263681 secs] [Times: user=0.08 sys=0.00, real=0.02 secs] 
2021-06-16T19:06:29.574+0800: 2885741.272: [GC (Allocation Failure) [PSYoungGen: 493280K->5440K(505856K)] 927442K->443624K(1030144K), 0.0252448 secs] [Times: user=0.04 sys=0.04, real=0.02 secs] 
2021-06-16T19:11:13.571+0800: 2886025.269: [GC (Allocation Failure) [PSYoungGen: 493376K->6144K(507392K)] 931560K->448101K(1031680K), 0.0732744 secs] [Times: user=0.04 sys=0.04, real=0.08 secs] 
2021-06-16T19:16:08.364+0800: 2886320.063: [GC (Allocation Failure) [PSYoungGen: 496128K->6048K(506880K)] 938085K->452226K(1031168K), 0.0365051 secs] [Times: user=0.04 sys=0.06, real=0.03 secs] 
2021-06-16T19:20:47.090+0800: 2886598.788: [GC (Allocation Failure) [PSYoungGen: 496032K->7562K(508928K)] 942210K->458457K(1033216K), 0.0300597 secs] [Times: user=0.04 sys=0.05, real=0.03 secs] 
2021-06-16T19:25:34.525+0800: 2886886.224: [GC (Allocation Failure) [PSYoungGen: 500106K->6016K(507904K)] 951001K->462741K(1032192K), 0.0408790 secs] [Times: user=0.04 sys=0.06, real=0.04 secs] 
2021-06-16T19:30:28.940+0800: 2887180.639: [GC (Allocation Failure) [PSYoungGen: 498560K->4800K(509440K)] 955285K->465938K(1033728K), 0.0287494 secs] [Times: user=0.05 sys=0.05, real=0.03 secs] 
2021-06-16T19:35:24.001+0800: 2887475.699: [GC (Allocation Failure) [PSYoungGen: 499392K->5888K(509440K)] 960530K->470615K(1033728K), 0.0206105 secs] [Times: user=0.03 sys=0.03, real=0.02 secs] 
2021-06-16T19:40:16.309+0800: 2887768.007: [GC (Allocation Failure) [PSYoungGen: 500480K->5856K(510464K)] 965207K->475130K(1034752K), 0.0235311 secs] [Times: user=0.03 sys=0.03, real=0.03 secs] 
2021-06-16T19:45:06.017+0800: 2888057.715: [GC (Allocation Failure) [PSYoungGen: 501984K->7360K(509952K)] 971258K->480824K(1034240K), 0.0264037 secs] [Times: user=0.03 sys=0.04, real=0.03 secs] 
2021-06-16T19:49:58.961+0800: 2888350.659: [GC (Allocation Failure) [PSYoungGen: 503488K->6400K(511488K)] 976952K->485596K(1035776K), 0.0645807 secs] [Times: user=0.04 sys=0.04, real=0.07 secs] 
2021-06-16T19:54:56.213+0800: 2888647.911: [GC (Allocation Failure) [PSYoungGen: 504576K->5760K(510976K)] 983772K->490176K(1035264K), 0.0230238 secs] [Times: user=0.03 sys=0.04, real=0.02 secs] 
2021-06-16T19:59:47.159+0800: 2888938.858: [GC (Allocation Failure) [PSYoungGen: 503936K->5728K(512000K)] 988352K->494269K(1036288K), 0.0261490 secs] [Times: user=0.03 sys=0.05, real=0.03 secs] 
2021-06-16T20:04:42.481+0800: 2889234.179: [GC (Allocation Failure) [PSYoungGen: 505440K->8320K(512000K)] 993981K->500890K(1036288K), 0.0411144 secs] [Times: user=0.04 sys=0.05, real=0.05 secs] 
2021-06-16T20:09:36.192+0800: 2889527.890: [GC (Allocation Failure) [PSYoungGen: 508032K->7104K(512512K)] 1000602K->506604K(1036800K), 0.0258418 secs] [Times: user=0.03 sys=0.04, real=0.03 secs] 
2021-06-16T20:14:32.999+0800: 2889824.698: [GC (Allocation Failure) [PSYoungGen: 507328K->4928K(512000K)] 1006828K->509774K(1036288K), 0.0226279 secs] [Times: user=0.03 sys=0.03, real=0.03 secs] 
2021-06-16T20:19:18.811+0800: 2890110.509: [GC (Allocation Failure) [PSYoungGen: 505152K->5792K(513024K)] 1009998K->514140K(1037312K), 0.0262382 secs] [Times: user=0.04 sys=0.04, real=0.03 secs] 
2021-06-16T20:24:12.883+0800: 2890404.581: [GC (Allocation Failure) [PSYoungGen: 507040K->6176K(512512K)] 1015388K->518529K(1036800K), 0.0296685 secs] [Times: user=0.05 sys=0.05, real=0.03 secs] 
2021-06-16T20:29:10.749+0800: 2890702.448: [GC (Allocation Failure) [PSYoungGen: 507424K->6368K(513536K)] 1019777K->523158K(1037824K), 0.0253201 secs] [Times: user=0.04 sys=0.04, real=0.03 secs] 
2021-06-16T20:29:10.775+0800: 2890702.473: [Full GC (Ergonomics) [PSYoungGen: 6368K->0K(513536K)] [ParOldGen: 516790K->300086K(524288K)] 523158K->300086K(1037824K), [Metaspace: 97386K->97386K(1138688K)], 0.4604743 secs] [Times: user=1.07 sys=0.00, real=0.46 secs] 
2021-06-16T20:34:08.477+0800: 2891000.175: [GC (Allocation Failure) [PSYoungGen: 502784K->6720K(513536K)] 802870K->306806K(1037824K), 0.0299874 secs] [Times: user=0.03 sys=0.04, real=0.03 secs] 
2021-06-16T20:39:08.572+0800: 2891300.270: [GC (Allocation Failure) [PSYoungGen: 509504K->5568K(514048K)] 809590K->311010K(1038336K), 0.0237425 secs] [Times: user=0.03 sys=0.03, real=0.03 secs] 
2021-06-16T20:44:08.197+0800: 2891599.896: [GC (Allocation Failure) [PSYoungGen: 509376K->6368K(514048K)] 814818K->316166K(1038336K), 0.0290542 secs] [Times: user=0.04 sys=0.04, real=0.03 secs] 
2021-06-16T20:49:09.885+0800: 2891901.583: [GC (Allocation Failure) [PSYoungGen: 510176K->5632K(514560K)] 819974K->320195K(1038848K), 0.0300334 secs] [Times: user=0.04 sys=0.04, real=0.03 secs] 
2021-06-16T20:54:11.245+0800: 2892202.943: [GC (Allocation Failure) [PSYoungGen: 510464K->9696K(514560K)] 825027K->328696K(1038848K), 0.0302347 secs] [Times: user=0.04 sys=0.05, real=0.03 secs] 
2021-06-16T20:59:09.578+0800: 2892501.276: [GC (Allocation Failure) [PSYoungGen: 514528K->6976K(510464K)] 833528K->334913K(1034752K), 0.0289350 secs] [Times: user=0.05 sys=0.05, real=0.03 secs] 
2021-06-16T21:04:07.709+0800: 2892799.408: [GC (Allocation Failure) [PSYoungGen: 507712K->5248K(512512K)] 835649K->338979K(1036800K), 0.0266624 secs] [Times: user=0.04 sys=0.04, real=0.03 secs] 
2021-06-16T21:09:05.396+0800: 2893097.095: [GC (Allocation Failure) [PSYoungGen: 505984K->5760K(513024K)] 839715K->343343K(1037312K), 0.0249914 secs] [Times: user=0.04 sys=0.04, real=0.02 secs] 
2021-06-16T21:14:03.158+0800: 2893394.857: [GC (Allocation Failure) [PSYoungGen: 507008K->8608K(512512K)] 844591K->350525K(1036800K), 0.0310431 secs] [Times: user=0.03 sys=0.04, real=0.03 secs] 
2021-06-16T21:18:59.252+0800: 2893690.951: [GC (Allocation Failure) [PSYoungGen: 509856K->6176K(513024K)] 851773K->355022K(1037312K), 0.0270997 secs] [Times: user=0.04 sys=0.05, real=0.02 secs] 
2021-06-16T21:23:57.332+0800: 2893989.031: [GC (Allocation Failure) [PSYoungGen: 507424K->5280K(512512K)] 856270K->358945K(1036800K), 0.0268106 secs] [Times: user=0.04 sys=0.05, real=0.02 secs] 
2021-06-16T21:28:52.119+0800: 2894283.817: [GC (Allocation Failure) [PSYoungGen: 506528K->3968K(513024K)] 860193K->361166K(1037312K), 0.0270700 secs] [Times: user=0.03 sys=0.05, real=0.03 secs] 
2021-06-16T21:33:51.026+0800: 2894582.724: [GC (Allocation Failure) [PSYoungGen: 505728K->4288K(513024K)] 862926K->363916K(1037312K), 0.0272790 secs] [Times: user=0.03 sys=0.04, real=0.03 secs] 
2021-06-16T21:38:49.333+0800: 2894881.032: [GC (Allocation Failure) [PSYoungGen: 506048K->5632K(513536K)] 865676K->367866K(1037824K), 0.0243545 secs] [Times: user=0.04 sys=0.04, real=0.02 secs] 
2021-06-16T21:43:45.347+0800: 2895177.045: [GC (Allocation Failure) [PSYoungGen: 507904K->5120K(513024K)] 870138K->371630K(1037312K), 0.0297284 secs] [Times: user=0.03 sys=0.04, real=0.03 secs] 
2021-06-16T21:48:45.154+0800: 2895476.852: [GC (Allocation Failure) [PSYoungGen: 507392K->5504K(514048K)] 873902K->375363K(1038336K), 0.0267662 secs] [Times: user=0.04 sys=0.04, real=0.02 secs] 
2021-06-16T21:53:40.772+0800: 2895772.471: [GC (Allocation Failure) [PSYoungGen: 508800K->5888K(513536K)] 878659K->379576K(1037824K), 0.0243132 secs] [Times: user=0.04 sys=0.04, real=0.02 secs] 
2021-06-16T21:58:39.864+0800: 2896071.562: [GC (Allocation Failure) [PSYoungGen: 509184K->5792K(514560K)] 882872K->383828K(1038848K), 0.0290467 secs] [Times: user=0.04 sys=0.05, real=0.03 secs] 
2021-06-16T22:03:36.461+0800: 2896368.159: [GC (Allocation Failure) [PSYoungGen: 510566K->4928K(514560K)] 888602K->386833K(1038848K), 0.0280492 secs] [Times: user=0.03 sys=0.04, real=0.03 secs] 
2021-06-16T22:08:36.181+0800: 2896667.879: [GC (Allocation Failure) [PSYoungGen: 509760K->5056K(515072K)] 891665K->390350K(1039360K), 0.0202520 secs] [Times: user=0.03 sys=0.03, real=0.02 secs] 
2021-06-16T22:13:33.787+0800: 2896965.485: [GC (Allocation Failure) [PSYoungGen: 510912K->4896K(515072K)] 896206K->393819K(1039360K), 0.0246811 secs] [Times: user=0.03 sys=0.03, real=0.02 secs] 
2021-06-16T22:18:35.491+0800: 2897267.189: [GC (Allocation Failure) [PSYoungGen: 510752K->4864K(515584K)] 899675K->396841K(1039872K), 0.0673864 secs] [Times: user=0.04 sys=0.03, real=0.07 secs] 
2021-06-16T22:23:36.761+0800: 2897568.460: [GC (Allocation Failure) [PSYoungGen: 511232K->7552K(515072K)] 903209K->402871K(1039360K), 0.0276863 secs] [Times: user=0.04 sys=0.05, real=0.03 secs] 
2021-06-16T22:28:38.116+0800: 2897869.814: [GC (Allocation Failure) [PSYoungGen: 513920K->6176K(515072K)] 909239K->407139K(1039360K), 0.0249226 secs] [Times: user=0.04 sys=0.04, real=0.02 secs] 
2021-06-16T22:33:42.516+0800: 2898174.214: [GC (Allocation Failure) [PSYoungGen: 512032K->5504K(515072K)] 912995K->411102K(1039360K), 0.0262027 secs] [Times: user=0.04 sys=0.03, real=0.02 secs] 
2021-06-16T22:38:41.176+0800: 2898472.874: [GC (Allocation Failure) [PSYoungGen: 511360K->4736K(515584K)] 916958K->414411K(1039872K), 0.0264893 secs] [Times: user=0.04 sys=0.04, real=0.03 secs] 
2021-06-16T22:43:38.871+0800: 2898770.570: [GC (Allocation Failure) [PSYoungGen: 511616K->7072K(514048K)] 921291K->419809K(1038336K), 0.0232458 secs] [Times: user=0.04 sys=0.04, real=0.03 secs] 
2021-06-16T22:48:36.140+0800: 2899067.839: [GC (Allocation Failure) [PSYoungGen: 513952K->6016K(515584K)] 926689K->424445K(1039872K), 0.0260091 secs] [Times: user=0.04 sys=0.04, real=0.03 secs] 
2021-06-16T22:53:35.536+0800: 2899367.235: [GC (Allocation Failure) [PSYoungGen: 512384K->6752K(515072K)] 930813K->429706K(1039360K), 0.0253413 secs] [Times: user=0.04 sys=0.04, real=0.02 secs] 
2021-06-16T22:58:35.721+0800: 2899667.419: [GC (Allocation Failure) [PSYoungGen: 513120K->6048K(515584K)] 936074K->434309K(1039872K), 0.0314442 secs] [Times: user=0.04 sys=0.05, real=0.04 secs] 
2021-06-16T23:03:37.924+0800: 2899969.622: [GC (Allocation Failure) [PSYoungGen: 512928K->4736K(515584K)] 941189K->437561K(1039872K), 0.0265448 secs] [Times: user=0.04 sys=0.04, real=0.02 secs] 
2021-06-16T23:08:36.311+0800: 2900268.010: [GC (Allocation Failure) [PSYoungGen: 511616K->5536K(516096K)] 944441K->441519K(1040384K), 0.0217195 secs] [Times: user=0.03 sys=0.04, real=0.03 secs] 
2021-06-16T23:13:35.087+0800: 2900566.785: [GC (Allocation Failure) [PSYoungGen: 512928K->5824K(515584K)] 948911K->445931K(1039872K), 0.0265881 secs] [Times: user=0.04 sys=0.04, real=0.03 secs] 
2021-06-16T23:18:33.366+0800: 2900865.064: [GC (Allocation Failure) [PSYoungGen: 513216K->5728K(516096K)] 953323K->449911K(1040384K), 0.0288373 secs] [Times: user=0.05 sys=0.05, real=0.03 secs] 
2021-06-16T23:23:29.810+0800: 2901161.508: [GC (Allocation Failure) [PSYoungGen: 513632K->7904K(516096K)] 957815K->455892K(1040384K), 0.0470672 secs] [Times: user=0.05 sys=0.06, real=0.05 secs] 
2021-06-16T23:28:29.124+0800: 2901460.823: [GC (Allocation Failure) [PSYoungGen: 515808K->5152K(515072K)] 963796K->459291K(1039360K), 0.0282680 secs] [Times: user=0.04 sys=0.04, real=0.03 secs] 
2021-06-16T23:33:25.638+0800: 2901757.336: [GC (Allocation Failure) [PSYoungGen: 512032K->5504K(515584K)] 966171K->463080K(1039872K), 0.0246831 secs] [Times: user=0.04 sys=0.04, real=0.03 secs] 
2021-06-16T23:38:26.270+0800: 2902057.968: [GC (Allocation Failure) [PSYoungGen: 512384K->5312K(516096K)] 969960K->466732K(1040384K), 0.0242606 secs] [Times: user=0.03 sys=0.04, real=0.03 secs] 
2021-06-16T23:43:31.748+0800: 2902363.446: [GC (Allocation Failure) [PSYoungGen: 513216K->4608K(516096K)] 974636K->469593K(1040384K), 0.0308076 secs] [Times: user=0.04 sys=0.04, real=0.03 secs] 
2021-06-16T23:48:28.080+0800: 2902659.779: [GC (Allocation Failure) [PSYoungGen: 512512K->6112K(516096K)] 977497K->474278K(1040384K), 0.0222024 secs] [Times: user=0.03 sys=0.03, real=0.03 secs] 
2021-06-16T23:53:26.905+0800: 2902958.604: [GC (Allocation Failure) [PSYoungGen: 514016K->8160K(516096K)] 982182K->480875K(1040384K), 0.0381106 secs] [Times: user=0.04 sys=0.05, real=0.04 secs] 
2021-06-16T23:58:26.665+0800: 2903258.364: [GC (Allocation Failure) [PSYoungGen: 516064K->5216K(512000K)] 988779K->484414K(1036288K), 0.0267191 secs] [Times: user=0.04 sys=0.04, real=0.03 secs] 
2021-06-17T00:03:12.624+0800: 2903544.322: [GC (Allocation Failure) [PSYoungGen: 509024K->4672K(514048K)] 988222K->487731K(1038336K), 0.0252088 secs] [Times: user=0.04 sys=0.04, real=0.02 secs] 
2021-06-17T00:08:12.382+0800: 2903844.081: [GC (Allocation Failure) [PSYoungGen: 508480K->4768K(514048K)] 991539K->491032K(1038336K), 0.0261450 secs] [Times: user=0.04 sys=0.04, real=0.02 secs] 
2021-06-17T00:13:08.966+0800: 2904140.664: [GC (Allocation Failure) [PSYoungGen: 508576K->6624K(514048K)] 994840K->496046K(1038336K), 0.0333337 secs] [Times: user=0.05 sys=0.05, real=0.03 secs] 
2021-06-17T00:18:06.901+0800: 2904438.599: [GC (Allocation Failure) [PSYoungGen: 510432K->5312K(514560K)] 999854K->499953K(1038848K), 0.0268682 secs] [Times: user=0.04 sys=0.05, real=0.03 secs] 
2021-06-17T00:23:02.375+0800: 2904734.073: [GC (Allocation Failure) [PSYoungGen: 510144K->6336K(514560K)] 1004785K->504951K(1038848K), 0.0310266 secs] [Times: user=0.04 sys=0.04, real=0.03 secs] 
2021-06-17T00:28:00.854+0800: 2905032.552: [GC (Allocation Failure) [PSYoungGen: 511168K->5856K(515072K)] 1009783K->508693K(1039360K), 0.0302060 secs] [Times: user=0.03 sys=0.04, real=0.03 secs] 
2021-06-17T00:32:57.379+0800: 2905329.078: [GC (Allocation Failure) [PSYoungGen: 511712K->6144K(515072K)] 1014549K->513378K(1039360K), 0.0278159 secs] [Times: user=0.04 sys=0.04, real=0.03 secs] 
2021-06-17T00:37:57.015+0800: 2905628.713: [GC (Allocation Failure) [PSYoungGen: 512000K->5760K(515584K)] 1019234K->517301K(1039872K), 0.0775219 secs] [Times: user=0.03 sys=0.04, real=0.08 secs] 
2021-06-17T00:42:56.088+0800: 2905927.787: [GC (Allocation Failure) [PSYoungGen: 512640K->5184K(515584K)] 1024181K->520778K(1039872K), 0.0308148 secs] [Times: user=0.04 sys=0.04, real=0.03 secs] 
2021-06-17T00:47:52.545+0800: 2906224.243: [GC (Allocation Failure) [PSYoungGen: 512064K->5664K(516096K)] 1027658K->525039K(1040384K), 0.0586010 secs] [Times: user=0.03 sys=0.04, real=0.06 secs] 
2021-06-17T00:47:52.604+0800: 2906224.302: [Full GC (Ergonomics) [PSYoungGen: 5664K->0K(516096K)] [ParOldGen: 519375K->302532K(524288K)] 525039K->302532K(1040384K), [Metaspace: 97386K->97386K(1138688K)], 0.5399635 secs] [Times: user=1.14 sys=0.00, real=0.54 secs] 
2021-06-17T00:52:51.859+0800: 2906523.557: [GC (Allocation Failure) [PSYoungGen: 507392K->6304K(515584K)] 809924K->308836K(1039872K), 0.0234038 secs] [Times: user=0.03 sys=0.03, real=0.03 secs] 
2021-06-17T00:57:47.971+0800: 2906819.669: [GC (Allocation Failure) [PSYoungGen: 513696K->8192K(508928K)] 816228K->318569K(1033216K), 0.0302805 secs] [Times: user=0.04 sys=0.04, real=0.03 secs] 
2021-06-17T01:02:42.881+0800: 2907114.579: [GC (Allocation Failure) [PSYoungGen: 508928K->6368K(512512K)] 819305K->324529K(1036800K), 0.0247763 secs] [Times: user=0.04 sys=0.04, real=0.03 secs] 
2021-06-17T01:07:42.056+0800: 2907413.754: [GC (Allocation Failure) [PSYoungGen: 507104K->5728K(513024K)] 825265K->329125K(1037312K), 0.0279963 secs] [Times: user=0.04 sys=0.03, real=0.03 secs] 
2021-06-17T01:12:40.164+0800: 2907711.862: [GC (Allocation Failure) [PSYoungGen: 507488K->4896K(513024K)] 830885K->332218K(1037312K), 0.0249362 secs] [Times: user=0.04 sys=0.04, real=0.02 secs] 
2021-06-17T01:17:34.959+0800: 2908006.658: [GC (Allocation Failure) [PSYoungGen: 506656K->8000K(513024K)] 833978K->338632K(1037312K), 0.0260665 secs] [Times: user=0.04 sys=0.04, real=0.03 secs] 
2021-06-17T01:22:22.066+0800: 2908293.764: [GC (Allocation Failure) [PSYoungGen: 509760K->7786K(513024K)] 840392K->345069K(1037312K), 0.0289814 secs] [Times: user=0.04 sys=0.04, real=0.03 secs] 
2021-06-17T01:27:18.898+0800: 2908590.596: [GC (Allocation Failure) [PSYoungGen: 509546K->6656K(513536K)] 846829K->349616K(1037824K), 0.0255585 secs] [Times: user=0.04 sys=0.05, real=0.03 secs] 
2021-06-17T01:32:14.713+0800: 2908886.411: [GC (Allocation Failure) [PSYoungGen: 508928K->5568K(513024K)] 851888K->353237K(1037312K), 0.0296709 secs] [Times: user=0.03 sys=0.04, real=0.03 secs] 
2021-06-17T01:37:15.683+0800: 2909187.381: [GC (Allocation Failure) [PSYoungGen: 507840K->7520K(513536K)] 855509K->358978K(1037824K), 0.0242419 secs] [Times: user=0.03 sys=0.04, real=0.02 secs] 
2021-06-17T01:42:11.769+0800: 2909483.467: [GC (Allocation Failure) [PSYoungGen: 510304K->7488K(513536K)] 861762K->365141K(1037824K), 0.0291427 secs] [Times: user=0.04 sys=0.04, real=0.03 secs] 
2021-06-17T01:47:09.445+0800: 2909781.144: [GC (Allocation Failure) [PSYoungGen: 510272K->6304K(514048K)] 867925K->369888K(1038336K), 0.0258204 secs] [Times: user=0.03 sys=0.04, real=0.02 secs] 
2021-06-17T01:52:04.063+0800: 2910075.761: [GC (Allocation Failure) [PSYoungGen: 509600K->6656K(513536K)] 873184K->375044K(1037824K), 0.0342343 secs] [Times: user=0.04 sys=0.05, real=0.03 secs] 
2021-06-17T01:56:58.830+0800: 2910370.529: [GC (Allocation Failure) [PSYoungGen: 509952K->6880K(514560K)] 878340K->380560K(1038848K), 0.0308711 secs] [Times: user=0.04 sys=0.05, real=0.03 secs] 
2021-06-17T02:01:56.514+0800: 2910668.212: [GC (Allocation Failure) [PSYoungGen: 511712K->5920K(514560K)] 885392K->385092K(1038848K), 0.0231022 secs] [Times: user=0.03 sys=0.03, real=0.02 secs] 
2021-06-17T02:06:57.450+0800: 2910969.148: [GC (Allocation Failure) [PSYoungGen: 510752K->6528K(515072K)] 889924K->390448K(1039360K), 0.0292439 secs] [Times: user=0.05 sys=0.05, real=0.03 secs] 
2021-06-17T02:11:54.056+0800: 2911265.755: [GC (Allocation Failure) [PSYoungGen: 511872K->4960K(514560K)] 895792K->394195K(1038848K), 0.0235753 secs] [Times: user=0.03 sys=0.03, real=0.02 secs] 
2021-06-17T02:16:58.151+0800: 2911569.850: [GC (Allocation Failure) [PSYoungGen: 510304K->6016K(515072K)] 899539K->398513K(1039360K), 0.0410232 secs] [Times: user=0.03 sys=0.03, real=0.05 secs] 
2021-06-17T02:21:54.148+0800: 2911865.846: [GC (Allocation Failure) [PSYoungGen: 511872K->7552K(515072K)] 904369K->404774K(1039360K), 0.0249793 secs] [Times: user=0.04 sys=0.05, real=0.03 secs] 
2021-06-17T02:26:50.398+0800: 2912162.097: [GC (Allocation Failure) [PSYoungGen: 513408K->6304K(515072K)] 910630K->409744K(1039360K), 0.0261488 secs] [Times: user=0.08 sys=0.00, real=0.03 secs] 
2021-06-17T02:31:45.580+0800: 2912457.279: [GC (Allocation Failure) [PSYoungGen: 512160K->8000K(515072K)] 915600K->415901K(1039360K), 0.0261822 secs] [Times: user=0.04 sys=0.04, real=0.03 secs] 
2021-06-17T02:36:43.510+0800: 2912755.208: [GC (Allocation Failure) [PSYoungGen: 513856K->6464K(515072K)] 921757K->420789K(1039360K), 0.0248722 secs] [Times: user=0.03 sys=0.03, real=0.03 secs] 
2021-06-17T02:41:39.107+0800: 2913050.805: [GC (Allocation Failure) [PSYoungGen: 512320K->4224K(515072K)] 926645K->423385K(1039360K), 0.0269817 secs] [Times: user=0.04 sys=0.03, real=0.03 secs] 
2021-06-17T02:46:37.016+0800: 2913348.714: [GC (Allocation Failure) [PSYoungGen: 510080K->7968K(514048K)] 929241K->429711K(1038336K), 0.0269504 secs] [Times: user=0.04 sys=0.04, real=0.03 secs] 
2021-06-17T02:51:38.717+0800: 2913650.415: [GC (Allocation Failure) [PSYoungGen: 512800K->6208K(514560K)] 934543K->434496K(1038848K), 0.0232289 secs] [Times: user=0.03 sys=0.04, real=0.02 secs] 
2021-06-17T02:56:32.821+0800: 2913944.519: [GC (Allocation Failure) [PSYoungGen: 511040K->5600K(515072K)] 939328K->438525K(1039360K), 0.0264219 secs] [Times: user=0.04 sys=0.05, real=0.03 secs] 
2021-06-17T03:01:28.162+0800: 2914239.860: [GC (Allocation Failure) [PSYoungGen: 510944K->5600K(514560K)] 943869K->442810K(1038848K), 0.0289972 secs] [Times: user=0.04 sys=0.04, real=0.03 secs] 
2021-06-17T03:06:28.237+0800: 2914539.935: [GC (Allocation Failure) [PSYoungGen: 510944K->5792K(515072K)] 948154K->446878K(1039360K), 0.0329262 secs] [Times: user=0.03 sys=0.04, real=0.03 secs] 
2021-06-17T03:11:24.172+0800: 2914835.870: [GC (Allocation Failure) [PSYoungGen: 511648K->4800K(515072K)] 952734K->450148K(1039360K), 0.0255435 secs] [Times: user=0.03 sys=0.04, real=0.03 secs] 
2021-06-17T03:16:19.906+0800: 2915131.604: [GC (Allocation Failure) [PSYoungGen: 510656K->6272K(515584K)] 956004K->454929K(1039872K), 0.0289359 secs] [Times: user=0.03 sys=0.05, real=0.03 secs] 
2021-06-17T03:21:16.045+0800: 2915427.743: [GC (Allocation Failure) [PSYoungGen: 512640K->5920K(515072K)] 961297K->459094K(1039360K), 0.0265540 secs] [Times: user=0.04 sys=0.04, real=0.02 secs] 
2021-06-17T03:26:14.072+0800: 2915725.770: [GC (Allocation Failure) [PSYoungGen: 512288K->6592K(515584K)] 965462K->464305K(1039872K), 0.0658254 secs] [Times: user=0.05 sys=0.05, real=0.07 secs] 
2021-06-17T03:31:14.015+0800: 2916025.714: [GC (Allocation Failure) [PSYoungGen: 513472K->7520K(515584K)] 971185K->470077K(1039872K), 0.0430319 secs] [Times: user=0.04 sys=0.04, real=0.04 secs] 
2021-06-17T03:36:14.065+0800: 2916325.763: [GC (Allocation Failure) [PSYoungGen: 514400K->6016K(515584K)] 976957K->474048K(1039872K), 0.0745679 secs] [Times: user=0.03 sys=0.04, real=0.07 secs] 
2021-06-17T03:41:13.973+0800: 2916625.671: [GC (Allocation Failure) [PSYoungGen: 512896K->5344K(515584K)] 980928K->477701K(1039872K), 0.0259123 secs] [Times: user=0.04 sys=0.04, real=0.02 secs] 
2021-06-17T03:46:10.775+0800: 2916922.474: [GC (Allocation Failure) [PSYoungGen: 512224K->7648K(514560K)] 984581K->483834K(1038848K), 0.0252117 secs] [Times: user=0.04 sys=0.04, real=0.02 secs] 
2021-06-17T03:51:07.976+0800: 2917219.674: [GC (Allocation Failure) [PSYoungGen: 513504K->5952K(515072K)] 989690K->488188K(1039360K), 0.0282043 secs] [Times: user=0.04 sys=0.05, real=0.03 secs] 
2021-06-17T03:56:00.812+0800: 2917512.510: [GC (Allocation Failure) [PSYoungGen: 511808K->8704K(509440K)] 994044K->496530K(1033728K), 0.0317443 secs] [Times: user=0.05 sys=0.05, real=0.04 secs] 
2021-06-17T04:00:55.347+0800: 2917807.045: [GC (Allocation Failure) [PSYoungGen: 509440K->5440K(512512K)] 997266K->501585K(1036800K), 0.0616429 secs] [Times: user=0.04 sys=0.04, real=0.06 secs] 
2021-06-17T04:05:48.129+0800: 2918099.828: [GC (Allocation Failure) [PSYoungGen: 506176K->5824K(513024K)] 1002321K->505982K(1037312K), 0.0333115 secs] [Times: user=0.04 sys=0.04, real=0.04 secs] 
2021-06-17T04:10:44.155+0800: 2918395.853: [GC (Allocation Failure) [PSYoungGen: 507584K->6112K(513024K)] 1007742K->510810K(1037312K), 0.0247742 secs] [Times: user=0.04 sys=0.04, real=0.02 secs] 
2021-06-17T04:15:38.968+0800: 2918690.666: [GC (Allocation Failure) [PSYoungGen: 507872K->7264K(513536K)] 1012570K->516518K(1037824K), 0.0287202 secs] [Times: user=0.04 sys=0.05, real=0.03 secs] 
2021-06-17T04:20:37.583+0800: 2918989.281: [GC (Allocation Failure) [PSYoungGen: 510048K->5440K(513536K)] 1019302K->520593K(1037824K), 0.0289323 secs] [Times: user=0.04 sys=0.04, real=0.03 secs] 
2021-06-17T04:25:30.251+0800: 2919281.949: [GC (Allocation Failure) [PSYoungGen: 508224K->7328K(514048K)] 1023377K->526534K(1038336K), 0.0340193 secs] [Times: user=0.05 sys=0.04, real=0.04 secs] 
2021-06-17T04:25:30.285+0800: 2919281.983: [Full GC (Ergonomics) [PSYoungGen: 7328K->0K(514048K)] [ParOldGen: 519206K->309406K(524288K)] 526534K->309406K(1038336K), [Metaspace: 97391K->97391K(1138688K)], 0.6031581 secs] [Times: user=0.61 sys=0.61, real=0.60 secs] 
2021-06-17T04:30:26.398+0800: 2919578.097: [GC (Allocation Failure) [PSYoungGen: 503296K->5696K(513536K)] 812702K->315102K(1037824K), 0.0291761 secs] [Times: user=0.04 sys=0.04, real=0.03 secs] 
2021-06-17T04:35:28.397+0800: 2919880.096: [GC (Allocation Failure) [PSYoungGen: 508992K->5216K(514048K)] 818398K->318867K(1038336K), 0.0304773 secs] [Times: user=0.07 sys=0.00, real=0.03 secs] 
2021-06-17T04:40:22.824+0800: 2920174.522: [GC (Allocation Failure) [PSYoungGen: 509024K->6048K(514048K)] 822675K->323552K(1038336K), 0.0278436 secs] [Times: user=0.04 sys=0.04, real=0.03 secs] 
2021-06-17T04:45:18.228+0800: 2920469.926: [GC (Allocation Failure) [PSYoungGen: 509856K->7200K(514560K)] 827360K->328772K(1038848K), 0.0274562 secs] [Times: user=0.04 sys=0.04, real=0.03 secs] 
2021-06-17T04:50:12.544+0800: 2920764.243: [GC (Allocation Failure) [PSYoungGen: 512032K->6048K(514560K)] 833604K->333152K(1038848K), 0.0252990 secs] [Times: user=0.04 sys=0.04, real=0.02 secs] 
2021-06-17T04:55:08.558+0800: 2921060.257: [GC (Allocation Failure) [PSYoungGen: 510880K->6784K(515072K)] 837984K->338382K(1039360K), 0.0284122 secs] [Times: user=0.04 sys=0.04, real=0.03 secs] 
2021-06-17T05:00:01.530+0800: 2921353.228: [GC (Allocation Failure) [PSYoungGen: 512128K->7168K(514560K)] 843726K->343881K(1038848K), 0.0523287 secs] [Times: user=0.05 sys=0.04, real=0.06 secs] 
2021-06-17T05:05:09.424+0800: 2921661.123: [GC (Allocation Failure) [PSYoungGen: 512512K->8608K(514048K)] 849225K->350380K(1038336K), 0.0296816 secs] [Times: user=0.04 sys=0.05, real=0.03 secs] 
2021-06-17T05:10:21.813+0800: 2921973.511: [GC (Allocation Failure) [PSYoungGen: 513440K->7968K(513024K)] 855212K->356292K(1037312K), 0.0289934 secs] [Times: user=0.04 sys=0.04, real=0.03 secs] 
2021-06-17T05:15:32.532+0800: 2922284.230: [GC (Allocation Failure) [PSYoungGen: 512800K->6720K(514560K)] 861124K->360703K(1038848K), 0.0396848 secs] [Times: user=0.03 sys=0.04, real=0.04 secs] 
2021-06-17T05:20:40.548+0800: 2922592.246: [GC (Allocation Failure) [PSYoungGen: 511040K->5984K(514048K)] 865023K->365210K(1038336K), 0.0268189 secs] [Times: user=0.05 sys=0.05, real=0.03 secs] 
2021-06-17T05:25:58.581+0800: 2922910.279: [GC (Allocation Failure) [PSYoungGen: 510304K->8000K(514560K)] 869530K->371471K(1038848K), 0.0422511 secs] [Times: user=0.03 sys=0.04, real=0.05 secs] 
2021-06-17T05:31:08.215+0800: 2923219.913: [GC (Allocation Failure) [PSYoungGen: 512832K->8384K(513536K)] 876303K->378362K(1037824K), 0.0254142 secs] [Times: user=0.04 sys=0.03, real=0.02 secs] 
2021-06-17T05:36:15.478+0800: 2923527.177: [GC (Allocation Failure) [PSYoungGen: 513216K->7072K(514560K)] 883194K->383651K(1038848K), 0.0281298 secs] [Times: user=0.04 sys=0.04, real=0.03 secs] 
2021-06-17T05:41:31.040+0800: 2923842.738: [GC (Allocation Failure) [PSYoungGen: 511392K->5568K(514048K)] 887971K->386692K(1038336K), 0.0259532 secs] [Times: user=0.04 sys=0.04, real=0.03 secs] 
2021-06-17T05:46:51.949+0800: 2924163.647: [GC (Allocation Failure) [PSYoungGen: 509888K->6688K(514560K)] 891012K->391849K(1038848K), 0.0247822 secs] [Times: user=0.03 sys=0.04, real=0.03 secs] 
2021-06-17T05:52:07.679+0800: 2924479.378: [GC (Allocation Failure) [PSYoungGen: 511520K->7840K(514560K)] 896681K->397844K(1038848K), 0.0293709 secs] [Times: user=0.03 sys=0.03, real=0.03 secs] 
2021-06-17T05:57:20.112+0800: 2924791.810: [GC (Allocation Failure) [PSYoungGen: 512672K->5664K(514560K)] 902676K->401727K(1038848K), 0.0244427 secs] [Times: user=0.03 sys=0.03, real=0.03 secs] 
2021-06-17T06:02:33.959+0800: 2925105.657: [GC (Allocation Failure) [PSYoungGen: 510496K->6112K(514560K)] 906559K->406059K(1038848K), 0.0307597 secs] [Times: user=0.04 sys=0.04, real=0.03 secs] 
2021-06-17T06:07:44.083+0800: 2925415.781: [GC (Allocation Failure) [PSYoungGen: 510944K->7968K(514560K)] 910891K->411920K(1038848K), 0.0236350 secs] [Times: user=0.04 sys=0.04, real=0.02 secs] 
2021-06-17T06:12:50.001+0800: 2925721.699: [GC (Allocation Failure) [PSYoungGen: 512800K->7168K(514560K)] 916752K->416930K(1038848K), 0.0280101 secs] [Times: user=0.03 sys=0.03, real=0.03 secs] 
2021-06-17T06:18:00.605+0800: 2926032.303: [GC (Allocation Failure) [PSYoungGen: 512000K->8640K(513536K)] 921762K->423966K(1037824K), 0.0223355 secs] [Times: user=0.03 sys=0.04, real=0.02 secs] 
2021-06-17T06:23:09.682+0800: 2926341.380: [GC (Allocation Failure) [PSYoungGen: 512448K->8928K(514048K)] 927774K->431313K(1038336K), 0.0290928 secs] [Times: user=0.04 sys=0.05, real=0.03 secs] 
2021-06-17T06:28:15.391+0800: 2926647.089: [GC (Allocation Failure) [PSYoungGen: 512736K->7776K(514048K)] 935121K->436835K(1038336K), 0.0301368 secs] [Times: user=0.04 sys=0.05, real=0.03 secs] 
2021-06-17T06:33:26.185+0800: 2926957.883: [GC (Allocation Failure) [PSYoungGen: 511584K->7360K(514048K)] 940643K->442278K(1038336K), 0.0305373 secs] [Times: user=0.03 sys=0.04, real=0.03 secs] 
2021-06-17T06:38:35.530+0800: 2927267.228: [GC (Allocation Failure) [PSYoungGen: 511168K->6688K(514560K)] 946086K->447786K(1038848K), 0.0257285 secs] [Times: user=0.04 sys=0.04, real=0.03 secs] 
2021-06-17T06:43:44.342+0800: 2927576.040: [GC (Allocation Failure) [PSYoungGen: 511008K->5568K(514048K)] 952106K->451917K(1038336K), 0.0566002 secs] [Times: user=0.04 sys=0.04, real=0.06 secs] 
2021-06-17T06:48:56.083+0800: 2927887.781: [GC (Allocation Failure) [PSYoungGen: 509888K->8032K(513536K)] 956237K->458697K(1037824K), 0.0273030 secs] [Times: user=0.04 sys=0.05, real=0.02 secs] 
2021-06-17T06:54:03.780+0800: 2928195.478: [GC (Allocation Failure) [PSYoungGen: 511840K->8000K(514048K)] 962505K->465155K(1038336K), 0.0346679 secs] [Times: user=0.05 sys=0.05, real=0.04 secs] 
2021-06-17T06:59:09.710+0800: 2928501.409: [GC (Allocation Failure) [PSYoungGen: 511808K->6496K(514560K)] 968963K->469453K(1038848K), 0.0339283 secs] [Times: user=0.04 sys=0.05, real=0.04 secs] 
2021-06-17T07:04:14.803+0800: 2928806.501: [GC (Allocation Failure) [PSYoungGen: 510816K->5664K(514048K)] 973773K->473353K(1038336K), 0.0316798 secs] [Times: user=0.03 sys=0.04, real=0.03 secs] 
2021-06-17T07:09:23.355+0800: 2929115.053: [GC (Allocation Failure) [PSYoungGen: 509984K->6752K(514560K)] 977673K->478286K(1038848K), 0.0278928 secs] [Times: user=0.08 sys=0.00, real=0.03 secs] 
2021-06-17T07:14:32.031+0800: 2929423.730: [GC (Allocation Failure) [PSYoungGen: 511584K->5984K(514560K)] 983118K->482225K(1038848K), 0.0272762 secs] [Times: user=0.04 sys=0.04, real=0.03 secs] 
2021-06-17T07:19:30.041+0800: 2929721.739: [GC (Allocation Failure) [PSYoungGen: 510816K->9706K(509440K)] 987057K->491000K(1033728K), 0.0718324 secs] [Times: user=0.03 sys=0.04, real=0.08 secs] 
2021-06-17T07:24:33.838+0800: 2930025.536: [GC (Allocation Failure) [PSYoungGen: 509418K->8352K(512000K)] 990712K->496515K(1036288K), 0.0337599 secs] [Times: user=0.04 sys=0.05, real=0.03 secs] 
2021-06-17T07:29:39.725+0800: 2930331.423: [GC (Allocation Failure) [PSYoungGen: 508064K->7232K(512512K)] 996227K->501469K(1036800K), 0.0263525 secs] [Times: user=0.04 sys=0.04, real=0.02 secs] 
2021-06-17T07:34:43.292+0800: 2930634.990: [GC (Allocation Failure) [PSYoungGen: 507456K->8416K(512000K)] 1001693K->508368K(1036288K), 0.0314218 secs] [Times: user=0.04 sys=0.05, real=0.04 secs] 
2021-06-17T07:39:48.318+0800: 2930940.016: [GC (Allocation Failure) [PSYoungGen: 508640K->8608K(512512K)] 1008592K->514994K(1036800K), 0.0282307 secs] [Times: user=0.04 sys=0.04, real=0.03 secs] 
2021-06-17T07:44:56.500+0800: 2931248.198: [GC (Allocation Failure) [PSYoungGen: 509344K->6816K(512512K)] 1015730K->519821K(1036800K), 0.0331944 secs] [Times: user=0.04 sys=0.04, real=0.04 secs] 
2021-06-17T07:50:05.203+0800: 2931556.902: [GC (Allocation Failure) [PSYoungGen: 507552K->5088K(512000K)] 1020557K->523479K(1036288K), 0.0374384 secs] [Times: user=0.04 sys=0.03, real=0.03 secs] 
2021-06-17T07:50:05.242+0800: 2931556.940: [Full GC (Ergonomics) [PSYoungGen: 5088K->0K(512000K)] [ParOldGen: 518391K->309537K(524288K)] 523479K->309537K(1036288K), [Metaspace: 97401K->97401K(1138688K)], 0.5305233 secs] [Times: user=0.58 sys=0.57, real=0.54 secs] 
2021-06-17T07:55:08.848+0800: 2931860.546: [GC (Allocation Failure) [PSYoungGen: 500736K->8320K(512512K)] 810273K->317857K(1036800K), 0.0224674 secs] [Times: user=0.04 sys=0.04, real=0.02 secs] 
2021-06-17T08:00:14.223+0800: 2932165.922: [GC (Allocation Failure) [PSYoungGen: 509056K->6592K(513024K)] 818593K->322715K(1037312K), 0.0279914 secs] [Times: user=0.03 sys=0.03, real=0.02 secs] 
2021-06-17T08:05:23.419+0800: 2932475.117: [GC (Allocation Failure) [PSYoungGen: 508352K->6496K(513024K)] 824475K->327359K(1037312K), 0.0236327 secs] [Times: user=0.03 sys=0.03, real=0.03 secs] 
2021-06-17T08:10:35.449+0800: 2932787.147: [GC (Allocation Failure) [PSYoungGen: 508256K->6432K(513536K)] 829119K->331924K(1037824K), 0.0602975 secs] [Times: user=0.04 sys=0.03, real=0.06 secs] 
2021-06-17T08:15:49.591+0800: 2933101.289: [GC (Allocation Failure) [PSYoungGen: 508704K->5440K(513024K)] 834196K->335703K(1037312K), 0.0244703 secs] [Times: user=0.03 sys=0.04, real=0.03 secs] 
2021-06-17T08:20:59.323+0800: 2933411.021: [GC (Allocation Failure) [PSYoungGen: 507712K->7104K(513536K)] 837975K->341628K(1037824K), 0.0284114 secs] [Times: user=0.03 sys=0.06, real=0.02 secs] 
2021-06-17T08:26:06.334+0800: 2933718.032: [GC (Allocation Failure) [PSYoungGen: 509888K->9184K(513536K)] 844412K->349463K(1037824K), 0.0274309 secs] [Times: user=0.04 sys=0.04, real=0.02 secs] 
2021-06-17T08:31:13.406+0800: 2934025.104: [GC (Allocation Failure) [PSYoungGen: 511968K->7936K(513536K)] 852247K->355464K(1037824K), 0.0271348 secs] [Times: user=0.04 sys=0.04, real=0.03 secs] 
2021-06-17T08:36:16.938+0800: 2934328.636: [GC (Allocation Failure) [PSYoungGen: 510720K->10368K(513536K)] 858248K->363580K(1037824K), 0.0289782 secs] [Times: user=0.04 sys=0.03, real=0.03 secs] 
2021-06-17T08:41:20.950+0800: 2934632.649: [GC (Allocation Failure) [PSYoungGen: 513152K->7904K(512512K)] 866364K->369398K(1036800K), 0.0557525 secs] [Times: user=0.04 sys=0.04, real=0.06 secs] 
2021-06-17T08:46:28.583+0800: 2934940.281: [GC (Allocation Failure) [PSYoungGen: 509664K->7680K(513024K)] 871158K->374697K(1037312K), 0.0451896 secs] [Times: user=0.08 sys=0.00, real=0.04 secs] 
2021-06-17T08:51:35.988+0800: 2935247.686: [GC (Allocation Failure) [PSYoungGen: 509440K->7040K(513536K)] 876457K->379828K(1037824K), 0.0611707 secs] [Times: user=0.04 sys=0.05, real=0.06 secs] 
2021-06-17T08:56:46.802+0800: 2935558.501: [GC (Allocation Failure) [PSYoungGen: 509312K->6112K(513024K)] 882100K->384216K(1037312K), 0.0267843 secs] [Times: user=0.04 sys=0.04, real=0.02 secs] 
2021-06-17T09:01:57.289+0800: 2935868.987: [GC (Allocation Failure) [PSYoungGen: 508384K->6336K(513536K)] 886488K->389205K(1037824K), 0.0274514 secs] [Times: user=0.03 sys=0.04, real=0.03 secs] 
2021-06-17T09:07:11.286+0800: 2936182.985: [GC (Allocation Failure) [PSYoungGen: 509120K->8960K(513536K)] 891989K->396321K(1037824K), 0.0859608 secs] [Times: user=0.04 sys=0.04, real=0.09 secs] 
2021-06-17T09:12:22.365+0800: 2936494.063: [GC (Allocation Failure) [PSYoungGen: 511744K->4512K(512512K)] 899105K->398387K(1036800K), 0.0329349 secs] [Times: user=0.05 sys=0.05, real=0.03 secs] 
2021-06-17T09:17:27.005+0800: 2936798.703: [GC (Allocation Failure) [PSYoungGen: 506272K->7392K(513024K)] 900147K->404209K(1037312K), 0.0382513 secs] [Times: user=0.04 sys=0.04, real=0.04 secs] 
2021-06-17T09:22:36.998+0800: 2937108.696: [GC (Allocation Failure) [PSYoungGen: 509152K->6976K(513536K)] 905969K->409731K(1037824K), 0.0261548 secs] [Times: user=0.04 sys=0.04, real=0.03 secs] 
2021-06-17T09:27:51.117+0800: 2937422.815: [GC (Allocation Failure) [PSYoungGen: 509760K->6048K(513536K)] 912515K->413791K(1037824K), 0.0328687 secs] [Times: user=0.03 sys=0.03, real=0.03 secs] 
2021-06-17T09:33:02.202+0800: 2937733.900: [GC (Allocation Failure) [PSYoungGen: 508832K->4992K(513024K)] 916575K->416804K(1037312K), 0.0271490 secs] [Times: user=0.03 sys=0.05, real=0.03 secs] 
2021-06-17T09:38:10.681+0800: 2938042.379: [GC (Allocation Failure) [PSYoungGen: 507776K->7648K(513536K)] 919588K->423045K(1037824K), 0.0275238 secs] [Times: user=0.05 sys=0.04, real=0.03 secs] 
2021-06-17T09:43:16.977+0800: 2938348.675: [GC (Allocation Failure) [PSYoungGen: 510432K->6240K(514048K)] 925829K->427431K(1038336K), 0.0270879 secs] [Times: user=0.05 sys=0.04, real=0.03 secs] 
2021-06-17T09:48:27.399+0800: 2938659.097: [GC (Allocation Failure) [PSYoungGen: 510048K->6624K(514048K)] 931239K->432820K(1038336K), 0.0262617 secs] [Times: user=0.03 sys=0.04, real=0.03 secs] 
2021-06-17T09:53:32.766+0800: 2938964.464: [GC (Allocation Failure) [PSYoungGen: 510432K->7456K(514560K)] 936628K->438247K(1038848K), 0.0210454 secs] [Times: user=0.03 sys=0.04, real=0.02 secs] 
2021-06-17T09:58:43.157+0800: 2939274.855: [GC (Allocation Failure) [PSYoungGen: 512288K->7680K(514560K)] 943079K->444267K(1038848K), 0.0269092 secs] [Times: user=0.03 sys=0.04, real=0.03 secs] 
2021-06-17T10:03:53.683+0800: 2939585.381: [GC (Allocation Failure) [PSYoungGen: 512512K->7680K(514560K)] 949099K->449662K(1038848K), 0.0283182 secs] [Times: user=0.04 sys=0.04, real=0.02 secs] 
2021-06-17T10:09:02.075+0800: 2939893.773: [GC (Allocation Failure) [PSYoungGen: 512512K->7584K(514560K)] 954494K->455113K(1038848K), 0.0365298 secs] [Times: user=0.03 sys=0.04, real=0.03 secs] 
2021-06-17T10:14:12.747+0800: 2940204.445: [GC (Allocation Failure) [PSYoungGen: 512416K->6464K(514560K)] 959945K->459428K(1038848K), 0.0257583 secs] [Times: user=0.04 sys=0.04, real=0.03 secs] 
2021-06-17T10:19:26.311+0800: 2940518.009: [GC (Allocation Failure) [PSYoungGen: 511296K->6048K(514560K)] 964260K->463488K(1038848K), 0.0261522 secs] [Times: user=0.04 sys=0.04, real=0.03 secs] 
2021-06-17T10:24:37.867+0800: 2940829.565: [GC (Allocation Failure) [PSYoungGen: 510880K->7328K(514560K)] 968320K->468830K(1038848K), 0.0300168 secs] [Times: user=0.04 sys=0.04, real=0.03 secs] 
2021-06-17T10:29:44.575+0800: 2941136.273: [GC (Allocation Failure) [PSYoungGen: 512160K->6368K(514560K)] 973662K->473328K(1038848K), 0.0309526 secs] [Times: user=0.03 sys=0.04, real=0.03 secs] 
2021-06-17T10:34:54.278+0800: 2941445.977: [GC (Allocation Failure) [PSYoungGen: 511200K->7872K(514048K)] 978160K->479341K(1038336K), 0.0263127 secs] [Times: user=0.04 sys=0.04, real=0.03 secs] 
2021-06-17T10:40:03.479+0800: 2941755.178: [GC (Allocation Failure) [PSYoungGen: 512704K->7008K(514560K)] 984173K->484447K(1038848K), 0.0246262 secs] [Times: user=0.04 sys=0.04, real=0.03 secs] 
2021-06-17T10:45:15.055+0800: 2942066.754: [GC (Allocation Failure) [PSYoungGen: 511840K->9184K(509952K)] 989279K->492099K(1034240K), 0.0542260 secs] [Times: user=0.05 sys=0.05, real=0.05 secs] 
2021-06-17T10:50:18.207+0800: 2942369.905: [GC (Allocation Failure) [PSYoungGen: 509920K->7680K(512512K)] 992835K->498300K(1036800K), 0.0383269 secs] [Times: user=0.05 sys=0.04, real=0.04 secs] 
2021-06-17T10:55:26.554+0800: 2942678.252: [GC (Allocation Failure) [PSYoungGen: 508416K->6944K(513024K)] 999036K->503814K(1037312K), 0.0260680 secs] [Times: user=0.04 sys=0.04, real=0.02 secs] 
2021-06-17T11:00:33.761+0800: 2942985.459: [GC (Allocation Failure) [PSYoungGen: 508192K->11232K(512512K)] 1005062K->512660K(1036800K), 0.0277470 secs] [Times: user=0.04 sys=0.04, real=0.03 secs] 
2021-06-17T11:05:43.456+0800: 2943295.154: [GC (Allocation Failure) [PSYoungGen: 512480K->5792K(508416K)] 1013908K->516514K(1032704K), 0.0316151 secs] [Times: user=0.04 sys=0.03, real=0.03 secs] 
2021-06-17T11:10:47.178+0800: 2943598.876: [GC (Allocation Failure) [PSYoungGen: 502432K->7904K(510464K)] 1013154K->522607K(1034752K), 0.0237114 secs] [Times: user=0.03 sys=0.04, real=0.02 secs] 
2021-06-17T11:15:52.907+0800: 2943904.605: [GC (Allocation Failure) [PSYoungGen: 504544K->7328K(510976K)] 1019247K->528146K(1035264K), 0.0659745 secs] [Times: user=0.03 sys=0.03, real=0.07 secs] 
2021-06-17T11:15:52.973+0800: 2943904.671: [Full GC (Ergonomics) [PSYoungGen: 7328K->0K(510976K)] [ParOldGen: 520818K->315839K(524288K)] 528146K->315839K(1035264K), [Metaspace: 97401K->97401K(1138688K)], 0.5083496 secs] [Times: user=0.55 sys=0.53, real=0.50 secs] 
2021-06-17T11:20:54.865+0800: 2944206.564: [GC (Allocation Failure) [PSYoungGen: 497664K->9216K(510976K)] 813503K->325063K(1035264K), 0.0206438 secs] [Times: user=0.05 sys=0.00, real=0.02 secs] 
2021-06-17T11:25:59.059+0800: 2944510.757: [GC (Allocation Failure) [PSYoungGen: 506880K->7072K(511488K)] 822727K->330000K(1035776K), 0.0257424 secs] [Times: user=0.03 sys=0.03, real=0.03 secs] 
2021-06-17T11:31:07.273+0800: 2944818.971: [GC (Allocation Failure) [PSYoungGen: 505760K->4928K(511488K)] 828688K->333011K(1035776K), 0.0264012 secs] [Times: user=0.03 sys=0.04, real=0.02 secs] 
2021-06-17T11:36:10.344+0800: 2945122.042: [GC (Allocation Failure) [PSYoungGen: 503616K->6912K(512000K)] 831699K->338184K(1036288K), 0.0213146 secs] [Times: user=0.03 sys=0.03, real=0.02 secs] 
2021-06-17T11:41:15.650+0800: 2945427.348: [GC (Allocation Failure) [PSYoungGen: 506112K->7616K(511488K)] 837384K->344372K(1035776K), 0.0213281 secs] [Times: user=0.04 sys=0.03, real=0.02 secs] 
2021-06-17T11:46:26.248+0800: 2945737.946: [GC (Allocation Failure) [PSYoungGen: 506816K->8128K(512512K)] 843572K->351342K(1036800K), 0.0267466 secs] [Times: user=0.04 sys=0.04, real=0.03 secs] 
2021-06-17T11:51:33.482+0800: 2946045.181: [GC (Allocation Failure) [PSYoungGen: 508352K->6112K(512000K)] 851566K->355537K(1036288K), 0.0232948 secs] [Times: user=0.03 sys=0.04, real=0.02 secs] 
2021-06-17T11:56:34.067+0800: 2946345.765: [GC (Allocation Failure) [PSYoungGen: 506336K->6720K(513024K)] 855761K->360588K(1037312K), 0.0205210 secs] [Times: user=0.03 sys=0.04, real=0.02 secs] 
2021-06-17T12:01:35.386+0800: 2946647.084: [GC (Allocation Failure) [PSYoungGen: 507968K->7936K(512512K)] 861836K->367304K(1036800K), 0.0347642 secs] [Times: user=0.04 sys=0.04, real=0.03 secs] 
2021-06-17T12:06:37.615+0800: 2946949.313: [GC (Allocation Failure) [PSYoungGen: 509184K->6432K(513024K)] 868552K->371993K(1037312K), 0.0226742 secs] [Times: user=0.03 sys=0.04, real=0.02 secs] 
2021-06-17T12:11:45.666+0800: 2947257.365: [GC (Allocation Failure) [PSYoungGen: 508192K->8256K(513024K)] 873753K->378622K(1037312K), 0.0231199 secs] [Times: user=0.04 sys=0.04, real=0.02 secs] 
2021-06-17T12:16:54.858+0800: 2947566.557: [GC (Allocation Failure) [PSYoungGen: 510016K->6240K(513536K)] 880382K->382520K(1037824K), 0.0231340 secs] [Times: user=0.04 sys=0.04, real=0.02 secs] 
2021-06-17T12:22:02.186+0800: 2947873.884: [GC (Allocation Failure) [PSYoungGen: 508512K->6528K(513024K)] 884792K->387772K(1037312K), 0.0216921 secs] [Times: user=0.03 sys=0.03, real=0.02 secs] 
2021-06-17T12:27:07.375+0800: 2948179.074: [GC (Allocation Failure) [PSYoungGen: 508800K->6688K(513536K)] 890044K->392992K(1037824K), 0.0318654 secs] [Times: user=0.03 sys=0.04, real=0.03 secs] 
2021-06-17T12:32:15.218+0800: 2948486.916: [GC (Allocation Failure) [PSYoungGen: 509472K->6080K(513536K)] 895776K->397676K(1037824K), 0.0242241 secs] [Times: user=0.04 sys=0.04, real=0.03 secs] 
2021-06-17T12:37:24.496+0800: 2948796.195: [GC (Allocation Failure) [PSYoungGen: 508864K->6944K(514048K)] 900460K->403096K(1038336K), 0.0285732 secs] [Times: user=0.04 sys=0.05, real=0.03 secs] 
2021-06-17T12:42:31.114+0800: 2949102.813: [GC (Allocation Failure) [PSYoungGen: 510752K->5248K(514048K)] 906904K->406924K(1038336K), 0.0368746 secs] [Times: user=0.04 sys=0.05, real=0.03 secs] 
2021-06-17T12:47:43.120+0800: 2949414.818: [GC (Allocation Failure) [PSYoungGen: 509056K->6112K(514048K)] 910732K->411633K(1038336K), 0.0240102 secs] [Times: user=0.03 sys=0.04, real=0.03 secs] 
2021-06-17T12:52:49.552+0800: 2949721.251: [GC (Allocation Failure) [PSYoungGen: 509920K->6464K(514048K)] 915441K->416636K(1038336K), 0.0304032 secs] [Times: user=0.03 sys=0.04, real=0.03 secs] 
2021-06-17T12:57:59.133+0800: 2950030.831: [GC (Allocation Failure) [PSYoungGen: 510272K->6240K(514560K)] 920444K->421000K(1038848K), 0.0884341 secs] [Times: user=0.03 sys=0.04, real=0.08 secs] 
2021-06-17T13:03:10.384+0800: 2950342.082: [GC (Allocation Failure) [PSYoungGen: 511072K->7264K(514560K)] 925832K->426532K(1038848K), 0.0256656 secs] [Times: user=0.03 sys=0.04, real=0.02 secs] 
2021-06-17T13:08:21.150+0800: 2950652.848: [GC (Allocation Failure) [PSYoungGen: 512096K->7584K(514560K)] 931364K->432247K(1038848K), 0.0206356 secs] [Times: user=0.04 sys=0.03, real=0.02 secs] 
2021-06-17T13:13:30.079+0800: 2950961.778: [GC (Allocation Failure) [PSYoungGen: 512416K->5952K(514560K)] 937079K->436369K(1038848K), 0.0213665 secs] [Times: user=0.03 sys=0.03, real=0.02 secs] 
2021-06-17T13:18:30.704+0800: 2951262.403: [GC (Allocation Failure) [PSYoungGen: 510784K->7082K(515072K)] 941201K->442039K(1039360K), 0.0220944 secs] [Times: user=0.04 sys=0.04, real=0.02 secs] 
2021-06-17T13:23:36.453+0800: 2951568.151: [GC (Allocation Failure) [PSYoungGen: 512426K->6944K(514560K)] 947383K->447586K(1038848K), 0.0233503 secs] [Times: user=0.06 sys=0.00, real=0.02 secs] 
2021-06-17T13:28:50.185+0800: 2951881.883: [GC (Allocation Failure) [PSYoungGen: 512288K->5184K(515072K)] 952930K->451245K(1039360K), 0.0220095 secs] [Times: user=0.03 sys=0.04, real=0.02 secs] 
2021-06-17T13:33:58.576+0800: 2952190.275: [GC (Allocation Failure) [PSYoungGen: 511040K->8480K(514560K)] 957101K->458363K(1038848K), 0.0224604 secs] [Times: user=0.03 sys=0.03, real=0.02 secs] 
2021-06-17T13:39:08.451+0800: 2952500.149: [GC (Allocation Failure) [PSYoungGen: 514336K->5120K(514560K)] 964219K->462247K(1038848K), 0.0206207 secs] [Times: user=0.03 sys=0.03, real=0.02 secs] 
2021-06-17T13:44:17.979+0800: 2952809.677: [GC (Allocation Failure) [PSYoungGen: 509952K->5152K(514560K)] 967079K->465907K(1038848K), 0.0224778 secs] [Times: user=0.03 sys=0.03, real=0.02 secs] 
2021-06-17T13:49:25.152+0800: 2953116.850: [GC (Allocation Failure) [PSYoungGen: 509984K->5760K(514560K)] 970739K->470416K(1038848K), 0.0321334 secs] [Times: user=0.04 sys=0.05, real=0.03 secs] 
2021-06-17T13:54:37.170+0800: 2953428.868: [GC (Allocation Failure) [PSYoungGen: 510592K->6752K(514560K)] 975248K->475284K(1038848K), 0.0231664 secs] [Times: user=0.04 sys=0.04, real=0.03 secs] 
2021-06-17T13:59:51.176+0800: 2953742.874: [GC (Allocation Failure) [PSYoungGen: 511584K->6944K(515072K)] 980116K->480041K(1039360K), 0.0217100 secs] [Times: user=0.03 sys=0.03, real=0.02 secs] 
2021-06-17T14:05:00.252+0800: 2954051.951: [GC (Allocation Failure) [PSYoungGen: 512800K->8512K(514560K)] 985897K->486781K(1038848K), 0.0219787 secs] [Times: user=0.03 sys=0.03, real=0.02 secs] 
2021-06-17T14:10:11.725+0800: 2954363.423: [GC (Allocation Failure) [PSYoungGen: 514368K->5152K(514560K)] 992637K->490158K(1038848K), 0.0224360 secs] [Times: user=0.03 sys=0.03, real=0.02 secs] 
2021-06-17T14:15:20.941+0800: 2954672.639: [GC (Allocation Failure) [PSYoungGen: 509984K->4000K(514560K)] 994990K->492778K(1038848K), 0.0212189 secs] [Times: user=0.03 sys=0.03, real=0.03 secs] 
2021-06-17T14:20:27.567+0800: 2954979.265: [GC (Allocation Failure) [PSYoungGen: 508832K->6464K(514560K)] 997610K->497888K(1038848K), 0.0200291 secs] [Times: user=0.03 sys=0.04, real=0.02 secs] 
2021-06-17T14:25:36.738+0800: 2955288.436: [GC (Allocation Failure) [PSYoungGen: 511296K->7616K(514560K)] 1002720K->504043K(1038848K), 0.0380499 secs] [Times: user=0.05 sys=0.05, real=0.04 secs] 
2021-06-17T14:30:54.958+0800: 2955606.657: [GC (Allocation Failure) [PSYoungGen: 512448K->6656K(514560K)] 1008875K->508941K(1038848K), 0.0234612 secs] [Times: user=0.03 sys=0.03, real=0.02 secs] 
2021-06-17T14:36:07.889+0800: 2955919.587: [GC (Allocation Failure) [PSYoungGen: 511486K->6336K(514560K)] 1013772K->513257K(1038848K), 0.0230059 secs] [Times: user=0.03 sys=0.03, real=0.03 secs] 
2021-06-17T14:41:21.101+0800: 2956232.799: [GC (Allocation Failure) [PSYoungGen: 511168K->6496K(515072K)] 1018089K->518206K(1039360K), 0.0294174 secs] [Times: user=0.04 sys=0.04, real=0.03 secs] 
2021-06-17T14:46:33.700+0800: 2956545.398: [GC (Allocation Failure) [PSYoungGen: 512352K->6304K(515072K)] 1024062K->522856K(1039360K), 0.0256196 secs] [Times: user=0.04 sys=0.03, real=0.03 secs] 
2021-06-17T14:51:45.180+0800: 2956856.878: [GC (Allocation Failure) [PSYoungGen: 512160K->7328K(514560K)] 1028712K->528276K(1038848K), 0.0236615 secs] [Times: user=0.03 sys=0.03, real=0.03 secs] 
2021-06-17T14:51:45.204+0800: 2956856.902: [Full GC (Ergonomics) [PSYoungGen: 7328K->0K(514560K)] [ParOldGen: 520948K->308389K(524288K)] 528276K->308389K(1038848K), [Metaspace: 97403K->97403K(1138688K)], 0.4432930 secs] [Times: user=0.48 sys=0.47, real=0.44 secs] 
2021-06-17T14:56:55.060+0800: 2957166.759: [GC (Allocation Failure) [PSYoungGen: 505856K->5792K(515072K)] 814245K->314189K(1039360K), 0.0195296 secs] [Times: user=0.02 sys=0.03, real=0.02 secs] 
2021-06-17T15:02:07.038+0800: 2957478.736: [GC (Allocation Failure) [PSYoungGen: 511648K->5952K(515584K)] 820045K->318491K(1039872K), 0.0208339 secs] [Times: user=0.03 sys=0.03, real=0.02 secs] 
2021-06-17T15:07:12.299+0800: 2957783.997: [GC (Allocation Failure) [PSYoungGen: 512832K->6528K(515584K)] 825371K->323072K(1039872K), 0.0216692 secs] [Times: user=0.03 sys=0.03, real=0.02 secs] 
2021-06-17T15:12:20.353+0800: 2958092.052: [GC (Allocation Failure) [PSYoungGen: 513408K->6272K(516096K)] 829952K->327180K(1040384K), 0.0240082 secs] [Times: user=0.03 sys=0.04, real=0.02 secs] 
2021-06-17T15:17:29.775+0800: 2958401.473: [GC (Allocation Failure) [PSYoungGen: 513664K->6784K(515584K)] 834572K->332304K(1039872K), 0.0312377 secs] [Times: user=0.04 sys=0.04, real=0.03 secs] 
2021-06-17T15:22:41.436+0800: 2958713.134: [GC (Allocation Failure) [PSYoungGen: 514176K->6848K(516096K)] 839696K->337387K(1040384K), 0.0274542 secs] [Times: user=0.04 sys=0.05, real=0.03 secs] 
2021-06-17T15:27:56.493+0800: 2959028.191: [GC (Allocation Failure) [PSYoungGen: 514752K->5568K(516096K)] 845291K->341566K(1040384K), 0.0285036 secs] [Times: user=0.03 sys=0.04, real=0.02 secs] 
2021-06-17T15:33:10.723+0800: 2959342.422: [GC (Allocation Failure) [PSYoungGen: 513472K->6048K(516096K)] 849470K->345867K(1040384K), 0.0870078 secs] [Times: user=0.03 sys=0.03, real=0.08 secs] 
2021-06-17T15:38:18.996+0800: 2959650.694: [GC (Allocation Failure) [PSYoungGen: 513952K->7104K(516096K)] 853771K->351767K(1040384K), 0.0242244 secs] [Times: user=0.03 sys=0.03, real=0.02 secs] 
2021-06-17T15:43:31.324+0800: 2959963.022: [GC (Allocation Failure) [PSYoungGen: 515008K->7744K(515072K)] 859671K->357683K(1039360K), 0.0209694 secs] [Times: user=0.03 sys=0.04, real=0.02 secs] 
2021-06-17T15:48:45.975+0800: 2960277.674: [GC (Allocation Failure) [PSYoungGen: 514624K->6976K(515584K)] 864563K->362941K(1039872K), 0.0817510 secs] [Times: user=0.03 sys=0.03, real=0.08 secs] 
2021-06-17T15:53:54.986+0800: 2960586.684: [GC (Allocation Failure) [PSYoungGen: 513856K->5632K(515584K)] 869821K->366448K(1039872K), 0.0196997 secs] [Times: user=0.03 sys=0.03, real=0.02 secs] 
2021-06-17T15:59:04.226+0800: 2960895.924: [GC (Allocation Failure) [PSYoungGen: 512512K->6944K(515584K)] 873328K->371677K(1039872K), 0.0260516 secs] [Times: user=0.04 sys=0.04, real=0.03 secs] 
2021-06-17T16:04:12.028+0800: 2961203.727: [GC (Allocation Failure) [PSYoungGen: 513824K->5792K(515584K)] 878557K->375704K(1039872K), 0.0232004 secs] [Times: user=0.03 sys=0.03, real=0.02 secs] 
2021-06-17T16:09:26.977+0800: 2961518.675: [GC (Allocation Failure) [PSYoungGen: 512672K->4320K(515584K)] 882584K->378128K(1039872K), 0.0290626 secs] [Times: user=0.03 sys=0.03, real=0.03 secs] 
2021-06-17T16:14:38.277+0800: 2961829.975: [GC (Allocation Failure) [PSYoungGen: 511200K->6912K(515584K)] 885008K->383519K(1039872K), 0.0240398 secs] [Times: user=0.04 sys=0.04, real=0.02 secs] 
2021-06-17T16:19:45.536+0800: 2962137.235: [GC (Allocation Failure) [PSYoungGen: 513792K->6208K(515584K)] 890399K->387834K(1039872K), 0.0241263 secs] [Times: user=0.03 sys=0.03, real=0.02 secs] 
2021-06-17T16:24:57.222+0800: 2962448.920: [GC (Allocation Failure) [PSYoungGen: 513088K->5632K(515584K)] 894714K->392053K(1039872K), 0.0335648 secs] [Times: user=0.04 sys=0.03, real=0.04 secs] 
2021-06-17T16:30:06.418+0800: 2962758.116: [GC (Allocation Failure) [PSYoungGen: 512512K->6656K(515584K)] 898933K->396842K(1039872K), 0.0361849 secs] [Times: user=0.03 sys=0.03, real=0.04 secs] 
2021-06-17T16:35:20.467+0800: 2963072.165: [GC (Allocation Failure) [PSYoungGen: 513536K->6240K(516096K)] 903722K->401091K(1040384K), 0.0209832 secs] [Times: user=0.03 sys=0.03, real=0.02 secs] 
2021-06-17T16:40:31.141+0800: 2963382.839: [GC (Allocation Failure) [PSYoungGen: 514144K->7840K(516096K)] 908995K->407319K(1040384K), 0.0221601 secs] [Times: user=0.04 sys=0.03, real=0.03 secs] 
2021-06-17T16:45:39.816+0800: 2963691.514: [GC (Allocation Failure) [PSYoungGen: 515744K->7040K(515072K)] 915223K->412753K(1039360K), 0.0263488 secs] [Times: user=0.03 sys=0.04, real=0.03 secs] 
2021-06-17T16:50:50.441+0800: 2964002.139: [GC (Allocation Failure) [PSYoungGen: 513920K->5184K(515584K)] 919633K->415996K(1039872K), 0.0194427 secs] [Times: user=0.03 sys=0.03, real=0.02 secs] 
2021-06-17T16:56:02.625+0800: 2964314.324: [GC (Allocation Failure) [PSYoungGen: 512064K->5504K(515584K)] 922876K->419961K(1039872K), 0.0190415 secs] [Times: user=0.03 sys=0.03, real=0.02 secs] 
2021-06-17T17:01:14.426+0800: 2964626.124: [GC (Allocation Failure) [PSYoungGen: 512384K->6432K(515584K)] 926841K->425054K(1039872K), 0.0238603 secs] [Times: user=0.03 sys=0.03, real=0.02 secs] 
2021-06-17T17:06:21.900+0800: 2964933.598: [GC (Allocation Failure) [PSYoungGen: 513312K->7584K(515584K)] 931934K->430946K(1039872K), 0.0279350 secs] [Times: user=0.03 sys=0.03, real=0.03 secs] 
2021-06-17T17:11:30.998+0800: 2965242.696: [GC (Allocation Failure) [PSYoungGen: 514464K->7552K(514560K)] 937826K->436349K(1038848K), 0.0282101 secs] [Times: user=0.08 sys=0.00, real=0.03 secs] 
2021-06-17T17:16:37.989+0800: 2965549.688: [GC (Allocation Failure) [PSYoungGen: 514432K->7136K(515072K)] 943229K->441592K(1039360K), 0.0277092 secs] [Times: user=0.05 sys=0.05, real=0.03 secs] 
2021-06-17T17:21:47.489+0800: 2965859.187: [GC (Allocation Failure) [PSYoungGen: 512992K->8832K(515072K)] 947448K->448795K(1039360K), 0.0727487 secs] [Times: user=0.04 sys=0.04, real=0.07 secs] 
2021-06-17T17:27:02.786+0800: 2966174.485: [GC (Allocation Failure) [PSYoungGen: 514688K->7424K(514048K)] 954651K->454052K(1038336K), 0.0317633 secs] [Times: user=0.04 sys=0.04, real=0.03 secs] 
2021-06-17T17:32:17.071+0800: 2966488.769: [GC (Allocation Failure) [PSYoungGen: 512256K->7232K(514560K)] 958884K->459416K(1038848K), 0.0217069 secs] [Times: user=0.03 sys=0.03, real=0.03 secs] 
2021-06-17T17:37:28.247+0800: 2966799.945: [GC (Allocation Failure) [PSYoungGen: 512064K->8032K(514048K)] 964248K->466275K(1038336K), 0.0288203 secs] [Times: user=0.05 sys=0.04, real=0.03 secs] 
2021-06-17T17:42:38.643+0800: 2967110.342: [GC (Allocation Failure) [PSYoungGen: 512864K->7680K(514560K)] 971107K->472508K(1038848K), 0.0294157 secs] [Times: user=0.03 sys=0.04, real=0.03 secs] 
2021-06-17T17:47:53.161+0800: 2967424.859: [GC (Allocation Failure) [PSYoungGen: 512512K->6112K(514560K)] 977340K->477293K(1038848K), 0.0343735 secs] [Times: user=0.04 sys=0.05, real=0.04 secs] 
2021-06-17T17:53:07.419+0800: 2967739.117: [GC (Allocation Failure) [PSYoungGen: 510944K->6240K(514560K)] 982125K->481768K(1038848K), 0.0485832 secs] [Times: user=0.05 sys=0.05, real=0.05 secs] 
2021-06-17T17:58:19.874+0800: 2968051.572: [GC (Allocation Failure) [PSYoungGen: 511072K->6336K(515072K)] 986600K->486740K(1039360K), 0.0592001 secs] [Times: user=0.04 sys=0.07, real=0.06 secs] 
2021-06-17T18:03:26.621+0800: 2968358.319: [GC (Allocation Failure) [PSYoungGen: 511680K->9184K(514560K)] 992084K->494593K(1038848K), 0.0316299 secs] [Times: user=0.09 sys=0.00, real=0.04 secs] 
2021-06-17T18:08:38.048+0800: 2968669.746: [GC (Allocation Failure) [PSYoungGen: 514528K->9344K(509440K)] 999937K->501717K(1033728K), 0.0434515 secs] [Times: user=0.03 sys=0.04, real=0.04 secs] 
2021-06-17T18:13:49.667+0800: 2968981.365: [GC (Allocation Failure) [PSYoungGen: 509056K->7872K(512000K)] 1001429K->507460K(1036288K), 0.0268924 secs] [Times: user=0.04 sys=0.05, real=0.03 secs] 
2021-06-17T18:18:56.692+0800: 2969288.390: [GC (Allocation Failure) [PSYoungGen: 507584K->7872K(513024K)] 1007172K->512551K(1037312K), 0.0381412 secs] [Times: user=0.03 sys=0.04, real=0.04 secs] 
2021-06-17T18:24:05.082+0800: 2969596.780: [GC (Allocation Failure) [PSYoungGen: 509120K->6944K(512512K)] 1013799K->517051K(1036800K), 0.0233927 secs] [Times: user=0.07 sys=0.00, real=0.03 secs] 
2021-06-17T18:29:11.184+0800: 2969902.882: [GC (Allocation Failure) [PSYoungGen: 508192K->6304K(513024K)] 1018299K->521662K(1037312K), 0.0251773 secs] [Times: user=0.03 sys=0.04, real=0.02 secs] 
2021-06-17T18:34:14.490+0800: 2970206.188: [GC (Allocation Failure) [PSYoungGen: 508064K->7680K(513024K)] 1023422K->527658K(1037312K), 0.0286810 secs] [Times: user=0.04 sys=0.04, real=0.03 secs] 
2021-06-17T18:34:14.519+0800: 2970206.217: [Full GC (Ergonomics) [PSYoungGen: 7680K->0K(513024K)] [ParOldGen: 519978K->312558K(524288K)] 527658K->312558K(1037312K), [Metaspace: 97430K->97430K(1138688K)], 0.5042618 secs] [Times: user=1.07 sys=0.00, real=0.51 secs] 
2021-06-17T18:39:33.299+0800: 2970524.998: [GC (Allocation Failure) [PSYoungGen: 501760K->6560K(513536K)] 814318K->319118K(1037824K), 0.0402499 secs] [Times: user=0.02 sys=0.03, real=0.04 secs] 
2021-06-17T18:44:43.380+0800: 2970835.078: [GC (Allocation Failure) [PSYoungGen: 509344K->5824K(513536K)] 821902K->323554K(1037824K), 0.0636316 secs] [Times: user=0.03 sys=0.03, real=0.07 secs] 
2021-06-17T18:49:53.690+0800: 2971145.388: [GC (Allocation Failure) [PSYoungGen: 508608K->6816K(514048K)] 826338K->329166K(1038336K), 0.0202696 secs] [Times: user=0.03 sys=0.03, real=0.02 secs] 
2021-06-17T18:55:07.595+0800: 2971459.293: [GC (Allocation Failure) [PSYoungGen: 510112K->6400K(513536K)] 832462K->333801K(1037824K), 0.0228129 secs] [Times: user=0.04 sys=0.03, real=0.02 secs] 
2021-06-17T19:00:18.837+0800: 2971770.536: [GC (Allocation Failure) [PSYoungGen: 509696K->6112K(514048K)] 837097K->338334K(1038336K), 0.0249242 secs] [Times: user=0.03 sys=0.03, real=0.03 secs] 
2021-06-17T19:05:31.213+0800: 2972082.911: [GC (Allocation Failure) [PSYoungGen: 509920K->7104K(514048K)] 842142K->343906K(1038336K), 0.0229883 secs] [Times: user=0.03 sys=0.04, real=0.02 secs] 
2021-06-17T19:10:45.869+0800: 2972397.567: [GC (Allocation Failure) [PSYoungGen: 510912K->6400K(514560K)] 847714K->348335K(1038848K), 0.0236979 secs] [Times: user=0.02 sys=0.03, real=0.03 secs] 
2021-06-17T19:15:59.098+0800: 2972710.797: [GC (Allocation Failure) [PSYoungGen: 511232K->7360K(514560K)] 853167K->354243K(1038848K), 0.0247445 secs] [Times: user=0.04 sys=0.04, real=0.03 secs] 
2021-06-17T19:21:01.695+0800: 2973013.393: [GC (Allocation Failure) [PSYoungGen: 512192K->9066K(513536K)] 859075K->361386K(1037824K), 0.0252180 secs] [Times: user=0.03 sys=0.03, real=0.02 secs] 
2021-06-17T19:26:11.925+0800: 2973323.623: [GC (Allocation Failure) [PSYoungGen: 512874K->5984K(514048K)] 865194K->365674K(1038336K), 0.0229288 secs] [Times: user=0.03 sys=0.03, real=0.02 secs] 
2021-06-17T19:31:22.505+0800: 2973634.204: [GC (Allocation Failure) [PSYoungGen: 509792K->6528K(514560K)] 869482K->370917K(1038848K), 0.0240472 secs] [Times: user=0.03 sys=0.03, real=0.02 secs] 
2021-06-17T19:36:36.019+0800: 2973947.718: [GC (Allocation Failure) [PSYoungGen: 510848K->5152K(514048K)] 875237K->374441K(1038336K), 0.0228322 secs] [Times: user=0.03 sys=0.04, real=0.03 secs] 
2021-06-17T19:41:48.611+0800: 2974260.310: [GC (Allocation Failure) [PSYoungGen: 509472K->4704K(514048K)] 878761K->377630K(1038336K), 0.0249574 secs] [Times: user=0.04 sys=0.04, real=0.03 secs] 
2021-06-17T19:46:56.871+0800: 2974568.569: [GC (Allocation Failure) [PSYoungGen: 508512K->8672K(512512K)] 881438K->384908K(1036800K), 0.0276871 secs] [Times: user=0.04 sys=0.04, real=0.03 secs] 
2021-06-17T19:52:07.245+0800: 2974878.944: [GC (Allocation Failure) [PSYoungGen: 512480K->7616K(514048K)] 888716K->390590K(1038336K), 0.0240766 secs] [Times: user=0.04 sys=0.04, real=0.02 secs] 
2021-06-17T19:57:19.368+0800: 2975191.066: [GC (Allocation Failure) [PSYoungGen: 510912K->6528K(513536K)] 893886K->395026K(1037824K), 0.0246378 secs] [Times: user=0.04 sys=0.03, real=0.03 secs] 
2021-06-17T20:02:27.216+0800: 2975498.914: [GC (Allocation Failure) [PSYoungGen: 509824K->7680K(514048K)] 898322K->401062K(1038336K), 0.0239903 secs] [Times: user=0.03 sys=0.04, real=0.02 secs] 
2021-06-17T20:07:35.354+0800: 2975807.052: [GC (Allocation Failure) [PSYoungGen: 511488K->7456K(514048K)] 904870K->406648K(1038336K), 0.0378498 secs] [Times: user=0.03 sys=0.05, real=0.03 secs] 
2021-06-17T20:12:39.541+0800: 2976111.239: [GC (Allocation Failure) [PSYoungGen: 511264K->6624K(514560K)] 910456K->411339K(1038848K), 0.0225864 secs] [Times: user=0.03 sys=0.03, real=0.03 secs] 
2021-06-17T20:17:50.855+0800: 2976422.554: [GC (Allocation Failure) [PSYoungGen: 510944K->6336K(514048K)] 915659K->415727K(1038336K), 0.0215156 secs] [Times: user=0.03 sys=0.03, real=0.02 secs] 
2021-06-17T20:23:04.623+0800: 2976736.322: [GC (Allocation Failure) [PSYoungGen: 510656K->7168K(514560K)] 920047K->421593K(1038848K), 0.0220139 secs] [Times: user=0.03 sys=0.04, real=0.02 secs] 
2021-06-17T20:28:14.369+0800: 2977046.067: [GC (Allocation Failure) [PSYoungGen: 512000K->5824K(514560K)] 926425K->425908K(1038848K), 0.0611914 secs] [Times: user=0.04 sys=0.03, real=0.06 secs] 
2021-06-17T20:33:27.455+0800: 2977359.153: [GC (Allocation Failure) [PSYoungGen: 510656K->6592K(515072K)] 930740K->431136K(1039360K), 0.0232071 secs] [Times: user=0.03 sys=0.03, real=0.02 secs] 
2021-06-17T20:38:39.286+0800: 2977670.984: [GC (Allocation Failure) [PSYoungGen: 511936K->6432K(514560K)] 936480K->436114K(1038848K), 0.0803299 secs] [Times: user=0.03 sys=0.03, real=0.08 secs] 
2021-06-17T20:43:51.190+0800: 2977982.888: [GC (Allocation Failure) [PSYoungGen: 511776K->7136K(515072K)] 941458K->441630K(1039360K), 0.0331283 secs] [Times: user=0.04 sys=0.03, real=0.04 secs] 
2021-06-17T20:48:58.551+0800: 2978290.250: [GC (Allocation Failure) [PSYoungGen: 512992K->7392K(515072K)] 947486K->446714K(1039360K), 0.0253434 secs] [Times: user=0.03 sys=0.04, real=0.03 secs] 
2021-06-17T20:54:08.007+0800: 2978599.705: [GC (Allocation Failure) [PSYoungGen: 513248K->6560K(515584K)] 952570K->451684K(1039872K), 0.0287188 secs] [Times: user=0.04 sys=0.05, real=0.03 secs] 
2021-06-17T20:59:14.361+0800: 2978906.059: [GC (Allocation Failure) [PSYoungGen: 512928K->6912K(515072K)] 958052K->456616K(1039360K), 0.0263983 secs] [Times: user=0.03 sys=0.03, real=0.03 secs] 
2021-06-17T21:04:23.523+0800: 2979215.221: [GC (Allocation Failure) [PSYoungGen: 513280K->6080K(515584K)] 962984K->460820K(1039872K), 0.0309968 secs] [Times: user=0.04 sys=0.03, real=0.03 secs] 
2021-06-17T21:09:32.132+0800: 2979523.830: [GC (Allocation Failure) [PSYoungGen: 512960K->6912K(515584K)] 967700K->465569K(1039872K), 0.0304535 secs] [Times: user=0.03 sys=0.04, real=0.04 secs] 
2021-06-17T21:14:45.141+0800: 2979836.839: [GC (Allocation Failure) [PSYoungGen: 513792K->6752K(515584K)] 972449K->470860K(1039872K), 0.0253118 secs] [Times: user=0.04 sys=0.03, real=0.03 secs] 
2021-06-17T21:20:01.024+0800: 2980152.722: [GC (Allocation Failure) [PSYoungGen: 513632K->6496K(515584K)] 977740K->475623K(1039872K), 0.0356363 secs] [Times: user=0.03 sys=0.04, real=0.03 secs] 
2021-06-17T21:25:12.806+0800: 2980464.504: [GC (Allocation Failure) [PSYoungGen: 513376K->6496K(516096K)] 982503K->480682K(1040384K), 0.0263899 secs] [Times: user=0.04 sys=0.04, real=0.03 secs] 
2021-06-17T21:30:22.097+0800: 2980773.796: [GC (Allocation Failure) [PSYoungGen: 514400K->4928K(513024K)] 988586K->483629K(1037312K), 0.0262841 secs] [Times: user=0.04 sys=0.04, real=0.03 secs] 
2021-06-17T21:35:35.633+0800: 2981087.331: [GC (Allocation Failure) [PSYoungGen: 512832K->6688K(516096K)] 991533K->488874K(1040384K), 0.0212140 secs] [Times: user=0.04 sys=0.03, real=0.02 secs] 
2021-06-17T21:40:45.201+0800: 2981396.899: [GC (Allocation Failure) [PSYoungGen: 514080K->7520K(515584K)] 996266K->495076K(1039872K), 0.0913612 secs] [Times: user=0.03 sys=0.03, real=0.10 secs] 
2021-06-17T21:45:58.312+0800: 2981710.010: [GC (Allocation Failure) [PSYoungGen: 514912K->6240K(515584K)] 1002468K->499535K(1039872K), 0.0224247 secs] [Times: user=0.03 sys=0.03, real=0.03 secs] 
2021-06-17T21:51:16.322+0800: 2982028.021: [GC (Allocation Failure) [PSYoungGen: 513120K->6432K(515584K)] 1006415K->504324K(1039872K), 0.0251120 secs] [Times: user=0.03 sys=0.03, real=0.02 secs] 
2021-06-17T21:56:32.597+0800: 2982344.296: [GC (Allocation Failure) [PSYoungGen: 513312K->7168K(516096K)] 1011204K->510343K(1040384K), 0.0350855 secs] [Times: user=0.03 sys=0.04, real=0.04 secs] 
2021-06-17T22:01:43.407+0800: 2982655.105: [GC (Allocation Failure) [PSYoungGen: 515072K->5248K(513536K)] 1018247K->514226K(1037824K), 0.0227351 secs] [Times: user=0.03 sys=0.03, real=0.02 secs] 
2021-06-17T22:06:57.825+0800: 2982969.523: [GC (Allocation Failure) [PSYoungGen: 513152K->7008K(515584K)] 1022130K->519384K(1039872K), 0.0251368 secs] [Times: user=0.04 sys=0.04, real=0.02 secs] 
2021-06-17T22:12:10.475+0800: 2983282.173: [GC (Allocation Failure) [PSYoungGen: 513888K->6016K(515584K)] 1026264K->523562K(1039872K), 0.0343745 secs] [Times: user=0.03 sys=0.03, real=0.03 secs] 
2021-06-17T22:17:20.997+0800: 2983592.695: [GC (Allocation Failure) [PSYoungGen: 512896K->6880K(516096K)] 1030442K->528870K(1040384K), 0.0217616 secs] [Times: user=0.03 sys=0.03, real=0.02 secs] 
2021-06-17T22:17:21.019+0800: 2983592.717: [Full GC (Ergonomics) [PSYoungGen: 6880K->0K(516096K)] [ParOldGen: 521990K->310073K(524288K)] 528870K->310073K(1040384K), [Metaspace: 97436K->97432K(1138688K)], 0.5158799 secs] [Times: user=0.55 sys=0.54, real=0.52 secs] 
2021-06-17T22:22:39.762+0800: 2983911.460: [GC (Allocation Failure) [PSYoungGen: 507904K->5664K(516096K)] 817977K->315737K(1040384K), 0.0265707 secs] [Times: user=0.02 sys=0.04, real=0.02 secs] 
2021-06-17T22:27:50.255+0800: 2984221.954: [GC (Allocation Failure) [PSYoungGen: 513568K->8160K(509952K)] 823641K->324207K(1034240K), 0.0275415 secs] [Times: user=0.04 sys=0.03, real=0.03 secs] 
2021-06-17T22:32:51.028+0800: 2984522.726: [GC (Allocation Failure) [PSYoungGen: 509920K->7424K(513024K)] 825967K->331560K(1037312K), 0.0334496 secs] [Times: user=0.04 sys=0.04, real=0.03 secs] 
2021-06-17T22:38:01.118+0800: 2984832.816: [GC (Allocation Failure) [PSYoungGen: 509184K->8896K(512512K)] 833320K->338244K(1036800K), 0.0229259 secs] [Times: user=0.03 sys=0.04, real=0.02 secs] 
2021-06-17T22:43:08.443+0800: 2985140.141: [GC (Allocation Failure) [PSYoungGen: 510656K->4288K(513024K)] 840004K->341133K(1037312K), 0.0351313 secs] [Times: user=0.04 sys=0.04, real=0.03 secs] 
2021-06-17T22:48:17.126+0800: 2985448.824: [GC (Allocation Failure) [PSYoungGen: 506048K->5440K(513024K)] 842893K->345162K(1037312K), 0.0266727 secs] [Times: user=0.03 sys=0.04, real=0.03 secs] 
2021-06-17T22:53:26.470+0800: 2985758.168: [GC (Allocation Failure) [PSYoungGen: 507200K->7712K(513024K)] 846922K->351519K(1037312K), 0.0246441 secs] [Times: user=0.03 sys=0.03, real=0.03 secs] 
2021-06-17T22:58:26.634+0800: 2986058.333: [GC (Allocation Failure) [PSYoungGen: 509472K->8704K(513024K)] 853279K->358593K(1037312K), 0.0240556 secs] [Times: user=0.04 sys=0.04, real=0.02 secs] 
2021-06-17T23:03:37.218+0800: 2986368.917: [GC (Allocation Failure) [PSYoungGen: 510464K->7296K(513024K)] 860353K->363627K(1037312K), 0.0237945 secs] [Times: user=0.03 sys=0.04, real=0.03 secs] 
2021-06-17T23:08:49.339+0800: 2986681.037: [GC (Allocation Failure) [PSYoungGen: 509056K->7232K(513536K)] 865387K->369167K(1037824K), 0.0263980 secs] [Times: user=0.03 sys=0.03, real=0.03 secs] 
2021-06-17T23:14:00.478+0800: 2986992.176: [GC (Allocation Failure) [PSYoungGen: 510016K->7200K(513536K)] 871951K->374579K(1037824K), 0.0213286 secs] [Times: user=0.04 sys=0.04, real=0.02 secs] 
2021-06-17T23:19:10.731+0800: 2987302.429: [GC (Allocation Failure) [PSYoungGen: 509984K->7328K(514048K)] 877363K->380406K(1038336K), 0.0204214 secs] [Times: user=0.03 sys=0.03, real=0.02 secs] 
2021-06-17T23:24:20.351+0800: 2987612.049: [GC (Allocation Failure) [PSYoungGen: 511136K->7552K(514048K)] 884214K->386050K(1038336K), 0.0445544 secs] [Times: user=0.03 sys=0.04, real=0.05 secs] 
2021-06-17T23:29:26.500+0800: 2987918.199: [GC (Allocation Failure) [PSYoungGen: 511360K->6208K(514560K)] 889858K->390151K(1038848K), 0.0212129 secs] [Times: user=0.03 sys=0.03, real=0.02 secs] 
2021-06-17T23:34:36.420+0800: 2988228.118: [GC (Allocation Failure) [PSYoungGen: 511040K->9696K(514560K)] 894983K->398316K(1038848K), 0.0424156 secs] [Times: user=0.04 sys=0.03, real=0.05 secs] 
2021-06-17T23:39:46.241+0800: 2988537.939: [GC (Allocation Failure) [PSYoungGen: 514528K->9664K(509440K)] 903148K->406062K(1033728K), 0.0640146 secs] [Times: user=0.03 sys=0.04, real=0.07 secs] 
2021-06-17T23:44:56.622+0800: 2988848.320: [GC (Allocation Failure) [PSYoungGen: 509376K->7232K(512000K)] 905774K->411710K(1036288K), 0.0265151 secs] [Times: user=0.03 sys=0.04, real=0.03 secs] 
2021-06-17T23:50:03.680+0800: 2989155.378: [GC (Allocation Failure) [PSYoungGen: 506944K->7296K(512512K)] 911422K->417640K(1036800K), 0.0213844 secs] [Times: user=0.03 sys=0.03, real=0.02 secs] 
2021-06-17T23:55:09.062+0800: 2989460.760: [GC (Allocation Failure) [PSYoungGen: 507520K->11744K(512000K)] 917864K->429621K(1036288K), 0.0270444 secs] [Times: user=0.04 sys=0.04, real=0.03 secs] 
2021-06-18T00:00:04.616+0800: 2989756.314: [GC (Allocation Failure) [PSYoungGen: 511968K->6368K(505856K)] 929845K->435043K(1030144K), 0.0311838 secs] [Times: user=0.05 sys=0.05, real=0.03 secs] 
2021-06-18T00:05:05.709+0800: 2990057.407: [GC (Allocation Failure) [PSYoungGen: 499936K->6528K(508928K)] 928611K->440318K(1033216K), 0.0293987 secs] [Times: user=0.04 sys=0.05, real=0.03 secs] 
2021-06-18T00:10:14.121+0800: 2990365.819: [GC (Allocation Failure) [PSYoungGen: 500096K->6464K(509440K)] 933886K->444855K(1033728K), 0.0209945 secs] [Times: user=0.03 sys=0.04, real=0.02 secs] 
2021-06-18T00:15:14.379+0800: 2990666.077: [GC (Allocation Failure) [PSYoungGen: 500544K->8448K(508928K)] 938935K->452003K(1033216K), 0.0292922 secs] [Times: user=0.03 sys=0.04, real=0.03 secs] 
2021-06-18T00:20:17.274+0800: 2990968.973: [GC (Allocation Failure) [PSYoungGen: 502528K->5440K(509952K)] 946083K->455629K(1034240K), 0.0260540 secs] [Times: user=0.03 sys=0.03, real=0.02 secs] 
2021-06-18T00:25:20.631+0800: 2991272.330: [GC (Allocation Failure) [PSYoungGen: 501056K->6336K(509952K)] 951245K->460569K(1034240K), 0.0233128 secs] [Times: user=0.03 sys=0.04, real=0.03 secs] 
2021-06-18T00:30:20.278+0800: 2991571.976: [GC (Allocation Failure) [PSYoungGen: 501952K->7072K(510464K)] 956185K->466308K(1034752K), 0.0362287 secs] [Times: user=0.04 sys=0.04, real=0.04 secs] 
2021-06-18T00:35:25.548+0800: 2991877.247: [GC (Allocation Failure) [PSYoungGen: 503712K->5728K(510464K)] 962948K->470111K(1034752K), 0.0218527 secs] [Times: user=0.03 sys=0.04, real=0.02 secs] 
2021-06-18T00:40:33.388+0800: 2992185.086: [GC (Allocation Failure) [PSYoungGen: 502368K->6144K(510976K)] 966751K->474867K(1035264K), 0.0235017 secs] [Times: user=0.03 sys=0.03, real=0.02 secs] 
2021-06-18T00:45:41.535+0800: 2992493.233: [GC (Allocation Failure) [PSYoungGen: 503808K->4960K(510976K)] 972531K->478207K(1035264K), 0.0210939 secs] [Times: user=0.03 sys=0.03, real=0.02 secs] 
2021-06-18T00:50:47.422+0800: 2992799.120: [GC (Allocation Failure) [PSYoungGen: 502624K->6304K(511488K)] 975871K->482748K(1035776K), 0.0199497 secs] [Times: user=0.02 sys=0.03, real=0.02 secs] 
2021-06-18T00:55:57.283+0800: 2993108.981: [GC (Allocation Failure) [PSYoungGen: 504992K->5120K(511488K)] 981436K->486615K(1035776K), 0.0311427 secs] [Times: user=0.03 sys=0.03, real=0.04 secs] 
2021-06-18T01:01:02.787+0800: 2993414.485: [GC (Allocation Failure) [PSYoungGen: 503808K->6080K(512512K)] 985303K->491261K(1036800K), 0.0261943 secs] [Times: user=0.03 sys=0.05, real=0.03 secs] 
2021-06-18T01:06:13.148+0800: 2993724.846: [GC (Allocation Failure) [PSYoungGen: 506304K->5920K(512000K)] 991485K->495688K(1036288K), 0.0276459 secs] [Times: user=0.04 sys=0.04, real=0.03 secs] 
2021-06-18T01:11:21.374+0800: 2994033.072: [GC (Allocation Failure) [PSYoungGen: 506144K->6784K(513024K)] 995912K->500780K(1037312K), 0.0246359 secs] [Times: user=0.04 sys=0.04, real=0.02 secs] 
2021-06-18T01:16:29.872+0800: 2994341.570: [GC (Allocation Failure) [PSYoungGen: 508032K->5472K(512512K)] 1002028K->504423K(1036800K), 0.0340455 secs] [Times: user=0.04 sys=0.05, real=0.04 secs] 
2021-06-18T01:21:27.732+0800: 2994639.430: [GC (Allocation Failure) [PSYoungGen: 506720K->9290K(511488K)] 1005671K->512039K(1035776K), 0.0299125 secs] [Times: user=0.04 sys=0.05, real=0.03 secs] 
2021-06-18T01:26:32.660+0800: 2994944.358: [GC (Allocation Failure) [PSYoungGen: 510026K->6016K(512512K)] 1012775K->515570K(1036800K), 0.0658246 secs] [Times: user=0.04 sys=0.04, real=0.07 secs] 
2021-06-18T01:31:41.614+0800: 2995253.312: [GC (Allocation Failure) [PSYoungGen: 506752K->6656K(513536K)] 1016306K->520767K(1037824K), 0.0264631 secs] [Times: user=0.03 sys=0.04, real=0.02 secs] 
2021-06-18T01:36:52.941+0800: 2995564.639: [GC (Allocation Failure) [PSYoungGen: 508928K->9504K(513024K)] 1023039K->528995K(1037312K), 0.0315235 secs] [Times: user=0.03 sys=0.04, real=0.04 secs] 
2021-06-18T01:36:52.973+0800: 2995564.671: [Full GC (Ergonomics) [PSYoungGen: 9504K->0K(513024K)] [ParOldGen: 519491K->312075K(524288K)] 528995K->312075K(1037312K), [Metaspace: 97463K->97463K(1138688K)], 0.5883529 secs] [Times: user=0.78 sys=0.77, real=0.58 secs] 
2021-06-18T01:41:58.605+0800: 2995870.303: [GC (Allocation Failure) [PSYoungGen: 502272K->7168K(513024K)] 814347K->319243K(1037312K), 0.0227866 secs] [Times: user=0.03 sys=0.03, real=0.02 secs] 
2021-06-18T01:47:10.379+0800: 2996182.077: [GC (Allocation Failure) [PSYoungGen: 508928K->5888K(513024K)] 821003K->323181K(1037312K), 0.0269777 secs] [Times: user=0.04 sys=0.03, real=0.03 secs] 
2021-06-18T01:52:16.685+0800: 2996488.384: [GC (Allocation Failure) [PSYoungGen: 507648K->8800K(512512K)] 824941K->330202K(1036800K), 0.0197981 secs] [Times: user=0.03 sys=0.04, real=0.02 secs] 
2021-06-18T01:57:23.285+0800: 2996794.983: [GC (Allocation Failure) [PSYoungGen: 510560K->6624K(513024K)] 831962K->335244K(1037312K), 0.0219810 secs] [Times: user=0.03 sys=0.03, real=0.02 secs] 
2021-06-18T02:02:28.208+0800: 2997099.906: [GC (Allocation Failure) [PSYoungGen: 508384K->7360K(513536K)] 837004K->341016K(1037824K), 0.0225282 secs] [Times: user=0.03 sys=0.04, real=0.02 secs] 
2021-06-18T02:07:35.618+0800: 2997407.316: [GC (Allocation Failure) [PSYoungGen: 510144K->6560K(513536K)] 843800K->345779K(1037824K), 0.0213374 secs] [Times: user=0.04 sys=0.03, real=0.02 secs] 
2021-06-18T02:12:47.148+0800: 2997718.846: [GC (Allocation Failure) [PSYoungGen: 509344K->7680K(514048K)] 848563K->351703K(1038336K), 0.0238121 secs] [Times: user=0.03 sys=0.03, real=0.02 secs] 
2021-06-18T02:17:55.621+0800: 2998027.319: [GC (Allocation Failure) [PSYoungGen: 511488K->8544K(512512K)] 855511K->358154K(1036800K), 0.0208296 secs] [Times: user=0.03 sys=0.03, real=0.03 secs] 
2021-06-18T02:23:09.642+0800: 2998341.340: [GC (Allocation Failure) [PSYoungGen: 512352K->6240K(514048K)] 861962K->362539K(1038336K), 0.0219885 secs] [Times: user=0.04 sys=0.03, real=0.03 secs] 
2021-06-18T02:28:21.062+0800: 2998652.761: [GC (Allocation Failure) [PSYoungGen: 509536K->7168K(513536K)] 865835K->368199K(1037824K), 0.0211059 secs] [Times: user=0.04 sys=0.03, real=0.02 secs] 
2021-06-18T02:33:30.875+0800: 2998962.574: [GC (Allocation Failure) [PSYoungGen: 510464K->6976K(514560K)] 871495K->373850K(1038848K), 0.0217630 secs] [Times: user=0.03 sys=0.04, real=0.02 secs] 
2021-06-18T02:38:38.151+0800: 2999269.849: [GC (Allocation Failure) [PSYoungGen: 511296K->7072K(514048K)] 878170K->379061K(1038336K), 0.0252506 secs] [Times: user=0.03 sys=0.03, real=0.03 secs] 
2021-06-18T02:43:52.052+0800: 2999583.751: [GC (Allocation Failure) [PSYoungGen: 511392K->6432K(514560K)] 883381K->383720K(1038848K), 0.0203016 secs] [Times: user=0.03 sys=0.03, real=0.02 secs] 
2021-06-18T02:49:03.154+0800: 2999894.853: [GC (Allocation Failure) [PSYoungGen: 511264K->6176K(514560K)] 888552K->388299K(1038848K), 0.0197647 secs] [Times: user=0.03 sys=0.04, real=0.02 secs] 
2021-06-18T02:54:14.196+0800: 3000205.894: [GC (Allocation Failure) [PSYoungGen: 511008K->5408K(514560K)] 893131K->392064K(1038848K), 0.0220020 secs] [Times: user=0.02 sys=0.03, real=0.02 secs] 
2021-06-18T02:59:23.596+0800: 3000515.295: [GC (Allocation Failure) [PSYoungGen: 510240K->6560K(514560K)] 896896K->397093K(1038848K), 0.0252913 secs] [Times: user=0.03 sys=0.04, real=0.02 secs] 
2021-06-18T03:04:38.467+0800: 3000830.165: [GC (Allocation Failure) [PSYoungGen: 511392K->6368K(515072K)] 901925K->401681K(1039360K), 0.0209111 secs] [Times: user=0.03 sys=0.03, real=0.02 secs] 
2021-06-18T03:09:50.160+0800: 3001141.858: [GC (Allocation Failure) [PSYoungGen: 512224K->5856K(515072K)] 907537K->405526K(1039360K), 0.0334136 secs] [Times: user=0.03 sys=0.03, real=0.04 secs] 
2021-06-18T03:15:00.853+0800: 3001452.551: [GC (Allocation Failure) [PSYoungGen: 511712K->7424K(515072K)] 911382K->411577K(1039360K), 0.0226653 secs] [Times: user=0.04 sys=0.03, real=0.02 secs] 
2021-06-18T03:20:12.339+0800: 3001764.037: [GC (Allocation Failure) [PSYoungGen: 513280K->5440K(515072K)] 917433K->415843K(1039360K), 0.0204313 secs] [Times: user=0.03 sys=0.03, real=0.02 secs] 
2021-06-18T03:25:21.085+0800: 3002072.783: [GC (Allocation Failure) [PSYoungGen: 511296K->6048K(515072K)] 921699K->420479K(1039360K), 0.0191691 secs] [Times: user=0.03 sys=0.03, real=0.02 secs] 
2021-06-18T03:30:31.094+0800: 3002382.792: [GC (Allocation Failure) [PSYoungGen: 511904K->5472K(515072K)] 926335K->424292K(1039360K), 0.0214711 secs] [Times: user=0.03 sys=0.03, real=0.02 secs] 
2021-06-18T03:35:44.238+0800: 3002695.937: [GC (Allocation Failure) [PSYoungGen: 511328K->6944K(515584K)] 930148K->429753K(1039872K), 0.0722805 secs] [Times: user=0.03 sys=0.03, real=0.07 secs] 
2021-06-18T03:40:50.104+0800: 3003001.802: [GC (Allocation Failure) [PSYoungGen: 513312K->7104K(515072K)] 936121K->435452K(1039360K), 0.0219266 secs] [Times: user=0.04 sys=0.03, real=0.02 secs] 
2021-06-18T03:45:55.590+0800: 3003307.288: [GC (Allocation Failure) [PSYoungGen: 513472K->6432K(515584K)] 941820K->440038K(1039872K), 0.0206560 secs] [Times: user=0.03 sys=0.03, real=0.02 secs] 
2021-06-18T03:51:08.424+0800: 3003620.122: [GC (Allocation Failure) [PSYoungGen: 512800K->5760K(515072K)] 946406K->444505K(1039360K), 0.0212817 secs] [Times: user=0.03 sys=0.03, real=0.02 secs] 
2021-06-18T03:56:20.500+0800: 3003932.199: [GC (Allocation Failure) [PSYoungGen: 512128K->6944K(515584K)] 950873K->449302K(1039872K), 0.0235265 secs] [Times: user=0.04 sys=0.04, real=0.03 secs] 
2021-06-18T04:01:24.748+0800: 3004236.446: [GC (Allocation Failure) [PSYoungGen: 513824K->5728K(515584K)] 956182K->453426K(1039872K), 0.0283290 secs] [Times: user=0.03 sys=0.03, real=0.03 secs] 
2021-06-18T04:06:39.177+0800: 3004550.875: [GC (Allocation Failure) [PSYoungGen: 512608K->6208K(515584K)] 960306K->458214K(1039872K), 0.0391308 secs] [Times: user=0.03 sys=0.04, real=0.04 secs] 
2021-06-18T04:11:48.237+0800: 3004859.936: [GC (Allocation Failure) [PSYoungGen: 513088K->8256K(515584K)] 965094K->464644K(1039872K), 0.0357750 secs] [Times: user=0.04 sys=0.04, real=0.04 secs] 
2021-06-18T04:16:58.944+0800: 3005170.642: [GC (Allocation Failure) [PSYoungGen: 515136K->7648K(514560K)] 971524K->470103K(1038848K), 0.0277415 secs] [Times: user=0.03 sys=0.03, real=0.02 secs] 
2021-06-18T04:22:14.634+0800: 3005486.332: [GC (Allocation Failure) [PSYoungGen: 513504K->6176K(515072K)] 975959K->474346K(1039360K), 0.0227181 secs] [Times: user=0.03 sys=0.04, real=0.02 secs] 
2021-06-18T04:27:28.653+0800: 3005800.351: [GC (Allocation Failure) [PSYoungGen: 512032K->4704K(515072K)] 980202K->477301K(1039360K), 0.0191598 secs] [Times: user=0.03 sys=0.03, real=0.01 secs] 
2021-06-18T04:32:37.731+0800: 3006109.429: [GC (Allocation Failure) [PSYoungGen: 510554K->7456K(515072K)] 983152K->483003K(1039360K), 0.0211072 secs] [Times: user=0.03 sys=0.03, real=0.02 secs] 
2021-06-18T04:37:50.169+0800: 3006421.868: [GC (Allocation Failure) [PSYoungGen: 513312K->6496K(515072K)] 988859K->487710K(1039360K), 0.0201314 secs] [Times: user=0.03 sys=0.03, real=0.02 secs] 
2021-06-18T04:43:06.537+0800: 3006738.235: [GC (Allocation Failure) [PSYoungGen: 512352K->5728K(515072K)] 993566K->492241K(1039360K), 0.0213410 secs] [Times: user=0.04 sys=0.03, real=0.02 secs] 
2021-06-18T04:48:14.811+0800: 3007046.510: [GC (Allocation Failure) [PSYoungGen: 511584K->6688K(515584K)] 998097K->497781K(1039872K), 0.0211231 secs] [Times: user=0.03 sys=0.03, real=0.03 secs] 
2021-06-18T04:53:30.369+0800: 3007362.067: [GC (Allocation Failure) [PSYoungGen: 513568K->7904K(515072K)] 1004661K->504257K(1039360K), 0.0230889 secs] [Times: user=0.03 sys=0.03, real=0.03 secs] 
2021-06-18T04:58:39.385+0800: 3007671.083: [GC (Allocation Failure) [PSYoungGen: 514784K->7296K(515072K)] 1011137K->509916K(1039360K), 0.0263528 secs] [Times: user=0.04 sys=0.04, real=0.02 secs] 
2021-06-18T05:03:48.920+0800: 3007980.618: [GC (Allocation Failure) [PSYoungGen: 513152K->8320K(514560K)] 1015772K->516880K(1038848K), 0.0323796 secs] [Times: user=0.04 sys=0.04, real=0.04 secs] 
2021-06-18T05:08:52.283+0800: 3008283.981: [GC (Allocation Failure) [PSYoungGen: 514176K->9728K(504320K)] 1022736K->530266K(1028608K), 0.0328873 secs] [Times: user=0.03 sys=0.03, real=0.03 secs] 
2021-06-18T05:08:52.316+0800: 3008284.014: [Full GC (Ergonomics) [PSYoungGen: 9728K->0K(504320K)] [ParOldGen: 520538K->313263K(524288K)] 530266K->313263K(1028608K), [Metaspace: 97487K->97487K(1138688K)], 0.4703269 secs] [Times: user=0.47 sys=0.47, real=0.47 secs] 
2021-06-18T05:13:39.341+0800: 3008571.039: [GC (Allocation Failure) [PSYoungGen: 494592K->6144K(509440K)] 807855K->319407K(1033728K), 0.0293079 secs] [Times: user=0.04 sys=0.04, real=0.03 secs] 
2021-06-18T05:18:32.196+0800: 3008863.895: [GC (Allocation Failure) [PSYoungGen: 500736K->5664K(509952K)] 813999K->323995K(1034240K), 0.0623523 secs] [Times: user=0.04 sys=0.04, real=0.06 secs] 
2021-06-18T05:23:24.531+0800: 3009156.229: [GC (Allocation Failure) [PSYoungGen: 501280K->7840K(509952K)] 819611K->330455K(1034240K), 0.0280378 secs] [Times: user=0.04 sys=0.04, real=0.03 secs] 
2021-06-18T05:28:14.499+0800: 3009446.198: [GC (Allocation Failure) [PSYoungGen: 503456K->6848K(510976K)] 826071K->335961K(1035264K), 0.0226470 secs] [Times: user=0.04 sys=0.04, real=0.03 secs] 
2021-06-18T05:33:07.352+0800: 3009739.050: [GC (Allocation Failure) [PSYoungGen: 504000K->7488K(510464K)] 833113K->341865K(1034752K), 0.0473706 secs] [Times: user=0.03 sys=0.04, real=0.05 secs] 
2021-06-18T05:37:57.777+0800: 3010029.476: [GC (Allocation Failure) [PSYoungGen: 504640K->8416K(511488K)] 839017K->348764K(1035776K), 0.0269989 secs] [Times: user=0.04 sys=0.04, real=0.03 secs] 
2021-06-18T05:42:51.382+0800: 3010323.080: [GC (Allocation Failure) [PSYoungGen: 507104K->4832K(511488K)] 847452K->352326K(1035776K), 0.0274014 secs] [Times: user=0.03 sys=0.04, real=0.03 secs] 
2021-06-18T05:47:48.691+0800: 3010620.389: [GC (Allocation Failure) [PSYoungGen: 503520K->5088K(511488K)] 851014K->356099K(1035776K), 0.0245644 secs] [Times: user=0.04 sys=0.04, real=0.03 secs] 
2021-06-18T05:52:45.299+0800: 3010916.997: [GC (Allocation Failure) [PSYoungGen: 503776K->6336K(511488K)] 854787K->360649K(1035776K), 0.0418236 secs] [Times: user=0.04 sys=0.04, real=0.04 secs] 
2021-06-18T05:57:37.824+0800: 3011209.522: [GC (Allocation Failure) [PSYoungGen: 505024K->8000K(512000K)] 859337K->366877K(1036288K), 0.0358373 secs] [Times: user=0.03 sys=0.04, real=0.03 secs] 
2021-06-18T06:02:29.419+0800: 3011501.117: [GC (Allocation Failure) [PSYoungGen: 507712K->5408K(512000K)] 866589K->370262K(1036288K), 0.0219300 secs] [Times: user=0.04 sys=0.04, real=0.02 secs] 
2021-06-18T06:07:23.418+0800: 3011795.116: [GC (Allocation Failure) [PSYoungGen: 505120K->4576K(512512K)] 869974K->373235K(1036800K), 0.0218069 secs] [Times: user=0.03 sys=0.03, real=0.02 secs] 
2021-06-18T06:12:17.747+0800: 3012089.445: [GC (Allocation Failure) [PSYoungGen: 505312K->6016K(512512K)] 873971K->377345K(1036800K), 0.0389569 secs] [Times: user=0.03 sys=0.03, real=0.04 secs] 
2021-06-18T06:17:10.699+0800: 3012382.398: [GC (Allocation Failure) [PSYoungGen: 506752K->8064K(512512K)] 878081K->383965K(1036800K), 0.0213760 secs] [Times: user=0.03 sys=0.03, real=0.02 secs] 
2021-06-18T06:22:05.762+0800: 3012677.460: [GC (Allocation Failure) [PSYoungGen: 508800K->6880K(512512K)] 884701K->389112K(1036800K), 0.0209220 secs] [Times: user=0.07 sys=0.00, real=0.02 secs] 
2021-06-18T06:26:52.934+0800: 3012964.632: [GC (Allocation Failure) [PSYoungGen: 507616K->9952K(512000K)] 889848K->397333K(1036288K), 0.0500708 secs] [Times: user=0.03 sys=0.03, real=0.05 secs] 
2021-06-18T06:31:48.569+0800: 3013260.268: [GC (Allocation Failure) [PSYoungGen: 510688K->8064K(512512K)] 898069K->403557K(1036800K), 0.0239790 secs] [Times: user=0.03 sys=0.04, real=0.03 secs] 
2021-06-18T06:36:43.025+0800: 3013554.723: [GC (Allocation Failure) [PSYoungGen: 508800K->5408K(512512K)] 904293K->407750K(1036800K), 0.0950180 secs] [Times: user=0.03 sys=0.04, real=0.09 secs] 
2021-06-18T06:41:38.349+0800: 3013850.047: [GC (Allocation Failure) [PSYoungGen: 506144K->5088K(512512K)] 908486K->411195K(1036800K), 0.0268488 secs] [Times: user=0.03 sys=0.03, real=0.03 secs] 
2021-06-18T06:46:33.470+0800: 3014145.168: [GC (Allocation Failure) [PSYoungGen: 505824K->4736K(513024K)] 911931K->414583K(1037312K), 0.0349160 secs] [Times: user=0.03 sys=0.03, real=0.04 secs] 
2021-06-18T06:51:27.194+0800: 3014438.892: [GC (Allocation Failure) [PSYoungGen: 505984K->5248K(512512K)] 915831K->418444K(1036800K), 0.0225326 secs] [Times: user=0.03 sys=0.03, real=0.02 secs] 
2021-06-18T06:56:19.532+0800: 3014731.231: [GC (Allocation Failure) [PSYoungGen: 506496K->7008K(513536K)] 919692K->423930K(1037824K), 0.0210867 secs] [Times: user=0.03 sys=0.03, real=0.02 secs] 
2021-06-18T07:01:15.221+0800: 3015026.919: [GC (Allocation Failure) [PSYoungGen: 509280K->6624K(513024K)] 926202K->428741K(1037312K), 0.0247898 secs] [Times: user=0.04 sys=0.04, real=0.03 secs] 
2021-06-18T07:06:10.247+0800: 3015321.945: [GC (Allocation Failure) [PSYoungGen: 508896K->6176K(514048K)] 931013K->433425K(1038336K), 0.0209186 secs] [Times: user=0.03 sys=0.04, real=0.02 secs] 
2021-06-18T07:11:08.400+0800: 3015620.098: [GC (Allocation Failure) [PSYoungGen: 509472K->6016K(513536K)] 936721K->437622K(1037824K), 0.0513598 secs] [Times: user=0.03 sys=0.04, real=0.05 secs] 
2021-06-18T07:16:04.594+0800: 3015916.292: [GC (Allocation Failure) [PSYoungGen: 509312K->7680K(514048K)] 940918K->443946K(1038336K), 0.0235595 secs] [Times: user=0.03 sys=0.03, real=0.02 secs] 
2021-06-18T07:20:49.755+0800: 3016201.453: [GC (Allocation Failure) [PSYoungGen: 511488K->6346K(514048K)] 947754K->448703K(1038336K), 0.0203618 secs] [Times: user=0.02 sys=0.03, real=0.02 secs] 
2021-06-18T07:25:46.892+0800: 3016498.590: [GC (Allocation Failure) [PSYoungGen: 510154K->4832K(514560K)] 952511K->452323K(1038848K), 0.0209786 secs] [Times: user=0.03 sys=0.03, real=0.03 secs] 
2021-06-18T07:30:41.174+0800: 3016792.872: [GC (Allocation Failure) [PSYoungGen: 509662K->9088K(514048K)] 957154K->459953K(1038336K), 0.0242301 secs] [Times: user=0.03 sys=0.04, real=0.02 secs] 
2021-06-18T07:35:34.108+0800: 3017085.806: [GC (Allocation Failure) [PSYoungGen: 513920K->6368K(514048K)] 964785K->464482K(1038336K), 0.0215093 secs] [Times: user=0.03 sys=0.03, real=0.02 secs] 
2021-06-18T07:40:29.209+0800: 3017380.907: [GC (Allocation Failure) [PSYoungGen: 510176K->7296K(514048K)] 968290K->470597K(1038336K), 0.0346685 secs] [Times: user=0.03 sys=0.03, real=0.04 secs] 
2021-06-18T07:45:24.005+0800: 3017675.703: [GC (Allocation Failure) [PSYoungGen: 511104K->5600K(514048K)] 974405K->474784K(1038336K), 0.0247661 secs] [Times: user=0.03 sys=0.03, real=0.02 secs] 
2021-06-18T07:50:19.066+0800: 3017970.764: [GC (Allocation Failure) [PSYoungGen: 509408K->5248K(514048K)] 978592K->478038K(1038336K), 0.0348884 secs] [Times: user=0.03 sys=0.03, real=0.03 secs] 
2021-06-18T07:55:13.621+0800: 3018265.320: [GC (Allocation Failure) [PSYoungGen: 509056K->5984K(514560K)] 981846K->482243K(1038848K), 0.0241746 secs] [Times: user=0.03 sys=0.03, real=0.03 secs] 
2021-06-18T08:00:09.318+0800: 3018561.017: [GC (Allocation Failure) [PSYoungGen: 510816K->7744K(514560K)] 987075K->488001K(1038848K), 0.0686663 secs] [Times: user=0.04 sys=0.03, real=0.07 secs] 
2021-06-18T08:05:09.138+0800: 3018860.836: [GC (Allocation Failure) [PSYoungGen: 512576K->7072K(514560K)] 992833K->493235K(1038848K), 0.0229213 secs] [Times: user=0.03 sys=0.04, real=0.02 secs] 
2021-06-18T08:10:05.779+0800: 3019157.477: [GC (Allocation Failure) [PSYoungGen: 511904K->5536K(514560K)] 998067K->497174K(1038848K), 0.0224105 secs] [Times: user=0.03 sys=0.04, real=0.02 secs] 
2021-06-18T08:15:05.711+0800: 3019457.409: [GC (Allocation Failure) [PSYoungGen: 510368K->4832K(514560K)] 1002006K->500682K(1038848K), 0.0213752 secs] [Times: user=0.03 sys=0.04, real=0.03 secs] 
2021-06-18T08:20:00.620+0800: 3019752.318: [GC (Allocation Failure) [PSYoungGen: 509664K->6080K(514560K)] 1005514K->505400K(1038848K), 0.0287484 secs] [Times: user=0.04 sys=0.03, real=0.03 secs] 
2021-06-18T08:24:55.747+0800: 3020047.445: [GC (Allocation Failure) [PSYoungGen: 510912K->9184K(508928K)] 1010232K->513724K(1033216K), 0.0260682 secs] [Times: user=0.03 sys=0.03, real=0.03 secs] 
2021-06-18T08:29:52.769+0800: 3020344.467: [GC (Allocation Failure) [PSYoungGen: 508896K->4704K(512000K)] 1013436K->517795K(1036288K), 0.0221287 secs] [Times: user=0.03 sys=0.04, real=0.02 secs] 
2021-06-18T08:34:49.668+0800: 3020641.366: [GC (Allocation Failure) [PSYoungGen: 504416K->5856K(512512K)] 1017507K->522105K(1036800K), 0.0515133 secs] [Times: user=0.03 sys=0.03, real=0.05 secs] 
2021-06-18T08:34:49.720+0800: 3020641.418: [Full GC (Ergonomics) [PSYoungGen: 5856K->0K(512512K)] [ParOldGen: 516249K->300784K(524288K)] 522105K->300784K(1036800K), [Metaspace: 97522K->97522K(1138688K)], 0.4578030 secs] [Times: user=0.51 sys=0.50, real=0.46 secs] 
2021-06-18T08:39:45.411+0800: 3020937.110: [GC (Allocation Failure) [PSYoungGen: 500736K->4960K(512512K)] 801520K->305744K(1036800K), 0.0214794 secs] [Times: user=0.03 sys=0.03, real=0.03 secs] 
2021-06-18T08:44:39.431+0800: 3021231.129: [GC (Allocation Failure) [PSYoungGen: 505696K->5376K(513024K)] 806480K->309853K(1037312K), 0.0204799 secs] [Times: user=0.03 sys=0.03, real=0.02 secs] 
2021-06-18T08:49:34.742+0800: 3021526.440: [GC (Allocation Failure) [PSYoungGen: 506624K->7328K(512512K)] 811101K->315611K(1036800K), 0.0241178 secs] [Times: user=0.03 sys=0.03, real=0.03 secs] 
2021-06-18T08:54:25.446+0800: 3021817.145: [GC (Allocation Failure) [PSYoungGen: 508576K->6560K(513536K)] 816859K->320549K(1037824K), 0.0261415 secs] [Times: user=0.03 sys=0.03, real=0.03 secs] 
2021-06-18T08:59:19.870+0800: 3022111.568: [GC (Allocation Failure) [PSYoungGen: 508832K->7072K(513024K)] 822821K->326329K(1037312K), 0.0322775 secs] [Times: user=0.03 sys=0.04, real=0.03 secs] 
2021-06-18T09:04:18.658+0800: 3022410.357: [GC (Allocation Failure) [PSYoungGen: 509344K->6528K(514048K)] 828601K->330948K(1038336K), 0.0222016 secs] [Times: user=0.03 sys=0.04, real=0.02 secs] 
2021-06-18T09:09:12.145+0800: 3022703.844: [GC (Allocation Failure) [PSYoungGen: 509824K->6080K(513536K)] 834244K->335552K(1037824K), 0.0209669 secs] [Times: user=0.03 sys=0.03, real=0.02 secs] 
2021-06-18T09:14:07.780+0800: 3022999.478: [GC (Allocation Failure) [PSYoungGen: 509376K->8032K(513536K)] 838848K->342020K(1037824K), 0.0203491 secs] [Times: user=0.03 sys=0.02, real=0.02 secs] 
2021-06-18T09:19:05.298+0800: 3023296.996: [GC (Allocation Failure) [PSYoungGen: 511840K->5280K(514048K)] 845828K->345918K(1038336K), 0.0205136 secs] [Times: user=0.03 sys=0.03, real=0.02 secs] 
2021-06-18T09:24:04.231+0800: 3023595.929: [GC (Allocation Failure) [PSYoungGen: 509088K->4544K(514048K)] 849726K->349226K(1038336K), 0.0217772 secs] [Times: user=0.03 sys=0.03, real=0.03 secs] 
2021-06-18T09:28:58.836+0800: 3023890.534: [GC (Allocation Failure) [PSYoungGen: 508352K->7360K(514048K)] 853034K->354968K(1038336K), 0.0255642 secs] [Times: user=0.04 sys=0.03, real=0.02 secs] 
2021-06-18T09:33:52.055+0800: 3024183.753: [GC (Allocation Failure) [PSYoungGen: 511168K->4672K(514048K)] 858776K->358098K(1038336K), 0.0220018 secs] [Times: user=0.06 sys=0.00, real=0.02 secs] 
2021-06-18T09:38:48.184+0800: 3024479.882: [GC (Allocation Failure) [PSYoungGen: 508480K->5792K(514048K)] 861906K->362272K(1038336K), 0.0195031 secs] [Times: user=0.03 sys=0.03, real=0.02 secs] 
2021-06-18T09:43:46.936+0800: 3024778.634: [GC (Allocation Failure) [PSYoungGen: 509600K->6112K(514560K)] 866080K->367124K(1038848K), 0.0213263 secs] [Times: user=0.04 sys=0.04, real=0.02 secs] 
2021-06-18T09:48:43.805+0800: 3025075.504: [GC (Allocation Failure) [PSYoungGen: 510944K->9472K(514560K)] 871956K->374705K(1038848K), 0.0232972 secs] [Times: user=0.03 sys=0.04, real=0.02 secs] 
2021-06-18T09:53:39.802+0800: 3025371.500: [GC (Allocation Failure) [PSYoungGen: 514304K->8896K(512512K)] 879537K->381467K(1036800K), 0.0226384 secs] [Times: user=0.04 sys=0.03, real=0.03 secs] 
2021-06-18T09:58:39.453+0800: 3025671.151: [GC (Allocation Failure) [PSYoungGen: 511680K->6336K(513536K)] 884251K->386292K(1037824K), 0.0317051 secs] [Times: user=0.03 sys=0.03, real=0.03 secs] 
2021-06-18T10:03:37.512+0800: 3025969.210: [GC (Allocation Failure) [PSYoungGen: 509120K->5280K(514048K)] 889076K->390256K(1038336K), 0.0296722 secs] [Times: user=0.04 sys=0.04, real=0.03 secs] 
2021-06-18T10:08:34.339+0800: 3026266.037: [GC (Allocation Failure) [PSYoungGen: 508576K->6016K(513536K)] 893552K->394573K(1037824K), 0.0239217 secs] [Times: user=0.04 sys=0.04, real=0.03 secs] 
2021-06-18T10:13:28.921+0800: 3026560.619: [GC (Allocation Failure) [PSYoungGen: 509312K->6208K(514560K)] 897869K->399121K(1038848K), 0.0254140 secs] [Times: user=0.04 sys=0.04, real=0.03 secs] 
2021-06-18T10:18:23.574+0800: 3026855.272: [GC (Allocation Failure) [PSYoungGen: 510528K->5536K(514048K)] 903441K->403397K(1038336K), 0.0192122 secs] [Times: user=0.03 sys=0.03, real=0.02 secs] 
2021-06-18T10:23:23.413+0800: 3027155.111: [GC (Allocation Failure) [PSYoungGen: 509856K->6208K(514560K)] 907717K->408360K(1038848K), 0.0235293 secs] [Times: user=0.03 sys=0.04, real=0.02 secs] 
2021-06-18T10:28:21.244+0800: 3027452.943: [GC (Allocation Failure) [PSYoungGen: 511040K->4768K(514560K)] 913192K->411332K(1038848K), 0.0215859 secs] [Times: user=0.03 sys=0.04, real=0.02 secs] 
2021-06-18T10:33:21.286+0800: 3027752.984: [GC (Allocation Failure) [PSYoungGen: 509600K->5312K(515072K)] 916164K->415274K(1039360K), 0.0234198 secs] [Times: user=0.03 sys=0.03, real=0.02 secs] 
2021-06-18T10:38:16.356+0800: 3028048.054: [GC (Allocation Failure) [PSYoungGen: 510656K->6592K(514560K)] 920618K->420119K(1038848K), 0.0246233 secs] [Times: user=0.04 sys=0.03, real=0.02 secs] 
2021-06-18T10:43:16.162+0800: 3028347.860: [GC (Allocation Failure) [PSYoungGen: 511936K->6176K(515584K)] 925463K->424699K(1039872K), 0.0387013 secs] [Times: user=0.03 sys=0.03, real=0.04 secs] 
2021-06-18T10:48:19.540+0800: 3028651.239: [GC (Allocation Failure) [PSYoungGen: 512544K->7680K(515072K)] 931067K->430975K(1039360K), 0.0288372 secs] [Times: user=0.03 sys=0.05, real=0.03 secs] 
2021-06-18T10:53:16.155+0800: 3028947.853: [GC (Allocation Failure) [PSYoungGen: 514048K->6880K(515072K)] 937343K->435418K(1039360K), 0.0264665 secs] [Times: user=0.03 sys=0.04, real=0.02 secs] 
2021-06-18T10:58:13.464+0800: 3029245.162: [GC (Allocation Failure) [PSYoungGen: 512736K->5984K(515072K)] 941274K->439510K(1039360K), 0.0234774 secs] [Times: user=0.03 sys=0.03, real=0.02 secs] 
2021-06-18T11:03:11.451+0800: 3029543.149: [GC (Allocation Failure) [PSYoungGen: 511840K->9184K(509952K)] 945366K->447404K(1034240K), 0.0494479 secs] [Times: user=0.03 sys=0.04, real=0.05 secs] 
2021-06-18T11:08:08.247+0800: 3029839.945: [GC (Allocation Failure) [PSYoungGen: 509920K->7136K(512512K)] 948140K->452724K(1036800K), 0.0307820 secs] [Times: user=0.04 sys=0.04, real=0.03 secs] 
2021-06-18T11:13:04.745+0800: 3030136.443: [GC (Allocation Failure) [PSYoungGen: 507872K->5728K(513536K)] 953460K->456911K(1037824K), 0.0237157 secs] [Times: user=0.03 sys=0.04, real=0.02 secs] 
2021-06-18T11:18:00.604+0800: 3030432.303: [GC (Allocation Failure) [PSYoungGen: 508000K->9248K(513024K)] 959183K->464416K(1037312K), 0.0242592 secs] [Times: user=0.04 sys=0.03, real=0.02 secs] 
2021-06-18T11:22:58.145+0800: 3030729.843: [GC (Allocation Failure) [PSYoungGen: 511520K->6144K(513024K)] 966688K->468961K(1037312K), 0.0297117 secs] [Times: user=0.03 sys=0.03, real=0.03 secs] 
2021-06-18T11:27:54.057+0800: 3031025.755: [GC (Allocation Failure) [PSYoungGen: 507904K->5856K(513024K)] 970721K->473476K(1037312K), 0.0242768 secs] [Times: user=0.04 sys=0.03, real=0.02 secs] 
2021-06-18T11:32:51.068+0800: 3031322.766: [GC (Allocation Failure) [PSYoungGen: 507616K->5792K(513536K)] 975236K->477721K(1037824K), 0.0253501 secs] [Times: user=0.03 sys=0.04, real=0.03 secs] 
2021-06-18T11:37:54.900+0800: 3031626.599: [GC (Allocation Failure) [PSYoungGen: 508064K->5696K(513024K)] 979993K->481518K(1037312K), 0.0239089 secs] [Times: user=0.04 sys=0.04, real=0.03 secs] 
2021-06-18T11:42:51.710+0800: 3031923.408: [GC (Allocation Failure) [PSYoungGen: 507968K->4672K(513536K)] 983790K->484331K(1037824K), 0.0252943 secs] [Times: user=0.03 sys=0.03, real=0.03 secs] 
2021-06-18T11:47:46.748+0800: 3032218.446: [GC (Allocation Failure) [PSYoungGen: 507456K->10720K(513536K)] 987115K->494562K(1037824K), 0.0281171 secs] [Times: user=0.03 sys=0.04, real=0.03 secs] 
2021-06-18T11:52:46.358+0800: 3032518.056: [GC (Allocation Failure) [PSYoungGen: 513504K->7296K(509440K)] 997346K->500473K(1033728K), 0.0342441 secs] [Times: user=0.03 sys=0.03, real=0.04 secs] 
2021-06-18T11:57:41.902+0800: 3032813.601: [GC (Allocation Failure) [PSYoungGen: 505984K->7616K(511488K)] 999161K->506756K(1035776K), 0.0301425 secs] [Times: user=0.04 sys=0.05, real=0.03 secs] 
2021-06-18T12:02:35.247+0800: 3033106.945: [GC (Allocation Failure) [PSYoungGen: 506299K->5888K(512000K)] 1005439K->510431K(1036288K), 0.0268369 secs] [Times: user=0.04 sys=0.04, real=0.03 secs] 
2021-06-18T12:07:28.651+0800: 3033400.350: [GC (Allocation Failure) [PSYoungGen: 505600K->5760K(512000K)] 1010143K->514819K(1036288K), 0.0347785 secs] [Times: user=0.03 sys=0.04, real=0.04 secs] 
2021-06-18T12:12:19.272+0800: 3033690.970: [GC (Allocation Failure) [PSYoungGen: 505472K->4960K(512512K)] 1014531K->518088K(1036800K), 0.0248373 secs] [Times: user=0.03 sys=0.04, real=0.03 secs] 
2021-06-18T12:17:14.780+0800: 3033986.478: [GC (Allocation Failure) [PSYoungGen: 505696K->5600K(512512K)] 1018824K->522197K(1036800K), 0.0242820 secs] [Times: user=0.04 sys=0.03, real=0.03 secs] 
2021-06-18T12:17:14.805+0800: 3033986.503: [Full GC (Ergonomics) [PSYoungGen: 5600K->0K(512512K)] [ParOldGen: 516597K->306036K(524288K)] 522197K->306036K(1036800K), [Metaspace: 97618K->97614K(1138688K)], 0.5660884 secs] [Times: user=0.62 sys=0.61, real=0.56 secs] 
2021-06-18T12:22:06.617+0800: 3034278.315: [GC (Allocation Failure) [PSYoungGen: 500736K->7296K(513024K)] 806772K->313332K(1037312K), 0.0532168 secs] [Times: user=0.04 sys=0.04, real=0.05 secs] 
2021-06-18T12:27:02.145+0800: 3034573.844: [GC (Allocation Failure) [PSYoungGen: 508544K->6304K(512512K)] 814580K->318367K(1036800K), 0.0270433 secs] [Times: user=0.03 sys=0.03, real=0.03 secs] 
2021-06-18T12:31:56.590+0800: 3034868.289: [GC (Allocation Failure) [PSYoungGen: 507552K->8320K(512512K)] 819615K->324979K(1036800K), 0.0257243 secs] [Times: user=0.04 sys=0.04, real=0.03 secs] 
2021-06-18T12:36:52.453+0800: 3035164.152: [GC (Allocation Failure) [PSYoungGen: 510080K->6720K(513024K)] 826739K->329499K(1037312K), 0.0398082 secs] [Times: user=0.03 sys=0.04, real=0.04 secs] 
2021-06-18T12:41:47.803+0800: 3035459.502: [GC (Allocation Failure) [PSYoungGen: 508480K->7904K(513536K)] 831259K->335999K(1037824K), 0.0267186 secs] [Times: user=0.04 sys=0.04, real=0.02 secs] 
2021-06-18T12:46:43.591+0800: 3035755.289: [GC (Allocation Failure) [PSYoungGen: 510688K->9568K(512512K)] 838783K->344097K(1036800K), 0.0284980 secs] [Times: user=0.03 sys=0.04, real=0.03 secs] 
2021-06-18T12:51:43.150+0800: 3036054.848: [GC (Allocation Failure) [PSYoungGen: 512352K->7008K(513024K)] 846881K->348778K(1037312K), 0.0260433 secs] [Times: user=0.04 sys=0.05, real=0.03 secs] 
2021-06-18T12:56:41.982+0800: 3036353.680: [GC (Allocation Failure) [PSYoungGen: 508768K->4800K(513024K)] 850538K->352356K(1037312K), 0.0717762 secs] [Times: user=0.04 sys=0.04, real=0.08 secs] 
2021-06-18T13:01:37.204+0800: 3036648.902: [GC (Allocation Failure) [PSYoungGen: 506560K->5120K(513024K)] 854116K->355969K(1037312K), 0.0211025 secs] [Times: user=0.03 sys=0.04, real=0.02 secs] 
2021-06-18T13:06:30.877+0800: 3036942.575: [GC (Allocation Failure) [PSYoungGen: 506880K->5728K(513024K)] 857729K->360102K(1037312K), 0.0200702 secs] [Times: user=0.03 sys=0.03, real=0.02 secs] 
2021-06-18T13:11:29.016+0800: 3037240.715: [GC (Allocation Failure) [PSYoungGen: 507488K->4768K(513536K)] 861862K->363179K(1037824K), 0.0298618 secs] [Times: user=0.04 sys=0.05, real=0.03 secs] 
2021-06-18T13:16:28.295+0800: 3037539.994: [GC (Allocation Failure) [PSYoungGen: 507552K->5760K(513536K)] 865963K->367608K(1037824K), 0.0342395 secs] [Times: user=0.04 sys=0.04, real=0.03 secs] 
2021-06-18T13:21:16.525+0800: 3037828.223: [GC (Allocation Failure) [PSYoungGen: 508544K->4810K(514048K)] 870392K->370974K(1038336K), 0.0297179 secs] [Times: user=0.03 sys=0.04, real=0.03 secs] 
2021-06-18T13:26:13.362+0800: 3038125.061: [GC (Allocation Failure) [PSYoungGen: 508618K->7648K(511488K)] 874782K->377268K(1035776K), 0.0223443 secs] [Times: user=0.03 sys=0.04, real=0.02 secs] 
2021-06-18T13:31:09.028+0800: 3038420.726: [GC (Allocation Failure) [PSYoungGen: 511456K->9696K(512512K)] 881076K->385296K(1036800K), 0.0267980 secs] [Times: user=0.04 sys=0.04, real=0.03 secs] 
2021-06-18T13:36:05.189+0800: 3038716.887: [GC (Allocation Failure) [PSYoungGen: 511456K->6432K(513024K)] 887056K->390225K(1037312K), 0.0309135 secs] [Times: user=0.04 sys=0.05, real=0.03 secs] 
2021-06-18T13:40:55.503+0800: 3039007.201: [GC (Allocation Failure) [PSYoungGen: 508192K->6624K(513536K)] 891985K->395094K(1037824K), 0.0283239 secs] [Times: user=0.04 sys=0.04, real=0.02 secs] 
2021-06-18T13:45:51.791+0800: 3039303.489: [GC (Allocation Failure) [PSYoungGen: 509408K->5600K(513536K)] 897878K->399073K(1037824K), 0.0303130 secs] [Times: user=0.04 sys=0.05, real=0.03 secs] 
2021-06-18T13:50:48.168+0800: 3039599.866: [GC (Allocation Failure) [PSYoungGen: 508384K->5472K(514048K)] 901857K->403078K(1038336K), 0.0241651 secs] [Times: user=0.03 sys=0.03, real=0.02 secs] 
2021-06-18T13:55:45.107+0800: 3039896.806: [GC (Allocation Failure) [PSYoungGen: 509280K->4544K(514048K)] 906886K->406194K(1038336K), 0.0260949 secs] [Times: user=0.03 sys=0.04, real=0.03 secs] 
2021-06-18T14:00:37.182+0800: 3040188.880: [GC (Allocation Failure) [PSYoungGen: 508352K->5184K(514048K)] 910002K->409896K(1038336K), 0.0266867 secs] [Times: user=0.03 sys=0.04, real=0.03 secs] 
2021-06-18T14:05:33.413+0800: 3040485.111: [GC (Allocation Failure) [PSYoungGen: 508992K->4992K(514048K)] 913704K->413236K(1038336K), 0.0494423 secs] [Times: user=0.03 sys=0.04, real=0.05 secs] 
2021-06-18T14:10:28.591+0800: 3040780.290: [GC (Allocation Failure) [PSYoungGen: 508800K->4928K(514560K)] 917044K->416490K(1038848K), 0.0239020 secs] [Times: user=0.03 sys=0.04, real=0.03 secs] 
2021-06-18T14:15:23.462+0800: 3041075.160: [GC (Allocation Failure) [PSYoungGen: 509760K->5920K(514560K)] 921322K->420903K(1038848K), 0.0291818 secs] [Times: user=0.04 sys=0.04, real=0.03 secs] 
2021-06-18T14:19:58.107+0800: 3041349.805: [GC (Allocation Failure) [PSYoungGen: 510752K->6794K(515072K)] 925735K->426046K(1039360K), 0.0249708 secs] [Times: user=0.03 sys=0.04, real=0.03 secs] 
2021-06-18T14:24:49.411+0800: 3041641.109: [GC (Allocation Failure) [PSYoungGen: 512650K->8896K(515072K)] 931902K->433467K(1039360K), 0.0377997 secs] [Times: user=0.04 sys=0.04, real=0.04 secs] 
2021-06-18T14:29:44.940+0800: 3041936.638: [GC (Allocation Failure) [PSYoungGen: 514752K->9184K(505856K)] 939323K->442430K(1030144K), 0.0277927 secs] [Times: user=0.05 sys=0.04, real=0.03 secs] 
2021-06-18T14:34:38.742+0800: 3042230.441: [GC (Allocation Failure) [PSYoungGen: 505824K->9280K(510464K)] 939070K->450935K(1034752K), 0.0272659 secs] [Times: user=0.04 sys=0.04, real=0.02 secs] 
2021-06-18T14:39:30.514+0800: 3042522.212: [GC (Allocation Failure) [PSYoungGen: 505917K->10848K(508416K)] 947572K->458610K(1032704K), 0.0316098 secs] [Times: user=0.04 sys=0.05, real=0.03 secs] 
2021-06-18T14:44:17.956+0800: 3042809.654: [GC (Allocation Failure) [PSYoungGen: 505440K->9600K(509440K)] 953202K->465541K(1033728K), 0.0332818 secs] [Times: user=0.05 sys=0.06, real=0.03 secs] 
2021-06-18T14:49:08.928+0800: 3043100.626: [GC (Allocation Failure) [PSYoungGen: 504192K->8512K(509952K)] 960133K->472038K(1034240K), 0.0271315 secs] [Times: user=0.04 sys=0.04, real=0.03 secs] 
2021-06-18T14:54:00.228+0800: 3043391.927: [GC (Allocation Failure) [PSYoungGen: 503616K->7968K(509440K)] 967142K->478616K(1033728K), 0.0271710 secs] [Times: user=0.03 sys=0.04, real=0.03 secs] 
2021-06-18T14:58:49.144+0800: 3043680.842: [GC (Allocation Failure) [PSYoungGen: 503072K->7616K(510976K)] 973720K->483724K(1035264K), 0.0250868 secs] [Times: user=0.04 sys=0.03, real=0.02 secs] 
2021-06-18T15:03:44.051+0800: 3043975.749: [GC (Allocation Failure) [PSYoungGen: 504768K->9920K(510464K)] 980876K->491910K(1034752K), 0.0258213 secs] [Times: user=0.03 sys=0.04, real=0.03 secs] 
2021-06-18T15:08:34.200+0800: 3044265.898: [GC (Allocation Failure) [PSYoungGen: 507072K->6944K(510976K)] 989062K->495170K(1035264K), 0.1102293 secs] [Times: user=0.04 sys=0.04, real=0.11 secs] 
2021-06-18T15:13:28.664+0800: 3044560.362: [GC (Allocation Failure) [PSYoungGen: 504608K->8256K(510976K)] 992834K->501773K(1035264K), 0.0258783 secs] [Times: user=0.03 sys=0.03, real=0.02 secs] 
2021-06-18T15:18:21.237+0800: 3044852.936: [GC (Allocation Failure) [PSYoungGen: 505920K->9120K(511488K)] 999437K->509008K(1035776K), 0.0232232 secs] [Times: user=0.04 sys=0.03, real=0.02 secs] 
2021-06-18T15:23:14.683+0800: 3045146.381: [GC (Allocation Failure) [PSYoungGen: 507808K->7872K(511488K)] 1007696K->514666K(1035776K), 0.0402599 secs] [Times: user=0.05 sys=0.05, real=0.04 secs] 
2021-06-18T15:28:09.962+0800: 3045441.661: [GC (Allocation Failure) [PSYoungGen: 506560K->7712K(512512K)] 1013354K->520046K(1036800K), 0.0256550 secs] [Times: user=0.04 sys=0.04, real=0.02 secs] 
2021-06-18T15:32:59.917+0800: 3045731.615: [GC (Allocation Failure) [PSYoungGen: 507936K->10400K(512000K)] 1020270K->529105K(1036288K), 0.0347069 secs] [Times: user=0.05 sys=0.04, real=0.03 secs] 
2021-06-18T15:32:59.952+0800: 3045731.651: [Full GC (Ergonomics) [PSYoungGen: 10400K->0K(512000K)] [ParOldGen: 518705K->313176K(524288K)] 529105K->313176K(1036288K), [Metaspace: 97643K->97643K(1138688K)], 0.5429526 secs] [Times: user=0.60 sys=0.60, real=0.54 secs] 
2021-06-18T15:37:55.255+0800: 3046026.954: [GC (Allocation Failure) [PSYoungGen: 500224K->9632K(512000K)] 813400K->322808K(1036288K), 0.0250683 secs] [Times: user=0.04 sys=0.04, real=0.02 secs] 
2021-06-18T15:42:53.790+0800: 3046325.488: [GC (Allocation Failure) [PSYoungGen: 509344K->7616K(512000K)] 822520K->328762K(1036288K), 0.0686277 secs] [Times: user=0.04 sys=0.04, real=0.07 secs] 
2021-06-18T15:47:49.659+0800: 3046621.357: [GC (Allocation Failure) [PSYoungGen: 507328K->6560K(512000K)] 828474K->333861K(1036288K), 0.0452754 secs] [Times: user=0.03 sys=0.04, real=0.05 secs] 
2021-06-18T15:52:41.073+0800: 3046912.771: [GC (Allocation Failure) [PSYoungGen: 506272K->8448K(512000K)] 833573K->340274K(1036288K), 0.0274247 secs] [Times: user=0.03 sys=0.04, real=0.02 secs] 
2021-06-18T15:57:32.155+0800: 3047203.853: [GC (Allocation Failure) [PSYoungGen: 508160K->8832K(512512K)] 839986K->347276K(1036800K), 0.0276847 secs] [Times: user=0.04 sys=0.04, real=0.03 secs] 
2021-06-18T16:02:24.937+0800: 3047496.635: [GC (Allocation Failure) [PSYoungGen: 509568K->8928K(512512K)] 848012K->354454K(1036800K), 0.0236110 secs] [Times: user=0.04 sys=0.04, real=0.02 secs] 
2021-06-18T16:07:18.081+0800: 3047789.780: [GC (Allocation Failure) [PSYoungGen: 509664K->9504K(512512K)] 855190K->362144K(1036800K), 0.0265598 secs] [Times: user=0.03 sys=0.03, real=0.03 secs] 
2021-06-18T16:12:13.043+0800: 3048084.741: [GC (Allocation Failure) [PSYoungGen: 510240K->6976K(512512K)] 862880K->367042K(1036800K), 0.0267460 secs] [Times: user=0.04 sys=0.04, real=0.02 secs] 
2021-06-18T16:17:05.410+0800: 3048377.108: [GC (Allocation Failure) [PSYoungGen: 507712K->9056K(512512K)] 867778K->374510K(1036800K), 0.0230860 secs] [Times: user=0.03 sys=0.04, real=0.03 secs] 
2021-06-18T16:21:59.959+0800: 3048671.658: [GC (Allocation Failure) [PSYoungGen: 509792K->8480K(512512K)] 875246K->381216K(1036800K), 0.0391647 secs] [Times: user=0.05 sys=0.05, real=0.04 secs] 
2021-06-18T16:26:52.804+0800: 3048964.502: [GC (Allocation Failure) [PSYoungGen: 509216K->10048K(512000K)] 881952K->389874K(1036288K), 0.0272632 secs] [Times: user=0.04 sys=0.04, real=0.02 secs] 
2021-06-18T16:31:43.911+0800: 3049255.609: [GC (Allocation Failure) [PSYoungGen: 510784K->9408K(512512K)] 890610K->397285K(1036800K), 0.0248206 secs] [Times: user=0.07 sys=0.00, real=0.03 secs] 
2021-06-18T16:36:41.603+0800: 3049553.302: [GC (Allocation Failure) [PSYoungGen: 510144K->7456K(512512K)] 898021K->402343K(1036800K), 0.0287450 secs] [Times: user=0.03 sys=0.03, real=0.03 secs] 
2021-06-18T16:41:34.699+0800: 3049846.397: [GC (Allocation Failure) [PSYoungGen: 508192K->10016K(512512K)] 903079K->410618K(1036800K), 0.0299204 secs] [Times: user=0.04 sys=0.04, real=0.03 secs] 
2021-06-18T16:46:24.831+0800: 3050136.529: [GC (Allocation Failure) [PSYoungGen: 510752K->6656K(512512K)] 911354K->414755K(1036800K), 0.0312649 secs] [Times: user=0.04 sys=0.04, real=0.04 secs] 
2021-06-18T16:51:17.969+0800: 3050429.668: [GC (Allocation Failure) [PSYoungGen: 507392K->8544K(512512K)] 915491K->421912K(1036800K), 0.0345441 secs] [Times: user=0.04 sys=0.05, real=0.04 secs] 
2021-06-18T16:56:12.183+0800: 3050723.882: [GC (Allocation Failure) [PSYoungGen: 509280K->9088K(512512K)] 922648K->428587K(1036800K), 0.0226983 secs] [Times: user=0.04 sys=0.04, real=0.02 secs] 
2021-06-18T17:01:06.890+0800: 3051018.588: [GC (Allocation Failure) [PSYoungGen: 509824K->8384K(512512K)] 929323K->435547K(1036800K), 0.0237816 secs] [Times: user=0.04 sys=0.03, real=0.03 secs] 
2021-06-18T17:06:00.391+0800: 3051312.089: [GC (Allocation Failure) [PSYoungGen: 509120K->9344K(513024K)] 936283K->443326K(1037312K), 0.0287490 secs] [Times: user=0.05 sys=0.04, real=0.03 secs] 
2021-06-18T17:10:54.397+0800: 3051606.095: [GC (Allocation Failure) [PSYoungGen: 511104K->8544K(513024K)] 945086K->449281K(1037312K), 0.0273263 secs] [Times: user=0.04 sys=0.05, real=0.03 secs] 
2021-06-18T17:15:43.936+0800: 3051895.634: [GC (Allocation Failure) [PSYoungGen: 510304K->9824K(513024K)] 951041K->457100K(1037312K), 0.0244693 secs] [Times: user=0.04 sys=0.03, real=0.02 secs] 
2021-06-18T17:20:32.908+0800: 3052184.606: [GC (Allocation Failure) [PSYoungGen: 511584K->9312K(513024K)] 958860K->463847K(1037312K), 0.0392278 secs] [Times: user=0.04 sys=0.05, real=0.04 secs] 
2021-06-18T17:25:24.328+0800: 3052476.026: [GC (Allocation Failure) [PSYoungGen: 511072K->10016K(512000K)] 965607K->471322K(1036288K), 0.0278954 secs] [Times: user=0.04 sys=0.05, real=0.03 secs] 
2021-06-18T17:30:16.530+0800: 3052768.229: [GC (Allocation Failure) [PSYoungGen: 510752K->7776K(512512K)] 972058K->476803K(1036800K), 0.0242824 secs] [Times: user=0.03 sys=0.04, real=0.03 secs] 
2021-06-18T17:35:08.306+0800: 3053060.004: [GC (Allocation Failure) [PSYoungGen: 508512K->7392K(512512K)] 977539K->482439K(1036800K), 0.0267687 secs] [Times: user=0.04 sys=0.05, real=0.03 secs] 
2021-06-18T17:40:01.605+0800: 3053353.304: [GC (Allocation Failure) [PSYoungGen: 508128K->10816K(512000K)] 983175K->491770K(1036288K), 0.0314134 secs] [Times: user=0.04 sys=0.05, real=0.03 secs] 
2021-06-18T17:44:57.770+0800: 3053649.468: [GC (Allocation Failure) [PSYoungGen: 511552K->7296K(512000K)] 992506K->496338K(1036288K), 0.0303517 secs] [Times: user=0.04 sys=0.05, real=0.03 secs] 
2021-06-18T17:49:51.367+0800: 3053943.065: [GC (Allocation Failure) [PSYoungGen: 507008K->7328K(512000K)] 996050K->501692K(1036288K), 0.0257654 secs] [Times: user=0.04 sys=0.04, real=0.03 secs] 
2021-06-18T17:54:42.914+0800: 3054234.612: [GC (Allocation Failure) [PSYoungGen: 507040K->7872K(512512K)] 1001404K->508072K(1036800K), 0.0236997 secs] [Times: user=0.03 sys=0.04, real=0.02 secs] 
2021-06-18T17:59:32.034+0800: 3054523.732: [GC (Allocation Failure) [PSYoungGen: 508608K->7040K(512512K)] 1008808K->513451K(1036800K), 0.0268508 secs] [Times: user=0.04 sys=0.04, real=0.02 secs] 
2021-06-18T18:04:25.844+0800: 3054817.542: [GC (Allocation Failure) [PSYoungGen: 507776K->9056K(512512K)] 1014187K->520423K(1036800K), 0.0327982 secs] [Times: user=0.04 sys=0.05, real=0.03 secs] 
2021-06-18T18:09:12.175+0800: 3055103.874: [GC (Allocation Failure) [PSYoungGen: 509792K->7040K(512512K)] 1021159K->525297K(1036800K), 0.0358991 secs] [Times: user=0.03 sys=0.05, real=0.03 secs] 
2021-06-18T18:09:12.212+0800: 3055103.910: [Full GC (Ergonomics) [PSYoungGen: 7040K->0K(512512K)] [ParOldGen: 518257K->313313K(524288K)] 525297K->313313K(1036800K), [Metaspace: 97647K->97644K(1138688K)], 0.6181835 secs] [Times: user=0.64 sys=0.62, real=0.62 secs] 
2021-06-18T18:14:03.409+0800: 3055395.108: [GC (Allocation Failure) [PSYoungGen: 500736K->8736K(513024K)] 814049K->322049K(1037312K), 0.0195877 secs] [Times: user=0.03 sys=0.02, real=0.02 secs] 
2021-06-18T18:18:57.696+0800: 3055689.394: [GC (Allocation Failure) [PSYoungGen: 509984K->6848K(512512K)] 823297K->327250K(1036800K), 0.0277275 secs] [Times: user=0.04 sys=0.04, real=0.03 secs] 
2021-06-18T18:23:50.650+0800: 3055982.348: [GC (Allocation Failure) [PSYoungGen: 508096K->8896K(513024K)] 828498K->334526K(1037312K), 0.0830356 secs] [Times: user=0.03 sys=0.04, real=0.09 secs] 
2021-06-18T18:28:45.747+0800: 3056277.445: [GC (Allocation Failure) [PSYoungGen: 510656K->7808K(513024K)] 836286K->340360K(1037312K), 0.0268495 secs] [Times: user=0.04 sys=0.04, real=0.03 secs] 
2021-06-18T18:33:45.355+0800: 3056577.054: [GC (Allocation Failure) [PSYoungGen: 509568K->9984K(512000K)] 842120K->348207K(1036288K), 0.0333423 secs] [Times: user=0.04 sys=0.04, real=0.03 secs] 
2021-06-18T18:38:41.870+0800: 3056873.569: [GC (Allocation Failure) [PSYoungGen: 510720K->9024K(512512K)] 848943K->354424K(1036800K), 0.0241319 secs] [Times: user=0.04 sys=0.04, real=0.03 secs] 
2021-06-18T18:43:38.551+0800: 3057170.249: [GC (Allocation Failure) [PSYoungGen: 509760K->9760K(512000K)] 855160K->362483K(1036288K), 0.0234906 secs] [Times: user=0.04 sys=0.04, real=0.03 secs] 
2021-06-18T18:48:33.099+0800: 3057464.797: [GC (Allocation Failure) [PSYoungGen: 510496K->9408K(512512K)] 863219K->369662K(1036800K), 0.0256723 secs] [Times: user=0.04 sys=0.05, real=0.03 secs] 
2021-06-18T18:53:28.522+0800: 3057760.220: [GC (Allocation Failure) [PSYoungGen: 510144K->8128K(512512K)] 870398K->376663K(1036800K), 0.0299846 secs] [Times: user=0.04 sys=0.04, real=0.04 secs] 
2021-06-18T18:58:24.428+0800: 3058056.126: [GC (Allocation Failure) [PSYoungGen: 508864K->10336K(512512K)] 877399K->384762K(1036800K), 0.0300732 secs] [Times: user=0.04 sys=0.04, real=0.03 secs] 
2021-06-18T19:03:27.831+0800: 3058359.530: [GC (Allocation Failure) [PSYoungGen: 511072K->6496K(512512K)] 885498K->389306K(1036800K), 0.0258307 secs] [Times: user=0.04 sys=0.04, real=0.03 secs] 
2021-06-18T19:08:29.848+0800: 3058661.546: [GC (Allocation Failure) [PSYoungGen: 507232K->5504K(506368K)] 890042K->393374K(1030656K), 0.0278184 secs] [Times: user=0.04 sys=0.04, real=0.03 secs] 
2021-06-18T19:13:27.904+0800: 3058959.603: [GC (Allocation Failure) [PSYoungGen: 506240K->6528K(512000K)] 894110K->398266K(1036288K), 0.0241381 secs] [Times: user=0.03 sys=0.04, real=0.02 secs] 
2021-06-18T19:18:16.363+0800: 3059248.061: [GC (Allocation Failure) [PSYoungGen: 506240K->8266K(512000K)] 897978K->404561K(1036288K), 0.0279383 secs] [Times: user=0.04 sys=0.04, real=0.02 secs] 
2021-06-18T19:23:09.154+0800: 3059540.852: [GC (Allocation Failure) [PSYoungGen: 507978K->8256K(512512K)] 904273K->411325K(1036800K), 0.0218999 secs] [Times: user=0.03 sys=0.04, real=0.02 secs] 
2021-06-18T19:28:02.725+0800: 3059834.424: [GC (Allocation Failure) [PSYoungGen: 508992K->6112K(512512K)] 912061K->415856K(1036800K), 0.0266815 secs] [Times: user=0.04 sys=0.04, real=0.03 secs] 
2021-06-18T19:33:01.934+0800: 3060133.632: [GC (Allocation Failure) [PSYoungGen: 506848K->7552K(513024K)] 916592K->421501K(1037312K), 0.0316921 secs] [Times: user=0.04 sys=0.04, real=0.03 secs] 
2021-06-18T19:37:57.232+0800: 3060428.930: [GC (Allocation Failure) [PSYoungGen: 508800K->8544K(512512K)] 922749K->428328K(1036800K), 0.0448491 secs] [Times: user=0.04 sys=0.04, real=0.05 secs] 
2021-06-18T19:42:52.677+0800: 3060724.375: [GC (Allocation Failure) [PSYoungGen: 509792K->8768K(513024K)] 929576K->434963K(1037312K), 0.0352204 secs] [Times: user=0.03 sys=0.05, real=0.04 secs] 
2021-06-18T19:47:46.288+0800: 3061017.986: [GC (Allocation Failure) [PSYoungGen: 510528K->10496K(512512K)] 936723K->442575K(1036800K), 0.0272234 secs] [Times: user=0.04 sys=0.04, real=0.03 secs] 
2021-06-18T19:52:41.889+0800: 3061313.588: [GC (Allocation Failure) [PSYoungGen: 512256K->8352K(512512K)] 944335K->448513K(1036800K), 0.0381957 secs] [Times: user=0.04 sys=0.04, real=0.04 secs] 
2021-06-18T19:57:34.222+0800: 3061605.920: [GC (Allocation Failure) [PSYoungGen: 509088K->9056K(512512K)] 949249K->455604K(1036800K), 0.0231301 secs] [Times: user=0.03 sys=0.04, real=0.03 secs] 
2021-06-18T20:02:30.746+0800: 3061902.444: [GC (Allocation Failure) [PSYoungGen: 509792K->7808K(513024K)] 956340K->461446K(1037312K), 0.0238106 secs] [Times: user=0.04 sys=0.04, real=0.02 secs] 
2021-06-18T20:07:24.518+0800: 3062196.216: [GC (Allocation Failure) [PSYoungGen: 509056K->8064K(512512K)] 962694K->467177K(1036800K), 0.0364033 secs] [Times: user=0.03 sys=0.03, real=0.04 secs] 
2021-06-18T20:12:21.806+0800: 3062493.504: [GC (Allocation Failure) [PSYoungGen: 509312K->6656K(513024K)] 968425K->471708K(1037312K), 0.0298065 secs] [Times: user=0.03 sys=0.04, real=0.03 secs] 
2021-06-18T20:17:21.726+0800: 3062793.425: [GC (Allocation Failure) [PSYoungGen: 508416K->8512K(513024K)] 973468K->478496K(1037312K), 0.0212090 secs] [Times: user=0.04 sys=0.03, real=0.02 secs] 
2021-06-18T20:22:14.954+0800: 3063086.653: [GC (Allocation Failure) [PSYoungGen: 510272K->10176K(512512K)] 980256K->487250K(1036800K), 0.0259205 secs] [Times: user=0.03 sys=0.04, real=0.02 secs] 
2021-06-18T20:27:07.670+0800: 3063379.368: [GC (Allocation Failure) [PSYoungGen: 511936K->11232K(513024K)] 989010K->497076K(1037312K), 0.0282224 secs] [Times: user=0.04 sys=0.04, real=0.03 secs] 
2021-06-18T20:32:02.728+0800: 3063674.426: [GC (Allocation Failure) [PSYoungGen: 512992K->7904K(504832K)] 998836K->503269K(1029120K), 0.0332137 secs] [Times: user=0.04 sys=0.04, real=0.03 secs] 
2021-06-18T20:36:54.724+0800: 3063966.423: [GC (Allocation Failure) [PSYoungGen: 501472K->7776K(508928K)] 996837K->508929K(1033216K), 0.0315700 secs] [Times: user=0.04 sys=0.04, real=0.03 secs] 
2021-06-18T20:41:44.337+0800: 3064256.036: [GC (Allocation Failure) [PSYoungGen: 501344K->9408K(509952K)] 1002497K->516924K(1034240K), 0.0282258 secs] [Times: user=0.08 sys=0.00, real=0.03 secs] 
2021-06-18T20:46:38.815+0800: 3064550.513: [GC (Allocation Failure) [PSYoungGen: 504512K->9120K(509440K)] 1012028K->523624K(1033728K), 0.0242662 secs] [Times: user=0.04 sys=0.04, real=0.02 secs] 
2021-06-18T20:51:33.006+0800: 3064844.705: [GC (Allocation Failure) [PSYoungGen: 504224K->8800K(510464K)] 1018728K->530411K(1034752K), 0.0366754 secs] [Times: user=0.05 sys=0.05, real=0.04 secs] 
2021-06-18T20:51:33.044+0800: 3064844.742: [Full GC (Ergonomics) [PSYoungGen: 8800K->0K(510464K)] [ParOldGen: 521611K->314955K(524288K)] 530411K->314955K(1034752K), [Metaspace: 97663K->97663K(1138688K)], 0.6220519 secs] [Times: user=0.59 sys=0.60, real=0.62 secs] 
2021-06-18T20:56:24.711+0800: 3065136.409: [GC (Allocation Failure) [PSYoungGen: 496640K->9600K(510464K)] 811595K->324555K(1034752K), 0.0286258 secs] [Times: user=0.04 sys=0.04, real=0.03 secs] 
2021-06-18T21:01:15.212+0800: 3065426.910: [GC (Allocation Failure) [PSYoungGen: 506240K->8800K(511488K)] 821195K->331197K(1035776K), 0.0244126 secs] [Times: user=0.04 sys=0.04, real=0.03 secs] 
2021-06-18T21:06:07.868+0800: 3065719.566: [GC (Allocation Failure) [PSYoungGen: 506976K->10624K(510976K)] 829373K->339452K(1035264K), 0.0354275 secs] [Times: user=0.04 sys=0.04, real=0.04 secs] 
2021-06-18T21:10:55.261+0800: 3066006.959: [GC (Allocation Failure) [PSYoungGen: 508800K->9696K(511488K)] 837628K->346055K(1035776K), 0.0329935 secs] [Times: user=0.04 sys=0.05, real=0.04 secs] 
2021-06-18T21:15:45.553+0800: 3066297.251: [GC (Allocation Failure) [PSYoungGen: 507872K->9472K(510976K)] 844231K->352305K(1035264K), 0.0215462 secs] [Times: user=0.03 sys=0.03, real=0.02 secs] 
2021-06-18T21:20:40.399+0800: 3066592.098: [GC (Allocation Failure) [PSYoungGen: 507648K->7264K(511488K)] 850481K->357451K(1035776K), 0.0282256 secs] [Times: user=0.04 sys=0.05, real=0.03 secs] 
2021-06-18T21:25:35.504+0800: 3066887.202: [GC (Allocation Failure) [PSYoungGen: 505952K->9536K(511488K)] 856139K->365158K(1035776K), 0.0318029 secs] [Times: user=0.05 sys=0.05, real=0.03 secs] 
2021-06-18T21:30:22.534+0800: 3067174.232: [GC (Allocation Failure) [PSYoungGen: 508224K->10240K(510976K)] 863846K->373281K(1035264K), 0.0300284 secs] [Times: user=0.05 sys=0.05, real=0.03 secs] 
2021-06-18T21:35:13.430+0800: 3067465.128: [GC (Allocation Failure) [PSYoungGen: 508928K->8896K(511488K)] 871969K->379417K(1035776K), 0.0294315 secs] [Times: user=0.04 sys=0.05, real=0.03 secs] 
2021-06-18T21:40:04.135+0800: 3067755.833: [GC (Allocation Failure) [PSYoungGen: 507584K->6656K(512000K)] 878105K->384075K(1036288K), 0.0261161 secs] [Times: user=0.04 sys=0.04, real=0.02 secs] 
2021-06-18T21:44:59.969+0800: 3068051.668: [GC (Allocation Failure) [PSYoungGen: 506368K->7584K(512000K)] 883787K->389408K(1036288K), 0.0294399 secs] [Times: user=0.04 sys=0.05, real=0.03 secs] 
2021-06-18T21:49:53.391+0800: 3068345.090: [GC (Allocation Failure) [PSYoungGen: 507296K->8992K(512000K)] 889120K->396772K(1036288K), 0.0322077 secs] [Times: user=0.03 sys=0.04, real=0.04 secs] 
2021-06-18T21:54:41.460+0800: 3068633.158: [GC (Allocation Failure) [PSYoungGen: 508704K->9504K(512000K)] 896484K->404142K(1036288K), 0.0282640 secs] [Times: user=0.04 sys=0.05, real=0.03 secs] 
2021-06-18T21:59:28.955+0800: 3068920.653: [GC (Allocation Failure) [PSYoungGen: 509216K->8736K(512512K)] 903854K->410865K(1036800K), 0.0239561 secs] [Times: user=0.04 sys=0.03, real=0.02 secs] 
2021-06-18T22:04:27.596+0800: 3069219.294: [GC (Allocation Failure) [PSYoungGen: 508960K->7680K(512000K)] 911089K->416851K(1036288K), 0.0228030 secs] [Times: user=0.04 sys=0.03, real=0.02 secs] 
2021-06-18T22:09:23.251+0800: 3069514.949: [GC (Allocation Failure) [PSYoungGen: 507904K->5696K(511488K)] 917075K->421141K(1035776K), 0.0671173 secs] [Times: user=0.04 sys=0.03, real=0.07 secs] 
2021-06-18T22:14:18.959+0800: 3069810.657: [GC (Allocation Failure) [PSYoungGen: 505408K->9632K(512000K)] 920853K->429378K(1036288K), 0.0272852 secs] [Times: user=0.08 sys=0.00, real=0.03 secs] 
2021-06-18T22:19:15.137+0800: 3070106.835: [GC (Allocation Failure) [PSYoungGen: 509344K->7104K(512000K)] 929090K->434891K(1036288K), 0.0335183 secs] [Times: user=0.05 sys=0.04, real=0.03 secs] 
2021-06-18T22:24:11.277+0800: 3070402.975: [GC (Allocation Failure) [PSYoungGen: 506814K->8064K(512000K)] 934601K->441016K(1036288K), 0.0304789 secs] [Times: user=0.04 sys=0.05, real=0.03 secs] 
2021-06-18T22:29:01.432+0800: 3070693.131: [GC (Allocation Failure) [PSYoungGen: 507776K->7904K(512512K)] 940728K->447107K(1036800K), 0.0289072 secs] [Times: user=0.04 sys=0.05, real=0.02 secs] 
2021-06-18T22:33:59.167+0800: 3070990.865: [GC (Allocation Failure) [PSYoungGen: 508640K->7968K(512512K)] 947843K->453343K(1036800K), 0.0306162 secs] [Times: user=0.04 sys=0.04, real=0.03 secs] 
2021-06-18T22:38:53.273+0800: 3071284.971: [GC (Allocation Failure) [PSYoungGen: 508704K->6848K(513024K)] 954079K->458952K(1037312K), 0.0251621 secs] [Times: user=0.03 sys=0.04, real=0.02 secs] 
2021-06-18T22:43:47.188+0800: 3071578.886: [GC (Allocation Failure) [PSYoungGen: 508608K->6176K(513024K)] 960712K->463363K(1037312K), 0.0265044 secs] [Times: user=0.04 sys=0.05, real=0.03 secs] 
2021-06-18T22:48:38.645+0800: 3071870.344: [GC (Allocation Failure) [PSYoungGen: 507936K->8608K(513024K)] 965123K->470248K(1037312K), 0.0764922 secs] [Times: user=0.05 sys=0.05, real=0.08 secs] 
2021-06-18T22:53:32.705+0800: 3072164.404: [GC (Allocation Failure) [PSYoungGen: 510368K->8320K(513024K)] 972008K->475963K(1037312K), 0.0331563 secs] [Times: user=0.04 sys=0.05, real=0.03 secs] 
2021-06-18T22:58:23.069+0800: 3072454.767: [GC (Allocation Failure) [PSYoungGen: 510080K->8352K(513536K)] 977723K->482078K(1037824K), 0.0404777 secs] [Times: user=0.03 sys=0.04, real=0.04 secs] 
2021-06-18T23:03:19.957+0800: 3072751.656: [GC (Allocation Failure) [PSYoungGen: 510624K->7712K(513024K)] 984350K->488320K(1037312K), 0.0242901 secs] [Times: user=0.04 sys=0.03, real=0.02 secs] 
2021-06-18T23:08:14.940+0800: 3073046.638: [GC (Allocation Failure) [PSYoungGen: 509984K->5536K(513536K)] 990592K->491652K(1037824K), 0.0302232 secs] [Times: user=0.04 sys=0.05, real=0.03 secs] 
2021-06-18T23:13:07.582+0800: 3073339.280: [GC (Allocation Failure) [PSYoungGen: 508320K->9600K(512512K)] 994436K->499856K(1036800K), 0.0252195 secs] [Times: user=0.03 sys=0.04, real=0.03 secs] 
2021-06-18T23:18:00.162+0800: 3073631.860: [GC (Allocation Failure) [PSYoungGen: 512384K->10656K(512000K)] 1002640K->507964K(1036288K), 0.0305781 secs] [Times: user=0.04 sys=0.04, real=0.04 secs] 
2021-06-18T23:22:50.707+0800: 3073922.405: [GC (Allocation Failure) [PSYoungGen: 511392K->9920K(510976K)] 1008700K->515198K(1035264K), 0.0286018 secs] [Times: user=0.04 sys=0.04, real=0.03 secs] 
2021-06-18T23:27:42.328+0800: 3074214.026: [GC (Allocation Failure) [PSYoungGen: 510656K->10336K(510976K)] 1015934K->523977K(1035264K), 0.0257145 secs] [Times: user=0.04 sys=0.04, real=0.03 secs] 
2021-06-18T23:32:36.005+0800: 3074507.704: [GC (Allocation Failure) [PSYoungGen: 509024K->10944K(509952K)] 1022665K->533202K(1034240K), 0.0340520 secs] [Times: user=0.04 sys=0.04, real=0.03 secs] 
2021-06-18T23:32:36.040+0800: 3074507.738: [Full GC (Ergonomics) [PSYoungGen: 10944K->0K(509952K)] [ParOldGen: 522258K->318109K(524288K)] 533202K->318109K(1034240K), [Metaspace: 97676K->97676K(1138688K)], 0.5421234 secs] [Times: user=1.16 sys=0.00, real=0.55 secs] 
2021-06-18T23:37:29.740+0800: 3074801.438: [GC (Allocation Failure) [PSYoungGen: 498688K->7936K(511488K)] 816797K->326045K(1035776K), 0.0206311 secs] [Times: user=0.03 sys=0.03, real=0.02 secs] 
2021-06-18T23:42:26.713+0800: 3075098.412: [GC (Allocation Failure) [PSYoungGen: 506112K->8512K(510976K)] 824221K->333112K(1035264K), 0.0240543 secs] [Times: user=0.03 sys=0.03, real=0.02 secs] 
2021-06-18T23:47:22.956+0800: 3075394.654: [GC (Allocation Failure) [PSYoungGen: 506688K->7520K(512000K)] 831288K->338322K(1036288K), 0.0320411 secs] [Times: user=0.04 sys=0.05, real=0.03 secs] 
2021-06-18T23:52:18.292+0800: 3075689.991: [GC (Allocation Failure) [PSYoungGen: 507232K->8992K(512000K)] 838034K->345493K(1036288K), 0.0224316 secs] [Times: user=0.04 sys=0.03, real=0.02 secs] 
2021-06-18T23:57:10.126+0800: 3075981.824: [GC (Allocation Failure) [PSYoungGen: 508704K->8960K(512512K)] 845205K->352536K(1036800K), 0.0458487 secs] [Times: user=0.04 sys=0.04, real=0.04 secs] 
2021-06-19T00:01:49.023+0800: 3076260.722: [GC (Allocation Failure) [PSYoungGen: 509184K->7680K(512000K)] 852760K->358401K(1036288K), 0.0308065 secs] [Times: user=0.05 sys=0.04, real=0.03 secs] 
2021-06-19T00:06:48.454+0800: 3076560.152: [GC (Allocation Failure) [PSYoungGen: 507904K->7840K(512512K)] 858625K->364307K(1036800K), 0.0333635 secs] [Times: user=0.03 sys=0.03, real=0.03 secs] 
2021-06-19T00:11:43.045+0800: 3076854.743: [GC (Allocation Failure) [PSYoungGen: 508576K->6944K(512512K)] 865043K->369238K(1036800K), 0.0487854 secs] [Times: user=0.03 sys=0.04, real=0.05 secs] 
2021-06-19T00:16:38.003+0800: 3077149.701: [GC (Allocation Failure) [PSYoungGen: 507680K->10048K(512512K)] 869974K->377554K(1036800K), 0.0311239 secs] [Times: user=0.04 sys=0.04, real=0.03 secs] 
2021-06-19T00:21:25.730+0800: 3077437.428: [GC (Allocation Failure) [PSYoungGen: 510784K->9376K(512512K)] 878290K->384331K(1036800K), 0.0292346 secs] [Times: user=0.04 sys=0.05, real=0.03 secs] 
2021-06-19T00:26:20.432+0800: 3077732.130: [GC (Allocation Failure) [PSYoungGen: 510112K->11744K(504320K)] 885067K->394455K(1028608K), 0.0502593 secs] [Times: user=0.05 sys=0.05, real=0.06 secs] 
2021-06-19T00:31:05.629+0800: 3078017.327: [GC (Allocation Failure) [PSYoungGen: 504288K->6336K(508416K)] 886999K->398678K(1032704K), 0.0244482 secs] [Times: user=0.03 sys=0.04, real=0.03 secs] 
2021-06-19T00:35:56.825+0800: 3078308.524: [GC (Allocation Failure) [PSYoungGen: 498880K->8032K(508928K)] 891222K->405410K(1033216K), 0.0305348 secs] [Times: user=0.03 sys=0.04, real=0.03 secs] 
2021-06-19T00:40:44.873+0800: 3078596.571: [GC (Allocation Failure) [PSYoungGen: 501088K->8864K(508416K)] 898466K->413053K(1032704K), 0.0445671 secs] [Times: user=0.03 sys=0.04, real=0.04 secs] 
2021-06-19T00:45:37.204+0800: 3078888.903: [GC (Allocation Failure) [PSYoungGen: 501920K->10496K(509440K)] 906109K->421696K(1033728K), 0.0240231 secs] [Times: user=0.04 sys=0.04, real=0.02 secs] 
2021-06-19T00:50:34.028+0800: 3079185.726: [GC (Allocation Failure) [PSYoungGen: 505088K->7200K(509440K)] 916288K->427120K(1033728K), 0.0194529 secs] [Times: user=0.03 sys=0.03, real=0.02 secs] 
2021-06-19T00:55:23.931+0800: 3079475.629: [GC (Allocation Failure) [PSYoungGen: 501792K->7968K(509952K)] 921712K->433538K(1034240K), 0.0358898 secs] [Times: user=0.03 sys=0.04, real=0.04 secs] 
2021-06-19T01:00:15.706+0800: 3079767.405: [GC (Allocation Failure) [PSYoungGen: 503584K->6784K(509952K)] 929154K->438510K(1034240K), 0.0289996 secs] [Times: user=0.04 sys=0.05, real=0.03 secs] 
2021-06-19T01:05:09.938+0800: 3080061.636: [GC (Allocation Failure) [PSYoungGen: 502400K->10144K(509952K)] 934126K->446785K(1034240K), 0.0275565 secs] [Times: user=0.04 sys=0.04, real=0.03 secs] 
2021-06-19T01:10:00.035+0800: 3080351.733: [GC (Allocation Failure) [PSYoungGen: 505760K->10144K(509952K)] 942401K->454635K(1034240K), 0.0289470 secs] [Times: user=0.04 sys=0.05, real=0.03 secs] 
2021-06-19T01:14:46.061+0800: 3080637.759: [GC (Allocation Failure) [PSYoungGen: 505760K->9728K(510464K)] 950251K->462444K(1034752K), 0.0817815 secs] [Times: user=0.04 sys=0.04, real=0.09 secs] 
2021-06-19T01:19:30.714+0800: 3080922.412: [GC (Allocation Failure) [PSYoungGen: 506368K->10122K(510464K)] 959084K->470888K(1034752K), 0.0269535 secs] [Times: user=0.04 sys=0.05, real=0.02 secs] 
2021-06-19T01:24:20.705+0800: 3081212.403: [GC (Allocation Failure) [PSYoungGen: 506762K->7136K(510464K)] 967528K->476121K(1034752K), 0.0279276 secs] [Times: user=0.04 sys=0.04, real=0.03 secs] 
2021-06-19T01:29:16.082+0800: 3081507.780: [GC (Allocation Failure) [PSYoungGen: 503776K->6784K(510464K)] 972761K->481269K(1034752K), 0.0277414 secs] [Times: user=0.04 sys=0.04, real=0.03 secs] 
2021-06-19T01:34:07.874+0800: 3081799.572: [GC (Allocation Failure) [PSYoungGen: 503424K->9696K(510976K)] 977909K->489249K(1035264K), 0.0298321 secs] [Times: user=0.05 sys=0.04, real=0.03 secs] 
2021-06-19T01:39:01.372+0800: 3082093.070: [GC (Allocation Failure) [PSYoungGen: 506848K->7264K(510464K)] 986401K->494611K(1034752K), 0.0278151 secs] [Times: user=0.04 sys=0.04, real=0.03 secs] 
2021-06-19T01:43:51.352+0800: 3082383.051: [GC (Allocation Failure) [PSYoungGen: 504416K->8352K(511488K)] 991763K->501406K(1035776K), 0.0826680 secs] [Times: user=0.04 sys=0.04, real=0.08 secs] 
2021-06-19T01:48:42.612+0800: 3082674.310: [GC (Allocation Failure) [PSYoungGen: 506528K->11072K(510976K)] 999582K->510922K(1035264K), 0.0332756 secs] [Times: user=0.04 sys=0.04, real=0.04 secs] 
2021-06-19T01:53:34.004+0800: 3082965.703: [GC (Allocation Failure) [PSYoungGen: 509248K->10272K(510976K)] 1009098K->517854K(1035264K), 0.0305867 secs] [Times: user=0.05 sys=0.05, real=0.03 secs] 
2021-06-19T01:58:24.453+0800: 3083256.152: [GC (Allocation Failure) [PSYoungGen: 507936K->7008K(510976K)] 1015518K->522909K(1035264K), 0.0299064 secs] [Times: user=0.05 sys=0.06, real=0.03 secs] 
2021-06-19T01:58:24.484+0800: 3083256.182: [Full GC (Ergonomics) [PSYoungGen: 7008K->0K(510976K)] [ParOldGen: 515901K->308935K(524288K)] 522909K->308935K(1035264K), [Metaspace: 97680K->97680K(1138688K)], 0.5765528 secs] [Times: user=0.66 sys=0.65, real=0.57 secs] 
2021-06-19T02:03:15.584+0800: 3083547.282: [GC (Allocation Failure) [PSYoungGen: 497664K->9056K(510976K)] 806599K->317991K(1035264K), 0.0236327 secs] [Times: user=0.04 sys=0.03, real=0.02 secs] 
2021-06-19T02:08:10.602+0800: 3083842.300: [GC (Allocation Failure) [PSYoungGen: 506720K->9024K(510976K)] 815655K->325249K(1035264K), 0.0268727 secs] [Times: user=0.04 sys=0.04, real=0.03 secs] 
2021-06-19T02:13:01.199+0800: 3084132.897: [GC (Allocation Failure) [PSYoungGen: 506688K->8096K(512000K)] 822913K->331107K(1036288K), 0.0233182 secs] [Times: user=0.04 sys=0.04, real=0.03 secs] 
2021-06-19T02:17:46.847+0800: 3084418.545: [GC (Allocation Failure) [PSYoungGen: 507296K->9088K(511488K)] 830307K->338526K(1035776K), 0.0278386 secs] [Times: user=0.03 sys=0.03, real=0.03 secs] 
2021-06-19T02:22:39.349+0800: 3084711.048: [GC (Allocation Failure) [PSYoungGen: 508288K->7360K(512000K)] 837726K->343927K(1036288K), 0.0255762 secs] [Times: user=0.03 sys=0.03, real=0.03 secs] 
2021-06-19T02:27:28.547+0800: 3085000.245: [GC (Allocation Failure) [PSYoungGen: 507072K->9056K(512000K)] 843639K->351026K(1036288K), 0.0226491 secs] [Times: user=0.04 sys=0.04, real=0.02 secs] 
2021-06-19T02:32:27.248+0800: 3085298.946: [GC (Allocation Failure) [PSYoungGen: 508768K->8864K(512512K)] 850738K->358181K(1036800K), 0.0255833 secs] [Times: user=0.03 sys=0.04, real=0.03 secs] 
2021-06-19T02:37:25.201+0800: 3085596.900: [GC (Allocation Failure) [PSYoungGen: 509600K->8960K(512512K)] 858917K->364568K(1036800K), 0.0243904 secs] [Times: user=0.03 sys=0.03, real=0.03 secs] 
2021-06-19T02:42:21.953+0800: 3085893.651: [GC (Allocation Failure) [PSYoungGen: 509696K->9952K(512512K)] 865304K->372394K(1036800K), 0.0254220 secs] [Times: user=0.04 sys=0.03, real=0.02 secs] 
2021-06-19T02:47:14.223+0800: 3086185.921: [GC (Allocation Failure) [PSYoungGen: 510688K->10144K(512512K)] 873130K->379701K(1036800K), 0.0226225 secs] [Times: user=0.04 sys=0.03, real=0.02 secs] 
2021-06-19T02:52:09.442+0800: 3086481.140: [GC (Allocation Failure) [PSYoungGen: 510880K->7392K(512512K)] 880437K->384821K(1036800K), 0.0219321 secs] [Times: user=0.04 sys=0.03, real=0.03 secs] 
2021-06-19T02:57:03.540+0800: 3086775.239: [GC (Allocation Failure) [PSYoungGen: 508128K->10048K(510976K)] 885557K->392929K(1035264K), 0.0243145 secs] [Times: user=0.04 sys=0.03, real=0.03 secs] 
2021-06-19T03:01:57.329+0800: 3087069.027: [GC (Allocation Failure) [PSYoungGen: 510784K->6784K(512000K)] 893665K->397242K(1036288K), 0.0346403 secs] [Times: user=0.03 sys=0.03, real=0.05 secs] 
2021-06-19T03:06:43.521+0800: 3087355.219: [GC (Allocation Failure) [PSYoungGen: 506496K->9312K(512000K)] 896954K->404847K(1036288K), 0.0227421 secs] [Times: user=0.03 sys=0.03, real=0.03 secs] 
2021-06-19T03:11:41.765+0800: 3087653.464: [GC (Allocation Failure) [PSYoungGen: 509024K->8352K(512512K)] 904559K->410226K(1036800K), 0.0220764 secs] [Times: user=0.03 sys=0.03, real=0.02 secs] 
2021-06-19T03:16:35.022+0800: 3087946.720: [GC (Allocation Failure) [PSYoungGen: 508576K->6720K(512000K)] 910450K->414707K(1036288K), 0.0205024 secs] [Times: user=0.03 sys=0.03, real=0.03 secs] 
2021-06-19T03:21:27.528+0800: 3088239.226: [GC (Allocation Failure) [PSYoungGen: 506944K->7296K(512512K)] 914931K->420311K(1036800K), 0.0221707 secs] [Times: user=0.03 sys=0.03, real=0.02 secs] 
2021-06-19T03:26:22.763+0800: 3088534.461: [GC (Allocation Failure) [PSYoungGen: 508032K->7648K(512512K)] 921047K->426196K(1036800K), 0.0518230 secs] [Times: user=0.03 sys=0.04, real=0.05 secs] 
2021-06-19T03:31:17.753+0800: 3088829.451: [GC (Allocation Failure) [PSYoungGen: 508383K->10432K(511488K)] 926932K->434944K(1035776K), 0.0291221 secs] [Times: user=0.04 sys=0.05, real=0.03 secs] 
2021-06-19T03:36:12.146+0800: 3089123.844: [GC (Allocation Failure) [PSYoungGen: 510144K->9088K(512000K)] 934656K->441970K(1036288K), 0.0682782 secs] [Times: user=0.04 sys=0.04, real=0.07 secs] 
2021-06-19T03:41:00.118+0800: 3089411.817: [GC (Allocation Failure) [PSYoungGen: 508800K->10464K(511488K)] 941682K->450854K(1035776K), 0.0240812 secs] [Times: user=0.03 sys=0.04, real=0.03 secs] 
2021-06-19T03:45:46.561+0800: 3089698.260: [GC (Allocation Failure) [PSYoungGen: 510176K->10592K(510464K)] 950566K->459631K(1034752K), 0.0257006 secs] [Times: user=0.04 sys=0.04, real=0.03 secs] 
2021-06-19T03:50:39.652+0800: 3089991.351: [GC (Allocation Failure) [PSYoungGen: 510304K->7072K(511488K)] 959343K->464249K(1035776K), 0.0261558 secs] [Times: user=0.03 sys=0.04, real=0.02 secs] 
2021-06-19T03:55:31.266+0800: 3090282.964: [GC (Allocation Failure) [PSYoungGen: 505760K->9024K(511488K)] 962937K->471525K(1035776K), 0.0277448 secs] [Times: user=0.03 sys=0.04, real=0.03 secs] 
2021-06-19T04:00:22.598+0800: 3090574.296: [GC (Allocation Failure) [PSYoungGen: 507712K->8352K(512000K)] 970213K->478246K(1036288K), 0.0245715 secs] [Times: user=0.03 sys=0.04, real=0.03 secs] 
2021-06-19T04:05:13.176+0800: 3090864.874: [GC (Allocation Failure) [PSYoungGen: 508064K->8864K(512000K)] 977958K->484841K(1036288K), 0.0400902 secs] [Times: user=0.03 sys=0.03, real=0.04 secs] 
2021-06-19T04:10:04.271+0800: 3091155.969: [GC (Allocation Failure) [PSYoungGen: 508576K->9152K(512512K)] 984553K->492011K(1036800K), 0.0273327 secs] [Times: user=0.04 sys=0.04, real=0.03 secs] 
2021-06-19T04:15:00.305+0800: 3091452.003: [GC (Allocation Failure) [PSYoungGen: 509888K->6464K(512512K)] 992747K->495901K(1036800K), 0.0227461 secs] [Times: user=0.03 sys=0.03, real=0.02 secs] 
2021-06-19T04:19:54.909+0800: 3091746.607: [GC (Allocation Failure) [PSYoungGen: 507200K->8320K(512512K)] 996637K->502808K(1036800K), 0.0260421 secs] [Times: user=0.03 sys=0.03, real=0.03 secs] 
2021-06-19T04:24:44.563+0800: 3092036.261: [GC (Allocation Failure) [PSYoungGen: 509056K->9056K(512512K)] 1003544K->510323K(1036800K), 0.0249014 secs] [Times: user=0.04 sys=0.04, real=0.02 secs] 
2021-06-19T04:29:34.960+0800: 3092326.658: [GC (Allocation Failure) [PSYoungGen: 509792K->10688K(512000K)] 1011059K->519326K(1036288K), 0.0277244 secs] [Times: user=0.03 sys=0.04, real=0.03 secs] 
2021-06-19T04:34:28.353+0800: 3092620.051: [GC (Allocation Failure) [PSYoungGen: 511424K->9536K(512512K)] 1020062K->526814K(1036800K), 0.0280188 secs] [Times: user=0.04 sys=0.04, real=0.02 secs] 
2021-06-19T04:34:28.382+0800: 3092620.080: [Full GC (Ergonomics) [PSYoungGen: 9536K->0K(512512K)] [ParOldGen: 517278K->317597K(524288K)] 526814K->317597K(1036800K), [Metaspace: 97702K->97702K(1138688K)], 0.5344848 secs] [Times: user=0.60 sys=0.59, real=0.54 secs] 
2021-06-19T04:39:20.363+0800: 3092912.061: [GC (Allocation Failure) [PSYoungGen: 500736K->9088K(512512K)] 818333K->326685K(1036800K), 0.0303880 secs] [Times: user=0.03 sys=0.04, real=0.03 secs] 
2021-06-19T04:44:14.821+0800: 3093206.520: [GC (Allocation Failure) [PSYoungGen: 509824K->7744K(512512K)] 827421K->333038K(1036800K), 0.0272138 secs] [Times: user=0.04 sys=0.04, real=0.03 secs] 
2021-06-19T04:49:07.424+0800: 3093499.122: [GC (Allocation Failure) [PSYoungGen: 508480K->8960K(513024K)] 833774K->339969K(1037312K), 0.0254221 secs] [Times: user=0.03 sys=0.03, real=0.02 secs] 
2021-06-19T04:54:01.973+0800: 3093793.672: [GC (Allocation Failure) [PSYoungGen: 510208K->8128K(512512K)] 841217K->346235K(1036800K), 0.0403007 secs] [Times: user=0.04 sys=0.06, real=0.04 secs] 
2021-06-19T04:58:54.895+0800: 3094086.593: [GC (Allocation Failure) [PSYoungGen: 509376K->8032K(513024K)] 847483K->352262K(1037312K), 0.0238663 secs] [Times: user=0.03 sys=0.03, real=0.02 secs] 
2021-06-19T05:03:51.780+0800: 3094383.478: [GC (Allocation Failure) [PSYoungGen: 509792K->9184K(513024K)] 854022K->359514K(1037312K), 0.0272182 secs] [Times: user=0.04 sys=0.05, real=0.03 secs] 
2021-06-19T05:08:50.029+0800: 3094681.728: [GC (Allocation Failure) [PSYoungGen: 510944K->10464K(512000K)] 861274K->367796K(1036288K), 0.0560348 secs] [Times: user=0.05 sys=0.04, real=0.06 secs] 
2021-06-19T05:13:44.961+0800: 3094976.659: [GC (Allocation Failure) [PSYoungGen: 511200K->11744K(512512K)] 868532K->378839K(1036800K), 0.0980496 secs] [Times: user=0.04 sys=0.04, real=0.10 secs] 
2021-06-19T05:18:40.051+0800: 3095271.749: [GC (Allocation Failure) [PSYoungGen: 512480K->11744K(495104K)] 879575K->390386K(1019392K), 0.0463387 secs] [Times: user=0.04 sys=0.04, real=0.05 secs] 
2021-06-19T05:23:31.541+0800: 3095563.239: [GC (Allocation Failure) [PSYoungGen: 495072K->9152K(503808K)] 873714K->397274K(1028096K), 0.0232729 secs] [Times: user=0.03 sys=0.04, real=0.03 secs] 
2021-06-19T05:28:17.883+0800: 3095849.582: [GC (Allocation Failure) [PSYoungGen: 492480K->9184K(504832K)] 880602K->404883K(1029120K), 0.0243091 secs] [Times: user=0.03 sys=0.04, real=0.02 secs] 
2021-06-19T05:33:08.233+0800: 3096139.931: [GC (Allocation Failure) [PSYoungGen: 494048K->6720K(504320K)] 889747K->410324K(1028608K), 0.0245076 secs] [Times: user=0.04 sys=0.04, real=0.02 secs] 
2021-06-19T05:37:58.858+0800: 3096430.556: [GC (Allocation Failure) [PSYoungGen: 491584K->9856K(505856K)] 895188K->418608K(1030144K), 0.0268349 secs] [Times: user=0.04 sys=0.04, real=0.03 secs] 
2021-06-19T05:42:49.886+0800: 3096721.585: [GC (Allocation Failure) [PSYoungGen: 496256K->11168K(504832K)] 905008K->427860K(1029120K), 0.0313837 secs] [Times: user=0.05 sys=0.05, real=0.03 secs] 
2021-06-19T05:47:40.673+0800: 3097012.372: [GC (Allocation Failure) [PSYoungGen: 497568K->10272K(506880K)] 914260K->435579K(1031168K), 0.0231795 secs] [Times: user=0.03 sys=0.04, real=0.02 secs] 
2021-06-19T05:52:34.954+0800: 3097306.652: [GC (Allocation Failure) [PSYoungGen: 499232K->9632K(506368K)] 924539K->442972K(1030656K), 0.0277916 secs] [Times: user=0.04 sys=0.04, real=0.02 secs] 
2021-06-19T05:57:26.253+0800: 3097597.952: [GC (Allocation Failure) [PSYoungGen: 498592K->7680K(507392K)] 931932K->448382K(1031680K), 0.0261824 secs] [Times: user=0.04 sys=0.04, real=0.02 secs] 
2021-06-19T06:02:16.301+0800: 3097888.000: [GC (Allocation Failure) [PSYoungGen: 498176K->9728K(507392K)] 938878K->455633K(1031680K), 0.0367321 secs] [Times: user=0.03 sys=0.04, real=0.04 secs] 
2021-06-19T06:07:05.787+0800: 3098177.485: [GC (Allocation Failure) [PSYoungGen: 500224K->10048K(508416K)] 946129K->463260K(1032704K), 0.0649955 secs] [Times: user=0.04 sys=0.04, real=0.06 secs] 
2021-06-19T06:12:01.323+0800: 3098473.022: [GC (Allocation Failure) [PSYoungGen: 502080K->7424K(507904K)] 955292K->468052K(1032192K), 0.0236601 secs] [Times: user=0.03 sys=0.03, real=0.02 secs] 
2021-06-19T06:16:55.970+0800: 3098767.668: [GC (Allocation Failure) [PSYoungGen: 499456K->9600K(509440K)] 960084K->475824K(1033728K), 0.0216702 secs] [Times: user=0.03 sys=0.04, real=0.02 secs] 
2021-06-19T06:21:52.823+0800: 3099064.521: [GC (Allocation Failure) [PSYoungGen: 503680K->9152K(508928K)] 969904K->482771K(1033216K), 0.0226291 secs] [Times: user=0.04 sys=0.03, real=0.02 secs] 
2021-06-19T06:26:50.770+0800: 3099362.469: [GC (Allocation Failure) [PSYoungGen: 503232K->8864K(509952K)] 976851K->489494K(1034240K), 0.0355880 secs] [Times: user=0.04 sys=0.03, real=0.04 secs] 
2021-06-19T06:31:42.697+0800: 3099654.396: [GC (Allocation Failure) [PSYoungGen: 503968K->7584K(509440K)] 984598K->495081K(1033728K), 0.0328000 secs] [Times: user=0.04 sys=0.05, real=0.03 secs] 
2021-06-19T06:36:35.933+0800: 3099947.632: [GC (Allocation Failure) [PSYoungGen: 502688K->9184K(510464K)] 990185K->501926K(1034752K), 0.0290598 secs] [Times: user=0.04 sys=0.05, real=0.03 secs] 
2021-06-19T06:41:29.849+0800: 3100241.548: [GC (Allocation Failure) [PSYoungGen: 505312K->8512K(509952K)] 998054K->507794K(1034240K), 0.0532156 secs] [Times: user=0.05 sys=0.05, real=0.06 secs] 
2021-06-19T06:46:26.420+0800: 3100538.119: [GC (Allocation Failure) [PSYoungGen: 504640K->10272K(510976K)] 1003922K->516148K(1035264K), 0.0258258 secs] [Times: user=0.04 sys=0.03, real=0.03 secs] 
2021-06-19T06:51:23.865+0800: 3100835.563: [GC (Allocation Failure) [PSYoungGen: 507424K->9760K(510464K)] 1013300K->522511K(1034752K), 0.0374085 secs] [Times: user=0.05 sys=0.05, real=0.04 secs] 
2021-06-19T06:56:19.534+0800: 3101131.232: [GC (Allocation Failure) [PSYoungGen: 506912K->10464K(510976K)] 1019663K->530643K(1035264K), 0.0283534 secs] [Times: user=0.04 sys=0.04, real=0.03 secs] 
2021-06-19T06:56:19.563+0800: 3101131.261: [Full GC (Ergonomics) [PSYoungGen: 10464K->0K(510976K)] [ParOldGen: 520179K->314027K(524288K)] 530643K->314027K(1035264K), [Metaspace: 97730K->97726K(1138688K)], 0.5212537 secs] [Times: user=0.58 sys=0.56, real=0.52 secs] 
2021-06-19T07:01:15.910+0800: 3101427.608: [GC (Allocation Failure) [PSYoungGen: 497664K->9280K(510976K)] 811691K->323307K(1035264K), 0.0378374 secs] [Times: user=0.03 sys=0.03, real=0.04 secs] 
2021-06-19T07:06:11.478+0800: 3101723.176: [GC (Allocation Failure) [PSYoungGen: 506944K->8128K(511488K)] 820971K->329022K(1035776K), 0.0586169 secs] [Times: user=0.04 sys=0.04, real=0.06 secs] 
2021-06-19T07:11:07.789+0800: 3102019.487: [GC (Allocation Failure) [PSYoungGen: 506816K->8672K(511488K)] 827710K->334786K(1035776K), 0.0228959 secs] [Times: user=0.03 sys=0.04, real=0.02 secs] 
2021-06-19T07:15:59.453+0800: 3102311.151: [GC (Allocation Failure) [PSYoungGen: 507360K->7648K(511488K)] 833474K->340589K(1035776K), 0.0244287 secs] [Times: user=0.03 sys=0.04, real=0.02 secs] 
2021-06-19T07:20:50.093+0800: 3102601.791: [GC (Allocation Failure) [PSYoungGen: 506328K->10442K(511488K)] 839270K->349410K(1035776K), 0.0294571 secs] [Times: user=0.04 sys=0.05, real=0.03 secs] 
2021-06-19T07:25:45.810+0800: 3102897.508: [GC (Allocation Failure) [PSYoungGen: 509130K->8352K(511488K)] 848098K->355516K(1035776K), 0.0249152 secs] [Times: user=0.04 sys=0.03, real=0.03 secs] 
2021-06-19T07:30:45.073+0800: 3103196.771: [GC (Allocation Failure) [PSYoungGen: 507037K->8480K(511488K)] 854201K->362366K(1035776K), 0.0229708 secs] [Times: user=0.04 sys=0.04, real=0.02 secs] 
2021-06-19T07:35:41.690+0800: 3103493.388: [GC (Allocation Failure) [PSYoungGen: 507168K->5984K(510976K)] 861054K->366121K(1035264K), 0.0263152 secs] [Times: user=0.04 sys=0.05, real=0.03 secs] 
2021-06-19T07:40:34.321+0800: 3103786.019: [GC (Allocation Failure) [PSYoungGen: 504672K->10720K(511488K)] 864809K->375110K(1035776K), 0.0296064 secs] [Times: user=0.04 sys=0.04, real=0.03 secs] 
2021-06-19T07:45:25.082+0800: 3104076.780: [GC (Allocation Failure) [PSYoungGen: 509408K->9856K(511488K)] 873798K->382121K(1035776K), 0.0273263 secs] [Times: user=0.04 sys=0.04, real=0.03 secs] 
2021-06-19T07:50:19.378+0800: 3104371.076: [GC (Allocation Failure) [PSYoungGen: 508544K->10496K(509440K)] 880809K->390301K(1033728K), 0.0274554 secs] [Times: user=0.04 sys=0.04, real=0.03 secs] 
2021-06-19T07:55:07.108+0800: 3104658.807: [GC (Allocation Failure) [PSYoungGen: 509184K->9792K(511488K)] 888989K->397559K(1035776K), 0.0868967 secs] [Times: user=0.03 sys=0.03, real=0.09 secs] 
2021-06-19T08:00:00.266+0800: 3104951.964: [GC (Allocation Failure) [PSYoungGen: 507968K->8800K(510976K)] 895735K->403890K(1035264K), 0.0305318 secs] [Times: user=0.03 sys=0.04, real=0.03 secs] 
2021-06-19T08:04:55.517+0800: 3105247.215: [GC (Allocation Failure) [PSYoungGen: 506976K->9440K(512000K)] 902066K->411374K(1036288K), 0.0285148 secs] [Times: user=0.04 sys=0.05, real=0.03 secs] 
2021-06-19T08:09:51.665+0800: 3105543.363: [GC (Allocation Failure) [PSYoungGen: 508640K->8640K(511488K)] 910574K->418136K(1035776K), 0.0281039 secs] [Times: user=0.04 sys=0.04, real=0.03 secs] 
2021-06-19T08:14:48.841+0800: 3105840.539: [GC (Allocation Failure) [PSYoungGen: 507840K->7712K(512000K)] 917336K->423299K(1036288K), 0.0223939 secs] [Times: user=0.03 sys=0.04, real=0.03 secs] 
2021-06-19T08:19:42.276+0800: 3106133.974: [GC (Allocation Failure) [PSYoungGen: 507424K->9088K(512000K)] 923011K->430470K(1036288K), 0.0275900 secs] [Times: user=0.04 sys=0.04, real=0.03 secs] 
2021-06-19T08:24:44.045+0800: 3106435.744: [GC (Allocation Failure) [PSYoungGen: 508800K->7872K(512512K)] 930182K->436128K(1036800K), 0.0231858 secs] [Times: user=0.03 sys=0.03, real=0.02 secs] 
2021-06-19T08:29:42.453+0800: 3106734.152: [GC (Allocation Failure) [PSYoungGen: 508608K->10400K(511488K)] 936864K->444683K(1035776K), 0.0518352 secs] [Times: user=0.05 sys=0.05, real=0.05 secs] 
2021-06-19T08:34:39.762+0800: 3107031.460: [GC (Allocation Failure) [PSYoungGen: 511136K->9952K(512000K)] 945419K->451567K(1036288K), 0.0297438 secs] [Times: user=0.04 sys=0.05, real=0.03 secs] 
2021-06-19T08:39:37.786+0800: 3107329.484: [GC (Allocation Failure) [PSYoungGen: 509664K->9056K(512000K)] 951279K->458146K(1036288K), 0.0636461 secs] [Times: user=0.04 sys=0.04, real=0.06 secs] 
2021-06-19T08:44:31.599+0800: 3107623.297: [GC (Allocation Failure) [PSYoungGen: 508768K->10912K(511488K)] 957858K->466845K(1035776K), 0.0331841 secs] [Times: user=0.04 sys=0.05, real=0.03 secs] 
2021-06-19T08:49:27.983+0800: 3107919.682: [GC (Allocation Failure) [PSYoungGen: 510624K->9440K(512000K)] 966557K->473446K(1036288K), 0.0450639 secs] [Times: user=0.03 sys=0.04, real=0.04 secs] 
2021-06-19T08:54:24.593+0800: 3108216.291: [GC (Allocation Failure) [PSYoungGen: 509152K->10080K(512000K)] 973158K->480920K(1036288K), 0.0557418 secs] [Times: user=0.05 sys=0.05, real=0.05 secs] 
2021-06-19T08:59:22.548+0800: 3108514.246: [GC (Allocation Failure) [PSYoungGen: 509792K->9664K(512000K)] 980632K->487347K(1036288K), 0.0281265 secs] [Times: user=0.04 sys=0.04, real=0.03 secs] 
2021-06-19T09:04:23.108+0800: 3108814.806: [GC (Allocation Failure) [PSYoungGen: 509376K->8768K(512512K)] 987059K->493909K(1036800K), 0.0407713 secs] [Times: user=0.04 sys=0.03, real=0.04 secs] 
2021-06-19T09:09:23.271+0800: 3109114.969: [GC (Allocation Failure) [PSYoungGen: 509504K->9760K(512512K)] 994645K->501784K(1036800K), 0.0799808 secs] [Times: user=0.04 sys=0.04, real=0.08 secs] 
2021-06-19T09:14:21.711+0800: 3109413.410: [GC (Allocation Failure) [PSYoungGen: 510496K->8864K(512512K)] 1002520K->508426K(1036800K), 0.0487977 secs] [Times: user=0.05 sys=0.05, real=0.05 secs] 
2021-06-19T09:19:23.206+0800: 3109714.904: [GC (Allocation Failure) [PSYoungGen: 509600K->8736K(512512K)] 1009162K->514789K(1036800K), 0.0366180 secs] [Times: user=0.05 sys=0.06, real=0.04 secs] 
2021-06-19T09:24:16.504+0800: 3110008.203: [GC (Allocation Failure) [PSYoungGen: 509472K->10112K(512512K)] 1015525K->522304K(1036800K), 0.0314903 secs] [Times: user=0.04 sys=0.05, real=0.03 secs] 
2021-06-19T09:29:08.417+0800: 3110300.116: [GC (Allocation Failure) [PSYoungGen: 510848K->9152K(512512K)] 1023040K->529001K(1036800K), 0.0855333 secs] [Times: user=0.09 sys=0.10, real=0.09 secs] 
2021-06-19T09:29:08.503+0800: 3110300.202: [Full GC (Ergonomics) [PSYoungGen: 9152K->0K(512512K)] [ParOldGen: 519849K->317260K(524288K)] 529001K->317260K(1036800K), [Metaspace: 97773K->97773K(1138688K)], 0.6241409 secs] [Times: user=0.63 sys=0.61, real=0.62 secs] 
2021-06-19T09:34:08.834+0800: 3110600.532: [GC (Allocation Failure) [PSYoungGen: 500736K->11232K(512000K)] 817996K->328516K(1036288K), 0.0307291 secs] [Times: user=0.09 sys=0.00, real=0.03 secs] 
2021-06-19T09:39:05.036+0800: 3110896.734: [GC (Allocation Failure) [PSYoungGen: 511968K->11424K(512512K)] 829252K->337045K(1036800K), 0.0253713 secs] [Times: user=0.04 sys=0.03, real=0.02 secs] 
2021-06-19T09:44:04.605+0800: 3111196.303: [GC (Allocation Failure) [PSYoungGen: 512160K->8832K(511488K)] 837781K->342974K(1035776K), 0.0278400 secs] [Times: user=0.03 sys=0.05, real=0.03 secs] 
2021-06-19T09:49:06.275+0800: 3111497.973: [GC (Allocation Failure) [PSYoungGen: 508544K->8320K(512000K)] 842686K->349096K(1036288K), 0.0318942 secs] [Times: user=0.04 sys=0.04, real=0.03 secs] 
2021-06-19T09:54:00.079+0800: 3111791.777: [GC (Allocation Failure) [PSYoungGen: 508032K->12000K(510976K)] 848808K->358484K(1035264K), 0.0337262 secs] [Times: user=0.05 sys=0.05, real=0.04 secs] 
2021-06-19T09:58:53.807+0800: 3112085.505: [GC (Allocation Failure) [PSYoungGen: 510688K->11456K(510464K)] 857172K->366558K(1034752K), 0.0459613 secs] [Times: user=0.06 sys=0.05, real=0.05 secs] 
2021-06-19T10:03:53.817+0800: 3112385.515: [GC (Allocation Failure) [PSYoungGen: 510144K->8192K(510976K)] 865246K->372406K(1035264K), 0.0276126 secs] [Times: user=0.04 sys=0.04, real=0.03 secs] 
2021-06-19T10:08:52.028+0800: 3112683.726: [GC (Allocation Failure) [PSYoungGen: 505856K->8128K(510976K)] 870070K->378793K(1035264K), 0.0375334 secs] [Times: user=0.05 sys=0.06, real=0.04 secs] 
2021-06-19T10:13:50.478+0800: 3112982.177: [GC (Allocation Failure) [PSYoungGen: 505792K->8576K(510976K)] 876457K->385196K(1035264K), 0.0296942 secs] [Times: user=0.04 sys=0.04, real=0.03 secs] 
2021-06-19T10:18:44.955+0800: 3113276.654: [GC (Allocation Failure) [PSYoungGen: 506240K->8576K(510976K)] 882860K->391526K(1035264K), 0.0327316 secs] [Times: user=0.04 sys=0.04, real=0.03 secs] 
2021-06-19T10:23:44.079+0800: 3113575.777: [GC (Allocation Failure) [PSYoungGen: 506240K->8384K(511488K)] 889190K->397713K(1035776K), 0.0303464 secs] [Times: user=0.05 sys=0.04, real=0.03 secs] 
2021-06-19T10:28:39.647+0800: 3113871.345: [GC (Allocation Failure) [PSYoungGen: 507071K->8320K(511488K)] 896400K->403628K(1035776K), 0.0360756 secs] [Times: user=0.04 sys=0.05, real=0.04 secs] 
2021-06-19T10:33:39.672+0800: 3114171.370: [GC (Allocation Failure) [PSYoungGen: 507008K->10976K(511488K)] 902316K->412232K(1035776K), 0.0317845 secs] [Times: user=0.04 sys=0.05, real=0.04 secs] 
2021-06-19T10:38:39.517+0800: 3114471.215: [GC (Allocation Failure) [PSYoungGen: 509664K->5760K(504832K)] 910920K->414848K(1029120K), 0.0949274 secs] [Times: user=0.04 sys=0.04, real=0.10 secs] 
2021-06-19T10:43:33.511+0800: 3114765.209: [GC (Allocation Failure) [PSYoungGen: 504448K->9504K(511488K)] 913536K->422589K(1035776K), 0.0337292 secs] [Times: user=0.05 sys=0.05, real=0.04 secs] 
2021-06-19T10:48:29.151+0800: 3115060.849: [GC (Allocation Failure) [PSYoungGen: 507680K->9280K(510976K)] 920765K->429432K(1035264K), 0.0366903 secs] [Times: user=0.04 sys=0.05, real=0.04 secs] 
2021-06-19T10:53:25.657+0800: 3115357.355: [GC (Allocation Failure) [PSYoungGen: 507456K->9024K(512000K)] 927608K->435786K(1036288K), 0.0299383 secs] [Times: user=0.04 sys=0.04, real=0.03 secs] 
2021-06-19T10:58:24.532+0800: 3115656.230: [GC (Allocation Failure) [PSYoungGen: 508224K->10240K(511488K)] 934986K->443966K(1035776K), 0.0327567 secs] [Times: user=0.05 sys=0.04, real=0.03 secs] 
2021-06-19T11:03:19.691+0800: 3115951.389: [GC (Allocation Failure) [PSYoungGen: 509440K->10400K(510976K)] 943166K->452162K(1035264K), 0.0330509 secs] [Times: user=0.04 sys=0.05, real=0.04 secs] 
2021-06-19T11:08:14.721+0800: 3116246.420: [GC (Allocation Failure) [PSYoungGen: 509088K->9344K(511488K)] 950850K->458965K(1035776K), 0.0310665 secs] [Times: user=0.03 sys=0.03, real=0.04 secs] 
2021-06-19T11:13:14.245+0800: 3116545.943: [GC (Allocation Failure) [PSYoungGen: 508032K->10976K(510976K)] 957653K->467792K(1035264K), 0.0255555 secs] [Times: user=0.03 sys=0.04, real=0.02 secs] 
2021-06-19T11:18:10.731+0800: 3116842.430: [GC (Allocation Failure) [PSYoungGen: 509664K->9472K(511488K)] 966480K->474768K(1035776K), 0.0255790 secs] [Times: user=0.04 sys=0.04, real=0.03 secs] 
2021-06-19T11:23:08.609+0800: 3117140.307: [GC (Allocation Failure) [PSYoungGen: 508160K->6464K(510976K)] 973456K->479321K(1035264K), 0.0230314 secs] [Times: user=0.03 sys=0.04, real=0.03 secs] 
2021-06-19T11:28:05.720+0800: 3117437.418: [GC (Allocation Failure) [PSYoungGen: 505152K->9984K(511488K)] 978009K->487694K(1035776K), 0.0290314 secs] [Times: user=0.05 sys=0.04, real=0.03 secs] 
2021-06-19T11:33:02.410+0800: 3117734.108: [GC (Allocation Failure) [PSYoungGen: 508672K->8064K(512000K)] 986382K->493880K(1036288K), 0.0330186 secs] [Times: user=0.04 sys=0.05, real=0.04 secs] 
2021-06-19T11:37:59.329+0800: 3118031.027: [GC (Allocation Failure) [PSYoungGen: 507264K->9600K(511488K)] 993080K->501012K(1035776K), 0.0282231 secs] [Times: user=0.04 sys=0.04, real=0.03 secs] 
2021-06-19T11:43:00.118+0800: 3118331.816: [GC (Allocation Failure) [PSYoungGen: 508800K->7552K(512000K)] 1000212K->506493K(1036288K), 0.0239089 secs] [Times: user=0.04 sys=0.03, real=0.03 secs] 
2021-06-19T11:48:03.955+0800: 3118635.653: [GC (Allocation Failure) [PSYoungGen: 507264K->8224K(512000K)] 1006205K->513088K(1036288K), 0.0290993 secs] [Times: user=0.04 sys=0.04, real=0.03 secs] 
2021-06-19T11:53:04.003+0800: 3118935.702: [GC (Allocation Failure) [PSYoungGen: 507936K->8000K(512000K)] 1012800K->519004K(1036288K), 0.0241708 secs] [Times: user=0.04 sys=0.03, real=0.02 secs] 
2021-06-19T11:58:01.889+0800: 3119233.587: [GC (Allocation Failure) [PSYoungGen: 507712K->9856K(512000K)] 1018716K->526759K(1036288K), 0.0240195 secs] [Times: user=0.03 sys=0.04, real=0.03 secs] 
2021-06-19T11:58:01.914+0800: 3119233.612: [Full GC (Ergonomics) [PSYoungGen: 9856K->0K(512000K)] [ParOldGen: 516903K->313479K(524288K)] 526759K->313479K(1036288K), [Metaspace: 97783K->97783K(1138688K)], 0.4094357 secs] [Times: user=0.48 sys=0.46, real=0.41 secs] 
2021-06-19T12:02:59.223+0800: 3119530.921: [GC (Allocation Failure) [PSYoungGen: 499712K->9440K(512512K)] 813191K->322920K(1036800K), 0.0218161 secs] [Times: user=0.03 sys=0.03, real=0.02 secs] 
2021-06-19T12:08:00.219+0800: 3119831.917: [GC (Allocation Failure) [PSYoungGen: 509664K->7776K(512000K)] 823144K->328917K(1036288K), 0.0283272 secs] [Times: user=0.04 sys=0.05, real=0.03 secs] 
2021-06-19T12:12:56.418+0800: 3120128.116: [GC (Allocation Failure) [PSYoungGen: 508000K->9120K(512512K)] 829141K->335888K(1036800K), 0.0253803 secs] [Times: user=0.04 sys=0.04, real=0.03 secs] 
2021-06-19T12:17:54.912+0800: 3120426.610: [GC (Allocation Failure) [PSYoungGen: 509856K->7872K(512512K)] 836624K->341946K(1036800K), 0.0273010 secs] [Times: user=0.04 sys=0.04, real=0.03 secs] 
2021-06-19T12:22:54.797+0800: 3120726.496: [GC (Allocation Failure) [PSYoungGen: 508608K->7968K(512512K)] 842682K->348619K(1036800K), 0.0272292 secs] [Times: user=0.04 sys=0.04, real=0.03 secs] 
2021-06-19T12:27:53.630+0800: 3121025.329: [GC (Allocation Failure) [PSYoungGen: 508704K->8768K(512512K)] 849355K->355805K(1036800K), 0.0272690 secs] [Times: user=0.04 sys=0.03, real=0.03 secs] 
2021-06-19T12:32:52.298+0800: 3121323.996: [GC (Allocation Failure) [PSYoungGen: 509504K->8480K(513024K)] 856541K->362215K(1037312K), 0.0278256 secs] [Times: user=0.04 sys=0.04, real=0.03 secs] 
2021-06-19T12:37:42.995+0800: 3121614.693: [GC (Allocation Failure) [PSYoungGen: 510240K->6656K(513024K)] 863975K->367489K(1037312K), 0.0328843 secs] [Times: user=0.04 sys=0.05, real=0.03 secs] 
2021-06-19T12:42:35.933+0800: 3121907.631: [GC (Allocation Failure) [PSYoungGen: 508416K->9728K(513024K)] 869249K->375191K(1037312K), 0.0264081 secs] [Times: user=0.04 sys=0.04, real=0.02 secs] 
2021-06-19T12:47:32.484+0800: 3122204.182: [GC (Allocation Failure) [PSYoungGen: 511488K->7872K(513024K)] 876951K->380625K(1037312K), 0.0268115 secs] [Times: user=0.05 sys=0.04, real=0.02 secs] 
2021-06-19T12:52:27.920+0800: 3122499.618: [GC (Allocation Failure) [PSYoungGen: 509632K->7552K(513024K)] 882385K->385780K(1037312K), 0.0224112 secs] [Times: user=0.03 sys=0.03, real=0.03 secs] 
2021-06-19T12:57:30.506+0800: 3122802.205: [GC (Allocation Failure) [PSYoungGen: 509312K->8320K(513024K)] 887540K->392239K(1037312K), 0.0237947 secs] [Times: user=0.04 sys=0.04, real=0.02 secs] 
2021-06-19T13:02:26.044+0800: 3123097.742: [GC (Allocation Failure) [PSYoungGen: 510080K->10144K(512512K)] 893999K->399972K(1036800K), 0.0313338 secs] [Times: user=0.04 sys=0.04, real=0.03 secs] 
2021-06-19T13:07:24.310+0800: 3123396.008: [GC (Allocation Failure) [PSYoungGen: 511904K->9376K(513024K)] 901732K->407356K(1037312K), 0.0293593 secs] [Times: user=0.04 sys=0.05, real=0.03 secs] 
2021-06-19T13:12:25.292+0800: 3123696.991: [GC (Allocation Failure) [PSYoungGen: 511136K->6752K(513024K)] 909116K->412109K(1037312K), 0.0285879 secs] [Times: user=0.04 sys=0.05, real=0.02 secs] 
2021-06-19T13:17:24.337+0800: 3123996.035: [GC (Allocation Failure) [PSYoungGen: 508512K->8288K(513024K)] 913869K->418114K(1037312K), 0.0247386 secs] [Times: user=0.03 sys=0.04, real=0.02 secs] 
2021-06-19T13:22:14.900+0800: 3124286.598: [GC (Allocation Failure) [PSYoungGen: 510048K->10506K(512000K)] 919874K->426289K(1036288K), 0.0283849 secs] [Times: user=0.05 sys=0.04, real=0.03 secs] 
2021-06-19T13:27:15.697+0800: 3124587.395: [GC (Allocation Failure) [PSYoungGen: 511242K->7520K(512512K)] 927025K->431817K(1036800K), 0.0290493 secs] [Times: user=0.05 sys=0.05, real=0.03 secs] 
2021-06-19T13:32:11.135+0800: 3124882.834: [GC (Allocation Failure) [PSYoungGen: 508256K->6112K(512512K)] 932553K->436411K(1036800K), 0.0298741 secs] [Times: user=0.04 sys=0.04, real=0.03 secs] 
2021-06-19T13:37:11.947+0800: 3125183.646: [GC (Allocation Failure) [PSYoungGen: 506848K->8800K(512512K)] 937147K->443512K(1036800K), 0.0236287 secs] [Times: user=0.03 sys=0.03, real=0.02 secs] 
2021-06-19T13:42:14.461+0800: 3125486.159: [GC (Allocation Failure) [PSYoungGen: 509536K->8864K(512512K)] 944248K->450690K(1036800K), 0.0299846 secs] [Times: user=0.04 sys=0.04, real=0.03 secs] 
2021-06-19T13:47:12.679+0800: 3125784.377: [GC (Allocation Failure) [PSYoungGen: 509600K->8928K(512512K)] 951426K->457836K(1036800K), 0.0282134 secs] [Times: user=0.05 sys=0.04, real=0.03 secs] 
2021-06-19T13:52:13.586+0800: 3126085.284: [GC (Allocation Failure) [PSYoungGen: 509664K->6080K(512000K)] 958572K->461367K(1036288K), 0.0294389 secs] [Times: user=0.03 sys=0.04, real=0.03 secs] 
2021-06-19T13:57:14.392+0800: 3126386.090: [GC (Allocation Failure) [PSYoungGen: 506816K->7584K(512512K)] 962103K->467651K(1036800K), 0.0290768 secs] [Times: user=0.04 sys=0.05, real=0.03 secs] 
2021-06-19T14:02:11.364+0800: 3126683.062: [GC (Allocation Failure) [PSYoungGen: 508320K->6784K(513024K)] 968387K->472574K(1037312K), 0.0274338 secs] [Times: user=0.04 sys=0.05, real=0.02 secs] 
2021-06-19T14:07:07.792+0800: 3126979.491: [GC (Allocation Failure) [PSYoungGen: 508544K->9824K(512000K)] 974334K->480642K(1036288K), 0.0248899 secs] [Times: user=0.04 sys=0.04, real=0.02 secs] 
2021-06-19T14:12:07.712+0800: 3127279.410: [GC (Allocation Failure) [PSYoungGen: 511584K->6336K(512512K)] 982402K->484555K(1036800K), 0.0515847 secs] [Times: user=0.04 sys=0.04, real=0.05 secs] 
2021-06-19T14:17:11.636+0800: 3127583.334: [GC (Allocation Failure) [PSYoungGen: 507072K->9376K(512512K)] 985291K->492335K(1036800K), 0.0269613 secs] [Times: user=0.04 sys=0.04, real=0.03 secs] 
2021-06-19T14:22:13.770+0800: 3127885.468: [GC (Allocation Failure) [PSYoungGen: 510112K->6688K(512512K)] 993071K->497183K(1036800K), 0.0519982 secs] [Times: user=0.05 sys=0.05, real=0.05 secs] 
2021-06-19T14:27:11.697+0800: 3128183.396: [GC (Allocation Failure) [PSYoungGen: 507424K->7904K(512512K)] 997919K->503603K(1036800K), 0.0270455 secs] [Times: user=0.04 sys=0.05, real=0.03 secs] 
2021-06-19T14:32:09.036+0800: 3128480.734: [GC (Allocation Failure) [PSYoungGen: 508640K->7040K(513024K)] 1004339K->508974K(1037312K), 0.0296765 secs] [Times: user=0.05 sys=0.05, real=0.03 secs] 
2021-06-19T14:37:03.533+0800: 3128775.232: [GC (Allocation Failure) [PSYoungGen: 508800K->7680K(513024K)] 1010734K->514706K(1037312K), 0.0294086 secs] [Times: user=0.04 sys=0.03, real=0.03 secs] 
2021-06-19T14:42:01.339+0800: 3129073.037: [GC (Allocation Failure) [PSYoungGen: 509440K->8992K(512512K)] 1016466K->521941K(1036800K), 0.0294753 secs] [Times: user=0.05 sys=0.05, real=0.03 secs] 
2021-06-19T14:46:57.758+0800: 3129369.456: [GC (Allocation Failure) [PSYoungGen: 510752K->7936K(513024K)] 1023701K->527286K(1037312K), 0.0299235 secs] [Times: user=0.04 sys=0.04, real=0.03 secs] 
2021-06-19T14:46:57.789+0800: 3129369.487: [Full GC (Ergonomics) [PSYoungGen: 7936K->0K(513024K)] [ParOldGen: 519350K->312750K(524288K)] 527286K->312750K(1037312K), [Metaspace: 97791K->97788K(1138688K)], 0.5825874 secs] [Times: user=1.26 sys=0.00, real=0.58 secs] 
2021-06-19T14:51:56.817+0800: 3129668.515: [GC (Allocation Failure) [PSYoungGen: 501760K->7904K(513536K)] 814510K->320654K(1037824K), 0.0220968 secs] [Times: user=0.03 sys=0.04, real=0.02 secs] 
2021-06-19T14:56:53.501+0800: 3129965.199: [GC (Allocation Failure) [PSYoungGen: 510688K->10112K(513024K)] 823438K->328897K(1037312K), 0.0269076 secs] [Times: user=0.04 sys=0.05, real=0.03 secs] 
2021-06-19T15:01:52.456+0800: 3130264.155: [GC (Allocation Failure) [PSYoungGen: 512896K->8928K(513024K)] 831681K->335123K(1037312K), 0.0318235 secs] [Times: user=0.04 sys=0.04, real=0.03 secs] 
2021-06-19T15:06:50.547+0800: 3130562.245: [GC (Allocation Failure) [PSYoungGen: 510688K->7168K(513024K)] 836883K->339888K(1037312K), 0.0250050 secs] [Times: user=0.03 sys=0.04, real=0.02 secs] 
2021-06-19T15:11:43.848+0800: 3130855.546: [GC (Allocation Failure) [PSYoungGen: 508928K->10816K(512000K)] 841648K->348900K(1036288K), 0.0276928 secs] [Times: user=0.04 sys=0.04, real=0.03 secs] 
2021-06-19T15:16:39.713+0800: 3131151.411: [GC (Allocation Failure) [PSYoungGen: 511552K->8288K(512512K)] 849636K->353637K(1036800K), 0.0267277 secs] [Times: user=0.04 sys=0.05, real=0.02 secs] 
2021-06-19T15:21:34.902+0800: 3131446.600: [GC (Allocation Failure) [PSYoungGen: 509024K->8576K(513024K)] 854373K->360241K(1037312K), 0.0269359 secs] [Times: user=0.04 sys=0.05, real=0.03 secs] 
2021-06-19T15:26:30.418+0800: 3131742.117: [GC (Allocation Failure) [PSYoungGen: 510336K->7648K(513024K)] 862001K->366131K(1037312K), 0.0309329 secs] [Times: user=0.04 sys=0.04, real=0.03 secs] 
2021-06-19T15:31:28.388+0800: 3132040.086: [GC (Allocation Failure) [PSYoungGen: 509408K->10464K(512000K)] 867891K->374184K(1036288K), 0.0426767 secs] [Times: user=0.05 sys=0.05, real=0.04 secs] 
2021-06-19T15:36:22.577+0800: 3132334.275: [GC (Allocation Failure) [PSYoungGen: 511200K->7904K(512512K)] 874920K->378874K(1036800K), 0.0266470 secs] [Times: user=0.04 sys=0.03, real=0.03 secs] 
2021-06-19T15:41:16.561+0800: 3132628.260: [GC (Allocation Failure) [PSYoungGen: 508640K->9344K(512000K)] 879610K->386173K(1036288K), 0.0305877 secs] [Times: user=0.04 sys=0.04, real=0.04 secs] 
2021-06-19T15:46:12.325+0800: 3132924.023: [GC (Allocation Failure) [PSYoungGen: 510080K->7840K(512512K)] 886909K->392623K(1036800K), 0.0328539 secs] [Times: user=0.05 sys=0.04, real=0.03 secs] 
2021-06-19T15:51:12.793+0800: 3133224.491: [GC (Allocation Failure) [PSYoungGen: 508576K->10272K(512000K)] 893359K->400964K(1036288K), 0.0372375 secs] [Times: user=0.08 sys=0.00, real=0.03 secs] 
2021-06-19T15:56:09.389+0800: 3133521.088: [GC (Allocation Failure) [PSYoungGen: 511008K->11552K(512512K)] 901700K->410021K(1036800K), 0.0361369 secs] [Times: user=0.05 sys=0.05, real=0.04 secs] 
2021-06-19T16:01:01.886+0800: 3133813.584: [GC (Allocation Failure) [PSYoungGen: 512288K->9472K(511488K)] 910757K->416008K(1035776K), 0.0335180 secs] [Times: user=0.06 sys=0.06, real=0.03 secs] 
2021-06-19T16:05:59.267+0800: 3134110.966: [GC (Allocation Failure) [PSYoungGen: 509184K->8160K(512000K)] 915720K->422034K(1036288K), 0.0357408 secs] [Times: user=0.04 sys=0.04, real=0.04 secs] 
2021-06-19T16:10:54.537+0800: 3134406.236: [GC (Allocation Failure) [PSYoungGen: 507872K->8352K(512000K)] 921746K->428924K(1036288K), 0.0302555 secs] [Times: user=0.05 sys=0.05, real=0.03 secs] 
2021-06-19T16:15:50.871+0800: 3134702.570: [GC (Allocation Failure) [PSYoungGen: 508064K->8544K(512000K)] 928636K->435031K(1036288K), 0.0236723 secs] [Times: user=0.04 sys=0.03, real=0.03 secs] 
2021-06-19T16:20:48.331+0800: 3135000.029: [GC (Allocation Failure) [PSYoungGen: 508256K->6592K(512512K)] 934743K->439586K(1036800K), 0.0251394 secs] [Times: user=0.03 sys=0.04, real=0.03 secs] 
2021-06-19T16:25:45.748+0800: 3135297.446: [GC (Allocation Failure) [PSYoungGen: 507328K->6400K(512512K)] 940322K->444341K(1036800K), 0.0264424 secs] [Times: user=0.05 sys=0.04, real=0.03 secs] 
2021-06-19T16:30:43.966+0800: 3135595.664: [GC (Allocation Failure) [PSYoungGen: 507136K->8736K(512512K)] 945077K->451514K(1036800K), 0.0314837 secs] [Times: user=0.04 sys=0.04, real=0.03 secs] 
2021-06-19T16:35:35.172+0800: 3135886.870: [GC (Allocation Failure) [PSYoungGen: 509472K->8256K(512512K)] 952250K->457571K(1036800K), 0.0480016 secs] [Times: user=0.04 sys=0.05, real=0.05 secs] 
2021-06-19T16:40:31.752+0800: 3136183.451: [GC (Allocation Failure) [PSYoungGen: 508992K->8448K(513024K)] 958307K->464095K(1037312K), 0.0267374 secs] [Times: user=0.03 sys=0.04, real=0.02 secs] 
2021-06-19T16:45:28.665+0800: 3136480.363: [GC (Allocation Failure) [PSYoungGen: 510208K->6912K(513024K)] 965855K->469232K(1037312K), 0.0281398 secs] [Times: user=0.03 sys=0.04, real=0.03 secs] 
2021-06-19T16:50:28.279+0800: 3136779.978: [GC (Allocation Failure) [PSYoungGen: 508672K->8288K(513536K)] 970992K->475812K(1037824K), 0.0322726 secs] [Times: user=0.04 sys=0.05, real=0.03 secs] 
2021-06-19T16:55:26.406+0800: 3137078.104: [GC (Allocation Failure) [PSYoungGen: 510560K->8672K(513024K)] 978084K->482398K(1037312K), 0.0301354 secs] [Times: user=0.03 sys=0.05, real=0.03 secs] 
2021-06-19T17:00:22.620+0800: 3137374.318: [GC (Allocation Failure) [PSYoungGen: 510944K->8416K(513536K)] 984670K->488497K(1037824K), 0.0233247 secs] [Times: user=0.04 sys=0.04, real=0.03 secs] 
2021-06-19T17:05:23.988+0800: 3137675.686: [GC (Allocation Failure) [PSYoungGen: 511200K->8960K(513536K)] 991281K->495564K(1037824K), 0.0948372 secs] [Times: user=0.06 sys=0.05, real=0.10 secs] 
2021-06-19T17:10:24.514+0800: 3137976.213: [GC (Allocation Failure) [PSYoungGen: 511744K->7232K(513536K)] 998348K->500502K(1037824K), 0.0335575 secs] [Times: user=0.04 sys=0.04, real=0.03 secs] 
2021-06-19T17:15:22.217+0800: 3138273.916: [GC (Allocation Failure) [PSYoungGen: 510016K->6752K(513536K)] 1003286K->505274K(1037824K), 0.0241027 secs] [Times: user=0.03 sys=0.04, real=0.02 secs] 
2021-06-19T17:20:13.744+0800: 3138565.442: [GC (Allocation Failure) [PSYoungGen: 509536K->10144K(512512K)] 1008058K->513272K(1036800K), 0.0325964 secs] [Times: user=0.04 sys=0.04, real=0.03 secs] 
2021-06-19T17:25:05.090+0800: 3138856.788: [GC (Allocation Failure) [PSYoungGen: 511904K->8320K(513024K)] 1015032K->519402K(1037312K), 0.0266407 secs] [Times: user=0.04 sys=0.05, real=0.03 secs] 
2021-06-19T17:30:04.204+0800: 3139155.902: [GC (Allocation Failure) [PSYoungGen: 510080K->8576K(513536K)] 1021162K->526310K(1037824K), 0.0323466 secs] [Times: user=0.04 sys=0.04, real=0.03 secs] 
2021-06-19T17:30:04.237+0800: 3139155.935: [Full GC (Ergonomics) [PSYoungGen: 8576K->0K(513536K)] [ParOldGen: 517734K->314345K(524288K)] 526310K->314345K(1037824K), [Metaspace: 97810K->97810K(1138688K)], 0.5739462 secs] [Times: user=0.53 sys=0.53, real=0.57 secs] 
2021-06-19T17:35:01.174+0800: 3139452.872: [GC (Allocation Failure) [PSYoungGen: 502784K->7360K(513536K)] 817129K->321705K(1037824K), 0.0203756 secs] [Times: user=0.03 sys=0.03, real=0.02 secs] 
2021-06-19T17:39:53.441+0800: 3139745.140: [GC (Allocation Failure) [PSYoungGen: 510144K->8832K(513536K)] 824489K->329196K(1037824K), 0.0271298 secs] [Times: user=0.03 sys=0.05, real=0.03 secs] 
2021-06-19T17:44:51.451+0800: 3140043.149: [GC (Allocation Failure) [PSYoungGen: 511616K->9792K(513024K)] 831980K->336696K(1037312K), 0.0283553 secs] [Times: user=0.04 sys=0.04, real=0.03 secs] 
2021-06-19T17:49:49.152+0800: 3140340.851: [GC (Allocation Failure) [PSYoungGen: 512576K->10176K(513024K)] 839480K->344681K(1037312K), 0.0263899 secs] [Times: user=0.04 sys=0.04, real=0.02 secs] 
2021-06-19T17:54:42.602+0800: 3140634.301: [GC (Allocation Failure) [PSYoungGen: 511936K->9056K(513024K)] 846441K->351091K(1037312K), 0.0372681 secs] [Times: user=0.11 sys=0.00, real=0.03 secs] 
2021-06-19T17:59:39.490+0800: 3140931.188: [GC (Allocation Failure) [PSYoungGen: 510816K->11232K(505856K)] 852851K->360590K(1030144K), 0.0274977 secs] [Times: user=0.04 sys=0.04, real=0.03 secs] 
2021-06-19T18:04:31.471+0800: 3141223.169: [GC (Allocation Failure) [PSYoungGen: 505824K->9856K(509440K)] 855182K->367577K(1033728K), 0.0256288 secs] [Times: user=0.04 sys=0.04, real=0.03 secs] 
2021-06-19T18:09:19.727+0800: 3141511.426: [GC (Allocation Failure) [PSYoungGen: 504448K->8320K(509952K)] 862169K->373658K(1034240K), 0.0725458 secs] [Times: user=0.05 sys=0.04, real=0.07 secs] 
2021-06-19T18:14:12.555+0800: 3141804.254: [GC (Allocation Failure) [PSYoungGen: 503936K->7072K(509952K)] 869274K->378525K(1034240K), 0.0278692 secs] [Times: user=0.04 sys=0.04, real=0.03 secs] 
2021-06-19T18:19:05.378+0800: 3142097.076: [GC (Allocation Failure) [PSYoungGen: 502688K->7296K(510464K)] 874141K->384041K(1034752K), 0.0272399 secs] [Times: user=0.04 sys=0.04, real=0.03 secs] 
2021-06-19T18:24:04.453+0800: 3142396.151: [GC (Allocation Failure) [PSYoungGen: 503424K->8704K(509952K)] 880169K->390685K(1034240K), 0.0317780 secs] [Times: user=0.04 sys=0.05, real=0.03 secs] 
2021-06-19T18:28:55.663+0800: 3142687.361: [GC (Allocation Failure) [PSYoungGen: 504832K->8224K(510976K)] 886813K->396448K(1035264K), 0.0257917 secs] [Times: user=0.04 sys=0.04, real=0.02 secs] 
2021-06-19T18:33:51.448+0800: 3142983.147: [GC (Allocation Failure) [PSYoungGen: 505376K->5472K(510464K)] 893600K->400410K(1034752K), 0.0271482 secs] [Times: user=0.04 sys=0.04, real=0.03 secs] 
2021-06-19T18:38:48.304+0800: 3143280.002: [GC (Allocation Failure) [PSYoungGen: 502624K->7968K(510976K)] 897562K->406672K(1035264K), 0.0261416 secs] [Times: user=0.04 sys=0.04, real=0.02 secs] 
2021-06-19T18:43:43.042+0800: 3143574.740: [GC (Allocation Failure) [PSYoungGen: 505632K->7168K(510976K)] 904336K->412011K(1035264K), 0.0257445 secs] [Times: user=0.04 sys=0.04, real=0.03 secs] 
2021-06-19T18:48:38.579+0800: 3143870.278: [GC (Allocation Failure) [PSYoungGen: 504832K->9344K(511488K)] 909675K->419767K(1035776K), 0.0309438 secs] [Times: user=0.05 sys=0.05, real=0.03 secs] 
2021-06-19T18:53:35.377+0800: 3144167.075: [GC (Allocation Failure) [PSYoungGen: 508032K->9184K(511488K)] 918455K->426304K(1035776K), 0.0724761 secs] [Times: user=0.05 sys=0.05, real=0.07 secs] 
2021-06-19T18:58:27.121+0800: 3144458.819: [GC (Allocation Failure) [PSYoungGen: 507872K->11392K(510464K)] 924992K->435068K(1034752K), 0.0356043 secs] [Times: user=0.05 sys=0.06, real=0.04 secs] 
2021-06-19T19:03:26.647+0800: 3144758.345: [GC (Allocation Failure) [PSYoungGen: 509056K->5760K(510976K)] 932732K->438402K(1035264K), 0.0297653 secs] [Times: user=0.04 sys=0.04, real=0.03 secs] 
2021-06-19T19:08:20.357+0800: 3145052.055: [GC (Allocation Failure) [PSYoungGen: 503424K->5728K(510976K)] 936066K->442255K(1035264K), 0.0316262 secs] [Times: user=0.04 sys=0.05, real=0.03 secs] 
2021-06-19T19:13:14.562+0800: 3145346.260: [GC (Allocation Failure) [PSYoungGen: 503392K->7488K(510976K)] 939919K->448101K(1035264K), 0.0252746 secs] [Times: user=0.03 sys=0.03, real=0.03 secs] 
2021-06-19T19:18:03.486+0800: 3145635.184: [GC (Allocation Failure) [PSYoungGen: 505152K->7978K(511488K)] 945765K->454171K(1035776K), 0.0260785 secs] [Times: user=0.03 sys=0.04, real=0.03 secs] 
2021-06-19T19:22:59.832+0800: 3145931.531: [GC (Allocation Failure) [PSYoungGen: 506154K->8384K(510976K)] 952347K->460845K(1035264K), 0.0306095 secs] [Times: user=0.04 sys=0.04, real=0.03 secs] 
2021-06-19T19:27:54.417+0800: 3146226.115: [GC (Allocation Failure) [PSYoungGen: 506560K->8960K(512000K)] 959021K->467321K(1036288K), 0.0273458 secs] [Times: user=0.04 sys=0.04, real=0.03 secs] 
2021-06-19T19:32:45.674+0800: 3146517.373: [GC (Allocation Failure) [PSYoungGen: 508672K->9216K(512000K)] 967033K->474459K(1036288K), 0.0842335 secs] [Times: user=0.04 sys=0.04, real=0.08 secs] 
2021-06-19T19:37:42.931+0800: 3146814.629: [GC (Allocation Failure) [PSYoungGen: 508928K->7616K(512512K)] 974171K->480085K(1036800K), 0.0245945 secs] [Times: user=0.04 sys=0.03, real=0.03 secs] 
2021-06-19T19:42:36.028+0800: 3147107.726: [GC (Allocation Failure) [PSYoungGen: 507840K->9184K(512000K)] 980309K->487017K(1036288K), 0.0315548 secs] [Times: user=0.05 sys=0.04, real=0.03 secs] 
2021-06-19T19:47:27.633+0800: 3147399.331: [GC (Allocation Failure) [PSYoungGen: 509408K->8928K(512512K)] 987241K->493725K(1036800K), 0.0295251 secs] [Times: user=0.04 sys=0.04, real=0.03 secs] 
2021-06-19T19:52:23.985+0800: 3147695.683: [GC (Allocation Failure) [PSYoungGen: 509664K->8512K(512512K)] 994461K->499896K(1036800K), 0.0261995 secs] [Times: user=0.03 sys=0.04, real=0.02 secs] 
2021-06-19T19:57:20.843+0800: 3147992.542: [GC (Allocation Failure) [PSYoungGen: 509248K->6752K(512512K)] 1000632K->504306K(1036800K), 0.0231140 secs] [Times: user=0.03 sys=0.04, real=0.02 secs] 
2021-06-19T20:02:16.276+0800: 3148287.974: [GC (Allocation Failure) [PSYoungGen: 507488K->8480K(512512K)] 1005042K->511215K(1036800K), 0.0270426 secs] [Times: user=0.04 sys=0.04, real=0.03 secs] 
2021-06-19T20:07:09.450+0800: 3148581.148: [GC (Allocation Failure) [PSYoungGen: 509216K->10016K(512000K)] 1011951K->518860K(1036288K), 0.0240776 secs] [Times: user=0.04 sys=0.03, real=0.03 secs] 
2021-06-19T20:12:05.418+0800: 3148877.116: [GC (Allocation Failure) [PSYoungGen: 510752K->7872K(512512K)] 1019596K->524310K(1036800K), 0.0237149 secs] [Times: user=0.04 sys=0.04, real=0.02 secs] 
2021-06-19T20:12:05.442+0800: 3148877.140: [Full GC (Ergonomics) [PSYoungGen: 7872K->0K(512512K)] [ParOldGen: 516438K->311312K(524288K)] 524310K->311312K(1036800K), [Metaspace: 97814K->97814K(1138688K)], 0.5188952 secs] [Times: user=0.57 sys=0.55, real=0.52 secs] 
2021-06-19T20:17:01.108+0800: 3149172.806: [GC (Allocation Failure) [PSYoungGen: 500736K->7168K(513024K)] 812048K->318480K(1037312K), 0.0417292 secs] [Times: user=0.03 sys=0.04, real=0.04 secs] 
2021-06-19T20:21:56.333+0800: 3149468.031: [GC (Allocation Failure) [PSYoungGen: 508928K->8288K(513024K)] 820240K->325107K(1037312K), 0.0426143 secs] [Times: user=0.04 sys=0.04, real=0.05 secs] 
2021-06-19T20:26:58.482+0800: 3149770.180: [GC (Allocation Failure) [PSYoungGen: 510048K->6592K(513024K)] 826867K->330454K(1037312K), 0.0234970 secs] [Times: user=0.04 sys=0.03, real=0.03 secs] 
2021-06-19T20:31:50.210+0800: 3150061.908: [GC (Allocation Failure) [PSYoungGen: 508352K->9920K(512000K)] 832214K->338834K(1036288K), 0.0255157 secs] [Times: user=0.03 sys=0.03, real=0.03 secs] 
2021-06-19T20:36:51.226+0800: 3150362.924: [GC (Allocation Failure) [PSYoungGen: 511680K->7136K(513024K)] 840594K->342832K(1037312K), 0.0335258 secs] [Times: user=0.03 sys=0.03, real=0.03 secs] 
2021-06-19T20:41:51.252+0800: 3150662.950: [GC (Allocation Failure) [PSYoungGen: 508384K->7360K(512512K)] 844080K->348548K(1036800K), 0.0223299 secs] [Times: user=0.03 sys=0.04, real=0.03 secs] 
2021-06-19T20:46:51.302+0800: 3150963.001: [GC (Allocation Failure) [PSYoungGen: 508608K->7424K(513024K)] 849796K->354294K(1037312K), 0.0226317 secs] [Times: user=0.04 sys=0.04, real=0.02 secs] 
2021-06-19T20:51:48.632+0800: 3151260.330: [GC (Allocation Failure) [PSYoungGen: 509184K->8992K(513024K)] 856054K->361059K(1037312K), 0.0249351 secs] [Times: user=0.03 sys=0.03, real=0.03 secs] 
2021-06-19T20:56:48.432+0800: 3151560.131: [GC (Allocation Failure) [PSYoungGen: 510752K->10080K(512000K)] 862819K->369421K(1036288K), 0.0251587 secs] [Times: user=0.04 sys=0.03, real=0.02 secs] 
2021-06-19T21:01:39.846+0800: 3151851.544: [GC (Allocation Failure) [PSYoungGen: 510816K->9152K(512512K)] 870157K->376080K(1036800K), 0.0256800 secs] [Times: user=0.03 sys=0.04, real=0.02 secs] 
2021-06-19T21:06:39.347+0800: 3152151.045: [GC (Allocation Failure) [PSYoungGen: 509888K->7968K(513024K)] 876816K->382288K(1037312K), 0.0249649 secs] [Times: user=0.04 sys=0.04, real=0.02 secs] 
2021-06-19T21:11:40.567+0800: 3152452.265: [GC (Allocation Failure) [PSYoungGen: 509216K->9248K(512512K)] 883536K->389292K(1036800K), 0.0241328 secs] [Times: user=0.03 sys=0.04, real=0.02 secs] 
2021-06-19T21:16:35.155+0800: 3152746.853: [GC (Allocation Failure) [PSYoungGen: 510496K->8032K(513024K)] 890540K->395476K(1037312K), 0.0313464 secs] [Times: user=0.04 sys=0.04, real=0.03 secs] 
2021-06-19T21:21:30.946+0800: 3153042.644: [GC (Allocation Failure) [PSYoungGen: 509792K->8960K(513024K)] 897236K->402216K(1037312K), 0.0292767 secs] [Times: user=0.03 sys=0.05, real=0.03 secs] 
2021-06-19T21:26:28.645+0800: 3153340.343: [GC (Allocation Failure) [PSYoungGen: 510720K->8160K(513536K)] 903976K->408352K(1037824K), 0.0333841 secs] [Times: user=0.04 sys=0.04, real=0.03 secs] 
2021-06-19T21:31:19.590+0800: 3153631.288: [GC (Allocation Failure) [PSYoungGen: 510432K->10304K(513024K)] 910624K->417235K(1037312K), 0.0247070 secs] [Times: user=0.04 sys=0.04, real=0.03 secs] 
2021-06-19T21:36:16.853+0800: 3153928.551: [GC (Allocation Failure) [PSYoungGen: 512576K->7616K(513024K)] 919507K->422421K(1037312K), 0.0271021 secs] [Times: user=0.04 sys=0.04, real=0.02 secs] 
2021-06-19T21:41:12.430+0800: 3154224.129: [GC (Allocation Failure) [PSYoungGen: 509376K->7872K(513024K)] 924181K->428399K(1037312K), 0.0289164 secs] [Times: user=0.03 sys=0.04, real=0.03 secs] 
2021-06-19T21:46:08.584+0800: 3154520.283: [GC (Allocation Failure) [PSYoungGen: 509632K->9440K(513024K)] 930159K->436299K(1037312K), 0.0256594 secs] [Times: user=0.03 sys=0.04, real=0.02 secs] 
2021-06-19T21:51:09.231+0800: 3154820.929: [GC (Allocation Failure) [PSYoungGen: 511200K->6400K(513024K)] 938059K->439981K(1037312K), 0.0277811 secs] [Times: user=0.04 sys=0.04, real=0.03 secs] 
2021-06-19T21:56:05.998+0800: 3155117.697: [GC (Allocation Failure) [PSYoungGen: 508160K->7808K(513024K)] 941741K->446329K(1037312K), 0.0245069 secs] [Times: user=0.04 sys=0.04, real=0.03 secs] 
2021-06-19T22:01:01.764+0800: 3155413.463: [GC (Allocation Failure) [PSYoungGen: 509568K->8576K(513024K)] 948089K->453525K(1037312K), 0.0254485 secs] [Times: user=0.04 sys=0.04, real=0.02 secs] 
2021-06-19T22:05:51.943+0800: 3155703.641: [GC (Allocation Failure) [PSYoungGen: 510336K->9664K(513024K)] 955285K->460760K(1037312K), 0.0278824 secs] [Times: user=0.04 sys=0.04, real=0.02 secs] 
2021-06-19T22:10:48.103+0800: 3155999.801: [GC (Allocation Failure) [PSYoungGen: 511424K->10304K(512512K)] 962520K->469171K(1036800K), 0.0252582 secs] [Times: user=0.04 sys=0.04, real=0.02 secs] 
2021-06-19T22:15:48.106+0800: 3156299.805: [GC (Allocation Failure) [PSYoungGen: 512064K->7264K(512512K)] 970931K->473772K(1036800K), 0.0267914 secs] [Times: user=0.04 sys=0.04, real=0.03 secs] 
2021-06-19T22:20:44.854+0800: 3156596.553: [GC (Allocation Failure) [PSYoungGen: 508000K->10912K(512000K)] 974508K->482464K(1036288K), 0.0299700 secs] [Times: user=0.03 sys=0.04, real=0.03 secs] 
2021-06-19T22:25:43.252+0800: 3156894.950: [GC (Allocation Failure) [PSYoungGen: 511648K->7968K(512000K)] 983200K->487451K(1036288K), 0.0235462 secs] [Times: user=0.03 sys=0.04, real=0.02 secs] 
2021-06-19T22:30:32.735+0800: 3157184.433: [GC (Allocation Failure) [PSYoungGen: 507680K->8480K(512000K)] 987163K->494502K(1036288K), 0.0554176 secs] [Times: user=0.03 sys=0.03, real=0.05 secs] 
2021-06-19T22:35:29.121+0800: 3157480.819: [GC (Allocation Failure) [PSYoungGen: 508192K->6304K(512512K)] 994214K->499208K(1036800K), 0.0213254 secs] [Times: user=0.03 sys=0.03, real=0.03 secs] 
2021-06-19T22:40:25.260+0800: 3157776.958: [GC (Allocation Failure) [PSYoungGen: 507040K->7168K(512512K)] 999944K->504612K(1036800K), 0.0238712 secs] [Times: user=0.04 sys=0.04, real=0.03 secs] 
2021-06-19T22:45:22.986+0800: 3158074.684: [GC (Allocation Failure) [PSYoungGen: 507904K->5376K(512512K)] 1005348K->508278K(1036800K), 0.0216570 secs] [Times: user=0.04 sys=0.04, real=0.02 secs] 
2021-06-19T22:50:17.711+0800: 3158369.410: [GC (Allocation Failure) [PSYoungGen: 506112K->7456K(512512K)] 1009014K->514300K(1036800K), 0.0288337 secs] [Times: user=0.03 sys=0.04, real=0.03 secs] 
2021-06-19T22:55:12.461+0800: 3158664.159: [GC (Allocation Failure) [PSYoungGen: 508192K->7168K(513024K)] 1015036K->519710K(1037312K), 0.0273245 secs] [Times: user=0.03 sys=0.04, real=0.03 secs] 
2021-06-19T23:00:07.795+0800: 3158959.493: [GC (Allocation Failure) [PSYoungGen: 508416K->8224K(512512K)] 1020958K->526433K(1036800K), 0.0250300 secs] [Times: user=0.03 sys=0.04, real=0.02 secs] 
2021-06-19T23:00:07.821+0800: 3158959.519: [Full GC (Ergonomics) [PSYoungGen: 8224K->0K(512512K)] [ParOldGen: 518209K->314040K(524288K)] 526433K->314040K(1036800K), [Metaspace: 97815K->97815K(1138688K)], 0.6001809 secs] [Times: user=0.55 sys=0.55, real=0.60 secs] 
2021-06-19T23:05:04.581+0800: 3159256.279: [GC (Allocation Failure) [PSYoungGen: 501248K->9184K(513024K)] 815288K->323224K(1037312K), 0.0257326 secs] [Times: user=0.03 sys=0.03, real=0.03 secs] 
2021-06-19T23:10:04.229+0800: 3159555.927: [GC (Allocation Failure) [PSYoungGen: 510944K->8032K(513024K)] 824984K->329555K(1037312K), 0.0273463 secs] [Times: user=0.03 sys=0.03, real=0.03 secs] 
2021-06-19T23:15:01.896+0800: 3159853.594: [GC (Allocation Failure) [PSYoungGen: 509792K->7456K(513536K)] 831315K->334943K(1037824K), 0.0208627 secs] [Times: user=0.03 sys=0.03, real=0.02 secs] 
2021-06-19T23:19:57.919+0800: 3160149.617: [GC (Allocation Failure) [PSYoungGen: 509728K->7776K(513024K)] 837215K->340826K(1037312K), 0.0222904 secs] [Times: user=0.02 sys=0.03, real=0.02 secs] 
2021-06-19T23:24:49.145+0800: 3160440.843: [GC (Allocation Failure) [PSYoungGen: 510048K->9184K(513536K)] 843098K->348141K(1037824K), 0.0252599 secs] [Times: user=0.03 sys=0.04, real=0.02 secs] 
2021-06-19T23:29:43.741+0800: 3160735.439: [GC (Allocation Failure) [PSYoungGen: 511968K->10656K(513536K)] 850925K->357208K(1037824K), 0.0229735 secs] [Times: user=0.04 sys=0.03, real=0.03 secs] 
2021-06-19T23:34:43.046+0800: 3161034.745: [GC (Allocation Failure) [PSYoungGen: 513440K->7776K(512512K)] 859992K->362233K(1036800K), 0.0233149 secs] [Times: user=0.04 sys=0.04, real=0.02 secs] 
2021-06-19T23:39:41.397+0800: 3161333.096: [GC (Allocation Failure) [PSYoungGen: 509536K->6464K(513024K)] 863993K->367107K(1037312K), 0.0234306 secs] [Times: user=0.03 sys=0.04, real=0.02 secs] 
2021-06-19T23:44:39.244+0800: 3161630.942: [GC (Allocation Failure) [PSYoungGen: 508222K->7808K(513024K)] 868865K->373446K(1037312K), 0.0222045 secs] [Times: user=0.03 sys=0.03, real=0.02 secs] 
2021-06-19T23:49:38.846+0800: 3161930.544: [GC (Allocation Failure) [PSYoungGen: 509568K->8096K(513024K)] 875206K->380105K(1037312K), 0.0243116 secs] [Times: user=0.04 sys=0.04, real=0.02 secs] 
2021-06-19T23:54:38.333+0800: 3162230.031: [GC (Allocation Failure) [PSYoungGen: 509856K->7744K(513536K)] 881865K->386053K(1037824K), 0.0219728 secs] [Times: user=0.03 sys=0.03, real=0.02 secs] 
2021-06-19T23:59:30.277+0800: 3162521.975: [GC (Allocation Failure) [PSYoungGen: 510528K->9248K(513536K)] 888837K->393680K(1037824K), 0.0224845 secs] [Times: user=0.03 sys=0.04, real=0.02 secs] 
2021-06-20T00:04:14.623+0800: 3162806.321: [GC (Allocation Failure) [PSYoungGen: 512032K->7104K(513536K)] 896464K->398747K(1037824K), 0.0224894 secs] [Times: user=0.03 sys=0.04, real=0.02 secs] 
2021-06-20T00:09:14.219+0800: 3163105.917: [GC (Allocation Failure) [PSYoungGen: 509888K->8960K(513536K)] 901531K->406079K(1037824K), 0.0283027 secs] [Times: user=0.04 sys=0.04, real=0.03 secs] 
2021-06-20T00:14:12.702+0800: 3163404.400: [GC (Allocation Failure) [PSYoungGen: 511744K->6880K(513536K)] 908863K->410664K(1037824K), 0.0247757 secs] [Times: user=0.03 sys=0.03, real=0.03 secs] 
2021-06-20T00:19:10.746+0800: 3163702.444: [GC (Allocation Failure) [PSYoungGen: 509664K->7744K(513536K)] 913448K->416179K(1037824K), 0.0247198 secs] [Times: user=0.04 sys=0.03, real=0.02 secs] 
2021-06-20T00:24:11.073+0800: 3164002.771: [GC (Allocation Failure) [PSYoungGen: 510528K->7328K(513536K)] 918963K->421718K(1037824K), 0.0239054 secs] [Times: user=0.03 sys=0.04, real=0.02 secs] 
2021-06-20T00:29:11.075+0800: 3164302.773: [GC (Allocation Failure) [PSYoungGen: 510112K->8192K(513536K)] 924502K->428034K(1037824K), 0.0207958 secs] [Times: user=0.03 sys=0.03, real=0.02 secs] 
2021-06-20T00:34:08.849+0800: 3164600.547: [GC (Allocation Failure) [PSYoungGen: 510976K->8256K(514048K)] 930818K->434892K(1038336K), 0.0232869 secs] [Times: user=0.03 sys=0.03, real=0.02 secs] 
2021-06-20T00:39:03.913+0800: 3164895.612: [GC (Allocation Failure) [PSYoungGen: 512064K->8480K(514048K)] 938700K->440999K(1038336K), 0.0263864 secs] [Times: user=0.03 sys=0.03, real=0.02 secs] 
2021-06-20T00:44:01.614+0800: 3165193.313: [GC (Allocation Failure) [PSYoungGen: 512288K->7456K(514048K)] 944807K->446633K(1038336K), 0.0239612 secs] [Times: user=0.03 sys=0.03, real=0.02 secs] 
2021-06-20T00:49:01.772+0800: 3165493.470: [GC (Allocation Failure) [PSYoungGen: 511264K->8320K(514048K)] 950441K->452684K(1038336K), 0.0208640 secs] [Times: user=0.03 sys=0.03, real=0.03 secs] 
2021-06-20T00:54:02.242+0800: 3165793.941: [GC (Allocation Failure) [PSYoungGen: 512128K->8032K(514560K)] 956492K->458744K(1038848K), 0.0225335 secs] [Times: user=0.03 sys=0.04, real=0.02 secs] 
2021-06-20T00:58:59.233+0800: 3166090.931: [GC (Allocation Failure) [PSYoungGen: 512352K->7072K(514048K)] 963064K->464346K(1038336K), 0.0607141 secs] [Times: user=0.03 sys=0.04, real=0.06 secs] 
2021-06-20T01:03:57.644+0800: 3166389.342: [GC (Allocation Failure) [PSYoungGen: 511392K->7168K(514560K)] 968666K->469751K(1038848K), 0.0222589 secs] [Times: user=0.03 sys=0.04, real=0.02 secs] 
2021-06-20T01:08:57.666+0800: 3166689.364: [GC (Allocation Failure) [PSYoungGen: 512000K->8736K(514048K)] 974583K->476523K(1038336K), 0.0226829 secs] [Times: user=0.04 sys=0.04, real=0.02 secs] 
2021-06-20T01:13:59.667+0800: 3166991.366: [GC (Allocation Failure) [PSYoungGen: 513568K->6752K(514048K)] 981355K->481197K(1038336K), 0.0237586 secs] [Times: user=0.03 sys=0.03, real=0.02 secs] 
2021-06-20T01:18:52.958+0800: 3167284.657: [GC (Allocation Failure) [PSYoungGen: 510560K->8746K(514048K)] 985005K->487804K(1038336K), 0.0213517 secs] [Times: user=0.03 sys=0.03, real=0.02 secs] 
2021-06-20T01:23:47.732+0800: 3167579.430: [GC (Allocation Failure) [PSYoungGen: 512554K->10208K(506880K)] 991612K->497288K(1031168K), 0.0284847 secs] [Times: user=0.04 sys=0.04, real=0.03 secs] 
2021-06-20T01:28:40.001+0800: 3167871.699: [GC (Allocation Failure) [PSYoungGen: 506848K->7872K(510464K)] 993928K->504408K(1034752K), 0.0240823 secs] [Times: user=0.03 sys=0.04, real=0.03 secs] 
2021-06-20T01:33:35.028+0800: 3168166.726: [GC (Allocation Failure) [PSYoungGen: 504512K->10528K(509952K)] 1001048K->512565K(1034240K), 0.0309272 secs] [Times: user=0.04 sys=0.05, real=0.03 secs] 
2021-06-20T01:38:29.480+0800: 3168461.178: [GC (Allocation Failure) [PSYoungGen: 507168K->7584K(510464K)] 1009205K->518174K(1034752K), 0.0239510 secs] [Times: user=0.03 sys=0.04, real=0.03 secs] 
2021-06-20T01:43:20.754+0800: 3168752.452: [GC (Allocation Failure) [PSYoungGen: 504224K->9376K(510976K)] 1014814K->525346K(1035264K), 0.0233939 secs] [Times: user=0.03 sys=0.04, real=0.02 secs] 
2021-06-20T01:43:20.778+0800: 3168752.476: [Full GC (Ergonomics) [PSYoungGen: 9376K->0K(510976K)] [ParOldGen: 515970K->312810K(524288K)] 525346K->312810K(1035264K), [Metaspace: 97819K->97815K(1138688K)], 0.5174292 secs] [Times: user=0.56 sys=0.54, real=0.52 secs] 
2021-06-20T01:48:20.093+0800: 3169051.791: [GC (Allocation Failure) [PSYoungGen: 497664K->9280K(510976K)] 810474K->322090K(1035264K), 0.0276847 secs] [Times: user=0.02 sys=0.03, real=0.02 secs] 
2021-06-20T01:53:15.171+0800: 3169346.870: [GC (Allocation Failure) [PSYoungGen: 506944K->7712K(511488K)] 819754K->328282K(1035776K), 0.0220335 secs] [Times: user=0.03 sys=0.03, real=0.03 secs] 
2021-06-20T01:58:10.152+0800: 3169641.850: [GC (Allocation Failure) [PSYoungGen: 506400K->8032K(511488K)] 826970K->334278K(1035776K), 0.0684032 secs] [Times: user=0.03 sys=0.04, real=0.07 secs] 
2021-06-20T02:03:00.692+0800: 3169932.390: [GC (Allocation Failure) [PSYoungGen: 506720K->8416K(512000K)] 832966K->341104K(1036288K), 0.0239461 secs] [Times: user=0.03 sys=0.04, real=0.02 secs] 
2021-06-20T02:07:56.913+0800: 3170228.611: [GC (Allocation Failure) [PSYoungGen: 507616K->7680K(511488K)] 840304K->346144K(1035776K), 0.0244172 secs] [Times: user=0.03 sys=0.04, real=0.02 secs] 
2021-06-20T02:12:50.393+0800: 3170522.091: [GC (Allocation Failure) [PSYoungGen: 506880K->9312K(512000K)] 845344K->353595K(1036288K), 0.0684658 secs] [Times: user=0.02 sys=0.03, real=0.06 secs] 
2021-06-20T02:17:45.700+0800: 3170817.399: [GC (Allocation Failure) [PSYoungGen: 509024K->8160K(512000K)] 853307K->358974K(1036288K), 0.0249170 secs] [Times: user=0.03 sys=0.03, real=0.03 secs] 
2021-06-20T02:22:43.846+0800: 3171115.544: [GC (Allocation Failure) [PSYoungGen: 507872K->8288K(512512K)] 858686K->365562K(1036800K), 0.0230853 secs] [Times: user=0.04 sys=0.03, real=0.02 secs] 
2021-06-20T02:27:47.431+0800: 3171419.129: [GC (Allocation Failure) [PSYoungGen: 509024K->8960K(512512K)] 866298K->372789K(1036800K), 0.0271349 secs] [Times: user=0.03 sys=0.04, real=0.03 secs] 
2021-06-20T02:32:43.691+0800: 3171715.389: [GC (Allocation Failure) [PSYoungGen: 509696K->9152K(513024K)] 873525K->379664K(1037312K), 0.0272508 secs] [Times: user=0.03 sys=0.04, real=0.03 secs] 
2021-06-20T02:37:41.733+0800: 3172013.432: [GC (Allocation Failure) [PSYoungGen: 510912K->9792K(512000K)] 881424K->386858K(1036288K), 0.0524812 secs] [Times: user=0.03 sys=0.03, real=0.05 secs] 
2021-06-20T02:42:38.919+0800: 3172310.617: [GC (Allocation Failure) [PSYoungGen: 511552K->7328K(512512K)] 888618K->391507K(1036800K), 0.0258165 secs] [Times: user=0.03 sys=0.04, real=0.03 secs] 
2021-06-20T02:47:42.841+0800: 3172614.540: [GC (Allocation Failure) [PSYoungGen: 508064K->7648K(512512K)] 892243K->397493K(1036800K), 0.0228909 secs] [Times: user=0.03 sys=0.03, real=0.03 secs] 
2021-06-20T02:52:38.152+0800: 3172909.850: [GC (Allocation Failure) [PSYoungGen: 508384K->7520K(513024K)] 898229K->403328K(1037312K), 0.0222816 secs] [Times: user=0.03 sys=0.03, real=0.03 secs] 
2021-06-20T02:57:35.744+0800: 3173207.442: [GC (Allocation Failure) [PSYoungGen: 509280K->7840K(513024K)] 905088K->409324K(1037312K), 0.0221383 secs] [Times: user=0.03 sys=0.04, real=0.02 secs] 
2021-06-20T03:02:28.951+0800: 3173500.649: [GC (Allocation Failure) [PSYoungGen: 509600K->8672K(513024K)] 911084K->416574K(1037312K), 0.0244613 secs] [Times: user=0.08 sys=0.00, real=0.03 secs] 
2021-06-20T03:07:24.590+0800: 3173796.288: [GC (Allocation Failure) [PSYoungGen: 510432K->7648K(513024K)] 918334K->421824K(1037312K), 0.0275077 secs] [Times: user=0.03 sys=0.03, real=0.03 secs] 
2021-06-20T03:12:22.469+0800: 3174094.167: [GC (Allocation Failure) [PSYoungGen: 509408K->7648K(513536K)] 923584K->427594K(1037824K), 0.0271650 secs] [Times: user=0.04 sys=0.03, real=0.03 secs] 
2021-06-20T03:17:15.949+0800: 3174387.647: [GC (Allocation Failure) [PSYoungGen: 510432K->8512K(513536K)] 930378K->434053K(1037824K), 0.0787375 secs] [Times: user=0.04 sys=0.05, real=0.08 secs] 
2021-06-20T03:22:15.431+0800: 3174687.129: [GC (Allocation Failure) [PSYoungGen: 511296K->10720K(512512K)] 936837K->442690K(1036800K), 0.0245938 secs] [Times: user=0.04 sys=0.04, real=0.03 secs] 
2021-06-20T03:27:13.791+0800: 3174985.489: [GC (Allocation Failure) [PSYoungGen: 512480K->8320K(513024K)] 944450K->448562K(1037312K), 0.0252726 secs] [Times: user=0.04 sys=0.04, real=0.03 secs] 
2021-06-20T03:32:10.441+0800: 3175282.139: [GC (Allocation Failure) [PSYoungGen: 510080K->7712K(513024K)] 950322K->454444K(1037312K), 0.0246935 secs] [Times: user=0.03 sys=0.04, real=0.03 secs] 
2021-06-20T03:37:05.847+0800: 3175577.546: [GC (Allocation Failure) [PSYoungGen: 509472K->8480K(513024K)] 956204K->461231K(1037312K), 0.0353684 secs] [Times: user=0.05 sys=0.05, real=0.04 secs] 
2021-06-20T03:41:58.543+0800: 3175870.241: [GC (Allocation Failure) [PSYoungGen: 510240K->9408K(513536K)] 962991K->467819K(1037824K), 0.0272488 secs] [Times: user=0.04 sys=0.03, real=0.02 secs] 
2021-06-20T03:46:58.052+0800: 3176169.750: [GC (Allocation Failure) [PSYoungGen: 512192K->8416K(513536K)] 970603K->473412K(1037824K), 0.0300297 secs] [Times: user=0.04 sys=0.05, real=0.03 secs] 
2021-06-20T03:52:01.853+0800: 3176473.552: [GC (Allocation Failure) [PSYoungGen: 511200K->7968K(513536K)] 976196K->478896K(1037824K), 0.0280520 secs] [Times: user=0.04 sys=0.05, real=0.02 secs] 
2021-06-20T03:57:01.070+0800: 3176772.769: [GC (Allocation Failure) [PSYoungGen: 510752K->6784K(513536K)] 981680K->483914K(1037824K), 0.0281300 secs] [Times: user=0.04 sys=0.04, real=0.03 secs] 
2021-06-20T04:01:51.935+0800: 3177063.634: [GC (Allocation Failure) [PSYoungGen: 509568K->9088K(513536K)] 986698K->491502K(1037824K), 0.0265331 secs] [Times: user=0.04 sys=0.04, real=0.03 secs] 
2021-06-20T04:06:48.384+0800: 3177360.082: [GC (Allocation Failure) [PSYoungGen: 511872K->9120K(513536K)] 994286K->497889K(1037824K), 0.0313507 secs] [Times: user=0.05 sys=0.05, real=0.03 secs] 
2021-06-20T04:11:46.775+0800: 3177658.473: [GC (Allocation Failure) [PSYoungGen: 511904K->9984K(512512K)] 1000673K->505172K(1036800K), 0.0375764 secs] [Times: user=0.03 sys=0.04, real=0.04 secs] 
2021-06-20T04:16:39.540+0800: 3177951.238: [GC (Allocation Failure) [PSYoungGen: 511744K->9952K(513024K)] 1006932K->512207K(1037312K), 0.0326457 secs] [Times: user=0.05 sys=0.06, real=0.04 secs] 
2021-06-20T04:21:39.025+0800: 3178250.723: [GC (Allocation Failure) [PSYoungGen: 511712K->9920K(512000K)] 1013967K->520088K(1036288K), 0.0356052 secs] [Times: user=0.04 sys=0.05, real=0.03 secs] 
2021-06-20T04:26:37.107+0800: 3178548.806: [GC (Allocation Failure) [PSYoungGen: 510652K->8224K(512512K)] 1020821K->525058K(1036800K), 0.0352225 secs] [Times: user=0.05 sys=0.04, real=0.04 secs] 
2021-06-20T04:26:37.143+0800: 3178548.841: [Full GC (Ergonomics) [PSYoungGen: 8224K->0K(512512K)] [ParOldGen: 516834K->313354K(524288K)] 525058K->313354K(1036800K), [Metaspace: 97840K->97840K(1138688K)], 0.6504411 secs] [Times: user=0.54 sys=0.53, real=0.65 secs] 
2021-06-20T04:31:32.041+0800: 3178843.740: [GC (Allocation Failure) [PSYoungGen: 500736K->8160K(513024K)] 814090K->321514K(1037312K), 0.0258820 secs] [Times: user=0.03 sys=0.04, real=0.03 secs] 
2021-06-20T04:36:32.319+0800: 3179144.017: [GC (Allocation Failure) [PSYoungGen: 509408K->6272K(512512K)] 822762K->326143K(1036800K), 0.0595176 secs] [Times: user=0.04 sys=0.05, real=0.07 secs] 
2021-06-20T04:41:29.675+0800: 3179441.373: [GC (Allocation Failure) [PSYoungGen: 507520K->8928K(513024K)] 827391K->333268K(1037312K), 0.0246128 secs] [Times: user=0.04 sys=0.04, real=0.02 secs] 
2021-06-20T04:46:25.243+0800: 3179736.941: [GC (Allocation Failure) [PSYoungGen: 510176K->7904K(512512K)] 834516K->339518K(1036800K), 0.0257829 secs] [Times: user=0.04 sys=0.04, real=0.02 secs] 
2021-06-20T04:51:18.655+0800: 3180030.353: [GC (Allocation Failure) [PSYoungGen: 509152K->9952K(512000K)] 840766K->347723K(1036288K), 0.0273913 secs] [Times: user=0.04 sys=0.04, real=0.03 secs] 
2021-06-20T04:56:17.486+0800: 3180329.184: [GC (Allocation Failure) [PSYoungGen: 510688K->9216K(512512K)] 848459K->355051K(1036800K), 0.0464673 secs] [Times: user=0.04 sys=0.04, real=0.05 secs] 
2021-06-20T05:01:12.750+0800: 3180624.448: [GC (Allocation Failure) [PSYoungGen: 509952K->10336K(512512K)] 855787K->362958K(1036800K), 0.0261345 secs] [Times: user=0.04 sys=0.04, real=0.03 secs] 
2021-06-20T05:06:10.008+0800: 3180921.706: [GC (Allocation Failure) [PSYoungGen: 511072K->8224K(512512K)] 863694K->368713K(1036800K), 0.0292194 secs] [Times: user=0.04 sys=0.05, real=0.03 secs] 
2021-06-20T05:11:00.540+0800: 3181212.238: [GC (Allocation Failure) [PSYoungGen: 508960K->11744K(505344K)] 869449K->379852K(1029632K), 0.0308489 secs] [Times: user=0.05 sys=0.05, real=0.03 secs] 
2021-06-20T05:15:56.928+0800: 3181508.626: [GC (Allocation Failure) [PSYoungGen: 505312K->7776K(508928K)] 873420K->386329K(1033216K), 0.0355841 secs] [Times: user=0.04 sys=0.05, real=0.04 secs] 
2021-06-20T05:20:52.335+0800: 3181804.034: [GC (Allocation Failure) [PSYoungGen: 501344K->9280K(509440K)] 879897K->393828K(1033728K), 0.0293890 secs] [Times: user=0.04 sys=0.04, real=0.03 secs] 
2021-06-20T05:25:38.759+0800: 3182090.457: [GC (Allocation Failure) [PSYoungGen: 503360K->9344K(508928K)] 887908K->401191K(1033216K), 0.0396268 secs] [Times: user=0.04 sys=0.06, real=0.04 secs] 
2021-06-20T05:30:31.416+0800: 3182383.115: [GC (Allocation Failure) [PSYoungGen: 503424K->7616K(509952K)] 895271K->407392K(1034240K), 0.0307713 secs] [Times: user=0.04 sys=0.04, real=0.03 secs] 
2021-06-20T05:35:26.469+0800: 3182678.167: [GC (Allocation Failure) [PSYoungGen: 503232K->8896K(509952K)] 903008K->414867K(1034240K), 0.0367753 secs] [Times: user=0.05 sys=0.06, real=0.04 secs] 
2021-06-20T05:40:19.822+0800: 3182971.521: [GC (Allocation Failure) [PSYoungGen: 504512K->9696K(510976K)] 910483K->422454K(1035264K), 0.0342949 secs] [Times: user=0.04 sys=0.04, real=0.03 secs] 
2021-06-20T05:45:14.425+0800: 3183266.124: [GC (Allocation Failure) [PSYoungGen: 506848K->9536K(510464K)] 919606K->430316K(1034752K), 0.0292078 secs] [Times: user=0.04 sys=0.04, real=0.03 secs] 
2021-06-20T05:50:11.788+0800: 3183563.486: [GC (Allocation Failure) [PSYoungGen: 506688K->7520K(510976K)] 927468K->435877K(1035264K), 0.0285054 secs] [Times: user=0.04 sys=0.04, real=0.03 secs] 
2021-06-20T05:55:05.831+0800: 3183857.529: [GC (Allocation Failure) [PSYoungGen: 505184K->9024K(510976K)] 933541K->443281K(1035264K), 0.0275712 secs] [Times: user=0.04 sys=0.04, real=0.03 secs] 
2021-06-20T05:59:57.478+0800: 3184149.176: [GC (Allocation Failure) [PSYoungGen: 506688K->9600K(511488K)] 940945K->450868K(1035776K), 0.0292563 secs] [Times: user=0.04 sys=0.05, real=0.03 secs] 
2021-06-20T06:04:52.544+0800: 3184444.242: [GC (Allocation Failure) [PSYoungGen: 508288K->7904K(511488K)] 949556K->457061K(1035776K), 0.0376635 secs] [Times: user=0.05 sys=0.04, real=0.03 secs] 
2021-06-20T06:09:50.338+0800: 3184742.036: [GC (Allocation Failure) [PSYoungGen: 506592K->8512K(512000K)] 955749K->463441K(1036288K), 0.0269248 secs] [Times: user=0.04 sys=0.05, real=0.03 secs] 
2021-06-20T06:14:42.800+0800: 3185034.499: [GC (Allocation Failure) [PSYoungGen: 508224K->9888K(512000K)] 963153K->471150K(1036288K), 0.0306592 secs] [Times: user=0.04 sys=0.04, real=0.03 secs] 
2021-06-20T06:19:37.044+0800: 3185328.742: [GC (Allocation Failure) [PSYoungGen: 509600K->8352K(512000K)] 970862K->478078K(1036288K), 0.0243633 secs] [Times: user=0.04 sys=0.04, real=0.02 secs] 
2021-06-20T06:24:28.933+0800: 3185620.631: [GC (Allocation Failure) [PSYoungGen: 508064K->8640K(512000K)] 977790K->484945K(1036288K), 0.0354419 secs] [Times: user=0.04 sys=0.05, real=0.03 secs] 
2021-06-20T06:29:22.780+0800: 3185914.478: [GC (Allocation Failure) [PSYoungGen: 508352K->9344K(512512K)] 984657K->492324K(1036800K), 0.0287230 secs] [Times: user=0.05 sys=0.05, real=0.03 secs] 
2021-06-20T06:34:15.214+0800: 3186206.913: [GC (Allocation Failure) [PSYoungGen: 510080K->7488K(512512K)] 993060K->498085K(1036800K), 0.0650856 secs] [Times: user=0.04 sys=0.05, real=0.06 secs] 
2021-06-20T06:39:14.402+0800: 3186506.100: [GC (Allocation Failure) [PSYoungGen: 508224K->7328K(512512K)] 998821K->503593K(1036800K), 0.0230434 secs] [Times: user=0.03 sys=0.03, real=0.03 secs] 
2021-06-20T06:44:07.252+0800: 3186798.950: [GC (Allocation Failure) [PSYoungGen: 508064K->9888K(512512K)] 1004329K->511526K(1036800K), 0.0467050 secs] [Times: user=0.04 sys=0.04, real=0.05 secs] 
2021-06-20T06:49:02.547+0800: 3187094.245: [GC (Allocation Failure) [PSYoungGen: 510624K->8320K(512512K)] 1012262K->517976K(1036800K), 0.0416517 secs] [Times: user=0.04 sys=0.04, real=0.04 secs] 
2021-06-20T06:53:53.349+0800: 3187385.047: [GC (Allocation Failure) [PSYoungGen: 509056K->9152K(512512K)] 1018712K->525434K(1036800K), 0.0258508 secs] [Times: user=0.04 sys=0.04, real=0.03 secs] 
2021-06-20T06:53:53.375+0800: 3187385.073: [Full GC (Ergonomics) [PSYoungGen: 9152K->0K(512512K)] [ParOldGen: 516282K->315406K(524288K)] 525434K->315406K(1036800K), [Metaspace: 97856K->97856K(1140736K)], 0.5155038 secs] [Times: user=0.65 sys=0.62, real=0.51 secs] 
2021-06-20T06:58:48.749+0800: 3187680.447: [GC (Allocation Failure) [PSYoungGen: 500736K->7680K(512512K)] 816142K->323086K(1036800K), 0.0258933 secs] [Times: user=0.04 sys=0.04, real=0.03 secs] 
2021-06-20T07:03:46.258+0800: 3187977.956: [GC (Allocation Failure) [PSYoungGen: 508416K->8512K(512512K)] 823822K->329799K(1036800K), 0.0300580 secs] [Times: user=0.05 sys=0.04, real=0.03 secs] 
2021-06-20T07:08:42.713+0800: 3188274.411: [GC (Allocation Failure) [PSYoungGen: 509248K->10144K(512000K)] 830535K->337522K(1036288K), 0.0263444 secs] [Times: user=0.04 sys=0.04, real=0.02 secs] 
2021-06-20T07:13:32.868+0800: 3188564.566: [GC (Allocation Failure) [PSYoungGen: 510880K->8864K(512512K)] 838258K->344332K(1036800K), 0.0317264 secs] [Times: user=0.04 sys=0.04, real=0.03 secs] 
2021-06-20T07:18:24.062+0800: 3188855.760: [GC (Allocation Failure) [PSYoungGen: 509600K->8650K(513024K)] 845068K->350489K(1037312K), 0.0282522 secs] [Times: user=0.04 sys=0.05, real=0.03 secs] 
2021-06-20T07:23:13.051+0800: 3189144.750: [GC (Allocation Failure) [PSYoungGen: 510410K->8928K(513024K)] 852249K->356804K(1037312K), 0.0335757 secs] [Times: user=0.05 sys=0.04, real=0.04 secs] 
2021-06-20T07:28:04.580+0800: 3189436.278: [GC (Allocation Failure) [PSYoungGen: 510688K->9120K(513536K)] 858564K->364078K(1037824K), 0.0323293 secs] [Times: user=0.04 sys=0.05, real=0.04 secs] 
2021-06-20T07:32:55.650+0800: 3189727.348: [GC (Allocation Failure) [PSYoungGen: 511392K->10720K(513024K)] 866350K->372513K(1037312K), 0.0334626 secs] [Times: user=0.05 sys=0.05, real=0.04 secs] 
2021-06-20T07:37:51.483+0800: 3190023.181: [GC (Allocation Failure) [PSYoungGen: 512992K->8992K(507904K)] 874785K->378962K(1032192K), 0.0340378 secs] [Times: user=0.05 sys=0.04, real=0.03 secs] 
2021-06-20T07:42:41.867+0800: 3190313.566: [GC (Allocation Failure) [PSYoungGen: 505632K->9088K(510464K)] 875602K->385837K(1034752K), 0.0282564 secs] [Times: user=0.04 sys=0.04, real=0.03 secs] 
2021-06-20T07:47:33.332+0800: 3190605.031: [GC (Allocation Failure) [PSYoungGen: 505728K->9248K(510976K)] 882477K->393480K(1035264K), 0.0328692 secs] [Times: user=0.04 sys=0.05, real=0.03 secs] 
2021-06-20T07:52:28.212+0800: 3190899.910: [GC (Allocation Failure) [PSYoungGen: 506912K->7200K(510976K)] 891144K->397867K(1035264K), 0.0670036 secs] [Times: user=0.04 sys=0.04, real=0.07 secs] 
2021-06-20T07:57:18.892+0800: 3191190.591: [GC (Allocation Failure) [PSYoungGen: 504864K->8896K(511488K)] 895531K->405183K(1035776K), 0.0435861 secs] [Times: user=0.04 sys=0.05, real=0.04 secs] 
2021-06-20T08:02:16.366+0800: 3191488.064: [GC (Allocation Failure) [PSYoungGen: 507072K->9568K(510976K)] 903359K->413385K(1035264K), 0.0278866 secs] [Times: user=0.04 sys=0.04, real=0.03 secs] 
2021-06-20T08:07:12.456+0800: 3191784.154: [GC (Allocation Failure) [PSYoungGen: 507744K->9984K(511488K)] 911561K->420924K(1035776K), 0.0298880 secs] [Times: user=0.04 sys=0.05, real=0.03 secs] 
2021-06-20T08:12:00.028+0800: 3192071.726: [GC (Allocation Failure) [PSYoungGen: 508672K->8640K(511488K)] 919612K->426671K(1035776K), 0.0298570 secs] [Times: user=0.04 sys=0.05, real=0.03 secs] 
2021-06-20T08:16:51.846+0800: 3192363.544: [GC (Allocation Failure) [PSYoungGen: 507328K->9632K(512000K)] 925359K->433946K(1036288K), 0.0297587 secs] [Times: user=0.04 sys=0.05, real=0.03 secs] 
2021-06-20T08:21:48.354+0800: 3192660.052: [GC (Allocation Failure) [PSYoungGen: 509344K->8352K(512000K)] 933658K->440211K(1036288K), 0.0305223 secs] [Times: user=0.05 sys=0.04, real=0.03 secs] 
2021-06-20T08:26:43.897+0800: 3192955.595: [GC (Allocation Failure) [PSYoungGen: 508064K->7360K(512000K)] 939923K->445782K(1036288K), 0.0274368 secs] [Times: user=0.04 sys=0.04, real=0.03 secs] 
2021-06-20T08:31:33.860+0800: 3193245.559: [GC (Allocation Failure) [PSYoungGen: 507072K->8928K(512000K)] 945494K->453114K(1036288K), 0.0320551 secs] [Times: user=0.04 sys=0.05, real=0.04 secs] 
2021-06-20T08:36:21.422+0800: 3193533.120: [GC (Allocation Failure) [PSYoungGen: 508640K->8000K(512512K)] 952826K->458645K(1036800K), 0.0286783 secs] [Times: user=0.04 sys=0.04, real=0.03 secs] 
2021-06-20T08:41:07.821+0800: 3193819.520: [GC (Allocation Failure) [PSYoungGen: 508736K->9184K(512512K)] 959381K->466184K(1036800K), 0.0252511 secs] [Times: user=0.07 sys=0.00, real=0.03 secs] 
2021-06-20T08:46:06.421+0800: 3194118.119: [GC (Allocation Failure) [PSYoungGen: 509920K->6976K(512512K)] 966920K->471018K(1036800K), 0.0259054 secs] [Times: user=0.03 sys=0.04, real=0.03 secs] 
2021-06-20T08:50:58.878+0800: 3194410.576: [GC (Allocation Failure) [PSYoungGen: 507712K->8320K(512512K)] 971754K->477894K(1036800K), 0.0413237 secs] [Times: user=0.04 sys=0.04, real=0.04 secs] 
2021-06-20T08:55:51.568+0800: 3194703.266: [GC (Allocation Failure) [PSYoungGen: 509056K->9312K(512512K)] 978630K->485681K(1036800K), 0.0268519 secs] [Times: user=0.04 sys=0.04, real=0.03 secs] 
2021-06-20T09:00:43.670+0800: 3194995.368: [GC (Allocation Failure) [PSYoungGen: 510048K->9984K(512512K)] 986417K->492892K(1036800K), 0.0319730 secs] [Times: user=0.04 sys=0.03, real=0.03 secs] 
2021-06-20T09:05:34.180+0800: 3195285.879: [GC (Allocation Failure) [PSYoungGen: 510720K->6528K(512512K)] 993628K->497325K(1036800K), 0.0900959 secs] [Times: user=0.03 sys=0.03, real=0.09 secs] 
2021-06-20T09:10:25.588+0800: 3195577.287: [GC (Allocation Failure) [PSYoungGen: 507264K->10336K(511488K)] 998061K->505962K(1035776K), 0.0264357 secs] [Times: user=0.04 sys=0.04, real=0.03 secs] 
2021-06-20T09:15:17.882+0800: 3195869.580: [GC (Allocation Failure) [PSYoungGen: 511072K->9024K(512512K)] 1006698K->512148K(1036800K), 0.0278596 secs] [Times: user=0.04 sys=0.04, real=0.03 secs] 
2021-06-20T09:20:09.455+0800: 3196161.154: [GC (Allocation Failure) [PSYoungGen: 509248K->7680K(512000K)] 1012372K->518509K(1036288K), 0.0390236 secs] [Times: user=0.05 sys=0.04, real=0.04 secs] 
2021-06-20T09:25:02.855+0800: 3196454.553: [GC (Allocation Failure) [PSYoungGen: 507904K->7712K(512512K)] 1018733K->524248K(1036800K), 0.0266486 secs] [Times: user=0.04 sys=0.04, real=0.02 secs] 
2021-06-20T09:25:02.882+0800: 3196454.580: [Full GC (Ergonomics) [PSYoungGen: 7712K->0K(512512K)] [ParOldGen: 516536K->312313K(524288K)] 524248K->312313K(1036800K), [Metaspace: 97873K->97873K(1140736K)], 0.4546099 secs] [Times: user=0.55 sys=0.53, real=0.46 secs] 
2021-06-20T09:29:54.682+0800: 3196746.380: [GC (Allocation Failure) [PSYoungGen: 500736K->8512K(512512K)] 813049K->320825K(1036800K), 0.0239795 secs] [Times: user=0.02 sys=0.03, real=0.03 secs] 
2021-06-20T09:34:49.732+0800: 3197041.431: [GC (Allocation Failure) [PSYoungGen: 509248K->8512K(513024K)] 821561K->327457K(1037312K), 0.0273655 secs] [Times: user=0.03 sys=0.03, real=0.02 secs] 
2021-06-20T09:39:44.680+0800: 3197336.378: [GC (Allocation Failure) [PSYoungGen: 510272K->7936K(513024K)] 829217K->333020K(1037312K), 0.0242739 secs] [Times: user=0.03 sys=0.04, real=0.03 secs] 
2021-06-20T09:44:34.497+0800: 3197626.196: [GC (Allocation Failure) [PSYoungGen: 509696K->7840K(513024K)] 834780K->339102K(1037312K), 0.0337481 secs] [Times: user=0.03 sys=0.04, real=0.03 secs] 
2021-06-20T09:49:29.863+0800: 3197921.561: [GC (Allocation Failure) [PSYoungGen: 509600K->8288K(513024K)] 840862K->345233K(1037312K), 0.0246975 secs] [Times: user=0.04 sys=0.03, real=0.02 secs] 
2021-06-20T09:54:23.070+0800: 3198214.768: [GC (Allocation Failure) [PSYoungGen: 510048K->7648K(513536K)] 846993K->351252K(1037824K), 0.0240745 secs] [Times: user=0.04 sys=0.03, real=0.03 secs] 
2021-06-20T09:59:10.077+0800: 3198501.775: [GC (Allocation Failure) [PSYoungGen: 510432K->9184K(513536K)] 854036K->358647K(1037824K), 0.0298462 secs] [Times: user=0.04 sys=0.04, real=0.03 secs] 
2021-06-20T10:04:07.835+0800: 3198799.533: [GC (Allocation Failure) [PSYoungGen: 511968K->7520K(513536K)] 861431K->364113K(1037824K), 0.0238341 secs] [Times: user=0.04 sys=0.03, real=0.02 secs] 
2021-06-20T10:09:06.879+0800: 3199098.578: [GC (Allocation Failure) [PSYoungGen: 510304K->7200K(513536K)] 866897K->370195K(1037824K), 0.0280424 secs] [Times: user=0.04 sys=0.04, real=0.03 secs] 
2021-06-20T10:14:00.177+0800: 3199391.875: [GC (Allocation Failure) [PSYoungGen: 509984K->7648K(513536K)] 872979K->375464K(1037824K), 0.0364224 secs] [Times: user=0.03 sys=0.04, real=0.04 secs] 
2021-06-20T10:18:55.451+0800: 3199687.149: [GC (Allocation Failure) [PSYoungGen: 510432K->8320K(513536K)] 878248K->382289K(1037824K), 0.0243337 secs] [Times: user=0.04 sys=0.04, real=0.03 secs] 
2021-06-20T10:23:50.230+0800: 3199981.928: [GC (Allocation Failure) [PSYoungGen: 511104K->8448K(514048K)] 885073K->388773K(1038336K), 0.0481727 secs] [Times: user=0.03 sys=0.03, real=0.05 secs] 
2021-06-20T10:28:41.795+0800: 3200273.493: [GC (Allocation Failure) [PSYoungGen: 512256K->7232K(514048K)] 892581K->394230K(1038336K), 0.0311817 secs] [Times: user=0.04 sys=0.04, real=0.03 secs] 
2021-06-20T10:33:39.318+0800: 3200571.016: [GC (Allocation Failure) [PSYoungGen: 511040K->7616K(514048K)] 898038K->400193K(1038336K), 0.0277387 secs] [Times: user=0.04 sys=0.04, real=0.03 secs] 
2021-06-20T10:38:30.908+0800: 3200862.606: [GC (Allocation Failure) [PSYoungGen: 511424K->9216K(514048K)] 904001K->407757K(1038336K), 0.0297480 secs] [Times: user=0.05 sys=0.04, real=0.03 secs] 
2021-06-20T10:43:23.645+0800: 3201155.343: [GC (Allocation Failure) [PSYoungGen: 513024K->7520K(514048K)] 911565K->413544K(1038336K), 0.0277034 secs] [Times: user=0.04 sys=0.04, real=0.03 secs] 
2021-06-20T10:48:15.582+0800: 3201447.280: [GC (Allocation Failure) [PSYoungGen: 511328K->9536K(513536K)] 917352K->420174K(1037824K), 0.0241205 secs] [Times: user=0.04 sys=0.03, real=0.03 secs] 
2021-06-20T10:53:14.199+0800: 3201745.897: [GC (Allocation Failure) [PSYoungGen: 513344K->8128K(513536K)] 923982K->426686K(1037824K), 0.0216802 secs] [Times: user=0.03 sys=0.04, real=0.02 secs] 
2021-06-20T10:58:09.201+0800: 3202040.899: [GC (Allocation Failure) [PSYoungGen: 510912K->7680K(513536K)] 929470K->432904K(1037824K), 0.0218412 secs] [Times: user=0.03 sys=0.03, real=0.03 secs] 
2021-06-20T11:03:02.359+0800: 3202334.057: [GC (Allocation Failure) [PSYoungGen: 510464K->6592K(514048K)] 935688K->437413K(1038336K), 0.0282414 secs] [Times: user=0.04 sys=0.04, real=0.03 secs] 
2021-06-20T11:07:59.044+0800: 3202630.742: [GC (Allocation Failure) [PSYoungGen: 510400K->9472K(513536K)] 941221K->445281K(1037824K), 0.0403040 secs] [Times: user=0.06 sys=0.05, real=0.04 secs] 
2021-06-20T11:12:54.250+0800: 3202925.948: [GC (Allocation Failure) [PSYoungGen: 513280K->7456K(513536K)] 949089K->450052K(1037824K), 0.0307737 secs] [Times: user=0.04 sys=0.05, real=0.03 secs] 
2021-06-20T11:17:48.300+0800: 3203219.999: [GC (Allocation Failure) [PSYoungGen: 510240K->10720K(513536K)] 952836K->459207K(1037824K), 0.0298650 secs] [Times: user=0.05 sys=0.04, real=0.03 secs] 
2021-06-20T11:22:44.387+0800: 3203516.085: [GC (Allocation Failure) [PSYoungGen: 513503K->7584K(512512K)] 961991K->465047K(1036800K), 0.0293668 secs] [Times: user=0.04 sys=0.04, real=0.03 secs] 
2021-06-20T11:27:35.832+0800: 3203807.530: [GC (Allocation Failure) [PSYoungGen: 509344K->6240K(513024K)] 966807K->469897K(1037312K), 0.0281468 secs] [Times: user=0.03 sys=0.04, real=0.02 secs] 
2021-06-20T11:32:26.321+0800: 3204098.019: [GC (Allocation Failure) [PSYoungGen: 508000K->6976K(513024K)] 971657K->475189K(1037312K), 0.0259255 secs] [Times: user=0.04 sys=0.04, real=0.03 secs] 
2021-06-20T11:37:17.909+0800: 3204389.607: [GC (Allocation Failure) [PSYoungGen: 508736K->9504K(513024K)] 976949K->482738K(1037312K), 0.0258593 secs] [Times: user=0.04 sys=0.04, real=0.03 secs] 
2021-06-20T11:42:11.897+0800: 3204683.595: [GC (Allocation Failure) [PSYoungGen: 511264K->8960K(513024K)] 984498K->489221K(1037312K), 0.0464084 secs] [Times: user=0.04 sys=0.05, real=0.05 secs] 
2021-06-20T11:47:11.171+0800: 3204982.869: [GC (Allocation Failure) [PSYoungGen: 510720K->7200K(513024K)] 990981K->494264K(1037312K), 0.0373955 secs] [Times: user=0.05 sys=0.05, real=0.04 secs] 
2021-06-20T11:52:06.443+0800: 3205278.141: [GC (Allocation Failure) [PSYoungGen: 508960K->8608K(513024K)] 996024K->501612K(1037312K), 0.0341546 secs] [Times: user=0.03 sys=0.04, real=0.03 secs] 
2021-06-20T11:56:58.394+0800: 3205570.092: [GC (Allocation Failure) [PSYoungGen: 510368K->9664K(511488K)] 1003372K->509542K(1035776K), 0.0364512 secs] [Times: user=0.04 sys=0.05, real=0.03 secs] 
2021-06-20T12:01:52.944+0800: 3205864.642: [GC (Allocation Failure) [PSYoungGen: 511424K->9056K(513024K)] 1011302K->516168K(1037312K), 0.0398532 secs] [Times: user=0.06 sys=0.05, real=0.04 secs] 
2021-06-20T12:06:47.827+0800: 3206159.526: [GC (Allocation Failure) [PSYoungGen: 510304K->9728K(512512K)] 1017416K->524018K(1036800K), 0.0314740 secs] [Times: user=0.04 sys=0.04, real=0.03 secs] 
2021-06-20T12:11:41.682+0800: 3206453.380: [GC (Allocation Failure) [PSYoungGen: 510976K->9152K(512512K)] 1025266K->530237K(1036800K), 0.0271929 secs] [Times: user=0.04 sys=0.04, real=0.02 secs] 
2021-06-20T12:11:41.710+0800: 3206453.408: [Full GC (Ergonomics) [PSYoungGen: 9152K->0K(512512K)] [ParOldGen: 521085K->316076K(524288K)] 530237K->316076K(1036800K), [Metaspace: 97881K->97881K(1140736K)], 0.6081799 secs] [Times: user=1.37 sys=0.00, real=0.61 secs] 
2021-06-20T12:16:35.002+0800: 3206746.700: [GC (Allocation Failure) [PSYoungGen: 500736K->9152K(512512K)] 816812K->325228K(1036800K), 0.0192121 secs] [Times: user=0.03 sys=0.03, real=0.01 secs] 
2021-06-20T12:21:25.075+0800: 3207036.773: [GC (Allocation Failure) [PSYoungGen: 509888K->8224K(513024K)] 825964K->331805K(1037312K), 0.0284767 secs] [Times: user=0.04 sys=0.04, real=0.03 secs] 
2021-06-20T12:26:20.432+0800: 3207332.130: [GC (Allocation Failure) [PSYoungGen: 509472K->7776K(512512K)] 833053K->338136K(1036800K), 0.0273858 secs] [Times: user=0.03 sys=0.03, real=0.03 secs] 
2021-06-20T12:31:10.759+0800: 3207622.457: [GC (Allocation Failure) [PSYoungGen: 509024K->8960K(513024K)] 839384K->345044K(1037312K), 0.0279261 secs] [Times: user=0.03 sys=0.04, real=0.03 secs] 
2021-06-20T12:36:08.085+0800: 3207919.783: [GC (Allocation Failure) [PSYoungGen: 510720K->7104K(513024K)] 846804K->350398K(1037312K), 0.0215339 secs] [Times: user=0.03 sys=0.03, real=0.02 secs] 
2021-06-20T12:41:06.237+0800: 3208217.935: [GC (Allocation Failure) [PSYoungGen: 508864K->7968K(513024K)] 852158K->356906K(1037312K), 0.0274428 secs] [Times: user=0.03 sys=0.04, real=0.03 secs] 
2021-06-20T12:45:58.692+0800: 3208510.390: [GC (Allocation Failure) [PSYoungGen: 509728K->9152K(513024K)] 858666K->364446K(1037312K), 0.0335777 secs] [Times: user=0.03 sys=0.04, real=0.04 secs] 
2021-06-20T12:50:52.002+0800: 3208803.701: [GC (Allocation Failure) [PSYoungGen: 510912K->8320K(513536K)] 866206K->371440K(1037824K), 0.0242540 secs] [Times: user=0.04 sys=0.03, real=0.02 secs] 
2021-06-20T12:55:49.457+0800: 3209101.156: [GC (Allocation Failure) [PSYoungGen: 510592K->7296K(513024K)] 873712K->377313K(1037312K), 0.0243315 secs] [Times: user=0.03 sys=0.04, real=0.02 secs] 
2021-06-20T13:00:42.479+0800: 3209394.178: [GC (Allocation Failure) [PSYoungGen: 509568K->8032K(513536K)] 879585K->384117K(1037824K), 0.0227225 secs] [Times: user=0.04 sys=0.04, real=0.03 secs] 
2021-06-20T13:05:39.953+0800: 3209691.651: [GC (Allocation Failure) [PSYoungGen: 510816K->9632K(513536K)] 886901K->391402K(1037824K), 0.0253782 secs] [Times: user=0.04 sys=0.04, real=0.02 secs] 
2021-06-20T13:10:37.169+0800: 3209988.867: [GC (Allocation Failure) [PSYoungGen: 512416K->8384K(513536K)] 894186K->397451K(1037824K), 0.0227432 secs] [Times: user=0.03 sys=0.04, real=0.02 secs] 
2021-06-20T13:15:40.268+0800: 3210291.967: [GC (Allocation Failure) [PSYoungGen: 511168K->7456K(513536K)] 900235K->402543K(1037824K), 0.0221021 secs] [Times: user=0.03 sys=0.03, real=0.02 secs] 
2021-06-20T13:20:24.909+0800: 3210576.607: [GC (Allocation Failure) [PSYoungGen: 510240K->8106K(513536K)] 905327K->408966K(1037824K), 0.0245452 secs] [Times: user=0.03 sys=0.04, real=0.03 secs] 
2021-06-20T13:25:19.707+0800: 3210871.405: [GC (Allocation Failure) [PSYoungGen: 510890K->8992K(513536K)] 911750K->416625K(1037824K), 0.0242988 secs] [Times: user=0.03 sys=0.04, real=0.02 secs] 
2021-06-20T13:30:08.944+0800: 3211160.642: [GC (Allocation Failure) [PSYoungGen: 511776K->7840K(514048K)] 919409K->422715K(1038336K), 0.0260763 secs] [Times: user=0.03 sys=0.04, real=0.02 secs] 
2021-06-20T13:35:07.327+0800: 3211459.025: [GC (Allocation Failure) [PSYoungGen: 511136K->8000K(513536K)] 926011K->428909K(1037824K), 0.0234367 secs] [Times: user=0.03 sys=0.04, real=0.02 secs] 
2021-06-20T13:40:03.633+0800: 3211755.331: [GC (Allocation Failure) [PSYoungGen: 511296K->8160K(514048K)] 932205K->435015K(1038336K), 0.0246518 secs] [Times: user=0.03 sys=0.03, real=0.02 secs] 
2021-06-20T13:45:00.272+0800: 3212051.971: [GC (Allocation Failure) [PSYoungGen: 511968K->8512K(514048K)] 938823K->441754K(1038336K), 0.0216439 secs] [Times: user=0.03 sys=0.03, real=0.02 secs] 
2021-06-20T13:49:53.213+0800: 3212344.911: [GC (Allocation Failure) [PSYoungGen: 512320K->7872K(514048K)] 945562K->447661K(1038336K), 0.0215356 secs] [Times: user=0.04 sys=0.03, real=0.02 secs] 
2021-06-20T13:54:51.987+0800: 3212643.685: [GC (Allocation Failure) [PSYoungGen: 511680K->6624K(514048K)] 951469K->452328K(1038336K), 0.0209712 secs] [Times: user=0.04 sys=0.04, real=0.02 secs] 
2021-06-20T13:59:49.426+0800: 3212941.125: [GC (Allocation Failure) [PSYoungGen: 510432K->7040K(514048K)] 956136K->457939K(1038336K), 0.0225310 secs] [Times: user=0.03 sys=0.03, real=0.02 secs] 
2021-06-20T14:04:47.938+0800: 3213239.636: [GC (Allocation Failure) [PSYoungGen: 510848K->8672K(514048K)] 961747K->465111K(1038336K), 0.0255535 secs] [Times: user=0.03 sys=0.04, real=0.03 secs] 
2021-06-20T14:09:47.425+0800: 3213539.124: [GC (Allocation Failure) [PSYoungGen: 512480K->6400K(514048K)] 968919K->469888K(1038336K), 0.0242615 secs] [Times: user=0.04 sys=0.03, real=0.02 secs] 
2021-06-20T14:14:48.480+0800: 3213840.178: [GC (Allocation Failure) [PSYoungGen: 510208K->7264K(514048K)] 973696K->475269K(1038336K), 0.0195851 secs] [Times: user=0.03 sys=0.03, real=0.02 secs] 
2021-06-20T14:19:48.105+0800: 3214139.803: [GC (Allocation Failure) [PSYoungGen: 511072K->7392K(514048K)] 979077K->481479K(1038336K), 0.0220847 secs] [Times: user=0.04 sys=0.03, real=0.02 secs] 
2021-06-20T14:24:39.511+0800: 3214431.210: [GC (Allocation Failure) [PSYoungGen: 511200K->8256K(514048K)] 985287K->488066K(1038336K), 0.0296985 secs] [Times: user=0.03 sys=0.04, real=0.03 secs] 
2021-06-20T14:29:31.530+0800: 3214723.228: [GC (Allocation Failure) [PSYoungGen: 512064K->6816K(514048K)] 991874K->493147K(1038336K), 0.0235972 secs] [Times: user=0.03 sys=0.04, real=0.03 secs] 
2021-06-20T14:34:24.371+0800: 3215016.069: [GC (Allocation Failure) [PSYoungGen: 510624K->9888K(514048K)] 996955K->501200K(1038336K), 0.0282123 secs] [Times: user=0.03 sys=0.04, real=0.03 secs] 
2021-06-20T14:39:20.934+0800: 3215312.632: [GC (Allocation Failure) [PSYoungGen: 513696K->7104K(513024K)] 1005008K->506002K(1037312K), 0.0235008 secs] [Times: user=0.03 sys=0.03, real=0.02 secs] 
2021-06-20T14:44:15.403+0800: 3215607.101: [GC (Allocation Failure) [PSYoungGen: 509888K->7104K(513536K)] 1008786K->511492K(1037824K), 0.0225202 secs] [Times: user=0.03 sys=0.04, real=0.02 secs] 
2021-06-20T14:49:12.624+0800: 3215904.322: [GC (Allocation Failure) [PSYoungGen: 509888K->7040K(514048K)] 1014276K->517118K(1038336K), 0.0224880 secs] [Times: user=0.03 sys=0.04, real=0.02 secs] 
2021-06-20T14:54:04.597+0800: 3216196.295: [GC (Allocation Failure) [PSYoungGen: 510848K->7840K(514048K)] 1020926K->523362K(1038336K), 0.0223764 secs] [Times: user=0.03 sys=0.04, real=0.02 secs] 
2021-06-20T14:59:02.212+0800: 3216493.911: [GC (Allocation Failure) [PSYoungGen: 511648K->7904K(514560K)] 1027170K->529580K(1038848K), 0.0274318 secs] [Times: user=0.04 sys=0.04, real=0.02 secs] 
2021-06-20T14:59:02.241+0800: 3216493.939: [Full GC (Ergonomics) [PSYoungGen: 7904K->0K(514560K)] [ParOldGen: 521676K->313017K(524288K)] 529580K->313017K(1038848K), [Metaspace: 97884K->97884K(1140736K)], 0.4255161 secs] [Times: user=0.98 sys=0.00, real=0.43 secs] 
2021-06-20T15:03:59.733+0800: 3216791.431: [GC (Allocation Failure) [PSYoungGen: 504320K->8704K(514048K)] 817337K->321721K(1038336K), 0.0199280 secs] [Times: user=0.03 sys=0.04, real=0.02 secs] 
2021-06-20T15:08:55.829+0800: 3217087.527: [GC (Allocation Failure) [PSYoungGen: 513024K->8032K(514048K)] 826041K->328459K(1038336K), 0.0218412 secs] [Times: user=0.03 sys=0.03, real=0.02 secs] 
2021-06-20T15:13:49.916+0800: 3217381.614: [GC (Allocation Failure) [PSYoungGen: 511840K->7296K(514048K)] 832267K->333311K(1038336K), 0.0215315 secs] [Times: user=0.03 sys=0.03, real=0.02 secs] 
2021-06-20T15:18:48.557+0800: 3217680.255: [GC (Allocation Failure) [PSYoungGen: 511104K->8704K(513536K)] 837119K->339643K(1037824K), 0.0214574 secs] [Times: user=0.04 sys=0.03, real=0.02 secs] 
2021-06-20T15:23:43.617+0800: 3217975.315: [GC (Allocation Failure) [PSYoungGen: 512512K->10176K(514048K)] 843451K->347655K(1038336K), 0.0245279 secs] [Times: user=0.03 sys=0.04, real=0.02 secs] 
2021-06-20T15:28:40.044+0800: 3218271.742: [GC (Allocation Failure) [PSYoungGen: 513984K->6720K(513024K)] 851463K->352750K(1037312K), 0.0276778 secs] [Times: user=0.04 sys=0.04, real=0.02 secs] 
2021-06-20T15:33:37.480+0800: 3218569.178: [GC (Allocation Failure) [PSYoungGen: 509504K->8384K(513536K)] 855534K->359522K(1037824K), 0.0248453 secs] [Times: user=0.04 sys=0.04, real=0.03 secs] 
2021-06-20T15:38:35.145+0800: 3218866.843: [GC (Allocation Failure) [PSYoungGen: 511168K->7424K(514048K)] 862306K->365053K(1038336K), 0.0218284 secs] [Times: user=0.03 sys=0.03, real=0.02 secs] 
2021-06-20T15:43:31.642+0800: 3219163.340: [GC (Allocation Failure) [PSYoungGen: 510720K->9536K(513536K)] 868349K->373033K(1037824K), 0.0229124 secs] [Times: user=0.04 sys=0.04, real=0.03 secs] 
2021-06-20T15:48:26.234+0800: 3219457.932: [GC (Allocation Failure) [PSYoungGen: 512832K->10720K(506368K)] 876329K->381822K(1030656K), 0.0239931 secs] [Times: user=0.03 sys=0.04, real=0.02 secs] 
2021-06-20T15:53:22.245+0800: 3219753.943: [GC (Allocation Failure) [PSYoungGen: 506336K->5792K(509952K)] 877438K->385949K(1034240K), 0.0283944 secs] [Times: user=0.07 sys=0.00, real=0.03 secs] 
2021-06-20T15:58:12.593+0800: 3220044.291: [GC (Allocation Failure) [PSYoungGen: 501408K->8384K(510464K)] 881565K->393025K(1034752K), 0.0220548 secs] [Times: user=0.03 sys=0.04, real=0.02 secs] 
2021-06-20T16:02:59.156+0800: 3220330.855: [GC (Allocation Failure) [PSYoungGen: 504512K->8320K(509952K)] 889153K->399835K(1034240K), 0.0279224 secs] [Times: user=0.04 sys=0.04, real=0.03 secs] 
2021-06-20T16:07:49.213+0800: 3220620.911: [GC (Allocation Failure) [PSYoungGen: 504448K->8928K(510976K)] 895963K->407085K(1035264K), 0.0233742 secs] [Times: user=0.04 sys=0.04, real=0.02 secs] 
2021-06-20T16:12:41.874+0800: 3220913.573: [GC (Allocation Failure) [PSYoungGen: 506592K->7584K(510976K)] 904749K->412063K(1035264K), 0.0252054 secs] [Times: user=0.04 sys=0.05, real=0.02 secs] 
2021-06-20T16:17:32.764+0800: 3221204.462: [GC (Allocation Failure) [PSYoungGen: 505248K->6048K(511488K)] 909727K->416442K(1035776K), 0.0211294 secs] [Times: user=0.04 sys=0.03, real=0.02 secs] 
2021-06-20T16:22:26.760+0800: 3221498.458: [GC (Allocation Failure) [PSYoungGen: 504736K->7104K(511488K)] 915130K->421703K(1035776K), 0.0210884 secs] [Times: user=0.04 sys=0.04, real=0.02 secs] 
2021-06-20T16:27:14.782+0800: 3221786.480: [GC (Allocation Failure) [PSYoungGen: 505792K->9472K(511488K)] 920391K->429195K(1035776K), 0.0261205 secs] [Times: user=0.04 sys=0.03, real=0.03 secs] 
2021-06-20T16:32:06.577+0800: 3222078.275: [GC (Allocation Failure) [PSYoungGen: 508160K->7680K(511488K)] 927883K->434876K(1035776K), 0.0278345 secs] [Times: user=0.04 sys=0.04, real=0.03 secs] 
2021-06-20T16:36:52.560+0800: 3222364.258: [GC (Allocation Failure) [PSYoungGen: 506368K->7712K(512000K)] 933564K->440936K(1036288K), 0.0238915 secs] [Times: user=0.04 sys=0.03, real=0.03 secs] 
2021-06-20T16:41:44.365+0800: 3222656.064: [GC (Allocation Failure) [PSYoungGen: 507424K->7008K(512000K)] 940648K->446338K(1036288K), 0.0492833 secs] [Times: user=0.03 sys=0.03, real=0.05 secs] 
2021-06-20T16:46:37.674+0800: 3222949.373: [GC (Allocation Failure) [PSYoungGen: 506720K->6656K(512512K)] 946050K->451669K(1036800K), 0.0216138 secs] [Times: user=0.04 sys=0.04, real=0.02 secs] 
2021-06-20T16:51:29.589+0800: 3223241.287: [GC (Allocation Failure) [PSYoungGen: 507392K->8448K(512512K)] 952405K->458745K(1036800K), 0.0242602 secs] [Times: user=0.04 sys=0.04, real=0.03 secs] 
2021-06-20T16:56:21.808+0800: 3223533.506: [GC (Allocation Failure) [PSYoungGen: 509184K->7424K(513024K)] 959481K->464051K(1037312K), 0.0253247 secs] [Times: user=0.03 sys=0.04, real=0.03 secs] 
2021-06-20T17:01:08.208+0800: 3223819.906: [GC (Allocation Failure) [PSYoungGen: 508672K->8704K(512512K)] 965299K->470255K(1036800K), 0.0249098 secs] [Times: user=0.04 sys=0.03, real=0.03 secs] 
2021-06-20T17:06:03.590+0800: 3224115.288: [GC (Allocation Failure) [PSYoungGen: 509952K->9920K(512000K)] 971503K->477844K(1036288K), 0.0228189 secs] [Times: user=0.02 sys=0.03, real=0.03 secs] 
2021-06-20T17:10:54.854+0800: 3224406.552: [GC (Allocation Failure) [PSYoungGen: 510656K->9888K(510976K)] 978580K->486229K(1035264K), 0.0247733 secs] [Times: user=0.03 sys=0.04, real=0.02 secs] 
2021-06-20T17:15:49.636+0800: 3224701.334: [GC (Allocation Failure) [PSYoungGen: 510624K->8160K(512512K)] 986965K->491671K(1036800K), 0.0270751 secs] [Times: user=0.03 sys=0.03, real=0.03 secs] 
2021-06-20T17:20:41.257+0800: 3224992.955: [GC (Allocation Failure) [PSYoungGen: 508384K->8480K(512000K)] 991895K->498105K(1036288K), 0.0219690 secs] [Times: user=0.03 sys=0.04, real=0.02 secs] 
2021-06-20T17:25:29.770+0800: 3225281.468: [GC (Allocation Failure) [PSYoungGen: 508704K->10112K(512000K)] 998329K->506269K(1036288K), 0.0489896 secs] [Times: user=0.03 sys=0.03, real=0.05 secs] 
2021-06-20T17:30:16.322+0800: 3225568.021: [GC (Allocation Failure) [PSYoungGen: 510848K->6560K(512512K)] 1007005K->510134K(1036800K), 0.0234786 secs] [Times: user=0.03 sys=0.03, real=0.02 secs] 
2021-06-20T17:35:10.174+0800: 3225861.872: [GC (Allocation Failure) [PSYoungGen: 507296K->7808K(512512K)] 1010870K->515259K(1036800K), 0.0215154 secs] [Times: user=0.03 sys=0.03, real=0.02 secs] 
2021-06-20T17:39:59.820+0800: 3226151.518: [GC (Allocation Failure) [PSYoungGen: 508544K->8000K(512512K)] 1015995K->521821K(1036800K), 0.0243562 secs] [Times: user=0.04 sys=0.04, real=0.03 secs] 
2021-06-20T17:44:47.754+0800: 3226439.452: [GC (Allocation Failure) [PSYoungGen: 508736K->8096K(513024K)] 1022557K->528799K(1037312K), 0.0376962 secs] [Times: user=0.04 sys=0.04, real=0.03 secs] 
2021-06-20T17:44:47.792+0800: 3226439.490: [Full GC (Ergonomics) [PSYoungGen: 8096K->0K(513024K)] [ParOldGen: 520703K->315013K(524288K)] 528799K->315013K(1037312K), [Metaspace: 97887K->97887K(1140736K)], 0.4361742 secs] [Times: user=0.51 sys=0.49, real=0.44 secs] 
2021-06-20T17:49:43.191+0800: 3226734.889: [GC (Allocation Failure) [PSYoungGen: 501760K->6464K(513024K)] 816773K->321477K(1037312K), 0.0201236 secs] [Times: user=0.02 sys=0.03, real=0.02 secs] 
2021-06-20T17:54:34.974+0800: 3227026.672: [GC (Allocation Failure) [PSYoungGen: 508224K->8512K(513024K)] 823237K->328114K(1037312K), 0.0260230 secs] [Times: user=0.03 sys=0.03, real=0.02 secs] 
2021-06-20T17:59:27.324+0800: 3227319.022: [GC (Allocation Failure) [PSYoungGen: 510272K->8480K(513024K)] 829874K->333725K(1037312K), 0.0234289 secs] [Times: user=0.03 sys=0.04, real=0.02 secs] 
2021-06-20T18:04:20.350+0800: 3227612.049: [GC (Allocation Failure) [PSYoungGen: 510240K->6944K(513536K)] 835485K->338209K(1037824K), 0.0235091 secs] [Times: user=0.04 sys=0.04, real=0.03 secs] 
2021-06-20T18:09:12.273+0800: 3227903.971: [GC (Allocation Failure) [PSYoungGen: 509728K->8896K(513536K)] 840993K->345509K(1037824K), 0.0258175 secs] [Times: user=0.03 sys=0.04, real=0.02 secs] 
2021-06-20T18:14:07.760+0800: 3228199.458: [GC (Allocation Failure) [PSYoungGen: 511680K->8576K(513536K)] 848293K->351416K(1037824K), 0.0216302 secs] [Times: user=0.03 sys=0.03, real=0.02 secs] 
2021-06-20T18:19:02.815+0800: 3228494.513: [GC (Allocation Failure) [PSYoungGen: 511360K->8736K(513536K)] 854200K->357939K(1037824K), 0.0218208 secs] [Times: user=0.03 sys=0.03, real=0.02 secs] 
2021-06-20T18:23:57.013+0800: 3228788.711: [GC (Allocation Failure) [PSYoungGen: 511520K->7776K(513536K)] 860723K->364300K(1037824K), 0.0269005 secs] [Times: user=0.03 sys=0.04, real=0.02 secs] 
2021-06-20T18:28:52.468+0800: 3229084.167: [GC (Allocation Failure) [PSYoungGen: 510560K->9504K(513536K)] 867084K->371448K(1037824K), 0.0245703 secs] [Times: user=0.03 sys=0.03, real=0.03 secs] 
2021-06-20T18:33:47.297+0800: 3229378.995: [GC (Allocation Failure) [PSYoungGen: 512288K->7264K(513536K)] 874232K->376473K(1037824K), 0.0258442 secs] [Times: user=0.03 sys=0.03, real=0.03 secs] 
2021-06-20T18:38:47.051+0800: 3229678.749: [GC (Allocation Failure) [PSYoungGen: 510048K->9408K(512512K)] 879257K->384180K(1036800K), 0.0304434 secs] [Times: user=0.03 sys=0.04, real=0.03 secs] 
2021-06-20T18:43:44.952+0800: 3229976.650: [GC (Allocation Failure) [PSYoungGen: 512192K->7232K(513024K)] 886964K->389342K(1037312K), 0.0266532 secs] [Times: user=0.03 sys=0.03, real=0.03 secs] 
